13a371
Correction terms
[    -1/2 -271/374  225/374 -195/374  -35/374  -43/374 -219/374 -563/374 -327/374 -259/374 -359/374    11/34 -315/374 -171/374 -195/374]
[ 361/374    1/374    13/22  273/374  157/374 -127/374  169/374    27/34  257/374   49/374  421/374 -123/374  -87/374 -219/374  229/374]
[-239/374 -127/374 -183/374   -37/34    -3/22  137/374  157/374    9/374  441/374  -43/374   53/374  -19/374  489/374   81/374    23/34]
[ 257/374   93/374 -239/374    9/374   89/374    1/374   -15/22   69/374 -523/374 -535/374     3/34 -315/374  -83/374  -19/374 -123/374]
[-395/374  -87/374   53/374   25/374 -171/374  213/374   -29/34 -271/374   -23/22   69/374 -387/374 -263/374 -307/374 -519/374 -151/374]
[  49/374   81/374    -5/34  389/374  -83/374   25/374  -35/374  485/374   89/374  273/374    17/22  137/374 -183/374     7/34  169/374]
[  93/374 -151/374  185/374 -395/374 -395/374  185/374 -151/374   93/374  169/374     7/34 -183/374  137/374    17/22  273/374   89/374]
[ 485/374  -35/374   25/374  -83/374  389/374    -5/34   81/374   49/374 -151/374 -519/374 -307/374 -263/374 -387/374   69/374   -23/22]
[-271/374   -29/34  213/374 -171/374   25/374   53/374  -87/374 -395/374 -123/374  -19/374  -83/374 -315/374     3/34 -535/374 -523/374]
[  69/374   -15/22    1/374   89/374    9/374 -239/374   93/374  257/374    23/34   81/374  489/374  -19/374   53/374  -43/374  441/374]
[   9/374  157/374  137/374    -3/22   -37/34 -183/374 -127/374 -239/374  229/374 -219/374  -87/374 -123/374  421/374   49/374  257/374]
[   27/34  169/374 -127/374  157/374  273/374    13/22    1/374  361/374 -195/374 -171/374 -315/374    11/34 -359/374 -259/374 -327/374]
[-563/374 -219/374  -43/374  -35/374 -195/374  225/374 -271/374        0        0        0        0        0        0        0        0]
Testing obstruction for
m1: 1, m2: 94,a: 0
[    -1/2 -183/374 -171/374 -151/374 -123/374  -87/374  -43/374    9/374   69/374  137/374  213/374    27/34  389/374  489/374  597/374]
[ 713/374  837/374    57/22 1109/374 1257/374 1413/374 1577/374   159/34 1929/374 2117/374 2313/374 2517/374 2729/374 2949/374 3177/374]
[3413/374 3657/374 3909/374   379/34   261/22 4713/374 4997/374 5289/374 5589/374 5897/374 6213/374 6537/374 6869/374 7209/374   687/34]
[7913/374 8277/374 8649/374 8281/374 7921/374 7569/374   425/22 6889/374 6561/374 6241/374   539/34 5625/374 5329/374 5041/374 4761/374]
[4489/374 4225/374 3969/374 3721/374 3481/374 3249/374   275/34 2809/374   153/22 2401/374 2209/374 2025/374 1849/374 1681/374 1521/374]
[1369/374 1225/374    99/34  961/374  841/374  729/374  625/374  529/374  441/374  361/374    17/22  225/374  169/374    11/34   81/374]
[  49/374   25/374    9/374    1/374    1/374    9/374   25/374   49/374   81/374    11/34  169/374  225/374    17/22  361/374  441/374]
[ 529/374  625/374  729/374  841/374  961/374    99/34 1225/374 1369/374 1521/374 1681/374 1849/374 2025/374 2209/374 2401/374   153/22]
[2809/374   275/34 3249/374 3481/374 3721/374 3969/374 4225/374 4489/374 4761/374 5041/374 5329/374 5625/374   539/34 6241/374 6561/374]
[6889/374   425/22 7569/374 7921/374 8281/374 8649/374 8277/374 7913/374   687/34 7209/374 6869/374 6537/374 6213/374 5897/374 5589/374]
[5289/374 4997/374 4713/374   261/22   379/34 3909/374 3657/374 3413/374 3177/374 2949/374 2729/374 2517/374 2313/374 2117/374 1929/374]
[  159/34 1577/374 1413/374 1257/374 1109/374    57/22  837/374  713/374  597/374  489/374  389/374    27/34  213/374  137/374   69/374]
[   9/374  -43/374  -87/374 -123/374 -151/374 -171/374 -183/374        0        0        0        0        0        0        0        0]
Unobstructed
32
---------------------------
---------------------------
13a374
Correction terms
[     -1/2     1/606  -299/606     3/202  -287/606    25/606   -89/202    49/606  -239/606    27/202  -203/606   121/606   -53/202   169/606  -107/606]
[   75/202   -47/606   289/606     7/202   361/606    97/606  -257/202   181/606  -683/606    91/202  -587/606   373/606  -161/202   481/606  -371/606]
[ -205/202  -251/606  -491/606   -41/202  -359/606    13/606   -73/202   157/606   -71/606  -301/202    85/606  -743/606    83/202  -575/606   421/606]
[ -133/202  -611/606  -215/606  -141/202   -23/606  -227/606    59/202   -23/606   385/606    63/202  -611/606   409/606  -129/202  -575/606  -155/606]
[ -113/202    85/606   -95/606   111/202 -1055/606   589/606  -265/202  -359/606  -527/606   -29/202  -251/606   193/606    11/202  -731/606   325/606]
[ -145/202  -587/606  -131/606   -93/202   181/606    37/606   167/202  -851/606  -383/606  -173/202   -47/606  -179/606    99/202   169/606  -563/606]
[  175/202  -203/606  -323/606    55/202    49/606  -671/606   143/202  -287/606  -395/606    35/202     1/606      -7/6   135/202  -299/606  -395/606]
[   39/202    25/606  -671/606   151/202  -239/606  -323/606    67/202   121/606  -563/606  -213/202  -107/606  -179/606   119/202   289/606  -383/606]
[ -149/202    97/606    37/606  -209/202   529/606  -131/606   -61/202   373/606  -887/606  -109/202  -371/606   193/606  -353/202   721/606  -527/606]
[   15/202    13/606  -623/606  -217/202   -71/606   -95/606  -241/202   469/606  -155/606   -57/202   421/606  -803/606   -69/202  -215/606   385/606]
[ -277/202  -227/606  -227/606  -277/202   385/606  -215/606   -69/202  -803/606   421/606   -57/202  -155/606   469/606  -241/202   -95/606   -71/606]
[ -217/202  -623/606    13/606    15/202  -527/606   721/606  -353/202   193/606  -371/606  -109/202  -887/606   373/606   -61/202  -131/606   529/606]
[ -209/202    37/606    97/606  -149/202  -383/606   289/606   119/202  -179/606  -107/606  -213/202  -563/606   121/606    67/202  -323/606  -239/606]
[  151/202  -671/606    25/606    39/202  -395/606  -299/606   135/202      -7/6     1/606    35/202  -395/606  -287/606   143/202  -671/606    49/606]
[   55/202  -323/606  -203/606   175/202  -563/606   169/606    99/202  -179/606   -47/606  -173/202  -383/606  -851/606   167/202    37/606   181/606]
[  -93/202  -131/606  -587/606  -145/202   325/606  -731/606    11/202   193/606  -251/606   -29/202  -527/606  -359/606  -265/202   589/606 -1055/606]
[  111/202   -95/606    85/606  -113/202  -155/606  -575/606  -129/202   409/606  -611/606    63/202   385/606   -23/606    59/202  -227/606   -23/606]
[ -141/202  -215/606  -611/606  -133/202   421/606  -575/606    83/202  -743/606    85/606  -301/202   -71/606   157/606   -73/202    13/606  -359/606]
[  -41/202  -491/606  -251/606  -205/202  -371/606   481/606  -161/202   373/606  -587/606    91/202  -683/606   181/606  -257/202    97/606   361/606]
[    7/202   289/606   -47/606    75/202  -107/606   169/606   -53/202   121/606  -203/606    27/202  -239/606    49/606   -89/202    25/606  -287/606]
[    3/202  -299/606     1/606         0         0         0         0         0         0         0         0         0         0         0         0]
Testing obstruction for
m1: 1, m2: 152,a: 0
[     -1/2  -299/606  -287/606   -89/202  -239/606  -203/606   -53/202  -107/606   -47/606     7/202    97/606   181/606    91/202   373/606   481/606]
[  199/202   721/606   853/606   331/202  1141/606  1297/606   487/202  1633/606  1813/606   667/202  2197/606  2401/606   871/202  2833/606  3061/606]
[ 1099/202  3541/606  3793/606  1351/202  4321/606  4597/606  1627/202  5173/606  5473/606  1927/202  6097/606  6421/606  2251/202  7093/606  7441/606]
[ 2599/202  8161/606  8533/606  2971/202  9301/606  9697/606  3367/202 10513/606 10933/606  3787/202 11797/606 12241/606  4231/202 13153/606 13621/606]
[ 4699/202 14581/606 15073/606  5191/202 16081/606 16597/606  5707/202 17653/606 18193/606  6247/202 19297/606 19861/606  6811/202 21013/606 21601/606]
[ 7399/202 22801/606 22201/606  7203/202 21025/606 20449/606  6627/202 19321/606 18769/606  6075/202 17689/606 17161/606  5547/202 16129/606 15625/606]
[ 5043/202 14641/606 14161/606  4563/202 13225/606 12769/606  4107/202 11881/606 11449/606  3675/202 10609/606     101/6  3267/202  9409/606  9025/606]
[ 2883/202  8281/606  7921/606  2523/202  7225/606  6889/606  2187/202  6241/606  5929/606  1875/202  5329/606  5041/606  1587/202  4489/606  4225/606]
[ 1323/202  3721/606  3481/606  1083/202  3025/606  2809/606   867/202  2401/606  2209/606   675/202  1849/606  1681/606   507/202  1369/606  1225/606]
[  363/202   961/606   841/606   243/202   625/606   529/606   147/202   361/606   289/606    75/202   169/606   121/606    27/202    49/606    25/606]
[    3/202     1/606     1/606     3/202    25/606    49/606    27/202   121/606   169/606    75/202   289/606   361/606   147/202   529/606   625/606]
[  243/202   841/606   961/606   363/202  1225/606  1369/606   507/202  1681/606  1849/606   675/202  2209/606  2401/606   867/202  2809/606  3025/606]
[ 1083/202  3481/606  3721/606  1323/202  4225/606  4489/606  1587/202  5041/606  5329/606  1875/202  5929/606  6241/606  2187/202  6889/606  7225/606]
[ 2523/202  7921/606  8281/606  2883/202  9025/606  9409/606  3267/202     101/6 10609/606  3675/202 11449/606 11881/606  4107/202 12769/606 13225/606]
[ 4563/202 14161/606 14641/606  5043/202 15625/606 16129/606  5547/202 17161/606 17689/606  6075/202 18769/606 19321/606  6627/202 20449/606 21025/606]
[ 7203/202 22201/606 22801/606  7399/202 21601/606 21013/606  6811/202 19861/606 19297/606  6247/202 18193/606 17653/606  5707/202 16597/606 16081/606]
[ 5191/202 15073/606 14581/606  4699/202 13621/606 13153/606  4231/202 12241/606 11797/606  3787/202 10933/606 10513/606  3367/202  9697/606  9301/606]
[ 2971/202  8533/606  8161/606  2599/202  7441/606  7093/606  2251/202  6421/606  6097/606  1927/202  5473/606  5173/606  1627/202  4597/606  4321/606]
[ 1351/202  3793/606  3541/606  1099/202  3061/606  2833/606   871/202  2401/606  2197/606   667/202  1813/606  1633/606   487/202  1297/606  1141/606]
[  331/202   853/606   721/606   199/202   481/606   373/606    91/202   181/606    97/606     7/202   -47/606  -107/606   -53/202  -203/606  -239/606]
[  -89/202  -287/606  -299/606         0         0         0         0         0         0         0         0         0         0         0         0]
Unobstructed
2
---------------------------
---------------------------
13a377
Correction terms
[    -1/2  429/646  101/646  -15/646   81/646  389/646 -383/646  349/646    1/646 -135/646  -59/646  229/646 -563/646  149/646 -219/646]
[-375/646 -319/646    -3/38  429/646    -9/34 -559/646  557/646  593/646 -451/646    9/646  681/646  273/646   77/646   93/646  321/646]
[-531/646  121/646 -307/646 -523/646    45/38 -319/646  101/646  733/646    15/34   49/646   25/646  213/646  613/646  -67/646 -535/646]
[ 501/646  457/646 -667/646 -287/646  305/646 -183/646   -27/38  769/646 -375/646  -15/646  557/646   49/646   -13/34  961/646 -203/646]
[ 137/646  689/646  161/646 -155/646 -259/646 -151/646  169/646 -591/646     9/38 -183/646 -307/646 -219/646   81/646  593/646   25/646]
[-331/646    43/34 -407/646 -127/646  365/646 -223/646  693/646  529/646 -715/646  837/646     1/38 -591/646  305/646  121/646  149/646]
[ 389/646 -451/646  213/646 -203/646 -407/646   -21/34 -179/646  253/646 -395/646  461/646  237/646  225/646    25/38 -455/646  169/646]
[1005/646 -531/646 -563/646  909/646    9/646 -679/646  137/646 -127/646 -179/646    -1/34  353/646 -355/646  441/646  157/646     5/38]
[ 225/646  577/646 -151/646  625/646  321/646  229/646  349/646 -611/646  -67/646  689/646 -927/646  253/646  353/646   -33/34 -103/646]
[ 633/646    17/38  157/646  237/646  529/646 -259/646  457/646   93/646  -59/646    1/646  273/646 -535/646  161/646 -223/646 -395/646]
[-355/646 -103/646    19/34   -15/38 -659/646  441/646  461/646 -599/646 -155/646  501/646   77/646 -135/646 -135/646   77/646  501/646]
[-155/646 -599/646  461/646  441/646 -659/646   -15/38    19/34 -103/646 -355/646 -395/646 -223/646  161/646 -535/646  273/646    1/646]
[ -59/646   93/646  457/646 -259/646  529/646  237/646  157/646    17/38  633/646 -103/646   -33/34  353/646  253/646 -927/646  689/646]
[ -67/646 -611/646  349/646  229/646  321/646  625/646 -151/646  577/646  225/646     5/38  157/646  441/646 -355/646  353/646    -1/34]
[-179/646 -127/646  137/646 -679/646    9/646  909/646 -563/646 -531/646 1005/646  169/646 -455/646    25/38  225/646  237/646  461/646]
[-395/646  253/646 -179/646   -21/34 -407/646 -203/646  213/646 -451/646  389/646  149/646  121/646  305/646 -591/646     1/38  837/646]
[-715/646  529/646  693/646 -223/646  365/646 -127/646 -407/646    43/34 -331/646   25/646  593/646   81/646 -219/646 -307/646 -183/646]
[    9/38 -591/646  169/646 -151/646 -259/646 -155/646  161/646  689/646  137/646 -203/646  961/646   -13/34   49/646  557/646  -15/646]
[-375/646  769/646   -27/38 -183/646  305/646 -287/646 -667/646  457/646  501/646 -535/646  -67/646  613/646  213/646   25/646   49/646]
[   15/34  733/646  101/646 -319/646    45/38 -523/646 -307/646  121/646 -531/646  321/646   93/646   77/646  273/646  681/646    9/646]
[-451/646  593/646  557/646 -559/646    -9/34  429/646    -3/38 -319/646 -375/646 -219/646  149/646 -563/646  229/646  -59/646 -135/646]
[   1/646  349/646 -383/646  389/646   81/646  -15/646  101/646  429/646        0        0        0        0        0        0        0]
Testing obstruction for
m1: 1, m2: 162,a: 0
[     -1/2  -319/646  -307/646  -287/646  -259/646  -223/646  -179/646  -127/646   -67/646     1/646    77/646   161/646   253/646   353/646   461/646]
[  577/646   701/646     49/38   973/646     59/34  1277/646  1441/646  1613/646  1793/646  1981/646  2177/646  2381/646  2593/646  2813/646  3041/646]
[ 3277/646  3521/646  3773/646  4033/646    253/38  4577/646  4861/646  5153/646    287/34  5761/646  6077/646  6401/646  6733/646  7073/646  7421/646]
[ 7777/646  8141/646  8513/646  8893/646  9281/646  9677/646    593/38 10493/646 10913/646 11341/646 11777/646 12221/646    667/34 13133/646 13601/646]
[14077/646 14561/646 15053/646 15553/646 16061/646 16577/646 17101/646 17633/646   1069/38 18721/646 19277/646 19841/646 20413/646 20993/646 21581/646]
[22177/646   1199/34 23393/646 24013/646 24641/646 25277/646 25921/646 25281/646 24649/646 24025/646   1377/38 22801/646 22201/646 21609/646 21025/646]
[20449/646 19881/646 19321/646 18769/646 18225/646    931/34 17161/646 16641/646 16129/646 15625/646 15129/646 14641/646    833/38 13689/646 13225/646]
[12769/646 12321/646 11881/646 11449/646 11025/646 10609/646 10201/646  9801/646  9409/646    475/34  8649/646  8281/646  7921/646  7569/646    425/38]
[ 6889/646  6561/646  6241/646  5929/646  5625/646  5329/646  5041/646  4761/646  4489/646  4225/646  3969/646  3721/646  3481/646    171/34  3025/646]
[ 2809/646    153/38  2401/646  2209/646  2025/646  1849/646  1681/646  1521/646  1369/646  1225/646  1089/646   961/646   841/646   729/646   625/646]
[  529/646   441/646     19/34     17/38   225/646   169/646   121/646    81/646    49/646    25/646     9/646     1/646     1/646     9/646    25/646]
[   49/646    81/646   121/646   169/646   225/646     17/38     19/34   441/646   529/646   625/646   729/646   841/646   961/646  1089/646  1225/646]
[ 1369/646  1521/646  1681/646  1849/646  2025/646  2209/646  2401/646    153/38  2809/646  3025/646    171/34  3481/646  3721/646  3969/646  4225/646]
[ 4489/646  4761/646  5041/646  5329/646  5625/646  5929/646  6241/646  6561/646  6889/646    425/38  7569/646  7921/646  8281/646  8649/646    475/34]
[ 9409/646  9801/646 10201/646 10609/646 11025/646 11449/646 11881/646 12321/646 12769/646 13225/646 13689/646    833/38 14641/646 15129/646 15625/646]
[16129/646 16641/646 17161/646    931/34 18225/646 18769/646 19321/646 19881/646 20449/646 21025/646 21609/646 22201/646 22801/646   1377/38 24025/646]
[24649/646 25281/646 25921/646 25277/646 24641/646 24013/646 23393/646   1199/34 22177/646 21581/646 20993/646 20413/646 19841/646 19277/646 18721/646]
[  1069/38 17633/646 17101/646 16577/646 16061/646 15553/646 15053/646 14561/646 14077/646 13601/646 13133/646    667/34 12221/646 11777/646 11341/646]
[10913/646 10493/646    593/38  9677/646  9281/646  8893/646  8513/646  8141/646  7777/646  7421/646  7073/646  6733/646  6401/646  6077/646  5761/646]
[   287/34  5153/646  4861/646  4577/646    253/38  4033/646  3773/646  3521/646  3277/646  3041/646  2813/646  2593/646  2381/646  2177/646  1981/646]
[ 1793/646  1613/646  1441/646  1277/646     59/34   973/646     49/38   701/646   577/646   461/646   353/646   253/646   161/646    77/646     1/646]
[  -67/646  -127/646  -179/646  -223/646  -259/646  -287/646  -307/646  -319/646         0         0         0         0         0         0         0]
Unobstructed
16
---------------------------
---------------------------
13a380
Correction terms
[    -1/2  -35/286  289/286  257/286 -131/286 -303/286  313/286    1/286  -95/286   25/286  361/286   -21/26  -35/286    29/22 -139/286]
[ 133/286   49/286  181/286  -43/286  -51/286  157/286    9/286     7/26 -211/286 -283/286  433/286    17/22 -347/286 -127/286  309/286]
[-183/286  113/286   53/286    19/26    9/286   25/286  257/286  133/286  225/286    -3/22  -87/286   81/286 -107/286  -79/286    15/26]
[  53/286 -415/286  -95/286  441/286   49/286 -127/286  -87/286    13/22   69/286  185/286    -5/26  -79/286  113/286  -51/286    1/286]
[ 269/286  181/286 -263/286   81/286   69/286   -23/22    11/26  185/286 -107/286 -183/286  -43/286  313/286  313/286  -43/286 -183/286]
[-107/286  185/286    11/26   -23/22   69/286   81/286 -263/286  181/286  269/286    1/286  -51/286  113/286  -79/286    -5/26  185/286]
[  69/286    13/22  -87/286 -127/286   49/286  441/286  -95/286 -415/286   53/286    15/26  -79/286 -107/286   81/286  -87/286    -3/22]
[ 225/286  133/286  257/286   25/286    9/286    19/26   53/286  113/286 -183/286  309/286 -127/286 -347/286    17/22  433/286 -283/286]
[-211/286     7/26    9/286  157/286  -51/286  -43/286  181/286   49/286  133/286 -139/286    29/22  -35/286   -21/26  361/286   25/286]
[ -95/286    1/286  313/286 -303/286 -131/286  257/286  289/286  -35/286        0        0        0        0        0        0        0]
Testing obstruction for
m1: 1, m2: 72,a: 0
[    -1/2 -139/286 -127/286 -107/286  -79/286  -43/286    1/286   53/286  113/286  181/286  257/286    31/26  433/286    41/22  641/286]
[ 757/286  881/286 1013/286 1153/286 1301/286 1457/286 1621/286   163/26 1973/286 2161/286 2357/286   197/22 2773/286 2993/286 3221/286]
[3457/286 3701/286 3953/286   383/26 4481/286 4757/286 5041/286 4761/286 4489/286   325/22 3969/286 3721/286 3481/286 3249/286   275/26]
[2809/286 2601/286 2401/286 2209/286 2025/286 1849/286 1681/286   117/22 1369/286 1225/286    99/26  961/286  841/286  729/286  625/286]
[ 529/286  441/286  361/286  289/286  225/286    13/22    11/26   81/286   49/286   25/286    9/286    1/286    1/286    9/286   25/286]
[  49/286   81/286    11/26    13/22  225/286  289/286  361/286  441/286  529/286  625/286  729/286  841/286  961/286    99/26 1225/286]
[1369/286   117/22 1681/286 1849/286 2025/286 2209/286 2401/286 2601/286 2809/286   275/26 3249/286 3481/286 3721/286 3969/286   325/22]
[4489/286 4761/286 5041/286 4757/286 4481/286   383/26 3953/286 3701/286 3457/286 3221/286 2993/286 2773/286   197/22 2357/286 2161/286]
[1973/286   163/26 1621/286 1457/286 1301/286 1153/286 1013/286  881/286  757/286  641/286    41/22  433/286    31/26  257/286  181/286]
[ 113/286   53/286    1/286  -43/286  -79/286 -107/286 -127/286 -139/286        0        0        0        0        0        0        0]
Unobstructed
14
---------------------------
---------------------------
13a382
Correction terms
[    -1/2  653/430 -183/430 -143/430  -87/430    -3/86   73/430  177/430  297/430  433/430   -55/86 -107/430   77/430  277/430  493/430]
[  -27/86  113/430  377/430 -203/430   93/430    81/86 -127/430  217/430 -283/430   93/430   -75/86   33/430  457/430   37/430  493/430]
[   21/86 -267/430  237/430 -103/430  433/430    25/86 -167/430  417/430  157/430  -87/430   109/86  333/430  137/430    -1/10 -207/430]
[  101/86 -487/430  257/430  157/430   73/430     1/86  -47/430  -83/430 -103/430 -107/430   153/86  -67/430  -23/430   37/430  113/430]
[   41/86  313/430  437/430  577/430 -127/430     9/86  233/430 -423/430  657/430   33/430    57/86 -307/430  -23/430  277/430 -267/430]
[   13/86  413/430  -83/430  297/430 -167/430    49/86 -187/430  257/430  717/430  333/430    -7/86    11/10  137/430 -183/430  373/430]
[   17/86  673/430 -443/430  177/430  -47/430   -51/86  413/430  237/430   77/430  -67/430   -39/86  553/430 -403/430  377/430  313/430]
[   53/86  233/430  217/430  217/430  233/430    53/86  313/430  377/430 -403/430  553/430   -39/86  -67/430   77/430  237/430  413/430]
[  -51/86  -47/430  177/430 -443/430  673/430    17/86  373/430 -183/430  137/430    11/10    -7/86  333/430  717/430  257/430 -187/430]
[   49/86 -167/430  297/430  -83/430  413/430    13/86 -267/430  277/430  -23/430 -307/430    57/86   33/430  657/430 -423/430  233/430]
[    9/86 -127/430  577/430  437/430  313/430    41/86  113/430   37/430  -23/430  -67/430   153/86 -107/430 -103/430  -83/430  -47/430]
[    1/86   73/430  157/430  257/430 -487/430   101/86 -207/430    -1/10  137/430  333/430   109/86  -87/430  157/430  417/430 -167/430]
[   25/86  433/430 -103/430  237/430 -267/430    21/86  493/430   37/430  457/430   33/430   -75/86   93/430 -283/430  217/430 -127/430]
[   81/86   93/430 -203/430  377/430  113/430   -27/86  493/430  277/430   77/430 -107/430   -55/86  433/430  297/430  177/430   73/430]
[   -3/86  -87/430 -143/430 -183/430  653/430        0        0        0        0        0        0        0        0        0        0]
Testing obstruction for
m1: 1, m2: 108,a: 0
[     -1/2  -211/430  -199/430  -179/430  -151/430    -23/86   -71/430   -19/430    41/430   109/430     37/86   269/430   361/430   461/430   569/430]
[   137/86   809/430   941/430  1081/430  1229/430    277/86  1549/430  1721/430  1901/430  2089/430    457/86  2489/430  2701/430  2921/430  3149/430]
[   677/86  3629/430  3881/430  4141/430  4409/430    937/86  4969/430  5261/430  5561/430  5869/430   1237/86  6509/430  6841/430    167/10  7529/430]
[  1577/86  8249/430  8621/430  9001/430  9389/430   1957/86 10189/430 10601/430 11021/430 11449/430   2205/86 10609/430 10201/430  9801/430  9409/430]
[  1805/86  8649/430  8281/430  7921/430  7569/430   1445/86  6889/430  6561/430  6241/430  5929/430   1125/86  5329/430  5041/430  4761/430  4489/430]
[   845/86  3969/430  3721/430  3481/430  3249/430    605/86  2809/430  2601/430  2401/430  2209/430    405/86     43/10  1681/430  1521/430  1369/430]
[   245/86  1089/430   961/430   841/430   729/430    125/86   529/430   441/430   361/430   289/430     45/86   169/430   121/430    81/430    49/430]
[     5/86     9/430     1/430     1/430     9/430      5/86    49/430    81/430   121/430   169/430     45/86   289/430   361/430   441/430   529/430]
[   125/86   729/430   841/430   961/430  1089/430    245/86  1369/430  1521/430  1681/430     43/10    405/86  2209/430  2401/430  2601/430  2809/430]
[   605/86  3249/430  3481/430  3721/430  3969/430    845/86  4489/430  4761/430  5041/430  5329/430   1125/86  5929/430  6241/430  6561/430  6889/430]
[  1445/86  7569/430  7921/430  8281/430  8649/430   1805/86  9409/430  9801/430 10201/430 10609/430   2205/86 11449/430 11021/430 10601/430 10189/430]
[  1957/86  9389/430  9001/430  8621/430  8249/430   1577/86  7529/430    167/10  6841/430  6509/430   1237/86  5869/430  5561/430  5261/430  4969/430]
[   937/86  4409/430  4141/430  3881/430  3629/430    677/86  3149/430  2921/430  2701/430  2489/430    457/86  2089/430  1901/430  1721/430  1549/430]
[   277/86  1229/430  1081/430   941/430   809/430    137/86   569/430   461/430   361/430   269/430     37/86   109/430    41/430   -19/430   -71/430]
[   -23/86  -151/430  -179/430  -199/430  -211/430         0         0         0         0         0         0         0         0         0         0]
Testing obstruction for
m1: 3, m2: 22,a: 0
[    -1/2 -367/430   37/430  137/430  -67/430    57/86  333/430  937/430 1237/430 1233/430   357/86 2033/430 1977/430 1617/430  953/430]
[  169/86  433/430  577/430  417/430  -47/430     9/86 -167/430  177/430  217/430  -47/430    49/86  233/430  777/430 1017/430  953/430]
[  289/86 1633/430 2377/430 1957/430 1233/430   213/86  593/430  677/430  457/430  -67/430    -7/86 -307/430  -23/430    -1/10 -367/430]
[  -27/86 -207/430  277/430  457/430  333/430   153/86  893/430 1577/430 1957/430 2033/430   361/86 1273/430 1297/430 1017/430  433/430]
[   81/86   73/430  297/430  217/430 -167/430     1/86 -127/430  297/430  417/430  233/430   121/86  673/430 1297/430 1617/430 1633/430]
[  441/86 1613/430 1577/430 1237/430  593/430   101/86  113/430  277/430  137/430 -307/430   -39/86    -9/10  -23/430   37/430 -207/430]
[   21/86  113/430  677/430  937/430  893/430   281/86 1613/430 2377/430 1977/430 1273/430   225/86  673/430  777/430  577/430   73/430]
[   25/86 -127/430  177/430  177/430 -127/430    25/86   73/430  577/430  777/430  673/430   225/86 1273/430 1977/430 2377/430 1613/430]
[  281/86  893/430  937/430  677/430  113/430    21/86 -207/430   37/430  -23/430    -9/10   -39/86 -307/430  137/430  277/430  113/430]
[  101/86  593/430 1237/430 1577/430 1613/430   441/86 1633/430 1617/430 1297/430  673/430   121/86  233/430  417/430  297/430 -127/430]
[    1/86 -167/430  217/430  297/430   73/430    81/86  433/430 1017/430 1297/430 1273/430   361/86 2033/430 1957/430 1577/430  893/430]
[  153/86  333/430  457/430  277/430 -207/430   -27/86 -367/430    -1/10  -23/430 -307/430    -7/86  -67/430  457/430  677/430  593/430]
[  213/86 1233/430 1957/430 2377/430 1633/430   289/86  953/430 1017/430  777/430  233/430    49/86  -47/430  217/430  177/430 -167/430]
[    9/86  -47/430  417/430  577/430  433/430   169/86  953/430 1617/430 1977/430 2033/430   357/86 1233/430 1237/430  937/430  333/430]
[   57/86  -67/430  137/430   37/430 -367/430        0        0        0        0        0        0        0        0        0        0]
Testing obstruction for
m1: 2, m2: 37,a: 1
[    -1/2 -427/430 -203/430 -403/430 -167/430   -71/86 -107/430 -283/430  -23/430 -187/430    17/86  -67/430  217/430   77/430  373/430]
[   49/86  553/430  437/430  757/430  653/430   197/86  893/430 1237/430 1157/430 1513/430   289/86 1813/430 1757/430 2137/430 2093/430]
[  497/86 2453/430 2857/430 2837/430 3253/430   649/86 3673/430 3677/430 3257/430 3273/430   573/86 2893/430 2497/430    59/10 2153/430]
[  441/86 1833/430 1897/430 1537/430 1613/430   253/86 1353/430 1017/430 1117/430  793/430   181/86  593/430  717/430  417/430  553/430]
[   53/86  413/430  137/430  297/430   33/430    41/86  -47/430  137/430 -103/430   93/430   -27/86   73/430 -143/430   77/430 -127/430]
[   21/86  -87/430  157/430  -23/430  233/430    13/86  333/430  177/430  457/430  313/430   121/86    11/10  777/430  657/430  973/430]
[  173/86 1193/430 1097/430 1437/430 1353/430   341/86 1633/430 1997/430 1937/430 2313/430   453/86 2653/430 2617/430 3017/430 2993/430]
[  681/86 3393/430 3817/430 3817/430 3393/430   681/86 2993/430 3017/430 2617/430 2653/430   453/86 2313/430 1937/430 1997/430 1633/430]
[  341/86 1353/430 1437/430 1097/430 1193/430   173/86  973/430  657/430  777/430    11/10   121/86  313/430  457/430  177/430  333/430]
[   13/86  233/430  -23/430  157/430  -87/430    21/86 -127/430   77/430 -143/430   73/430   -27/86   93/430 -103/430  137/430  -47/430]
[   41/86   33/430  297/430  137/430  413/430    53/86  553/430  417/430  717/430  593/430   181/86  793/430 1117/430 1017/430 1353/430]
[  253/86 1613/430 1537/430 1897/430 1833/430   441/86 2153/430    59/10 2497/430 2893/430   573/86 3273/430 3257/430 3677/430 3673/430]
[  649/86 3253/430 2837/430 2857/430 2453/430   497/86 2093/430 2137/430 1757/430 1813/430   289/86 1513/430 1157/430 1237/430  893/430]
[  197/86  653/430  757/430  437/430  553/430    49/86  373/430   77/430  217/430  -67/430    17/86 -187/430  -23/430 -283/430 -107/430]
[  -71/86 -167/430 -403/430 -203/430 -427/430        0        0        0        0        0        0        0        0        0        0]
Testing obstruction for
m1: 4, m2: 17,a: 2
[    -1/2 -423/430 -187/430 -367/430 -103/430   -51/86   37/430  -87/430  233/430  137/430    97/86  417/430  793/430  753/430 1157/430]
[  229/86 1577/430 1593/430 1193/430 1237/430   173/86  937/430  593/430  693/430  377/430   101/86  217/430  373/430  113/430  297/430]
[   13/86  277/430   73/430  313/430  137/430    81/86  257/430  553/430  433/430  757/430   133/86 1017/430  953/430    31/10 1297/430]
[  341/86 1697/430 1273/430 1293/430  897/430   189/86  577/430  653/430  313/430  417/430    21/86  237/430  -47/430  113/430 -143/430]
[    9/86 -183/430   33/430 -167/430   77/430   -19/86  177/430   33/430  333/430  217/430   109/86  457/430  813/430  753/430 1137/430]
[  221/86 1517/430 1513/430 1093/430 1117/430   145/86  777/430  413/430  493/430  157/430    53/86    -1/10   93/430 -187/430  -23/430]
[  -55/86  -83/430 -307/430  -87/430 -283/430    -7/86 -203/430   73/430  -67/430  237/430    25/86  457/430  373/430  733/430  677/430]
[  213/86 1037/430 1453/430 1453/430 1037/430   213/86  677/430  733/430  373/430  457/430    25/86  237/430  -67/430   73/430 -203/430]
[   -7/86 -283/430  -87/430 -307/430  -83/430   -55/86  -23/430 -187/430   93/430    -1/10    53/86  157/430  493/430  413/430  777/430]
[  145/86 1117/430 1093/430 1513/430 1517/430   221/86 1137/430  753/430  813/430  457/430   109/86  217/430  333/430   33/430  177/430]
[  -19/86   77/430 -167/430   33/430 -183/430     9/86 -143/430  113/430  -47/430  237/430    21/86  417/430  313/430  653/430  577/430]
[  189/86  897/430 1293/430 1273/430 1697/430   341/86 1297/430    31/10  953/430 1017/430   133/86  757/430  433/430  553/430  257/430]
[   81/86  137/430  313/430   73/430  277/430    13/86  297/430  113/430  373/430  217/430   101/86  377/430  693/430  593/430  937/430]
[  173/86 1237/430 1193/430 1593/430 1577/430   229/86 1157/430  753/430  793/430  417/430    97/86  137/430  233/430  -87/430   37/430]
[  -51/86 -103/430 -367/430 -187/430 -423/430        0        0        0        0        0        0        0        0        0        0]
[-423/430, -187/430, -367/430]
67 [-423/430, -187/430, 493/430]
Testing obstruction for
m1: 6, m2: 11,a: 2
[    -1/2 -419/430 -171/430 -331/430  -39/430   -31/86  181/430  109/430  489/430  461/430   177/86  901/430  509/430  569/430  221/430]
[   65/86   21/430  169/430  -91/430  101/430   -23/86  121/430  -51/430  229/430  101/430    85/86  341/430  709/430  669/430 1081/430]
[  217/86  681/430  729/430  369/430  461/430    29/86  281/430    9/430  189/430  -39/430    37/86    1/430  269/430     3/10  441/430]
[   69/86  701/430  649/430 1049/430 1041/430   125/86  661/430  289/430  369/430   41/430    33/86 -119/430   49/430 -191/430   21/430]
[  -35/86   81/430  -71/430  229/430  121/430    93/86  401/430  789/430  769/430 1201/430   245/86  841/430  909/430  569/430  681/430]
[   77/86  541/430  289/430  489/430  281/430   105/86  361/430  649/430  529/430  861/430   157/86    27/10 1129/430  689/430  701/430]
[   61/86  361/430    9/430  109/430 -199/430   -11/86 -319/430 -131/430 -351/430 -119/430   -59/86  -19/430 -151/430  169/430   81/430]
[   89/86  401/430  809/430  809/430  401/430    89/86   81/430  169/430 -151/430  -19/430   -59/86 -119/430 -351/430 -131/430 -319/430]
[  -11/86 -199/430  109/430    9/430  361/430    61/86  701/430  689/430 1129/430    27/10   157/86  861/430  529/430  649/430  361/430]
[  105/86  281/430  489/430  289/430  541/430    77/86  681/430  569/430  909/430  841/430   245/86 1201/430  769/430  789/430  401/430]
[   93/86  121/430  229/430  -71/430   81/430   -35/86   21/430 -191/430   49/430 -119/430    33/86   41/430  369/430  289/430  661/430]
[  125/86 1041/430 1049/430  649/430  701/430    69/86  441/430     3/10  269/430    1/430    37/86  -39/430  189/430    9/430  281/430]
[   29/86  461/430  369/430  729/430  681/430   217/86 1081/430  669/430  709/430  341/430    85/86  101/430  229/430  -51/430  121/430]
[  -23/86  101/430  -91/430  169/430   21/430    65/86  221/430  569/430  509/430  901/430   177/86  461/430  489/430  109/430  181/430]
[  -31/86  -39/430 -331/430 -171/430 -419/430        0        0        0        0        0        0        0        0        0        0]
Testing obstruction for
m1: 5, m2: 16,a: 4
[    -1/2 -399/430  -91/430 -151/430  281/430    69/86   41/430  229/430   49/430  361/430    61/86  741/430  809/430 1369/430 1561/430]
[  277/86  841/430  789/430  369/430  441/430    29/86  341/430  169/430  489/430  441/430     5/86  101/430 -191/430    9/430 -159/430]
[   33/86  121/430  569/430  649/430  361/430   113/86  401/430  729/430  689/430 1141/430   245/86  941/430 1149/430    23/10  461/430]
[   85/86   21/430  109/430 -171/430   41/430   -23/86  221/430  189/430 -211/430 -119/430   -79/86 -179/430 -331/430    9/430  -19/430]
[   89/86  541/430  269/430  489/430  341/430   137/86  661/430 1129/430 1229/430  961/430   237/86 1041/430  529/430  509/430  121/430]
[   45/86  -39/430  189/430   49/430  401/430    77/86    1/430  109/430 -151/430   81/430   -11/86     7/10  289/430  769/430  881/430]
[  125/86  861/430  729/430 1089/430 1081/430   141/86  821/430  569/430  809/430  681/430    37/86  181/430 -191/430  -71/430 -319/430]
[  -15/86 -199/430  169/430  169/430 -199/430   -15/86 -319/430  -71/430 -191/430  181/430    37/86  681/430  809/430  569/430  821/430]
[  141/86 1081/430 1089/430  729/430  861/430   125/86  881/430  769/430  289/430     7/10   -11/86   81/430 -151/430  109/430    1/430]
[   77/86  401/430   49/430  189/430  -39/430    45/86  121/430  509/430  529/430 1041/430   237/86  961/430 1229/430 1129/430  661/430]
[  137/86  341/430  489/430  269/430  541/430    89/86  -19/430    9/430 -331/430 -179/430   -79/86 -119/430 -211/430  189/430  221/430]
[  -23/86   41/430 -171/430  109/430   21/430    85/86  461/430    23/10 1149/430  941/430   245/86 1141/430  689/430  729/430  401/430]
[  113/86  361/430  649/430  569/430  121/430    33/86 -159/430    9/430 -191/430  101/430     5/86  441/430  489/430  169/430  341/430]
[   29/86  441/430  369/430  789/430  841/430   277/86 1561/430 1369/430  809/430  741/430    61/86  361/430   49/430  229/430   41/430]
[   69/86  281/430 -151/430  -91/430 -399/430        0        0        0        0        0        0        0        0        0        0]
Testing obstruction for
m1: 8, m2: 11,a: 5
[    -1/2 -371/430   21/430  101/430  729/430    37/86  189/430 -119/430  121/430   49/430   105/86  689/430  541/430   81/430  169/430]
[  -11/86  269/430  281/430  841/430 1089/430   205/86  649/430  821/430  681/430  229/430    65/86  109/430  441/430  461/430 1029/430]
[   85/86  369/430    1/430  181/430   49/430    93/86  569/430  361/430 -159/430 -131/430   -83/86 -151/430 -199/430     7/10  489/430]
[   73/86  -71/430   41/430 -159/430  189/430    45/86  809/430  221/430  181/430 -171/430     5/86  -91/430  341/430  461/430 1129/430]
[  125/86  669/430  401/430  681/430  649/430    61/86  509/430  401/430  841/430  969/430   157/86  289/430  341/430   81/430  369/430]
[   69/86  869/430  221/430  121/430 -291/430   -31/86 -331/430   41/430  101/430  709/430    29/86     3/10 -199/430   21/430  -71/430]
[   77/86  529/430  361/430 -119/430  -51/430   -59/86    9/430    1/430  541/430  769/430   137/86  289/430  441/430  281/430  669/430]
[  149/86  509/430  821/430  821/430  509/430   149/86  669/430  281/430  441/430  289/430   137/86  769/430  541/430    1/430    9/430]
[  -59/86  -51/430 -119/430  361/430  529/430    77/86  -71/430   21/430 -199/430     3/10    29/86  709/430  101/430   41/430 -331/430]
[  -31/86 -291/430  121/430  221/430  869/430    69/86  369/430   81/430  341/430  289/430   157/86  969/430  841/430  401/430  509/430]
[   61/86  649/430  681/430  401/430  669/430   125/86 1129/430  461/430  341/430  -91/430     5/86 -171/430  181/430  221/430  809/430]
[   45/86  189/430 -159/430   41/430  -71/430    73/86  489/430     7/10 -199/430 -151/430   -83/86 -131/430 -159/430  361/430  569/430]
[   93/86   49/430  181/430    1/430  369/430    85/86 1029/430  461/430  441/430  109/430    65/86  229/430  681/430  821/430  649/430]
[  205/86 1089/430  841/430  281/430  269/430   -11/86  169/430   81/430  541/430  689/430   105/86   49/430  121/430 -119/430  189/430]
[   37/86  729/430  101/430   21/430 -371/430        0        0        0        0        0        0        0        0        0        0]
Testing obstruction for
m1: 14, m2: 17,a: 13
[    -1/2 -403/430 -107/430 -187/430  217/430    49/86 -103/430   33/430 -207/430   37/430   -19/86  257/430  233/430 -167/430  -83/430]
[  -75/86 -183/430 -367/430  -67/430 -143/430    53/86  297/430  -47/430   93/430 -143/430    21/86  -23/430  333/430  313/430  -83/430]
[    1/86 -283/430  -87/430 -267/430   37/430    -7/86  377/430  413/430   73/430  217/430    -3/86  237/430  113/430    11/10  457/430]
[   13/86  157/430 -127/430   73/430 -103/430    41/86  137/430  553/430  593/430  257/430    81/86  177/430  433/430  313/430  677/430]
[  133/86  277/430  373/430   93/430  297/430    25/86  437/430  373/430  793/430  837/430   101/86  657/430  433/430  693/430  577/430]
[  189/86  937/430  553/430  653/430  377/430   117/86  417/430  733/430  673/430 1097/430   229/86    19/10  973/430  753/430 1017/430]
[  181/86 1277/430 1273/430  893/430  997/430   145/86  937/430  773/430 1093/430 1037/430   293/86 1517/430 1193/430 1353/430 1137/430]
[  281/86 1297/430 1673/430 1673/430 1297/430   281/86 1137/430 1353/430 1193/430 1517/430   293/86 1037/430 1093/430  773/430  937/430]
[  145/86  997/430  893/430 1273/430 1277/430   181/86 1017/430  753/430  973/430    19/10   229/86 1097/430  673/430  733/430  417/430]
[  117/86  377/430  653/430  553/430  937/430   189/86  577/430  693/430  433/430  657/430   101/86  837/430  793/430  373/430  437/430]
[   25/86  297/430   93/430  373/430  277/430   133/86  677/430  313/430  433/430  177/430    81/86  257/430  593/430  553/430  137/430]
[   41/86 -103/430   73/430 -127/430  157/430    13/86  457/430    11/10  113/430  237/430    -3/86  217/430   73/430  413/430  377/430]
[   -7/86   37/430 -267/430  -87/430 -283/430     1/86  -83/430  313/430  333/430  -23/430    21/86 -143/430   93/430  -47/430  297/430]
[   53/86 -143/430  -67/430 -367/430 -183/430   -75/86  -83/430 -167/430  233/430  257/430   -19/86   37/430 -207/430   33/430 -103/430]
[   49/86  217/430 -187/430 -107/430 -403/430        0        0        0        0        0        0        0        0        0        0]
[-403/430, -107/430, -187/430]
102 [-403/430, -107/430, 673/430]
---------------------------
SUCCESS for name = 13a382
---------------------------
