12a423
Correction terms
[    -1/2    9/238  -83/238   81/238   25/238 -251/238 -271/238    -5/34  -19/238  253/238 -171/238  137/238 -251/238   93/238   -37/34]
[ 121/238 -195/238   -15/14  -59/238  -83/238  149/238    23/34  -47/238    1/238 -171/238  -87/238 -223/238 -103/238   -29/34  -47/238]
[-111/238   81/238   53/238  281/238   -11/14    11/34 -355/238  -55/238   25/238 -115/238    1/238 -103/238     7/34  -19/238  169/238]
[ 137/238 -115/238 -111/238 -327/238   -41/34    9/238     5/14  -59/238   53/238  -55/238   93/238     3/34  205/238 -307/238  -87/238]
[ -87/238 -307/238  205/238     3/34   93/238  -55/238   53/238  -59/238     5/14    9/238   -41/34 -327/238 -111/238 -115/238  137/238]
[ 169/238  -19/238     7/34 -103/238    1/238 -115/238   25/238  -55/238 -355/238    11/34   -11/14  281/238   53/238   81/238 -111/238]
[ -47/238   -29/34 -103/238 -223/238  -87/238 -171/238    1/238  -47/238    23/34  149/238  -83/238  -59/238   -15/14 -195/238  121/238]
[  -37/34   93/238 -251/238  137/238 -171/238  253/238  -19/238    -5/34 -271/238 -251/238   25/238   81/238  -83/238    9/238        0]
Testing obstruction for
m1: 1, m2: 60,a: 0
[    -1/2 -115/238 -103/238  -83/238  -55/238  -19/238   25/238    11/34  137/238  205/238  281/238  365/238  457/238  557/238    95/34]
[ 781/238  905/238    61/14 1177/238 1325/238 1481/238   235/34 1817/238 1997/238 2185/238 2381/238 2585/238 2797/238   431/34 3245/238]
[3481/238 3249/238 3025/238 2809/238   153/14   343/34 2209/238 2025/238 1849/238 1681/238 1521/238 1369/238   175/34 1089/238  961/238]
[ 841/238  729/238  625/238  529/238    63/34  361/238    17/14  225/238  169/238  121/238   81/238     7/34   25/238    9/238    1/238]
[   1/238    9/238   25/238     7/34   81/238  121/238  169/238  225/238    17/14  361/238    63/34  529/238  625/238  729/238  841/238]
[ 961/238 1089/238   175/34 1369/238 1521/238 1681/238 1849/238 2025/238 2209/238   343/34   153/14 2809/238 3025/238 3249/238 3481/238]
[3245/238   431/34 2797/238 2585/238 2381/238 2185/238 1997/238 1817/238   235/34 1481/238 1325/238 1177/238    61/14  905/238  781/238]
[   95/34  557/238  457/238  365/238  281/238  205/238  137/238    11/34   25/238  -19/238  -55/238  -83/238 -103/238 -115/238        0]
Unobstructed
39
---------------------------
---------------------------
12a424
Correction terms
[    -1/2  277/262  -71/262 -127/262 -415/262  113/262 -115/262  -51/262 -219/262  -95/262 -203/262  -19/262  -67/262  177/262  189/262]
[ -31/262   41/262 -119/262   13/262  -87/262  105/262   65/262 -207/262 -187/262  125/262  205/262   53/262  193/262  101/262 -223/262]
[-255/262    5/262   33/262 -171/262  -83/262 -227/262  -79/262 -163/262   45/262   21/262  289/262 -199/262  129/262 -299/262   89/262]
[-279/262  169/262 -139/262 -155/262 -403/262  165/262  -23/262   81/262  -47/262  117/262   49/262 -251/262 -259/262   25/262   77/262]
[-103/262    9/262 -111/262   61/262    1/262  233/262  233/262    1/262   61/262 -111/262    9/262 -103/262   77/262   25/262 -259/262]
[-251/262   49/262  117/262  -47/262   81/262  -23/262  165/262 -403/262 -155/262 -139/262  169/262 -279/262   89/262 -299/262  129/262]
[-199/262  289/262   21/262   45/262 -163/262  -79/262 -227/262  -83/262 -171/262   33/262    5/262 -255/262 -223/262  101/262  193/262]
[  53/262  205/262  125/262 -187/262 -207/262   65/262  105/262  -87/262   13/262 -119/262   41/262  -31/262  189/262  177/262  -67/262]
[ -19/262 -203/262  -95/262 -219/262  -51/262 -115/262  113/262 -415/262 -127/262  -71/262  277/262        0        0        0        0]
Testing obstruction for
m1: 1, m2: 66,a: 0
[    -1/2 -127/262 -115/262  -95/262  -67/262  -31/262   13/262   65/262  125/262  193/262  269/262  353/262  445/262  545/262  653/262]
[ 769/262  893/262 1025/262 1165/262 1313/262 1469/262 1633/262 1805/262 1985/262 2173/262 2369/262 2573/262 2785/262 3005/262 3233/262]
[3469/262 3713/262 3965/262 4225/262 3969/262 3721/262 3481/262 3249/262 3025/262 2809/262 2601/262 2401/262 2209/262 2025/262 1849/262]
[1681/262 1521/262 1369/262 1225/262 1089/262  961/262  841/262  729/262  625/262  529/262  441/262  361/262  289/262  225/262  169/262]
[ 121/262   81/262   49/262   25/262    9/262    1/262    1/262    9/262   25/262   49/262   81/262  121/262  169/262  225/262  289/262]
[ 361/262  441/262  529/262  625/262  729/262  841/262  961/262 1089/262 1225/262 1369/262 1521/262 1681/262 1849/262 2025/262 2209/262]
[2401/262 2601/262 2809/262 3025/262 3249/262 3481/262 3721/262 3969/262 4225/262 3965/262 3713/262 3469/262 3233/262 3005/262 2785/262]
[2573/262 2369/262 2173/262 1985/262 1805/262 1633/262 1469/262 1313/262 1165/262 1025/262  893/262  769/262  653/262  545/262  445/262]
[ 353/262  269/262  193/262  125/262   65/262   13/262  -31/262  -67/262  -95/262 -115/262 -127/262        0        0        0        0]
Unobstructed
3
---------------------------
---------------------------
12a434
Correction terms
[    -1/2   37/390  -47/390  111/130  397/390    29/78 -141/130 -527/390 -167/390  -41/130   -79/78 -203/390 -109/130     1/30   37/390]
[  -17/26  -83/390 -227/390   31/130   97/390   -43/78  -21/130 -227/390   73/390   19/130   -55/78   -11/30 -109/130  -47/390  -83/390]
[   23/26  457/390  253/390  -89/130 -323/390    17/78   59/130  -47/390  193/390     3/10   -55/78 -203/390 -149/130 -227/390 -323/390]
[    3/26   97/390 -167/390   11/130  -83/390  -103/78 -161/130     1/30  193/390   19/130   -79/78 -383/390   31/130  253/390   97/390]
[  -25/26 -383/390   73/390   71/130   37/390      5/6   99/130  -47/390   73/390  -41/130    29/78   97/390  -89/130 -167/390 -383/390]
[   -9/26 -203/390 -587/390   -13/10   37/390    53/78   59/130 -227/390 -167/390 -141/130   -43/78 -323/390   11/130   73/390 -203/390]
[   -1/26   -11/30  193/390   71/130  -83/390    17/78  -21/130  253/390  253/390  -21/130    17/78  -83/390   71/130  193/390   -11/30]
[   -1/26 -203/390   73/390   11/130 -323/390   -43/78 -141/130 -167/390 -227/390   59/130    53/78   37/390   -13/10 -587/390 -203/390]
[   -9/26 -383/390 -167/390  -89/130   97/390    29/78  -41/130   73/390  -47/390   99/130      5/6   37/390   71/130   73/390 -383/390]
[  -25/26   97/390  253/390   31/130 -383/390   -79/78   19/130  193/390     1/30 -161/130  -103/78  -83/390   11/130 -167/390   97/390]
[    3/26 -323/390 -227/390 -149/130 -203/390   -55/78     3/10  193/390  -47/390   59/130    17/78 -323/390  -89/130  253/390  457/390]
[   23/26  -83/390  -47/390 -109/130   -11/30   -55/78   19/130   73/390 -227/390  -21/130   -43/78   97/390   31/130 -227/390  -83/390]
[  -17/26   37/390     1/30 -109/130 -203/390   -79/78  -41/130 -167/390 -527/390 -141/130    29/78  397/390  111/130  -47/390   37/390]
[       0        0        0        0        0        0        0        0        0        0        0        0        0        0        0]
Testing obstruction for
m1: 1, m2: 98,a: 0
[    -1/2 -191/390 -179/390  -53/130 -131/390   -19/78  -17/130    1/390   61/390   43/130    41/78  289/390  127/130    37/30  589/390]
[   47/26  829/390  961/390  367/130 1249/390   281/78  523/130 1741/390 1921/390  703/130   461/78   193/30  907/130 2941/390 3169/390]
[  227/26 3649/390 3901/390 1387/130 4429/390   941/78 1663/130 5281/390 5581/390   151/10  1241/78 6529/390 2287/130 7201/390 7549/390]
[  527/26 8269/390 8641/390 3007/130 9409/390  1805/78 2883/130   637/30 7921/390 2523/130  1445/78 6889/390 2187/130 6241/390 5929/390]
[  375/26 5329/390 5041/390 1587/130 4489/390     65/6 1323/130 3721/390 3481/390 1083/130   605/78 2809/390  867/130 2401/390 2209/390]
[  135/26 1849/390 1681/390    39/10 1369/390   245/78  363/130  961/390  841/390  243/130   125/78  529/390  147/130  361/390  289/390]
[   15/26    13/30  121/390   27/130   49/390     5/78    3/130    1/390    1/390    3/130     5/78   49/390   27/130  121/390    13/30]
[   15/26  289/390  361/390  147/130  529/390   125/78  243/130  841/390  961/390  363/130   245/78 1369/390    39/10 1681/390 1849/390]
[  135/26 2209/390 2401/390  867/130 2809/390   605/78 1083/130 3481/390 3721/390 1323/130     65/6 4489/390 1587/130 5041/390 5329/390]
[  375/26 5929/390 6241/390 2187/130 6889/390  1445/78 2523/130 7921/390   637/30 2883/130  1805/78 9409/390 3007/130 8641/390 8269/390]
[  527/26 7549/390 7201/390 2287/130 6529/390  1241/78   151/10 5581/390 5281/390 1663/130   941/78 4429/390 1387/130 3901/390 3649/390]
[  227/26 3169/390 2941/390  907/130   193/30   461/78  703/130 1921/390 1741/390  523/130   281/78 1249/390  367/130  961/390  829/390]
[   47/26  589/390    37/30  127/130  289/390    41/78   43/130   61/390    1/390  -17/130   -19/78 -131/390  -53/130 -179/390 -191/390]
[       0        0        0        0        0        0        0        0        0        0        0        0        0        0        0]
Testing obstruction for
m1: 2, m2: 33,a: 0
[    -1/2 -127/390   77/390 -121/130  113/390   -11/78  -29/130   17/390  257/390  -49/130    73/78  233/390   79/130    29/30  653/390]
[   19/26  833/390  737/390  259/130  953/390   253/78  311/130 1517/390 1457/390  511/130   349/78   161/30  599/130 2417/390 2393/390]
[  167/26 2753/390 3137/390  959/130 2753/390   553/78  711/130 2417/390 2057/390    47/10   349/78 1793/390  399/130 1517/390 1193/390]
[   67/26  953/390 1037/390  159/130  833/390   109/78  131/130    29/30  497/390   -9/130    73/78  113/390   -1/130   17/390  173/390]
[  -21/26  113/390 -103/390  -61/130 -127/390      1/6 -129/130   77/390 -103/390  -49/130   -11/78  173/390  -81/130  257/390  113/390]
[    7/26  233/390  497/390     3/10  653/390   109/78  191/130  737/390 1037/390  231/130   253/78 1193/390  419/130 1457/390 1793/390]
[   99/26   161/30 2057/390  719/130 2393/390   553/78  831/130 3137/390 3137/390  831/130   553/78 2393/390  719/130 2057/390   161/30]
[   99/26 1793/390 1457/390  419/130 1193/390   253/78  231/130 1037/390  737/390  191/130   109/78  653/390     3/10  497/390  233/390]
[    7/26  113/390  257/390  -81/130  173/390   -11/78  -49/130 -103/390   77/390 -129/130      1/6 -127/390  -61/130 -103/390  113/390]
[  -21/26  173/390   17/390   -1/130  113/390    73/78   -9/130  497/390    29/30  131/130   109/78  833/390  159/130 1037/390  953/390]
[   67/26 1193/390 1517/390  399/130 1793/390   349/78    47/10 2057/390 2417/390  711/130   553/78 2753/390  959/130 3137/390 2753/390]
[  167/26 2393/390 2417/390  599/130   161/30   349/78  511/130 1457/390 1517/390  311/130   253/78  953/390  259/130  737/390  833/390]
[   19/26  653/390    29/30   79/130  233/390    73/78  -49/130  257/390   17/390  -29/130   -11/78  113/390 -121/130   77/390 -127/390]
[       0        0        0        0        0        0        0        0        0        0        0        0        0        0        0]
Testing obstruction for
m1: 3, m2: 20,a: 0
[    -1/2 -331/390   41/390   47/130  -31/390    61/78  123/130  941/390 1241/390  423/130   361/78 1289/390  427/130    77/30  449/390]
[   27/26   89/390  281/390   67/130 -151/390     1/78  -37/130  281/390  401/390   83/130   121/78    53/30  427/130 1601/390 1649/390]
[   95/26  929/390  941/390  227/130  149/390    25/78  -57/130   41/390  -19/390    -9/10   -35/78 -271/390   47/130  281/390  149/390]
[   35/26  629/390 1241/390  527/130 1649/390   289/78  323/130    77/30  761/390   83/130    49/78  -31/390   67/130  161/390 -151/390]
[    3/26  -31/390  401/390  187/130  449/390     13/6  323/130 1601/390 1961/390  423/130   217/78  629/390  227/130  461/390  -31/390]
[   -1/26 -271/390  -19/390    -1/10 -331/390   -23/78  -57/130  281/390  461/390  123/130   157/78  929/390  527/130 1961/390 1289/390]
[   75/26    53/30  761/390  187/130   89/390    25/78  -37/130  161/390  161/390  -37/130    25/78   89/390  187/130  761/390    53/30]
[   75/26 1289/390 1961/390  527/130  929/390   157/78  123/130  461/390  281/390  -57/130   -23/78 -331/390    -1/10  -19/390 -271/390]
[   -1/26  -31/390  461/390  227/130  629/390   217/78  423/130 1961/390 1601/390  323/130     13/6  449/390  187/130  401/390  -31/390]
[    3/26 -151/390  161/390   67/130  -31/390    49/78   83/130  761/390    77/30  323/130   289/78 1649/390  527/130 1241/390  629/390]
[   35/26  149/390  281/390   47/130 -271/390   -35/78    -9/10  -19/390   41/390  -57/130    25/78  149/390  227/130  941/390  929/390]
[   95/26 1649/390 1601/390  427/130    53/30   121/78   83/130  401/390  281/390  -37/130     1/78 -151/390   67/130  281/390   89/390]
[   27/26  449/390    77/30  427/130 1289/390   361/78  423/130 1241/390  941/390  123/130    61/78  -31/390   47/130   41/390 -331/390]
[       0        0        0        0        0        0        0        0        0        0        0        0        0        0        0]
Testing obstruction for
m1: 7, m2: 8,a: 0
[    -1/2 -323/390   73/390   71/130  877/390   101/78  219/130  553/390  193/390  119/130    53/78  697/390   31/130     1/30 -323/390]
[   -9/26 -203/390  253/390  151/130 1177/390   173/78   99/130  253/390  -47/390   59/130    29/78    49/30   31/130   73/390 -203/390]
[    3/26   37/390  553/390  271/130  817/390   113/78   19/130   73/390 -167/390     3/10    29/78  697/390   71/130  253/390   37/390]
[   23/26  397/390  193/390  171/130  577/390    77/78  -21/130     1/30 -167/390   59/130    53/78  877/390  151/130  553/390  397/390]
[   -1/26   97/390  -47/390  111/130  457/390      5/6  -21/130   73/390  -47/390  119/130   101/78 1177/390  271/130  193/390   97/390]
[  -17/26  -83/390 -167/390     7/10  457/390    77/78   19/130  253/390  193/390  219/130   173/78  817/390  171/130  -47/390  -83/390]
[  -25/26   -11/30 -167/390  111/130  577/390   113/78   99/130  553/390  553/390   99/130   113/78  577/390  111/130 -167/390   -11/30]
[  -25/26  -83/390  -47/390  171/130  817/390   173/78  219/130  193/390  253/390   19/130    77/78  457/390     7/10 -167/390  -83/390]
[  -17/26   97/390  193/390  271/130 1177/390   101/78  119/130  -47/390   73/390  -21/130      5/6  457/390  111/130  -47/390   97/390]
[   -1/26  397/390  553/390  151/130  877/390    53/78   59/130 -167/390     1/30  -21/130    77/78  577/390  171/130  193/390  397/390]
[   23/26   37/390  253/390   71/130  697/390    29/78     3/10 -167/390   73/390   19/130   113/78  817/390  271/130  553/390   37/390]
[    3/26 -203/390   73/390   31/130    49/30    29/78   59/130  -47/390  253/390   99/130   173/78 1177/390  151/130  253/390 -203/390]
[   -9/26 -323/390     1/30   31/130  697/390    53/78  119/130  193/390  553/390  219/130   101/78  877/390   71/130   73/390 -323/390]
[       0        0        0        0        0        0        0        0        0        0        0        0        0        0        0]
Unobstructed
34
---------------------------
---------------------------
12a436
Correction terms
[    -1/2  109/286  293/286 -163/286 -115/286 -135/286 -223/286  193/286  -31/286 -323/286 -111/286     3/26  109/286     9/22   57/286]
[ -71/286  305/286   41/286 -291/286 -119/286  -15/286   21/286    -1/26 -111/286 -279/286   57/286   -19/22  -47/286   85/286  149/286]
[ 145/286   73/286  -67/286   -25/26   21/286 -323/286 -163/286  -71/286  -47/286    -7/22 -203/286  189/286  -59/286  197/286   -17/26]
[ -67/286  -15/286  -31/286 -115/286 -267/286   85/286 -203/286     1/22 -411/286 -331/286    23/26  197/286   73/286 -119/286  193/286]
[-135/286   41/286 -423/286 -383/286  161/286     5/22    -9/26 -331/286  -59/286  145/286  281/286 -223/286 -223/286  281/286  145/286]
[ -59/286 -331/286    -9/26     5/22  161/286 -383/286 -423/286   41/286 -135/286  193/286 -119/286   73/286  197/286    23/26 -331/286]
[-411/286     1/22 -203/286   85/286 -267/286 -115/286  -31/286  -15/286  -67/286   -17/26  197/286  -59/286  189/286 -203/286    -7/22]
[ -47/286  -71/286 -163/286 -323/286   21/286   -25/26  -67/286   73/286  145/286  149/286   85/286  -47/286   -19/22   57/286 -279/286]
[-111/286    -1/26   21/286  -15/286 -119/286 -291/286   41/286  305/286  -71/286   57/286     9/22  109/286     3/26 -111/286 -323/286]
[ -31/286  193/286 -223/286 -135/286 -115/286 -163/286  293/286  109/286        0        0        0        0        0        0        0]
Testing obstruction for
m1: 1, m2: 72,a: 0
[    -1/2 -139/286 -127/286 -107/286  -79/286  -43/286    1/286   53/286  113/286  181/286  257/286    31/26  433/286    41/22  641/286]
[ 757/286  881/286 1013/286 1153/286 1301/286 1457/286 1621/286   163/26 1973/286 2161/286 2357/286   197/22 2773/286 2993/286 3221/286]
[3457/286 3701/286 3953/286   383/26 4481/286 4757/286 5041/286 4761/286 4489/286   325/22 3969/286 3721/286 3481/286 3249/286   275/26]
[2809/286 2601/286 2401/286 2209/286 2025/286 1849/286 1681/286   117/22 1369/286 1225/286    99/26  961/286  841/286  729/286  625/286]
[ 529/286  441/286  361/286  289/286  225/286    13/22    11/26   81/286   49/286   25/286    9/286    1/286    1/286    9/286   25/286]
[  49/286   81/286    11/26    13/22  225/286  289/286  361/286  441/286  529/286  625/286  729/286  841/286  961/286    99/26 1225/286]
[1369/286   117/22 1681/286 1849/286 2025/286 2209/286 2401/286 2601/286 2809/286   275/26 3249/286 3481/286 3721/286 3969/286   325/22]
[4489/286 4761/286 5041/286 4757/286 4481/286   383/26 3953/286 3701/286 3457/286 3221/286 2993/286 2773/286   197/22 2357/286 2161/286]
[1973/286   163/26 1621/286 1457/286 1301/286 1153/286 1013/286  881/286  757/286  641/286    41/22  433/286    31/26  257/286  181/286]
[ 113/286   53/286    1/286  -43/286  -79/286 -107/286 -127/286 -139/286        0        0        0        0        0        0        0]
Testing obstruction for
m1: 6, m2: 7,a: 0
[    -1/2 -223/286  109/286  281/286  293/286  145/286  409/286  513/286  457/286  241/286 -135/286    -9/26 -223/286     5/22  193/286]
[ 161/286  -31/286  189/286  249/286  721/286  461/286   41/286     3/26 -135/286  109/286  193/286     9/22 -119/286   57/286   73/286]
[ 501/286  197/286  305/286    23/26   41/286  241/286  281/286  161/286 -119/286     1/22  -15/286  369/286   21/286   85/286    -1/26]
[ 305/286  461/286  457/286  293/286  -31/286   57/286  -15/286    25/22  -67/286  -47/286   -17/26   85/286  197/286  721/286  513/286]
[ 145/286  189/286   73/286  369/286  -67/286    -7/22   -25/26  -47/286   21/286  501/286  249/286  409/286  409/286  249/286  501/286]
[  21/286  -47/286   -25/26    -7/22  -67/286  369/286   73/286  189/286  145/286  513/286  721/286  197/286   85/286   -17/26  -47/286]
[ -67/286    25/22  -15/286   57/286  -31/286  293/286  457/286  461/286  305/286    -1/26   85/286   21/286  369/286  -15/286     1/22]
[-119/286  161/286  281/286  241/286   41/286    23/26  305/286  197/286  501/286   73/286   57/286 -119/286     9/22  193/286  109/286]
[-135/286     3/26   41/286  461/286  721/286  249/286  189/286  -31/286  161/286  193/286     5/22 -223/286    -9/26 -135/286  241/286]
[ 457/286  513/286  409/286  145/286  293/286  281/286  109/286 -223/286        0        0        0        0        0        0        0]
Unobstructed
6
---------------------------
---------------------------
12a449
Correction terms
[    -1/2  241/374   29/374  -75/374  -71/374   41/374 -487/374 -159/374 -471/374   73/374  -23/374    -1/34  109/374  337/374  -75/374]
[ 369/374  173/374     5/22  105/374  233/374 -279/374   65/374   -21/34 -419/374 -499/374 -471/374 -335/374  -91/374 -487/374  -27/374]
[-207/374 -279/374 -243/374    -9/34     9/22 -235/374  233/374   61/374   -3/374   41/374  193/374 -295/374   73/374 -199/374   -33/34]
[-419/374 -367/374 -207/374   61/374 -311/374  173/374     1/22  -31/374   29/374  197/374   -25/34  109/374 -147/374 -295/374 -335/374]
[-267/374  -91/374  193/374 -163/374  337/374  197/374    15/34  241/374    25/22  -31/374  369/374  129/374   -3/374  -27/374   57/374]
[-499/374 -199/374   -49/34  -23/374 -147/374 -163/374  -71/374  129/374 -311/374  105/374    -7/22 -235/374 -243/374   -13/34   65/374]
[-367/374   57/374 -159/374 -267/374 -267/374 -159/374   57/374 -367/374   65/374   -13/34 -243/374 -235/374    -7/22  105/374 -311/374]
[ 129/374  -71/374 -163/374 -147/374  -23/374   -49/34 -199/374 -499/374   57/374  -27/374   -3/374  129/374  369/374  -31/374    25/22]
[ 241/374    15/34  197/374  337/374 -163/374  193/374  -91/374 -267/374 -335/374 -295/374 -147/374  109/374   -25/34  197/374   29/374]
[ -31/374     1/22  173/374 -311/374   61/374 -207/374 -367/374 -419/374   -33/34 -199/374   73/374 -295/374  193/374   41/374   -3/374]
[  61/374  233/374 -235/374     9/22    -9/34 -243/374 -279/374 -207/374  -27/374 -487/374  -91/374 -335/374 -471/374 -499/374 -419/374]
[  -21/34   65/374 -279/374  233/374  105/374     5/22  173/374  369/374  -75/374  337/374  109/374    -1/34  -23/374   73/374 -471/374]
[-159/374 -487/374   41/374  -71/374  -75/374   29/374  241/374        0        0        0        0        0        0        0        0]
Testing obstruction for
m1: 1, m2: 94,a: 0
[    -1/2 -183/374 -171/374 -151/374 -123/374  -87/374  -43/374    9/374   69/374  137/374  213/374    27/34  389/374  489/374  597/374]
[ 713/374  837/374    57/22 1109/374 1257/374 1413/374 1577/374   159/34 1929/374 2117/374 2313/374 2517/374 2729/374 2949/374 3177/374]
[3413/374 3657/374 3909/374   379/34   261/22 4713/374 4997/374 5289/374 5589/374 5897/374 6213/374 6537/374 6869/374 7209/374   687/34]
[7913/374 8277/374 8649/374 8281/374 7921/374 7569/374   425/22 6889/374 6561/374 6241/374   539/34 5625/374 5329/374 5041/374 4761/374]
[4489/374 4225/374 3969/374 3721/374 3481/374 3249/374   275/34 2809/374   153/22 2401/374 2209/374 2025/374 1849/374 1681/374 1521/374]
[1369/374 1225/374    99/34  961/374  841/374  729/374  625/374  529/374  441/374  361/374    17/22  225/374  169/374    11/34   81/374]
[  49/374   25/374    9/374    1/374    1/374    9/374   25/374   49/374   81/374    11/34  169/374  225/374    17/22  361/374  441/374]
[ 529/374  625/374  729/374  841/374  961/374    99/34 1225/374 1369/374 1521/374 1681/374 1849/374 2025/374 2209/374 2401/374   153/22]
[2809/374   275/34 3249/374 3481/374 3721/374 3969/374 4225/374 4489/374 4761/374 5041/374 5329/374 5625/374   539/34 6241/374 6561/374]
[6889/374   425/22 7569/374 7921/374 8281/374 8649/374 8277/374 7913/374   687/34 7209/374 6869/374 6537/374 6213/374 5897/374 5589/374]
[5289/374 4997/374 4713/374   261/22   379/34 3909/374 3657/374 3413/374 3177/374 2949/374 2729/374 2517/374 2313/374 2117/374 1929/374]
[  159/34 1577/374 1413/374 1257/374 1109/374    57/22  837/374  713/374  597/374  489/374  389/374    27/34  213/374  137/374   69/374]
[   9/374  -43/374  -87/374 -123/374 -151/374 -171/374 -183/374        0        0        0        0        0        0        0        0]
Testing obstruction for
m1: 6, m2: 9,a: 0
[    -1/2 -295/374  129/374  337/374  329/374  105/374  413/374  505/374 1129/374  789/374  233/374    19/34  -31/374  261/374  337/374]
[ 197/374 -159/374     1/22  -23/374  469/374   -3/374   57/374    -9/34  277/374  437/374 1129/374  857/374  369/374  413/374  241/374]
[ 601/374   -3/374  -75/374   -33/34    -7/22  -91/374  469/374   65/374  193/374  105/374  549/374  777/374  789/374  585/374    15/34]
[ 277/374  173/374  601/374   65/374   61/374 -159/374     9/22  249/374  129/374 -207/374    -1/34  -31/374  481/374  777/374  857/374]
[ 721/374  369/374  549/374  513/374  261/374 -207/374   -13/34 -295/374     5/22  249/374  197/374  -71/374  193/374  241/374  821/374]
[ 437/374  585/374    47/34  233/374  481/374  513/374  329/374  -71/374   61/374  -23/374    25/22  -91/374  -75/374   -25/34   57/374]
[ 173/374  821/374  505/374  721/374  721/374  505/374  821/374  173/374   57/374   -25/34  -75/374  -91/374    25/22  -23/374   61/374]
[ -71/374  329/374  513/374  481/374  233/374    47/34  585/374  437/374  821/374  241/374  193/374  -71/374  197/374  249/374     5/22]
[-295/374   -13/34 -207/374  261/374  513/374  549/374  369/374  721/374  857/374  777/374  481/374  -31/374    -1/34 -207/374  129/374]
[ 249/374     9/22 -159/374   61/374   65/374  601/374  173/374  277/374    15/34  585/374  789/374  777/374  549/374  105/374  193/374]
[  65/374  469/374  -91/374    -7/22   -33/34  -75/374   -3/374  601/374  241/374  413/374  369/374  857/374 1129/374  437/374  277/374]
[   -9/34   57/374   -3/374  469/374  -23/374     1/22 -159/374  197/374  337/374  261/374  -31/374    19/34  233/374  789/374 1129/374]
[ 505/374  413/374  105/374  329/374  337/374  129/374 -295/374        0        0        0        0        0        0        0        0]
Unobstructed
41
---------------------------
---------------------------
