13a4522
Correction terms
[    -1/2 -267/734   33/734  533/734 -235/734  665/734  297/734  129/734  161/734  393/734 -643/734  -11/734  821/734  385/734  149/734]
[ 113/734  277/734 -827/734 -263/734  501/734   -3/734 -307/734 1057/734 -315/734  -19/734  477/734 -295/734 -867/734  229/734   57/734]
[  85/734  313/734  741/734  -99/734 -739/734  289/734   49/734    9/734  169/734  529/734 -379/734  381/734 -127/734 -435/734 -543/734]
[-451/734 -159/734  333/734 1025/734  449/734   73/734 -103/734  -79/734  145/734  569/734 -275/734  549/734  105/734 -139/734 -183/734]
[ -27/734  329/734 -583/734  173/734 -339/734  817/734  705/734  793/734 -387/734  101/734 -679/734  209/734 -171/734 -351/734 -331/734]
[-111/734  309/734 -539/734  281/734 -167/734 -415/734 -463/734 1157/734   41/734  593/734 -123/734 -639/734 -955/734  397/734  481/734]
[-703/734 -219/734  465/734 -119/734 -503/734  781/734 -671/734 -455/734  -39/734  577/734  -75/734  941/734  689/734 -831/734 -683/734]
[-335/734  213/734 -507/734  441/734  121/734    1/734   81/734  361/734 -627/734   53/734 -535/734  545/734  357/734  369/734  581/734]
[-475/734  137/734 -519/734  493/734  237/734  181/734  325/734  669/734 -255/734  489/734  -35/734 -359/734 -483/734 -407/734 -131/734]
[ 345/734 1021/734  429/734   37/734 -155/734 -147/734   61/734  469/734 -391/734  417/734  -43/734 -303/734 -363/734 -223/734  117/734]
[-811/734  -71/734  869/734  541/734  413/734  485/734 -711/734 -239/734  433/734 -163/734 -559/734  713/734  717/734 -547/734 -143/734]
[ 461/734 -203/734 -667/734  537/734  473/734  609/734  945/734   13/734 -719/734  217/734 -115/734 -247/734 -179/734   89/734  557/734]
[-243/734  625/734  225/734   25/734   25/734  225/734  625/734 -243/734  557/734   89/734 -179/734 -247/734 -115/734  217/734 -719/734]
[  13/734  945/734  609/734  473/734  537/734 -667/734 -203/734  461/734 -143/734 -547/734  717/734  713/734 -559/734 -163/734  433/734]
[-239/734 -711/734  485/734  413/734  541/734  869/734  -71/734 -811/734  117/734 -223/734 -363/734 -303/734  -43/734  417/734 -391/734]
[ 469/734   61/734 -147/734 -155/734   37/734  429/734 1021/734  345/734 -131/734 -407/734 -483/734 -359/734  -35/734  489/734 -255/734]
[ 669/734  325/734  181/734  237/734  493/734 -519/734  137/734 -475/734  581/734  369/734  357/734  545/734 -535/734   53/734 -627/734]
[ 361/734   81/734    1/734  121/734  441/734 -507/734  213/734 -335/734 -683/734 -831/734  689/734  941/734  -75/734  577/734  -39/734]
[-455/734 -671/734  781/734 -503/734 -119/734  465/734 -219/734 -703/734  481/734  397/734 -955/734 -639/734 -123/734  593/734   41/734]
[1157/734 -463/734 -415/734 -167/734  281/734 -539/734  309/734 -111/734 -331/734 -351/734 -171/734  209/734 -679/734  101/734 -387/734]
[ 793/734  705/734  817/734 -339/734  173/734 -583/734  329/734  -27/734 -183/734 -139/734  105/734  549/734 -275/734  569/734  145/734]
[ -79/734 -103/734   73/734  449/734 1025/734  333/734 -159/734 -451/734 -543/734 -435/734 -127/734  381/734 -379/734  529/734  169/734]
[   9/734   49/734  289/734 -739/734  -99/734  741/734  313/734   85/734   57/734  229/734 -867/734 -295/734  477/734  -19/734 -315/734]
[1057/734 -307/734   -3/734  501/734 -263/734 -827/734  277/734  113/734  149/734  385/734  821/734  -11/734 -643/734  393/734  161/734]
[ 129/734  297/734  665/734 -235/734  533/734   33/734 -267/734        0        0        0        0        0        0        0        0]
Testing obstruction for
m1: 1, m2: 184,a: 0
[     -1/2  -363/734  -351/734  -331/734  -303/734  -267/734  -223/734  -171/734  -111/734   -43/734    33/734   117/734   209/734   309/734   417/734]
[  533/734   657/734   789/734   929/734  1077/734  1233/734  1397/734  1569/734  1749/734  1937/734  2133/734  2337/734  2549/734  2769/734  2997/734]
[ 3233/734  3477/734  3729/734  3989/734  4257/734  4533/734  4817/734  5109/734  5409/734  5717/734  6033/734  6357/734  6689/734  7029/734  7377/734]
[ 7733/734  8097/734  8469/734  8849/734  9237/734  9633/734 10037/734 10449/734 10869/734 11297/734 11733/734 12177/734 12629/734 13089/734 13557/734]
[14033/734 14517/734 15009/734 15509/734 16017/734 16533/734 17057/734 17589/734 18129/734 18677/734 19233/734 19797/734 20369/734 20949/734 21537/734]
[22133/734 22737/734 23349/734 23969/734 24597/734 25233/734 25877/734 26529/734 27189/734 27857/734 28533/734 29217/734 29909/734 30609/734 31317/734]
[32033/734 32757/734 33489/734 32761/734 32041/734 31329/734 30625/734 29929/734 29241/734 28561/734 27889/734 27225/734 26569/734 25921/734 25281/734]
[24649/734 24025/734 23409/734 22801/734 22201/734 21609/734 21025/734 20449/734 19881/734 19321/734 18769/734 18225/734 17689/734 17161/734 16641/734]
[16129/734 15625/734 15129/734 14641/734 14161/734 13689/734 13225/734 12769/734 12321/734 11881/734 11449/734 11025/734 10609/734 10201/734  9801/734]
[ 9409/734  9025/734  8649/734  8281/734  7921/734  7569/734  7225/734  6889/734  6561/734  6241/734  5929/734  5625/734  5329/734  5041/734  4761/734]
[ 4489/734  4225/734  3969/734  3721/734  3481/734  3249/734  3025/734  2809/734  2601/734  2401/734  2209/734  2025/734  1849/734  1681/734  1521/734]
[ 1369/734  1225/734  1089/734   961/734   841/734   729/734   625/734   529/734   441/734   361/734   289/734   225/734   169/734   121/734    81/734]
[   49/734    25/734     9/734     1/734     1/734     9/734    25/734    49/734    81/734   121/734   169/734   225/734   289/734   361/734   441/734]
[  529/734   625/734   729/734   841/734   961/734  1089/734  1225/734  1369/734  1521/734  1681/734  1849/734  2025/734  2209/734  2401/734  2601/734]
[ 2809/734  3025/734  3249/734  3481/734  3721/734  3969/734  4225/734  4489/734  4761/734  5041/734  5329/734  5625/734  5929/734  6241/734  6561/734]
[ 6889/734  7225/734  7569/734  7921/734  8281/734  8649/734  9025/734  9409/734  9801/734 10201/734 10609/734 11025/734 11449/734 11881/734 12321/734]
[12769/734 13225/734 13689/734 14161/734 14641/734 15129/734 15625/734 16129/734 16641/734 17161/734 17689/734 18225/734 18769/734 19321/734 19881/734]
[20449/734 21025/734 21609/734 22201/734 22801/734 23409/734 24025/734 24649/734 25281/734 25921/734 26569/734 27225/734 27889/734 28561/734 29241/734]
[29929/734 30625/734 31329/734 32041/734 32761/734 33489/734 32757/734 32033/734 31317/734 30609/734 29909/734 29217/734 28533/734 27857/734 27189/734]
[26529/734 25877/734 25233/734 24597/734 23969/734 23349/734 22737/734 22133/734 21537/734 20949/734 20369/734 19797/734 19233/734 18677/734 18129/734]
[17589/734 17057/734 16533/734 16017/734 15509/734 15009/734 14517/734 14033/734 13557/734 13089/734 12629/734 12177/734 11733/734 11297/734 10869/734]
[10449/734 10037/734  9633/734  9237/734  8849/734  8469/734  8097/734  7733/734  7377/734  7029/734  6689/734  6357/734  6033/734  5717/734  5409/734]
[ 5109/734  4817/734  4533/734  4257/734  3989/734  3729/734  3477/734  3233/734  2997/734  2769/734  2549/734  2337/734  2133/734  1937/734  1749/734]
[ 1569/734  1397/734  1233/734  1077/734   929/734   789/734   657/734   533/734   417/734   309/734   209/734   117/734    33/734   -43/734  -111/734]
[ -171/734  -223/734  -267/734  -303/734  -331/734  -351/734  -363/734         0         0         0         0         0         0         0         0]
Unobstructed
147
---------------------------
---------------------------
13a4589
Correction terms
[    -1/2 -499/510 -211/510 -137/170  -79/510  -47/102 -293/170   29/510 -571/510 -213/170  -35/102 -199/510 -237/170 -691/510 -139/510]
[   -5/34 -499/510   -23/30   83/170 -619/510   13/102   87/170  -31/510  209/510  -13/170   49/102   41/510  123/170  209/510 -439/510]
[   31/34 -139/510 -211/510   83/170    13/30  -59/102  -93/170  269/510 -691/510  -33/170    1/102 -379/510  -77/170 -571/510 -379/510]
[  -45/34 -439/510 -691/510 -137/170 -619/510  -59/102    -9/10  -91/510 -211/510 -273/170   25/102 -439/510 -157/170   29/510   41/510]
[  -29/34 -379/510  209/510 -237/170  -79/510   13/102  -93/170  -91/510   -23/30  -53/170  -83/102 -139/510 -117/170  -31/510 -199/510]
[   11/34   41/510 -571/510  123/170 -199/510  -47/102   87/170  269/510 -211/510  -53/170      5/6 -499/510   43/170  269/510  -79/510]
[    7/34 -199/510   29/510  -77/170   41/510  -35/102 -293/170  -31/510 -691/510 -273/170  -83/102 -499/510   -21/10  -91/510 -619/510]
[  -41/34  -79/510  -31/510 -157/170 -379/510   49/102 -213/170   29/510  209/510  -33/170   25/102 -139/510   43/170  -91/510    13/30]
[    3/34 -619/510  269/510 -117/170 -439/510    1/102  -13/170 -571/510 -571/510  -13/170    1/102 -439/510 -117/170  269/510 -619/510]
[    3/34    13/30  -91/510   43/170 -139/510   25/102  -33/170  209/510   29/510 -213/170   49/102 -379/510 -157/170  -31/510  -79/510]
[  -41/34 -619/510  -91/510   -21/10 -499/510  -83/102 -273/170 -691/510  -31/510 -293/170  -35/102   41/510  -77/170   29/510 -199/510]
[    7/34  -79/510  269/510   43/170 -499/510      5/6  -53/170 -211/510  269/510   87/170  -47/102 -199/510  123/170 -571/510   41/510]
[   11/34 -199/510  -31/510 -117/170 -139/510  -83/102  -53/170   -23/30  -91/510  -93/170   13/102  -79/510 -237/170  209/510 -379/510]
[  -29/34   41/510   29/510 -157/170 -439/510   25/102 -273/170 -211/510  -91/510    -9/10  -59/102 -619/510 -137/170 -691/510 -439/510]
[  -45/34 -379/510 -571/510  -77/170 -379/510    1/102  -33/170 -691/510  269/510  -93/170  -59/102    13/30   83/170 -211/510 -139/510]
[   31/34 -439/510  209/510  123/170   41/510   49/102  -13/170  209/510  -31/510   87/170   13/102 -619/510   83/170   -23/30 -499/510]
[   -5/34 -139/510 -691/510 -237/170 -199/510  -35/102 -213/170 -571/510   29/510 -293/170  -47/102  -79/510 -137/170 -211/510 -499/510]
[       0        0        0        0        0        0        0        0        0        0        0        0        0        0        0]
Testing obstruction for
m1: 1, m2: 128,a: 0
[     -1/2  -251/510  -239/510   -73/170  -191/510   -31/102   -37/170   -59/510     1/510    23/170    29/102   229/510   107/170   421/510   529/510]
[    43/34   769/510     53/30   347/170  1189/510   269/102   503/170  1681/510  1861/510   683/170   449/102  2449/510   887/170  2881/510  3109/510]
[   223/34  3589/510  3841/510  1367/170    257/30   929/102  1643/170  5221/510  5521/510  1943/170  1229/102  6469/510  2267/170  7141/510  7489/510]
[   523/34  8209/510  8581/510  2987/170  9349/510  1949/102    199/10 10561/510 10981/510  3803/170  2369/102 12289/510  4247/170 13201/510 13669/510]
[   943/34 14629/510 15121/510  5207/170 16129/510  3125/102  5043/170 14641/510    833/30  4563/170  2645/102 12769/510  4107/170 11881/510 11449/510]
[   735/34 10609/510 10201/510  3267/170  9409/510  1805/102  2883/170  8281/510  7921/510  2523/170      85/6  6889/510  2187/170  6241/510  5929/510]
[   375/34  5329/510  5041/510  1587/170  4489/510   845/102  1323/170  3721/510  3481/510  1083/170   605/102  2809/510     51/10  2401/510  2209/510]
[   135/34  1849/510  1681/510   507/170  1369/510   245/102   363/170   961/510   841/510   243/170   125/102   529/510   147/170   361/510     17/30]
[    15/34   169/510   121/510    27/170    49/510     5/102     3/170     1/510     1/510     3/170     5/102    49/510    27/170   121/510   169/510]
[    15/34     17/30   361/510   147/170   529/510   125/102   243/170   841/510   961/510   363/170   245/102  1369/510   507/170  1681/510  1849/510]
[   135/34  2209/510  2401/510     51/10  2809/510   605/102  1083/170  3481/510  3721/510  1323/170   845/102  4489/510  1587/170  5041/510  5329/510]
[   375/34  5929/510  6241/510  2187/170  6889/510      85/6  2523/170  7921/510  8281/510  2883/170  1805/102  9409/510  3267/170 10201/510 10609/510]
[   735/34 11449/510 11881/510  4107/170 12769/510  2645/102  4563/170    833/30 14641/510  5043/170  3125/102 16129/510  5207/170 15121/510 14629/510]
[   943/34 13669/510 13201/510  4247/170 12289/510  2369/102  3803/170 10981/510 10561/510    199/10  1949/102  9349/510  2987/170  8581/510  8209/510]
[   523/34  7489/510  7141/510  2267/170  6469/510  1229/102  1943/170  5521/510  5221/510  1643/170   929/102    257/30  1367/170  3841/510  3589/510]
[   223/34  3109/510  2881/510   887/170  2449/510   449/102   683/170  1861/510  1681/510   503/170   269/102  1189/510   347/170     53/30   769/510]
[    43/34   529/510   421/510   107/170   229/510    29/102    23/170     1/510   -59/510   -37/170   -31/102  -191/510   -73/170  -239/510  -251/510]
[        0         0         0         0         0         0         0         0         0         0         0         0         0         0         0]
Testing obstruction for
m1: 2, m2: 43,a: 0
[    -1/2 -167/510   97/510 -161/170  133/510  -19/102  -49/170  -23/510  277/510  -89/170   77/102  193/510   59/170  337/510  673/510]
[   11/34  853/510    41/30  239/170  913/510  257/102  271/170 1537/510 1417/510  491/170  341/102 2113/510  559/170 2437/510 2353/510]
[  163/34 2713/510 3157/510  919/170   209/30  701/102 1211/170 3937/510 4417/510 1351/170  977/102 4873/510 1679/170 5377/510 4873/510]
[  303/34 4393/510 4417/510 1199/170 3973/510  701/102    63/10 3097/510 3157/510  791/170  557/102 2353/510  699/170 2017/510 2113/510]
[   91/34 1813/510 1417/510  399/170 1153/510  257/102  191/170 1057/510    41/30  171/170  101/102  673/510   -1/170  517/510  193/510]
[    3/34   73/510  277/510 -121/170  193/510  -19/102  -69/170 -143/510   97/510 -169/170      1/6 -167/510  -81/170 -143/510  133/510]
[  -29/34  193/510  -23/510  -21/170   73/510   77/102  -49/170  517/510  337/510  111/170  101/102  853/510     7/10 1057/510  913/510]
[   63/34 1153/510 1537/510  359/170 1813/510  341/102  591/170 2017/510 2437/510  671/170  557/102 2713/510  939/170 3097/510   209/30]
[  211/34 3973/510 3937/510 1359/170 4393/510  977/102 1511/170 5377/510 5377/510 1511/170  977/102 4393/510 1359/170 3937/510 3973/510]
[  211/34   209/30 3097/510  939/170 2713/510  557/102  671/170 2437/510 2017/510  591/170  341/102 1813/510  359/170 1537/510 1153/510]
[   63/34  913/510 1057/510     7/10  853/510  101/102  111/170  337/510  517/510  -49/170   77/102   73/510  -21/170  -23/510  193/510]
[  -29/34  133/510 -143/510  -81/170 -167/510      1/6 -169/170   97/510 -143/510  -69/170  -19/102  193/510 -121/170  277/510   73/510]
[    3/34  193/510  517/510   -1/170  673/510  101/102  171/170    41/30 1057/510  191/170  257/102 1153/510  399/170 1417/510 1813/510]
[   91/34 2113/510 2017/510  699/170 2353/510  557/102  791/170 3157/510 3097/510    63/10  701/102 3973/510 1199/170 4417/510 4393/510]
[  303/34 4873/510 5377/510 1679/170 4873/510  977/102 1351/170 4417/510 3937/510 1211/170  701/102   209/30  919/170 3157/510 2713/510]
[  163/34 2353/510 2437/510  559/170 2113/510  341/102  491/170 1417/510 1537/510  271/170  257/102  913/510  239/170    41/30  853/510]
[   11/34  673/510  337/510   59/170  193/510   77/102  -89/170  277/510  -23/510  -49/170  -19/102  133/510 -161/170   97/510 -167/510]
[       0        0        0        0        0        0        0        0        0        0        0        0        0        0        0]
Testing obstruction for
m1: 3, m2: 26,a: 0
[    -1/2 -439/510   29/510   43/170 -139/510   49/102   87/170  929/510 1229/510  387/170  349/102 1961/510  943/170 3329/510 2441/510]
[  147/34 1601/510    97/30  443/170  641/510  121/102   67/170  449/510  329/510  -53/170    1/102 -199/510   83/170  329/510   41/510]
[   27/34  401/510 1049/510  443/170    73/30  361/102  667/170 2849/510 3329/510  807/170  433/102 1541/510  523/170 1229/510  521/510]
[   31/34   41/510  269/510   43/170 -379/510  -47/102    -9/10  -31/510   29/510  -93/170   13/102   41/510  223/170  929/510  821/510]
[   91/34 1541/510 2369/510  943/170 2921/510  529/102  667/170 2009/510    97/30  307/170  169/102  401/510  203/170  449/510  -79/510]
[    3/34 -199/510  209/510   83/170  -79/510   49/102   67/170  809/510 1049/510  307/170     17/6 1601/510  803/170 2849/510 2921/510]
[  175/34 1961/510 1949/510  523/170  821/510  145/102   87/170  449/510  269/510  -93/170  -35/102 -439/510    -1/10  -31/510 -379/510]
[   -5/34 -139/510  449/510  223/170  521/510  205/102  387/170 1949/510 2369/510  807/170  625/102 2441/510  803/170 2009/510    73/30]
[   75/34  641/510  809/510  203/170   41/510   25/102  -53/170  209/510  209/510  -53/170   25/102   41/510  203/170  809/510  641/510]
[   75/34    73/30 2009/510  803/170 2441/510  625/102  807/170 2369/510 1949/510  387/170  205/102  521/510  223/170  449/510 -139/510]
[   -5/34 -379/510  -31/510    -1/10 -439/510  -35/102  -93/170  269/510  449/510   87/170  145/102  821/510  523/170 1949/510 1961/510]
[  175/34 2921/510 2849/510  803/170 1601/510     17/6  307/170 1049/510  809/510   67/170   49/102  -79/510   83/170  209/510 -199/510]
[    3/34  -79/510  449/510  203/170  401/510  169/102  307/170    97/30 2009/510  667/170  529/102 2921/510  943/170 2369/510 1541/510]
[   91/34  821/510  929/510  223/170   41/510   13/102  -93/170   29/510  -31/510    -9/10  -47/102 -379/510   43/170  269/510   41/510]
[   31/34  521/510 1229/510  523/170 1541/510  433/102  807/170 3329/510 2849/510  667/170  361/102    73/30  443/170 1049/510  401/510]
[   27/34   41/510  329/510   83/170 -199/510    1/102  -53/170  329/510  449/510   67/170  121/102  641/510  443/170    97/30 1601/510]
[  147/34 2441/510 3329/510  943/170 1961/510  349/102  387/170 1229/510  929/510   87/170   49/102 -139/510   43/170   29/510 -439/510]
[       0        0        0        0        0        0        0        0        0        0        0        0        0        0        0]
Unobstructed
29
---------------------------
---------------------------
13a4590
Correction terms
[    -1/2 -479/534  -47/534  -13/178  613/534 -227/534  215/178   25/534   49/534 -117/178 -107/534 -287/534 -297/178  217/534 -167/534]
[  31/178  -71/534  409/534  155/178   97/534  373/534   75/178 -347/534 -275/534 -209/178 -335/534 -467/534   15/178  133/534 -203/534]
[  35/178  -11/534  517/534 -149/178  301/534 -443/534 -181/178    1/534  121/534  -61/178  157/534   73/534  211/178 -299/534  481/534]
[ -77/178 -299/534  277/534 -213/178  157/534 -539/534  159/178    1/534  169/534  -29/178  301/534  265/534  -65/178  -11/534 -251/534]
[  51/178  133/534 -311/534  -37/178 -335/534   85/534   27/178 -347/534 -131/534 -113/178   97/534  109/534 -101/178  -71/534 -263/534]
[  63/178  217/534 -179/534   23/178 -107/534  361/534 -221/178   25/534  289/534   43/178  613/534 -395/534  103/178 -479/534      5/6]
[ -41/178  -47/534 -395/534  -33/178 -227/534  289/534  127/178   49/534  361/534   83/178 -287/534 -179/534 -165/178 -167/534 -263/534]
[-261/178  409/534  109/534  151/178  373/534 -131/534    3/178 -275/534   85/534    7/178 -467/534 -311/534 -193/178 -203/534 -251/534]
[ 115/178  517/534  265/534  219/178 -443/534  169/534 -237/178  121/534 -539/534 -185/178   73/534  277/534   19/178  481/534  481/534]
[  19/178  277/534   73/534 -185/178 -539/534  121/534 -237/178  169/534 -443/534  219/178  265/534  517/534  115/178 -251/534 -203/534]
[-193/178 -311/534 -467/534    7/178   85/534 -275/534    3/178 -131/534  373/534  151/178  109/534  409/534 -261/178 -263/534 -167/534]
[-165/178 -179/534 -287/534   83/178  361/534   49/534  127/178  289/534 -227/534  -33/178 -395/534  -47/534  -41/178      5/6 -479/534]
[ 103/178 -395/534  613/534   43/178  289/534   25/534 -221/178  361/534 -107/534   23/178 -179/534  217/534   63/178 -263/534  -71/534]
[-101/178  109/534   97/534 -113/178 -131/534 -347/534   27/178   85/534 -335/534  -37/178 -311/534  133/534   51/178 -251/534  -11/534]
[ -65/178  265/534  301/534  -29/178  169/534    1/534  159/178 -539/534  157/534 -213/178  277/534 -299/534  -77/178  481/534 -299/534]
[ 211/178   73/534  157/534  -61/178  121/534    1/534 -181/178 -443/534  301/534 -149/178  517/534  -11/534   35/178 -203/534  133/534]
[  15/178 -467/534 -335/534 -209/178 -275/534 -347/534   75/178  373/534   97/534  155/178  409/534  -71/534   31/178 -167/534  217/534]
[-297/178 -287/534 -107/534 -117/178   49/534   25/534  215/178 -227/534  613/534  -13/178  -47/534 -479/534        0        0        0]
Testing obstruction for
m1: 1, m2: 134,a: 0
[     -1/2  -263/534  -251/534   -77/178  -203/534  -167/534   -41/178   -71/534   -11/534    19/178   133/534   217/534   103/178   409/534   517/534]
[  211/178   757/534   889/534   343/178  1177/534  1333/534   499/178  1669/534  1849/534   679/178  2233/534  2437/534   883/178  2869/534  3097/534]
[ 1111/178  3577/534  3829/534  1363/178  4357/534  4633/534  1639/178  5209/534  5509/534  1939/178  6133/534  6457/534  2263/178  7129/534  7477/534]
[ 2611/178  8197/534  8569/534  2983/178  9337/534  9733/534  3379/178 10549/534 10969/534  3799/178 11833/534 12277/534  4243/178 13189/534 13657/534]
[ 4711/178 14617/534 15109/534  5203/178 16117/534 16633/534  5719/178 17689/534 17161/534  5547/178 16129/534 15625/534  5043/178 14641/534 14161/534]
[ 4563/178 13225/534 12769/534  4107/178 11881/534 11449/534  3675/178 10609/534 10201/534  3267/178  9409/534  9025/534  2883/178  8281/534      89/6]
[ 2523/178  7225/534  6889/534  2187/178  6241/534  5929/534  1875/178  5329/534  5041/534  1587/178  4489/534  4225/534  1323/178  3721/534  3481/534]
[ 1083/178  3025/534  2809/534   867/178  2401/534  2209/534   675/178  1849/534  1681/534   507/178  1369/534  1225/534   363/178   961/534   841/534]
[  243/178   625/534   529/534   147/178   361/534   289/534    75/178   169/534   121/534    27/178    49/534    25/534     3/178     1/534     1/534]
[    3/178    25/534    49/534    27/178   121/534   169/534    75/178   289/534   361/534   147/178   529/534   625/534   243/178   841/534   961/534]
[  363/178  1225/534  1369/534   507/178  1681/534  1849/534   675/178  2209/534  2401/534   867/178  2809/534  3025/534  1083/178  3481/534  3721/534]
[ 1323/178  4225/534  4489/534  1587/178  5041/534  5329/534  1875/178  5929/534  6241/534  2187/178  6889/534  7225/534  2523/178      89/6  8281/534]
[ 2883/178  9025/534  9409/534  3267/178 10201/534 10609/534  3675/178 11449/534 11881/534  4107/178 12769/534 13225/534  4563/178 14161/534 14641/534]
[ 5043/178 15625/534 16129/534  5547/178 17161/534 17689/534  5719/178 16633/534 16117/534  5203/178 15109/534 14617/534  4711/178 13657/534 13189/534]
[ 4243/178 12277/534 11833/534  3799/178 10969/534 10549/534  3379/178  9733/534  9337/534  2983/178  8569/534  8197/534  2611/178  7477/534  7129/534]
[ 2263/178  6457/534  6133/534  1939/178  5509/534  5209/534  1639/178  4633/534  4357/534  1363/178  3829/534  3577/534  1111/178  3097/534  2869/534]
[  883/178  2437/534  2233/534   679/178  1849/534  1669/534   499/178  1333/534  1177/534   343/178   889/534   757/534   211/178   517/534   409/534]
[  103/178   217/534   133/534    19/178   -11/534   -71/534   -41/178  -167/534  -203/534   -77/178  -251/534  -263/534         0         0         0]
Unobstructed
74
---------------------------
---------------------------
13a4591
Correction terms
[    -1/2 -255/574 -159/574    1/574  225/574  513/574 -283/574    19/82  613/574    9/574 -531/574  141/574 -271/574 -619/574    35/82]
[  25/574 -131/574 -223/574 -251/574 -215/574 -115/574     7/82  277/574 -579/574 -223/574  197/574 -467/574   81/574    99/82  221/574]
[-187/574 -531/574  337/574  121/574  -31/574   -17/82 -143/574 -103/574    1/574  169/574  401/574    17/14   -13/82 -815/574 -327/574]
[ 225/574 -307/574  373/574  -31/574   -53/82 -647/574  289/574  141/574   57/574   37/574   81/574  -137/82  361/574  597/574 -251/574]
[ 113/574  541/574 -115/574  -101/82  -87/574  597/574  197/574 -139/574 -411/574 -619/574    55/82  305/574  289/574  337/574  449/574]
[-523/574 -283/574     3/82  389/574 -327/574  169/574 -419/574     5/14 -255/574    71/82  165/574 -103/574 -307/574 -447/574 -523/574]
[ 613/574    95/82 -367/574 -187/574   57/574  365/574 -411/574   25/574    75/82  -59/574 -579/574  113/574 -279/574  541/574  277/574]
[   11/82  -59/574 -131/574 -139/574  -83/574   37/574  221/574   -97/82 -367/574    9/574  449/574 -195/574  373/574 -143/574   -85/82]
[ 165/574 -159/574 -419/574    13/14  401/574 -815/574    47/82  389/574  513/574 -447/574 -195/574  121/574 -647/574   -29/82  305/574]
[-271/574  365/574  -83/574 -467/574  361/574    15/82  -87/574 -215/574 -279/574 -279/574 -215/574  -87/574    15/82  361/574 -467/574]
[ -83/574  365/574 -271/574  305/574   -29/82 -647/574  121/574 -195/574 -447/574  513/574  389/574    47/82 -815/574  401/574    13/14]
[-419/574 -159/574  165/574   -85/82 -143/574  373/574 -195/574  449/574    9/574 -367/574   -97/82  221/574   37/574  -83/574 -139/574]
[-131/574  -59/574    11/82  277/574  541/574 -279/574  113/574 -579/574  -59/574    75/82   25/574 -411/574  365/574   57/574 -187/574]
[-367/574    95/82  613/574 -523/574 -447/574 -307/574 -103/574  165/574    71/82 -255/574     5/14 -419/574  169/574 -327/574  389/574]
[    3/82 -283/574 -523/574  449/574  337/574  289/574  305/574    55/82 -619/574 -411/574 -139/574  197/574  597/574  -87/574  -101/82]
[-115/574  541/574  113/574 -251/574  597/574  361/574  -137/82   81/574   37/574   57/574  141/574  289/574 -647/574   -53/82  -31/574]
[ 373/574 -307/574  225/574 -327/574 -815/574   -13/82    17/14  401/574  169/574    1/574 -103/574 -143/574   -17/82  -31/574  121/574]
[ 337/574 -531/574 -187/574  221/574    99/82   81/574 -467/574  197/574 -223/574 -579/574  277/574     7/82 -115/574 -215/574 -251/574]
[-223/574 -131/574   25/574    35/82 -619/574 -271/574  141/574 -531/574    9/574  613/574    19/82 -283/574  513/574  225/574    1/574]
[-159/574 -255/574        0        0        0        0        0        0        0        0        0        0        0        0        0]
Testing obstruction for
m1: 1, m2: 144,a: 0
[     -1/2  -283/574  -271/574  -251/574  -223/574  -187/574  -143/574    -13/82   -31/574    37/574   113/574   197/574   289/574   389/574     71/82]
[  613/574   737/574   869/574  1009/574  1157/574  1313/574    211/82  1649/574  1829/574  2017/574  2213/574  2417/574  2629/574    407/82  3077/574]
[ 3313/574  3557/574  3809/574  4069/574  4337/574    659/82  4897/574  5189/574  5489/574  5797/574  6113/574    157/14    967/82  7109/574  7457/574]
[ 7813/574  8177/574  8549/574  8929/574   1331/82  9713/574 10117/574 10529/574 10949/574 11377/574 11813/574   1751/82 12709/574 13169/574 13637/574]
[14113/574 14597/574 15089/574   2227/82 16097/574 16613/574 17137/574 17669/574 18209/574 18757/574   2759/82 19877/574 20449/574 19881/574 19321/574]
[18769/574 18225/574   2527/82 17161/574 16641/574 16129/574 15625/574    369/14 14641/574   2023/82 13689/574 13225/574 12769/574 12321/574 11881/574]
[11449/574   1575/82 10609/574 10201/574  9801/574  9409/574  9025/574  8649/574   1183/82  7921/574  7569/574  7225/574  6889/574  6561/574  6241/574]
[   847/82  5625/574  5329/574  5041/574  4761/574  4489/574  4225/574    567/82  3721/574  3481/574  3249/574  3025/574  2809/574  2601/574    343/82]
[ 2209/574  2025/574  1849/574     41/14  1521/574  1369/574    175/82  1089/574   961/574   841/574   729/574   625/574   529/574     63/82   361/574]
[  289/574   225/574   169/574   121/574    81/574      7/82    25/574     9/574     1/574     1/574     9/574    25/574      7/82    81/574   121/574]
[  169/574   225/574   289/574   361/574     63/82   529/574   625/574   729/574   841/574   961/574  1089/574    175/82  1369/574  1521/574     41/14]
[ 1849/574  2025/574  2209/574    343/82  2601/574  2809/574  3025/574  3249/574  3481/574  3721/574    567/82  4225/574  4489/574  4761/574  5041/574]
[ 5329/574  5625/574    847/82  6241/574  6561/574  6889/574  7225/574  7569/574  7921/574   1183/82  8649/574  9025/574  9409/574  9801/574 10201/574]
[10609/574   1575/82 11449/574 11881/574 12321/574 12769/574 13225/574 13689/574   2023/82 14641/574    369/14 15625/574 16129/574 16641/574 17161/574]
[  2527/82 18225/574 18769/574 19321/574 19881/574 20449/574 19877/574   2759/82 18757/574 18209/574 17669/574 17137/574 16613/574 16097/574   2227/82]
[15089/574 14597/574 14113/574 13637/574 13169/574 12709/574   1751/82 11813/574 11377/574 10949/574 10529/574 10117/574  9713/574   1331/82  8929/574]
[ 8549/574  8177/574  7813/574  7457/574  7109/574    967/82    157/14  6113/574  5797/574  5489/574  5189/574  4897/574    659/82  4337/574  4069/574]
[ 3809/574  3557/574  3313/574  3077/574    407/82  2629/574  2417/574  2213/574  2017/574  1829/574  1649/574    211/82  1313/574  1157/574  1009/574]
[  869/574   737/574   613/574     71/82   389/574   289/574   197/574   113/574    37/574   -31/574    -13/82  -143/574  -187/574  -223/574  -251/574]
[ -271/574  -283/574         0         0         0         0         0         0         0         0         0         0         0         0         0]
Unobstructed
6
---------------------------
---------------------------
13a4593
Correction terms
[    -1/2   53/270   77/270    -7/30 -367/270   -59/54   -43/30 -103/270   17/270    -1/10   -47/54  -67/270    -7/30 -223/270   -7/270]
[     1/6  -67/270 -343/270    -9/10 -307/270  -107/54   -43/30 -403/270  -43/270    17/30    37/54   53/270    -9/10 -163/270 -247/270]
[   -11/6 -367/270 -403/270    -7/30  113/270    25/54    -1/10 -343/270 -283/270   -43/30   -23/54   -7/270    -7/30 -283/270 -127/270]
[    -1/2 -307/270 -103/270    -7/30 -187/270    13/54    17/30   77/270 -163/270   -21/10  -119/54 -247/270    -7/30  -43/270 -187/270]
[     1/6  113/270   17/270    -9/10 -127/270   -35/54   -43/30 -223/270 -223/270   -43/30   -35/54 -127/270    -9/10   17/270  113/270]
[     1/6 -187/270  -43/270    -7/30 -247/270  -119/54   -21/10 -163/270   77/270    17/30    13/54 -187/270    -7/30 -103/270 -307/270]
[    -1/2 -127/270 -283/270    -7/30   -7/270   -23/54   -43/30 -283/270 -343/270    -1/10    25/54  113/270    -7/30 -403/270 -367/270]
[   -11/6 -247/270 -163/270    -9/10   53/270    37/54    17/30  -43/270 -403/270   -43/30  -107/54 -307/270    -9/10 -343/270  -67/270]
[     1/6   -7/270 -223/270    -7/30  -67/270   -47/54    -1/10   17/270 -103/270   -43/30   -59/54 -367/270    -7/30   77/270   53/270]
[       0        0        0        0        0        0        0        0        0        0        0        0        0        0        0]
Testing obstruction for
m1: 1, m2: 68,a: 0
[    -1/2 -131/270 -119/270   -11/30  -71/270    -7/54     1/30   61/270  121/270     7/10    53/54  349/270    49/30  541/270  649/270]
[    17/6  889/270 1021/270    43/10 1309/270   293/54   181/30 1801/270 1981/270   241/30   473/54 2569/270   103/10 3001/270 3229/270]
[    77/6 3709/270 3961/270   469/30 4489/270   845/54   147/10 3721/270 3481/270   361/30   605/54 2809/270   289/30 2401/270 2209/270]
[    15/2 1849/270 1681/270   169/30 1369/270   245/54   121/30  961/270  841/270    27/10   125/54  529/270    49/30  361/270  289/270]
[     5/6  169/270  121/270     3/10   49/270     5/54     1/30    1/270    1/270     1/30     5/54   49/270     3/10  121/270  169/270]
[     5/6  289/270  361/270    49/30  529/270   125/54    27/10  841/270  961/270   121/30   245/54 1369/270   169/30 1681/270 1849/270]
[    15/2 2209/270 2401/270   289/30 2809/270   605/54   361/30 3481/270 3721/270   147/10   845/54 4489/270   469/30 3961/270 3709/270]
[    77/6 3229/270 3001/270   103/10 2569/270   473/54   241/30 1981/270 1801/270   181/30   293/54 1309/270    43/10 1021/270  889/270]
[    17/6  649/270  541/270    49/30  349/270    53/54     7/10  121/270   61/270     1/30    -7/54  -71/270   -11/30 -119/270 -131/270]
[       0        0        0        0        0        0        0        0        0        0        0        0        0        0        0]
Testing obstruction for
m1: 2, m2: 23,a: 0
Obstructed by Z^n/Q not being cyclic
Testing obstruction for
m1: 3, m2: 14,a: 0
[    -1/2 -223/270   53/270    17/30   77/270    73/54    53/30  953/270  713/270    11/10    49/54   17/270    17/30  113/270 -103/270]
[     1/6   17/270  353/270    19/10  497/270   169/54    53/30  473/270  293/270    -7/30   -11/54 -223/270    -1/10   -7/270 -163/270]
[     1/6   77/270  473/270    77/30  737/270   121/54    11/10  353/270  233/270    -7/30     1/54 -103/270    17/30  233/270  137/270]
[     3/2  497/270  953/270    77/30  257/270    37/54    -7/30   53/270   -7/270    -9/10   -23/54 -163/270    17/30  293/270  257/270]
[    13/6  737/270  713/270    19/10  137/270    25/54    -7/30  113/270  113/270    -7/30    25/54  137/270    19/10  713/270  737/270]
[    13/6  257/270  293/270    17/30 -163/270   -23/54    -9/10   -7/270   53/270    -7/30    37/54  257/270    77/30  953/270  497/270]
[     3/2  137/270  233/270    17/30 -103/270     1/54    -7/30  233/270  353/270    11/10   121/54  737/270    77/30  473/270   77/270]
[     1/6 -163/270   -7/270    -1/10 -223/270   -11/54    -7/30  293/270  473/270    53/30   169/54  497/270    19/10  353/270   17/270]
[     1/6 -103/270  113/270    17/30   17/270    49/54    11/10  713/270  953/270    53/30    73/54   77/270    17/30   53/270 -223/270]
[       0        0        0        0        0        0        0        0        0        0        0        0        0        0        0]
Unobstructed
13
---------------------------
---------------------------
