13a1887
Correction terms
[    -1/2  249/478 -199/478  329/478  -79/478 -467/478  121/478 -227/478  401/478   93/478 -195/478  493/478  245/478   17/478 -191/478]
[-379/478  409/478  261/478  133/478   25/478  -63/478 -131/478 -179/478  749/478 -215/478 -203/478 -171/478 -119/478  -47/478   45/478]
[ 157/478  289/478  441/478 -343/478 -151/478   61/478  293/478  545/478 -139/478  153/478 -491/478 -159/478  193/478  565/478    1/478]
[-543/478 -111/478  341/478 -143/478  349/478  -95/478  437/478   33/478 -351/478  241/478 -103/478  529/478  225/478  -59/478 -323/478]
[-567/478  165/478  -39/478  733/478 -387/478 -531/478  301/478  197/478  113/478   49/478    5/478  -19/478  -23/478   -7/478   29/478]
[  85/478  161/478  257/478  373/478 -447/478 -291/478 -115/478   81/478  297/478 -423/478 -167/478  109/478  405/478 -235/478  101/478]
[ 457/478 -123/478  273/478 -267/478  169/478 -331/478  145/478  641/478  201/478 -219/478 -619/478  -43/478  553/478  213/478 -107/478]
[-407/478  269/478    9/478 -231/478  505/478  305/478  125/478  -35/478 -175/478 -295/478 -395/478  481/478  421/478  381/478 -595/478]
[-595/478  381/478  421/478  481/478 -395/478 -295/478 -175/478  -35/478  125/478  305/478  505/478 -231/478    9/478  269/478 -407/478]
[-107/478  213/478  553/478  -43/478 -619/478 -219/478  201/478  641/478  145/478 -331/478  169/478 -267/478  273/478 -123/478  457/478]
[ 101/478 -235/478  405/478  109/478 -167/478 -423/478  297/478   81/478 -115/478 -291/478 -447/478  373/478  257/478  161/478   85/478]
[  29/478   -7/478  -23/478  -19/478    5/478   49/478  113/478  197/478  301/478 -531/478 -387/478  733/478  -39/478  165/478 -567/478]
[-323/478  -59/478  225/478  529/478 -103/478  241/478 -351/478   33/478  437/478  -95/478  349/478 -143/478  341/478 -111/478 -543/478]
[   1/478  565/478  193/478 -159/478 -491/478  153/478 -139/478  545/478  293/478   61/478 -151/478 -343/478  441/478  289/478  157/478]
[  45/478  -47/478 -119/478 -171/478 -203/478 -215/478  749/478 -179/478 -131/478  -63/478   25/478  133/478  261/478  409/478 -379/478]
[-191/478   17/478  245/478  493/478 -195/478   93/478  401/478 -227/478  121/478 -467/478  -79/478  329/478 -199/478  249/478        0]
Testing obstruction for
m1: 1, m2: 120,a: 0
[     -1/2  -235/478  -223/478  -203/478  -175/478  -139/478   -95/478   -43/478    17/478    85/478   161/478   245/478   337/478   437/478   545/478]
[  661/478   785/478   917/478  1057/478  1205/478  1361/478  1525/478  1697/478  1877/478  2065/478  2261/478  2465/478  2677/478  2897/478  3125/478]
[ 3361/478  3605/478  3857/478  4117/478  4385/478  4661/478  4945/478  5237/478  5537/478  5845/478  6161/478  6485/478  6817/478  7157/478  7505/478]
[ 7861/478  8225/478  8597/478  8977/478  9365/478  9761/478 10165/478 10577/478 10997/478 11425/478 11861/478 12305/478 12757/478 13217/478 13685/478]
[14161/478 13689/478 13225/478 12769/478 12321/478 11881/478 11449/478 11025/478 10609/478 10201/478  9801/478  9409/478  9025/478  8649/478  8281/478]
[ 7921/478  7569/478  7225/478  6889/478  6561/478  6241/478  5929/478  5625/478  5329/478  5041/478  4761/478  4489/478  4225/478  3969/478  3721/478]
[ 3481/478  3249/478  3025/478  2809/478  2601/478  2401/478  2209/478  2025/478  1849/478  1681/478  1521/478  1369/478  1225/478  1089/478   961/478]
[  841/478   729/478   625/478   529/478   441/478   361/478   289/478   225/478   169/478   121/478    81/478    49/478    25/478     9/478     1/478]
[    1/478     9/478    25/478    49/478    81/478   121/478   169/478   225/478   289/478   361/478   441/478   529/478   625/478   729/478   841/478]
[  961/478  1089/478  1225/478  1369/478  1521/478  1681/478  1849/478  2025/478  2209/478  2401/478  2601/478  2809/478  3025/478  3249/478  3481/478]
[ 3721/478  3969/478  4225/478  4489/478  4761/478  5041/478  5329/478  5625/478  5929/478  6241/478  6561/478  6889/478  7225/478  7569/478  7921/478]
[ 8281/478  8649/478  9025/478  9409/478  9801/478 10201/478 10609/478 11025/478 11449/478 11881/478 12321/478 12769/478 13225/478 13689/478 14161/478]
[13685/478 13217/478 12757/478 12305/478 11861/478 11425/478 10997/478 10577/478 10165/478  9761/478  9365/478  8977/478  8597/478  8225/478  7861/478]
[ 7505/478  7157/478  6817/478  6485/478  6161/478  5845/478  5537/478  5237/478  4945/478  4661/478  4385/478  4117/478  3857/478  3605/478  3361/478]
[ 3125/478  2897/478  2677/478  2465/478  2261/478  2065/478  1877/478  1697/478  1525/478  1361/478  1205/478  1057/478   917/478   785/478   661/478]
[  545/478   437/478   337/478   245/478   161/478    85/478    17/478   -43/478   -95/478  -139/478  -175/478  -203/478  -223/478  -235/478         0]
[-235/478, -223/478]
88 [-235/478, 733/478]
Testing obstruction for
m1: 2, m2: 41,a: 1
[    -1/2 -475/478 -227/478 -451/478 -191/478 -403/478 -131/478 -331/478  -47/478 -235/478   61/478 -115/478  193/478   29/478  349/478]
[ 197/478  529/478  389/478  733/478  605/478  961/478  845/478 1213/478 1109/478 1489/478 1397/478 1789/478 1709/478 2113/478 2045/478]
[2461/478 2405/478 2833/478 2789/478 3229/478 3197/478 3649/478 3629/478 4093/478 4085/478 4561/478 4565/478 4097/478 4113/478 3657/478]
[3685/478 3241/478 3281/478 2849/478 2901/478 2481/478 2545/478 2137/478 2213/478 1817/478 1905/478 1521/478 1621/478 1249/478 1361/478]
[1001/478 1125/478  777/478  913/478  577/478  725/478  401/478  561/478  249/478  421/478  121/478  305/478   17/478  213/478  -63/478]
[ 145/478 -119/478  101/478 -151/478   81/478 -159/478   85/478 -143/478  113/478 -103/478  165/478  -39/478  241/478   49/478  341/478]
[ 161/478  465/478  297/478  613/478  457/478  785/478  641/478  981/478  849/478 1201/478 1081/478 1445/478 1337/478 1713/478 1617/478]
[2005/478 1921/478 2321/478 2249/478 2661/478 2601/478 3025/478 2977/478 3413/478 3377/478 3825/478 3801/478 4261/478 4249/478 4721/478]
[4721/478 4249/478 4261/478 3801/478 3825/478 3377/478 3413/478 2977/478 3025/478 2601/478 2661/478 2249/478 2321/478 1921/478 2005/478]
[1617/478 1713/478 1337/478 1445/478 1081/478 1201/478  849/478  981/478  641/478  785/478  457/478  613/478  297/478  465/478  161/478]
[ 341/478   49/478  241/478  -39/478  165/478 -103/478  113/478 -143/478   85/478 -159/478   81/478 -151/478  101/478 -119/478  145/478]
[ -63/478  213/478   17/478  305/478  121/478  421/478  249/478  561/478  401/478  725/478  577/478  913/478  777/478 1125/478 1001/478]
[1361/478 1249/478 1621/478 1521/478 1905/478 1817/478 2213/478 2137/478 2545/478 2481/478 2901/478 2849/478 3281/478 3241/478 3685/478]
[3657/478 4113/478 4097/478 4565/478 4561/478 4085/478 4093/478 3629/478 3649/478 3197/478 3229/478 2789/478 2833/478 2405/478 2461/478]
[2045/478 2113/478 1709/478 1789/478 1397/478 1489/478 1109/478 1213/478  845/478  961/478  605/478  733/478  389/478  529/478  197/478]
[ 349/478   29/478  193/478 -115/478   61/478 -235/478  -47/478 -331/478 -131/478 -403/478 -191/478 -451/478 -227/478 -475/478        0]
Testing obstruction for
m1: 5, m2: 14,a: 1
[    -1/2 -451/478 -131/478 -235/478  193/478  197/478 -223/478 -111/478 -423/478 -203/478 -407/478  -79/478 -175/478  261/478  273/478]
[-139/478  -19/478 -323/478  -95/478 -291/478   45/478  -43/478  401/478  421/478   17/478  145/478 -151/478   85/478 -103/478  241/478]
[ 161/478  613/478  641/478  245/478  381/478   93/478  337/478  157/478  509/478  437/478  897/478  933/478  545/478  689/478  409/478]
[ 661/478  489/478  849/478  785/478 1253/478 1297/478  917/478 1069/478  797/478 1057/478  893/478 1261/478 1205/478 1681/478 1733/478]
[1361/478 1521/478 1257/478 1525/478 1369/478 1745/478 1697/478 1225/478 1285/478  921/478 1089/478  833/478 1109/478  961/478 1345/478]
[1305/478  841/478  909/478  553/478  729/478  481/478  765/478  625/478 1017/478  985/478  529/478  605/478  257/478  441/478  201/478]
[ 493/478  361/478  761/478  737/478  289/478  373/478   33/478  225/478   -7/478  293/478  169/478  577/478  561/478  121/478  213/478]
[-119/478   81/478 -143/478  165/478   49/478  465/478  457/478   25/478  125/478 -199/478    9/478 -207/478  109/478    1/478  425/478]
[ 425/478    1/478  109/478 -207/478    9/478 -199/478  125/478   25/478  457/478  465/478   49/478  165/478 -143/478   81/478 -119/478]
[ 213/478  121/478  561/478  577/478  169/478  293/478   -7/478  225/478   33/478  373/478  289/478  737/478  761/478  361/478  493/478]
[ 201/478  441/478  257/478  605/478  529/478  985/478 1017/478  625/478  765/478  481/478  729/478  553/478  909/478  841/478 1305/478]
[1345/478  961/478 1109/478  833/478 1089/478  921/478 1285/478 1225/478 1697/478 1745/478 1369/478 1525/478 1257/478 1521/478 1361/478]
[1733/478 1681/478 1205/478 1261/478  893/478 1057/478  797/478 1069/478  917/478 1297/478 1253/478  785/478  849/478  489/478  661/478]
[ 409/478  689/478  545/478  933/478  897/478  437/478  509/478  157/478  337/478   93/478  381/478  245/478  641/478  613/478  161/478]
[ 241/478 -103/478   85/478 -151/478  145/478   17/478  421/478  401/478  -43/478   45/478 -291/478  -95/478 -323/478  -19/478 -139/478]
[ 273/478  261/478 -175/478  -79/478 -407/478 -203/478 -423/478 -111/478 -223/478  197/478  193/478 -235/478 -131/478 -451/478        0]
Testing obstruction for
m1: 3, m2: 26,a: 2
[    -1/2 -427/478  -35/478  -19/478 -379/478 -159/478 -315/478  109/478  157/478 -171/478   81/478  -43/478  413/478  493/478  197/478]
[ 481/478  389/478  877/478  989/478  725/478 1041/478  981/478 1501/478 1645/478 1413/478 1761/478 1733/478 2285/478 2461/478 2261/478]
[2641/478 2645/478 2273/478 2481/478 2313/478 1769/478 1805/478 1465/478 1705/478 1569/478 1057/478 1125/478  817/478 1089/478  985/478]
[ 505/478  605/478  329/478  633/478  561/478  113/478  245/478    1/478  337/478  297/478 -119/478   45/478 -167/478  201/478  193/478]
[-191/478    5/478 -175/478  225/478  249/478 -103/478  125/478  -23/478  409/478  465/478  145/478  405/478  289/478  753/478  841/478]
[ 553/478  845/478  761/478 1257/478 1377/478 1121/478 1445/478 1393/478 1921/478 2073/478 1849/478 2205/478 2185/478 2745/478 2929/478]
[2737/478 2169/478 2181/478 1817/478 2033/478 1873/478 1337/478 1381/478 1049/478 1297/478 1169/478  665/478  741/478  441/478  721/478]
[ 625/478  153/478  261/478   -7/478  305/478  241/478 -199/478  -59/478 -295/478   49/478   17/478 -391/478 -219/478 -423/478  -47/478]
[ -47/478 -423/478 -219/478 -391/478   17/478   49/478 -295/478  -59/478 -199/478  241/478  305/478   -7/478  261/478  153/478  625/478]
[ 721/478  441/478  741/478  665/478 1169/478 1297/478 1049/478 1381/478 1337/478 1873/478 2033/478 1817/478 2181/478 2169/478 2737/478]
[2929/478 2745/478 2185/478 2205/478 1849/478 2073/478 1921/478 1393/478 1445/478 1121/478 1377/478 1257/478  761/478  845/478  553/478]
[ 841/478  753/478  289/478  405/478  145/478  465/478  409/478  -23/478  125/478 -103/478  249/478  225/478 -175/478    5/478 -191/478]
[ 193/478  201/478 -167/478   45/478 -119/478  297/478  337/478    1/478  245/478  113/478  561/478  633/478  329/478  605/478  505/478]
[ 985/478 1089/478  817/478 1125/478 1057/478 1569/478 1705/478 1465/478 1805/478 1769/478 2313/478 2481/478 2273/478 2645/478 2641/478]
[2261/478 2461/478 2285/478 1733/478 1761/478 1413/478 1645/478 1501/478  981/478 1041/478  725/478  989/478  877/478  389/478  481/478]
[ 197/478  493/478  413/478  -43/478   81/478 -171/478  157/478  109/478 -315/478 -159/478 -379/478  -19/478  -35/478 -427/478        0]
Testing obstruction for
m1: 8, m2: 9,a: 2
[    -1/2 -463/478 -179/478 -343/478    1/478 -103/478  301/478  257/478  721/478  737/478  305/478  381/478    9/478  145/478 -167/478]
[  29/478 -223/478   33/478 -159/478  157/478   25/478  401/478  329/478  765/478  753/478 1249/478 1297/478  897/478 1005/478  665/478]
[ 833/478  553/478  781/478  561/478  849/478  689/478 1037/478  937/478 1345/478 1305/478  817/478  837/478  409/478  489/478  121/478]
[ 261/478  -47/478  153/478  -95/478  165/478  -23/478  297/478  169/478  549/478  481/478  921/478  913/478  457/478  509/478  113/478]
[ 225/478 -111/478   61/478 -215/478   17/478 -199/478   93/478  -63/478  289/478  193/478  605/478  569/478 1041/478 1065/478  641/478]
[ 725/478  361/478  505/478  201/478  405/478  161/478  425/478  241/478  565/478  441/478  825/478  761/478 1205/478 1201/478  749/478]
[ 805/478  413/478  529/478  197/478  373/478  101/478  337/478  125/478  421/478  269/478  625/478  533/478  949/478  917/478  437/478]
[ 465/478   45/478  133/478 -227/478  -79/478 -379/478 -171/478 -411/478 -143/478 -323/478    5/478 -115/478  273/478  213/478  661/478]
[ 661/478  213/478  273/478 -115/478    5/478 -323/478 -143/478 -411/478 -171/478 -379/478  -79/478 -227/478  133/478   45/478  465/478]
[ 437/478  917/478  949/478  533/478  625/478  269/478  421/478  125/478  337/478  101/478  373/478  197/478  529/478  413/478  805/478]
[ 749/478 1201/478 1205/478  761/478  825/478  441/478  565/478  241/478  425/478  161/478  405/478  201/478  505/478  361/478  725/478]
[ 641/478 1065/478 1041/478  569/478  605/478  193/478  289/478  -63/478   93/478 -199/478   17/478 -215/478   61/478 -111/478  225/478]
[ 113/478  509/478  457/478  913/478  921/478  481/478  549/478  169/478  297/478  -23/478  165/478  -95/478  153/478  -47/478  261/478]
[ 121/478  489/478  409/478  837/478  817/478 1305/478 1345/478  937/478 1037/478  689/478  849/478  561/478  781/478  553/478  833/478]
[ 665/478 1005/478  897/478 1297/478 1249/478  753/478  765/478  329/478  401/478   25/478  157/478 -159/478   33/478 -223/478   29/478]
[-167/478  145/478    9/478  381/478  305/478  737/478  721/478  257/478  301/478 -103/478    1/478 -343/478 -179/478 -463/478        0]
Testing obstruction for
m1: 6, m2: 13,a: 3
[    -1/2 -467/478 -195/478 -379/478  -63/478 -203/478  157/478   61/478  465/478  413/478  861/478  853/478 1345/478 1381/478  961/478]
[1041/478  665/478  789/478  457/478  625/478  337/478  549/478  305/478  561/478  361/478  661/478  505/478  849/478  737/478 1125/478]
[1057/478 1489/478 1465/478  985/478 1005/478  569/478  633/478  241/478  349/478    1/478  153/478 -151/478   45/478 -215/478   25/478]
[-191/478   93/478  -79/478  249/478  121/478  493/478  409/478  825/478  785/478 1245/478 1249/478  797/478  845/478  437/478  529/478]
[ 165/478  301/478  -19/478  161/478 -115/478  109/478 -123/478  145/478  -43/478  269/478  125/478  481/478  381/478  781/478  725/478]
[1169/478 1157/478  689/478  721/478  297/478  373/478   -7/478  113/478 -223/478  -59/478 -351/478 -143/478 -391/478 -139/478 -343/478]
[ -47/478 -207/478  133/478   17/478  401/478  329/478  757/478  729/478 1201/478 1217/478  777/478  837/478  441/478  545/478  193/478]
[ 341/478   33/478  225/478  -39/478  197/478  -23/478  257/478   81/478  405/478  273/478  641/478  553/478  965/478  921/478 1377/478]
[1377/478  921/478  965/478  553/478  641/478  273/478  405/478   81/478  257/478  -23/478  197/478  -39/478  225/478   33/478  341/478]
[ 193/478  545/478  441/478  837/478  777/478 1217/478 1201/478  729/478  757/478  329/478  401/478   17/478  133/478 -207/478  -47/478]
[-343/478 -139/478 -391/478 -143/478 -351/478  -59/478 -223/478  113/478   -7/478  373/478  297/478  721/478  689/478 1157/478 1169/478]
[ 725/478  781/478  381/478  481/478  125/478  269/478  -43/478  145/478 -123/478  109/478 -115/478  161/478  -19/478  301/478  165/478]
[ 529/478  437/478  845/478  797/478 1249/478 1245/478  785/478  825/478  409/478  493/478  121/478  249/478  -79/478   93/478 -191/478]
[  25/478 -215/478   45/478 -151/478  153/478    1/478  349/478  241/478  633/478  569/478 1005/478  985/478 1465/478 1489/478 1057/478]
[1125/478  737/478  849/478  505/478  661/478  361/478  561/478  305/478  549/478  337/478  625/478  457/478  789/478  665/478 1041/478]
[ 961/478 1381/478 1345/478  853/478  861/478  413/478  465/478   61/478  157/478 -203/478  -63/478 -379/478 -195/478 -467/478        0]
[-467/478, -195/478, -379/478, -63/478, -203/478, 157/478, 61/478, 465/478, 413/478, 861/478, 853/478, 1345/478, 1381/478, 961/478, 1041/478, 665/478, 789/478, 457/478, 625/478, 337/478, 549/478, 305/478, 561/478, 361/478, 661/478, 505/478, 849/478, 737/478, 1125/478, 1057/478, 1489/478, 1465/478, 985/478, 1005/478, 569/478, 633/478, 241/478, 349/478, 1/478, 153/478, -151/478, 45/478, -215/478, 25/478, -191/478, 93/478, -79/478, 249/478, 121/478, 493/478, 409/478, 825/478, 785/478, 1245/478, 1249/478, 797/478, 845/478, 437/478, 529/478, 165/478, 301/478, -19/478, 161/478, -115/478, 109/478, -123/478, 145/478, -43/478, 269/478, 125/478, 481/478, 381/478, 781/478, 725/478, 1169/478, 1157/478, 689/478, 721/478, 297/478, 373/478, -7/478, 113/478, -223/478]
5 [-467/478, -195/478, -379/478, -63/478, -203/478, 157/478, 61/478, -491/478, -543/478, -95/478, -103/478, -567/478, -531/478, 5/478, 85/478, -291/478, -167/478, 457/478, -331/478, -619/478, -407/478, 305/478, -395/478, -595/478, -295/478, 505/478, -107/478, -219/478, 169/478, 101/478, -423/478, -447/478, 29/478, 49/478, -387/478, -323/478, 241/478, 349/478, 1/478, 153/478, -151/478, 45/478, -215/478, 25/478, -191/478, 93/478, -79/478, 249/478, 121/478, 493/478, 409/478, -131/478, -171/478, 289/478, 293/478, -159/478, -111/478, 437/478, 529/478, 165/478, 301/478, -19/478, 161/478, -115/478, 109/478, -123/478, 145/478, -43/478, 269/478, 125/478, 481/478, 381/478, -175/478, -231/478, 213/478, 201/478, -267/478, -235/478, 297/478, 373/478, -7/478, 113/478, 733/478]
Testing obstruction for
m1: 8, m2: 15,a: 7
[    -1/2 -463/478 -179/478 -343/478    1/478 -103/478  301/478  257/478  721/478  737/478  305/478  381/478    9/478  145/478 -167/478]
[  29/478 -223/478   33/478 -159/478  157/478   25/478  401/478  329/478  765/478  753/478  293/478  341/478  -59/478   49/478 -291/478]
[-123/478 -403/478 -175/478 -395/478 -107/478 -267/478   81/478  -19/478  389/478  349/478  817/478  837/478  409/478  489/478  121/478]
[ 261/478  -47/478  153/478  -95/478  165/478  -23/478  297/478  169/478  549/478  481/478  921/478  913/478  457/478  509/478  113/478]
[ 225/478 -111/478   61/478 -215/478   17/478 -199/478   93/478  -63/478  289/478  193/478  605/478  569/478 1041/478 1065/478  641/478]
[ 725/478  361/478  505/478  201/478  405/478  161/478  425/478  241/478  565/478  441/478  825/478  761/478 1205/478 1201/478  749/478]
[ 805/478  413/478  529/478  197/478  373/478  101/478  337/478  125/478  421/478  269/478  625/478  533/478  949/478  917/478 1393/478]
[1421/478 1001/478 1089/478  729/478  877/478  577/478  785/478  545/478  813/478  633/478  961/478  841/478 1229/478 1169/478 1617/478]
[1617/478 1169/478 1229/478  841/478  961/478  633/478  813/478  545/478  785/478  577/478  877/478  729/478 1089/478 1001/478 1421/478]
[1393/478  917/478  949/478  533/478  625/478  269/478  421/478  125/478  337/478  101/478  373/478  197/478  529/478  413/478  805/478]
[ 749/478 1201/478 1205/478  761/478  825/478  441/478  565/478  241/478  425/478  161/478  405/478  201/478  505/478  361/478  725/478]
[ 641/478 1065/478 1041/478  569/478  605/478  193/478  289/478  -63/478   93/478 -199/478   17/478 -215/478   61/478 -111/478  225/478]
[ 113/478  509/478  457/478  913/478  921/478  481/478  549/478  169/478  297/478  -23/478  165/478  -95/478  153/478  -47/478  261/478]
[ 121/478  489/478  409/478  837/478  817/478  349/478  389/478  -19/478   81/478 -267/478 -107/478 -395/478 -175/478 -403/478 -123/478]
[-291/478   49/478  -59/478  341/478  293/478  753/478  765/478  329/478  401/478   25/478  157/478 -159/478   33/478 -223/478   29/478]
[-167/478  145/478    9/478  381/478  305/478  737/478  721/478  257/478  301/478 -103/478    1/478 -343/478 -179/478 -463/478        0]
Testing obstruction for
m1: 16, m2: 17,a: 14
[    -1/2 -447/478 -115/478 -199/478  257/478  297/478  -79/478   85/478 -167/478  121/478   -7/478  405/478  401/478  -19/478  101/478]
[-195/478   49/478 -123/478  245/478  197/478  689/478  765/478  425/478  625/478  409/478  733/478  641/478 1089/478 1121/478  737/478]
[ 893/478  633/478  913/478  777/478 1181/478 1169/478 1697/478 1809/478 1505/478 1741/478 1561/478 1921/478 1865/478 1393/478 1461/478]
[1113/478 1305/478 1081/478 1397/478 1297/478  781/478  805/478  413/478  561/478  293/478  565/478  421/478  817/478  797/478  361/478]
[ 465/478  153/478  381/478  193/478  545/478  481/478    1/478   61/478 -295/478 -111/478 -343/478  -35/478 -143/478  289/478  305/478]
[ -95/478   45/478 -231/478   33/478 -119/478  269/478  241/478 -203/478 -107/478 -427/478 -207/478 -403/478  -59/478 -131/478  337/478]
[ 389/478   25/478  201/478  -39/478  261/478  145/478  569/478  577/478  169/478  301/478   17/478  273/478  113/478  493/478  457/478]
[ 961/478 1049/478  721/478  933/478  729/478 1065/478  985/478 1445/478 1489/478 1117/478 1285/478 1037/478 1329/478 1205/478 1621/478]
[1621/478 1205/478 1329/478 1037/478 1285/478 1117/478 1489/478 1445/478  985/478 1065/478  729/478  933/478  721/478 1049/478  961/478]
[ 457/478  493/478  113/478  273/478   17/478  301/478  169/478  577/478  569/478  145/478  261/478  -39/478  201/478   25/478  389/478]
[ 337/478 -131/478  -59/478 -403/478 -207/478 -427/478 -107/478 -203/478  241/478  269/478 -119/478   33/478 -231/478   45/478  -95/478]
[ 305/478  289/478 -143/478  -35/478 -343/478 -111/478 -295/478   61/478    1/478  481/478  545/478  193/478  381/478  153/478  465/478]
[ 361/478  797/478  817/478  421/478  565/478  293/478  561/478  413/478  805/478  781/478 1297/478 1397/478 1081/478 1305/478 1113/478]
[1461/478 1393/478 1865/478 1921/478 1561/478 1741/478 1505/478 1809/478 1697/478 1169/478 1181/478  777/478  913/478  633/478  893/478]
[ 737/478 1121/478 1089/478  641/478  733/478  409/478  625/478  425/478  765/478  689/478  197/478  245/478 -123/478   49/478 -195/478]
[ 101/478  -19/478  401/478  405/478   -7/478  121/478 -167/478   85/478  -79/478  297/478  257/478 -199/478 -115/478 -447/478        0]
[-447/478, -115/478, -199/478, 257/478, 297/478, -79/478, 85/478, -167/478, 121/478, -7/478, 405/478, 401/478, -19/478, 101/478, -195/478, 49/478, -123/478, 245/478, 197/478, 689/478, 765/478, 425/478, 625/478, 409/478, 733/478, 641/478, 1089/478, 1121/478, 737/478, 893/478, 633/478, 913/478, 777/478, 1181/478, 1169/478, 1697/478, 1809/478, 1505/478, 1741/478, 1561/478, 1921/478, 1865/478, 1393/478, 1461/478, 1113/478, 1305/478, 1081/478, 1397/478, 1297/478, 781/478, 805/478, 413/478, 561/478, 293/478, 565/478, 421/478, 817/478, 797/478, 361/478, 465/478, 153/478, 381/478, 193/478, 545/478, 481/478, 1/478, 61/478, -295/478, -111/478, -343/478, -35/478, -143/478, 289/478, 305/478, -95/478, 45/478, -231/478, 33/478, -119/478, 269/478, 241/478, -203/478, -107/478, -427/478]
79 [-447/478, -115/478, -199/478, 257/478, 297/478, -79/478, 85/478, -167/478, 121/478, -7/478, 405/478, 401/478, -19/478, 101/478, -195/478, 49/478, -123/478, 245/478, 197/478, -267/478, -191/478, -531/478, -331/478, 409/478, 733/478, 641/478, 133/478, 165/478, -219/478, -63/478, -323/478, -43/478, -179/478, 225/478, 213/478, -215/478, -103/478, -407/478, -171/478, -351/478, 9/478, -47/478, 437/478, 505/478, 157/478, 349/478, 125/478, 441/478, 341/478, -175/478, -151/478, -543/478, -395/478, 293/478, 565/478, 421/478, -139/478, -159/478, -595/478, -491/478, 153/478, 381/478, 193/478, 545/478, 481/478, 1/478, 61/478, -295/478, -111/478, -343/478, -35/478, -143/478, 289/478, 305/478, -95/478, 45/478, -231/478, 33/478, -119/478, 269/478, 241/478, -203/478, -107/478, 529/478]
---------------------------
SUCCESS for name = 13a1887
---------------------------
13a1927
Correction terms
[    -1/2  205/366  -95/366 -117/122 -563/366    1/366  -41/122 -203/366 -239/366  -77/122 -179/366  -83/366   19/122 -491/366 -263/366]
[   3/122  325/366  -47/366  119/122   73/366 -167/366 -121/122  217/366  109/366   15/122   25/366   49/366   39/122  229/366  385/366]
[ -49/122   97/366 -347/366   -5/122 -371/366   49/366  -73/122 -443/366 -623/366   -9/122 -119/366 -167/366  -57/122 -131/366  -47/366]
[  27/122  253/366 -263/366   -1/122 -431/366  -83/366 -141/122   13/366 -239/366 -149/122 -611/366    1/366  -25/122 -107/366  -95/366]
[ -13/122      1/6  205/366  131/122 -107/366  169/366  -81/122  121/366 -203/366   83/122   13/366 -179/366 -109/122  301/366  241/366]
[  75/122  253/366 -407/366  -97/122 -131/366   73/366 -137/122 -119/366 -515/366  -45/122 -443/366   25/366  -65/122 -371/366 -503/366]
[  47/122   97/366   97/366   47/122 -503/366 -371/366  -65/122   25/366 -443/366  -45/122 -515/366 -119/366 -137/122   73/366 -131/366]
[ -97/122 -407/366  253/366   75/122  241/366  301/366 -109/122 -179/366   13/366   83/122 -203/366  121/366  -81/122  169/366 -107/366]
[ 131/122  205/366      1/6  -13/122  -95/366 -107/366  -25/122    1/366 -611/366 -149/122 -239/366   13/366 -141/122  -83/366 -431/366]
[  -1/122 -263/366  253/366   27/122  -47/366 -131/366  -57/122 -167/366 -119/366   -9/122 -623/366 -443/366  -73/122   49/366 -371/366]
[  -5/122 -347/366   97/366  -49/122  385/366  229/366   39/122   49/366   25/366   15/122  109/366  217/366 -121/122 -167/366   73/366]
[ 119/122  -47/366  325/366    3/122 -263/366 -491/366   19/122  -83/366 -179/366  -77/122 -239/366 -203/366  -41/122    1/366 -563/366]
[-117/122  -95/366  205/366        0        0        0        0        0        0        0        0        0        0        0        0]
Testing obstruction for
m1: 1, m2: 92,a: 0
[    -1/2 -179/366 -167/366  -49/122 -119/366  -83/366  -13/122   13/366   73/366   47/122  217/366  301/366  131/122  493/366  601/366]
[ 239/122  841/366  973/366  371/122 1261/366 1417/366  527/122 1753/366 1933/366  707/122 2317/366 2521/366  911/122 2953/366 3181/366]
[1139/122 3661/366 3913/366 1391/122 4441/366 4717/366 1667/122 5293/366 5593/366 1967/122 6217/366 6541/366 2291/122 7213/366 7561/366]
[2639/122 8281/366 7921/366 2523/122 7225/366 6889/366 2187/122 6241/366 5929/366 1875/122 5329/366 5041/366 1587/122 4489/366 4225/366]
[1323/122     61/6 3481/366 1083/122 3025/366 2809/366  867/122 2401/366 2209/366  675/122 1849/366 1681/366  507/122 1369/366 1225/366]
[ 363/122  961/366  841/366  243/122  625/366  529/366  147/122  361/366  289/366   75/122  169/366  121/366   27/122   49/366   25/366]
[   3/122    1/366    1/366    3/122   25/366   49/366   27/122  121/366  169/366   75/122  289/366  361/366  147/122  529/366  625/366]
[ 243/122  841/366  961/366  363/122 1225/366 1369/366  507/122 1681/366 1849/366  675/122 2209/366 2401/366  867/122 2809/366 3025/366]
[1083/122 3481/366     61/6 1323/122 4225/366 4489/366 1587/122 5041/366 5329/366 1875/122 5929/366 6241/366 2187/122 6889/366 7225/366]
[2523/122 7921/366 8281/366 2639/122 7561/366 7213/366 2291/122 6541/366 6217/366 1967/122 5593/366 5293/366 1667/122 4717/366 4441/366]
[1391/122 3913/366 3661/366 1139/122 3181/366 2953/366  911/122 2521/366 2317/366  707/122 1933/366 1753/366  527/122 1417/366 1261/366]
[ 371/122  973/366  841/366  239/122  601/366  493/366  131/122  301/366  217/366   47/122   73/366   13/366  -13/122  -83/366 -119/366]
[ -49/122 -167/366 -179/366        0        0        0        0        0        0        0        0        0        0        0        0]
Unobstructed
10
---------------------------
---------------------------
13a1953
Correction terms
[    -1/2  573/518  -39/518  -23/518 -415/518 -179/518 -351/518    15/74  153/518 -207/518   61/518  -79/518  409/518 -547/518    23/74]
[ 461/518  353/518 -163/518  -51/518 -347/518  -15/518   -13/74 -575/518 -431/518  341/518 -331/518 -375/518  209/518    55/74  153/518]
[ 549/518 -499/518  117/518  325/518  125/518   -69/74 -463/518     5/14 -611/518  257/518 -319/518 -267/518    59/74  685/518 -487/518]
[   5/518   89/518 -235/518   69/518    -5/74 -547/518 -431/518  313/518 -387/518 -459/518   97/518    35/74  -15/518  353/518  313/518]
[-135/518   45/518 -183/518  -117/74  209/518 -207/518    5/518 -191/518  241/518  265/518   -17/74  125/518  -39/518  425/518    13/14]
[ 129/518 -631/518    39/74 -267/518 -179/518 -499/518 -191/518 -291/518  237/518    51/74   69/518  409/518  341/518 -135/518   17/518]
[-239/518    19/74   97/518 -347/518 -163/518 -387/518   17/518   13/518   -57/74 -183/518  661/518   61/518   89/518 -291/518  -43/518]
[  -29/74  265/518 -711/518  -23/518  257/518  129/518   -11/14   -45/74  405/518 -319/518  621/518  117/518  241/518  -43/518    43/74]
[-799/518 -235/518  -79/518 -331/518   45/518   13/518   -61/74 -239/518  577/518  -51/518  -51/518  577/518 -239/518   -61/74   13/518]
[  45/518 -331/518  -79/518 -235/518 -799/518    43/74  -43/518  241/518  117/518  621/518 -319/518  405/518   -45/74   -11/14  129/518]
[ 257/518  -23/518 -711/518  265/518   -29/74  -43/518 -291/518   89/518   61/518  661/518 -183/518   -57/74   13/518   17/518 -387/518]
[-163/518 -347/518   97/518    19/74 -239/518   17/518 -135/518  341/518  409/518   69/518    51/74  237/518 -291/518 -191/518 -499/518]
[-179/518 -267/518    39/74 -631/518  129/518    13/14  425/518  -39/518  125/518   -17/74  265/518  241/518 -191/518    5/518 -207/518]
[ 209/518  -117/74 -183/518   45/518 -135/518  313/518  353/518  -15/518    35/74   97/518 -459/518 -387/518  313/518 -431/518 -547/518]
[   -5/74   69/518 -235/518   89/518    5/518 -487/518  685/518    59/74 -267/518 -319/518  257/518 -611/518     5/14 -463/518   -69/74]
[ 125/518  325/518  117/518 -499/518  549/518  153/518    55/74  209/518 -375/518 -331/518  341/518 -431/518 -575/518   -13/74  -15/518]
[-347/518  -51/518 -163/518  353/518  461/518    23/74 -547/518  409/518  -79/518   61/518 -207/518  153/518    15/74 -351/518 -179/518]
[-415/518  -23/518  -39/518  573/518        0        0        0        0        0        0        0        0        0        0        0]
Testing obstruction for
m1: 1, m2: 130,a: 0
[     -1/2  -255/518  -243/518  -223/518  -195/518  -159/518  -115/518     -9/74    -3/518    65/518   141/518   225/518   317/518   417/518     75/74]
[  641/518   765/518   897/518  1037/518  1185/518  1341/518    215/74  1677/518  1857/518  2045/518  2241/518  2445/518  2657/518    411/74  3105/518]
[ 3341/518  3585/518  3837/518  4097/518  4365/518    663/74  4925/518    141/14  5517/518  5825/518  6141/518  6465/518    971/74  7137/518  7485/518]
[ 7841/518  8205/518  8577/518  8957/518   1335/74  9741/518 10145/518 10557/518 10977/518 11405/518 11841/518   1755/74 12737/518 13197/518 13665/518]
[14141/518 14625/518 15117/518   2231/74 16125/518 16641/518 16129/518 15625/518 15129/518 14641/518   2023/74 13689/518 13225/518 12769/518    333/14]
[11881/518 11449/518   1575/74 10609/518 10201/518  9801/518  9409/518  9025/518  8649/518   1183/74  7921/518  7569/518  7225/518  6889/518  6561/518]
[ 6241/518    847/74  5625/518  5329/518  5041/518  4761/518  4489/518  4225/518    567/74  3721/518  3481/518  3249/518  3025/518  2809/518  2601/518]
[   343/74  2209/518  2025/518  1849/518  1681/518  1521/518     37/14    175/74  1089/518   961/518   841/518   729/518   625/518   529/518     63/74]
[  361/518   289/518   225/518   169/518   121/518    81/518      7/74    25/518     9/518     1/518     1/518     9/518    25/518      7/74    81/518]
[  121/518   169/518   225/518   289/518   361/518     63/74   529/518   625/518   729/518   841/518   961/518  1089/518    175/74     37/14  1521/518]
[ 1681/518  1849/518  2025/518  2209/518    343/74  2601/518  2809/518  3025/518  3249/518  3481/518  3721/518    567/74  4225/518  4489/518  4761/518]
[ 5041/518  5329/518  5625/518    847/74  6241/518  6561/518  6889/518  7225/518  7569/518  7921/518   1183/74  8649/518  9025/518  9409/518  9801/518]
[10201/518 10609/518   1575/74 11449/518 11881/518    333/14 12769/518 13225/518 13689/518   2023/74 14641/518 15129/518 15625/518 16129/518 16641/518]
[16125/518   2231/74 15117/518 14625/518 14141/518 13665/518 13197/518 12737/518   1755/74 11841/518 11405/518 10977/518 10557/518 10145/518  9741/518]
[  1335/74  8957/518  8577/518  8205/518  7841/518  7485/518  7137/518    971/74  6465/518  6141/518  5825/518  5517/518    141/14  4925/518    663/74]
[ 4365/518  4097/518  3837/518  3585/518  3341/518  3105/518    411/74  2657/518  2445/518  2241/518  2045/518  1857/518  1677/518    215/74  1341/518]
[ 1185/518  1037/518   897/518   765/518   641/518     75/74   417/518   317/518   225/518   141/518    65/518    -3/518     -9/74  -115/518  -159/518]
[ -195/518  -223/518  -243/518  -255/518         0         0         0         0         0         0         0         0         0         0         0]
Testing obstruction for
m1: 4, m2: 19,a: 0
[    -1/2 -363/518  361/518 -159/518  149/518  249/518  141/518   -25/74  337/518  641/518  737/518  625/518 1341/518  813/518   159/74]
[1205/518 2125/518 1801/518 2305/518 2601/518 1653/518   219/74 1205/518 1705/518  961/518 1045/518  921/518  589/518     7/74  337/518]
[ 417/518  289/518  -47/518  445/518 -307/518   -33/74 -363/518     9/14 -215/518   65/518  137/518    1/518   -49/74  141/518  417/518]
[ 485/518  345/518 1033/518  477/518   107/74  813/518 1705/518 1353/518 1829/518 2097/518 2157/518   287/74 1653/518 2125/518 1353/518]
[1409/518 1257/518  897/518    47/74  589/518  641/518  485/518  121/518  585/518 -195/518   -21/74 -307/518  361/518 -215/518     1/14]
[  81/518  -83/518   -65/74    1/518  249/518  289/518  121/518  781/518  197/518    63/74  477/518 1341/518  961/518 1409/518 1649/518]
[1681/518   215/74 2157/518 2601/518 1801/518 1829/518 1649/518 1261/518    95/74  897/518  921/518  737/518  345/518  781/518  -27/518]
[   -1/74 -195/518  445/518 -159/518   65/518   81/518    -3/14   -73/74  -83/518  137/518  149/518  -47/518  585/518  -27/518    27/74]
[ 197/518 1033/518  625/518 1045/518 1257/518 1261/518   151/74 1681/518 2097/518 2305/518 2305/518 2097/518 1681/518   151/74 1261/518]
[1257/518 1045/518  625/518 1033/518  197/518    27/74  -27/518  585/518  -47/518  149/518  137/518  -83/518   -73/74    -3/14   81/518]
[  65/518 -159/518  445/518 -195/518    -1/74  -27/518  781/518  345/518  737/518  921/518  897/518    95/74 1261/518 1649/518 1829/518]
[1801/518 2601/518 2157/518   215/74 1681/518 1649/518 1409/518  961/518 1341/518  477/518    63/74  197/518  781/518  121/518  289/518]
[ 249/518    1/518   -65/74  -83/518   81/518     1/14 -215/518  361/518 -307/518   -21/74 -195/518  585/518  121/518  485/518  641/518]
[ 589/518    47/74  897/518 1257/518 1409/518 1353/518 2125/518 1653/518   287/74 2157/518 2097/518 1829/518 1353/518 1705/518  813/518]
[  107/74  477/518 1033/518  345/518  485/518  417/518  141/518   -49/74    1/518  137/518   65/518 -215/518     9/14 -363/518   -33/74]
[-307/518  445/518  -47/518  289/518  417/518  337/518     7/74  589/518  921/518 1045/518  961/518 1705/518 1205/518   219/74 1653/518]
[2601/518 2305/518 1801/518 2125/518 1205/518   159/74  813/518 1341/518  625/518  737/518  641/518  337/518   -25/74  141/518  249/518]
[ 149/518 -159/518  361/518 -363/518        0        0        0        0        0        0        0        0        0        0        0]
Testing obstruction for
m1: 3, m2: 28,a: 2
[    -1/2 -463/518  -39/518  -23/518 -415/518 -179/518 -351/518    15/74  153/518 -207/518   61/518  -79/518  409/518  489/518    23/74]
[ 461/518  353/518  873/518  985/518  689/518 1021/518   135/74 1497/518 1641/518 1377/518 1741/518 1697/518 2281/518   351/74 2225/518]
[2621/518 2609/518 3225/518 3433/518 3233/518   375/74 2645/518    61/14 2497/518 2329/518 1753/518 1805/518   207/74 1721/518 1585/518]
[1041/518 1125/518  801/518 1105/518   143/74  489/518  605/518  313/518  649/518  577/518   97/518    35/74  -15/518  353/518  313/518]
[-135/518   45/518 -183/518    31/74  209/518 -207/518    5/518 -191/518  241/518  265/518   -17/74  125/518  -39/518  425/518    13/14]
[ 129/518  405/518    39/74  769/518  857/518  537/518  845/518  745/518 1273/518   199/74 1105/518 1445/518 1377/518 1937/518 2089/518]
[1833/518   315/74 2169/518 2761/518 2945/518 2721/518 3125/518 3121/518   387/74 2925/518 2733/518 2133/518 2161/518 1781/518 2029/518]
[  267/74 1301/518 1361/518 1013/518 1293/518 1165/518    17/14   103/74  405/518  717/518  621/518  117/518  241/518  -43/518    43/74]
[ 237/518 -235/518  -79/518 -331/518   45/518   13/518   -61/74 -239/518 -459/518  -51/518  -51/518 -459/518 -239/518   -61/74   13/518]
[  45/518 -331/518  -79/518 -235/518  237/518    43/74  -43/518  241/518  117/518  621/518  717/518  405/518   103/74    17/14 1165/518]
[1293/518 1013/518 1361/518 1301/518   267/74 2029/518 1781/518 2161/518 2133/518 2733/518 2925/518   387/74 3121/518 3125/518 2721/518]
[2945/518 2761/518 2169/518   315/74 1833/518 2089/518 1937/518 1377/518 1445/518 1105/518   199/74 1273/518  745/518  845/518  537/518]
[ 857/518  769/518    39/74  405/518  129/518    13/14  425/518  -39/518  125/518   -17/74  265/518  241/518 -191/518    5/518 -207/518]
[ 209/518    31/74 -183/518   45/518 -135/518  313/518  353/518  -15/518    35/74   97/518  577/518  649/518  313/518  605/518  489/518]
[  143/74 1105/518  801/518 1125/518 1041/518 1585/518 1721/518   207/74 1805/518 1753/518 2329/518 2497/518    61/14 2645/518   375/74]
[3233/518 3433/518 3225/518 2609/518 2621/518 2225/518   351/74 2281/518 1697/518 1741/518 1377/518 1641/518 1497/518   135/74 1021/518]
[ 689/518  985/518  873/518  353/518  461/518    23/74  489/518  409/518  -79/518   61/518 -207/518  153/518    15/74 -351/518 -179/518]
[-415/518  -23/518  -39/518 -463/518        0        0        0        0        0        0        0        0        0        0        0]
[-463/518, -39/518, -23/518, -415/518]
36 [-463/518, -39/518, -23/518, 621/518]
Testing obstruction for
m1: 6, m2: 13,a: 2
[    -1/2 -507/518 -215/518 -419/518  -83/518 -243/518  137/518     3/74  445/518  373/518  841/518  813/518 1325/518 1341/518   123/74]
[ 921/518  485/518  589/518  197/518  345/518   -3/518    27/74 -115/518  121/518 -139/518  141/518  -75/518  249/518    11/74  445/518]
[ 317/518  729/518  645/518 1101/518 1061/518   223/74 1565/518    29/14 1121/518  673/518  765/518  361/518    71/74  137/518  317/518]
[   1/518  225/518  -47/518  221/518    -1/74  305/518  121/518  477/518  337/518  737/518  641/518   155/74 1033/518 1521/518 1513/518]
[1009/518 1045/518  585/518    95/74  249/518  373/518    1/518  169/518 -159/518   53/518   -33/74   25/518 -215/518   85/518    -3/14]
[ 233/518   81/518    67/74  361/518  793/518  729/518 1205/518 1185/518 1705/518   247/74 1257/518 1325/518  897/518 1009/518  625/518]
[ 781/518    63/74  641/518  345/518  589/518  337/518  625/518  417/518   107/74  585/518  961/518  841/518 1261/518 1185/518 1649/518]
[  231/74 1089/518 1101/518  617/518  673/518  233/518     9/14    -9/74   81/518 -271/518  -83/518 -391/518 -159/518 -423/518   -21/74]
[-367/518  -47/518 -223/518  141/518    9/518  417/518    47/74  781/518  737/518 1233/518 1233/518  737/518  781/518    47/74  417/518]
[   9/518  141/518 -223/518  -47/518 -367/518   -21/74 -423/518 -159/518 -391/518  -83/518 -271/518   81/518    -9/74     9/14  233/518]
[ 673/518  617/518 1101/518 1089/518   231/74 1649/518 1185/518 1261/518  841/518  961/518  585/518   107/74  417/518  625/518  337/518]
[ 589/518  345/518  641/518    63/74  781/518  625/518 1009/518  897/518 1325/518 1257/518   247/74 1705/518 1185/518 1205/518  729/518]
[ 793/518  361/518    67/74   81/518  233/518    -3/14   85/518 -215/518   25/518   -33/74   53/518 -159/518  169/518    1/518  373/518]
[ 249/518    95/74  585/518 1045/518 1009/518 1513/518 1521/518 1033/518   155/74  641/518  737/518  337/518  477/518  121/518  305/518]
[   -1/74  221/518  -47/518  225/518    1/518  317/518  137/518    71/74  361/518  765/518  673/518 1121/518    29/14 1565/518   223/74]
[1061/518 1101/518  645/518  729/518  317/518  445/518    11/74  249/518  -75/518  141/518 -139/518  121/518 -115/518    27/74   -3/518]
[ 345/518  197/518  589/518  485/518  921/518   123/74 1341/518 1325/518  813/518  841/518  373/518  445/518     3/74  137/518 -243/518]
[ -83/518 -419/518 -215/518 -507/518        0        0        0        0        0        0        0        0        0        0        0]
Testing obstruction for
m1: 9, m2: 10,a: 4
[    -1/2 -499/518 -183/518 -347/518   45/518  -43/518  425/518    59/74  957/518 1021/518  605/518  745/518  405/518  621/518    51/74]
[ 649/518  461/518  829/518  717/518 1161/518 1125/518    87/74  649/518  209/518  325/518  -39/518  153/518 -135/518    19/74  -79/518]
[ 265/518  129/518  549/518  489/518  985/518   143/74  537/518    17/14  241/518  409/518   97/518  341/518    15/74  425/518  265/518]
[ 661/518  577/518 1049/518 1041/518    79/74  621/518  209/518  353/518   17/518  237/518  -23/518    39/74   89/518  461/518  353/518]
[ 801/518  769/518  257/518    43/74 -135/518  -15/518 -375/518 -179/518 -463/518 -191/518   -57/74  -51/518 -183/518  241/518     5/14]
[ 685/518  705/518   183/74 1377/518  993/518 1165/518  857/518 1105/518  873/518   171/74 1041/518 1441/518 1361/518  801/518  797/518]
[ 313/518    55/74  -23/518  125/518 -207/518   17/518 -239/518   61/518   -17/74  257/518  153/518  605/518  577/518 1105/518 1153/518]
[  103/74  845/518  489/518  689/518  409/518  685/518    13/14   119/74  705/518 1133/518 1081/518  549/518  573/518  117/518    31/74]
[-163/518   13/518 -291/518  -39/518 -267/518   61/518   -13/74  313/518  237/518  717/518  717/518  237/518  313/518   -13/74   61/518]
[-267/518  -39/518 -291/518   13/518 -163/518    31/74  117/518  573/518  549/518 1081/518 1133/518  705/518   119/74    13/14  685/518]
[ 409/518  689/518  489/518  845/518   103/74 1153/518 1105/518  577/518  605/518  153/518  257/518   -17/74   61/518 -239/518   17/518]
[-207/518  125/518  -23/518    55/74  313/518  797/518  801/518 1361/518 1441/518 1041/518   171/74  873/518 1105/518  857/518 1165/518]
[ 993/518 1377/518   183/74  705/518  685/518     5/14  241/518 -183/518  -51/518   -57/74 -191/518 -463/518 -179/518 -375/518  -15/518]
[-135/518    43/74  257/518  769/518  801/518  353/518  461/518   89/518    39/74  -23/518  237/518   17/518  353/518  209/518  621/518]
[   79/74 1041/518 1049/518  577/518  661/518  265/518  425/518    15/74  341/518   97/518  409/518  241/518    17/14  537/518   143/74]
[ 985/518  489/518  549/518  129/518  265/518  -79/518    19/74 -135/518  153/518  -39/518  325/518  209/518  649/518    87/74 1125/518]
[1161/518  717/518  829/518  461/518  649/518    51/74  621/518  405/518  745/518  605/518 1021/518  957/518    59/74  425/518  -43/518]
[  45/518 -347/518 -183/518 -499/518        0        0        0        0        0        0        0        0        0        0        0]
Unobstructed
31
---------------------------
---------------------------
13a1955
Correction terms
[    -1/2  101/574  117/574 -239/574  181/574  229/574  -95/574    51/82  437/574  145/574  629/574 -407/574  481/574 -151/574    -1/82]
[-235/574  313/574 -659/574  293/574 -275/574  -67/574   -33/82 -767/574 -527/574 -659/574  -15/574 -891/574  157/574   -45/82  -11/574]
[ -79/574 -519/574 -183/574 -219/574 -627/574   -37/82 -263/574 -639/574 -239/574 -211/574 -555/574    -3/14    -9/82 -375/574   89/574]
[ 181/574  -99/574  397/574 -627/574    39/82 -347/574 -191/574 -407/574  153/574 -807/574  157/574   -57/82 -179/574 -331/574 -855/574]
[-603/574 -723/574  -67/574  -133/82  129/574 -331/574  -15/574  -71/574 -499/574 -151/574   -25/82 -571/574 -191/574 -183/574 -547/574]
[-135/574  -95/574   -61/82   17/574   89/574 -211/574  265/574     9/14  101/574    87/82 -403/574  509/574  -99/574   69/574 -135/574]
[ 437/574   -73/82  465/574  -79/574  153/574   13/574 -499/574 -235/574   -49/82  325/574 -527/574  545/574   97/574  425/574  381/574]
[   -5/82  325/574  313/574  -71/574  321/574  341/574  -11/574    59/82 -683/574  145/574 -547/574 -463/574 -751/574 -263/574   -21/82]
[-403/574  117/574 -883/574     1/14 -555/574 -375/574   -81/82   17/574 -919/574   69/574 -463/574 -219/574 -347/574  -121/82 -571/574]
[-667/574   13/574 -827/574  257/574 -179/574    23/82  129/574 -275/574   97/574   97/574 -275/574  129/574    23/82 -179/574  257/574]
[-827/574   13/574 -667/574 -571/574  -121/82 -347/574 -219/574 -463/574   69/574 -919/574   17/574   -81/82 -375/574 -555/574     1/14]
[-883/574  117/574 -403/574   -21/82 -263/574 -751/574 -463/574 -547/574  145/574 -683/574    59/82  -11/574  341/574  321/574  -71/574]
[ 313/574  325/574    -5/82  381/574  425/574   97/574  545/574 -527/574  325/574   -49/82 -235/574 -499/574   13/574  153/574  -79/574]
[ 465/574   -73/82  437/574 -135/574   69/574  -99/574  509/574 -403/574    87/82  101/574     9/14  265/574 -211/574   89/574   17/574]
[  -61/82  -95/574 -135/574 -547/574 -183/574 -191/574 -571/574   -25/82 -151/574 -499/574  -71/574  -15/574 -331/574  129/574  -133/82]
[ -67/574 -723/574 -603/574 -855/574 -331/574 -179/574   -57/82  157/574 -807/574  153/574 -407/574 -191/574 -347/574    39/82 -627/574]
[ 397/574  -99/574  181/574   89/574 -375/574    -9/82    -3/14 -555/574 -211/574 -239/574 -639/574 -263/574   -37/82 -627/574 -219/574]
[-183/574 -519/574  -79/574  -11/574   -45/82  157/574 -891/574  -15/574 -659/574 -527/574 -767/574   -33/82  -67/574 -275/574  293/574]
[-659/574  313/574 -235/574    -1/82 -151/574  481/574 -407/574  629/574  145/574  437/574    51/82  -95/574  229/574  181/574 -239/574]
[ 117/574  101/574        0        0        0        0        0        0        0        0        0        0        0        0        0]
Testing obstruction for
m1: 1, m2: 144,a: 0
[     -1/2  -283/574  -271/574  -251/574  -223/574  -187/574  -143/574    -13/82   -31/574    37/574   113/574   197/574   289/574   389/574     71/82]
[  613/574   737/574   869/574  1009/574  1157/574  1313/574    211/82  1649/574  1829/574  2017/574  2213/574  2417/574  2629/574    407/82  3077/574]
[ 3313/574  3557/574  3809/574  4069/574  4337/574    659/82  4897/574  5189/574  5489/574  5797/574  6113/574    157/14    967/82  7109/574  7457/574]
[ 7813/574  8177/574  8549/574  8929/574   1331/82  9713/574 10117/574 10529/574 10949/574 11377/574 11813/574   1751/82 12709/574 13169/574 13637/574]
[14113/574 14597/574 15089/574   2227/82 16097/574 16613/574 17137/574 17669/574 18209/574 18757/574   2759/82 19877/574 20449/574 19881/574 19321/574]
[18769/574 18225/574   2527/82 17161/574 16641/574 16129/574 15625/574    369/14 14641/574   2023/82 13689/574 13225/574 12769/574 12321/574 11881/574]
[11449/574   1575/82 10609/574 10201/574  9801/574  9409/574  9025/574  8649/574   1183/82  7921/574  7569/574  7225/574  6889/574  6561/574  6241/574]
[   847/82  5625/574  5329/574  5041/574  4761/574  4489/574  4225/574    567/82  3721/574  3481/574  3249/574  3025/574  2809/574  2601/574    343/82]
[ 2209/574  2025/574  1849/574     41/14  1521/574  1369/574    175/82  1089/574   961/574   841/574   729/574   625/574   529/574     63/82   361/574]
[  289/574   225/574   169/574   121/574    81/574      7/82    25/574     9/574     1/574     1/574     9/574    25/574      7/82    81/574   121/574]
[  169/574   225/574   289/574   361/574     63/82   529/574   625/574   729/574   841/574   961/574  1089/574    175/82  1369/574  1521/574     41/14]
[ 1849/574  2025/574  2209/574    343/82  2601/574  2809/574  3025/574  3249/574  3481/574  3721/574    567/82  4225/574  4489/574  4761/574  5041/574]
[ 5329/574  5625/574    847/82  6241/574  6561/574  6889/574  7225/574  7569/574  7921/574   1183/82  8649/574  9025/574  9409/574  9801/574 10201/574]
[10609/574   1575/82 11449/574 11881/574 12321/574 12769/574 13225/574 13689/574   2023/82 14641/574    369/14 15625/574 16129/574 16641/574 17161/574]
[  2527/82 18225/574 18769/574 19321/574 19881/574 20449/574 19877/574   2759/82 18757/574 18209/574 17669/574 17137/574 16613/574 16097/574   2227/82]
[15089/574 14597/574 14113/574 13637/574 13169/574 12709/574   1751/82 11813/574 11377/574 10949/574 10529/574 10117/574  9713/574   1331/82  8929/574]
[ 8549/574  8177/574  7813/574  7457/574  7109/574    967/82    157/14  6113/574  5797/574  5489/574  5189/574  4897/574    659/82  4337/574  4069/574]
[ 3809/574  3557/574  3313/574  3077/574    407/82  2629/574  2417/574  2213/574  2017/574  1829/574  1649/574    211/82  1313/574  1157/574  1009/574]
[  869/574   737/574   613/574     71/82   389/574   289/574   197/574   113/574    37/574   -31/574    -13/82  -143/574  -187/574  -223/574  -251/574]
[ -271/574  -283/574         0         0         0         0         0         0         0         0         0         0         0         0         0]
Testing obstruction for
m1: 4, m2: 21,a: 0
[    -1/2 -403/574  397/574 -183/574  153/574  257/574  129/574   -33/82  325/574  649/574  741/574  601/574 1377/574  773/574   155/82]
[1165/574 2161/574 1777/574 2309/574 2609/574 2677/574   359/82 2117/574 2637/574 1777/574 1833/574 1657/574 1249/574    87/82  885/574]
[ 929/574  741/574  321/574  817/574  -67/574    -5/82 -235/574  481/574 -183/574   69/574   89/574    -3/14   -81/82  -95/574  145/574]
[ 153/574  -71/574  621/574  -67/574    23/82  157/574 1069/574  601/574 1049/574 1265/574 1249/574   143/82 1669/574 2105/574 2309/574]
[2281/574 3169/574 2677/574   279/82 2145/574 2105/574 1833/574 1329/574 1741/574  773/574   103/82  437/574 1069/574  321/574  489/574]
[ 425/574  129/574   -57/82  -11/574  145/574   69/574 -239/574     9/14 -403/574   -37/82 -347/574  481/574  -71/574  293/574  425/574]
[ 325/574    -1/82  577/574  929/574 1049/574  937/574 1741/574 1165/574   215/82 1613/574 2637/574 2281/574 2841/574 3169/574 2117/574]
[  283/82 1613/574 2161/574 1329/574 1413/574 1265/574  885/574    39/82  577/574  649/574  489/574   97/574  621/574 -235/574   -25/82]
[-347/574  397/574 -239/574     1/14   89/574  -95/574   -73/82  -11/574  257/574  293/574   97/574  817/574  157/574    59/82  437/574]
[1377/574  937/574 1413/574 1657/574 1669/574   207/82 2145/574 2609/574 2841/574 2841/574 2609/574 2145/574   207/82 1669/574 1657/574]
[1413/574  937/574 1377/574  437/574    59/82  157/574  817/574   97/574  293/574  257/574  -11/574   -73/82  -95/574   89/574     1/14]
[-239/574  397/574 -347/574   -25/82 -235/574  621/574   97/574  489/574  649/574  577/574    39/82  885/574 1265/574 1413/574 1329/574]
[2161/574 1613/574   283/82 2117/574 3169/574 2841/574 2281/574 2637/574 1613/574   215/82 1165/574 1741/574  937/574 1049/574  929/574]
[ 577/574    -1/82  325/574  425/574  293/574  -71/574  481/574 -347/574   -37/82 -403/574     9/14 -239/574   69/574  145/574  -11/574]
[  -57/82  129/574  425/574  489/574  321/574 1069/574  437/574   103/82  773/574 1741/574 1329/574 1833/574 2105/574 2145/574   279/82]
[2677/574 3169/574 2281/574 2309/574 2105/574 1669/574   143/82 1249/574 1265/574 1049/574  601/574 1069/574  157/574    23/82  -67/574]
[ 621/574  -71/574  153/574  145/574  -95/574   -81/82    -3/14   89/574   69/574 -183/574  481/574 -235/574    -5/82  -67/574  817/574]
[ 321/574  741/574  929/574  885/574    87/82 1249/574 1657/574 1833/574 1777/574 2637/574 2117/574   359/82 2677/574 2609/574 2309/574]
[1777/574 2161/574 1165/574   155/82  773/574 1377/574  601/574  741/574  649/574  325/574   -33/82  129/574  257/574  153/574 -183/574]
[ 397/574 -403/574        0        0        0        0        0        0        0        0        0        0        0        0        0]
Unobstructed
85
---------------------------
---------------------------
13a1958
Correction terms
[    -1/2 -247/334 -487/334 -219/334 -111/334 -163/334  293/334  -79/334   57/334   33/334 -151/334  173/334 -331/334 -327/334 -483/334]
[-131/334 -607/334   93/334  -35/334 -323/334 -103/334  -43/334 -143/334  265/334 -155/334  -67/334 -139/334 -371/334  -95/334   21/334]
[ -23/334 -227/334   77/334 -447/334  205/334   29/334 -307/334 -135/334 -123/334 -271/334   89/334 -379/334 -339/334 -459/334  -71/334]
[-511/334  225/334  133/334 -119/334  137/334 -435/334  169/334  -55/334 -439/334 -315/334 -351/334 -547/334 -235/334  -83/334  -91/334]
[-259/334   81/334 -407/334  281/334  141/334 -159/334   49/334 -571/334  -15/334 -287/334  -51/334 -643/334  -59/334 -303/334  -39/334]
[  65/334    9/334 -207/334   85/334 -451/334  189/334    1/334 -347/334 -187/334 -187/334 -347/334    1/334  189/334 -451/334   85/334]
[-207/334    9/334   65/334  -39/334 -303/334  -59/334 -643/334  -51/334 -287/334  -15/334 -571/334   49/334 -159/334  141/334  281/334]
[-407/334   81/334 -259/334  -91/334  -83/334 -235/334 -547/334 -351/334 -315/334 -439/334  -55/334  169/334 -435/334  137/334 -119/334]
[ 133/334  225/334 -511/334  -71/334 -459/334 -339/334 -379/334   89/334 -271/334 -123/334 -135/334 -307/334   29/334  205/334 -447/334]
[  77/334 -227/334  -23/334   21/334  -95/334 -371/334 -139/334  -67/334 -155/334  265/334 -143/334  -43/334 -103/334 -323/334  -35/334]
[  93/334 -607/334 -131/334 -483/334 -327/334 -331/334  173/334 -151/334   33/334   57/334  -79/334  293/334 -163/334 -111/334 -219/334]
[-487/334 -247/334        0        0        0        0        0        0        0        0        0        0        0        0        0]
Testing obstruction for
m1: 1, m2: 84,a: 0
[    -1/2 -163/334 -151/334 -131/334 -103/334  -67/334  -23/334   29/334   89/334  157/334  233/334  317/334  409/334  509/334  617/334]
[ 733/334  857/334  989/334 1129/334 1277/334 1433/334 1597/334 1769/334 1949/334 2137/334 2333/334 2537/334 2749/334 2969/334 3197/334]
[3433/334 3677/334 3929/334 4189/334 4457/334 4733/334 5017/334 5309/334 5609/334 5917/334 6233/334 6557/334 6889/334 6561/334 6241/334]
[5929/334 5625/334 5329/334 5041/334 4761/334 4489/334 4225/334 3969/334 3721/334 3481/334 3249/334 3025/334 2809/334 2601/334 2401/334]
[2209/334 2025/334 1849/334 1681/334 1521/334 1369/334 1225/334 1089/334  961/334  841/334  729/334  625/334  529/334  441/334  361/334]
[ 289/334  225/334  169/334  121/334   81/334   49/334   25/334    9/334    1/334    1/334    9/334   25/334   49/334   81/334  121/334]
[ 169/334  225/334  289/334  361/334  441/334  529/334  625/334  729/334  841/334  961/334 1089/334 1225/334 1369/334 1521/334 1681/334]
[1849/334 2025/334 2209/334 2401/334 2601/334 2809/334 3025/334 3249/334 3481/334 3721/334 3969/334 4225/334 4489/334 4761/334 5041/334]
[5329/334 5625/334 5929/334 6241/334 6561/334 6889/334 6557/334 6233/334 5917/334 5609/334 5309/334 5017/334 4733/334 4457/334 4189/334]
[3929/334 3677/334 3433/334 3197/334 2969/334 2749/334 2537/334 2333/334 2137/334 1949/334 1769/334 1597/334 1433/334 1277/334 1129/334]
[ 989/334  857/334  733/334  617/334  509/334  409/334  317/334  233/334  157/334   89/334   29/334  -23/334  -67/334 -103/334 -131/334]
[-151/334 -163/334        0        0        0        0        0        0        0        0        0        0        0        0        0]
Unobstructed
5
---------------------------
---------------------------
