13a236
Correction terms
[    -1/2   37/462  -83/462  111/154 -563/462    1/462   59/154    -5/66 -635/462 -233/154 -227/462   -13/42 -149/154 -215/462    79/66]
[   3/154    1/462 -395/462  -85/154 -503/462 -215/462   -15/22    11/42  169/462  -57/154   25/462 -167/462   59/154    19/66 -299/462]
[ -65/154  445/462 -227/462   -11/14   37/462     7/66 -109/154 -167/462 -395/462  -29/154 -167/462 -635/462    17/22   37/462    23/42]
[  27/154 -479/462 -503/462    3/154  -113/66 -131/462   47/154   25/462 -479/462 -149/154    11/42    43/66   31/154 -503/462  361/462]
[ -29/154    1/462 -299/462    -3/22 -215/462  169/462   -23/14 -227/462  -83/462 -109/154    -5/66 -131/462  103/154  361/462   25/462]
[-233/154   37/462     -7/6 -193/154  -83/462   25/462  -85/154    1/462 -131/462    13/22  289/462  -83/462   27/154   -13/42  169/462]
[  31/154   -53/66 -299/462  103/154 -395/462 -563/462  -65/154 -215/462   -89/66   -15/14  169/462  445/462  111/154 -167/462 -131/462]
[  -23/22 -299/462 -503/462  -57/154 -227/462    23/42 -193/154     7/66  289/462   47/154 -395/462 -395/462   47/154  289/462     7/66]
[-193/154    23/42 -227/462  -57/154 -503/462 -299/462   -23/22 -131/462 -167/462  111/154  445/462  169/462   -15/14   -89/66 -215/462]
[ -65/154 -563/462 -395/462  103/154 -299/462   -53/66   31/154  169/462   -13/42   27/154  -83/462  289/462    13/22 -131/462    1/462]
[ -85/154   25/462  -83/462 -193/154     -7/6   37/462 -233/154   25/462  361/462  103/154 -131/462    -5/66 -109/154  -83/462 -227/462]
[  -23/14  169/462 -215/462    -3/22 -299/462    1/462  -29/154  361/462 -503/462   31/154    43/66    11/42 -149/154 -479/462   25/462]
[  47/154 -131/462  -113/66    3/154 -503/462 -479/462   27/154    23/42   37/462    17/22 -635/462 -167/462  -29/154 -395/462 -167/462]
[-109/154     7/66   37/462   -11/14 -227/462  445/462  -65/154 -299/462    19/66   59/154 -167/462   25/462  -57/154  169/462    11/42]
[  -15/22 -215/462 -503/462  -85/154 -395/462    1/462    3/154    79/66 -215/462 -149/154   -13/42 -227/462 -233/154 -635/462    -5/66]
[  59/154    1/462 -563/462  111/154  -83/462   37/462        0        0        0        0        0        0        0        0        0]
Testing obstruction for
m1: 1, m2: 116,a: 0
[     -1/2  -227/462  -215/462   -65/154  -167/462  -131/462   -29/154     -5/66    25/462    31/154   169/462     23/42   115/154   445/462     79/66]
[  223/154   793/462   925/462   355/154  1213/462  1369/462     73/22    155/42  1885/462   691/154  2269/462  2473/462   895/154    415/66  3133/462]
[ 1123/154  3613/462  3865/462    125/14  4393/462    667/66  1651/154  5245/462  5545/462  1951/154  6169/462  6493/462    325/22  7165/462    683/42]
[ 2623/154  8233/462  8605/462  2995/154   1339/66  9769/462  3391/154 10585/462 11005/462  3811/154   1079/42   1759/66  4255/154 13225/462 12769/462]
[ 4107/154 11881/462 11449/462    525/22 10609/462 10201/462    297/14  9409/462  9025/462  2883/154   1183/66  7921/462  2523/154  7225/462  6889/462]
[ 2187/154  6241/462      77/6  1875/154  5329/462  5041/462  1587/154  4489/462  4225/462    189/22  3721/462  3481/462  1083/154    275/42  2809/462]
[  867/154    343/66  2209/462   675/154  1849/462  1681/462   507/154  1369/462    175/66     33/14   961/462   841/462   243/154   625/462   529/462]
[    21/22   361/462   289/462    75/154   169/462     11/42    27/154      7/66    25/462     3/154     1/462     1/462     3/154    25/462      7/66]
[   27/154     11/42   169/462    75/154   289/462   361/462     21/22   529/462   625/462   243/154   841/462   961/462     33/14    175/66  1369/462]
[  507/154  1681/462  1849/462   675/154  2209/462    343/66   867/154  2809/462    275/42  1083/154  3481/462  3721/462    189/22  4225/462  4489/462]
[ 1587/154  5041/462  5329/462  1875/154      77/6  6241/462  2187/154  6889/462  7225/462  2523/154  7921/462   1183/66  2883/154  9025/462  9409/462]
[   297/14 10201/462 10609/462    525/22 11449/462 11881/462  4107/154 12769/462 13225/462  4255/154   1759/66   1079/42  3811/154 11005/462 10585/462]
[ 3391/154  9769/462   1339/66  2995/154  8605/462  8233/462  2623/154    683/42  7165/462    325/22  6493/462  6169/462  1951/154  5545/462  5245/462]
[ 1651/154    667/66  4393/462    125/14  3865/462  3613/462  1123/154  3133/462    415/66   895/154  2473/462  2269/462   691/154  1885/462    155/42]
[    73/22  1369/462  1213/462   355/154   925/462   793/462   223/154     79/66   445/462   115/154     23/42   169/462    31/154    25/462     -5/66]
[  -29/154  -131/462  -167/462   -65/154  -215/462  -227/462         0         0         0         0         0         0         0         0         0]
Unobstructed
10
---------------------------
---------------------------
13a238
Correction terms
[    -1/2  -15/406 -263/406 -135/406 -443/406  437/406   69/406    11/58 -351/406  409/406  -79/406 -191/406   73/406  -99/406    15/58]
[-127/406   17/406 -275/406 -191/406  269/406  293/406   -17/58 -155/406  185/406   89/406 -443/406  213/406 -379/406    31/58   -15/14]
[ 101/406  201/406 -135/406  -95/406  321/406   -73/58 -155/406 -235/406   61/406  -79/406  157/406  -43/406    19/58 -127/406  -11/406]
[ 481/406 -275/406  157/406  153/406   -41/58 -351/406  -39/406 -163/406   89/406  -95/406   97/406   -21/58  -15/406   -11/14  565/406]
[-611/406  213/406 -211/406   -37/58   69/406  -39/406  229/406   61/406 -543/406   41/406    27/58  -99/406  -11/406  453/406 -331/406]
[  73/406   41/406   -61/58  293/406 -235/406  425/406 -163/406 -375/406 -211/406    47/58 -379/406  101/406     5/14 -247/406 -263/406]
[  97/406     3/58  321/406 -627/406  425/406  229/406 -403/406  153/406    39/58  -43/406   17/406 -359/406 -359/406   17/406  -43/406]
[   39/58  153/406 -403/406  229/406  425/406 -627/406  321/406     3/58   97/406 -263/406 -247/406     5/14  101/406 -379/406    47/58]
[-211/406 -375/406 -163/406  425/406 -235/406  293/406   -61/58   41/406   73/406 -331/406  453/406  -11/406  -99/406    27/58   41/406]
[-543/406   61/406  229/406  -39/406   69/406   -37/58 -211/406  213/406 -611/406  565/406   -11/14  -15/406   -21/58   97/406  -95/406]
[  89/406 -163/406  -39/406 -351/406   -41/58  153/406  157/406 -275/406  481/406  -11/406 -127/406    19/58  -43/406  157/406  -79/406]
[  61/406 -235/406 -155/406   -73/58  321/406  -95/406 -135/406  201/406  101/406   -15/14    31/58 -379/406  213/406 -443/406   89/406]
[ 185/406 -155/406   -17/58  293/406  269/406 -191/406 -275/406   17/406 -127/406    15/58  -99/406   73/406 -191/406  -79/406  409/406]
[-351/406    11/58   69/406  437/406 -443/406 -135/406 -263/406  -15/406        0        0        0        0        0        0        0]
Testing obstruction for
m1: 1, m2: 102,a: 0
[     -1/2  -199/406  -187/406  -167/406  -139/406  -103/406   -59/406     -1/58    53/406   121/406   197/406   281/406   373/406   473/406     83/58]
[  697/406   821/406   953/406  1093/406  1241/406  1397/406    223/58  1733/406  1913/406  2101/406  2297/406  2501/406  2713/406    419/58    109/14]
[ 3397/406  3641/406  3893/406  4153/406  4421/406    671/58  4981/406  5273/406  5573/406  5881/406  6197/406  6521/406    979/58  7193/406  7541/406]
[ 7897/406  8261/406  8633/406  9013/406   1343/58  9797/406 10201/406  9801/406  9409/406  9025/406  8649/406   1183/58  7921/406    261/14  7225/406]
[ 6889/406  6561/406  6241/406    847/58  5625/406  5329/406  5041/406  4761/406  4489/406  4225/406    567/58  3721/406  3481/406  3249/406  3025/406]
[ 2809/406  2601/406    343/58  2209/406  2025/406  1849/406  1681/406  1521/406  1369/406    175/58  1089/406   961/406     29/14   729/406   625/406]
[  529/406     63/58   361/406   289/406   225/406   169/406   121/406    81/406      7/58    25/406     9/406     1/406     1/406     9/406    25/406]
[     7/58    81/406   121/406   169/406   225/406   289/406   361/406     63/58   529/406   625/406   729/406     29/14   961/406  1089/406    175/58]
[ 1369/406  1521/406  1681/406  1849/406  2025/406  2209/406    343/58  2601/406  2809/406  3025/406  3249/406  3481/406  3721/406    567/58  4225/406]
[ 4489/406  4761/406  5041/406  5329/406  5625/406    847/58  6241/406  6561/406  6889/406  7225/406    261/14  7921/406   1183/58  8649/406  9025/406]
[ 9409/406  9801/406 10201/406  9797/406   1343/58  9013/406  8633/406  8261/406  7897/406  7541/406  7193/406    979/58  6521/406  6197/406  5881/406]
[ 5573/406  5273/406  4981/406    671/58  4421/406  4153/406  3893/406  3641/406  3397/406    109/14    419/58  2713/406  2501/406  2297/406  2101/406]
[ 1913/406  1733/406    223/58  1397/406  1241/406  1093/406   953/406   821/406   697/406     83/58   473/406   373/406   281/406   197/406   121/406]
[   53/406     -1/58   -59/406  -103/406  -139/406  -167/406  -187/406  -199/406         0         0         0         0         0         0         0]
Testing obstruction for
m1: 4, m2: 15,a: 0
[    -1/2 -283/406  289/406 -111/406  141/406  233/406  165/406    -9/58  361/406  625/406  729/406  673/406 1269/406  893/406   167/58]
[1285/406 1241/406 1037/406  673/406  961/406  277/406    35/58   53/406  513/406    1/406  141/406  121/406  -59/406   -57/58    -3/14]
[  65/406   57/406 -111/406  373/406 -115/406     7/58   53/406  709/406  393/406  729/406  905/406  921/406   111/58 1285/406 1633/406]
[1009/406 1037/406  905/406  613/406    23/58  361/406  401/406  281/406    1/406  373/406 -227/406   -25/58 -283/406     9/14 -167/406]
[  57/406  121/406   25/406   -33/58  165/406  401/406  477/406  393/406  961/406  557/406   115/58  893/406 1633/406 1401/406 1009/406]
[1269/406  557/406    71/58  277/406  709/406  169/406  281/406  233/406   25/406   -49/58  -59/406   65/406     1/14 -167/406  289/406]
[-227/406   -13/58 -115/406  513/406  169/406  477/406  625/406  613/406    63/58  921/406 1241/406 1401/406 1401/406 1241/406  921/406]
[   63/58  613/406  625/406  477/406  169/406  513/406 -115/406   -13/58 -227/406  289/406 -167/406     1/14   65/406  -59/406   -49/58]
[  25/406  233/406  281/406  169/406  709/406  277/406    71/58  557/406 1269/406 1009/406 1401/406 1633/406  893/406   115/58  557/406]
[ 961/406  393/406  477/406  401/406  165/406   -33/58   25/406  121/406   57/406 -167/406     9/14 -283/406   -25/58 -227/406  373/406]
[   1/406  281/406  401/406  361/406    23/58  613/406  905/406 1037/406 1009/406 1633/406 1285/406   111/58  921/406  905/406  729/406]
[ 393/406  709/406   53/406     7/58 -115/406  373/406 -111/406   57/406   65/406    -3/14   -57/58  -59/406  121/406  141/406    1/406]
[ 513/406   53/406    35/58  277/406  961/406  673/406 1037/406 1241/406 1285/406   167/58  893/406 1269/406  673/406  729/406  625/406]
[ 361/406    -9/58  165/406  233/406  141/406 -111/406  289/406 -283/406        0        0        0        0        0        0        0]
Testing obstruction for
m1: 2, m2: 35,a: 1
[    -1/2 -403/406 -191/406 -379/406 -155/406 -331/406  -95/406   -37/58  -11/406 -163/406   97/406  -43/406  229/406  101/406    55/58]
[ 269/406  565/406  461/406  769/406  677/406  997/406   131/58 1249/406 1181/406 1525/406 1469/406 1825/406 1781/406   307/58    73/14]
[2497/406 2477/406 2869/406 2861/406 3265/406   467/58 2873/406 2889/406 2505/406 2533/406 2161/406 2201/406   263/58 1893/406 1545/406]
[1609/406 1273/406 1349/406 1025/406   159/58  801/406  901/406  601/406  713/406  425/406  549/406    39/58  409/406     5/14  293/406]
[  41/406  201/406  -39/406    19/58  -95/406   89/406 -127/406   69/406 -135/406   73/406   -17/58  101/406  -79/406  153/406  -15/406]
[ 229/406   73/406    47/58  185/406  453/406  321/406  601/406  481/406  773/406    95/58  969/406  873/406    41/14 1105/406 1433/406]
[1361/406   243/58 1641/406 1993/406 1945/406 2309/406 2273/406 2649/406   375/58 3013/406 3001/406 3401/406 3401/406 3001/406 3013/406]
[  375/58 2649/406 2273/406 2309/406 1945/406 1993/406 1641/406   243/58 1361/406 1433/406 1105/406    41/14  873/406  969/406    95/58]
[ 773/406  481/406  601/406  321/406  453/406  185/406    47/58   73/406  229/406  -15/406  153/406  -79/406  101/406   -17/58   73/406]
[-135/406   69/406 -127/406   89/406  -95/406    19/58  -39/406  201/406   41/406  293/406     5/14  409/406    39/58  549/406  425/406]
[ 713/406  601/406  901/406  801/406   159/58 1025/406 1349/406 1273/406 1609/406 1545/406 1893/406   263/58 2201/406 2161/406 2533/406]
[2505/406 2889/406 2873/406   467/58 3265/406 2861/406 2869/406 2477/406 2497/406    73/14   307/58 1781/406 1825/406 1469/406 1525/406]
[1181/406 1249/406   131/58  997/406  677/406  769/406  461/406  565/406  269/406    55/58  101/406  229/406  -43/406   97/406 -163/406]
[ -11/406   -37/58  -95/406 -331/406 -155/406 -379/406 -191/406 -403/406        0        0        0        0        0        0        0]
Unobstructed
96
---------------------------
---------------------------
13a262
Correction terms
[    -1/2 -223/574  -31/574  289/574 -411/574  165/574 -279/574   -85/82  365/574  305/574  373/574  569/574 -255/574 -951/574   -53/82]
[ 337/574   25/574 -159/574 -215/574 -143/574   57/574    55/82 -307/574  277/574 -159/574 -467/574 -647/574 -699/574    75/82  729/574]
[ -87/574  373/574 -187/574 -619/574  225/574     7/82    1/574   81/574  289/574 -523/574  -59/574    13/14    15/82 -195/574 -367/574]
[-411/574 -327/574 -115/574  225/574    99/82  141/574 -283/574 -579/574 -747/574  361/574  449/574   -69/82 -139/574  333/574 -215/574]
[ 513/574  221/574   57/574     3/82  113/574 -815/574 -467/574    9/574  613/574  197/574   -13/82 -251/574 -283/574 -187/574   37/574]
[ 389/574 -279/574    47/82  -83/574 -367/574  625/574  597/574   -11/14 -223/574    19/82 -531/574   81/574 -327/574  541/574  389/574]
[ 365/574   -97/82 -447/574  -87/574  401/574 -131/574 -535/574  337/574    27/82  169/574  277/574  513/574 -271/574  221/574 -307/574]
[ -101/82  169/574   25/574    9/574  121/574  361/574 -419/574    11/82 -447/574  305/574   37/574 -103/574 -115/574    1/574    35/82]
[ 617/574  -31/574 -551/574     5/14  -59/574 -195/574   -29/82  -83/574  165/574  541/574 -103/574 -619/574  141/574   -17/82 -251/574]
[-255/574 -131/574  121/574  501/574 -139/574    71/82  113/574 -143/574 -271/574 -271/574 -143/574  113/574    71/82 -139/574  501/574]
[ 121/574 -131/574 -255/574 -251/574   -17/82  141/574 -619/574 -103/574  541/574  165/574  -83/574   -29/82 -195/574  -59/574     5/14]
[-551/574  -31/574  617/574    35/82    1/574 -115/574 -103/574   37/574  305/574 -447/574    11/82 -419/574  361/574  121/574    9/574]
[  25/574  169/574  -101/82 -307/574  221/574 -271/574  513/574  277/574  169/574    27/82  337/574 -535/574 -131/574  401/574  -87/574]
[-447/574   -97/82  365/574  389/574  541/574 -327/574   81/574 -531/574    19/82 -223/574   -11/14  597/574  625/574 -367/574  -83/574]
[   47/82 -279/574  389/574   37/574 -187/574 -283/574 -251/574   -13/82  197/574  613/574    9/574 -467/574 -815/574  113/574     3/82]
[  57/574  221/574  513/574 -215/574  333/574 -139/574   -69/82  449/574  361/574 -747/574 -579/574 -283/574  141/574    99/82  225/574]
[-115/574 -327/574 -411/574 -367/574 -195/574    15/82    13/14  -59/574 -523/574  289/574   81/574    1/574     7/82  225/574 -619/574]
[-187/574  373/574  -87/574  729/574    75/82 -699/574 -647/574 -467/574 -159/574  277/574 -307/574    55/82   57/574 -143/574 -215/574]
[-159/574   25/574  337/574   -53/82 -951/574 -255/574  569/574  373/574  305/574  365/574   -85/82 -279/574  165/574 -411/574  289/574]
[ -31/574 -223/574        0        0        0        0        0        0        0        0        0        0        0        0        0]
Testing obstruction for
m1: 1, m2: 144,a: 0
[     -1/2  -283/574  -271/574  -251/574  -223/574  -187/574  -143/574    -13/82   -31/574    37/574   113/574   197/574   289/574   389/574     71/82]
[  613/574   737/574   869/574  1009/574  1157/574  1313/574    211/82  1649/574  1829/574  2017/574  2213/574  2417/574  2629/574    407/82  3077/574]
[ 3313/574  3557/574  3809/574  4069/574  4337/574    659/82  4897/574  5189/574  5489/574  5797/574  6113/574    157/14    967/82  7109/574  7457/574]
[ 7813/574  8177/574  8549/574  8929/574   1331/82  9713/574 10117/574 10529/574 10949/574 11377/574 11813/574   1751/82 12709/574 13169/574 13637/574]
[14113/574 14597/574 15089/574   2227/82 16097/574 16613/574 17137/574 17669/574 18209/574 18757/574   2759/82 19877/574 20449/574 19881/574 19321/574]
[18769/574 18225/574   2527/82 17161/574 16641/574 16129/574 15625/574    369/14 14641/574   2023/82 13689/574 13225/574 12769/574 12321/574 11881/574]
[11449/574   1575/82 10609/574 10201/574  9801/574  9409/574  9025/574  8649/574   1183/82  7921/574  7569/574  7225/574  6889/574  6561/574  6241/574]
[   847/82  5625/574  5329/574  5041/574  4761/574  4489/574  4225/574    567/82  3721/574  3481/574  3249/574  3025/574  2809/574  2601/574    343/82]
[ 2209/574  2025/574  1849/574     41/14  1521/574  1369/574    175/82  1089/574   961/574   841/574   729/574   625/574   529/574     63/82   361/574]
[  289/574   225/574   169/574   121/574    81/574      7/82    25/574     9/574     1/574     1/574     9/574    25/574      7/82    81/574   121/574]
[  169/574   225/574   289/574   361/574     63/82   529/574   625/574   729/574   841/574   961/574  1089/574    175/82  1369/574  1521/574     41/14]
[ 1849/574  2025/574  2209/574    343/82  2601/574  2809/574  3025/574  3249/574  3481/574  3721/574    567/82  4225/574  4489/574  4761/574  5041/574]
[ 5329/574  5625/574    847/82  6241/574  6561/574  6889/574  7225/574  7569/574  7921/574   1183/82  8649/574  9025/574  9409/574  9801/574 10201/574]
[10609/574   1575/82 11449/574 11881/574 12321/574 12769/574 13225/574 13689/574   2023/82 14641/574    369/14 15625/574 16129/574 16641/574 17161/574]
[  2527/82 18225/574 18769/574 19321/574 19881/574 20449/574 19877/574   2759/82 18757/574 18209/574 17669/574 17137/574 16613/574 16097/574   2227/82]
[15089/574 14597/574 14113/574 13637/574 13169/574 12709/574   1751/82 11813/574 11377/574 10949/574 10529/574 10117/574  9713/574   1331/82  8929/574]
[ 8549/574  8177/574  7813/574  7457/574  7109/574    967/82    157/14  6113/574  5797/574  5489/574  5189/574  4897/574    659/82  4337/574  4069/574]
[ 3809/574  3557/574  3313/574  3077/574    407/82  2629/574  2417/574  2213/574  2017/574  1829/574  1649/574    211/82  1313/574  1157/574  1009/574]
[  869/574   737/574   613/574     71/82   389/574   289/574   197/574   113/574    37/574   -31/574    -13/82  -143/574  -187/574  -223/574  -251/574]
[ -271/574  -283/574         0         0         0         0         0         0         0         0         0         0         0         0         0]
Unobstructed
51
---------------------------
---------------------------
13a266
Correction terms
[    -1/2  -87/350 -523/350  -83/350 -167/350    -3/14  193/350    -9/50 -143/350  -47/350     9/14  -27/350 -103/350   -3/350   -61/50]
[  -27/14  -47/350   57/350 -363/350 -607/350     1/14    19/50 -283/350  177/350  113/350   -19/14 -187/350  277/350   -69/50 -367/350]
[   -3/14 -307/350 -363/350 -243/350   53/350     -1/2 -227/350 -103/350  197/350  -27/350    -3/14   53/350   -49/50  137/350   93/350]
[  -19/14 -167/350 -383/350 -423/350   -41/50     1/14 -187/350 -223/350  -83/350  233/350     1/14    -1/50  137/350 -243/350 -447/350]
[    9/14 -327/350 -703/350   -29/50 -227/350    -3/14 -447/350   57/350   37/350 -507/350     -1/2  333/350 -383/350 -223/350  113/350]
[   -3/14  -87/350    11/50 -283/350 -467/350   -19/14 -307/350   37/350 -143/350   -21/50     1/14 -327/350  197/350  197/350 -327/350]
[    1/14   -21/50 -143/350   37/350 -307/350   -19/14 -467/350 -283/350    11/50  -87/350    -3/14  113/350 -223/350 -383/350  333/350]
[    -1/2 -507/350   37/350   57/350 -447/350    -3/14 -227/350   -29/50 -703/350 -327/350     9/14 -447/350 -243/350  137/350    -1/50]
[    1/14  233/350  -83/350 -223/350 -187/350     1/14   -41/50 -423/350 -383/350 -167/350   -19/14   93/350  137/350   -49/50   53/350]
[   -3/14  -27/350  197/350 -103/350 -227/350     -1/2   53/350 -243/350 -363/350 -307/350    -3/14 -367/350   -69/50  277/350 -187/350]
[  -19/14  113/350  177/350 -283/350    19/50     1/14 -607/350 -363/350   57/350  -47/350   -27/14   -61/50   -3/350 -103/350  -27/350]
[    9/14  -47/350 -143/350    -9/50  193/350    -3/14 -167/350  -83/350 -523/350  -87/350        0        0        0        0        0]
Testing obstruction for
m1: 1, m2: 88,a: 0
[    -1/2 -171/350 -159/350 -139/350 -111/350    -3/14  -31/350     3/50   81/350  149/350     9/14  309/350  401/350  501/350    87/50]
[   29/14  849/350  981/350 1121/350 1269/350    57/14   227/50 1761/350 1941/350 2129/350    93/14 2529/350 2741/350   423/50 3189/350]
[  137/14 3669/350 3921/350 4181/350 4449/350     27/2 5009/350 5301/350 5601/350 5909/350   249/14 6549/350   983/50 7221/350 7569/350]
[  289/14 6889/350 6561/350 6241/350   847/50   225/14 5329/350 5041/350 4761/350 4489/350   169/14   567/50 3721/350 3481/350 3249/350]
[  121/14 2809/350 2601/350   343/50 2209/350    81/14 1849/350 1681/350 1521/350 1369/350      7/2 1089/350  961/350  841/350  729/350]
[   25/14  529/350    63/50  361/350  289/350     9/14  169/350  121/350   81/350     7/50     1/14    9/350    1/350    1/350    9/350]
[    1/14     7/50   81/350  121/350  169/350     9/14  289/350  361/350    63/50  529/350    25/14  729/350  841/350  961/350 1089/350]
[     7/2 1369/350 1521/350 1681/350 1849/350    81/14 2209/350   343/50 2601/350 2809/350   121/14 3249/350 3481/350 3721/350   567/50]
[  169/14 4489/350 4761/350 5041/350 5329/350   225/14   847/50 6241/350 6561/350 6889/350   289/14 7569/350 7221/350   983/50 6549/350]
[  249/14 5909/350 5601/350 5301/350 5009/350     27/2 4449/350 4181/350 3921/350 3669/350   137/14 3189/350   423/50 2741/350 2529/350]
[   93/14 2129/350 1941/350 1761/350   227/50    57/14 1269/350 1121/350  981/350  849/350    29/14    87/50  501/350  401/350  309/350]
[    9/14  149/350   81/350     3/50  -31/350    -3/14 -111/350 -139/350 -159/350 -171/350        0        0        0        0        0]
Testing obstruction for
m1: 3, m2: 18,a: 0
Obstructed by Z^n/Q not being cyclic
Testing obstruction for
m1: 4, m2: 13,a: 0
[    -1/2 -243/350  253/350  -87/350  137/350     9/14  177/350    -1/50  373/350  617/350    29/14  697/350 1233/350  933/350    71/50]
[   25/14  617/350  473/350  193/350  477/350    -3/14    -9/50 -187/350  253/350 -143/350     1/14   57/350  -47/350   -41/50   37/350]
[    9/14  277/350  193/350  673/350  317/350      3/2  597/350 1233/350 1033/350  697/350    37/14  317/350    39/50   93/350  477/350]
[    1/14  137/350  113/350  -47/350   -49/50    -3/14   57/350   53/350  -87/350  337/350    -3/14    11/50   93/350  673/350  417/350]
[   29/14  897/350  933/350   119/50  597/350    37/14  417/350  473/350  393/350  177/350     -1/2   37/350  113/350   53/350 -143/350]
[    9/14 -243/350   -21/50 -187/350  337/350     1/14  277/350  393/350  373/350    31/50    25/14  897/350 1033/350 1033/350  897/350]
[   25/14    31/50  373/350  393/350  277/350     1/14  337/350 -187/350   -21/50 -243/350     9/14 -143/350   53/350  113/350   37/350]
[    -1/2  177/350  393/350  473/350  417/350    37/14  597/350   119/50  933/350  897/350    29/14  417/350  673/350   93/350    11/50]
[   -3/14  337/350  -87/350   53/350   57/350    -3/14   -49/50  -47/350  113/350  137/350     1/14  477/350   93/350    39/50  317/350]
[   37/14  697/350 1033/350 1233/350  597/350      3/2  317/350  673/350  193/350  277/350     9/14   37/350   -41/50  -47/350   57/350]
[    1/14 -143/350  253/350 -187/350    -9/50    -3/14  477/350  193/350  473/350  617/350    25/14    71/50  933/350 1233/350  697/350]
[   29/14  617/350  373/350    -1/50  177/350     9/14  137/350  -87/350  253/350 -243/350        0        0        0        0        0]
Unobstructed
33
---------------------------
---------------------------
13a271
Correction terms
[     -1/2   137/670   213/670  -107/670   517/670  -119/134  -763/670    13/670   393/670   377/670    -7/134  -843/670  -707/670   373/670  -283/670]
[    1/134  -103/670  -607/670  -167/670  -123/670   -95/134   117/670 -1027/670   113/670  -483/670   -27/134  -183/670  -627/670  -127/670   -23/670]
[  -63/134 -1003/670  -747/670   453/670   -83/670    65/134 -1003/670   -47/670   513/670  -663/670    89/134  -183/670   133/670    53/670  -423/670]
[    9/134   117/670  -207/670  -927/670  -703/670    93/134  -103/670   273/670 -1087/670  -163/670    73/134  -843/670   233/670  -427/670  -143/670]
[  -51/134  -763/670  -327/670  -287/670  -643/670   -11/134   137/670     -1/10  -667/670  -323/670   -75/134   517/670  -327/670  -227/670  -523/670]
[   25/134   377/670   233/670  -307/670    97/670    21/134  -283/670   273/670   433/670   197/670   -87/134  -123/670  -207/670   653/670  -223/670]
[  -31/134  -483/670   133/670   353/670   177/670   -79/134   -23/670   -47/670  -467/670    57/670    37/134   -83/670  -747/670  -467/670  -583/670]
[   49/134  -663/670  -627/670   353/670  -403/670   -43/134  -423/670 -1027/670   653/670  -743/670    29/134  -703/670  -607/670   433/670  -263/670]
[   -3/134  -163/670  -707/670  -307/670  -303/670   129/134  -143/670    13/670  -227/670  -863/670   157/134  -643/670   213/670  -667/670     -9/10]
[   81/134  -323/670  -107/670  -287/670  -863/670   -99/134  -523/670   393/670  -427/670  -303/670  -115/134    97/670   373/670 -1087/670  -263/670]
[   33/134   197/670  -167/670  -927/670  -743/670    77/134  -223/670   113/670    53/670  -403/670    17/134   177/670  -127/670   513/670  -583/670]
[ -147/134    57/670   453/670   453/670    57/670  -147/134  -583/670   513/670  -127/670   177/670    17/134  -403/670    53/670   113/670  -223/670]
[   77/134  -743/670  -927/670  -167/670   197/670    33/134  -263/670 -1087/670   373/670    97/670  -115/134  -303/670  -427/670   393/670  -523/670]
[  -99/134  -863/670  -287/670  -107/670  -323/670    81/134     -9/10  -667/670   213/670  -643/670   157/134  -863/670  -227/670    13/670  -143/670]
[  129/134  -303/670  -307/670  -707/670  -163/670    -3/134  -263/670   433/670  -607/670  -703/670    29/134  -743/670   653/670 -1027/670  -423/670]
[  -43/134  -403/670   353/670  -627/670  -663/670    49/134  -583/670  -467/670  -747/670   -83/670    37/134    57/670  -467/670   -47/670   -23/670]
[  -79/134   177/670   353/670   133/670  -483/670   -31/134  -223/670   653/670  -207/670  -123/670   -87/134   197/670   433/670   273/670  -283/670]
[   21/134    97/670  -307/670   233/670   377/670    25/134  -523/670  -227/670  -327/670   517/670   -75/134  -323/670  -667/670     -1/10   137/670]
[  -11/134  -643/670  -287/670  -327/670  -763/670   -51/134  -143/670  -427/670   233/670  -843/670    73/134  -163/670 -1087/670   273/670  -103/670]
[   93/134  -703/670  -927/670  -207/670   117/670     9/134  -423/670    53/670   133/670  -183/670    89/134  -663/670   513/670   -47/670 -1003/670]
[   65/134   -83/670   453/670  -747/670 -1003/670   -63/134   -23/670  -127/670  -627/670  -183/670   -27/134  -483/670   113/670 -1027/670   117/670]
[  -95/134  -123/670  -167/670  -607/670  -103/670     1/134  -283/670   373/670  -707/670  -843/670    -7/134   377/670   393/670    13/670  -763/670]
[ -119/134   517/670  -107/670   213/670   137/670         0         0         0         0         0         0         0         0         0         0]
Testing obstruction for
m1: 1, m2: 168,a: 0
[     -1/2  -331/670  -319/670  -299/670  -271/670   -47/134  -191/670  -139/670   -79/670   -11/670    13/134   149/670   241/670   341/670   449/670]
[  113/134   689/670   821/670   961/670  1109/670   253/134  1429/670  1601/670  1781/670  1969/670   433/134  2369/670  2581/670  2801/670  3029/670]
[  653/134  3509/670  3761/670  4021/670  4289/670   913/134  4849/670  5141/670  5441/670  5749/670  1213/134  6389/670  6721/670  7061/670  7409/670]
[ 1553/134  8129/670  8501/670  8881/670  9269/670  1933/134 10069/670 10481/670 10901/670 11329/670  2353/134 12209/670 12661/670 13121/670 13589/670]
[ 2813/134 14549/670 15041/670 15541/670 16049/670  3313/134 17089/670    263/10 18161/670 18709/670  3853/134 19829/670 20401/670 20981/670 21569/670]
[ 4433/134 22769/670 23381/670 24001/670 24629/670  5053/134 25909/670 26561/670 27221/670 27889/670  5445/134 26569/670 25921/670 25281/670 24649/670]
[ 4805/134 23409/670 22801/670 22201/670 21609/670  4205/134 20449/670 19881/670 19321/670 18769/670  3645/134 17689/670 17161/670 16641/670 16129/670]
[ 3125/134 15129/670 14641/670 14161/670 13689/670  2645/134 12769/670 12321/670 11881/670 11449/670  2205/134 10609/670 10201/670  9801/670  9409/670]
[ 1805/134  8649/670  8281/670  7921/670  7569/670  1445/134  6889/670  6561/670  6241/670  5929/670  1125/134  5329/670  5041/670  4761/670     67/10]
[  845/134  3969/670  3721/670  3481/670  3249/670   605/134  2809/670  2601/670  2401/670  2209/670   405/134  1849/670  1681/670  1521/670  1369/670]
[  245/134  1089/670   961/670   841/670   729/670   125/134   529/670   441/670   361/670   289/670    45/134   169/670   121/670    81/670    49/670]
[    5/134     9/670     1/670     1/670     9/670     5/134    49/670    81/670   121/670   169/670    45/134   289/670   361/670   441/670   529/670]
[  125/134   729/670   841/670   961/670  1089/670   245/134  1369/670  1521/670  1681/670  1849/670   405/134  2209/670  2401/670  2601/670  2809/670]
[  605/134  3249/670  3481/670  3721/670  3969/670   845/134     67/10  4761/670  5041/670  5329/670  1125/134  5929/670  6241/670  6561/670  6889/670]
[ 1445/134  7569/670  7921/670  8281/670  8649/670  1805/134  9409/670  9801/670 10201/670 10609/670  2205/134 11449/670 11881/670 12321/670 12769/670]
[ 2645/134 13689/670 14161/670 14641/670 15129/670  3125/134 16129/670 16641/670 17161/670 17689/670  3645/134 18769/670 19321/670 19881/670 20449/670]
[ 4205/134 21609/670 22201/670 22801/670 23409/670  4805/134 24649/670 25281/670 25921/670 26569/670  5445/134 27889/670 27221/670 26561/670 25909/670]
[ 5053/134 24629/670 24001/670 23381/670 22769/670  4433/134 21569/670 20981/670 20401/670 19829/670  3853/134 18709/670 18161/670    263/10 17089/670]
[ 3313/134 16049/670 15541/670 15041/670 14549/670  2813/134 13589/670 13121/670 12661/670 12209/670  2353/134 11329/670 10901/670 10481/670 10069/670]
[ 1933/134  9269/670  8881/670  8501/670  8129/670  1553/134  7409/670  7061/670  6721/670  6389/670  1213/134  5749/670  5441/670  5141/670  4849/670]
[  913/134  4289/670  4021/670  3761/670  3509/670   653/134  3029/670  2801/670  2581/670  2369/670   433/134  1969/670  1781/670  1601/670  1429/670]
[  253/134  1109/670   961/670   821/670   689/670   113/134   449/670   341/670   241/670   149/670    13/134   -11/670   -79/670  -139/670  -191/670]
[  -47/134  -271/670  -299/670  -319/670  -331/670         0         0         0         0         0         0         0         0         0         0]
Testing obstruction for
m1: 3, m2: 34,a: 0
[    -1/2 -583/670   13/670  113/670 -283/670   33/134  117/670  913/670 1213/670 1017/670  333/134 1817/670 2813/670 3313/670 3317/670]
[ 833/134 4517/670 5713/670 5073/670 3937/670  729/134 2857/670 2913/670 2473/670 1537/670  289/134  857/670 1113/670  873/670  137/670]
[  49/134 -143/670  313/670  273/670 -263/670    9/134 -143/670  513/670  673/670  337/670  169/134  857/670 1713/670 2073/670 1937/670]
[ 529/134 2857/670 3913/670 4473/670 4537/670 1089/134 4517/670 4433/670 3853/670 2777/670  509/134 1817/670 1933/670 1553/670  677/670]
[ 129/134  117/670  433/670  253/670 -423/670  -51/134 -583/670    -1/10  -47/670 -523/670  -31/134 -283/670  433/670  653/670  377/670]
[ 189/134 1017/670 1933/670 2353/670 2277/670  609/134 3317/670 4433/670 5053/670 5177/670  961/134 3937/670 3913/670 3393/670 2377/670]
[ 441/134 1537/670 1713/670 1393/670  577/670  121/134  137/670  513/670  393/670 -223/670    1/134 -263/670  313/670  393/670  -23/670]
[  81/134  337/670 1113/670 1393/670 1177/670  361/134 1937/670 2913/670 3393/670 3377/670  841/134 4537/670 5713/670 5053/670 3897/670]
[ 717/134 2777/670 2813/670 2353/670 1397/670  257/134  677/670  913/670  653/670 -103/670   -3/134 -423/670   13/670  -47/670    -9/10]
[ -63/134 -523/670  113/670  253/670 -103/670   77/134  377/670 1213/670 1553/670 1397/670  417/134 2277/670 3313/670 3853/670 3897/670]
[ 957/134 5177/670 5073/670 4473/670 3377/670  625/134 2377/670 2473/670 2073/670 1177/670  225/134  577/670  873/670  673/670  -23/670]
[  25/134 -223/670  273/670  273/670 -223/670   25/134  -23/670  673/670  873/670  577/670  225/134 1177/670 2073/670 2473/670 2377/670]
[ 625/134 3377/670 4473/670 5073/670 5177/670  957/134 3897/670 3853/670 3313/670 2277/670  417/134 1397/670 1553/670 1213/670  377/670]
[  77/134 -103/670  253/670  113/670 -523/670  -63/134    -9/10  -47/670   13/670 -423/670   -3/134 -103/670  653/670  913/670  677/670]
[ 257/134 1397/670 2353/670 2813/670 2777/670  717/134 3897/670 5053/670 5713/670 4537/670  841/134 3377/670 3393/670 2913/670 1937/670]
[ 361/134 1177/670 1393/670 1113/670  337/670   81/134  -23/670  393/670  313/670 -263/670    1/134 -223/670  393/670  513/670  137/670]
[ 121/134  577/670 1393/670 1713/670 1537/670  441/134 2377/670 3393/670 3913/670 3937/670  961/134 5177/670 5053/670 4433/670 3317/670]
[ 609/134 2277/670 2353/670 1933/670 1017/670  189/134  377/670  653/670  433/670 -283/670  -31/134 -523/670  -47/670    -1/10 -583/670]
[ -51/134 -423/670  253/670  433/670  117/670  129/134  677/670 1553/670 1933/670 1817/670  509/134 2777/670 3853/670 4433/670 4517/670]
[1089/134 4537/670 4473/670 3913/670 2857/670  529/134 1937/670 2073/670 1713/670  857/670  169/134  337/670  673/670  513/670 -143/670]
[   9/134 -263/670  273/670  313/670 -143/670   49/134  137/670  873/670 1113/670  857/670  289/134 1537/670 2473/670 2913/670 2857/670]
[ 729/134 3937/670 5073/670 5713/670 4517/670  833/134 3317/670 3313/670 2813/670 1817/670  333/134 1017/670 1213/670  913/670  117/670]
[  33/134 -283/670  113/670   13/670 -583/670        0        0        0        0        0        0        0        0        0        0]
Unobstructed
104
---------------------------
---------------------------
