13a319
Correction terms
[    -1/2 -651/422 -283/422   49/422  345/422 -239/422  -15/422  173/422 -519/422  441/422 -323/422 -279/422 -271/422 -299/422 -363/422]
[-463/422  245/422   73/422 -135/422 -379/422  185/422 -131/422  361/422  -27/422 -451/422  -67/422 -563/422 -251/422   25/422  265/422]
[-375/422 -207/422  -75/422   21/422   81/422  105/422   93/422 -799/422  -39/422 -159/422 -315/422  337/422  109/422 -155/422 -455/422]
[  53/422 -319/422  117/422 -327/422   37/422 -479/422 -187/422   69/422 -555/422  473/422 -223/422 -111/422  -35/422    5/422    9/422]
[ -23/422  -91/422 -195/422 -335/422 -511/422  121/422 -127/422  433/422  113/422 -243/422  209/422 -219/422  161/422 -339/422  -31/422]
[-603/422 -367/422 -167/422   -3/422  125/422  217/422  273/422 -551/422  277/422 -619/422  137/422   13/422 -147/422 -343/422 -575/422]
[   1/422 -303/422  201/422 -175/422  257/422 -191/422  169/422 -351/422  -63/422  189/422 -439/422 -259/422 -115/422   -7/422   65/422]
[ 101/422  101/422   65/422   -7/422 -115/422 -259/422 -439/422  189/422  -63/422 -351/422  169/422 -191/422  257/422 -175/422  201/422]
[-303/422    1/422 -575/422 -343/422 -147/422   13/422  137/422 -619/422  277/422 -551/422  273/422  217/422  125/422   -3/422 -167/422]
[-367/422 -603/422  -31/422 -339/422  161/422 -219/422  209/422 -243/422  113/422  433/422 -127/422  121/422 -511/422 -335/422 -195/422]
[ -91/422  -23/422    9/422    5/422  -35/422 -111/422 -223/422  473/422 -555/422   69/422 -187/422 -479/422   37/422 -327/422  117/422]
[-319/422   53/422 -455/422 -155/422  109/422  337/422 -315/422 -159/422  -39/422 -799/422   93/422  105/422   81/422   21/422  -75/422]
[-207/422 -375/422  265/422   25/422 -251/422 -563/422  -67/422 -451/422  -27/422  361/422 -131/422  185/422 -379/422 -135/422   73/422]
[ 245/422 -463/422 -363/422 -299/422 -271/422 -279/422 -323/422  441/422 -519/422  173/422  -15/422 -239/422  345/422   49/422 -283/422]
[-651/422        0        0        0        0        0        0        0        0        0        0        0        0        0        0]
Testing obstruction for
m1: 1, m2: 106,a: 0
[     -1/2  -207/422  -195/422  -175/422  -147/422  -111/422   -67/422   -15/422    45/422   113/422   189/422   273/422   365/422   465/422   573/422]
[  689/422   813/422   945/422  1085/422  1233/422  1389/422  1553/422  1725/422  1905/422  2093/422  2289/422  2493/422  2705/422  2925/422  3153/422]
[ 3389/422  3633/422  3885/422  4145/422  4413/422  4689/422  4973/422  5265/422  5565/422  5873/422  6189/422  6513/422  6845/422  7185/422  7533/422]
[ 7889/422  8253/422  8625/422  9005/422  9393/422  9789/422 10193/422 10605/422 11025/422 10609/422 10201/422  9801/422  9409/422  9025/422  8649/422]
[ 8281/422  7921/422  7569/422  7225/422  6889/422  6561/422  6241/422  5929/422  5625/422  5329/422  5041/422  4761/422  4489/422  4225/422  3969/422]
[ 3721/422  3481/422  3249/422  3025/422  2809/422  2601/422  2401/422  2209/422  2025/422  1849/422  1681/422  1521/422  1369/422  1225/422  1089/422]
[  961/422   841/422   729/422   625/422   529/422   441/422   361/422   289/422   225/422   169/422   121/422    81/422    49/422    25/422     9/422]
[    1/422     1/422     9/422    25/422    49/422    81/422   121/422   169/422   225/422   289/422   361/422   441/422   529/422   625/422   729/422]
[  841/422   961/422  1089/422  1225/422  1369/422  1521/422  1681/422  1849/422  2025/422  2209/422  2401/422  2601/422  2809/422  3025/422  3249/422]
[ 3481/422  3721/422  3969/422  4225/422  4489/422  4761/422  5041/422  5329/422  5625/422  5929/422  6241/422  6561/422  6889/422  7225/422  7569/422]
[ 7921/422  8281/422  8649/422  9025/422  9409/422  9801/422 10201/422 10609/422 11025/422 10605/422 10193/422  9789/422  9393/422  9005/422  8625/422]
[ 8253/422  7889/422  7533/422  7185/422  6845/422  6513/422  6189/422  5873/422  5565/422  5265/422  4973/422  4689/422  4413/422  4145/422  3885/422]
[ 3633/422  3389/422  3153/422  2925/422  2705/422  2493/422  2289/422  2093/422  1905/422  1725/422  1553/422  1389/422  1233/422  1085/422   945/422]
[  813/422   689/422   573/422   465/422   365/422   273/422   189/422   113/422    45/422   -15/422   -67/422  -111/422  -147/422  -175/422  -195/422]
[ -207/422         0         0         0         0         0         0         0         0         0         0         0         0         0         0]
Unobstructed
31
---------------------------
---------------------------
13a320
Correction terms
[    -1/2 -423/638 -735/638   21/638 -707/638 -367/638 -235/638 -311/638 -595/638  189/638 -511/638   -13/58   17/638  -31/638 -287/638]
[ 525/638 -147/638  249/638  437/638  417/638  189/638 -247/638    35/58  809/638 -251/638 -243/638  833/638  425/638 -191/638     9/22]
[ 505/638  541/638  369/638    -1/58  677/638 -119/638  153/638  217/638   73/638 -279/638  437/638 -331/638  -31/638   61/638    -5/58]
[-379/638  365/638 -375/638  -47/638   73/638  -15/638 -311/638  461/638 -251/638  105/638    23/58  193/638  -75/638   -19/22   41/638]
[ 425/638 -675/638 -707/638  329/638 -119/638 -775/638   -33/58 -159/638 -163/638 -375/638 -795/638 -147/638  293/638 -751/638 -727/638]
[ 365/638  -27/638   -57/58 -159/638  101/638  153/638   -3/638 -367/638  337/638 -443/638 -155/638  -75/638    -7/22   -49/58  193/638]
[-559/638 -243/638 -135/638 -235/638 -543/638  217/638 -507/638 -163/638  -27/638    -9/58 -379/638  409/638 -287/638   85/638  249/638]
[ 205/638  -47/638 -507/638  101/638  501/638   -53/58 -599/638  453/638   21/638 -619/638 -191/638     1/22   41/638 -155/638 -559/638]
[ 105/638    51/58 -467/638 -427/638  681/638  305/638 -279/638  205/638  481/638  549/638  409/638   61/638    71/58   17/638  321/638]
[ 417/638  305/638  -15/638  733/638   -3/638  329/638  453/638  369/638     7/58 -423/638     5/22  505/638 -619/638 -675/638  337/638]
[-135/638 -815/638 -427/638 -247/638   -25/58 -511/638 -955/638 -331/638   85/638 -983/638 -983/638   85/638 -331/638 -955/638 -511/638]
[  -25/58 -247/638 -427/638 -815/638 -135/638  337/638 -675/638 -619/638  505/638     5/22 -423/638     7/58  369/638  453/638  329/638]
[  -3/638  733/638  -15/638  305/638  417/638  321/638   17/638    71/58   61/638  409/638  549/638  481/638  205/638 -279/638  305/638]
[ 681/638 -427/638 -467/638    51/58  105/638 -559/638 -155/638   41/638     1/22 -191/638 -619/638   21/638  453/638 -599/638   -53/58]
[ 501/638  101/638 -507/638  -47/638  205/638  249/638   85/638 -287/638  409/638 -379/638    -9/58  -27/638 -163/638 -507/638  217/638]
[-543/638 -235/638 -135/638 -243/638 -559/638  193/638   -49/58    -7/22  -75/638 -155/638 -443/638  337/638 -367/638   -3/638  153/638]
[ 101/638 -159/638   -57/58  -27/638  365/638 -727/638 -751/638  293/638 -147/638 -795/638 -375/638 -163/638 -159/638   -33/58 -775/638]
[-119/638  329/638 -707/638 -675/638  425/638   41/638   -19/22  -75/638  193/638    23/58  105/638 -251/638  461/638 -311/638  -15/638]
[  73/638  -47/638 -375/638  365/638 -379/638    -5/58   61/638  -31/638 -331/638  437/638 -279/638   73/638  217/638  153/638 -119/638]
[ 677/638    -1/58  369/638  541/638  505/638     9/22 -191/638  425/638  833/638 -243/638 -251/638  809/638    35/58 -247/638  189/638]
[ 417/638  437/638  249/638 -147/638  525/638 -287/638  -31/638   17/638   -13/58 -511/638  189/638 -595/638 -311/638 -235/638 -367/638]
[-707/638   21/638 -735/638 -423/638        0        0        0        0        0        0        0        0        0        0        0]
Testing obstruction for
m1: 1, m2: 160,a: 0
[     -1/2  -315/638  -303/638  -283/638  -255/638  -219/638  -175/638  -123/638   -63/638     5/638    81/638     15/58   257/638   357/638   465/638]
[  581/638   705/638   837/638   977/638  1125/638  1281/638  1445/638    147/58  1797/638  1985/638  2181/638  2385/638  2597/638  2817/638    105/22]
[ 3281/638  3525/638  3777/638    367/58  4305/638  4581/638  4865/638  5157/638  5457/638  5765/638  6081/638  6405/638  6737/638  7077/638    675/58]
[ 7781/638  8145/638  8517/638  8897/638  9285/638  9681/638 10085/638 10497/638 10917/638 11345/638   1071/58 12225/638 12677/638    453/22 13605/638]
[14081/638 14565/638 15057/638 15557/638 16065/638 16581/638   1555/58 17637/638 18177/638 18725/638 19281/638 19845/638 20417/638 20997/638 21585/638]
[22181/638 22785/638   2127/58 24017/638 24645/638 25281/638 24649/638 24025/638 23409/638 22801/638 22201/638 21609/638    725/22   1859/58 19881/638]
[19321/638 18769/638 18225/638 17689/638 17161/638 16641/638 16129/638 15625/638 15129/638   1331/58 14161/638 13689/638 13225/638 12769/638 12321/638]
[11881/638 11449/638 11025/638 10609/638 10201/638    891/58  9409/638  9025/638  8649/638  8281/638  7921/638    261/22  7225/638  6889/638  6561/638]
[ 6241/638    539/58  5625/638  5329/638  5041/638  4761/638  4489/638  4225/638  3969/638  3721/638  3481/638  3249/638    275/58  2809/638  2601/638]
[ 2401/638  2209/638  2025/638  1849/638  1681/638  1521/638  1369/638  1225/638     99/58   961/638     29/22   729/638   625/638   529/638   441/638]
[  361/638   289/638   225/638   169/638     11/58    81/638    49/638    25/638     9/638     1/638     1/638     9/638    25/638    49/638    81/638]
[    11/58   169/638   225/638   289/638   361/638   441/638   529/638   625/638   729/638     29/22   961/638     99/58  1225/638  1369/638  1521/638]
[ 1681/638  1849/638  2025/638  2209/638  2401/638  2601/638  2809/638    275/58  3249/638  3481/638  3721/638  3969/638  4225/638  4489/638  4761/638]
[ 5041/638  5329/638  5625/638    539/58  6241/638  6561/638  6889/638  7225/638    261/22  7921/638  8281/638  8649/638  9025/638  9409/638    891/58]
[10201/638 10609/638 11025/638 11449/638 11881/638 12321/638 12769/638 13225/638 13689/638 14161/638   1331/58 15129/638 15625/638 16129/638 16641/638]
[17161/638 17689/638 18225/638 18769/638 19321/638 19881/638   1859/58    725/22 21609/638 22201/638 22801/638 23409/638 24025/638 24649/638 25281/638]
[24645/638 24017/638   2127/58 22785/638 22181/638 21585/638 20997/638 20417/638 19845/638 19281/638 18725/638 18177/638 17637/638   1555/58 16581/638]
[16065/638 15557/638 15057/638 14565/638 14081/638 13605/638    453/22 12677/638 12225/638   1071/58 11345/638 10917/638 10497/638 10085/638  9681/638]
[ 9285/638  8897/638  8517/638  8145/638  7781/638    675/58  7077/638  6737/638  6405/638  6081/638  5765/638  5457/638  5157/638  4865/638  4581/638]
[ 4305/638    367/58  3777/638  3525/638  3281/638    105/22  2817/638  2597/638  2385/638  2181/638  1985/638  1797/638    147/58  1445/638  1281/638]
[ 1125/638   977/638   837/638   705/638   581/638   465/638   357/638   257/638     15/58    81/638     5/638   -63/638  -123/638  -175/638  -219/638]
[ -255/638  -283/638  -303/638  -315/638         0         0         0         0         0         0         0         0         0         0         0]
Testing obstruction for
m1: 6, m2: 15,a: 0
[    -1/2 -511/638  189/638  505/638  437/638  -15/638  425/638  481/638 1429/638  717/638  897/638    63/58 1381/638 1685/638 2881/638]
[2417/638 1569/638 1613/638 1273/638 1825/638  717/638  501/638    -9/58  193/638  101/638  901/638   41/638   73/638 -279/638     9/22]
[ 417/638  189/638 -423/638   -13/58 -247/638  541/638  945/638  965/638  601/638 1129/638 1273/638 2309/638 1685/638 1953/638   167/58]
[1337/638 1729/638 1737/638 1361/638  601/638  733/638  481/638 1121/638  101/638  -27/638   -49/58 -159/638 -163/638    25/22  -47/638]
[  73/638 -191/638  437/638  681/638  541/638   17/638    35/58  369/638 1245/638 1737/638 1845/638 1569/638 2185/638 2417/638 2265/638]
[1729/638  809/638    71/58  369/638  849/638  945/638  657/638  -15/638  205/638   41/638  769/638 -163/638    -7/22   -57/58 -159/638]
[ -75/638  901/638  217/638  425/638  249/638  965/638 1297/638 1245/638  809/638   115/58 1337/638 2301/638 2881/638 1801/638 1613/638]
[1041/638 1361/638 1297/638  849/638   17/638     7/58 -247/638  321/638  505/638  305/638 -279/638     1/22  -47/638  769/638  -75/638]
[ -27/638   -33/58  193/638  365/638 1429/638  833/638 1129/638 1041/638 1845/638 2265/638 2301/638 1953/638   111/58 1381/638 1157/638]
[1825/638  833/638  733/638  249/638  657/638  681/638  321/638 -423/638   -25/58 -511/638     5/22  417/638  305/638 -191/638  205/638]
[ 217/638 1121/638  365/638  501/638    23/58  897/638 1157/638 2309/638 1801/638 2185/638 2185/638 1801/638 2309/638 1157/638  897/638]
[   23/58  501/638  365/638 1121/638  217/638  205/638 -191/638  305/638  417/638     5/22 -511/638   -25/58 -423/638  321/638  681/638]
[ 657/638  249/638  733/638  833/638 1825/638 1157/638 1381/638   111/58 1953/638 2301/638 2265/638 1845/638 1041/638 1129/638  833/638]
[1429/638  365/638  193/638   -33/58  -27/638  -75/638  769/638  -47/638     1/22 -279/638  305/638  505/638  321/638 -247/638     7/58]
[  17/638  849/638 1297/638 1361/638 1041/638 1613/638 1801/638 2881/638 2301/638 1337/638   115/58  809/638 1245/638 1297/638  965/638]
[ 249/638  425/638  217/638  901/638  -75/638 -159/638   -57/58    -7/22 -163/638  769/638   41/638  205/638  -15/638  657/638  945/638]
[ 849/638  369/638    71/58  809/638 1729/638 2265/638 2417/638 2185/638 1569/638 1845/638 1737/638 1245/638  369/638    35/58   17/638]
[ 541/638  681/638  437/638 -191/638   73/638  -47/638    25/22 -163/638 -159/638   -49/58  -27/638  101/638 1121/638  481/638  733/638]
[ 601/638 1361/638 1737/638 1729/638 1337/638   167/58 1953/638 1685/638 2309/638 1273/638 1129/638  601/638  965/638  945/638  541/638]
[-247/638   -13/58 -423/638  189/638  417/638     9/22 -279/638   73/638   41/638  901/638  101/638  193/638    -9/58  501/638  717/638]
[1825/638 1273/638 1613/638 1569/638 2417/638 2881/638 1685/638 1381/638    63/58  897/638  717/638 1429/638  481/638  425/638  -15/638]
[ 437/638  505/638  189/638 -511/638        0        0        0        0        0        0        0        0        0        0        0]
Unobstructed
10
---------------------------
---------------------------
13a326
Correction terms
[    -1/2 -179/494   25/494  365/494 -147/494 -523/494  225/494  121/494  153/494  321/494 -363/494   77/494 -335/494    29/38  237/494]
[ 233/494  365/494 -355/494   49/494   -21/26  277/494  101/494   61/494  157/494 -599/494  757/494    21/38  -75/494 -287/494 -363/494]
[ 685/494 -107/494  225/494 -295/494  309/494   61/494  -51/494  -27/494     7/26    33/38 -127/494  441/494  157/494    9/494   -3/494]
[ 121/494  381/494 -211/494  321/494    1/494 -183/494 -231/494   -11/38   81/494  441/494  -51/494 -407/494    19/26  277/494  329/494]
[-471/494 -147/494  313/494  -79/494  653/494   -35/38  549/494 -287/494    1/494  425/494   -3/494  693/494 -451/494  517/494 -355/494]
[-103/494    15/26 -179/494    37/38 -699/494  233/494  313/494  529/494 -107/494 -607/494   17/494 -211/494  685/494 -259/494  -79/494]
[ 237/494   -23/38  289/494   25/494 -103/494    -5/26   49/494  329/494 -243/494  309/494    9/494 -155/494 -183/494  -75/494    13/38]
[ 549/494   77/494 -259/494 -459/494  465/494  537/494 -243/494  101/494 -407/494    11/26  -27/494 -127/494    -7/38   81/494  389/494]
[-155/494  425/494  153/494   17/494   17/494  153/494  425/494 -155/494  389/494   81/494    -7/38 -127/494  -27/494    11/26 -407/494]
[ 101/494 -243/494  537/494  465/494 -459/494 -259/494   77/494  549/494    13/38  -75/494 -183/494 -155/494    9/494  309/494 -243/494]
[ 329/494   49/494    -5/26 -103/494   25/494  289/494   -23/38  237/494  -79/494 -259/494  685/494 -211/494   17/494 -607/494 -107/494]
[ 529/494  313/494  233/494 -699/494    37/38 -179/494    15/26 -103/494 -355/494  517/494 -451/494  693/494   -3/494  425/494    1/494]
[-287/494  549/494   -35/38  653/494  -79/494  313/494 -147/494 -471/494  329/494  277/494    19/26 -407/494  -51/494  441/494   81/494]
[  -11/38 -231/494 -183/494    1/494  321/494 -211/494  381/494  121/494   -3/494    9/494  157/494  441/494 -127/494    33/38     7/26]
[ -27/494  -51/494   61/494  309/494 -295/494  225/494 -107/494  685/494 -363/494 -287/494  -75/494    21/38  757/494 -599/494  157/494]
[  61/494  101/494  277/494   -21/26   49/494 -355/494  365/494  233/494  237/494    29/38 -335/494   77/494 -363/494  321/494  153/494]
[ 121/494  225/494 -523/494 -147/494  365/494   25/494 -179/494        0        0        0        0        0        0        0        0]
Testing obstruction for
m1: 1, m2: 124,a: 0
[     -1/2  -243/494  -231/494  -211/494  -183/494  -147/494  -103/494   -51/494     9/494    77/494   153/494   237/494   329/494     33/38   537/494]
[  653/494   777/494   909/494  1049/494     63/26  1353/494  1517/494  1689/494  1869/494  2057/494  2253/494    189/38  2669/494  2889/494  3117/494]
[ 3353/494  3597/494  3849/494  4109/494  4377/494  4653/494  4937/494  5229/494    291/26    449/38  6153/494  6477/494  6809/494  7149/494  7497/494]
[ 7853/494  8217/494  8589/494  8969/494  9357/494  9753/494 10157/494    813/38 10989/494 11417/494 11853/494 12297/494    671/26 13209/494 13677/494]
[14153/494 14637/494 15129/494 14641/494 14161/494   1053/38 13225/494 12769/494 12321/494 11881/494 11449/494 11025/494 10609/494 10201/494  9801/494]
[ 9409/494    475/26  8649/494    637/38  7921/494  7569/494  7225/494  6889/494  6561/494  6241/494  5929/494  5625/494  5329/494  5041/494  4761/494]
[ 4489/494    325/38  3969/494  3721/494  3481/494    171/26  3025/494  2809/494  2601/494  2401/494  2209/494  2025/494  1849/494  1681/494    117/38]
[ 1369/494  1225/494  1089/494   961/494   841/494   729/494   625/494   529/494   441/494     19/26   289/494   225/494     13/38   121/494    81/494]
[   49/494    25/494     9/494     1/494     1/494     9/494    25/494    49/494    81/494   121/494     13/38   225/494   289/494     19/26   441/494]
[  529/494   625/494   729/494   841/494   961/494  1089/494  1225/494  1369/494    117/38  1681/494  1849/494  2025/494  2209/494  2401/494  2601/494]
[ 2809/494  3025/494    171/26  3481/494  3721/494  3969/494    325/38  4489/494  4761/494  5041/494  5329/494  5625/494  5929/494  6241/494  6561/494]
[ 6889/494  7225/494  7569/494  7921/494    637/38  8649/494    475/26  9409/494  9801/494 10201/494 10609/494 11025/494 11449/494 11881/494 12321/494]
[12769/494 13225/494   1053/38 14161/494 14641/494 15129/494 14637/494 14153/494 13677/494 13209/494    671/26 12297/494 11853/494 11417/494 10989/494]
[   813/38 10157/494  9753/494  9357/494  8969/494  8589/494  8217/494  7853/494  7497/494  7149/494  6809/494  6477/494  6153/494    449/38    291/26]
[ 5229/494  4937/494  4653/494  4377/494  4109/494  3849/494  3597/494  3353/494  3117/494  2889/494  2669/494    189/38  2253/494  2057/494  1869/494]
[ 1689/494  1517/494  1353/494     63/26  1049/494   909/494   777/494   653/494   537/494     33/38   329/494   237/494   153/494    77/494     9/494]
[  -51/494  -103/494  -147/494  -183/494  -211/494  -231/494  -243/494         0         0         0         0         0         0         0         0]
Unobstructed
98
---------------------------
---------------------------
13a338
Correction terms
[     -1/2   745/758  -431/758   641/758  -587/758   433/758   669/758   121/758   305/758  -295/758  -163/758  -815/758   781/758    77/758   105/758]
[ -651/758   841/758    33/758   -43/758   613/758   485/758  -427/758  -607/758   -55/758  -287/758   213/758   -71/758   377/758    41/758   437/758]
[   49/758   393/758   -47/758   245/758  -247/758    -7/758  -551/758  -363/758   557/758   693/758    45/758   129/758   945/758  -539/758   225/758]
[  205/758  -599/758  -671/758   -11/758  -135/758   473/758   297/758   853/758   625/758  -387/758   849/758  -215/758  -547/758  -147/758  -531/758]
[ -183/758  -619/758  -323/758   705/758   949/758   409/758   601/758     9/758   149/758  -495/758  -407/758   413/758 -1067/758  -299/758  -315/758]
[  401/758   333/758   997/758   877/758   -27/758  -199/758   361/758   137/758  -871/758   369/758  -691/758   497/758  -615/758   521/758   873/758]
[  441/758   741/758   257/758   505/758   -31/758   165/758  -423/758  -279/758  -919/758   689/758    -3/758    37/758   809/758   797/758     1/758]
[  -63/758   605/758   489/758  -411/758  -579/758   -15/758  -235/758   277/758     5/758   465/758   141/758   549/758   173/758   529/758   101/758]
[  405/758   -75/758   177/758  -355/758  -155/758   777/758  -591/758   289/758   385/758  -303/758  -259/758   517/758   509/758  -283/758  -343/758]
[  329/758   217/758  -679/758   673/758  -275/758  -491/758    25/758  -243/758   221/758   -99/758   313/758   -59/758   301/758  -123/758   185/758]
[ -291/758   -35/758  -563/758  -359/758   577/758  -787/758    97/758   197/758  1029/758  -439/758   341/758   337/758  -451/758  -507/758   169/758]
[   61/758  -831/758   525/758  -419/758   885/758  -111/758  1141/758    93/758  -223/758   193/758  -175/758   189/758  -231/758    81/758  -391/758]
[ -131/758  -655/758  1069/758   493/758   649/758    21/758   125/758  -555/758  -503/758   281/758   281/758  -503/758  -555/758   125/758    21/758]
[  649/758   493/758  1069/758  -655/758  -131/758  -391/758    81/758  -231/758   189/758  -175/758   193/758  -223/758    93/758  1141/758  -111/758]
[  885/758  -419/758   525/758  -831/758    61/758   169/758  -507/758  -451/758   337/758   341/758  -439/758  1029/758   197/758    97/758  -787/758]
[  577/758  -359/758  -563/758   -35/758  -291/758   185/758  -123/758   301/758   -59/758   313/758   -99/758   221/758  -243/758    25/758  -491/758]
[ -275/758   673/758  -679/758   217/758   329/758  -343/758  -283/758   509/758   517/758  -259/758  -303/758   385/758   289/758  -591/758   777/758]
[ -155/758  -355/758   177/758   -75/758   405/758   101/758   529/758   173/758   549/758   141/758   465/758     5/758   277/758  -235/758   -15/758]
[ -579/758  -411/758   489/758   605/758   -63/758     1/758   797/758   809/758    37/758    -3/758   689/758  -919/758  -279/758  -423/758   165/758]
[  -31/758   505/758   257/758   741/758   441/758   873/758   521/758  -615/758   497/758  -691/758   369/758  -871/758   137/758   361/758  -199/758]
[  -27/758   877/758   997/758   333/758   401/758  -315/758  -299/758 -1067/758   413/758  -407/758  -495/758   149/758     9/758   601/758   409/758]
[  949/758   705/758  -323/758  -619/758  -183/758  -531/758  -147/758  -547/758  -215/758   849/758  -387/758   625/758   853/758   297/758   473/758]
[ -135/758   -11/758  -671/758  -599/758   205/758   225/758  -539/758   945/758   129/758    45/758   693/758   557/758  -363/758  -551/758    -7/758]
[ -247/758   245/758   -47/758   393/758    49/758   437/758    41/758   377/758   -71/758   213/758  -287/758   -55/758  -607/758  -427/758   485/758]
[  613/758   -43/758    33/758   841/758  -651/758   105/758    77/758   781/758  -815/758  -163/758  -295/758   305/758   121/758   669/758   433/758]
[ -587/758   641/758  -431/758   745/758         0         0         0         0         0         0         0         0         0         0         0]
Testing obstruction for
m1: 1, m2: 190,a: 0
[     -1/2  -375/758  -363/758  -343/758  -315/758  -279/758  -235/758  -183/758  -123/758   -55/758    21/758   105/758   197/758   297/758   405/758]
[  521/758   645/758   777/758   917/758  1065/758  1221/758  1385/758  1557/758  1737/758  1925/758  2121/758  2325/758  2537/758  2757/758  2985/758]
[ 3221/758  3465/758  3717/758  3977/758  4245/758  4521/758  4805/758  5097/758  5397/758  5705/758  6021/758  6345/758  6677/758  7017/758  7365/758]
[ 7721/758  8085/758  8457/758  8837/758  9225/758  9621/758 10025/758 10437/758 10857/758 11285/758 11721/758 12165/758 12617/758 13077/758 13545/758]
[14021/758 14505/758 14997/758 15497/758 16005/758 16521/758 17045/758 17577/758 18117/758 18665/758 19221/758 19785/758 20357/758 20937/758 21525/758]
[22121/758 22725/758 23337/758 23957/758 24585/758 25221/758 25865/758 26517/758 27177/758 27845/758 28521/758 29205/758 29897/758 30597/758 31305/758]
[32021/758 32745/758 33477/758 34217/758 34965/758 35721/758 34969/758 34225/758 33489/758 32761/758 32041/758 31329/758 30625/758 29929/758 29241/758]
[28561/758 27889/758 27225/758 26569/758 25921/758 25281/758 24649/758 24025/758 23409/758 22801/758 22201/758 21609/758 21025/758 20449/758 19881/758]
[19321/758 18769/758 18225/758 17689/758 17161/758 16641/758 16129/758 15625/758 15129/758 14641/758 14161/758 13689/758 13225/758 12769/758 12321/758]
[11881/758 11449/758 11025/758 10609/758 10201/758  9801/758  9409/758  9025/758  8649/758  8281/758  7921/758  7569/758  7225/758  6889/758  6561/758]
[ 6241/758  5929/758  5625/758  5329/758  5041/758  4761/758  4489/758  4225/758  3969/758  3721/758  3481/758  3249/758  3025/758  2809/758  2601/758]
[ 2401/758  2209/758  2025/758  1849/758  1681/758  1521/758  1369/758  1225/758  1089/758   961/758   841/758   729/758   625/758   529/758   441/758]
[  361/758   289/758   225/758   169/758   121/758    81/758    49/758    25/758     9/758     1/758     1/758     9/758    25/758    49/758    81/758]
[  121/758   169/758   225/758   289/758   361/758   441/758   529/758   625/758   729/758   841/758   961/758  1089/758  1225/758  1369/758  1521/758]
[ 1681/758  1849/758  2025/758  2209/758  2401/758  2601/758  2809/758  3025/758  3249/758  3481/758  3721/758  3969/758  4225/758  4489/758  4761/758]
[ 5041/758  5329/758  5625/758  5929/758  6241/758  6561/758  6889/758  7225/758  7569/758  7921/758  8281/758  8649/758  9025/758  9409/758  9801/758]
[10201/758 10609/758 11025/758 11449/758 11881/758 12321/758 12769/758 13225/758 13689/758 14161/758 14641/758 15129/758 15625/758 16129/758 16641/758]
[17161/758 17689/758 18225/758 18769/758 19321/758 19881/758 20449/758 21025/758 21609/758 22201/758 22801/758 23409/758 24025/758 24649/758 25281/758]
[25921/758 26569/758 27225/758 27889/758 28561/758 29241/758 29929/758 30625/758 31329/758 32041/758 32761/758 33489/758 34225/758 34969/758 35721/758]
[34965/758 34217/758 33477/758 32745/758 32021/758 31305/758 30597/758 29897/758 29205/758 28521/758 27845/758 27177/758 26517/758 25865/758 25221/758]
[24585/758 23957/758 23337/758 22725/758 22121/758 21525/758 20937/758 20357/758 19785/758 19221/758 18665/758 18117/758 17577/758 17045/758 16521/758]
[16005/758 15497/758 14997/758 14505/758 14021/758 13545/758 13077/758 12617/758 12165/758 11721/758 11285/758 10857/758 10437/758 10025/758  9621/758]
[ 9225/758  8837/758  8457/758  8085/758  7721/758  7365/758  7017/758  6677/758  6345/758  6021/758  5705/758  5397/758  5097/758  4805/758  4521/758]
[ 4245/758  3977/758  3717/758  3465/758  3221/758  2985/758  2757/758  2537/758  2325/758  2121/758  1925/758  1737/758  1557/758  1385/758  1221/758]
[ 1065/758   917/758   777/758   645/758   521/758   405/758   297/758   197/758   105/758    21/758   -55/758  -123/758  -183/758  -235/758  -279/758]
[ -315/758  -343/758  -363/758  -375/758         0         0         0         0         0         0         0         0         0         0         0]
Testing obstruction for
m1: 3, m2: 40,a: 2
[    -1/2 -679/758  -63/758  -47/758 -631/758 -299/758 -567/758   81/758  129/758 -423/758  -59/758 -295/758  385/758  465/758  -55/758]
[ 341/758  137/758  849/758  961/758  473/758  901/758  729/758 1473/758 1617/758 1161/758 1621/758 1481/758 2257/758 2433/758 2009/758]
[2501/758 2393/758 3201/758 3409/758 3017/758 3541/758 3465/758 4305/758 4545/758 4185/758 4741/758 4697/758 5569/758 5841/758 5513/758]
[6101/758 6089/758 6993/758 7297/758 7001/758 6105/758 6125/758 5545/758 5881/758 5617/758 4753/758 4805/758 4257/758 4625/758 4393/758]
[3561/758 3645/758 3129/758 3529/758 3329/758 2529/758 2645/758 2161/758 2593/758 2425/758 1657/758 1805/758 1353/758 1817/758 1681/758]
[ 945/758 1125/758  705/758 1201/758 1097/758  393/758  605/758  217/758  745/758  673/758    1/758  245/758 -111/758  449/758  409/758]
[-231/758   45/758 -279/758  313/758  305/758 -303/758    5/758 -287/758  337/758  361/758 -215/758  125/758 -135/758  521/758  577/758]
[  33/758  405/758  177/758  865/758  953/758  441/758  845/758  649/758 1369/758 1489/758 1009/758 1445/758 1281/758 2033/758 2185/758]
[1737/758 2205/758 2073/758 2857/758 3041/758 2625/758 3125/758 3025/758 3841/758 4057/758 3673/758 4205/758 4137/758 4985/758 5233/758]
[4881/758 5445/758 5409/758 6289/758 6569/758 6249/758 6845/758 6841/758 6237/758 6549/758 6261/758 5373/758 5401/758 4829/758 5173/758]
[4917/758 4061/758 4121/758 3581/758 3957/758 3733/758 2909/758 3001/758 2493/758 2901/758 2709/758 1917/758 2041/758 1565/758 2005/758]
[1845/758 1085/758 1241/758  797/758 1269/758 1141/758  413/758  601/758  189/758  693/758  597/758  -99/758  121/758 -259/758  277/758]
[ 213/758 -451/758 -199/758 -547/758   21/758  -11/758 -643/758 -359/758 -675/758  -75/758  -75/758 -675/758 -359/758 -643/758  -11/758]
[  21/758 -547/758 -199/758 -451/758  213/758  277/758 -259/758  121/758  -99/758  597/758  693/758  189/758  601/758  413/758 1141/758]
[1269/758  797/758 1241/758 1085/758 1845/758 2005/758 1565/758 2041/758 1917/758 2709/758 2901/758 2493/758 3001/758 2909/758 3733/758]
[3957/758 3581/758 4121/758 4061/758 4917/758 5173/758 4829/758 5401/758 5373/758 6261/758 6549/758 6237/758 6841/758 6845/758 6249/758]
[6569/758 6289/758 5409/758 5445/758 4881/758 5233/758 4985/758 4137/758 4205/758 3673/758 4057/758 3841/758 3025/758 3125/758 2625/758]
[3041/758 2857/758 2073/758 2205/758 1737/758 2185/758 2033/758 1281/758 1445/758 1009/758 1489/758 1369/758  649/758  845/758  441/758]
[ 953/758  865/758  177/758  405/758   33/758  577/758  521/758 -135/758  125/758 -215/758  361/758  337/758 -287/758    5/758 -303/758]
[ 305/758  313/758 -279/758   45/758 -231/758  409/758  449/758 -111/758  245/758    1/758  673/758  745/758  217/758  605/758  393/758]
[1097/758 1201/758  705/758 1125/758  945/758 1681/758 1817/758 1353/758 1805/758 1657/758 2425/758 2593/758 2161/758 2645/758 2529/758]
[3329/758 3529/758 3129/758 3645/758 3561/758 4393/758 4625/758 4257/758 4805/758 4753/758 5617/758 5881/758 5545/758 6125/758 6105/758]
[7001/758 7297/758 6993/758 6089/758 6101/758 5513/758 5841/758 5569/758 4697/758 4741/758 4185/758 4545/758 4305/758 3465/758 3541/758]
[3017/758 3409/758 3201/758 2393/758 2501/758 2009/758 2433/758 2257/758 1481/758 1621/758 1161/758 1617/758 1473/758  729/758  901/758]
[ 473/758  961/758  849/758  137/758  341/758  -55/758  465/758  385/758 -295/758  -59/758 -423/758  129/758   81/758 -567/758 -299/758]
[-631/758  -47/758  -63/758 -679/758        0        0        0        0        0        0        0        0        0        0        0]
[-679/758, -63/758, -47/758, -631/758]
137 [-679/758, -63/758, -47/758, 885/758]
Testing obstruction for
m1: 12, m2: 13,a: 7
[    -1/2 -735/758 -287/758 -551/758  -11/758 -183/758  449/758  369/758 1093/758 1105/758 1921/758 2025/758 1417/758 1613/758 1097/758]
[1385/758  961/758 1341/758 1009/758 1481/758 1241/758 1805/758 1657/758 2313/758 2257/758 1489/758 1525/758  849/758  977/758  393/758]
[ 613/758  121/758  433/758   33/758  437/758  129/758  625/758  409/758  997/758  873/758 1553/758 1521/758  777/758  837/758  185/758]
[ 337/758 -223/758   21/758 -447/758 -111/758 -487/758  -59/758 -343/758  177/758  -15/758  597/758  497/758 1201/758 1193/758 1989/758]
[2073/758 1445/758 1621/758 1085/758 1353/758  909/758 1269/758  917/758 1369/758 1109/758 1653/758 1485/758 2121/758 2045/758 1257/758]
[1273/758  577/758  685/758   81/758  281/758 -231/758   61/758 -359/758   25/758 -303/758  173/758  -63/758  505/758  361/758 1021/758]
[ 969/758 1721/758 1761/758 1089/758 1221/758  641/758  865/758  377/758  693/758  297/758  705/758  401/758  901/758  689/758 1281/758]
[1161/758 1845/758 1817/758 1077/758 1141/758  493/758  649/758   93/758  341/758 -123/758  217/758 -155/758  277/758   -3/758  521/758]
[ 333/758  949/758  853/758 1561/758 1557/758  841/758  929/758  305/758  485/758  -47/758  225/758 -215/758  149/758 -199/758  257/758]
[   1/758  549/758  385/758 1025/758  953/758 1685/758 1705/758 2529/758 2641/758 2041/758 2245/758 1737/758 2033/758 1617/758 2005/758]
[1681/758 2161/758 1929/758 2501/758 2361/758 1509/758 1461/758  701/758  745/758   77/758  213/758 -363/758 -135/758 -619/758 -299/758]
[-691/758 -279/758 -579/758  -75/758 -283/758  313/758  197/758  885/758  861/758 1641/758 1709/758 1065/758 1225/758  673/758  925/758]
[ 465/758  809/758  441/758  877/758  601/758 1129/758  945/758 1565/758 1473/758 2185/758 2185/758 1473/758 1565/758  945/758 1129/758]
[ 601/758  877/758  441/758  809/758  465/758  925/758  673/758 1225/758 1065/758 1709/758 1641/758  861/758  885/758  197/758  313/758]
[-283/758  -75/758 -579/758 -279/758 -691/758 -299/758 -619/758 -135/758 -363/758  213/758   77/758  745/758  701/758 1461/758 1509/758]
[2361/758 2501/758 1929/758 2161/758 1681/758 2005/758 1617/758 2033/758 1737/758 2245/758 2041/758 2641/758 2529/758 1705/758 1685/758]
[ 953/758 1025/758  385/758  549/758    1/758  257/758 -199/758  149/758 -215/758  225/758  -47/758  485/758  305/758  929/758  841/758]
[1557/758 1561/758  853/758  949/758  333/758  521/758   -3/758  277/758 -155/758  217/758 -123/758  341/758   93/758  649/758  493/758]
[1141/758 1077/758 1817/758 1845/758 1161/758 1281/758  689/758  901/758  401/758  705/758  297/758  693/758  377/758  865/758  641/758]
[1221/758 1089/758 1761/758 1721/758  969/758 1021/758  361/758  505/758  -63/758  173/758 -303/758   25/758 -359/758   61/758 -231/758]
[ 281/758   81/758  685/758  577/758 1273/758 1257/758 2045/758 2121/758 1485/758 1653/758 1109/758 1369/758  917/758 1269/758  909/758]
[1353/758 1085/758 1621/758 1445/758 2073/758 1989/758 1193/758 1201/758  497/758  597/758  -15/758  177/758 -343/758  -59/758 -487/758]
[-111/758 -447/758   21/758 -223/758  337/758  185/758  837/758  777/758 1521/758 1553/758  873/758  997/758  409/758  625/758  129/758]
[ 437/758   33/758  433/758  121/758  613/758  393/758  977/758  849/758 1525/758 1489/758 2257/758 2313/758 1657/758 1805/758 1241/758]
[1481/758 1009/758 1341/758  961/758 1385/758 1097/758 1613/758 1417/758 2025/758 1921/758 1105/758 1093/758  369/758  449/758 -183/758]
[ -11/758 -551/758 -287/758 -735/758        0        0        0        0        0        0        0        0        0        0        0]
Testing obstruction for
m1: 10, m2: 19,a: 9
[    -1/2 -739/758 -303/758 -587/758  -75/758 -283/758  305/758  173/758  837/758  781/758 1521/758 1541/758  841/758  937/758  313/758]
[ 485/758  -63/758  185/758 -287/758   37/758 -359/758   41/758 -279/758  197/758  -47/758  505/758  337/758  965/758  873/758 1577/758]
[1561/758  825/758  885/758  225/758  361/758 -223/758  -11/758 -519/758 -231/758 -663/758 -299/758 -655/758 -215/758 -495/758   21/758]
[-183/758  409/758  281/758  949/758  897/758 1641/758 1665/758  969/758 1069/758  449/758  625/758   81/758  333/758 -135/758  193/758]
[-199/758  205/758 -111/758  369/758  129/758  685/758  521/758 1153/758 1065/758 1773/758 1761/758 1029/758 1093/758  437/758  577/758]
[  -3/758  213/758 -291/758    1/758 -427/758  -59/758 -411/758   33/758 -243/758  277/758   77/758  673/758  549/758 1221/758 1173/758]
[1921/758 1949/758 1257/758 1361/758  745/758  925/758  385/758  641/758  177/758  509/758  121/758  529/758  217/758  701/758  465/758]
[1025/758  865/758 1501/758 1417/758 2129/758 2121/758 1393/758 1461/758  809/758  953/758  377/758  597/758   97/758  393/758  -31/758]
[ 341/758   -7/758  441/758  169/758  693/758  497/758 1097/758  977/758 1653/758 1609/758 2361/758 2393/758 1705/758 1813/758 1201/758]
[1385/758  849/758 1109/758  649/758  985/758  601/758 1013/758  705/758 1193/758  961/758 1525/758 1369/758 2009/758 1929/758 2645/758]
[2641/758 1917/758 1989/758 1341/758 1489/758  917/758 1141/758  645/758  945/758  525/758  901/758  557/758 1009/758  741/758 1269/758]
[1077/758 1681/758 1565/758 2245/758 2205/758 2961/758 2997/758 2313/758 2425/758 1817/758 2005/758 1473/758 1737/758 1281/758 1621/758]
[1241/758 1657/758 1353/758 1845/758 1617/758 2185/758 2033/758 2677/758 2601/758 3321/758 3321/758 2601/758 2677/758 2033/758 2185/758]
[1617/758 1845/758 1353/758 1657/758 1241/758 1621/758 1281/758 1737/758 1473/758 2005/758 1817/758 2425/758 2313/758 2997/758 2961/758]
[2205/758 2245/758 1565/758 1681/758 1077/758 1269/758  741/758 1009/758  557/758  901/758  525/758  945/758  645/758 1141/758  917/758]
[1489/758 1341/758 1989/758 1917/758 2641/758 2645/758 1929/758 2009/758 1369/758 1525/758  961/758 1193/758  705/758 1013/758  601/758]
[ 985/758  649/758 1109/758  849/758 1385/758 1201/758 1813/758 1705/758 2393/758 2361/758 1609/758 1653/758  977/758 1097/758  497/758]
[ 693/758  169/758  441/758   -7/758  341/758  -31/758  393/758   97/758  597/758  377/758  953/758  809/758 1461/758 1393/758 2121/758]
[2129/758 1417/758 1501/758  865/758 1025/758  465/758  701/758  217/758  529/758  121/758  509/758  177/758  641/758  385/758  925/758]
[ 745/758 1361/758 1257/758 1949/758 1921/758 1173/758 1221/758  549/758  673/758   77/758  277/758 -243/758   33/758 -411/758  -59/758]
[-427/758    1/758 -291/758  213/758   -3/758  577/758  437/758 1093/758 1029/758 1761/758 1773/758 1065/758 1153/758  521/758  685/758]
[ 129/758  369/758 -111/758  205/758 -199/758  193/758 -135/758  333/758   81/758  625/758  449/758 1069/758  969/758 1665/758 1641/758]
[ 897/758  949/758  281/758  409/758 -183/758   21/758 -495/758 -215/758 -655/758 -299/758 -663/758 -231/758 -519/758  -11/758 -223/758]
[ 361/758  225/758  885/758  825/758 1561/758 1577/758  873/758  965/758  337/758  505/758  -47/758  197/758 -279/758   41/758 -359/758]
[  37/758 -287/758  185/758  -63/758  485/758  313/758  937/758  841/758 1541/758 1521/758  781/758  837/758  173/758  305/758 -283/758]
[ -75/758 -587/758 -303/758 -739/758        0        0        0        0        0        0        0        0        0        0        0]
Testing obstruction for
m1: 48, m2: 49,a: 47
[    -1/2 -663/758    1/758   97/758 -375/758  101/758    9/758 -651/758 -363/758 -643/758   25/758  125/758 -343/758  137/758   49/758]
[-607/758 -315/758 -591/758   81/758  185/758 -279/758  205/758  121/758 -531/758 -235/758 -507/758  169/758  277/758 -183/758  305/758]
[ 225/758 -423/758 -123/758 -391/758  289/758  401/758  -55/758  437/758  361/758 -283/758   21/758 -243/758  441/758  557/758  105/758]
[ 601/758  529/758 -111/758  197/758  -63/758  625/758  745/758  297/758  797/758  729/758   93/758  405/758  149/758  841/758  965/758]
[ 521/758 1025/758  961/758  329/758  645/758  393/758 1089/758 1217/758  777/758 1285/758 1225/758  597/758  917/758  669/758 1369/758]
[1501/758 1065/758 1577/758 1521/758  897/758 1221/758  977/758 1681/758 1817/758 1385/758 1901/758 1849/758 1229/758 1557/758 1317/758]
[2025/758 2165/758 1737/758 2257/758 2209/758 1593/758 1925/758 1689/758 2401/758 2545/758 2121/758 2645/758 2601/758 1989/758 2325/758]
[2093/758 2809/758 2957/758 2537/758 3065/758 3025/758 2417/758 2757/758 2529/758 3249/758 3401/758 2985/758 3517/758 3481/758 2877/758]
[3221/758 2997/758 3721/758 3877/758 3465/758 4001/758 3969/758 3369/758 3717/758 3497/758 4225/758 4385/758 3977/758 4517/758 4489/758]
[3893/758 4245/758 4029/758 4761/758 4925/758 4521/758 5065/758 5041/758 4449/758 4805/758 4593/758 5329/758 5497/758 5097/758 5645/758]
[5625/758 5037/758 5397/758 5189/758 5929/758 6101/758 5705/758 6257/758 6241/758 5657/758 6021/758 5817/758 6561/758 6737/758 6345/758]
[6901/758 6889/758 6309/758 6677/758 6477/758 7225/758 7405/758 7017/758 7577/758 7569/758 6993/758 7365/758 7169/758 7921/758 8105/758]
[7721/758 8285/758 8281/758 7709/758 8085/758 7893/758 8649/758 8837/758 8457/758 9025/758 9025/758 8457/758 8837/758 8649/758 7893/758]
[8085/758 7709/758 8281/758 8285/758 7721/758 8105/758 7921/758 7169/758 7365/758 6993/758 7569/758 7577/758 7017/758 7405/758 7225/758]
[6477/758 6677/758 6309/758 6889/758 6901/758 6345/758 6737/758 6561/758 5817/758 6021/758 5657/758 6241/758 6257/758 5705/758 6101/758]
[5929/758 5189/758 5397/758 5037/758 5625/758 5645/758 5097/758 5497/758 5329/758 4593/758 4805/758 4449/758 5041/758 5065/758 4521/758]
[4925/758 4761/758 4029/758 4245/758 3893/758 4489/758 4517/758 3977/758 4385/758 4225/758 3497/758 3717/758 3369/758 3969/758 4001/758]
[3465/758 3877/758 3721/758 2997/758 3221/758 2877/758 3481/758 3517/758 2985/758 3401/758 3249/758 2529/758 2757/758 2417/758 3025/758]
[3065/758 2537/758 2957/758 2809/758 2093/758 2325/758 1989/758 2601/758 2645/758 2121/758 2545/758 2401/758 1689/758 1925/758 1593/758]
[2209/758 2257/758 1737/758 2165/758 2025/758 1317/758 1557/758 1229/758 1849/758 1901/758 1385/758 1817/758 1681/758  977/758 1221/758]
[ 897/758 1521/758 1577/758 1065/758 1501/758 1369/758  669/758  917/758  597/758 1225/758 1285/758  777/758 1217/758 1089/758  393/758]
[ 645/758  329/758  961/758 1025/758  521/758  965/758  841/758  149/758  405/758   93/758  729/758  797/758  297/758  745/758  625/758]
[ -63/758  197/758 -111/758  529/758  601/758  105/758  557/758  441/758 -243/758   21/758 -283/758  361/758  437/758  -55/758  401/758]
[ 289/758 -391/758 -123/758 -423/758  225/758  305/758 -183/758  277/758  169/758 -507/758 -235/758 -531/758  121/758  205/758 -279/758]
[ 185/758   81/758 -591/758 -315/758 -607/758   49/758  137/758 -343/758  125/758   25/758 -643/758 -363/758 -651/758    9/758  101/758]
[-375/758   97/758    1/758 -663/758        0        0        0        0        0        0        0        0        0        0        0]
---------------------------
SUCCESS for name = 13a338
---------------------------
13a339
Correction terms
[    -1/2  377/630  -67/630    97/70  677/630  121/126    73/70   119/90 -127/630    33/70  -83/126  257/630   -23/70  713/630    71/90]
[    9/14  437/630  593/630   -43/70   17/630 -143/126    -1/10 -547/630  353/630    13/70    1/126   17/630    17/70    59/90  797/630]
[    1/14  677/630  173/630   117/70  797/630    19/18    73/70  773/630 -247/630    13/70 -131/126  -43/630    -9/10  293/630   17/630]
[   -3/14 -163/630  -67/630    17/70    71/90  -59/126    33/70 -247/630  593/630    33/70   25/126    11/90    17/70  353/630  677/630]
[   -3/14  437/630 -127/630    11/10  377/630   37/126    13/70  173/630  353/630    73/70    -5/18  377/630   -23/70  593/630  257/630]
[    1/14  -43/630    -1/90    17/70  437/630  -83/126    13/70 -487/630  293/630    -1/10  -59/126 -403/630   -43/70 -247/630   17/630]
[    9/14   131/90  293/630   117/70  677/630   85/126    33/70  293/630    59/90    73/70  -47/126  257/630   -43/70  353/630  -43/630]
[    -1/2 -463/630 -487/630   -43/70 -163/630   37/126    73/70    -1/90  713/630    33/70    1/126 -163/630   -23/70 -127/630    11/90]
[    9/14  857/630  173/630    97/70  437/630   25/126    -1/10 -127/630  -67/630    13/70   85/126  857/630    17/70   119/90  377/630]
[    1/14 -163/630 -247/630   -23/70  -43/630     7/18    73/70  -67/630  593/630    13/70  -47/126 -463/630    -9/10 -547/630 -403/630]
[   -3/14  257/630  773/630    17/70   131/90  109/126    33/70  173/630  173/630    33/70  109/126   131/90    17/70  773/630  257/630]
[   -3/14 -403/630 -547/630    -9/10 -463/630  -47/126    13/70  593/630  -67/630    73/70     7/18  -43/630   -23/70 -247/630 -163/630]
[    1/14  377/630   119/90    17/70  857/630   85/126    13/70  -67/630 -127/630    -1/10   25/126  437/630    97/70  173/630  857/630]
[    9/14    11/90 -127/630   -23/70 -163/630    1/126    33/70  713/630    -1/90    73/70   37/126 -163/630   -43/70 -487/630 -463/630]
[    -1/2  -43/630  353/630   -43/70  257/630  -47/126    73/70    59/90  293/630    33/70   85/126  677/630   117/70  293/630   131/90]
[    9/14   17/630 -247/630   -43/70 -403/630  -59/126    -1/10  293/630 -487/630    13/70  -83/126  437/630    17/70    -1/90  -43/630]
[    1/14  257/630  593/630   -23/70  377/630    -5/18    73/70  353/630  173/630    13/70   37/126  377/630    11/10 -127/630  437/630]
[   -3/14  677/630  353/630    17/70    11/90   25/126    33/70  593/630 -247/630    33/70  -59/126    71/90    17/70  -67/630 -163/630]
[   -3/14   17/630  293/630    -9/10  -43/630 -131/126    13/70 -247/630  773/630    73/70    19/18  797/630   117/70  173/630  677/630]
[    1/14  797/630    59/90    17/70   17/630    1/126    13/70  353/630 -547/630    -1/10 -143/126   17/630   -43/70  593/630  437/630]
[    9/14    71/90  713/630   -23/70  257/630  -83/126    33/70 -127/630   119/90    73/70  121/126  677/630    97/70  -67/630  377/630]
[       0        0        0        0        0        0        0        0        0        0        0        0        0        0        0]
Testing obstruction for
m1: 1, m2: 158,a: 0
[     -1/2  -311/630  -299/630    -31/70  -251/630   -43/126    -19/70    -17/90   -59/630      1/70    17/126   169/630     29/70   361/630     67/90]
[    13/14   709/630   841/630    109/70  1129/630   257/126     23/10  1621/630  1801/630    221/70   437/126  2389/630    289/70    403/90  3049/630]
[    73/14  3529/630  3781/630    449/70  4309/630    131/18    541/70  5161/630  5461/630    641/70  1217/126  6409/630    107/10  7081/630  7429/630]
[   173/14  8149/630  8521/630    989/70   1327/90  1937/126   1121/70 10501/630 10921/630   1261/70  2357/126   1747/90   1409/70 13141/630 13609/630]
[   313/14 14569/630 15061/630    247/10 16069/630  3317/126   1901/70 17641/630 18181/630   2081/70    551/18 19849/630   2269/70 21001/630 21589/630]
[   493/14 22789/630   3343/90   2669/70 24649/630  4805/126   2601/70 22801/630 22201/630    343/10  4205/126 20449/630   2209/70 19321/630 18769/630]
[   405/14   2527/90 17161/630   1849/70 16129/630  3125/126   1681/70 14641/630   2023/90   1521/70  2645/126 12769/630   1369/70 11881/630 11449/630]
[     35/2 10609/630 10201/630   1089/70  9409/630  1805/126    961/70   1183/90  7921/630    841/70  1445/126  6889/630    729/70  6241/630    847/90]
[   125/14  5329/630  5041/630    529/70  4489/630   845/126     63/10  3721/630  3481/630    361/70   605/126  2809/630    289/70    343/90  2209/630]
[    45/14  1849/630  1681/630    169/70  1369/630     35/18    121/70   961/630   841/630     81/70   125/126   529/630      7/10   361/630   289/630]
[     5/14   169/630   121/630      9/70      7/90     5/126      1/70     1/630     1/630      1/70     5/126      7/90      9/70   121/630   169/630]
[     5/14   289/630   361/630      7/10   529/630   125/126     81/70   841/630   961/630    121/70     35/18  1369/630    169/70  1681/630  1849/630]
[    45/14  2209/630    343/90    289/70  2809/630   605/126    361/70  3481/630  3721/630     63/10   845/126  4489/630    529/70  5041/630  5329/630]
[   125/14    847/90  6241/630    729/70  6889/630  1445/126    841/70  7921/630   1183/90    961/70  1805/126  9409/630   1089/70 10201/630 10609/630]
[     35/2 11449/630 11881/630   1369/70 12769/630  2645/126   1521/70   2023/90 14641/630   1681/70  3125/126 16129/630   1849/70 17161/630   2527/90]
[   405/14 18769/630 19321/630   2209/70 20449/630  4205/126    343/10 22201/630 22801/630   2601/70  4805/126 24649/630   2669/70   3343/90 22789/630]
[   493/14 21589/630 21001/630   2269/70 19849/630    551/18   2081/70 18181/630 17641/630   1901/70  3317/126 16069/630    247/10 15061/630 14569/630]
[   313/14 13609/630 13141/630   1409/70   1747/90  2357/126   1261/70 10921/630 10501/630   1121/70  1937/126   1327/90    989/70  8521/630  8149/630]
[   173/14  7429/630  7081/630    107/10  6409/630  1217/126    641/70  5461/630  5161/630    541/70    131/18  4309/630    449/70  3781/630  3529/630]
[    73/14  3049/630    403/90    289/70  2389/630   437/126    221/70  1801/630  1621/630     23/10   257/126  1129/630    109/70   841/630   709/630]
[    13/14     67/90   361/630     29/70   169/630    17/126      1/70   -59/630    -17/90    -19/70   -43/126  -251/630    -31/70  -299/630  -311/630]
[        0         0         0         0         0         0         0         0         0         0         0         0         0         0         0]
Testing obstruction for
m1: 2, m2: 53,a: 0
Obstructed by Z^n/Q not being cyclic
Testing obstruction for
m1: 3, m2: 32,a: 0
[    -1/2 -547/630   17/630    13/70 -247/630   37/126    17/70   131/90 1217/630   117/70  337/126 1853/630   313/70 3317/630   479/90]
[   93/14 4553/630 4457/630   433/70 2873/630  529/126    31/10 2057/630 1697/630    97/70  169/126  353/630    73/70    71/90 -127/630]
[    1/14 -247/630  257/630    33/70 -127/630     7/18    17/70  857/630 1097/630    97/70  289/126 1553/630    39/10 2897/630 2873/630]
[   81/14 3953/630 5057/630   493/70   479/90  613/126   257/70 2357/630 1937/630   117/70  193/126    59/90    73/70  437/630 -247/630]
[   -3/14 -487/630  -43/630    -1/10 -547/630  -47/126   -43/70  257/630  437/630    17/70    19/18  713/630   173/70 1937/630 1853/630]
[   57/14 2813/630   551/90   493/70 4553/630  841/126   377/70 3377/630 2897/630    31/10  361/126 1193/630   153/70 1097/630  353/630]
[    9/14    -1/90  377/630    33/70 -247/630    1/126   -23/70  377/630    71/90    17/70  121/126  593/630   153/70 1697/630 1553/630]
[     7/2 2393/630 3377/630   433/70 3953/630  961/126   437/70   551/90 3317/630   257/70  421/126 1433/630   173/70 1217/630    59/90]
[    9/14  -67/630  257/630    13/70 -487/630  -59/126    -9/10  -43/630   17/630   -43/70    1/126  -67/630    73/70   131/90  713/630]
[   29/14 1433/630 2357/630   313/70 2813/630   103/18   437/70 5057/630 4457/630   377/70  625/126 2393/630    39/10 2057/630 1193/630]
[   25/14  593/630  857/630    73/70    -1/90   25/126   -23/70  257/630  257/630   -23/70   25/126    -1/90    73/70  857/630  593/630]
[   25/14 1193/630 2057/630    39/10 2393/630  625/126   377/70 4457/630 5057/630   437/70   103/18 2813/630   313/70 2357/630 1433/630]
[   29/14  713/630   131/90    73/70  -67/630    1/126   -43/70   17/630  -43/630    -9/10  -59/126 -487/630    13/70  257/630  -67/630]
[    9/14    59/90 1217/630   173/70 1433/630  421/126   257/70 3317/630   551/90   437/70  961/126 3953/630   433/70 3377/630 2393/630]
[     7/2 1553/630 1697/630   153/70  593/630  121/126    17/70    71/90  377/630   -23/70    1/126 -247/630    33/70  377/630    -1/90]
[    9/14  353/630 1097/630   153/70 1193/630  361/126    31/10 2897/630 3377/630   377/70  841/126 4553/630   493/70   551/90 2813/630]
[   57/14 1853/630 1937/630   173/70  713/630    19/18    17/70  437/630  257/630   -43/70  -47/126 -547/630    -1/10  -43/630 -487/630]
[   -3/14 -247/630  437/630    73/70    59/90  193/126   117/70 1937/630 2357/630   257/70  613/126   479/90   493/70 5057/630 3953/630]
[   81/14 2873/630 2897/630    39/10 1553/630  289/126    97/70 1097/630  857/630    17/70     7/18 -127/630    33/70  257/630 -247/630]
[    1/14 -127/630    71/90    73/70  353/630  169/126    97/70 1697/630 2057/630    31/10  529/126 2873/630   433/70 4457/630 4553/630]
[   93/14   479/90 3317/630   313/70 1853/630  337/126   117/70 1217/630   131/90    17/70   37/126 -247/630    13/70   17/630 -547/630]
[       0        0        0        0        0        0        0        0        0        0        0        0        0        0        0]
[-547/630, 17/630, 13/70, -247/630, 37/126, 17/70, 131/90, 1217/630, 117/70, 337/126, 1853/630, 313/70, 3317/630, 479/90, 93/14, 4553/630, 4457/630, 433/70, 2873/630, 529/126, 31/10, 2057/630, 1697/630, 97/70, 169/126, 353/630, 73/70, 71/90, -127/630, 1/14, -247/630, 257/630, 33/70, -127/630, 7/18, 17/70, 857/630, 1097/630, 97/70, 289/126, 1553/630, 39/10, 2897/630, 2873/630, 81/14, 3953/630, 5057/630, 493/70, 479/90, 613/126, 257/70, 2357/630, 1937/630, 117/70, 193/126, 59/90, 73/70, 437/630, -247/630, -3/14, -487/630, -43/630, -1/10, -547/630, -47/126, -43/70]
22 [-547/630, 17/630, 13/70, -247/630, 37/126, 17/70, 131/90, -43/630, -23/70, 85/126, 593/630, 33/70, 797/630, 119/90, 9/14, 773/630, 677/630, 13/70, 353/630, 25/126, -9/10, -463/630, 437/630, -43/70, -83/126, 353/630, 73/70, 71/90, -127/630, 1/14, -247/630, 257/630, 33/70, -127/630, 7/18, 17/70, 857/630, -163/630, -43/70, 37/126, 293/630, -1/10, 377/630, 353/630, -3/14, 173/630, 17/630, 73/70, 119/90, 109/126, -23/70, -163/630, 677/630, -23/70, -59/126, 59/90, 73/70, 437/630, -247/630, -3/14, -487/630, -43/630, -1/10, -547/630, -47/126, 97/70]
[-547/630, 17/630, 13/70, -247/630, 37/126, 17/70, 131/90, 1217/630, 117/70, 337/126, 1853/630, 313/70, 3317/630, 479/90, 93/14, 4553/630, 4457/630, 433/70, 2873/630, 529/126, 31/10, 2057/630, 1697/630, 97/70, 169/126, 353/630, 73/70, 71/90, -127/630, 1/14, -247/630, 257/630, 33/70, -127/630, 7/18, 17/70, 857/630, 1097/630, 97/70, 289/126, 1553/630, 39/10, 2897/630, 2873/630, 81/14, 3953/630, 5057/630, 493/70, 479/90, 613/126, 257/70, 2357/630, 1937/630, 117/70, 193/126, 59/90, 73/70, 437/630, -247/630, -3/14, -487/630, -43/630, -1/10, -547/630, -47/126, -43/70]
148 [-547/630, 17/630, 13/70, -247/630, 37/126, 17/70, 131/90, -43/630, -23/70, 85/126, 593/630, 33/70, 797/630, 119/90, 9/14, 773/630, 677/630, 13/70, 353/630, 25/126, -9/10, -463/630, 437/630, -43/70, -83/126, 353/630, 73/70, 71/90, -127/630, 1/14, -247/630, 257/630, 33/70, -127/630, 7/18, 17/70, 857/630, -163/630, -43/70, 37/126, 293/630, -1/10, 377/630, 353/630, -3/14, 173/630, 17/630, 73/70, 119/90, 109/126, -23/70, -163/630, 677/630, -23/70, -59/126, 59/90, 73/70, 437/630, -247/630, -3/14, -487/630, -43/630, -1/10, -547/630, -47/126, 97/70]
Testing obstruction for
m1: 4, m2: 23,a: 0
[    -1/2 -443/630  433/630   -23/70  157/630   53/126    13/70   -41/90  313/630    73/70  149/126  577/630   157/70  733/630   151/90]
[   25/14 2197/630 1753/630   257/70 2617/630  533/126    39/10 3253/630 3793/630   313/70  569/126 2617/630   237/70   199/90 1657/630]
[   37/14 1417/630  913/630   157/70  397/630    11/18    13/70  853/630   73/630    33/70   53/126  -23/630    -9/10 -107/630   97/630]
[    1/14 -263/630  433/630   -43/70   -29/90  -55/126    73/70   73/630  493/630    73/70  113/126    31/90    97/70 1273/630 1417/630]
[   29/14 2197/630 1573/630    31/10 2077/630  641/126   313/70 3433/630 3793/630   293/70    71/18 2077/630   297/70 1753/630 1837/630]
[   37/14 1237/630    79/90    97/70  937/630  149/126    33/70  853/630 -107/630    -1/10  -55/126  517/630   -23/70   73/630   97/630]
[   -3/14   -89/90 -107/630    17/70  157/630  -19/126    73/70 -107/630    19/90    13/70  221/126  577/630   117/70 1273/630 1237/630]
[     3/2 1657/630 2113/630   257/70 2257/630  641/126   293/70   439/90 3253/630   353/70  569/126 2257/630   297/70 1573/630   211/90]
[   25/14 1777/630  913/630   117/70  937/630  113/126    -1/10  313/630  433/630    33/70  -19/126  517/630   -43/70   -41/90 -443/630]
[    9/14 -263/630   73/630    17/70  -23/630   -13/18    13/70  433/630  493/630    33/70  221/126  397/630    11/10  733/630 1777/630]
[   29/14 1837/630 2113/630   237/70   271/90  533/126   353/70 3433/630 3433/630   353/70  533/126   271/90   237/70 2113/630 1837/630]
[   29/14 1777/630  733/630    11/10  397/630  221/126    33/70  493/630  433/630    13/70   -13/18  -23/630    17/70   73/630 -263/630]
[    9/14 -443/630   -41/90   -43/70  517/630  -19/126    33/70  433/630  313/630    -1/10  113/126  937/630   117/70  913/630 1777/630]
[   25/14   211/90 1573/630   297/70 2257/630  569/126   353/70 3253/630   439/90   293/70  641/126 2257/630   257/70 2113/630 1657/630]
[     3/2 1237/630 1273/630   117/70  577/630  221/126    13/70    19/90 -107/630    73/70  -19/126  157/630    17/70 -107/630   -89/90]
[   -3/14   97/630   73/630   -23/70  517/630  -55/126    -1/10 -107/630  853/630    33/70  149/126  937/630    97/70    79/90 1237/630]
[   37/14 1837/630 1753/630   297/70 2077/630    71/18   293/70 3793/630 3433/630   313/70  641/126 2077/630    31/10 1573/630 2197/630]
[   29/14 1417/630 1273/630    97/70    31/90  113/126    73/70  493/630   73/630    73/70  -55/126   -29/90   -43/70  433/630 -263/630]
[    1/14   97/630 -107/630    -9/10  -23/630   53/126    33/70   73/630  853/630    13/70    11/18  397/630   157/70  913/630 1417/630]
[   37/14 1657/630   199/90   237/70 2617/630  569/126   313/70 3793/630 3253/630    39/10  533/126 2617/630   257/70 1753/630 2197/630]
[   25/14   151/90  733/630   157/70  577/630  149/126    73/70  313/630   -41/90    13/70   53/126  157/630   -23/70  433/630 -443/630]
[       0        0        0        0        0        0        0        0        0        0        0        0        0        0        0]
Testing obstruction for
m1: 5, m2: 18,a: 0
[    -1/2 -559/630  -31/630     1/70  821/630  229/126   109/70   227/90 1709/630   289/70  349/126 1661/630   121/70 1289/630   143/90]
[    5/14  221/630 -271/630     1/70 -199/630   73/126     7/10 1289/630 1649/630   169/70  433/126 2321/630   221/70   167/90 1121/630]
[   13/14  821/630  569/630   -19/70 -139/630   -17/18   -31/70 -451/630  149/630    29/70  229/126 1541/630    23/10 2129/630 2321/630]
[   45/14 1241/630 1229/630    81/70   143/90  157/126     9/70  149/630 -271/630     9/70  -11/126    83/90    81/70 1649/630 2081/630]
[   45/14 2741/630 1709/630    23/10  701/630  145/126    29/70  569/630  389/630   -31/70    -5/18 -559/630   -19/70 -271/630  401/630]
[   13/14 1541/630   287/90   221/70 2741/630  349/126   169/70  809/630  869/630     7/10  157/126  641/630     1/70  149/630 -199/630]
[    5/14    23/90  869/630   121/70 2081/630  517/126   289/70 2129/630   167/90   109/70   61/126  401/630     1/70  389/630  281/630]
[    -1/2 -139/630 -451/630     1/70  -19/630  145/126   109/70   287/90 2549/630   289/70  433/126 1241/630   121/70  449/630    83/90]
[    5/14  641/630  569/630     1/70  221/630  -11/126     7/10  449/630 1229/630   169/70  517/126 3161/630   221/70   227/90  701/630]
[   13/14  -19/630  149/630   -19/70  281/630     7/18   -31/70  -31/630 -271/630    29/70   61/126 1121/630    23/10 2549/630 3161/630]
[   45/14 1661/630  809/630    81/70    23/90   73/126     9/70  569/630  569/630     9/70   73/126    23/90    81/70  809/630 1661/630]
[   45/14 3161/630 2549/630    23/10 1121/630   61/126    29/70 -271/630  -31/630   -31/70     7/18  281/630   -19/70  149/630  -19/630]
[   13/14  701/630   227/90   221/70 3161/630  517/126   169/70 1229/630  449/630     7/10  -11/126  221/630     1/70  569/630  641/630]
[    5/14    83/90  449/630   121/70 1241/630  433/126   289/70 2549/630   287/90   109/70  145/126  -19/630     1/70 -451/630 -139/630]
[    -1/2  281/630  389/630     1/70  401/630   61/126   109/70   167/90 2129/630   289/70  517/126 2081/630   121/70  869/630    23/90]
[    5/14 -199/630  149/630     1/70  641/630  157/126     7/10  869/630  809/630   169/70  349/126 2741/630   221/70   287/90 1541/630]
[   13/14  401/630 -271/630   -19/70 -559/630    -5/18   -31/70  389/630  569/630    29/70  145/126  701/630    23/10 1709/630 2741/630]
[   45/14 2081/630 1649/630    81/70    83/90  -11/126     9/70 -271/630  149/630     9/70  157/126   143/90    81/70 1229/630 1241/630]
[   45/14 2321/630 2129/630    23/10 1541/630  229/126    29/70  149/630 -451/630   -31/70   -17/18 -139/630   -19/70  569/630  821/630]
[   13/14 1121/630   167/90   221/70 2321/630  433/126   169/70 1649/630 1289/630     7/10   73/126 -199/630     1/70 -271/630  221/630]
[    5/14   143/90 1289/630   121/70 1661/630  349/126   289/70 1709/630   227/90   109/70  229/126  821/630     1/70  -31/630 -559/630]
[       0        0        0        0        0        0        0        0        0        0        0        0        0        0        0]
Testing obstruction for
m1: 8, m2: 11,a: 0
Obstructed by Z^n/Q not being cyclic
Testing obstruction for
m1: 6, m2: 15,a: 1
[    -1/2 -619/630 -271/630   -59/70 -139/630  -71/126     9/70   -13/90  389/630    29/70  157/126  701/630   141/70 1229/630   263/90]
[   41/14 1241/630 1289/630    81/70  821/630   61/126     7/10  -31/630  149/630   -31/70  -11/126 -439/630   -19/70   -73/90 -199/630]
[  -11/14 -139/630 -391/630     1/70 -199/630     7/18     9/70  569/630  449/630   109/70  181/126 1481/630    23/10 2069/630 2081/630]
[   33/14 1541/630  989/630   121/70    83/90  145/126    29/70  449/630   29/630    29/70  -23/126    23/90   -19/70  149/630 -139/630]
[    5/14  -19/630  389/630     3/10  641/630   97/126   109/70  869/630 1409/630   149/70    55/18 1901/630   281/70 2549/630 1961/630]
[   45/14 1481/630   227/90   121/70 1241/630  157/126   109/70  569/630  809/630     7/10  145/126  401/630    81/70  449/630  821/630]
[   13/14   143/90  809/630   141/70 1121/630  325/126   169/70 2069/630   287/90   289/70  517/126 1961/630   221/70 1409/630 1481/630]
[     3/2 1061/630  569/630    81/70  281/630   97/126     9/70    47/90  -31/630    29/70  -11/126  281/630     1/70  389/630    23/90]
[   13/14  401/630  869/630    81/70 1241/630  229/126    27/10 1649/630 2249/630   249/70  325/126 1661/630   121/70   167/90  641/630]
[   17/14  281/630  449/630     1/70  221/630    -5/18     9/70 -271/630   29/630   -31/70   13/126 -199/630     3/10  -31/630  401/630]
[    5/14  701/630  569/630   121/70   143/90  313/126   169/70 2129/630 2129/630   169/70  313/126   143/90   121/70  569/630  701/630]
[    5/14  401/630  -31/630     3/10 -199/630   13/126   -31/70   29/630 -271/630     9/70    -5/18  221/630     1/70  449/630  281/630]
[   17/14  641/630   167/90   121/70 1661/630  325/126   249/70 2249/630 1649/630    27/10  229/126 1241/630    81/70  869/630  401/630]
[   13/14    23/90  389/630     1/70  281/630  -11/126    29/70  -31/630    47/90     9/70   97/126  281/630    81/70  569/630 1061/630]
[     3/2 1481/630 1409/630   221/70 1961/630  517/126   289/70   287/90 2069/630   169/70  325/126 1121/630   141/70  809/630   143/90]
[   13/14  821/630  449/630    81/70  401/630  145/126     7/10  809/630  569/630   109/70  157/126 1241/630   121/70   227/90 1481/630]
[   45/14 1961/630 2549/630   281/70 1901/630    55/18   149/70 1409/630  869/630   109/70   97/126  641/630     3/10  389/630  -19/630]
[    5/14 -139/630  149/630   -19/70    23/90  -23/126    29/70   29/630  449/630    29/70  145/126    83/90   121/70  989/630 1541/630]
[   33/14 2081/630 2069/630    23/10 1481/630  181/126   109/70  449/630  569/630     9/70     7/18 -199/630     1/70 -391/630 -139/630]
[  -11/14 -199/630   -73/90   -19/70 -439/630  -11/126   -31/70  149/630  -31/630     7/10   61/126  821/630    81/70 1289/630 1241/630]
[   41/14   263/90 1229/630   141/70  701/630  157/126    29/70  389/630   -13/90     9/70  -71/126 -139/630   -59/70 -271/630 -619/630]
[       0        0        0        0        0        0        0        0        0        0        0        0        0        0        0]
Testing obstruction for
m1: 5, m2: 20,a: 3
Obstructed by Z^n/Q not being cyclic
Testing obstruction for
m1: 7, m2: 14,a: 3
[    -1/2 -527/630   97/630    33/70 1333/630  389/126    97/70    91/90  -23/630    17/70  -19/126  493/630    73/70 1657/630   319/90]
[   25/14  853/630  157/630    33/70   13/630  113/126    11/10  397/630  937/630   117/70  401/126 1273/630   153/70   151/90  313/630]
[    9/14   73/630  577/630    73/70 1573/630    59/18    97/70  517/630 -263/630   -23/70 -115/126 -107/630    -1/10  817/630 1273/630]
[   29/14  913/630   97/630    13/70   -41/90   29/126    17/70  997/630 1417/630   157/70  197/126    19/90    13/70 -323/630   73/630]
[    1/14  853/630 1237/630    19/10 1993/630  221/126   117/70  577/630  937/630    97/70    11/18  733/630    73/70 1417/630 1753/630]
[   37/14 1153/630    31/90    13/70 -407/630  -19/126   -23/70  517/630  817/630    31/10  281/126  433/630    33/70 -263/630   13/630]
[   -3/14    79/90  817/630   213/70 1333/630   65/126    17/70 -443/630   -29/90   -43/70   53/126  493/630   173/70 2197/630 1153/630]
[     3/2  313/630  517/630    33/70  913/630  221/126    97/70   211/90 1657/630   157/70  149/126  913/630    73/70  -23/630    19/90]
[   -3/14  433/630  577/630   173/70 2113/630  197/126    11/10  -23/630   97/630   -23/70   65/126  433/630   153/70   271/90  733/630]
[    9/14 -347/630 -263/630   -67/70 -107/630    -1/18    97/70 1357/630 1417/630   117/70   53/126  313/630    -1/10  397/630  433/630]
[   29/14 1753/630 1777/630   153/70    79/90  113/126    17/70  577/630  577/630    17/70  113/126    79/90   153/70 1777/630 1753/630]
[   29/14  433/630  397/630    -1/10  313/630   53/126   117/70 1417/630 1357/630    97/70    -1/18 -107/630   -67/70 -263/630 -347/630]
[    9/14  733/630   271/90   153/70  433/630   65/126   -23/70   97/630  -23/630    11/10  197/126 2113/630   173/70  577/630  433/630]
[   -3/14    19/90  -23/630    73/70  913/630  149/126   157/70 1657/630   211/90    97/70  221/126  913/630    33/70  517/630  313/630]
[     3/2 1153/630 2197/630   173/70  493/630   53/126   -43/70   -29/90 -443/630    17/70   65/126 1333/630   213/70  817/630    79/90]
[   -3/14   13/630 -263/630    33/70  433/630  281/126    31/10  817/630  517/630   -23/70  -19/126 -407/630    13/70    31/90 1153/630]
[   37/14 1753/630 1417/630    73/70  733/630    11/18    97/70  937/630  577/630   117/70  221/126 1993/630    19/10 1237/630  853/630]
[    1/14   73/630 -323/630    13/70    19/90  197/126   157/70 1417/630  997/630    17/70   29/126   -41/90    13/70   97/630  913/630]
[   29/14 1273/630  817/630    -1/10 -107/630 -115/126   -23/70 -263/630  517/630    97/70    59/18 1573/630    73/70  577/630   73/630]
[    9/14  313/630   151/90   153/70 1273/630  401/126   117/70  937/630  397/630    11/10  113/126   13/630    33/70  157/630  853/630]
[   25/14   319/90 1657/630    73/70  493/630  -19/126    17/70  -23/630    91/90    97/70  389/126 1333/630    33/70   97/630 -527/630]
[       0        0        0        0        0        0        0        0        0        0        0        0        0        0        0]
Testing obstruction for
m1: 9, m2: 14,a: 6
[    -1/2 -583/630 -127/630   -23/70  437/630  109/126   153/70   239/90 1433/630    73/70  121/126   17/630    17/70 -247/630    11/90]
[   -3/14  377/630  353/630   117/70 1217/630  421/126    19/10 1013/630  293/630    33/70  -47/126  -43/630   -43/70    -1/90 -163/630]
[    9/14  437/630 1193/630   157/70 1097/630    43/18   153/70  713/630  773/630    33/70  109/126  257/630    11/10  593/630 1217/630]
[   29/14  857/630 1133/630    97/70   191/90  253/126    73/70  773/630  353/630    73/70   85/126   131/90    97/70  293/630  437/630]
[    1/14  377/630  173/630    11/10  677/630  277/126   173/70 1193/630 1553/630   153/70    19/18  677/630    17/70  353/630   17/630]
[    9/14  257/630   119/90    97/70 1637/630  373/126   173/70  713/630  593/630    -1/10    1/126 -463/630   -23/70 -487/630  -43/630]
[   -3/14    71/90  593/630   157/70 1697/630  289/126    73/70  593/630    -1/90    13/70  -59/126   17/630   -23/70  293/630  257/630]
[     3/2 1097/630 1973/630   117/70  857/630   25/126    13/70   -61/90 -247/630   -67/70  -47/126 -403/630    17/70  173/630   131/90]
[   25/14 2057/630 1193/630   117/70  377/630   85/126    -1/10  173/630 -127/630    33/70   37/126  797/630    97/70   239/90 1937/630]
[   37/14  857/630  773/630    17/70  257/630    -5/18    13/70 -127/630  353/630    33/70  193/126 1097/630    11/10 1013/630  797/630]
[   29/14 1277/630  713/630    97/70    71/90  169/126    73/70 1193/630 1193/630    73/70  169/126    71/90    97/70  713/630 1277/630]
[   29/14  797/630 1013/630    11/10 1097/630  193/126    33/70  353/630 -127/630    13/70    -5/18  257/630    17/70  773/630  857/630]
[   37/14 1937/630   239/90    97/70  797/630   37/126    33/70 -127/630  173/630    -1/10   85/126  377/630   117/70 1193/630 2057/630]
[   25/14   131/90  173/630    17/70 -403/630  -47/126   -67/70 -247/630   -61/90    13/70   25/126  857/630   117/70 1973/630 1097/630]
[     3/2  257/630  293/630   -23/70   17/630  -59/126    13/70    -1/90  593/630    73/70  289/126 1697/630   157/70  593/630    71/90]
[   -3/14  -43/630 -487/630   -23/70 -463/630    1/126    -1/10  593/630  713/630   173/70  373/126 1637/630    97/70   119/90  257/630]
[    9/14   17/630  353/630    17/70  677/630    19/18   153/70 1553/630 1193/630   173/70  277/126  677/630    11/10  173/630  377/630]
[    1/14  437/630  293/630    97/70   131/90   85/126    73/70  353/630  773/630    73/70  253/126   191/90    97/70 1133/630  857/630]
[   29/14 1217/630  593/630    11/10  257/630  109/126    33/70  773/630  713/630   153/70    43/18 1097/630   157/70 1193/630  437/630]
[    9/14 -163/630    -1/90   -43/70  -43/630  -47/126    33/70  293/630 1013/630    19/10  421/126 1217/630   117/70  353/630  377/630]
[   -3/14    11/90 -247/630    17/70   17/630  121/126    73/70 1433/630   239/90   153/70  109/126  437/630   -23/70 -127/630 -583/630]
[       0        0        0        0        0        0        0        0        0        0        0        0        0        0        0]
Testing obstruction for
m1: 14, m2: 17,a: 12
Obstructed by Z^n/Q not being cyclic
Testing obstruction for
m1: 40, m2: 41,a: 39
[    -1/2 -551/630    1/630     9/70 -311/630   17/126     1/70   -77/90 -299/630   -59/70    5/126  109/630   -31/70  121/630     7/90]
[  -11/14 -251/630 -479/630     9/70  169/630  -43/126     3/10  121/630 -419/630   -19/70  -79/126  169/630    29/70   -17/90  289/630]
[    5/14 -311/630  -59/630   -31/70  289/630    11/18     1/70  421/630  361/630   -19/70   17/126 -131/630     7/10  541/630  169/630]
[   13/14  529/630    1/630    29/70     7/90  125/126    81/70  361/630  781/630    81/70   41/126    67/90    29/70  841/630  949/630]
[   13/14 1009/630  961/630     7/10  709/630  101/126   121/70 1201/630  841/630   141/70    35/18  709/630   109/70  781/630 1369/630]
[   33/14 1129/630   223/90   169/70 1009/630  257/126   121/70 1681/630 1801/630    23/10  377/126 1849/630   149/70 1621/630 1429/630]
[   45/14   307/90 1801/630   249/70 2209/630  341/126   221/70 1801/630   343/90   281/70  437/126 2629/630   289/70 2101/630 2389/630]
[     7/2 2809/630 2941/630   289/70 3049/630  605/126   281/70   403/90 2641/630   361/70  677/126 3049/630   389/70 3481/630   427/90]
[   73/14 3109/630 3721/630   429/70 3529/630  797/126    63/10 3481/630 3781/630   401/70  845/126 4369/630   449/70   643/90 4489/630]
[   89/14 4309/630 4141/630   529/70 4909/630   131/18   561/70 5041/630 4561/630   541/70  941/126 5329/630    87/10 5161/630 5629/630]
[  125/14 5149/630 5461/630   589/70   847/90 1217/126   641/70 6241/630 6241/630   641/70 1217/126   847/90   589/70 5461/630 5149/630]
[  125/14 5629/630 5161/630    87/10 5329/630  941/126   541/70 4561/630 5041/630   561/70   131/18 4909/630   529/70 4141/630 4309/630]
[   89/14 4489/630   643/90   449/70 4369/630  845/126   401/70 3781/630 3481/630    63/10  797/126 3529/630   429/70 3721/630 3109/630]
[   73/14   427/90 3481/630   389/70 3049/630  677/126   361/70 2641/630   403/90   281/70  605/126 3049/630   289/70 2941/630 2809/630]
[     7/2 2389/630 2101/630   289/70 2629/630  437/126   281/70   343/90 1801/630   221/70  341/126 2209/630   249/70 1801/630   307/90]
[   45/14 1429/630 1621/630   149/70 1849/630  377/126    23/10 1801/630 1681/630   121/70  257/126 1009/630   169/70   223/90 1129/630]
[   33/14 1369/630  781/630   109/70  709/630    35/18   141/70  841/630 1201/630   121/70  101/126  709/630     7/10  961/630 1009/630]
[   13/14  949/630  841/630    29/70    67/90   41/126    81/70  781/630  361/630    81/70  125/126     7/90    29/70    1/630  529/630]
[   13/14  169/630  541/630     7/10 -131/630   17/126   -19/70  361/630  421/630     1/70    11/18  289/630   -31/70  -59/630 -311/630]
[    5/14  289/630   -17/90    29/70  169/630  -79/126   -19/70 -419/630  121/630     3/10  -43/126  169/630     9/70 -479/630 -251/630]
[  -11/14     7/90  121/630   -31/70  109/630    5/126   -59/70 -299/630   -77/90     1/70   17/126 -311/630     9/70    1/630 -551/630]
[       0        0        0        0        0        0        0        0        0        0        0        0        0        0        0]
---------------------------
SUCCESS for name = 13a339
---------------------------
