13a1764
Correction terms
[    -1/2  133/446  309/446  305/446  121/446 -243/446  105/446  273/446  261/446   69/446 -303/446   37/446  197/446  177/446  -23/446]
[-403/446  -71/446   81/446   53/446 -155/446  349/446 -219/446  -75/446 -111/446 -327/446  169/446  485/446 -271/446 -315/446  353/446]
[ -51/446  257/446  385/446 -559/446  101/446  581/446  -11/446  109/446   49/446 -191/446  281/446  573/446 -207/446 -275/446  369/446]
[ -59/446  225/446  329/446 -639/446   -3/446  453/446 -163/446  -67/446 -151/446 -415/446   33/446  301/446 -503/446  297/446   25/446]
[-427/446 -167/446  -87/446 -187/446  425/446  -35/446 -675/446  289/446  181/446 -107/446  317/446 -331/446 -267/446  509/446  213/446]
[-263/446  -27/446   29/446  -95/446  493/446    9/446 -655/446  285/446  153/446 -159/446  241/446 -431/446 -391/446  361/446   41/446]
[-459/446 -247/446 -215/446 -363/446  201/446 -307/446 -103/446  -79/446 -235/446 -571/446 -195/446    1/446   17/446 -147/446 -491/446]
[-123/446   65/446   73/446  -99/446 -451/446  -91/446   89/446   89/446  -91/446 -451/446  -99/446   73/446   65/446 -123/446 -491/446]
[-147/446   17/446    1/446 -195/446 -571/446 -235/446  -79/446 -103/446 -307/446  201/446 -363/446 -215/446 -247/446 -459/446   41/446]
[ 361/446 -391/446 -431/446  241/446 -159/446  153/446  285/446 -655/446    9/446  493/446  -95/446   29/446  -27/446 -263/446  213/446]
[ 509/446 -267/446 -331/446  317/446 -107/446  181/446  289/446 -675/446  -35/446  425/446 -187/446  -87/446 -167/446 -427/446   25/446]
[ 297/446 -503/446  301/446   33/446 -415/446 -151/446  -67/446 -163/446  453/446   -3/446 -639/446  329/446  225/446  -59/446  369/446]
[-275/446 -207/446  573/446  281/446 -191/446   49/446  109/446  -11/446  581/446  101/446 -559/446  385/446  257/446  -51/446  353/446]
[-315/446 -271/446  485/446  169/446 -327/446 -111/446  -75/446 -219/446  349/446 -155/446   53/446   81/446  -71/446 -403/446  -23/446]
[ 177/446  197/446   37/446 -303/446   69/446  261/446  273/446  105/446 -243/446  121/446  305/446  309/446  133/446        0        0]
Testing obstruction for
m1: 1, m2: 112,a: 0
[     -1/2  -219/446  -207/446  -187/446  -159/446  -123/446   -79/446   -27/446    33/446   101/446   177/446   261/446   353/446   453/446   561/446]
[  677/446   801/446   933/446  1073/446  1221/446  1377/446  1541/446  1713/446  1893/446  2081/446  2277/446  2481/446  2693/446  2913/446  3141/446]
[ 3377/446  3621/446  3873/446  4133/446  4401/446  4677/446  4961/446  5253/446  5553/446  5861/446  6177/446  6501/446  6833/446  7173/446  7521/446]
[ 7877/446  8241/446  8613/446  8993/446  9381/446  9777/446 10181/446 10593/446 11013/446 11441/446 11877/446 12321/446 11881/446 11449/446 11025/446]
[10609/446 10201/446  9801/446  9409/446  9025/446  8649/446  8281/446  7921/446  7569/446  7225/446  6889/446  6561/446  6241/446  5929/446  5625/446]
[ 5329/446  5041/446  4761/446  4489/446  4225/446  3969/446  3721/446  3481/446  3249/446  3025/446  2809/446  2601/446  2401/446  2209/446  2025/446]
[ 1849/446  1681/446  1521/446  1369/446  1225/446  1089/446   961/446   841/446   729/446   625/446   529/446   441/446   361/446   289/446   225/446]
[  169/446   121/446    81/446    49/446    25/446     9/446     1/446     1/446     9/446    25/446    49/446    81/446   121/446   169/446   225/446]
[  289/446   361/446   441/446   529/446   625/446   729/446   841/446   961/446  1089/446  1225/446  1369/446  1521/446  1681/446  1849/446  2025/446]
[ 2209/446  2401/446  2601/446  2809/446  3025/446  3249/446  3481/446  3721/446  3969/446  4225/446  4489/446  4761/446  5041/446  5329/446  5625/446]
[ 5929/446  6241/446  6561/446  6889/446  7225/446  7569/446  7921/446  8281/446  8649/446  9025/446  9409/446  9801/446 10201/446 10609/446 11025/446]
[11449/446 11881/446 12321/446 11877/446 11441/446 11013/446 10593/446 10181/446  9777/446  9381/446  8993/446  8613/446  8241/446  7877/446  7521/446]
[ 7173/446  6833/446  6501/446  6177/446  5861/446  5553/446  5253/446  4961/446  4677/446  4401/446  4133/446  3873/446  3621/446  3377/446  3141/446]
[ 2913/446  2693/446  2481/446  2277/446  2081/446  1893/446  1713/446  1541/446  1377/446  1221/446  1073/446   933/446   801/446   677/446   561/446]
[  453/446   353/446   261/446   177/446   101/446    33/446   -27/446   -79/446  -123/446  -159/446  -187/446  -207/446  -219/446         0         0]
Unobstructed
21
---------------------------
---------------------------
13a1788
Correction terms
[    -1/2 -135/814 -947/814  413/814  689/814 -119/814 1245/814 -103/814  721/814  461/814  745/814    -5/74 -311/814  -23/814 -819/814]
[ 557/814 -779/814   57/814 -191/814  105/814  945/814  701/814    91/74  217/814  -23/814  281/814 -499/814 -735/814 -427/814  425/814]
[ 193/814  505/814 -267/814   -45/74 -179/814  681/814  457/814    21/22   13/814 -207/814  117/814 -643/814 -859/814 -531/814    31/74]
[ 129/814  461/814 -291/814 -499/814 -163/814  717/814  513/814  853/814  109/814  -91/814    23/74 -487/814 -683/814 -335/814  557/814]
[ 365/814  717/814  -15/814 -203/814  153/814 -575/814    79/74 -399/814  505/814  325/814  689/814  -31/814 -207/814  161/814   -15/22]
[ 901/814 -355/814    51/74  393/814 -859/814   61/814 -103/814  277/814 -427/814 1041/814 -203/814  725/814  569/814   -61/74  261/814]
[ 109/814  501/814 -191/814 -339/814   57/814 -631/814  853/814 -375/814  569/814    39/74  833/814  153/814   17/814  425/814 -251/814]
[-383/814   29/814 -643/814 -771/814 -355/814    55/74    13/22  901/814  237/814  117/814  541/814 -119/814 -235/814  193/814 -463/814]
[-575/814   -13/74 -795/814 -903/814 -467/814  513/814  409/814  849/814  205/814  105/814  549/814  -91/814   -17/74  261/814 -375/814]
[-467/814  -15/814 -647/814 -735/814 -279/814  721/814  637/814 1097/814    43/74  393/814  857/814  237/814  161/814   -27/22   13/814]
[ -59/814  413/814 -199/814 -267/814    19/74 -399/814 1165/814   17/814 1041/814  981/814 -163/814  865/814 -819/814 -331/814 -927/814]
[   59/74 -487/814  549/814  501/814 -631/814  409/814  365/814  865/814  281/814  241/814  745/814    15/74  129/814 -991/814   61/814]
[  29/814  541/814  -31/814  -59/814  457/814    -3/22 -135/814    35/74 -179/814 -199/814  325/814 -235/814 -251/814  277/814 -279/814]
[-291/814  241/814 -311/814   -29/74  217/814 -331/814 -335/814  205/814 -339/814 -339/814  205/814 -335/814 -331/814  217/814   -29/74]
[-311/814  241/814 -291/814 -279/814  277/814 -251/814 -235/814  325/814 -199/814 -179/814    35/74 -135/814    -3/22  457/814  -59/814]
[ -31/814  541/814   29/814   61/814 -991/814  129/814    15/74  745/814  241/814  281/814  865/814  365/814  409/814 -631/814  501/814]
[ 549/814 -487/814    59/74 -927/814 -331/814 -819/814  865/814 -163/814  981/814 1041/814   17/814 1165/814 -399/814    19/74 -267/814]
[-199/814  413/814  -59/814   13/814   -27/22  161/814  237/814  857/814  393/814    43/74 1097/814  637/814  721/814 -279/814 -735/814]
[-647/814  -15/814 -467/814 -375/814  261/814   -17/74  -91/814  549/814  105/814  205/814  849/814  409/814  513/814 -467/814 -903/814]
[-795/814   -13/74 -575/814 -463/814  193/814 -235/814 -119/814  541/814  117/814  237/814  901/814    13/22    55/74 -355/814 -771/814]
[-643/814   29/814 -383/814 -251/814  425/814   17/814  153/814  833/814    39/74  569/814 -375/814  853/814 -631/814   57/814 -339/814]
[-191/814  501/814  109/814  261/814   -61/74  569/814  725/814 -203/814 1041/814 -427/814  277/814 -103/814   61/814 -859/814  393/814]
[   51/74 -355/814  901/814   -15/22  161/814 -207/814  -31/814  689/814  325/814  505/814 -399/814    79/74 -575/814  153/814 -203/814]
[ -15/814  717/814  365/814  557/814 -335/814 -683/814 -487/814    23/74  -91/814  109/814  853/814  513/814  717/814 -163/814 -499/814]
[-291/814  461/814  129/814    31/74 -531/814 -859/814 -643/814  117/814 -207/814   13/814    21/22  457/814  681/814 -179/814   -45/74]
[-267/814  505/814  193/814  425/814 -427/814 -735/814 -499/814  281/814  -23/814  217/814    91/74  701/814  945/814  105/814 -191/814]
[  57/814 -779/814  557/814 -819/814  -23/814 -311/814    -5/74  745/814  461/814  721/814 -103/814 1245/814 -119/814  689/814  413/814]
[-947/814 -135/814        0        0        0        0        0        0        0        0        0        0        0        0        0]
Testing obstruction for
m1: 1, m2: 204,a: 0
[     -1/2  -403/814  -391/814  -371/814  -343/814  -307/814  -263/814  -211/814  -151/814   -83/814    -7/814      7/74   169/814   269/814   377/814]
[  493/814   617/814   749/814   889/814  1037/814  1193/814  1357/814    139/74  1709/814  1897/814  2093/814  2297/814  2509/814  2729/814  2957/814]
[ 3193/814  3437/814  3689/814    359/74  4217/814  4493/814  4777/814    137/22  5369/814  5677/814  5993/814  6317/814  6649/814  6989/814    667/74]
[ 7693/814  8057/814  8429/814  8809/814  9197/814  9593/814  9997/814 10409/814 10829/814 11257/814   1063/74 12137/814 12589/814 13049/814 13517/814]
[13993/814 14477/814 14969/814 15469/814 15977/814 16493/814   1547/74 17549/814 18089/814 18637/814 19193/814 19757/814 20329/814 20909/814    581/22]
[22093/814 22697/814   2119/74 23929/814 24557/814 25193/814 25837/814 26489/814 27149/814 27817/814 28493/814 29177/814 29869/814   2779/74 31277/814]
[31993/814 32717/814 33449/814 34189/814 34937/814 35693/814 36457/814 37229/814 38009/814   3527/74 39593/814 40397/814 41209/814 40401/814 39601/814]
[38809/814 38025/814 37249/814 36481/814 35721/814   3179/74    925/22 33489/814 32761/814 32041/814 31329/814 30625/814 29929/814 29241/814 28561/814]
[27889/814   2475/74 26569/814 25921/814 25281/814 24649/814 24025/814 23409/814 22801/814 22201/814 21609/814 21025/814   1859/74 19881/814 19321/814]
[18769/814 18225/814 17689/814 17161/814 16641/814 16129/814 15625/814 15129/814   1331/74 14161/814 13689/814 13225/814 12769/814    333/22 11881/814]
[11449/814 11025/814 10609/814 10201/814    891/74  9409/814  9025/814  8649/814  8281/814  7921/814  7569/814  7225/814  6889/814  6561/814  6241/814]
[   539/74  5625/814  5329/814  5041/814  4761/814  4489/814  4225/814  3969/814  3721/814  3481/814  3249/814    275/74  2809/814  2601/814  2401/814]
[ 2209/814  2025/814  1849/814  1681/814  1521/814     37/22  1225/814     99/74   961/814   841/814   729/814   625/814   529/814   441/814   361/814]
[  289/814   225/814   169/814     11/74    81/814    49/814    25/814     9/814     1/814     1/814     9/814    25/814    49/814    81/814     11/74]
[  169/814   225/814   289/814   361/814   441/814   529/814   625/814   729/814   841/814   961/814     99/74  1225/814     37/22  1521/814  1681/814]
[ 1849/814  2025/814  2209/814  2401/814  2601/814  2809/814    275/74  3249/814  3481/814  3721/814  3969/814  4225/814  4489/814  4761/814  5041/814]
[ 5329/814  5625/814    539/74  6241/814  6561/814  6889/814  7225/814  7569/814  7921/814  8281/814  8649/814  9025/814  9409/814    891/74 10201/814]
[10609/814 11025/814 11449/814 11881/814    333/22 12769/814 13225/814 13689/814 14161/814   1331/74 15129/814 15625/814 16129/814 16641/814 17161/814]
[17689/814 18225/814 18769/814 19321/814 19881/814   1859/74 21025/814 21609/814 22201/814 22801/814 23409/814 24025/814 24649/814 25281/814 25921/814]
[26569/814   2475/74 27889/814 28561/814 29241/814 29929/814 30625/814 31329/814 32041/814 32761/814 33489/814    925/22   3179/74 35721/814 36481/814]
[37249/814 38025/814 38809/814 39601/814 40401/814 41209/814 40397/814 39593/814   3527/74 38009/814 37229/814 36457/814 35693/814 34937/814 34189/814]
[33449/814 32717/814 31993/814 31277/814   2779/74 29869/814 29177/814 28493/814 27817/814 27149/814 26489/814 25837/814 25193/814 24557/814 23929/814]
[  2119/74 22697/814 22093/814    581/22 20909/814 20329/814 19757/814 19193/814 18637/814 18089/814 17549/814   1547/74 16493/814 15977/814 15469/814]
[14969/814 14477/814 13993/814 13517/814 13049/814 12589/814 12137/814   1063/74 11257/814 10829/814 10409/814  9997/814  9593/814  9197/814  8809/814]
[ 8429/814  8057/814  7693/814    667/74  6989/814  6649/814  6317/814  5993/814  5677/814  5369/814    137/22  4777/814  4493/814  4217/814    359/74]
[ 3689/814  3437/814  3193/814  2957/814  2729/814  2509/814  2297/814  2093/814  1897/814  1709/814    139/74  1357/814  1193/814  1037/814   889/814]
[  749/814   617/814   493/814   377/814   269/814   169/814      7/74    -7/814   -83/814  -151/814  -211/814  -263/814  -307/814  -343/814  -371/814]
[ -391/814  -403/814         0         0         0         0         0         0         0         0         0         0         0         0         0]
Testing obstruction for
m1: 6, m2: 19,a: 0
[    -1/2 -655/814  229/814  617/814  509/814  -95/814  433/814  465/814 1629/814  669/814  841/814    47/74 1325/814 1637/814 3081/814]
[2401/814 2853/814 2809/814 3897/814 4489/814 2957/814 2557/814   151/74 1897/814 1637/814 2509/814 1257/814 1137/814  521/814 1037/814]
[1057/814  581/814 -391/814   -21/74 -567/814  229/814  529/814     9/22 -359/814   81/814   25/814 1101/814   53/814  137/814   -25/74]
[ 445/814  669/814 2025/814 1257/814 1621/814 1489/814 2489/814 2993/814 3001/814 2513/814   287/74 3305/814 2957/814 3741/814 2401/814]
[2193/814 1489/814 1917/814 1849/814 1285/814  225/814    27/74 -127/814  581/814  793/814  509/814 -271/814   81/814  -63/814    25/22]
[-211/814 -215/814   -65/74  -83/814   53/814 1321/814  465/814  741/814  521/814 1433/814 1849/814 1769/814 1193/814   159/74 1809/814]
[3001/814 3697/814 3897/814 3601/814 2809/814 3149/814 2993/814 2341/814 1193/814   107/74  665/814 1285/814 1409/814 1037/814  169/814]
[ 433/814  201/814 1101/814 -123/814 -215/814   -73/74    -7/22 -211/814  969/814   25/814  213/814  -95/814  729/814 1057/814  889/814]
[ 225/814    63/74  665/814 1769/814 2377/814 2489/814 2105/814 2853/814 3105/814 4489/814 3749/814 2513/814   219/74 1809/814 2341/814]
[2377/814 1917/814  961/814 1137/814  817/814 1629/814  317/814  137/814   -49/74  -83/814 -123/814  969/814  -63/814     1/22 -359/814]
[ 377/814  617/814  361/814 -391/814    -1/74 -127/814  889/814 1409/814 1433/814  961/814 1621/814 1785/814 3081/814 2253/814 2557/814]
[  215/74 3305/814 3749/814 3697/814 3149/814 2105/814 2193/814 1785/814 2509/814 1109/814  841/814     7/74  445/814  317/814 1321/814]
[ 201/814  213/814 -271/814  377/814  529/814     5/22 -655/814   -33/74 -567/814  361/814  793/814  729/814  169/814  741/814  817/814]
[2025/814 1109/814 1325/814    95/74 1897/814 2253/814 3741/814 3105/814 3601/814 3601/814 3105/814 3741/814 2253/814 1897/814    95/74]
[1325/814 1109/814 2025/814  817/814  741/814  169/814  729/814  793/814  361/814 -567/814   -33/74 -655/814     5/22  529/814  377/814]
[-271/814  213/814  201/814 1321/814  317/814  445/814     7/74  841/814 1109/814 2509/814 1785/814 2193/814 2105/814 3149/814 3697/814]
[3749/814 3305/814   215/74 2557/814 2253/814 3081/814 1785/814 1621/814  961/814 1433/814 1409/814  889/814 -127/814    -1/74 -391/814]
[ 361/814  617/814  377/814 -359/814     1/22  -63/814  969/814 -123/814  -83/814   -49/74  137/814  317/814 1629/814  817/814 1137/814]
[ 961/814 1917/814 2377/814 2341/814 1809/814   219/74 2513/814 3749/814 4489/814 3105/814 2853/814 2105/814 2489/814 2377/814 1769/814]
[ 665/814    63/74  225/814  889/814 1057/814  729/814  -95/814  213/814   25/814  969/814 -211/814    -7/22   -73/74 -215/814 -123/814]
[1101/814  201/814  433/814  169/814 1037/814 1409/814 1285/814  665/814   107/74 1193/814 2341/814 2993/814 3149/814 2809/814 3601/814]
[3897/814 3697/814 3001/814 1809/814   159/74 1193/814 1769/814 1849/814 1433/814  521/814  741/814  465/814 1321/814   53/814  -83/814]
[  -65/74 -215/814 -211/814    25/22  -63/814   81/814 -271/814  509/814  793/814  581/814 -127/814    27/74  225/814 1285/814 1849/814]
[1917/814 1489/814 2193/814 2401/814 3741/814 2957/814 3305/814   287/74 2513/814 3001/814 2993/814 2489/814 1489/814 1621/814 1257/814]
[2025/814  669/814  445/814   -25/74  137/814   53/814 1101/814   25/814   81/814 -359/814     9/22  529/814  229/814 -567/814   -21/74]
[-391/814  581/814 1057/814 1037/814  521/814 1137/814 1257/814 2509/814 1637/814 1897/814   151/74 2557/814 2957/814 4489/814 3897/814]
[2809/814 2853/814 2401/814 3081/814 1637/814 1325/814    47/74  841/814  669/814 1629/814  465/814  433/814  -95/814  509/814  617/814]
[ 229/814 -655/814        0        0        0        0        0        0        0        0        0        0        0        0        0]
Testing obstruction for
m1: 2, m2: 69,a: 1
[     -1/2  -811/814  -395/814  -787/814  -359/814  -739/814  -299/814  -667/814  -215/814  -571/814  -107/814    -41/74    25/814  -307/814   181/814]
[ -139/814   361/814    53/814   565/814   269/814   793/814   509/814     95/74   773/814  1321/814  1061/814  1621/814  1373/814  1945/814  1709/814]
[ 2293/814  2069/814  2665/814    223/74  3061/814  2861/814  3481/814     89/22  3925/814  3749/814  4393/814  4229/814  4885/814  4733/814    491/74]
[ 5261/814  5941/814  5813/814  6505/814  6389/814  7093/814  6989/814  7705/814  7613/814  8341/814    751/74  9001/814  8933/814  9685/814  9629/814]
[10393/814 10349/814 11125/814 11093/814 11881/814 11861/814   1151/74 12653/814 13465/814 13469/814 12665/814 12681/814 11889/814 11917/814    301/22]
[11177/814 10409/814    951/74  9705/814  9769/814  9025/814  9101/814  8369/814  8457/814  7737/814  7837/814  7129/814  7241/814    595/74  6669/814]
[ 5985/814  6121/814  5449/814  5597/814  4937/814  5097/814  4449/814  4621/814  3985/814    379/74  3545/814  3741/814  3129/814  3337/814  2737/814]
[ 2957/814  2369/814  2601/814  2025/814  2269/814    155/74     53/22  1409/814  1677/814  1137/814  1417/814   889/814  1181/814   665/814   969/814]
[  465/814     71/74   289/814   617/814   137/814   477/814     9/814   361/814   -95/814   269/814  -175/814   201/814    -21/74   157/814  -263/814]
[  137/814  -271/814   141/814  -255/814   169/814  -215/814   221/814  -151/814     27/74   -63/814   397/814    49/814   521/814      5/22   669/814]
[  345/814   841/814   529/814  1037/814     67/74  1257/814   969/814  1501/814  1225/814  1769/814  1505/814  2061/814  1809/814  2377/814  2137/814]
[   247/74  2489/814  3081/814  2865/814  3469/814  3265/814  3881/814  3689/814  4317/814  4137/814  4777/814    419/74  5261/814  5105/814  5769/814]
[ 5625/814  6301/814  6169/814  6857/814  6737/814    201/22  7329/814    731/74  7945/814  8669/814  8585/814  9321/814  9249/814  9997/814  9937/814]
[10697/814 10649/814 11421/814   1035/74 12169/814 12145/814 12941/814 12929/814 13737/814 13737/814 12929/814 12941/814 12145/814 12169/814   1035/74]
[11421/814 10649/814 10697/814  9937/814  9997/814  9249/814  9321/814  8585/814  8669/814  7945/814    731/74  7329/814    201/22  6737/814  6857/814]
[ 6169/814  6301/814  5625/814  5769/814  5105/814  5261/814    419/74  4777/814  4137/814  4317/814  3689/814  3881/814  3265/814  3469/814  2865/814]
[ 3081/814  2489/814    247/74  2137/814  2377/814  1809/814  2061/814  1505/814  1769/814  1225/814  1501/814   969/814  1257/814     67/74  1037/814]
[  529/814   841/814   345/814   669/814      5/22   521/814    49/814   397/814   -63/814     27/74  -151/814   221/814  -215/814   169/814  -255/814]
[  141/814  -271/814   137/814  -263/814   157/814    -21/74   201/814  -175/814   269/814   -95/814   361/814     9/814   477/814   137/814   617/814]
[  289/814     71/74   465/814   969/814   665/814  1181/814   889/814  1417/814  1137/814  1677/814  1409/814     53/22    155/74  2269/814  2025/814]
[ 2601/814  2369/814  2957/814  2737/814  3337/814  3129/814  3741/814  3545/814    379/74  3985/814  4621/814  4449/814  5097/814  4937/814  5597/814]
[ 5449/814  6121/814  5985/814  6669/814    595/74  7241/814  7129/814  7837/814  7737/814  8457/814  8369/814  9101/814  9025/814  9769/814  9705/814]
[   951/74 10409/814 11177/814    301/22 11917/814 11889/814 12681/814 12665/814 13469/814 13465/814 12653/814   1151/74 11861/814 11881/814 11093/814]
[11125/814 10349/814 10393/814  9629/814  9685/814  8933/814  9001/814    751/74  8341/814  7613/814  7705/814  6989/814  7093/814  6389/814  6505/814]
[ 5813/814  5941/814  5261/814    491/74  4733/814  4885/814  4229/814  4393/814  3749/814  3925/814     89/22  3481/814  2861/814  3061/814    223/74]
[ 2665/814  2069/814  2293/814  1709/814  1945/814  1373/814  1621/814  1061/814  1321/814   773/814     95/74   509/814   793/814   269/814   565/814]
[   53/814   361/814  -139/814   181/814  -307/814    25/814    -41/74  -107/814  -571/814  -215/814  -667/814  -299/814  -739/814  -359/814  -787/814]
[ -395/814  -811/814         0         0         0         0         0         0         0         0         0         0         0         0         0]
Testing obstruction for
m1: 5, m2: 24,a: 2
[    -1/2 -767/814 -219/814 -391/814  345/814  361/814 -343/814 -139/814 -655/814 -263/814 -591/814    -1/74 -151/814  617/814  665/814]
[  -7/814  229/814 -255/814  169/814 -127/814  485/814  377/814   107/74 1257/814  617/814  885/814  433/814  889/814  625/814 1269/814]
[1193/814 2025/814 2137/814   139/74 1829/814 1409/814 1897/814    45/22 2341/814 2297/814 3161/814 3305/814 2729/814 3061/814   243/74]
[3193/814 2993/814 3701/814 3689/814 4585/814 4761/814 4217/814 4581/814 4225/814 4777/814   419/74 3721/814 3741/814 3041/814 3249/814]
[2737/814 3133/814 2809/814 3393/814 3257/814 2401/814   223/74 1785/814 2025/814 1545/814 1973/814 1681/814 2297/814 2193/814    37/22]
[1453/814  817/814    99/74  641/814 1101/814  841/814 1489/814 1417/814  625/814  741/814  137/814  441/814   25/814    47/74  289/814]
[ 969/814  929/814  169/814  317/814 -255/814   81/814 -303/814  221/814   25/814    67/74  729/814    1/814  181/814 -359/814    9/814]
[-343/814  213/814   49/814  793/814  817/814    11/74     9/22 -175/814  225/814  -95/814  493/814  361/814 1137/814 1193/814  529/814]
[ 773/814    27/74  729/814  441/814 1061/814  961/814 1769/814 1857/814 1225/814 1501/814 1057/814 1521/814   115/74 1917/814 1849/814]
[2689/814 2809/814 2209/814 2517/814 2105/814 2601/814 2377/814 3061/814   275/74 3897/814 4049/814 3481/814 3821/814    93/22 3969/814]
[3777/814 4493/814 4489/814 3765/814   359/74 3413/814 3785/814 3437/814 3997/814 3837/814 2957/814 2985/814 2293/814 2509/814 2005/814]
[  219/74 2093/814 2685/814 2557/814 1709/814 1769/814 1109/814 1357/814  885/814 1321/814 1037/814   151/74 1565/814  749/814  841/814]
[ 213/814  493/814   53/814  521/814  269/814    25/22  861/814     7/74  201/814 -395/814  -83/814 -491/814    9/814 -211/814  477/814]
[ 445/814 -307/814 -151/814   -65/74 -371/814 -747/814 -215/814 -403/814  317/814  317/814 -403/814 -215/814 -747/814 -371/814   -65/74]
[-151/814 -307/814  445/814  477/814 -211/814    9/814 -491/814  -83/814 -395/814  201/814     7/74  861/814    25/22  269/814  521/814]
[  53/814  493/814  213/814  841/814  749/814 1565/814   151/74 1037/814 1321/814  885/814 1357/814 1109/814 1769/814 1709/814 2557/814]
[2685/814 2093/814   219/74 2005/814 2509/814 2293/814 2985/814 2957/814 3837/814 3997/814 3437/814 3785/814 3413/814   359/74 3765/814]
[4489/814 4493/814 3777/814 3969/814    93/22 3821/814 3481/814 4049/814 3897/814   275/74 3061/814 2377/814 2601/814 2105/814 2517/814]
[2209/814 2809/814 2689/814 1849/814 1917/814   115/74 1521/814 1057/814 1501/814 1225/814 1857/814 1769/814  961/814 1061/814  441/814]
[ 729/814    27/74  773/814  529/814 1193/814 1137/814  361/814  493/814  -95/814  225/814 -175/814     9/22    11/74  817/814  793/814]
[  49/814  213/814 -343/814    9/814 -359/814  181/814    1/814  729/814    67/74   25/814  221/814 -303/814   81/814 -255/814  317/814]
[ 169/814  929/814  969/814  289/814    47/74   25/814  441/814  137/814  741/814  625/814 1417/814 1489/814  841/814 1101/814  641/814]
[   99/74  817/814 1453/814    37/22 2193/814 2297/814 1681/814 1973/814 1545/814 2025/814 1785/814   223/74 2401/814 3257/814 3393/814]
[2809/814 3133/814 2737/814 3249/814 3041/814 3741/814 3721/814   419/74 4777/814 4225/814 4581/814 4217/814 4761/814 4585/814 3689/814]
[3701/814 2993/814 3193/814   243/74 3061/814 2729/814 3305/814 3161/814 2297/814 2341/814    45/22 1897/814 1409/814 1829/814   139/74]
[2137/814 2025/814 1193/814 1269/814  625/814  889/814  433/814  885/814  617/814 1257/814   107/74  377/814  485/814 -127/814  169/814]
[-255/814  229/814   -7/814  665/814  617/814 -151/814    -1/74 -591/814 -263/814 -655/814 -139/814 -343/814  361/814  345/814 -391/814]
[-219/814 -767/814        0        0        0        0        0        0        0        0        0        0        0        0        0]
Testing obstruction for
m1: 7, m2: 20,a: 5
[    -1/2 -775/814 -251/814 -463/814  217/814  161/814  997/814 1097/814  461/814  717/814  237/814    59/74  325/814  893/814  725/814]
[1449/814 1437/814 2317/814 2461/814 3497/814 3797/814 3361/814   347/74 3537/814 2521/814 2397/814 1537/814 1569/814  865/814 1053/814]
[ 505/814  849/814  457/814    87/74  721/814 1377/814 1297/814    13/22  557/814 -103/814  129/814 -375/814   13/814 -335/814    19/74]
[  17/814  717/814  681/814 1537/814 1657/814 1041/814 1317/814  857/814 1289/814  985/814   143/74 1425/814 2169/814 2177/814 3077/814]
[3241/814 2669/814 2989/814 2573/814 3049/814 2789/814   163/74 1689/814  849/814  901/814  217/814  425/814 -103/814  261/814    -3/22]
[ 409/814  193/814    79/74  809/814   13/814  109/814 -531/814 -279/814 -763/814 -355/814 -683/814 -119/814 -291/814    39/74  413/814]
[1289/814 1429/814  833/814 1129/814  689/814 1141/814  857/814 1465/814 1337/814   191/74 2129/814 3049/814 3233/814 2681/814 3021/814]
[2625/814 3121/814 2881/814 1905/814 1821/814    91/74    29/22  409/814  637/814  129/814  513/814  161/814  701/814  505/814 1201/814]
[1161/814    35/74  501/814 -119/814  153/814 -311/814  117/814 -191/814  393/814  241/814  981/814  985/814   171/74 2041/814 1465/814]
[1781/814 1361/814 1833/814 1569/814 2197/814 2089/814 2873/814 2921/814   203/74 2437/814 1905/814 2265/814 1889/814    65/22 2185/814]
[1229/814 1165/814  365/814  457/814   -17/74   61/814 -427/814  -23/814 -355/814  205/814   29/814  745/814  725/814  -31/814  105/814]
[  -45/74 -203/814 -647/814 -199/814 -487/814  117/814  -15/814  745/814  769/814 1685/814 1865/814   119/74 1645/814 1245/814 1737/814]
[1493/814 2141/814 2053/814 2857/814 2925/814    61/22 2481/814   179/74 2349/814 1993/814 2529/814 2329/814 1393/814 1349/814  569/814]
[ 681/814   57/814  325/814   -13/74  281/814  -31/814  549/814  393/814 1129/814 1129/814  393/814  549/814  -31/814  281/814   -13/74]
[ 325/814   57/814  681/814  569/814 1349/814 1393/814 2329/814 2529/814 1993/814 2349/814   179/74 2481/814    61/22 2925/814 2857/814]
[2053/814 2141/814 1493/814 1737/814 1245/814 1645/814   119/74 1865/814 1685/814  769/814  745/814  -15/814  117/814 -487/814 -199/814]
[-647/814 -203/814   -45/74  105/814  -31/814  725/814  745/814   29/814  205/814 -355/814  -23/814 -427/814   61/814   -17/74  457/814]
[ 365/814 1165/814 1229/814 2185/814    65/22 1889/814 2265/814 1905/814 2437/814   203/74 2921/814 2873/814 2089/814 2197/814 1569/814]
[1833/814 1361/814 1781/814 1465/814 2041/814   171/74  985/814  981/814  241/814  393/814 -191/814  117/814 -311/814  153/814 -119/814]
[ 501/814    35/74 1161/814 1201/814  505/814  701/814  161/814  513/814  129/814  637/814  409/814    29/22    91/74 1821/814 1905/814]
[2881/814 3121/814 2625/814 3021/814 2681/814 3233/814 3049/814 2129/814   191/74 1337/814 1465/814  857/814 1141/814  689/814 1129/814]
[ 833/814 1429/814 1289/814  413/814    39/74 -291/814 -119/814 -683/814 -355/814 -763/814 -279/814 -531/814  109/814   13/814  809/814]
[   79/74  193/814  409/814    -3/22  261/814 -103/814  425/814  217/814  901/814  849/814 1689/814   163/74 2789/814 3049/814 2573/814]
[2989/814 2669/814 3241/814 3077/814 2177/814 2169/814 1425/814   143/74  985/814 1289/814  857/814 1317/814 1041/814 1657/814 1537/814]
[ 681/814  717/814   17/814    19/74 -335/814   13/814 -375/814  129/814 -103/814  557/814    13/22 1297/814 1377/814  721/814    87/74]
[ 457/814  849/814  505/814 1053/814  865/814 1569/814 1537/814 2397/814 2521/814 3537/814   347/74 3361/814 3797/814 3497/814 2461/814]
[2317/814 1437/814 1449/814  725/814  893/814  325/814    59/74  237/814  717/814  461/814 1097/814  997/814  161/814  217/814 -463/814]
[-251/814 -775/814        0        0        0        0        0        0        0        0        0        0        0        0        0]
Testing obstruction for
m1: 10, m2: 15,a: 6
[    -1/2 -795/814 -331/814 -643/814 -103/814 -339/814  277/814  117/814  809/814  725/814 1493/814   135/74 2329/814 2397/814 1689/814]
[1833/814 1201/814 1421/814  865/814 1161/814  681/814 1053/814    59/74 1097/814  769/814 1293/814 1041/814 1641/814 1465/814 2141/814]
[2041/814 2793/814 2769/814   179/74 2021/814 1297/814 1425/814    21/22  981/814  409/814  689/814  193/814  549/814  129/814    51/74]
[ 217/814  725/814  457/814 1041/814  849/814 1509/814 1393/814 2129/814 2089/814 1273/814   119/74  569/814  681/814   17/814  205/814]
[-383/814 -119/814 -631/814 -291/814 -727/814 -311/814   -61/74 -179/814 -463/814  105/814 -103/814  541/814  409/814 1129/814    29/22]
[1869/814 1889/814   251/74 2857/814 2177/814 2349/814 1745/814 1993/814 1465/814 1789/814 1337/814 1737/814 1361/814   167/74 1537/814]
[2089/814 1865/814 2493/814 2345/814 3049/814 2977/814 2129/814 2133/814 1361/814   131/74  745/814  901/814  281/814  513/814  -31/814]
[ 277/814 -191/814  193/814 -199/814  261/814    -5/74    13/22  241/814  853/814  689/814 1377/814 1289/814 2053/814 2041/814 1253/814]
[1317/814    55/74  745/814  109/814  325/814 -235/814   57/814 -427/814  -59/814 -467/814  -23/814 -355/814    15/74  -91/814  505/814]
[ 325/814  997/814  893/814 1641/814 1613/814 2437/814 2485/814 1757/814   171/74 1229/814 1429/814  853/814 1129/814    17/22  981/814]
[ 557/814  985/814  637/814 1141/814    79/74 1449/814 1253/814 1909/814 1789/814 2521/814 2477/814 1657/814 1689/814  945/814 1053/814]
[   35/74  569/814  -23/814  237/814 -279/814   57/814 -383/814   29/814 -335/814  153/814 -135/814    39/74  217/814  857/814  721/814]
[1437/814 1377/814 2169/814 2185/814 1425/814    41/22  833/814    91/74  393/814  637/814  105/814  425/814  -31/814  365/814  -15/814]
[ 457/814  153/814  701/814    43/74 1097/814  945/814 1645/814 1569/814 2345/814 2345/814 1569/814 1645/814  945/814 1097/814    43/74]
[ 701/814  153/814  457/814  -15/814  365/814  -31/814  425/814  105/814  637/814  393/814    91/74  833/814    41/22 1425/814 2185/814]
[2169/814 1377/814 1437/814  721/814  857/814  217/814    39/74 -135/814  153/814 -335/814   29/814 -383/814   57/814 -279/814  237/814]
[ -23/814  569/814    35/74 1053/814  945/814 1689/814 1657/814 2477/814 2521/814 1789/814 1909/814 1253/814 1449/814    79/74 1141/814]
[ 637/814  985/814  557/814  981/814    17/22 1129/814  853/814 1429/814 1229/814   171/74 1757/814 2485/814 2437/814 1613/814 1641/814]
[ 893/814  997/814  325/814  505/814  -91/814    15/74 -355/814  -23/814 -467/814  -59/814 -427/814   57/814 -235/814  325/814  109/814]
[ 745/814    55/74 1317/814 1253/814 2041/814 2053/814 1289/814 1377/814  689/814  853/814  241/814    13/22    -5/74  261/814 -199/814]
[ 193/814 -191/814  277/814  -31/814  513/814  281/814  901/814  745/814   131/74 1361/814 2133/814 2129/814 2977/814 3049/814 2345/814]
[2493/814 1865/814 2089/814 1537/814   167/74 1361/814 1737/814 1337/814 1789/814 1465/814 1993/814 1745/814 2349/814 2177/814 2857/814]
[  251/74 1889/814 1869/814    29/22 1129/814  409/814  541/814 -103/814  105/814 -463/814 -179/814   -61/74 -311/814 -727/814 -291/814]
[-631/814 -119/814 -383/814  205/814   17/814  681/814  569/814   119/74 1273/814 2089/814 2129/814 1393/814 1509/814  849/814 1041/814]
[ 457/814  725/814  217/814    51/74  129/814  549/814  193/814  689/814  409/814  981/814    21/22 1425/814 1297/814 2021/814   179/74]
[2769/814 2793/814 2041/814 2141/814 1465/814 1641/814 1041/814 1293/814  769/814 1097/814    59/74 1053/814  681/814 1161/814  865/814]
[1421/814 1201/814 1833/814 1689/814 2397/814 2329/814   135/74 1493/814  725/814  809/814  117/814  277/814 -339/814 -103/814 -643/814]
[-331/814 -795/814        0        0        0        0        0        0        0        0        0        0        0        0        0]
[-795/814, -331/814, -643/814, -103/814, -339/814, 277/814, 117/814, 809/814, 725/814, 1493/814, 135/74, 2329/814, 2397/814, 1689/814, 1833/814, 1201/814, 1421/814, 865/814, 1161/814, 681/814, 1053/814, 59/74, 1097/814, 769/814, 1293/814, 1041/814, 1641/814, 1465/814, 2141/814, 2041/814, 2793/814, 2769/814, 179/74, 2021/814, 1297/814, 1425/814, 21/22, 981/814, 409/814, 689/814, 193/814, 549/814, 129/814, 51/74, 217/814, 725/814, 457/814, 1041/814, 849/814, 1509/814, 1393/814, 2129/814, 2089/814, 1273/814, 119/74, 569/814, 681/814, 17/814, 205/814, -383/814]
122 [-795/814, -331/814, -643/814, -103/814, -339/814, 277/814, 117/814, -819/814, -903/814, -135/814, -13/74, -927/814, -859/814, 61/814, 205/814, -427/814, -207/814, 865/814, -467/814, -947/814, -575/814, 59/74, -531/814, -859/814, -335/814, 1041/814, 13/814, -163/814, 513/814, 413/814, -463/814, -487/814, 31/74, 393/814, -331/814, -203/814, 21/22, 981/814, 409/814, 689/814, 193/814, 549/814, 129/814, 51/74, 217/814, 725/814, 457/814, 1041/814, 849/814, -119/814, -235/814, 501/814, 461/814, -355/814, -29/74, 569/814, 681/814, 17/814, 205/814, 1245/814]
Testing obstruction for
m1: 9, m2: 20,a: 8
[    -1/2 -775/814 -251/814 -463/814  217/814  161/814  997/814 1097/814 2089/814 2345/814 1865/814   207/74 1953/814 2521/814 2353/814]
[1449/814 1437/814  689/814  833/814  241/814  541/814  105/814    51/74  281/814  893/814  769/814 1537/814 1569/814  865/814 1053/814]
[ 505/814  849/814  457/814    87/74  721/814 1377/814 1297/814    57/22 2185/814 1525/814 1757/814 1253/814 1641/814 1293/814   167/74]
[1645/814  717/814  681/814  -91/814   29/814 -587/814 -311/814 -771/814 -339/814 -643/814    -5/74 -203/814  541/814  549/814 1449/814]
[1613/814 2669/814 2989/814 2573/814 3049/814 2789/814   163/74 1689/814  849/814  901/814  217/814  425/814 -103/814  261/814    -3/22]
[ 409/814  193/814    79/74  809/814 1641/814 1737/814 1097/814 1349/814  865/814 1273/814  945/814 1509/814 1337/814   187/74 2041/814]
[1289/814 1429/814  833/814 1129/814  689/814 1141/814  857/814 1465/814 1337/814    43/74  501/814 -207/814  -23/814 -575/814 -235/814]
[-631/814 -135/814 -375/814  277/814  193/814    91/74    29/22 2037/814 2265/814 3385/814 3769/814 3417/814 2329/814 2133/814 1201/814]
[1161/814    35/74  501/814 -119/814  153/814 -311/814  117/814 -191/814  393/814  241/814  981/814  985/814   171/74 2041/814 1465/814]
[1781/814 1361/814 1833/814 1569/814 2197/814 2089/814 1245/814 1293/814    55/74  809/814  277/814  637/814  261/814    21/22  557/814]
[1229/814 1165/814  365/814  457/814   -17/74   61/814 -427/814  -23/814 -355/814  205/814   29/814  745/814  725/814 1597/814 1733/814]
[  251/74 3053/814 2609/814 3057/814 2769/814 1745/814 1613/814  745/814  769/814   57/814  237/814   -29/74   17/814 -383/814  109/814]
[-135/814  513/814  425/814 1229/814 1297/814    61/22 2481/814   179/74 2349/814 1993/814 2529/814 2329/814 1393/814 1349/814  569/814]
[ 681/814   57/814  325/814   -13/74  281/814  -31/814  549/814  393/814 1129/814 1129/814  393/814  549/814  -31/814  281/814   -13/74]
[ 325/814   57/814  681/814  569/814 1349/814 1393/814 2329/814 2529/814 1993/814 2349/814   179/74 2481/814    61/22 1297/814 1229/814]
[ 425/814  513/814 -135/814  109/814 -383/814   17/814   -29/74  237/814   57/814  769/814  745/814 1613/814 1745/814 2769/814 3057/814]
[2609/814 3053/814   251/74 1733/814 1597/814  725/814  745/814   29/814  205/814 -355/814  -23/814 -427/814   61/814   -17/74  457/814]
[ 365/814 1165/814 1229/814  557/814    21/22  261/814  637/814  277/814  809/814    55/74 1293/814 1245/814 2089/814 2197/814 1569/814]
[1833/814 1361/814 1781/814 1465/814 2041/814   171/74  985/814  981/814  241/814  393/814 -191/814  117/814 -311/814  153/814 -119/814]
[ 501/814    35/74 1161/814 1201/814 2133/814 2329/814 3417/814 3769/814 3385/814 2265/814 2037/814    29/22    91/74  193/814  277/814]
[-375/814 -135/814 -631/814 -235/814 -575/814  -23/814 -207/814  501/814    43/74 1337/814 1465/814  857/814 1141/814  689/814 1129/814]
[ 833/814 1429/814 1289/814 2041/814   187/74 1337/814 1509/814  945/814 1273/814  865/814 1349/814 1097/814 1737/814 1641/814  809/814]
[   79/74  193/814  409/814    -3/22  261/814 -103/814  425/814  217/814  901/814  849/814 1689/814   163/74 2789/814 3049/814 2573/814]
[2989/814 2669/814 1613/814 1449/814  549/814  541/814 -203/814    -5/74 -643/814 -339/814 -771/814 -311/814 -587/814   29/814  -91/814]
[ 681/814  717/814 1645/814   167/74 1293/814 1641/814 1253/814 1757/814 1525/814 2185/814    57/22 1297/814 1377/814  721/814    87/74]
[ 457/814  849/814  505/814 1053/814  865/814 1569/814 1537/814  769/814  893/814  281/814    51/74  105/814  541/814  241/814  833/814]
[ 689/814 1437/814 1449/814 2353/814 2521/814 1953/814   207/74 1865/814 2345/814 2089/814 1097/814  997/814  161/814  217/814 -463/814]
[-251/814 -775/814        0        0        0        0        0        0        0        0        0        0        0        0        0]
Testing obstruction for
m1: 14, m2: 17,a: 11
[    -1/2 -787/814 -299/814 -571/814   25/814 -139/814  565/814  509/814 1321/814 1373/814  665/814    75/74  225/814  493/814    1/814]
[ 377/814   -7/814  477/814  201/814  793/814  625/814 1325/814   115/74 2073/814 2121/814 1409/814 1565/814  961/814 1225/814  729/814]
[1101/814  713/814 1193/814    83/74 1501/814 1329/814 2025/814    53/22 2765/814 2809/814 2093/814 2245/814 1637/814 1897/814   127/74]
[1765/814 1373/814 1849/814 1565/814 2149/814 1973/814 2665/814 2597/814 1769/814 1809/814    99/74 1237/814  625/814  881/814  377/814]
[ 741/814  345/814  817/814  529/814 1109/814  929/814   147/74 1545/814  713/814  749/814   25/814  169/814 -447/814 -195/814   -19/22]
[-343/814 -743/814   -25/74 -567/814    9/814 -175/814  509/814  433/814 1225/814 1257/814  529/814  669/814   49/814    27/74 -215/814]
[ 141/814 -263/814  201/814  -95/814  477/814  289/814  969/814  889/814 1677/814   155/74  973/814 1109/814  485/814  729/814  213/814]
[ 565/814  157/814  617/814  317/814  885/814    63/74    37/22 1285/814 2069/814 2093/814 2985/814 3117/814 2489/814 2729/814 2209/814]
[2557/814   195/74 2601/814 2297/814 2861/814 2665/814 3337/814 3249/814 2401/814 2421/814 1681/814 1809/814   107/74 1413/814  889/814]
[1233/814  817/814 1269/814  961/814 1521/814 1321/814 1989/814 1897/814    95/74 1061/814  317/814  441/814 -195/814     1/22 -491/814]
[-151/814 -571/814 -123/814 -435/814    11/74  -83/814  581/814  485/814 1257/814 1269/814  521/814  641/814    1/814  229/814 -303/814]
[    3/74 -391/814   53/814 -263/814  289/814   81/814  741/814  641/814 1409/814 1417/814  665/814    71/74  137/814  361/814 -175/814]
[ 157/814 -271/814  169/814 -151/814  397/814     5/22  841/814    67/74 1501/814 1505/814 2377/814 2489/814 1841/814 2061/814 1521/814]
[1849/814 1417/814 1853/814   139/74 2073/814 1857/814 2509/814 2401/814 3161/814 3161/814 2401/814 2509/814 1857/814 2073/814   139/74]
[1853/814 1417/814 1849/814 1521/814 2061/814 1841/814 2489/814 2377/814 1505/814 1501/814    67/74  841/814     5/22  397/814 -151/814]
[ 169/814 -271/814  157/814 -175/814  361/814  137/814    71/74  665/814 1417/814 1409/814  641/814  741/814   81/814  289/814 -263/814]
[  53/814 -391/814     3/74 -303/814  229/814    1/814  641/814  521/814 1269/814 1257/814  485/814  581/814  -83/814    11/74 -435/814]
[-123/814 -571/814 -151/814 -491/814     1/22 -195/814  441/814  317/814 1061/814    95/74 1897/814 1989/814 1321/814 1521/814  961/814]
[1269/814  817/814 1233/814  889/814 1413/814   107/74 1809/814 1681/814 2421/814 2401/814 3249/814 3337/814 2665/814 2861/814 2297/814]
[2601/814   195/74 2557/814 2209/814 2729/814 2489/814 3117/814 2985/814 2093/814 2069/814 1285/814    37/22    63/74  885/814  317/814]
[ 617/814  157/814  565/814  213/814  729/814  485/814 1109/814  973/814   155/74 1677/814  889/814  969/814  289/814  477/814  -95/814]
[ 201/814 -263/814  141/814 -215/814    27/74   49/814  669/814  529/814 1257/814 1225/814  433/814  509/814 -175/814    9/814 -567/814]
[  -25/74 -743/814 -343/814   -19/22 -195/814 -447/814  169/814   25/814  749/814  713/814 1545/814   147/74  929/814 1109/814  529/814]
[ 817/814  345/814  741/814  377/814  881/814  625/814 1237/814    99/74 1809/814 1769/814 2597/814 2665/814 1973/814 2149/814 1565/814]
[1849/814 1373/814 1765/814   127/74 1897/814 1637/814 2245/814 2093/814 2809/814 2765/814    53/22 2025/814 1329/814 1501/814    83/74]
[1193/814  713/814 1101/814  729/814 1225/814  961/814 1565/814 1409/814 2121/814 2073/814   115/74 1325/814  625/814  793/814  201/814]
[ 477/814   -7/814  377/814    1/814  493/814  225/814    75/74  665/814 1373/814 1321/814  509/814  565/814 -139/814   25/814 -571/814]
[-299/814 -787/814        0        0        0        0        0        0        0        0        0        0        0        0        0]
Testing obstruction for
m1: 26, m2: 29,a: 25
[    -1/2 -763/814 -203/814 -355/814  409/814  461/814 -199/814   57/814 -399/814   61/814 -191/814    43/74  425/814 -335/814 -179/814]
[-735/814 -375/814 -727/814 -163/814 -311/814  457/814  513/814   -13/74  117/814 -335/814  129/814 -119/814  549/814  505/814 -251/814]
[ -91/814 -643/814 -279/814   -57/74  -59/814 -203/814  569/814    17/22  -23/814  241/814 -207/814  261/814   17/814  689/814    59/74]
[-103/814   61/814 -487/814 -119/814 -463/814  109/814  -31/814  745/814  809/814  161/814    39/74  -15/814  457/814  217/814  893/814]
[ 857/814  109/814  277/814 -267/814  105/814 -235/814    31/74  205/814  985/814 1053/814  409/814  681/814  241/814  717/814    13/22]
[1161/814 1129/814    35/74  557/814   17/814  393/814   57/814  637/814  505/814 1289/814 1361/814  721/814  997/814    51/74 1041/814]
[ 809/814 1493/814 1465/814  725/814  901/814  365/814  745/814  413/814  997/814    79/74 1657/814 1733/814 1097/814 1377/814  945/814]
[1429/814 1201/814 1889/814 1865/814 1129/814   119/74    21/22 1161/814  833/814 1421/814 1297/814 2089/814 2169/814 1537/814 1821/814]
[1393/814   171/74 1657/814 2349/814 2329/814 1597/814 1781/814 1253/814 1641/814 1317/814 1909/814 1789/814   235/74 2669/814 2041/814]
[2329/814 1905/814 2397/814 2177/814 2873/814 2857/814 2129/814 2317/814   163/74 2185/814 1865/814 2461/814 2345/814    85/22 3233/814]
[2609/814 2901/814 2481/814 2977/814   251/74 3461/814 3449/814 2725/814 2917/814 2397/814 2793/814 2477/814 3077/814 2965/814 3769/814]
[  351/74 3241/814 3537/814 3121/814 3621/814 3409/814 4113/814 4105/814 3385/814 3581/814 3065/814   315/74 3153/814 3757/814 3649/814]
[4457/814 4553/814 3937/814 4237/814 3825/814   117/22 4121/814   439/74 4825/814 4109/814 4309/814 3797/814 4201/814 3893/814 4501/814]
[4397/814 5209/814 5309/814   427/74 5001/814 4593/814 5101/814 4897/814 5609/814 5609/814 4897/814 5101/814 4593/814 5001/814   427/74]
[5309/814 5209/814 4397/814 4501/814 3893/814 4201/814 3797/814 4309/814 4109/814 4825/814   439/74 4121/814   117/22 3825/814 4237/814]
[3937/814 4553/814 4457/814 3649/814 3757/814 3153/814   315/74 3065/814 3581/814 3385/814 4105/814 4113/814 3409/814 3621/814 3121/814]
[3537/814 3241/814   351/74 3769/814 2965/814 3077/814 2477/814 2793/814 2397/814 2917/814 2725/814 3449/814 3461/814   251/74 2977/814]
[2481/814 2901/814 2609/814 3233/814    85/22 2345/814 2461/814 1865/814 2185/814   163/74 2317/814 2129/814 2857/814 2873/814 2177/814]
[2397/814 1905/814 2329/814 2041/814 2669/814   235/74 1789/814 1909/814 1317/814 1641/814 1253/814 1781/814 1597/814 2329/814 2349/814]
[1657/814   171/74 1393/814 1821/814 1537/814 2169/814 2089/814 1297/814 1421/814  833/814 1161/814    21/22   119/74 1129/814 1865/814]
[1889/814 1201/814 1429/814  945/814 1377/814 1097/814 1733/814 1657/814    79/74  997/814  413/814  745/814  365/814  901/814  725/814]
[1465/814 1493/814  809/814 1041/814    51/74  997/814  721/814 1361/814 1289/814  505/814  637/814   57/814  393/814   17/814  557/814]
[   35/74 1129/814 1161/814    13/22  717/814  241/814  681/814  409/814 1053/814  985/814  205/814    31/74 -235/814  105/814 -267/814]
[ 277/814  109/814  857/814  893/814  217/814  457/814  -15/814    39/74  161/814  809/814  745/814  -31/814  109/814 -463/814 -119/814]
[-487/814   61/814 -103/814    59/74  689/814   17/814  261/814 -207/814  241/814  -23/814    17/22  569/814 -203/814  -59/814   -57/74]
[-279/814 -643/814  -91/814 -251/814  505/814  549/814 -119/814  129/814 -335/814  117/814   -13/74  513/814  457/814 -311/814 -163/814]
[-727/814 -375/814 -735/814 -179/814 -335/814  425/814    43/74 -191/814   61/814 -399/814   57/814 -199/814  461/814  409/814 -355/814]
[-203/814 -763/814        0        0        0        0        0        0        0        0        0        0        0        0        0]
---------------------------
SUCCESS for name = 13a1788
---------------------------
13a1820
Correction terms
[    -1/2  209/510 -439/510  -53/170   29/510   25/102   43/170   41/510 -139/510 -137/170   49/102 -211/510   87/170 -379/510  -91/510]
[    7/34  209/510    13/30   47/170  -31/510  -59/102  123/170  -79/510  401/510  -77/170   13/102 -751/510  127/170 -619/510  329/510]
[  -57/34  -91/510 -439/510   47/170   -23/30    1/102 -237/170 -499/510 -379/510 -117/170  -83/102 -571/510 -273/170 -139/510 -571/510]
[   -5/34 -691/510 -379/510  -53/170  -31/510    1/102    -1/10 -199/510 -439/510   83/170  -35/102  329/510  -93/170   41/510 -751/510]
[   27/34 -571/510  401/510 -253/170   29/510  -59/102  103/170 -199/510    13/30 -157/170  -47/102  -91/510  -13/170  -79/510 -211/510]
[  -29/34  269/510 -139/510  127/170 -211/510   25/102 -217/170  521/510 -439/510  183/170     -7/6  209/510  -33/170  521/510   29/510]
[   31/34 -211/510   41/510   67/170  269/510   49/102   43/170  -79/510 -379/510   83/170  -47/102  209/510    -9/10 -199/510  -31/510]
[    3/34   29/510  -79/510  -93/170 -571/510   13/102 -137/170   41/510 -619/510 -117/170  -35/102  -91/510  -33/170 -199/510   -23/30]
[  -45/34  -31/510 -499/510  -13/170 -691/510  -83/102  -77/170 -139/510 -139/510  -77/170  -83/102 -691/510  -13/170 -499/510  -31/510]
[  -45/34   -23/30 -199/510  -33/170  -91/510  -35/102 -117/170 -619/510   41/510 -137/170   13/102 -571/510  -93/170  -79/510   29/510]
[    3/34  -31/510 -199/510    -9/10  209/510  -47/102   83/170 -379/510  -79/510   43/170   49/102  269/510   67/170   41/510 -211/510]
[   31/34   29/510  521/510  -33/170  209/510     -7/6  183/170 -439/510  521/510 -217/170   25/102 -211/510  127/170 -139/510  269/510]
[  -29/34 -211/510  -79/510  -13/170  -91/510  -47/102 -157/170    13/30 -199/510  103/170  -59/102   29/510 -253/170  401/510 -571/510]
[   27/34 -751/510   41/510  -93/170  329/510  -35/102   83/170 -439/510 -199/510    -1/10    1/102  -31/510  -53/170 -379/510 -691/510]
[   -5/34 -571/510 -139/510 -273/170 -571/510  -83/102 -117/170 -379/510 -499/510 -237/170    1/102   -23/30   47/170 -439/510  -91/510]
[  -57/34  329/510 -619/510  127/170 -751/510   13/102  -77/170  401/510  -79/510  123/170  -59/102  -31/510   47/170    13/30  209/510]
[    7/34  -91/510 -379/510   87/170 -211/510   49/102 -137/170 -139/510   41/510   43/170   25/102   29/510  -53/170 -439/510  209/510]
[       0        0        0        0        0        0        0        0        0        0        0        0        0        0        0]
Testing obstruction for
m1: 1, m2: 128,a: 0
[     -1/2  -251/510  -239/510   -73/170  -191/510   -31/102   -37/170   -59/510     1/510    23/170    29/102   229/510   107/170   421/510   529/510]
[    43/34   769/510     53/30   347/170  1189/510   269/102   503/170  1681/510  1861/510   683/170   449/102  2449/510   887/170  2881/510  3109/510]
[   223/34  3589/510  3841/510  1367/170    257/30   929/102  1643/170  5221/510  5521/510  1943/170  1229/102  6469/510  2267/170  7141/510  7489/510]
[   523/34  8209/510  8581/510  2987/170  9349/510  1949/102    199/10 10561/510 10981/510  3803/170  2369/102 12289/510  4247/170 13201/510 13669/510]
[   943/34 14629/510 15121/510  5207/170 16129/510  3125/102  5043/170 14641/510    833/30  4563/170  2645/102 12769/510  4107/170 11881/510 11449/510]
[   735/34 10609/510 10201/510  3267/170  9409/510  1805/102  2883/170  8281/510  7921/510  2523/170      85/6  6889/510  2187/170  6241/510  5929/510]
[   375/34  5329/510  5041/510  1587/170  4489/510   845/102  1323/170  3721/510  3481/510  1083/170   605/102  2809/510     51/10  2401/510  2209/510]
[   135/34  1849/510  1681/510   507/170  1369/510   245/102   363/170   961/510   841/510   243/170   125/102   529/510   147/170   361/510     17/30]
[    15/34   169/510   121/510    27/170    49/510     5/102     3/170     1/510     1/510     3/170     5/102    49/510    27/170   121/510   169/510]
[    15/34     17/30   361/510   147/170   529/510   125/102   243/170   841/510   961/510   363/170   245/102  1369/510   507/170  1681/510  1849/510]
[   135/34  2209/510  2401/510     51/10  2809/510   605/102  1083/170  3481/510  3721/510  1323/170   845/102  4489/510  1587/170  5041/510  5329/510]
[   375/34  5929/510  6241/510  2187/170  6889/510      85/6  2523/170  7921/510  8281/510  2883/170  1805/102  9409/510  3267/170 10201/510 10609/510]
[   735/34 11449/510 11881/510  4107/170 12769/510  2645/102  4563/170    833/30 14641/510  5043/170  3125/102 16129/510  5207/170 15121/510 14629/510]
[   943/34 13669/510 13201/510  4247/170 12289/510  2369/102  3803/170 10981/510 10561/510    199/10  1949/102  9349/510  2987/170  8581/510  8209/510]
[   523/34  7489/510  7141/510  2267/170  6469/510  1229/102  1943/170  5521/510  5221/510  1643/170   929/102    257/30  1367/170  3841/510  3589/510]
[   223/34  3109/510  2881/510   887/170  2449/510   449/102   683/170  1861/510  1681/510   503/170   269/102  1189/510   347/170     53/30   769/510]
[    43/34   529/510   421/510   107/170   229/510    29/102    23/170     1/510   -59/510   -37/170   -31/102  -191/510   -73/170  -239/510  -251/510]
[        0         0         0         0         0         0         0         0         0         0         0         0         0         0         0]
Testing obstruction for
m1: 2, m2: 43,a: 0
[    -1/2 -167/510   97/510 -161/170  133/510  -19/102  -49/170  -23/510  277/510  -89/170   77/102  193/510   59/170  337/510  673/510]
[   11/34  853/510    41/30  239/170  913/510  257/102  271/170 1537/510 1417/510  491/170  341/102 2113/510  559/170 2437/510 2353/510]
[  163/34 2713/510 3157/510  919/170   209/30  701/102 1211/170 3937/510 4417/510 1351/170  977/102 4873/510 1679/170 5377/510 4873/510]
[  303/34 4393/510 4417/510 1199/170 3973/510  701/102    63/10 3097/510 3157/510  791/170  557/102 2353/510  699/170 2017/510 2113/510]
[   91/34 1813/510 1417/510  399/170 1153/510  257/102  191/170 1057/510    41/30  171/170  101/102  673/510   -1/170  517/510  193/510]
[    3/34   73/510  277/510 -121/170  193/510  -19/102  -69/170 -143/510   97/510 -169/170      1/6 -167/510  -81/170 -143/510  133/510]
[  -29/34  193/510  -23/510  -21/170   73/510   77/102  -49/170  517/510  337/510  111/170  101/102  853/510     7/10 1057/510  913/510]
[   63/34 1153/510 1537/510  359/170 1813/510  341/102  591/170 2017/510 2437/510  671/170  557/102 2713/510  939/170 3097/510   209/30]
[  211/34 3973/510 3937/510 1359/170 4393/510  977/102 1511/170 5377/510 5377/510 1511/170  977/102 4393/510 1359/170 3937/510 3973/510]
[  211/34   209/30 3097/510  939/170 2713/510  557/102  671/170 2437/510 2017/510  591/170  341/102 1813/510  359/170 1537/510 1153/510]
[   63/34  913/510 1057/510     7/10  853/510  101/102  111/170  337/510  517/510  -49/170   77/102   73/510  -21/170  -23/510  193/510]
[  -29/34  133/510 -143/510  -81/170 -167/510      1/6 -169/170   97/510 -143/510  -69/170  -19/102  193/510 -121/170  277/510   73/510]
[    3/34  193/510  517/510   -1/170  673/510  101/102  171/170    41/30 1057/510  191/170  257/102 1153/510  399/170 1417/510 1813/510]
[   91/34 2113/510 2017/510  699/170 2353/510  557/102  791/170 3157/510 3097/510    63/10  701/102 3973/510 1199/170 4417/510 4393/510]
[  303/34 4873/510 5377/510 1679/170 4873/510  977/102 1351/170 4417/510 3937/510 1211/170  701/102   209/30  919/170 3157/510 2713/510]
[  163/34 2353/510 2437/510  559/170 2113/510  341/102  491/170 1417/510 1537/510  271/170  257/102  913/510  239/170    41/30  853/510]
[   11/34  673/510  337/510   59/170  193/510   77/102  -89/170  277/510  -23/510  -49/170  -19/102  133/510 -161/170   97/510 -167/510]
[       0        0        0        0        0        0        0        0        0        0        0        0        0        0        0]
Testing obstruction for
m1: 3, m2: 26,a: 0
[    -1/2 -439/510   29/510   43/170 -139/510   49/102   87/170  929/510 1229/510  387/170  349/102 1961/510  943/170 3329/510 2441/510]
[  147/34 1601/510    97/30  443/170  641/510  121/102   67/170  449/510  329/510  -53/170    1/102 -199/510   83/170  329/510   41/510]
[   27/34  401/510 1049/510  443/170    73/30  361/102  667/170 2849/510 3329/510  807/170  433/102 1541/510  523/170 1229/510  521/510]
[   31/34   41/510  269/510   43/170 -379/510  -47/102    -9/10  -31/510   29/510  -93/170   13/102   41/510  223/170  929/510  821/510]
[   91/34 1541/510 2369/510  943/170 2921/510  529/102  667/170 2009/510    97/30  307/170  169/102  401/510  203/170  449/510  -79/510]
[    3/34 -199/510  209/510   83/170  -79/510   49/102   67/170  809/510 1049/510  307/170     17/6 1601/510  803/170 2849/510 2921/510]
[  175/34 1961/510 1949/510  523/170  821/510  145/102   87/170  449/510  269/510  -93/170  -35/102 -439/510    -1/10  -31/510 -379/510]
[   -5/34 -139/510  449/510  223/170  521/510  205/102  387/170 1949/510 2369/510  807/170  625/102 2441/510  803/170 2009/510    73/30]
[   75/34  641/510  809/510  203/170   41/510   25/102  -53/170  209/510  209/510  -53/170   25/102   41/510  203/170  809/510  641/510]
[   75/34    73/30 2009/510  803/170 2441/510  625/102  807/170 2369/510 1949/510  387/170  205/102  521/510  223/170  449/510 -139/510]
[   -5/34 -379/510  -31/510    -1/10 -439/510  -35/102  -93/170  269/510  449/510   87/170  145/102  821/510  523/170 1949/510 1961/510]
[  175/34 2921/510 2849/510  803/170 1601/510     17/6  307/170 1049/510  809/510   67/170   49/102  -79/510   83/170  209/510 -199/510]
[    3/34  -79/510  449/510  203/170  401/510  169/102  307/170    97/30 2009/510  667/170  529/102 2921/510  943/170 2369/510 1541/510]
[   91/34  821/510  929/510  223/170   41/510   13/102  -93/170   29/510  -31/510    -9/10  -47/102 -379/510   43/170  269/510   41/510]
[   31/34  521/510 1229/510  523/170 1541/510  433/102  807/170 3329/510 2849/510  667/170  361/102    73/30  443/170 1049/510  401/510]
[   27/34   41/510  329/510   83/170 -199/510    1/102  -53/170  329/510  449/510   67/170  121/102  641/510  443/170    97/30 1601/510]
[  147/34 2441/510 3329/510  943/170 1961/510  349/102  387/170 1229/510  929/510   87/170   49/102 -139/510   43/170   29/510 -439/510]
[       0        0        0        0        0        0        0        0        0        0        0        0        0        0        0]
Unobstructed
2
---------------------------
---------------------------
13a1829
H_1 not cyclic will skip for now
13a1868
Correction terms
[    -1/2 -299/454  393/454   33/454  437/454  697/454  -95/454 -123/454 -295/454  297/454 -163/454  141/454  301/454  317/454  189/454]
[ -83/454  409/454 -151/454   53/454  113/454   29/454 -199/454  337/454  729/454   69/454  173/454  133/454  -51/454 -379/454   57/454]
[ 349/454  497/454  501/454  361/454   77/454 -351/454  -15/454  177/454  225/454  129/454 -111/454  413/454 -115/454  121/454  213/454]
[ 161/454  -35/454 -375/454   49/454  329/454  465/454  457/454  305/454    9/454 -431/454 -107/454   73/454  109/454    1/454  657/454]
[ 261/454 -279/454  -55/454   25/454  -39/454 -247/454  309/454  721/454   81/454  205/454  185/454   21/454 -287/454  169/454  481/454]
[-259/454 -235/454  553/454  289/454 -119/454  237/454  449/454 -391/454 -467/454  221/454  765/454  257/454  513/454  625/454 -315/454]
[-491/454   97/454  541/454  -67/454   89/454  101/454  -31/454 -307/454  181/454  525/454 -183/454 -127/454 -215/454  461/454   85/454]
[ 473/454  717/454  -91/454 -135/454 -323/454  253/454 -223/454   65/454  209/454  209/454   65/454 -223/454  253/454 -323/454 -135/454]
[ -91/454  717/454  473/454   85/454  461/454 -215/454 -127/454 -183/454  525/454  181/454 -307/454  -31/454  101/454   89/454  -67/454]
[ 541/454   97/454 -491/454 -315/454  625/454  513/454  257/454  765/454  221/454 -467/454 -391/454  449/454  237/454 -119/454  289/454]
[ 553/454 -235/454 -259/454  481/454  169/454 -287/454   21/454  185/454  205/454   81/454  721/454  309/454 -247/454  -39/454   25/454]
[ -55/454 -279/454  261/454  657/454    1/454  109/454   73/454 -107/454 -431/454    9/454  305/454  457/454  465/454  329/454   49/454]
[-375/454  -35/454  161/454  213/454  121/454 -115/454  413/454 -111/454  129/454  225/454  177/454  -15/454 -351/454   77/454  361/454]
[ 501/454  497/454  349/454   57/454 -379/454  -51/454  133/454  173/454   69/454  729/454  337/454 -199/454   29/454  113/454   53/454]
[-151/454  409/454  -83/454  189/454  317/454  301/454  141/454 -163/454  297/454 -295/454 -123/454  -95/454  697/454  437/454   33/454]
[ 393/454 -299/454        0        0        0        0        0        0        0        0        0        0        0        0        0]
Testing obstruction for
m1: 1, m2: 114,a: 0
[     -1/2  -223/454  -211/454  -191/454  -163/454  -127/454   -83/454   -31/454    29/454    97/454   173/454   257/454   349/454   449/454   557/454]
[  673/454   797/454   929/454  1069/454  1217/454  1373/454  1537/454  1709/454  1889/454  2077/454  2273/454  2477/454  2689/454  2909/454  3137/454]
[ 3373/454  3617/454  3869/454  4129/454  4397/454  4673/454  4957/454  5249/454  5549/454  5857/454  6173/454  6497/454  6829/454  7169/454  7517/454]
[ 7873/454  8237/454  8609/454  8989/454  9377/454  9773/454 10177/454 10589/454 11009/454 11437/454 11873/454 12317/454 12769/454 12321/454 11881/454]
[11449/454 11025/454 10609/454 10201/454  9801/454  9409/454  9025/454  8649/454  8281/454  7921/454  7569/454  7225/454  6889/454  6561/454  6241/454]
[ 5929/454  5625/454  5329/454  5041/454  4761/454  4489/454  4225/454  3969/454  3721/454  3481/454  3249/454  3025/454  2809/454  2601/454  2401/454]
[ 2209/454  2025/454  1849/454  1681/454  1521/454  1369/454  1225/454  1089/454   961/454   841/454   729/454   625/454   529/454   441/454   361/454]
[  289/454   225/454   169/454   121/454    81/454    49/454    25/454     9/454     1/454     1/454     9/454    25/454    49/454    81/454   121/454]
[  169/454   225/454   289/454   361/454   441/454   529/454   625/454   729/454   841/454   961/454  1089/454  1225/454  1369/454  1521/454  1681/454]
[ 1849/454  2025/454  2209/454  2401/454  2601/454  2809/454  3025/454  3249/454  3481/454  3721/454  3969/454  4225/454  4489/454  4761/454  5041/454]
[ 5329/454  5625/454  5929/454  6241/454  6561/454  6889/454  7225/454  7569/454  7921/454  8281/454  8649/454  9025/454  9409/454  9801/454 10201/454]
[10609/454 11025/454 11449/454 11881/454 12321/454 12769/454 12317/454 11873/454 11437/454 11009/454 10589/454 10177/454  9773/454  9377/454  8989/454]
[ 8609/454  8237/454  7873/454  7517/454  7169/454  6829/454  6497/454  6173/454  5857/454  5549/454  5249/454  4957/454  4673/454  4397/454  4129/454]
[ 3869/454  3617/454  3373/454  3137/454  2909/454  2689/454  2477/454  2273/454  2077/454  1889/454  1709/454  1537/454  1373/454  1217/454  1069/454]
[  929/454   797/454   673/454   557/454   449/454   349/454   257/454   173/454    97/454    29/454   -31/454   -83/454  -127/454  -163/454  -191/454]
[ -211/454  -223/454         0         0         0         0         0         0         0         0         0         0         0         0         0]
[-223/454, -211/454]
111 [-223/454, 697/454]
Testing obstruction for
m1: 2, m2: 39,a: 1
[    -1/2 -451/454 -215/454 -427/454 -179/454 -379/454 -119/454 -307/454  -35/454 -211/454   73/454  -91/454  205/454   53/454  361/454]
[ 221/454  541/454  413/454  745/454  629/454  973/454  869/454 1225/454 1133/454 1501/454 1421/454 1801/454 1733/454 2125/454 2069/454]
[2473/454 2429/454 2845/454 2813/454 3241/454 3221/454 3661/454 3653/454 4105/454 4109/454 3665/454 3681/454 3249/454 3277/454 2857/454]
[2897/454 2489/454 2541/454 2145/454 2209/454 1825/454 1901/454 1529/454 1617/454 1257/454 1357/454 1009/454 1121/454  785/454  909/454]
[ 585/454  721/454  409/454  557/454  257/454  417/454  129/454  301/454   25/454  209/454  -55/454  141/454 -111/454   97/454 -143/454]
[  77/454 -151/454   81/454 -135/454  109/454  -95/454  161/454  -31/454  237/454   57/454  337/454  169/454  461/454  305/454  609/454]
[ 465/454  781/454  649/454  977/454  857/454 1197/454 1089/454 1441/454 1345/454 1709/454 1625/454 2001/454 1929/454 2317/454 2257/454]
[2657/454 2609/454 3021/454 2985/454 3409/454 3385/454 3821/454 3809/454 4257/454 4257/454 3809/454 3821/454 3385/454 3409/454 2985/454]
[3021/454 2609/454 2657/454 2257/454 2317/454 1929/454 2001/454 1625/454 1709/454 1345/454 1441/454 1089/454 1197/454  857/454  977/454]
[ 649/454  781/454  465/454  609/454  305/454  461/454  169/454  337/454   57/454  237/454  -31/454  161/454  -95/454  109/454 -135/454]
[  81/454 -151/454   77/454 -143/454   97/454 -111/454  141/454  -55/454  209/454   25/454  301/454  129/454  417/454  257/454  557/454]
[ 409/454  721/454  585/454  909/454  785/454 1121/454 1009/454 1357/454 1257/454 1617/454 1529/454 1901/454 1825/454 2209/454 2145/454]
[2541/454 2489/454 2897/454 2857/454 3277/454 3249/454 3681/454 3665/454 4109/454 4105/454 3653/454 3661/454 3221/454 3241/454 2813/454]
[2845/454 2429/454 2473/454 2069/454 2125/454 1733/454 1801/454 1421/454 1501/454 1133/454 1225/454  869/454  973/454  629/454  745/454]
[ 413/454  541/454  221/454  361/454   53/454  205/454  -91/454   73/454 -211/454  -35/454 -307/454 -119/454 -379/454 -179/454 -427/454]
[-215/454 -451/454        0        0        0        0        0        0        0        0        0        0        0        0        0]
Testing obstruction for
m1: 4, m2: 17,a: 1
[    -1/2 -447/454 -199/454 -391/454 -115/454 -279/454   25/454 -111/454  221/454  113/454  473/454  393/454  781/454  729/454 1145/454]
[1121/454 1565/454 1569/454 1133/454 1165/454  757/454  817/454  437/454  525/454  173/454  289/454  -35/454  109/454 -187/454  -15/454]
[-283/454  -83/454 -323/454  -95/454 -307/454  -51/454 -235/454   49/454 -107/454  205/454   77/454  417/454  317/454  685/454  613/454]
[1009/454  965/454 1389/454 1373/454 1825/454 1837/454 1409/454 1449/454 1049/454 1117/454  745/454  841/454  497/454  621/454  305/454]
[ 457/454  169/454  349/454   89/454  297/454   65/454  301/454   97/454  361/454  185/454  477/454  329/454  649/454  529/454  877/454]
[ 785/454 1161/454 1097/454 1501/454 1465/454 1897/454 1889/454 1441/454 1461/454 1041/454 1089/454  697/454  773/454  409/454  513/454]
[ 177/454  309/454    1/454  161/454 -119/454   69/454 -183/454   33/454 -191/454   53/454 -143/454  129/454  -39/454  261/454  121/454]
[ 449/454  337/454  693/454  609/454  993/454  937/454 1349/454 1321/454 1761/454 1761/454 1321/454 1349/454  937/454  993/454  609/454]
[ 693/454  337/454  449/454  121/454  261/454  -39/454  129/454 -143/454   53/454 -191/454   33/454 -183/454   69/454 -119/454  161/454]
[   1/454  309/454  177/454  513/454  409/454  773/454  697/454 1089/454 1041/454 1461/454 1441/454 1889/454 1897/454 1465/454 1501/454]
[1097/454 1161/454  785/454  877/454  529/454  649/454  329/454  477/454  185/454  361/454   97/454  301/454   65/454  297/454   89/454]
[ 349/454  169/454  457/454  305/454  621/454  497/454  841/454  745/454 1117/454 1049/454 1449/454 1409/454 1837/454 1825/454 1373/454]
[1389/454  965/454 1009/454  613/454  685/454  317/454  417/454   77/454  205/454 -107/454   49/454 -235/454  -51/454 -307/454  -95/454]
[-323/454  -83/454 -283/454  -15/454 -187/454  109/454  -35/454  289/454  173/454  525/454  437/454  817/454  757/454 1165/454 1133/454]
[1569/454 1565/454 1121/454 1145/454  729/454  781/454  393/454  473/454  113/454  221/454 -111/454   25/454 -279/454 -115/454 -391/454]
[-199/454 -447/454        0        0        0        0        0        0        0        0        0        0        0        0        0]
Testing obstruction for
m1: 6, m2: 11,a: 1
[    -1/2 -443/454 -183/454 -355/454  -51/454 -179/454  169/454   85/454  477/454  437/454  873/454  877/454  449/454  497/454  113/454]
[ 205/454 -135/454    1/454 -295/454 -115/454 -367/454 -143/454 -351/454  -83/454 -247/454   65/454  -55/454  301/454  225/454  625/454]
[ 593/454 1037/454 1049/454  629/454  685/454  309/454  409/454   77/454  221/454  -67/454  121/454 -123/454  109/454  -91/454  185/454]
[  29/454  349/454  237/454  601/454  533/454  941/454  917/454 1369/454 1389/454  977/454 1041/454  673/454  781/454  457/454  609/454]
[ 329/454  525/454  289/454  529/454  337/454  621/454  473/454  801/454  697/454 1069/454 1009/454 1425/454 1409/454  961/454  989/454]
[ 585/454  657/454  297/454  413/454   97/454  257/454  -15/454  189/454  -39/454  209/454   25/454  317/454  177/454  513/454  417/454]
[ 797/454  745/454 1169/454 1161/454  721/454  757/454  361/454  441/454   89/454  213/454  -95/454   73/454 -191/454   21/454 -199/454]
[  57/454 -119/454  181/454   49/454  393/454  305/454  693/454  649/454 1081/454 1081/454  649/454  693/454  305/454  393/454   49/454]
[ 181/454 -119/454   57/454 -199/454   21/454 -191/454   73/454  -95/454  213/454   89/454  441/454  361/454  757/454  721/454 1161/454]
[1169/454  745/454  797/454  417/454  513/454  177/454  317/454   25/454  209/454  -39/454  189/454  -15/454  257/454   97/454  413/454]
[ 297/454  657/454  585/454  989/454  961/454 1409/454 1425/454 1009/454 1069/454  697/454  801/454  473/454  621/454  337/454  529/454]
[ 289/454  525/454  329/454  609/454  457/454  781/454  673/454 1041/454  977/454 1389/454 1369/454  917/454  941/454  533/454  601/454]
[ 237/454  349/454   29/454  185/454  -91/454  109/454 -123/454  121/454  -67/454  221/454   77/454  409/454  309/454  685/454  629/454]
[1049/454 1037/454  593/454  625/454  225/454  301/454  -55/454   65/454 -247/454  -83/454 -351/454 -143/454 -367/454 -115/454 -295/454]
[   1/454 -135/454  205/454  113/454  497/454  449/454  877/454  873/454  437/454  477/454   85/454  169/454 -179/454  -51/454 -355/454]
[-183/454 -443/454        0        0        0        0        0        0        0        0        0        0        0        0        0]
Testing obstruction for
m1: 5, m2: 14,a: 2
[    -1/2 -427/454 -119/454 -211/454  205/454  221/454 -163/454  -39/454 -315/454  -83/454 -251/454   89/454   29/454  477/454  525/454]
[ 173/454  329/454   85/454  349/454  213/454  585/454  557/454 1037/454 1117/454  797/454  985/454  773/454 1069/454  965/454 1369/454]
[1373/454  977/454 1089/454  801/454 1021/454  841/454 1169/454 1097/454  625/454  661/454  297/454  441/454  185/454  437/454  289/454]
[ 649/454  609/454  169/454  237/454  -95/454   81/454 -143/454  141/454   25/454  417/454  409/454    1/454  101/454 -199/454    9/454]
[-183/454  133/454   49/454  473/454  497/454  121/454  253/454  -15/454  225/454   65/454  413/454  361/454  817/454  873/454  529/454]
[ 693/454  457/454  729/454  601/454  981/454  961/454 1449/454 1537/454 1225/454 1421/454 1217/454 1521/454 1425/454  929/454  941/454]
[ 553/454  673/454  393/454  621/454  449/454  785/454  721/454  257/454  301/454  -55/454   97/454 -151/454  109/454  -31/454  337/454]
[ 305/454 -127/454  -51/454 -375/454 -191/454 -407/454 -115/454 -223/454  177/454  177/454 -223/454 -115/454 -407/454 -191/454 -375/454]
[ -51/454 -127/454  305/454  337/454  -31/454  109/454 -151/454   97/454  -55/454  301/454  257/454  721/454  785/454  449/454  621/454]
[ 393/454  673/454  553/454  941/454  929/454 1425/454 1521/454 1217/454 1421/454 1225/454 1537/454 1449/454  961/454  981/454  601/454]
[ 729/454  457/454  693/454  529/454  873/454  817/454  361/454  413/454   65/454  225/454  -15/454  253/454  121/454  497/454  473/454]
[  49/454  133/454 -183/454    9/454 -199/454  101/454    1/454  409/454  417/454   25/454  141/454 -143/454   81/454  -95/454  237/454]
[ 169/454  609/454  649/454  289/454  437/454  185/454  441/454  297/454  661/454  625/454 1097/454 1169/454  841/454 1021/454  801/454]
[1089/454  977/454 1373/454 1369/454  965/454 1069/454  773/454  985/454  797/454 1117/454 1037/454  557/454  585/454  213/454  349/454]
[  85/454  329/454  173/454  525/454  477/454   29/454   89/454 -251/454  -83/454 -315/454  -39/454 -163/454  221/454  205/454 -211/454]
[-119/454 -427/454        0        0        0        0        0        0        0        0        0        0        0        0        0]
Testing obstruction for
m1: 11, m2: 12,a: 8
[    -1/2 -431/454 -135/454 -247/454  141/454  121/454  601/454  673/454  337/454  501/454  257/454  513/454  361/454  709/454  649/454]
[1089/454 1121/454  745/454  869/454  585/454  801/454  609/454  917/454  817/454  309/454  301/454 -115/454  -31/454 -355/454 -179/454]
[-411/454 -143/454 -283/454   77/454   29/454  481/454  525/454  161/454  297/454   25/454  253/454   73/454  393/454  305/454  717/454]
[ 721/454 1225/454 1321/454 1009/454 1197/454  977/454 1257/454 1129/454  593/454  557/454  113/454  169/454 -183/454  -35/454 -295/454]
[ -55/454 -223/454  109/454   33/454  457/454  473/454   81/454  189/454 -111/454   89/454 -119/454  173/454   57/454  441/454  417/454]
[ 893/454  961/454  621/454  781/454  533/454  785/454  629/454  973/454  909/454  437/454  465/454   85/454  205/454  -83/454  129/454]
[ -67/454  237/454  133/454  529/454  517/454   97/454  177/454 -151/454   21/454 -215/454   49/454  -95/454  261/454  209/454  657/454]
[ 697/454  329/454  461/454  185/454  409/454  225/454  541/454  449/454  857/454  857/454  449/454  541/454  225/454  409/454  185/454]
[ 461/454  329/454  697/454  657/454  209/454  261/454  -95/454   49/454 -215/454   21/454 -151/454  177/454   97/454  517/454  529/454]
[ 133/454  237/454  -67/454  129/454  -83/454  205/454   85/454  465/454  437/454  909/454  973/454  629/454  785/454  533/454  781/454]
[ 621/454  961/454  893/454  417/454  441/454   57/454  173/454 -119/454   89/454 -111/454  189/454   81/454  473/454  457/454   33/454]
[ 109/454 -223/454  -55/454 -295/454  -35/454 -183/454  169/454  113/454  557/454  593/454 1129/454 1257/454  977/454 1197/454 1009/454]
[1321/454 1225/454  721/454  717/454  305/454  393/454   73/454  253/454   25/454  297/454  161/454  525/454  481/454   29/454   77/454]
[-283/454 -143/454 -411/454 -179/454 -355/454  -31/454 -115/454  301/454  309/454  817/454  917/454  609/454  801/454  585/454  869/454]
[ 745/454 1121/454 1089/454  649/454  709/454  361/454  513/454  257/454  501/454  337/454  673/454  601/454  121/454  141/454 -247/454]
[-135/454 -431/454        0        0        0        0        0        0        0        0        0        0        0        0        0]
[-431/454, -135/454, -247/454, 141/454, 121/454, 601/454, 673/454, 337/454, 501/454, 257/454, 513/454, 361/454, 709/454, 649/454, 1089/454, 1121/454, 745/454, 869/454, 585/454, 801/454, 609/454, 917/454, 817/454, 309/454, 301/454, -115/454, -31/454, -355/454]
54 [-431/454, -135/454, -247/454, 141/454, 121/454, -307/454, -235/454, 337/454, 501/454, 257/454, 513/454, 361/454, -199/454, -259/454, 181/454, 213/454, -163/454, -39/454, -323/454, -107/454, -299/454, 9/454, -91/454, 309/454, 301/454, -115/454, -31/454, 553/454]
Testing obstruction for
m1: 10, m2: 15,a: 9
[    -1/2 -435/454 -151/454 -283/454   77/454   21/454  457/454  477/454   81/454  177/454 -143/454   29/454 -215/454   33/454 -135/454]
[ 189/454   97/454  497/454  481/454   49/454  109/454 -247/454 -111/454 -391/454 -179/454 -383/454  -95/454 -223/454  141/454   89/454]
[ 529/454  553/454  161/454  261/454  -55/454  121/454 -119/454  133/454  -31/454  297/454  209/454  613/454  601/454  173/454  237/454]
[-115/454   25/454 -251/454  -35/454 -235/454   57/454  -67/454  301/454  253/454  697/454  725/454  337/454  441/454  129/454  309/454]
[  73/454  329/454  169/454  501/454  417/454  825/454  817/454  393/454  461/454  113/454  257/454  -15/454  205/454    9/454  305/454]
[ 185/454  557/454  513/454  961/454  993/454  609/454  717/454  409/454  593/454  361/454  621/454  465/454  801/454  721/454 1133/454]
[1129/454  709/454  781/454  437/454  585/454  317/454  541/454  349/454  649/454  533/454  909/454  869/454 1321/454 1357/454  977/454]
[1089/454  785/454  973/454  745/454 1009/454  857/454 1197/454 1121/454 1537/454 1537/454 1121/454 1197/454  857/454 1009/454  745/454]
[ 973/454  785/454 1089/454  977/454 1357/454 1321/454  869/454  909/454  533/454  649/454  349/454  541/454  317/454  585/454  437/454]
[ 781/454  709/454 1129/454 1133/454  721/454  801/454  465/454  621/454  361/454  593/454  409/454  717/454  609/454  993/454  961/454]
[ 513/454  557/454  185/454  305/454    9/454  205/454  -15/454  257/454  113/454  461/454  393/454  817/454  825/454  417/454  501/454]
[ 169/454  329/454   73/454  309/454  129/454  441/454  337/454  725/454  697/454  253/454  301/454  -67/454   57/454 -235/454  -35/454]
[-251/454   25/454 -115/454  237/454  173/454  601/454  613/454  209/454  297/454  -31/454  133/454 -119/454  121/454  -55/454  261/454]
[ 161/454  553/454  529/454   89/454  141/454 -223/454  -95/454 -383/454 -179/454 -391/454 -111/454 -247/454  109/454   49/454  481/454]
[ 497/454   97/454  189/454 -135/454   33/454 -215/454   29/454 -143/454  177/454   81/454  477/454  457/454   21/454   77/454 -283/454]
[-151/454 -435/454        0        0        0        0        0        0        0        0        0        0        0        0        0]
Testing obstruction for
m1: 29, m2: 30,a: 28
[    -1/2 -395/454    9/454   77/454 -191/454  113/454   81/454 -287/454  -83/454 -215/454  225/454  329/454   97/454  437/454  441/454]
[ 109/454  349/454  253/454  729/454  869/454  673/454 1049/454 1089/454  793/454 1069/454 1009/454 1521/454 1697/454 1537/454 1949/454]
[2025/454 1765/454 2077/454 2053/454 2601/454 2813/454 2689/454 3137/454 3249/454 3025/454 2465/454 2477/454 2153/454 2401/454 2313/454]
[1889/454 2037/454 1849/454 1325/454 1373/454 1085/454 1369/454 1317/454  929/454 1113/454  961/454  473/454  557/454  305/454  625/454]
[ 609/454  257/454  477/454  361/454  -91/454   29/454 -187/454  169/454  189/454 -127/454  129/454   49/454 -367/454 -211/454 -391/454]
[   1/454   57/454 -223/454   69/454   25/454 -355/454 -163/454 -307/454  121/454  213/454  -31/454  297/454  289/454  -55/454  173/454]
[  65/454  529/454  657/454  449/454  813/454  841/454  533/454  797/454  725/454 1225/454 1389/454 1217/454 1617/454 1681/454 1409/454]
[1709/454 1673/454 2209/454 2409/454 2273/454 2709/454 2809/454 2573/454 2909/454 2909/454 2573/454 2809/454 2709/454 2273/454 2409/454]
[2209/454 1673/454 1709/454 1409/454 1681/454 1617/454 1217/454 1389/454 1225/454  725/454  797/454  533/454  841/454  813/454  449/454]
[ 657/454  529/454   65/454  173/454  -55/454  289/454  297/454  -31/454  213/454  121/454 -307/454 -163/454 -355/454   25/454   69/454]
[-223/454   57/454    1/454 -391/454 -211/454 -367/454   49/454  129/454 -127/454  189/454  169/454 -187/454   29/454  -91/454  361/454]
[ 477/454  257/454  609/454  625/454  305/454  557/454  473/454  961/454 1113/454  929/454 1317/454 1369/454 1085/454 1373/454 1325/454]
[1849/454 2037/454 1889/454 2313/454 2401/454 2153/454 2477/454 2465/454 3025/454 3249/454 3137/454 2689/454 2813/454 2601/454 2053/454]
[2077/454 1765/454 2025/454 1949/454 1537/454 1697/454 1521/454 1009/454 1069/454  793/454 1089/454 1049/454  673/454  869/454  729/454]
[ 253/454  349/454  109/454  441/454  437/454   97/454  329/454  225/454 -215/454  -83/454 -287/454   81/454  113/454 -191/454   77/454]
[   9/454 -395/454        0        0        0        0        0        0        0        0        0        0        0        0        0]
---------------------------
SUCCESS for name = 13a1868
---------------------------
