13a2063
Correction terms
[    -1/2 -731/590  321/590  501/590 -191/590  121/118  529/590 -419/590  121/590 -211/590  -47/118   49/590 -539/590  361/590  389/590]
[ -91/118  189/590  -39/590   41/590  429/590  -11/118 -231/590  -99/590 -839/590  -91/590  -43/118  -31/590  461/590   81/590    9/590]
[  49/118 -391/590  461/590  441/590 -451/590   29/118 -131/590  -99/590  241/590 -291/590  133/118  749/590  -39/590  661/590  489/590]
[-111/118 -111/590 -539/590  521/590  709/590    5/118  829/590  761/590 -179/590  369/590    9/118   29/590  321/590 -259/590    11/10]
[ 137/118 -151/590  501/590  281/590  369/590  153/118  289/590  121/590  261/590 -471/590   57/118  169/590  361/590  861/590  489/590]
[  85/118  669/590   41/590 -279/590 -291/590    1/118  609/590  341/590  381/590  729/590   41/118  -11/590   81/590  481/590    9/590]
[ -31/118  -11/590  441/590   21/590  -91/590   21/118  609/590  241/590  181/590  429/590  -39/118 -511/590 -519/590 -219/590  389/590]
[  25/118  169/590  521/590    1/590 -211/590  -23/118  289/590 -179/590 -339/590 -191/590   53/118 -151/590 -259/590    -1/10  449/590]
[  17/118   29/590  281/590 -339/590 -651/590 -131/118 -351/590  261/590    1/590   49/590   81/118 -111/590 -319/590 -219/590  189/590]
[ -55/118 -431/590 -279/590  181/590 -231/590  -67/118 -131/590  381/590   21/590  -31/590   45/118 -391/590 -699/590 -699/590 -391/590]
[  45/118  -31/590   21/590  381/590 -131/590  -67/118 -231/590  181/590 -279/590 -431/590  -55/118  189/590 -219/590 -319/590 -111/590]
[  81/118   49/590    1/590  261/590 -351/590 -131/118 -651/590 -339/590  281/590   29/590   17/118  449/590    -1/10 -259/590 -151/590]
[  53/118 -191/590 -339/590 -179/590  289/590  -23/118 -211/590    1/590  521/590  169/590   25/118  389/590 -219/590 -519/590 -511/590]
[ -39/118  429/590  181/590  241/590  609/590   21/118  -91/590   21/590  441/590  -11/590  -31/118    9/590  481/590   81/590  -11/590]
[  41/118  729/590  381/590  341/590  609/590    1/118 -291/590 -279/590   41/590  669/590   85/118  489/590  861/590  361/590  169/590]
[  57/118 -471/590  261/590  121/590  289/590  153/118  369/590  281/590  501/590 -151/590  137/118    11/10 -259/590  321/590   29/590]
[   9/118  369/590 -179/590  761/590  829/590    5/118  709/590  521/590 -539/590 -111/590 -111/118  489/590  661/590  -39/590  749/590]
[ 133/118 -291/590  241/590  -99/590 -131/590   29/118 -451/590  441/590  461/590 -391/590   49/118    9/590   81/590  461/590  -31/590]
[ -43/118  -91/590 -839/590  -99/590 -231/590  -11/118  429/590   41/590  -39/590  189/590  -91/118  389/590  361/590 -539/590   49/590]
[ -47/118 -211/590  121/590 -419/590  529/590  121/118 -191/590  501/590  321/590 -731/590        0        0        0        0        0]
Testing obstruction for
m1: 1, m2: 148,a: 0
[     -1/2  -291/590  -279/590  -259/590  -231/590   -39/118  -151/590   -99/590   -39/590    29/590    21/118   189/590   281/590   381/590   489/590]
[  121/118   729/590   861/590  1001/590  1149/590   261/118  1469/590  1641/590  1821/590  2009/590   441/118  2409/590  2621/590  2841/590  3069/590]
[  661/118  3549/590  3801/590  4061/590  4329/590   921/118  4889/590  5181/590  5481/590  5789/590  1221/118  6429/590  6761/590  7101/590  7449/590]
[ 1561/118  8169/590  8541/590  8921/590  9309/590  1941/118 10109/590 10521/590 10941/590 11369/590  2361/118 12249/590 12701/590 13161/590    231/10]
[ 2821/118 14589/590 15081/590 15581/590 16089/590  3321/118 17129/590 17661/590 18201/590 18749/590  3861/118 19869/590 20441/590 21021/590 21609/590]
[ 4205/118 20449/590 19881/590 19321/590 18769/590  3645/118 17689/590 17161/590 16641/590 16129/590  3125/118 15129/590 14641/590 14161/590 13689/590]
[ 2645/118 12769/590 12321/590 11881/590 11449/590  2205/118 10609/590 10201/590  9801/590  9409/590  1805/118  8649/590  8281/590  7921/590  7569/590]
[ 1445/118  6889/590  6561/590  6241/590  5929/590  1125/118  5329/590  5041/590  4761/590  4489/590   845/118  3969/590  3721/590     59/10  3249/590]
[  605/118  2809/590  2601/590  2401/590  2209/590   405/118  1849/590  1681/590  1521/590  1369/590   245/118  1089/590   961/590   841/590   729/590]
[  125/118   529/590   441/590   361/590   289/590    45/118   169/590   121/590    81/590    49/590     5/118     9/590     1/590     1/590     9/590]
[    5/118    49/590    81/590   121/590   169/590    45/118   289/590   361/590   441/590   529/590   125/118   729/590   841/590   961/590  1089/590]
[  245/118  1369/590  1521/590  1681/590  1849/590   405/118  2209/590  2401/590  2601/590  2809/590   605/118  3249/590     59/10  3721/590  3969/590]
[  845/118  4489/590  4761/590  5041/590  5329/590  1125/118  5929/590  6241/590  6561/590  6889/590  1445/118  7569/590  7921/590  8281/590  8649/590]
[ 1805/118  9409/590  9801/590 10201/590 10609/590  2205/118 11449/590 11881/590 12321/590 12769/590  2645/118 13689/590 14161/590 14641/590 15129/590]
[ 3125/118 16129/590 16641/590 17161/590 17689/590  3645/118 18769/590 19321/590 19881/590 20449/590  4205/118 21609/590 21021/590 20441/590 19869/590]
[ 3861/118 18749/590 18201/590 17661/590 17129/590  3321/118 16089/590 15581/590 15081/590 14589/590  2821/118    231/10 13161/590 12701/590 12249/590]
[ 2361/118 11369/590 10941/590 10521/590 10109/590  1941/118  9309/590  8921/590  8541/590  8169/590  1561/118  7449/590  7101/590  6761/590  6429/590]
[ 1221/118  5789/590  5481/590  5181/590  4889/590   921/118  4329/590  4061/590  3801/590  3549/590   661/118  3069/590  2841/590  2621/590  2409/590]
[  441/118  2009/590  1821/590  1641/590  1469/590   261/118  1149/590  1001/590   861/590   729/590   121/118   489/590   381/590   281/590   189/590]
[   21/118    29/590   -39/590   -99/590  -151/590   -39/118  -231/590  -259/590  -279/590  -291/590         0         0         0         0         0]
Unobstructed
39
---------------------------
---------------------------
13a2070
Correction terms
[    -1/2 -227/350  317/350   57/350 -307/350    -3/14   53/350    11/50   -3/350  513/350     9/14 -167/350   37/350  137/350    19/50]
[    1/14  513/350  197/350 -223/350  -47/350     1/14    -1/50 -143/350  317/350  -27/350   -19/14 -327/350 -283/350    51/50  193/350]
[   -3/14  253/350 -223/350 -103/350  -87/350      3/2  333/350   37/350  337/350 -167/350    -3/14  -87/350    71/50  277/350  -47/350]
[    9/14 -307/350 -243/350 -283/350    39/50     1/14 -327/350  -83/350   57/350   93/350     1/14   -21/50  277/350 -103/350  113/350]
[    9/14  233/350  137/350    -9/50  333/350    -3/14  113/350  197/350  177/350   53/350     -1/2  193/350 -243/350  -83/350  -27/350]
[   -3/14 -227/350   -69/50 -143/350   93/350     9/14  253/350  177/350   -3/350   -41/50     1/14  233/350  337/350  337/350  233/350]
[    1/14   -41/50   -3/350  177/350  253/350     9/14   93/350 -143/350   -69/50 -227/350    -3/14  -27/350  -83/350 -243/350  193/350]
[    -1/2   53/350  177/350  197/350  113/350    -3/14  333/350    -9/50  137/350  233/350     9/14  113/350 -103/350  277/350   -21/50]
[    1/14   93/350   57/350  -83/350 -327/350     1/14    39/50 -283/350 -243/350 -307/350     9/14  -47/350  277/350    71/50  -87/350]
[   -3/14 -167/350  337/350   37/350  333/350      3/2  -87/350 -103/350 -223/350  253/350    -3/14  193/350    51/50 -283/350 -327/350]
[  -19/14  -27/350  317/350 -143/350    -1/50     1/14  -47/350 -223/350  197/350  513/350     1/14    19/50  137/350   37/350 -167/350]
[    9/14  513/350   -3/350    11/50   53/350    -3/14 -307/350   57/350  317/350 -227/350        0        0        0        0        0]
Testing obstruction for
m1: 1, m2: 88,a: 0
[    -1/2 -171/350 -159/350 -139/350 -111/350    -3/14  -31/350     3/50   81/350  149/350     9/14  309/350  401/350  501/350    87/50]
[   29/14  849/350  981/350 1121/350 1269/350    57/14   227/50 1761/350 1941/350 2129/350    93/14 2529/350 2741/350   423/50 3189/350]
[  137/14 3669/350 3921/350 4181/350 4449/350     27/2 5009/350 5301/350 5601/350 5909/350   249/14 6549/350   983/50 7221/350 7569/350]
[  289/14 6889/350 6561/350 6241/350   847/50   225/14 5329/350 5041/350 4761/350 4489/350   169/14   567/50 3721/350 3481/350 3249/350]
[  121/14 2809/350 2601/350   343/50 2209/350    81/14 1849/350 1681/350 1521/350 1369/350      7/2 1089/350  961/350  841/350  729/350]
[   25/14  529/350    63/50  361/350  289/350     9/14  169/350  121/350   81/350     7/50     1/14    9/350    1/350    1/350    9/350]
[    1/14     7/50   81/350  121/350  169/350     9/14  289/350  361/350    63/50  529/350    25/14  729/350  841/350  961/350 1089/350]
[     7/2 1369/350 1521/350 1681/350 1849/350    81/14 2209/350   343/50 2601/350 2809/350   121/14 3249/350 3481/350 3721/350   567/50]
[  169/14 4489/350 4761/350 5041/350 5329/350   225/14   847/50 6241/350 6561/350 6889/350   289/14 7569/350 7221/350   983/50 6549/350]
[  249/14 5909/350 5601/350 5301/350 5009/350     27/2 4449/350 4181/350 3921/350 3669/350   137/14 3189/350   423/50 2741/350 2529/350]
[   93/14 2129/350 1941/350 1761/350   227/50    57/14 1269/350 1121/350  981/350  849/350    29/14    87/50  501/350  401/350  309/350]
[    9/14  149/350   81/350     3/50  -31/350    -3/14 -111/350 -139/350 -159/350 -171/350        0        0        0        0        0]
Testing obstruction for
m1: 3, m2: 18,a: 0
Obstructed by Z^n/Q not being cyclic
Testing obstruction for
m1: 4, m2: 13,a: 0
[    -1/2 -243/350  253/350  -87/350  137/350     9/14  177/350    -1/50  373/350  617/350    29/14  697/350 1233/350  933/350    71/50]
[   25/14  617/350  473/350  193/350  477/350    -3/14    -9/50 -187/350  253/350 -143/350     1/14   57/350  -47/350   -41/50   37/350]
[    9/14  277/350  193/350  673/350  317/350      3/2  597/350 1233/350 1033/350  697/350    37/14  317/350    39/50   93/350  477/350]
[    1/14  137/350  113/350  -47/350   -49/50    -3/14   57/350   53/350  -87/350  337/350    -3/14    11/50   93/350  673/350  417/350]
[   29/14  897/350  933/350   119/50  597/350    37/14  417/350  473/350  393/350  177/350     -1/2   37/350  113/350   53/350 -143/350]
[    9/14 -243/350   -21/50 -187/350  337/350     1/14  277/350  393/350  373/350    31/50    25/14  897/350 1033/350 1033/350  897/350]
[   25/14    31/50  373/350  393/350  277/350     1/14  337/350 -187/350   -21/50 -243/350     9/14 -143/350   53/350  113/350   37/350]
[    -1/2  177/350  393/350  473/350  417/350    37/14  597/350   119/50  933/350  897/350    29/14  417/350  673/350   93/350    11/50]
[   -3/14  337/350  -87/350   53/350   57/350    -3/14   -49/50  -47/350  113/350  137/350     1/14  477/350   93/350    39/50  317/350]
[   37/14  697/350 1033/350 1233/350  597/350      3/2  317/350  673/350  193/350  277/350     9/14   37/350   -41/50  -47/350   57/350]
[    1/14 -143/350  253/350 -187/350    -9/50    -3/14  477/350  193/350  473/350  617/350    25/14    71/50  933/350 1233/350  697/350]
[   29/14  617/350  373/350    -1/50  177/350     9/14  137/350  -87/350  253/350 -243/350        0        0        0        0        0]
[-243/350, 253/350, -87/350, 137/350, 9/14, 177/350, -1/50, 373/350, 617/350, 29/14, 697/350, 1233/350, 933/350, 71/50, 25/14, 617/350, 473/350, 193/350, 477/350, -3/14, -9/50, -187/350]
47 [-243/350, 253/350, -87/350, 137/350, 9/14, 177/350, -1/50, -327/350, -83/350, 1/14, -3/350, -167/350, 233/350, 71/50, -3/14, -83/350, -227/350, 193/350, -223/350, -3/14, -9/50, 513/350]
[-243/350, 253/350, -87/350, 137/350, 9/14, 177/350, -1/50, 373/350, 617/350, 29/14, 697/350, 1233/350, 933/350, 71/50, 25/14, 617/350, 473/350, 193/350, 477/350, -3/14, -9/50, -187/350]
72 [-243/350, 253/350, -87/350, 137/350, 9/14, 177/350, -1/50, -327/350, -83/350, 1/14, -3/350, -167/350, 233/350, 71/50, -3/14, -83/350, -227/350, 193/350, -223/350, -3/14, -9/50, 513/350]
Testing obstruction for
m1: 6, m2: 13,a: 5
[    -1/2 -339/350 -131/350 -251/350    1/350    -3/14  221/350    27/50  529/350  541/350     9/14  281/350    9/350  109/350   -17/50]
[    1/14 -159/350   29/350 -111/350  121/350     1/14    43/50  249/350  569/350  561/350     9/14  261/350  -31/350     7/50 -199/350]
[   -3/14 -279/350 -111/350 -271/350  -59/350     -1/2   81/350    9/350  309/350  281/350    25/14  641/350    47/50  389/350  121/350]
[    9/14    1/350  149/350  -31/350    23/50     1/14  261/350  169/350  449/350  401/350    29/14   103/50  389/350  429/350  141/350]
[    9/14  -19/350  109/350   -13/50   81/350    -3/14  141/350   29/350  289/350  221/350      3/2  501/350  849/350  869/350  561/350]
[   25/14  361/350    67/50  249/350  401/350     9/14  421/350  289/350  529/350    63/50    29/14  681/350 1009/350 1009/350  681/350]
[   29/14    63/50  529/350  289/350  421/350     9/14  401/350  249/350    67/50  361/350    25/14  561/350  869/350  849/350  501/350]
[     3/2  221/350  289/350   29/350  141/350    -3/14   81/350   -13/50  109/350  -19/350     9/14  141/350  429/350  389/350   103/50]
[   29/14  401/350  449/350  169/350  261/350     1/14    23/50  -31/350  149/350    1/350     9/14  121/350  389/350    47/50  641/350]
[   25/14  281/350  309/350    9/350   81/350     -1/2  -59/350 -271/350 -111/350 -279/350    -3/14 -199/350     7/50  -31/350  261/350]
[    9/14  561/350  569/350  249/350    43/50     1/14  121/350 -111/350   29/350 -159/350     1/14   -17/50  109/350    9/350  281/350]
[    9/14  541/350  529/350    27/50  221/350    -3/14    1/350 -251/350 -131/350 -339/350        0        0        0        0        0]
Testing obstruction for
m1: 12, m2: 13,a: 10
[    -1/2 -327/350  -83/350 -143/350  193/350     9/14  -47/350    11/50 -103/350  113/350     1/14  333/350  337/350   37/350    19/50]
[   -3/14  113/350   -3/350  277/350  253/350    25/14    99/50  457/350  617/350  473/350    29/14  673/350 1017/350   151/50  793/350]
[   37/14  753/350  977/350  897/350  513/350      3/2  233/350  337/350  137/350  333/350     9/14  513/350    71/50  177/350  253/350]
[    1/14  193/350   57/350  317/350    39/50    -3/14  -27/350 -283/350 -143/350 -307/350    -3/14   -21/50  177/350  197/350  -87/350]
[    1/14 -167/350   37/350    -9/50  233/350     9/14  -87/350   -3/350 -223/350  -47/350     -1/2   93/350   57/350  417/350  473/350]
[    9/14  373/350    31/50  457/350  393/350    29/14  753/350  477/350  597/350    59/50    25/14  533/350  837/350  837/350  533/350]
[   25/14    59/50  597/350  477/350  753/350    29/14  393/350  457/350    31/50  373/350     9/14  473/350  417/350   57/350   93/350]
[    -1/2  -47/350 -223/350   -3/350  -87/350     9/14  233/350    -9/50   37/350 -167/350     1/14  -87/350  197/350  177/350   -21/50]
[   -3/14 -307/350 -143/350 -283/350  -27/350    -3/14    39/50  317/350   57/350  193/350     1/14  253/350  177/350    71/50  513/350]
[    9/14  333/350  137/350  337/350  233/350      3/2  513/350  897/350  977/350  753/350    37/14  793/350   151/50 1017/350  673/350]
[   29/14  473/350  617/350  457/350    99/50    25/14  253/350  277/350   -3/350  113/350    -3/14    19/50   37/350  337/350  333/350]
[    1/14  113/350 -103/350    11/50  -47/350     9/14  193/350 -143/350  -83/350 -327/350        0        0        0        0        0]
Unobstructed
26
---------------------------
---------------------------
13a2079
H_1 not cyclic will skip for now
13a2087
Correction terms
[    -1/2 -691/566  349/566 -559/566  -19/566 -295/566 -255/566  101/566 -359/566  629/566 -331/566  157/566 -171/566 -183/566  121/566]
[-391/566  545/566 -467/566  -31/566 -411/566 -475/566 -223/566 -787/566   97/566 -967/566 -583/566  117/566    1/566  201/566 -415/566]
[ 417/566 -699/566 -367/566  281/566  113/566  261/566 -407/566  373/566 -795/566 -515/566   81/566 -139/566  -43/566 -763/566  -35/566]
[-123/566  105/566 -483/566  377/566 -711/566 -351/566  325/566  185/566  361/566 -279/566  529/566 -611/566 -303/566  321/566  129/566]
[ 253/566 -439/566  317/566 -875/566 -619/566  -47/566 -291/566 -219/566 -963/566 -259/566 -371/566 -167/566  353/566   57/566   77/566]
[-719/566  -67/566 -231/566  -79/566  389/566   41/566    9/566 -839/566 -239/566 -455/566 -355/566   61/566 -339/566 -423/566 -191/566]
[ 357/566   89/566  137/566 -631/566   49/566  -87/566   93/566  589/566  269/566  265/566 -555/566   73/566 -115/566   13/566  457/566]
[  85/566   29/566 -843/566 -267/566 -507/566 -431/566  -39/566 -463/566 -571/566 -363/566  161/566 -131/566 -107/566  233/566 -243/566]
[-403/566 -247/566  225/566 -119/566 -147/566  141/566 -387/566 -599/566 -495/566  -75/566 -471/566 -551/566 -315/566  237/566  -27/566]
[  25/566  393/566  -55/566 -187/566   -3/566  497/566  181/566  181/566  497/566   -3/566 -187/566  -55/566  393/566   25/566  -27/566]
[ 237/566 -315/566 -551/566 -471/566  -75/566 -495/566 -599/566 -387/566  141/566 -147/566 -119/566  225/566 -247/566 -403/566 -243/566]
[ 233/566 -107/566 -131/566  161/566 -363/566 -571/566 -463/566  -39/566 -431/566 -507/566 -267/566 -843/566   29/566   85/566  457/566]
[  13/566 -115/566   73/566 -555/566  265/566  269/566  589/566   93/566  -87/566   49/566 -631/566  137/566   89/566  357/566 -191/566]
[-423/566 -339/566   61/566 -355/566 -455/566 -239/566 -839/566    9/566   41/566  389/566  -79/566 -231/566  -67/566 -719/566   77/566]
[  57/566  353/566 -167/566 -371/566 -259/566 -963/566 -219/566 -291/566  -47/566 -619/566 -875/566  317/566 -439/566  253/566  129/566]
[ 321/566 -303/566 -611/566  529/566 -279/566  361/566  185/566  325/566 -351/566 -711/566  377/566 -483/566  105/566 -123/566  -35/566]
[-763/566  -43/566 -139/566   81/566 -515/566 -795/566  373/566 -407/566  261/566  113/566  281/566 -367/566 -699/566  417/566 -415/566]
[ 201/566    1/566  117/566 -583/566 -967/566   97/566 -787/566 -223/566 -475/566 -411/566  -31/566 -467/566  545/566 -391/566  121/566]
[-183/566 -171/566  157/566 -331/566  629/566 -359/566  101/566 -255/566 -295/566  -19/566 -559/566  349/566 -691/566        0        0]
Testing obstruction for
m1: 1, m2: 142,a: 0
[     -1/2  -279/566  -267/566  -247/566  -219/566  -183/566  -139/566   -87/566   -27/566    41/566   117/566   201/566   293/566   393/566   501/566]
[  617/566   741/566   873/566  1013/566  1161/566  1317/566  1481/566  1653/566  1833/566  2021/566  2217/566  2421/566  2633/566  2853/566  3081/566]
[ 3317/566  3561/566  3813/566  4073/566  4341/566  4617/566  4901/566  5193/566  5493/566  5801/566  6117/566  6441/566  6773/566  7113/566  7461/566]
[ 7817/566  8181/566  8553/566  8933/566  9321/566  9717/566 10121/566 10533/566 10953/566 11381/566 11817/566 12261/566 12713/566 13173/566 13641/566]
[14117/566 14601/566 15093/566 15593/566 16101/566 16617/566 17141/566 17673/566 18213/566 18761/566 19317/566 19881/566 19321/566 18769/566 18225/566]
[17689/566 17161/566 16641/566 16129/566 15625/566 15129/566 14641/566 14161/566 13689/566 13225/566 12769/566 12321/566 11881/566 11449/566 11025/566]
[10609/566 10201/566  9801/566  9409/566  9025/566  8649/566  8281/566  7921/566  7569/566  7225/566  6889/566  6561/566  6241/566  5929/566  5625/566]
[ 5329/566  5041/566  4761/566  4489/566  4225/566  3969/566  3721/566  3481/566  3249/566  3025/566  2809/566  2601/566  2401/566  2209/566  2025/566]
[ 1849/566  1681/566  1521/566  1369/566  1225/566  1089/566   961/566   841/566   729/566   625/566   529/566   441/566   361/566   289/566   225/566]
[  169/566   121/566    81/566    49/566    25/566     9/566     1/566     1/566     9/566    25/566    49/566    81/566   121/566   169/566   225/566]
[  289/566   361/566   441/566   529/566   625/566   729/566   841/566   961/566  1089/566  1225/566  1369/566  1521/566  1681/566  1849/566  2025/566]
[ 2209/566  2401/566  2601/566  2809/566  3025/566  3249/566  3481/566  3721/566  3969/566  4225/566  4489/566  4761/566  5041/566  5329/566  5625/566]
[ 5929/566  6241/566  6561/566  6889/566  7225/566  7569/566  7921/566  8281/566  8649/566  9025/566  9409/566  9801/566 10201/566 10609/566 11025/566]
[11449/566 11881/566 12321/566 12769/566 13225/566 13689/566 14161/566 14641/566 15129/566 15625/566 16129/566 16641/566 17161/566 17689/566 18225/566]
[18769/566 19321/566 19881/566 19317/566 18761/566 18213/566 17673/566 17141/566 16617/566 16101/566 15593/566 15093/566 14601/566 14117/566 13641/566]
[13173/566 12713/566 12261/566 11817/566 11381/566 10953/566 10533/566 10121/566  9717/566  9321/566  8933/566  8553/566  8181/566  7817/566  7461/566]
[ 7113/566  6773/566  6441/566  6117/566  5801/566  5493/566  5193/566  4901/566  4617/566  4341/566  4073/566  3813/566  3561/566  3317/566  3081/566]
[ 2853/566  2633/566  2421/566  2217/566  2021/566  1833/566  1653/566  1481/566  1317/566  1161/566  1013/566   873/566   741/566   617/566   501/566]
[  393/566   293/566   201/566   117/566    41/566   -27/566   -87/566  -139/566  -183/566  -219/566  -247/566  -267/566  -279/566         0         0]
Unobstructed
54
---------------------------
---------------------------
13a2100
Correction terms
[    -1/2 -191/414 -143/414    -7/46   49/414  193/414    41/46  577/414  -11/414    29/46 -263/414   73/414    49/46   13/414  445/414]
[    9/46  577/414  277/414     1/46 -227/414 -431/414    25/46   85/414    -1/18   -11/46 -143/414  673/414    77/46  -83/414    1/414]
[   13/46  265/414  445/414   -19/46   73/414  349/414    73/46  169/414 -287/414    13/46 -275/414  193/414   -15/46 -431/414  133/414]
[  -11/46    23/18  361/414    25/46  121/414   49/414     1/46    1/414   25/414     9/46  169/414  289/414    49/46 -203/414   13/414]
[   29/46 -287/414   25/414   -51/46  -83/414  325/414    -7/46  409/414   85/414      3/2  361/414  133/414    -7/46 -227/414  469/414]
[   41/46  301/414  265/414    29/46  289/414  349/414   -43/46 -263/414 -107/414     9/46  301/414 -275/414     1/46  325/414  673/414]
[   25/46 -191/414    11/18   -11/46  409/414  121/414   -15/46  469/414  277/414    13/46  -11/414 -107/414   -19/46 -203/414 -203/414]
[  -19/46 -107/414  -11/414    13/46  277/414  469/414   -15/46  121/414  409/414   -11/46    11/18 -191/414    25/46  673/414  325/414]
[    1/46 -275/414  301/414     9/46 -107/414 -263/414   -43/46  349/414  289/414    29/46  265/414  301/414    41/46  469/414 -227/414]
[   -7/46  133/414  361/414      3/2   85/414  409/414    -7/46  325/414  -83/414   -51/46   25/414 -287/414    29/46   13/414 -203/414]
[   49/46  289/414  169/414     9/46   25/414    1/414     1/46   49/414  121/414    25/46  361/414    23/18   -11/46  133/414 -431/414]
[  -15/46  193/414 -275/414    13/46 -287/414  169/414    73/46  349/414   73/414   -19/46  445/414  265/414    13/46    1/414  -83/414]
[   77/46  673/414 -143/414   -11/46    -1/18   85/414    25/46 -431/414 -227/414     1/46  277/414  577/414     9/46  445/414   13/414]
[   49/46   73/414 -263/414    29/46  -11/414  577/414    41/46  193/414   49/414    -7/46 -143/414 -191/414        0        0        0]
Testing obstruction for
m1: 1, m2: 104,a: 0
[     -1/2  -203/414  -191/414    -19/46  -143/414  -107/414     -7/46   -11/414    49/414     13/46   193/414   277/414     41/46   469/414   577/414]
[    77/46   817/414   949/414    121/46  1237/414  1393/414    173/46  1729/414     83/18    233/46  2293/414  2497/414    301/46  2929/414  3157/414]
[   377/46  3637/414  3889/414    461/46  4417/414  4693/414    553/46  5269/414  5569/414    653/46  6193/414  6517/414    761/46  7189/414  7537/414]
[   877/46    359/18  8629/414   1001/46  9397/414  9793/414   1133/46 10609/414 10201/414   1089/46  9409/414  9025/414    961/46  8281/414  7921/414]
[   841/46  7225/414  6889/414    729/46  6241/414  5929/414    625/46  5329/414  5041/414      23/2  4489/414  4225/414    441/46  3721/414  3481/414]
[   361/46  3025/414  2809/414    289/46  2401/414  2209/414    225/46  1849/414  1681/414    169/46  1369/414  1225/414    121/46   961/414   841/414]
[    81/46   625/414     23/18     49/46   361/414   289/414     25/46   169/414   121/414      9/46    49/414    25/414      1/46     1/414     1/414]
[     1/46    25/414    49/414      9/46   121/414   169/414     25/46   289/414   361/414     49/46     23/18   625/414     81/46   841/414   961/414]
[   121/46  1225/414  1369/414    169/46  1681/414  1849/414    225/46  2209/414  2401/414    289/46  2809/414  3025/414    361/46  3481/414  3721/414]
[   441/46  4225/414  4489/414      23/2  5041/414  5329/414    625/46  5929/414  6241/414    729/46  6889/414  7225/414    841/46  7921/414  8281/414]
[   961/46  9025/414  9409/414   1089/46 10201/414 10609/414   1133/46  9793/414  9397/414   1001/46  8629/414    359/18    877/46  7537/414  7189/414]
[   761/46  6517/414  6193/414    653/46  5569/414  5269/414    553/46  4693/414  4417/414    461/46  3889/414  3637/414    377/46  3157/414  2929/414]
[   301/46  2497/414  2293/414    233/46     83/18  1729/414    173/46  1393/414  1237/414    121/46   949/414   817/414     77/46   577/414   469/414]
[    41/46   277/414   193/414     13/46    49/414   -11/414     -7/46  -107/414  -143/414    -19/46  -191/414  -203/414         0         0         0]
Unobstructed
58
---------------------------
---------------------------
