12a1279
Correction terms
[    -1/2  -43/134   29/134 -119/134 -219/134   -3/134   -7/134   37/134  129/134    1/134  -79/134 -111/134  -95/134  -31/134   81/134]
[ -27/134  -87/134  -99/134  -63/134 -247/134 -115/134   65/134   25/134   33/134   89/134  -75/134 -191/134    9/134  -11/134   17/134]
[  93/134  -51/134 -147/134 -195/134 -195/134 -147/134  -51/134   93/134   17/134  -11/134    9/134 -191/134  -75/134   89/134   33/134]
[  25/134   65/134 -115/134 -247/134  -63/134  -99/134  -87/134  -27/134   81/134  -31/134  -95/134 -111/134  -79/134    1/134  129/134]
[  37/134   -7/134   -3/134 -219/134 -119/134   29/134  -43/134        0        0        0        0        0        0        0        0]
Testing obstruction for
m1: 1, m2: 34,a: 0
[    -1/2  -63/134  -51/134  -31/134   -3/134   33/134   77/134  129/134  189/134  257/134  333/134  417/134  509/134  609/134  717/134]
[ 833/134  957/134 1089/134  961/134  841/134  729/134  625/134  529/134  441/134  361/134  289/134  225/134  169/134  121/134   81/134]
[  49/134   25/134    9/134    1/134    1/134    9/134   25/134   49/134   81/134  121/134  169/134  225/134  289/134  361/134  441/134]
[ 529/134  625/134  729/134  841/134  961/134 1089/134  957/134  833/134  717/134  609/134  509/134  417/134  333/134  257/134  189/134]
[ 129/134   77/134   33/134   -3/134  -31/134  -51/134  -63/134        0        0        0        0        0        0        0        0]
Unobstructed
18
---------------------------
---------------------------
12a1282
Correction terms
[    -1/2  -83/126 -143/126   -27/14 -131/126  -59/126    -3/14    -5/18  -83/126   -19/14  -47/126   37/126     9/14   85/126     7/18]
[   -3/14 -143/126  -47/126     1/14   25/126    1/126     -1/2 -167/126  -59/126     1/14   37/126   25/126    -3/14   -17/18    1/126]
[    9/14  121/126  121/126     9/14    1/126   -17/18    -3/14   25/126   37/126     1/14  -59/126 -167/126     -1/2    1/126   25/126]
[    1/14  -47/126 -143/126    -3/14     7/18   85/126     9/14   37/126  -47/126   -19/14  -83/126    -5/18    -3/14  -59/126 -131/126]
[  -27/14 -143/126  -83/126        0        0        0        0        0        0        0        0        0        0        0        0]
Testing obstruction for
m1: 1, m2: 32,a: 0
[   -1/2 -59/126 -47/126   -3/14   1/126  37/126    9/14   19/18 193/126   29/14 337/126 421/126   57/14 613/126  103/18]
[  93/14 961/126 841/126   81/14 625/126 529/126     7/2 361/126 289/126   25/14 169/126 121/126    9/14    7/18  25/126]
[   1/14   1/126   1/126    1/14  25/126    7/18    9/14 121/126 169/126   25/14 289/126 361/126     7/2 529/126 625/126]
[  81/14 841/126 961/126   93/14  103/18 613/126   57/14 421/126 337/126   29/14 193/126   19/18    9/14  37/126   1/126]
[  -3/14 -47/126 -59/126       0       0       0       0       0       0       0       0       0       0       0       0]
Unobstructed
5
---------------------------
---------------------------
12a1285
Correction terms
[    -1/2   13/174  -35/174   -77/58 -227/174  -23/174    11/58  -59/174   49/174     3/58 -179/174 -167/174  -101/58  109/174   25/174]
[  -69/58  109/174  -71/174   -17/58 -179/174 -107/174    55/58  -59/174  -83/174    31/58 -227/174    1/174   -89/58   13/174      5/6]
[  -73/58  -35/174    1/174   -37/58  -23/174  -83/174    19/58   49/174 -107/174   -21/58 -167/174  -71/174   -41/58   25/174   25/174]
[  -41/58  -71/174 -167/174   -21/58 -107/174   49/174    19/58  -83/174  -23/174   -37/58    1/174  -35/174   -73/58      5/6   13/174]
[  -89/58    1/174 -227/174    31/58  -83/174  -59/174    55/58 -107/174 -179/174   -17/58  -71/174  109/174   -69/58   25/174  109/174]
[ -101/58 -167/174 -179/174     3/58   49/174  -59/174    11/58  -23/174 -227/174   -77/58  -35/174   13/174        0        0        0]
Testing obstruction for
m1: 1, m2: 44,a: 0
[    -1/2  -83/174  -71/174   -17/58  -23/174   13/174    19/58  109/174  169/174    79/58  313/174  397/174   163/58  589/174  697/174]
[  271/58  937/174 1069/174   403/58 1357/174 1513/174   559/58 1849/174 1681/174   507/58 1369/174 1225/174   363/58  961/174     29/6]
[  243/58  625/174  529/174   147/58  361/174  289/174    75/58  169/174  121/174    27/58   49/174   25/174     3/58    1/174    1/174]
[    3/58   25/174   49/174    27/58  121/174  169/174    75/58  289/174  361/174   147/58  529/174  625/174   243/58     29/6  961/174]
[  363/58 1225/174 1369/174   507/58 1681/174 1849/174   559/58 1513/174 1357/174   403/58 1069/174  937/174   271/58  697/174  589/174]
[  163/58  397/174  313/174    79/58  169/174  109/174    19/58   13/174  -23/174   -17/58  -71/174  -83/174        0        0        0]
Unobstructed
23
---------------------------
---------------------------
13a17
Correction terms
[    -1/2   25/566 -183/566  225/566  117/566  625/566  617/566   93/566  185/566 -239/566  -47/566 -371/566  -79/566 -303/566   89/566]
[ -35/566  457/566  433/566 -107/566  -31/566  661/566 -295/566 -635/566 -359/566  533/566 -223/566 -363/566  113/566   73/566 -483/566]
[-423/566  253/566  413/566   57/566  317/566   61/566  421/566  265/566 -407/566 -463/566   97/566  141/566 -331/566 -187/566  573/566]
[ 817/566  545/566 -243/566 -415/566   29/566  -43/566 -631/566 -603/566   41/566  169/566 -219/566    9/566  853/566   49/566 -139/566]
[ 289/566  201/566 -403/566 -391/566  237/566  349/566  -55/566  157/566 -147/566  165/566  -39/566  373/566  269/566 -351/566 -355/566]
[ 257/566  353/566  -67/566  129/566 -191/566  105/566 -115/566  281/566  161/566  657/566  637/566  101/566  181/566 -255/566  -75/566]
[-411/566 -131/566 -367/566   13/566 -123/566  357/566  321/566  901/566 -167/566 -619/566 -455/566  325/566 -543/566 -795/566 -431/566]
[ 549/566 -119/566 -171/566  393/566  441/566  -27/566  121/566 -247/566    1/566 -267/566   81/566  -87/566  361/566  293/566 -291/566]
[-259/566  389/566  521/566  137/566  369/566   85/566  417/566  233/566 -467/566 -551/566  -19/566   -3/566 -503/566 -387/566  345/566]
[ 561/566  261/566  577/566  377/566 -339/566 -439/566   77/566   77/566 -439/566 -339/566  377/566  577/566  261/566  561/566  345/566]
[-387/566 -503/566   -3/566  -19/566 -551/566 -467/566  233/566  417/566   85/566  369/566  137/566  521/566  389/566 -259/566 -291/566]
[ 293/566  361/566  -87/566   81/566 -267/566    1/566 -247/566  121/566  -27/566  441/566  393/566 -171/566 -119/566  549/566 -431/566]
[-795/566 -543/566  325/566 -455/566 -619/566 -167/566  901/566  321/566  357/566 -123/566   13/566 -367/566 -131/566 -411/566  -75/566]
[-255/566  181/566  101/566  637/566  657/566  161/566  281/566 -115/566  105/566 -191/566  129/566  -67/566  353/566  257/566 -355/566]
[-351/566  269/566  373/566  -39/566  165/566 -147/566  157/566  -55/566  349/566  237/566 -391/566 -403/566  201/566  289/566 -139/566]
[  49/566  853/566    9/566 -219/566  169/566   41/566 -603/566 -631/566  -43/566   29/566 -415/566 -243/566  545/566  817/566  573/566]
[-187/566 -331/566  141/566   97/566 -463/566 -407/566  265/566  421/566   61/566  317/566   57/566  413/566  253/566 -423/566 -483/566]
[  73/566  113/566 -363/566 -223/566  533/566 -359/566 -635/566 -295/566  661/566  -31/566 -107/566  433/566  457/566  -35/566   89/566]
[-303/566  -79/566 -371/566  -47/566 -239/566  185/566   93/566  617/566  625/566  117/566  225/566 -183/566   25/566        0        0]
Testing obstruction for
m1: 1, m2: 142,a: 0
[     -1/2  -279/566  -267/566  -247/566  -219/566  -183/566  -139/566   -87/566   -27/566    41/566   117/566   201/566   293/566   393/566   501/566]
[  617/566   741/566   873/566  1013/566  1161/566  1317/566  1481/566  1653/566  1833/566  2021/566  2217/566  2421/566  2633/566  2853/566  3081/566]
[ 3317/566  3561/566  3813/566  4073/566  4341/566  4617/566  4901/566  5193/566  5493/566  5801/566  6117/566  6441/566  6773/566  7113/566  7461/566]
[ 7817/566  8181/566  8553/566  8933/566  9321/566  9717/566 10121/566 10533/566 10953/566 11381/566 11817/566 12261/566 12713/566 13173/566 13641/566]
[14117/566 14601/566 15093/566 15593/566 16101/566 16617/566 17141/566 17673/566 18213/566 18761/566 19317/566 19881/566 19321/566 18769/566 18225/566]
[17689/566 17161/566 16641/566 16129/566 15625/566 15129/566 14641/566 14161/566 13689/566 13225/566 12769/566 12321/566 11881/566 11449/566 11025/566]
[10609/566 10201/566  9801/566  9409/566  9025/566  8649/566  8281/566  7921/566  7569/566  7225/566  6889/566  6561/566  6241/566  5929/566  5625/566]
[ 5329/566  5041/566  4761/566  4489/566  4225/566  3969/566  3721/566  3481/566  3249/566  3025/566  2809/566  2601/566  2401/566  2209/566  2025/566]
[ 1849/566  1681/566  1521/566  1369/566  1225/566  1089/566   961/566   841/566   729/566   625/566   529/566   441/566   361/566   289/566   225/566]
[  169/566   121/566    81/566    49/566    25/566     9/566     1/566     1/566     9/566    25/566    49/566    81/566   121/566   169/566   225/566]
[  289/566   361/566   441/566   529/566   625/566   729/566   841/566   961/566  1089/566  1225/566  1369/566  1521/566  1681/566  1849/566  2025/566]
[ 2209/566  2401/566  2601/566  2809/566  3025/566  3249/566  3481/566  3721/566  3969/566  4225/566  4489/566  4761/566  5041/566  5329/566  5625/566]
[ 5929/566  6241/566  6561/566  6889/566  7225/566  7569/566  7921/566  8281/566  8649/566  9025/566  9409/566  9801/566 10201/566 10609/566 11025/566]
[11449/566 11881/566 12321/566 12769/566 13225/566 13689/566 14161/566 14641/566 15129/566 15625/566 16129/566 16641/566 17161/566 17689/566 18225/566]
[18769/566 19321/566 19881/566 19317/566 18761/566 18213/566 17673/566 17141/566 16617/566 16101/566 15593/566 15093/566 14601/566 14117/566 13641/566]
[13173/566 12713/566 12261/566 11817/566 11381/566 10953/566 10533/566 10121/566  9717/566  9321/566  8933/566  8553/566  8181/566  7817/566  7461/566]
[ 7113/566  6773/566  6441/566  6117/566  5801/566  5493/566  5193/566  4901/566  4617/566  4341/566  4073/566  3813/566  3561/566  3317/566  3081/566]
[ 2853/566  2633/566  2421/566  2217/566  2021/566  1833/566  1653/566  1481/566  1317/566  1161/566  1013/566   873/566   741/566   617/566   501/566]
[  393/566   293/566   201/566   117/566    41/566   -27/566   -87/566  -139/566  -183/566  -219/566  -247/566  -267/566  -279/566         0         0]
Testing obstruction for
m1: 4, m2: 21,a: 1
[    -1/2 -559/566 -255/566 -503/566 -171/566 -391/566  -31/566 -223/566  165/566    1/566  417/566  281/566  725/566  617/566 1089/566]
[1009/566 1509/566 1457/566 1985/566 1961/566 2517/566 2521/566 1973/566 2005/566 1485/566 1545/566 1053/566 1141/566  677/566  793/566]
[ 357/566  501/566   93/566  265/566 -115/566   85/566 -267/566  -39/566 -363/566 -107/566 -403/566 -119/566 -387/566  -75/566 -315/566]
[  25/566 -187/566  181/566   -3/566  393/566  237/566  661/566  533/566  985/566  885/566 1365/566 1293/566 1801/566 1757/566 2293/566]
[2277/566 2841/566 2853/566 2313/566 2353/566 1841/566 1909/566 1425/566 1521/566 1065/566 1189/566  761/566  913/566  513/566  693/566]
[ 321/566  529/566  185/566  421/566  105/566  369/566   81/566  373/566  113/566  433/566  201/566  549/566  345/566  721/566  545/566]
[ 949/566  801/566 1233/566 1113/566 1573/566 1481/566 1969/566 1905/566 2421/566 2385/566 2929/566 2921/566 2361/566 2381/566 1849/566]
[1897/566 1393/566 1469/566  993/566 1097/566  649/566  781/566  361/566  521/566  129/566  317/566  -47/566  169/566 -167/566   77/566]
[-231/566   41/566 -239/566   61/566 -191/566  137/566  -87/566  269/566   73/566  457/566  289/566  701/566  561/566 1001/566  889/566]
[1357/566 1273/566 1769/566 1713/566 2237/566 2209/566 2761/566 2761/566 2209/566 2237/566 1713/566 1769/566 1273/566 1357/566  889/566]
[1001/566  561/566  701/566  289/566  457/566   73/566  269/566  -87/566  137/566 -191/566   61/566 -239/566   41/566 -231/566   77/566]
[-167/566  169/566  -47/566  317/566  129/566  521/566  361/566  781/566  649/566 1097/566  993/566 1469/566 1393/566 1897/566 1849/566]
[2381/566 2361/566 2921/566 2929/566 2385/566 2421/566 1905/566 1969/566 1481/566 1573/566 1113/566 1233/566  801/566  949/566  545/566]
[ 721/566  345/566  549/566  201/566  433/566  113/566  373/566   81/566  369/566  105/566  421/566  185/566  529/566  321/566  693/566]
[ 513/566  913/566  761/566 1189/566 1065/566 1521/566 1425/566 1909/566 1841/566 2353/566 2313/566 2853/566 2841/566 2277/566 2293/566]
[1757/566 1801/566 1293/566 1365/566  885/566  985/566  533/566  661/566  237/566  393/566   -3/566  181/566 -187/566   25/566 -315/566]
[ -75/566 -387/566 -119/566 -403/566 -107/566 -363/566  -39/566 -267/566   85/566 -115/566  265/566   93/566  501/566  357/566  793/566]
[ 677/566 1141/566 1053/566 1545/566 1485/566 2005/566 1973/566 2521/566 2517/566 1961/566 1985/566 1457/566 1509/566 1009/566 1089/566]
[ 617/566  725/566  281/566  417/566    1/566  165/566 -223/566  -31/566 -391/566 -171/566 -503/566 -255/566 -559/566        0        0]
Testing obstruction for
m1: 7, m2: 12,a: 2
[    -1/2 -543/566 -191/566 -359/566   85/566    9/566  545/566  561/566   57/566  165/566 -247/566  -47/566 -367/566  -75/566 -303/566]
[  81/566  -55/566  421/566  377/566  945/566  993/566  521/566  661/566  281/566  513/566  225/566  549/566  353/566  769/566  665/566]
[1173/566 1161/566 1761/566 1841/566 1401/566 1573/566 1225/566 1489/566 1233/566 1589/566 1425/566 1873/566 1801/566 1209/566 1229/566]
[ 729/566  841/566  433/566  637/566  321/566  617/566  393/566  781/566  649/566 1129/566 1089/566  529/566  581/566  113/566  257/566]
[-119/566  117/566 -167/566  161/566  -31/566  389/566  289/566  801/566  793/566  265/566  349/566  -87/566   89/566 -255/566   13/566]
[-239/566  121/566  -39/566  413/566  345/566  889/566  913/566  417/566  533/566  129/566  337/566   25/566  325/566  105/566  497/566]
[ 369/566  853/566  817/566 1393/566 1449/566  985/566 1133/566  761/566 1001/566  721/566 1053/566  865/566 1289/566 1193/566 1709/566]
[1705/566 1181/566 1269/566  837/566 1017/566  677/566  949/566  701/566 1065/566  909/566 1365/566 1301/566  717/566  745/566  253/566]
[ 373/566  -27/566  185/566 -123/566  181/566  -35/566  361/566  237/566  725/566  693/566  141/566  201/566 -259/566 -107/566 -475/566]
[-231/566 -507/566 -171/566 -355/566   73/566  -19/566  501/566  501/566  -19/566   73/566 -355/566 -171/566 -507/566 -231/566 -475/566]
[-107/566 -259/566  201/566  141/566  693/566  725/566  237/566  361/566  -35/566  181/566 -123/566  185/566  -27/566  373/566  253/566]
[ 745/566  717/566 1301/566 1365/566  909/566 1065/566  701/566  949/566  677/566 1017/566  837/566 1269/566 1181/566 1705/566 1709/566]
[1193/566 1289/566  865/566 1053/566  721/566 1001/566  761/566 1133/566  985/566 1449/566 1393/566  817/566  853/566  369/566  497/566]
[ 105/566  325/566   25/566  337/566  129/566  533/566  417/566  913/566  889/566  345/566  413/566  -39/566  121/566 -239/566   13/566]
[-255/566   89/566  -87/566  349/566  265/566  793/566  801/566  289/566  389/566  -31/566  161/566 -167/566  117/566 -119/566  257/566]
[ 113/566  581/566  529/566 1089/566 1129/566  649/566  781/566  393/566  617/566  321/566  637/566  433/566  841/566  729/566 1229/566]
[1209/566 1801/566 1873/566 1425/566 1589/566 1233/566 1489/566 1225/566 1573/566 1401/566 1841/566 1761/566 1161/566 1173/566  665/566]
[ 769/566  353/566  549/566  225/566  513/566  281/566  661/566  521/566  993/566  945/566  377/566  421/566  -55/566   81/566 -303/566]
[ -75/566 -367/566  -47/566 -247/566  165/566   57/566  561/566  545/566    9/566   85/566 -359/566 -191/566 -543/566        0        0]
[-543/566, -191/566, -359/566, 85/566, 9/566, 545/566, 561/566, 57/566, 165/566, -247/566, -47/566, -367/566, -75/566, -303/566, 81/566, -55/566, 421/566, 377/566, 945/566, 993/566, 521/566, 661/566, 281/566, 513/566, 225/566, 549/566, 353/566, 769/566, 665/566, 1173/566, 1161/566, 1761/566, 1841/566, 1401/566, 1573/566, 1225/566, 1489/566, 1233/566, 1589/566, 1425/566, 1873/566, 1801/566, 1209/566, 1229/566, 729/566, 841/566, 433/566, 637/566, 321/566, 617/566, 393/566, 781/566, 649/566, 1129/566, 1089/566, 529/566, 581/566, 113/566, 257/566, -119/566, 117/566, -167/566, 161/566, -31/566, 389/566, 289/566, 801/566, 793/566, 265/566, 349/566, -87/566, 89/566, -255/566, 13/566, -239/566, 121/566, -39/566, 413/566, 345/566, 889/566, 913/566, 417/566, 533/566, 129/566, 337/566, 25/566, 325/566, 105/566, 497/566, 369/566, 853/566, 817/566, 1393/566, 1449/566, 985/566, 1133/566, 761/566, 1001/566, 721/566, 1053/566, 865/566, 1289/566, 1193/566, 1709/566, 1705/566, 1181/566, 1269/566, 837/566, 1017/566, 677/566, 949/566, 701/566, 1065/566, 909/566, 1365/566, 1301/566, 717/566, 745/566, 253/566, 373/566, -27/566, 185/566, -123/566, 181/566, -35/566, 361/566, 237/566, 725/566, 693/566, 141/566, 201/566, -259/566, -107/566, -475/566]
102 [-543/566, -191/566, -359/566, 85/566, 9/566, 545/566, 561/566, 57/566, 165/566, -247/566, -47/566, -367/566, -75/566, -303/566, 81/566, -55/566, 421/566, 377/566, -187/566, -139/566, 521/566, 661/566, 281/566, -619/566, 225/566, 549/566, 353/566, -363/566, -467/566, 41/566, 29/566, -503/566, -423/566, 269/566, 441/566, 93/566, 357/566, 101/566, 457/566, 293/566, -391/566, -463/566, 77/566, 97/566, -403/566, -291/566, 433/566, 637/566, 321/566, 617/566, 393/566, -351/566, -483/566, -3/566, -43/566, -603/566, -551/566, 113/566, 257/566, -119/566, 117/566, -167/566, 161/566, -31/566, 389/566, 289/566, -331/566, -339/566, 265/566, 349/566, -87/566, 89/566, -255/566, 13/566, -239/566, 121/566, -39/566, 413/566, 345/566, -243/566, -219/566, 417/566, 533/566, 129/566, -795/566, 25/566, 325/566, 105/566, -635/566, 369/566, 853/566, 817/566, 261/566, 317/566, -147/566, 1/566, -371/566, -131/566, -411/566, -79/566, -267/566, 157/566, 61/566, 577/566, 573/566, 49/566, 137/566, -295/566, -115/566, -455/566, -183/566, -431/566, -67/566, -223/566, 233/566, 169/566, -415/566, -387/566, 253/566, 373/566, -27/566, 185/566, -123/566, 181/566, -35/566, 361/566, 237/566, -407/566, -439/566, 141/566, 201/566, -259/566, -107/566, 657/566]
Testing obstruction for
m1: 6, m2: 15,a: 3
[    -1/2 -555/566 -239/566 -467/566 -107/566 -291/566  113/566  -27/566  421/566  325/566  817/566  765/566 1301/566 1293/566 1873/566]
[1909/566 1401/566 1481/566 1017/566 1141/566  721/566  889/566  513/566  725/566  393/566  649/566  361/566  661/566  417/566  761/566]
[ 561/566  949/566  793/566 1225/566 1113/566 1589/566 1521/566 2041/566 2017/566 1449/566 1469/566  945/566 1009/566  529/566  637/566]
[ 201/566  353/566  -39/566  157/566 -191/566   49/566 -255/566   29/566 -231/566   97/566 -119/566  253/566   81/566  497/566  369/566]
[ 829/566  745/566 1249/566 1209/566 1757/566 1761/566 1221/566 1269/566  773/566  865/566  413/566  549/566  141/566  321/566  -43/566]
[ 181/566 -139/566  129/566 -147/566  165/566  -67/566  289/566  101/566  501/566  357/566  801/566  701/566 1189/566 1133/566 1665/566]
[1653/566 1097/566 1129/566  617/566  693/566  225/566  345/566  -79/566   85/566 -295/566  -87/566 -423/566 -171/566 -463/566 -167/566]
[-415/566  -75/566 -279/566  105/566  -55/566  373/566  257/566  729/566  657/566 1173/566 1145/566 1705/566 1721/566 1193/566 1253/566]
[ 769/566  873/566  433/566  581/566  185/566  377/566   25/566  261/566  -47/566  233/566  -31/566  293/566   73/566  441/566  265/566]
[ 677/566  545/566 1001/566  913/566 1413/566 1369/566 1913/566 1913/566 1369/566 1413/566  913/566 1001/566  545/566  677/566  265/566]
[ 441/566   73/566  293/566  -31/566  233/566  -47/566  261/566   25/566  377/566  185/566  581/566  433/566  873/566  769/566 1253/566]
[1193/566 1721/566 1705/566 1145/566 1173/566  657/566  729/566  257/566  373/566  -55/566  105/566 -279/566  -75/566 -415/566 -167/566]
[-463/566 -171/566 -423/566  -87/566 -295/566   85/566  -79/566  345/566  225/566  693/566  617/566 1129/566 1097/566 1653/566 1665/566]
[1133/566 1189/566  701/566  801/566  357/566  501/566  101/566  289/566  -67/566  165/566 -147/566  129/566 -139/566  181/566  -43/566]
[ 321/566  141/566  549/566  413/566  865/566  773/566 1269/566 1221/566 1761/566 1757/566 1209/566 1249/566  745/566  829/566  369/566]
[ 497/566   81/566  253/566 -119/566   97/566 -231/566   29/566 -255/566   49/566 -191/566  157/566  -39/566  353/566  201/566  637/566]
[ 529/566 1009/566  945/566 1469/566 1449/566 2017/566 2041/566 1521/566 1589/566 1113/566 1225/566  793/566  949/566  561/566  761/566]
[ 417/566  661/566  361/566  649/566  393/566  725/566  513/566  889/566  721/566 1141/566 1017/566 1481/566 1401/566 1909/566 1873/566]
[1293/566 1301/566  765/566  817/566  325/566  421/566  -27/566  113/566 -291/566 -107/566 -467/566 -239/566 -555/566        0        0]
Testing obstruction for
m1: 36, m2: 37,a: 35
[    -1/2 -495/566    1/566   73/566 -279/566   77/566    9/566 -483/566 -267/566 -475/566   25/566  101/566 -247/566  113/566   49/566]
[-439/566 -219/566 -423/566   81/566  161/566 -183/566  181/566  121/566 -363/566 -139/566 -339/566  169/566  253/566  -87/566  281/566]
[ 225/566 -255/566  -27/566 -223/566  289/566  377/566   41/566  413/566  361/566 -115/566  117/566  -75/566  441/566  533/566  201/566]
[ 577/566  529/566   57/566  293/566  105/566  625/566  721/566  393/566  773/566  729/566  261/566  501/566  317/566  841/566  941/566]
[ 617/566 1001/566  961/566  497/566  741/566  561/566 1089/566 1193/566  873/566 1261/566 1225/566  765/566 1013/566  837/566 1369/566]
[1477/566 1161/566 1553/566 1521/566 1065/566 1317/566 1145/566 1681/566 1793/566 1481/566 1877/566 1849/566 1397/566 1653/566 1485/566]
[2025/566 2141/566 1833/566 2233/566 2209/566 1761/566 2021/566 1857/566 2401/566 2521/566 2217/566 2621/566 2601/566 2157/566 2421/566]
[2261/566 2809/566 2933/566 2633/566 3041/566 3025/566 2585/566 2853/566 2697/566 3249/566 3377/566 3081/566 3493/566 3481/566 3045/566]
[3317/566 3165/566 3721/566 3853/566 3561/566 3977/566 3969/566 3537/566 3813/566 3665/566 4225/566 4361/566 4073/566 4493/566 4489/566]
[4061/566 4341/566 4197/566 4761/566 4901/566 4617/566 5041/566 5041/566 4617/566 4901/566 4761/566 4197/566 4341/566 4061/566 4489/566]
[4493/566 4073/566 4361/566 4225/566 3665/566 3813/566 3537/566 3969/566 3977/566 3561/566 3853/566 3721/566 3165/566 3317/566 3045/566]
[3481/566 3493/566 3081/566 3377/566 3249/566 2697/566 2853/566 2585/566 3025/566 3041/566 2633/566 2933/566 2809/566 2261/566 2421/566]
[2157/566 2601/566 2621/566 2217/566 2521/566 2401/566 1857/566 2021/566 1761/566 2209/566 2233/566 1833/566 2141/566 2025/566 1485/566]
[1653/566 1397/566 1849/566 1877/566 1481/566 1793/566 1681/566 1145/566 1317/566 1065/566 1521/566 1553/566 1161/566 1477/566 1369/566]
[ 837/566 1013/566  765/566 1225/566 1261/566  873/566 1193/566 1089/566  561/566  741/566  497/566  961/566 1001/566  617/566  941/566]
[ 841/566  317/566  501/566  261/566  729/566  773/566  393/566  721/566  625/566  105/566  293/566   57/566  529/566  577/566  201/566]
[ 533/566  441/566  -75/566  117/566 -115/566  361/566  413/566   41/566  377/566  289/566 -223/566  -27/566 -255/566  225/566  281/566]
[ -87/566  253/566  169/566 -339/566 -139/566 -363/566  121/566  181/566 -183/566  161/566   81/566 -423/566 -219/566 -439/566   49/566]
[ 113/566 -247/566  101/566   25/566 -475/566 -267/566 -483/566    9/566   77/566 -279/566   73/566    1/566 -495/566        0        0]
---------------------------
SUCCESS for name = 13a17
---------------------------
13a25
Correction terms
[    -1/2 -223/582  -19/582  107/194 -367/582  245/582  -57/194 -451/582 -595/582 -201/194 -475/582 -211/582   63/194 -439/582  233/582]
[ -41/194 -343/582 -427/582 -125/194 -187/582  137/582  199/194   29/582  761/582  155/194  305/582  281/582  131/194 -523/582 -139/582]
[ 127/194 -127/582  665/582  143/194  329/582  365/582  179/194 -319/582  125/582 -153/194  257/582  -55/582  -77/194 -271/582 -175/582]
[  19/194 -739/582 -235/582 -253/194   17/582 -235/582 -117/194 -331/582 -175/582   39/194 -619/582  -55/582 -173/194  317/582  125/582]
[  23/194  149/582  365/582 -149/194   41/582 -499/582 -301/194   -7/582 -139/582  -45/194    5/582  281/582 -157/194   77/582 -403/582]
[-249/194  209/582  137/582   67/194  401/582  737/582   15/194  653/582  233/582  -17/194 -199/582 -211/582  -29/194  173/582  569/582]
[ -21/194  605/582  245/582    7/194  -67/582  -19/582   55/194      5/6 -223/582  123/194  -67/582 -367/582 -177/194 -559/582 -451/582]
[ -69/194  173/582 -475/582   59/194 -199/582 -439/582 -181/194 -511/582 -343/582  -13/194  401/582 -187/582  175/194  209/582   29/582]
[  -5/194   77/582 -859/582 -165/194    5/582 -523/582   83/194   -7/582 -127/582  -37/194   41/582 -835/582 -137/194  149/582 -319/582]
[ 171/194  317/582  257/582  111/194  545/582 -271/582   71/194 -331/582  425/582   51/194   17/582   17/582   51/194  425/582 -331/582]
[  71/194 -271/582  545/582  111/194  257/582  317/582  171/194 -319/582  149/582 -137/194 -835/582   41/582  -37/194 -127/582   -7/582]
[  83/194 -523/582    5/582 -165/194 -859/582   77/582   -5/194   29/582  209/582  175/194 -187/582  401/582  -13/194 -343/582 -511/582]
[-181/194 -439/582 -199/582   59/194 -475/582  173/582  -69/194 -451/582 -559/582 -177/194 -367/582  -67/582  123/194 -223/582      5/6]
[  55/194  -19/582  -67/582    7/194  245/582  605/582  -21/194  569/582  173/582  -29/194 -211/582 -199/582  -17/194  233/582  653/582]
[  15/194  737/582  401/582   67/194  137/582  209/582 -249/194 -403/582   77/582 -157/194  281/582    5/582  -45/194 -139/582   -7/582]
[-301/194 -499/582   41/582 -149/194  365/582  149/582   23/194  125/582  317/582 -173/194  -55/582 -619/582   39/194 -175/582 -331/582]
[-117/194 -235/582   17/582 -253/194 -235/582 -739/582   19/194 -175/582 -271/582  -77/194  -55/582  257/582 -153/194  125/582 -319/582]
[ 179/194  365/582  329/582  143/194  665/582 -127/582  127/194 -139/582 -523/582  131/194  281/582  305/582  155/194  761/582   29/582]
[ 199/194  137/582 -187/582 -125/194 -427/582 -343/582  -41/194  233/582 -439/582   63/194 -211/582 -475/582 -201/194 -595/582 -451/582]
[ -57/194  245/582 -367/582  107/194  -19/582 -223/582        0        0        0        0        0        0        0        0        0]
Testing obstruction for
m1: 1, m2: 146,a: 0
[     -1/2  -287/582  -275/582   -85/194  -227/582  -191/582   -49/194   -95/582   -35/582    11/194   109/582   193/582    95/194   385/582   493/582]
[  203/194   733/582   865/582   335/194  1153/582  1309/582   491/194  1645/582  1825/582   671/194  2209/582  2413/582   875/194  2845/582  3073/582]
[ 1103/194  3553/582  3805/582  1355/194  4333/582  4609/582  1631/194  5185/582  5485/582  1931/194  6109/582  6433/582  2255/194  7105/582  7453/582]
[ 2603/194  8173/582  8545/582  2975/194  9313/582  9709/582  3371/194 10525/582 10945/582  3791/194 11809/582 12253/582  4235/194 13165/582 13633/582]
[ 4703/194 14593/582 15085/582  5195/194 16093/582 16609/582  5711/194 17665/582 18205/582  6251/194 19309/582 19873/582  6815/194 21025/582 20449/582]
[ 6627/194 19321/582 18769/582  6075/194 17689/582 17161/582  5547/194 16129/582 15625/582  5043/194 14641/582 14161/582  4563/194 13225/582 12769/582]
[ 4107/194 11881/582 11449/582  3675/194 10609/582 10201/582  3267/194      97/6  9025/582  2883/194  8281/582  7921/582  2523/194  7225/582  6889/582]
[ 2187/194  6241/582  5929/582  1875/194  5329/582  5041/582  1587/194  4489/582  4225/582  1323/194  3721/582  3481/582  1083/194  3025/582  2809/582]
[  867/194  2401/582  2209/582   675/194  1849/582  1681/582   507/194  1369/582  1225/582   363/194   961/582   841/582   243/194   625/582   529/582]
[  147/194   361/582   289/582    75/194   169/582   121/582    27/194    49/582    25/582     3/194     1/582     1/582     3/194    25/582    49/582]
[   27/194   121/582   169/582    75/194   289/582   361/582   147/194   529/582   625/582   243/194   841/582   961/582   363/194  1225/582  1369/582]
[  507/194  1681/582  1849/582   675/194  2209/582  2401/582   867/194  2809/582  3025/582  1083/194  3481/582  3721/582  1323/194  4225/582  4489/582]
[ 1587/194  5041/582  5329/582  1875/194  5929/582  6241/582  2187/194  6889/582  7225/582  2523/194  7921/582  8281/582  2883/194  9025/582      97/6]
[ 3267/194 10201/582 10609/582  3675/194 11449/582 11881/582  4107/194 12769/582 13225/582  4563/194 14161/582 14641/582  5043/194 15625/582 16129/582]
[ 5547/194 17161/582 17689/582  6075/194 18769/582 19321/582  6627/194 20449/582 21025/582  6815/194 19873/582 19309/582  6251/194 18205/582 17665/582]
[ 5711/194 16609/582 16093/582  5195/194 15085/582 14593/582  4703/194 13633/582 13165/582  4235/194 12253/582 11809/582  3791/194 10945/582 10525/582]
[ 3371/194  9709/582  9313/582  2975/194  8545/582  8173/582  2603/194  7453/582  7105/582  2255/194  6433/582  6109/582  1931/194  5485/582  5185/582]
[ 1631/194  4609/582  4333/582  1355/194  3805/582  3553/582  1103/194  3073/582  2845/582   875/194  2413/582  2209/582   671/194  1825/582  1645/582]
[  491/194  1309/582  1153/582   335/194   865/582   733/582   203/194   493/582   385/582    95/194   193/582   109/582    11/194   -35/582   -95/582]
[  -49/194  -191/582  -227/582   -85/194  -275/582  -287/582         0         0         0         0         0         0         0         0         0]
Testing obstruction for
m1: 2, m2: 49,a: 0
[    -1/2 -191/582  109/582 -185/194  145/582 -119/582  -61/194  -47/582  289/582 -113/194  397/582  169/582   47/194  313/582  685/582]
[  31/194  865/582  673/582  227/194  889/582 1297/582  247/194 1549/582 1393/582  479/194 1681/582 2125/582  535/194 2449/582 2329/582]
[ 803/194 2689/582 3169/582  895/194 3565/582 3481/582 1199/194 3913/582 4429/582 1327/194 4897/582 4849/582 1667/194 5353/582 5905/582]
[1831/194 6445/582 6433/582 2207/194 7009/582 6433/582 2019/194 5881/582 5905/582 1655/194 5389/582 4849/582 1503/194 4369/582 4429/582]
[1175/194 3985/582 3481/582 1059/194 3073/582 3169/582  767/194 2797/582 2329/582  687/194 1993/582 2125/582  431/194 1825/582 1393/582]
[ 387/194 1129/582 1297/582  167/194 1069/582  673/582  159/194  481/582  685/582  -25/194  529/582  169/582    3/194   49/582  289/582]
[-145/194  205/582 -119/582  -81/194 -167/582  109/582 -193/194      1/6 -191/582  -93/194 -167/582  145/582 -169/194  205/582  -47/582]
[ -33/194   49/582  397/582  -73/194  529/582  313/582   99/194  481/582  865/582   95/194 1069/582  889/582  303/194 1129/582 1549/582]
[ 335/194 1825/582 1681/582  579/194 1993/582 2449/582  647/194 2797/582 2689/582  927/194 3073/582 3565/582 1031/194 3985/582 3913/582]
[1347/194 4369/582 4897/582 1487/194 5389/582 5353/582 1839/194 5881/582 6445/582 2015/194 7009/582 7009/582 2015/194 6445/582 5881/582]
[1839/194 5353/582 5389/582 1487/194 4897/582 4369/582 1347/194 3913/582 3985/582 1031/194 3565/582 3073/582  927/194 2689/582 2797/582]
[ 647/194 2449/582 1993/582  579/194 1681/582 1825/582  335/194 1549/582 1129/582  303/194  889/582 1069/582   95/194  865/582  481/582]
[  99/194  313/582  529/582  -73/194  397/582   49/582  -33/194  -47/582  205/582 -169/194  145/582 -167/582  -93/194 -191/582      1/6]
[-193/194  109/582 -167/582  -81/194 -119/582  205/582 -145/194  289/582   49/582    3/194  169/582  529/582  -25/194  685/582  481/582]
[ 159/194  673/582 1069/582  167/194 1297/582 1129/582  387/194 1393/582 1825/582  431/194 2125/582 1993/582  687/194 2329/582 2797/582]
[ 767/194 3169/582 3073/582 1059/194 3481/582 3985/582 1175/194 4429/582 4369/582 1503/194 4849/582 5389/582 1655/194 5905/582 5881/582]
[2019/194 6433/582 7009/582 2207/194 6433/582 6445/582 1831/194 5905/582 5353/582 1667/194 4849/582 4897/582 1327/194 4429/582 3913/582]
[1199/194 3481/582 3565/582  895/194 3169/582 2689/582  803/194 2329/582 2449/582  535/194 2125/582 1681/582  479/194 1393/582 1549/582]
[ 247/194 1297/582  889/582  227/194  673/582  865/582   31/194  685/582  313/582   47/194  169/582  397/582 -113/194  289/582  -47/582]
[ -61/194 -119/582  145/582 -185/194  109/582 -191/582        0        0        0        0        0        0        0        0        0]
Testing obstruction for
m1: 3, m2: 30,a: 1
[    -1/2 -523/582  -55/582  -17/194 -511/582 -271/582 -165/194  -19/582   -7/582 -153/194 -211/582 -427/582   19/194   77/582 -367/582]
[ -37/194 -319/582  173/582   67/194 -235/582   29/582  -57/194  329/582  365/582  -21/194  209/582   17/582  175/194  569/582  149/582]
[ 143/194  245/582  761/582  271/194  401/582  689/582  171/194 1037/582 1097/582  231/194  989/582  821/582  451/194 1421/582 1025/582]
[ 443/194 1169/582 1709/582  595/194 1397/582 1709/582  519/194 2105/582 2189/582  603/194 2129/582 1985/582  847/194 2633/582 2261/582]
[ 863/194 2453/582 3017/582 1039/194 2753/582 3089/582  987/194 3533/582 3641/582 1095/194 3629/582 3509/582 1363/194 4205/582 3857/582]
[1403/194 4097/582 3521/582 1215/194 3305/582 3665/582 1187/194 2993/582 3125/582  931/194 3161/582 3065/582  835/194 2645/582 2321/582]
[ 899/194 2609/582 2057/582  735/194 1889/582 2273/582  731/194     17/6 1805/582  499/194 1889/582 1817/582  427/194 1445/582 1145/582]
[ 515/194 1481/582  953/582  375/194  833/582 1241/582  395/194  665/582  845/582  187/194  977/582  929/582  139/194  605/582  329/582]
[ 251/194  713/582  209/582  135/194  137/582  569/582  179/194   41/582  245/582   -5/194  425/582  401/582  -29/194  125/582 -127/582]
[ 107/194  305/582 -175/582   15/194 -199/582  257/582   83/194 -223/582    5/582  -77/194  233/582  233/582  -77/194    5/582 -223/582]
[  83/194  257/582 -199/582   15/194 -175/582  305/582  107/194 -127/582  125/582  -29/194  401/582  425/582   -5/194  245/582   41/582]
[ 179/194  569/582  137/582  135/194  209/582  713/582  251/194  329/582  605/582  139/194  929/582  977/582  187/194  845/582  665/582]
[ 395/194 1241/582  833/582  375/194  953/582 1481/582  515/194 1145/582 1445/582  427/194 1817/582 1889/582  499/194 1805/582     17/6]
[ 731/194 2273/582 1889/582  735/194 2057/582 2609/582  899/194 2321/582 2645/582  835/194 3065/582 3161/582  931/194 3125/582 2993/582]
[1187/194 3665/582 3305/582 1215/194 3521/582 4097/582 1403/194 3857/582 4205/582 1363/194 3509/582 3629/582 1095/194 3641/582 3533/582]
[ 987/194 3089/582 2753/582 1039/194 3017/582 2453/582  863/194 2261/582 2633/582  847/194 1985/582 2129/582  603/194 2189/582 2105/582]
[ 519/194 1709/582 1397/582  595/194 1709/582 1169/582  443/194 1025/582 1421/582  451/194  821/582  989/582  231/194 1097/582 1037/582]
[ 171/194  689/582  401/582  271/194  761/582  245/582  143/194  149/582  569/582  175/194   17/582  209/582  -21/194  365/582  329/582]
[ -57/194   29/582 -235/582   67/194  173/582 -319/582  -37/194 -367/582   77/582   19/194 -427/582 -211/582 -153/194   -7/582  -19/582]
[-165/194 -271/582 -511/582  -17/194  -55/582 -523/582        0        0        0        0        0        0        0        0        0]
Unobstructed
28
---------------------------
---------------------------
