13a3325
Correction terms
[    -1/2  -19/350 -251/350 -171/350 -479/350   -19/14 -159/350   -33/50    9/350 -139/350     1/14 -199/350 -111/350 -411/350   -57/50]
[   -3/14 -139/350  109/350  -31/350  141/350    -3/14     3/50 -271/350 -251/350   81/350     1/14  281/350  149/350    47/50  121/350]
[    9/14  -59/350  -31/350 -391/350  261/350     -1/2  401/350 -111/350  389/350 -199/350     9/14 -439/350   -13/50 -131/350  141/350]
[    1/14  221/350   29/350  149/350   -17/50    -3/14 -419/350 -451/350 -171/350 -279/350    -3/14   -37/50 -131/350 -391/350 -339/350]
[  -27/14    1/350 -411/350    27/50 -299/350     9/14 -339/350  109/350 -531/350 -159/350     -1/2  121/350   29/350  249/350   81/350]
[    9/14  -19/350     7/50 -271/350 -279/350     1/14  -59/350  169/350    9/350    23/50    -3/14    1/350 -311/350 -311/350    1/350]
[   -3/14    23/50    9/350  169/350  -59/350     1/14 -279/350 -271/350     7/50  -19/350     9/14   81/350  249/350   29/350  121/350]
[    -1/2 -159/350 -531/350  109/350 -339/350     9/14 -299/350    27/50 -411/350    1/350   -27/14 -339/350 -391/350 -131/350   -37/50]
[   -3/14 -279/350 -171/350 -451/350 -419/350    -3/14   -17/50  149/350   29/350  221/350     1/14  141/350 -131/350   -13/50 -439/350]
[    9/14 -199/350  389/350 -111/350  401/350     -1/2  261/350 -391/350  -31/350  -59/350     9/14  121/350    47/50  149/350  281/350]
[    1/14   81/350 -251/350 -271/350     3/50    -3/14  141/350  -31/350  109/350 -139/350    -3/14   -57/50 -411/350 -111/350 -199/350]
[    1/14 -139/350    9/350   -33/50 -159/350   -19/14 -479/350 -171/350 -251/350  -19/350        0        0        0        0        0]
Testing obstruction for
m1: 1, m2: 88,a: 0
[    -1/2 -171/350 -159/350 -139/350 -111/350    -3/14  -31/350     3/50   81/350  149/350     9/14  309/350  401/350  501/350    87/50]
[   29/14  849/350  981/350 1121/350 1269/350    57/14   227/50 1761/350 1941/350 2129/350    93/14 2529/350 2741/350   423/50 3189/350]
[  137/14 3669/350 3921/350 4181/350 4449/350     27/2 5009/350 5301/350 5601/350 5909/350   249/14 6549/350   983/50 7221/350 7569/350]
[  289/14 6889/350 6561/350 6241/350   847/50   225/14 5329/350 5041/350 4761/350 4489/350   169/14   567/50 3721/350 3481/350 3249/350]
[  121/14 2809/350 2601/350   343/50 2209/350    81/14 1849/350 1681/350 1521/350 1369/350      7/2 1089/350  961/350  841/350  729/350]
[   25/14  529/350    63/50  361/350  289/350     9/14  169/350  121/350   81/350     7/50     1/14    9/350    1/350    1/350    9/350]
[    1/14     7/50   81/350  121/350  169/350     9/14  289/350  361/350    63/50  529/350    25/14  729/350  841/350  961/350 1089/350]
[     7/2 1369/350 1521/350 1681/350 1849/350    81/14 2209/350   343/50 2601/350 2809/350   121/14 3249/350 3481/350 3721/350   567/50]
[  169/14 4489/350 4761/350 5041/350 5329/350   225/14   847/50 6241/350 6561/350 6889/350   289/14 7569/350 7221/350   983/50 6549/350]
[  249/14 5909/350 5601/350 5301/350 5009/350     27/2 4449/350 4181/350 3921/350 3669/350   137/14 3189/350   423/50 2741/350 2529/350]
[   93/14 2129/350 1941/350 1761/350   227/50    57/14 1269/350 1121/350  981/350  849/350    29/14    87/50  501/350  401/350  309/350]
[    9/14  149/350   81/350     3/50  -31/350    -3/14 -111/350 -139/350 -159/350 -171/350        0        0        0        0        0]
Unobstructed
3
---------------------------
---------------------------
13a3346
Correction terms
[     -1/2   769/846  -731/846     17/94    37/846   613/846     21/94 -1235/846  -275/846    -35/94   337/846   -11/846     37/94  -323/846  -287/846]
[    49/94   169/846   589/846      1/94   121/846  -767/846     81/94  -467/846  -971/846    101/94    97/846   -23/846   -127/94   121/846   385/846]
[   -39/94  -395/846   253/846    -11/94   241/846  -419/846    -43/94   337/846    61/846     53/94  -107/846     1/846    -99/94 -1091/846  1093/846]
[    65/94  -923/846     -1/18    -19/94   397/846   -35/846     25/94  -515/846  -563/846      9/94  -275/846    61/846    -67/94  -575/846   145/846]
[   -15/94   277/846  -311/846    -23/94   589/846   385/846    -91/94   361/846   541/846    -31/94  -407/846   157/846    -31/94   -23/846   925/846]
[   -91/94  -179/846  -539/846    -23/94   817/846  -851/846    -15/94  -419/846   -11/846    -67/94  -503/846   289/846      9/94   565/846    49/846]
[    25/94  -599/846  -731/846    -19/94     23/18  -359/846   -123/94   529/846  -527/846     89/94  -563/846   457/846     53/94  -503/846  -791/846]
[   -43/94   709/846  -887/846    -11/94  -311/846   169/846    -39/94  -179/846   685/846     61/94  -587/846 -1031/846    101/94   157/846    97/846]
[  -107/94   361/846   685/846      1/94    25/846  -959/846     49/94  -851/846   241/846     37/94  -575/846  -791/846    -35/94   853/846  -671/846]
[    21/94    49/846   601/846     17/94   397/846  -359/846      -1/2   205/846  -167/846     17/94  -527/846  -515/846     21/94  -107/846   289/846]
[   -35/94  -227/846   553/846     37/94  -887/846   277/846     49/94  -395/846  -539/846      1/94  -443/846  -203/846     81/94   661/846  -407/846]
[   -87/94  -467/846   541/846     61/94  -443/846  -743/846    -39/94   733/846  -875/846    -11/94  -323/846   145/846    -43/94  -227/846   625/846]
[  -135/94  -671/846   565/846     89/94    37/846   -35/846     65/94   205/846     11/18    -19/94  -167/846   529/846     25/94 -1079/846     1/846]
[     9/94  -839/846   625/846    -67/94   553/846  -983/846    -15/94  -287/846   253/846    -23/94    25/846   949/846    -91/94  -203/846  -587/846]
[   -31/94   721/846   721/846    -31/94  -587/846  -203/846    -91/94   949/846    25/846    -23/94   253/846  -287/846    -15/94  -983/846   553/846]
[   -67/94   625/846  -839/846      9/94     1/846 -1079/846     25/94   529/846  -167/846    -19/94     11/18   205/846     65/94   -35/846    37/846]
[    89/94   565/846  -671/846   -135/94   625/846  -227/846    -43/94   145/846  -323/846    -11/94  -875/846   733/846    -39/94  -743/846  -443/846]
[    61/94   541/846  -467/846    -87/94  -407/846   661/846     81/94  -203/846  -443/846      1/94  -539/846  -395/846     49/94   277/846  -887/846]
[    37/94   553/846  -227/846    -35/94   289/846  -107/846     21/94  -515/846  -527/846     17/94  -167/846   205/846      -1/2  -359/846   397/846]
[    17/94   601/846    49/846     21/94  -671/846   853/846    -35/94  -791/846  -575/846     37/94   241/846  -851/846     49/94  -959/846    25/846]
[     1/94   685/846   361/846   -107/94    97/846   157/846    101/94 -1031/846  -587/846     61/94   685/846  -179/846    -39/94   169/846  -311/846]
[   -11/94  -887/846   709/846    -43/94  -791/846  -503/846     53/94   457/846  -563/846     89/94  -527/846   529/846   -123/94  -359/846     23/18]
[   -19/94  -731/846  -599/846     25/94    49/846   565/846      9/94   289/846  -503/846    -67/94   -11/846  -419/846    -15/94  -851/846   817/846]
[   -23/94  -539/846  -179/846    -91/94   925/846   -23/846    -31/94   157/846  -407/846    -31/94   541/846   361/846    -91/94   385/846   589/846]
[   -23/94  -311/846   277/846    -15/94   145/846  -575/846    -67/94    61/846  -275/846      9/94  -563/846  -515/846     25/94   -35/846   397/846]
[   -19/94     -1/18  -923/846     65/94  1093/846 -1091/846    -99/94     1/846  -107/846     53/94    61/846   337/846    -43/94  -419/846   241/846]
[   -11/94   253/846  -395/846    -39/94   385/846   121/846   -127/94   -23/846    97/846    101/94  -971/846  -467/846     81/94  -767/846   121/846]
[     1/94   589/846   169/846     49/94  -287/846  -323/846     37/94   -11/846   337/846    -35/94  -275/846 -1235/846     21/94   613/846    37/846]
[    17/94  -731/846   769/846         0         0         0         0         0         0         0         0         0         0         0         0]
Testing obstruction for
m1: 1, m2: 212,a: 0
[     -1/2  -419/846  -407/846    -43/94  -359/846  -323/846    -31/94  -227/846  -167/846    -11/94   -23/846    61/846     17/94   253/846   361/846]
[    53/94   601/846   733/846     97/94  1021/846  1177/846    149/94  1513/846  1693/846    209/94  2077/846  2281/846    277/94  2713/846  2941/846]
[   353/94  3421/846  3673/846    437/94  4201/846  4477/846    529/94  5053/846  5353/846    629/94  5977/846  6301/846    737/94  6973/846  7321/846]
[   853/94  8041/846    179/18    977/94  9181/846  9577/846   1109/94 10393/846 10813/846   1249/94 11677/846 12121/846   1397/94 13033/846 13501/846]
[  1553/94 14461/846 14953/846   1717/94 15961/846 16477/846   1889/94 17533/846 18073/846   2069/94 19177/846 19741/846   2257/94 20893/846 21481/846]
[  2453/94 22681/846 23293/846   2657/94 24541/846 25177/846   2869/94 26473/846 27133/846   3089/94 28477/846 29161/846   3317/94 30553/846 31261/846]
[  3553/94 32701/846 33433/846   3797/94    743/18 35677/846   4049/94 37213/846 37993/846   4309/94 39577/846 40381/846   4577/94 42013/846 42841/846]
[  4853/94 44521/846 43681/846   4761/94 42025/846 41209/846   4489/94 39601/846 38809/846   4225/94 37249/846 36481/846   3969/94 34969/846 34225/846]
[  3721/94 32761/846 32041/846   3481/94 30625/846 29929/846   3249/94 28561/846 27889/846   3025/94 26569/846 25921/846   2809/94 24649/846 24025/846]
[  2601/94 22801/846 22201/846   2401/94 21025/846 20449/846      47/2 19321/846 18769/846   2025/94 17689/846 17161/846   1849/94 16129/846 15625/846]
[  1681/94 14641/846 14161/846   1521/94 13225/846 12769/846   1369/94 11881/846 11449/846   1225/94 10609/846 10201/846   1089/94  9409/846  9025/846]
[   961/94  8281/846  7921/846    841/94  7225/846  6889/846    729/94  6241/846  5929/846    625/94  5329/846  5041/846    529/94  4489/846  4225/846]
[   441/94  3721/846  3481/846    361/94  3025/846  2809/846    289/94  2401/846     47/18    225/94  1849/846  1681/846    169/94  1369/846  1225/846]
[   121/94   961/846   841/846     81/94   625/846   529/846     49/94   361/846   289/846     25/94   169/846   121/846      9/94    49/846    25/846]
[     1/94     1/846     1/846      1/94    25/846    49/846      9/94   121/846   169/846     25/94   289/846   361/846     49/94   529/846   625/846]
[    81/94   841/846   961/846    121/94  1225/846  1369/846    169/94  1681/846  1849/846    225/94     47/18  2401/846    289/94  2809/846  3025/846]
[   361/94  3481/846  3721/846    441/94  4225/846  4489/846    529/94  5041/846  5329/846    625/94  5929/846  6241/846    729/94  6889/846  7225/846]
[   841/94  7921/846  8281/846    961/94  9025/846  9409/846   1089/94 10201/846 10609/846   1225/94 11449/846 11881/846   1369/94 12769/846 13225/846]
[  1521/94 14161/846 14641/846   1681/94 15625/846 16129/846   1849/94 17161/846 17689/846   2025/94 18769/846 19321/846      47/2 20449/846 21025/846]
[  2401/94 22201/846 22801/846   2601/94 24025/846 24649/846   2809/94 25921/846 26569/846   3025/94 27889/846 28561/846   3249/94 29929/846 30625/846]
[  3481/94 32041/846 32761/846   3721/94 34225/846 34969/846   3969/94 36481/846 37249/846   4225/94 38809/846 39601/846   4489/94 41209/846 42025/846]
[  4761/94 43681/846 44521/846   4853/94 42841/846 42013/846   4577/94 40381/846 39577/846   4309/94 37993/846 37213/846   4049/94 35677/846    743/18]
[  3797/94 33433/846 32701/846   3553/94 31261/846 30553/846   3317/94 29161/846 28477/846   3089/94 27133/846 26473/846   2869/94 25177/846 24541/846]
[  2657/94 23293/846 22681/846   2453/94 21481/846 20893/846   2257/94 19741/846 19177/846   2069/94 18073/846 17533/846   1889/94 16477/846 15961/846]
[  1717/94 14953/846 14461/846   1553/94 13501/846 13033/846   1397/94 12121/846 11677/846   1249/94 10813/846 10393/846   1109/94  9577/846  9181/846]
[   977/94    179/18  8041/846    853/94  7321/846  6973/846    737/94  6301/846  5977/846    629/94  5353/846  5053/846    529/94  4477/846  4201/846]
[   437/94  3673/846  3421/846    353/94  2941/846  2713/846    277/94  2281/846  2077/846    209/94  1693/846  1513/846    149/94  1177/846  1021/846]
[    97/94   733/846   601/846     53/94   361/846   253/846     17/94    61/846   -23/846    -11/94  -167/846  -227/846    -31/94  -323/846  -359/846]
[   -43/94  -407/846  -419/846         0         0         0         0         0         0         0         0         0         0         0         0]
Unobstructed
35
---------------------------
---------------------------
13a3354
Correction terms
[     -1/2   145/846   157/846    -43/94   205/846   241/846    -31/94   337/846   397/846    -11/94   541/846   625/846     17/94   817/846  -767/846]
[    53/94  -527/846  -395/846    -91/94  -107/846    49/846    -39/94   385/846   565/846     21/94   949/846  -539/846     89/94  -107/846   121/846]
[   -23/94   601/846  -839/846     61/94  -311/846   -35/846    -35/94   541/846  -851/846     65/94  -227/846    97/846    -15/94   769/846  -575/846]
[   101/94   145/846     11/18     37/94  -407/846   -11/846    -19/94  -887/846  -467/846    -67/94   397/846  -851/846     81/94    61/846   529/846]
[    49/94  -203/846   289/846     25/94  -395/846   121/846      9/94  -515/846    25/846      1/94  -563/846     1/846      1/94  -539/846    49/846]
[     9/94  -443/846   169/846     25/94  -275/846   361/846     49/94   -35/846   625/846   -107/94   277/846  -731/846    -67/94 -1031/846  -323/846]
[   -19/94  -575/846   157/846     37/94     -1/18   709/846    -87/94   553/846  -359/846    -15/94  -467/846   337/846   -123/94   277/846  -587/846]
[   -35/94  -599/846   253/846   -127/94   289/846  -527/846    -23/94  -443/846   457/846    -99/94   589/846  -179/846     21/94     1/846  -743/846]
[   -39/94  -515/846 -1235/846    -91/94  -959/846    37/846   -135/94   361/846  -311/846     17/94    61/846  -587/846    -11/94  -167/846  -791/846]
[   -31/94  -323/846  -923/846    -43/94  -407/846  -983/846      -1/2  -419/846  -971/846    -43/94  -359/846  -887/846    -31/94  -227/846  -731/846]
[   -11/94   -23/846  -503/846     17/94   253/846  -203/846     53/94 -1091/846   169/846    -91/94  -671/846 -1079/846    -39/94  -179/846  -563/846]
[    21/94   385/846    25/846     89/94  -671/846   685/846    -23/94    37/846  -275/846     61/94  -875/846   529/846    -35/94   -23/846  -287/846]
[    65/94  -791/846   661/846    -15/94   205/846   -11/846    101/94  -419/846     23/18     37/94   721/846   553/846    -19/94   241/846    97/846]
[   -67/94  -167/846  -287/846     81/94  -503/846  1093/846     49/94   925/846   853/846     25/94   733/846   685/846      9/94   613/846   589/846]
[     1/94   565/846   565/846      1/94   589/846   613/846      9/94   685/846   733/846     25/94   853/846   925/846     49/94  1093/846  -503/846]
[    81/94  -287/846  -167/846    -67/94    97/846   241/846    -19/94   553/846   721/846     37/94     23/18  -419/846    101/94   -11/846   205/846]
[   -15/94   661/846  -791/846     65/94  -287/846   -23/846    -35/94   529/846  -875/846     61/94  -275/846    37/846    -23/94   685/846  -671/846]
[    89/94    25/846   385/846     21/94  -563/846  -179/846    -39/94 -1079/846  -671/846    -91/94   169/846 -1091/846     53/94  -203/846   253/846]
[    17/94  -503/846   -23/846    -11/94  -731/846  -227/846    -31/94  -887/846  -359/846    -43/94  -971/846  -419/846      -1/2  -983/846  -407/846]
[   -43/94  -923/846  -323/846    -31/94  -791/846  -167/846    -11/94  -587/846    61/846     17/94  -311/846   361/846   -135/94    37/846  -959/846]
[   -91/94 -1235/846  -515/846    -39/94  -743/846     1/846     21/94  -179/846   589/846    -99/94   457/846  -443/846    -23/94  -527/846   289/846]
[  -127/94   253/846  -599/846    -35/94  -587/846   277/846   -123/94   337/846  -467/846    -15/94  -359/846   553/846    -87/94   709/846     -1/18]
[    37/94   157/846  -575/846    -19/94  -323/846 -1031/846    -67/94  -731/846   277/846   -107/94   625/846   -35/846     49/94   361/846  -275/846]
[    25/94   169/846  -443/846      9/94    49/846  -539/846      1/94     1/846  -563/846      1/94    25/846  -515/846      9/94   121/846  -395/846]
[    25/94   289/846  -203/846     49/94   529/846    61/846     81/94  -851/846   397/846    -67/94  -467/846  -887/846    -19/94   -11/846  -407/846]
[    37/94     11/18   145/846    101/94  -575/846   769/846    -15/94    97/846  -227/846     65/94  -851/846   541/846    -35/94   -35/846  -311/846]
[    61/94  -839/846   601/846    -23/94   121/846  -107/846     89/94  -539/846   949/846     21/94   565/846   385/846    -39/94    49/846  -107/846]
[   -91/94  -395/846  -527/846     53/94  -767/846   817/846     17/94   625/846   541/846    -11/94   397/846   337/846    -31/94   241/846   205/846]
[   -43/94   157/846   145/846         0         0         0         0         0         0         0         0         0         0         0         0]
Testing obstruction for
m1: 1, m2: 212,a: 0
[     -1/2  -419/846  -407/846    -43/94  -359/846  -323/846    -31/94  -227/846  -167/846    -11/94   -23/846    61/846     17/94   253/846   361/846]
[    53/94   601/846   733/846     97/94  1021/846  1177/846    149/94  1513/846  1693/846    209/94  2077/846  2281/846    277/94  2713/846  2941/846]
[   353/94  3421/846  3673/846    437/94  4201/846  4477/846    529/94  5053/846  5353/846    629/94  5977/846  6301/846    737/94  6973/846  7321/846]
[   853/94  8041/846    179/18    977/94  9181/846  9577/846   1109/94 10393/846 10813/846   1249/94 11677/846 12121/846   1397/94 13033/846 13501/846]
[  1553/94 14461/846 14953/846   1717/94 15961/846 16477/846   1889/94 17533/846 18073/846   2069/94 19177/846 19741/846   2257/94 20893/846 21481/846]
[  2453/94 22681/846 23293/846   2657/94 24541/846 25177/846   2869/94 26473/846 27133/846   3089/94 28477/846 29161/846   3317/94 30553/846 31261/846]
[  3553/94 32701/846 33433/846   3797/94    743/18 35677/846   4049/94 37213/846 37993/846   4309/94 39577/846 40381/846   4577/94 42013/846 42841/846]
[  4853/94 44521/846 43681/846   4761/94 42025/846 41209/846   4489/94 39601/846 38809/846   4225/94 37249/846 36481/846   3969/94 34969/846 34225/846]
[  3721/94 32761/846 32041/846   3481/94 30625/846 29929/846   3249/94 28561/846 27889/846   3025/94 26569/846 25921/846   2809/94 24649/846 24025/846]
[  2601/94 22801/846 22201/846   2401/94 21025/846 20449/846      47/2 19321/846 18769/846   2025/94 17689/846 17161/846   1849/94 16129/846 15625/846]
[  1681/94 14641/846 14161/846   1521/94 13225/846 12769/846   1369/94 11881/846 11449/846   1225/94 10609/846 10201/846   1089/94  9409/846  9025/846]
[   961/94  8281/846  7921/846    841/94  7225/846  6889/846    729/94  6241/846  5929/846    625/94  5329/846  5041/846    529/94  4489/846  4225/846]
[   441/94  3721/846  3481/846    361/94  3025/846  2809/846    289/94  2401/846     47/18    225/94  1849/846  1681/846    169/94  1369/846  1225/846]
[   121/94   961/846   841/846     81/94   625/846   529/846     49/94   361/846   289/846     25/94   169/846   121/846      9/94    49/846    25/846]
[     1/94     1/846     1/846      1/94    25/846    49/846      9/94   121/846   169/846     25/94   289/846   361/846     49/94   529/846   625/846]
[    81/94   841/846   961/846    121/94  1225/846  1369/846    169/94  1681/846  1849/846    225/94     47/18  2401/846    289/94  2809/846  3025/846]
[   361/94  3481/846  3721/846    441/94  4225/846  4489/846    529/94  5041/846  5329/846    625/94  5929/846  6241/846    729/94  6889/846  7225/846]
[   841/94  7921/846  8281/846    961/94  9025/846  9409/846   1089/94 10201/846 10609/846   1225/94 11449/846 11881/846   1369/94 12769/846 13225/846]
[  1521/94 14161/846 14641/846   1681/94 15625/846 16129/846   1849/94 17161/846 17689/846   2025/94 18769/846 19321/846      47/2 20449/846 21025/846]
[  2401/94 22201/846 22801/846   2601/94 24025/846 24649/846   2809/94 25921/846 26569/846   3025/94 27889/846 28561/846   3249/94 29929/846 30625/846]
[  3481/94 32041/846 32761/846   3721/94 34225/846 34969/846   3969/94 36481/846 37249/846   4225/94 38809/846 39601/846   4489/94 41209/846 42025/846]
[  4761/94 43681/846 44521/846   4853/94 42841/846 42013/846   4577/94 40381/846 39577/846   4309/94 37993/846 37213/846   4049/94 35677/846    743/18]
[  3797/94 33433/846 32701/846   3553/94 31261/846 30553/846   3317/94 29161/846 28477/846   3089/94 27133/846 26473/846   2869/94 25177/846 24541/846]
[  2657/94 23293/846 22681/846   2453/94 21481/846 20893/846   2257/94 19741/846 19177/846   2069/94 18073/846 17533/846   1889/94 16477/846 15961/846]
[  1717/94 14953/846 14461/846   1553/94 13501/846 13033/846   1397/94 12121/846 11677/846   1249/94 10813/846 10393/846   1109/94  9577/846  9181/846]
[   977/94    179/18  8041/846    853/94  7321/846  6973/846    737/94  6301/846  5977/846    629/94  5353/846  5053/846    529/94  4477/846  4201/846]
[   437/94  3673/846  3421/846    353/94  2941/846  2713/846    277/94  2281/846  2077/846    209/94  1693/846  1513/846    149/94  1177/846  1021/846]
[    97/94   733/846   601/846     53/94   361/846   253/846     17/94    61/846   -23/846    -11/94  -167/846  -227/846    -31/94  -323/846  -359/846]
[   -43/94  -407/846  -419/846         0         0         0         0         0         0         0         0         0         0         0         0]
Unobstructed
142
---------------------------
---------------------------
13a3413
Correction terms
[     -1/2  -563/846   709/846      1/94   721/846  -539/846    -43/94  -515/846   769/846      9/94  -887/846  -443/846    -31/94  -395/846  -791/846]
[    25/94  -731/846  -275/846    -11/94  -203/846  -587/846     49/94  -503/846   -35/846     17/94    61/846  -311/846     81/94  -203/846   277/846]
[    53/94   397/846    37/846    -67/94   169/846   661/846    -91/94  -887/846   457/846    -19/94   613/846  -575/846    -39/94  -407/846   949/846]
[    37/94  -563/846     -1/18     21/94   145/846  -179/846    -87/94    25/846   553/846     89/94  -923/846 -1235/846    -15/94   685/846  -467/846]
[   -23/94  -227/846  -527/846     65/94  -275/846   277/846     61/94   541/846   253/846    -35/94   529/846  1093/846    -35/94  -311/846  -587/846]
[    61/94  -287/846   289/846   -123/94 -1091/846   337/846    -23/94 -1031/846  -443/846    -15/94  -107/846  -359/846    -99/94   -11/846   589/846]
[   101/94  -743/846  -983/846     21/94     23/18     1/846     37/94   385/846   157/846    -39/94   553/846  -515/846    -19/94  -107/846  -323/846]
[   -91/94    97/846   733/846    -67/94  -527/846  -731/846     53/94  -287/846   361/846   -107/94  -875/846   625/846     17/94  -599/846    61/846]
[    49/94   541/846   361/846    -11/94  -839/846  -167/846     25/94   337/846   169/846    -31/94   685/846  -323/846      9/94   205/846    49/846]
[   -43/94   589/846  -407/846      1/94   145/846     1/846      -1/2   565/846  -419/846      1/94   157/846    25/846    -43/94 -1079/846  -359/846]
[     9/94   241/846   121/846    -31/94  -959/846  -227/846     25/94   397/846   289/846    -11/94  -767/846   -23/846     49/94   625/846   529/846]
[    17/94  -503/846   253/846     81/94   925/846  -851/846   -135/94  -167/846   601/846    -67/94  -395/846  -467/846    -91/94   241/846  -671/846]
[   -19/94    49/846   -11/846    -39/94  -971/846  -179/846     37/94   565/846     11/18     21/94  -419/846   385/846    101/94  -539/846  -575/846]
[    89/94   205/846  -671/846    -15/94   121/846    97/846    -23/94  -791/846    37/846     65/94   853/846  -851/846   -127/94   -23/846   817/846]
[   -35/94   -35/846   -35/846    -35/94   817/846   -23/846   -127/94  -851/846   853/846     65/94    37/846  -791/846    -23/94    97/846   121/846]
[   -15/94  -671/846   205/846     89/94  -575/846  -539/846    101/94   385/846  -419/846     21/94     11/18   565/846     37/94  -179/846  -971/846]
[   -39/94   -11/846    49/846    -19/94  -671/846   241/846    -91/94  -467/846  -395/846    -67/94   601/846  -167/846   -135/94  -851/846   925/846]
[    81/94   253/846  -503/846     17/94   529/846   625/846     49/94   -23/846  -767/846    -11/94   289/846   397/846     25/94  -227/846  -959/846]
[   -31/94   121/846   241/846      9/94  -359/846 -1079/846    -43/94    25/846   157/846      1/94  -419/846   565/846      -1/2     1/846   145/846]
[     1/94  -407/846   589/846    -43/94    49/846   205/846      9/94  -323/846   685/846    -31/94   169/846   337/846     25/94  -167/846  -839/846]
[   -11/94   361/846   541/846     49/94    61/846  -599/846     17/94   625/846  -875/846   -107/94   361/846  -287/846     53/94  -731/846  -527/846]
[   -67/94   733/846    97/846    -91/94  -323/846  -107/846    -19/94  -515/846   553/846    -39/94   157/846   385/846     37/94     1/846     23/18]
[    21/94  -983/846  -743/846    101/94   589/846   -11/846    -99/94  -359/846  -107/846    -15/94  -443/846 -1031/846    -23/94   337/846 -1091/846]
[  -123/94   289/846  -287/846     61/94  -587/846  -311/846    -35/94  1093/846   529/846    -35/94   253/846   541/846     61/94   277/846  -275/846]
[    65/94  -527/846  -227/846    -23/94  -467/846   685/846    -15/94 -1235/846  -923/846     89/94   553/846    25/846    -87/94  -179/846   145/846]
[    21/94     -1/18  -563/846     37/94   949/846  -407/846    -39/94  -575/846   613/846    -19/94   457/846  -887/846    -91/94   661/846   169/846]
[   -67/94    37/846   397/846     53/94   277/846  -203/846     81/94  -311/846    61/846     17/94   -35/846  -503/846     49/94  -587/846  -203/846]
[   -11/94  -275/846  -731/846     25/94  -791/846  -395/846    -31/94  -443/846  -887/846      9/94   769/846  -515/846    -43/94  -539/846   721/846]
[     1/94   709/846  -563/846         0         0         0         0         0         0         0         0         0         0         0         0]
Testing obstruction for
m1: 1, m2: 212,a: 0
[     -1/2  -419/846  -407/846    -43/94  -359/846  -323/846    -31/94  -227/846  -167/846    -11/94   -23/846    61/846     17/94   253/846   361/846]
[    53/94   601/846   733/846     97/94  1021/846  1177/846    149/94  1513/846  1693/846    209/94  2077/846  2281/846    277/94  2713/846  2941/846]
[   353/94  3421/846  3673/846    437/94  4201/846  4477/846    529/94  5053/846  5353/846    629/94  5977/846  6301/846    737/94  6973/846  7321/846]
[   853/94  8041/846    179/18    977/94  9181/846  9577/846   1109/94 10393/846 10813/846   1249/94 11677/846 12121/846   1397/94 13033/846 13501/846]
[  1553/94 14461/846 14953/846   1717/94 15961/846 16477/846   1889/94 17533/846 18073/846   2069/94 19177/846 19741/846   2257/94 20893/846 21481/846]
[  2453/94 22681/846 23293/846   2657/94 24541/846 25177/846   2869/94 26473/846 27133/846   3089/94 28477/846 29161/846   3317/94 30553/846 31261/846]
[  3553/94 32701/846 33433/846   3797/94    743/18 35677/846   4049/94 37213/846 37993/846   4309/94 39577/846 40381/846   4577/94 42013/846 42841/846]
[  4853/94 44521/846 43681/846   4761/94 42025/846 41209/846   4489/94 39601/846 38809/846   4225/94 37249/846 36481/846   3969/94 34969/846 34225/846]
[  3721/94 32761/846 32041/846   3481/94 30625/846 29929/846   3249/94 28561/846 27889/846   3025/94 26569/846 25921/846   2809/94 24649/846 24025/846]
[  2601/94 22801/846 22201/846   2401/94 21025/846 20449/846      47/2 19321/846 18769/846   2025/94 17689/846 17161/846   1849/94 16129/846 15625/846]
[  1681/94 14641/846 14161/846   1521/94 13225/846 12769/846   1369/94 11881/846 11449/846   1225/94 10609/846 10201/846   1089/94  9409/846  9025/846]
[   961/94  8281/846  7921/846    841/94  7225/846  6889/846    729/94  6241/846  5929/846    625/94  5329/846  5041/846    529/94  4489/846  4225/846]
[   441/94  3721/846  3481/846    361/94  3025/846  2809/846    289/94  2401/846     47/18    225/94  1849/846  1681/846    169/94  1369/846  1225/846]
[   121/94   961/846   841/846     81/94   625/846   529/846     49/94   361/846   289/846     25/94   169/846   121/846      9/94    49/846    25/846]
[     1/94     1/846     1/846      1/94    25/846    49/846      9/94   121/846   169/846     25/94   289/846   361/846     49/94   529/846   625/846]
[    81/94   841/846   961/846    121/94  1225/846  1369/846    169/94  1681/846  1849/846    225/94     47/18  2401/846    289/94  2809/846  3025/846]
[   361/94  3481/846  3721/846    441/94  4225/846  4489/846    529/94  5041/846  5329/846    625/94  5929/846  6241/846    729/94  6889/846  7225/846]
[   841/94  7921/846  8281/846    961/94  9025/846  9409/846   1089/94 10201/846 10609/846   1225/94 11449/846 11881/846   1369/94 12769/846 13225/846]
[  1521/94 14161/846 14641/846   1681/94 15625/846 16129/846   1849/94 17161/846 17689/846   2025/94 18769/846 19321/846      47/2 20449/846 21025/846]
[  2401/94 22201/846 22801/846   2601/94 24025/846 24649/846   2809/94 25921/846 26569/846   3025/94 27889/846 28561/846   3249/94 29929/846 30625/846]
[  3481/94 32041/846 32761/846   3721/94 34225/846 34969/846   3969/94 36481/846 37249/846   4225/94 38809/846 39601/846   4489/94 41209/846 42025/846]
[  4761/94 43681/846 44521/846   4853/94 42841/846 42013/846   4577/94 40381/846 39577/846   4309/94 37993/846 37213/846   4049/94 35677/846    743/18]
[  3797/94 33433/846 32701/846   3553/94 31261/846 30553/846   3317/94 29161/846 28477/846   3089/94 27133/846 26473/846   2869/94 25177/846 24541/846]
[  2657/94 23293/846 22681/846   2453/94 21481/846 20893/846   2257/94 19741/846 19177/846   2069/94 18073/846 17533/846   1889/94 16477/846 15961/846]
[  1717/94 14953/846 14461/846   1553/94 13501/846 13033/846   1397/94 12121/846 11677/846   1249/94 10813/846 10393/846   1109/94  9577/846  9181/846]
[   977/94    179/18  8041/846    853/94  7321/846  6973/846    737/94  6301/846  5977/846    629/94  5353/846  5053/846    529/94  4477/846  4201/846]
[   437/94  3673/846  3421/846    353/94  2941/846  2713/846    277/94  2281/846  2077/846    209/94  1693/846  1513/846    149/94  1177/846  1021/846]
[    97/94   733/846   601/846     53/94   361/846   253/846     17/94    61/846   -23/846    -11/94  -167/846  -227/846    -31/94  -323/846  -359/846]
[   -43/94  -407/846  -419/846         0         0         0         0         0         0         0         0         0         0         0         0]
Unobstructed
143
---------------------------
---------------------------
13a3417
Correction terms
[     -1/2   277/846   685/846    -99/94   625/846   157/846    -67/94    37/846   385/846     49/94   205/846  -323/846     61/94  -563/846  -275/846]
[   -31/94  -575/846   529/846    -39/94   169/846   397/846     37/94   -23/846  -671/846      9/94   541/846  -983/846     65/94   169/846  -539/846]
[    17/94   553/846 -1031/846     53/94     1/846   925/846    -15/94   205/846   253/846      1/94  -527/846   337/846    -87/94  -503/846  -515/846]
[   -91/94   277/846     23/18    -11/94   121/846    49/846    -35/94  -971/846  -227/846     25/94   385/846   253/846    -19/94  -887/846  -203/846]
[    21/94   289/846    97/846    -43/94   529/846  -539/846    -23/94  -167/846  -419/846   -107/94  -107/846 -1235/846     81/94   709/846   397/846]
[   -23/94   589/846  -599/846    -43/94  -467/846   853/846     21/94  -767/846  -323/846    -19/94  -311/846   949/846     25/94  -791/846  -407/846]
[   -35/94  -515/846   685/846    -11/94     11/18  -851/846    -91/94 -1079/846    61/846    101/94  -227/846    37/846      1/94  -311/846  -923/846]
[   -15/94   361/846   565/846   -135/94    97/846  -575/846     17/94   589/846   733/846   -123/94   145/846  -587/846      9/94   457/846   541/846]
[    37/94  -167/846  -959/846    -39/94   -35/846   -11/846    -31/94  -839/846     1/846     61/94  -887/846   769/846     49/94  -179/846 -1091/846]
[   -67/94  -407/846  -503/846     89/94   121/846  -851/846      -1/2  -287/846  -443/846     89/94    61/846   721/846    -67/94  -527/846  -743/846]
[    49/94  -359/846   241/846   -127/94   565/846   289/846    -31/94   553/846  1093/846    -39/94  -395/846  -731/846     37/94  -587/846  -107/846]
[     9/94   -23/846  -419/846     65/94  -395/846    25/846     17/94   -11/846  -467/846     53/94  -563/846  -203/846    -15/94  -359/846  -875/846]
[     1/94   601/846  -791/846    101/94   625/846    49/846    -91/94  -287/846     -1/18    -11/94  -443/846   613/846    -35/94   157/846   337/846]
[    25/94  -179/846   817/846    -19/94   241/846   361/846     21/94  -275/846   661/846    -43/94   -35/846    25/846    -23/94  -731/846   145/846]
[    81/94  -671/846  -671/846     81/94   145/846  -731/846    -23/94    25/846   -35/846    -43/94   661/846  -275/846     21/94   361/846   241/846]
[   -19/94   817/846  -179/846     25/94   337/846   157/846    -35/94   613/846  -443/846    -11/94     -1/18  -287/846    -91/94    49/846   625/846]
[   101/94  -791/846   601/846      1/94  -875/846  -359/846    -15/94  -203/846  -563/846     53/94  -467/846   -11/846     17/94    25/846  -395/846]
[    65/94  -419/846   -23/846      9/94  -107/846  -587/846     37/94  -731/846  -395/846    -39/94  1093/846   553/846    -31/94   289/846   565/846]
[  -127/94   241/846  -359/846     49/94  -743/846  -527/846    -67/94   721/846    61/846     89/94  -443/846  -287/846      -1/2  -851/846   121/846]
[    89/94  -503/846  -407/846    -67/94 -1091/846  -179/846     49/94   769/846  -887/846     61/94     1/846  -839/846    -31/94   -11/846   -35/846]
[   -39/94  -959/846  -167/846     37/94   541/846   457/846      9/94  -587/846   145/846   -123/94   733/846   589/846     17/94  -575/846    97/846]
[  -135/94   565/846   361/846    -15/94  -923/846  -311/846      1/94    37/846  -227/846    101/94    61/846 -1079/846    -91/94  -851/846     11/18]
[   -11/94   685/846  -515/846    -35/94  -407/846  -791/846     25/94   949/846  -311/846    -19/94  -323/846  -767/846     21/94   853/846  -467/846]
[   -43/94  -599/846   589/846    -23/94   397/846   709/846     81/94 -1235/846  -107/846   -107/94  -419/846  -167/846    -23/94  -539/846   529/846]
[   -43/94    97/846   289/846     21/94  -203/846  -887/846    -19/94   253/846   385/846     25/94  -227/846  -971/846    -35/94    49/846   121/846]
[   -11/94     23/18   277/846    -91/94  -515/846  -503/846    -87/94   337/846  -527/846      1/94   253/846   205/846    -15/94   925/846     1/846]
[    53/94 -1031/846   553/846     17/94  -539/846   169/846     65/94  -983/846   541/846      9/94  -671/846   -23/846     37/94   397/846   169/846]
[   -39/94   529/846  -575/846    -31/94  -275/846  -563/846     61/94  -323/846   205/846     49/94   385/846    37/846    -67/94   157/846   625/846]
[   -99/94   685/846   277/846         0         0         0         0         0         0         0         0         0         0         0         0]
Testing obstruction for
m1: 1, m2: 212,a: 0
[     -1/2  -419/846  -407/846    -43/94  -359/846  -323/846    -31/94  -227/846  -167/846    -11/94   -23/846    61/846     17/94   253/846   361/846]
[    53/94   601/846   733/846     97/94  1021/846  1177/846    149/94  1513/846  1693/846    209/94  2077/846  2281/846    277/94  2713/846  2941/846]
[   353/94  3421/846  3673/846    437/94  4201/846  4477/846    529/94  5053/846  5353/846    629/94  5977/846  6301/846    737/94  6973/846  7321/846]
[   853/94  8041/846    179/18    977/94  9181/846  9577/846   1109/94 10393/846 10813/846   1249/94 11677/846 12121/846   1397/94 13033/846 13501/846]
[  1553/94 14461/846 14953/846   1717/94 15961/846 16477/846   1889/94 17533/846 18073/846   2069/94 19177/846 19741/846   2257/94 20893/846 21481/846]
[  2453/94 22681/846 23293/846   2657/94 24541/846 25177/846   2869/94 26473/846 27133/846   3089/94 28477/846 29161/846   3317/94 30553/846 31261/846]
[  3553/94 32701/846 33433/846   3797/94    743/18 35677/846   4049/94 37213/846 37993/846   4309/94 39577/846 40381/846   4577/94 42013/846 42841/846]
[  4853/94 44521/846 43681/846   4761/94 42025/846 41209/846   4489/94 39601/846 38809/846   4225/94 37249/846 36481/846   3969/94 34969/846 34225/846]
[  3721/94 32761/846 32041/846   3481/94 30625/846 29929/846   3249/94 28561/846 27889/846   3025/94 26569/846 25921/846   2809/94 24649/846 24025/846]
[  2601/94 22801/846 22201/846   2401/94 21025/846 20449/846      47/2 19321/846 18769/846   2025/94 17689/846 17161/846   1849/94 16129/846 15625/846]
[  1681/94 14641/846 14161/846   1521/94 13225/846 12769/846   1369/94 11881/846 11449/846   1225/94 10609/846 10201/846   1089/94  9409/846  9025/846]
[   961/94  8281/846  7921/846    841/94  7225/846  6889/846    729/94  6241/846  5929/846    625/94  5329/846  5041/846    529/94  4489/846  4225/846]
[   441/94  3721/846  3481/846    361/94  3025/846  2809/846    289/94  2401/846     47/18    225/94  1849/846  1681/846    169/94  1369/846  1225/846]
[   121/94   961/846   841/846     81/94   625/846   529/846     49/94   361/846   289/846     25/94   169/846   121/846      9/94    49/846    25/846]
[     1/94     1/846     1/846      1/94    25/846    49/846      9/94   121/846   169/846     25/94   289/846   361/846     49/94   529/846   625/846]
[    81/94   841/846   961/846    121/94  1225/846  1369/846    169/94  1681/846  1849/846    225/94     47/18  2401/846    289/94  2809/846  3025/846]
[   361/94  3481/846  3721/846    441/94  4225/846  4489/846    529/94  5041/846  5329/846    625/94  5929/846  6241/846    729/94  6889/846  7225/846]
[   841/94  7921/846  8281/846    961/94  9025/846  9409/846   1089/94 10201/846 10609/846   1225/94 11449/846 11881/846   1369/94 12769/846 13225/846]
[  1521/94 14161/846 14641/846   1681/94 15625/846 16129/846   1849/94 17161/846 17689/846   2025/94 18769/846 19321/846      47/2 20449/846 21025/846]
[  2401/94 22201/846 22801/846   2601/94 24025/846 24649/846   2809/94 25921/846 26569/846   3025/94 27889/846 28561/846   3249/94 29929/846 30625/846]
[  3481/94 32041/846 32761/846   3721/94 34225/846 34969/846   3969/94 36481/846 37249/846   4225/94 38809/846 39601/846   4489/94 41209/846 42025/846]
[  4761/94 43681/846 44521/846   4853/94 42841/846 42013/846   4577/94 40381/846 39577/846   4309/94 37993/846 37213/846   4049/94 35677/846    743/18]
[  3797/94 33433/846 32701/846   3553/94 31261/846 30553/846   3317/94 29161/846 28477/846   3089/94 27133/846 26473/846   2869/94 25177/846 24541/846]
[  2657/94 23293/846 22681/846   2453/94 21481/846 20893/846   2257/94 19741/846 19177/846   2069/94 18073/846 17533/846   1889/94 16477/846 15961/846]
[  1717/94 14953/846 14461/846   1553/94 13501/846 13033/846   1397/94 12121/846 11677/846   1249/94 10813/846 10393/846   1109/94  9577/846  9181/846]
[   977/94    179/18  8041/846    853/94  7321/846  6973/846    737/94  6301/846  5977/846    629/94  5353/846  5053/846    529/94  4477/846  4201/846]
[   437/94  3673/846  3421/846    353/94  2941/846  2713/846    277/94  2281/846  2077/846    209/94  1693/846  1513/846    149/94  1177/846  1021/846]
[    97/94   733/846   601/846     53/94   361/846   253/846     17/94    61/846   -23/846    -11/94  -167/846  -227/846    -31/94  -323/846  -359/846]
[   -43/94  -407/846  -419/846         0         0         0         0         0         0         0         0         0         0         0         0]
Unobstructed
68
---------------------------
---------------------------
