13a202
Correction terms
[    -1/2    9/622  969/622   81/622 -167/622  225/622   13/622  441/622  265/622  729/622  589/622 -155/622 -259/622  277/622  209/622]
[-463/622 -495/622  113/622  117/622 -483/622 -443/622  237/622  313/622 -215/622 -103/622 -595/622 -447/622  341/622  525/622  105/622]
[ 325/622  -59/622  197/622 -151/622  141/622 -171/622  157/622 -119/622  245/622    5/622  405/622  201/622  637/622  469/622 -303/622]
[-435/622   73/622  -23/622  521/622  461/622 -203/622 -227/622  389/622  401/622 -191/622 -143/622 -699/622 -615/622  109/622  229/622]
[-255/622  -99/622  697/622 -355/622 -767/622 -539/622  329/622  593/622  253/622  553/622  249/622  585/622  317/622  689/622  457/622]
[-379/622 -575/622 -131/622  953/622  189/622   65/622  581/622  493/622 -199/622 -251/622  337/622  321/622 -299/622 -279/622  381/622]
[ 437/622 -111/622  -19/622  713/622 -403/622 -879/622 -715/622   89/622  289/622 -115/622  121/622 -247/622   25/622 -307/622    1/622]
[-295/622   49/622 -211/622  169/622  -55/622  361/622  173/622  625/622  473/622 -283/622 -399/622  125/622   45/622  605/622  561/622]
[ -87/622  -95/622  537/622  565/622  -11/622   53/622 -487/622 -387/622  353/622  489/622   21/622  193/622 -239/622  -31/622 -427/622]
[-183/622 -543/622 -263/622  657/622 -271/622 -559/622 -207/622  785/622  -71/622 -287/622  137/622  -43/622  417/622  273/622  769/622]
[ 661/622  -51/622 -123/622  445/622  409/622 -231/622 -231/622  409/622  445/622 -123/622  -51/622  661/622  769/622  273/622  417/622]
[ -43/622  137/622 -287/622  -71/622  785/622 -207/622 -559/622 -271/622  657/622 -263/622 -543/622 -183/622 -427/622  -31/622 -239/622]
[ 193/622   21/622  489/622  353/622 -387/622 -487/622   53/622  -11/622  565/622  537/622  -95/622  -87/622  561/622  605/622   45/622]
[ 125/622 -399/622 -283/622  473/622  625/622  173/622  361/622  -55/622  169/622 -211/622   49/622 -295/622    1/622 -307/622   25/622]
[-247/622  121/622 -115/622  289/622   89/622 -715/622 -879/622 -403/622  713/622  -19/622 -111/622  437/622  381/622 -279/622 -299/622]
[ 321/622  337/622 -251/622 -199/622  493/622  581/622   65/622  189/622  953/622 -131/622 -575/622 -379/622  457/622  689/622  317/622]
[ 585/622  249/622  553/622  253/622  593/622  329/622 -539/622 -767/622 -355/622  697/622  -99/622 -255/622  229/622  109/622 -615/622]
[-699/622 -143/622 -191/622  401/622  389/622 -227/622 -203/622  461/622  521/622  -23/622   73/622 -435/622 -303/622  469/622  637/622]
[ 201/622  405/622    5/622  245/622 -119/622  157/622 -171/622  141/622 -151/622  197/622  -59/622  325/622  105/622  525/622  341/622]
[-447/622 -595/622 -103/622 -215/622  313/622  237/622 -443/622 -483/622  117/622  113/622 -495/622 -463/622  209/622  277/622 -259/622]
[-155/622  589/622  729/622  265/622  441/622   13/622  225/622 -167/622   81/622  969/622    9/622        0        0        0        0]
Testing obstruction for
m1: 1, m2: 156,a: 0
[     -1/2  -307/622  -295/622  -275/622  -247/622  -211/622  -167/622  -115/622   -55/622    13/622    89/622   173/622   265/622   365/622   473/622]
[  589/622   713/622   845/622   985/622  1133/622  1289/622  1453/622  1625/622  1805/622  1993/622  2189/622  2393/622  2605/622  2825/622  3053/622]
[ 3289/622  3533/622  3785/622  4045/622  4313/622  4589/622  4873/622  5165/622  5465/622  5773/622  6089/622  6413/622  6745/622  7085/622  7433/622]
[ 7789/622  8153/622  8525/622  8905/622  9293/622  9689/622 10093/622 10505/622 10925/622 11353/622 11789/622 12233/622 12685/622 13145/622 13613/622]
[14089/622 14573/622 15065/622 15565/622 16073/622 16589/622 17113/622 17645/622 18185/622 18733/622 19289/622 19853/622 20425/622 21005/622 21593/622]
[22189/622 22793/622 23405/622 24025/622 23409/622 22801/622 22201/622 21609/622 21025/622 20449/622 19881/622 19321/622 18769/622 18225/622 17689/622]
[17161/622 16641/622 16129/622 15625/622 15129/622 14641/622 14161/622 13689/622 13225/622 12769/622 12321/622 11881/622 11449/622 11025/622 10609/622]
[10201/622  9801/622  9409/622  9025/622  8649/622  8281/622  7921/622  7569/622  7225/622  6889/622  6561/622  6241/622  5929/622  5625/622  5329/622]
[ 5041/622  4761/622  4489/622  4225/622  3969/622  3721/622  3481/622  3249/622  3025/622  2809/622  2601/622  2401/622  2209/622  2025/622  1849/622]
[ 1681/622  1521/622  1369/622  1225/622  1089/622   961/622   841/622   729/622   625/622   529/622   441/622   361/622   289/622   225/622   169/622]
[  121/622    81/622    49/622    25/622     9/622     1/622     1/622     9/622    25/622    49/622    81/622   121/622   169/622   225/622   289/622]
[  361/622   441/622   529/622   625/622   729/622   841/622   961/622  1089/622  1225/622  1369/622  1521/622  1681/622  1849/622  2025/622  2209/622]
[ 2401/622  2601/622  2809/622  3025/622  3249/622  3481/622  3721/622  3969/622  4225/622  4489/622  4761/622  5041/622  5329/622  5625/622  5929/622]
[ 6241/622  6561/622  6889/622  7225/622  7569/622  7921/622  8281/622  8649/622  9025/622  9409/622  9801/622 10201/622 10609/622 11025/622 11449/622]
[11881/622 12321/622 12769/622 13225/622 13689/622 14161/622 14641/622 15129/622 15625/622 16129/622 16641/622 17161/622 17689/622 18225/622 18769/622]
[19321/622 19881/622 20449/622 21025/622 21609/622 22201/622 22801/622 23409/622 24025/622 23405/622 22793/622 22189/622 21593/622 21005/622 20425/622]
[19853/622 19289/622 18733/622 18185/622 17645/622 17113/622 16589/622 16073/622 15565/622 15065/622 14573/622 14089/622 13613/622 13145/622 12685/622]
[12233/622 11789/622 11353/622 10925/622 10505/622 10093/622  9689/622  9293/622  8905/622  8525/622  8153/622  7789/622  7433/622  7085/622  6745/622]
[ 6413/622  6089/622  5773/622  5465/622  5165/622  4873/622  4589/622  4313/622  4045/622  3785/622  3533/622  3289/622  3053/622  2825/622  2605/622]
[ 2393/622  2189/622  1993/622  1805/622  1625/622  1453/622  1289/622  1133/622   985/622   845/622   713/622   589/622   473/622   365/622   265/622]
[  173/622    89/622    13/622   -55/622  -115/622  -167/622  -211/622  -247/622  -275/622  -295/622  -307/622         0         0         0         0]
[-307/622, -295/622, -275/622]
103 [-307/622, -295/622, 969/622]
Testing obstruction for
m1: 2, m2: 53,a: 1
[    -1/2 -619/622 -299/622 -595/622 -263/622 -547/622 -203/622 -475/622 -119/622 -379/622  -11/622 -259/622  121/622 -115/622  277/622]
[  53/622  457/622  245/622  661/622  461/622  889/622  701/622 1141/622  965/622 1417/622 1253/622 1717/622 1565/622 2041/622 1901/622]
[2389/622 2261/622 2761/622 2645/622 3157/622 3053/622 3577/622 3485/622 4021/622 3941/622 4489/622 4421/622 4981/622 4925/622 5497/622]
[5453/622 6037/622 6005/622 6601/622 6581/622 7189/622 7181/622 7801/622 7805/622 7193/622 7209/622 6609/622 6637/622 6049/622 6089/622]
[5513/622 5565/622 5001/622 5065/622 4513/622 4589/622 4049/622 4137/622 3609/622 3709/622 3193/622 3305/622 2801/622 2925/622 2433/622]
[2569/622 2089/622 2237/622 1769/622 1929/622 1473/622 1645/622 1201/622 1385/622  953/622 1149/622  729/622  937/622  529/622  749/622]
[ 353/622  585/622  201/622  445/622   73/622  329/622  -31/622  237/622 -111/622  169/622 -167/622  125/622 -199/622  105/622 -207/622]
[ 109/622 -191/622  137/622 -151/622  189/622  -87/622  265/622    1/622  365/622  113/622  489/622  249/622  637/622  409/622  809/622]
[ 593/622 1005/622  801/622 1225/622 1033/622 1469/622 1289/622 1737/622 1569/622 2029/622 1873/622 2345/622 2201/622 2685/622 2553/622]
[3049/622 2929/622 3437/622 3329/622 3849/622 3753/622 4285/622 4201/622 4745/622 4673/622 5229/622 5169/622 5737/622 5689/622 6269/622]
[6233/622 6825/622 6801/622 7405/622 7393/622 8009/622 8009/622 7393/622 7405/622 6801/622 6825/622 6233/622 6269/622 5689/622 5737/622]
[5169/622 5229/622 4673/622 4745/622 4201/622 4285/622 3753/622 3849/622 3329/622 3437/622 2929/622 3049/622 2553/622 2685/622 2201/622]
[2345/622 1873/622 2029/622 1569/622 1737/622 1289/622 1469/622 1033/622 1225/622  801/622 1005/622  593/622  809/622  409/622  637/622]
[ 249/622  489/622  113/622  365/622    1/622  265/622  -87/622  189/622 -151/622  137/622 -191/622  109/622 -207/622  105/622 -199/622]
[ 125/622 -167/622  169/622 -111/622  237/622  -31/622  329/622   73/622  445/622  201/622  585/622  353/622  749/622  529/622  937/622]
[ 729/622 1149/622  953/622 1385/622 1201/622 1645/622 1473/622 1929/622 1769/622 2237/622 2089/622 2569/622 2433/622 2925/622 2801/622]
[3305/622 3193/622 3709/622 3609/622 4137/622 4049/622 4589/622 4513/622 5065/622 5001/622 5565/622 5513/622 6089/622 6049/622 6637/622]
[6609/622 7209/622 7193/622 7805/622 7801/622 7181/622 7189/622 6581/622 6601/622 6005/622 6037/622 5453/622 5497/622 4925/622 4981/622]
[4421/622 4489/622 3941/622 4021/622 3485/622 3577/622 3053/622 3157/622 2645/622 2761/622 2261/622 2389/622 1901/622 2041/622 1565/622]
[1717/622 1253/622 1417/622  965/622 1141/622  701/622  889/622  461/622  661/622  245/622  457/622   53/622  277/622 -115/622  121/622]
[-259/622  -11/622 -379/622 -119/622 -475/622 -203/622 -547/622 -263/622 -595/622 -299/622 -619/622        0        0        0        0]
Testing obstruction for
m1: 3, m2: 32,a: 1
[    -1/2 -559/622  -59/622  -55/622 -547/622 -291/622 -531/622  -23/622  -11/622 -495/622 -231/622 -463/622   53/622   73/622 -403/622]
[-131/622 -355/622  169/622  197/622 -271/622    9/622 -207/622  325/622  361/622  -99/622  189/622  -19/622  521/622  565/622  113/622]
[ 409/622  209/622  757/622  809/622  365/622  669/622  477/622 1033/622 1093/622  657/622  969/622  785/622 1349/622 1417/622  989/622]
[1309/622 1133/622 1705/622 1781/622 1361/622 1689/622 1521/622 2101/622 2185/622 1773/622 2109/622 1949/622 2537/622 2629/622 2225/622]
[2569/622 2417/622 3013/622 3113/622 2717/622 3069/622 2925/622 3529/622 3637/622 3249/622 3609/622 3473/622 4085/622 4201/622 3821/622]
[4189/622 4061/622 4681/622 4805/622 4433/622 4809/622 4689/622 4073/622 4205/622 3841/622 4225/622 4113/622 3505/622 3645/622 3289/622]
[3681/622 3577/622 2977/622 3125/622 2777/622 3177/622 3081/622 2489/622 2645/622 2305/622 2713/622 2625/622 2041/622 2205/622 1873/622]
[2289/622 2209/622 1633/622 1805/622 1481/622 1905/622 1833/622 1265/622 1445/622 1129/622 1561/622 1497/622  937/622 1125/622  817/622]
[1257/622 1201/622  649/622  845/622  545/622  993/622  945/622  401/622  605/622  313/622  769/622  729/622  193/622  405/622  121/622]
[ 585/622  553/622   25/622  245/622  -31/622  441/622  417/622 -103/622  125/622 -143/622  337/622  321/622 -191/622   45/622 -215/622]
[ 273/622  265/622 -239/622    5/622 -247/622  249/622  249/622 -247/622    5/622 -239/622  265/622  273/622 -215/622   45/622 -191/622]
[ 321/622  337/622 -143/622  125/622 -103/622  417/622  441/622  -31/622  245/622   25/622  553/622  585/622  121/622  405/622  193/622]
[ 729/622  769/622  313/622  605/622  401/622  945/622  993/622  545/622  845/622  649/622 1201/622 1257/622  817/622 1125/622  937/622]
[1497/622 1561/622 1129/622 1445/622 1265/622 1833/622 1905/622 1481/622 1805/622 1633/622 2209/622 2289/622 1873/622 2205/622 2041/622]
[2625/622 2713/622 2305/622 2645/622 2489/622 3081/622 3177/622 2777/622 3125/622 2977/622 3577/622 3681/622 3289/622 3645/622 3505/622]
[4113/622 4225/622 3841/622 4205/622 4073/622 4689/622 4809/622 4433/622 4805/622 4681/622 4061/622 4189/622 3821/622 4201/622 4085/622]
[3473/622 3609/622 3249/622 3637/622 3529/622 2925/622 3069/622 2717/622 3113/622 3013/622 2417/622 2569/622 2225/622 2629/622 2537/622]
[1949/622 2109/622 1773/622 2185/622 2101/622 1521/622 1689/622 1361/622 1781/622 1705/622 1133/622 1309/622  989/622 1417/622 1349/622]
[ 785/622  969/622  657/622 1093/622 1033/622  477/622  669/622  365/622  809/622  757/622  209/622  409/622  113/622  565/622  521/622]
[ -19/622  189/622  -99/622  361/622  325/622 -207/622    9/622 -271/622  197/622  169/622 -355/622 -131/622 -403/622   73/622   53/622]
[-463/622 -231/622 -495/622  -11/622  -23/622 -531/622 -291/622 -547/622  -55/622  -59/622 -559/622        0        0        0        0]
[-559/622, -59/622, -55/622, -547/622]
140 [-559/622, -59/622, -55/622, 697/622]
Testing obstruction for
m1: 4, m2: 23,a: 1
[    -1/2 -615/622 -283/622 -559/622 -199/622 -447/622  -59/622 -279/622  137/622  -55/622  389/622  225/622  697/622  561/622 1061/622]
[ 953/622 1481/622 1401/622 1957/622 1905/622 2489/622 2465/622 3077/622 3081/622 2477/622 2509/622 1933/622 1993/622 1445/622 1533/622]
[1013/622 1129/622  637/622  781/622  317/622  489/622   53/622  253/622 -155/622   73/622 -307/622  -51/622 -403/622 -119/622 -443/622]
[-131/622 -427/622  -87/622 -355/622   13/622 -227/622  169/622  -43/622  381/622  197/622  649/622  493/622  973/622  845/622 1353/622]
[1253/622 1789/622 1717/622 2281/622 2237/622 2829/622 2813/622 3433/622 3445/622 2849/622 2889/622 2321/622 2389/622 1849/622 1945/622]
[1433/622 1557/622 1073/622 1225/622  769/622  949/622  521/622  729/622  329/622  565/622  193/622  457/622  113/622  405/622   89/622]
[ 409/622  121/622  469/622  209/622  585/622  353/622  757/622  553/622  985/622  809/622 1269/622 1121/622 1609/622 1489/622 2005/622]
[1913/622 2457/622 2393/622 2965/622 2929/622 3529/622 3521/622 2905/622 2925/622 2337/622 2385/622 1825/622 1901/622 1369/622 1473/622]
[ 969/622 1101/622  625/622  785/622  337/622  525/622  105/622  321/622  -71/622  173/622 -191/622   81/622 -255/622   45/622 -263/622]
[  65/622 -215/622  141/622 -111/622  273/622   49/622  461/622  265/622  705/622  537/622 1005/622  865/622 1361/622 1249/622 1773/622]
[1689/622 2241/622 2185/622 2765/622 2737/622 3345/622 3345/622 2737/622 2765/622 2185/622 2241/622 1689/622 1773/622 1249/622 1361/622]
[ 865/622 1005/622  537/622  705/622  265/622  461/622   49/622  273/622 -111/622  141/622 -215/622   65/622 -263/622   45/622 -255/622]
[  81/622 -191/622  173/622  -71/622  321/622  105/622  525/622  337/622  785/622  625/622 1101/622  969/622 1473/622 1369/622 1901/622]
[1825/622 2385/622 2337/622 2925/622 2905/622 3521/622 3529/622 2929/622 2965/622 2393/622 2457/622 1913/622 2005/622 1489/622 1609/622]
[1121/622 1269/622  809/622  985/622  553/622  757/622  353/622  585/622  209/622  469/622  121/622  409/622   89/622  405/622  113/622]
[ 457/622  193/622  565/622  329/622  729/622  521/622  949/622  769/622 1225/622 1073/622 1557/622 1433/622 1945/622 1849/622 2389/622]
[2321/622 2889/622 2849/622 3445/622 3433/622 2813/622 2829/622 2237/622 2281/622 1717/622 1789/622 1253/622 1353/622  845/622  973/622]
[ 493/622  649/622  197/622  381/622  -43/622  169/622 -227/622   13/622 -355/622  -87/622 -427/622 -131/622 -443/622 -119/622 -403/622]
[ -51/622 -307/622   73/622 -155/622  253/622   53/622  489/622  317/622  781/622  637/622 1129/622 1013/622 1533/622 1445/622 1993/622]
[1933/622 2509/622 2477/622 3081/622 3077/622 2465/622 2489/622 1905/622 1957/622 1401/622 1481/622  953/622 1061/622  561/622  697/622]
[ 225/622  389/622  -55/622  137/622 -279/622  -59/622 -447/622 -199/622 -559/622 -283/622 -615/622        0        0        0        0]
Unobstructed
57
---------------------------
---------------------------
13a213
Correction terms
[    -1/2 -583/702  125/702  -115/78  149/702 -535/702   -31/78 -487/702  245/702   -33/26  317/702 -343/702    -7/78   -19/54  509/702]
[  -67/78  629/702   -7/702    11/26  137/702 -487/702   -19/78 -319/702 -931/702   -67/78 -739/702     5/54   -37/26  281/702 -307/702]
[    5/78  -67/702 -643/702   -31/78 -379/702 -943/702   -21/26 -655/702  197/702     -7/6  509/702  -31/702    41/78  305/702 -223/702]
[    7/26  137/702 -379/702     5/78    5/702 -499/702    -7/78    -7/54 -583/702    -5/26 -151/702 -631/702   -19/78 -175/702 -643/702]
[  -19/78 -163/702 -619/702    -5/26 -115/702   -43/54    -7/78  -31/702 -463/702     5/78   89/702 -331/702     7/26  245/702 -163/702]
[   41/78  437/702   41/702      5/6 -739/702  281/702   -21/26 -475/702 -847/702   -31/78 -175/702 -535/702     5/78  161/702 -187/702]
[   15/26   -67/54  197/702   -67/78 -463/702 -787/702   -19/78  -19/702 -331/702    11/26  461/702  161/702    89/78 -427/702    53/54]
[   -7/78  125/702 -151/702    19/26 -691/702  449/702   -31/78  -67/702 -319/702    41/78 -811/702  353/702     -1/2 -115/702 -343/702]
[   41/78 -787/702  401/702   -31/78  -19/702 -223/702    19/26 -619/702  593/702    -7/78    17/54   41/702    89/78 -307/702  929/702]
[   11/26  605/702  449/702   -19/78  149/702    5/702   -67/78 -271/702   -31/54    15/26 -655/702  629/702     5/78  401/702  293/702]
[  -31/78   89/702   -7/702   -21/26 -187/702 -271/702      5/6 -427/702  905/702    41/78  773/702  713/702     7/26  605/702  557/702]
[    5/78  473/702  437/702    -7/78    29/54  353/702    -5/26  317/702  305/702   -19/78  293/702  293/702   -19/78  305/702  317/702]
[   -5/26  353/702    29/54    -7/78  437/702  473/702     5/78  557/702  605/702     7/26  713/702  773/702    41/78  905/702 -427/702]
[     5/6 -271/702 -187/702   -21/26   -7/702   89/702   -31/78  293/702  401/702     5/78  629/702 -655/702    15/26   -31/54 -271/702]
[  -67/78    5/702  149/702   -19/78  449/702  605/702    11/26  929/702 -307/702    89/78   41/702    17/54    -7/78  593/702 -619/702]
[   19/26 -223/702  -19/702   -31/78  401/702 -787/702    41/78 -343/702 -115/702     -1/2  353/702 -811/702    41/78 -319/702  -67/702]
[  -31/78  449/702 -691/702    19/26 -151/702  125/702    -7/78    53/54 -427/702    89/78  161/702  461/702    11/26 -331/702  -19/702]
[  -19/78 -787/702 -463/702   -67/78  197/702   -67/54    15/26 -187/702  161/702     5/78 -535/702 -175/702   -31/78 -847/702 -475/702]
[  -21/26  281/702 -739/702      5/6   41/702  437/702    41/78 -163/702  245/702     7/26 -331/702   89/702     5/78 -463/702  -31/702]
[   -7/78   -43/54 -115/702    -5/26 -619/702 -163/702   -19/78 -643/702 -175/702   -19/78 -631/702 -151/702    -5/26 -583/702    -7/54]
[   -7/78 -499/702    5/702     5/78 -379/702  137/702     7/26 -223/702  305/702    41/78  -31/702  509/702     -7/6  197/702 -655/702]
[  -21/26 -943/702 -379/702   -31/78 -643/702  -67/702     5/78 -307/702  281/702   -37/26     5/54 -739/702   -67/78 -931/702 -319/702]
[  -19/78 -487/702  137/702    11/26   -7/702  629/702   -67/78  509/702   -19/54    -7/78 -343/702  317/702   -33/26  245/702 -487/702]
[  -31/78 -535/702  149/702  -115/78  125/702 -583/702        0        0        0        0        0        0        0        0        0]
Testing obstruction for
m1: 1, m2: 176,a: 0
[     -1/2  -347/702  -335/702    -35/78  -287/702  -251/702    -23/78  -155/702   -95/702     -1/26    49/702   133/702     25/78     25/54   433/702]
[    61/78   673/702   805/702     35/26  1093/702  1249/702    157/78  1585/702  1765/702    217/78  2149/702    181/54     95/26  2785/702  3013/702]
[   361/78  3493/702  3745/702    445/78  4273/702  4549/702    179/26  5125/702  5425/702      49/6  6049/702  6373/702    745/78  7045/702  7393/702]
[   287/26  8113/702  8485/702    985/78  9253/702  9649/702   1117/78    805/54 10885/702    419/26 11749/702 12193/702   1405/78 13105/702 13573/702]
[  1561/78 14533/702 15025/702    575/26 16033/702   1273/54   1897/78 17605/702 18145/702   2077/78 19249/702 19813/702    755/26 20965/702 21553/702]
[  2461/78 22753/702 23365/702     205/6 24613/702 25249/702    959/26 26545/702 27205/702   3097/78 28549/702 29233/702   3325/78 30625/702 29929/702]
[  1083/26   2197/54 27889/702   3025/78 26569/702 25921/702   2809/78 24649/702 24025/702    867/26 22801/702 22201/702   2401/78 21025/702   1573/54]
[  2209/78 19321/702 18769/702    675/26 17689/702 17161/702   1849/78 16129/702 15625/702   1681/78 14641/702 14161/702      39/2 13225/702 12769/702]
[  1369/78 11881/702 11449/702   1225/78 10609/702 10201/702    363/26  9409/702  9025/702    961/78    637/54  7921/702    841/78  7225/702  6889/702]
[   243/26  6241/702  5929/702    625/78  5329/702  5041/702    529/78  4489/702    325/54    147/26  3721/702  3481/702    361/78  3025/702  2809/702]
[   289/78  2401/702  2209/702     75/26  1849/702  1681/702      13/6  1369/702  1225/702    121/78   961/702   841/702     27/26   625/702   529/702]
[    49/78   361/702   289/702     25/78     13/54   121/702      3/26    49/702    25/702      1/78     1/702     1/702      1/78    25/702    49/702]
[     3/26   121/702     13/54     25/78   289/702   361/702     49/78   529/702   625/702     27/26   841/702   961/702    121/78  1225/702  1369/702]
[     13/6  1681/702  1849/702     75/26  2209/702  2401/702    289/78  2809/702  3025/702    361/78  3481/702  3721/702    147/26    325/54  4489/702]
[   529/78  5041/702  5329/702    625/78  5929/702  6241/702    243/26  6889/702  7225/702    841/78  7921/702    637/54    961/78  9025/702  9409/702]
[   363/26 10201/702 10609/702   1225/78 11449/702 11881/702   1369/78 12769/702 13225/702      39/2 14161/702 14641/702   1681/78 15625/702 16129/702]
[  1849/78 17161/702 17689/702    675/26 18769/702 19321/702   2209/78   1573/54 21025/702   2401/78 22201/702 22801/702    867/26 24025/702 24649/702]
[  2809/78 25921/702 26569/702   3025/78 27889/702   2197/54   1083/26 29929/702 30625/702   3325/78 29233/702 28549/702   3097/78 27205/702 26545/702]
[   959/26 25249/702 24613/702     205/6 23365/702 22753/702   2461/78 21553/702 20965/702    755/26 19813/702 19249/702   2077/78 18145/702 17605/702]
[  1897/78   1273/54 16033/702    575/26 15025/702 14533/702   1561/78 13573/702 13105/702   1405/78 12193/702 11749/702    419/26 10885/702    805/54]
[  1117/78  9649/702  9253/702    985/78  8485/702  8113/702    287/26  7393/702  7045/702    745/78  6373/702  6049/702      49/6  5425/702  5125/702]
[   179/26  4549/702  4273/702    445/78  3745/702  3493/702    361/78  3013/702  2785/702     95/26    181/54  2149/702    217/78  1765/702  1585/702]
[   157/78  1249/702  1093/702     35/26   805/702   673/702     61/78   433/702     25/54     25/78   133/702    49/702     -1/26   -95/702  -155/702]
[   -23/78  -251/702  -287/702    -35/78  -335/702  -347/702         0         0         0         0         0         0         0         0         0]
Testing obstruction for
m1: 2, m2: 59,a: 0
Obstructed by Z^n/Q not being cyclic
Testing obstruction for
m1: 5, m2: 20,a: 0
Obstructed by Z^n/Q not being cyclic
Testing obstruction for
m1: 7, m2: 14,a: 0
[    -1/2 -623/702  -35/702     1/78  913/702 1273/702   277/78 3169/702 1897/702    55/26  529/702  433/702   -23/78     1/54 -311/702]
[   25/78  217/702 1069/702    51/26 2545/702 3169/702   205/78 1381/702  373/702    25/78 -467/702   -23/54   -25/26 -191/702 -251/702]
[   61/78  805/702 1921/702   277/78 2521/702 2005/702    35/26  745/702    1/702      1/6 -311/702  121/702     1/78  757/702  961/702]
[   75/26 2545/702 2521/702   217/78  841/702  589/702   -23/78   -11/54 -623/702    -9/26 -407/702  289/702    49/78 1453/702 1921/702]
[  205/78 2629/702 1465/702    43/26  313/702    25/54   -23/78  121/702  -95/702    61/78  649/702 1609/702    75/26 1897/702 2629/702]
[  157/78 1057/702  157/702      1/6 -467/702 -191/702   -17/26  133/702  181/702   121/78 1453/702 1273/702   217/78 2089/702 1681/702]
[   27/26    49/54    1/702    25/78  -95/702  445/702    49/78 1297/702 1609/702    51/26 2005/702 2089/702   181/78  625/702    37/54]
[  -23/78  -35/702 -407/702     3/26   25/702  829/702   121/78  805/702 1381/702   157/78 2305/702 1249/702      3/2  313/702  433/702]
[    1/78  445/702  337/702   121/78 1297/702  961/702    55/26 1465/702 2305/702   133/78    73/54  157/702    25/78 -251/702  133/702]
[   -1/26  673/702  829/702    49/78  913/702  841/702   181/78 1873/702   121/54    27/26  745/702  217/702    61/78  337/702  985/702]
[  121/78  649/702 1069/702    35/26 1681/702 1873/702     13/6  625/702  589/702     1/78  289/702   25/702    23/26  673/702  181/702]
[   61/78  373/702 1057/702   133/78   169/54 1249/702    43/26  529/702  757/702    49/78  985/702  985/702    49/78  757/702  529/702]
[   43/26 1249/702   169/54   133/78 1057/702  373/702    61/78  181/702  673/702    23/26   25/702  289/702     1/78  589/702  625/702]
[    13/6 1873/702 1681/702    35/26 1069/702  649/702   121/78  985/702  337/702    61/78  217/702  745/702    27/26   121/54 1873/702]
[  181/78  841/702  913/702    49/78  829/702  673/702    -1/26  133/702 -251/702    25/78  157/702    73/54   133/78 2305/702 1465/702]
[   55/26  961/702 1297/702   121/78  337/702  445/702     1/78  433/702  313/702      3/2 1249/702 2305/702   157/78 1381/702  805/702]
[  121/78  829/702   25/702     3/26 -407/702  -35/702   -23/78    37/54  625/702   181/78 2089/702 2005/702    51/26 1609/702 1297/702]
[   49/78  445/702  -95/702    25/78    1/702    49/54    27/26 1681/702 2089/702   217/78 1273/702 1453/702   121/78  181/702  133/702]
[  -17/26 -191/702 -467/702      1/6  157/702 1057/702   157/78 2629/702 1897/702    75/26 1609/702  649/702    61/78  -95/702  121/702]
[  -23/78    25/54  313/702    43/26 1465/702 2629/702   205/78 1921/702 1453/702    49/78  289/702 -407/702    -9/26 -623/702   -11/54]
[  -23/78  589/702  841/702   217/78 2521/702 2545/702    75/26  961/702  757/702     1/78  121/702 -311/702      1/6    1/702  745/702]
[   35/26 2005/702 2521/702   277/78 1921/702  805/702    61/78 -251/702 -191/702   -25/26   -23/54 -467/702    25/78  373/702 1381/702]
[  205/78 3169/702 2545/702    51/26 1069/702  217/702    25/78 -311/702     1/54   -23/78  433/702  529/702    55/26 1897/702 3169/702]
[  277/78 1273/702  913/702     1/78  -35/702 -623/702        0        0        0        0        0        0        0        0        0]
Testing obstruction for
m1: 3, m2: 36,a: 1
[    -1/2 -631/702  -67/702    -7/78 -619/702 -331/702   -67/78  -31/702  -19/702   -21/26 -271/702 -535/702     5/78     5/54 -475/702]
[  -19/78 -427/702  161/702     7/26 -343/702  -31/702   -31/78  317/702  353/702   -19/78  149/702    -7/54    19/26  557/702   41/702]
[   41/78  137/702  749/702    89/78  293/702  629/702    15/26 1025/702 1085/702      5/6  929/702  713/702   149/78 1409/702  917/702]
[   47/26 1061/702 1697/702   197/78 1289/702 1649/702   161/78   161/54 2177/702    63/26 2069/702 1877/702   281/78 2621/702 2153/702]
[  281/78 2345/702 3005/702   115/26 2645/702   233/54   317/78 3521/702 3629/702   353/78 3569/702 3401/702   151/26 4193/702 3749/702]
[  461/78 3989/702 4673/702     41/6 4361/702 4769/702   171/26 5309/702 5441/702   557/78 5429/702 5285/702   665/78 6125/702 5705/702]
[  227/26   461/54 5297/702   605/78 5033/702 5465/702   593/78 4649/702 4805/702   163/26 4841/702 4721/702   449/78 4205/702   293/54]
[  473/78 4145/702 3473/702   135/26 3257/702 3713/702   401/78 2945/702 3125/702   305/78 3209/702 3113/702      7/2 2645/702 2273/702]
[  305/78 2657/702 2009/702   245/78 1841/702 2321/702    83/26 1601/702 1805/702   161/78   149/54 1865/702   137/78 1445/702 1097/702]
[   59/26 1529/702  905/702   125/78  785/702 1289/702   137/78  617/702    65/54    19/26 1025/702  977/702    41/78  605/702  281/702]
[   89/78  761/702  161/702    15/26   89/702  617/702      5/6   -7/702  245/702    -7/78  473/702  449/702    -5/26  125/702 -175/702]
[   41/78  353/702 -223/702     5/78   -19/54  305/702    11/26 -271/702    5/702   -31/78  281/702  281/702   -31/78    5/702 -271/702]
[   11/26  305/702   -19/54     5/78 -223/702  353/702    41/78 -175/702  125/702    -5/26  449/702  473/702    -7/78  245/702   -7/702]
[     5/6  617/702   89/702    15/26  161/702  761/702    89/78  281/702  605/702    41/78  977/702 1025/702    19/26    65/54  617/702]
[  137/78 1289/702  785/702   125/78  905/702 1529/702    59/26 1097/702 1445/702   137/78 1865/702   149/54   161/78 1805/702 1601/702]
[   83/26 2321/702 1841/702   245/78 2009/702 2657/702   305/78 2273/702 2645/702      7/2 3113/702 3209/702   305/78 3125/702 2945/702]
[  401/78 3713/702 3257/702   135/26 3473/702 4145/702   473/78   293/54 4205/702   449/78 4721/702 4841/702   163/26 4805/702 4649/702]
[  593/78 5465/702 5033/702   605/78 5297/702   461/54   227/26 5705/702 6125/702   665/78 5285/702 5429/702   557/78 5441/702 5309/702]
[  171/26 4769/702 4361/702     41/6 4673/702 3989/702   461/78 3749/702 4193/702   151/26 3401/702 3569/702   353/78 3629/702 3521/702]
[  317/78   233/54 2645/702   115/26 3005/702 2345/702   281/78 2153/702 2621/702   281/78 1877/702 2069/702    63/26 2177/702   161/54]
[  161/78 1649/702 1289/702   197/78 1697/702 1061/702    47/26  917/702 1409/702   149/78  713/702  929/702      5/6 1085/702 1025/702]
[   15/26  629/702  293/702    89/78  749/702  137/702    41/78   41/702  557/702    19/26    -7/54  149/702   -19/78  353/702  317/702]
[  -31/78  -31/702 -343/702     7/26  161/702 -427/702   -19/78 -475/702     5/54     5/78 -535/702 -271/702   -21/26  -19/702  -31/702]
[  -67/78 -331/702 -619/702    -7/78  -67/702 -631/702        0        0        0        0        0        0        0        0        0]
Unobstructed
56
---------------------------
---------------------------
13a218
Correction terms
[     -1/2   729/646     9/646   101/646  -287/646 -1155/646    81/646  -455/646  -179/646  -383/646 -1067/646   353/646     1/646   461/646   441/646]
[  -59/646   253/646      5/38  -563/646    -21/34  -715/646  -219/646  -203/646  -667/646  -319/646  -451/646   229/646   429/646   149/646   681/646]
[ -559/646   305/646  -603/646  -699/646      1/38 -1039/646     9/646  -715/646    -33/34   273/646  -599/646   633/646    93/646   365/646   157/646]
[ -531/646  -407/646  -763/646  -307/646  -331/646  -835/646    -31/38  -699/646   -59/646   101/646  -219/646   273/646     15/34  -183/646   161/646]
[   25/646  -591/646  -395/646  -679/646  -151/646  -103/646  -535/646  -155/646    -15/38   457/646  -603/646   441/646  -287/646  -203/646  -599/646]
[ -183/646    -13/34  -791/646  -523/646  -735/646  -135/646   -15/646  -375/646    77/646    49/646    -27/38  -155/646  -331/646   305/646  -831/646]
[  137/646  -667/646  -659/646   161/646  -791/646     19/34  -259/646   -67/646  -355/646   169/646   213/646  -223/646      9/38    49/646  -535/646]
[ -307/646  -559/646     1/646    81/646  -319/646    93/646    25/646  -523/646  -259/646    -25/34   121/646   237/646  -127/646   321/646    -59/38]
[ -223/646    77/646  -103/646   529/646  -611/646   353/646  -455/646  -451/646   365/646  -591/646   557/646   -67/646   121/646     -9/34  -943/646]
[  389/646     -3/38   321/646   213/646  -375/646  -151/646  -407/646   149/646   225/646  -179/646   229/646   157/646  -395/646  -135/646  -355/646]
[  237/646   349/646     -1/34     25/38  -903/646  -127/646   169/646   -15/646   613/646  -531/646   429/646  -383/646  -383/646   429/646  -531/646]
[  613/646   -15/646   169/646  -127/646  -903/646     25/38     -1/34   349/646   237/646  -355/646  -135/646  -395/646   157/646   229/646  -179/646]
[  225/646   149/646  -407/646  -151/646  -375/646   213/646   321/646     -3/38   389/646  -943/646     -9/34   121/646   -67/646   557/646  -591/646]
[  365/646  -451/646  -455/646   353/646  -611/646   529/646  -103/646    77/646  -223/646    -59/38   321/646  -127/646   237/646   121/646    -25/34]
[ -259/646  -523/646    25/646    93/646  -319/646    81/646     1/646  -559/646  -307/646  -535/646    49/646      9/38  -223/646   213/646   169/646]
[ -355/646   -67/646  -259/646     19/34  -791/646   161/646  -659/646  -667/646   137/646  -831/646   305/646  -331/646  -155/646    -27/38    49/646]
[   77/646  -375/646   -15/646  -135/646  -735/646  -523/646  -791/646    -13/34  -183/646  -599/646  -203/646  -287/646   441/646  -603/646   457/646]
[   -15/38  -155/646  -535/646  -103/646  -151/646  -679/646  -395/646  -591/646    25/646   161/646  -183/646     15/34   273/646  -219/646   101/646]
[  -59/646  -699/646    -31/38  -835/646  -331/646  -307/646  -763/646  -407/646  -531/646   157/646   365/646    93/646   633/646  -599/646   273/646]
[   -33/34  -715/646     9/646 -1039/646      1/38  -699/646  -603/646   305/646  -559/646   681/646   149/646   429/646   229/646  -451/646  -319/646]
[ -667/646  -203/646  -219/646  -715/646    -21/34  -563/646      5/38   253/646   -59/646   441/646   461/646     1/646   353/646 -1067/646  -383/646]
[ -179/646  -455/646    81/646 -1155/646  -287/646   101/646     9/646   729/646         0         0         0         0         0         0         0]
Testing obstruction for
m1: 1, m2: 162,a: 0
[     -1/2  -319/646  -307/646  -287/646  -259/646  -223/646  -179/646  -127/646   -67/646     1/646    77/646   161/646   253/646   353/646   461/646]
[  577/646   701/646     49/38   973/646     59/34  1277/646  1441/646  1613/646  1793/646  1981/646  2177/646  2381/646  2593/646  2813/646  3041/646]
[ 3277/646  3521/646  3773/646  4033/646    253/38  4577/646  4861/646  5153/646    287/34  5761/646  6077/646  6401/646  6733/646  7073/646  7421/646]
[ 7777/646  8141/646  8513/646  8893/646  9281/646  9677/646    593/38 10493/646 10913/646 11341/646 11777/646 12221/646    667/34 13133/646 13601/646]
[14077/646 14561/646 15053/646 15553/646 16061/646 16577/646 17101/646 17633/646   1069/38 18721/646 19277/646 19841/646 20413/646 20993/646 21581/646]
[22177/646   1199/34 23393/646 24013/646 24641/646 25277/646 25921/646 25281/646 24649/646 24025/646   1377/38 22801/646 22201/646 21609/646 21025/646]
[20449/646 19881/646 19321/646 18769/646 18225/646    931/34 17161/646 16641/646 16129/646 15625/646 15129/646 14641/646    833/38 13689/646 13225/646]
[12769/646 12321/646 11881/646 11449/646 11025/646 10609/646 10201/646  9801/646  9409/646    475/34  8649/646  8281/646  7921/646  7569/646    425/38]
[ 6889/646  6561/646  6241/646  5929/646  5625/646  5329/646  5041/646  4761/646  4489/646  4225/646  3969/646  3721/646  3481/646    171/34  3025/646]
[ 2809/646    153/38  2401/646  2209/646  2025/646  1849/646  1681/646  1521/646  1369/646  1225/646  1089/646   961/646   841/646   729/646   625/646]
[  529/646   441/646     19/34     17/38   225/646   169/646   121/646    81/646    49/646    25/646     9/646     1/646     1/646     9/646    25/646]
[   49/646    81/646   121/646   169/646   225/646     17/38     19/34   441/646   529/646   625/646   729/646   841/646   961/646  1089/646  1225/646]
[ 1369/646  1521/646  1681/646  1849/646  2025/646  2209/646  2401/646    153/38  2809/646  3025/646    171/34  3481/646  3721/646  3969/646  4225/646]
[ 4489/646  4761/646  5041/646  5329/646  5625/646  5929/646  6241/646  6561/646  6889/646    425/38  7569/646  7921/646  8281/646  8649/646    475/34]
[ 9409/646  9801/646 10201/646 10609/646 11025/646 11449/646 11881/646 12321/646 12769/646 13225/646 13689/646    833/38 14641/646 15129/646 15625/646]
[16129/646 16641/646 17161/646    931/34 18225/646 18769/646 19321/646 19881/646 20449/646 21025/646 21609/646 22201/646 22801/646   1377/38 24025/646]
[24649/646 25281/646 25921/646 25277/646 24641/646 24013/646 23393/646   1199/34 22177/646 21581/646 20993/646 20413/646 19841/646 19277/646 18721/646]
[  1069/38 17633/646 17101/646 16577/646 16061/646 15553/646 15053/646 14561/646 14077/646 13601/646 13133/646    667/34 12221/646 11777/646 11341/646]
[10913/646 10493/646    593/38  9677/646  9281/646  8893/646  8513/646  8141/646  7777/646  7421/646  7073/646  6733/646  6401/646  6077/646  5761/646]
[   287/34  5153/646  4861/646  4577/646    253/38  4033/646  3773/646  3521/646  3277/646  3041/646  2813/646  2593/646  2381/646  2177/646  1981/646]
[ 1793/646  1613/646  1441/646  1277/646     59/34   973/646     49/38   701/646   577/646   461/646   353/646   253/646   161/646    77/646     1/646]
[  -67/646  -127/646  -179/646  -223/646  -259/646  -287/646  -307/646  -319/646         0         0         0         0         0         0         0]
Unobstructed
24
---------------------------
---------------------------
13a225
Correction terms
[    -1/2 -103/534  389/534   47/178 -847/534 -439/534   99/178  293/534 -451/534   67/178  113/534 -715/534  -49/178 -319/534 -163/534]
[-249/178   65/534  137/534 -177/178 -871/534  185/534  167/178   77/534  -19/534   71/178 -295/534 -475/534 -109/178  149/534 -115/534]
[ -17/178  341/534   -7/534   -9/178 -787/534 -151/534  -85/178  -31/534 -547/534  111/178  473/534 -127/534 -133/178 -343/534   41/534]
[-105/178 -343/534  -43/534 -161/178 -595/534 -379/534   55/178  -31/534  101/534  187/178  281/534 -739/534 -121/178  341/534  305/534]
[-157/178  149/534   29/534   79/178 -295/534 -499/534 -125/178   77/534 -211/534  -57/178  197/534 -175/534  -73/178   65/534 -391/534]
[-173/178 -319/534  209/534   -1/178 -955/534 -511/534   87/178  293/534 -415/534   91/178  221/534 -571/534   11/178 -103/534      1/6]
[-153/178  389/534  497/534  -45/178 -439/534 -415/534  -21/178 -451/534 -511/534  -81/178  353/534  209/534 -225/178 -163/534 -391/534]
[ -97/178  137/534 -175/534  -53/178 -883/534 -211/534  -93/178  -19/534 -499/534  139/178  593/534   29/534  -69/178 -115/534  305/534]
[  -5/178   -7/534  329/534  -25/178 -151/534  101/534 -129/178 -547/534 -379/534   39/178 -127/534  -43/534 -233/178   41/534   41/534]
[-233/178  -43/534 -127/534   39/178 -379/534 -547/534 -129/178  101/534 -151/534  -25/178  329/534   -7/534   -5/178  305/534 -115/534]
[ -69/178   29/534  593/534  139/178 -499/534  -19/534  -93/178 -211/534 -883/534  -53/178 -175/534  137/534  -97/178 -391/534 -163/534]
[-225/178  209/534  353/534  -81/178 -511/534 -451/534  -21/178 -415/534 -439/534  -45/178  497/534  389/534 -153/178      1/6 -103/534]
[  11/178 -571/534  221/534   91/178 -415/534  293/534   87/178 -511/534 -955/534   -1/178  209/534 -319/534 -173/178 -391/534   65/534]
[ -73/178 -175/534  197/534  -57/178 -211/534   77/534 -125/178 -499/534 -295/534   79/178   29/534  149/534 -157/178  305/534  341/534]
[-121/178 -739/534  281/534  187/178  101/534  -31/534   55/178 -379/534 -595/534 -161/178  -43/534 -343/534 -105/178   41/534 -343/534]
[-133/178 -127/534  473/534  111/178 -547/534  -31/534  -85/178 -151/534 -787/534   -9/178   -7/534  341/534  -17/178 -115/534  149/534]
[-109/178 -475/534 -295/534   71/178  -19/534   77/534  167/178  185/534 -871/534 -177/178  137/534   65/534 -249/178 -163/534 -319/534]
[ -49/178 -715/534  113/534   67/178 -451/534  293/534   99/178 -439/534 -847/534   47/178  389/534 -103/534        0        0        0]
Testing obstruction for
m1: 1, m2: 134,a: 0
[     -1/2  -263/534  -251/534   -77/178  -203/534  -167/534   -41/178   -71/534   -11/534    19/178   133/534   217/534   103/178   409/534   517/534]
[  211/178   757/534   889/534   343/178  1177/534  1333/534   499/178  1669/534  1849/534   679/178  2233/534  2437/534   883/178  2869/534  3097/534]
[ 1111/178  3577/534  3829/534  1363/178  4357/534  4633/534  1639/178  5209/534  5509/534  1939/178  6133/534  6457/534  2263/178  7129/534  7477/534]
[ 2611/178  8197/534  8569/534  2983/178  9337/534  9733/534  3379/178 10549/534 10969/534  3799/178 11833/534 12277/534  4243/178 13189/534 13657/534]
[ 4711/178 14617/534 15109/534  5203/178 16117/534 16633/534  5719/178 17689/534 17161/534  5547/178 16129/534 15625/534  5043/178 14641/534 14161/534]
[ 4563/178 13225/534 12769/534  4107/178 11881/534 11449/534  3675/178 10609/534 10201/534  3267/178  9409/534  9025/534  2883/178  8281/534      89/6]
[ 2523/178  7225/534  6889/534  2187/178  6241/534  5929/534  1875/178  5329/534  5041/534  1587/178  4489/534  4225/534  1323/178  3721/534  3481/534]
[ 1083/178  3025/534  2809/534   867/178  2401/534  2209/534   675/178  1849/534  1681/534   507/178  1369/534  1225/534   363/178   961/534   841/534]
[  243/178   625/534   529/534   147/178   361/534   289/534    75/178   169/534   121/534    27/178    49/534    25/534     3/178     1/534     1/534]
[    3/178    25/534    49/534    27/178   121/534   169/534    75/178   289/534   361/534   147/178   529/534   625/534   243/178   841/534   961/534]
[  363/178  1225/534  1369/534   507/178  1681/534  1849/534   675/178  2209/534  2401/534   867/178  2809/534  3025/534  1083/178  3481/534  3721/534]
[ 1323/178  4225/534  4489/534  1587/178  5041/534  5329/534  1875/178  5929/534  6241/534  2187/178  6889/534  7225/534  2523/178      89/6  8281/534]
[ 2883/178  9025/534  9409/534  3267/178 10201/534 10609/534  3675/178 11449/534 11881/534  4107/178 12769/534 13225/534  4563/178 14161/534 14641/534]
[ 5043/178 15625/534 16129/534  5547/178 17161/534 17689/534  5719/178 16633/534 16117/534  5203/178 15109/534 14617/534  4711/178 13657/534 13189/534]
[ 4243/178 12277/534 11833/534  3799/178 10969/534 10549/534  3379/178  9733/534  9337/534  2983/178  8569/534  8197/534  2611/178  7477/534  7129/534]
[ 2263/178  6457/534  6133/534  1939/178  5509/534  5209/534  1639/178  4633/534  4357/534  1363/178  3829/534  3577/534  1111/178  3097/534  2869/534]
[  883/178  2437/534  2233/534   679/178  1849/534  1669/534   499/178  1333/534  1177/534   343/178   889/534   757/534   211/178   517/534   409/534]
[  103/178   217/534   133/534    19/178   -11/534   -71/534   -41/178  -167/534  -203/534   -77/178  -251/534  -263/534         0         0         0]
Testing obstruction for
m1: 2, m2: 45,a: 0
[    -1/2 -175/534  101/534 -169/178  137/534 -103/534  -53/178  -31/534  281/534  -97/178  389/534  185/534   55/178  329/534  677/534]
[  47/178  857/534  689/534  235/178  905/534 1289/534  263/178 1541/534 1409/534  487/178 1697/534 2117/534  551/178 2441/534 2345/534]
[ 811/178 2705/534 3161/534  911/178 3557/534 3497/534 1207/178 3929/534 4421/534 1343/178 4889/534 4865/534 1675/178 5369/534 5897/534]
[1847/178 5369/534 5381/534 1503/178 4889/534 4385/534 1355/178 3929/534 3977/534 1047/178 3557/534 3089/534  935/178 2705/534 2789/534]
[ 663/178 2441/534 2009/534  587/178 1697/534 1817/534  351/178 1541/534 1145/534  311/178  905/534 1061/534  111/178  857/534  497/534]
[ 107/178  329/534  521/534  -57/178  389/534   65/534  -25/178  -31/534  197/534 -153/178  137/534 -151/534  -85/178 -175/534      1/6]
[-177/178  101/534 -151/534  -73/178 -103/534  197/534 -129/178  281/534   65/534   11/178  185/534  521/534   -9/178  677/534  497/534]
[ 167/178  689/534 1061/534  183/178 1289/534 1145/534  395/178 1409/534 1817/534  447/178 2117/534 2009/534  695/178 2345/534 2789/534]
[ 783/178 3161/534 3089/534 1067/178 3497/534 3977/534 1191/178 4421/534 4385/534 1511/178 4865/534 5381/534 1671/178 5897/534 5897/534]
[1671/178 5381/534 4865/534 1511/178 4385/534 4421/534 1191/178 3977/534 3497/534 1067/178 3089/534 3161/534  783/178 2789/534 2345/534]
[ 695/178 2009/534 2117/534  447/178 1817/534 1409/534  395/178 1145/534 1289/534  183/178 1061/534  689/534  167/178  497/534  677/534]
[  -9/178  521/534  185/534   11/178   65/534  281/534 -129/178  197/534 -103/534  -73/178 -151/534  101/534 -177/178      1/6 -175/534]
[ -85/178 -151/534  137/534 -153/178  197/534  -31/534  -25/178   65/534  389/534  -57/178  521/534  329/534  107/178  497/534  857/534]
[ 111/178 1061/534  905/534  311/178 1145/534 1541/534  351/178 1817/534 1697/534  587/178 2009/534 2441/534  663/178 2789/534 2705/534]
[ 935/178 3089/534 3557/534 1047/178 3977/534 3929/534 1355/178 4385/534 4889/534 1503/178 5381/534 5369/534 1847/178 5897/534 5369/534]
[1675/178 4865/534 4889/534 1343/178 4421/534 3929/534 1207/178 3497/534 3557/534  911/178 3161/534 2705/534  811/178 2345/534 2441/534]
[ 551/178 2117/534 1697/534  487/178 1409/534 1541/534  263/178 1289/534  905/534  235/178  689/534  857/534   47/178  677/534  329/534]
[  55/178  185/534  389/534  -97/178  281/534  -31/534  -53/178 -103/534  137/534 -169/178  101/534 -175/534        0        0        0]
[-175/534, 101/534, -169/178]
71 [-175/534, 101/534, 187/178]
[-175/534, 101/534, -169/178]
107 [-175/534, 101/534, 187/178]
Testing obstruction for
m1: 12, m2: 15,a: 10
[    -1/2 -511/534 -175/534 -109/178  101/534   41/534  187/178  593/534  137/534   87/178 -103/534  113/534  -53/178  149/534  -31/534]
[ 123/178  281/534  773/534  259/178  293/534  389/534   -1/178  185/534 -115/534   55/178  -43/534  329/534   71/178  677/534  653/534]
[ 403/178 1277/534  857/534  339/178  689/534  941/534  235/178 1049/534  905/534  447/178 1289/534 1817/534  619/178 1409/534 1541/534]
[ 395/178 1409/534 1145/534  487/178 1289/534 1697/534  539/178 1049/534 1061/534  195/178  689/534  305/534  167/178  209/534  497/534]
[  99/178  677/534  569/534  347/178 1025/534  521/534  199/178  185/534  353/534   11/178  293/534   65/534  139/178  281/534  725/534]
[ 227/178  149/534  197/534  -81/178 -103/534 -451/534  -73/178 -475/534 -151/534 -105/178  101/534   29/534  179/178  557/534      1/6]
[  67/178 -175/534   29/534  -85/178   41/534 -151/534   79/178  137/534  617/534  203/178  113/534  197/534  -69/178  -31/534 -343/534]
[ -25/178 -295/534   65/534  -21/178  389/534  353/534  299/178  953/534  521/534  223/178  329/534  569/534  107/178  653/534  497/534]
[ 307/178  857/534 1373/534  467/178  941/534 1061/534  231/178  905/534  629/534  311/178  749/534 1145/534  351/178 1541/534 1541/534]
[ 351/178 1145/534  749/534  311/178  629/534  905/534  231/178 1061/534  941/534  467/178 1373/534  857/534  307/178  497/534  653/534]
[ 107/178  569/534  329/534  223/178  521/534  953/534  299/178  353/534  389/534  -21/178   65/534 -295/534  -25/178 -343/534  -31/534]
[ -69/178  197/534  113/534  203/178  617/534  137/534   79/178 -151/534   41/534  -85/178   29/534 -175/534   67/178      1/6  557/534]
[ 179/178   29/534  101/534 -105/178 -151/534 -475/534  -73/178 -451/534 -103/534  -81/178  197/534  149/534  227/178  725/534  281/534]
[ 139/178   65/534  293/534   11/178  353/534  185/534  199/178  521/534 1025/534  347/178  569/534  677/534   99/178  497/534  209/534]
[ 167/178  305/534  689/534  195/178 1061/534 1049/534  539/178 1697/534 1289/534  487/178 1145/534 1409/534  395/178 1541/534 1409/534]
[ 619/178 1817/534 1289/534  447/178  905/534 1049/534  235/178  941/534  689/534  339/178  857/534 1277/534  403/178  653/534  677/534]
[  71/178  329/534  -43/534   55/178 -115/534  185/534   -1/178  389/534  293/534  259/178  773/534  281/534  123/178  -31/534  149/534]
[ -53/178  113/534 -103/534   87/178  137/534  593/534  187/178   41/534  101/534 -109/178 -175/534 -511/534        0        0        0]
[-511/534, -175/534, -109/178, 101/534, 41/534, 187/178, 593/534, 137/534, 87/178, -103/534, 113/534, -53/178, 149/534, -31/534, 123/178, 281/534, 773/534, 259/178, 293/534, 389/534, -1/178, 185/534, -115/534, 55/178, -43/534, 329/534, 71/178, 677/534, 653/534, 403/178, 1277/534, 857/534, 339/178, 689/534, 941/534, 235/178, 1049/534, 905/534, 447/178, 1289/534, 1817/534, 619/178, 1409/534, 1541/534, 395/178, 1409/534, 1145/534, 487/178, 1289/534, 1697/534, 539/178, 1049/534, 1061/534, 195/178, 689/534, 305/534, 167/178, 209/534, 497/534, 99/178, 677/534, 569/534, 347/178, 1025/534, 521/534, 199/178, 185/534, 353/534, 11/178, 293/534, 65/534, 139/178, 281/534, 725/534, 227/178, 149/534, 197/534, -81/178, -103/534, -451/534, -73/178, -475/534]
80 [-511/534, -175/534, -109/178, 101/534, 41/534, 187/178, -475/534, 137/534, 87/178, -103/534, -955/534, -53/178, 149/534, -31/534, -233/178, 281/534, -295/534, -97/178, 293/534, 389/534, -1/178, -883/534, -115/534, 55/178, -43/534, -739/534, 71/178, -391/534, -415/534, 47/178, 209/534, -211/534, -17/178, -379/534, -127/534, -121/178, -19/534, -163/534, 91/178, -847/534, -319/534, -93/178, 341/534, -595/534, 39/178, 341/534, 77/534, -225/178, 221/534, -439/534, -173/178, -19/534, -7/534, -161/178, -379/534, 305/534, 167/178, 209/534, -571/534, 99/178, -391/534, -499/534, -9/178, -43/534, -547/534, -157/178, 185/534, 353/534, 11/178, 293/534, 65/534, 139/178, -787/534, -343/534, -129/178, 149/534, -871/534, -81/178, -103/534, -451/534, -73/178, 593/534]
Unobstructed
98
---------------------------
---------------------------
13a232
Correction terms
[     -1/2   -67/646  -591/646  -603/646  -103/646  -383/646  -151/646  -699/646   557/646  -259/646   729/646  -355/646   365/646   305/646  -535/646]
[  429/646  -679/646      1/38   -67/646     19/34     9/646   169/646  -451/646  -559/646  -155/646  -531/646  -395/646 -1039/646   121/646  -791/646]
[  101/646   213/646  -455/646   681/646    -15/38   613/646  -591/646     9/646     -9/34   161/646  -287/646  -223/646   353/646   149/646   457/646]
[  -15/646    25/646  -715/646  -943/646  -659/646 -1155/646      9/38  -611/646   429/646  -603/646   169/646   161/646    -33/34   389/646  -667/646]
[   81/646    49/646   529/646   229/646   441/646  -127/646  -183/646   273/646     -3/38   137/646  -455/646  -535/646  -103/646  -451/646  -287/646]
[ -903/646     15/34  -599/646   321/646  -831/646  -179/646  -307/646    77/646  -319/646  -203/646     25/38   273/646   633/646   213/646   305/646]
[ -383/646  -559/646  -223/646  -667/646  -599/646     -1/34  -219/646    93/646  -375/646  -331/646 -1067/646     1/646    -59/38  -203/646  -183/646]
[  349/646   101/646   365/646  -151/646  -155/646   353/646    81/646   321/646  -219/646    -13/34   237/646   -59/646   157/646  -407/646    -27/38]
[    1/646  -319/646  -127/646  -715/646  -791/646  -355/646  -699/646  -531/646   149/646    49/646   461/646    93/646   237/646    -21/34  -523/646]
[ -135/646    -31/38  -407/646   225/646    77/646   441/646    25/646   121/646  -563/646  -735/646  -395/646  -835/646  -763/646  -179/646  -375/646]
[  -59/646  -523/646    -25/34      5/38  -135/646   157/646  -331/646  -307/646   229/646   -15/646   253/646  -259/646  -259/646   253/646   -15/646]
[  229/646  -307/646  -331/646   157/646  -135/646      5/38    -25/34  -523/646   -59/646  -375/646  -179/646  -763/646  -835/646  -395/646  -735/646]
[ -563/646   121/646    25/646   441/646    77/646   225/646  -407/646    -31/38  -135/646  -523/646    -21/34   237/646    93/646   461/646    49/646]
[  149/646  -531/646  -699/646  -355/646  -791/646  -715/646  -127/646  -319/646     1/646    -27/38  -407/646   157/646   -59/646   237/646    -13/34]
[ -219/646   321/646    81/646   353/646  -155/646  -151/646   365/646   101/646   349/646  -183/646  -203/646    -59/38     1/646 -1067/646  -331/646]
[ -375/646    93/646  -219/646     -1/34  -599/646  -667/646  -223/646  -559/646  -383/646   305/646   213/646   633/646   273/646     25/38  -203/646]
[ -319/646    77/646  -307/646  -179/646  -831/646   321/646  -599/646     15/34  -903/646  -287/646  -451/646  -103/646  -535/646  -455/646   137/646]
[    -3/38   273/646  -183/646  -127/646   441/646   229/646   529/646    49/646    81/646  -667/646   389/646    -33/34   161/646   169/646  -603/646]
[  429/646  -611/646      9/38 -1155/646  -659/646  -943/646  -715/646    25/646   -15/646   457/646   149/646   353/646  -223/646  -287/646   161/646]
[    -9/34     9/646  -591/646   613/646    -15/38   681/646  -455/646   213/646   101/646  -791/646   121/646 -1039/646  -395/646  -531/646  -155/646]
[ -559/646  -451/646   169/646     9/646     19/34   -67/646      1/38  -679/646   429/646  -535/646   305/646   365/646  -355/646   729/646  -259/646]
[  557/646  -699/646  -151/646  -383/646  -103/646  -603/646  -591/646   -67/646         0         0         0         0         0         0         0]
Testing obstruction for
m1: 1, m2: 162,a: 0
[     -1/2  -319/646  -307/646  -287/646  -259/646  -223/646  -179/646  -127/646   -67/646     1/646    77/646   161/646   253/646   353/646   461/646]
[  577/646   701/646     49/38   973/646     59/34  1277/646  1441/646  1613/646  1793/646  1981/646  2177/646  2381/646  2593/646  2813/646  3041/646]
[ 3277/646  3521/646  3773/646  4033/646    253/38  4577/646  4861/646  5153/646    287/34  5761/646  6077/646  6401/646  6733/646  7073/646  7421/646]
[ 7777/646  8141/646  8513/646  8893/646  9281/646  9677/646    593/38 10493/646 10913/646 11341/646 11777/646 12221/646    667/34 13133/646 13601/646]
[14077/646 14561/646 15053/646 15553/646 16061/646 16577/646 17101/646 17633/646   1069/38 18721/646 19277/646 19841/646 20413/646 20993/646 21581/646]
[22177/646   1199/34 23393/646 24013/646 24641/646 25277/646 25921/646 25281/646 24649/646 24025/646   1377/38 22801/646 22201/646 21609/646 21025/646]
[20449/646 19881/646 19321/646 18769/646 18225/646    931/34 17161/646 16641/646 16129/646 15625/646 15129/646 14641/646    833/38 13689/646 13225/646]
[12769/646 12321/646 11881/646 11449/646 11025/646 10609/646 10201/646  9801/646  9409/646    475/34  8649/646  8281/646  7921/646  7569/646    425/38]
[ 6889/646  6561/646  6241/646  5929/646  5625/646  5329/646  5041/646  4761/646  4489/646  4225/646  3969/646  3721/646  3481/646    171/34  3025/646]
[ 2809/646    153/38  2401/646  2209/646  2025/646  1849/646  1681/646  1521/646  1369/646  1225/646  1089/646   961/646   841/646   729/646   625/646]
[  529/646   441/646     19/34     17/38   225/646   169/646   121/646    81/646    49/646    25/646     9/646     1/646     1/646     9/646    25/646]
[   49/646    81/646   121/646   169/646   225/646     17/38     19/34   441/646   529/646   625/646   729/646   841/646   961/646  1089/646  1225/646]
[ 1369/646  1521/646  1681/646  1849/646  2025/646  2209/646  2401/646    153/38  2809/646  3025/646    171/34  3481/646  3721/646  3969/646  4225/646]
[ 4489/646  4761/646  5041/646  5329/646  5625/646  5929/646  6241/646  6561/646  6889/646    425/38  7569/646  7921/646  8281/646  8649/646    475/34]
[ 9409/646  9801/646 10201/646 10609/646 11025/646 11449/646 11881/646 12321/646 12769/646 13225/646 13689/646    833/38 14641/646 15129/646 15625/646]
[16129/646 16641/646 17161/646    931/34 18225/646 18769/646 19321/646 19881/646 20449/646 21025/646 21609/646 22201/646 22801/646   1377/38 24025/646]
[24649/646 25281/646 25921/646 25277/646 24641/646 24013/646 23393/646   1199/34 22177/646 21581/646 20993/646 20413/646 19841/646 19277/646 18721/646]
[  1069/38 17633/646 17101/646 16577/646 16061/646 15553/646 15053/646 14561/646 14077/646 13601/646 13133/646    667/34 12221/646 11777/646 11341/646]
[10913/646 10493/646    593/38  9677/646  9281/646  8893/646  8513/646  8141/646  7777/646  7421/646  7073/646  6733/646  6401/646  6077/646  5761/646]
[   287/34  5153/646  4861/646  4577/646    253/38  4033/646  3773/646  3521/646  3277/646  3041/646  2813/646  2593/646  2381/646  2177/646  1981/646]
[ 1793/646  1613/646  1441/646  1277/646     59/34   973/646     49/38   701/646   577/646   461/646   353/646   253/646   161/646    77/646     1/646]
[  -67/646  -127/646  -179/646  -223/646  -259/646  -287/646  -307/646  -319/646         0         0         0         0         0         0         0]
Unobstructed
83
---------------------------
---------------------------
