13a3988
Correction terms
[     -1/2  -739/542    25/542  -147/542  -171/542   -47/542   225/542  -439/542   129/542  -239/542  -459/542  -531/542  -455/542  -231/542   141/542]
[ -423/542   245/542   -23/542  -143/542  -115/542    61/542  -699/542  -227/542  -691/542    77/542   -91/542  -111/542    17/542   293/542  -367/542]
[  205/542  -159/542  -375/542  -443/542  -363/542  -135/542  -843/542  -319/542   353/542    89/542   -27/542     5/542   185/542  -571/542   -95/542]
[ -555/542  -867/542    53/542    37/542   169/542  -635/542  -207/542   369/542     9/542  -203/542  -267/542  -183/542    49/542  -655/542  -127/542]
[ -535/542   289/542   177/542   213/542  -687/542  -355/542   125/542  -331/542  -639/542  -799/542  -811/542   409/542  -391/542    41/542  -463/542]
[  265/542    57/542    -3/542  -999/542  -763/542  -379/542   153/542  -251/542  -507/542  -615/542   509/542  -387/542   -51/542  -651/542   -19/542]
[ -323/542  -479/542  -487/542  -347/542   -59/542   377/542  -123/542  -475/542  -679/542   349/542  -643/542  -403/542 -1099/542  -563/542   121/542]
[ -131/542  -235/542  -191/542     1/542   341/542  -255/542  -703/542 -1003/542   -71/542   -75/542    69/542  -723/542  -283/542   305/542   -43/542]
[ -243/542  -295/542  -199/542    45/542  -647/542  -107/542  -503/542  -751/542   233/542   281/542  -607/542  -263/542   229/542  -215/542  -511/542]
[ -659/542  -659/542  -511/542  -215/542   229/542  -263/542  -607/542   281/542   233/542  -751/542  -503/542  -107/542  -647/542    45/542  -199/542]
[ -295/542  -243/542   -43/542   305/542  -283/542  -723/542    69/542   -75/542   -71/542 -1003/542  -703/542  -255/542   341/542     1/542  -191/542]
[ -235/542  -131/542   121/542  -563/542 -1099/542  -403/542  -643/542   349/542  -679/542  -475/542  -123/542   377/542   -59/542  -347/542  -487/542]
[ -479/542  -323/542   -19/542  -651/542   -51/542  -387/542   509/542  -615/542  -507/542  -251/542   153/542  -379/542  -763/542  -999/542    -3/542]
[   57/542   265/542  -463/542    41/542  -391/542   409/542  -811/542  -799/542  -639/542  -331/542   125/542  -355/542  -687/542   213/542   177/542]
[  289/542  -535/542  -127/542  -655/542    49/542  -183/542  -267/542  -203/542     9/542   369/542  -207/542  -635/542   169/542    37/542    53/542]
[ -867/542  -555/542   -95/542  -571/542   185/542     5/542   -27/542    89/542   353/542  -319/542  -843/542  -135/542  -363/542  -443/542  -375/542]
[ -159/542   205/542  -367/542   293/542    17/542  -111/542   -91/542    77/542  -691/542  -227/542  -699/542    61/542  -115/542  -143/542   -23/542]
[  245/542  -423/542   141/542  -231/542  -455/542  -531/542  -459/542  -239/542   129/542  -439/542   225/542   -47/542  -171/542  -147/542    25/542]
[ -739/542         0         0         0         0         0         0         0         0         0         0         0         0         0         0]
Testing obstruction for
m1: 1, m2: 136,a: 0
[     -1/2  -267/542  -255/542  -235/542  -207/542  -171/542  -127/542   -75/542   -15/542    53/542   129/542   213/542   305/542   405/542   513/542]
[  629/542   753/542   885/542  1025/542  1173/542  1329/542  1493/542  1665/542  1845/542  2033/542  2229/542  2433/542  2645/542  2865/542  3093/542]
[ 3329/542  3573/542  3825/542  4085/542  4353/542  4629/542  4913/542  5205/542  5505/542  5813/542  6129/542  6453/542  6785/542  7125/542  7473/542]
[ 7829/542  8193/542  8565/542  8945/542  9333/542  9729/542 10133/542 10545/542 10965/542 11393/542 11829/542 12273/542 12725/542 13185/542 13653/542]
[14129/542 14613/542 15105/542 15605/542 16113/542 16629/542 17153/542 17685/542 18225/542 17689/542 17161/542 16641/542 16129/542 15625/542 15129/542]
[14641/542 14161/542 13689/542 13225/542 12769/542 12321/542 11881/542 11449/542 11025/542 10609/542 10201/542  9801/542  9409/542  9025/542  8649/542]
[ 8281/542  7921/542  7569/542  7225/542  6889/542  6561/542  6241/542  5929/542  5625/542  5329/542  5041/542  4761/542  4489/542  4225/542  3969/542]
[ 3721/542  3481/542  3249/542  3025/542  2809/542  2601/542  2401/542  2209/542  2025/542  1849/542  1681/542  1521/542  1369/542  1225/542  1089/542]
[  961/542   841/542   729/542   625/542   529/542   441/542   361/542   289/542   225/542   169/542   121/542    81/542    49/542    25/542     9/542]
[    1/542     1/542     9/542    25/542    49/542    81/542   121/542   169/542   225/542   289/542   361/542   441/542   529/542   625/542   729/542]
[  841/542   961/542  1089/542  1225/542  1369/542  1521/542  1681/542  1849/542  2025/542  2209/542  2401/542  2601/542  2809/542  3025/542  3249/542]
[ 3481/542  3721/542  3969/542  4225/542  4489/542  4761/542  5041/542  5329/542  5625/542  5929/542  6241/542  6561/542  6889/542  7225/542  7569/542]
[ 7921/542  8281/542  8649/542  9025/542  9409/542  9801/542 10201/542 10609/542 11025/542 11449/542 11881/542 12321/542 12769/542 13225/542 13689/542]
[14161/542 14641/542 15129/542 15625/542 16129/542 16641/542 17161/542 17689/542 18225/542 17685/542 17153/542 16629/542 16113/542 15605/542 15105/542]
[14613/542 14129/542 13653/542 13185/542 12725/542 12273/542 11829/542 11393/542 10965/542 10545/542 10133/542  9729/542  9333/542  8945/542  8565/542]
[ 8193/542  7829/542  7473/542  7125/542  6785/542  6453/542  6129/542  5813/542  5505/542  5205/542  4913/542  4629/542  4353/542  4085/542  3825/542]
[ 3573/542  3329/542  3093/542  2865/542  2645/542  2433/542  2229/542  2033/542  1845/542  1665/542  1493/542  1329/542  1173/542  1025/542   885/542]
[  753/542   629/542   513/542   405/542   305/542   213/542   129/542    53/542   -15/542   -75/542  -127/542  -171/542  -207/542  -235/542  -255/542]
[ -267/542         0         0         0         0         0         0         0         0         0         0         0         0         0         0]
Unobstructed
55
---------------------------
---------------------------
13a4030
H_1 not cyclic will skip for now
13a4033
Correction terms
[     -1/2  -123/526  -755/526   -55/526  -127/526    81/526  -483/526   285/526   281/526  -495/526  -991/526  -155/526   -91/526   253/526  -175/526]
[ -323/526  -191/526  -831/526  -139/526  -219/526   -19/526  -591/526  -883/526   157/526   425/526   -79/526  -303/526  -247/526    89/526  -347/526]
[ -503/526  -379/526    25/526  -343/526  -431/526  -239/526   233/526   -67/526   -87/526   173/526  -339/526  -571/526  -523/526  -195/526   413/526]
[  249/526  -687/526  -291/526  -667/526  -763/526  -579/526  -115/526  -423/526  -451/526  -199/526   333/526    93/526   133/526  -599/526     1/526]
[ -171/526   -63/526  -727/526   -59/526  -163/526    13/526  -583/526   153/526   117/526  -691/526  -167/526  -415/526  -383/526   -71/526  -531/526]
[  341/526   441/526  -231/526  -623/526  -735/526  -567/526  -119/526  -443/526  -487/526  -251/526  -787/526     9/526    33/526   337/526  -131/526]
[ -319/526  -227/526   145/526  -255/526  -375/526  -215/526   225/526  -107/526  -159/526    69/526  -475/526  -739/526  -723/526  -427/526   149/526]
[  -47/526    37/526   401/526    -7/526  -135/526 -1035/526  -603/526   109/526    49/526  -783/526  -283/526  -555/526  -547/526  -259/526   309/526]
[  105/526  -871/526  -515/526   121/526   -15/526   129/526  -499/526   205/526   137/526  -703/526  -211/526  -491/526  -491/526  -211/526  -703/526]
[  137/526   205/526  -499/526   129/526   -15/526   121/526  -515/526  -871/526   105/526   309/526  -259/526  -547/526  -555/526  -283/526  -783/526]
[   49/526   109/526  -603/526 -1035/526  -135/526    -7/526   401/526    37/526   -47/526   149/526  -427/526  -723/526  -739/526  -475/526    69/526]
[ -159/526  -107/526   225/526  -215/526  -375/526  -255/526   145/526  -227/526  -319/526  -131/526   337/526    33/526     9/526  -787/526  -251/526]
[ -487/526  -443/526  -119/526  -567/526  -735/526  -623/526  -231/526   441/526   341/526  -531/526   -71/526  -383/526  -415/526  -167/526  -691/526]
[  117/526   153/526  -583/526    13/526  -163/526   -59/526  -727/526   -63/526  -171/526     1/526  -599/526   133/526    93/526   333/526  -199/526]
[ -451/526  -423/526  -115/526  -579/526  -763/526  -667/526  -291/526  -687/526   249/526   413/526  -195/526  -523/526  -571/526  -339/526   173/526]
[  -87/526   -67/526   233/526  -239/526  -431/526  -343/526    25/526  -379/526  -503/526  -347/526    89/526  -247/526  -303/526   -79/526   425/526]
[  157/526  -883/526  -591/526   -19/526  -219/526  -139/526  -831/526  -191/526  -323/526  -175/526   253/526   -91/526  -155/526  -991/526  -495/526]
[  281/526   285/526  -483/526    81/526  -127/526   -55/526  -755/526  -123/526         0         0         0         0         0         0         0]
Testing obstruction for
m1: 1, m2: 132,a: 0
[     -1/2  -259/526  -247/526  -227/526  -199/526  -163/526  -119/526   -67/526    -7/526    61/526   137/526   221/526   313/526   413/526   521/526]
[  637/526   761/526   893/526  1033/526  1181/526  1337/526  1501/526  1673/526  1853/526  2041/526  2237/526  2441/526  2653/526  2873/526  3101/526]
[ 3337/526  3581/526  3833/526  4093/526  4361/526  4637/526  4921/526  5213/526  5513/526  5821/526  6137/526  6461/526  6793/526  7133/526  7481/526]
[ 7837/526  8201/526  8573/526  8953/526  9341/526  9737/526 10141/526 10553/526 10973/526 11401/526 11837/526 12281/526 12733/526 13193/526 13661/526]
[14137/526 14621/526 15113/526 15613/526 16121/526 16637/526 17161/526 16641/526 16129/526 15625/526 15129/526 14641/526 14161/526 13689/526 13225/526]
[12769/526 12321/526 11881/526 11449/526 11025/526 10609/526 10201/526  9801/526  9409/526  9025/526  8649/526  8281/526  7921/526  7569/526  7225/526]
[ 6889/526  6561/526  6241/526  5929/526  5625/526  5329/526  5041/526  4761/526  4489/526  4225/526  3969/526  3721/526  3481/526  3249/526  3025/526]
[ 2809/526  2601/526  2401/526  2209/526  2025/526  1849/526  1681/526  1521/526  1369/526  1225/526  1089/526   961/526   841/526   729/526   625/526]
[  529/526   441/526   361/526   289/526   225/526   169/526   121/526    81/526    49/526    25/526     9/526     1/526     1/526     9/526    25/526]
[   49/526    81/526   121/526   169/526   225/526   289/526   361/526   441/526   529/526   625/526   729/526   841/526   961/526  1089/526  1225/526]
[ 1369/526  1521/526  1681/526  1849/526  2025/526  2209/526  2401/526  2601/526  2809/526  3025/526  3249/526  3481/526  3721/526  3969/526  4225/526]
[ 4489/526  4761/526  5041/526  5329/526  5625/526  5929/526  6241/526  6561/526  6889/526  7225/526  7569/526  7921/526  8281/526  8649/526  9025/526]
[ 9409/526  9801/526 10201/526 10609/526 11025/526 11449/526 11881/526 12321/526 12769/526 13225/526 13689/526 14161/526 14641/526 15129/526 15625/526]
[16129/526 16641/526 17161/526 16637/526 16121/526 15613/526 15113/526 14621/526 14137/526 13661/526 13193/526 12733/526 12281/526 11837/526 11401/526]
[10973/526 10553/526 10141/526  9737/526  9341/526  8953/526  8573/526  8201/526  7837/526  7481/526  7133/526  6793/526  6461/526  6137/526  5821/526]
[ 5513/526  5213/526  4921/526  4637/526  4361/526  4093/526  3833/526  3581/526  3337/526  3101/526  2873/526  2653/526  2441/526  2237/526  2041/526]
[ 1853/526  1673/526  1501/526  1337/526  1181/526  1033/526   893/526   761/526   637/526   521/526   413/526   313/526   221/526   137/526    61/526]
[   -7/526   -67/526  -119/526  -163/526  -199/526  -227/526  -247/526  -259/526         0         0         0         0         0         0         0]
Unobstructed
118
---------------------------
---------------------------
13a4055
Correction terms
[     -1/2  -503/702  -959/702    -35/78    25/702    61/702    -23/78  -779/702  -251/702     -1/26  -107/702  -491/702   -131/78    -59/54  -659/702]
[   -95/78    49/702  -755/702    -17/26  -467/702  -779/702      1/78  -911/702  -731/702    -95/78   121/702    -47/54     -9/26  -179/702  -419/702]
[    49/78  -407/702  -155/702    -23/78  -563/702   181/702    -29/26  -647/702  -815/702       1/6  -659/702  -335/702    -35/78  -599/702   217/702]
[   -25/26  -467/702  -563/702   -107/78  -263/702   133/702   -131/78      1/54  -503/702      3/26   361/702 -1067/702      1/78  -623/702  -155/702]
[     1/78  -131/702  -575/702      3/26   433/702    -71/54     25/78  -335/702   205/702     49/78 -1031/702     1/702    -25/26  -251/702  -131/702]
[   -35/78  -803/702  -191/702       1/6   121/702  -179/702    -29/26  -287/702   -95/702    -23/78  -623/702    61/702   -107/78   517/702   289/702]
[    -9/26     25/54  -815/702     61/78   205/702  -443/702      1/78   157/702     1/702    -17/26   181/702  -887/702     61/78   277/702    -23/54]
[    25/78  -959/702   361/702     -1/26  -719/702  -311/702    -23/78  -407/702   493/702    -35/78   -23/702   -35/702      -1/2   433/702  -491/702]
[   -35/78  -443/702   529/702    -23/78   157/702   217/702     -1/26   829/702   -23/702     25/78     13/54  -191/702     61/78  -419/702  -287/702]
[   -17/26   469/702  -311/702      1/78    25/702  -263/702     61/78  -347/702    -11/54     -9/26  -647/702    49/702     49/78  -875/702   313/702]
[   -23/78   373/702   649/702    -29/26   289/702  -347/702       1/6   277/702   133/702    -35/78   337/702   685/702    -25/26   469/702   -95/702]
[    49/78   673/702  -803/702     25/78    -35/54   -35/702      3/26  -107/702  -599/702      1/78   313/702   313/702      1/78  -599/702  -107/702]
[     3/26   -35/702    -35/54     25/78  -803/702   673/702     49/78   -95/702   469/702    -25/26   685/702   337/702    -35/78   133/702   277/702]
[      1/6  -347/702   289/702    -29/26   649/702   373/702    -23/78   313/702  -875/702     49/78    49/702  -647/702     -9/26    -11/54  -347/702]
[    61/78  -263/702    25/702      1/78  -311/702   469/702    -17/26  -287/702  -419/702     61/78  -191/702     13/54     25/78   -23/702   829/702]
[    -1/26   217/702   157/702    -23/78   529/702  -443/702    -35/78  -491/702   433/702      -1/2   -35/702   -23/702    -35/78   493/702  -407/702]
[   -23/78  -311/702  -719/702     -1/26   361/702  -959/702     25/78    -23/54   277/702     61/78  -887/702   181/702    -17/26     1/702   157/702]
[     1/78  -443/702   205/702     61/78  -815/702     25/54     -9/26   289/702   517/702   -107/78    61/702  -623/702    -23/78   -95/702  -287/702]
[   -29/26  -179/702   121/702       1/6  -191/702  -803/702    -35/78  -131/702  -251/702    -25/26     1/702 -1031/702     49/78   205/702  -335/702]
[    25/78    -71/54   433/702      3/26  -575/702  -131/702      1/78  -155/702  -623/702      1/78 -1067/702   361/702      3/26  -503/702      1/54]
[  -131/78   133/702  -263/702   -107/78  -563/702  -467/702    -25/26   217/702  -599/702    -35/78  -335/702  -659/702       1/6  -815/702  -647/702]
[   -29/26   181/702  -563/702    -23/78  -155/702  -407/702     49/78  -419/702  -179/702     -9/26    -47/54   121/702    -95/78  -731/702  -911/702]
[     1/78  -779/702  -467/702    -17/26  -755/702    49/702    -95/78  -659/702    -59/54   -131/78  -491/702  -107/702     -1/26  -251/702  -779/702]
[   -23/78    61/702    25/702    -35/78  -959/702  -503/702         0         0         0         0         0         0         0         0         0]
Testing obstruction for
m1: 1, m2: 176,a: 0
[     -1/2  -347/702  -335/702    -35/78  -287/702  -251/702    -23/78  -155/702   -95/702     -1/26    49/702   133/702     25/78     25/54   433/702]
[    61/78   673/702   805/702     35/26  1093/702  1249/702    157/78  1585/702  1765/702    217/78  2149/702    181/54     95/26  2785/702  3013/702]
[   361/78  3493/702  3745/702    445/78  4273/702  4549/702    179/26  5125/702  5425/702      49/6  6049/702  6373/702    745/78  7045/702  7393/702]
[   287/26  8113/702  8485/702    985/78  9253/702  9649/702   1117/78    805/54 10885/702    419/26 11749/702 12193/702   1405/78 13105/702 13573/702]
[  1561/78 14533/702 15025/702    575/26 16033/702   1273/54   1897/78 17605/702 18145/702   2077/78 19249/702 19813/702    755/26 20965/702 21553/702]
[  2461/78 22753/702 23365/702     205/6 24613/702 25249/702    959/26 26545/702 27205/702   3097/78 28549/702 29233/702   3325/78 30625/702 29929/702]
[  1083/26   2197/54 27889/702   3025/78 26569/702 25921/702   2809/78 24649/702 24025/702    867/26 22801/702 22201/702   2401/78 21025/702   1573/54]
[  2209/78 19321/702 18769/702    675/26 17689/702 17161/702   1849/78 16129/702 15625/702   1681/78 14641/702 14161/702      39/2 13225/702 12769/702]
[  1369/78 11881/702 11449/702   1225/78 10609/702 10201/702    363/26  9409/702  9025/702    961/78    637/54  7921/702    841/78  7225/702  6889/702]
[   243/26  6241/702  5929/702    625/78  5329/702  5041/702    529/78  4489/702    325/54    147/26  3721/702  3481/702    361/78  3025/702  2809/702]
[   289/78  2401/702  2209/702     75/26  1849/702  1681/702      13/6  1369/702  1225/702    121/78   961/702   841/702     27/26   625/702   529/702]
[    49/78   361/702   289/702     25/78     13/54   121/702      3/26    49/702    25/702      1/78     1/702     1/702      1/78    25/702    49/702]
[     3/26   121/702     13/54     25/78   289/702   361/702     49/78   529/702   625/702     27/26   841/702   961/702    121/78  1225/702  1369/702]
[     13/6  1681/702  1849/702     75/26  2209/702  2401/702    289/78  2809/702  3025/702    361/78  3481/702  3721/702    147/26    325/54  4489/702]
[   529/78  5041/702  5329/702    625/78  5929/702  6241/702    243/26  6889/702  7225/702    841/78  7921/702    637/54    961/78  9025/702  9409/702]
[   363/26 10201/702 10609/702   1225/78 11449/702 11881/702   1369/78 12769/702 13225/702      39/2 14161/702 14641/702   1681/78 15625/702 16129/702]
[  1849/78 17161/702 17689/702    675/26 18769/702 19321/702   2209/78   1573/54 21025/702   2401/78 22201/702 22801/702    867/26 24025/702 24649/702]
[  2809/78 25921/702 26569/702   3025/78 27889/702   2197/54   1083/26 29929/702 30625/702   3325/78 29233/702 28549/702   3097/78 27205/702 26545/702]
[   959/26 25249/702 24613/702     205/6 23365/702 22753/702   2461/78 21553/702 20965/702    755/26 19813/702 19249/702   2077/78 18145/702 17605/702]
[  1897/78   1273/54 16033/702    575/26 15025/702 14533/702   1561/78 13573/702 13105/702   1405/78 12193/702 11749/702    419/26 10885/702    805/54]
[  1117/78  9649/702  9253/702    985/78  8485/702  8113/702    287/26  7393/702  7045/702    745/78  6373/702  6049/702      49/6  5425/702  5125/702]
[   179/26  4549/702  4273/702    445/78  3745/702  3493/702    361/78  3013/702  2785/702     95/26    181/54  2149/702    217/78  1765/702  1585/702]
[   157/78  1249/702  1093/702     35/26   805/702   673/702     61/78   433/702     25/54     25/78   133/702    49/702     -1/26   -95/702  -155/702]
[   -23/78  -251/702  -287/702    -35/78  -335/702  -347/702         0         0         0         0         0         0         0         0         0]
Unobstructed
142
---------------------------
---------------------------
13a4056
Correction terms
[     -1/2    21/790  1269/790   189/790   -59/790   105/158   361/790  -551/790   949/790   121/790    25/158  -619/790  1049/790   389/790   561/790]
[   -3/158   241/790  -251/790    89/790  -319/790    21/158  -219/790   289/790    49/790   641/790    97/158  -419/790  -491/790   269/790   281/790]
[  -91/158  -359/790   569/790   749/790   181/790    89/158   -39/790   309/790   -91/790   341/790     5/158   541/790   309/790   909/790   761/790]
[  -27/158  -199/790   569/790   589/790  -139/790    -7/158   901/790  -491/790   529/790   801/790    65/158  -899/790   289/790   729/790   421/790]
[ -127/158   721/790  -251/790  -391/790   301/790    49/158  -559/790  -531/790   329/790   441/790   -39/158     1/790  -551/790  -271/790   841/790]
[  -75/158  -759/790  -311/790   969/790     -1/10   -59/158   321/790   189/790  -691/790   841/790     9/158    81/790  -631/790  1069/790   441/790]
[  129/158   101/790   389/790   -71/790   301/790   -15/158   381/790    89/790   629/790   421/790   209/158  -659/790    49/790     9/790   801/790]
[ -147/158   141/790   269/790  -351/790  -139/790   181/158  -379/790  -831/790  -451/790   761/790   -71/158  -639/790   -91/790  -291/790   341/790]
[   45/158  -639/790  -671/790   129/790   181/790  -103/158  -379/790   589/790  -771/790   281/790   117/158   141/790 -1051/790   169/790   641/790]
[   73/158  -659/790   729/790  -211/790  -319/790    81/158   381/790  -391/790  -331/790   561/790   141/158   101/790   329/790  -191/790   121/790]
[  -63/158    81/790  -271/790   209/790   -59/790   101/158   321/790  -611/790     -9/10    21/790     1/158  -759/790  -691/790   209/790   361/790]
[  -47/158     1/790  -511/790  -191/790  -619/790   -43/158  -559/790   -71/790  -331/790   241/790    13/158   721/790  -951/790  -211/790  -219/790]
[  121/158  -899/790     9/790   169/790  -419/790   -35/158   901/790  -351/790  -771/790  -359/790   177/158  -199/790  -451/790   129/790   -39/790]
[  125/158   541/790  -291/790  -291/790   541/790   125/158   -39/790   129/790  -451/790  -199/790   177/158  -359/790  -771/790  -351/790   901/790]
[  -35/158  -419/790   169/790     9/790  -899/790   121/158  -219/790  -211/790  -951/790   721/790    13/158   241/790  -331/790   -71/790  -559/790]
[  -43/158  -619/790  -191/790  -511/790     1/790   -47/158   361/790   209/790  -691/790  -759/790     1/158    21/790     -9/10  -611/790   321/790]
[  101/158   -59/790   209/790  -271/790    81/790   -63/158   121/790  -191/790   329/790   101/790   141/158   561/790  -331/790  -391/790   381/790]
[   81/158  -319/790  -211/790   729/790  -659/790    73/158   641/790   169/790 -1051/790   141/790   117/158   281/790  -771/790   589/790  -379/790]
[ -103/158   181/790   129/790  -671/790  -639/790    45/158   341/790  -291/790   -91/790  -639/790   -71/158   761/790  -451/790  -831/790  -379/790]
[  181/158  -139/790  -351/790   269/790   141/790  -147/158   801/790     9/790    49/790  -659/790   209/158   421/790   629/790    89/790   381/790]
[  -15/158   301/790   -71/790   389/790   101/790   129/158   441/790  1069/790  -631/790    81/790     9/158   841/790  -691/790   189/790   321/790]
[  -59/158     -1/10   969/790  -311/790  -759/790   -75/158   841/790  -271/790  -551/790     1/790   -39/158   441/790   329/790  -531/790  -559/790]
[   49/158   301/790  -391/790  -251/790   721/790  -127/158   421/790   729/790   289/790  -899/790    65/158   801/790   529/790  -491/790   901/790]
[   -7/158  -139/790   589/790   569/790  -199/790   -27/158   761/790   909/790   309/790   541/790     5/158   341/790   -91/790   309/790   -39/790]
[   89/158   181/790   749/790   569/790  -359/790   -91/158   281/790   269/790  -491/790  -419/790    97/158   641/790    49/790   289/790  -219/790]
[   21/158  -319/790    89/790  -251/790   241/790    -3/158   561/790   389/790  1049/790  -619/790    25/158   121/790   949/790  -551/790   361/790]
[  105/158   -59/790   189/790  1269/790    21/790         0         0         0         0         0         0         0         0         0         0]
Testing obstruction for
m1: 1, m2: 198,a: 0
[     -1/2  -391/790  -379/790  -359/790  -331/790   -59/158  -251/790  -199/790  -139/790   -71/790     1/158    89/790   181/790   281/790   389/790]
[  101/158   629/790   761/790   901/790  1049/790   241/158  1369/790  1541/790  1721/790  1909/790   421/158  2309/790  2521/790  2741/790  2969/790]
[  641/158  3449/790  3701/790  3961/790  4229/790   901/158  4789/790  5081/790  5381/790  5689/790  1201/158  6329/790  6661/790  7001/790  7349/790]
[ 1541/158  8069/790  8441/790  8821/790  9209/790  1921/158 10009/790 10421/790 10841/790 11269/790  2341/158 12149/790 12601/790 13061/790 13529/790]
[ 2801/158 14489/790 14981/790 15481/790 15989/790  3301/158 17029/790 17561/790 18101/790 18649/790  3841/158 19769/790 20341/790 20921/790 21509/790]
[ 4421/158 22709/790 23321/790 23941/790    311/10  5041/158 25849/790 26501/790 27161/790 27829/790  5701/158 29189/790 29881/790 30581/790 31289/790]
[ 6401/158 32729/790 33461/790 34201/790 34949/790  7141/158 36469/790 37241/790 38021/790 38809/790  7605/158 37249/790 36481/790 35721/790 34969/790]
[ 6845/158 33489/790 32761/790 32041/790 31329/790  6125/158 29929/790 29241/790 28561/790 27889/790  5445/158 26569/790 25921/790 25281/790 24649/790]
[ 4805/158 23409/790 22801/790 22201/790 21609/790  4205/158 20449/790 19881/790 19321/790 18769/790  3645/158 17689/790 17161/790 16641/790 16129/790]
[ 3125/158 15129/790 14641/790 14161/790 13689/790  2645/158 12769/790 12321/790 11881/790 11449/790  2205/158 10609/790 10201/790  9801/790  9409/790]
[ 1805/158  8649/790  8281/790  7921/790  7569/790  1445/158  6889/790  6561/790     79/10  5929/790  1125/158  5329/790  5041/790  4761/790  4489/790]
[  845/158  3969/790  3721/790  3481/790  3249/790   605/158  2809/790  2601/790  2401/790  2209/790   405/158  1849/790  1681/790  1521/790  1369/790]
[  245/158  1089/790   961/790   841/790   729/790   125/158   529/790   441/790   361/790   289/790    45/158   169/790   121/790    81/790    49/790]
[    5/158     9/790     1/790     1/790     9/790     5/158    49/790    81/790   121/790   169/790    45/158   289/790   361/790   441/790   529/790]
[  125/158   729/790   841/790   961/790  1089/790   245/158  1369/790  1521/790  1681/790  1849/790   405/158  2209/790  2401/790  2601/790  2809/790]
[  605/158  3249/790  3481/790  3721/790  3969/790   845/158  4489/790  4761/790  5041/790  5329/790  1125/158  5929/790     79/10  6561/790  6889/790]
[ 1445/158  7569/790  7921/790  8281/790  8649/790  1805/158  9409/790  9801/790 10201/790 10609/790  2205/158 11449/790 11881/790 12321/790 12769/790]
[ 2645/158 13689/790 14161/790 14641/790 15129/790  3125/158 16129/790 16641/790 17161/790 17689/790  3645/158 18769/790 19321/790 19881/790 20449/790]
[ 4205/158 21609/790 22201/790 22801/790 23409/790  4805/158 24649/790 25281/790 25921/790 26569/790  5445/158 27889/790 28561/790 29241/790 29929/790]
[ 6125/158 31329/790 32041/790 32761/790 33489/790  6845/158 34969/790 35721/790 36481/790 37249/790  7605/158 38809/790 38021/790 37241/790 36469/790]
[ 7141/158 34949/790 34201/790 33461/790 32729/790  6401/158 31289/790 30581/790 29881/790 29189/790  5701/158 27829/790 27161/790 26501/790 25849/790]
[ 5041/158    311/10 23941/790 23321/790 22709/790  4421/158 21509/790 20921/790 20341/790 19769/790  3841/158 18649/790 18101/790 17561/790 17029/790]
[ 3301/158 15989/790 15481/790 14981/790 14489/790  2801/158 13529/790 13061/790 12601/790 12149/790  2341/158 11269/790 10841/790 10421/790 10009/790]
[ 1921/158  9209/790  8821/790  8441/790  8069/790  1541/158  7349/790  7001/790  6661/790  6329/790  1201/158  5689/790  5381/790  5081/790  4789/790]
[  901/158  4229/790  3961/790  3701/790  3449/790   641/158  2969/790  2741/790  2521/790  2309/790   421/158  1909/790  1721/790  1541/790  1369/790]
[  241/158  1049/790   901/790   761/790   629/790   101/158   389/790   281/790   181/790    89/790     1/158   -71/790  -139/790  -199/790  -251/790]
[  -59/158  -331/790  -359/790  -379/790  -391/790         0         0         0         0         0         0         0         0         0         0]
Unobstructed
63
---------------------------
---------------------------
