13a2667
H_1 not cyclic will skip for now
13a2710
Correction terms
[    -1/2  -79/342  197/342    -3/38  -67/342 -607/342   -31/38 -451/342  245/342   -27/38  137/342   17/342     9/38  329/342   77/342]
[    1/38 -559/342 -259/342   -51/38    11/18 -307/342     5/38 -103/342  -67/342    17/38 -127/342 -223/342   -15/38 -547/342  -91/342]
[  -15/38    5/342 -355/342    17/38  161/342  353/342     5/38  -79/342    -1/18   -51/38  -31/342 -103/342     1/38 -379/342  101/342]
[    9/38  245/342  -91/342   -27/38 -211/342    5/342   -31/38 -379/342 -295/342    -3/38 -259/342  377/342     -1/2  149/342  -31/342]
[   -3/38  161/342 -151/342   -31/38 -223/342   17/342   -27/38  365/342 -211/342     9/38 -127/342 -151/342     1/38 -331/342 -487/342]
[  -51/38   -13/18  149/342     5/38  125/342 -295/342    17/38  101/342  233/342   -15/38 -319/342 -319/342   -15/38  233/342  101/342]
[   17/38 -295/342  125/342     5/38  149/342   -13/18   -51/38 -487/342 -331/342     1/38 -151/342 -127/342     9/38 -211/342  365/342]
[  -27/38   17/342 -223/342   -31/38 -151/342  161/342    -3/38  -31/342  149/342     -1/2  377/342 -259/342    -3/38 -295/342 -379/342]
[  -31/38    5/342 -211/342   -27/38  -91/342  245/342     9/38  101/342 -379/342     1/38 -103/342  -31/342   -51/38    -1/18  -79/342]
[    5/38  353/342  161/342    17/38 -355/342    5/342   -15/38  -91/342 -547/342   -15/38 -223/342 -127/342    17/38  -67/342 -103/342]
[    5/38 -307/342    11/18   -51/38 -259/342 -559/342     1/38   77/342  329/342     9/38   17/342  137/342   -27/38  245/342 -451/342]
[  -31/38 -607/342  -67/342    -3/38  197/342  -79/342        0        0        0        0        0        0        0        0        0]
Testing obstruction for
m1: 1, m2: 86,a: 0
[    -1/2 -167/342 -155/342   -15/38 -107/342  -71/342    -3/38   25/342   85/342    17/38  229/342  313/342    45/38  505/342  613/342]
[   81/38  853/342  985/342   125/38    67/18 1429/342   177/38 1765/342 1945/342   237/38 2329/342 2533/342   305/38 2965/342 3193/342]
[  381/38 3673/342 3925/342   465/38 4453/342 4729/342   557/38 5305/342   295/18   657/38 6229/342 6553/342   765/38 7225/342 6889/342]
[  729/38 6241/342 5929/342   625/38 5329/342 5041/342   529/38 4489/342 4225/342   441/38 3721/342 3481/342     19/2 3025/342 2809/342]
[  289/38 2401/342 2209/342   225/38 1849/342 1681/342   169/38 1369/342 1225/342   121/38  961/342  841/342    81/38  625/342  529/342]
[   49/38    19/18  289/342    25/38  169/342  121/342     9/38   49/342   25/342     1/38    1/342    1/342     1/38   25/342   49/342]
[    9/38  121/342  169/342    25/38  289/342    19/18    49/38  529/342  625/342    81/38  841/342  961/342   121/38 1225/342 1369/342]
[  169/38 1681/342 1849/342   225/38 2209/342 2401/342   289/38 2809/342 3025/342     19/2 3481/342 3721/342   441/38 4225/342 4489/342]
[  529/38 5041/342 5329/342   625/38 5929/342 6241/342   729/38 6889/342 7225/342   765/38 6553/342 6229/342   657/38   295/18 5305/342]
[  557/38 4729/342 4453/342   465/38 3925/342 3673/342   381/38 3193/342 2965/342   305/38 2533/342 2329/342   237/38 1945/342 1765/342]
[  177/38 1429/342    67/18   125/38  985/342  853/342    81/38  613/342  505/342    45/38  313/342  229/342    17/38   85/342   25/342]
[   -3/38  -71/342 -107/342   -15/38 -155/342 -167/342        0        0        0        0        0        0        0        0        0]
Testing obstruction for
m1: 2, m2: 29,a: 0
Obstructed by Z^n/Q not being cyclic
Testing obstruction for
m1: 5, m2: 10,a: 0
[    -1/2 -287/342   49/342    17/38  709/342 1033/342    49/38  301/342  -71/342     1/38 -143/342  157/342    25/38  745/342 1033/342]
[   45/38  229/342 -179/342   -15/38   -17/18  -59/342    -3/38  457/342  709/342    81/38  517/342   73/342     9/38 -143/342   85/342]
[    9/38  529/342  745/342    81/38  481/342    1/342    -3/38 -287/342    -5/18   -15/38  277/342  457/342    45/38  805/342  289/342]
[   25/38  -71/342   85/342     1/38  385/342  529/342    49/38  805/342  253/342    17/38 -179/342  -59/342     -1/2  169/342  277/342]
[   17/38  481/342  577/342    49/38   73/342  157/342     1/38  313/342  385/342    25/38  517/342  577/342    45/38    1/342   49/342]
[  -15/38     7/18  169/342    -3/38  229/342  253/342    81/38  289/342  301/342     9/38  313/342  313/342     9/38  301/342  289/342]
[   81/38  253/342  229/342    -3/38  169/342     7/18   -15/38   49/342    1/342    45/38  577/342  517/342    25/38  385/342  313/342]
[    1/38  157/342   73/342    49/38  577/342  481/342    17/38  277/342  169/342     -1/2  -59/342 -179/342    17/38  253/342  805/342]
[   49/38  529/342  385/342     1/38   85/342  -71/342    25/38  289/342  805/342    45/38  457/342  277/342   -15/38    -5/18 -287/342]
[   -3/38    1/342  481/342    81/38  745/342  529/342     9/38   85/342 -143/342     9/38   73/342  517/342    81/38  709/342  457/342]
[   -3/38  -59/342   -17/18   -15/38 -179/342  229/342    45/38 1033/342  745/342    25/38  157/342 -143/342     1/38  -71/342  301/342]
[   49/38 1033/342  709/342    17/38   49/342 -287/342        0        0        0        0        0        0        0        0        0]
Testing obstruction for
m1: 3, m2: 18,a: 1
[    -1/2 -307/342  -31/342    -3/38 -295/342 -151/342   -31/38    5/342   17/342   -27/38  -91/342 -211/342     9/38  101/342 -151/342]
[    1/38 -103/342  197/342    25/38    -1/18  149/342     5/38  353/342  389/342    17/38  329/342  233/342    61/38  593/342  365/342]
[   61/38  461/342  785/342    93/38  617/342  809/342    81/38 1061/342    59/18   101/38 1109/342 1037/342   153/38 1445/342 1241/342]
[  161/38 1385/342 1049/342   125/38  929/342 1145/342   121/38  761/342  845/342    73/38  881/342  833/342      3/2  605/342  425/342]
[   73/38  617/342  305/342    45/38  233/342  473/342    49/38  137/342  245/342     9/38  329/342  305/342     1/38  125/342  -31/342]
[   25/38    11/18  -79/342     5/38 -103/342  161/342    17/38 -127/342    5/342   -15/38  137/342  137/342   -15/38    5/342 -127/342]
[   17/38  161/342 -103/342     5/38  -79/342    11/18    25/38  -31/342  125/342     1/38  305/342  329/342     9/38  245/342  137/342]
[   49/38  473/342  233/342    45/38  305/342  617/342    73/38  425/342  605/342      3/2  833/342  881/342    73/38  845/342  761/342]
[  121/38 1145/342  929/342   125/38 1049/342 1385/342   161/38 1241/342 1445/342   153/38 1037/342 1109/342   101/38    59/18 1061/342]
[   81/38  809/342  617/342    93/38  785/342  461/342    61/38  365/342  593/342    61/38  233/342  329/342    17/38  389/342  353/342]
[    5/38  149/342    -1/18    25/38  197/342 -103/342     1/38 -151/342  101/342     9/38 -211/342  -91/342   -27/38   17/342    5/342]
[  -31/38 -151/342 -295/342    -3/38  -31/342 -307/342        0        0        0        0        0        0        0        0        0]
Unobstructed
20
---------------------------
---------------------------
13a2711
Correction terms
[    -1/2 -127/534  293/534  331/178 -163/534   29/534 -189/178  185/534  149/534  131/178 -151/534 -415/534 -133/178 -103/534  473/534]
[  87/178  329/534 -391/534   79/178   77/534  197/534  199/178  209/534  101/534   91/178 -343/534  389/534  111/178  557/534   -7/534]
[ -97/178 -295/534  -19/534  179/178  305/534  353/534 -129/178  221/534   41/534   47/178  521/534  113/534   -5/178  137/534  569/534]
[  71/178  137/534  341/534  -81/178  521/534  497/534 -105/178  221/534  -31/534   -1/178  305/534 -175/534 -125/178 -295/534   65/534]
[ 235/178  557/534 -379/534   11/178 -343/534  629/534  271/178  209/534 -115/534  -53/178   77/534  593/534  107/178  329/534 -451/534]
[  39/178 -103/534  -43/534   99/178 -151/534 -319/534  -69/178  185/534 -211/534  247/178 -163/534  281/534  -21/178 -127/534      1/6]
[ 195/178  293/534  281/534 -173/178   29/534 -211/534  299/178  149/534 -319/534 -169/178 -415/534  -43/534  203/178  473/534 -451/534]
[  -9/178 -391/534  593/534  263/178  197/534 -115/534  -49/178  101/534  629/534  123/178  389/534 -379/534   67/178   -7/534   65/534]
[ 139/178  -19/534 -175/534  -17/178  353/534  -31/534  -45/178   41/534  497/534   55/178  113/534  341/534  -73/178  569/534  569/534]
[ -73/178  341/534  113/534   55/178  497/534   41/534  -45/178  -31/534  353/534  -17/178 -175/534  -19/534  139/178   65/534   -7/534]
[  67/178 -379/534  389/534  123/178  629/534  101/534  -49/178 -115/534  197/534  263/178  593/534 -391/534   -9/178 -451/534  473/534]
[ 203/178  -43/534 -415/534 -169/178 -319/534  149/534  299/178 -211/534   29/534 -173/178  281/534  293/534  195/178      1/6 -127/534]
[ -21/178  281/534 -163/534  247/178 -211/534  185/534  -69/178 -319/534 -151/534   99/178  -43/534 -103/534   39/178 -451/534  329/534]
[ 107/178  593/534   77/534  -53/178 -115/534  209/534  271/178  629/534 -343/534   11/178 -379/534  557/534  235/178   65/534 -295/534]
[-125/178 -175/534  305/534   -1/178  -31/534  221/534 -105/178  497/534  521/534  -81/178  341/534  137/534   71/178  569/534  137/534]
[  -5/178  113/534  521/534   47/178   41/534  221/534 -129/178  353/534  305/534  179/178  -19/534 -295/534  -97/178   -7/534  557/534]
[ 111/178  389/534 -343/534   91/178  101/534  209/534  199/178  197/534   77/534   79/178 -391/534  329/534   87/178  473/534 -103/534]
[-133/178 -415/534 -151/534  131/178  149/534  185/534 -189/178   29/534 -163/534  331/178  293/534 -127/534        0        0        0]
Testing obstruction for
m1: 1, m2: 134,a: 0
[     -1/2  -263/534  -251/534   -77/178  -203/534  -167/534   -41/178   -71/534   -11/534    19/178   133/534   217/534   103/178   409/534   517/534]
[  211/178   757/534   889/534   343/178  1177/534  1333/534   499/178  1669/534  1849/534   679/178  2233/534  2437/534   883/178  2869/534  3097/534]
[ 1111/178  3577/534  3829/534  1363/178  4357/534  4633/534  1639/178  5209/534  5509/534  1939/178  6133/534  6457/534  2263/178  7129/534  7477/534]
[ 2611/178  8197/534  8569/534  2983/178  9337/534  9733/534  3379/178 10549/534 10969/534  3799/178 11833/534 12277/534  4243/178 13189/534 13657/534]
[ 4711/178 14617/534 15109/534  5203/178 16117/534 16633/534  5719/178 17689/534 17161/534  5547/178 16129/534 15625/534  5043/178 14641/534 14161/534]
[ 4563/178 13225/534 12769/534  4107/178 11881/534 11449/534  3675/178 10609/534 10201/534  3267/178  9409/534  9025/534  2883/178  8281/534      89/6]
[ 2523/178  7225/534  6889/534  2187/178  6241/534  5929/534  1875/178  5329/534  5041/534  1587/178  4489/534  4225/534  1323/178  3721/534  3481/534]
[ 1083/178  3025/534  2809/534   867/178  2401/534  2209/534   675/178  1849/534  1681/534   507/178  1369/534  1225/534   363/178   961/534   841/534]
[  243/178   625/534   529/534   147/178   361/534   289/534    75/178   169/534   121/534    27/178    49/534    25/534     3/178     1/534     1/534]
[    3/178    25/534    49/534    27/178   121/534   169/534    75/178   289/534   361/534   147/178   529/534   625/534   243/178   841/534   961/534]
[  363/178  1225/534  1369/534   507/178  1681/534  1849/534   675/178  2209/534  2401/534   867/178  2809/534  3025/534  1083/178  3481/534  3721/534]
[ 1323/178  4225/534  4489/534  1587/178  5041/534  5329/534  1875/178  5929/534  6241/534  2187/178  6889/534  7225/534  2523/178      89/6  8281/534]
[ 2883/178  9025/534  9409/534  3267/178 10201/534 10609/534  3675/178 11449/534 11881/534  4107/178 12769/534 13225/534  4563/178 14161/534 14641/534]
[ 5043/178 15625/534 16129/534  5547/178 17161/534 17689/534  5719/178 16633/534 16117/534  5203/178 15109/534 14617/534  4711/178 13657/534 13189/534]
[ 4243/178 12277/534 11833/534  3799/178 10969/534 10549/534  3379/178  9733/534  9337/534  2983/178  8569/534  8197/534  2611/178  7477/534  7129/534]
[ 2263/178  6457/534  6133/534  1939/178  5509/534  5209/534  1639/178  4633/534  4357/534  1363/178  3829/534  3577/534  1111/178  3097/534  2869/534]
[  883/178  2437/534  2233/534   679/178  1849/534  1669/534   499/178  1333/534  1177/534   343/178   889/534   757/534   211/178   517/534   409/534]
[  103/178   217/534   133/534    19/178   -11/534   -71/534   -41/178  -167/534  -203/534   -77/178  -251/534  -263/534         0         0         0]
Testing obstruction for
m1: 2, m2: 45,a: 0
[    -1/2 -175/534  101/534 -169/178  137/534 -103/534  -53/178  -31/534  281/534  -97/178  389/534  185/534   55/178  329/534  677/534]
[  47/178  857/534  689/534  235/178  905/534 1289/534  263/178 1541/534 1409/534  487/178 1697/534 2117/534  551/178 2441/534 2345/534]
[ 811/178 2705/534 3161/534  911/178 3557/534 3497/534 1207/178 3929/534 4421/534 1343/178 4889/534 4865/534 1675/178 5369/534 5897/534]
[1847/178 5369/534 5381/534 1503/178 4889/534 4385/534 1355/178 3929/534 3977/534 1047/178 3557/534 3089/534  935/178 2705/534 2789/534]
[ 663/178 2441/534 2009/534  587/178 1697/534 1817/534  351/178 1541/534 1145/534  311/178  905/534 1061/534  111/178  857/534  497/534]
[ 107/178  329/534  521/534  -57/178  389/534   65/534  -25/178  -31/534  197/534 -153/178  137/534 -151/534  -85/178 -175/534      1/6]
[-177/178  101/534 -151/534  -73/178 -103/534  197/534 -129/178  281/534   65/534   11/178  185/534  521/534   -9/178  677/534  497/534]
[ 167/178  689/534 1061/534  183/178 1289/534 1145/534  395/178 1409/534 1817/534  447/178 2117/534 2009/534  695/178 2345/534 2789/534]
[ 783/178 3161/534 3089/534 1067/178 3497/534 3977/534 1191/178 4421/534 4385/534 1511/178 4865/534 5381/534 1671/178 5897/534 5897/534]
[1671/178 5381/534 4865/534 1511/178 4385/534 4421/534 1191/178 3977/534 3497/534 1067/178 3089/534 3161/534  783/178 2789/534 2345/534]
[ 695/178 2009/534 2117/534  447/178 1817/534 1409/534  395/178 1145/534 1289/534  183/178 1061/534  689/534  167/178  497/534  677/534]
[  -9/178  521/534  185/534   11/178   65/534  281/534 -129/178  197/534 -103/534  -73/178 -151/534  101/534 -177/178      1/6 -175/534]
[ -85/178 -151/534  137/534 -153/178  197/534  -31/534  -25/178   65/534  389/534  -57/178  521/534  329/534  107/178  497/534  857/534]
[ 111/178 1061/534  905/534  311/178 1145/534 1541/534  351/178 1817/534 1697/534  587/178 2009/534 2441/534  663/178 2789/534 2705/534]
[ 935/178 3089/534 3557/534 1047/178 3977/534 3929/534 1355/178 4385/534 4889/534 1503/178 5381/534 5369/534 1847/178 5897/534 5369/534]
[1675/178 4865/534 4889/534 1343/178 4421/534 3929/534 1207/178 3497/534 3557/534  911/178 3161/534 2705/534  811/178 2345/534 2441/534]
[ 551/178 2117/534 1697/534  487/178 1409/534 1541/534  263/178 1289/534  905/534  235/178  689/534  857/534   47/178  677/534  329/534]
[  55/178  185/534  389/534  -97/178  281/534  -31/534  -53/178 -103/534  137/534 -169/178  101/534 -175/534        0        0        0]
[-175/534, 101/534, -169/178, 137/534, -103/534, -53/178, -31/534, 281/534, -97/178, 389/534, 185/534, 55/178, 329/534, 677/534, 47/178, 857/534, 689/534, 235/178, 905/534, 1289/534, 263/178, 1541/534, 1409/534, 487/178, 1697/534, 2117/534, 551/178, 2441/534, 2345/534, 811/178, 2705/534, 3161/534, 911/178, 3557/534, 3497/534, 1207/178, 3929/534, 4421/534, 1343/178, 4889/534, 4865/534, 1675/178, 5369/534, 5897/534, 1847/178, 5369/534, 5381/534, 1503/178, 4889/534, 4385/534, 1355/178, 3929/534, 3977/534, 1047/178, 3557/534, 3089/534, 935/178, 2705/534, 2789/534, 663/178, 2441/534, 2009/534, 587/178, 1697/534, 1817/534, 351/178, 1541/534, 1145/534, 311/178, 905/534, 1061/534, 111/178, 857/534, 497/534, 107/178, 329/534, 521/534, -57/178]
56 [-175/534, 101/534, -169/178, 137/534, -103/534, -53/178, -31/534, 281/534, -97/178, 389/534, 185/534, 55/178, 329/534, -391/534, 47/178, -211/534, -379/534, 235/178, -163/534, 221/534, 263/178, 473/534, 341/534, 131/178, 629/534, -19/534, 195/178, 305/534, 209/534, 99/178, 569/534, -43/534, 199/178, 353/534, 293/534, 139/178, -343/534, 149/534, -81/178, -451/534, 593/534, -105/178, 29/534, 557/534, 67/178, 29/534, 41/534, 79/178, -451/534, 113/534, -69/178, -343/534, -295/534, -21/178, 353/534, -115/534, -133/178, 569/534, -415/534, -49/178, 305/534, -127/534, -125/178, 629/534, -319/534, -5/178, 473/534, 77/534, -45/178, -163/534, -7/534, 111/178, -211/534, 497/534, 107/178, 329/534, 521/534, 299/178]
[-175/534, 101/534, -169/178, 137/534, -103/534, -53/178, -31/534, 281/534, -97/178, 389/534, 185/534, 55/178, 329/534, 677/534, 47/178, 857/534, 689/534, 235/178, 905/534, 1289/534, 263/178, 1541/534, 1409/534, 487/178, 1697/534, 2117/534, 551/178, 2441/534, 2345/534, 811/178, 2705/534, 3161/534, 911/178, 3557/534, 3497/534, 1207/178, 3929/534, 4421/534, 1343/178, 4889/534, 4865/534, 1675/178, 5369/534, 5897/534, 1847/178, 5369/534, 5381/534, 1503/178, 4889/534, 4385/534, 1355/178, 3929/534, 3977/534, 1047/178, 3557/534, 3089/534, 935/178, 2705/534, 2789/534, 663/178, 2441/534, 2009/534, 587/178, 1697/534, 1817/534, 351/178, 1541/534, 1145/534, 311/178, 905/534, 1061/534, 111/178, 857/534, 497/534, 107/178, 329/534, 521/534, -57/178]
122 [-175/534, 101/534, -169/178, 137/534, -103/534, -53/178, -31/534, 281/534, -97/178, 389/534, 185/534, 55/178, 329/534, -391/534, 47/178, -211/534, -379/534, 235/178, -163/534, 221/534, 263/178, 473/534, 341/534, 131/178, 629/534, -19/534, 195/178, 305/534, 209/534, 99/178, 569/534, -43/534, 199/178, 353/534, 293/534, 139/178, -343/534, 149/534, -81/178, -451/534, 593/534, -105/178, 29/534, 557/534, 67/178, 29/534, 41/534, 79/178, -451/534, 113/534, -69/178, -343/534, -295/534, -21/178, 353/534, -115/534, -133/178, 569/534, -415/534, -49/178, 305/534, -127/534, -125/178, 629/534, -319/534, -5/178, 473/534, 77/534, -45/178, -163/534, -7/534, 111/178, -211/534, 497/534, 107/178, 329/534, 521/534, 299/178]
Testing obstruction for
m1: 12, m2: 15,a: 10
[    -1/2 -511/534 -175/534 -109/178  101/534   41/534  187/178  593/534  137/534   87/178 -103/534  113/534  -53/178  149/534  -31/534]
[ 123/178  281/534  773/534  259/178  293/534  389/534   -1/178  185/534 -115/534   55/178  -43/534  329/534   71/178  677/534  653/534]
[ 403/178 1277/534  857/534  339/178  689/534  941/534  235/178 1049/534  905/534  447/178 1289/534 1817/534  619/178 1409/534 1541/534]
[ 395/178 1409/534 1145/534  487/178 1289/534 1697/534  539/178 1049/534 1061/534  195/178  689/534  305/534  167/178  209/534  497/534]
[  99/178  677/534  569/534  347/178 1025/534  521/534  199/178  185/534  353/534   11/178  293/534   65/534  139/178  281/534  725/534]
[ 227/178  149/534  197/534  -81/178 -103/534 -451/534  -73/178 -475/534 -151/534 -105/178  101/534   29/534  179/178  557/534      1/6]
[  67/178 -175/534   29/534  -85/178   41/534 -151/534   79/178  137/534  617/534  203/178  113/534  197/534  -69/178  -31/534 -343/534]
[ -25/178 -295/534   65/534  -21/178  389/534  353/534  299/178  953/534  521/534  223/178  329/534  569/534  107/178  653/534  497/534]
[ 307/178  857/534 1373/534  467/178  941/534 1061/534  231/178  905/534  629/534  311/178  749/534 1145/534  351/178 1541/534 1541/534]
[ 351/178 1145/534  749/534  311/178  629/534  905/534  231/178 1061/534  941/534  467/178 1373/534  857/534  307/178  497/534  653/534]
[ 107/178  569/534  329/534  223/178  521/534  953/534  299/178  353/534  389/534  -21/178   65/534 -295/534  -25/178 -343/534  -31/534]
[ -69/178  197/534  113/534  203/178  617/534  137/534   79/178 -151/534   41/534  -85/178   29/534 -175/534   67/178      1/6  557/534]
[ 179/178   29/534  101/534 -105/178 -151/534 -475/534  -73/178 -451/534 -103/534  -81/178  197/534  149/534  227/178  725/534  281/534]
[ 139/178   65/534  293/534   11/178  353/534  185/534  199/178  521/534 1025/534  347/178  569/534  677/534   99/178  497/534  209/534]
[ 167/178  305/534  689/534  195/178 1061/534 1049/534  539/178 1697/534 1289/534  487/178 1145/534 1409/534  395/178 1541/534 1409/534]
[ 619/178 1817/534 1289/534  447/178  905/534 1049/534  235/178  941/534  689/534  339/178  857/534 1277/534  403/178  653/534  677/534]
[  71/178  329/534  -43/534   55/178 -115/534  185/534   -1/178  389/534  293/534  259/178  773/534  281/534  123/178  -31/534  149/534]
[ -53/178  113/534 -103/534   87/178  137/534  593/534  187/178   41/534  101/534 -109/178 -175/534 -511/534        0        0        0]
Testing obstruction for
m1: 34, m2: 35,a: 33
[    -1/2 -467/534    1/534   23/178 -263/534   73/534    3/178 -455/534 -251/534 -149/178   25/534   97/534  -77/178  109/534   49/534]
[-137/178 -203/534 -395/534   27/178  157/534 -167/534   59/178  121/534 -335/534  -41/178 -311/534  169/534   83/178  -71/534  277/534]
[  75/178 -227/534  -11/534  -65/178  289/534  373/534   19/178  409/534  361/534  -29/178  133/534  -47/534  147/178  529/534  217/534]
[ 191/178  529/534   85/534  103/178  133/534  625/534  239/178  409/534  769/534  243/178  289/534  517/534  115/178  841/534  937/534]
[ 211/178  997/534  961/534  175/178  757/534  589/534  363/178 1189/534  889/534  419/178 1225/534  793/534  343/178  865/534 1369/534]
[ 491/178 1177/534 1549/534  507/178 1093/534 1333/534  391/178 1681/534 1789/534  499/178 1873/534 1849/534  475/178 1669/534     17/6]
[ 675/178 2137/534 1849/534  743/178 2209/534 1789/534  679/178 1885/534 2401/534  839/178 2233/534 2617/534  867/178 2185/534 2437/534]
[ 763/178 2809/534 2929/534  883/178 3037/534 3025/534  871/178 2869/534 2725/534 1083/178 3373/534 3097/534 1163/178 3481/534 3073/534]
[1111/178 3193/534 3721/534 1283/178 3577/534 3973/534 1323/178 3565/534 3829/534 1231/178 4225/534 4357/534 1363/178 4489/534 4489/534]
[1363/178 4357/534 4225/534 1231/178 3829/534 3565/534 1323/178 3973/534 3577/534 1283/178 3721/534 3193/534 1111/178 3073/534 3481/534]
[1163/178 3097/534 3373/534 1083/178 2725/534 2869/534  871/178 3025/534 3037/534  883/178 2929/534 2809/534  763/178 2437/534 2185/534]
[ 867/178 2617/534 2233/534  839/178 2401/534 1885/534  679/178 1789/534 2209/534  743/178 1849/534 2137/534  675/178     17/6 1669/534]
[ 475/178 1849/534 1873/534  499/178 1789/534 1681/534  391/178 1333/534 1093/534  507/178 1549/534 1177/534  491/178 1369/534  865/534]
[ 343/178  793/534 1225/534  419/178  889/534 1189/534  363/178  589/534  757/534  175/178  961/534  997/534  211/178  937/534  841/534]
[ 115/178  517/534  289/534  243/178  769/534  409/534  239/178  625/534  133/534  103/178   85/534  529/534  191/178  217/534  529/534]
[ 147/178  -47/534  133/534  -29/178  361/534  409/534   19/178  373/534  289/534  -65/178  -11/534 -227/534   75/178  277/534  -71/534]
[  83/178  169/534 -311/534  -41/178 -335/534  121/534   59/178 -167/534  157/534   27/178 -395/534 -203/534 -137/178   49/534  109/534]
[ -77/178   97/534   25/534 -149/178 -251/534 -455/534    3/178   73/534 -263/534   23/178    1/534 -467/534        0        0        0]
---------------------------
SUCCESS for name = 13a2711
---------------------------
13a2720
H_1 not cyclic will skip for now
13a2727
H_1 not cyclic will skip for now
