13a1640
Correction terms
[    -1/2   69/166  193/166  -43/166   25/166   65/166   77/166   61/166   17/166  -55/166  177/166   49/166 -107/166   41/166  161/166]
[ -79/166  -15/166   21/166   29/166    9/166  -39/166 -115/166  113/166  -19/166 -179/166  -35/166   81/166 -163/166 -103/166  -71/166]
[ -67/166  -91/166 -143/166 -223/166    1/166 -135/166 -299/166 -159/166  -47/166 -295/166 -239/166 -211/166 -211/166 -239/166 -295/166]
[ -47/166 -159/166 -299/166 -135/166    1/166 -223/166 -143/166  -91/166  -67/166  -71/166 -103/166 -163/166   81/166  -35/166 -179/166]
[ -19/166  113/166 -115/166  -39/166    9/166   29/166   21/166  -15/166  -79/166  161/166   41/166 -107/166   49/166  177/166  -55/166]
[  17/166   61/166   77/166   65/166   25/166  -43/166  193/166   69/166        0        0        0        0        0        0        0]
Testing obstruction for
m1: 1, m2: 42,a: 0
[    -1/2  -79/166  -67/166  -47/166  -19/166   17/166   61/166  113/166  173/166  241/166  317/166  401/166  493/166  593/166  701/166]
[ 817/166  941/166 1073/166 1213/166 1361/166 1517/166 1681/166 1521/166 1369/166 1225/166 1089/166  961/166  841/166  729/166  625/166]
[ 529/166  441/166  361/166  289/166  225/166  169/166  121/166   81/166   49/166   25/166    9/166    1/166    1/166    9/166   25/166]
[  49/166   81/166  121/166  169/166  225/166  289/166  361/166  441/166  529/166  625/166  729/166  841/166  961/166 1089/166 1225/166]
[1369/166 1521/166 1681/166 1517/166 1361/166 1213/166 1073/166  941/166  817/166  701/166  593/166  493/166  401/166  317/166  241/166]
[ 173/166  113/166   61/166   17/166  -19/166  -47/166  -67/166  -79/166        0        0        0        0        0        0        0]
Unobstructed
15
---------------------------
---------------------------
13a1675
Correction terms
[     -1/2   121/710   129/710  -331/710   161/710    37/142  -259/710   249/710   289/710  -139/710    77/142  -979/710    29/710   569/710  -779/710]
[   49/142  -619/710  -531/710   509/710  -339/710   -47/142  -599/710   -11/710   109/710  -239/710    73/142  -919/710   169/710  -631/710  -479/710]
[  125/142  -159/710     9/710  -291/710 -1059/710   109/142   261/710  -491/710  -291/710  -559/710    25/142   341/710    89/710  -631/710  -399/710]
[ -127/142    81/710   329/710   109/710  -579/710   -63/142  -519/710   229/710   509/710 -1099/710   -67/142   -39/710  -211/710   569/710  -539/710]
[ -139/142   101/710  -991/710   289/710  -319/710     5/142   -99/710  -691/710  -331/710  -439/710    81/142     -9/10  -731/710   129/710  -899/710]
[   89/142   -99/710 -1111/710   249/710  -279/710    29/142   101/710  -411/710    29/710     1/710   -99/142   -39/710   -51/710  -531/710   -59/710]
[  -11/142  -519/710   -31/710   -11/710  -459/710     9/142    81/710  -351/710   169/710   221/710   -39/142   341/710 -1011/710     9/710   561/710]
[ -155/142   261/710  -591/710  -491/710   561/710   -55/142  -159/710  -511/710    89/710   221/710   -23/142  -919/710  -771/710   329/710  -459/710]
[  -59/142  -599/710    49/710   229/710   -59/710  -163/142  -619/710   529/710  -211/710     1/710   -51/142  -979/710   669/710  -991/710  -279/710]
[   -7/142  -259/710   469/710  -691/710  -899/710   -31/142   121/710     -1/10  -731/710  -439/710  -123/142   161/710   469/710 -1111/710  -319/710]
[    1/142  -139/710   669/710  -411/710  -539/710    57/142  -779/710   529/710   -51/710 -1099/710    45/142  -339/710    49/710   -31/710  -579/710]
[  -35/142  -239/710  -771/710  -351/710  -399/710   101/142  -479/710  -511/710 -1011/710  -559/710   169/142 -1059/710  -591/710  -591/710 -1059/710]
[  169/142  -559/710 -1011/710  -511/710  -479/710   101/142  -399/710  -351/710  -771/710  -239/710   -35/142  -579/710   -31/710    49/710  -339/710]
[   45/142 -1099/710   -51/710   529/710  -779/710    57/142  -539/710  -411/710   669/710  -139/710     1/142  -319/710 -1111/710   469/710   161/710]
[ -123/142  -439/710  -731/710     -1/10   121/710   -31/142  -899/710  -691/710   469/710  -259/710    -7/142  -279/710  -991/710   669/710  -979/710]
[  -51/142     1/710  -211/710   529/710  -619/710  -163/142   -59/710   229/710    49/710  -599/710   -59/142  -459/710   329/710  -771/710  -919/710]
[  -23/142   221/710    89/710  -511/710  -159/710   -55/142   561/710  -491/710  -591/710   261/710  -155/142   561/710     9/710 -1011/710   341/710]
[  -39/142   221/710   169/710  -351/710    81/710     9/142  -459/710   -11/710   -31/710  -519/710   -11/142   -59/710  -531/710   -51/710   -39/710]
[  -99/142     1/710    29/710  -411/710   101/710    29/142  -279/710   249/710 -1111/710   -99/710    89/142  -899/710   129/710  -731/710     -9/10]
[   81/142  -439/710  -331/710  -691/710   -99/710     5/142  -319/710   289/710  -991/710   101/710  -139/142  -539/710   569/710  -211/710   -39/710]
[  -67/142 -1099/710   509/710   229/710  -519/710   -63/142  -579/710   109/710   329/710    81/710  -127/142  -399/710  -631/710    89/710   341/710]
[   25/142  -559/710  -291/710  -491/710   261/710   109/142 -1059/710  -291/710     9/710  -159/710   125/142  -479/710  -631/710   169/710  -919/710]
[   73/142  -239/710   109/710   -11/710  -599/710   -47/142  -339/710   509/710  -531/710  -619/710    49/142  -779/710   569/710    29/710  -979/710]
[   77/142  -139/710   289/710   249/710  -259/710    37/142   161/710  -331/710   129/710   121/710         0         0         0         0         0]
Testing obstruction for
m1: 1, m2: 178,a: 0
[     -1/2  -351/710  -339/710  -319/710  -291/710   -51/142  -211/710  -159/710   -99/710   -31/710     9/142   129/710   221/710   321/710   429/710]
[  109/142   669/710   801/710   941/710  1089/710   249/142  1409/710  1581/710  1761/710  1949/710   429/142  2349/710  2561/710  2781/710  3009/710]
[  649/142  3489/710  3741/710  4001/710  4269/710   909/142  4829/710  5121/710  5421/710  5729/710  1209/142  6369/710  6701/710  7041/710  7389/710]
[ 1549/142  8109/710  8481/710  8861/710  9249/710  1929/142 10049/710 10461/710 10881/710 11309/710  2349/142 12189/710 12641/710 13101/710 13569/710]
[ 2809/142 14529/710 15021/710 15521/710 16029/710  3309/142 17069/710 17601/710 18141/710 18689/710  3849/142    279/10 20381/710 20961/710 21549/710]
[ 4429/142 22749/710 23361/710 23981/710 24609/710  5049/142 25889/710 26541/710 27201/710 27869/710  5709/142 29229/710 29921/710 30621/710 31329/710]
[ 6125/142 29929/710 29241/710 28561/710 27889/710  5445/142 26569/710 25921/710 25281/710 24649/710  4805/142 23409/710 22801/710 22201/710 21609/710]
[ 4205/142 20449/710 19881/710 19321/710 18769/710  3645/142 17689/710 17161/710 16641/710 16129/710  3125/142 15129/710 14641/710 14161/710 13689/710]
[ 2645/142 12769/710 12321/710 11881/710 11449/710  2205/142 10609/710 10201/710  9801/710  9409/710  1805/142  8649/710  8281/710  7921/710  7569/710]
[ 1445/142  6889/710  6561/710  6241/710  5929/710  1125/142  5329/710     71/10  4761/710  4489/710   845/142  3969/710  3721/710  3481/710  3249/710]
[  605/142  2809/710  2601/710  2401/710  2209/710   405/142  1849/710  1681/710  1521/710  1369/710   245/142  1089/710   961/710   841/710   729/710]
[  125/142   529/710   441/710   361/710   289/710    45/142   169/710   121/710    81/710    49/710     5/142     9/710     1/710     1/710     9/710]
[    5/142    49/710    81/710   121/710   169/710    45/142   289/710   361/710   441/710   529/710   125/142   729/710   841/710   961/710  1089/710]
[  245/142  1369/710  1521/710  1681/710  1849/710   405/142  2209/710  2401/710  2601/710  2809/710   605/142  3249/710  3481/710  3721/710  3969/710]
[  845/142  4489/710  4761/710     71/10  5329/710  1125/142  5929/710  6241/710  6561/710  6889/710  1445/142  7569/710  7921/710  8281/710  8649/710]
[ 1805/142  9409/710  9801/710 10201/710 10609/710  2205/142 11449/710 11881/710 12321/710 12769/710  2645/142 13689/710 14161/710 14641/710 15129/710]
[ 3125/142 16129/710 16641/710 17161/710 17689/710  3645/142 18769/710 19321/710 19881/710 20449/710  4205/142 21609/710 22201/710 22801/710 23409/710]
[ 4805/142 24649/710 25281/710 25921/710 26569/710  5445/142 27889/710 28561/710 29241/710 29929/710  6125/142 31329/710 30621/710 29921/710 29229/710]
[ 5709/142 27869/710 27201/710 26541/710 25889/710  5049/142 24609/710 23981/710 23361/710 22749/710  4429/142 21549/710 20961/710 20381/710    279/10]
[ 3849/142 18689/710 18141/710 17601/710 17069/710  3309/142 16029/710 15521/710 15021/710 14529/710  2809/142 13569/710 13101/710 12641/710 12189/710]
[ 2349/142 11309/710 10881/710 10461/710 10049/710  1929/142  9249/710  8861/710  8481/710  8109/710  1549/142  7389/710  7041/710  6701/710  6369/710]
[ 1209/142  5729/710  5421/710  5121/710  4829/710   909/142  4269/710  4001/710  3741/710  3489/710   649/142  3009/710  2781/710  2561/710  2349/710]
[  429/142  1949/710  1761/710  1581/710  1409/710   249/142  1089/710   941/710   801/710   669/710   109/142   429/710   321/710   221/710   129/710]
[    9/142   -31/710   -99/710  -159/710  -211/710   -51/142  -291/710  -319/710  -339/710  -351/710         0         0         0         0         0]
Unobstructed
97
---------------------------
---------------------------
13a1700
Correction terms
[    -1/2 -179/774  445/774    -7/86 -155/774  169/774   101/86  517/774  541/774   109/86  289/774   13/774    17/86  709/774  133/774]
[   -3/86  229/774  901/774    49/86  397/774  769/774     1/86 -335/774 -263/774    25/86 -419/774 -647/774   -51/86  145/774 -383/774]
[  -55/86 -191/774  529/774    13/86  121/774  541/774   -19/86 -467/774 -347/774    21/86 -407/774 -587/774   -39/86     7/18 -179/774]
[  -27/86  109/774  877/774    57/86  565/774 -515/774    41/86  121/774  289/774   -75/86  325/774  193/774    53/86 -371/774  745/774]
[   81/86 -419/774  397/774     9/86  181/774 -851/774     9/86 -119/774   97/774   -91/86  229/774  145/774    53/86 -323/774  841/774]
[   97/86 -227/774  637/774    41/86  517/774 -467/774    57/86  361/774  625/774   -27/86  853/774    19/18   -39/86  445/774  109/774]
[   21/86 -863/774   49/774   -19/86   25/774 -911/774    13/86   13/774  325/774   -55/86  649/774  661/774   -51/86  385/774   97/774]
[   25/86 -779/774  181/774     1/86  253/774 -635/774    49/86  385/774  745/774    -3/86 1165/774 -323/774    17/86 -503/774  805/774]
[  -63/86   25/774 -515/774   101/86 -347/774  361/774    -7/86  -71/774  337/774     -1/2  853/774 -587/774    -7/86 -671/774  685/774]
[  -71/86    1/774 -491/774   109/86 -227/774  529/774    17/86  193/774  649/774    -3/86 -287/774 -131/774    49/86 -119/774 -263/774]
[    1/86  697/774  253/774    25/86  613/774 -131/774   -51/86 -371/774  133/774   -55/86 -707/774 -503/774    13/86 -395/774 -491/774]
[  -19/86  565/774  169/774    21/86  625/774  -71/774   -39/86    -5/18  337/774   -27/86 -407/774 -155/774    57/86   49/774    1/774]
[   41/86 1153/774 -743/774    97/86 -191/774  709/774  -119/86  661/774 -287/774    81/86 -935/774  913/774     9/86 -335/774 -335/774]
[    9/86  913/774 -935/774    81/86 -287/774  661/774  -119/86  709/774 -191/774    97/86 -743/774 1153/774    41/86    1/774   49/774]
[   57/86 -155/774 -407/774   -27/86  337/774    -5/18   -39/86  -71/774  625/774    21/86  169/774  565/774   -19/86 -491/774 -395/774]
[   13/86 -503/774 -707/774   -55/86  133/774 -371/774   -51/86 -131/774  613/774    25/86  253/774  697/774     1/86 -263/774 -119/774]
[   49/86 -131/774 -287/774    -3/86  649/774  193/774    17/86  529/774 -227/774   109/86 -491/774    1/774   -71/86  685/774 -671/774]
[   -7/86 -587/774  853/774     -1/2  337/774  -71/774    -7/86  361/774 -347/774   101/86 -515/774   25/774   -63/86  805/774 -503/774]
[   17/86 -323/774 1165/774    -3/86  745/774  385/774    49/86 -635/774  253/774     1/86  181/774 -779/774    25/86   97/774  385/774]
[  -51/86  661/774  649/774   -55/86  325/774   13/774    13/86 -911/774   25/774   -19/86   49/774 -863/774    21/86  109/774  445/774]
[  -39/86    19/18  853/774   -27/86  625/774  361/774    57/86 -467/774  517/774    41/86  637/774 -227/774    97/86  841/774 -323/774]
[   53/86  145/774  229/774   -91/86   97/774 -119/774     9/86 -851/774  181/774     9/86  397/774 -419/774    81/86  745/774 -371/774]
[   53/86  193/774  325/774   -75/86  289/774  121/774    41/86 -515/774  565/774    57/86  877/774  109/774   -27/86 -179/774     7/18]
[  -39/86 -587/774 -407/774    21/86 -347/774 -467/774   -19/86  541/774  121/774    13/86  529/774 -191/774   -55/86 -383/774  145/774]
[  -51/86 -647/774 -419/774    25/86 -263/774 -335/774     1/86  769/774  397/774    49/86  901/774  229/774    -3/86  133/774  709/774]
[   17/86   13/774  289/774   109/86  541/774  517/774   101/86  169/774 -155/774    -7/86  445/774 -179/774        0        0        0]
Testing obstruction for
m1: 1, m2: 194,a: 0
[     -1/2  -383/774  -371/774    -39/86  -323/774  -287/774    -27/86  -191/774  -131/774     -7/86    13/774    97/774     21/86   289/774   397/774]
[    57/86   637/774   769/774    101/86  1057/774  1213/774    153/86  1549/774  1729/774    213/86  2113/774  2317/774    281/86  2749/774  2977/774]
[   357/86  3457/774  3709/774    441/86  4237/774  4513/774    533/86  5089/774  5389/774    633/86  6013/774  6337/774    741/86    163/18  7357/774]
[   857/86  8077/774  8449/774    981/86  9217/774  9613/774   1113/86 10429/774 10849/774   1253/86 11713/774 12157/774   1401/86 13069/774 13537/774]
[  1557/86 14497/774 14989/774   1721/86 15997/774 16513/774   1893/86 17569/774 18109/774   2073/86 19213/774 19777/774   2261/86 20929/774 21517/774]
[  2457/86 22717/774 23329/774   2661/86 24577/774 25213/774   2873/86 26509/774 27169/774   3093/86 28513/774    679/18   3321/86 30589/774 31297/774]
[  3557/86 32737/774 33469/774   3801/86 34957/774 35713/774   4053/86 37249/774 36481/774   3969/86 34969/774 34225/774   3721/86 32761/774 32041/774]
[  3481/86 30625/774 29929/774   3249/86 28561/774 27889/774   3025/86 26569/774 25921/774   2809/86 24649/774 24025/774   2601/86 22801/774 22201/774]
[  2401/86 21025/774 20449/774   2209/86 19321/774 18769/774   2025/86 17689/774 17161/774      43/2 16129/774 15625/774   1681/86 14641/774 14161/774]
[  1521/86 13225/774 12769/774   1369/86 11881/774 11449/774   1225/86 10609/774 10201/774   1089/86  9409/774  9025/774    961/86  8281/774  7921/774]
[   841/86  7225/774  6889/774    729/86  6241/774  5929/774    625/86  5329/774  5041/774    529/86  4489/774  4225/774    441/86  3721/774  3481/774]
[   361/86  3025/774  2809/774    289/86  2401/774  2209/774    225/86     43/18  1681/774    169/86  1369/774  1225/774    121/86   961/774   841/774]
[    81/86   625/774   529/774     49/86   361/774   289/774     25/86   169/774   121/774      9/86    49/774    25/774      1/86     1/774     1/774]
[     1/86    25/774    49/774      9/86   121/774   169/774     25/86   289/774   361/774     49/86   529/774   625/774     81/86   841/774   961/774]
[   121/86  1225/774  1369/774    169/86  1681/774     43/18    225/86  2209/774  2401/774    289/86  2809/774  3025/774    361/86  3481/774  3721/774]
[   441/86  4225/774  4489/774    529/86  5041/774  5329/774    625/86  5929/774  6241/774    729/86  6889/774  7225/774    841/86  7921/774  8281/774]
[   961/86  9025/774  9409/774   1089/86 10201/774 10609/774   1225/86 11449/774 11881/774   1369/86 12769/774 13225/774   1521/86 14161/774 14641/774]
[  1681/86 15625/774 16129/774      43/2 17161/774 17689/774   2025/86 18769/774 19321/774   2209/86 20449/774 21025/774   2401/86 22201/774 22801/774]
[  2601/86 24025/774 24649/774   2809/86 25921/774 26569/774   3025/86 27889/774 28561/774   3249/86 29929/774 30625/774   3481/86 32041/774 32761/774]
[  3721/86 34225/774 34969/774   3969/86 36481/774 37249/774   4053/86 35713/774 34957/774   3801/86 33469/774 32737/774   3557/86 31297/774 30589/774]
[  3321/86    679/18 28513/774   3093/86 27169/774 26509/774   2873/86 25213/774 24577/774   2661/86 23329/774 22717/774   2457/86 21517/774 20929/774]
[  2261/86 19777/774 19213/774   2073/86 18109/774 17569/774   1893/86 16513/774 15997/774   1721/86 14989/774 14497/774   1557/86 13537/774 13069/774]
[  1401/86 12157/774 11713/774   1253/86 10849/774 10429/774   1113/86  9613/774  9217/774    981/86  8449/774  8077/774    857/86  7357/774    163/18]
[   741/86  6337/774  6013/774    633/86  5389/774  5089/774    533/86  4513/774  4237/774    441/86  3709/774  3457/774    357/86  2977/774  2749/774]
[   281/86  2317/774  2113/774    213/86  1729/774  1549/774    153/86  1213/774  1057/774    101/86   769/774   637/774     57/86   397/774   289/774]
[    21/86    97/774    13/774     -7/86  -131/774  -191/774    -27/86  -287/774  -323/774    -39/86  -371/774  -383/774         0         0         0]
Unobstructed
29
---------------------------
---------------------------
13a1719
Correction terms
[    -1/2  109/598  137/598 -215/598  249/598  333/598   37/598  557/598  697/598  457/598 -163/598   33/598 -151/598    37/46 -463/598]
[-591/598   97/598  405/598  333/598 -119/598  245/598  229/598 -167/598    11/26  293/598  -47/598   -59/46  525/598  241/598 -423/598]
[-271/598  697/598   89/598  297/598  125/598 -427/598 -163/598 -279/598  421/598   -35/46 -515/598  241/598  617/598 -583/598  229/598]
[ 661/598   -21/26  385/598  873/598 -215/598 -487/598   57/598    17/46    5/598 -591/598 -371/598  665/598  125/598  401/598  297/598]
[-187/598  145/598   97/598 -331/598   57/598     5/46 -307/598  137/598  201/598    -5/26  385/598  505/598  245/598  801/598 -219/598]
[-423/598  189/598  421/598    21/46 -255/598   33/598  -59/598  665/598 -187/598 -223/598  557/598 -239/598 -219/598  617/598 -123/598]
[ -47/598   -27/46     7/26  293/598   45/598 -583/598  801/598  609/598   37/598  281/598  145/598 -371/598  -71/598 -151/598   -47/46]
[-255/598 -279/598  513/598 -271/598 -239/598  609/598 -119/598  -31/598  873/598  201/598   -37/26  109/598    53/46 -307/598 -487/598]
[ 149/598  405/598  281/598 -223/598   89/598   21/598 -427/598  -59/598  -71/598 -463/598    -3/46    5/598 -331/598  149/598  249/598]
[ -31/598  505/598  661/598    19/26 -167/598   45/598 -123/598  525/598   -31/46 -515/598  189/598  513/598  457/598   21/598  401/598]
[ 401/598   21/598  457/598  513/598  189/598 -515/598   -31/46  525/598 -123/598   45/598 -167/598    19/26  661/598  505/598  -31/598]
[ 249/598  149/598 -331/598    5/598    -3/46 -463/598  -71/598  -59/598 -427/598   21/598   89/598 -223/598  281/598  405/598  149/598]
[-487/598 -307/598    53/46  109/598   -37/26  201/598  873/598  -31/598 -119/598  609/598 -239/598 -271/598  513/598 -279/598 -255/598]
[  -47/46 -151/598  -71/598 -371/598  145/598  281/598   37/598  609/598  801/598 -583/598   45/598  293/598     7/26   -27/46  -47/598]
[-123/598  617/598 -219/598 -239/598  557/598 -223/598 -187/598  665/598  -59/598   33/598 -255/598    21/46  421/598  189/598 -423/598]
[-219/598  801/598  245/598  505/598  385/598    -5/26  201/598  137/598 -307/598     5/46   57/598 -331/598   97/598  145/598 -187/598]
[ 297/598  401/598  125/598  665/598 -371/598 -591/598    5/598    17/46   57/598 -487/598 -215/598  873/598  385/598   -21/26  661/598]
[ 229/598 -583/598  617/598  241/598 -515/598   -35/46  421/598 -279/598 -163/598 -427/598  125/598  297/598   89/598  697/598 -271/598]
[-423/598  241/598  525/598   -59/46  -47/598  293/598    11/26 -167/598  229/598  245/598 -119/598  333/598  405/598   97/598 -591/598]
[-463/598    37/46 -151/598   33/598 -163/598  457/598  697/598  557/598   37/598  333/598  249/598 -215/598  137/598  109/598        0]
Testing obstruction for
m1: 1, m2: 150,a: 0
[     -1/2  -295/598  -283/598  -263/598  -235/598  -199/598  -155/598  -103/598   -43/598    25/598   101/598   185/598   277/598     29/46   485/598]
[  601/598   725/598   857/598   997/598  1145/598  1301/598  1465/598  1637/598     79/26  2005/598  2201/598    185/46  2617/598  2837/598  3065/598]
[ 3301/598  3545/598  3797/598  4057/598  4325/598  4601/598  4885/598  5177/598  5477/598    445/46  6101/598  6425/598  6757/598  7097/598  7445/598]
[ 7801/598    355/26  8537/598  8917/598  9305/598  9701/598 10105/598    809/46 10937/598 11365/598 11801/598 12245/598 12697/598 13157/598 13625/598]
[14101/598 14585/598 15077/598 15577/598 16085/598   1277/46 17125/598 17657/598 18197/598    815/26 19301/598 19865/598 20437/598 21017/598 21605/598]
[22201/598 21609/598 21025/598   1573/46 19881/598 19321/598 18769/598 18225/598 17689/598 17161/598 16641/598 16129/598 15625/598 15129/598 14641/598]
[14161/598   1053/46    575/26 12769/598 12321/598 11881/598 11449/598 11025/598 10609/598 10201/598  9801/598  9409/598  9025/598  8649/598    637/46]
[ 7921/598  7569/598  7225/598  6889/598  6561/598  6241/598  5929/598  5625/598  5329/598  5041/598    207/26  4489/598    325/46  3969/598  3721/598]
[ 3481/598  3249/598  3025/598  2809/598  2601/598  2401/598  2209/598  2025/598  1849/598  1681/598    117/46  1369/598  1225/598  1089/598   961/598]
[  841/598   729/598   625/598     23/26   441/598   361/598   289/598   225/598     13/46   121/598    81/598    49/598    25/598     9/598     1/598]
[    1/598     9/598    25/598    49/598    81/598   121/598     13/46   225/598   289/598   361/598   441/598     23/26   625/598   729/598   841/598]
[  961/598  1089/598  1225/598  1369/598    117/46  1681/598  1849/598  2025/598  2209/598  2401/598  2601/598  2809/598  3025/598  3249/598  3481/598]
[ 3721/598  3969/598    325/46  4489/598    207/26  5041/598  5329/598  5625/598  5929/598  6241/598  6561/598  6889/598  7225/598  7569/598  7921/598]
[   637/46  8649/598  9025/598  9409/598  9801/598 10201/598 10609/598 11025/598 11449/598 11881/598 12321/598 12769/598    575/26   1053/46 14161/598]
[14641/598 15129/598 15625/598 16129/598 16641/598 17161/598 17689/598 18225/598 18769/598 19321/598 19881/598   1573/46 21025/598 21609/598 22201/598]
[21605/598 21017/598 20437/598 19865/598 19301/598    815/26 18197/598 17657/598 17125/598   1277/46 16085/598 15577/598 15077/598 14585/598 14101/598]
[13625/598 13157/598 12697/598 12245/598 11801/598 11365/598 10937/598    809/46 10105/598  9701/598  9305/598  8917/598  8537/598    355/26  7801/598]
[ 7445/598  7097/598  6757/598  6425/598  6101/598    445/46  5477/598  5177/598  4885/598  4601/598  4325/598  4057/598  3797/598  3545/598  3301/598]
[ 3065/598  2837/598  2617/598    185/46  2201/598  2005/598     79/26  1637/598  1465/598  1301/598  1145/598   997/598   857/598   725/598   601/598]
[  485/598     29/46   277/598   185/598   101/598    25/598   -43/598  -103/598  -155/598  -199/598  -235/598  -263/598  -283/598  -295/598         0]
Testing obstruction for
m1: 7, m2: 12,a: 0
[    -1/2 -523/598    1/598   77/598  901/598 1277/598 2401/598 1881/598  913/598  693/598   25/598  105/598 -263/598     9/46   49/598]
[ 729/598  961/598 1941/598 1277/598 1361/598  997/598  185/598  121/598   -17/26 -155/598 -367/598    13/46  257/598 1093/598 1481/598]
[1421/598  913/598 1153/598  945/598  289/598  381/598   25/598  417/598  361/598    81/46 1297/598 1093/598  441/598  537/598  185/598]
[ 581/598    23/26   29/598  277/598   77/598  625/598  725/598   121/46  777/598  729/598  233/598  485/598  289/598  841/598  945/598]
[ 601/598 1005/598  961/598 1665/598  725/598    41/46 -107/598    1/598 -339/598     3/26   29/598  737/598  997/598  809/598 1369/598]
[1481/598 1145/598  361/598    25/46 -159/598  105/598  -79/598  485/598  601/598 1465/598 1881/598 1849/598 1369/598  441/598  261/598]
[-367/598   -19/46   -25/26 -155/598 -183/598  537/598  809/598 1829/598 2401/598 1329/598 1005/598  233/598  209/598 -263/598     1/46]
[-159/598  417/598  545/598 1421/598 1849/598 1829/598 1361/598  445/598  277/598 -339/598    -9/26 -523/598    -7/46 -107/598  625/598]
[ 909/598 1941/598 1329/598 1465/598 1153/598  393/598  381/598  -79/598  209/598   49/598    49/46  777/598 1665/598  909/598  901/598]
[ 445/598  737/598  581/598    -1/26  121/598 -183/598  261/598  257/598    77/46 1297/598 1145/598  545/598  693/598  393/598  841/598]
[ 841/598  393/598  693/598  545/598 1145/598 1297/598    77/46  257/598  261/598 -183/598  121/598    -1/26  581/598  737/598  445/598]
[ 901/598  909/598 1665/598  777/598    49/46   49/598  209/598  -79/598  381/598  393/598 1153/598 1465/598 1329/598 1941/598  909/598]
[ 625/598 -107/598    -7/46 -523/598    -9/26 -339/598  277/598  445/598 1361/598 1829/598 1849/598 1421/598  545/598  417/598 -159/598]
[    1/46 -263/598  209/598  233/598 1005/598 1329/598 2401/598 1829/598  809/598  537/598 -183/598 -155/598   -25/26   -19/46 -367/598]
[ 261/598  441/598 1369/598 1849/598 1881/598 1465/598  601/598  485/598  -79/598  105/598 -159/598    25/46  361/598 1145/598 1481/598]
[1369/598  809/598  997/598  737/598   29/598     3/26 -339/598    1/598 -107/598    41/46  725/598 1665/598  961/598 1005/598  601/598]
[ 945/598  841/598  289/598  485/598  233/598  729/598  777/598   121/46  725/598  625/598   77/598  277/598   29/598    23/26  581/598]
[ 185/598  537/598  441/598 1093/598 1297/598    81/46  361/598  417/598   25/598  381/598  289/598  945/598 1153/598  913/598 1421/598]
[1481/598 1093/598  257/598    13/46 -367/598 -155/598   -17/26  121/598  185/598  997/598 1361/598 1277/598 1941/598  961/598  729/598]
[  49/598     9/46 -263/598  105/598   25/598  693/598  913/598 1881/598 2401/598 1277/598  901/598   77/598    1/598 -523/598        0]
Testing obstruction for
m1: 2, m2: 51,a: 1
[    -1/2 -595/598 -287/598 -571/598 -251/598 -523/598 -191/598 -451/598 -107/598 -355/598    1/598 -235/598  133/598    -7/46  289/598]
[  77/598  469/598  269/598  673/598  485/598  901/598  725/598 1153/598    43/26 1429/598 1277/598   133/46 1589/598 2053/598 1925/598]
[2401/598 2285/598 2773/598 2669/598 3169/598 3077/598 3589/598 3509/598 4033/598   305/46 4501/598 4445/598 4993/598 4949/598 5509/598]
[5477/598   263/26 6029/598 6613/598 6605/598 7201/598 7205/598   509/46 6633/598 6057/598 6085/598 5521/598 5561/598 5009/598 5061/598]
[4521/598 4585/598 4057/598 4133/598 3617/598   285/46 3201/598 3301/598 2809/598   127/26 2441/598 2565/598 2097/598 2233/598 1777/598]
[1925/598 1481/598 1641/598    93/46 1381/598  961/598 1145/598  737/598  933/598  537/598  745/598  361/598  581/598  209/598  441/598]
[  81/598    25/46    -1/26  233/598 -103/598  165/598 -159/598  121/598 -191/598  101/598 -199/598  105/598 -183/598  133/598   -11/46]
[ 185/598  -79/598  261/598    9/598  361/598  121/598  485/598  257/598  633/598  417/598    35/26  601/598    77/46  809/598 1221/598]
[1041/598 1465/598 1297/598 1733/598 1577/598 2025/598 1881/598 2341/598 2209/598 2681/598   197/46 3045/598 2937/598 3433/598 3337/598]
[3845/598 3761/598 4281/598   183/26 4741/598 4681/598 5225/598 5177/598   441/46 5697/598 6265/598 6241/598 6821/598 6809/598 7401/598]
[7401/598 6809/598 6821/598 6241/598 6265/598 5697/598   441/46 5177/598 5225/598 4681/598 4741/598   183/26 4281/598 3761/598 3845/598]
[3337/598 3433/598 2937/598 3045/598   197/46 2681/598 2209/598 2341/598 1881/598 2025/598 1577/598 1733/598 1297/598 1465/598 1041/598]
[1221/598  809/598    77/46  601/598    35/26  417/598  633/598  257/598  485/598  121/598  361/598    9/598  261/598  -79/598  185/598]
[  -11/46  133/598 -183/598  105/598 -199/598  101/598 -191/598  121/598 -159/598  165/598 -103/598  233/598    -1/26    25/46   81/598]
[ 441/598  209/598  581/598  361/598  745/598  537/598  933/598  737/598 1145/598  961/598 1381/598    93/46 1641/598 1481/598 1925/598]
[1777/598 2233/598 2097/598 2565/598 2441/598   127/26 2809/598 3301/598 3201/598   285/46 3617/598 4133/598 4057/598 4585/598 4521/598]
[5061/598 5009/598 5561/598 5521/598 6085/598 6057/598 6633/598   509/46 7205/598 7201/598 6605/598 6613/598 6029/598   263/26 5477/598]
[5509/598 4949/598 4993/598 4445/598 4501/598   305/46 4033/598 3509/598 3589/598 3077/598 3169/598 2669/598 2773/598 2285/598 2401/598]
[1925/598 2053/598 1589/598   133/46 1277/598 1429/598    43/26 1153/598  725/598  901/598  485/598  673/598  269/598  469/598   77/598]
[ 289/598    -7/46  133/598 -235/598    1/598 -355/598 -107/598 -451/598 -191/598 -523/598 -251/598 -571/598 -287/598 -595/598        0]
Testing obstruction for
m1: 3, m2: 32,a: 2
[    -1/2 -535/598  -47/598  -31/598 -487/598 -219/598 -423/598   97/598  145/598 -279/598   21/598 -151/598  401/598    37/46   89/598]
[ 421/598  281/598  865/598  977/598  617/598  981/598  873/598 1489/598    71/26 1305/598 1701/598   125/46 2273/598 2449/598 2153/598]
[2581/598 2537/598 3217/598 3425/598 3161/598 3621/598 3609/598 4321/598 4561/598   333/46 3625/598 3645/598 3193/598 3465/598 3265/598]
[2593/598   115/26 2225/598 2529/598 2361/598 1721/598 1805/598   109/46 1753/598 1617/598 1009/598 1125/598  769/598 1137/598 1033/598]
[ 457/598  605/598  281/598  681/598  609/598     5/46  245/598  -47/598  385/598    15/26 -167/598   45/598 -215/598  249/598  241/598]
[-239/598    5/598 -223/598    21/46  297/598 -151/598  125/598  -71/598  457/598  513/598   97/598  405/598  241/598  801/598  889/598]
[ 505/598    65/46    31/26 1305/598 1425/598 1073/598 1445/598 1345/598 1969/598 2121/598 1801/598 2205/598 2137/598 2793/598   229/46]
[2689/598 3125/598 3089/598 3777/598 3993/598 3737/598 4205/598 4201/598 3725/598 3973/598   163/26 3053/598   237/46 2637/598 2917/598]
[2725/598 2061/598 2121/598 1709/598 2021/598 1861/598 1229/598 1321/598  941/598 1285/598    89/46  557/598  681/598  333/598  709/598]
[ 613/598   45/598  201/598    -5/26  293/598  229/598 -307/598 -119/598   -31/46   37/598    5/598 -499/598 -279/598 -531/598  -59/598]
[ -59/598 -531/598 -279/598 -499/598    5/598   37/598   -31/46 -119/598 -307/598  229/598  293/598    -5/26  201/598   45/598  613/598]
[ 709/598  333/598  681/598  557/598    89/46 1285/598  941/598 1321/598 1229/598 1861/598 2021/598 1709/598 2121/598 2061/598 2725/598]
[2917/598 2637/598   237/46 3053/598   163/26 3973/598 3725/598 4201/598 4205/598 3737/598 3993/598 3777/598 3089/598 3125/598 2689/598]
[  229/46 2793/598 2137/598 2205/598 1801/598 2121/598 1969/598 1345/598 1445/598 1073/598 1425/598 1305/598    31/26    65/46  505/598]
[ 889/598  801/598  241/598  405/598   97/598  513/598  457/598  -71/598  125/598 -151/598  297/598    21/46 -223/598    5/598 -239/598]
[ 241/598  249/598 -215/598   45/598 -167/598    15/26  385/598  -47/598  245/598     5/46  609/598  681/598  281/598  605/598  457/598]
[1033/598 1137/598  769/598 1125/598 1009/598 1617/598 1753/598   109/46 1805/598 1721/598 2361/598 2529/598 2225/598   115/26 2593/598]
[3265/598 3465/598 3193/598 3645/598 3625/598   333/46 4561/598 4321/598 3609/598 3621/598 3161/598 3425/598 3217/598 2537/598 2581/598]
[2153/598 2449/598 2273/598   125/46 1701/598 1305/598    71/26 1489/598  873/598  981/598  617/598  977/598  865/598  281/598  421/598]
[  89/598    37/46  401/598 -151/598   21/598 -279/598  145/598   97/598 -423/598 -219/598 -487/598  -31/598  -47/598 -535/598        0]
Testing obstruction for
m1: 4, m2: 23,a: 2
[    -1/2 -591/598 -271/598 -535/598 -187/598 -423/598  -47/598 -255/598  149/598  -31/598  401/598  249/598  709/598    45/46 1073/598]
[ 977/598 1493/598 1425/598 1969/598 1929/598 2501/598 2489/598 3089/598   135/26 2537/598 2581/598   157/46 2113/598 1601/598 1701/598]
[1217/598 1345/598  889/598 1045/598  617/598  801/598  401/598  613/598  241/598    37/46  137/598  405/598   89/598  385/598   97/598]
[ 421/598     7/26  513/598  281/598  661/598  457/598  865/598    53/46 1125/598  977/598 1441/598 1321/598 1813/598 1721/598 2241/598]
[2177/598 2725/598 2689/598 3265/598 3257/598   205/46 2685/598 2121/598 2169/598    71/26 1709/598 1201/598 1305/598  825/598  957/598]
[ 505/598  665/598  241/598    33/46   33/598  249/598 -119/598  125/598 -215/598   57/598 -255/598   45/598 -239/598   89/598 -167/598]
[ 189/598    -3/46    15/26  145/598  557/598  385/598  825/598  681/598 1149/598 1033/598 1529/598 1441/598 1965/598 1905/598   189/46]
[2425/598 3005/598 3001/598 2413/598 2437/598 1877/598 1929/598 1397/598 1477/598  973/598    47/26  605/598    57/46  293/598  457/598]
[  37/598  229/598 -163/598   57/598 -307/598  -59/598 -395/598 -119/598 -427/598 -123/598   -31/46  -71/598 -323/598   37/598 -187/598]
[ 201/598    5/598  421/598    11/26  697/598  557/598 1029/598  917/598   109/46 1333/598 1861/598 1805/598 2361/598 2333/598 2917/598]
[2917/598 2333/598 2361/598 1805/598 1861/598 1333/598   109/46  917/598 1029/598  557/598  697/598    11/26  421/598    5/598  201/598]
[-187/598   37/598 -323/598  -71/598   -31/46 -123/598 -427/598 -119/598 -395/598  -59/598 -307/598   57/598 -163/598  229/598   37/598]
[ 457/598  293/598    57/46  605/598    47/26  973/598 1477/598 1397/598 1929/598 1877/598 2437/598 2413/598 3001/598 3005/598 2425/598]
[  189/46 1905/598 1965/598 1441/598 1529/598 1033/598 1149/598  681/598  825/598  385/598  557/598  145/598    15/26    -3/46  189/598]
[-167/598   89/598 -239/598   45/598 -255/598   57/598 -215/598  125/598 -119/598  249/598   33/598    33/46  241/598  665/598  505/598]
[ 957/598  825/598 1305/598 1201/598 1709/598    71/26 2169/598 2121/598 2685/598   205/46 3257/598 3265/598 2689/598 2725/598 2177/598]
[2241/598 1721/598 1813/598 1321/598 1441/598  977/598 1125/598    53/46  865/598  457/598  661/598  281/598  513/598     7/26  421/598]
[  97/598  385/598   89/598  405/598  137/598    37/46  241/598  613/598  401/598  801/598  617/598 1045/598  889/598 1345/598 1217/598]
[1701/598 1601/598 2113/598   157/46 2581/598 2537/598   135/26 3089/598 2489/598 2501/598 1929/598 1969/598 1425/598 1493/598  977/598]
[1073/598    45/46  709/598  249/598  401/598  -31/598  149/598 -255/598  -47/598 -423/598 -187/598 -535/598 -271/598 -591/598        0]
[-591/598, -271/598, -535/598]
15 [-591/598, -271/598, 661/598]
[-591/598, -271/598, -535/598]
54 [-591/598, -271/598, 661/598]
Testing obstruction for
m1: 5, m2: 18,a: 2
[    -1/2 -563/598 -159/598 -283/598  261/598  277/598 -235/598  -79/598 -451/598 -155/598 -387/598   49/598  -43/598    41/46  581/598]
[ 101/598  289/598  -51/598  277/598   77/598  545/598  485/598 1093/598    51/26  725/598  945/598    49/46  997/598  829/598 1329/598]
[1301/598 1941/598 2053/598 1637/598 1889/598 1613/598 2005/598 1869/598 2401/598   185/46 1881/598 2025/598 1641/598 1925/598 1681/598]
[2105/598    87/26 1369/598 1405/598  913/598 1089/598  737/598    81/46  841/598 1297/598 1225/598  625/598  693/598  233/598  441/598]
[ 121/598  469/598  289/598  777/598  737/598    13/46  269/598 -159/598   81/598    -9/26  173/598   25/598  545/598  537/598    1/598]
[ 133/598 -263/598    9/598   -19/46  165/598   49/598  601/598  625/598  121/598  285/598  -79/598  225/598    1/598  445/598  361/598]
[ 945/598    77/46    23/26  725/598  393/598  729/598  537/598 1013/598  961/598 1577/598 1665/598 1225/598 1453/598 1153/598   117/46]
[1361/598 1869/598 1849/598 2497/598 2617/598 2209/598 2469/598 2201/598 2601/598 2473/598    79/26 1829/598   101/46 1465/598 1089/598]
[1381/598 1145/598 1577/598 1481/598  857/598  901/598  417/598  601/598  257/598  581/598    29/46  841/598  777/598  185/598  261/598]
[-191/598   25/598 -287/598     3/26 -103/598  393/598  361/598 -199/598    -7/46 -511/598 -263/598 -543/598 -155/598 -295/598  233/598]
[ 233/598 -295/598 -155/598 -543/598 -263/598 -511/598    -7/46 -199/598  361/598  393/598 -103/598     3/26 -287/598   25/598 -191/598]
[ 261/598  185/598  777/598  841/598    29/46  581/598  257/598  601/598  417/598  901/598  857/598 1481/598 1577/598 1145/598 1381/598]
[1089/598 1465/598   101/46 1829/598    79/26 2473/598 2601/598 2201/598 2469/598 2209/598 2617/598 2497/598 1849/598 1869/598 1361/598]
[  117/46 1153/598 1453/598 1225/598 1665/598 1577/598  961/598 1013/598  537/598  729/598  393/598  725/598    23/26    77/46  945/598]
[ 361/598  445/598    1/598  225/598  -79/598  285/598  121/598  625/598  601/598   49/598  165/598   -19/46    9/598 -263/598  133/598]
[   1/598  537/598  545/598   25/598  173/598    -9/26   81/598 -159/598  269/598    13/46  737/598  777/598  289/598  469/598  121/598]
[ 441/598  233/598  693/598  625/598 1225/598 1297/598  841/598    81/46  737/598 1089/598  913/598 1405/598 1369/598    87/26 2105/598]
[1681/598 1925/598 1641/598 2025/598 1881/598   185/46 2401/598 1869/598 2005/598 1613/598 1889/598 1637/598 2053/598 1941/598 1301/598]
[1329/598  829/598  997/598    49/46  945/598  725/598    51/26 1093/598  485/598  545/598   77/598  277/598  -51/598  289/598  101/598]
[ 581/598    41/46  -43/598   49/598 -387/598 -155/598 -451/598  -79/598 -235/598  277/598  261/598 -283/598 -159/598 -563/598        0]
Testing obstruction for
m1: 8, m2: 11,a: 2
[    -1/2 -583/598 -239/598 -463/598  -59/598 -223/598  241/598  137/598  661/598  617/598 1201/598 1217/598  665/598    57/46  249/598]
[ 385/598  -47/598  149/598 -223/598   33/598 -279/598   37/598 -215/598     7/26  -31/598  405/598    21/46  769/598  697/598 1253/598]
[1241/598 1857/598 1905/598 1385/598 1493/598 1033/598 1201/598  801/598 1029/598    53/46  977/598  697/598 1045/598  825/598 1233/598]
[1073/598    67/26 1441/598 1969/598 1929/598 1321/598 1341/598    61/46  873/598  385/598  525/598   97/598  297/598  -71/598  189/598]
[-119/598  201/598  -47/598  333/598  145/598    45/46  457/598  957/598  889/598    63/26 1441/598  865/598  917/598  401/598  513/598]
[  57/598  229/598 -167/598     5/46 -271/598   21/598 -255/598   97/598 -119/598  293/598  137/598  609/598  513/598 1045/598 1009/598]
[1601/598   125/46    47/26 1165/598  681/598  825/598  401/598  605/598  241/598  505/598  201/598  525/598  281/598  665/598    37/46]
[ 925/598  801/598 1305/598 1241/598 1805/598 1801/598 1229/598 1285/598  773/598  889/598    19/26  613/598    17/46  457/598  125/598]
[ 421/598  149/598  505/598  293/598  709/598  557/598 1033/598  941/598 1477/598 1445/598    65/46  873/598  333/598  421/598  -59/598]
[  89/598 -331/598 -123/598   -21/26 -215/598 -515/598 -187/598 -427/598    -3/46 -219/598  229/598  109/598  617/598  557/598 1125/598]
[1125/598  557/598  617/598  109/598  229/598 -219/598    -3/46 -427/598 -187/598 -515/598 -215/598   -21/26 -123/598 -331/598   89/598]
[ -59/598  421/598  333/598  873/598    65/46 1445/598 1477/598  941/598 1033/598  557/598  709/598  293/598  505/598  149/598  421/598]
[ 125/598  457/598    17/46  613/598    19/26  889/598  773/598 1285/598 1229/598 1801/598 1805/598 1241/598 1305/598  801/598  925/598]
[   37/46  665/598  281/598  525/598  201/598  505/598  241/598  605/598  401/598  825/598  681/598 1165/598    47/26   125/46 1601/598]
[1009/598 1045/598  513/598  609/598  137/598  293/598 -119/598   97/598 -255/598   21/598 -271/598     5/46 -167/598  229/598   57/598]
[ 513/598  401/598  917/598  865/598 1441/598    63/26  889/598  957/598  457/598    45/46  145/598  333/598  -47/598  201/598 -119/598]
[ 189/598  -71/598  297/598   97/598  525/598  385/598  873/598    61/46 1341/598 1321/598 1929/598 1969/598 1441/598    67/26 1073/598]
[1233/598  825/598 1045/598  697/598  977/598    53/46 1029/598  801/598 1201/598 1033/598 1493/598 1385/598 1905/598 1857/598 1241/598]
[1253/598  697/598  769/598    21/46  405/598  -31/598     7/26 -215/598   37/598 -279/598   33/598 -223/598  149/598  -47/598  385/598]
[ 249/598    57/46  665/598 1217/598 1201/598  617/598  661/598  137/598  241/598 -223/598  -59/598 -463/598 -239/598 -583/598        0]
Unobstructed
43
---------------------------
---------------------------
13a1725
H_1 not cyclic will skip for now
