12a989
Correction terms
[    -1/2   57/350   53/350 -187/350   37/350     1/14 -223/350    -1/50  -27/350 -283/350    -3/14 -103/350  333/350 -167/350    71/50]
[    9/14  417/350  373/350   93/350  277/350     9/14    -9/50  113/350   53/350 -243/350    -3/14 -143/350  253/350   -41/50  337/350]
[    1/14  177/350   93/350 -227/350  -83/350     -1/2  197/350 -367/350  233/350 -103/350     1/14  -83/350    39/50 -307/350  277/350]
[   -3/14   37/350  -87/350  253/350    51/50     9/14  557/350  -47/350  513/350  137/350     9/14    11/50  393/350 -227/350  317/350]
[   -3/14   -3/350 -167/350    19/50  197/350     1/14  317/350 -327/350  193/350 -223/350     -1/2 -363/350  -87/350  -47/350 -243/350]
[    1/14   57/350   -21/50  113/350  137/350    -3/14  177/350  193/350  -27/350    31/50     9/14   -3/350  233/350  233/350   -3/350]
[    9/14    31/50  -27/350  193/350  177/350    -3/14  137/350  113/350   -21/50   57/350     1/14 -243/350  -47/350  -87/350 -363/350]
[    -1/2 -223/350  193/350 -327/350  317/350     1/14  197/350    19/50 -167/350   -3/350    -3/14  317/350 -227/350  393/350    11/50]
[    9/14  137/350  513/350  -47/350  557/350     9/14    51/50  253/350  -87/350   37/350    -3/14  277/350 -307/350    39/50  -83/350]
[    1/14 -103/350  233/350 -367/350  197/350     -1/2  -83/350 -227/350   93/350  177/350     1/14  337/350   -41/50  253/350 -143/350]
[   -3/14 -243/350   53/350  113/350    -9/50     9/14  277/350   93/350  373/350  417/350     9/14    71/50 -167/350  333/350 -103/350]
[   -3/14 -283/350  -27/350    -1/50 -223/350     1/14   37/350 -187/350   53/350   57/350        0        0        0        0        0]
Testing obstruction for
m1: 1, m2: 88,a: 0
[    -1/2 -171/350 -159/350 -139/350 -111/350    -3/14  -31/350     3/50   81/350  149/350     9/14  309/350  401/350  501/350    87/50]
[   29/14  849/350  981/350 1121/350 1269/350    57/14   227/50 1761/350 1941/350 2129/350    93/14 2529/350 2741/350   423/50 3189/350]
[  137/14 3669/350 3921/350 4181/350 4449/350     27/2 5009/350 5301/350 5601/350 5909/350   249/14 6549/350   983/50 7221/350 7569/350]
[  289/14 6889/350 6561/350 6241/350   847/50   225/14 5329/350 5041/350 4761/350 4489/350   169/14   567/50 3721/350 3481/350 3249/350]
[  121/14 2809/350 2601/350   343/50 2209/350    81/14 1849/350 1681/350 1521/350 1369/350      7/2 1089/350  961/350  841/350  729/350]
[   25/14  529/350    63/50  361/350  289/350     9/14  169/350  121/350   81/350     7/50     1/14    9/350    1/350    1/350    9/350]
[    1/14     7/50   81/350  121/350  169/350     9/14  289/350  361/350    63/50  529/350    25/14  729/350  841/350  961/350 1089/350]
[     7/2 1369/350 1521/350 1681/350 1849/350    81/14 2209/350   343/50 2601/350 2809/350   121/14 3249/350 3481/350 3721/350   567/50]
[  169/14 4489/350 4761/350 5041/350 5329/350   225/14   847/50 6241/350 6561/350 6889/350   289/14 7569/350 7221/350   983/50 6549/350]
[  249/14 5909/350 5601/350 5301/350 5009/350     27/2 4449/350 4181/350 3921/350 3669/350   137/14 3189/350   423/50 2741/350 2529/350]
[   93/14 2129/350 1941/350 1761/350   227/50    57/14 1269/350 1121/350  981/350  849/350    29/14    87/50  501/350  401/350  309/350]
[    9/14  149/350   81/350     3/50  -31/350    -3/14 -111/350 -139/350 -159/350 -171/350        0        0        0        0        0]
Testing obstruction for
m1: 3, m2: 18,a: 0
Obstructed by Z^n/Q not being cyclic
Testing obstruction for
m1: 4, m2: 13,a: 0
[    -1/2 -243/350  253/350  -87/350  137/350     9/14  177/350    -1/50  373/350  617/350    29/14  697/350 1233/350  933/350    71/50]
[   25/14  617/350  473/350  193/350  477/350    -3/14    -9/50 -187/350  253/350 -143/350     1/14   57/350  -47/350   -41/50   37/350]
[    9/14  277/350  193/350  673/350  317/350      3/2  597/350 1233/350 1033/350  697/350    37/14  317/350    39/50   93/350  477/350]
[    1/14  137/350  113/350  -47/350   -49/50    -3/14   57/350   53/350  -87/350  337/350    -3/14    11/50   93/350  673/350  417/350]
[   29/14  897/350  933/350   119/50  597/350    37/14  417/350  473/350  393/350  177/350     -1/2   37/350  113/350   53/350 -143/350]
[    9/14 -243/350   -21/50 -187/350  337/350     1/14  277/350  393/350  373/350    31/50    25/14  897/350 1033/350 1033/350  897/350]
[   25/14    31/50  373/350  393/350  277/350     1/14  337/350 -187/350   -21/50 -243/350     9/14 -143/350   53/350  113/350   37/350]
[    -1/2  177/350  393/350  473/350  417/350    37/14  597/350   119/50  933/350  897/350    29/14  417/350  673/350   93/350    11/50]
[   -3/14  337/350  -87/350   53/350   57/350    -3/14   -49/50  -47/350  113/350  137/350     1/14  477/350   93/350    39/50  317/350]
[   37/14  697/350 1033/350 1233/350  597/350      3/2  317/350  673/350  193/350  277/350     9/14   37/350   -41/50  -47/350   57/350]
[    1/14 -143/350  253/350 -187/350    -9/50    -3/14  477/350  193/350  473/350  617/350    25/14    71/50  933/350 1233/350  697/350]
[   29/14  617/350  373/350    -1/50  177/350     9/14  137/350  -87/350  253/350 -243/350        0        0        0        0        0]
[-243/350, 253/350, -87/350, 137/350, 9/14, 177/350, -1/50, 373/350, 617/350, 29/14, 697/350, 1233/350, 933/350, 71/50, 25/14, 617/350, 473/350, 193/350, 477/350, -3/14, -9/50, -187/350, 253/350, -143/350]
24 [-243/350, 253/350, -87/350, 137/350, 9/14, 177/350, -1/50, 373/350, -83/350, 1/14, -3/350, -167/350, 233/350, 71/50, -3/14, -83/350, -227/350, 193/350, -223/350, -3/14, -9/50, -187/350, 253/350, 557/350]
[-243/350, 253/350, -87/350, 137/350, 9/14, 177/350, -1/50, 373/350, 617/350, 29/14, 697/350, 1233/350, 933/350, 71/50, 25/14, 617/350, 473/350, 193/350, 477/350, -3/14, -9/50, -187/350]
74 [-243/350, 253/350, -87/350, 137/350, 9/14, 177/350, -1/50, -327/350, -83/350, 1/14, -3/350, -167/350, 233/350, 71/50, -3/14, -83/350, -227/350, 193/350, -223/350, -3/14, -9/50, 513/350]
Testing obstruction for
m1: 6, m2: 13,a: 5
[    -1/2 -339/350 -131/350 -251/350    1/350    -3/14  221/350    27/50  529/350  541/350     9/14  281/350    9/350  109/350   -17/50]
[    1/14 -159/350   29/350 -111/350  121/350     1/14    43/50  249/350  569/350  561/350     9/14  261/350  -31/350     7/50 -199/350]
[   -3/14 -279/350 -111/350 -271/350  -59/350     -1/2   81/350    9/350  309/350  281/350    25/14  641/350    47/50  389/350  121/350]
[    9/14    1/350  149/350  -31/350    23/50     1/14  261/350  169/350  449/350  401/350    29/14   103/50  389/350  429/350  141/350]
[    9/14  -19/350  109/350   -13/50   81/350    -3/14  141/350   29/350  289/350  221/350      3/2  501/350  849/350  869/350  561/350]
[   25/14  361/350    67/50  249/350  401/350     9/14  421/350  289/350  529/350    63/50    29/14  681/350 1009/350 1009/350  681/350]
[   29/14    63/50  529/350  289/350  421/350     9/14  401/350  249/350    67/50  361/350    25/14  561/350  869/350  849/350  501/350]
[     3/2  221/350  289/350   29/350  141/350    -3/14   81/350   -13/50  109/350  -19/350     9/14  141/350  429/350  389/350   103/50]
[   29/14  401/350  449/350  169/350  261/350     1/14    23/50  -31/350  149/350    1/350     9/14  121/350  389/350    47/50  641/350]
[   25/14  281/350  309/350    9/350   81/350     -1/2  -59/350 -271/350 -111/350 -279/350    -3/14 -199/350     7/50  -31/350  261/350]
[    9/14  561/350  569/350  249/350    43/50     1/14  121/350 -111/350   29/350 -159/350     1/14   -17/50  109/350    9/350  281/350]
[    9/14  541/350  529/350    27/50  221/350    -3/14    1/350 -251/350 -131/350 -339/350        0        0        0        0        0]
Testing obstruction for
m1: 12, m2: 13,a: 10
[    -1/2 -327/350  -83/350 -143/350  193/350     9/14  -47/350    11/50 -103/350  113/350     1/14  333/350  337/350   37/350    19/50]
[   -3/14  113/350   -3/350  277/350  253/350    25/14    99/50  457/350  617/350  473/350    29/14  673/350 1017/350   151/50  793/350]
[   37/14  753/350  977/350  897/350  513/350      3/2  233/350  337/350  137/350  333/350     9/14  513/350    71/50  177/350  253/350]
[    1/14  193/350   57/350  317/350    39/50    -3/14  -27/350 -283/350 -143/350 -307/350    -3/14   -21/50  177/350  197/350  -87/350]
[    1/14 -167/350   37/350    -9/50  233/350     9/14  -87/350   -3/350 -223/350  -47/350     -1/2   93/350   57/350  417/350  473/350]
[    9/14  373/350    31/50  457/350  393/350    29/14  753/350  477/350  597/350    59/50    25/14  533/350  837/350  837/350  533/350]
[   25/14    59/50  597/350  477/350  753/350    29/14  393/350  457/350    31/50  373/350     9/14  473/350  417/350   57/350   93/350]
[    -1/2  -47/350 -223/350   -3/350  -87/350     9/14  233/350    -9/50   37/350 -167/350     1/14  -87/350  197/350  177/350   -21/50]
[   -3/14 -307/350 -143/350 -283/350  -27/350    -3/14    39/50  317/350   57/350  193/350     1/14  253/350  177/350    71/50  513/350]
[    9/14  333/350  137/350  337/350  233/350      3/2  513/350  897/350  977/350  753/350    37/14  793/350   151/50 1017/350  673/350]
[   29/14  473/350  617/350  457/350    99/50    25/14  253/350  277/350   -3/350  113/350    -3/14    19/50   37/350  337/350  333/350]
[    1/14  113/350 -103/350    11/50  -47/350     9/14  193/350 -143/350  -83/350 -327/350        0        0        0        0        0]
[-327/350, -83/350, -143/350, 193/350, 9/14, -47/350, 11/50, -103/350, 113/350, 1/14, 333/350, 337/350, 37/350, 19/50, -3/14, 113/350, -3/350, 277/350, 253/350, 25/14, 99/50, 457/350, 617/350, 473/350, 29/14, 673/350, 1017/350, 151/50, 793/350, 37/14, 753/350, 977/350, 897/350, 513/350, 3/2, 233/350, 337/350, 137/350, 333/350, 9/14, 513/350, 71/50, 177/350, 253/350, 1/14, 193/350, 57/350, 317/350, 39/50, -3/14, -27/350, -283/350]
67 [-327/350, -83/350, -143/350, 193/350, 9/14, -47/350, 11/50, -103/350, 113/350, 1/14, -367/350, -363/350, 37/350, 19/50, -3/14, 113/350, -3/350, 277/350, 253/350, -3/14, -1/50, -243/350, -83/350, -227/350, 1/14, -27/350, 317/350, 51/50, 93/350, 9/14, 53/350, 277/350, 197/350, -187/350, -1/2, 233/350, 337/350, 137/350, 333/350, 9/14, 513/350, 71/50, 177/350, 253/350, 1/14, 193/350, 57/350, 317/350, 39/50, -3/14, -27/350, 417/350]
---------------------------
SUCCESS for name = 12a989
---------------------------
12a999
Correction terms
[    -1/2  229/342   61/342     1/38   73/342  253/342   -15/38  277/342  121/342     9/38  157/342 -335/342    -3/38 -287/342  253/342]
[  -51/38  313/342 -167/342    17/38    -5/18 -227/342   -27/38 -143/342   73/342   -31/38  169/342   49/342     5/38  157/342 -299/342]
[    5/38 -179/342 -287/342   -31/38 -155/342   85/342   -27/38  229/342   -29/18    17/38 -395/342 -143/342   -51/38   25/342  -59/342]
[   -3/38  121/342 -299/342     9/38 -107/342 -179/342   -15/38   25/342 -383/342     1/38 -167/342 -227/342     -1/2    1/342 -395/342]
[    1/38 -155/342 -203/342   -15/38   49/342 -335/342     9/38  -71/342 -107/342    -3/38  169/342 -203/342    25/38   85/342   61/342]
[   17/38   -17/18    1/342   -27/38  313/342 -383/342    45/38  -59/342  277/342     5/38  -71/342  -71/342     5/38  277/342  -59/342]
[   45/38 -383/342  313/342   -27/38    1/342   -17/18    17/38   61/342   85/342    25/38 -203/342  169/342    -3/38 -107/342  -71/342]
[    9/38 -335/342   49/342   -15/38 -203/342 -155/342     1/38 -395/342    1/342     -1/2 -227/342 -167/342     1/38 -383/342   25/342]
[  -15/38 -179/342 -107/342     9/38 -299/342  121/342    -3/38  -59/342   25/342   -51/38 -143/342 -395/342    17/38   -29/18  229/342]
[  -27/38   85/342 -155/342   -31/38 -287/342 -179/342     5/38 -299/342  157/342     5/38   49/342  169/342   -31/38   73/342 -143/342]
[  -27/38 -227/342    -5/18    17/38 -167/342  313/342   -51/38  253/342 -287/342    -3/38 -335/342  157/342     9/38  121/342  277/342]
[  -15/38  253/342   73/342     1/38   61/342  229/342        0        0        0        0        0        0        0        0        0]
Testing obstruction for
m1: 1, m2: 86,a: 0
[    -1/2 -167/342 -155/342   -15/38 -107/342  -71/342    -3/38   25/342   85/342    17/38  229/342  313/342    45/38  505/342  613/342]
[   81/38  853/342  985/342   125/38    67/18 1429/342   177/38 1765/342 1945/342   237/38 2329/342 2533/342   305/38 2965/342 3193/342]
[  381/38 3673/342 3925/342   465/38 4453/342 4729/342   557/38 5305/342   295/18   657/38 6229/342 6553/342   765/38 7225/342 6889/342]
[  729/38 6241/342 5929/342   625/38 5329/342 5041/342   529/38 4489/342 4225/342   441/38 3721/342 3481/342     19/2 3025/342 2809/342]
[  289/38 2401/342 2209/342   225/38 1849/342 1681/342   169/38 1369/342 1225/342   121/38  961/342  841/342    81/38  625/342  529/342]
[   49/38    19/18  289/342    25/38  169/342  121/342     9/38   49/342   25/342     1/38    1/342    1/342     1/38   25/342   49/342]
[    9/38  121/342  169/342    25/38  289/342    19/18    49/38  529/342  625/342    81/38  841/342  961/342   121/38 1225/342 1369/342]
[  169/38 1681/342 1849/342   225/38 2209/342 2401/342   289/38 2809/342 3025/342     19/2 3481/342 3721/342   441/38 4225/342 4489/342]
[  529/38 5041/342 5329/342   625/38 5929/342 6241/342   729/38 6889/342 7225/342   765/38 6553/342 6229/342   657/38   295/18 5305/342]
[  557/38 4729/342 4453/342   465/38 3925/342 3673/342   381/38 3193/342 2965/342   305/38 2533/342 2329/342   237/38 1945/342 1765/342]
[  177/38 1429/342    67/18   125/38  985/342  853/342    81/38  613/342  505/342    45/38  313/342  229/342    17/38   85/342   25/342]
[   -3/38  -71/342 -107/342   -15/38 -155/342 -167/342        0        0        0        0        0        0        0        0        0]
Unobstructed
17
---------------------------
---------------------------
12a1040
Correction terms
[    -1/2 -243/230 -167/230  113/230  137/230   -19/46 -123/230   53/230  -27/230 -363/230    -7/46   37/230 -147/230 -127/230   97/230]
[   13/46 -223/230  153/230 -187/230 -323/230   -51/46   17/230   33/230    -9/10  217/230   -15/46 -163/230  -47/230 -187/230 -123/230]
[  -63/46  157/230  -87/230 -127/230   37/230   -11/46   57/230  -87/230  -27/230 -223/230   -43/46   -3/230  -47/230  113/230   17/230]
[   25/46    -1/10 -427/230 -167/230 -163/230     9/46   -3/230  153/230   53/230 -303/230     1/46   57/230 -147/230 -147/230   57/230]
[    1/46 -303/230   53/230  153/230   -3/230     9/46 -163/230 -167/230 -427/230    -1/10    25/46   17/230  113/230  -47/230   -3/230]
[  -43/46 -223/230  -27/230  -87/230   57/230   -11/46   37/230 -127/230  -87/230  157/230   -63/46 -123/230 -187/230  -47/230 -163/230]
[  -15/46  217/230    -9/10   33/230   17/230   -51/46 -323/230 -187/230  153/230 -223/230    13/46   97/230 -127/230 -147/230   37/230]
[   -7/46 -363/230  -27/230   53/230 -123/230   -19/46  137/230  113/230 -167/230 -243/230        0        0        0        0        0]
Testing obstruction for
m1: 1, m2: 58,a: 0
[    -1/2 -111/230  -99/230  -79/230  -51/230    -3/46   29/230   81/230  141/230  209/230    57/46  369/230  461/230  561/230  669/230]
[  157/46  909/230 1041/230 1181/230 1329/230   297/46 1649/230 1821/230    87/10 2189/230   477/46 2589/230 2801/230 3021/230 3249/230]
[  605/46 2809/230 2601/230 2401/230 2209/230   405/46 1849/230 1681/230 1521/230 1369/230   245/46 1089/230  961/230  841/230  729/230]
[  125/46    23/10  441/230  361/230  289/230    45/46  169/230  121/230   81/230   49/230     5/46    9/230    1/230    1/230    9/230]
[    5/46   49/230   81/230  121/230  169/230    45/46  289/230  361/230  441/230    23/10   125/46  729/230  841/230  961/230 1089/230]
[  245/46 1369/230 1521/230 1681/230 1849/230   405/46 2209/230 2401/230 2601/230 2809/230   605/46 3249/230 3021/230 2801/230 2589/230]
[  477/46 2189/230    87/10 1821/230 1649/230   297/46 1329/230 1181/230 1041/230  909/230   157/46  669/230  561/230  461/230  369/230]
[   57/46  209/230  141/230   81/230   29/230    -3/46  -51/230  -79/230  -99/230 -111/230        0        0        0        0        0]
Testing obstruction for
m1: 3, m2: 12,a: 0
[    -1/2 -187/230   57/230  157/230  113/230    77/46  513/230  497/230  337/230   33/230     9/46  -87/230   97/230  137/230   33/230]
[   49/46  313/230  697/230  477/230  113/230    13/46 -127/230   -3/230    -1/10 -187/230    -7/46  -27/230  297/230  477/230  513/230]
[   81/46  153/230  217/230  137/230  -87/230     1/46  -47/230  217/230  337/230  313/230   121/46  293/230  297/230  157/230 -127/230]
[  -19/46    -9/10   -3/230   57/230  -27/230    41/46  293/230  697/230  497/230  153/230    25/46  -47/230   97/230   97/230  -47/230]
[   25/46  153/230  497/230  697/230  293/230    41/46  -27/230   57/230   -3/230    -9/10   -19/46 -127/230  157/230  297/230  293/230]
[  121/46  313/230  337/230  217/230  -47/230     1/46  -87/230  137/230  217/230  153/230    81/46  513/230  477/230  297/230  -27/230]
[   -7/46 -187/230    -1/10   -3/230 -127/230    13/46  113/230  477/230  697/230  313/230    49/46   33/230  137/230   97/230  -87/230]
[    9/46   33/230  337/230  497/230  513/230    77/46  113/230  157/230   57/230 -187/230        0        0        0        0        0]
Unobstructed
18
---------------------------
---------------------------
12a1066
Correction terms
[    -1/2   65/326   97/326  -67/326  225/326  321/326  221/326  -75/326   85/326   49/326 -183/326   41/326   69/326  -99/326  189/326]
[ 281/326  177/326 -123/326   33/326   -7/326 -243/326  -23/326    1/326 -171/326  113/326  201/326   93/326 -211/326  -59/326 -103/326]
[-343/326 -127/326 -107/326  369/326   -3/326   81/326  -31/326 -339/326 -191/326 -239/326  169/326 -271/326  397/326  217/326 -159/326]
[ -79/326 -195/326  145/326 -363/326  237/326  -11/326  197/326  209/326   25/326  297/326 -279/326  253/326  -63/326   77/326   21/326]
[-231/326  -27/326  -19/326  445/326   61/326  133/326    9/326 -311/326 -175/326 -235/326  161/326 -291/326  365/326  173/326 -215/326]
[-147/326 -275/326   53/326 -467/326  121/326 -139/326   57/326   57/326 -139/326  121/326 -467/326   53/326 -275/326 -147/326 -215/326]
[ 173/326  365/326 -291/326  161/326 -235/326 -175/326 -311/326    9/326  133/326   61/326  445/326  -19/326  -27/326 -231/326   21/326]
[  77/326  -63/326  253/326 -279/326  297/326   25/326  209/326  197/326  -11/326  237/326 -363/326  145/326 -195/326  -79/326 -159/326]
[ 217/326  397/326 -271/326  169/326 -239/326 -191/326 -339/326  -31/326   81/326   -3/326  369/326 -107/326 -127/326 -343/326 -103/326]
[ -59/326 -211/326   93/326  201/326  113/326 -171/326    1/326  -23/326 -243/326   -7/326   33/326 -123/326  177/326  281/326  189/326]
[ -99/326   69/326   41/326 -183/326   49/326   85/326  -75/326  221/326  321/326  225/326  -67/326   97/326   65/326        0        0]
Testing obstruction for
m1: 1, m2: 82,a: 0
[    -1/2 -159/326 -147/326 -127/326  -99/326  -63/326  -19/326   33/326   93/326  161/326  237/326  321/326  413/326  513/326  621/326]
[ 737/326  861/326  993/326 1133/326 1281/326 1437/326 1601/326 1773/326 1953/326 2141/326 2337/326 2541/326 2753/326 2973/326 3201/326]
[3437/326 3681/326 3933/326 4193/326 4461/326 4737/326 5021/326 5313/326 5613/326 5921/326 6237/326 6561/326 6241/326 5929/326 5625/326]
[5329/326 5041/326 4761/326 4489/326 4225/326 3969/326 3721/326 3481/326 3249/326 3025/326 2809/326 2601/326 2401/326 2209/326 2025/326]
[1849/326 1681/326 1521/326 1369/326 1225/326 1089/326  961/326  841/326  729/326  625/326  529/326  441/326  361/326  289/326  225/326]
[ 169/326  121/326   81/326   49/326   25/326    9/326    1/326    1/326    9/326   25/326   49/326   81/326  121/326  169/326  225/326]
[ 289/326  361/326  441/326  529/326  625/326  729/326  841/326  961/326 1089/326 1225/326 1369/326 1521/326 1681/326 1849/326 2025/326]
[2209/326 2401/326 2601/326 2809/326 3025/326 3249/326 3481/326 3721/326 3969/326 4225/326 4489/326 4761/326 5041/326 5329/326 5625/326]
[5929/326 6241/326 6561/326 6237/326 5921/326 5613/326 5313/326 5021/326 4737/326 4461/326 4193/326 3933/326 3681/326 3437/326 3201/326]
[2973/326 2753/326 2541/326 2337/326 2141/326 1953/326 1773/326 1601/326 1437/326 1281/326 1133/326  993/326  861/326  737/326  621/326]
[ 513/326  413/326  321/326  237/326  161/326   93/326   33/326  -19/326  -63/326  -99/326 -127/326 -147/326 -159/326        0        0]
Unobstructed
44
---------------------------
---------------------------
12a1085
Correction terms
[    -1/2 -271/374  225/374 -195/374  -35/374  -43/374  529/374  185/374 -327/374 -259/374  389/374    11/34 -315/374 -171/374 -195/374]
[-387/374    1/374    13/22  273/374  157/374 -127/374  169/374    27/34  257/374   49/374 -327/374 -123/374  -87/374 -219/374  229/374]
[-239/374 -127/374 -183/374    31/34    -3/22  137/374  157/374    9/374 -307/374  -43/374   53/374  -19/374 -259/374   81/374    23/34]
[ 257/374   93/374 -239/374    9/374   89/374    1/374   -15/22   69/374  225/374 -535/374     3/34  433/374  -83/374  -19/374 -123/374]
[ 353/374  -87/374   53/374   25/374 -171/374  213/374   -29/34 -271/374    21/22   69/374 -387/374 -263/374  441/374  229/374 -151/374]
[  49/374   81/374    -5/34 -359/374  -83/374   25/374  -35/374 -263/374   89/374  273/374    17/22  137/374 -183/374     7/34  169/374]
[  93/374 -151/374  185/374 -395/374 -395/374  185/374 -151/374   93/374  169/374     7/34 -183/374  137/374    17/22  273/374   89/374]
[-263/374  -35/374   25/374  -83/374 -359/374    -5/34   81/374   49/374 -151/374  229/374  441/374 -263/374 -387/374   69/374    21/22]
[-271/374   -29/34  213/374 -171/374   25/374   53/374  -87/374  353/374 -123/374  -19/374  -83/374  433/374     3/34 -535/374  225/374]
[  69/374   -15/22    1/374   89/374    9/374 -239/374   93/374  257/374    23/34   81/374 -259/374  -19/374   53/374  -43/374 -307/374]
[   9/374  157/374  137/374    -3/22    31/34 -183/374 -127/374 -239/374  229/374 -219/374  -87/374 -123/374 -327/374   49/374  257/374]
[   27/34  169/374 -127/374  157/374  273/374    13/22    1/374 -387/374 -195/374 -171/374 -315/374    11/34  389/374 -259/374 -327/374]
[ 185/374  529/374  -43/374  -35/374 -195/374  225/374 -271/374        0        0        0        0        0        0        0        0]
Testing obstruction for
m1: 1, m2: 94,a: 0
[    -1/2 -183/374 -171/374 -151/374 -123/374  -87/374  -43/374    9/374   69/374  137/374  213/374    27/34  389/374  489/374  597/374]
[ 713/374  837/374    57/22 1109/374 1257/374 1413/374 1577/374   159/34 1929/374 2117/374 2313/374 2517/374 2729/374 2949/374 3177/374]
[3413/374 3657/374 3909/374   379/34   261/22 4713/374 4997/374 5289/374 5589/374 5897/374 6213/374 6537/374 6869/374 7209/374   687/34]
[7913/374 8277/374 8649/374 8281/374 7921/374 7569/374   425/22 6889/374 6561/374 6241/374   539/34 5625/374 5329/374 5041/374 4761/374]
[4489/374 4225/374 3969/374 3721/374 3481/374 3249/374   275/34 2809/374   153/22 2401/374 2209/374 2025/374 1849/374 1681/374 1521/374]
[1369/374 1225/374    99/34  961/374  841/374  729/374  625/374  529/374  441/374  361/374    17/22  225/374  169/374    11/34   81/374]
[  49/374   25/374    9/374    1/374    1/374    9/374   25/374   49/374   81/374    11/34  169/374  225/374    17/22  361/374  441/374]
[ 529/374  625/374  729/374  841/374  961/374    99/34 1225/374 1369/374 1521/374 1681/374 1849/374 2025/374 2209/374 2401/374   153/22]
[2809/374   275/34 3249/374 3481/374 3721/374 3969/374 4225/374 4489/374 4761/374 5041/374 5329/374 5625/374   539/34 6241/374 6561/374]
[6889/374   425/22 7569/374 7921/374 8281/374 8649/374 8277/374 7913/374   687/34 7209/374 6869/374 6537/374 6213/374 5897/374 5589/374]
[5289/374 4997/374 4713/374   261/22   379/34 3909/374 3657/374 3413/374 3177/374 2949/374 2729/374 2517/374 2313/374 2117/374 1929/374]
[  159/34 1577/374 1413/374 1257/374 1109/374    57/22  837/374  713/374  597/374  489/374  389/374    27/34  213/374  137/374   69/374]
[   9/374  -43/374  -87/374 -123/374 -151/374 -171/374 -183/374        0        0        0        0        0        0        0        0]
Unobstructed
32
---------------------------
---------------------------
