13a276
Correction terms
[    -1/2  473/502 -367/502  241/502  289/502 -223/502 -291/502   85/502  -99/502  161/502 -139/502    5/502 -411/502 -383/502   89/502]
[   1/502  357/502  153/502  393/502   73/502  197/502 -239/502 -231/502 -783/502  113/502 -555/502  225/502 -559/502  105/502  209/502]
[-247/502 -259/502  173/502   45/502  361/502  117/502  317/502  -43/502   41/502  569/502 -467/502  -55/502 -203/502   93/502 -171/502]
[   9/502 -371/502 -307/502 -803/502  149/502 -463/502  373/502 -355/502  365/502  525/502  125/502  169/502 -347/502 -419/502  -47/502]
[-235/502   21/502 -283/502 -143/502  441/502 -539/502  -71/502 -163/502  189/502  -19/502  217/502 -107/502   13/502 -427/502  581/502]
[  25/502  -87/502  245/502   17/502  233/502 -111/502  -11/502 -471/502 -487/502  -59/502 -191/502  121/502 -127/502   69/502  709/502]
[-215/502  309/502  273/502 -323/502 -475/502 -183/502 -451/502 -275/502 -659/502  405/502  -95/502 -151/502  237/502   65/502  337/502]
[  49/502  205/502 -199/502 -159/502  325/502  249/502 -387/502  425/502 -327/502  369/502 -499/502   81/502  101/502 -439/502 -535/502]
[-187/502 -399/502 -167/502 -495/502  625/502  181/502  181/502  625/502 -495/502 -167/502 -399/502 -187/502 -535/502 -439/502  101/502]
[  81/502 -499/502  369/502 -327/502  425/502 -387/502  249/502  325/502 -159/502 -199/502  205/502   49/502  337/502   65/502  237/502]
[-151/502  -95/502  405/502 -659/502 -275/502 -451/502 -183/502 -475/502 -323/502  273/502  309/502 -215/502  709/502   69/502 -127/502]
[ 121/502 -191/502  -59/502 -487/502 -471/502  -11/502 -111/502  233/502   17/502  245/502  -87/502   25/502  581/502 -427/502   13/502]
[-107/502  217/502  -19/502  189/502 -163/502  -71/502 -539/502  441/502 -143/502 -283/502   21/502 -235/502  -47/502 -419/502 -347/502]
[ 169/502  125/502  525/502  365/502 -355/502  373/502 -463/502  149/502 -803/502 -307/502 -371/502    9/502 -171/502   93/502 -203/502]
[ -55/502 -467/502  569/502   41/502  -43/502  317/502  117/502  361/502   45/502  173/502 -259/502 -247/502  209/502  105/502 -559/502]
[ 225/502 -555/502  113/502 -783/502 -231/502 -239/502  197/502   73/502  393/502  153/502  357/502    1/502   89/502 -383/502 -411/502]
[   5/502 -139/502  161/502  -99/502   85/502 -291/502 -223/502  289/502  241/502 -367/502  473/502        0        0        0        0]
Testing obstruction for
m1: 1, m2: 126,a: 0
[     -1/2  -247/502  -235/502  -215/502  -187/502  -151/502  -107/502   -55/502     5/502    73/502   149/502   233/502   325/502   425/502   533/502]
[  649/502   773/502   905/502  1045/502  1193/502  1349/502  1513/502  1685/502  1865/502  2053/502  2249/502  2453/502  2665/502  2885/502  3113/502]
[ 3349/502  3593/502  3845/502  4105/502  4373/502  4649/502  4933/502  5225/502  5525/502  5833/502  6149/502  6473/502  6805/502  7145/502  7493/502]
[ 7849/502  8213/502  8585/502  8965/502  9353/502  9749/502 10153/502 10565/502 10985/502 11413/502 11849/502 12293/502 12745/502 13205/502 13673/502]
[14149/502 14633/502 15125/502 15625/502 15129/502 14641/502 14161/502 13689/502 13225/502 12769/502 12321/502 11881/502 11449/502 11025/502 10609/502]
[10201/502  9801/502  9409/502  9025/502  8649/502  8281/502  7921/502  7569/502  7225/502  6889/502  6561/502  6241/502  5929/502  5625/502  5329/502]
[ 5041/502  4761/502  4489/502  4225/502  3969/502  3721/502  3481/502  3249/502  3025/502  2809/502  2601/502  2401/502  2209/502  2025/502  1849/502]
[ 1681/502  1521/502  1369/502  1225/502  1089/502   961/502   841/502   729/502   625/502   529/502   441/502   361/502   289/502   225/502   169/502]
[  121/502    81/502    49/502    25/502     9/502     1/502     1/502     9/502    25/502    49/502    81/502   121/502   169/502   225/502   289/502]
[  361/502   441/502   529/502   625/502   729/502   841/502   961/502  1089/502  1225/502  1369/502  1521/502  1681/502  1849/502  2025/502  2209/502]
[ 2401/502  2601/502  2809/502  3025/502  3249/502  3481/502  3721/502  3969/502  4225/502  4489/502  4761/502  5041/502  5329/502  5625/502  5929/502]
[ 6241/502  6561/502  6889/502  7225/502  7569/502  7921/502  8281/502  8649/502  9025/502  9409/502  9801/502 10201/502 10609/502 11025/502 11449/502]
[11881/502 12321/502 12769/502 13225/502 13689/502 14161/502 14641/502 15129/502 15625/502 15125/502 14633/502 14149/502 13673/502 13205/502 12745/502]
[12293/502 11849/502 11413/502 10985/502 10565/502 10153/502  9749/502  9353/502  8965/502  8585/502  8213/502  7849/502  7493/502  7145/502  6805/502]
[ 6473/502  6149/502  5833/502  5525/502  5225/502  4933/502  4649/502  4373/502  4105/502  3845/502  3593/502  3349/502  3113/502  2885/502  2665/502]
[ 2453/502  2249/502  2053/502  1865/502  1685/502  1513/502  1349/502  1193/502  1045/502   905/502   773/502   649/502   533/502   425/502   325/502]
[  233/502   149/502    73/502     5/502   -55/502  -107/502  -151/502  -187/502  -215/502  -235/502  -247/502         0         0         0         0]
Unobstructed
30
---------------------------
---------------------------
13a285
Correction terms
[    -1/2  157/550  353/550  313/550   37/550   -19/22 -123/550   -7/550  973/550 -483/550     1/22    27/50  333/550  133/550 -303/550]
[    5/22  317/550  273/550   -7/550  577/550    -7/22  -63/550   -17/50  553/550  -43/550     9/22  257/550   53/550  713/550   37/550]
[    9/22  177/550 -107/550    43/50 -283/550    37/22 -303/550  433/550 -167/550   97/550     5/22  -83/550  573/550 -107/550     7/50]
[    1/22  837/550  313/550 -447/550 -343/550    25/22  257/550 -347/550  -87/550  -63/550      3/2  377/550 -307/550 -127/550 -183/550]
[   25/22   97/550  433/550 -567/550  397/550     1/22    47/50 -327/550 -307/550  577/550     5/22  537/550 -387/550  653/550  357/550]
[   -7/22  157/550    23/50  113/550 -263/550     9/22  477/550  493/550  273/550 -183/550     9/22  397/550  333/550     3/50  597/550]
[   -7/22  -83/550 -227/550  493/550 -123/550     5/22  137/550  -87/550  553/550   -13/50     1/22  -43/550 -347/550  213/550  537/550]
[   25/22 -623/550   93/550  573/550  817/550     -1/2 -503/550  133/550  533/550  697/550   -19/22  317/550 -227/550   93/550  177/550]
[    1/22   -33/50  113/550  353/550  357/550     5/22 -343/550   53/550  213/550  137/550    -7/22  377/550    63/50 -327/550  617/550]
[    9/22  697/550 -167/550 -167/550  697/550     9/22  617/550 -327/550    63/50  377/550    -7/22  137/550  213/550   53/550 -343/550]
[    5/22  357/550  353/550  113/550   -33/50     1/22  177/550   93/550 -227/550  317/550   -19/22  697/550  533/550  133/550 -503/550]
[    -1/2  817/550  573/550   93/550 -623/550    25/22  537/550  213/550 -347/550  -43/550     1/22   -13/50  553/550  -87/550  137/550]
[    5/22 -123/550  493/550 -227/550  -83/550    -7/22  597/550     3/50  333/550  397/550     9/22 -183/550  273/550  493/550  477/550]
[    9/22 -263/550  113/550    23/50  157/550    -7/22  357/550  653/550 -387/550  537/550     5/22  577/550 -307/550 -327/550    47/50]
[    1/22  397/550 -567/550  433/550   97/550    25/22 -183/550 -127/550 -307/550  377/550      3/2  -63/550  -87/550 -347/550  257/550]
[   25/22 -343/550 -447/550  313/550  837/550     1/22     7/50 -107/550  573/550  -83/550     5/22   97/550 -167/550  433/550 -303/550]
[   37/22 -283/550    43/50 -107/550  177/550     9/22   37/550  713/550   53/550  257/550     9/22  -43/550  553/550   -17/50  -63/550]
[   -7/22  577/550   -7/550  273/550  317/550     5/22 -303/550  133/550  333/550    27/50     1/22 -483/550  973/550   -7/550 -123/550]
[  -19/22   37/550  313/550  353/550  157/550        0        0        0        0        0        0        0        0        0        0]
Testing obstruction for
m1: 1, m2: 138,a: 0
[     -1/2  -271/550  -259/550  -239/550  -211/550     -7/22  -131/550   -79/550   -19/550    49/550      5/22     19/50   301/550   401/550   509/550]
[    25/22   749/550   881/550  1021/550  1169/550     53/22  1489/550    151/50  1841/550  2029/550     89/22  2429/550  2641/550  2861/550  3089/550]
[   133/22  3569/550  3821/550    371/50  4349/550    185/22  4909/550  5201/550  5501/550  5809/550    245/22  6449/550  6781/550  7121/550    679/50]
[   313/22  8189/550  8561/550  8941/550  9329/550    389/22 10129/550 10541/550 10961/550 11389/550      43/2 12269/550 12721/550 13181/550 13649/550]
[   565/22 14609/550 15101/550 15601/550 16109/550    665/22   1559/50 17681/550 18221/550 18769/550    729/22 17689/550 17161/550 16641/550 16129/550]
[   625/22 15129/550   1331/50 14161/550 13689/550    529/22 12769/550 12321/550 11881/550 11449/550    441/22 10609/550 10201/550    891/50  9409/550]
[   361/22  8649/550  8281/550  7921/550  7569/550    289/22  6889/550  6561/550  6241/550    539/50    225/22  5329/550  5041/550  4761/550  4489/550]
[   169/22  3969/550  3721/550  3481/550  3249/550      11/2  2809/550  2601/550  2401/550  2209/550     81/22  1849/550  1681/550  1521/550  1369/550]
[    49/22     99/50   961/550   841/550   729/550     25/22   529/550   441/550   361/550   289/550      9/22   169/550     11/50    81/550    49/550]
[     1/22     9/550     1/550     1/550     9/550      1/22    49/550    81/550     11/50   169/550      9/22   289/550   361/550   441/550   529/550]
[    25/22   729/550   841/550   961/550     99/50     49/22  1369/550  1521/550  1681/550  1849/550     81/22  2209/550  2401/550  2601/550  2809/550]
[     11/2  3249/550  3481/550  3721/550  3969/550    169/22  4489/550  4761/550  5041/550  5329/550    225/22    539/50  6241/550  6561/550  6889/550]
[   289/22  7569/550  7921/550  8281/550  8649/550    361/22  9409/550    891/50 10201/550 10609/550    441/22 11449/550 11881/550 12321/550 12769/550]
[   529/22 13689/550 14161/550   1331/50 15129/550    625/22 16129/550 16641/550 17161/550 17689/550    729/22 18769/550 18221/550 17681/550   1559/50]
[   665/22 16109/550 15601/550 15101/550 14609/550    565/22 13649/550 13181/550 12721/550 12269/550      43/2 11389/550 10961/550 10541/550 10129/550]
[   389/22  9329/550  8941/550  8561/550  8189/550    313/22    679/50  7121/550  6781/550  6449/550    245/22  5809/550  5501/550  5201/550  4909/550]
[   185/22  4349/550    371/50  3821/550  3569/550    133/22  3089/550  2861/550  2641/550  2429/550     89/22  2029/550  1841/550    151/50  1489/550]
[    53/22  1169/550  1021/550   881/550   749/550     25/22   509/550   401/550   301/550     19/50      5/22    49/550   -19/550   -79/550  -131/550]
[    -7/22  -211/550  -239/550  -259/550  -271/550         0         0         0         0         0         0         0         0         0         0]
Testing obstruction for
m1: 3, m2: 28,a: 0
Obstructed by Z^n/Q not being cyclic
Testing obstruction for
m1: 6, m2: 13,a: 0
[    -1/2 -439/550  169/550  449/550  401/550     1/22  421/550  489/550 1329/550  741/550    37/22    71/50 1409/550 1709/550 1681/550]
[   53/22  641/550  729/550  489/550 1021/550     5/22    1/550   -41/50 -131/550 -139/550    25/22  -39/550   69/550 -151/550  401/550]
[   25/22  521/550   89/550    39/50  441/550    49/22 1681/550 1809/550 1609/550 1081/550    53/22 1241/550  829/550   89/550    11/50]
[   -7/22  301/550  449/550  269/550 -239/550     1/22  -39/550  669/550  -51/550    1/550     -1/2  221/550  389/550 1329/550  841/550]
[   45/22 1081/550 1809/550 2209/550 1181/550    37/22    31/50  529/550  389/550 1021/550     9/22  201/550 -151/550  269/550  361/550]
[    5/22 -439/550   -21/50 -351/550  301/550    25/22  621/550  289/550  729/550  841/550    69/22 1181/550 1409/550   119/50  881/550]
[   49/22 1241/550  929/550  289/550  421/550     9/22  801/550  -51/550 -131/550   -49/50    -7/22 -139/550  669/550   49/550  201/550]
[    1/22  621/550  889/550  829/550  441/550      3/2  881/550 1709/550 2209/550 1281/550    45/22  641/550  929/550  889/550  521/550]
[   -7/22    -9/50 -351/550  169/550  361/550     9/22 -239/550   69/550   49/550  801/550     5/22  221/550    -1/50  529/550  741/550]
[   69/22 1281/550 1609/550 1609/550 1281/550    69/22  741/550  529/550    -1/50  221/550     5/22  801/550   49/550   69/550 -239/550]
[    9/22  361/550  169/550 -351/550    -9/50    -7/22  521/550  889/550  929/550  641/550    45/22 1281/550 2209/550 1709/550  881/550]
[     3/2  441/550  829/550  889/550  621/550     1/22  201/550   49/550  669/550 -139/550    -7/22   -49/50 -131/550  -51/550  801/550]
[    9/22  421/550  289/550  929/550 1241/550    49/22  881/550   119/50 1409/550 1181/550    69/22  841/550  729/550  289/550  621/550]
[   25/22  301/550 -351/550   -21/50 -439/550     5/22  361/550  269/550 -151/550  201/550     9/22 1021/550  389/550  529/550    31/50]
[   37/22 1181/550 2209/550 1809/550 1081/550    45/22  841/550 1329/550  389/550  221/550     -1/2    1/550  -51/550  669/550  -39/550]
[    1/22 -239/550  269/550  449/550  301/550    -7/22    11/50   89/550  829/550 1241/550    53/22 1081/550 1609/550 1809/550 1681/550]
[   49/22  441/550    39/50   89/550  521/550    25/22  401/550 -151/550   69/550  -39/550    25/22 -139/550 -131/550   -41/50    1/550]
[    5/22 1021/550  489/550  729/550  641/550    53/22 1681/550 1709/550 1409/550    71/50    37/22  741/550 1329/550  489/550  421/550]
[    1/22  401/550  449/550  169/550 -439/550        0        0        0        0        0        0        0        0        0        0]
Testing obstruction for
m1: 2, m2: 47,a: 1
[    -1/2 -547/550 -263/550 -523/550 -227/550   -19/22 -167/550 -403/550  -83/550 -307/550     1/22   -17/50  157/550  -43/550  313/550]
[    5/22  493/550  317/550  697/550  533/550    37/22  773/550   107/50 1037/550 1453/550    53/22 1753/550 1637/550 2077/550 1973/550]
[   97/22 2333/550 2797/550   247/50 3193/550   125/22 3613/550 3557/550 4057/550 4013/550   181/22 4493/550 5017/550 4997/550   503/50]
[  221/22 6073/550 6077/550 5537/550 5553/550   201/22 5053/550 4537/550 4577/550 4073/550     15/2 3633/550 3697/550 3217/550 3293/550]
[  113/22 2913/550 2457/550 2557/550 2113/550    89/22   163/50 1917/550 1497/550 1633/550    49/22 1373/550  977/550 1137/550  753/550]
[   37/22  553/550    67/50  377/550  573/550     9/22  433/550   97/550  317/550   -7/550     9/22  -87/550  157/550   -13/50  113/550]
[   -7/22   93/550 -183/550   97/550 -167/550     5/22 -127/550  177/550  -63/550    23/50     1/22  353/550  137/550  477/550  273/550]
[   25/22  433/550  797/550  617/550  993/550      3/2 1213/550 1057/550 1457/550 1313/550    69/22 1593/550 2017/550 1897/550 2333/550]
[   89/22   243/50 2577/550 3037/550 2953/550   137/22 3353/550 3837/550 3777/550 4273/550   169/22 4733/550   427/50 5217/550 5193/550]
[  229/22 5713/550 6257/550 6257/550 5713/550   229/22 5193/550 5217/550   427/50 4733/550   169/22 4273/550 3777/550 3837/550 3353/550]
[  137/22 2953/550 3037/550 2577/550   243/50    89/22 2333/550 1897/550 2017/550 1593/550    69/22 1313/550 1457/550 1057/550 1213/550]
[     3/2  993/550  617/550  797/550  433/550    25/22  273/550  477/550  137/550  353/550     1/22    23/50  -63/550  177/550 -127/550]
[    5/22 -167/550   97/550 -183/550   93/550    -7/22  113/550   -13/50  157/550  -87/550     9/22   -7/550  317/550   97/550  433/550]
[    9/22  573/550  377/550    67/50  553/550    37/22  753/550 1137/550  977/550 1373/550    49/22 1633/550 1497/550 1917/550   163/50]
[   89/22 2113/550 2557/550 2457/550 2913/550   113/22 3293/550 3217/550 3697/550 3633/550     15/2 4073/550 4577/550 4537/550 5053/550]
[  201/22 5553/550 5537/550 6077/550 6073/550   221/22   503/50 4997/550 5017/550 4493/550   181/22 4013/550 4057/550 3557/550 3613/550]
[  125/22 3193/550   247/50 2797/550 2333/550    97/22 1973/550 2077/550 1637/550 1753/550    53/22 1453/550 1037/550   107/50  773/550]
[   37/22  533/550  697/550  317/550  493/550     5/22  313/550  -43/550  157/550   -17/50     1/22 -307/550  -83/550 -403/550 -167/550]
[  -19/22 -227/550 -523/550 -263/550 -547/550        0        0        0        0        0        0        0        0        0        0]
Testing obstruction for
m1: 5, m2: 16,a: 1
[    -1/2 -519/550 -151/550 -271/550  221/550     9/22 -259/550 -131/550 -491/550 -239/550   -19/22    -9/50 -211/550  289/550  301/550]
[   -7/22  -39/550 -391/550 -131/550 -359/550     1/22  -79/550    39/50  449/550  -19/550     5/22 -219/550   49/550 -171/550  221/550]
[    5/22  641/550  669/550    19/50  361/550     1/22  301/550   89/550  489/550  401/550    37/22  961/550  509/550  669/550    31/50]
[   25/22  421/550  829/550  749/550 1281/550    53/22  881/550 1049/550  729/550 1021/550      3/2 1241/550 1169/550 1709/550 1761/550]
[   53/22 1501/550 1189/550 1489/550 1301/550    69/22   151/50 2209/550 2269/550 1841/550    81/22 1721/550 2029/550 1849/550 2281/550]
[   89/22 1681/550   159/50 1329/550 1521/550    49/22 1541/550 1369/550 1809/550 1761/550    49/22 1301/550  889/550    99/50  801/550]
[   45/22  961/550 1409/550 1369/550  841/550    37/22  521/550  729/550  449/550    71/50    25/22 1081/550 1049/550  529/550  621/550]
[    9/22  441/550  169/550  509/550  361/550      3/2  801/550  289/550  389/550    1/550     9/22  -39/550  309/550  169/550  641/550]
[   25/22    11/50  229/550 -151/550   81/550    -7/22  181/550   49/550  529/550  521/550     1/22  141/550   -21/50    9/550 -239/550]
[    5/22    1/550  489/550  489/550    1/550     5/22 -239/550    9/550   -21/50  141/550     1/22  521/550  529/550   49/550  181/550]
[   -7/22   81/550 -151/550  229/550    11/50    25/22  641/550  169/550  309/550  -39/550     9/22    1/550  389/550  289/550  801/550]
[     3/2  361/550  509/550  169/550  441/550     9/22  621/550  529/550 1049/550 1081/550    25/22    71/50  449/550  729/550  521/550]
[   37/22  841/550 1369/550 1409/550  961/550    45/22  801/550    99/50  889/550 1301/550    49/22 1761/550 1809/550 1369/550 1541/550]
[   49/22 1521/550 1329/550   159/50 1681/550    89/22 2281/550 1849/550 2029/550 1721/550    81/22 1841/550 2269/550 2209/550   151/50]
[   69/22 1301/550 1489/550 1189/550 1501/550    53/22 1761/550 1709/550 1169/550 1241/550      3/2 1021/550  729/550 1049/550  881/550]
[   53/22 1281/550  749/550  829/550  421/550    25/22    31/50  669/550  509/550  961/550    37/22  401/550  489/550   89/550  301/550]
[    1/22  361/550    19/50  669/550  641/550     5/22  221/550 -171/550   49/550 -219/550     5/22  -19/550  449/550    39/50  -79/550]
[    1/22 -359/550 -131/550 -391/550  -39/550    -7/22  301/550  289/550 -211/550    -9/50   -19/22 -239/550 -491/550 -131/550 -259/550]
[    9/22  221/550 -271/550 -151/550 -519/550        0        0        0        0        0        0        0        0        0        0]
Testing obstruction for
m1: 8, m2: 13,a: 5
Obstructed by Z^n/Q not being cyclic
Testing obstruction for
m1: 13, m2: 14,a: 10
[    -1/2 -523/550 -167/550 -307/550  157/550     5/22  697/550  773/550  353/550  537/550     9/22    47/50  313/550  713/550  617/550]
[   45/22 1137/550 1753/550 1873/550 1497/550    69/22 1457/550   163/50 1633/550  977/550    37/22  377/550  433/550   -7/550  157/550]
[   -7/22   97/550 -127/550    23/50  137/550    25/22  617/550  113/550  213/550 -183/550     1/22 -263/550   53/550 -127/550    27/50]
[    9/22  757/550  793/550  333/550  477/550     5/22  377/550  133/550  493/550  357/550      3/2  797/550 1373/550 1453/550 1037/550]
[   49/22  917/550 1213/550 1013/550 1417/550    53/22    67/50  753/550  273/550  397/550     1/22  257/550   -7/550  333/550  177/550]
[   25/22  577/550     3/50   93/550 -343/550    -7/22 -503/550 -227/550 -447/550  -63/550    -7/22  317/550  313/550    83/50 1017/550]
[   25/22  837/550  553/550  873/550  697/550    45/22 1057/550 1593/550 1633/550   107/50    53/22  977/550 1233/550  993/550 1357/550]
[   49/22  597/550  573/550   53/550  137/550     -1/2  -83/550 -387/550  -87/550 -283/550     5/22   37/550  553/550  573/550   97/550]
[    9/22   -13/50   93/550 -167/550  177/550     1/22  477/550  433/550  993/550 1057/550    25/22  797/550    43/50  753/550  537/550]
[   37/22  817/550 1313/550 1313/550  817/550    37/22  537/550  753/550    43/50  797/550    25/22 1057/550  993/550  433/550  477/550]
[    1/22  177/550 -167/550   93/550   -13/50     9/22   97/550  573/550  553/550   37/550     5/22 -283/550  -87/550 -387/550  -83/550]
[    -1/2  137/550   53/550  573/550  597/550    49/22 1357/550  993/550 1233/550  977/550    53/22   107/50 1633/550 1593/550 1057/550]
[   45/22  697/550  873/550  553/550  837/550    25/22 1017/550    83/50  313/550  317/550    -7/22  -63/550 -447/550 -227/550 -503/550]
[   -7/22 -343/550   93/550     3/50  577/550    25/22  177/550  333/550   -7/550  257/550     1/22  397/550  273/550  753/550    67/50]
[   53/22 1417/550 1013/550 1213/550  917/550    49/22 1037/550 1453/550 1373/550  797/550      3/2  357/550  493/550  133/550  377/550]
[    5/22  477/550  333/550  793/550  757/550     9/22    27/50 -127/550   53/550 -263/550     1/22 -183/550  213/550  113/550  617/550]
[   25/22  137/550    23/50 -127/550   97/550    -7/22  157/550   -7/550  433/550  377/550    37/22  977/550 1633/550   163/50 1457/550]
[   69/22 1497/550 1873/550 1753/550 1137/550    45/22  617/550  713/550  313/550    47/50     9/22  537/550  353/550  773/550  697/550]
[    5/22  157/550 -307/550 -167/550 -523/550        0        0        0        0        0        0        0        0        0        0]
Testing obstruction for
m1: 12, m2: 17,a: 11
[    -1/2 -527/550 -183/550 -343/550   93/550     1/22  553/550  577/550   97/550  213/550    -7/22     3/50 -263/550   37/550 -167/550]
[    9/22  113/550  597/550  577/550   53/550     5/22 -307/550   -13/50 -483/550 -227/550   -19/22 -127/550 -283/550  157/550   93/550]
[   25/22  653/550  177/550    27/50  -87/550     5/22 -167/550  137/550  -63/550  333/550     9/22  713/550  697/550  177/550    23/50]
[   -7/22   -7/550 -343/550  -83/550 -327/550     1/22 -127/550  317/550  257/550  793/550      3/2  353/550  477/550   97/550  313/550]
[    1/22  333/550  137/550  537/550  433/550    37/22    83/50  397/550  477/550   53/550     9/22 -107/550  157/550  -83/550  273/550]
[    5/22  573/550    47/50 1057/550 1093/550    25/22  753/550  377/550  597/550  313/550    25/22  433/550  837/550    67/50 1233/550]
[   49/22  713/550  797/550  377/550  553/550     9/22  493/550  257/550  617/550    43/50    37/22  873/550 1417/550 1457/550  993/550]
[   45/22  753/550  977/550  697/550 1013/550      3/2 1233/550 1137/550 1637/550 1633/550    45/22 1213/550  797/550  977/550  653/550]
[   37/22    63/50 1057/550  917/550 1373/550    53/22 1873/550 1917/550 1457/550 1593/550    49/22 1453/550   107/50 1497/550 1313/550]
[   69/22 1633/550 2137/550 2137/550 1633/550    69/22 1313/550 1497/550   107/50 1453/550    49/22 1593/550 1457/550 1917/550 1873/550]
[   53/22 1373/550  917/550 1057/550    63/50    37/22  653/550  977/550  797/550 1213/550    45/22 1633/550 1637/550 1137/550 1233/550]
[     3/2 1013/550  697/550  977/550  753/550    45/22  993/550 1457/550 1417/550  873/550    37/22    43/50  617/550  257/550  493/550]
[    9/22  553/550  377/550  797/550  713/550    49/22 1233/550    67/50  837/550  433/550    25/22  313/550  597/550  377/550  753/550]
[   25/22 1093/550 1057/550    47/50  573/550     5/22  273/550  -83/550  157/550 -107/550     9/22   53/550  477/550  397/550    83/50]
[   37/22  433/550  537/550  137/550  333/550     1/22  313/550   97/550  477/550  353/550      3/2  793/550  257/550  317/550 -127/550]
[    1/22 -327/550  -83/550 -343/550   -7/550    -7/22    23/50  177/550  697/550  713/550     9/22  333/550  -63/550  137/550 -167/550]
[    5/22  -87/550    27/50  177/550  653/550    25/22   93/550  157/550 -283/550 -127/550   -19/22 -227/550 -483/550   -13/50 -307/550]
[    5/22   53/550  577/550  597/550  113/550     9/22 -167/550   37/550 -263/550     3/50    -7/22  213/550   97/550  577/550  553/550]
[    1/22   93/550 -343/550 -183/550 -527/550        0        0        0        0        0        0        0        0        0        0]
Testing obstruction for
m1: 35, m2: 36,a: 34
[    -1/2 -479/550    9/550   89/550 -239/550     5/22   81/550 -371/550 -131/550 -299/550     9/22    31/50   49/550  449/550  441/550]
[    1/22  301/550  169/550  729/550  881/550    25/22 1061/550    99/50  709/550 1021/550    37/22 1521/550 1709/550 1489/550 1961/550]
[   81/22 1681/550 2029/550   179/50 2601/550   113/22 2641/550 3149/550 3249/550 2941/550   133/22 3301/550 3969/550 4229/550   371/50]
[  185/22 4761/550 4489/550 3809/550 3821/550   137/22 3721/550 3609/550 3089/550 3261/550     11/2 2381/550 2429/550 2069/550 2401/550]
[   93/22 1841/550 2049/550 1849/550 1241/550    53/22    91/50 1369/550 1329/550  881/550    45/22  961/550  389/550  509/550  221/550]
[   25/22  621/550    19/50  489/550  361/550    -7/22  -19/550 -271/550  169/550  201/550    -7/22  141/550   49/550   -41/50 -259/550]
[  -19/22    1/550   69/550 -271/550   81/550     1/22 -439/550 -211/550 -391/550    11/50     9/22  -79/550  309/550  289/550 -139/550]
[    5/22  -19/550  529/550  669/550  401/550      3/2  841/550  449/550  749/550  641/550    49/22 1401/550 1169/550 1629/550 1681/550]
[   53/22   151/50 1589/550 2209/550 2421/550    89/22 2721/550 2809/550 2489/550 2861/550   113/22 3481/550   339/50 3569/550 4101/550]
[  169/22 3941/550 4349/550 4349/550 3941/550   169/22 4101/550 3569/550   339/50 3481/550   113/22 2861/550 2489/550 2809/550 2721/550]
[   89/22 2421/550 2209/550 1589/550   151/50    53/22 1681/550 1629/550 1169/550 1401/550    49/22  641/550  749/550  449/550  841/550]
[     3/2  401/550  669/550  529/550  -19/550     5/22 -139/550  289/550  309/550  -79/550     9/22    11/50 -391/550 -211/550 -439/550]
[    1/22   81/550 -271/550   69/550    1/550   -19/22 -259/550   -41/50   49/550  141/550    -7/22  201/550  169/550 -271/550  -19/550]
[   -7/22  361/550  489/550    19/50  621/550    25/22  221/550  509/550  389/550  961/550    45/22  881/550 1329/550 1369/550    91/50]
[   53/22 1241/550 1849/550 2049/550 1841/550    93/22 2401/550 2069/550 2429/550 2381/550     11/2 3261/550 3089/550 3609/550 3721/550]
[  137/22 3821/550 3809/550 4489/550 4761/550   185/22   371/50 4229/550 3969/550 3301/550   133/22 2941/550 3249/550 3149/550 2641/550]
[  113/22 2601/550   179/50 2029/550 1681/550    81/22 1961/550 1489/550 1709/550 1521/550    37/22 1021/550  709/550    99/50 1061/550]
[   25/22  881/550  729/550  169/550  301/550     1/22  441/550  449/550   49/550    31/50     9/22 -299/550 -131/550 -371/550   81/550]
[    5/22 -239/550   89/550    9/550 -479/550        0        0        0        0        0        0        0        0        0        0]
---------------------------
SUCCESS for name = 13a285
---------------------------
13a303
Correction terms
[     -1/2  -635/798   253/798   223/266   613/798    85/798   227/266   115/114   457/798  -121/266   -59/798  -227/798  -289/266  -383/798   -53/114]
[ -277/266  -167/798    25/798   -85/266     31/42  -635/798    -35/38   289/798  -755/798  -225/266   529/798  -335/798   -25/266   -41/114   625/798]
[ -177/266  -563/798   529/798  -149/266  -299/798   139/114    59/266   505/798     19/42   -85/266   253/798   289/798     -7/38 -1055/798  -839/798]
[  167/266  -227/798   169/798    31/266   -65/114   121/798    75/266  -143/798  -983/798  -233/266  -887/798     7/114      9/14   505/798    25/798]
[  223/266   841/798   541/798    -11/38   121/798     1/798  -197/266   -59/798     1/798  -137/266    43/114   541/798   103/266  -395/798    25/798]
[   -9/266    -29/42     7/114    59/266  -167/798   613/798  -225/266  -839/798   121/798    -47/38  -971/798   169/798  -253/266  -563/798   757/798]
[    3/266    55/114   289/798   -93/266   277/798     19/42    -9/266  -887/798   -89/114   255/266    85/798   529/798   167/266     1/798   625/798]
[    37/38   457/798  -335/798    -1/266  -143/798  -755/798   -81/266   -29/114  -635/798      1/14   277/798    25/798  -233/266  -299/798   -53/114]
[ -305/266  -335/798  -227/798  -197/266   169/798   457/798     13/38  -383/798    85/798    27/266  -395/798   253/798   143/266       1/6   961/798]
[  -93/266  -395/798   613/798  -149/266  -383/798  -113/114   -25/266   169/798   -59/798   279/266  -335/798  -383/798     33/38  -299/798  -167/798]
[ -169/266 -1319/798    -53/42   143/266   -29/114   289/798   103/266  -143/798   529/798   243/266   457/798   -41/114    31/266     1/798  -563/798]
[   -1/266    85/798  -299/798     21/38   709/798   505/798     -3/14   277/798   253/798   -81/266    55/114   541/798    75/266  -563/798  -227/798]
[ -121/266  -971/798   -65/114  -137/266  -839/798  -143/798    27/266  -167/798   709/798    -23/38    -29/42   505/798  -169/266  -395/798  -755/798]
[    3/266    43/114   121/798   355/266   -59/798   -59/798   355/266   121/798    43/114     3/266  -755/798  -395/798  -169/266   505/798    -29/42]
[   -23/38   709/798  -167/798    27/266  -143/798  -839/798  -137/266   -65/114  -971/798  -121/266  -227/798  -563/798    75/266   541/798    55/114]
[  -81/266   253/798   277/798     -3/14   505/798   709/798     21/38  -299/798    85/798    -1/266  -563/798     1/798    31/266   -41/114   457/798]
[  243/266   529/798  -143/798   103/266   289/798   -29/114   143/266    -53/42 -1319/798  -169/266  -167/798  -299/798     33/38  -383/798  -335/798]
[  279/266   -59/798   169/798   -25/266  -113/114  -383/798  -149/266   613/798  -395/798   -93/266   961/798       1/6   143/266   253/798  -395/798]
[   27/266    85/798  -383/798     13/38   457/798   169/798  -197/266  -227/798  -335/798  -305/266   -53/114  -299/798  -233/266    25/798   277/798]
[     1/14  -635/798   -29/114   -81/266  -755/798  -143/798    -1/266  -335/798   457/798     37/38   625/798     1/798   167/266   529/798    85/798]
[  255/266   -89/114  -887/798    -9/266     19/42   277/798   -93/266   289/798    55/114     3/266   757/798  -563/798  -253/266   169/798  -971/798]
[   -47/38   121/798  -839/798  -225/266   613/798  -167/798    59/266     7/114    -29/42    -9/266    25/798  -395/798   103/266   541/798    43/114]
[ -137/266     1/798   -59/798  -197/266     1/798   121/798    -11/38   541/798   841/798   223/266    25/798   505/798      9/14     7/114  -887/798]
[ -233/266  -983/798  -143/798    75/266   121/798   -65/114    31/266   169/798  -227/798   167/266  -839/798 -1055/798     -7/38   289/798   253/798]
[  -85/266     19/42   505/798    59/266   139/114  -299/798  -149/266   529/798  -563/798  -177/266   625/798   -41/114   -25/266  -335/798   529/798]
[ -225/266  -755/798   289/798    -35/38  -635/798     31/42   -85/266    25/798  -167/798  -277/266   -53/114  -383/798  -289/266  -227/798   -59/798]
[ -121/266   457/798   115/114   227/266    85/798   613/798   223/266   253/798  -635/798         0         0         0         0         0         0]
Testing obstruction for
m1: 1, m2: 200,a: 0
[     -1/2  -395/798  -383/798  -121/266  -335/798  -299/798   -85/266   -29/114  -143/798   -25/266     1/798    85/798    59/266   277/798    55/114]
[  167/266   625/798   757/798   299/266     55/42  1201/798     65/38  1537/798  1717/798   635/266  2101/798  2305/798   839/266   391/114  2965/798]
[ 1067/266  3445/798  3697/798  1319/266  4225/798   643/114  1595/266  5077/798    283/42  1895/266  6001/798  6325/798    317/38  6997/798  7345/798]
[ 2567/266  8065/798  8437/798  2939/266  1315/114  9601/798  3335/266 10417/798 10837/798  3755/266 11701/798  1735/114    221/14 13057/798 13525/798]
[ 4667/266 14485/798 14977/798    737/38 15985/798 16501/798  5675/266 17557/798 18097/798  6215/266  2743/114 19765/798  6779/266 20917/798 21505/798]
[ 7367/266   1195/42  3331/114  7979/266 24565/798 25201/798  8615/266 26497/798 27157/798   1325/38 28501/798 29185/798  9959/266 30577/798 31285/798]
[10667/266  4675/114 33457/798 11399/266 34945/798   1879/42 12155/266 37237/798  5431/114 12935/266 39601/798 38809/798 12675/266 37249/798 36481/798]
[  1701/38 34969/798 34225/798 11163/266 32761/798 32041/798 10443/266  4375/114 29929/798    513/14 28561/798 27889/798  9075/266 26569/798  3703/114]
[ 8427/266 24649/798 24025/798  7803/266 22801/798 22201/798   1029/38 21025/798 20449/798  6627/266 19321/798 18769/798  6075/266     133/6 17161/798]
[ 5547/266 16129/798 15625/798  5043/266 14641/798  2023/114  4563/266 13225/798 12769/798  4107/266 11881/798 11449/798    525/38 10609/798 10201/798]
[ 3267/266  9409/798    475/42  2883/266  1183/114  7921/798  2523/266  7225/798  6889/798  2187/266  6241/798   847/114  1875/266  5329/798  5041/798]
[ 1587/266  4489/798  4225/798    189/38  3721/798  3481/798     57/14  3025/798  2809/798   867/266   343/114  2209/798   675/266  1849/798  1681/798]
[  507/266  1369/798   175/114   363/266   961/798   841/798   243/266   625/798   529/798     21/38     19/42   289/798    75/266   169/798   121/798]
[   27/266     7/114    25/798     3/266     1/798     1/798     3/266    25/798     7/114    27/266   121/798   169/798    75/266   289/798     19/42]
[    21/38   529/798   625/798   243/266   841/798   961/798   363/266   175/114  1369/798   507/266  1681/798  1849/798   675/266  2209/798   343/114]
[  867/266  2809/798  3025/798     57/14  3481/798  3721/798    189/38  4225/798  4489/798  1587/266  5041/798  5329/798  1875/266   847/114  6241/798]
[ 2187/266  6889/798  7225/798  2523/266  7921/798  1183/114  2883/266    475/42  9409/798  3267/266 10201/798 10609/798    525/38 11449/798 11881/798]
[ 4107/266 12769/798 13225/798  4563/266  2023/114 14641/798  5043/266 15625/798 16129/798  5547/266 17161/798     133/6  6075/266 18769/798 19321/798]
[ 6627/266 20449/798 21025/798   1029/38 22201/798 22801/798  7803/266 24025/798 24649/798  8427/266  3703/114 26569/798  9075/266 27889/798 28561/798]
[   513/14 29929/798  4375/114 10443/266 32041/798 32761/798 11163/266 34225/798 34969/798   1701/38 36481/798 37249/798 12675/266 38809/798 39601/798]
[12935/266  5431/114 37237/798 12155/266   1879/42 34945/798 11399/266 33457/798  4675/114 10667/266 31285/798 30577/798  9959/266 29185/798 28501/798]
[  1325/38 27157/798 26497/798  8615/266 25201/798 24565/798  7979/266  3331/114   1195/42  7367/266 21505/798 20917/798  6779/266 19765/798  2743/114]
[ 6215/266 18097/798 17557/798  5675/266 16501/798 15985/798    737/38 14977/798 14485/798  4667/266 13525/798 13057/798    221/14  1735/114 11701/798]
[ 3755/266 10837/798 10417/798  3335/266  9601/798  1315/114  2939/266  8437/798  8065/798  2567/266  7345/798  6997/798    317/38  6325/798  6001/798]
[ 1895/266    283/42  5077/798  1595/266   643/114  4225/798  1319/266  3697/798  3445/798  1067/266  2965/798   391/114   839/266  2305/798  2101/798]
[  635/266  1717/798  1537/798     65/38  1201/798     55/42   299/266   757/798   625/798   167/266    55/114   277/798    59/266    85/798     1/798]
[  -25/266  -143/798   -29/114   -85/266  -299/798  -335/798  -121/266  -383/798  -395/798         0         0         0         0         0         0]
Unobstructed
73
---------------------------
---------------------------
13a312
Correction terms
[    -1/2 -319/646 -307/646 -287/646 -259/646 -223/646 -179/646 -127/646  -67/646    1/646   77/646  161/646  253/646  353/646  461/646]
[-715/646 -591/646   -27/38 -319/646    -9/34  -15/646  149/646  321/646  501/646  689/646 -407/646 -203/646    9/646  229/646  457/646]
[-599/646 -355/646 -103/646  157/646    25/38 -591/646 -307/646  -15/646    15/34  593/646 -383/646  -59/646  273/646  613/646  961/646]
[  25/646  389/646 -531/646 -151/646  237/646 -659/646   -15/38  157/646  577/646 1005/646  149/646  593/646   -13/34  213/646  681/646]
[-135/646  349/646 -451/646   49/646  557/646 -219/646  305/646 -455/646     5/38  633/646 -103/646  461/646 -259/646  321/646  909/646]
[ 213/646    43/34  137/646 -535/646   93/646 -563/646   81/646 -559/646  101/646  769/646     9/38  837/646  237/646 -355/646  353/646]
[-223/646  501/646  -59/646 -611/646  137/646   -21/34  365/646 -155/646 -667/646  121/646 -375/646  429/646    -3/38 -523/646  305/646]
[-151/646  693/646  253/646 -179/646  689/646  273/646 -135/646 -535/646 -927/646    -1/34 -395/646  529/646  169/646 -183/646    45/38]
[ 429/646  101/646 -219/646 -531/646  457/646  161/646 -127/646 -407/646 -679/646  349/646   93/646 -155/646 -395/646   -33/34  441/646]
[ 225/646     1/38 -183/646 -375/646  733/646  557/646  389/646  229/646   77/646  -67/646 -203/646 -331/646 -451/646 -563/646  625/646]
[ 529/646  441/646    19/34    17/38  225/646  169/646  121/646   81/646   49/646   25/646    9/646    1/646    1/646    9/646   25/646]
[  49/646   81/646  121/646  169/646  225/646    17/38    19/34  441/646  529/646  625/646 -563/646 -451/646 -331/646 -203/646  -67/646]
[  77/646  229/646  389/646  557/646  733/646 -375/646 -183/646     1/38  225/646  441/646   -33/34 -395/646 -155/646   93/646  349/646]
[-679/646 -407/646 -127/646  161/646  457/646 -531/646 -219/646  101/646  429/646    45/38 -183/646  169/646  529/646 -395/646    -1/34]
[-927/646 -535/646 -135/646  273/646  689/646 -179/646  253/646  693/646 -151/646  305/646 -523/646    -3/38  429/646 -375/646  121/646]
[-667/646 -155/646  365/646   -21/34  137/646 -611/646  -59/646  501/646 -223/646  353/646 -355/646  237/646  837/646     9/38  769/646]
[ 101/646 -559/646   81/646 -563/646   93/646 -535/646  137/646    43/34  213/646  909/646  321/646 -259/646  461/646 -103/646  633/646]
[    5/38 -455/646  305/646 -219/646  557/646   49/646 -451/646  349/646 -135/646  681/646  213/646   -13/34  593/646  149/646 1005/646]
[ 577/646  157/646   -15/38 -659/646  237/646 -151/646 -531/646  389/646   25/646  961/646  613/646  273/646  -59/646 -383/646  593/646]
[   15/34  -15/646 -307/646 -591/646    25/38  157/646 -103/646 -355/646 -599/646  457/646  229/646    9/646 -203/646 -407/646  689/646]
[ 501/646  321/646  149/646  -15/646    -9/34 -319/646   -27/38 -591/646 -715/646  461/646  353/646  253/646  161/646   77/646    1/646]
[ -67/646 -127/646 -179/646 -223/646 -259/646 -287/646 -307/646 -319/646        0        0        0        0        0        0        0]
Testing obstruction for
m1: 1, m2: 162,a: 0
[     -1/2  -319/646  -307/646  -287/646  -259/646  -223/646  -179/646  -127/646   -67/646     1/646    77/646   161/646   253/646   353/646   461/646]
[  577/646   701/646     49/38   973/646     59/34  1277/646  1441/646  1613/646  1793/646  1981/646  2177/646  2381/646  2593/646  2813/646  3041/646]
[ 3277/646  3521/646  3773/646  4033/646    253/38  4577/646  4861/646  5153/646    287/34  5761/646  6077/646  6401/646  6733/646  7073/646  7421/646]
[ 7777/646  8141/646  8513/646  8893/646  9281/646  9677/646    593/38 10493/646 10913/646 11341/646 11777/646 12221/646    667/34 13133/646 13601/646]
[14077/646 14561/646 15053/646 15553/646 16061/646 16577/646 17101/646 17633/646   1069/38 18721/646 19277/646 19841/646 20413/646 20993/646 21581/646]
[22177/646   1199/34 23393/646 24013/646 24641/646 25277/646 25921/646 25281/646 24649/646 24025/646   1377/38 22801/646 22201/646 21609/646 21025/646]
[20449/646 19881/646 19321/646 18769/646 18225/646    931/34 17161/646 16641/646 16129/646 15625/646 15129/646 14641/646    833/38 13689/646 13225/646]
[12769/646 12321/646 11881/646 11449/646 11025/646 10609/646 10201/646  9801/646  9409/646    475/34  8649/646  8281/646  7921/646  7569/646    425/38]
[ 6889/646  6561/646  6241/646  5929/646  5625/646  5329/646  5041/646  4761/646  4489/646  4225/646  3969/646  3721/646  3481/646    171/34  3025/646]
[ 2809/646    153/38  2401/646  2209/646  2025/646  1849/646  1681/646  1521/646  1369/646  1225/646  1089/646   961/646   841/646   729/646   625/646]
[  529/646   441/646     19/34     17/38   225/646   169/646   121/646    81/646    49/646    25/646     9/646     1/646     1/646     9/646    25/646]
[   49/646    81/646   121/646   169/646   225/646     17/38     19/34   441/646   529/646   625/646   729/646   841/646   961/646  1089/646  1225/646]
[ 1369/646  1521/646  1681/646  1849/646  2025/646  2209/646  2401/646    153/38  2809/646  3025/646    171/34  3481/646  3721/646  3969/646  4225/646]
[ 4489/646  4761/646  5041/646  5329/646  5625/646  5929/646  6241/646  6561/646  6889/646    425/38  7569/646  7921/646  8281/646  8649/646    475/34]
[ 9409/646  9801/646 10201/646 10609/646 11025/646 11449/646 11881/646 12321/646 12769/646 13225/646 13689/646    833/38 14641/646 15129/646 15625/646]
[16129/646 16641/646 17161/646    931/34 18225/646 18769/646 19321/646 19881/646 20449/646 21025/646 21609/646 22201/646 22801/646   1377/38 24025/646]
[24649/646 25281/646 25921/646 25277/646 24641/646 24013/646 23393/646   1199/34 22177/646 21581/646 20993/646 20413/646 19841/646 19277/646 18721/646]
[  1069/38 17633/646 17101/646 16577/646 16061/646 15553/646 15053/646 14561/646 14077/646 13601/646 13133/646    667/34 12221/646 11777/646 11341/646]
[10913/646 10493/646    593/38  9677/646  9281/646  8893/646  8513/646  8141/646  7777/646  7421/646  7073/646  6733/646  6401/646  6077/646  5761/646]
[   287/34  5153/646  4861/646  4577/646    253/38  4033/646  3773/646  3521/646  3277/646  3041/646  2813/646  2593/646  2381/646  2177/646  1981/646]
[ 1793/646  1613/646  1441/646  1277/646     59/34   973/646     49/38   701/646   577/646   461/646   353/646   253/646   161/646    77/646     1/646]
[  -67/646  -127/646  -179/646  -223/646  -259/646  -287/646  -307/646  -319/646         0         0         0         0         0         0         0]
Unobstructed
1
---------------------------
---------------------------
13a315
Correction terms
[    -1/2  305/462   65/462   -9/154   29/462 -691/462 -113/154    23/66 -115/462  -81/154 -223/462    -5/42   87/154 -199/462   -73/66]
[  83/154  233/462 -559/462  -93/154  149/462 -199/462   -19/22   -41/42 -355/462  -37/154  281/462 -103/462 -113/154    71/66 -367/462]
[ -53/154  197/462 -223/462   -15/14  305/462   -85/66 -141/154 -103/462 -559/462   19/154 -103/462 -115/462     1/22  305/462   -17/42]
[-177/154  197/462  149/462 -225/154   -61/66  -31/462 -137/154  281/462 -727/462 -221/154    43/42   -13/66 -169/154  149/462   29/462]
[  19/154  233/462 -367/462     5/22 -199/462 -355/462   -11/14 -223/462   65/462 -141/154    23/66  -31/462  -25/154   29/462  281/462]
[ -81/154 -619/462      1/6   -1/154   65/462 -643/462  -93/154  233/462  -31/462    -7/22 -115/462   65/462  131/154    -5/42 -355/462]
[ 139/154   -73/66 -367/462  -25/154 -559/462   29/462  -53/154 -199/462   -13/66     5/14 -355/462  197/462   -9/154 -103/462  -31/462]
[    9/22 -367/462 -775/462  -37/154 -223/462   -17/42   -1/154   -85/66 -115/462  171/154 -559/462 -559/462  171/154 -115/462   -85/66]
[  -1/154   -17/42 -223/462  -37/154 -775/462 -367/462     9/22  -31/462 -103/462   -9/154  197/462 -355/462     5/14   -13/66 -199/462]
[ -53/154   29/462 -559/462  -25/154 -367/462   -73/66  139/154 -355/462    -5/42  131/154   65/462 -115/462    -7/22  -31/462  233/462]
[ -93/154 -643/462   65/462   -1/154      1/6 -619/462  -81/154  281/462   29/462  -25/154  -31/462    23/66 -141/154   65/462 -223/462]
[  -11/14 -355/462 -199/462     5/22 -367/462  233/462   19/154   29/462  149/462 -169/154   -13/66    43/42 -221/154 -727/462  281/462]
[-137/154  -31/462   -61/66 -225/154  149/462  197/462 -177/154   -17/42  305/462     1/22 -115/462 -103/462   19/154 -559/462 -103/462]
[-141/154   -85/66  305/462   -15/14 -223/462  197/462  -53/154 -367/462    71/66 -113/154 -103/462  281/462  -37/154 -355/462   -41/42]
[  -19/22 -199/462  149/462  -93/154 -559/462  233/462   83/154   -73/66 -199/462   87/154    -5/42 -223/462  -81/154 -115/462    23/66]
[-113/154 -691/462   29/462   -9/154   65/462  305/462        0        0        0        0        0        0        0        0        0]
Testing obstruction for
m1: 1, m2: 116,a: 0
[     -1/2  -227/462  -215/462   -65/154  -167/462  -131/462   -29/154     -5/66    25/462    31/154   169/462     23/42   115/154   445/462     79/66]
[  223/154   793/462   925/462   355/154  1213/462  1369/462     73/22    155/42  1885/462   691/154  2269/462  2473/462   895/154    415/66  3133/462]
[ 1123/154  3613/462  3865/462    125/14  4393/462    667/66  1651/154  5245/462  5545/462  1951/154  6169/462  6493/462    325/22  7165/462    683/42]
[ 2623/154  8233/462  8605/462  2995/154   1339/66  9769/462  3391/154 10585/462 11005/462  3811/154   1079/42   1759/66  4255/154 13225/462 12769/462]
[ 4107/154 11881/462 11449/462    525/22 10609/462 10201/462    297/14  9409/462  9025/462  2883/154   1183/66  7921/462  2523/154  7225/462  6889/462]
[ 2187/154  6241/462      77/6  1875/154  5329/462  5041/462  1587/154  4489/462  4225/462    189/22  3721/462  3481/462  1083/154    275/42  2809/462]
[  867/154    343/66  2209/462   675/154  1849/462  1681/462   507/154  1369/462    175/66     33/14   961/462   841/462   243/154   625/462   529/462]
[    21/22   361/462   289/462    75/154   169/462     11/42    27/154      7/66    25/462     3/154     1/462     1/462     3/154    25/462      7/66]
[   27/154     11/42   169/462    75/154   289/462   361/462     21/22   529/462   625/462   243/154   841/462   961/462     33/14    175/66  1369/462]
[  507/154  1681/462  1849/462   675/154  2209/462    343/66   867/154  2809/462    275/42  1083/154  3481/462  3721/462    189/22  4225/462  4489/462]
[ 1587/154  5041/462  5329/462  1875/154      77/6  6241/462  2187/154  6889/462  7225/462  2523/154  7921/462   1183/66  2883/154  9025/462  9409/462]
[   297/14 10201/462 10609/462    525/22 11449/462 11881/462  4107/154 12769/462 13225/462  4255/154   1759/66   1079/42  3811/154 11005/462 10585/462]
[ 3391/154  9769/462   1339/66  2995/154  8605/462  8233/462  2623/154    683/42  7165/462    325/22  6493/462  6169/462  1951/154  5545/462  5245/462]
[ 1651/154    667/66  4393/462    125/14  3865/462  3613/462  1123/154  3133/462    415/66   895/154  2473/462  2269/462   691/154  1885/462    155/42]
[    73/22  1369/462  1213/462   355/154   925/462   793/462   223/154     79/66   445/462   115/154     23/42   169/462    31/154    25/462     -5/66]
[  -29/154  -131/462  -167/462   -65/154  -215/462  -227/462         0         0         0         0         0         0         0         0         0]
Testing obstruction for
m1: 2, m2: 39,a: 0
[    -1/2 -151/462   89/462 -145/154  125/462  -79/462  -41/154    -1/66  269/462  -73/154  377/462    19/42   67/154  353/462    95/66]
[  71/154  845/462  713/462  247/154  929/462 1277/462    41/22   139/42 1433/462  499/154 1721/462 2105/462  575/154   347/66 2369/462]
[ 823/154 2729/462 3149/462    85/14 3545/462   503/66 1219/154 3953/462 4409/462 1367/154 3953/462 3965/462   153/22 3545/462   283/42]
[ 947/154 2729/462 2777/462  687/154   347/66 2033/462  599/154 1721/462 1805/462  375/154   139/42   167/66  323/154  929/462 1049/462]
[ 135/154  845/462  521/462    17/22  353/462  509/462    -3/14  377/462   89/462  -13/154    -1/66  185/462 -129/154  125/462 -127/462]
[ -73/154 -151/462      1/6 -153/154   89/462 -127/462  -61/154  -79/462  185/462   -15/22  269/462   89/462   23/154    19/42  509/462]
[  15/154    95/66  521/462  179/154  713/462 1049/462  207/154 1277/462   167/66    37/14 1433/462 1805/462  471/154 2105/462 2033/462]
[  101/22 2369/462 2777/462  807/154 3149/462   283/42 1079/154   503/66 3965/462 1215/154 4409/462 4409/462 1215/154 3965/462   503/66]
[1079/154   283/42 3149/462  807/154 2777/462 2369/462   101/22 2033/462 2105/462  471/154 1805/462 1433/462    37/14   167/66 1277/462]
[ 207/154 1049/462  713/462  179/154  521/462    95/66   15/154  509/462    19/42   23/154   89/462  269/462   -15/22  185/462  -79/462]
[ -61/154 -127/462   89/462 -153/154      1/6 -151/462  -73/154 -127/462  125/462 -129/154  185/462    -1/66  -13/154   89/462  377/462]
[   -3/14  509/462  353/462    17/22  521/462  845/462  135/154 1049/462  929/462  323/154   167/66   139/42  375/154 1805/462 1721/462]
[ 599/154 2033/462   347/66  687/154 2777/462 2729/462  947/154   283/42 3545/462   153/22 3965/462 3953/462 1367/154 4409/462 3953/462]
[1219/154   503/66 3545/462    85/14 3149/462 2729/462  823/154 2369/462   347/66  575/154 2105/462 1721/462  499/154 1433/462   139/42]
[   41/22 1277/462  929/462  247/154  713/462  845/462   71/154    95/66  353/462   67/154    19/42  377/462  -73/154  269/462    -1/66]
[ -41/154  -79/462  125/462 -145/154   89/462 -151/462        0        0        0        0        0        0        0        0        0]
Testing obstruction for
m1: 4, m2: 17,a: 0
[    -1/2 -323/462  325/462  -45/154  145/462  241/462   51/154   -17/66  349/462  211/154  733/462    59/42  435/154  853/462   163/66]
[ 415/154 2089/462 1825/462  459/154 1669/462  853/462    37/22    47/42  997/462  123/154  481/462  409/462   51/154   -41/66   13/462]
[  43/154   61/462 -191/462     9/14 -323/462   -29/66  -89/154  409/462  -23/462   95/154  409/462  349/462     5/22  601/462    83/42]
[ 347/154  985/462 1669/462  415/154   223/66 1693/462  547/154 1405/462  985/462  435/154    47/42    67/66   79/154  745/462  145/462]
[  95/154  241/462   13/462   -19/22  -71/462   73/462     1/14 -191/462  325/462  -89/154   -17/66 -155/462  183/154  145/462  481/462]
[ 211/154  601/462      5/6  303/154 1249/462 1405/462  459/154 2089/462 1693/462    53/22 1273/462 1249/462  347/154    59/42  997/462]
[  79/154    31/66   13/462  183/154  -23/462  145/462   43/154  -71/462   -65/66    -3/14   73/462   61/462  -45/154  409/462 -155/462]
[    1/22   13/462  745/462  123/154  733/462    83/42  303/154   103/66 1273/462  547/154 1825/462 1825/462  547/154 1273/462   103/66]
[ 303/154    83/42  733/462  123/154  745/462   13/462     1/22 -155/462  409/462  -45/154   61/462   73/462    -3/14   -65/66  -71/462]
[  43/154  145/462  -23/462  183/154   13/462    31/66   79/154  997/462    59/42  347/154 1249/462 1273/462    53/22 1693/462 2089/462]
[ 459/154 1405/462 1249/462  303/154      5/6  601/462  211/154  481/462  145/462  183/154 -155/462   -17/66  -89/154  325/462 -191/462]
[    1/14   73/462  -71/462   -19/22   13/462  241/462   95/154  145/462  745/462   79/154    67/66    47/42  435/154  985/462 1405/462]
[ 547/154 1693/462   223/66  415/154 1669/462  985/462  347/154    83/42  601/462     5/22  349/462  409/462   95/154  -23/462  409/462]
[ -89/154   -29/66 -323/462     9/14 -191/462   61/462   43/154   13/462   -41/66   51/154  409/462  481/462  123/154  997/462    47/42]
[   37/22  853/462 1669/462  459/154 1825/462 2089/462  415/154   163/66  853/462  435/154    59/42  733/462  211/154  349/462   -17/66]
[  51/154  241/462  145/462  -45/154  325/462 -323/462        0        0        0        0        0        0        0        0        0]
Testing obstruction for
m1: 6, m2: 11,a: 0
[    -1/2 -367/462  149/462  131/154  365/462   65/462  139/154    71/66 1229/462  255/154  953/462    79/42  171/154  809/462   119/66]
[ 195/154   65/462  197/462   19/154  569/462 -115/462    -7/22   -41/42 -103/462   -9/154  701/462  233/462  139/154    47/66  893/462]
[ 395/154 1205/462  953/462    13/14  557/462    59/66  307/154  233/462  197/462  -37/154  233/462  305/462     5/22 -367/462   -17/42]
[ -93/154  281/462  569/462  195/154    47/66  725/462  283/154 1625/462 1205/462  171/154    43/42    23/66  167/154  569/462  365/462]
[ -37/154   65/462  -31/462    25/22 -115/462 -103/462   -11/14   29/462  149/462  307/154    71/66  725/462  227/154 1289/462 1625/462]
[ 255/154  557/462      1/6   83/154  149/462  701/462   19/154   65/462 -199/462     9/22  305/462  149/462  -93/154    -5/42 -103/462]
[ 167/154   119/66  893/462  227/154 1121/462 1289/462  395/154  809/462    23/66     5/14 -103/462  281/462  131/154  233/462 -199/462]
[    1/22  -31/462  569/462   -9/154   29/462   -17/42   83/154    59/66 1229/462  283/154 1121/462 1121/462  283/154 1229/462    59/66]
[  83/154   -17/42   29/462   -9/154  569/462  -31/462     1/22 -199/462  233/462  131/154  281/462 -103/462     5/14    23/66  809/462]
[ 395/154 1289/462 1121/462  227/154  893/462   119/66  167/154 -103/462    -5/42  -93/154  149/462  305/462     9/22 -199/462   65/462]
[  19/154  701/462  149/462   83/154      1/6  557/462  255/154 1625/462 1289/462  227/154  725/462    71/66  307/154  149/462   29/462]
[  -11/14 -103/462 -115/462    25/22  -31/462   65/462  -37/154  365/462  569/462  167/154    23/66    43/42  171/154 1205/462 1625/462]
[ 283/154  725/462    47/66  195/154  569/462  281/462  -93/154   -17/42 -367/462     5/22  305/462  233/462  -37/154  197/462  233/462]
[ 307/154    59/66  557/462    13/14  953/462 1205/462  395/154  893/462    47/66  139/154  233/462  701/462   -9/154 -103/462   -41/42]
[   -7/22 -115/462  569/462   19/154  197/462   65/462  195/154   119/66  809/462  171/154    79/42  953/462  255/154 1229/462    71/66]
[ 139/154   65/462  365/462  131/154  149/462 -367/462        0        0        0        0        0        0        0        0        0]
[-367/462, 149/462, 131/154, 365/462, 65/462, 139/154, 71/66, 1229/462, 255/154, 953/462, 79/42, 171/154, 809/462, 119/66, 195/154, 65/462, 197/462, 19/154, 569/462, -115/462, -7/22, -41/42]
29 [-367/462, 149/462, 131/154, -559/462, 65/462, -169/154, 71/66, 305/462, -53/154, 29/462, -5/42, 171/154, -115/462, -13/66, -113/154, 65/462, 197/462, 19/154, -355/462, -115/462, -7/22, 43/42]
Unobstructed
62
---------------------------
---------------------------
