13a3421
Correction terms
[    -1/2  -11/414 -251/414   -11/46 -383/414 -275/414    25/46  289/414  -83/414    -7/46  349/414  325/414   -15/46 -203/414  121/414]
[    1/46  289/414  133/414   -51/46 -659/414 -467/414   -79/46 -563/414    -1/18     9/46 -251/414 -191/414    29/46  277/414 -143/414]
[  -19/46  193/414  121/414    49/46  325/414 -227/414   -43/46 -155/414 -359/414   -19/46 -419/414 -275/414   -63/46 -467/414   25/414]
[    9/46   -13/18 -287/414    13/46   85/414  445/414    41/46 -143/414 -263/414     1/46 -155/414   73/414   -15/46   49/414 -203/414]
[   -7/46 -359/414 -263/414   -67/46 -551/414 -107/414   -11/46  301/414  265/414     -1/2 -287/414   25/414   -11/46  169/414    1/414]
[   25/46   13/414  193/414    -7/46   73/414 -227/414   -15/46 -479/414 -431/414     1/46   13/414 -419/414   -51/46 -107/414 -191/414]
[   13/46  -11/414    11/18     9/46  301/414   85/414    29/46    1/414  133/414   -19/46  -83/414 -431/414   -43/46 -779/414 -779/414]
[  -43/46 -431/414  -83/414   -19/46  133/414    1/414    29/46   85/414  301/414     9/46    11/18  -11/414    13/46 -191/414 -107/414]
[  -51/46 -419/414   13/414     1/46 -431/414 -479/414   -15/46 -227/414   73/414    -7/46  193/414   13/414    25/46    1/414  169/414]
[  -11/46   25/414 -287/414     -1/2  265/414  301/414   -11/46 -107/414 -551/414   -67/46 -263/414 -359/414    -7/46 -203/414   49/414]
[  -15/46   73/414 -155/414     1/46 -263/414 -143/414    41/46  445/414   85/414    13/46 -287/414   -13/18     9/46   25/414 -467/414]
[  -63/46 -275/414 -419/414   -19/46 -359/414 -155/414   -43/46 -227/414  325/414    49/46  121/414  193/414   -19/46 -143/414  277/414]
[   29/46 -191/414 -251/414     9/46    -1/18 -563/414   -79/46 -467/414 -659/414   -51/46  133/414  289/414     1/46  121/414 -203/414]
[  -15/46  325/414  349/414    -7/46  -83/414  289/414    25/46 -275/414 -383/414   -11/46 -251/414  -11/414        0        0        0]
Testing obstruction for
m1: 1, m2: 104,a: 0
[     -1/2  -203/414  -191/414    -19/46  -143/414  -107/414     -7/46   -11/414    49/414     13/46   193/414   277/414     41/46   469/414   577/414]
[    77/46   817/414   949/414    121/46  1237/414  1393/414    173/46  1729/414     83/18    233/46  2293/414  2497/414    301/46  2929/414  3157/414]
[   377/46  3637/414  3889/414    461/46  4417/414  4693/414    553/46  5269/414  5569/414    653/46  6193/414  6517/414    761/46  7189/414  7537/414]
[   877/46    359/18  8629/414   1001/46  9397/414  9793/414   1133/46 10609/414 10201/414   1089/46  9409/414  9025/414    961/46  8281/414  7921/414]
[   841/46  7225/414  6889/414    729/46  6241/414  5929/414    625/46  5329/414  5041/414      23/2  4489/414  4225/414    441/46  3721/414  3481/414]
[   361/46  3025/414  2809/414    289/46  2401/414  2209/414    225/46  1849/414  1681/414    169/46  1369/414  1225/414    121/46   961/414   841/414]
[    81/46   625/414     23/18     49/46   361/414   289/414     25/46   169/414   121/414      9/46    49/414    25/414      1/46     1/414     1/414]
[     1/46    25/414    49/414      9/46   121/414   169/414     25/46   289/414   361/414     49/46     23/18   625/414     81/46   841/414   961/414]
[   121/46  1225/414  1369/414    169/46  1681/414  1849/414    225/46  2209/414  2401/414    289/46  2809/414  3025/414    361/46  3481/414  3721/414]
[   441/46  4225/414  4489/414      23/2  5041/414  5329/414    625/46  5929/414  6241/414    729/46  6889/414  7225/414    841/46  7921/414  8281/414]
[   961/46  9025/414  9409/414   1089/46 10201/414 10609/414   1133/46  9793/414  9397/414   1001/46  8629/414    359/18    877/46  7537/414  7189/414]
[   761/46  6517/414  6193/414    653/46  5569/414  5269/414    553/46  4693/414  4417/414    461/46  3889/414  3637/414    377/46  3157/414  2929/414]
[   301/46  2497/414  2293/414    233/46     83/18  1729/414    173/46  1393/414  1237/414    121/46   949/414   817/414     77/46   577/414   469/414]
[    41/46   277/414   193/414     13/46    49/414   -11/414     -7/46  -107/414  -143/414    -19/46  -191/414  -203/414         0         0         0]
Unobstructed
13
---------------------------
---------------------------
13a3451
Correction terms
[    -1/2   85/334  173/334   97/334  525/334  121/334  221/334  157/334  -71/334  205/334 -351/334  265/334   49/334  337/334  461/334]
[-247/334  217/334 -151/334  -15/334  -43/334 -235/334   77/334  225/334  209/334   29/334 -315/334 -155/334 -159/334 -327/334    9/334]
[ 181/334  189/334   33/334 -287/334 -103/334  -83/334 -227/334  133/334 -339/334  361/334  229/334  -67/334  141/334 -483/334   65/334]
[-219/334    1/334   57/334  -51/334  345/334  -91/334  -23/334 -119/334 -379/334 -135/334  -55/334 -139/334  281/334 -131/334  -39/334]
[-111/334 -347/334  -79/334   25/334  -35/334  409/334   21/334  137/334   89/334 -123/334  169/334 -371/334  261/334   61/334  365/334]
[ 505/334 -187/334  293/334  -59/334   93/334   81/334  -95/334  233/334  397/334  397/334  233/334  -95/334   81/334   93/334  -59/334]
[ 293/334 -187/334  505/334  365/334   61/334  261/334 -371/334  169/334 -123/334   89/334  137/334   21/334  409/334  -35/334   25/334]
[ -79/334 -347/334 -111/334  -39/334 -131/334  281/334 -139/334  -55/334 -135/334 -379/334 -119/334  -23/334  -91/334  345/334  -51/334]
[  57/334    1/334 -219/334   65/334 -483/334  141/334  -67/334  229/334  361/334 -339/334  133/334 -227/334  -83/334 -103/334 -287/334]
[  33/334  189/334  181/334    9/334 -327/334 -159/334 -155/334 -315/334   29/334  209/334  225/334   77/334 -235/334  -43/334  -15/334]
[-151/334  217/334 -247/334  461/334  337/334   49/334  265/334 -351/334  205/334  -71/334  157/334  221/334  121/334  525/334   97/334]
[ 173/334   85/334        0        0        0        0        0        0        0        0        0        0        0        0        0]
Testing obstruction for
m1: 1, m2: 84,a: 0
[    -1/2 -163/334 -151/334 -131/334 -103/334  -67/334  -23/334   29/334   89/334  157/334  233/334  317/334  409/334  509/334  617/334]
[ 733/334  857/334  989/334 1129/334 1277/334 1433/334 1597/334 1769/334 1949/334 2137/334 2333/334 2537/334 2749/334 2969/334 3197/334]
[3433/334 3677/334 3929/334 4189/334 4457/334 4733/334 5017/334 5309/334 5609/334 5917/334 6233/334 6557/334 6889/334 6561/334 6241/334]
[5929/334 5625/334 5329/334 5041/334 4761/334 4489/334 4225/334 3969/334 3721/334 3481/334 3249/334 3025/334 2809/334 2601/334 2401/334]
[2209/334 2025/334 1849/334 1681/334 1521/334 1369/334 1225/334 1089/334  961/334  841/334  729/334  625/334  529/334  441/334  361/334]
[ 289/334  225/334  169/334  121/334   81/334   49/334   25/334    9/334    1/334    1/334    9/334   25/334   49/334   81/334  121/334]
[ 169/334  225/334  289/334  361/334  441/334  529/334  625/334  729/334  841/334  961/334 1089/334 1225/334 1369/334 1521/334 1681/334]
[1849/334 2025/334 2209/334 2401/334 2601/334 2809/334 3025/334 3249/334 3481/334 3721/334 3969/334 4225/334 4489/334 4761/334 5041/334]
[5329/334 5625/334 5929/334 6241/334 6561/334 6889/334 6557/334 6233/334 5917/334 5609/334 5309/334 5017/334 4733/334 4457/334 4189/334]
[3929/334 3677/334 3433/334 3197/334 2969/334 2749/334 2537/334 2333/334 2137/334 1949/334 1769/334 1597/334 1433/334 1277/334 1129/334]
[ 989/334  857/334  733/334  617/334  509/334  409/334  317/334  233/334  157/334   89/334   29/334  -23/334  -67/334 -103/334 -131/334]
[-151/334 -163/334        0        0        0        0        0        0        0        0        0        0        0        0        0]
Testing obstruction for
m1: 2, m2: 29,a: 1
[    -1/2 -331/334 -155/334 -307/334 -119/334 -259/334  -59/334 -187/334   25/334  -91/334  133/334   29/334  265/334  173/334  421/334]
[ 341/334  601/334  533/334  805/334  749/334 1033/334  989/334 1285/334 1253/334 1561/334 1541/334 1861/334 1853/334 2185/334 2189/334]
[1865/334 1881/334 1569/334 1597/334 1297/334 1337/334 1049/334 1101/334  825/334  889/334  625/334  701/334  449/334  537/334  297/334]
[ 397/334  169/334  281/334   65/334  189/334  -15/334  121/334  -71/334   77/334 -103/334   57/334 -111/334   61/334  -95/334   89/334]
[ -55/334  141/334    9/334  217/334   97/334  317/334  209/334  441/334  345/334  589/334  505/334  761/334  689/334  957/334  897/334]
[1177/334 1129/334 1421/334 1385/334 1689/334 1665/334 1981/334 1969/334 2297/334 2297/334 1969/334 1981/334 1665/334 1689/334 1385/334]
[1421/334 1129/334 1177/334  897/334  957/334  689/334  761/334  505/334  589/334  345/334  441/334  209/334  317/334   97/334  217/334]
[   9/334  141/334  -55/334   89/334  -95/334   61/334 -111/334   57/334 -103/334   77/334  -71/334  121/334  -15/334  189/334   65/334]
[ 281/334  169/334  397/334  297/334  537/334  449/334  701/334  625/334  889/334  825/334 1101/334 1049/334 1337/334 1297/334 1597/334]
[1569/334 1881/334 1865/334 2189/334 2185/334 1853/334 1861/334 1541/334 1561/334 1253/334 1285/334  989/334 1033/334  749/334  805/334]
[ 533/334  601/334  341/334  421/334  173/334  265/334   29/334  133/334  -91/334   25/334 -187/334  -59/334 -259/334 -119/334 -307/334]
[-155/334 -331/334        0        0        0        0        0        0        0        0        0        0        0        0        0]
Testing obstruction for
m1: 5, m2: 10,a: 1
[    -1/2 -315/334  -91/334 -163/334  137/334  141/334 -151/334  -71/334 -287/334 -131/334 -271/334  -39/334 -103/334  205/334  217/334]
[ -67/334   21/334 -187/334  -23/334 -155/334   85/334   29/334  345/334  365/334   89/334  185/334  -15/334  157/334   33/334  281/334]
[ 233/334  557/334  585/334  317/334  421/334  229/334  409/334  293/334  549/334  509/334  841/334  877/334  617/334  729/334  545/334]
[ 733/334  625/334  889/334  857/334  529/334  573/334  321/334  441/334  265/334  461/334  361/334  633/334  609/334  289/334  341/334]
[  97/334  225/334   57/334  261/334  169/334  449/334  433/334  121/334  181/334  -55/334   81/334  -79/334  133/334   49/334  337/334]
[ 329/334   25/334   93/334 -135/334    9/334 -143/334   77/334    1/334  297/334  297/334    1/334   77/334 -143/334    9/334 -135/334]
[  93/334   25/334  329/334  337/334   49/334  133/334  -79/334   81/334  -55/334  181/334  121/334  433/334  449/334  169/334  261/334]
[  57/334  225/334   97/334  341/334  289/334  609/334  633/334  361/334  461/334  265/334  441/334  321/334  573/334  529/334  857/334]
[ 889/334  625/334  733/334  545/334  729/334  617/334  877/334  841/334  509/334  549/334  293/334  409/334  229/334  421/334  317/334]
[ 585/334  557/334  233/334  281/334   33/334  157/334  -15/334  185/334   89/334  365/334  345/334   29/334   85/334 -155/334  -23/334]
[-187/334   21/334  -67/334  217/334  205/334 -103/334  -39/334 -271/334 -131/334 -287/334  -71/334 -151/334  141/334  137/334 -163/334]
[ -91/334 -315/334        0        0        0        0        0        0        0        0        0        0        0        0        0]
[-315/334, -91/334, -163/334]
25 [-315/334, -91/334, 505/334]
Testing obstruction for
m1: 4, m2: 15,a: 3
[    -1/2 -327/334 -139/334 -271/334  -55/334 -159/334   85/334    9/334  281/334  233/334  533/334  513/334  841/334  849/334  537/334]
[ 573/334  289/334  353/334   97/334  189/334  -39/334   81/334 -119/334   29/334 -143/334   33/334 -111/334   93/334  -23/334  209/334]
[ 121/334  381/334  321/334  609/334  577/334  893/334  889/334  565/334  589/334  293/334  345/334   77/334  157/334  -83/334   25/334]
[-187/334  -51/334 -235/334  -71/334 -227/334  -35/334 -163/334   57/334  -43/334  205/334  133/334  409/334  365/334  669/334  653/334]
[ 985/334  997/334  689/334  729/334  449/334  517/334  265/334  361/334  137/334  261/334   65/334  217/334   49/334  229/334   89/334]
[ 297/334  185/334  421/334  337/334  601/334  545/334  837/334  809/334 1129/334 1129/334  809/334  837/334  545/334  601/334  337/334]
[ 421/334  185/334  297/334   89/334  229/334   49/334  217/334   65/334  261/334  137/334  361/334  265/334  517/334  449/334  729/334]
[ 689/334  997/334  985/334  653/334  669/334  365/334  409/334  133/334  205/334  -43/334   57/334 -163/334  -35/334 -227/334  -71/334]
[-235/334  -51/334 -187/334   25/334  -83/334  157/334   77/334  345/334  293/334  589/334  565/334  889/334  893/334  577/334  609/334]
[ 321/334  381/334  121/334  209/334  -23/334   93/334 -111/334   33/334 -143/334   29/334 -119/334   81/334  -39/334  189/334   97/334]
[ 353/334  289/334  573/334  537/334  849/334  841/334  513/334  533/334  233/334  281/334    9/334   85/334 -159/334  -55/334 -271/334]
[-139/334 -327/334        0        0        0        0        0        0        0        0        0        0        0        0        0]
[-327/334, -139/334, -271/334]
28 [-327/334, -139/334, 397/334]
Testing obstruction for
m1: 6, m2: 11,a: 4
[    -1/2 -323/334 -123/334 -235/334    9/334  -59/334  229/334  205/334  537/334  557/334  265/334  329/334   81/334  189/334  -15/334]
[ 137/334  -23/334  173/334   57/334  297/334  225/334  509/334  481/334  809/334  825/334  529/334  589/334  337/334  441/334  233/334]
[ 381/334  217/334  409/334  289/334  525/334  449/334  729/334  697/334  353/334  365/334   65/334  121/334 -135/334  -35/334 -247/334]
[-103/334 -271/334  -83/334 -207/334   25/334  -55/334  221/334  185/334  505/334  513/334  209/334  261/334    1/334   97/334 -119/334]
[  21/334 -151/334   33/334  -95/334  133/334   49/334  321/334  281/334  597/334  601/334  293/334  341/334   77/334  169/334  -51/334]
[  85/334  -91/334   89/334  -43/334  181/334   93/334  361/334  317/334  629/334  629/334  317/334  361/334   93/334  181/334  -43/334]
[  89/334  -91/334   85/334  -51/334  169/334   77/334  341/334  293/334  601/334  597/334  281/334  321/334   49/334  133/334  -95/334]
[  33/334 -151/334   21/334 -119/334   97/334    1/334  261/334  209/334  513/334  505/334  185/334  221/334  -55/334   25/334 -207/334]
[ -83/334 -271/334 -103/334 -247/334  -35/334 -135/334  121/334   65/334  365/334  353/334  697/334  729/334  449/334  525/334  289/334]
[ 409/334  217/334  381/334  233/334  441/334  337/334  589/334  529/334  825/334  809/334  481/334  509/334  225/334  297/334   57/334]
[ 173/334  -23/334  137/334  -15/334  189/334   81/334  329/334  265/334  557/334  537/334  205/334  229/334  -59/334    9/334 -235/334]
[-123/334 -323/334        0        0        0        0        0        0        0        0        0        0        0        0        0]
Testing obstruction for
m1: 11, m2: 14,a: 10
[    -1/2 -307/334  -59/334  -91/334  265/334  341/334  137/334  321/334  225/334  517/334  529/334  929/334 1049/334  889/334  449/334]
[ 397/334   65/334  121/334 -103/334   61/334  -55/334  217/334  209/334  -79/334   21/334 -159/334   49/334  -23/334  293/334  329/334]
[  85/334  229/334   93/334  345/334  317/334  677/334  757/334  557/334  745/334  653/334  281/334  297/334   33/334  157/334    1/334]
[ 233/334  185/334 -143/334  -83/334 -303/334 -135/334 -247/334   29/334   25/334  409/334  513/334  337/334  549/334  481/334  801/334]
[ 841/334  601/334  749/334  617/334  205/334  181/334 -123/334  -39/334 -235/334  -43/334 -131/334  169/334  189/334  -71/334   57/334]
[ -95/334  141/334   97/334  441/334  505/334  289/334  461/334  353/334  633/334  633/334  353/334  461/334  289/334  505/334  441/334]
[  97/334  141/334  -95/334   57/334  -71/334  189/334  169/334 -131/334  -43/334 -235/334  -39/334 -123/334  181/334  205/334  617/334]
[ 749/334  601/334  841/334  801/334  481/334  549/334  337/334  513/334  409/334   25/334   29/334 -247/334 -135/334 -303/334  -83/334]
[-143/334  185/334  233/334    1/334  157/334   33/334  297/334  281/334  653/334  745/334  557/334  757/334  677/334  317/334  345/334]
[  93/334  229/334   85/334  329/334  293/334  -23/334   49/334 -159/334   21/334  -79/334  209/334  217/334  -55/334   61/334 -103/334]
[ 121/334   65/334  397/334  449/334  889/334 1049/334  929/334  529/334  517/334  225/334  321/334  137/334  341/334  265/334  -91/334]
[ -59/334 -307/334        0        0        0        0        0        0        0        0        0        0        0        0        0]
---------------------------
SUCCESS for name = 13a3451
---------------------------
13a3452
Correction terms
[    -1/2  -67/366 -451/366   43/122 -523/366 -211/366 -133/122 -355/366  -79/366 -101/122 -295/366  -55/366 -105/122 -343/366 -139/366]
[-145/122  233/366 -331/366   23/122  -31/366  101/366  -89/122  329/366 -307/366    7/122 -151/366  -91/366   67/122   -7/366   17/366]
[  91/122   29/366   17/366   79/122  -43/366  -91/366   31/122 -223/366  425/366  -53/122  221/366  101/366   71/122 -175/366  401/366]
[ -85/122   53/366 -139/366  -33/122  173/366  -55/366  -17/122  185/366  -79/366  -37/122   89/366 -211/366  151/122 -115/366  281/366]
[  59/122      5/6  -67/366  175/122 -115/366  209/366   11/122   89/366  377/366   55/122  185/366  437/366   63/122  173/366  389/366]
[  35/122   53/366  233/366  -29/122  557/366  -31/366  115/122  221/366  329/366  -21/122  509/366 -151/366   51/122  -43/366   -7/366]
[  87/122   29/366   29/366   87/122   -7/366  -43/366   51/122 -151/366  509/366  -21/122  329/366  221/366  115/122  -31/366  557/366]
[ -29/122  233/366   53/366   35/122  389/366  173/366   63/122  437/366  185/366   55/122  377/366   89/366   11/122  209/366 -115/366]
[ 175/122  -67/366      5/6   59/122  281/366 -115/366  151/122 -211/366   89/366  -37/122  -79/366  185/366  -17/122  -55/366  173/366]
[ -33/122 -139/366   53/366  -85/122  401/366 -175/366   71/122  101/366  221/366  -53/122  425/366 -223/366   31/122  -91/366  -43/366]
[  79/122   17/366   29/366   91/122   17/366   -7/366   67/122  -91/366 -151/366    7/122 -307/366  329/366  -89/122  101/366  -31/366]
[  23/122 -331/366  233/366 -145/122 -139/366 -343/366 -105/122  -55/366 -295/366 -101/122  -79/366 -355/366 -133/122 -211/366 -523/366]
[  43/122 -451/366  -67/366        0        0        0        0        0        0        0        0        0        0        0        0]
Testing obstruction for
m1: 1, m2: 92,a: 0
[    -1/2 -179/366 -167/366  -49/122 -119/366  -83/366  -13/122   13/366   73/366   47/122  217/366  301/366  131/122  493/366  601/366]
[ 239/122  841/366  973/366  371/122 1261/366 1417/366  527/122 1753/366 1933/366  707/122 2317/366 2521/366  911/122 2953/366 3181/366]
[1139/122 3661/366 3913/366 1391/122 4441/366 4717/366 1667/122 5293/366 5593/366 1967/122 6217/366 6541/366 2291/122 7213/366 7561/366]
[2639/122 8281/366 7921/366 2523/122 7225/366 6889/366 2187/122 6241/366 5929/366 1875/122 5329/366 5041/366 1587/122 4489/366 4225/366]
[1323/122     61/6 3481/366 1083/122 3025/366 2809/366  867/122 2401/366 2209/366  675/122 1849/366 1681/366  507/122 1369/366 1225/366]
[ 363/122  961/366  841/366  243/122  625/366  529/366  147/122  361/366  289/366   75/122  169/366  121/366   27/122   49/366   25/366]
[   3/122    1/366    1/366    3/122   25/366   49/366   27/122  121/366  169/366   75/122  289/366  361/366  147/122  529/366  625/366]
[ 243/122  841/366  961/366  363/122 1225/366 1369/366  507/122 1681/366 1849/366  675/122 2209/366 2401/366  867/122 2809/366 3025/366]
[1083/122 3481/366     61/6 1323/122 4225/366 4489/366 1587/122 5041/366 5329/366 1875/122 5929/366 6241/366 2187/122 6889/366 7225/366]
[2523/122 7921/366 8281/366 2639/122 7561/366 7213/366 2291/122 6541/366 6217/366 1967/122 5593/366 5293/366 1667/122 4717/366 4441/366]
[1391/122 3913/366 3661/366 1139/122 3181/366 2953/366  911/122 2521/366 2317/366  707/122 1933/366 1753/366  527/122 1417/366 1261/366]
[ 371/122  973/366  841/366  239/122  601/366  493/366  131/122  301/366  217/366   47/122   73/366   13/366  -13/122  -83/366 -119/366]
[ -49/122 -167/366 -179/366        0        0        0        0        0        0        0        0        0        0        0        0]
Testing obstruction for
m1: 2, m2: 31,a: 0
[    -1/2 -119/366   73/366 -113/122  109/366  -47/366  -25/122   25/366  253/366  -41/122  361/366  241/366   83/122  385/366  649/366]
[ 103/122  829/366  745/366  263/122  961/366 1261/366  319/122 1513/366 1465/366  515/122 1753/366 2089/366  607/122 2413/366 2401/366]
[ 839/122 2761/366 2401/366  723/122 2065/366 2089/366  503/122 1789/366 1465/366  423/122 1201/366 1261/366  239/122 1033/366  745/366]
[ 195/122  553/366  649/366   47/122  493/366  241/366   39/122  121/366  253/366  -73/122  169/366  -47/366  -45/122  -95/366   73/366]
[-121/122      1/6 -119/366  -57/122  -95/366  109/366  -97/122  169/366   25/366    3/122  121/366  361/366   -1/122  493/366  385/366]
[ 135/122  553/366  829/366  167/122 1033/366  961/366  339/122 1201/366 1513/366  407/122 1789/366 1753/366  615/122 2065/366 2413/366]
[ 719/122 2761/366 2761/366  719/122 2413/366 2065/366  615/122 1753/366 1789/366  407/122 1513/366 1201/366  339/122  961/366 1033/366]
[ 167/122  829/366  553/366  135/122  385/366  493/366   -1/122  361/366  121/366    3/122   25/366  169/366  -97/122  109/366  -95/366]
[ -57/122 -119/366      1/6 -121/122   73/366  -95/366  -45/122  -47/366  169/366  -73/122  253/366  121/366   39/122  241/366  493/366]
[  47/122  649/366  553/366  195/122  745/366 1033/366  239/122 1261/366 1201/366  423/122 1465/366 1789/366  503/122 2089/366 2065/366]
[ 723/122 2401/366 2761/366  839/122 2401/366 2413/366  607/122 2089/366 1753/366  515/122 1465/366 1513/366  319/122 1261/366  961/366]
[ 263/122  745/366  829/366  103/122  649/366  385/366   83/122  241/366  361/366  -41/122  253/366   25/366  -25/122  -47/366  109/366]
[-113/122   73/366 -119/366        0        0        0        0        0        0        0        0        0        0        0        0]
Testing obstruction for
m1: 6, m2: 9,a: 1
[    -1/2 -355/366 -139/366  -89/122   -7/366  -91/366   71/122  173/366  521/366  175/122  185/366  233/366  -21/122   29/366 -223/366]
[ -29/122 -295/366 -115/366  -93/122  -55/366 -175/366   31/122   17/366  329/366   99/122  653/366  665/366  111/122  389/366  101/366]
[  67/122  -43/366  101/366  -33/122   89/366  -67/366   55/122   53/366  329/366   87/122  581/366  557/366  307/122  941/366  617/366]
[ 227/122  401/366  509/366   91/122  425/366  233/366  143/122  281/366  521/366  139/122  701/366  641/366  323/122  953/366  593/366]
[ 207/122      5/6  377/366   35/122  221/366   -7/366   51/122  -31/366  173/366   11/122  281/366  185/366  159/122  425/366  761/366]
[ 251/122  401/366  437/366   43/122  209/366  -55/366   23/122 -151/366   17/366  -53/122   53/366  -79/366   59/122   89/366  389/366]
[ 115/122  689/366  689/366  115/122  389/366   89/366   59/122  -79/366   53/366  -53/122   17/366 -151/366   23/122  -55/366  209/366]
[  43/122  437/366  401/366  251/122  761/366  425/366  159/122  185/366  281/366   11/122  173/366  -31/366   51/122   -7/366  221/366]
[  35/122  377/366      5/6  207/122  593/366  953/366  323/122  641/366  701/366  139/122  521/366  281/366  143/122  233/366  425/366]
[  91/122  509/366  401/366  227/122  617/366  941/366  307/122  557/366  581/366   87/122  329/366   53/366   55/122  -67/366   89/366]
[ -33/122  101/366  -43/366   67/122  101/366  389/366  111/122  665/366  653/366   99/122  329/366   17/366   31/122 -175/366  -55/366]
[ -93/122 -115/366 -295/366  -29/122 -223/366   29/366  -21/122  233/366  185/366  175/122  521/366  173/366   71/122  -91/366   -7/366]
[ -89/122 -139/366 -355/366        0        0        0        0        0        0        0        0        0        0        0        0]
[-355/366, -139/366, -89/122, -7/366, -91/366, 71/122, 173/366, 521/366, 175/122, 185/366, 233/366, -21/122, 29/366, -223/366]
7 [-355/366, -139/366, -89/122, -7/366, -91/366, 71/122, 173/366, -211/366, 175/122, 185/366, 233/366, -21/122, 29/366, 509/366]
Testing obstruction for
m1: 7, m2: 10,a: 4
[    -1/2 -347/366 -107/366  -65/122  121/366  109/366  167/122  565/366  301/366  147/122  253/366  469/366  119/122  649/366  613/366]
[  83/122  289/366    1/366   39/122  -95/366   97/366  -13/122  229/366  169/366  171/122  529/366  217/366  103/122   73/366  241/366]
[  27/122  325/366  241/366  187/122  553/366  217/366   95/122   25/366  169/366   -5/122  205/366   97/366  131/122  361/366    1/366]
[  15/122 -239/366 -119/366 -109/122 -131/366 -263/366    3/122  -47/366  301/366  107/122  745/366  841/366  203/122  781/366  625/366]
[ 291/122     13/6  385/366  127/122   49/366  121/366  -45/122   13/366 -167/366   19/122  -47/366  253/366   75/122  601/366  649/366]
[ 123/122  493/366  289/366  163/122  361/366  637/366  195/122  205/366  229/366  -25/122   25/366 -203/366   -9/122 -179/366   73/366]
[  -1/122  325/366  325/366   -1/122   73/366 -179/366   -9/122 -203/366   25/366  -25/122  229/366  205/366  195/122  637/366  361/366]
[ 163/122  289/366  493/366  123/122  649/366  601/366   75/122  253/366  -47/366   19/122 -167/366   13/366  -45/122  121/366   49/366]
[ 127/122  385/366     13/6  291/122  625/366  781/366  203/122  841/366  745/366  107/122  301/366  -47/366    3/122 -263/366 -131/366]
[-109/122 -119/366 -239/366   15/122    1/366  361/366  131/122   97/366  205/366   -5/122  169/366   25/366   95/122  217/366  553/366]
[ 187/122  241/366  325/366   27/122  241/366   73/366  103/122  217/366  529/366  171/122  169/366  229/366  -13/122   97/366  -95/366]
[  39/122    1/366  289/366   83/122  613/366  649/366  119/122  469/366  253/366  147/122  301/366  565/366  167/122  109/366  121/366]
[ -65/122 -107/366 -347/366        0        0        0        0        0        0        0        0        0        0        0        0]
Testing obstruction for
m1: 12, m2: 15,a: 11
[    -1/2 -343/366  -91/366  -53/122  185/366  209/366  -29/122   29/366 -175/366   11/122  -79/366  221/366   67/122 -139/366  -67/366]
[-105/122 -151/366 -307/366  -17/122 -115/366  233/366   87/122  -31/366   89/366  -37/122  101/366   -7/366   99/122  281/366  -55/366]
[   7/122 -223/366  -55/366  -69/122   53/366   -7/366  115/122  377/366   89/366   71/122   17/366  233/366   43/122  437/366  425/366]
[  31/122  173/366  -67/366   35/122  -43/366  221/366   55/122  521/366  557/366   91/122  401/366  209/366  143/122  329/366  641/366]
[ 211/122      5/6  389/366   51/122  329/366  185/366  151/122  401/366  761/366  267/122  521/366  653/366  155/122  689/366  593/366]
[ 303/122  905/366  581/366  223/122  437/366  617/366  159/122  749/366  701/366  355/122 1109/366  833/366  323/122  785/366 1013/366]
[ 307/122 1241/366 1241/366  307/122 1013/366  785/366  323/122  833/366 1109/366  355/122  701/366  749/366  159/122  617/366  437/366]
[ 223/122  581/366  905/366  303/122  593/366  689/366  155/122  653/366  521/366  267/122  761/366  401/366  151/122  185/366  329/366]
[  51/122  389/366      5/6  211/122  641/366  329/366  143/122  209/366  401/366   91/122  557/366  521/366   55/122  221/366  -43/366]
[  35/122  -67/366  173/366   31/122  425/366  437/366   43/122  233/366   17/366   71/122   89/366  377/366  115/122   -7/366   53/366]
[ -69/122  -55/366 -223/366    7/122  -55/366  281/366   99/122   -7/366  101/366  -37/122   89/366  -31/366   87/122  233/366 -115/366]
[ -17/122 -307/366 -151/366 -105/122  -67/366 -139/366   67/122  221/366  -79/366   11/122 -175/366   29/366  -29/122  209/366  185/366]
[ -53/122  -91/366 -343/366        0        0        0        0        0        0        0        0        0        0        0        0]
[-343/366, -91/366, -53/122, 185/366, 209/366, -29/122, 29/366, -175/366]
13 [-343/366, -91/366, -53/122, 185/366, 209/366, -29/122, 29/366, 557/366]
---------------------------
SUCCESS for name = 13a3452
---------------------------
13a3495
Correction terms
[     -1/2   289/710   801/710  -239/710     9/710    25/142   109/710   -39/710  -319/710   689/710    29/142  -531/710    81/710   561/710  -511/710]
[  -59/142  -211/710  -259/710  -439/710  -751/710    45/142  1069/710   361/710  -479/710   -31/710    57/142   469/710   521/710   441/710   229/710]
[  -23/142   829/710   221/710  -519/710    29/710    89/142  -691/710  -539/710  -519/710   789/710   109/142   169/710  -339/710   441/710  -331/710]
[   37/142   569/710  -599/710  -479/710  -491/710   157/142   509/710   101/710  -439/710   309/710   -99/142   -11/710   341/710   561/710   649/710]
[  121/142   429/710   121/710  -319/710   529/710   -35/142 -1011/710  -559/710  -239/710   -51/710     1/142     -1/10  -279/710   801/710   329/710]
[  -55/142   409/710  -459/710   -39/710   249/710    81/142   429/710   321/710    81/710  -291/710  -159/142   -11/710   641/710  -259/710   129/710]
[   77/142   509/710   501/710   361/710    89/710   -63/142  -851/710   -99/710   521/710  -411/710   -11/142   169/710   261/710   221/710    49/710]
[  -51/142   729/710   161/710  -539/710    49/710   101/142   829/710  1021/710  -339/710  -411/710  -123/142   469/710     1/710  -599/710    89/710]
[  129/142  -351/710   -59/710   101/710   129/710     5/142  -211/710  -579/710   341/710  -291/710    73/142   889/710  -139/710   121/710   249/710]
[   49/142   109/710  -159/710  -559/710   329/710   -67/142   289/710     11/10  -279/710   -51/710     9/142     9/710  -159/710  -459/710   529/710]
[   -7/142  -731/710  -139/710   321/710   649/710  -115/142  -511/710  -579/710   641/710   309/710   -31/142   669/710   -59/710   501/710   929/710]
[  -39/142   -31/710     1/710   -99/710  -331/710  -139/142   229/710  1021/710   261/710  -631/710   -47/142    29/710   161/710   161/710    29/710]
[  -47/142  -631/710   261/710  1021/710   229/710  -139/142  -331/710   -99/710     1/710   -31/710   -39/142   929/710   501/710   -59/710   669/710]
[  -31/142   309/710   641/710  -579/710  -511/710  -115/142   649/710   321/710  -139/710  -731/710    -7/142   529/710  -459/710  -159/710     9/710]
[    9/142   -51/710  -279/710     11/10   289/710   -67/142   329/710  -559/710  -159/710   109/710    49/142   249/710   121/710  -139/710   889/710]
[   73/142  -291/710   341/710  -579/710  -211/710     5/142   129/710   101/710   -59/710  -351/710   129/142    89/710  -599/710     1/710   469/710]
[ -123/142  -411/710  -339/710  1021/710   829/710   101/142    49/710  -539/710   161/710   729/710   -51/142    49/710   221/710   261/710   169/710]
[  -11/142  -411/710   521/710   -99/710  -851/710   -63/142    89/710   361/710   501/710   509/710    77/142   129/710  -259/710   641/710   -11/710]
[ -159/142  -291/710    81/710   321/710   429/710    81/142   249/710   -39/710  -459/710   409/710   -55/142   329/710   801/710  -279/710     -1/10]
[    1/142   -51/710  -239/710  -559/710 -1011/710   -35/142   529/710  -319/710   121/710   429/710   121/142   649/710   561/710   341/710   -11/710]
[  -99/142   309/710  -439/710   101/710   509/710   157/142  -491/710  -479/710  -599/710   569/710    37/142  -331/710   441/710  -339/710   169/710]
[  109/142   789/710  -519/710  -539/710  -691/710    89/142    29/710  -519/710   221/710   829/710   -23/142   229/710   441/710   521/710   469/710]
[   57/142   -31/710  -479/710   361/710  1069/710    45/142  -751/710  -439/710  -259/710  -211/710   -59/142  -511/710   561/710    81/710  -531/710]
[   29/142   689/710  -319/710   -39/710   109/710    25/142     9/710  -239/710   801/710   289/710         0         0         0         0         0]
Testing obstruction for
m1: 1, m2: 178,a: 0
[     -1/2  -351/710  -339/710  -319/710  -291/710   -51/142  -211/710  -159/710   -99/710   -31/710     9/142   129/710   221/710   321/710   429/710]
[  109/142   669/710   801/710   941/710  1089/710   249/142  1409/710  1581/710  1761/710  1949/710   429/142  2349/710  2561/710  2781/710  3009/710]
[  649/142  3489/710  3741/710  4001/710  4269/710   909/142  4829/710  5121/710  5421/710  5729/710  1209/142  6369/710  6701/710  7041/710  7389/710]
[ 1549/142  8109/710  8481/710  8861/710  9249/710  1929/142 10049/710 10461/710 10881/710 11309/710  2349/142 12189/710 12641/710 13101/710 13569/710]
[ 2809/142 14529/710 15021/710 15521/710 16029/710  3309/142 17069/710 17601/710 18141/710 18689/710  3849/142    279/10 20381/710 20961/710 21549/710]
[ 4429/142 22749/710 23361/710 23981/710 24609/710  5049/142 25889/710 26541/710 27201/710 27869/710  5709/142 29229/710 29921/710 30621/710 31329/710]
[ 6125/142 29929/710 29241/710 28561/710 27889/710  5445/142 26569/710 25921/710 25281/710 24649/710  4805/142 23409/710 22801/710 22201/710 21609/710]
[ 4205/142 20449/710 19881/710 19321/710 18769/710  3645/142 17689/710 17161/710 16641/710 16129/710  3125/142 15129/710 14641/710 14161/710 13689/710]
[ 2645/142 12769/710 12321/710 11881/710 11449/710  2205/142 10609/710 10201/710  9801/710  9409/710  1805/142  8649/710  8281/710  7921/710  7569/710]
[ 1445/142  6889/710  6561/710  6241/710  5929/710  1125/142  5329/710     71/10  4761/710  4489/710   845/142  3969/710  3721/710  3481/710  3249/710]
[  605/142  2809/710  2601/710  2401/710  2209/710   405/142  1849/710  1681/710  1521/710  1369/710   245/142  1089/710   961/710   841/710   729/710]
[  125/142   529/710   441/710   361/710   289/710    45/142   169/710   121/710    81/710    49/710     5/142     9/710     1/710     1/710     9/710]
[    5/142    49/710    81/710   121/710   169/710    45/142   289/710   361/710   441/710   529/710   125/142   729/710   841/710   961/710  1089/710]
[  245/142  1369/710  1521/710  1681/710  1849/710   405/142  2209/710  2401/710  2601/710  2809/710   605/142  3249/710  3481/710  3721/710  3969/710]
[  845/142  4489/710  4761/710     71/10  5329/710  1125/142  5929/710  6241/710  6561/710  6889/710  1445/142  7569/710  7921/710  8281/710  8649/710]
[ 1805/142  9409/710  9801/710 10201/710 10609/710  2205/142 11449/710 11881/710 12321/710 12769/710  2645/142 13689/710 14161/710 14641/710 15129/710]
[ 3125/142 16129/710 16641/710 17161/710 17689/710  3645/142 18769/710 19321/710 19881/710 20449/710  4205/142 21609/710 22201/710 22801/710 23409/710]
[ 4805/142 24649/710 25281/710 25921/710 26569/710  5445/142 27889/710 28561/710 29241/710 29929/710  6125/142 31329/710 30621/710 29921/710 29229/710]
[ 5709/142 27869/710 27201/710 26541/710 25889/710  5049/142 24609/710 23981/710 23361/710 22749/710  4429/142 21549/710 20961/710 20381/710    279/10]
[ 3849/142 18689/710 18141/710 17601/710 17069/710  3309/142 16029/710 15521/710 15021/710 14529/710  2809/142 13569/710 13101/710 12641/710 12189/710]
[ 2349/142 11309/710 10881/710 10461/710 10049/710  1929/142  9249/710  8861/710  8481/710  8109/710  1549/142  7389/710  7041/710  6701/710  6369/710]
[ 1209/142  5729/710  5421/710  5121/710  4829/710   909/142  4269/710  4001/710  3741/710  3489/710   649/142  3009/710  2781/710  2561/710  2349/710]
[  429/142  1949/710  1761/710  1581/710  1409/710   249/142  1089/710   941/710   801/710   669/710   109/142   429/710   321/710   221/710   129/710]
[    9/142   -31/710   -99/710  -159/710  -211/710   -51/142  -291/710  -319/710  -339/710  -351/710         0         0         0         0         0]
Unobstructed
121
---------------------------
---------------------------
13a3496
Correction terms
[     -1/2  -299/726  -107/726    71/242  -791/726  -215/726   163/242  -131/726  -623/726   155/242   229/726       1/6    47/242   289/726   565/726]
[ -161/242    49/726   709/726    15/242  -491/726   553/726    91/242       1/6    97/726    67/242   433/726   793/726   -57/242   445/726  -263/726]
[  203/242   157/726  -167/726      -1/2  1021/726  -371/726   -61/242   133/726   577/726  -101/242   397/726  -227/726   243/242   361/726       1/6]
[    3/242    25/726   169/726   147/242  -611/726   -83/726   191/242   -95/726  -635/726   135/242       1/6   -35/726   -21/242    37/726   265/726]
[ -277/242  -347/726   265/726  -149/242 -1031/726   -35/726      -1/2  -563/726  -635/726   291/242  -395/726   -83/726   119/242   925/726   169/726]
[ -153/242   493/726       1/6   -41/242  -239/726  -227/726   -29/242   181/726   577/726  -117/242   301/726  1081/726   179/242       1/6  -167/726]
[  375/242  -359/726  -263/726   -13/242   313/726  -659/726   -17/242   685/726    97/726      -1/2   757/726   553/726   159/242   529/726   709/726]
[ -145/242     1/726   565/726   -65/242  -827/726       1/6   -85/242  -503/726  -623/726   279/242  -479/726  -215/726    59/242   697/726  -107/726]
[ -261/242       1/6  -299/726  -197/242  -755/726   661/726  -233/242  -479/726  -131/726   115/242  -503/726   229/726      -1/2   625/726   289/726]
[   27/242     1/726    49/726    75/242   529/726  -491/726    23/242   757/726       1/6  -129/242   685/726   433/726   103/242   313/726   445/726]
[  235/242  -359/726   157/726   267/242       1/6  -431/726   199/242   301/726   133/726    31/242   181/726   397/726   247/242  -239/726   361/726]
[     -1/2   493/726    25/726  -105/242  -527/726   841/726  -189/242  -395/726   -95/726   111/242  -563/726       1/6  -173/242   421/726    37/726]
[  -73/242  -347/726  -347/726   -73/242    37/726   421/726  -173/242       1/6  -563/726   111/242   -95/726  -395/726  -189/242   841/726  -527/726]
[ -105/242    25/726   493/726      -1/2   361/726  -239/726   247/242   397/726   181/726    31/242   133/726   301/726   199/242  -431/726       1/6]
[  267/242   157/726  -359/726   235/242   445/726   313/726   103/242   433/726   685/726  -129/242       1/6   757/726    23/242  -491/726   529/726]
[   75/242    49/726     1/726    27/242   289/726   625/726      -1/2   229/726  -503/726   115/242  -131/726  -479/726  -233/242   661/726  -755/726]
[ -197/242  -299/726       1/6  -261/242  -107/726   697/726    59/242  -215/726  -479/726   279/242  -623/726  -503/726   -85/242       1/6  -827/726]
[  -65/242   565/726     1/726  -145/242   709/726   529/726   159/242   553/726   757/726      -1/2    97/726   685/726   -17/242  -659/726   313/726]
[  -13/242  -263/726  -359/726   375/242  -167/726       1/6   179/242  1081/726   301/726  -117/242   577/726   181/726   -29/242  -227/726  -239/726]
[  -41/242       1/6   493/726  -153/242   169/726   925/726   119/242   -83/726  -395/726   291/242  -635/726  -563/726      -1/2   -35/726 -1031/726]
[ -149/242   265/726  -347/726  -277/242   265/726    37/726   -21/242   -35/726       1/6   135/242  -635/726   -95/726   191/242   -83/726  -611/726]
[  147/242   169/726    25/726     3/242       1/6   361/726   243/242  -227/726   397/726  -101/242   577/726   133/726   -61/242  -371/726  1021/726]
[     -1/2  -167/726   157/726   203/242  -263/726   445/726   -57/242   793/726   433/726    67/242    97/726       1/6    91/242   553/726  -491/726]
[   15/242   709/726    49/726  -161/242   565/726   289/726    47/242       1/6   229/726   155/242  -623/726  -131/726   163/242  -215/726  -791/726]
[   71/242  -107/726  -299/726         0         0         0         0         0         0         0         0         0         0         0         0]
Testing obstruction for
m1: 1, m2: 182,a: 0
[     -1/2  -359/726  -347/726  -109/242  -299/726  -263/726   -73/242  -167/726  -107/726   -13/242    37/726       1/6    71/242   313/726   421/726]
[  179/242   661/726   793/726   311/242  1081/726  1237/726   467/242      13/6  1753/726   647/242  2137/726  2341/726   851/242  2773/726  3001/726]
[ 1079/242  3481/726  3733/726      11/2  4261/726  4537/726  1607/242  5113/726  5413/726  1907/242  6037/726  6361/726  2231/242  7033/726      61/6]
[ 2579/242  8101/726  8473/726  2951/242  9241/726  9637/726  3347/242 10453/726 10873/726  3767/242      97/6 12181/726  4211/242 13093/726 13561/726]
[ 4679/242 14521/726 15013/726  5171/242 16021/726 16537/726      47/2 17593/726 18133/726  6227/242 19237/726 19801/726  6791/242 20953/726 21541/726]
[ 7379/242 22741/726     193/6  7991/242 24601/726 25237/726  8627/242 26533/726 27193/726  9287/242 28537/726 29221/726  9971/242     253/6 31321/726]
[10679/242 32761/726 32041/726 10443/242 30625/726 29929/726  9747/242 28561/726 27889/726      75/2 26569/726 25921/726  8427/242 24649/726 24025/726]
[ 7803/242 22801/726 22201/726  7203/242 21025/726     169/6  6627/242 19321/726 18769/726  6075/242 17689/726 17161/726  5547/242 16129/726 15625/726]
[ 5043/242     121/6 14161/726  4563/242 13225/726 12769/726  4107/242 11881/726 11449/726  3675/242 10609/726 10201/726      27/2  9409/726  9025/726]
[ 2883/242  8281/726  7921/726  2523/242  7225/726  6889/726  2187/242  6241/726      49/6  1875/242  5329/726  5041/726  1587/242  4489/726  4225/726]
[ 1323/242  3721/726  3481/726  1083/242      25/6  2809/726   867/242  2401/726  2209/726   675/242  1849/726  1681/726   507/242  1369/726  1225/726]
[      3/2   961/726   841/726   243/242   625/726   529/726   147/242   361/726   289/726    75/242   169/726       1/6    27/242    49/726    25/726]
[    3/242     1/726     1/726     3/242    25/726    49/726    27/242       1/6   169/726    75/242   289/726   361/726   147/242   529/726   625/726]
[  243/242   841/726   961/726       3/2  1225/726  1369/726   507/242  1681/726  1849/726   675/242  2209/726  2401/726   867/242  2809/726      25/6]
[ 1083/242  3481/726  3721/726  1323/242  4225/726  4489/726  1587/242  5041/726  5329/726  1875/242      49/6  6241/726  2187/242  6889/726  7225/726]
[ 2523/242  7921/726  8281/726  2883/242  9025/726  9409/726      27/2 10201/726 10609/726  3675/242 11449/726 11881/726  4107/242 12769/726 13225/726]
[ 4563/242 14161/726     121/6  5043/242 15625/726 16129/726  5547/242 17161/726 17689/726  6075/242 18769/726 19321/726  6627/242     169/6 21025/726]
[ 7203/242 22201/726 22801/726  7803/242 24025/726 24649/726  8427/242 25921/726 26569/726      75/2 27889/726 28561/726  9747/242 29929/726 30625/726]
[10443/242 32041/726 32761/726 10679/242 31321/726     253/6  9971/242 29221/726 28537/726  9287/242 27193/726 26533/726  8627/242 25237/726 24601/726]
[ 7991/242     193/6 22741/726  7379/242 21541/726 20953/726  6791/242 19801/726 19237/726  6227/242 18133/726 17593/726      47/2 16537/726 16021/726]
[ 5171/242 15013/726 14521/726  4679/242 13561/726 13093/726  4211/242 12181/726      97/6  3767/242 10873/726 10453/726  3347/242  9637/726  9241/726]
[ 2951/242  8473/726  8101/726  2579/242      61/6  7033/726  2231/242  6361/726  6037/726  1907/242  5413/726  5113/726  1607/242  4537/726  4261/726]
[     11/2  3733/726  3481/726  1079/242  3001/726  2773/726   851/242  2341/726  2137/726   647/242  1753/726      13/6   467/242  1237/726  1081/726]
[  311/242   793/726   661/726   179/242   421/726   313/726    71/242       1/6    37/726   -13/242  -107/726  -167/726   -73/242  -263/726  -299/726]
[ -109/242  -347/726  -359/726         0         0         0         0         0         0         0         0         0         0         0         0]
[-359/726, -347/726, -109/242]
91 [-359/726, -347/726, 375/242]
[-359/726, -347/726, -109/242]
151 [-359/726, -347/726, 375/242]
Testing obstruction for
m1: 2, m2: 61,a: 0
[     -1/2  -239/726   133/726  -233/242   169/726  -167/726   -85/242   -95/726   313/726  -161/242   421/726       1/6    23/242   265/726   709/726]
[  -17/242   889/726   625/726   203/242   841/726  1321/726   199/242      13/6  1345/726   455/242  1633/726  2149/726   487/242  2473/726  2281/726]
[  779/242  2641/726  3193/726       7/2  3589/726  3433/726  1175/242  3865/726  4453/726  1279/242  4921/726  4801/726  1643/242  5305/726      49/6]
[ 1783/242  6469/726  6385/726  2183/242  6961/726  7621/726  2359/242  8233/726  8185/726  2795/242      73/6  9529/726  3007/242 10213/726 10201/726]
[ 3479/242 10921/726 10201/726  3243/242  9505/726  9529/726      23/2  8869/726  8185/726  2583/242  7561/726  7621/726  2159/242  7033/726  6385/726]
[ 1995/242  5833/726      49/6  1607/242  5413/726  4801/726  1479/242  4321/726  4453/726  1127/242  4009/726  3433/726  1035/242      25/6  3193/726]
[  719/242  2821/726  2281/726   663/242  1945/726  2149/726   383/242  1849/726  1345/726       3/2  1081/726  1321/726   119/242  1093/726   625/726]
[  135/242   433/726   709/726   -73/242   553/726       1/6   -21/242     1/726   313/726  -193/242   229/726  -167/726  -105/242  -215/726   133/726]
[ -241/242       1/6  -239/726  -117/242  -215/726   169/726  -217/242   229/726   -95/726   -57/242     1/726   421/726      -1/2   553/726   265/726]
[   75/242   433/726   889/726    47/242  1093/726   841/726   279/242  1081/726      13/6   287/242  1849/726  1633/726   555/242  1945/726  2473/726]
[  599/242  2821/726  2641/726   903/242      25/6  3589/726   983/242  4009/726  3865/726  1323/242  4321/726  4921/726  1439/242  5413/726  5305/726]
[     15/2  5833/726  6469/726  1967/242  7033/726  6961/726  2379/242  7561/726  8233/726  2567/242  8869/726      73/6  3015/242  9505/726 10213/726]
[ 3239/242 10921/726 10921/726  3239/242 10213/726  9505/726  3015/242      73/6  8869/726  2567/242  8233/726  7561/726  2379/242  6961/726  7033/726]
[ 1967/242  6469/726  5833/726      15/2  5305/726  5413/726  1439/242  4921/726  4321/726  1323/242  3865/726  4009/726   983/242  3589/726      25/6]
[  903/242  2641/726  2821/726   599/242  2473/726  1945/726   555/242  1633/726  1849/726   287/242      13/6  1081/726   279/242   841/726  1093/726]
[   47/242   889/726   433/726    75/242   265/726   553/726      -1/2   421/726     1/726   -57/242   -95/726   229/726  -217/242   169/726  -215/726]
[ -117/242  -239/726       1/6  -241/242   133/726  -215/726  -105/242  -167/726   229/726  -193/242   313/726     1/726   -21/242       1/6   553/726]
[  -73/242   709/726   433/726   135/242   625/726  1093/726   119/242  1321/726  1081/726       3/2  1345/726  1849/726   383/242  2149/726  1945/726]
[  663/242  2281/726  2821/726   719/242  3193/726      25/6  1035/242  3433/726  4009/726  1127/242  4453/726  4321/726  1479/242  4801/726  5413/726]
[ 1607/242      49/6  5833/726  1995/242  6385/726  7033/726  2159/242  7621/726  7561/726  2583/242  8185/726  8869/726      23/2  9529/726  9505/726]
[ 3243/242 10201/726 10921/726  3479/242 10201/726 10213/726  3007/242  9529/726      73/6  2795/242  8185/726  8233/726  2359/242  7621/726  6961/726]
[ 2183/242  6385/726  6469/726  1783/242      49/6  5305/726  1643/242  4801/726  4921/726  1279/242  4453/726  3865/726  1175/242  3433/726  3589/726]
[      7/2  3193/726  2641/726   779/242  2281/726  2473/726   487/242  2149/726  1633/726   455/242  1345/726      13/6   199/242  1321/726   841/726]
[  203/242   625/726   889/726   -17/242   709/726   265/726    23/242       1/6   421/726  -161/242   313/726   -95/726   -85/242  -167/726   169/726]
[ -233/242   133/726  -239/726         0         0         0         0         0         0         0         0         0         0         0         0]
[-239/726, 133/726, -233/242, 169/726, -167/726, -85/242, -95/726, 313/726, -161/242, 421/726, 1/6, 23/242, 265/726, 709/726, -17/242, 889/726, 625/726, 203/242, 841/726, 1321/726, 199/242, 13/6, 1345/726, 455/242, 1633/726, 2149/726, 487/242, 2473/726, 2281/726, 779/242, 2641/726, 3193/726, 7/2, 3589/726, 3433/726, 1175/242, 3865/726, 4453/726, 1279/242, 4921/726, 4801/726, 1643/242, 5305/726, 49/6, 1783/242, 6469/726, 6385/726, 2183/242, 6961/726, 7621/726, 2359/242, 8233/726, 8185/726, 2795/242, 73/6, 9529/726, 3007/242, 10213/726, 10201/726, 3479/242, 10921/726, 10201/726, 3243/242, 9505/726, 9529/726, 23/2, 8869/726, 8185/726, 2583/242, 7561/726, 7621/726, 2159/242, 7033/726, 6385/726, 1995/242, 5833/726, 49/6, 1607/242, 5413/726, 4801/726, 1479/242, 4321/726, 4453/726, 1127/242, 4009/726, 3433/726, 1035/242, 25/6, 3193/726, 719/242, 2821/726, 2281/726, 663/242, 1945/726, 2149/726, 383/242, 1849/726, 1345/726, 3/2, 1081/726, 1321/726, 119/242, 1093/726, 625/726, 135/242, 433/726, 709/726, -73/242, 553/726, 1/6, -21/242, 1/726, 313/726, -193/242]
79 [-239/726, 133/726, -233/242, 169/726, -167/726, -85/242, -95/726, 313/726, -161/242, -1031/726, 1/6, 23/242, 265/726, 709/726, -17/242, -563/726, -827/726, 203/242, -611/726, -131/726, 199/242, 1/6, -107/726, -29/242, 181/726, -755/726, 3/242, 1021/726, -623/726, -189/242, -263/726, 289/726, -1/2, 685/726, 529/726, -277/242, -491/726, 97/726, -173/242, 565/726, 445/726, 191/242, -503/726, 1/6, -153/242, -791/726, 577/726, 247/242, -299/726, 361/726, -61/242, -479/726, -527/726, 375/242, 1/6, -635/726, 103/242, 49/726, 37/726, 91/242, 757/726, 37/726, -145/242, 793/726, -635/726, -1/2, 157/726, 925/726, 163/242, 301/726, 361/726, -261/242, -227/726, 577/726, 59/242, 25/726, 1/6, 155/242, -395/726, 445/726, 27/242, -35/726, 97/726, 159/242, -347/726, 529/726, 67/242, 1/6, 289/726, 235/242, -83/726, -623/726, 179/242, 493/726, 697/726, -101/242, 397/726, -107/726, -1/2, 1081/726, -131/726, 119/242, -359/726, 625/726, 135/242, 433/726, 709/726, -73/242, 553/726, 1/6, -21/242, 1/726, 313/726, 291/242]
[-239/726, 133/726, -233/242, 169/726, -167/726, -85/242, -95/726, 313/726, -161/242, 421/726, 1/6, 23/242, 265/726, 709/726, -17/242, 889/726, 625/726, 203/242, 841/726, 1321/726, 199/242, 13/6, 1345/726, 455/242, 1633/726, 2149/726, 487/242, 2473/726, 2281/726, 779/242, 2641/726, 3193/726, 7/2, 3589/726, 3433/726, 1175/242, 3865/726, 4453/726, 1279/242, 4921/726, 4801/726, 1643/242, 5305/726, 49/6, 1783/242, 6469/726, 6385/726, 2183/242, 6961/726, 7621/726, 2359/242, 8233/726, 8185/726, 2795/242, 73/6, 9529/726, 3007/242, 10213/726, 10201/726, 3479/242, 10921/726, 10201/726, 3243/242, 9505/726, 9529/726, 23/2, 8869/726, 8185/726, 2583/242, 7561/726, 7621/726, 2159/242, 7033/726, 6385/726, 1995/242, 5833/726, 49/6, 1607/242, 5413/726, 4801/726, 1479/242, 4321/726, 4453/726, 1127/242, 4009/726, 3433/726, 1035/242, 25/6, 3193/726, 719/242, 2821/726, 2281/726, 663/242, 1945/726, 2149/726, 383/242, 1849/726, 1345/726, 3/2, 1081/726, 1321/726, 119/242, 1093/726, 625/726, 135/242, 433/726, 709/726, -73/242, 553/726, 1/6, -21/242, 1/726, 313/726, -193/242]
163 [-239/726, 133/726, -233/242, 169/726, -167/726, -85/242, -95/726, 313/726, -161/242, 421/726, 1/6, 23/242, 265/726, 709/726, -17/242, -563/726, 625/726, 203/242, 841/726, -131/726, 199/242, 1/6, -107/726, -29/242, 181/726, 697/726, 3/242, -431/726, -623/726, -189/242, -263/726, 289/726, -1/2, 685/726, 529/726, -277/242, -491/726, 97/726, -173/242, 565/726, 445/726, 191/242, -503/726, 1/6, -153/242, 661/726, 577/726, 247/242, -299/726, 361/726, -61/242, -479/726, 925/726, 375/242, 1/6, -635/726, 103/242, 49/726, 37/726, 91/242, 757/726, 37/726, -145/242, -659/726, -635/726, -1/2, 157/726, -527/726, 163/242, 301/726, 361/726, -261/242, -227/726, 577/726, 59/242, 25/726, 1/6, 155/242, -395/726, 445/726, 27/242, -35/726, 97/726, 159/242, -347/726, 529/726, 67/242, 1/6, 289/726, 235/242, -83/726, -623/726, 179/242, 493/726, -755/726, -101/242, 397/726, -107/726, -1/2, -371/726, -131/726, 119/242, -359/726, -827/726, 135/242, 433/726, 709/726, -73/242, 553/726, 1/6, -21/242, 1/726, 313/726, 291/242]
Testing obstruction for
m1: 6, m2: 17,a: 0
Obstructed by Z^n/Q not being cyclic
Testing obstruction for
m1: 4, m2: 29,a: 3
[    -1/2 -719/726 -335/726 -221/242 -251/726 -551/726  -37/242 -383/726   85/726  -53/242  337/726      1/6  215/242  457/726 1009/726]
[ 283/242 1429/726 1297/726  635/242 1801/726 2437/726  787/242     25/6 2977/726 1223/242 3649/726 4369/726 1459/242 3673/726 3709/726]
[1011/242 3097/726 2449/726      7/2 1921/726 2041/726  483/242 1597/726 1033/726  403/242  673/726  877/726  123/242  601/726      1/6]
[ 127/242  -71/726  217/726  -69/242  109/726 -287/726   19/242 -311/726   61/726  -93/242      1/6 -191/726   79/242  -47/726  409/726]
[  51/242  637/726  409/726  307/242  721/726 1261/726      3/2 1657/726 1513/726  703/242 1993/726 2617/726  843/242 3181/726 3121/726]
[1267/242 3769/726     37/6 1491/242 3757/726 3781/726 1031/242 3145/726 2485/726  855/242 1933/726 2041/726  479/242     13/6  997/726]
[ 387/242  613/726  805/726   95/242  505/726   13/726   87/242 -203/726   73/726     -1/2  -59/726 -467/726  -45/242 -515/726 -155/726]
[-169/242 -119/726 -443/726   -9/242 -323/726      1/6  -49/242  325/726   85/726  195/242  373/726  901/726  239/242 1273/726 1117/726]
[ 567/242     13/6 2185/726  695/242 2725/726 2653/726 1107/242 3277/726 3973/726 1319/242 4681/726 4693/726     11/2 4033/726 3361/726]
[1143/242 2785/726 2881/726  755/242 2389/726 1801/726  651/242 1393/726     13/6  347/242 1249/726  745/726  327/242  505/726  769/726]
[ 107/242  613/726  193/726  171/242      1/6  469/726   35/242  481/726  145/726  183/242  241/726  673/726  131/242  853/726  601/726]
[     3/2  865/726 1381/726  395/242 1729/726 1561/726  711/242 1993/726 2593/726  827/242 3109/726     25/6 1227/242 3625/726 4309/726]
[1427/242 4993/726 4993/726 1427/242 4309/726 3625/726 1227/242     25/6 3109/726  827/242 2593/726 1993/726  711/242 1561/726 1729/726]
[ 395/242 1381/726  865/726      3/2  601/726  853/726  131/242  673/726  241/726  183/242  145/726  481/726   35/242  469/726      1/6]
[ 171/242  193/726  613/726  107/242  769/726  505/726  327/242  745/726 1249/726  347/242     13/6 1393/726  651/242 1801/726 2389/726]
[ 755/242 2881/726 2785/726 1143/242 3361/726 4033/726     11/2 4693/726 4681/726 1319/242 3973/726 3277/726 1107/242 2653/726 2725/726]
[ 695/242 2185/726     13/6  567/242 1117/726 1273/726  239/242  901/726  373/726  195/242   85/726  325/726  -49/242      1/6 -323/726]
[  -9/242 -443/726 -119/726 -169/242 -155/726 -515/726  -45/242 -467/726  -59/726     -1/2   73/726 -203/726   87/242   13/726  505/726]
[  95/242  805/726  613/726  387/242  997/726     13/6  479/242 2041/726 1933/726  855/242 2485/726 3145/726 1031/242 3781/726 3757/726]
[1491/242     37/6 3769/726 1267/242 3121/726 3181/726  843/242 2617/726 1993/726  703/242 1513/726 1657/726      3/2 1261/726  721/726]
[ 307/242  409/726  637/726   51/242  409/726  -47/726   79/242 -191/726      1/6  -93/242   61/726 -311/726   19/242 -287/726  109/726]
[ -69/242  217/726  -71/726  127/242      1/6  601/726  123/242  877/726  673/726  403/242 1033/726 1597/726  483/242 2041/726 1921/726]
[     7/2 2449/726 3097/726 1011/242 3709/726 3673/726 1459/242 4369/726 3649/726 1223/242 2977/726     25/6  787/242 2437/726 1801/726]
[ 635/242 1297/726 1429/726  283/242 1009/726  457/726  215/242      1/6  337/726  -53/242   85/726 -383/726  -37/242 -551/726 -251/726]
[-221/242 -335/726 -719/726        0        0        0        0        0        0        0        0        0        0        0        0]
Testing obstruction for
m1: 10, m2: 11,a: 3
[    -1/2 -707/726 -287/726 -185/242  -59/726 -251/726  107/242  205/726  853/726  271/242 1537/726     13/6  307/242 1033/726  457/726]
[ 215/242  145/726  409/726   -5/242  325/726  -23/726  131/242      1/6  613/726  139/242  985/726  865/726  503/242 1465/726 2185/726]
[ 739/242 1561/726 1669/726      3/2 1273/726  769/726  343/242  601/726  937/726  195/242  997/726  721/726  403/242 1009/726     13/6]
[ 483/242 2089/726 2041/726  435/242 1333/726  673/726  259/242  193/726  373/726  -45/242      1/6 -311/726    7/242 -335/726   73/726]
[ -69/242  277/726   73/726  211/242  505/726 1141/726      3/2 1801/726 1825/726  387/242 1261/726  673/726  283/242  337/726  589/726]
[  51/242  481/726      1/6  175/242  241/726  721/726  171/242 1069/726  937/726  523/242 1513/726 2221/726  747/242     13/6 1669/726]
[ 359/242 1249/726  733/726  327/242  541/726  865/726  167/242  901/726  613/726      3/2  877/726 1429/726  431/242 1921/726 1861/726]
[ 371/242 1129/726  457/726  183/242  -47/726      1/6 -133/242 -155/726 -599/726  -93/242 -647/726 -251/726 -181/242  -71/726 -287/726]
[  87/242      1/6  745/726  227/242 1381/726 1393/726  239/242  805/726  205/726  123/242 -155/726   85/726     -1/2  -47/726 -419/726]
[  -9/242 -323/726  145/726  -25/242  469/726  325/726  315/242  877/726     13/6  527/242 2353/726 2437/726  611/242 1993/726 1465/726]
[ 567/242 1249/726 1561/726  395/242     13/6 1273/726  579/242 1513/726 2053/726  635/242 2521/726 2449/726  563/242 1693/726 1009/726]
[     3/2  481/726  637/726   35/242  337/726 -119/726   63/242 -191/726  193/726  -37/242  349/726      1/6  219/242  505/726 1117/726]
[ 347/242 1729/726 1729/726  347/242 1117/726  505/726  219/242      1/6  349/726  -37/242  193/726 -191/726   63/242 -119/726  337/726]
[  35/242  637/726  481/726      3/2 1009/726 1693/726  563/242 2449/726 2521/726  635/242 2053/726 1513/726  579/242 1273/726     13/6]
[ 395/242 1561/726 1249/726  567/242 1465/726 1993/726  611/242 2437/726 2353/726  527/242     13/6  877/726  315/242  325/726  469/726]
[ -25/242  145/726 -323/726   -9/242 -419/726  -47/726     -1/2   85/726 -155/726  123/242  205/726  805/726  239/242 1393/726 1381/726]
[ 227/242  745/726      1/6   87/242 -287/726  -71/726 -181/242 -251/726 -647/726  -93/242 -599/726 -155/726 -133/242      1/6  -47/726]
[ 183/242  457/726 1129/726  371/242 1861/726 1921/726  431/242 1429/726  877/726      3/2  613/726  901/726  167/242  865/726  541/726]
[ 327/242  733/726 1249/726  359/242 1669/726     13/6  747/242 2221/726 1513/726  523/242  937/726 1069/726  171/242  721/726  241/726]
[ 175/242      1/6  481/726   51/242  589/726  337/726  283/242  673/726 1261/726  387/242 1825/726 1801/726      3/2 1141/726  505/726]
[ 211/242   73/726  277/726  -69/242   73/726 -335/726    7/242 -311/726      1/6  -45/242  373/726  193/726  259/242  673/726 1333/726]
[ 435/242 2041/726 2089/726  483/242     13/6 1009/726  403/242  721/726  997/726  195/242  937/726  601/726  343/242  769/726 1273/726]
[     3/2 1669/726 1561/726  739/242 2185/726 1465/726  503/242  865/726  985/726  139/242  613/726      1/6  131/242  -23/726  325/726]
[  -5/242  409/726  145/726  215/242  457/726 1033/726  307/242     13/6 1537/726  271/242  853/726  205/726  107/242 -251/726  -59/726]
[-185/242 -287/726 -707/726        0        0        0        0        0        0        0        0        0        0        0        0]
Testing obstruction for
m1: 7, m2: 20,a: 6
[    -1/2 -683/726 -191/726 -113/242  325/726  349/726  395/242 1381/726  937/726  435/242 1033/726     13/6  491/242 2185/726 2257/726]
[ 563/242 1933/726 1537/726  651/242 1729/726  865/726  271/242      1/6  241/726  -93/242   13/726 -335/726   43/242  -47/726  589/726]
[ 195/242 1393/726 1561/726      3/2 1429/726 1129/726  547/242 1513/726 2197/726  747/242 1645/726 1861/726  479/242 1825/726     13/6]
[ 227/242  601/726 -119/726   -9/242 -575/726 -311/726 -229/242 -251/726 -455/726   51/242      1/6  901/726  347/242  541/726  853/726]
[ 175/242 1009/726  853/726  503/242 1525/726 2353/726      7/2 2089/726 2449/726  723/242 1249/726 1141/726  131/242  457/726 -119/726]
[  39/242 -287/726      1/6  -37/242  469/726  409/726  387/242 1273/726  745/726  343/242  673/726 1129/726  315/242     13/6 1561/726]
[ 787/242 2521/726 2041/726  791/242 2065/726 1117/726  327/242  205/726  241/726     -1/2 -155/726 -587/726  -69/242 -467/726   85/726]
[  -1/242  721/726  805/726   83/242  505/726      1/6  183/242  337/726  937/726  299/242 1669/726 1801/726  915/242 3049/726 2713/726]
[ 579/242     13/6  769/726  259/242  145/726  325/726  -45/242  217/726  -71/726  151/242  337/726 1033/726      3/2  505/726  733/726]
[ 107/242  721/726  481/726  351/242  985/726 1729/726  611/242 2749/726     25/6  887/242 1657/726 1465/726  211/242  613/726  -47/726]
[  35/242 -383/726  -59/726 -125/242      1/6  -23/726  215/242  673/726   61/726   87/242 -179/726  193/726  -25/242  469/726  373/726]
[     3/2 1165/726 2053/726  767/242 3361/726 2329/726  703/242 1249/726 1201/726  171/242  637/726      1/6  139/242   73/726  541/726]
[ 123/242 1009/726 1009/726  123/242  541/726   73/726  139/242      1/6  637/726  171/242 1201/726 1249/726  703/242 2329/726 3361/726]
[ 767/242 2053/726 1165/726      3/2  373/726  469/726  -25/242  193/726 -179/726   87/242   61/726  673/726  215/242  -23/726      1/6]
[-125/242  -59/726 -383/726   35/242  -47/726  613/726  211/242 1465/726 1657/726  887/242     25/6 2749/726  611/242 1729/726  985/726]
[ 351/242  481/726  721/726  107/242  733/726  505/726      3/2 1033/726  337/726  151/242  -71/726  217/726  -45/242  325/726  145/726]
[ 259/242  769/726     13/6  579/242 2713/726 3049/726  915/242 1801/726 1669/726  299/242  937/726  337/726  183/242      1/6  505/726]
[  83/242  805/726  721/726   -1/242   85/726 -467/726  -69/242 -587/726 -155/726     -1/2  241/726  205/726  327/242 1117/726 2065/726]
[ 791/242 2041/726 2521/726  787/242 1561/726     13/6  315/242 1129/726  673/726  343/242  745/726 1273/726  387/242  409/726  469/726]
[ -37/242      1/6 -287/726   39/242 -119/726  457/726  131/242 1141/726 1249/726  723/242 2449/726 2089/726      7/2 2353/726 1525/726]
[ 503/242  853/726 1009/726  175/242  853/726  541/726  347/242  901/726      1/6   51/242 -455/726 -251/726 -229/242 -311/726 -575/726]
[  -9/242 -119/726  601/726  227/242     13/6 1825/726  479/242 1861/726 1645/726  747/242 2197/726 1513/726  547/242 1129/726 1429/726]
[     3/2 1561/726 1393/726  195/242  589/726  -47/726   43/242 -335/726   13/726  -93/242  241/726      1/6  271/242  865/726 1729/726]
[ 651/242 1537/726 1933/726  563/242 2257/726 2185/726  491/242     13/6 1033/726  435/242  937/726 1381/726  395/242  349/726  325/726]
[-113/242 -191/726 -683/726        0        0        0        0        0        0        0        0        0        0        0        0]
Testing obstruction for
m1: 16, m2: 19,a: 14
[    -1/2 -695/726 -239/726 -149/242  133/726   49/726  251/242  793/726  169/726  111/242 -167/726      1/6  -85/242  157/726  -95/726]
[ 147/242  313/726  973/726  323/242  301/726  421/726  -41/242      1/6 -299/726   23/242 -227/726  265/726   31/242  709/726  661/726]
[ 467/242 1477/726  889/726      3/2  625/726  949/726  203/242 1057/726  841/726  471/242 1321/726 2017/726  683/242 1417/726     13/6]
[ 355/242 1345/726  961/726  455/242 1105/726 1633/726  499/242 2149/726 2137/726  971/242     25/6 2473/726  903/242 2281/726 2641/726]
[ 779/242 2821/726 2641/726 1083/242 3193/726 2473/726      7/2 1945/726 2137/726  555/242 1981/726 1633/726  691/242 1849/726 2413/726]
[ 771/242 1549/726     13/6  311/242 1081/726  565/726  279/242  445/726  841/726  191/242 1093/726  949/726  531/242     13/6  889/726]
[ 331/242  433/726  661/726   75/242  577/726  265/726  247/242  553/726 1153/726      3/2  361/726  421/726  -61/242    1/726 -479/726]
[ -57/242 -527/726  -95/726 -109/242  229/726      1/6  267/242  817/726  169/726  103/242 -215/726   49/726 -117/242   37/726 -239/726]
[  91/242      1/6  757/726  243/242   37/726  133/726 -145/242 -215/726 -659/726 -105/242 -635/726 -167/726     -1/2  229/726  157/726]
[ 291/242  925/726  313/726  163/242    1/726  301/726  -21/242  361/726      1/6  223/242  553/726 1225/726  411/242  577/726  709/726]
[  59/242  433/726   25/726  135/242      1/6  625/726  155/242 1093/726 1057/726  603/242 1897/726 1321/726  511/242 1081/726 1417/726]
[     3/2 1549/726 1345/726  643/242 1849/726 2557/726  867/242 1981/726 2149/726  551/242 1945/726     13/6  663/242 1741/726 2281/726]
[ 719/242 2821/726 2821/726  719/242 2281/726 1741/726  663/242     13/6 1945/726  551/242 2149/726 1981/726  867/242 2557/726 1849/726]
[ 643/242 1345/726 1549/726      3/2 1417/726 1081/726  511/242 1321/726 1897/726  603/242 1057/726 1093/726  155/242  625/726      1/6]
[ 135/242   25/726  433/726   59/242  709/726  577/726  411/242 1225/726  553/726  223/242      1/6  361/726  -21/242  301/726    1/726]
[ 163/242  313/726  925/726  291/242  157/726  229/726     -1/2 -167/726 -635/726 -105/242 -659/726 -215/726 -145/242  133/726   37/726]
[ 243/242  757/726      1/6   91/242 -239/726   37/726 -117/242   49/726 -215/726  103/242  169/726  817/726  267/242      1/6  229/726]
[-109/242  -95/726 -527/726  -57/242 -479/726    1/726  -61/242  421/726  361/726      3/2 1153/726  553/726  247/242  265/726  577/726]
[  75/242  661/726  433/726  331/242  889/726     13/6  531/242  949/726 1093/726  191/242  841/726  445/726  279/242  565/726 1081/726]
[ 311/242     13/6 1549/726  771/242 2413/726 1849/726  691/242 1633/726 1981/726  555/242 2137/726 1945/726      7/2 2473/726 3193/726]
[1083/242 2641/726 2821/726  779/242 2641/726 2281/726  903/242 2473/726     25/6  971/242 2137/726 2149/726  499/242 1633/726 1105/726]
[ 455/242  961/726 1345/726  355/242     13/6 1417/726  683/242 2017/726 1321/726  471/242  841/726 1057/726  203/242  949/726  625/726]
[     3/2  889/726 1477/726  467/242  661/726  709/726   31/242  265/726 -227/726   23/242 -299/726      1/6  -41/242  421/726  301/726]
[ 323/242  973/726  313/726  147/242  -95/726  157/726  -85/242      1/6 -167/726  111/242  169/726  793/726  251/242   49/726  133/726]
[-149/242 -239/726 -695/726        0        0        0        0        0        0        0        0        0        0        0        0]
Testing obstruction for
m1: 46, m2: 47,a: 45
[    -1/2 -635/726    1/726   31/242 -359/726   97/726    3/242 -623/726 -347/726 -205/242   25/726      1/6 -109/242  133/726   49/726]
[-193/242 -299/726 -563/726   27/242  181/726 -263/726   67/242      1/6 -503/726  -73/242 -479/726  169/726   91/242 -167/726  301/726]
[  75/242 -395/726 -107/726     -1/2  289/726  397/726  -13/242  433/726  361/726  -85/242   37/726 -215/726  147/242  553/726      1/6]
[ 199/242  529/726  -83/726   71/242  -35/726  625/726  247/242  313/726  793/726  243/242      1/6  421/726   59/242  841/726  961/726]
[ 179/242 1021/726  961/726  119/242  661/726  421/726      3/2 1213/726  793/726  427/242 1225/726  625/726  311/242  697/726 1369/726]
[ 499/242 1081/726     13/6  507/242  925/726 1237/726  335/242 1681/726 1813/726  467/242 1897/726 1849/726  419/242     13/6 1345/726]
[ 675/242 2161/726 1753/726  751/242 2209/726 1621/726  647/242 1717/726 2401/726      7/2 2137/726 2641/726  867/242 2017/726 2341/726]
[ 707/242 2809/726 2953/726  851/242 3061/726     25/6  815/242 2773/726 2557/726 1083/242 3397/726 3001/726 1171/242 3481/726 2905/726]
[1079/242     25/6 3721/726 1291/242 3481/726 3997/726 1323/242 3397/726 3733/726 1175/242 4225/726 4381/726     11/2 4513/726 4489/726]
[1307/242 4261/726 4057/726 1587/242 4921/726 4537/726 1687/242 5041/726     37/6 1607/242 4621/726 5329/726 1831/242 5113/726 5641/726]
[1875/242 5065/726 5413/726 1739/242     49/6 6097/726 1907/242 6253/726 6241/726 1895/242 6037/726 5845/726 2187/242 6733/726 6361/726]
[    19/2 6889/726 6337/726 2231/242 6505/726 7225/726 2467/242 7033/726 7573/726 2523/242 7021/726     61/6 2399/242 7921/726 8101/726]
[2579/242 8281/726 8281/726 2579/242 8101/726 7921/726 2399/242     61/6 7021/726 2523/242 7573/726 7033/726 2467/242 7225/726 6505/726]
[2231/242 6337/726 6889/726     19/2 6361/726 6733/726 2187/242 5845/726 6037/726 1895/242 6241/726 6253/726 1907/242 6097/726     49/6]
[1739/242 5413/726 5065/726 1875/242 5641/726 5113/726 1831/242 5329/726 4621/726 1607/242     37/6 5041/726 1687/242 4537/726 4921/726]
[1587/242 4057/726 4261/726 1307/242 4489/726 4513/726     11/2 4381/726 4225/726 1175/242 3733/726 3397/726 1323/242 3997/726 3481/726]
[1291/242 3721/726     25/6 1079/242 2905/726 3481/726 1171/242 3001/726 3397/726 1083/242 2557/726 2773/726  815/242     25/6 3061/726]
[ 851/242 2953/726 2809/726  707/242 2341/726 2017/726  867/242 2641/726 2137/726      7/2 2401/726 1717/726  647/242 1621/726 2209/726]
[ 751/242 1753/726 2161/726  675/242 1345/726     13/6  419/242 1849/726 1897/726  467/242 1813/726 1681/726  335/242 1237/726  925/726]
[ 507/242     13/6 1081/726  499/242 1369/726  697/726  311/242  625/726 1225/726  427/242  793/726 1213/726      3/2  421/726  661/726]
[ 119/242  961/726 1021/726  179/242  961/726  841/726   59/242  421/726      1/6  243/242  793/726  313/726  247/242  625/726  -35/726]
[  71/242  -83/726  529/726  199/242      1/6  553/726  147/242 -215/726   37/726  -85/242  361/726  433/726  -13/242  397/726  289/726]
[    -1/2 -107/726 -395/726   75/242  301/726 -167/726   91/242  169/726 -479/726  -73/242 -503/726      1/6   67/242 -263/726  181/726]
[  27/242 -563/726 -299/726 -193/242   49/726  133/726 -109/242      1/6   25/726 -205/242 -347/726 -623/726    3/242   97/726 -359/726]
[  31/242    1/726 -635/726        0        0        0        0        0        0        0        0        0        0        0        0]
[-635/726, 1/726, 31/242, -359/726, 97/726, 3/242, -623/726, -347/726, -205/242]
53 [-635/726, 1/726, 31/242, -359/726, 97/726, 3/242, -623/726, -347/726, 279/242]
[-635/726, 1/726, 31/242, -359/726, 97/726, 3/242, -623/726, -347/726, -205/242]
68 [-635/726, 1/726, 31/242, -359/726, 97/726, 3/242, -623/726, -347/726, 279/242]
---------------------------
SUCCESS for name = 13a3496
---------------------------
