13a2507
H_1 not cyclic will skip for now
13a2517
Correction terms
[    -1/2  389/646  -59/646 -375/646  733/646  681/646 -531/646 -319/646   25/646  501/646 -183/646  557/646  137/646 -151/646 -307/646]
[-331/646 -223/646     1/38  389/646   -21/34  237/646 -287/646  613/646  353/646  225/646  229/646  365/646 -659/646 -259/646  273/646]
[-355/646  441/646   77/646 -155/646   -15/38 1069/646  -59/646  237/646    35/34  -67/646 -667/646  157/646 -179/646 -383/646  837/646]
[-395/646 -203/646  121/646  577/646 -127/646  593/646     9/38 -155/646 -331/646 -375/646 -287/646  -67/646    15/34 -523/646   93/646]
[-451/646  429/646  149/646    1/646  -15/646  101/646  349/646 -563/646    -3/38  593/646   77/646 -307/646 -559/646 -679/646  625/646]
[ 769/646   -13/34  161/646  701/646   81/646 -407/646  529/646  305/646  213/646  253/646   -51/38 -563/646 -127/646  441/646 -151/646]
[ 681/646  353/646  157/646   93/646  161/646    19/34  693/646 -135/646 -831/646 -103/646 -535/646  457/646    17/38  253/646  349/646]
[ 577/646 -355/646  137/646  761/646  225/646 -179/646 -451/646 -591/646 -599/646    43/34 -219/646  169/646  689/646   49/646   -27/38]
[ 457/646  213/646  101/646  121/646  273/646 -735/646 -319/646  229/646 -383/646  429/646   81/646 -135/646 -219/646    -9/34    9/646]
[ 321/646    45/38   49/646 -535/646  305/646  -15/646 -203/646 -259/646 -183/646   25/646  365/646 -455/646  149/646  885/646  461/646]
[ 169/646    9/646    -1/34     5/38  321/646 -603/646 -103/646  529/646    1/646 -395/646  633/646  501/646  501/646  633/646 -395/646]
[   1/646  529/646 -103/646 -603/646  321/646     5/38    -1/34    9/646  169/646  461/646  885/646  149/646 -455/646  365/646   25/646]
[-183/646 -259/646 -203/646  -15/646  305/646 -535/646   49/646    45/38  321/646    9/646    -9/34 -219/646 -135/646   81/646  429/646]
[-383/646  229/646 -319/646 -735/646  273/646  121/646  101/646  213/646  457/646   -27/38   49/646  689/646  169/646 -219/646    43/34]
[-599/646 -591/646 -451/646 -179/646  225/646  761/646  137/646 -355/646  577/646  349/646  253/646    17/38  457/646 -535/646 -103/646]
[-831/646 -135/646  693/646    19/34  161/646   93/646  157/646  353/646  681/646 -151/646  441/646 -127/646 -563/646   -51/38  253/646]
[ 213/646  305/646  529/646 -407/646   81/646  701/646  161/646   -13/34  769/646  625/646 -679/646 -559/646 -307/646   77/646  593/646]
[   -3/38 -563/646  349/646  101/646  -15/646    1/646  149/646  429/646 -451/646   93/646 -523/646    15/34  -67/646 -287/646 -375/646]
[-331/646 -155/646     9/38  593/646 -127/646  577/646  121/646 -203/646 -395/646  837/646 -383/646 -179/646  157/646 -667/646  -67/646]
[   35/34  237/646  -59/646 1069/646   -15/38 -155/646   77/646  441/646 -355/646  273/646 -259/646 -659/646  365/646  229/646  225/646]
[ 353/646  613/646 -287/646  237/646   -21/34  389/646     1/38 -223/646 -331/646 -307/646 -151/646  137/646  557/646 -183/646  501/646]
[  25/646 -319/646 -531/646  681/646  733/646 -375/646  -59/646  389/646        0        0        0        0        0        0        0]
Testing obstruction for
m1: 1, m2: 162,a: 0
[     -1/2  -319/646  -307/646  -287/646  -259/646  -223/646  -179/646  -127/646   -67/646     1/646    77/646   161/646   253/646   353/646   461/646]
[  577/646   701/646     49/38   973/646     59/34  1277/646  1441/646  1613/646  1793/646  1981/646  2177/646  2381/646  2593/646  2813/646  3041/646]
[ 3277/646  3521/646  3773/646  4033/646    253/38  4577/646  4861/646  5153/646    287/34  5761/646  6077/646  6401/646  6733/646  7073/646  7421/646]
[ 7777/646  8141/646  8513/646  8893/646  9281/646  9677/646    593/38 10493/646 10913/646 11341/646 11777/646 12221/646    667/34 13133/646 13601/646]
[14077/646 14561/646 15053/646 15553/646 16061/646 16577/646 17101/646 17633/646   1069/38 18721/646 19277/646 19841/646 20413/646 20993/646 21581/646]
[22177/646   1199/34 23393/646 24013/646 24641/646 25277/646 25921/646 25281/646 24649/646 24025/646   1377/38 22801/646 22201/646 21609/646 21025/646]
[20449/646 19881/646 19321/646 18769/646 18225/646    931/34 17161/646 16641/646 16129/646 15625/646 15129/646 14641/646    833/38 13689/646 13225/646]
[12769/646 12321/646 11881/646 11449/646 11025/646 10609/646 10201/646  9801/646  9409/646    475/34  8649/646  8281/646  7921/646  7569/646    425/38]
[ 6889/646  6561/646  6241/646  5929/646  5625/646  5329/646  5041/646  4761/646  4489/646  4225/646  3969/646  3721/646  3481/646    171/34  3025/646]
[ 2809/646    153/38  2401/646  2209/646  2025/646  1849/646  1681/646  1521/646  1369/646  1225/646  1089/646   961/646   841/646   729/646   625/646]
[  529/646   441/646     19/34     17/38   225/646   169/646   121/646    81/646    49/646    25/646     9/646     1/646     1/646     9/646    25/646]
[   49/646    81/646   121/646   169/646   225/646     17/38     19/34   441/646   529/646   625/646   729/646   841/646   961/646  1089/646  1225/646]
[ 1369/646  1521/646  1681/646  1849/646  2025/646  2209/646  2401/646    153/38  2809/646  3025/646    171/34  3481/646  3721/646  3969/646  4225/646]
[ 4489/646  4761/646  5041/646  5329/646  5625/646  5929/646  6241/646  6561/646  6889/646    425/38  7569/646  7921/646  8281/646  8649/646    475/34]
[ 9409/646  9801/646 10201/646 10609/646 11025/646 11449/646 11881/646 12321/646 12769/646 13225/646 13689/646    833/38 14641/646 15129/646 15625/646]
[16129/646 16641/646 17161/646    931/34 18225/646 18769/646 19321/646 19881/646 20449/646 21025/646 21609/646 22201/646 22801/646   1377/38 24025/646]
[24649/646 25281/646 25921/646 25277/646 24641/646 24013/646 23393/646   1199/34 22177/646 21581/646 20993/646 20413/646 19841/646 19277/646 18721/646]
[  1069/38 17633/646 17101/646 16577/646 16061/646 15553/646 15053/646 14561/646 14077/646 13601/646 13133/646    667/34 12221/646 11777/646 11341/646]
[10913/646 10493/646    593/38  9677/646  9281/646  8893/646  8513/646  8141/646  7777/646  7421/646  7073/646  6733/646  6401/646  6077/646  5761/646]
[   287/34  5153/646  4861/646  4577/646    253/38  4033/646  3773/646  3521/646  3277/646  3041/646  2813/646  2593/646  2381/646  2177/646  1981/646]
[ 1793/646  1613/646  1441/646  1277/646     59/34   973/646     49/38   701/646   577/646   461/646   353/646   253/646   161/646    77/646     1/646]
[  -67/646  -127/646  -179/646  -223/646  -259/646  -287/646  -307/646  -319/646         0         0         0         0         0         0         0]
[-319/646, -307/646, -287/646, -259/646, -223/646]
7 [-319/646, -307/646, -287/646, -259/646, 1069/646]
Unobstructed
126
---------------------------
---------------------------
13a2541
Correction terms
[    -1/2  233/494 -303/494  121/494 -471/494 -103/494  237/494 -439/494 -155/494  101/494  329/494 -459/494 -287/494   -11/38  -27/494]
[  61/494  121/494 -835/494  157/494     7/26   81/494    1/494 -107/494 -243/494 -407/494  389/494   -63/38  -79/494 -355/494  329/494]
[  -3/494 -363/494  237/494 -179/494  365/494 -107/494 -607/494 -147/494    15/26   -23/38   77/494 -563/494 -243/494   49/494  313/494]
[-439/494 -231/494  -51/494  101/494  225/494 -667/494  389/494   -43/38  441/494 -563/494 -607/494  309/494    11/26   81/494  -75/494]
[-259/494 -471/494  277/494    9/494 -287/494   -47/38   25/494 -355/494  225/494 -211/494  313/494 -179/494  289/494 -259/494 -835/494]
[ 537/494    -5/26  233/494   -35/38 -183/494   61/494  277/494 -523/494 -363/494 -231/494 -127/494  -51/494   -3/494   17/494    9/494]
[ -27/494    -7/38 -183/494 -303/494  537/494   -33/26  157/494  -75/494 -335/494  365/494   49/494 -295/494 -667/494  -79/494   -39/38]
[  25/494 -459/494   17/494 -523/494 -103/494  289/494 -335/494    1/494  309/494   -21/26 -147/494   77/494   -55/38  441/494 -407/494]
[-295/494 -211/494 -155/494 -127/494 -127/494 -155/494 -211/494 -295/494 -407/494  441/494   -55/38   77/494 -147/494   -21/26  309/494]
[   1/494 -335/494  289/494 -103/494 -523/494   17/494 -459/494   25/494   -39/38  -79/494 -667/494 -295/494   49/494  365/494 -335/494]
[ -75/494  157/494   -33/26  537/494 -303/494 -183/494    -7/38  -27/494    9/494   17/494   -3/494  -51/494 -127/494 -231/494 -363/494]
[-523/494  277/494   61/494 -183/494   -35/38  233/494    -5/26  537/494 -835/494 -259/494  289/494 -179/494  313/494 -211/494  225/494]
[-355/494   25/494   -47/38 -287/494    9/494  277/494 -471/494 -259/494  -75/494   81/494    11/26  309/494 -607/494 -563/494  441/494]
[  -43/38  389/494 -667/494  225/494  101/494  -51/494 -231/494 -439/494  313/494   49/494 -243/494 -563/494   77/494   -23/38    15/26]
[-147/494 -607/494 -107/494  365/494 -179/494  237/494 -363/494   -3/494  329/494 -355/494  -79/494   -63/38  389/494 -407/494 -243/494]
[-107/494    1/494   81/494     7/26  157/494 -835/494  121/494   61/494  -27/494   -11/38 -287/494 -459/494  329/494  101/494 -155/494]
[-439/494  237/494 -103/494 -471/494  121/494 -303/494  233/494        0        0        0        0        0        0        0        0]
Testing obstruction for
m1: 1, m2: 124,a: 0
[     -1/2  -243/494  -231/494  -211/494  -183/494  -147/494  -103/494   -51/494     9/494    77/494   153/494   237/494   329/494     33/38   537/494]
[  653/494   777/494   909/494  1049/494     63/26  1353/494  1517/494  1689/494  1869/494  2057/494  2253/494    189/38  2669/494  2889/494  3117/494]
[ 3353/494  3597/494  3849/494  4109/494  4377/494  4653/494  4937/494  5229/494    291/26    449/38  6153/494  6477/494  6809/494  7149/494  7497/494]
[ 7853/494  8217/494  8589/494  8969/494  9357/494  9753/494 10157/494    813/38 10989/494 11417/494 11853/494 12297/494    671/26 13209/494 13677/494]
[14153/494 14637/494 15129/494 14641/494 14161/494   1053/38 13225/494 12769/494 12321/494 11881/494 11449/494 11025/494 10609/494 10201/494  9801/494]
[ 9409/494    475/26  8649/494    637/38  7921/494  7569/494  7225/494  6889/494  6561/494  6241/494  5929/494  5625/494  5329/494  5041/494  4761/494]
[ 4489/494    325/38  3969/494  3721/494  3481/494    171/26  3025/494  2809/494  2601/494  2401/494  2209/494  2025/494  1849/494  1681/494    117/38]
[ 1369/494  1225/494  1089/494   961/494   841/494   729/494   625/494   529/494   441/494     19/26   289/494   225/494     13/38   121/494    81/494]
[   49/494    25/494     9/494     1/494     1/494     9/494    25/494    49/494    81/494   121/494     13/38   225/494   289/494     19/26   441/494]
[  529/494   625/494   729/494   841/494   961/494  1089/494  1225/494  1369/494    117/38  1681/494  1849/494  2025/494  2209/494  2401/494  2601/494]
[ 2809/494  3025/494    171/26  3481/494  3721/494  3969/494    325/38  4489/494  4761/494  5041/494  5329/494  5625/494  5929/494  6241/494  6561/494]
[ 6889/494  7225/494  7569/494  7921/494    637/38  8649/494    475/26  9409/494  9801/494 10201/494 10609/494 11025/494 11449/494 11881/494 12321/494]
[12769/494 13225/494   1053/38 14161/494 14641/494 15129/494 14637/494 14153/494 13677/494 13209/494    671/26 12297/494 11853/494 11417/494 10989/494]
[   813/38 10157/494  9753/494  9357/494  8969/494  8589/494  8217/494  7853/494  7497/494  7149/494  6809/494  6477/494  6153/494    449/38    291/26]
[ 5229/494  4937/494  4653/494  4377/494  4109/494  3849/494  3597/494  3353/494  3117/494  2889/494  2669/494    189/38  2253/494  2057/494  1869/494]
[ 1689/494  1517/494  1353/494     63/26  1049/494   909/494   777/494   653/494   537/494     33/38   329/494   237/494   153/494    77/494     9/494]
[  -51/494  -103/494  -147/494  -183/494  -211/494  -231/494  -243/494         0         0         0         0         0         0         0         0]
Unobstructed
23
---------------------------
---------------------------
13a2545
Correction terms
[    -1/2 -431/550  201/550  521/550  529/550     9/22 -391/550 -219/550 -359/550  289/550    25/22    59/50  361/550 -239/550  -51/550]
[   -7/22  489/550 -259/550 -219/550  609/550     1/22  229/550    11/50 -299/550   69/550     5/22 -131/550  401/550  621/550 -571/550]
[    5/22 -591/550 -519/550    31/50 -211/550     1/22  -51/550 -439/550  -39/550   49/550    -7/22  389/550  641/550 -519/550    19/50]
[  -19/22 -371/550  521/550    1/550  269/550     9/22 -131/550  301/550  421/550  229/550     -1/2    9/550  -19/550  741/550   89/550]
[    9/22   49/550 -439/550 -139/550 -151/550    25/22    -1/50  141/550  -19/550 -491/550    -7/22 -171/550  621/550    1/550  169/550]
[    1/22 -431/550    -9/50  -79/550  729/550     5/22  309/550  181/550 -259/550   89/550     5/22 -151/550  361/550    51/50  449/550]
[    1/22  389/550 -659/550  181/550 -391/550    -7/22  829/550  421/550 -299/550   -21/50   -19/22   69/550  301/550  221/550 -171/550]
[    9/22 -791/550   81/550 -459/550 -211/550      3/2  449/550 -239/550 -139/550 -351/550     9/22  489/550  441/550   81/550  509/550]
[  -19/22    39/50  -79/550  201/550  169/550    -7/22  269/550  401/550  221/550 -271/550     1/22    9/550   -29/50  141/550  289/550]
[    5/22 -351/550  -39/550  -39/550 -351/550     5/22  289/550  141/550   -29/50    9/550     1/22 -271/550  221/550  401/550  269/550]
[   -7/22  169/550  201/550  -79/550    39/50   -19/22  509/550   81/550  441/550  489/550     9/22 -351/550 -139/550 -239/550  449/550]
[     3/2 -211/550 -459/550   81/550 -791/550     9/22 -171/550  221/550  301/550   69/550   -19/22   -21/50 -299/550  421/550  829/550]
[   -7/22 -391/550  181/550 -659/550  389/550     1/22  449/550    51/50  361/550 -151/550     5/22   89/550 -259/550  181/550  309/550]
[    5/22  729/550  -79/550    -9/50 -431/550     1/22  169/550    1/550  621/550 -171/550    -7/22 -491/550  -19/550  141/550    -1/50]
[   25/22 -151/550 -139/550 -439/550   49/550     9/22   89/550  741/550  -19/550    9/550     -1/2  229/550  421/550  301/550 -131/550]
[    9/22  269/550    1/550  521/550 -371/550   -19/22    19/50 -519/550  641/550  389/550    -7/22   49/550  -39/550 -439/550  -51/550]
[    1/22 -211/550    31/50 -519/550 -591/550     5/22 -571/550  621/550  401/550 -131/550     5/22   69/550 -299/550    11/50  229/550]
[    1/22  609/550 -219/550 -259/550  489/550    -7/22  -51/550 -239/550  361/550    59/50    25/22  289/550 -359/550 -219/550 -391/550]
[    9/22  529/550  521/550  201/550 -431/550        0        0        0        0        0        0        0        0        0        0]
Testing obstruction for
m1: 1, m2: 138,a: 0
[     -1/2  -271/550  -259/550  -239/550  -211/550     -7/22  -131/550   -79/550   -19/550    49/550      5/22     19/50   301/550   401/550   509/550]
[    25/22   749/550   881/550  1021/550  1169/550     53/22  1489/550    151/50  1841/550  2029/550     89/22  2429/550  2641/550  2861/550  3089/550]
[   133/22  3569/550  3821/550    371/50  4349/550    185/22  4909/550  5201/550  5501/550  5809/550    245/22  6449/550  6781/550  7121/550    679/50]
[   313/22  8189/550  8561/550  8941/550  9329/550    389/22 10129/550 10541/550 10961/550 11389/550      43/2 12269/550 12721/550 13181/550 13649/550]
[   565/22 14609/550 15101/550 15601/550 16109/550    665/22   1559/50 17681/550 18221/550 18769/550    729/22 17689/550 17161/550 16641/550 16129/550]
[   625/22 15129/550   1331/50 14161/550 13689/550    529/22 12769/550 12321/550 11881/550 11449/550    441/22 10609/550 10201/550    891/50  9409/550]
[   361/22  8649/550  8281/550  7921/550  7569/550    289/22  6889/550  6561/550  6241/550    539/50    225/22  5329/550  5041/550  4761/550  4489/550]
[   169/22  3969/550  3721/550  3481/550  3249/550      11/2  2809/550  2601/550  2401/550  2209/550     81/22  1849/550  1681/550  1521/550  1369/550]
[    49/22     99/50   961/550   841/550   729/550     25/22   529/550   441/550   361/550   289/550      9/22   169/550     11/50    81/550    49/550]
[     1/22     9/550     1/550     1/550     9/550      1/22    49/550    81/550     11/50   169/550      9/22   289/550   361/550   441/550   529/550]
[    25/22   729/550   841/550   961/550     99/50     49/22  1369/550  1521/550  1681/550  1849/550     81/22  2209/550  2401/550  2601/550  2809/550]
[     11/2  3249/550  3481/550  3721/550  3969/550    169/22  4489/550  4761/550  5041/550  5329/550    225/22    539/50  6241/550  6561/550  6889/550]
[   289/22  7569/550  7921/550  8281/550  8649/550    361/22  9409/550    891/50 10201/550 10609/550    441/22 11449/550 11881/550 12321/550 12769/550]
[   529/22 13689/550 14161/550   1331/50 15129/550    625/22 16129/550 16641/550 17161/550 17689/550    729/22 18769/550 18221/550 17681/550   1559/50]
[   665/22 16109/550 15601/550 15101/550 14609/550    565/22 13649/550 13181/550 12721/550 12269/550      43/2 11389/550 10961/550 10541/550 10129/550]
[   389/22  9329/550  8941/550  8561/550  8189/550    313/22    679/50  7121/550  6781/550  6449/550    245/22  5809/550  5501/550  5201/550  4909/550]
[   185/22  4349/550    371/50  3821/550  3569/550    133/22  3089/550  2861/550  2641/550  2429/550     89/22  2029/550  1841/550    151/50  1489/550]
[    53/22  1169/550  1021/550   881/550   749/550     25/22   509/550   401/550   301/550     19/50      5/22    49/550   -19/550   -79/550  -131/550]
[    -7/22  -211/550  -239/550  -259/550  -271/550         0         0         0         0         0         0         0         0         0         0]
Unobstructed
129
---------------------------
---------------------------
13a2557
Correction terms
[    -1/2  409/606  121/606   15/202  181/606 -683/606  -41/202 -563/606 -791/606  135/202 -611/606 -203/606  139/202   37/606 -131/606]
[ -29/202  169/606  637/606   35/202 -215/606 -323/606  -73/202   97/606 -587/606   51/202 -107/606 -155/606    3/202  385/606 -239/606]
[ 187/202  361/606  373/606 -205/202 -179/606 -743/606   39/202  -23/606   49/606  111/202 -383/606  325/606   11/202  -47/606   85/606]
[ 143/202 -227/606  541/606 -301/202  289/606 -731/606 -109/202  289/606  -95/606  -89/202 -227/606   25/606  163/202  -47/606 -371/606]
[ 243/202 -383/606  -71/606 -253/202  -23/606 -287/606 -113/202 -179/606  193/606 -145/202  361/606  157/606   55/202  385/606 -395/606]
[  83/202 -107/606 -251/606  -61/202   97/606 -623/606   27/202 -215/606 -299/606  -57/202  169/606  721/606   91/202   37/606   13/606]
[  67/202 -611/606    1/606 -129/202 -563/606 -527/606  -93/202  181/606 -359/606  175/202  409/606      5/6 -133/202  121/606 -359/606]
[ 195/202 -683/606 -527/606  -53/202 -791/606    1/606  -69/202 -203/606   13/606  147/202 -131/606  721/606 -213/202  637/606 -299/606]
[  63/202 -323/606 -623/606 -237/202 -587/606 -251/606   99/202 -155/606 -395/606  263/202 -239/606  157/606 -149/202  373/606  193/606]
[  75/202 -743/606 -287/606 -277/202   49/606  -71/606    7/202  325/606 -371/606  119/202   85/606   25/606   59/202  541/606  -95/606]
[-173/202 -731/606 -731/606 -173/202  -95/606  541/606   59/202   25/606   85/606  119/202 -371/606  325/606    7/202  -71/606   49/606]
[-277/202 -287/606 -743/606   75/202  193/606  373/606 -149/202  157/606 -239/606  263/202 -395/606 -155/606   99/202 -251/606 -587/606]
[-237/202 -623/606 -323/606   63/202 -299/606  637/606 -213/202  721/606 -131/606  147/202   13/606 -203/606  -69/202    1/606 -791/606]
[ -53/202 -527/606 -683/606  195/202 -359/606  121/606 -133/202      5/6  409/606  175/202 -359/606  181/606  -93/202 -527/606 -563/606]
[-129/202    1/606 -611/606   67/202   13/606   37/606   91/202  721/606  169/606  -57/202 -299/606 -215/606   27/202 -623/606   97/606]
[ -61/202 -251/606 -107/606   83/202 -395/606  385/606   55/202  157/606  361/606 -145/202  193/606 -179/606 -113/202 -287/606  -23/606]
[-253/202  -71/606 -383/606  243/202 -371/606  -47/606  163/202   25/606 -227/606  -89/202  -95/606  289/606 -109/202 -731/606  289/606]
[-301/202  541/606 -227/606  143/202   85/606  -47/606   11/202  325/606 -383/606  111/202   49/606  -23/606   39/202 -743/606 -179/606]
[-205/202  373/606  361/606  187/202 -239/606  385/606    3/202 -155/606 -107/606   51/202 -587/606   97/606  -73/202 -323/606 -215/606]
[  35/202  637/606  169/606  -29/202 -131/606   37/606  139/202 -203/606 -611/606  135/202 -791/606 -563/606  -41/202 -683/606  181/606]
[  15/202  121/606  409/606        0        0        0        0        0        0        0        0        0        0        0        0]
Testing obstruction for
m1: 1, m2: 152,a: 0
[     -1/2  -299/606  -287/606   -89/202  -239/606  -203/606   -53/202  -107/606   -47/606     7/202    97/606   181/606    91/202   373/606   481/606]
[  199/202   721/606   853/606   331/202  1141/606  1297/606   487/202  1633/606  1813/606   667/202  2197/606  2401/606   871/202  2833/606  3061/606]
[ 1099/202  3541/606  3793/606  1351/202  4321/606  4597/606  1627/202  5173/606  5473/606  1927/202  6097/606  6421/606  2251/202  7093/606  7441/606]
[ 2599/202  8161/606  8533/606  2971/202  9301/606  9697/606  3367/202 10513/606 10933/606  3787/202 11797/606 12241/606  4231/202 13153/606 13621/606]
[ 4699/202 14581/606 15073/606  5191/202 16081/606 16597/606  5707/202 17653/606 18193/606  6247/202 19297/606 19861/606  6811/202 21013/606 21601/606]
[ 7399/202 22801/606 22201/606  7203/202 21025/606 20449/606  6627/202 19321/606 18769/606  6075/202 17689/606 17161/606  5547/202 16129/606 15625/606]
[ 5043/202 14641/606 14161/606  4563/202 13225/606 12769/606  4107/202 11881/606 11449/606  3675/202 10609/606     101/6  3267/202  9409/606  9025/606]
[ 2883/202  8281/606  7921/606  2523/202  7225/606  6889/606  2187/202  6241/606  5929/606  1875/202  5329/606  5041/606  1587/202  4489/606  4225/606]
[ 1323/202  3721/606  3481/606  1083/202  3025/606  2809/606   867/202  2401/606  2209/606   675/202  1849/606  1681/606   507/202  1369/606  1225/606]
[  363/202   961/606   841/606   243/202   625/606   529/606   147/202   361/606   289/606    75/202   169/606   121/606    27/202    49/606    25/606]
[    3/202     1/606     1/606     3/202    25/606    49/606    27/202   121/606   169/606    75/202   289/606   361/606   147/202   529/606   625/606]
[  243/202   841/606   961/606   363/202  1225/606  1369/606   507/202  1681/606  1849/606   675/202  2209/606  2401/606   867/202  2809/606  3025/606]
[ 1083/202  3481/606  3721/606  1323/202  4225/606  4489/606  1587/202  5041/606  5329/606  1875/202  5929/606  6241/606  2187/202  6889/606  7225/606]
[ 2523/202  7921/606  8281/606  2883/202  9025/606  9409/606  3267/202     101/6 10609/606  3675/202 11449/606 11881/606  4107/202 12769/606 13225/606]
[ 4563/202 14161/606 14641/606  5043/202 15625/606 16129/606  5547/202 17161/606 17689/606  6075/202 18769/606 19321/606  6627/202 20449/606 21025/606]
[ 7203/202 22201/606 22801/606  7399/202 21601/606 21013/606  6811/202 19861/606 19297/606  6247/202 18193/606 17653/606  5707/202 16597/606 16081/606]
[ 5191/202 15073/606 14581/606  4699/202 13621/606 13153/606  4231/202 12241/606 11797/606  3787/202 10933/606 10513/606  3367/202  9697/606  9301/606]
[ 2971/202  8533/606  8161/606  2599/202  7441/606  7093/606  2251/202  6421/606  6097/606  1927/202  5473/606  5173/606  1627/202  4597/606  4321/606]
[ 1351/202  3793/606  3541/606  1099/202  3061/606  2833/606   871/202  2401/606  2197/606   667/202  1813/606  1633/606   487/202  1297/606  1141/606]
[  331/202   853/606   721/606   199/202   481/606   373/606    91/202   181/606    97/606     7/202   -47/606  -107/606   -53/202  -203/606  -239/606]
[  -89/202  -287/606  -299/606         0         0         0         0         0         0         0         0         0         0         0         0]
Unobstructed
83
---------------------------
---------------------------
