12a901
Correction terms
[    -1/2 -427/446 -147/446 -275/446   81/446   29/446 -431/446 -407/446  101/446  201/446 -107/446   69/446 -163/446   89/446  -67/446]
[ 261/446  181/446 -307/446 -311/446  169/446  241/446  -95/446   53/446 -207/446   17/446 -167/446  133/446   25/446  401/446  369/446]
[ -71/446  -27/446 -391/446 -271/446  333/446  529/446  317/446 -303/446 -439/446  -91/446 -151/446  273/446  289/446 -103/446  -11/446]
[-327/446 -159/446 -399/446 -155/446 -319/446    1/446  -87/446 -583/446 -595/446 -123/446  -59/446 -403/446 -263/446 -531/446 -315/446]
[-507/446 -215/446 -331/446   37/446   -3/446 -451/446 -415/446  105/446  217/446  -79/446  109/446 -111/446  153/446    9/446  349/446]
[ 281/446 -195/446 -187/446  305/446  389/446   65/446  225/446  -23/446  213/446   41/446  353/446  257/446 -247/446 -267/446  197/446]
[ 253/446  -99/446   33/446 -243/446  -35/446 -235/446   49/446  -75/446  285/446  237/446 -219/446 -191/446 -571/446 -467/446  121/446]
[ 301/446   73/446 -563/446 -715/446 -383/446 -459/446  -51/446  -51/446 -459/446 -383/446 -715/446 -563/446   73/446  301/446  121/446]
[-467/446 -571/446 -191/446 -219/446  237/446  285/446  -75/446   49/446 -235/446  -35/446 -243/446   33/446  -99/446  253/446  197/446]
[-267/446 -247/446  257/446  353/446   41/446  213/446  -23/446  225/446   65/446  389/446  305/446 -187/446 -195/446  281/446  349/446]
[   9/446  153/446 -111/446  109/446  -79/446  217/446  105/446 -415/446 -451/446   -3/446   37/446 -331/446 -215/446 -507/446 -315/446]
[-531/446 -263/446 -403/446  -59/446 -123/446 -595/446 -583/446  -87/446    1/446 -319/446 -155/446 -399/446 -159/446 -327/446  -11/446]
[-103/446  289/446  273/446 -151/446  -91/446 -439/446 -303/446  317/446  529/446  333/446 -271/446 -391/446  -27/446  -71/446  369/446]
[ 401/446   25/446  133/446 -167/446   17/446 -207/446   53/446  -95/446  241/446  169/446 -311/446 -307/446  181/446  261/446  -67/446]
[  89/446 -163/446   69/446 -107/446  201/446  101/446 -407/446 -431/446   29/446   81/446 -275/446 -147/446 -427/446        0        0]
Testing obstruction for
m1: 1, m2: 112,a: 0
[     -1/2  -219/446  -207/446  -187/446  -159/446  -123/446   -79/446   -27/446    33/446   101/446   177/446   261/446   353/446   453/446   561/446]
[  677/446   801/446   933/446  1073/446  1221/446  1377/446  1541/446  1713/446  1893/446  2081/446  2277/446  2481/446  2693/446  2913/446  3141/446]
[ 3377/446  3621/446  3873/446  4133/446  4401/446  4677/446  4961/446  5253/446  5553/446  5861/446  6177/446  6501/446  6833/446  7173/446  7521/446]
[ 7877/446  8241/446  8613/446  8993/446  9381/446  9777/446 10181/446 10593/446 11013/446 11441/446 11877/446 12321/446 11881/446 11449/446 11025/446]
[10609/446 10201/446  9801/446  9409/446  9025/446  8649/446  8281/446  7921/446  7569/446  7225/446  6889/446  6561/446  6241/446  5929/446  5625/446]
[ 5329/446  5041/446  4761/446  4489/446  4225/446  3969/446  3721/446  3481/446  3249/446  3025/446  2809/446  2601/446  2401/446  2209/446  2025/446]
[ 1849/446  1681/446  1521/446  1369/446  1225/446  1089/446   961/446   841/446   729/446   625/446   529/446   441/446   361/446   289/446   225/446]
[  169/446   121/446    81/446    49/446    25/446     9/446     1/446     1/446     9/446    25/446    49/446    81/446   121/446   169/446   225/446]
[  289/446   361/446   441/446   529/446   625/446   729/446   841/446   961/446  1089/446  1225/446  1369/446  1521/446  1681/446  1849/446  2025/446]
[ 2209/446  2401/446  2601/446  2809/446  3025/446  3249/446  3481/446  3721/446  3969/446  4225/446  4489/446  4761/446  5041/446  5329/446  5625/446]
[ 5929/446  6241/446  6561/446  6889/446  7225/446  7569/446  7921/446  8281/446  8649/446  9025/446  9409/446  9801/446 10201/446 10609/446 11025/446]
[11449/446 11881/446 12321/446 11877/446 11441/446 11013/446 10593/446 10181/446  9777/446  9381/446  8993/446  8613/446  8241/446  7877/446  7521/446]
[ 7173/446  6833/446  6501/446  6177/446  5861/446  5553/446  5253/446  4961/446  4677/446  4401/446  4133/446  3873/446  3621/446  3377/446  3141/446]
[ 2913/446  2693/446  2481/446  2277/446  2081/446  1893/446  1713/446  1541/446  1377/446  1221/446  1073/446   933/446   801/446   677/446   561/446]
[  453/446   353/446   261/446   177/446   101/446    33/446   -27/446   -79/446  -123/446  -159/446  -187/446  -207/446  -219/446         0         0]
Unobstructed
100
---------------------------
---------------------------
12a911
Correction terms
[    -1/2  -63/382  321/382  197/382  329/382  -47/382 -167/382  -31/382 -403/382  245/382  385/382   17/382  -95/382   49/382 -315/382]
[ 341/382 -275/382  129/382   25/382  177/382 -179/382 -279/382 -123/382  289/382  193/382  353/382    5/382  -87/382   77/382 -267/382]
[ 409/382 -187/382  237/382  153/382 -439/382  -11/382  -91/382   85/382  517/382 -323/382 -143/382  293/382 -543/382  405/382   81/382]
[  13/382  201/382 -119/382 -183/382    9/382 -307/382  397/382 -171/382  281/382  225/382 -339/382  117/382   65/382  269/382  -35/382]
[ -83/382  125/382 -175/382 -219/382   -7/382 -303/382  421/382 -127/382 -419/382  309/382 -235/382  241/382  209/382 -331/382  149/382]
[ 121/382 -415/382   69/382   45/382  277/382    1/382  -19/382  217/382  -55/382  -71/382  169/382  -99/382 -111/382  133/382 -131/382]
[-139/382  109/382 -151/382 -155/382   97/382 -159/382 -159/382   97/382 -155/382 -151/382  109/382 -139/382 -131/382  133/382 -111/382]
[ -99/382  169/382  -71/382  -55/382  217/382  -19/382    1/382  277/382   45/382   69/382 -415/382  121/382  149/382 -331/382  209/382]
[ 241/382 -235/382  309/382 -419/382 -127/382  421/382 -303/382   -7/382 -219/382 -175/382  125/382  -83/382  -35/382  269/382   65/382]
[ 117/382 -339/382  225/382  281/382 -171/382  397/382 -307/382    9/382 -183/382 -119/382  201/382   13/382   81/382  405/382 -543/382]
[ 293/382 -143/382 -323/382  517/382   85/382  -91/382  -11/382 -439/382  153/382  237/382 -187/382  409/382 -267/382   77/382  -87/382]
[   5/382  353/382  193/382  289/382 -123/382 -279/382 -179/382  177/382   25/382  129/382 -275/382  341/382 -315/382   49/382  -95/382]
[  17/382  385/382  245/382 -403/382  -31/382 -167/382  -47/382  329/382  197/382  321/382  -63/382        0        0        0        0]
Testing obstruction for
m1: 1, m2: 96,a: 0
[    -1/2 -187/382 -175/382 -155/382 -127/382  -91/382  -47/382    5/382   65/382  133/382  209/382  293/382  385/382  485/382  593/382]
[ 709/382  833/382  965/382 1105/382 1253/382 1409/382 1573/382 1745/382 1925/382 2113/382 2309/382 2513/382 2725/382 2945/382 3173/382]
[3409/382 3653/382 3905/382 4165/382 4433/382 4709/382 4993/382 5285/382 5585/382 5893/382 6209/382 6533/382 6865/382 7205/382 7553/382]
[7909/382 8273/382 8645/382 9025/382 8649/382 8281/382 7921/382 7569/382 7225/382 6889/382 6561/382 6241/382 5929/382 5625/382 5329/382]
[5041/382 4761/382 4489/382 4225/382 3969/382 3721/382 3481/382 3249/382 3025/382 2809/382 2601/382 2401/382 2209/382 2025/382 1849/382]
[1681/382 1521/382 1369/382 1225/382 1089/382  961/382  841/382  729/382  625/382  529/382  441/382  361/382  289/382  225/382  169/382]
[ 121/382   81/382   49/382   25/382    9/382    1/382    1/382    9/382   25/382   49/382   81/382  121/382  169/382  225/382  289/382]
[ 361/382  441/382  529/382  625/382  729/382  841/382  961/382 1089/382 1225/382 1369/382 1521/382 1681/382 1849/382 2025/382 2209/382]
[2401/382 2601/382 2809/382 3025/382 3249/382 3481/382 3721/382 3969/382 4225/382 4489/382 4761/382 5041/382 5329/382 5625/382 5929/382]
[6241/382 6561/382 6889/382 7225/382 7569/382 7921/382 8281/382 8649/382 9025/382 8645/382 8273/382 7909/382 7553/382 7205/382 6865/382]
[6533/382 6209/382 5893/382 5585/382 5285/382 4993/382 4709/382 4433/382 4165/382 3905/382 3653/382 3409/382 3173/382 2945/382 2725/382]
[2513/382 2309/382 2113/382 1925/382 1745/382 1573/382 1409/382 1253/382 1105/382  965/382  833/382  709/382  593/382  485/382  385/382]
[ 293/382  209/382  133/382   65/382    5/382  -47/382  -91/382 -127/382 -155/382 -175/382 -187/382        0        0        0        0]
Unobstructed
31
---------------------------
---------------------------
12a916
Correction terms
[    -1/2 -131/294  -83/294    -1/98  109/294 -335/294   -53/98      1/6  289/294    -9/98 -311/294   25/294   -65/98  205/294      1/6]
[  -25/98 -167/294 -227/294   111/98 -251/294 -215/294     -1/2  -47/294   85/294  -113/98 -143/294   85/294   -81/98      1/6 -215/294]
[   47/98  -59/294 -227/294    75/98  121/294      1/6     3/98    1/294   25/294    27/98  169/294 -299/294     -1/2   37/294  253/294]
[  -29/98 -395/294  -83/294  -109/98      1/6 -131/294   -93/98  193/294 -479/294    19/98   37/294      1/6    31/98 -419/294  277/294]
[  -57/98    1/294  205/294     -1/2  121/294 -167/294    55/98  -59/294 -251/294    59/98      1/6  -47/294   -37/98 -143/294 -143/294]
[  -37/98  -47/294      1/6    59/98 -251/294  -59/294    55/98 -167/294  121/294     -1/2  205/294    1/294   -57/98  277/294 -419/294]
[   31/98      1/6   37/294    19/98 -479/294  193/294   -93/98 -131/294      1/6  -109/98  -83/294 -395/294   -29/98  253/294   37/294]
[    -1/2 -299/294  169/294    27/98   25/294    1/294     3/98      1/6  121/294    75/98 -227/294  -59/294    47/98 -215/294      1/6]
[  -81/98   85/294 -143/294  -113/98   85/294  -47/294     -1/2 -215/294 -251/294   111/98 -227/294 -167/294   -25/98      1/6  205/294]
[  -65/98   25/294 -311/294    -9/98  289/294      1/6   -53/98 -335/294  109/294    -1/98  -83/294 -131/294        0        0        0]
Testing obstruction for
m1: 1, m2: 74,a: 0
[    -1/2 -143/294 -131/294   -37/98  -83/294  -47/294    -1/98      1/6  109/294    59/98  253/294  337/294   143/98  529/294     13/6]
[  251/98  877/294 1009/294   383/98 1297/294 1453/294     11/2 1789/294 1969/294   719/98 2353/294 2557/294   923/98     61/6 3217/294]
[ 1151/98 3697/294 3949/294  1403/98 4477/294     97/6  1679/98 5329/294 5041/294  1587/98 4489/294 4225/294     27/2 3721/294 3481/294]
[ 1083/98 3025/294 2809/294   867/98     49/6 2209/294   675/98 1849/294 1681/294   507/98 1369/294     25/6   363/98  961/294  841/294]
[  243/98  625/294  529/294      3/2  361/294  289/294    75/98  169/294  121/294    27/98      1/6   25/294     3/98    1/294    1/294]
[    3/98   25/294      1/6    27/98  121/294  169/294    75/98  289/294  361/294      3/2  529/294  625/294   243/98  841/294  961/294]
[  363/98     25/6 1369/294   507/98 1681/294 1849/294   675/98 2209/294     49/6   867/98 2809/294 3025/294  1083/98 3481/294 3721/294]
[    27/2 4225/294 4489/294  1587/98 5041/294 5329/294  1679/98     97/6 4477/294  1403/98 3949/294 3697/294  1151/98 3217/294     61/6]
[  923/98 2557/294 2353/294   719/98 1969/294 1789/294     11/2 1453/294 1297/294   383/98 1009/294  877/294   251/98     13/6  529/294]
[  143/98  337/294  253/294    59/98  109/294      1/6    -1/98  -47/294  -83/294   -37/98 -131/294 -143/294        0        0        0]
Unobstructed
25
---------------------------
---------------------------
12a957
Correction terms
[    -1/2  169/406  473/406 -103/406   65/406  165/406  197/406    23/58   57/406 -115/406  457/406  149/406 -227/406  141/406    63/58]
[-139/406   25/406  121/406  149/406  109/406    1/406   -25/58  393/406   81/406 -299/406   65/406  361/406 -223/406    -9/58     1/14]
[  53/406    9/406 -103/406 -283/406  281/406    -5/58 -419/406  -59/406  233/406 -355/406 -199/406 -111/406   -13/58 -139/406 -255/406]
[ 373/406  121/406 -199/406  225/406   -33/58   57/406  277/406 -383/406  513/406  529/406 -335/406    51/58  169/406    -3/14  401/406]
[   9/406  361/406  645/406     7/58  197/406  277/406  289/406  233/406  109/406  -83/406    67/58  141/406 -255/406   93/406  373/406]
[-227/406  -83/406    -1/58    1/406  -59/406 -187/406  429/406  165/406 -167/406    35/58 -223/406   53/406     9/14 -411/406  473/406]
[ 477/406   -57/58  281/406   81/406 -187/406  289/406 -115/406  225/406    71/58 -111/406   25/406   93/406   93/406   25/406 -111/406]
[   71/58  225/406 -115/406  289/406 -187/406   81/406  281/406   -57/58  477/406  473/406 -411/406     9/14   53/406 -223/406    35/58]
[-167/406  165/406  429/406 -187/406  -59/406    1/406    -1/58  -83/406 -227/406  373/406   93/406 -255/406  141/406    67/58  -83/406]
[ 109/406  233/406  289/406  277/406  197/406     7/58  645/406  361/406    9/406  401/406    -3/14  169/406    51/58 -335/406  529/406]
[ 513/406 -383/406  277/406   57/406   -33/58  225/406 -199/406  121/406  373/406 -255/406 -139/406   -13/58 -111/406 -199/406 -355/406]
[ 233/406  -59/406 -419/406    -5/58  281/406 -283/406 -103/406    9/406   53/406     1/14    -9/58 -223/406  361/406   65/406 -299/406]
[  81/406  393/406   -25/58    1/406  109/406  149/406  121/406   25/406 -139/406    63/58  141/406 -227/406  149/406  457/406 -115/406]
[  57/406    23/58  197/406  165/406   65/406 -103/406  473/406  169/406        0        0        0        0        0        0        0]
Testing obstruction for
m1: 1, m2: 102,a: 0
[     -1/2  -199/406  -187/406  -167/406  -139/406  -103/406   -59/406     -1/58    53/406   121/406   197/406   281/406   373/406   473/406     83/58]
[  697/406   821/406   953/406  1093/406  1241/406  1397/406    223/58  1733/406  1913/406  2101/406  2297/406  2501/406  2713/406    419/58    109/14]
[ 3397/406  3641/406  3893/406  4153/406  4421/406    671/58  4981/406  5273/406  5573/406  5881/406  6197/406  6521/406    979/58  7193/406  7541/406]
[ 7897/406  8261/406  8633/406  9013/406   1343/58  9797/406 10201/406  9801/406  9409/406  9025/406  8649/406   1183/58  7921/406    261/14  7225/406]
[ 6889/406  6561/406  6241/406    847/58  5625/406  5329/406  5041/406  4761/406  4489/406  4225/406    567/58  3721/406  3481/406  3249/406  3025/406]
[ 2809/406  2601/406    343/58  2209/406  2025/406  1849/406  1681/406  1521/406  1369/406    175/58  1089/406   961/406     29/14   729/406   625/406]
[  529/406     63/58   361/406   289/406   225/406   169/406   121/406    81/406      7/58    25/406     9/406     1/406     1/406     9/406    25/406]
[     7/58    81/406   121/406   169/406   225/406   289/406   361/406     63/58   529/406   625/406   729/406     29/14   961/406  1089/406    175/58]
[ 1369/406  1521/406  1681/406  1849/406  2025/406  2209/406    343/58  2601/406  2809/406  3025/406  3249/406  3481/406  3721/406    567/58  4225/406]
[ 4489/406  4761/406  5041/406  5329/406  5625/406    847/58  6241/406  6561/406  6889/406  7225/406    261/14  7921/406   1183/58  8649/406  9025/406]
[ 9409/406  9801/406 10201/406  9797/406   1343/58  9013/406  8633/406  8261/406  7897/406  7541/406  7193/406    979/58  6521/406  6197/406  5881/406]
[ 5573/406  5273/406  4981/406    671/58  4421/406  4153/406  3893/406  3641/406  3397/406    109/14    419/58  2713/406  2501/406  2297/406  2101/406]
[ 1913/406  1733/406    223/58  1397/406  1241/406  1093/406   953/406   821/406   697/406     83/58   473/406   373/406   281/406   197/406   121/406]
[   53/406     -1/58   -59/406  -103/406  -139/406  -167/406  -187/406  -199/406         0         0         0         0         0         0         0]
Unobstructed
40
---------------------------
---------------------------
12a981
Correction terms
[    -1/2  241/270 -251/270     1/30  -59/270    17/54   -11/30  -71/270  169/270     3/10    41/54    1/270     1/30 -311/270  121/270]
[    -7/6    1/270  -11/270     7/10   61/270    29/54   -11/30 -131/270   49/270   -11/30    -7/54 -299/270     7/10 -191/270  181/270]
[    -7/6  -59/270 -131/270     1/30 -179/270   -31/54     3/10  -11/270  109/270   -11/30   -19/54  121/270     1/30 -431/270 -119/270]
[    -1/2   61/270  -71/270     1/30 -239/270    53/54   -11/30 -251/270 -191/270     3/10     5/54 -359/270     1/30   49/270  301/270]
[    -7/6 -179/270 -371/270     7/10 -119/270   -43/54   -11/30  229/270  229/270   -11/30   -43/54 -119/270     7/10 -371/270 -179/270]
[    -7/6  301/270   49/270     1/30 -359/270     5/54     3/10 -191/270 -251/270   -11/30    53/54 -239/270     1/30  -71/270   61/270]
[    -1/2 -119/270 -431/270     1/30  121/270   -19/54   -11/30  109/270  -11/270     3/10   -31/54 -179/270     1/30 -131/270  -59/270]
[    -7/6  181/270 -191/270     7/10 -299/270    -7/54   -11/30   49/270 -131/270   -11/30    29/54   61/270     7/10  -11/270    1/270]
[    -7/6  121/270 -311/270     1/30    1/270    41/54     3/10  169/270  -71/270   -11/30    17/54  -59/270     1/30 -251/270  241/270]
[       0        0        0        0        0        0        0        0        0        0        0        0        0        0        0]
Testing obstruction for
m1: 1, m2: 68,a: 0
[    -1/2 -131/270 -119/270   -11/30  -71/270    -7/54     1/30   61/270  121/270     7/10    53/54  349/270    49/30  541/270  649/270]
[    17/6  889/270 1021/270    43/10 1309/270   293/54   181/30 1801/270 1981/270   241/30   473/54 2569/270   103/10 3001/270 3229/270]
[    77/6 3709/270 3961/270   469/30 4489/270   845/54   147/10 3721/270 3481/270   361/30   605/54 2809/270   289/30 2401/270 2209/270]
[    15/2 1849/270 1681/270   169/30 1369/270   245/54   121/30  961/270  841/270    27/10   125/54  529/270    49/30  361/270  289/270]
[     5/6  169/270  121/270     3/10   49/270     5/54     1/30    1/270    1/270     1/30     5/54   49/270     3/10  121/270  169/270]
[     5/6  289/270  361/270    49/30  529/270   125/54    27/10  841/270  961/270   121/30   245/54 1369/270   169/30 1681/270 1849/270]
[    15/2 2209/270 2401/270   289/30 2809/270   605/54   361/30 3481/270 3721/270   147/10   845/54 4489/270   469/30 3961/270 3709/270]
[    77/6 3229/270 3001/270   103/10 2569/270   473/54   241/30 1981/270 1801/270   181/30   293/54 1309/270    43/10 1021/270  889/270]
[    17/6  649/270  541/270    49/30  349/270    53/54     7/10  121/270   61/270     1/30    -7/54  -71/270   -11/30 -119/270 -131/270]
[       0        0        0        0        0        0        0        0        0        0        0        0        0        0        0]
Unobstructed
22
---------------------------
---------------------------
