13a4070
Correction terms
[    -1/2 -131/390   61/390 -133/130   49/390   -31/78  -77/130 -179/390    1/390 -157/130    -7/78 -251/390 -113/130   -23/30 -131/390]
[   11/26 -191/390  361/390 -173/130  289/390   -67/78  -17/130 -419/390  121/390    3/130     5/78    13/30 -113/130   61/390 -191/390]
[  -21/26 -311/390 -179/390   27/130 -311/390    41/78   23/130   61/390  181/390    -9/10     5/78 -251/390  127/130 -419/390  469/390]
[   -5/26  289/390    1/390  -53/130 -191/390   -19/78   43/130   -23/30  181/390    3/130    -7/78   49/390 -173/130 -179/390 -491/390]
[    7/26   49/390  121/390  107/130 -131/390      5/6 -217/130   61/390 -659/390  103/130   -31/78  289/390   27/130    1/390   49/390]
[  -37/26 -251/390 -599/390    -1/10 -131/390   -19/78   23/130 -419/390    1/390  -77/130   -67/78 -311/390  -53/130  121/390 -251/390]
[   19/26   -47/30  181/390 -153/130 -191/390  -115/78  -17/130 -179/390 -179/390  -17/130  -115/78 -191/390 -153/130  181/390   -47/30]
[   19/26 -251/390  121/390  -53/130 -311/390   -67/78  -77/130    1/390 -419/390   23/130   -19/78 -131/390    -1/10 -599/390 -251/390]
[  -37/26   49/390    1/390   27/130  289/390   -31/78  103/130 -659/390   61/390 -217/130      5/6 -131/390  107/130  121/390   49/390]
[    7/26 -491/390 -179/390 -173/130   49/390    -7/78    3/130  181/390   -23/30   43/130   -19/78 -191/390  -53/130    1/390  289/390]
[   -5/26  469/390 -419/390  127/130 -251/390     5/78    -9/10  181/390   61/390   23/130    41/78 -311/390   27/130 -179/390 -311/390]
[  -21/26 -191/390   61/390 -113/130    13/30     5/78    3/130  121/390 -419/390  -17/130   -67/78  289/390 -173/130  361/390 -191/390]
[   11/26 -131/390   -23/30 -113/130 -251/390    -7/78 -157/130    1/390 -179/390  -77/130   -31/78   49/390 -133/130   61/390 -131/390]
[       0        0        0        0        0        0        0        0        0        0        0        0        0        0        0]
Testing obstruction for
m1: 1, m2: 98,a: 0
[    -1/2 -191/390 -179/390  -53/130 -131/390   -19/78  -17/130    1/390   61/390   43/130    41/78  289/390  127/130    37/30  589/390]
[   47/26  829/390  961/390  367/130 1249/390   281/78  523/130 1741/390 1921/390  703/130   461/78   193/30  907/130 2941/390 3169/390]
[  227/26 3649/390 3901/390 1387/130 4429/390   941/78 1663/130 5281/390 5581/390   151/10  1241/78 6529/390 2287/130 7201/390 7549/390]
[  527/26 8269/390 8641/390 3007/130 9409/390  1805/78 2883/130   637/30 7921/390 2523/130  1445/78 6889/390 2187/130 6241/390 5929/390]
[  375/26 5329/390 5041/390 1587/130 4489/390     65/6 1323/130 3721/390 3481/390 1083/130   605/78 2809/390  867/130 2401/390 2209/390]
[  135/26 1849/390 1681/390    39/10 1369/390   245/78  363/130  961/390  841/390  243/130   125/78  529/390  147/130  361/390  289/390]
[   15/26    13/30  121/390   27/130   49/390     5/78    3/130    1/390    1/390    3/130     5/78   49/390   27/130  121/390    13/30]
[   15/26  289/390  361/390  147/130  529/390   125/78  243/130  841/390  961/390  363/130   245/78 1369/390    39/10 1681/390 1849/390]
[  135/26 2209/390 2401/390  867/130 2809/390   605/78 1083/130 3481/390 3721/390 1323/130     65/6 4489/390 1587/130 5041/390 5329/390]
[  375/26 5929/390 6241/390 2187/130 6889/390  1445/78 2523/130 7921/390   637/30 2883/130  1805/78 9409/390 3007/130 8641/390 8269/390]
[  527/26 7549/390 7201/390 2287/130 6529/390  1241/78   151/10 5581/390 5281/390 1663/130   941/78 4429/390 1387/130 3901/390 3649/390]
[  227/26 3169/390 2941/390  907/130   193/30   461/78  703/130 1921/390 1741/390  523/130   281/78 1249/390  367/130  961/390  829/390]
[   47/26  589/390    37/30  127/130  289/390    41/78   43/130   61/390    1/390  -17/130   -19/78 -131/390  -53/130 -179/390 -191/390]
[       0        0        0        0        0        0        0        0        0        0        0        0        0        0        0]
Unobstructed
16
---------------------------
---------------------------
13a4072
Correction terms
[    -1/2  401/510  329/510 -157/170   41/510  -35/102  -33/170  269/510  -91/510  -53/170   13/102 -439/510  123/170 -571/510 -199/510]
[   31/34 -619/510    37/30   43/170  -79/510    1/102  127/170   29/510  -31/510   67/170  -59/102  521/510 -137/170  -31/510 -379/510]
[  -29/34  821/510 -691/510   43/170    13/30  -83/102   87/170  209/510  449/510  -13/170  -47/102 -139/510   83/170  -91/510 -139/510]
[    7/34 -379/510  449/510 -157/170  -79/510  121/102    -9/10 -211/510  329/510   47/170   49/102 -379/510  103/170  269/510 -499/510]
[    3/34 -139/510  -31/510  123/170   41/510    1/102   87/170 -211/510   -23/30  247/170   25/102 -199/510  -77/170   29/510  581/510]
[  -41/34  521/510  -91/510 -137/170  581/510  -35/102  127/170  209/510  329/510  -93/170      5/6  401/510 -117/170  209/510   41/510]
[   11/34 -439/510  269/510   83/170 -499/510   13/102  -33/170   29/510  449/510   47/170   25/102  401/510    -1/10 -211/510  -79/510]
[   23/34   41/510   29/510  103/170 -139/510  -59/102  -53/170  269/510  -31/510  -13/170   49/102 -199/510  223/170 -211/510    13/30]
[   -5/34  -79/510  209/510  -77/170  641/510  -47/102   67/170  -91/510  -91/510   67/170  -47/102  641/510  -77/170  209/510  -79/510]
[   -5/34    13/30 -211/510  223/170 -199/510   49/102  -13/170  -31/510  269/510  -53/170  -59/102 -139/510  103/170   29/510   41/510]
[   23/34  -79/510 -211/510    -1/10  401/510   25/102   47/170  449/510   29/510  -33/170   13/102 -499/510   83/170  269/510 -439/510]
[   11/34   41/510  209/510 -117/170  401/510      5/6  -93/170  329/510  209/510  127/170  -35/102  581/510 -137/170  -91/510  521/510]
[  -41/34  581/510   29/510  -77/170 -199/510   25/102  247/170   -23/30 -211/510   87/170    1/102   41/510  123/170  -31/510 -139/510]
[    3/34 -499/510  269/510  103/170 -379/510   49/102   47/170  329/510 -211/510    -9/10  121/102  -79/510 -157/170  449/510 -379/510]
[    7/34 -139/510  -91/510   83/170 -139/510  -47/102  -13/170  449/510  209/510   87/170  -83/102    13/30   43/170 -691/510  821/510]
[  -29/34 -379/510  -31/510 -137/170  521/510  -59/102   67/170  -31/510   29/510  127/170    1/102  -79/510   43/170    37/30 -619/510]
[   31/34 -199/510 -571/510  123/170 -439/510   13/102  -53/170  -91/510  269/510  -33/170  -35/102   41/510 -157/170  329/510  401/510]
[       0        0        0        0        0        0        0        0        0        0        0        0        0        0        0]
Testing obstruction for
m1: 1, m2: 128,a: 0
[     -1/2  -251/510  -239/510   -73/170  -191/510   -31/102   -37/170   -59/510     1/510    23/170    29/102   229/510   107/170   421/510   529/510]
[    43/34   769/510     53/30   347/170  1189/510   269/102   503/170  1681/510  1861/510   683/170   449/102  2449/510   887/170  2881/510  3109/510]
[   223/34  3589/510  3841/510  1367/170    257/30   929/102  1643/170  5221/510  5521/510  1943/170  1229/102  6469/510  2267/170  7141/510  7489/510]
[   523/34  8209/510  8581/510  2987/170  9349/510  1949/102    199/10 10561/510 10981/510  3803/170  2369/102 12289/510  4247/170 13201/510 13669/510]
[   943/34 14629/510 15121/510  5207/170 16129/510  3125/102  5043/170 14641/510    833/30  4563/170  2645/102 12769/510  4107/170 11881/510 11449/510]
[   735/34 10609/510 10201/510  3267/170  9409/510  1805/102  2883/170  8281/510  7921/510  2523/170      85/6  6889/510  2187/170  6241/510  5929/510]
[   375/34  5329/510  5041/510  1587/170  4489/510   845/102  1323/170  3721/510  3481/510  1083/170   605/102  2809/510     51/10  2401/510  2209/510]
[   135/34  1849/510  1681/510   507/170  1369/510   245/102   363/170   961/510   841/510   243/170   125/102   529/510   147/170   361/510     17/30]
[    15/34   169/510   121/510    27/170    49/510     5/102     3/170     1/510     1/510     3/170     5/102    49/510    27/170   121/510   169/510]
[    15/34     17/30   361/510   147/170   529/510   125/102   243/170   841/510   961/510   363/170   245/102  1369/510   507/170  1681/510  1849/510]
[   135/34  2209/510  2401/510     51/10  2809/510   605/102  1083/170  3481/510  3721/510  1323/170   845/102  4489/510  1587/170  5041/510  5329/510]
[   375/34  5929/510  6241/510  2187/170  6889/510      85/6  2523/170  7921/510  8281/510  2883/170  1805/102  9409/510  3267/170 10201/510 10609/510]
[   735/34 11449/510 11881/510  4107/170 12769/510  2645/102  4563/170    833/30 14641/510  5043/170  3125/102 16129/510  5207/170 15121/510 14629/510]
[   943/34 13669/510 13201/510  4247/170 12289/510  2369/102  3803/170 10981/510 10561/510    199/10  1949/102  9349/510  2987/170  8581/510  8209/510]
[   523/34  7489/510  7141/510  2267/170  6469/510  1229/102  1943/170  5521/510  5221/510  1643/170   929/102    257/30  1367/170  3841/510  3589/510]
[   223/34  3109/510  2881/510   887/170  2449/510   449/102   683/170  1861/510  1681/510   503/170   269/102  1189/510   347/170     53/30   769/510]
[    43/34   529/510   421/510   107/170   229/510    29/102    23/170     1/510   -59/510   -37/170   -31/102  -191/510   -73/170  -239/510  -251/510]
[        0         0         0         0         0         0         0         0         0         0         0         0         0         0         0]
Testing obstruction for
m1: 2, m2: 43,a: 0
[    -1/2 -167/510   97/510 -161/170  133/510  -19/102  -49/170  -23/510  277/510  -89/170   77/102  193/510   59/170  337/510  673/510]
[   11/34  853/510    41/30  239/170  913/510  257/102  271/170 1537/510 1417/510  491/170  341/102 2113/510  559/170 2437/510 2353/510]
[  163/34 2713/510 3157/510  919/170   209/30  701/102 1211/170 3937/510 4417/510 1351/170  977/102 4873/510 1679/170 5377/510 4873/510]
[  303/34 4393/510 4417/510 1199/170 3973/510  701/102    63/10 3097/510 3157/510  791/170  557/102 2353/510  699/170 2017/510 2113/510]
[   91/34 1813/510 1417/510  399/170 1153/510  257/102  191/170 1057/510    41/30  171/170  101/102  673/510   -1/170  517/510  193/510]
[    3/34   73/510  277/510 -121/170  193/510  -19/102  -69/170 -143/510   97/510 -169/170      1/6 -167/510  -81/170 -143/510  133/510]
[  -29/34  193/510  -23/510  -21/170   73/510   77/102  -49/170  517/510  337/510  111/170  101/102  853/510     7/10 1057/510  913/510]
[   63/34 1153/510 1537/510  359/170 1813/510  341/102  591/170 2017/510 2437/510  671/170  557/102 2713/510  939/170 3097/510   209/30]
[  211/34 3973/510 3937/510 1359/170 4393/510  977/102 1511/170 5377/510 5377/510 1511/170  977/102 4393/510 1359/170 3937/510 3973/510]
[  211/34   209/30 3097/510  939/170 2713/510  557/102  671/170 2437/510 2017/510  591/170  341/102 1813/510  359/170 1537/510 1153/510]
[   63/34  913/510 1057/510     7/10  853/510  101/102  111/170  337/510  517/510  -49/170   77/102   73/510  -21/170  -23/510  193/510]
[  -29/34  133/510 -143/510  -81/170 -167/510      1/6 -169/170   97/510 -143/510  -69/170  -19/102  193/510 -121/170  277/510   73/510]
[    3/34  193/510  517/510   -1/170  673/510  101/102  171/170    41/30 1057/510  191/170  257/102 1153/510  399/170 1417/510 1813/510]
[   91/34 2113/510 2017/510  699/170 2353/510  557/102  791/170 3157/510 3097/510    63/10  701/102 3973/510 1199/170 4417/510 4393/510]
[  303/34 4873/510 5377/510 1679/170 4873/510  977/102 1351/170 4417/510 3937/510 1211/170  701/102   209/30  919/170 3157/510 2713/510]
[  163/34 2353/510 2437/510  559/170 2113/510  341/102  491/170 1417/510 1537/510  271/170  257/102  913/510  239/170    41/30  853/510]
[   11/34  673/510  337/510   59/170  193/510   77/102  -89/170  277/510  -23/510  -49/170  -19/102  133/510 -161/170   97/510 -167/510]
[       0        0        0        0        0        0        0        0        0        0        0        0        0        0        0]
Testing obstruction for
m1: 3, m2: 26,a: 0
[    -1/2 -439/510   29/510   43/170 -139/510   49/102   87/170  929/510 1229/510  387/170  349/102 1961/510  943/170 3329/510 2441/510]
[  147/34 1601/510    97/30  443/170  641/510  121/102   67/170  449/510  329/510  -53/170    1/102 -199/510   83/170  329/510   41/510]
[   27/34  401/510 1049/510  443/170    73/30  361/102  667/170 2849/510 3329/510  807/170  433/102 1541/510  523/170 1229/510  521/510]
[   31/34   41/510  269/510   43/170 -379/510  -47/102    -9/10  -31/510   29/510  -93/170   13/102   41/510  223/170  929/510  821/510]
[   91/34 1541/510 2369/510  943/170 2921/510  529/102  667/170 2009/510    97/30  307/170  169/102  401/510  203/170  449/510  -79/510]
[    3/34 -199/510  209/510   83/170  -79/510   49/102   67/170  809/510 1049/510  307/170     17/6 1601/510  803/170 2849/510 2921/510]
[  175/34 1961/510 1949/510  523/170  821/510  145/102   87/170  449/510  269/510  -93/170  -35/102 -439/510    -1/10  -31/510 -379/510]
[   -5/34 -139/510  449/510  223/170  521/510  205/102  387/170 1949/510 2369/510  807/170  625/102 2441/510  803/170 2009/510    73/30]
[   75/34  641/510  809/510  203/170   41/510   25/102  -53/170  209/510  209/510  -53/170   25/102   41/510  203/170  809/510  641/510]
[   75/34    73/30 2009/510  803/170 2441/510  625/102  807/170 2369/510 1949/510  387/170  205/102  521/510  223/170  449/510 -139/510]
[   -5/34 -379/510  -31/510    -1/10 -439/510  -35/102  -93/170  269/510  449/510   87/170  145/102  821/510  523/170 1949/510 1961/510]
[  175/34 2921/510 2849/510  803/170 1601/510     17/6  307/170 1049/510  809/510   67/170   49/102  -79/510   83/170  209/510 -199/510]
[    3/34  -79/510  449/510  203/170  401/510  169/102  307/170    97/30 2009/510  667/170  529/102 2921/510  943/170 2369/510 1541/510]
[   91/34  821/510  929/510  223/170   41/510   13/102  -93/170   29/510  -31/510    -9/10  -47/102 -379/510   43/170  269/510   41/510]
[   31/34  521/510 1229/510  523/170 1541/510  433/102  807/170 3329/510 2849/510  667/170  361/102    73/30  443/170 1049/510  401/510]
[   27/34   41/510  329/510   83/170 -199/510    1/102  -53/170  329/510  449/510   67/170  121/102  641/510  443/170    97/30 1601/510]
[  147/34 2441/510 3329/510  943/170 1961/510  349/102  387/170 1229/510  929/510   87/170   49/102 -139/510   43/170   29/510 -439/510]
[       0        0        0        0        0        0        0        0        0        0        0        0        0        0        0]
[-439/510, 29/510, 43/170, -139/510, 49/102, 87/170, 929/510, 1229/510, 387/170, 349/102, 1961/510, 943/170, 3329/510, 2441/510, 147/34, 1601/510, 97/30, 443/170, 641/510, 121/102, 67/170, 449/510, 329/510, -53/170, 1/102, -199/510]
11 [-439/510, 29/510, 43/170, -139/510, 49/102, 87/170, -91/510, 209/510, 47/170, -59/102, -79/510, -77/170, 269/510, 401/510, 11/34, 581/510, -23/30, 103/170, -379/510, -83/102, 67/170, -571/510, 329/510, -53/170, 1/102, 821/510]
[-439/510, 29/510, 43/170, -139/510, 49/102, 87/170, 929/510, 1229/510, 387/170, 349/102, 1961/510, 943/170, 3329/510, 2441/510, 147/34, 1601/510, 97/30, 443/170, 641/510, 121/102, 67/170, 449/510, 329/510, -53/170, 1/102, -199/510, 83/170, 329/510, 41/510, 27/34, 401/510, 1049/510, 443/170, 73/30, 361/102, 667/170, 2849/510, 3329/510, 807/170, 433/102, 1541/510, 523/170, 1229/510, 521/510, 31/34, 41/510, 269/510, 43/170, -379/510]
91 [-439/510, 29/510, 43/170, -139/510, 49/102, 87/170, -91/510, 209/510, 47/170, -59/102, -79/510, -77/170, 269/510, 401/510, 11/34, 581/510, 37/30, 103/170, -379/510, -83/102, 67/170, 449/510, 329/510, -53/170, 1/102, -199/510, 83/170, 329/510, 41/510, -41/34, -619/510, 29/510, 103/170, 13/30, -47/102, -13/170, -211/510, 269/510, 127/170, 25/102, -499/510, -157/170, 209/510, 521/510, 31/34, 41/510, 269/510, 43/170, 641/510]
Testing obstruction for
m1: 8, m2: 9,a: 0
[    -1/2 -427/510   77/510   79/170 1073/510  109/102  231/170  497/510  977/510  371/170  181/102 1373/510  159/170  257/510 -307/510]
[  -13/34 -427/510     1/30   39/170  893/510   61/102  131/170  137/510  557/510  211/170  277/102 1793/510  279/170  557/510  -67/510]
[   -1/34 -307/510   77/510   39/170    49/30   37/102   71/170 -103/510  257/510   91/170  193/102 1313/510  439/170  977/510  293/510]
[   19/34  -67/510  257/510   79/170  893/510   37/102     3/10 -223/510   77/510   11/170  133/102  953/510  299/170  497/510  773/510]
[   47/34  293/510  557/510  159/170 1073/510   61/102   71/170 -223/510     1/30  -29/170   97/102  713/510  199/170  137/510  353/510]
[   15/34  773/510  977/510  279/170 1373/510  109/102  131/170 -103/510   77/510  -29/170      5/6  593/510  139/170 -103/510   53/510]
[   -9/34  353/510  497/510  439/170 1793/510  181/102  231/170  137/510  257/510   11/170   97/102  593/510     7/10 -223/510 -127/510]
[  -25/34   53/510  137/510  299/170 1313/510  277/102  371/170  497/510  557/510   91/170  133/102  713/510  139/170 -223/510   -11/30]
[  -33/34 -127/510 -103/510  199/170  953/510  193/102  211/170  977/510  977/510  211/170  193/102  953/510  199/170 -103/510 -127/510]
[  -33/34   -11/30 -223/510  139/170  713/510  133/102   91/170  557/510  497/510  371/170  277/102 1313/510  299/170  137/510   53/510]
[  -25/34 -127/510 -223/510     7/10  593/510   97/102   11/170  257/510  137/510  231/170  181/102 1793/510  439/170  497/510  353/510]
[   -9/34   53/510 -103/510  139/170  593/510      5/6  -29/170   77/510 -103/510  131/170  109/102 1373/510  279/170  977/510  773/510]
[   15/34  353/510  137/510  199/170  713/510   97/102  -29/170     1/30 -223/510   71/170   61/102 1073/510  159/170  557/510  293/510]
[   47/34  773/510  497/510  299/170  953/510  133/102   11/170   77/510 -223/510     3/10   37/102  893/510   79/170  257/510  -67/510]
[   19/34  293/510  977/510  439/170 1313/510  193/102   91/170  257/510 -103/510   71/170   37/102    49/30   39/170   77/510 -307/510]
[   -1/34  -67/510  557/510  279/170 1793/510  277/102  211/170  557/510  137/510  131/170   61/102  893/510   39/170     1/30 -427/510]
[  -13/34 -307/510  257/510  159/170 1373/510  181/102  371/170  977/510  497/510  231/170  109/102 1073/510   79/170   77/510 -427/510]
[       0        0        0        0        0        0        0        0        0        0        0        0        0        0        0]
Testing obstruction for
m1: 4, m2: 19,a: 1
[    -1/2 -503/510 -227/510 -149/170 -143/510  -67/102   -1/170 -167/510  193/510   19/170   89/102  337/510  251/170  673/510 1117/510]
[   71/34 1537/510    89/30  671/170 2017/510  305/102  519/170 1093/510 1153/510  239/170  161/102  397/510  171/170  133/510  277/510]
[   -5/34   97/510 -227/510   -9/170   -19/30  -19/102 -121/170 -107/510 -347/510  -21/170  -55/102   37/510  -49/170  193/510   37/510]
[   27/34  277/510  673/510  191/170  997/510  185/102    27/10 1333/510 1813/510  599/170  461/102 2317/510  611/170 1873/510 1417/510]
[   99/34 1057/510 1153/510  251/170  877/510  101/102  219/170  313/510    29/30   59/170   77/102   97/510  111/170   73/510  337/510]
[    7/34  397/510  193/510  171/170  337/510  137/102  179/170  913/510  793/510  399/170     13/6 1537/510  491/170 1933/510 1897/510]
[  159/34 2377/510 1873/510  631/170 1417/510  293/102  339/170 1093/510  673/510  259/170   77/102  517/510     3/10  313/510  -23/510]
[   11/34 -143/510   73/510  -69/170   37/510  -43/102   19/170 -167/510  133/510  -21/170   53/102   97/510  151/170  313/510    41/30]
[   39/34  997/510  913/510  451/170 1297/510  353/102  579/170 2233/510 2233/510  579/170  353/102 1297/510  451/170  913/510  997/510]
[   39/34    41/30  313/510  151/170   97/510   53/102  -21/170  133/510 -167/510   19/170  -43/102   37/510  -69/170   73/510 -143/510]
[   11/34  -23/510  313/510     3/10  517/510   77/102  259/170  673/510 1093/510  339/170  293/102 1417/510  631/170 1873/510 2377/510]
[  159/34 1897/510 1933/510  491/170 1537/510     13/6  399/170  793/510  913/510  179/170  137/102  337/510  171/170  193/510  397/510]
[    7/34  337/510   73/510  111/170   97/510   77/102   59/170    29/30  313/510  219/170  101/102  877/510  251/170 1153/510 1057/510]
[   99/34 1417/510 1873/510  611/170 2317/510  461/102  599/170 1813/510 1333/510    27/10  185/102  997/510  191/170  673/510  277/510]
[   27/34   37/510  193/510  -49/170   37/510  -55/102  -21/170 -347/510 -107/510 -121/170  -19/102   -19/30   -9/170 -227/510   97/510]
[   -5/34  277/510  133/510  171/170  397/510  161/102  239/170 1153/510 1093/510  519/170  305/102 2017/510  671/170    89/30 1537/510]
[   71/34 1117/510  673/510  251/170  337/510   89/102   19/170  193/510 -167/510   -1/170  -67/102 -143/510 -149/170 -227/510 -503/510]
[       0        0        0        0        0        0        0        0        0        0        0        0        0        0        0]
Testing obstruction for
m1: 6, m2: 15,a: 4
[    -1/2 -499/510 -211/510 -137/170  -79/510  -47/102   47/170   29/510  449/510  127/170  169/102  821/510  443/170 1349/510  881/510]
[   63/34  521/510    37/30   83/170  401/510   13/102   87/170  -31/510  209/510  -13/170   49/102   41/510  123/170  209/510  581/510]
[   31/34  881/510  809/510  423/170    73/30  349/102  587/170 1289/510 1349/510  307/170  205/102  641/510  263/170  449/510  641/510]
[   23/34  581/510  329/510  203/170  401/510  145/102    11/10  929/510  809/510  407/170  229/102 1601/510  523/170 1049/510 1061/510]
[   39/34  641/510  209/510  103/170  -79/510   13/102  -93/170  -91/510   -23/30  -53/170  -83/102 -139/510 -117/170  -31/510 -199/510]
[   11/34   41/510  449/510  123/170  821/510  157/102  427/170 1289/510  809/510  287/170      5/6  521/510   43/170  269/510  -79/510]
[    7/34 -199/510   29/510  -77/170   41/510  -35/102   47/170  -31/510  329/510   67/170  121/102  521/510    19/10  929/510 1421/510]
[   95/34  941/510  989/510  183/170  641/510   49/102  127/170   29/510  209/510  -33/170   25/102 -139/510   43/170  -91/510    13/30]
[    3/34  401/510  269/510  223/170  581/510  205/102  327/170 1469/510 1469/510  327/170  205/102  581/510  223/170  269/510  401/510]
[    3/34    13/30  -91/510   43/170 -139/510   25/102  -33/170  209/510   29/510  127/170   49/102  641/510  183/170  989/510  941/510]
[   95/34 1421/510  929/510    19/10  521/510  121/102   67/170  329/510  -31/510   47/170  -35/102   41/510  -77/170   29/510 -199/510]
[    7/34  -79/510  269/510   43/170  521/510      5/6  287/170  809/510 1289/510  427/170  157/102  821/510  123/170  449/510   41/510]
[   11/34 -199/510  -31/510 -117/170 -139/510  -83/102  -53/170   -23/30  -91/510  -93/170   13/102  -79/510  103/170  209/510  641/510]
[   39/34 1061/510 1049/510  523/170 1601/510  229/102  407/170  809/510  929/510    11/10  145/102  401/510  203/170  329/510  581/510]
[   23/34  641/510  449/510  263/170  641/510  205/102  307/170 1349/510 1289/510  587/170  349/102    73/30  423/170  809/510  881/510]
[   31/34  581/510  209/510  123/170   41/510   49/102  -13/170  209/510  -31/510   87/170   13/102  401/510   83/170    37/30  521/510]
[   63/34  881/510 1349/510  443/170  821/510  169/102  127/170  449/510   29/510   47/170  -47/102  -79/510 -137/170 -211/510 -499/510]
[       0        0        0        0        0        0        0        0        0        0        0        0        0        0        0]
[-499/510, -211/510, -137/170, -79/510, -47/102, 47/170, 29/510, 449/510, 127/170, 169/102, 821/510, 443/170, 1349/510, 881/510, 63/34, 521/510, 37/30, 83/170, 401/510, 13/102, 87/170, -31/510, 209/510, -13/170, 49/102, 41/510, 123/170, 209/510, 581/510, 31/34, 881/510, 809/510, 423/170, 73/30, 349/102, 587/170, 1289/510, 1349/510, 307/170, 205/102, 641/510, 263/170, 449/510, 641/510, 23/34, 581/510, 329/510, 203/170, 401/510, 145/102, 11/10, 929/510, 809/510, 407/170, 229/102, 1601/510, 523/170, 1049/510, 1061/510, 39/34, 641/510, 209/510, 103/170, -79/510, 13/102, -93/170]
59 [-499/510, -211/510, -137/170, -79/510, -47/102, 47/170, 29/510, 449/510, 127/170, -35/102, -199/510, 103/170, 329/510, -139/510, -5/34, 521/510, 37/30, 83/170, 401/510, 13/102, 87/170, -31/510, 209/510, -13/170, 49/102, 41/510, 123/170, 209/510, 581/510, 31/34, -139/510, -211/510, 83/170, 13/30, -59/102, -93/170, 269/510, 329/510, -33/170, 1/102, 641/510, -77/170, -571/510, -379/510, 23/34, -439/510, -691/510, -137/170, 401/510, -59/102, -9/10, -91/510, -211/510, 67/170, 25/102, -439/510, -157/170, 29/510, 41/510, -29/34, -379/510, 209/510, 103/170, -79/510, 13/102, 247/170]
[-499/510, -211/510, -137/170, -79/510, -47/102, 47/170, 29/510, 449/510, 127/170, 169/102, 821/510, 443/170, 1349/510, 881/510, 63/34, 521/510, 37/30, 83/170, 401/510, 13/102, 87/170, -31/510, 209/510, -13/170, 49/102, 41/510, 123/170, 209/510, 581/510, 31/34, 881/510, 809/510, 423/170, 73/30, 349/102, 587/170, 1289/510, 1349/510, 307/170, 205/102, 641/510, 263/170, 449/510, 641/510, 23/34, 581/510, 329/510, 203/170, 401/510, 145/102, 11/10, 929/510, 809/510, 407/170, 229/102, 1601/510, 523/170, 1049/510, 1061/510, 39/34, 641/510, 209/510, 103/170, -79/510, 13/102, -93/170, -91/510, -23/30]
94 [-499/510, -211/510, -137/170, -79/510, -47/102, 47/170, 29/510, -571/510, 127/170, -35/102, -199/510, 103/170, 329/510, -139/510, -5/34, 521/510, -23/30, 83/170, 401/510, 13/102, 87/170, -31/510, 209/510, -13/170, 49/102, 41/510, 123/170, 209/510, 581/510, 31/34, -139/510, -211/510, 83/170, 13/30, -59/102, 247/170, 269/510, 329/510, -33/170, 1/102, -379/510, -77/170, 449/510, -379/510, 23/34, -439/510, 329/510, -137/170, -619/510, -59/102, -9/10, -91/510, -211/510, 67/170, 25/102, -439/510, -157/170, 29/510, 41/510, -29/34, 641/510, 209/510, 103/170, -79/510, 13/102, -93/170, -91/510, 37/30]
Testing obstruction for
m1: 10, m2: 11,a: 6
[    -1/2 -491/510 -179/510 -113/170   49/510   -7/102  143/170  421/510  961/510  343/170  125/102  769/510  147/170  661/510  409/510]
[   47/34  529/510    53/30  267/170 1249/510  245/102  243/170  781/510  361/510  163/170   29/102  349/510   27/170  361/510  169/510]
[   35/34  409/510  841/510  267/170    17/30   65/102  -37/170    1/510 -359/510  -57/170  -91/102 -191/510 -133/170  -59/510 -191/510]
[   15/34  169/510  661/510  227/170 1249/510  269/102    19/10 1141/510  841/510  363/170  173/102 1189/510  347/170 1441/510 1369/510]
[   55/34  829/510  361/510  147/170   49/510   41/102  -37/170  121/510    -7/30   63/170    5/102  409/510  107/170  781/510  769/510]
[   19/34  349/510  -59/510   27/170 -251/510   -7/102  -97/170    1/510 -179/510   63/170      1/6  529/510  167/170 1021/510 1069/510]
[   43/34  769/510  421/510  207/170  349/510  125/102  143/170  781/510  661/510  363/170  209/102  529/510    11/10  121/510  229/510]
[   -9/34   49/510 -239/510    7/170 -191/510   29/102    3/170  421/510  361/510  283/170  173/102  409/510  167/170  121/510    17/30]
[   -1/34  229/510    1/510  107/170  169/510  113/102  163/170  961/510  961/510  163/170  113/102  169/510  107/170    1/510  229/510]
[   -1/34    17/30  121/510  167/170  409/510  173/102  283/170  361/510  421/510    3/170   29/102 -191/510    7/170 -239/510   49/510]
[   -9/34  229/510  121/510    11/10  529/510  209/102  363/170  661/510  781/510  143/170  125/102  349/510  207/170  421/510  769/510]
[   43/34 1069/510 1021/510  167/170  529/510      1/6   63/170 -179/510    1/510  -97/170   -7/102 -251/510   27/170  -59/510  349/510]
[   19/34  769/510  781/510  107/170  409/510    5/102   63/170    -7/30  121/510  -37/170   41/102   49/510  147/170  361/510  829/510]
[   55/34 1369/510 1441/510  347/170 1189/510  173/102  363/170  841/510 1141/510    19/10  269/102 1249/510  227/170  661/510  169/510]
[   15/34 -191/510  -59/510 -133/170 -191/510  -91/102  -57/170 -359/510    1/510  -37/170   65/102    17/30  267/170  841/510  409/510]
[   35/34  169/510  361/510   27/170  349/510   29/102  163/170  361/510  781/510  243/170  245/102 1249/510  267/170    53/30  529/510]
[   47/34  409/510  661/510  147/170  769/510  125/102  343/170  961/510  421/510  143/170   -7/102   49/510 -113/170 -179/510 -491/510]
[       0        0        0        0        0        0        0        0        0        0        0        0        0        0        0]
Testing obstruction for
m1: 17, m2: 18,a: 15
[    -1/2 -463/510  -67/510  -29/170  497/510  133/102  139/170  773/510  713/510  419/170  277/102 2117/510  471/170 1313/510  797/510]
[   59/34  557/510    49/30  231/170  137/510   37/102  -61/170   53/510 -127/510   99/170   61/102 -103/510   31/170 -127/510  257/510]
[   15/34  797/510  953/510  571/170   121/30  397/102  499/170 1613/510 1313/510  199/170   97/102  -43/510   11/170 -307/510  -43/510]
[  -13/34  257/510  293/510  -29/170  137/510  -11/102     7/10  353/510  953/510  379/170  181/102 1277/510  411/170 1793/510 1937/510]
[  111/34  977/510  893/510  131/170  497/510   37/102  159/170  353/510   -11/30  -41/170  -95/102 -223/510 -129/170   53/510   77/510]
[   47/34  917/510  713/510  371/170 1097/510  337/102  619/170 1613/510  953/510  299/170      5/6  557/510   91/170  593/510  497/510]
[   -1/34   77/510 -247/510   11/170 -103/510   73/102  139/170   53/510  293/510   39/170  109/102  557/510    23/10 1373/510 2177/510]
[  103/34 1517/510 1073/510  411/170  977/510   61/102   79/170 -247/510 -127/510 -141/170  -23/102 -223/510   91/170  353/510     1/30]
[   19/34  137/510  593/510  211/170 1277/510  301/102  439/170 1733/510 1733/510  439/170  301/102 1277/510  211/170  593/510  137/510]
[   19/34     1/30  353/510   91/170 -223/510  -23/102 -141/170 -127/510 -247/510   79/170   61/102  977/510  411/170 1073/510 1517/510]
[  103/34 2177/510 1373/510    23/10  557/510  109/102   39/170  293/510   53/510  139/170   73/102 -103/510   11/170 -247/510   77/510]
[   -1/34  497/510  593/510   91/170  557/510      5/6  299/170  953/510 1613/510  619/170  337/102 1097/510  371/170  713/510  917/510]
[   47/34   77/510   53/510 -129/170 -223/510  -95/102  -41/170   -11/30  353/510  159/170   37/102  497/510  131/170  893/510  977/510]
[  111/34 1937/510 1793/510  411/170 1277/510  181/102  379/170  953/510  353/510     7/10  -11/102  137/510  -29/170  293/510  257/510]
[  -13/34  -43/510 -307/510   11/170  -43/510   97/102  199/170 1313/510 1613/510  499/170  397/102   121/30  571/170  953/510  797/510]
[   15/34  257/510 -127/510   31/170 -103/510   61/102   99/170 -127/510   53/510  -61/170   37/102  137/510  231/170    49/30  557/510]
[   59/34  797/510 1313/510  471/170 2117/510  277/102  419/170  713/510  773/510  139/170  133/102  497/510  -29/170  -67/510 -463/510]
[       0        0        0        0        0        0        0        0        0        0        0        0        0        0        0]
---------------------------
SUCCESS for name = 13a4072
---------------------------
13a4097
Correction terms
[    -1/2  593/614 -391/614  425/614  585/614   89/614  165/614 -415/614 -423/614  141/614   49/614 -699/614  353/614 -479/614  489/614]
[ 801/614 -771/614 -543/614  257/614  401/614 -111/614  -51/614 -647/614  557/614 -123/614 -231/614  233/614   41/614  421/614  145/614]
[ 441/614   81/614  293/614 -151/614  -23/614 -551/614  721/614  109/614   69/614  601/614 -751/614 -303/614  717/614 -147/614 -439/614]
[-159/614 -535/614  889/614  429/614 -687/614   -3/614   25/614  625/614  569/614 -143/614 -283/614  149/614  -75/614  273/614  -35/614]
[ 229/614 -163/614   17/614  769/614 -363/614  305/614  317/614 -327/614 -399/614  101/614  -55/614  361/614  121/614 -775/614  129/614]
[ 377/614  -31/614  133/614 -359/614 -279/614  373/614  369/614 -291/614 -379/614  105/614  -67/614  333/614   77/614  393/614   53/614]
[ 285/614 -139/614    9/614  729/614 -435/614  201/614  181/614 -495/614  629/614 -131/614 -319/614   65/614 -207/614   93/614  965/614]
[ -47/614 -487/614 -355/614  349/614  397/614 -211/614 -247/614  289/614  169/614  621/614  417/614 -443/614  497/614 -447/614  409/614]
[ 609/614  153/614  269/614 -271/614 -239/614  365/614  313/614 -395/614  697/614  -95/614 -315/614   37/614 -267/614    1/614 -387/614]
[-203/614  553/614  653/614   97/614  113/614 -527/614  633/614  -91/614 -243/614  177/614  -59/614  277/614  -43/614  209/614 -195/614]
[ -27/614 -515/614  797/614  225/614  225/614  797/614 -515/614  -27/614 -195/614  209/614  -43/614  277/614  -59/614  177/614 -243/614]
[ -91/614  633/614 -527/614  113/614   97/614  653/614  553/614 -203/614 -387/614    1/614 -267/614   37/614 -315/614  -95/614  697/614]
[-395/614  313/614  365/614 -239/614 -271/614  269/614  153/614  609/614  409/614 -447/614  497/614 -443/614  417/614  621/614  169/614]
[ 289/614 -247/614 -211/614  397/614  349/614 -355/614 -487/614  -47/614  965/614   93/614 -207/614   65/614 -319/614 -131/614  629/614]
[-495/614  181/614  201/614 -435/614  729/614    9/614 -139/614  285/614   53/614  393/614   77/614  333/614  -67/614  105/614 -379/614]
[-291/614  369/614  373/614 -279/614 -359/614  133/614  -31/614  377/614  129/614 -775/614  121/614  361/614  -55/614  101/614 -399/614]
[-327/614  317/614  305/614 -363/614  769/614   17/614 -163/614  229/614  -35/614  273/614  -75/614  149/614 -283/614 -143/614  569/614]
[ 625/614   25/614   -3/614 -687/614  429/614  889/614 -535/614 -159/614 -439/614 -147/614  717/614 -303/614 -751/614  601/614   69/614]
[ 109/614  721/614 -551/614  -23/614 -151/614  293/614   81/614  441/614  145/614  421/614   41/614  233/614 -231/614 -123/614  557/614]
[-647/614  -51/614 -111/614  401/614  257/614 -543/614 -771/614  801/614  489/614 -479/614  353/614 -699/614   49/614  141/614 -423/614]
[-415/614  165/614   89/614  585/614  425/614 -391/614  593/614        0        0        0        0        0        0        0        0]
Testing obstruction for
m1: 1, m2: 154,a: 0
[     -1/2  -303/614  -291/614  -271/614  -243/614  -207/614  -163/614  -111/614   -51/614    17/614    93/614   177/614   269/614   369/614   477/614]
[  593/614   717/614   849/614   989/614  1137/614  1293/614  1457/614  1629/614  1809/614  1997/614  2193/614  2397/614  2609/614  2829/614  3057/614]
[ 3293/614  3537/614  3789/614  4049/614  4317/614  4593/614  4877/614  5169/614  5469/614  5777/614  6093/614  6417/614  6749/614  7089/614  7437/614]
[ 7793/614  8157/614  8529/614  8909/614  9297/614  9693/614 10097/614 10509/614 10929/614 11357/614 11793/614 12237/614 12689/614 13149/614 13617/614]
[14093/614 14577/614 15069/614 15569/614 16077/614 16593/614 17117/614 17649/614 18189/614 18737/614 19293/614 19857/614 20429/614 21009/614 21597/614]
[22193/614 22797/614 23409/614 22801/614 22201/614 21609/614 21025/614 20449/614 19881/614 19321/614 18769/614 18225/614 17689/614 17161/614 16641/614]
[16129/614 15625/614 15129/614 14641/614 14161/614 13689/614 13225/614 12769/614 12321/614 11881/614 11449/614 11025/614 10609/614 10201/614  9801/614]
[ 9409/614  9025/614  8649/614  8281/614  7921/614  7569/614  7225/614  6889/614  6561/614  6241/614  5929/614  5625/614  5329/614  5041/614  4761/614]
[ 4489/614  4225/614  3969/614  3721/614  3481/614  3249/614  3025/614  2809/614  2601/614  2401/614  2209/614  2025/614  1849/614  1681/614  1521/614]
[ 1369/614  1225/614  1089/614   961/614   841/614   729/614   625/614   529/614   441/614   361/614   289/614   225/614   169/614   121/614    81/614]
[   49/614    25/614     9/614     1/614     1/614     9/614    25/614    49/614    81/614   121/614   169/614   225/614   289/614   361/614   441/614]
[  529/614   625/614   729/614   841/614   961/614  1089/614  1225/614  1369/614  1521/614  1681/614  1849/614  2025/614  2209/614  2401/614  2601/614]
[ 2809/614  3025/614  3249/614  3481/614  3721/614  3969/614  4225/614  4489/614  4761/614  5041/614  5329/614  5625/614  5929/614  6241/614  6561/614]
[ 6889/614  7225/614  7569/614  7921/614  8281/614  8649/614  9025/614  9409/614  9801/614 10201/614 10609/614 11025/614 11449/614 11881/614 12321/614]
[12769/614 13225/614 13689/614 14161/614 14641/614 15129/614 15625/614 16129/614 16641/614 17161/614 17689/614 18225/614 18769/614 19321/614 19881/614]
[20449/614 21025/614 21609/614 22201/614 22801/614 23409/614 22797/614 22193/614 21597/614 21009/614 20429/614 19857/614 19293/614 18737/614 18189/614]
[17649/614 17117/614 16593/614 16077/614 15569/614 15069/614 14577/614 14093/614 13617/614 13149/614 12689/614 12237/614 11793/614 11357/614 10929/614]
[10509/614 10097/614  9693/614  9297/614  8909/614  8529/614  8157/614  7793/614  7437/614  7089/614  6749/614  6417/614  6093/614  5777/614  5469/614]
[ 5169/614  4877/614  4593/614  4317/614  4049/614  3789/614  3537/614  3293/614  3057/614  2829/614  2609/614  2397/614  2193/614  1997/614  1809/614]
[ 1629/614  1457/614  1293/614  1137/614   989/614   849/614   717/614   593/614   477/614   369/614   269/614   177/614    93/614    17/614   -51/614]
[ -111/614  -163/614  -207/614  -243/614  -271/614  -291/614  -303/614         0         0         0         0         0         0         0         0]
Unobstructed
41
---------------------------
---------------------------
13a4098
Correction terms
[     -1/2  -895/718   369/718  -875/718  -319/718   601/718   449/718  -775/718  -199/718   741/718  -827/718  -595/718     1/718  -475/718  -587/718]
[ -335/718   281/718  -175/718  -267/718     5/718   641/718 -1231/718   133/718   425/718  -355/718  -771/718  -823/718  -511/718   165/718  -231/718]
[ -263/718    69/718  -671/718   389/718   377/718  -707/718     9/718  -347/718  -339/718    33/718  -667/718 -1003/718   461/718  -583/718   173/718]
[ -143/718   -95/718   317/718  -343/718  -639/718  -571/718  -139/718  -779/718   381/718  -967/718  -515/718   301/718    45/718   153/718  -811/718]
[   25/718  -211/718   -83/718 -1027/718  -171/718  -387/718  -239/718   273/718  -287/718  -483/718  -315/718   217/718  -323/718  -499/718  -311/718]
[  241/718  -279/718  -435/718  -227/718   345/718  -155/718  -291/718   -63/718  -907/718    49/718   -67/718   181/718  -643/718 -1103/718   237/718]
[  505/718  -299/718  -739/718   621/718  -527/718   125/718  -295/718  -351/718   -43/718  -807/718   229/718   193/718  -915/718  -223/718   833/718]
[ -619/718  -271/718   441/718    81/718    85/718  -983/718  -251/718  -591/718  -567/718  -179/718   573/718 -1183/718   297/718   705/718    41/718]
[ -259/718  -195/718   233/718  -411/718  -691/718  -607/718  -159/718  -783/718   393/718   497/718  -471/718   361/718   121/718   245/718  -703/718]
[  149/718   -71/718    73/718  -855/718    17/718  -183/718   -19/718   509/718   -35/718  -215/718   -31/718   517/718    -7/718  -167/718    37/718]
[ -831/718   101/718   -39/718   185/718  -663/718   289/718   169/718   413/718  -415/718  -879/718   457/718  -715/718   -87/718  -531/718  -611/718]
[ -327/718   321/718  -103/718  -163/718   141/718  -627/718   405/718 -1071/718  -747/718   -59/718  -443/718  -463/718  -119/718  -847/718   225/718]
[  225/718  -847/718  -119/718  -463/718  -443/718   -59/718  -747/718 -1071/718   405/718  -627/718   141/718  -163/718  -103/718   321/718  -327/718]
[ -611/718  -531/718   -87/718  -715/718   457/718  -879/718  -415/718   413/718   169/718   289/718  -663/718   185/718   -39/718   101/718  -831/718]
[   37/718  -167/718    -7/718   517/718   -31/718  -215/718   -35/718   509/718   -19/718  -183/718    17/718  -855/718    73/718   -71/718   149/718]
[ -703/718   245/718   121/718   361/718  -471/718   497/718   393/718  -783/718  -159/718  -607/718  -691/718  -411/718   233/718  -195/718  -259/718]
[   41/718   705/718   297/718 -1183/718   573/718  -179/718  -567/718  -591/718  -251/718  -983/718    85/718    81/718   441/718  -271/718  -619/718]
[  833/718  -223/718  -915/718   193/718   229/718  -807/718   -43/718  -351/718  -295/718   125/718  -527/718   621/718  -739/718  -299/718   505/718]
[  237/718 -1103/718  -643/718   181/718   -67/718    49/718  -907/718   -63/718  -291/718  -155/718   345/718  -227/718  -435/718  -279/718   241/718]
[ -311/718  -499/718  -323/718   217/718  -315/718  -483/718  -287/718   273/718  -239/718  -387/718  -171/718 -1027/718   -83/718  -211/718    25/718]
[ -811/718   153/718    45/718   301/718  -515/718  -967/718   381/718  -779/718  -139/718  -571/718  -639/718  -343/718   317/718   -95/718  -143/718]
[  173/718  -583/718   461/718 -1003/718  -667/718    33/718  -339/718  -347/718     9/718  -707/718   377/718   389/718  -671/718    69/718  -263/718]
[ -231/718   165/718  -511/718  -823/718  -771/718  -355/718   425/718   133/718 -1231/718   641/718     5/718  -267/718  -175/718   281/718  -335/718]
[ -587/718  -475/718     1/718  -595/718  -827/718   741/718  -199/718  -775/718   449/718   601/718  -319/718  -875/718   369/718  -895/718         0]
Testing obstruction for
m1: 1, m2: 180,a: 0
[     -1/2  -355/718  -343/718  -323/718  -295/718  -259/718  -215/718  -163/718  -103/718   -35/718    41/718   125/718   217/718   317/718   425/718]
[  541/718   665/718   797/718   937/718  1085/718  1241/718  1405/718  1577/718  1757/718  1945/718  2141/718  2345/718  2557/718  2777/718  3005/718]
[ 3241/718  3485/718  3737/718  3997/718  4265/718  4541/718  4825/718  5117/718  5417/718  5725/718  6041/718  6365/718  6697/718  7037/718  7385/718]
[ 7741/718  8105/718  8477/718  8857/718  9245/718  9641/718 10045/718 10457/718 10877/718 11305/718 11741/718 12185/718 12637/718 13097/718 13565/718]
[14041/718 14525/718 15017/718 15517/718 16025/718 16541/718 17065/718 17597/718 18137/718 18685/718 19241/718 19805/718 20377/718 20957/718 21545/718]
[22141/718 22745/718 23357/718 23977/718 24605/718 25241/718 25885/718 26537/718 27197/718 27865/718 28541/718 29225/718 29917/718 30617/718 31325/718]
[32041/718 31329/718 30625/718 29929/718 29241/718 28561/718 27889/718 27225/718 26569/718 25921/718 25281/718 24649/718 24025/718 23409/718 22801/718]
[22201/718 21609/718 21025/718 20449/718 19881/718 19321/718 18769/718 18225/718 17689/718 17161/718 16641/718 16129/718 15625/718 15129/718 14641/718]
[14161/718 13689/718 13225/718 12769/718 12321/718 11881/718 11449/718 11025/718 10609/718 10201/718  9801/718  9409/718  9025/718  8649/718  8281/718]
[ 7921/718  7569/718  7225/718  6889/718  6561/718  6241/718  5929/718  5625/718  5329/718  5041/718  4761/718  4489/718  4225/718  3969/718  3721/718]
[ 3481/718  3249/718  3025/718  2809/718  2601/718  2401/718  2209/718  2025/718  1849/718  1681/718  1521/718  1369/718  1225/718  1089/718   961/718]
[  841/718   729/718   625/718   529/718   441/718   361/718   289/718   225/718   169/718   121/718    81/718    49/718    25/718     9/718     1/718]
[    1/718     9/718    25/718    49/718    81/718   121/718   169/718   225/718   289/718   361/718   441/718   529/718   625/718   729/718   841/718]
[  961/718  1089/718  1225/718  1369/718  1521/718  1681/718  1849/718  2025/718  2209/718  2401/718  2601/718  2809/718  3025/718  3249/718  3481/718]
[ 3721/718  3969/718  4225/718  4489/718  4761/718  5041/718  5329/718  5625/718  5929/718  6241/718  6561/718  6889/718  7225/718  7569/718  7921/718]
[ 8281/718  8649/718  9025/718  9409/718  9801/718 10201/718 10609/718 11025/718 11449/718 11881/718 12321/718 12769/718 13225/718 13689/718 14161/718]
[14641/718 15129/718 15625/718 16129/718 16641/718 17161/718 17689/718 18225/718 18769/718 19321/718 19881/718 20449/718 21025/718 21609/718 22201/718]
[22801/718 23409/718 24025/718 24649/718 25281/718 25921/718 26569/718 27225/718 27889/718 28561/718 29241/718 29929/718 30625/718 31329/718 32041/718]
[31325/718 30617/718 29917/718 29225/718 28541/718 27865/718 27197/718 26537/718 25885/718 25241/718 24605/718 23977/718 23357/718 22745/718 22141/718]
[21545/718 20957/718 20377/718 19805/718 19241/718 18685/718 18137/718 17597/718 17065/718 16541/718 16025/718 15517/718 15017/718 14525/718 14041/718]
[13565/718 13097/718 12637/718 12185/718 11741/718 11305/718 10877/718 10457/718 10045/718  9641/718  9245/718  8857/718  8477/718  8105/718  7741/718]
[ 7385/718  7037/718  6697/718  6365/718  6041/718  5725/718  5417/718  5117/718  4825/718  4541/718  4265/718  3997/718  3737/718  3485/718  3241/718]
[ 3005/718  2777/718  2557/718  2345/718  2141/718  1945/718  1757/718  1577/718  1405/718  1241/718  1085/718   937/718   797/718   665/718   541/718]
[  425/718   317/718   217/718   125/718    41/718   -35/718  -103/718  -163/718  -215/718  -259/718  -295/718  -323/718  -343/718  -355/718         0]
Unobstructed
24
---------------------------
---------------------------
13a4102
Correction terms
[    -1/2  -87/382  225/382  -19/382  -55/382  117/382  497/382  321/382  353/382  593/382  277/382  169/382  269/382  577/382  329/382]
[ 289/382  457/382   69/382 -111/382  -83/382  153/382 -167/382 -279/382 -183/382  121/382  633/382  589/382  753/382  361/382  177/382]
[ 201/382  433/382  109/382   -7/382   85/382  385/382  129/382   81/382  241/382 -155/382 -343/382 -323/382  -95/382  341/382  221/382]
[ 309/382  605/382  345/382  293/382  449/382   49/382 -143/382 -127/382   97/382  529/382  405/382  489/382   17/382 -247/382 -303/382]
[-151/382  209/382   13/382   25/382  245/382  673/382  545/382  625/382  149/382 -119/382 -179/382  -31/382  325/382  125/382  133/382]
[ 349/382    9/382 -123/382  -47/382  237/382  -35/382  -99/382   45/382  397/382  193/382  197/382  409/382   65/382  -71/382    1/382]
[ 281/382    5/382  -63/382   77/382  425/382  217/382  217/382  425/382   77/382  -63/382    5/382  281/382    1/382  -71/382   65/382]
[ 409/382  197/382  193/382  397/382   45/382  -99/382  -35/382  237/382  -47/382 -123/382    9/382  349/382  133/382  125/382  325/382]
[ -31/382 -179/382 -119/382  149/382  625/382  545/382  673/382  245/382   25/382   13/382  209/382 -151/382 -303/382 -247/382   17/382]
[ 489/382  405/382  529/382   97/382 -127/382 -143/382   49/382  449/382  293/382  345/382  605/382  309/382  221/382  341/382  -95/382]
[-323/382 -343/382 -155/382  241/382   81/382  129/382  385/382   85/382   -7/382  109/382  433/382  201/382  177/382  361/382  753/382]
[ 589/382  633/382  121/382 -183/382 -279/382 -167/382  153/382  -83/382 -111/382   69/382  457/382  289/382  329/382  577/382  269/382]
[ 169/382  277/382  593/382  353/382  321/382  497/382  117/382  -55/382  -19/382  225/382  -87/382        0        0        0        0]
Testing obstruction for
m1: 1, m2: 96,a: 0
[    -1/2 -187/382 -175/382 -155/382 -127/382  -91/382  -47/382    5/382   65/382  133/382  209/382  293/382  385/382  485/382  593/382]
[ 709/382  833/382  965/382 1105/382 1253/382 1409/382 1573/382 1745/382 1925/382 2113/382 2309/382 2513/382 2725/382 2945/382 3173/382]
[3409/382 3653/382 3905/382 4165/382 4433/382 4709/382 4993/382 5285/382 5585/382 5893/382 6209/382 6533/382 6865/382 7205/382 7553/382]
[7909/382 8273/382 8645/382 9025/382 8649/382 8281/382 7921/382 7569/382 7225/382 6889/382 6561/382 6241/382 5929/382 5625/382 5329/382]
[5041/382 4761/382 4489/382 4225/382 3969/382 3721/382 3481/382 3249/382 3025/382 2809/382 2601/382 2401/382 2209/382 2025/382 1849/382]
[1681/382 1521/382 1369/382 1225/382 1089/382  961/382  841/382  729/382  625/382  529/382  441/382  361/382  289/382  225/382  169/382]
[ 121/382   81/382   49/382   25/382    9/382    1/382    1/382    9/382   25/382   49/382   81/382  121/382  169/382  225/382  289/382]
[ 361/382  441/382  529/382  625/382  729/382  841/382  961/382 1089/382 1225/382 1369/382 1521/382 1681/382 1849/382 2025/382 2209/382]
[2401/382 2601/382 2809/382 3025/382 3249/382 3481/382 3721/382 3969/382 4225/382 4489/382 4761/382 5041/382 5329/382 5625/382 5929/382]
[6241/382 6561/382 6889/382 7225/382 7569/382 7921/382 8281/382 8649/382 9025/382 8645/382 8273/382 7909/382 7553/382 7205/382 6865/382]
[6533/382 6209/382 5893/382 5585/382 5285/382 4993/382 4709/382 4433/382 4165/382 3905/382 3653/382 3409/382 3173/382 2945/382 2725/382]
[2513/382 2309/382 2113/382 1925/382 1745/382 1573/382 1409/382 1253/382 1105/382  965/382  833/382  709/382  593/382  485/382  385/382]
[ 293/382  209/382  133/382   65/382    5/382  -47/382  -91/382 -127/382 -155/382 -175/382 -187/382        0        0        0        0]
Testing obstruction for
m1: 2, m2: 33,a: 1
[    -1/2 -379/382 -179/382 -355/382 -143/382 -307/382  -83/382 -235/382    1/382 -139/382  109/382  -19/382  241/382  125/382  397/382]
[ 293/382  577/382  485/382  781/382  701/382 1009/382  941/382 1261/382 1205/382 1537/382 1493/382 1837/382 1805/382 2161/382 2141/382]
[2509/382 2501/382 2881/382 2885/382 2513/382 2529/382 2169/382 2197/382 1849/382 1889/382 1553/382 1605/382 1281/382 1345/382 1033/382]
[1109/382  809/382  897/382  609/382  709/382  433/382  545/382  281/382  405/382  153/382  289/382   49/382  197/382  -31/382  129/382]
[ -87/382   85/382 -119/382   65/382 -127/382   69/382 -111/382   97/382  -71/382  149/382   -7/382  225/382   81/382  325/382  193/382]
[ 449/382  329/382  597/382  489/382  769/382  673/382  965/382  881/382 1185/382 1113/382 1429/382 1369/382 1697/382 1649/382 1989/382]
[1953/382 2305/382 2281/382 2645/382 2633/382 3009/382 3009/382 2633/382 2645/382 2281/382 2305/382 1953/382 1989/382 1649/382 1697/382]
[1369/382 1429/382 1113/382 1185/382  881/382  965/382  673/382  769/382  489/382  597/382  329/382  449/382  193/382  325/382   81/382]
[ 225/382   -7/382  149/382  -71/382   97/382 -111/382   69/382 -127/382   65/382 -119/382   85/382  -87/382  129/382  -31/382  197/382]
[  49/382  289/382  153/382  405/382  281/382  545/382  433/382  709/382  609/382  897/382  809/382 1109/382 1033/382 1345/382 1281/382]
[1605/382 1553/382 1889/382 1849/382 2197/382 2169/382 2529/382 2513/382 2885/382 2881/382 2501/382 2509/382 2141/382 2161/382 1805/382]
[1837/382 1493/382 1537/382 1205/382 1261/382  941/382 1009/382  701/382  781/382  485/382  577/382  293/382  397/382  125/382  241/382]
[ -19/382  109/382 -139/382    1/382 -235/382  -83/382 -307/382 -143/382 -355/382 -179/382 -379/382        0        0        0        0]
Testing obstruction for
m1: 3, m2: 20,a: 1
[    -1/2 -343/382  -35/382  -31/382 -331/382 -171/382 -315/382    1/382   13/382 -279/382 -111/382 -247/382   77/382   97/382 -187/382]
[ -11/382 -139/382  193/382  221/382  -55/382  129/382    9/382  349/382  385/382  117/382  309/382  197/382  545/382  589/382  329/382]
[ 529/382  425/382  781/382  833/382  581/382  789/382  693/382 1057/382 1117/382  873/382 1089/382 1001/382 1373/382 1441/382 1205/382]
[1429/382 1349/382 1729/382 1805/382 1577/382 1809/382 1737/382 1361/382 1445/382 1225/382 1465/382 1401/382 1033/382 1125/382  913/382]
[1161/382 1105/382  745/382  845/382  641/382  897/382  849/382  497/382  605/382  409/382  673/382  633/382  289/382  405/382  217/382]
[ 489/382  457/382  121/382  245/382   65/382  345/382  321/382   -7/382  125/382  -47/382  241/382  225/382  -95/382   45/382 -119/382]
[ 177/382  169/382 -143/382    5/382 -151/382  153/382  153/382 -151/382    5/382 -143/382  169/382  177/382 -119/382   45/382  -95/382]
[ 225/382  241/382  -47/382  125/382   -7/382  321/382  345/382   65/382  245/382  121/382  457/382  489/382  217/382  405/382  289/382]
[ 633/382  673/382  409/382  605/382  497/382  849/382  897/382  641/382  845/382  745/382 1105/382 1161/382  913/382 1125/382 1033/382]
[1401/382 1465/382 1225/382 1445/382 1361/382 1737/382 1809/382 1577/382 1805/382 1729/382 1349/382 1429/382 1205/382 1441/382 1373/382]
[1001/382 1089/382  873/382 1117/382 1057/382  693/382  789/382  581/382  833/382  781/382  425/382  529/382  329/382  589/382  545/382]
[ 197/382  309/382  117/382  385/382  349/382    9/382  129/382  -55/382  221/382  193/382 -139/382  -11/382 -187/382   97/382   77/382]
[-247/382 -111/382 -279/382   13/382    1/382 -315/382 -171/382 -331/382  -31/382  -35/382 -343/382        0        0        0        0]
[-343/382, -35/382, -31/382, -331/382]
40 [-343/382, -35/382, -31/382, 433/382]
Testing obstruction for
m1: 7, m2: 8,a: 1
[    -1/2 -367/382 -131/382 -247/382   49/382   -7/382  349/382  353/382    5/382   69/382 -219/382  -95/382 -323/382 -139/382 -307/382]
[ -63/382 -171/382  133/382   85/382  449/382  461/382  121/382  193/382  -87/382   45/382 -175/382   17/382 -143/382  109/382    9/382]
[ 321/382  281/382  653/382  673/382  341/382  421/382  149/382  289/382   77/382  277/382  125/382  385/382  293/382  613/382  581/382]
[ 961/382  989/382  665/382  753/382  489/382  637/382  433/382  641/382  497/382  765/382  681/382 1009/382  985/382  609/382  645/382]
[ 329/382  425/382  169/382  325/382  129/382  345/382  209/382  485/382  409/382  745/382  729/382  361/382  405/382   97/382  201/382]
[ -47/382  117/382  -71/382  153/382   25/382  309/382  241/382  585/382  577/382  217/382  269/382  -31/382   81/382 -159/382   13/382]
[-167/382   65/382  -55/382  237/382  177/382  529/382  529/382  177/382  237/382  -55/382   65/382 -167/382   13/382 -159/382   81/382]
[ -31/382  269/382  217/382  577/382  585/382  241/382  309/382   25/382  153/382  -71/382  117/382  -47/382  201/382   97/382  405/382]
[ 361/382  729/382  745/382  409/382  485/382  209/382  345/382  129/382  325/382  169/382  425/382  329/382  645/382  609/382  985/382]
[1009/382  681/382  765/382  497/382  641/382  433/382  637/382  489/382  753/382  665/382  989/382  961/382  581/382  613/382  293/382]
[ 385/382  125/382  277/382   77/382  289/382  149/382  421/382  341/382  673/382  653/382  281/382  321/382    9/382  109/382 -143/382]
[  17/382 -175/382   45/382  -87/382  193/382  121/382  461/382  449/382   85/382  133/382 -171/382  -63/382 -307/382 -139/382 -323/382]
[ -95/382 -219/382   69/382    5/382  353/382  349/382   -7/382   49/382 -247/382 -131/382 -367/382        0        0        0        0]
Testing obstruction for
m1: 5, m2: 12,a: 2
[    -1/2 -359/382  -99/382 -175/382  177/382  193/382 -127/382  -19/382 -247/382  -47/382 -183/382  109/382   65/382  449/382  497/382]
[ 209/382  349/382  153/382  385/382  281/382  605/382  593/382 1009/382 1089/382  833/382 1005/382  841/382 1105/382 1033/382  625/382]
[ 645/382  329/382  441/382  217/382  421/382  289/382  585/382  545/382  169/382  221/382  -63/382   81/382 -111/382  125/382   25/382]
[ 353/382  345/382    1/382   85/382 -167/382    9/382 -151/382  117/382   49/382  409/382  433/382  121/382  237/382   17/382  225/382]
[  97/382  397/382  361/382  753/382  809/382  529/382  677/382  489/382  729/382  633/382  965/382  961/382  621/382  709/382  461/382]
[ 641/382  485/382  757/382  693/382  293/382  321/382   13/382  133/382  -83/382  129/382    5/382  309/382  277/382  -91/382  -31/382]
[-307/382 -155/382 -339/382  -95/382 -187/382  149/382  149/382 -187/382  -95/382 -339/382 -155/382 -307/382  -31/382  -91/382  277/382]
[ 309/382    5/382  129/382  -83/382  133/382   13/382  321/382  293/382  693/382  757/382  485/382  641/382  461/382  709/382  621/382]
[ 961/382  965/382  633/382  729/382  489/382  677/382  529/382  809/382  753/382  361/382  397/382   97/382  225/382   17/382  237/382]
[ 121/382  433/382  409/382   49/382  117/382 -151/382    9/382 -167/382   85/382    1/382  345/382  353/382   25/382  125/382 -111/382]
[  81/382  -63/382  221/382  169/382  545/382  585/382  289/382  421/382  217/382  441/382  329/382  645/382  625/382 1033/382 1105/382]
[ 841/382 1005/382  833/382 1089/382 1009/382  593/382  605/382  281/382  385/382  153/382  349/382  209/382  497/382  449/382   65/382]
[ 109/382 -183/382  -47/382 -247/382  -19/382 -127/382  193/382  177/382 -175/382  -99/382 -359/382        0        0        0        0]
Testing obstruction for
m1: 8, m2: 9,a: 4
[    -1/2 -367/382 -131/382 -247/382   49/382   -7/382  349/382  353/382  769/382  833/382  545/382  669/382  441/382  625/382  457/382]
[ 701/382  593/382  897/382  849/382  449/382  461/382  121/382  193/382  -87/382   45/382 -175/382   17/382 -143/382  109/382    9/382]
[ 321/382  281/382  653/382  673/382  341/382  421/382  149/382  289/382   77/382  277/382  125/382  385/382  293/382  613/382  581/382]
[ 197/382  225/382  -99/382  -11/382 -275/382 -127/382 -331/382 -123/382 -267/382    1/382  -83/382  245/382  221/382  609/382  645/382]
[ 329/382  425/382  169/382  325/382  129/382  345/382  209/382  485/382  409/382  745/382  729/382  361/382  405/382   97/382  201/382]
[ -47/382  117/382  -71/382  153/382   25/382  309/382  241/382  585/382  577/382  217/382  269/382  -31/382   81/382 -159/382   13/382]
[-167/382   65/382  -55/382  237/382  177/382  529/382  529/382  177/382  237/382  -55/382   65/382 -167/382   13/382 -159/382   81/382]
[ -31/382  269/382  217/382  577/382  585/382  241/382  309/382   25/382  153/382  -71/382  117/382  -47/382  201/382   97/382  405/382]
[ 361/382  729/382  745/382  409/382  485/382  209/382  345/382  129/382  325/382  169/382  425/382  329/382  645/382  609/382  221/382]
[ 245/382  -83/382    1/382 -267/382 -123/382 -331/382 -127/382 -275/382  -11/382  -99/382  225/382  197/382  581/382  613/382  293/382]
[ 385/382  125/382  277/382   77/382  289/382  149/382  421/382  341/382  673/382  653/382  281/382  321/382    9/382  109/382 -143/382]
[  17/382 -175/382   45/382  -87/382  193/382  121/382  461/382  449/382  849/382  897/382  593/382  701/382  457/382  625/382  441/382]
[ 669/382  545/382  833/382  769/382  353/382  349/382   -7/382   49/382 -247/382 -131/382 -367/382        0        0        0        0]
Testing obstruction for
m1: 13, m2: 14,a: 11
[    -1/2 -355/382  -83/382 -139/382  241/382  293/382   17/382  177/382    9/382  277/382  217/382  593/382  641/382  361/382  517/382]
[ 345/382  609/382  545/382  917/382  961/382  677/382  829/382  653/382  913/382  845/382  449/382  489/382  201/382  349/382  169/382]
[ 425/382  353/382  -47/382  -11/382 -303/382 -159/382 -343/382  -91/382 -167/382  193/382  225/382  -71/382   69/382 -119/382  129/382]
[  49/382  405/382  433/382  133/382  269/382   77/382  321/382  237/382  589/382  613/382 1073/382 1205/382 1009/382 1249/382 1161/382]
[ 745/382  765/382  457/382  585/382  385/382  621/382  529/382  109/382  125/382 -187/382  -63/382 -267/382  -35/382 -131/382  209/382]
[ 221/382  -95/382   25/382 -183/382   45/382  -55/382  281/382  289/382  -31/382   85/382 -127/382   97/382   -7/382  325/382  329/382]
[ 769/382  881/382  665/382  885/382  777/382 1105/382 1105/382  777/382  885/382  665/382  881/382  769/382  329/382  325/382   -7/382]
[  97/382 -127/382   85/382  -31/382  289/382  281/382  -55/382   45/382 -183/382   25/382  -95/382  221/382  209/382 -131/382  -35/382]
[-267/382  -63/382 -187/382  125/382  109/382  529/382  621/382  385/382  585/382  457/382  765/382  745/382 1161/382 1249/382 1009/382]
[1205/382 1073/382  613/382  589/382  237/382  321/382   77/382  269/382  133/382  433/382  405/382   49/382  129/382 -119/382   69/382]
[ -71/382  225/382  193/382 -167/382  -91/382 -343/382 -159/382 -303/382  -11/382  -47/382  353/382  425/382  169/382  349/382  201/382]
[ 489/382  449/382  845/382  913/382  653/382  829/382  677/382  961/382  917/382  545/382  609/382  345/382  517/382  361/382  641/382]
[ 593/382  217/382  277/382    9/382  177/382   17/382  293/382  241/382 -139/382  -83/382 -355/382        0        0        0        0]
---------------------------
SUCCESS for name = 13a4102
---------------------------
