13a552
Correction terms
[    -1/2  -59/254 -363/254  -23/254  -55/254   49/254 -219/254  157/254  161/254 -207/254   69/254  -27/254   13/254 -319/254   -7/254]
[ -67/254    9/254 -287/254   61/254   37/254 -359/254 -111/254  273/254 -223/254  -75/254  209/254  121/254 -339/254 -155/254  165/254]
[ 113/254 -311/254  -91/254  265/254 -259/254 -139/254  117/254    1/254 -487/254  177/254  -39/254 -119/254  -63/254  129/254  -51/254]
[ -95/254   -3/254  225/254   81/254 -435/254  201/254  -43/254 -151/254 -123/254   41/254 -167/254 -239/254 -175/254   25/254 -147/254]
[-183/254  -83/254  153/254   17/254   17/254  153/254  -83/254 -183/254 -147/254   25/254 -175/254 -239/254 -167/254   41/254 -123/254]
[-151/254  -43/254  201/254 -435/254   81/254  225/254   -3/254  -95/254  -51/254  129/254  -63/254 -119/254  -39/254  177/254 -487/254]
[   1/254  117/254 -139/254 -259/254  265/254  -91/254 -311/254  113/254  165/254 -155/254 -339/254  121/254  209/254  -75/254 -223/254]
[ 273/254 -111/254 -359/254   37/254   61/254 -287/254    9/254  -67/254   -7/254 -319/254   13/254  -27/254   69/254 -207/254  161/254]
[ 157/254 -219/254   49/254  -55/254  -23/254 -363/254  -59/254        0        0        0        0        0        0        0        0]
Testing obstruction for
m1: 1, m2: 64,a: 0
[    -1/2 -123/254 -111/254  -91/254  -63/254  -27/254   17/254   69/254  129/254  197/254  273/254  357/254  449/254  549/254  657/254]
[ 773/254  897/254 1029/254 1169/254 1317/254 1473/254 1637/254 1809/254 1989/254 2177/254 2373/254 2577/254 2789/254 3009/254 3237/254]
[3473/254 3717/254 3969/254 3721/254 3481/254 3249/254 3025/254 2809/254 2601/254 2401/254 2209/254 2025/254 1849/254 1681/254 1521/254]
[1369/254 1225/254 1089/254  961/254  841/254  729/254  625/254  529/254  441/254  361/254  289/254  225/254  169/254  121/254   81/254]
[  49/254   25/254    9/254    1/254    1/254    9/254   25/254   49/254   81/254  121/254  169/254  225/254  289/254  361/254  441/254]
[ 529/254  625/254  729/254  841/254  961/254 1089/254 1225/254 1369/254 1521/254 1681/254 1849/254 2025/254 2209/254 2401/254 2601/254]
[2809/254 3025/254 3249/254 3481/254 3721/254 3969/254 3717/254 3473/254 3237/254 3009/254 2789/254 2577/254 2373/254 2177/254 1989/254]
[1809/254 1637/254 1473/254 1317/254 1169/254 1029/254  897/254  773/254  657/254  549/254  449/254  357/254  273/254  197/254  129/254]
[  69/254   17/254  -27/254  -63/254  -91/254 -111/254 -123/254        0        0        0        0        0        0        0        0]
Unobstructed
53
---------------------------
---------------------------
13a553
Correction terms
[    -1/2   25/246  -23/246   -89/82 -215/246 -359/246   -69/82 -251/246    1/246    19/82  -83/246   73/246    11/82 -203/246 -143/246]
[  -93/82 -119/246 -155/246    35/82  169/246   37/246    67/82  169/246  -59/246     3/82 -119/246 -443/246  -157/82 -203/246 -131/246]
[  -85/82  -83/246 -107/246  -109/82 -251/246 -371/246   -65/82 -215/246   61/246    47/82   25/246      5/6    63/82  -23/246   61/246]
[  -17/82 -359/246 -371/246   -29/82    1/246 -107/246    27/82   73/246 -131/246   -13/82 -143/246 -443/246  -149/82 -155/246  -59/246]
[  -53/82   37/246   37/246   -53/82  -59/246 -155/246  -149/82 -443/246 -143/246   -13/82 -131/246   73/246    27/82 -107/246    1/246]
[  -29/82 -371/246 -359/246   -17/82   61/246  -23/246    63/82      5/6   25/246    47/82   61/246 -215/246   -65/82 -371/246 -251/246]
[ -109/82 -107/246  -83/246   -85/82 -131/246 -203/246  -157/82 -443/246 -119/246     3/82  -59/246  169/246    67/82   37/246  169/246]
[   35/82 -155/246 -119/246   -93/82 -143/246 -203/246    11/82   73/246  -83/246    19/82    1/246 -251/246   -69/82 -359/246 -215/246]
[  -89/82  -23/246   25/246        0        0        0        0        0        0        0        0        0        0        0        0]
Testing obstruction for
m1: 1, m2: 62,a: 0
[    -1/2 -119/246 -107/246   -29/82  -59/246  -23/246     7/82   73/246  133/246    67/82  277/246  361/246   151/82  553/246  661/246]
[  259/82  901/246 1033/246   391/82 1321/246 1477/246   547/82 1813/246 1993/246   727/82 2377/246 2581/246   931/82 3013/246 3241/246]
[ 1159/82 3721/246 3481/246  1083/82 3025/246 2809/246   867/82 2401/246 2209/246   675/82 1849/246     41/6   507/82 1369/246 1225/246]
[  363/82  961/246  841/246   243/82  625/246  529/246   147/82  361/246  289/246    75/82  169/246  121/246    27/82   49/246   25/246]
[    3/82    1/246    1/246     3/82   25/246   49/246    27/82  121/246  169/246    75/82  289/246  361/246   147/82  529/246  625/246]
[  243/82  841/246  961/246   363/82 1225/246 1369/246   507/82     41/6 1849/246   675/82 2209/246 2401/246   867/82 2809/246 3025/246]
[ 1083/82 3481/246 3721/246  1159/82 3241/246 3013/246   931/82 2581/246 2377/246   727/82 1993/246 1813/246   547/82 1477/246 1321/246]
[  391/82 1033/246  901/246   259/82  661/246  553/246   151/82  361/246  277/246    67/82  133/246   73/246     7/82  -23/246  -59/246]
[  -29/82 -107/246 -119/246        0        0        0        0        0        0        0        0        0        0        0        0]
Unobstructed
16
---------------------------
---------------------------
13a557
Correction terms
[    -1/2  121/414  277/414    29/46   73/414 -287/414     1/46  133/414   85/414   -15/46 -527/414 -263/414   -19/46 -251/414  325/414]
[  -11/46 -695/414  193/414     9/46 -203/414  169/414   -51/46 -431/414    11/18    -7/46  277/414 -383/414   -43/46  265/414  -83/414]
[   25/46  361/414 -503/414    13/46  565/414   13/414    13/46   49/414 -191/414    25/46  469/414 -287/414   -43/46  169/414 -275/414]
[   -7/46    -1/18 -155/414   -51/46 -107/414   73/414     9/46  -83/414 -419/414   -11/46   49/414   25/414   -19/46 -539/414 -251/414]
[  -15/46 -191/414  409/414     1/46 -563/414  349/414    29/46    1/414  397/414     -1/2 -155/414  553/414    29/46 -203/414  -11/414]
[    1/46 -143/414  361/414   -15/46   25/414   13/414   -19/46  301/414 -227/414   -11/46 -143/414 -359/414     9/46  349/414 -383/414]
[  -51/46  121/414   -13/18    -7/46    1/414 -107/414   -43/46  -11/414  193/414    25/46   85/414 -227/414    13/46  289/414  289/414]
[   13/46 -227/414   85/414    25/46  193/414  -11/414   -43/46 -107/414    1/414    -7/46   -13/18  121/414   -51/46 -383/414  349/414]
[    9/46 -359/414 -143/414   -11/46 -227/414  301/414   -19/46   13/414   25/414   -15/46  361/414 -143/414     1/46  -11/414 -203/414]
[   29/46  553/414 -155/414     -1/2  397/414    1/414    29/46  349/414 -563/414     1/46  409/414 -191/414   -15/46 -251/414 -539/414]
[  -19/46   25/414   49/414   -11/46 -419/414  -83/414     9/46   73/414 -107/414   -51/46 -155/414    -1/18    -7/46 -275/414  169/414]
[  -43/46 -287/414  469/414    25/46 -191/414   49/414    13/46   13/414  565/414    13/46 -503/414  361/414    25/46  -83/414  265/414]
[  -43/46 -383/414  277/414    -7/46    11/18 -431/414   -51/46  169/414 -203/414     9/46  193/414 -695/414   -11/46  325/414 -251/414]
[  -19/46 -263/414 -527/414   -15/46   85/414  133/414     1/46 -287/414   73/414    29/46  277/414  121/414        0        0        0]
Testing obstruction for
m1: 1, m2: 104,a: 0
[     -1/2  -203/414  -191/414    -19/46  -143/414  -107/414     -7/46   -11/414    49/414     13/46   193/414   277/414     41/46   469/414   577/414]
[    77/46   817/414   949/414    121/46  1237/414  1393/414    173/46  1729/414     83/18    233/46  2293/414  2497/414    301/46  2929/414  3157/414]
[   377/46  3637/414  3889/414    461/46  4417/414  4693/414    553/46  5269/414  5569/414    653/46  6193/414  6517/414    761/46  7189/414  7537/414]
[   877/46    359/18  8629/414   1001/46  9397/414  9793/414   1133/46 10609/414 10201/414   1089/46  9409/414  9025/414    961/46  8281/414  7921/414]
[   841/46  7225/414  6889/414    729/46  6241/414  5929/414    625/46  5329/414  5041/414      23/2  4489/414  4225/414    441/46  3721/414  3481/414]
[   361/46  3025/414  2809/414    289/46  2401/414  2209/414    225/46  1849/414  1681/414    169/46  1369/414  1225/414    121/46   961/414   841/414]
[    81/46   625/414     23/18     49/46   361/414   289/414     25/46   169/414   121/414      9/46    49/414    25/414      1/46     1/414     1/414]
[     1/46    25/414    49/414      9/46   121/414   169/414     25/46   289/414   361/414     49/46     23/18   625/414     81/46   841/414   961/414]
[   121/46  1225/414  1369/414    169/46  1681/414  1849/414    225/46  2209/414  2401/414    289/46  2809/414  3025/414    361/46  3481/414  3721/414]
[   441/46  4225/414  4489/414      23/2  5041/414  5329/414    625/46  5929/414  6241/414    729/46  6889/414  7225/414    841/46  7921/414  8281/414]
[   961/46  9025/414  9409/414   1089/46 10201/414 10609/414   1133/46  9793/414  9397/414   1001/46  8629/414    359/18    877/46  7537/414  7189/414]
[   761/46  6517/414  6193/414    653/46  5569/414  5269/414    553/46  4693/414  4417/414    461/46  3889/414  3637/414    377/46  3157/414  2929/414]
[   301/46  2497/414  2293/414    233/46     83/18  1729/414    173/46  1393/414  1237/414    121/46   949/414   817/414     77/46   577/414   469/414]
[    41/46   277/414   193/414     13/46    49/414   -11/414     -7/46  -107/414  -143/414    -19/46  -191/414  -203/414         0         0         0]
Unobstructed
19
---------------------------
---------------------------
13a573
Correction terms
[    -1/2 -319/678 -259/678  -53/226  -19/678  161/678  127/226 -715/678 -415/678  -25/226  305/678 -631/678  -57/226  329/678 -487/678]
[  31/226 -643/678   17/678  239/226  101/678  881/678  115/226 -151/678  749/678  111/226  -43/678 -379/678 -225/226  425/678  209/678]
[  11/226 -103/678 -199/678  -85/226 -271/678 -247/678  -61/226  -79/678   65/678   83/226 -883/678 -619/678 -105/226   29/678  413/678]
[-173/226  -55/678  449/678 -121/226  221/678 -511/678   51/226 -499/678  245/678 -109/226 -859/678    5/678 -149/226  497/678  125/678]
[ -69/226  857/678  605/678  131/226  221/678   89/678   -1/226  -55/678  -67/678  -13/226   29/678  137/678   95/226  473/678 -655/678]
[-129/226  -79/678  269/678 -233/226 -271/678  197/678 -217/226 -103/678 -871/678  -81/226  425/678 -223/678  175/226  -43/678 -571/678]
[  99/226 -151/678 -559/678 -309/226  101/678 -187/678 -145/226 -643/678 -811/678  139/226  329/678  281/678   91/226  305/678  377/678]
[ 163/226  641/678 -523/678  -97/226  -19/678  293/678  215/226 -319/678      1/6  195/226 -259/678  293/678 -157/226  161/678 -523/678]
[  63/226 -415/678 -979/678  -49/226 -631/678  281/678  -41/226 -487/678  545/678   87/226   17/678 -187/678 -117/226 -475/678 -559/678]
[-201/226 -607/678 -571/678 -165/226 -379/678 -223/678   -9/226  209/678  485/678  267/226 -199/678  197/678  211/226 -247/678  269/678]
[-177/226   65/678  701/678    7/226  737/678  137/678 -141/226  413/678  -67/678 -169/226 -907/678   89/678  -77/226 -511/678 -751/678]
[-317/226  245/678  125/678   15/226    5/678    5/678   15/226  125/678  245/678 -317/226 -751/678 -511/678  -77/226   89/678 -907/678]
[-169/226  -67/678  413/678 -141/226  137/678  737/678    7/226  701/678   65/678 -177/226  269/678 -247/678  211/226  197/678 -199/678]
[ 267/226  485/678  209/678   -9/226 -223/678 -379/678 -165/226 -571/678 -607/678 -201/226 -559/678 -475/678 -117/226 -187/678   17/678]
[  87/226  545/678 -487/678  -41/226  281/678 -631/678  -49/226 -979/678 -415/678   63/226 -523/678  161/678 -157/226  293/678 -259/678]
[ 195/226      1/6 -319/678  215/226  293/678  -19/678  -97/226 -523/678  641/678  163/226  377/678  305/678   91/226  281/678  329/678]
[ 139/226 -811/678 -643/678 -145/226 -187/678  101/678 -309/226 -559/678 -151/678   99/226 -571/678  -43/678  175/226 -223/678  425/678]
[ -81/226 -871/678 -103/678 -217/226  197/678 -271/678 -233/226  269/678  -79/678 -129/226 -655/678  473/678   95/226  137/678   29/678]
[ -13/226  -67/678  -55/678   -1/226   89/678  221/678  131/226  605/678  857/678  -69/226  125/678  497/678 -149/226    5/678 -859/678]
[-109/226  245/678 -499/678   51/226 -511/678  221/678 -121/226  449/678  -55/678 -173/226  413/678   29/678 -105/226 -619/678 -883/678]
[  83/226   65/678  -79/678  -61/226 -247/678 -271/678  -85/226 -199/678 -103/678   11/226  209/678  425/678 -225/226 -379/678  -43/678]
[ 111/226  749/678 -151/678  115/226  881/678  101/678  239/226   17/678 -643/678   31/226 -487/678  329/678  -57/226 -631/678  305/678]
[ -25/226 -415/678 -715/678  127/226  161/678  -19/678  -53/226 -259/678 -319/678        0        0        0        0        0        0]
Testing obstruction for
m1: 1, m2: 170,a: 0
[     -1/2  -335/678  -323/678  -101/226  -275/678  -239/678   -65/226  -143/678   -83/678    -5/226    61/678   145/678    79/226   337/678   445/678]
[  187/226   685/678   817/678   319/226  1105/678  1261/678   475/226  1597/678  1777/678   655/226  2161/678  2365/678   859/226  2797/678  3025/678]
[ 1087/226  3505/678  3757/678  1339/226  4285/678  4561/678  1615/226  5137/678  5437/678  1915/226  6061/678  6385/678  2239/226  7057/678  7405/678]
[ 2587/226  8125/678  8497/678  2959/226  9265/678  9661/678  3355/226 10477/678 10897/678  3775/226 11761/678 12205/678  4219/226 13117/678 13585/678]
[ 4687/226 14545/678 15037/678  5179/226 16045/678 16561/678  5695/226 17617/678 18157/678  6235/226 19261/678 19825/678  6799/226 20977/678 21565/678]
[ 7387/226 22765/678 23377/678  7999/226 24625/678 25261/678  8635/226 26557/678 27217/678  9295/226 28561/678 27889/678  9075/226 26569/678 25921/678]
[ 8427/226 24649/678 24025/678  7803/226 22801/678 22201/678  7203/226 21025/678 20449/678  6627/226 19321/678 18769/678  6075/226 17689/678 17161/678]
[ 5547/226 16129/678 15625/678  5043/226 14641/678 14161/678  4563/226 13225/678     113/6  4107/226 11881/678 11449/678  3675/226 10609/678 10201/678]
[ 3267/226  9409/678  9025/678  2883/226  8281/678  7921/678  2523/226  7225/678  6889/678  2187/226  6241/678  5929/678  1875/226  5329/678  5041/678]
[ 1587/226  4489/678  4225/678  1323/226  3721/678  3481/678  1083/226  3025/678  2809/678   867/226  2401/678  2209/678   675/226  1849/678  1681/678]
[  507/226  1369/678  1225/678   363/226   961/678   841/678   243/226   625/678   529/678   147/226   361/678   289/678    75/226   169/678   121/678]
[   27/226    49/678    25/678     3/226     1/678     1/678     3/226    25/678    49/678    27/226   121/678   169/678    75/226   289/678   361/678]
[  147/226   529/678   625/678   243/226   841/678   961/678   363/226  1225/678  1369/678   507/226  1681/678  1849/678   675/226  2209/678  2401/678]
[  867/226  2809/678  3025/678  1083/226  3481/678  3721/678  1323/226  4225/678  4489/678  1587/226  5041/678  5329/678  1875/226  5929/678  6241/678]
[ 2187/226  6889/678  7225/678  2523/226  7921/678  8281/678  2883/226  9025/678  9409/678  3267/226 10201/678 10609/678  3675/226 11449/678 11881/678]
[ 4107/226     113/6 13225/678  4563/226 14161/678 14641/678  5043/226 15625/678 16129/678  5547/226 17161/678 17689/678  6075/226 18769/678 19321/678]
[ 6627/226 20449/678 21025/678  7203/226 22201/678 22801/678  7803/226 24025/678 24649/678  8427/226 25921/678 26569/678  9075/226 27889/678 28561/678]
[ 9295/226 27217/678 26557/678  8635/226 25261/678 24625/678  7999/226 23377/678 22765/678  7387/226 21565/678 20977/678  6799/226 19825/678 19261/678]
[ 6235/226 18157/678 17617/678  5695/226 16561/678 16045/678  5179/226 15037/678 14545/678  4687/226 13585/678 13117/678  4219/226 12205/678 11761/678]
[ 3775/226 10897/678 10477/678  3355/226  9661/678  9265/678  2959/226  8497/678  8125/678  2587/226  7405/678  7057/678  2239/226  6385/678  6061/678]
[ 1915/226  5437/678  5137/678  1615/226  4561/678  4285/678  1339/226  3757/678  3505/678  1087/226  3025/678  2797/678   859/226  2365/678  2161/678]
[  655/226  1777/678  1597/678   475/226  1261/678  1105/678   319/226   817/678   685/678   187/226   445/678   337/678    79/226   145/678    61/678]
[   -5/226   -83/678  -143/678   -65/226  -239/678  -275/678  -101/226  -323/678  -335/678         0         0         0         0         0         0]
Testing obstruction for
m1: 2, m2: 57,a: 0
[    -1/2 -223/678  125/678 -217/226  161/678 -151/678  -77/226  -79/678  305/678 -145/226  413/678  137/678   31/226  281/678  701/678]
[  -1/226  881/678  641/678  211/226  857/678 1313/678  215/226 1565/678 1361/678  463/226 1649/678 2141/678  503/226 2465/678 2297/678]
[ 787/226 2657/678 3185/678  863/226 3581/678 3449/678 1183/226 3881/678 4445/678 1295/226 4913/678 4817/678 1651/226 5321/678 5921/678]
[1799/226 6461/678 6401/678 2191/226 6977/678 7613/678 2375/226 8225/678 8201/678 2803/226 8849/678 9521/678 3023/226 8849/678 8861/678]
[2583/226 8225/678 7577/678 2387/226 6977/678 7025/678 1983/226 6461/678 5849/678 1823/226 5321/678 5405/678 1455/226 4913/678 4337/678]
[1331/226 3881/678 4001/678  999/226 3581/678 3041/678  911/226 2657/678 2813/678  615/226 2465/678 1961/678  563/226 1649/678 1841/678]
[ 303/226 1565/678 1097/678  287/226  857/678 1085/678   63/226  881/678  449/678   83/226  281/678  545/678 -105/226  413/678   17/678]
[ -49/226  -79/678  221/678 -201/226  161/678 -199/678 -109/226 -223/678      1/6 -225/226  125/678 -199/678  -97/226 -151/678  221/678]
[-177/226  305/678   17/678  -13/226  137/678  545/678  -57/226  701/678  449/678  143/226  641/678 1085/678  135/226 1313/678 1097/678]
[ 371/226 1361/678 1841/678  399/226 2141/678 1961/678  671/226 2297/678 2813/678  735/226 3185/678 3041/678 1043/226 3449/678 4001/678]
[1143/226 4445/678 4337/678 1487/226 4817/678 5405/678 1623/226 5921/678 5849/678 2003/226 6401/678 7025/678 2175/226 7613/678 7577/678]
[2591/226 8201/678 8861/678 2799/226 9521/678 9521/678 2799/226 8861/678 8201/678 2591/226 7577/678 7613/678 2175/226 7025/678 6401/678]
[2003/226 5849/678 5921/678 1623/226 5405/678 4817/678 1487/226 4337/678 4445/678 1143/226 4001/678 3449/678 1043/226 3041/678 3185/678]
[ 735/226 2813/678 2297/678  671/226 1961/678 2141/678  399/226 1841/678 1361/678  371/226 1097/678 1313/678  135/226 1085/678  641/678]
[ 143/226  449/678  701/678  -57/226  545/678  137/678  -13/226   17/678  305/678 -177/226  221/678 -151/678  -97/226 -199/678  125/678]
[-225/226      1/6 -223/678 -109/226 -199/678  161/678 -201/226  221/678  -79/678  -49/226   17/678  413/678 -105/226  545/678  281/678]
[  83/226  449/678  881/678   63/226 1085/678  857/678  287/226 1097/678 1565/678  303/226 1841/678 1649/678  563/226 1961/678 2465/678]
[ 615/226 2813/678 2657/678  911/226 3041/678 3581/678  999/226 4001/678 3881/678 1331/226 4337/678 4913/678 1455/226 5405/678 5321/678]
[1823/226 5849/678 6461/678 1983/226 7025/678 6977/678 2387/226 7577/678 8225/678 2583/226 8861/678 8849/678 3023/226 9521/678 8849/678]
[2803/226 8201/678 8225/678 2375/226 7613/678 6977/678 2191/226 6401/678 6461/678 1799/226 5921/678 5321/678 1651/226 4817/678 4913/678]
[1295/226 4445/678 3881/678 1183/226 3449/678 3581/678  863/226 3185/678 2657/678  787/226 2297/678 2465/678  503/226 2141/678 1649/678]
[ 463/226 1361/678 1565/678  215/226 1313/678  857/678  211/226  641/678  881/678   -1/226  701/678  281/678   31/226  137/678  413/678]
[-145/226  305/678  -79/678  -77/226 -151/678  161/678 -217/226  125/678 -223/678        0        0        0        0        0        0]
Unobstructed
86
---------------------------
---------------------------
13a588
Correction terms
[    -1/2 -207/446 -159/446  -79/446   33/446  177/446  353/446 -331/446  -91/446  181/446 -407/446  -71/446  297/446 -195/446  237/446]
[-191/446  305/446  -59/446 -391/446  201/446  -67/446 -303/446  385/446  213/446   73/446  -35/446 -111/446 -155/446 -167/446 -147/446]
[ -95/446  -11/446  105/446  253/446  433/446 -247/446   -3/446  273/446 -311/446   29/446 -491/446  -87/446  349/446  -75/446  425/446]
[  65/446 -263/446  333/446   69/446 -163/446 -363/446  361/446  225/446  121/446   49/446    9/446    1/446   25/446   81/446  169/446]
[-603/446  441/446  625/446  -51/446  197/446 -415/446 -103/446  241/446 -275/446  133/446 -319/446  153/446  657/446  301/446  -23/446]
[-315/446  317/446   89/446 -107/446 -271/446 -403/446  389/446  321/446  285/446  281/446 -583/446  369/446  461/446 -307/446 -151/446]
[  37/446  257/446  509/446  -99/446  217/446 -327/446   53/446  465/446   17/446 -399/446  109/446  649/446  329/446   41/446 -215/446]
[-439/446  261/446  101/446  -27/446 -123/446 -187/446  673/446  673/446 -187/446 -123/446  -27/446  101/446  261/446 -439/446 -215/446]
[  41/446  329/446  649/446  109/446 -399/446   17/446  465/446   53/446 -327/446  217/446  -99/446  509/446  257/446   37/446 -151/446]
[-307/446  461/446  369/446 -583/446  281/446  285/446  321/446  389/446 -403/446 -271/446 -107/446   89/446  317/446 -315/446  -23/446]
[ 301/446  657/446  153/446 -319/446  133/446 -275/446  241/446 -103/446 -415/446  197/446  -51/446  625/446  441/446 -603/446  169/446]
[  81/446   25/446    1/446    9/446   49/446  121/446  225/446  361/446 -363/446 -163/446   69/446  333/446 -263/446   65/446  425/446]
[ -75/446  349/446  -87/446 -491/446   29/446 -311/446  273/446   -3/446 -247/446  433/446  253/446  105/446  -11/446  -95/446 -147/446]
[-167/446 -155/446 -111/446  -35/446   73/446  213/446  385/446 -303/446  -67/446  201/446 -391/446  -59/446  305/446 -191/446  237/446]
[-195/446  297/446  -71/446 -407/446  181/446  -91/446 -331/446  353/446  177/446   33/446  -79/446 -159/446 -207/446        0        0]
Testing obstruction for
m1: 1, m2: 112,a: 0
[     -1/2  -219/446  -207/446  -187/446  -159/446  -123/446   -79/446   -27/446    33/446   101/446   177/446   261/446   353/446   453/446   561/446]
[  677/446   801/446   933/446  1073/446  1221/446  1377/446  1541/446  1713/446  1893/446  2081/446  2277/446  2481/446  2693/446  2913/446  3141/446]
[ 3377/446  3621/446  3873/446  4133/446  4401/446  4677/446  4961/446  5253/446  5553/446  5861/446  6177/446  6501/446  6833/446  7173/446  7521/446]
[ 7877/446  8241/446  8613/446  8993/446  9381/446  9777/446 10181/446 10593/446 11013/446 11441/446 11877/446 12321/446 11881/446 11449/446 11025/446]
[10609/446 10201/446  9801/446  9409/446  9025/446  8649/446  8281/446  7921/446  7569/446  7225/446  6889/446  6561/446  6241/446  5929/446  5625/446]
[ 5329/446  5041/446  4761/446  4489/446  4225/446  3969/446  3721/446  3481/446  3249/446  3025/446  2809/446  2601/446  2401/446  2209/446  2025/446]
[ 1849/446  1681/446  1521/446  1369/446  1225/446  1089/446   961/446   841/446   729/446   625/446   529/446   441/446   361/446   289/446   225/446]
[  169/446   121/446    81/446    49/446    25/446     9/446     1/446     1/446     9/446    25/446    49/446    81/446   121/446   169/446   225/446]
[  289/446   361/446   441/446   529/446   625/446   729/446   841/446   961/446  1089/446  1225/446  1369/446  1521/446  1681/446  1849/446  2025/446]
[ 2209/446  2401/446  2601/446  2809/446  3025/446  3249/446  3481/446  3721/446  3969/446  4225/446  4489/446  4761/446  5041/446  5329/446  5625/446]
[ 5929/446  6241/446  6561/446  6889/446  7225/446  7569/446  7921/446  8281/446  8649/446  9025/446  9409/446  9801/446 10201/446 10609/446 11025/446]
[11449/446 11881/446 12321/446 11877/446 11441/446 11013/446 10593/446 10181/446  9777/446  9381/446  8993/446  8613/446  8241/446  7877/446  7521/446]
[ 7173/446  6833/446  6501/446  6177/446  5861/446  5553/446  5253/446  4961/446  4677/446  4401/446  4133/446  3873/446  3621/446  3377/446  3141/446]
[ 2913/446  2693/446  2481/446  2277/446  2081/446  1893/446  1713/446  1541/446  1377/446  1221/446  1073/446   933/446   801/446   677/446   561/446]
[  453/446   353/446   261/446   177/446   101/446    33/446   -27/446   -79/446  -123/446  -159/446  -187/446  -207/446  -219/446         0         0]
Testing obstruction for
m1: 4, m2: 19,a: 3
[    -1/2 -439/446 -195/446 -383/446 -111/446 -271/446   29/446 -103/446  225/446  121/446  477/446  401/446  785/446  737/446 1149/446]
[1129/446 1569/446 1577/446 1153/446 1189/446  793/446  857/446  489/446  581/446  241/446  361/446   49/446  197/446  -87/446   89/446]
[-167/446   37/446 -191/446   41/446 -159/446  101/446  -71/446  217/446   73/446  389/446  273/446  617/446  529/446  901/446  841/446]
[1241/446 1209/446 1637/446 1633/446 1197/446 1221/446  813/446  865/446  485/446  565/446  213/446  321/446   -3/446  133/446 -163/446]
[   1/446 -267/446  -75/446 -315/446  -95/446 -307/446  -59/446 -243/446   33/446 -123/446  181/446   53/446  385/446  285/446  645/446]
[ 573/446  961/446  917/446 1333/446 1317/446 1761/446 1773/446 1353/446 1393/446 1001/446 1069/446  705/446  801/446  465/446  589/446]
[ 281/446  433/446  153/446  333/446   81/446  289/446   65/446  301/446  105/446  369/446  201/446  493/446  353/446  673/446  561/446]
[ 909/446  825/446 1201/446 1145/446 1549/446 1521/446 1953/446 1953/446 1521/446 1549/446 1145/446 1201/446  825/446  909/446  561/446]
[ 673/446  353/446  493/446  201/446  369/446  105/446  301/446   65/446  289/446   81/446  333/446  153/446  433/446  281/446  589/446]
[ 465/446  801/446  705/446 1069/446 1001/446 1393/446 1353/446 1773/446 1761/446 1317/446 1333/446  917/446  961/446  573/446  645/446]
[ 285/446  385/446   53/446  181/446 -123/446   33/446 -243/446  -59/446 -307/446  -95/446 -315/446  -75/446 -267/446    1/446 -163/446]
[ 133/446   -3/446  321/446  213/446  565/446  485/446  865/446  813/446 1221/446 1197/446 1633/446 1637/446 1209/446 1241/446  841/446]
[ 901/446  529/446  617/446  273/446  389/446   73/446  217/446  -71/446  101/446 -159/446   41/446 -191/446   37/446 -167/446   89/446]
[ -87/446  197/446   49/446  361/446  241/446  581/446  489/446  857/446  793/446 1189/446 1153/446 1577/446 1569/446 1129/446 1149/446]
[ 737/446  785/446  401/446  477/446  121/446  225/446 -103/446   29/446 -271/446 -111/446 -383/446 -195/446 -439/446        0        0]
[-439/446, -195/446, -383/446]
105 [-439/446, -195/446, 509/446]
Testing obstruction for
m1: 9, m2: 10,a: 5
[    -1/2 -427/446 -147/446 -275/446   81/446   29/446  461/446  485/446  993/446 1093/446  785/446  961/446  729/446  981/446  825/446]
[1153/446 1073/446  585/446  581/446  169/446  241/446  -95/446   53/446 -207/446   17/446 -167/446  133/446   25/446  401/446  369/446]
[ 821/446  865/446  501/446  621/446  333/446  529/446  317/446  589/446  453/446  801/446  741/446  273/446  289/446 -103/446  -11/446]
[-327/446 -159/446 -399/446 -155/446 -319/446    1/446  -87/446  309/446  297/446  769/446  833/446  489/446  629/446  361/446  577/446]
[ 385/446  677/446  561/446  929/446  889/446  441/446  477/446  105/446  217/446  -79/446  109/446 -111/446  153/446    9/446  349/446]
[ 281/446  697/446  705/446  305/446  389/446   65/446  225/446  -23/446  213/446   41/446  353/446  257/446  645/446  625/446  197/446]
[ 253/446  -99/446   33/446 -243/446  -35/446 -235/446   49/446  -75/446  285/446  237/446  673/446  701/446  321/446  425/446  121/446]
[ 301/446   73/446  329/446  177/446  509/446  433/446  841/446  841/446  433/446  509/446  177/446  329/446   73/446  301/446  121/446]
[ 425/446  321/446  701/446  673/446  237/446  285/446  -75/446   49/446 -235/446  -35/446 -243/446   33/446  -99/446  253/446  197/446]
[ 625/446  645/446  257/446  353/446   41/446  213/446  -23/446  225/446   65/446  389/446  305/446  705/446  697/446  281/446  349/446]
[   9/446  153/446 -111/446  109/446  -79/446  217/446  105/446  477/446  441/446  889/446  929/446  561/446  677/446  385/446  577/446]
[ 361/446  629/446  489/446  833/446  769/446  297/446  309/446  -87/446    1/446 -319/446 -155/446 -399/446 -159/446 -327/446  -11/446]
[-103/446  289/446  273/446  741/446  801/446  453/446  589/446  317/446  529/446  333/446  621/446  501/446  865/446  821/446  369/446]
[ 401/446   25/446  133/446 -167/446   17/446 -207/446   53/446  -95/446  241/446  169/446  581/446  585/446 1073/446 1153/446  825/446]
[ 981/446  729/446  961/446  785/446 1093/446  993/446  485/446  461/446   29/446   81/446 -275/446 -147/446 -427/446        0        0]
Testing obstruction for
m1: 15, m2: 16,a: 13
[    -1/2 -415/446  -99/446 -167/446  273/446  329/446    1/446  181/446  -23/446  281/446  201/446  629/446  673/446  333/446  501/446]
[ 285/446  577/446  485/446  901/446  933/446 1473/446 1629/446 1401/446 1681/446 1577/446 1089/446 1109/446  745/446  889/446  649/446]
[ 917/446  801/446  301/446  309/446  -67/446   65/446 -187/446   69/446  -59/446  321/446  317/446  -71/446   49/446 -215/446   29/446]
[-111/446  257/446  241/446 -159/446  -51/446 -327/446  -95/446 -247/446  109/446   81/446  561/446  657/446  369/446  589/446  425/446]
[ 769/446  729/446 1197/446 1281/446  981/446 1189/446 1013/446 1345/446 1293/446  857/446  929/446  617/446  813/446  625/446  945/446]
[ 881/446  433/446  493/446  169/446  353/446  153/446  461/446  385/446  -75/446  -27/446 -363/446 -191/446 -403/446 -107/446 -195/446]
[ 225/446  261/446  -87/446   73/446 -151/446  133/446   33/446  441/446  465/446  105/446  253/446   17/446  289/446  177/446  573/446]
[ 585/446 1105/446 1241/446  993/446 1253/446 1129/446 1513/446 1513/446 1129/446 1253/446  993/446 1241/446 1105/446  585/446  573/446]
[ 177/446  289/446   17/446  253/446  105/446  465/446  441/446   33/446  133/446 -151/446   73/446  -87/446  261/446  225/446 -195/446]
[-107/446 -403/446 -191/446 -363/446  -27/446  -75/446  385/446  461/446  153/446  353/446  169/446  493/446  433/446  881/446  945/446]
[ 625/446  813/446  617/446  929/446  857/446 1293/446 1345/446 1013/446 1189/446  981/446 1281/446 1197/446  729/446  769/446  425/446]
[ 589/446  369/446  657/446  561/446   81/446  109/446 -247/446  -95/446 -327/446  -51/446 -159/446  241/446  257/446 -111/446   29/446]
[-215/446   49/446  -71/446  317/446  321/446  -59/446   69/446 -187/446   65/446  -67/446  309/446  301/446  801/446  917/446  649/446]
[ 889/446  745/446 1109/446 1089/446 1577/446 1681/446 1401/446 1629/446 1473/446  933/446  901/446  485/446  577/446  285/446  501/446]
[ 333/446  673/446  629/446  201/446  281/446  -23/446  181/446    1/446  329/446  273/446 -167/446  -99/446 -415/446        0        0]
Unobstructed
65
---------------------------
---------------------------
