13a420
Correction terms
[    -1/2  261/478 -151/478 -519/478  113/478 -167/478 -403/478  361/478  213/478  109/478   49/478   33/478   61/478  133/478  249/478]
[ 409/478 -343/478  -95/478  197/478 -423/478  -43/478  381/478 -107/478  405/478    5/478 -351/478  293/478   25/478 -199/478  577/478]
[ 441/478  349/478  301/478  297/478  337/478 -535/478 -407/478 -235/478  -19/478  241/478  545/478  -63/478  329/478 -191/478 -667/478]
[-143/478  425/478   81/478  737/478  481/478  269/478  101/478  -23/478 -103/478 -139/478 -131/478  -79/478   17/478  157/478  341/478]
[-387/478 -115/478  201/478 -395/478    9/478  457/478   -7/478  529/478  153/478 -179/478  489/478  245/478   45/478 -111/478 -223/478]
[-291/478 -315/478 -295/478 -231/478 -123/478   29/478  225/478 -491/478 -207/478  121/478 -463/478  -47/478  413/478  -39/478  509/478]
[ 145/478 -175/478  505/478  273/478   85/478  -59/478 -159/478 -215/478 -227/478 -195/478 -119/478    1/478  165/478  373/478 -331/478]
[ -35/478  305/478 -267/478  161/478  633/478  193/478  753/478  401/478   93/478 -171/478 -391/478 -567/478  257/478  169/478  125/478]
[ 125/478  169/478  257/478 -567/478 -391/478 -171/478   93/478  401/478  753/478  193/478  633/478  161/478 -267/478  305/478  -35/478]
[-331/478  373/478  165/478    1/478 -119/478 -195/478 -227/478 -215/478 -159/478  -59/478   85/478  273/478  505/478 -175/478  145/478]
[ 509/478  -39/478  413/478  -47/478 -463/478  121/478 -207/478 -491/478  225/478   29/478 -123/478 -231/478 -295/478 -315/478 -291/478]
[-223/478 -111/478   45/478  245/478  489/478 -179/478  153/478  529/478   -7/478  457/478    9/478 -395/478  201/478 -115/478 -387/478]
[ 341/478  157/478   17/478  -79/478 -131/478 -139/478 -103/478  -23/478  101/478  269/478  481/478  737/478   81/478  425/478 -143/478]
[-667/478 -191/478  329/478  -63/478  545/478  241/478  -19/478 -235/478 -407/478 -535/478  337/478  297/478  301/478  349/478  441/478]
[ 577/478 -199/478   25/478  293/478 -351/478    5/478  405/478 -107/478  381/478  -43/478 -423/478  197/478  -95/478 -343/478  409/478]
[ 249/478  133/478   61/478   33/478   49/478  109/478  213/478  361/478 -403/478 -167/478  113/478 -519/478 -151/478  261/478        0]
Testing obstruction for
m1: 1, m2: 120,a: 0
[     -1/2  -235/478  -223/478  -203/478  -175/478  -139/478   -95/478   -43/478    17/478    85/478   161/478   245/478   337/478   437/478   545/478]
[  661/478   785/478   917/478  1057/478  1205/478  1361/478  1525/478  1697/478  1877/478  2065/478  2261/478  2465/478  2677/478  2897/478  3125/478]
[ 3361/478  3605/478  3857/478  4117/478  4385/478  4661/478  4945/478  5237/478  5537/478  5845/478  6161/478  6485/478  6817/478  7157/478  7505/478]
[ 7861/478  8225/478  8597/478  8977/478  9365/478  9761/478 10165/478 10577/478 10997/478 11425/478 11861/478 12305/478 12757/478 13217/478 13685/478]
[14161/478 13689/478 13225/478 12769/478 12321/478 11881/478 11449/478 11025/478 10609/478 10201/478  9801/478  9409/478  9025/478  8649/478  8281/478]
[ 7921/478  7569/478  7225/478  6889/478  6561/478  6241/478  5929/478  5625/478  5329/478  5041/478  4761/478  4489/478  4225/478  3969/478  3721/478]
[ 3481/478  3249/478  3025/478  2809/478  2601/478  2401/478  2209/478  2025/478  1849/478  1681/478  1521/478  1369/478  1225/478  1089/478   961/478]
[  841/478   729/478   625/478   529/478   441/478   361/478   289/478   225/478   169/478   121/478    81/478    49/478    25/478     9/478     1/478]
[    1/478     9/478    25/478    49/478    81/478   121/478   169/478   225/478   289/478   361/478   441/478   529/478   625/478   729/478   841/478]
[  961/478  1089/478  1225/478  1369/478  1521/478  1681/478  1849/478  2025/478  2209/478  2401/478  2601/478  2809/478  3025/478  3249/478  3481/478]
[ 3721/478  3969/478  4225/478  4489/478  4761/478  5041/478  5329/478  5625/478  5929/478  6241/478  6561/478  6889/478  7225/478  7569/478  7921/478]
[ 8281/478  8649/478  9025/478  9409/478  9801/478 10201/478 10609/478 11025/478 11449/478 11881/478 12321/478 12769/478 13225/478 13689/478 14161/478]
[13685/478 13217/478 12757/478 12305/478 11861/478 11425/478 10997/478 10577/478 10165/478  9761/478  9365/478  8977/478  8597/478  8225/478  7861/478]
[ 7505/478  7157/478  6817/478  6485/478  6161/478  5845/478  5537/478  5237/478  4945/478  4661/478  4385/478  4117/478  3857/478  3605/478  3361/478]
[ 3125/478  2897/478  2677/478  2465/478  2261/478  2065/478  1877/478  1697/478  1525/478  1361/478  1205/478  1057/478   917/478   785/478   661/478]
[  545/478   437/478   337/478   245/478   161/478    85/478    17/478   -43/478   -95/478  -139/478  -175/478  -203/478  -223/478  -235/478         0]
[-235/478, -223/478, -203/478]
37 [-235/478, -223/478, 753/478]
Testing obstruction for
m1: 2, m2: 41,a: 1
[    -1/2 -475/478 -227/478 -451/478 -191/478 -403/478 -131/478 -331/478  -47/478 -235/478   61/478 -115/478  193/478   29/478  349/478]
[ 197/478  529/478  389/478  733/478  605/478  961/478  845/478 1213/478 1109/478 1489/478 1397/478 1789/478 1709/478 2113/478 2045/478]
[2461/478 2405/478 2833/478 2789/478 3229/478 3197/478 3649/478 3629/478 4093/478 4085/478 4561/478 4565/478 4097/478 4113/478 3657/478]
[3685/478 3241/478 3281/478 2849/478 2901/478 2481/478 2545/478 2137/478 2213/478 1817/478 1905/478 1521/478 1621/478 1249/478 1361/478]
[1001/478 1125/478  777/478  913/478  577/478  725/478  401/478  561/478  249/478  421/478  121/478  305/478   17/478  213/478  -63/478]
[ 145/478 -119/478  101/478 -151/478   81/478 -159/478   85/478 -143/478  113/478 -103/478  165/478  -39/478  241/478   49/478  341/478]
[ 161/478  465/478  297/478  613/478  457/478  785/478  641/478  981/478  849/478 1201/478 1081/478 1445/478 1337/478 1713/478 1617/478]
[2005/478 1921/478 2321/478 2249/478 2661/478 2601/478 3025/478 2977/478 3413/478 3377/478 3825/478 3801/478 4261/478 4249/478 4721/478]
[4721/478 4249/478 4261/478 3801/478 3825/478 3377/478 3413/478 2977/478 3025/478 2601/478 2661/478 2249/478 2321/478 1921/478 2005/478]
[1617/478 1713/478 1337/478 1445/478 1081/478 1201/478  849/478  981/478  641/478  785/478  457/478  613/478  297/478  465/478  161/478]
[ 341/478   49/478  241/478  -39/478  165/478 -103/478  113/478 -143/478   85/478 -159/478   81/478 -151/478  101/478 -119/478  145/478]
[ -63/478  213/478   17/478  305/478  121/478  421/478  249/478  561/478  401/478  725/478  577/478  913/478  777/478 1125/478 1001/478]
[1361/478 1249/478 1621/478 1521/478 1905/478 1817/478 2213/478 2137/478 2545/478 2481/478 2901/478 2849/478 3281/478 3241/478 3685/478]
[3657/478 4113/478 4097/478 4565/478 4561/478 4085/478 4093/478 3629/478 3649/478 3197/478 3229/478 2789/478 2833/478 2405/478 2461/478]
[2045/478 2113/478 1709/478 1789/478 1397/478 1489/478 1109/478 1213/478  845/478  961/478  605/478  733/478  389/478  529/478  197/478]
[ 349/478   29/478  193/478 -115/478   61/478 -235/478  -47/478 -331/478 -131/478 -403/478 -191/478 -451/478 -227/478 -475/478        0]
Testing obstruction for
m1: 5, m2: 14,a: 1
[    -1/2 -451/478 -131/478 -235/478  193/478  197/478 -223/478 -111/478 -423/478 -203/478 -407/478  -79/478 -175/478  261/478  273/478]
[-139/478  -19/478 -323/478  -95/478 -291/478   45/478  -43/478  401/478  421/478   17/478  145/478 -151/478   85/478 -103/478  241/478]
[ 161/478  613/478  641/478  245/478  381/478   93/478  337/478  157/478  509/478  437/478  897/478  933/478  545/478  689/478  409/478]
[ 661/478  489/478  849/478  785/478 1253/478 1297/478  917/478 1069/478  797/478 1057/478  893/478 1261/478 1205/478 1681/478 1733/478]
[1361/478 1521/478 1257/478 1525/478 1369/478 1745/478 1697/478 1225/478 1285/478  921/478 1089/478  833/478 1109/478  961/478 1345/478]
[1305/478  841/478  909/478  553/478  729/478  481/478  765/478  625/478 1017/478  985/478  529/478  605/478  257/478  441/478  201/478]
[ 493/478  361/478  761/478  737/478  289/478  373/478   33/478  225/478   -7/478  293/478  169/478  577/478  561/478  121/478  213/478]
[-119/478   81/478 -143/478  165/478   49/478  465/478  457/478   25/478  125/478 -199/478    9/478 -207/478  109/478    1/478  425/478]
[ 425/478    1/478  109/478 -207/478    9/478 -199/478  125/478   25/478  457/478  465/478   49/478  165/478 -143/478   81/478 -119/478]
[ 213/478  121/478  561/478  577/478  169/478  293/478   -7/478  225/478   33/478  373/478  289/478  737/478  761/478  361/478  493/478]
[ 201/478  441/478  257/478  605/478  529/478  985/478 1017/478  625/478  765/478  481/478  729/478  553/478  909/478  841/478 1305/478]
[1345/478  961/478 1109/478  833/478 1089/478  921/478 1285/478 1225/478 1697/478 1745/478 1369/478 1525/478 1257/478 1521/478 1361/478]
[1733/478 1681/478 1205/478 1261/478  893/478 1057/478  797/478 1069/478  917/478 1297/478 1253/478  785/478  849/478  489/478  661/478]
[ 409/478  689/478  545/478  933/478  897/478  437/478  509/478  157/478  337/478   93/478  381/478  245/478  641/478  613/478  161/478]
[ 241/478 -103/478   85/478 -151/478  145/478   17/478  421/478  401/478  -43/478   45/478 -291/478  -95/478 -323/478  -19/478 -139/478]
[ 273/478  261/478 -175/478  -79/478 -407/478 -203/478 -423/478 -111/478 -223/478  197/478  193/478 -235/478 -131/478 -451/478        0]
Testing obstruction for
m1: 3, m2: 26,a: 2
[    -1/2 -427/478  -35/478  -19/478 -379/478 -159/478 -315/478  109/478  157/478 -171/478   81/478  -43/478  413/478  493/478  197/478]
[ 481/478  389/478  877/478  989/478  725/478 1041/478  981/478 1501/478 1645/478 1413/478 1761/478 1733/478 2285/478 2461/478 2261/478]
[2641/478 2645/478 2273/478 2481/478 2313/478 1769/478 1805/478 1465/478 1705/478 1569/478 1057/478 1125/478  817/478 1089/478  985/478]
[ 505/478  605/478  329/478  633/478  561/478  113/478  245/478    1/478  337/478  297/478 -119/478   45/478 -167/478  201/478  193/478]
[-191/478    5/478 -175/478  225/478  249/478 -103/478  125/478  -23/478  409/478  465/478  145/478  405/478  289/478  753/478  841/478]
[ 553/478  845/478  761/478 1257/478 1377/478 1121/478 1445/478 1393/478 1921/478 2073/478 1849/478 2205/478 2185/478 2745/478 2929/478]
[2737/478 2169/478 2181/478 1817/478 2033/478 1873/478 1337/478 1381/478 1049/478 1297/478 1169/478  665/478  741/478  441/478  721/478]
[ 625/478  153/478  261/478   -7/478  305/478  241/478 -199/478  -59/478 -295/478   49/478   17/478 -391/478 -219/478 -423/478  -47/478]
[ -47/478 -423/478 -219/478 -391/478   17/478   49/478 -295/478  -59/478 -199/478  241/478  305/478   -7/478  261/478  153/478  625/478]
[ 721/478  441/478  741/478  665/478 1169/478 1297/478 1049/478 1381/478 1337/478 1873/478 2033/478 1817/478 2181/478 2169/478 2737/478]
[2929/478 2745/478 2185/478 2205/478 1849/478 2073/478 1921/478 1393/478 1445/478 1121/478 1377/478 1257/478  761/478  845/478  553/478]
[ 841/478  753/478  289/478  405/478  145/478  465/478  409/478  -23/478  125/478 -103/478  249/478  225/478 -175/478    5/478 -191/478]
[ 193/478  201/478 -167/478   45/478 -119/478  297/478  337/478    1/478  245/478  113/478  561/478  633/478  329/478  605/478  505/478]
[ 985/478 1089/478  817/478 1125/478 1057/478 1569/478 1705/478 1465/478 1805/478 1769/478 2313/478 2481/478 2273/478 2645/478 2641/478]
[2261/478 2461/478 2285/478 1733/478 1761/478 1413/478 1645/478 1501/478  981/478 1041/478  725/478  989/478  877/478  389/478  481/478]
[ 197/478  493/478  413/478  -43/478   81/478 -171/478  157/478  109/478 -315/478 -159/478 -379/478  -19/478  -35/478 -427/478        0]
Testing obstruction for
m1: 8, m2: 9,a: 2
[    -1/2 -463/478 -179/478 -343/478    1/478 -103/478  301/478  257/478  721/478  737/478  305/478  381/478    9/478  145/478 -167/478]
[  29/478 -223/478   33/478 -159/478  157/478   25/478  401/478  329/478  765/478  753/478 1249/478 1297/478  897/478 1005/478  665/478]
[ 833/478  553/478  781/478  561/478  849/478  689/478 1037/478  937/478 1345/478 1305/478  817/478  837/478  409/478  489/478  121/478]
[ 261/478  -47/478  153/478  -95/478  165/478  -23/478  297/478  169/478  549/478  481/478  921/478  913/478  457/478  509/478  113/478]
[ 225/478 -111/478   61/478 -215/478   17/478 -199/478   93/478  -63/478  289/478  193/478  605/478  569/478 1041/478 1065/478  641/478]
[ 725/478  361/478  505/478  201/478  405/478  161/478  425/478  241/478  565/478  441/478  825/478  761/478 1205/478 1201/478  749/478]
[ 805/478  413/478  529/478  197/478  373/478  101/478  337/478  125/478  421/478  269/478  625/478  533/478  949/478  917/478  437/478]
[ 465/478   45/478  133/478 -227/478  -79/478 -379/478 -171/478 -411/478 -143/478 -323/478    5/478 -115/478  273/478  213/478  661/478]
[ 661/478  213/478  273/478 -115/478    5/478 -323/478 -143/478 -411/478 -171/478 -379/478  -79/478 -227/478  133/478   45/478  465/478]
[ 437/478  917/478  949/478  533/478  625/478  269/478  421/478  125/478  337/478  101/478  373/478  197/478  529/478  413/478  805/478]
[ 749/478 1201/478 1205/478  761/478  825/478  441/478  565/478  241/478  425/478  161/478  405/478  201/478  505/478  361/478  725/478]
[ 641/478 1065/478 1041/478  569/478  605/478  193/478  289/478  -63/478   93/478 -199/478   17/478 -215/478   61/478 -111/478  225/478]
[ 113/478  509/478  457/478  913/478  921/478  481/478  549/478  169/478  297/478  -23/478  165/478  -95/478  153/478  -47/478  261/478]
[ 121/478  489/478  409/478  837/478  817/478 1305/478 1345/478  937/478 1037/478  689/478  849/478  561/478  781/478  553/478  833/478]
[ 665/478 1005/478  897/478 1297/478 1249/478  753/478  765/478  329/478  401/478   25/478  157/478 -159/478   33/478 -223/478   29/478]
[-167/478  145/478    9/478  381/478  305/478  737/478  721/478  257/478  301/478 -103/478    1/478 -343/478 -179/478 -463/478        0]
[-463/478, -179/478, -343/478, 1/478, -103/478, 301/478, 257/478, 721/478, 737/478, 305/478, 381/478, 9/478, 145/478, -167/478, 29/478, -223/478, 33/478, -159/478, 157/478, 25/478, 401/478, 329/478, 765/478, 753/478, 1249/478, 1297/478, 897/478, 1005/478, 665/478, 833/478, 553/478, 781/478, 561/478, 849/478, 689/478, 1037/478, 937/478, 1345/478, 1305/478, 817/478, 837/478, 409/478, 489/478, 121/478, 261/478, -47/478, 153/478, -95/478, 165/478, -23/478, 297/478, 169/478, 549/478, 481/478, 921/478, 913/478, 457/478, 509/478, 113/478, 225/478, -111/478, 61/478, -215/478, 17/478, -199/478, 93/478, -63/478, 289/478, 193/478, 605/478, 569/478, 1041/478, 1065/478, 641/478, 725/478, 361/478, 505/478, 201/478, 405/478, 161/478, 425/478, 241/478, 565/478, 441/478, 825/478, 761/478, 1205/478, 1201/478, 749/478, 805/478, 413/478, 529/478, 197/478, 373/478, 101/478, 337/478, 125/478, 421/478, 269/478, 625/478, 533/478, 949/478, 917/478, 437/478, 465/478, 45/478, 133/478, -227/478, -79/478, -379/478]
85 [-463/478, -179/478, -343/478, 1/478, -103/478, 301/478, 257/478, -235/478, 737/478, 305/478, 381/478, 9/478, 145/478, -167/478, 29/478, -223/478, 33/478, -159/478, 157/478, 25/478, 401/478, 329/478, -191/478, 753/478, 293/478, 341/478, -59/478, 49/478, -291/478, -123/478, -403/478, -175/478, -395/478, -107/478, -267/478, 81/478, -19/478, -567/478, 349/478, -139/478, -119/478, 409/478, 489/478, 121/478, 261/478, -47/478, 153/478, -95/478, 165/478, -23/478, 297/478, 169/478, -407/478, 481/478, -35/478, -43/478, 457/478, 509/478, 113/478, 225/478, -111/478, 61/478, -215/478, 17/478, -199/478, 93/478, -63/478, -667/478, 193/478, -351/478, -387/478, 85/478, 109/478, -315/478, -231/478, 361/478, 505/478, 201/478, 405/478, 161/478, 425/478, 241/478, -391/478, 441/478, -131/478, -195/478, 249/478, 245/478, -207/478, -151/478, 413/478, 529/478, 197/478, 373/478, 101/478, 337/478, 125/478, -535/478, 269/478, -331/478, -423/478, -7/478, -39/478, -519/478, -491/478, 45/478, 133/478, -227/478, -79/478, 577/478]
Testing obstruction for
m1: 6, m2: 13,a: 3
[    -1/2 -467/478 -195/478 -379/478  -63/478 -203/478  157/478   61/478  465/478  413/478  861/478  853/478 1345/478 1381/478  961/478]
[1041/478  665/478  789/478  457/478  625/478  337/478  549/478  305/478  561/478  361/478  661/478  505/478  849/478  737/478 1125/478]
[1057/478 1489/478 1465/478  985/478 1005/478  569/478  633/478  241/478  349/478    1/478  153/478 -151/478   45/478 -215/478   25/478]
[-191/478   93/478  -79/478  249/478  121/478  493/478  409/478  825/478  785/478 1245/478 1249/478  797/478  845/478  437/478  529/478]
[ 165/478  301/478  -19/478  161/478 -115/478  109/478 -123/478  145/478  -43/478  269/478  125/478  481/478  381/478  781/478  725/478]
[1169/478 1157/478  689/478  721/478  297/478  373/478   -7/478  113/478 -223/478  -59/478 -351/478 -143/478 -391/478 -139/478 -343/478]
[ -47/478 -207/478  133/478   17/478  401/478  329/478  757/478  729/478 1201/478 1217/478  777/478  837/478  441/478  545/478  193/478]
[ 341/478   33/478  225/478  -39/478  197/478  -23/478  257/478   81/478  405/478  273/478  641/478  553/478  965/478  921/478 1377/478]
[1377/478  921/478  965/478  553/478  641/478  273/478  405/478   81/478  257/478  -23/478  197/478  -39/478  225/478   33/478  341/478]
[ 193/478  545/478  441/478  837/478  777/478 1217/478 1201/478  729/478  757/478  329/478  401/478   17/478  133/478 -207/478  -47/478]
[-343/478 -139/478 -391/478 -143/478 -351/478  -59/478 -223/478  113/478   -7/478  373/478  297/478  721/478  689/478 1157/478 1169/478]
[ 725/478  781/478  381/478  481/478  125/478  269/478  -43/478  145/478 -123/478  109/478 -115/478  161/478  -19/478  301/478  165/478]
[ 529/478  437/478  845/478  797/478 1249/478 1245/478  785/478  825/478  409/478  493/478  121/478  249/478  -79/478   93/478 -191/478]
[  25/478 -215/478   45/478 -151/478  153/478    1/478  349/478  241/478  633/478  569/478 1005/478  985/478 1465/478 1489/478 1057/478]
[1125/478  737/478  849/478  505/478  661/478  361/478  561/478  305/478  549/478  337/478  625/478  457/478  789/478  665/478 1041/478]
[ 961/478 1381/478 1345/478  853/478  861/478  413/478  465/478   61/478  157/478 -203/478  -63/478 -379/478 -195/478 -467/478        0]
Testing obstruction for
m1: 8, m2: 15,a: 7
[    -1/2 -463/478 -179/478 -343/478    1/478 -103/478  301/478  257/478  721/478  737/478  305/478  381/478    9/478  145/478 -167/478]
[  29/478 -223/478   33/478 -159/478  157/478   25/478  401/478  329/478  765/478  753/478  293/478  341/478  -59/478   49/478 -291/478]
[-123/478 -403/478 -175/478 -395/478 -107/478 -267/478   81/478  -19/478  389/478  349/478  817/478  837/478  409/478  489/478  121/478]
[ 261/478  -47/478  153/478  -95/478  165/478  -23/478  297/478  169/478  549/478  481/478  921/478  913/478  457/478  509/478  113/478]
[ 225/478 -111/478   61/478 -215/478   17/478 -199/478   93/478  -63/478  289/478  193/478  605/478  569/478 1041/478 1065/478  641/478]
[ 725/478  361/478  505/478  201/478  405/478  161/478  425/478  241/478  565/478  441/478  825/478  761/478 1205/478 1201/478  749/478]
[ 805/478  413/478  529/478  197/478  373/478  101/478  337/478  125/478  421/478  269/478  625/478  533/478  949/478  917/478 1393/478]
[1421/478 1001/478 1089/478  729/478  877/478  577/478  785/478  545/478  813/478  633/478  961/478  841/478 1229/478 1169/478 1617/478]
[1617/478 1169/478 1229/478  841/478  961/478  633/478  813/478  545/478  785/478  577/478  877/478  729/478 1089/478 1001/478 1421/478]
[1393/478  917/478  949/478  533/478  625/478  269/478  421/478  125/478  337/478  101/478  373/478  197/478  529/478  413/478  805/478]
[ 749/478 1201/478 1205/478  761/478  825/478  441/478  565/478  241/478  425/478  161/478  405/478  201/478  505/478  361/478  725/478]
[ 641/478 1065/478 1041/478  569/478  605/478  193/478  289/478  -63/478   93/478 -199/478   17/478 -215/478   61/478 -111/478  225/478]
[ 113/478  509/478  457/478  913/478  921/478  481/478  549/478  169/478  297/478  -23/478  165/478  -95/478  153/478  -47/478  261/478]
[ 121/478  489/478  409/478  837/478  817/478  349/478  389/478  -19/478   81/478 -267/478 -107/478 -395/478 -175/478 -403/478 -123/478]
[-291/478   49/478  -59/478  341/478  293/478  753/478  765/478  329/478  401/478   25/478  157/478 -159/478   33/478 -223/478   29/478]
[-167/478  145/478    9/478  381/478  305/478  737/478  721/478  257/478  301/478 -103/478    1/478 -343/478 -179/478 -463/478        0]
Unobstructed
85
---------------------------
---------------------------
13a421
Correction terms
[    -1/2   57/542  -43/542  513/542  641/542  341/542 -387/542 -459/542  125/542  281/542    9/542  393/542  349/542 -123/542   61/542]
[-183/542  229/542  213/542 -231/542  -19/542 -235/542  205/542  217/542 -199/542   41/542 -147/542  321/542 -723/542  -27/542  241/542]
[  81/542  577/542 -439/542  285/542 -503/542  449/542 -111/542  -15/542  737/542  -23/542 -127/542 -659/542  549/542  245/542 -487/542]
[ 521/542   17/542  169/542 -107/542  273/542  225/542 -251/542  -71/542 -319/542   89/542   69/542  705/542 -171/542 -391/542   45/542]
[  53/542 -367/542 -131/542  761/542  141/542  177/542 -215/542   49/542 -115/542  377/542  441/542   77/542  369/542  233/542 -331/542]
[-239/542  509/542 -255/542 -363/542  185/542  305/542   -3/542  345/542  265/542 -243/542  -95/542 -375/542    1/542  -51/542  553/542]
[ 729/542 -607/542 -203/542 -227/542  405/542 -475/542  385/542  817/542 -263/542  397/542 -455/542  433/542 -191/542 -159/542  529/542]
[-295/542  621/542   25/542   85/542 -283/542    5/542 -135/542 -703/542  469/542  129/542  445/542  333/542 -207/542  -91/542 -403/542]
[ -59/542 -143/542  429/542  573/542  289/542 -423/542 -479/542  121/542  293/542   37/542  437/542  409/542  -47/542  153/542  -75/542]
[ 353/542  353/542  -75/542  153/542  -47/542  409/542  437/542   37/542  293/542  121/542 -479/542 -423/542  289/542  573/542  429/542]
[-143/542  -59/542 -403/542  -91/542 -207/542  333/542  445/542  129/542  469/542 -703/542 -135/542    5/542 -283/542   85/542   25/542]
[ 621/542 -295/542  529/542 -159/542 -191/542  433/542 -455/542  397/542 -263/542  817/542  385/542 -475/542  405/542 -227/542 -203/542]
[-607/542  729/542  553/542  -51/542    1/542 -375/542  -95/542 -243/542  265/542  345/542   -3/542  305/542  185/542 -363/542 -255/542]
[ 509/542 -239/542 -331/542  233/542  369/542   77/542  441/542  377/542 -115/542   49/542 -215/542  177/542  141/542  761/542 -131/542]
[-367/542   53/542   45/542 -391/542 -171/542  705/542   69/542   89/542 -319/542  -71/542 -251/542  225/542  273/542 -107/542  169/542]
[  17/542  521/542 -487/542  245/542  549/542 -659/542 -127/542  -23/542  737/542  -15/542 -111/542  449/542 -503/542  285/542 -439/542]
[ 577/542   81/542  241/542  -27/542 -723/542  321/542 -147/542   41/542 -199/542  217/542  205/542 -235/542  -19/542 -231/542  213/542]
[ 229/542 -183/542   61/542 -123/542  349/542  393/542    9/542  281/542  125/542 -459/542 -387/542  341/542  641/542  513/542  -43/542]
[  57/542        0        0        0        0        0        0        0        0        0        0        0        0        0        0]
Testing obstruction for
m1: 1, m2: 136,a: 0
[     -1/2  -267/542  -255/542  -235/542  -207/542  -171/542  -127/542   -75/542   -15/542    53/542   129/542   213/542   305/542   405/542   513/542]
[  629/542   753/542   885/542  1025/542  1173/542  1329/542  1493/542  1665/542  1845/542  2033/542  2229/542  2433/542  2645/542  2865/542  3093/542]
[ 3329/542  3573/542  3825/542  4085/542  4353/542  4629/542  4913/542  5205/542  5505/542  5813/542  6129/542  6453/542  6785/542  7125/542  7473/542]
[ 7829/542  8193/542  8565/542  8945/542  9333/542  9729/542 10133/542 10545/542 10965/542 11393/542 11829/542 12273/542 12725/542 13185/542 13653/542]
[14129/542 14613/542 15105/542 15605/542 16113/542 16629/542 17153/542 17685/542 18225/542 17689/542 17161/542 16641/542 16129/542 15625/542 15129/542]
[14641/542 14161/542 13689/542 13225/542 12769/542 12321/542 11881/542 11449/542 11025/542 10609/542 10201/542  9801/542  9409/542  9025/542  8649/542]
[ 8281/542  7921/542  7569/542  7225/542  6889/542  6561/542  6241/542  5929/542  5625/542  5329/542  5041/542  4761/542  4489/542  4225/542  3969/542]
[ 3721/542  3481/542  3249/542  3025/542  2809/542  2601/542  2401/542  2209/542  2025/542  1849/542  1681/542  1521/542  1369/542  1225/542  1089/542]
[  961/542   841/542   729/542   625/542   529/542   441/542   361/542   289/542   225/542   169/542   121/542    81/542    49/542    25/542     9/542]
[    1/542     1/542     9/542    25/542    49/542    81/542   121/542   169/542   225/542   289/542   361/542   441/542   529/542   625/542   729/542]
[  841/542   961/542  1089/542  1225/542  1369/542  1521/542  1681/542  1849/542  2025/542  2209/542  2401/542  2601/542  2809/542  3025/542  3249/542]
[ 3481/542  3721/542  3969/542  4225/542  4489/542  4761/542  5041/542  5329/542  5625/542  5929/542  6241/542  6561/542  6889/542  7225/542  7569/542]
[ 7921/542  8281/542  8649/542  9025/542  9409/542  9801/542 10201/542 10609/542 11025/542 11449/542 11881/542 12321/542 12769/542 13225/542 13689/542]
[14161/542 14641/542 15129/542 15625/542 16129/542 16641/542 17161/542 17689/542 18225/542 17685/542 17153/542 16629/542 16113/542 15605/542 15105/542]
[14613/542 14129/542 13653/542 13185/542 12725/542 12273/542 11829/542 11393/542 10965/542 10545/542 10133/542  9729/542  9333/542  8945/542  8565/542]
[ 8193/542  7829/542  7473/542  7125/542  6785/542  6453/542  6129/542  5813/542  5505/542  5205/542  4913/542  4629/542  4353/542  4085/542  3825/542]
[ 3573/542  3329/542  3093/542  2865/542  2645/542  2433/542  2229/542  2033/542  1845/542  1665/542  1493/542  1329/542  1173/542  1025/542   885/542]
[  753/542   629/542   513/542   405/542   305/542   213/542   129/542    53/542   -15/542   -75/542  -127/542  -171/542  -207/542  -235/542  -255/542]
[ -267/542         0         0         0         0         0         0         0         0         0         0         0         0         0         0]
Testing obstruction for
m1: 3, m2: 28,a: 1
[    -1/2 -487/542  -51/542  -47/542 -475/542 -251/542 -459/542  -15/542   -3/542 -423/542 -191/542 -391/542   61/542   81/542 -331/542]
[ -91/542 -283/542  177/542  205/542 -199/542   49/542 -135/542  333/542  369/542  -27/542  229/542   53/542  529/542  573/542  185/542]
[ 449/542  281/542  765/542  817/542  437/542  709/542  549/542 1041/542 1101/542  729/542 1009/542  857/542 1357/542 1425/542 1061/542]
[1349/542 1205/542 1713/542 1789/542 1433/542 1729/542 1593/542 2109/542 2193/542 1845/542 2149/542 2021/542 2545/542 2637/542 2297/542]
[2609/542 2489/542 3021/542 3121/542 2789/542 3109/542 2997/542 3537/542 3645/542 3321/542 3649/542 3545/542 3009/542 3125/542 2809/542]
[3145/542 3049/542 2521/542 2645/542 2337/542 2681/542 2593/542 2073/542 2205/542 1905/542 2257/542 2177/542 1665/542 1805/542 1513/542]
[1873/542 1801/542 1297/542 1445/542 1161/542 1529/542 1465/542  969/542 1125/542  849/542 1225/542 1169/542  681/542  845/542  577/542]
[ 961/542  913/542  433/542  605/542  345/542  737/542  697/542  225/542  405/542  153/542  553/542  521/542   57/542  245/542    1/542]
[ 409/542  385/542  -71/542  125/542 -111/542  305/542  289/542 -159/542   45/542 -183/542  241/542  233/542 -207/542    5/542 -215/542]
[ 217/542  217/542 -215/542    5/542 -207/542  233/542  241/542 -183/542   45/542 -159/542  289/542  305/542 -111/542  125/542  -71/542]
[ 385/542  409/542    1/542  245/542   57/542  521/542  553/542  153/542  405/542  225/542  697/542  737/542  345/542  605/542  433/542]
[ 913/542  961/542  577/542  845/542  681/542 1169/542 1225/542  849/542 1125/542  969/542 1465/542 1529/542 1161/542 1445/542 1297/542]
[1801/542 1873/542 1513/542 1805/542 1665/542 2177/542 2257/542 1905/542 2205/542 2073/542 2593/542 2681/542 2337/542 2645/542 2521/542]
[3049/542 3145/542 2809/542 3125/542 3009/542 3545/542 3649/542 3321/542 3645/542 3537/542 2997/542 3109/542 2789/542 3121/542 3021/542]
[2489/542 2609/542 2297/542 2637/542 2545/542 2021/542 2149/542 1845/542 2193/542 2109/542 1593/542 1729/542 1433/542 1789/542 1713/542]
[1205/542 1349/542 1061/542 1425/542 1357/542  857/542 1009/542  729/542 1101/542 1041/542  549/542  709/542  437/542  817/542  765/542]
[ 281/542  449/542  185/542  573/542  529/542   53/542  229/542  -27/542  369/542  333/542 -135/542   49/542 -199/542  205/542  177/542]
[-283/542  -91/542 -331/542   81/542   61/542 -391/542 -191/542 -423/542   -3/542  -15/542 -459/542 -251/542 -475/542  -47/542  -51/542]
[-487/542        0        0        0        0        0        0        0        0        0        0        0        0        0        0]
Unobstructed
44
---------------------------
---------------------------
13a436
Correction terms
[    -1/2  273/670 -583/670 -223/670   13/670   25/134  113/670  -23/670 -283/670  673/670   33/134 -467/670  117/670  577/670 -427/670]
[ -43/134 -127/670 -163/670 -323/670 -607/670   65/134 -207/670 -863/670 -303/670  133/670   89/134  633/670 -643/670  637/670  453/670]
[  29/134 -287/670  497/670 -183/670  353/670 -115/134 -287/670 -123/670  -83/670 -167/670  -75/134 -707/670  177/670 -403/670  233/670]
[ 149/134 -207/670   57/670  197/670  213/670   21/134 -127/670 -483/670  377/670 -227/670   77/134 -467/670 -103/670  137/670  253/670]
[-219/134  113/670 -143/670 -523/670  313/670  -63/134  273/670    11/10 -263/670  -47/670    9/134   13/670 -143/670 -423/670  513/670]
[  -3/134 -667/670 -103/670  337/670 -687/670  -99/134 -427/670 -483/670  677/670  373/670  -11/134  733/670   57/670  597/670 -327/670]
[  -7/134  133/670  177/670   97/670 -107/670  -87/134  453/670 -123/670 -823/670 -307/670   17/134 -987/670  497/670  517/670  413/670]
[  37/134 -167/670  697/670   97/670 -627/670  -27/134  233/670  477/670  597/670 -747/670   93/134  213/670 -163/670 -663/670   53/670]
[-139/134 -227/670  117/670  337/670  433/670   81/134  253/670  -23/670 -423/670  393/670  -51/134  313/670  757/670 -263/670    -1/10]
[   1/134  -47/670 -223/670 -523/670 -947/670  -31/134  513/670 -283/670  137/670  433/670  121/134  653/670 -763/670  377/670   53/670]
[ -79/134  373/670 -323/670  197/670  593/670  -95/134 -327/670 -303/670 -403/670 -627/670   73/134 -107/670  637/670  -83/670  413/670]
[ 157/134 -307/670 -183/670 -183/670 -307/670  157/134  413/670  -83/670  637/670 -107/670   73/134 -627/670 -403/670 -303/670 -327/670]
[ -95/134  593/670  197/670 -323/670  373/670  -79/134   53/670  377/670 -763/670  653/670  121/134  433/670  137/670 -283/670  513/670]
[ -31/134 -947/670 -523/670 -223/670  -47/670    1/134    -1/10 -263/670  757/670  313/670  -51/134  393/670 -423/670  -23/670  253/670]
[  81/134  433/670  337/670  117/670 -227/670 -139/134   53/670 -663/670 -163/670  213/670   93/134 -747/670  597/670  477/670  233/670]
[ -27/134 -627/670   97/670  697/670 -167/670   37/134  413/670  517/670  497/670 -987/670   17/134 -307/670 -823/670 -123/670  453/670]
[ -87/134 -107/670   97/670  177/670  133/670   -7/134 -327/670  597/670   57/670  733/670  -11/134  373/670  677/670 -483/670 -427/670]
[ -99/134 -687/670  337/670 -103/670 -667/670   -3/134  513/670 -423/670 -143/670   13/670    9/134  -47/670 -263/670    11/10  273/670]
[ -63/134  313/670 -523/670 -143/670  113/670 -219/134  253/670  137/670 -103/670 -467/670   77/134 -227/670  377/670 -483/670 -127/670]
[  21/134  213/670  197/670   57/670 -207/670  149/134  233/670 -403/670  177/670 -707/670  -75/134 -167/670  -83/670 -123/670 -287/670]
[-115/134  353/670 -183/670  497/670 -287/670   29/134  453/670  637/670 -643/670  633/670   89/134  133/670 -303/670 -863/670 -207/670]
[  65/134 -607/670 -323/670 -163/670 -127/670  -43/134 -427/670  577/670  117/670 -467/670   33/134  673/670 -283/670  -23/670  113/670]
[  25/134   13/670 -223/670 -583/670  273/670        0        0        0        0        0        0        0        0        0        0]
Testing obstruction for
m1: 1, m2: 168,a: 0
[     -1/2  -331/670  -319/670  -299/670  -271/670   -47/134  -191/670  -139/670   -79/670   -11/670    13/134   149/670   241/670   341/670   449/670]
[  113/134   689/670   821/670   961/670  1109/670   253/134  1429/670  1601/670  1781/670  1969/670   433/134  2369/670  2581/670  2801/670  3029/670]
[  653/134  3509/670  3761/670  4021/670  4289/670   913/134  4849/670  5141/670  5441/670  5749/670  1213/134  6389/670  6721/670  7061/670  7409/670]
[ 1553/134  8129/670  8501/670  8881/670  9269/670  1933/134 10069/670 10481/670 10901/670 11329/670  2353/134 12209/670 12661/670 13121/670 13589/670]
[ 2813/134 14549/670 15041/670 15541/670 16049/670  3313/134 17089/670    263/10 18161/670 18709/670  3853/134 19829/670 20401/670 20981/670 21569/670]
[ 4433/134 22769/670 23381/670 24001/670 24629/670  5053/134 25909/670 26561/670 27221/670 27889/670  5445/134 26569/670 25921/670 25281/670 24649/670]
[ 4805/134 23409/670 22801/670 22201/670 21609/670  4205/134 20449/670 19881/670 19321/670 18769/670  3645/134 17689/670 17161/670 16641/670 16129/670]
[ 3125/134 15129/670 14641/670 14161/670 13689/670  2645/134 12769/670 12321/670 11881/670 11449/670  2205/134 10609/670 10201/670  9801/670  9409/670]
[ 1805/134  8649/670  8281/670  7921/670  7569/670  1445/134  6889/670  6561/670  6241/670  5929/670  1125/134  5329/670  5041/670  4761/670     67/10]
[  845/134  3969/670  3721/670  3481/670  3249/670   605/134  2809/670  2601/670  2401/670  2209/670   405/134  1849/670  1681/670  1521/670  1369/670]
[  245/134  1089/670   961/670   841/670   729/670   125/134   529/670   441/670   361/670   289/670    45/134   169/670   121/670    81/670    49/670]
[    5/134     9/670     1/670     1/670     9/670     5/134    49/670    81/670   121/670   169/670    45/134   289/670   361/670   441/670   529/670]
[  125/134   729/670   841/670   961/670  1089/670   245/134  1369/670  1521/670  1681/670  1849/670   405/134  2209/670  2401/670  2601/670  2809/670]
[  605/134  3249/670  3481/670  3721/670  3969/670   845/134     67/10  4761/670  5041/670  5329/670  1125/134  5929/670  6241/670  6561/670  6889/670]
[ 1445/134  7569/670  7921/670  8281/670  8649/670  1805/134  9409/670  9801/670 10201/670 10609/670  2205/134 11449/670 11881/670 12321/670 12769/670]
[ 2645/134 13689/670 14161/670 14641/670 15129/670  3125/134 16129/670 16641/670 17161/670 17689/670  3645/134 18769/670 19321/670 19881/670 20449/670]
[ 4205/134 21609/670 22201/670 22801/670 23409/670  4805/134 24649/670 25281/670 25921/670 26569/670  5445/134 27889/670 27221/670 26561/670 25909/670]
[ 5053/134 24629/670 24001/670 23381/670 22769/670  4433/134 21569/670 20981/670 20401/670 19829/670  3853/134 18709/670 18161/670    263/10 17089/670]
[ 3313/134 16049/670 15541/670 15041/670 14549/670  2813/134 13589/670 13121/670 12661/670 12209/670  2353/134 11329/670 10901/670 10481/670 10069/670]
[ 1933/134  9269/670  8881/670  8501/670  8129/670  1553/134  7409/670  7061/670  6721/670  6389/670  1213/134  5749/670  5441/670  5141/670  4849/670]
[  913/134  4289/670  4021/670  3761/670  3509/670   653/134  3029/670  2801/670  2581/670  2369/670   433/134  1969/670  1781/670  1601/670  1429/670]
[  253/134  1109/670   961/670   821/670   689/670   113/134   449/670   341/670   241/670   149/670    13/134   -11/670   -79/670  -139/670  -191/670]
[  -47/134  -271/670  -299/670  -319/670  -331/670         0         0         0         0         0         0         0         0         0         0]
Testing obstruction for
m1: 3, m2: 34,a: 0
[    -1/2 -583/670   13/670  113/670 -283/670   33/134  117/670  913/670 1213/670 1017/670  333/134 1817/670 2813/670 3313/670 3317/670]
[ 833/134 4517/670 5713/670 5073/670 3937/670  729/134 2857/670 2913/670 2473/670 1537/670  289/134  857/670 1113/670  873/670  137/670]
[  49/134 -143/670  313/670  273/670 -263/670    9/134 -143/670  513/670  673/670  337/670  169/134  857/670 1713/670 2073/670 1937/670]
[ 529/134 2857/670 3913/670 4473/670 4537/670 1089/134 4517/670 4433/670 3853/670 2777/670  509/134 1817/670 1933/670 1553/670  677/670]
[ 129/134  117/670  433/670  253/670 -423/670  -51/134 -583/670    -1/10  -47/670 -523/670  -31/134 -283/670  433/670  653/670  377/670]
[ 189/134 1017/670 1933/670 2353/670 2277/670  609/134 3317/670 4433/670 5053/670 5177/670  961/134 3937/670 3913/670 3393/670 2377/670]
[ 441/134 1537/670 1713/670 1393/670  577/670  121/134  137/670  513/670  393/670 -223/670    1/134 -263/670  313/670  393/670  -23/670]
[  81/134  337/670 1113/670 1393/670 1177/670  361/134 1937/670 2913/670 3393/670 3377/670  841/134 4537/670 5713/670 5053/670 3897/670]
[ 717/134 2777/670 2813/670 2353/670 1397/670  257/134  677/670  913/670  653/670 -103/670   -3/134 -423/670   13/670  -47/670    -9/10]
[ -63/134 -523/670  113/670  253/670 -103/670   77/134  377/670 1213/670 1553/670 1397/670  417/134 2277/670 3313/670 3853/670 3897/670]
[ 957/134 5177/670 5073/670 4473/670 3377/670  625/134 2377/670 2473/670 2073/670 1177/670  225/134  577/670  873/670  673/670  -23/670]
[  25/134 -223/670  273/670  273/670 -223/670   25/134  -23/670  673/670  873/670  577/670  225/134 1177/670 2073/670 2473/670 2377/670]
[ 625/134 3377/670 4473/670 5073/670 5177/670  957/134 3897/670 3853/670 3313/670 2277/670  417/134 1397/670 1553/670 1213/670  377/670]
[  77/134 -103/670  253/670  113/670 -523/670  -63/134    -9/10  -47/670   13/670 -423/670   -3/134 -103/670  653/670  913/670  677/670]
[ 257/134 1397/670 2353/670 2813/670 2777/670  717/134 3897/670 5053/670 5713/670 4537/670  841/134 3377/670 3393/670 2913/670 1937/670]
[ 361/134 1177/670 1393/670 1113/670  337/670   81/134  -23/670  393/670  313/670 -263/670    1/134 -223/670  393/670  513/670  137/670]
[ 121/134  577/670 1393/670 1713/670 1537/670  441/134 2377/670 3393/670 3913/670 3937/670  961/134 5177/670 5053/670 4433/670 3317/670]
[ 609/134 2277/670 2353/670 1933/670 1017/670  189/134  377/670  653/670  433/670 -283/670  -31/134 -523/670  -47/670    -1/10 -583/670]
[ -51/134 -423/670  253/670  433/670  117/670  129/134  677/670 1553/670 1933/670 1817/670  509/134 2777/670 3853/670 4433/670 4517/670]
[1089/134 4537/670 4473/670 3913/670 2857/670  529/134 1937/670 2073/670 1713/670  857/670  169/134  337/670  673/670  513/670 -143/670]
[   9/134 -263/670  273/670  313/670 -143/670   49/134  137/670  873/670 1113/670  857/670  289/134 1537/670 2473/670 2913/670 2857/670]
[ 729/134 3937/670 5073/670 5713/670 4517/670  833/134 3317/670 3313/670 2813/670 1817/670  333/134 1017/670 1213/670  913/670  117/670]
[  33/134 -283/670  113/670   13/670 -583/670        0        0        0        0        0        0        0        0        0        0]
[-583/670, 13/670, 113/670, -283/670, 33/134, 117/670, 913/670, 1213/670, 1017/670, 333/134, 1817/670, 2813/670, 3313/670, 3317/670, 833/134, 4517/670, 5713/670, 5073/670, 3937/670, 729/134, 2857/670, 2913/670, 2473/670, 1537/670, 289/134, 857/670, 1113/670, 873/670, 137/670, 49/134, -143/670, 313/670, 273/670, -263/670, 9/134, -143/670, 513/670, 673/670, 337/670, 169/134, 857/670, 1713/670, 2073/670, 1937/670, 529/134, 2857/670, 3913/670, 4473/670, 4537/670, 1089/134, 4517/670, 4433/670, 3853/670, 2777/670, 509/134, 1817/670, 1933/670, 1553/670, 677/670, 129/134, 117/670, 433/670, 253/670, -423/670, -51/134, -583/670]
2 [-583/670, 13/670, 113/670, -283/670, 33/134, 117/670, -427/670, -127/670, -323/670, 65/134, -863/670, 133/670, 633/670, 637/670, 29/134, 497/670, 353/670, -287/670, -83/670, -75/134, 177/670, 233/670, -207/670, 197/670, 21/134, -483/670, -227/670, -467/670, 137/670, -219/134, -143/670, 313/670, 273/670, -263/670, 9/134, -143/670, 513/670, -667/670, 337/670, -99/134, -483/670, 373/670, 733/670, 597/670, -7/134, 177/670, -107/670, 453/670, -823/670, 17/134, 497/670, 413/670, -167/670, 97/670, -27/134, 477/670, -747/670, 213/670, -663/670, -139/134, 117/670, 433/670, 253/670, -423/670, -51/134, 757/670]
Testing obstruction for
m1: 2, m2: 57,a: 1
[    -1/2 -667/670 -323/670 -643/670 -287/670 -119/134 -227/670 -523/670 -143/670 -427/670   -7/134 -307/670   97/670 -163/670  253/670]
[   1/134  433/670  197/670  637/670  413/670  173/134  653/670 1117/670  917/670 1393/670  241/134 1693/670 1517/670 2017/670 1853/670]
[ 473/134 2213/670 2737/670 2597/670 3133/670  601/134 3553/670 3437/670 3997/670 3893/670  893/134 4373/670 4957/670 4877/670 5473/670]
[1081/134 6013/670 5957/670 6577/670 6533/670 1433/134 7133/670 7777/670 7757/670 8413/670 1681/134 9073/670 9077/670 8417/670 8433/670]
[1557/134 7813/670 7177/670 7217/670 6593/670 1329/134 6033/670    91/10 5497/670 5573/670  997/134 5073/670 4497/670 4597/670 4033/670]
[ 829/134 3593/670 3717/670 3177/670 3313/670  557/134 2933/670 2417/670 2577/670 2073/670  449/134 1753/670 1937/670 1457/670 1653/670]
[ 237/134 1393/670  937/670 1157/670  713/670  189/134  513/670  757/670  337/670  593/670   37/134  453/670   57/670  337/670  -47/670]
[  49/134 -127/670  177/670 -183/670  133/670  -43/134  113/670 -223/670  117/670 -207/670   29/134 -167/670  197/670 -103/670  273/670]
[  -3/134  373/670   97/670  497/670  233/670  129/134  393/670  817/670  577/670 1013/670  157/134 1233/670 1017/670 1477/670    19/10]
[ 349/134 1553/670 2037/670 1857/670 2353/670  437/134 2693/670 2537/670 3057/670 2913/670  689/134 3313/670 3857/670 3737/670 4293/670]
[ 837/134 4753/670 4657/670 5237/670 5153/670 1149/134 5673/670 6277/670 6217/670 6833/670 1357/134 7413/670 7377/670 8017/670 7993/670]
[1729/134 8633/670 9297/670 9297/670 8633/670 1729/134 7993/670 8017/670 7377/670 7413/670 1357/134 6833/670 6217/670 6277/670 5673/670]
[1149/134 5153/670 5237/670 4657/670 4753/670  837/134 4293/670 3737/670 3857/670 3313/670  689/134 2913/670 3057/670 2537/670 2693/670]
[ 437/134 2353/670 1857/670 2037/670 1553/670  349/134    19/10 1477/670 1017/670 1233/670  157/134 1013/670  577/670  817/670  393/670]
[ 129/134  233/670  497/670   97/670  373/670   -3/134  273/670 -103/670  197/670 -167/670   29/134 -207/670  117/670 -223/670  113/670]
[ -43/134  133/670 -183/670  177/670 -127/670   49/134  -47/670  337/670   57/670  453/670   37/134  593/670  337/670  757/670  513/670]
[ 189/134  713/670 1157/670  937/670 1393/670  237/134 1653/670 1457/670 1937/670 1753/670  449/134 2073/670 2577/670 2417/670 2933/670]
[ 557/134 3313/670 3177/670 3717/670 3593/670  829/134 4033/670 4597/670 4497/670 5073/670  997/134 5573/670 5497/670    91/10 6033/670]
[1329/134 6593/670 7217/670 7177/670 7813/670 1557/134 8433/670 8417/670 9077/670 9073/670 1681/134 8413/670 7757/670 7777/670 7133/670]
[1433/134 6533/670 6577/670 5957/670 6013/670 1081/134 5473/670 4877/670 4957/670 4373/670  893/134 3893/670 3997/670 3437/670 3553/670]
[ 601/134 3133/670 2597/670 2737/670 2213/670  473/134 1853/670 2017/670 1517/670 1693/670  241/134 1393/670  917/670 1117/670  653/670]
[ 173/134  413/670  637/670  197/670  433/670    1/134  253/670 -163/670   97/670 -307/670   -7/134 -427/670 -143/670 -523/670 -227/670]
[-119/134 -287/670 -643/670 -323/670 -667/670        0        0        0        0        0        0        0        0        0        0]
[-667/670, -323/670, -643/670]
76 [-667/670, -323/670, 697/670]
Testing obstruction for
m1: 5, m2: 20,a: 2
[    -1/2 -631/670 -179/670 -319/670  289/670   61/134 -271/670  -99/670 -519/670 -191/670  -91/134   29/670  -79/670  561/670  609/670]
[  13/134  269/670 -119/670  241/670    9/670  105/134  449/670 1121/670 1201/670  689/670  185/134  569/670  961/670  761/670 1309/670]
[ 253/134 1969/670 2081/670 1601/670 1869/670  309/134 1969/670 1801/670 2381/670 2369/670  621/134 3249/670 2801/670 3101/670 2809/670]
[ 653/134 3129/670 2401/670 2421/670 1849/670  405/134 1609/670 1941/670 1681/670 2169/670  413/134 1369/670 1421/670  881/670 1089/670]
[ 141/134 1069/670  841/670 1361/670 1289/670  125/134  709/670     3/10  441/670   89/670   97/134  289/670  841/670  801/670  169/670]
[  57/134 -191/670   81/670 -239/670  189/670    5/134  609/670  601/670    1/670  149/670  -59/134    9/670 -279/670  181/670   49/670]
[ 133/134  689/670  121/670  301/670 -111/670   45/134  -31/670  461/670  361/670 1009/670  213/134  529/670  741/670  361/670  729/670]
[ 101/134 1029/670  961/670 1641/670 1729/670  245/134 1469/670 1121/670 1521/670 1329/670  377/134 1849/670 2561/670 2681/670 2209/670]
[ 497/134 2169/670 2601/670 2441/670 3029/670  605/134 2429/670 2581/670 2141/670 2449/670  433/134 2629/670 2501/670 1781/670    27/10]
[ 249/134 1429/670 1021/670 1361/670 1109/670  321/134 1509/670  821/670  881/670  349/670  113/134  189/670  561/670  341/670  869/670]
[ 161/134  149/670  241/670 -259/670  -11/670  -71/134   49/670 -139/670  421/670  389/670  -47/134 -111/670 -579/670 -299/670 -611/670]
[ -35/134 -331/670  261/670  261/670 -331/670  -35/134 -611/670 -299/670 -579/670 -111/670  -47/134  389/670  421/670 -139/670   49/670]
[ -71/134  -11/670 -259/670  241/670  149/670  161/134  869/670  341/670  561/670  189/670  113/134  349/670  881/670  821/670 1509/670]
[ 321/134 1109/670 1361/670 1021/670 1429/670  249/134    27/10 1781/670 2501/670 2629/670  433/134 2449/670 2141/670 2581/670 2429/670]
[ 605/134 3029/670 2441/670 2601/670 2169/670  497/134 2209/670 2681/670 2561/670 1849/670  377/134 1329/670 1521/670 1121/670 1469/670]
[ 245/134 1729/670 1641/670  961/670 1029/670  101/134  729/670  361/670  741/670  529/670  213/134 1009/670  361/670  461/670  -31/670]
[  45/134 -111/670  301/670  121/670  689/670  133/134   49/670  181/670 -279/670    9/670  -59/134  149/670    1/670  601/670  609/670]
[   5/134  189/670 -239/670   81/670 -191/670   57/134  169/670  801/670  841/670  289/670   97/134   89/670  441/670     3/10  709/670]
[ 125/134 1289/670 1361/670  841/670 1069/670  141/134 1089/670  881/670 1421/670 1369/670  413/134 2169/670 1681/670 1941/670 1609/670]
[ 405/134 1849/670 2421/670 2401/670 3129/670  653/134 2809/670 3101/670 2801/670 3249/670  621/134 2369/670 2381/670 1801/670 1969/670]
[ 309/134 1869/670 1601/670 2081/670 1969/670  253/134 1309/670  761/670  961/670  569/670  185/134  689/670 1201/670 1121/670  449/670]
[ 105/134    9/670  241/670 -119/670  269/670   13/134  609/670  561/670  -79/670   29/670  -91/134 -191/670 -519/670  -99/670 -271/670]
[  61/134  289/670 -319/670 -179/670 -631/670        0        0        0        0        0        0        0        0        0        0]
Testing obstruction for
m1: 7, m2: 14,a: 2
[    -1/2 -643/670 -227/670 -427/670   97/670    1/134  637/670  653/670   53/670  177/670  -63/134  -83/670 -467/670 -127/670 -403/670]
[   9/134 -123/670  433/670  373/670 1037/670  217/134  517/670  673/670  213/670  477/670   25/134  497/670  253/670  733/670  597/670]
[ 237/134 1157/670 1853/670 1933/670 1397/670  317/134 1157/670 1453/670 1133/670 1537/670  265/134 1837/670 1733/670 2353/670 2357/670]
[ 349/134 1857/670 1353/670 1573/670 1177/670  301/134 1217/670 1653/670 1473/670 2017/670  389/134 1257/670 1293/670  713/670  857/670]
[  77/134  637/670  273/670  633/670  377/670  169/134  697/670    19/10 1233/670  577/670  129/134   97/670  273/670 -167/670  117/670]
[ -43/134  177/670  -47/670  453/670  337/670  189/134  937/670  313/670  413/670 -103/670   21/134 -303/670   13/670 -287/670  137/670]
[ -11/134  477/670  393/670 1033/670 1057/670   93/134  597/670  113/670  353/670  -23/670   65/134   57/670  513/670  353/670  917/670]
[ 173/134 1537/670 1593/670 1033/670 1197/670  149/134 1017/670  673/670 1053/670  817/670  261/134 1177/670 1773/670 1753/670 2457/670]
[ 509/134 2017/670 2213/670 1793/670 2097/670  357/134 2197/670 1993/670 2513/670 2417/670  341/134 1717/670 1113/670 1233/670    11/10]
[ 193/134  577/670  913/670  633/670 1077/670  181/134 1457/670 1393/670  713/670  757/670   37/134  337/670 -127/670  133/670 -223/670]
[  29/134 -103/670  373/670  233/670  817/670  157/134  137/670  213/670 -327/670 -143/670 -115/134 -283/670 -607/670 -207/670 -423/670]
[  17/134  -23/670  593/670  593/670  -23/670   17/134 -423/670 -207/670 -607/670 -283/670 -115/134 -143/670 -327/670  213/670  137/670]
[ 157/134  817/670  233/670  373/670 -103/670   29/134 -223/670  133/670 -127/670  337/670   37/134  757/670  713/670 1393/670 1457/670]
[ 181/134 1077/670  633/670  913/670  577/670  193/134    11/10 1233/670 1113/670 1717/670  341/134 2417/670 2513/670 1993/670 2197/670]
[ 357/134 2097/670 1793/670 2213/670 2017/670  509/134 2457/670 1753/670 1773/670 1177/670  261/134  817/670 1053/670  673/670 1017/670]
[ 149/134 1197/670 1033/670 1593/670 1537/670  173/134  917/670  353/670  513/670   57/670   65/134  -23/670  353/670  113/670  597/670]
[  93/134 1057/670 1033/670  393/670  477/670  -11/134  137/670 -287/670   13/670 -303/670   21/134 -103/670  413/670  313/670  937/670]
[ 189/134  337/670  453/670  -47/670  177/670  -43/134  117/670 -167/670  273/670   97/670  129/134  577/670 1233/670    19/10  697/670]
[ 169/134  377/670  633/670  273/670  637/670   77/134  857/670  713/670 1293/670 1257/670  389/134 2017/670 1473/670 1653/670 1217/670]
[ 301/134 1177/670 1573/670 1353/670 1857/670  349/134 2357/670 2353/670 1733/670 1837/670  265/134 1537/670 1133/670 1453/670 1157/670]
[ 317/134 1397/670 1933/670 1853/670 1157/670  237/134  597/670  733/670  253/670  497/670   25/134  477/670  213/670  673/670  517/670]
[ 217/134 1037/670  373/670  433/670 -123/670    9/134 -403/670 -127/670 -467/670  -83/670  -63/134  177/670   53/670  653/670  637/670]
[   1/134   97/670 -427/670 -227/670 -643/670        0        0        0        0        0        0        0        0        0        0]
Unobstructed
27
---------------------------
---------------------------
13a449
Correction terms
[    -1/2  429/542 -723/542 -475/542   89/542 -115/542   -3/542 -659/542   85/542   61/542  353/542 -123/542 -283/542 -127/542  345/542]
[  49/542   69/542 -679/542  -27/542 -143/542   57/542  573/542 -763/542  385/542 -319/542  377/542  305/542 -535/542   25/542 -183/542]
[ -75/542  349/542    5/542  -23/542  265/542 -215/542  705/542 -227/542  241/542  -59/542  -43/542  289/542 -147/542 -267/542  -71/542]
[ 441/542  185/542  245/542 -463/542  229/542  153/542  393/542 -135/542 -347/542 -243/542  177/542 -171/542 -203/542   81/542 -403/542]
[ 513/542 -423/542   41/542 -263/542 -251/542   77/542 -363/542 -487/542 -295/542  213/542  -47/542    9/542 -703/542  -15/542  -95/542]
[ 141/542 -391/542 -607/542 -507/542  -91/542  641/542 -479/542 -199/542 -687/542  225/542  369/542 -255/542 -563/542 -555/542 -231/542]
[ 409/542  281/542 -615/542 -111/542 -375/542  761/542   45/542 -355/542 -439/542 -207/542  341/542  121/542  217/542 -455/542  273/542]
[ 233/542  509/542   17/542 -159/542  -19/542  437/542  125/542  129/542 -635/542    1/542 -131/542   53/542  553/542 -799/542  333/542]
[-387/542  293/542  205/542 -651/542 -107/542 -331/542 -239/542  169/542 -191/542 -235/542   37/542 -459/542  445/542 -503/542  -51/542]
[-367/542 -367/542  -51/542 -503/542  445/542 -459/542   37/542 -235/542 -191/542  169/542 -239/542 -331/542 -107/542 -651/542  205/542]
[ 293/542 -387/542  333/542 -799/542  553/542   53/542 -131/542    1/542 -635/542  129/542  125/542  437/542  -19/542 -159/542   17/542]
[ 509/542  233/542  273/542 -455/542  217/542  121/542  341/542 -207/542 -439/542 -355/542   45/542  761/542 -375/542 -111/542 -615/542]
[ 281/542  409/542 -231/542 -555/542 -563/542 -255/542  369/542  225/542 -687/542 -199/542 -479/542  641/542  -91/542 -507/542 -607/542]
[-391/542  141/542  -95/542  -15/542 -703/542    9/542  -47/542  213/542 -295/542 -487/542 -363/542   77/542 -251/542 -263/542   41/542]
[-423/542  513/542 -403/542   81/542 -203/542 -171/542  177/542 -243/542 -347/542 -135/542  393/542  153/542  229/542 -463/542  245/542]
[ 185/542  441/542  -71/542 -267/542 -147/542  289/542  -43/542  -59/542  241/542 -227/542  705/542 -215/542  265/542  -23/542    5/542]
[ 349/542  -75/542 -183/542   25/542 -535/542  305/542  377/542 -319/542  385/542 -763/542  573/542   57/542 -143/542  -27/542 -679/542]
[  69/542   49/542  345/542 -127/542 -283/542 -123/542  353/542   61/542   85/542 -659/542   -3/542 -115/542   89/542 -475/542 -723/542]
[ 429/542        0        0        0        0        0        0        0        0        0        0        0        0        0        0]
Testing obstruction for
m1: 1, m2: 136,a: 0
[     -1/2  -267/542  -255/542  -235/542  -207/542  -171/542  -127/542   -75/542   -15/542    53/542   129/542   213/542   305/542   405/542   513/542]
[  629/542   753/542   885/542  1025/542  1173/542  1329/542  1493/542  1665/542  1845/542  2033/542  2229/542  2433/542  2645/542  2865/542  3093/542]
[ 3329/542  3573/542  3825/542  4085/542  4353/542  4629/542  4913/542  5205/542  5505/542  5813/542  6129/542  6453/542  6785/542  7125/542  7473/542]
[ 7829/542  8193/542  8565/542  8945/542  9333/542  9729/542 10133/542 10545/542 10965/542 11393/542 11829/542 12273/542 12725/542 13185/542 13653/542]
[14129/542 14613/542 15105/542 15605/542 16113/542 16629/542 17153/542 17685/542 18225/542 17689/542 17161/542 16641/542 16129/542 15625/542 15129/542]
[14641/542 14161/542 13689/542 13225/542 12769/542 12321/542 11881/542 11449/542 11025/542 10609/542 10201/542  9801/542  9409/542  9025/542  8649/542]
[ 8281/542  7921/542  7569/542  7225/542  6889/542  6561/542  6241/542  5929/542  5625/542  5329/542  5041/542  4761/542  4489/542  4225/542  3969/542]
[ 3721/542  3481/542  3249/542  3025/542  2809/542  2601/542  2401/542  2209/542  2025/542  1849/542  1681/542  1521/542  1369/542  1225/542  1089/542]
[  961/542   841/542   729/542   625/542   529/542   441/542   361/542   289/542   225/542   169/542   121/542    81/542    49/542    25/542     9/542]
[    1/542     1/542     9/542    25/542    49/542    81/542   121/542   169/542   225/542   289/542   361/542   441/542   529/542   625/542   729/542]
[  841/542   961/542  1089/542  1225/542  1369/542  1521/542  1681/542  1849/542  2025/542  2209/542  2401/542  2601/542  2809/542  3025/542  3249/542]
[ 3481/542  3721/542  3969/542  4225/542  4489/542  4761/542  5041/542  5329/542  5625/542  5929/542  6241/542  6561/542  6889/542  7225/542  7569/542]
[ 7921/542  8281/542  8649/542  9025/542  9409/542  9801/542 10201/542 10609/542 11025/542 11449/542 11881/542 12321/542 12769/542 13225/542 13689/542]
[14161/542 14641/542 15129/542 15625/542 16129/542 16641/542 17161/542 17689/542 18225/542 17685/542 17153/542 16629/542 16113/542 15605/542 15105/542]
[14613/542 14129/542 13653/542 13185/542 12725/542 12273/542 11829/542 11393/542 10965/542 10545/542 10133/542  9729/542  9333/542  8945/542  8565/542]
[ 8193/542  7829/542  7473/542  7125/542  6785/542  6453/542  6129/542  5813/542  5505/542  5205/542  4913/542  4629/542  4353/542  4085/542  3825/542]
[ 3573/542  3329/542  3093/542  2865/542  2645/542  2433/542  2229/542  2033/542  1845/542  1665/542  1493/542  1329/542  1173/542  1025/542   885/542]
[  753/542   629/542   513/542   405/542   305/542   213/542   129/542    53/542   -15/542   -75/542  -127/542  -171/542  -207/542  -235/542  -255/542]
[ -267/542         0         0         0         0         0         0         0         0         0         0         0         0         0         0]
Unobstructed
43
---------------------------
---------------------------
13a459
Correction terms
[    -1/2  169/486 -539/486   -47/54  517/486 -635/486     1/54  505/486 -119/486      1/6  133/486   37/486   -23/54  373/486 -167/486]
[   13/54  253/486 -731/486      1/6 -227/486 -683/486   -35/54  -95/486  -23/486   -11/54 -323/486  277/486     -1/2   61/486  217/486]
[   25/54   85/486 -203/486    37/54 -251/486  -11/486      1/6   25/486 -179/486   -59/54  -59/486  265/486   -59/54 -503/486  349/486]
[     1/6 -335/486   73/486    37/54 -527/486  409/486    25/54 -107/486  385/486     -1/2  -47/486    1/486   -11/54 -347/486  229/486]
[  -35/54  -35/486   97/486      1/6  -83/486 -395/486    13/54  481/486 -275/486   -23/54  685/486 -515/486      1/6  529/486 -143/486]
[    1/54   13/486 -131/486   -47/54  109/486 -479/486     -1/2 -155/486 -215/486   -47/54  193/486 -311/486     1/54  181/486  205/486]
[     1/6 -191/486  361/486   -23/54   49/486  157/486    13/54  -71/486 -407/486      1/6 -551/486 -359/486   -35/54 -419/486  301/486]
[  -11/54 -647/486  601/486     -1/2 -263/486  541/486    25/54 -239/486  121/486    37/54 -575/486  313/486      1/6 -299/486  145/486]
[  -59/54 -383/486 -383/486   -59/54  145/486 -299/486      1/6  313/486 -575/486    37/54  121/486 -239/486    25/54  541/486 -263/486]
[    -1/2  601/486 -647/486   -11/54  301/486 -419/486   -35/54 -359/486 -551/486      1/6 -407/486  -71/486    13/54  157/486   49/486]
[  -23/54  361/486 -191/486      1/6  205/486  181/486     1/54 -311/486  193/486   -47/54 -215/486 -155/486     -1/2 -479/486  109/486]
[  -47/54 -131/486   13/486     1/54 -143/486  529/486      1/6 -515/486  685/486   -23/54 -275/486  481/486    13/54 -395/486  -83/486]
[     1/6   97/486  -35/486   -35/54  229/486 -347/486   -11/54    1/486  -47/486     -1/2  385/486 -107/486    25/54  409/486 -527/486]
[   37/54   73/486 -335/486      1/6  349/486 -503/486   -59/54  265/486  -59/486   -59/54 -179/486   25/486      1/6  -11/486 -251/486]
[   37/54 -203/486   85/486    25/54  217/486   61/486     -1/2  277/486 -323/486   -11/54  -23/486  -95/486   -35/54 -683/486 -227/486]
[     1/6 -731/486  253/486    13/54 -167/486  373/486   -23/54   37/486  133/486      1/6 -119/486  505/486     1/54 -635/486  517/486]
[  -47/54 -539/486  169/486        0        0        0        0        0        0        0        0        0        0        0        0]
Testing obstruction for
m1: 1, m2: 122,a: 0
[     -1/2  -239/486  -227/486    -23/54  -179/486  -143/486    -11/54   -47/486    13/486       1/6   157/486   241/486     37/54   433/486   541/486]
[    73/54   781/486   913/486      13/6  1201/486  1357/486    169/54  1693/486  1873/486    229/54  2257/486  2461/486      11/2  2893/486  3121/486]
[   373/54  3601/486  3853/486    457/54  4381/486  4657/486      61/6  5233/486  5533/486    649/54  6157/486  6481/486    757/54  7153/486  7501/486]
[     97/6  8221/486  8593/486    997/54  9361/486  9757/486   1129/54 10573/486 10993/486      47/2 11857/486 12301/486   1417/54 13213/486 13681/486]
[  1573/54 14641/486 14161/486     169/6 13225/486 12769/486   1369/54 11881/486 11449/486   1225/54 10609/486 10201/486     121/6  9409/486  9025/486]
[   961/54  8281/486  7921/486    841/54  7225/486  6889/486      27/2  6241/486  5929/486    625/54  5329/486  5041/486    529/54  4489/486  4225/486]
[     49/6  3721/486  3481/486    361/54  3025/486  2809/486    289/54  2401/486  2209/486      25/6  1849/486  1681/486    169/54  1369/486  1225/486]
[   121/54   961/486   841/486       3/2   625/486   529/486     49/54   361/486   289/486     25/54   169/486   121/486       1/6    49/486    25/486]
[     1/54     1/486     1/486      1/54    25/486    49/486       1/6   121/486   169/486     25/54   289/486   361/486     49/54   529/486   625/486]
[      3/2   841/486   961/486    121/54  1225/486  1369/486    169/54  1681/486  1849/486      25/6  2209/486  2401/486    289/54  2809/486  3025/486]
[   361/54  3481/486  3721/486      49/6  4225/486  4489/486    529/54  5041/486  5329/486    625/54  5929/486  6241/486      27/2  6889/486  7225/486]
[   841/54  7921/486  8281/486    961/54  9025/486  9409/486     121/6 10201/486 10609/486   1225/54 11449/486 11881/486   1369/54 12769/486 13225/486]
[    169/6 14161/486 14641/486   1573/54 13681/486 13213/486   1417/54 12301/486 11857/486      47/2 10993/486 10573/486   1129/54  9757/486  9361/486]
[   997/54  8593/486  8221/486      97/6  7501/486  7153/486    757/54  6481/486  6157/486    649/54  5533/486  5233/486      61/6  4657/486  4381/486]
[   457/54  3853/486  3601/486    373/54  3121/486  2893/486      11/2  2461/486  2257/486    229/54  1873/486  1693/486    169/54  1357/486  1201/486]
[     13/6   913/486   781/486     73/54   541/486   433/486     37/54   241/486   157/486       1/6    13/486   -47/486    -11/54  -143/486  -179/486]
[   -23/54  -227/486  -239/486         0         0         0         0         0         0         0         0         0         0         0         0]
Unobstructed
112
---------------------------
---------------------------
