13a1534
Correction terms
[    -1/2 -175/702  353/702   -19/78 -343/702 -163/702    41/78 -151/702 -319/702    -5/26  401/702 -115/702   -31/78    -7/54  449/702]
[   -7/78 -223/702  -31/702    19/26    5/702 -151/702     5/78  593/702   89/702    -7/78  137/702    53/54     7/26   41/702  245/702]
[  -67/78  305/702  161/702    41/78  929/702  437/702    11/26  509/702 -331/702      5/6  449/702 -739/702   -19/78 -655/702  617/702]
[   31/26    5/702  929/702    89/78 -379/702  197/702   -31/78   -31/54 -175/702   -37/26  -67/702 -187/702     5/78  629/702  161/702]
[    5/78  281/702 -535/702    15/26  293/702   -67/54   -31/78 -739/702  557/702    89/78   -7/702  941/702    31/26 -319/702  281/702]
[  -19/78 -271/702  -19/702     -7/6  137/702   41/702    11/26  905/702  461/702    41/78  629/702 -163/702    89/78  713/702 -427/702]
[    7/26   -19/54 -331/702    -7/78  557/702  125/702     5/78  317/702  941/702    19/26  437/702  713/702    -7/78 -487/702   -43/54]
[  -31/78  353/702  -67/702    -5/26  149/702  785/702    41/78  305/702  593/702   -19/78 -583/702 -643/702     -1/2  293/702 -115/702]
[  -19/78  125/702  773/702    41/78  317/702  617/702    -5/26 -535/702 -583/702   -31/78    29/54  -19/702    -7/78  245/702  905/702]
[   19/26  473/702  785/702     5/78 -343/702 -379/702    -7/78  605/702    17/54     7/26  509/702 -223/702    89/78  773/702 -307/702]
[   41/78   -7/702  -31/702    11/26 -427/702  605/702      5/6 -487/702  197/702   -19/78 -187/702  149/702   -21/26  473/702  461/702]
[  -67/78   89/702 -271/702   -31/78     5/54 -643/702    15/26  401/702 -655/702     5/78 -307/702 -307/702     5/78 -655/702  401/702]
[   15/26 -643/702     5/54   -31/78 -271/702   89/702   -67/78  461/702  473/702   -21/26  149/702 -187/702   -19/78  197/702 -487/702]
[     5/6  605/702 -427/702    11/26  -31/702   -7/702    41/78 -307/702  773/702    89/78 -223/702  509/702     7/26    17/54  605/702]
[   -7/78 -379/702 -343/702     5/78  785/702  473/702    19/26  905/702  245/702    -7/78  -19/702    29/54   -31/78 -583/702 -535/702]
[   -5/26  617/702  317/702    41/78  773/702  125/702   -19/78 -115/702  293/702     -1/2 -643/702 -583/702   -19/78  593/702  305/702]
[   41/78  785/702  149/702    -5/26  -67/702  353/702   -31/78   -43/54 -487/702    -7/78  713/702  437/702    19/26  941/702  317/702]
[    5/78  125/702  557/702    -7/78 -331/702   -19/54     7/26 -427/702  713/702    89/78 -163/702  629/702    41/78  461/702  905/702]
[   11/26   41/702  137/702     -7/6  -19/702 -271/702   -19/78  281/702 -319/702    31/26  941/702   -7/702    89/78  557/702 -739/702]
[  -31/78   -67/54  293/702    15/26 -535/702  281/702     5/78  161/702  629/702     5/78 -187/702  -67/702   -37/26 -175/702   -31/54]
[  -31/78  197/702 -379/702    89/78  929/702    5/702    31/26  617/702 -655/702   -19/78 -739/702  449/702      5/6 -331/702  509/702]
[   11/26  437/702  929/702    41/78  161/702  305/702   -67/78  245/702   41/702     7/26    53/54  137/702    -7/78   89/702  593/702]
[    5/78 -151/702    5/702    19/26  -31/702 -223/702    -7/78  449/702    -7/54   -31/78 -115/702  401/702    -5/26 -319/702 -151/702]
[   41/78 -163/702 -343/702   -19/78  353/702 -175/702        0        0        0        0        0        0        0        0        0]
Testing obstruction for
m1: 1, m2: 176,a: 0
[     -1/2  -347/702  -335/702    -35/78  -287/702  -251/702    -23/78  -155/702   -95/702     -1/26    49/702   133/702     25/78     25/54   433/702]
[    61/78   673/702   805/702     35/26  1093/702  1249/702    157/78  1585/702  1765/702    217/78  2149/702    181/54     95/26  2785/702  3013/702]
[   361/78  3493/702  3745/702    445/78  4273/702  4549/702    179/26  5125/702  5425/702      49/6  6049/702  6373/702    745/78  7045/702  7393/702]
[   287/26  8113/702  8485/702    985/78  9253/702  9649/702   1117/78    805/54 10885/702    419/26 11749/702 12193/702   1405/78 13105/702 13573/702]
[  1561/78 14533/702 15025/702    575/26 16033/702   1273/54   1897/78 17605/702 18145/702   2077/78 19249/702 19813/702    755/26 20965/702 21553/702]
[  2461/78 22753/702 23365/702     205/6 24613/702 25249/702    959/26 26545/702 27205/702   3097/78 28549/702 29233/702   3325/78 30625/702 29929/702]
[  1083/26   2197/54 27889/702   3025/78 26569/702 25921/702   2809/78 24649/702 24025/702    867/26 22801/702 22201/702   2401/78 21025/702   1573/54]
[  2209/78 19321/702 18769/702    675/26 17689/702 17161/702   1849/78 16129/702 15625/702   1681/78 14641/702 14161/702      39/2 13225/702 12769/702]
[  1369/78 11881/702 11449/702   1225/78 10609/702 10201/702    363/26  9409/702  9025/702    961/78    637/54  7921/702    841/78  7225/702  6889/702]
[   243/26  6241/702  5929/702    625/78  5329/702  5041/702    529/78  4489/702    325/54    147/26  3721/702  3481/702    361/78  3025/702  2809/702]
[   289/78  2401/702  2209/702     75/26  1849/702  1681/702      13/6  1369/702  1225/702    121/78   961/702   841/702     27/26   625/702   529/702]
[    49/78   361/702   289/702     25/78     13/54   121/702      3/26    49/702    25/702      1/78     1/702     1/702      1/78    25/702    49/702]
[     3/26   121/702     13/54     25/78   289/702   361/702     49/78   529/702   625/702     27/26   841/702   961/702    121/78  1225/702  1369/702]
[     13/6  1681/702  1849/702     75/26  2209/702  2401/702    289/78  2809/702  3025/702    361/78  3481/702  3721/702    147/26    325/54  4489/702]
[   529/78  5041/702  5329/702    625/78  5929/702  6241/702    243/26  6889/702  7225/702    841/78  7921/702    637/54    961/78  9025/702  9409/702]
[   363/26 10201/702 10609/702   1225/78 11449/702 11881/702   1369/78 12769/702 13225/702      39/2 14161/702 14641/702   1681/78 15625/702 16129/702]
[  1849/78 17161/702 17689/702    675/26 18769/702 19321/702   2209/78   1573/54 21025/702   2401/78 22201/702 22801/702    867/26 24025/702 24649/702]
[  2809/78 25921/702 26569/702   3025/78 27889/702   2197/54   1083/26 29929/702 30625/702   3325/78 29233/702 28549/702   3097/78 27205/702 26545/702]
[   959/26 25249/702 24613/702     205/6 23365/702 22753/702   2461/78 21553/702 20965/702    755/26 19813/702 19249/702   2077/78 18145/702 17605/702]
[  1897/78   1273/54 16033/702    575/26 15025/702 14533/702   1561/78 13573/702 13105/702   1405/78 12193/702 11749/702    419/26 10885/702    805/54]
[  1117/78  9649/702  9253/702    985/78  8485/702  8113/702    287/26  7393/702  7045/702    745/78  6373/702  6049/702      49/6  5425/702  5125/702]
[   179/26  4549/702  4273/702    445/78  3745/702  3493/702    361/78  3013/702  2785/702     95/26    181/54  2149/702    217/78  1765/702  1585/702]
[   157/78  1249/702  1093/702     35/26   805/702   673/702     61/78   433/702     25/54     25/78   133/702    49/702     -1/26   -95/702  -155/702]
[   -23/78  -251/702  -287/702    -35/78  -335/702  -347/702         0         0         0         0         0         0         0         0         0]
Testing obstruction for
m1: 2, m2: 59,a: 0
Obstructed by Z^n/Q not being cyclic
Testing obstruction for
m1: 5, m2: 20,a: 0
Obstructed by Z^n/Q not being cyclic
Testing obstruction for
m1: 7, m2: 14,a: 0
[    -1/2 -623/702  -35/702     1/78  913/702 1273/702   277/78 3169/702 1897/702    55/26  529/702  433/702   -23/78     1/54 -311/702]
[   25/78  217/702 1069/702    51/26 2545/702 3169/702   205/78 1381/702  373/702    25/78 -467/702   -23/54   -25/26 -191/702 -251/702]
[   61/78  805/702 1921/702   277/78 2521/702 2005/702    35/26  745/702    1/702      1/6 -311/702  121/702     1/78  757/702  961/702]
[   75/26 2545/702 2521/702   217/78  841/702  589/702   -23/78   -11/54 -623/702    -9/26 -407/702  289/702    49/78 1453/702 1921/702]
[  205/78 2629/702 1465/702    43/26  313/702    25/54   -23/78  121/702  -95/702    61/78  649/702 1609/702    75/26 1897/702 2629/702]
[  157/78 1057/702  157/702      1/6 -467/702 -191/702   -17/26  133/702  181/702   121/78 1453/702 1273/702   217/78 2089/702 1681/702]
[   27/26    49/54    1/702    25/78  -95/702  445/702    49/78 1297/702 1609/702    51/26 2005/702 2089/702   181/78  625/702    37/54]
[  -23/78  -35/702 -407/702     3/26   25/702  829/702   121/78  805/702 1381/702   157/78 2305/702 1249/702      3/2  313/702  433/702]
[    1/78  445/702  337/702   121/78 1297/702  961/702    55/26 1465/702 2305/702   133/78    73/54  157/702    25/78 -251/702  133/702]
[   -1/26  673/702  829/702    49/78  913/702  841/702   181/78 1873/702   121/54    27/26  745/702  217/702    61/78  337/702  985/702]
[  121/78  649/702 1069/702    35/26 1681/702 1873/702     13/6  625/702  589/702     1/78  289/702   25/702    23/26  673/702  181/702]
[   61/78  373/702 1057/702   133/78   169/54 1249/702    43/26  529/702  757/702    49/78  985/702  985/702    49/78  757/702  529/702]
[   43/26 1249/702   169/54   133/78 1057/702  373/702    61/78  181/702  673/702    23/26   25/702  289/702     1/78  589/702  625/702]
[    13/6 1873/702 1681/702    35/26 1069/702  649/702   121/78  985/702  337/702    61/78  217/702  745/702    27/26   121/54 1873/702]
[  181/78  841/702  913/702    49/78  829/702  673/702    -1/26  133/702 -251/702    25/78  157/702    73/54   133/78 2305/702 1465/702]
[   55/26  961/702 1297/702   121/78  337/702  445/702     1/78  433/702  313/702      3/2 1249/702 2305/702   157/78 1381/702  805/702]
[  121/78  829/702   25/702     3/26 -407/702  -35/702   -23/78    37/54  625/702   181/78 2089/702 2005/702    51/26 1609/702 1297/702]
[   49/78  445/702  -95/702    25/78    1/702    49/54    27/26 1681/702 2089/702   217/78 1273/702 1453/702   121/78  181/702  133/702]
[  -17/26 -191/702 -467/702      1/6  157/702 1057/702   157/78 2629/702 1897/702    75/26 1609/702  649/702    61/78  -95/702  121/702]
[  -23/78    25/54  313/702    43/26 1465/702 2629/702   205/78 1921/702 1453/702    49/78  289/702 -407/702    -9/26 -623/702   -11/54]
[  -23/78  589/702  841/702   217/78 2521/702 2545/702    75/26  961/702  757/702     1/78  121/702 -311/702      1/6    1/702  745/702]
[   35/26 2005/702 2521/702   277/78 1921/702  805/702    61/78 -251/702 -191/702   -25/26   -23/54 -467/702    25/78  373/702 1381/702]
[  205/78 3169/702 2545/702    51/26 1069/702  217/702    25/78 -311/702     1/54   -23/78  433/702  529/702    55/26 1897/702 3169/702]
[  277/78 1273/702  913/702     1/78  -35/702 -623/702        0        0        0        0        0        0        0        0        0]
Testing obstruction for
m1: 3, m2: 36,a: 1
[    -1/2 -631/702  -67/702    -7/78 -619/702 -331/702   -67/78  -31/702  -19/702   -21/26 -271/702 -535/702     5/78     5/54 -475/702]
[  -19/78 -427/702  161/702     7/26 -343/702  -31/702   -31/78  317/702  353/702   -19/78  149/702    -7/54    19/26  557/702   41/702]
[   41/78  137/702  749/702    89/78  293/702  629/702    15/26 1025/702 1085/702      5/6  929/702  713/702   149/78 1409/702  917/702]
[   47/26 1061/702 1697/702   197/78 1289/702 1649/702   161/78   161/54 2177/702    63/26 2069/702 1877/702   281/78 2621/702 2153/702]
[  281/78 2345/702 3005/702   115/26 2645/702   233/54   317/78 3521/702 3629/702   353/78 3569/702 3401/702   151/26 4193/702 3749/702]
[  461/78 3989/702 4673/702     41/6 4361/702 4769/702   171/26 5309/702 5441/702   557/78 5429/702 5285/702   665/78 6125/702 5705/702]
[  227/26   461/54 5297/702   605/78 5033/702 5465/702   593/78 4649/702 4805/702   163/26 4841/702 4721/702   449/78 4205/702   293/54]
[  473/78 4145/702 3473/702   135/26 3257/702 3713/702   401/78 2945/702 3125/702   305/78 3209/702 3113/702      7/2 2645/702 2273/702]
[  305/78 2657/702 2009/702   245/78 1841/702 2321/702    83/26 1601/702 1805/702   161/78   149/54 1865/702   137/78 1445/702 1097/702]
[   59/26 1529/702  905/702   125/78  785/702 1289/702   137/78  617/702    65/54    19/26 1025/702  977/702    41/78  605/702  281/702]
[   89/78  761/702  161/702    15/26   89/702  617/702      5/6   -7/702  245/702    -7/78  473/702  449/702    -5/26  125/702 -175/702]
[   41/78  353/702 -223/702     5/78   -19/54  305/702    11/26 -271/702    5/702   -31/78  281/702  281/702   -31/78    5/702 -271/702]
[   11/26  305/702   -19/54     5/78 -223/702  353/702    41/78 -175/702  125/702    -5/26  449/702  473/702    -7/78  245/702   -7/702]
[     5/6  617/702   89/702    15/26  161/702  761/702    89/78  281/702  605/702    41/78  977/702 1025/702    19/26    65/54  617/702]
[  137/78 1289/702  785/702   125/78  905/702 1529/702    59/26 1097/702 1445/702   137/78 1865/702   149/54   161/78 1805/702 1601/702]
[   83/26 2321/702 1841/702   245/78 2009/702 2657/702   305/78 2273/702 2645/702      7/2 3113/702 3209/702   305/78 3125/702 2945/702]
[  401/78 3713/702 3257/702   135/26 3473/702 4145/702   473/78   293/54 4205/702   449/78 4721/702 4841/702   163/26 4805/702 4649/702]
[  593/78 5465/702 5033/702   605/78 5297/702   461/54   227/26 5705/702 6125/702   665/78 5285/702 5429/702   557/78 5441/702 5309/702]
[  171/26 4769/702 4361/702     41/6 4673/702 3989/702   461/78 3749/702 4193/702   151/26 3401/702 3569/702   353/78 3629/702 3521/702]
[  317/78   233/54 2645/702   115/26 3005/702 2345/702   281/78 2153/702 2621/702   281/78 1877/702 2069/702    63/26 2177/702   161/54]
[  161/78 1649/702 1289/702   197/78 1697/702 1061/702    47/26  917/702 1409/702   149/78  713/702  929/702      5/6 1085/702 1025/702]
[   15/26  629/702  293/702    89/78  749/702  137/702    41/78   41/702  557/702    19/26    -7/54  149/702   -19/78  353/702  317/702]
[  -31/78  -31/702 -343/702     7/26  161/702 -427/702   -19/78 -475/702     5/54     5/78 -535/702 -271/702   -21/26  -19/702  -31/702]
[  -67/78 -331/702 -619/702    -7/78  -67/702 -631/702        0        0        0        0        0        0        0        0        0]
Testing obstruction for
m1: 5, m2: 22,a: 3
[    -1/2 -659/702 -179/702   -35/78  337/702  373/702   -23/78    1/702 -407/702    -1/26 -263/702  289/702    25/78    73/54 1057/702]
[   61/78  829/702  493/702    35/26  781/702 1405/702   157/78 2209/702 2389/702   217/78 2305/702   157/54    95/26 2473/702 3169/702]
[  361/78 2713/702 2965/702   289/78 3025/702 2833/702    75/26 2005/702 1369/702     13/6 1057/702 1381/702   121/78 1585/702 1465/702]
[   27/26  781/702  217/702    49/78   49/702  445/702    25/78    61/54  745/702     3/26  205/702 -287/702     1/78 -311/702  157/702]
[    1/78  649/702  673/702     3/26  277/702   -11/54    25/78  -23/702  517/702    49/78 1153/702 1249/702    27/26  997/702  649/702]
[  121/78  913/702 1525/702     13/6 2305/702 2473/702    75/26 2365/702 2089/702   289/78 2497/702 3181/702   361/78 2701/702 2941/702]
[   95/26   229/54 2773/702   217/78 1921/702 1273/702   157/78  937/702 1249/702    35/26 1429/702 1297/702    61/78  589/702     1/54]
[   25/78 -179/702  205/702    -1/26  529/702  469/702   -23/78  -95/702 -599/702   -35/78 -647/702 -191/702     -1/2  277/702  289/702]
[  -35/78 -131/702 -563/702   -23/78 -467/702   61/702    -1/26  673/702  757/702    25/78    37/54  121/702    61/78  361/702  961/702]
[   35/26 1717/702 1873/702   157/78 1741/702 1453/702   217/78 1837/702   193/54    95/26 3409/702 3637/702   361/78 3649/702 3433/702]
[  289/78 2557/702 1897/702    75/26 1537/702 1837/702     13/6 1993/702 1849/702   121/78 1117/702  529/702    27/26  313/702  685/702]
[   49/78  985/702  913/702    25/78    25/54 -191/702     3/26 -263/702  181/702     1/78  625/702  625/702     1/78  181/702 -263/702]
[    3/26 -191/702    25/54    25/78  913/702  985/702    49/78  685/702  313/702    27/26  529/702 1117/702   121/78 1849/702 1993/702]
[    13/6 1837/702 1537/702    75/26 1897/702 2557/702   289/78 3433/702 3649/702   361/78 3637/702 3409/702    95/26   193/54 1837/702]
[  217/78 1453/702 1741/702   157/78 1873/702 1717/702    35/26  961/702  361/702    61/78  121/702    37/54    25/78  757/702  673/702]
[   -1/26   61/702 -467/702   -23/78 -563/702 -131/702   -35/78  289/702  277/702     -1/2 -191/702 -647/702   -35/78 -599/702  -95/702]
[  -23/78  469/702  529/702    -1/26  205/702 -179/702    25/78     1/54  589/702    61/78 1297/702 1429/702    35/26 1249/702  937/702]
[  157/78 1273/702 1921/702   217/78 2773/702   229/54    95/26 2941/702 2701/702   361/78 3181/702 2497/702   289/78 2089/702 2365/702]
[   75/26 2473/702 2305/702     13/6 1525/702  913/702   121/78  649/702  997/702    27/26 1249/702 1153/702    49/78  517/702  -23/702]
[   25/78   -11/54  277/702     3/26  673/702  649/702     1/78  157/702 -311/702     1/78 -287/702  205/702     3/26  745/702    61/54]
[   25/78  445/702   49/702    49/78  217/702  781/702    27/26 1465/702 1585/702   121/78 1381/702 1057/702     13/6 1369/702 2005/702]
[   75/26 2833/702 3025/702   289/78 2965/702 2713/702   361/78 3169/702 2473/702    95/26   157/54 2305/702   217/78 2389/702 2209/702]
[  157/78 1405/702  781/702    35/26  493/702  829/702    61/78 1057/702    73/54    25/78  289/702 -263/702    -1/26 -407/702    1/702]
[  -23/78  373/702  337/702   -35/78 -179/702 -659/702        0        0        0        0        0        0        0        0        0]
Testing obstruction for
m1: 6, m2: 21,a: 5
[    -1/2 -691/702 -307/702   -67/78 -175/702 -427/702     5/78 -163/702  353/702     7/26  749/702  629/702   137/78    89/54 1805/702]
[  197/78 2465/702 2477/702    67/26 1865/702 1241/702   149/78  761/702  905/702    41/78  557/702     5/54    11/26 -151/702  125/702]
[  -31/78   41/702 -319/702     5/78 -271/702  137/702    -5/26  317/702   89/702      5/6  401/702  941/702    89/78 1385/702 1289/702]
[   71/26 1865/702 2537/702   281/78 1841/702 1877/702   137/78   101/54  713/702    31/26  281/702  449/702    -7/78  149/702 -319/702]
[   -7/78 -487/702 -187/702   -21/26 -223/702   -43/54   -19/78 -463/702  -31/702   -31/78  197/702   -7/702    19/26  353/702  917/702]
[   89/78 1409/702 1337/702     17/6 1961/702 2657/702    99/26 2009/702 2069/702   161/78 1553/702  977/702   125/78  593/702  785/702]
[   11/26    41/54   89/702    41/78  -31/702  293/702    -7/78  305/702   -7/702    15/26  137/702  593/702    41/78  869/702    53/54]
[  137/78 1097/702 1685/702    59/26 2225/702 2177/702   317/78 2849/702 2165/702   245/78 1565/702 1649/702      3/2 1181/702  629/702]
[   89/78  293/702  509/702     5/78  305/702 -115/702     7/26 -187/702  161/702   -19/78    17/54  -67/702    41/78  125/702  605/702]
[   15/26  929/702  773/702   149/78 1229/702 1841/702   197/78 2429/702   185/54   115/26 3125/702 2465/702   281/78 1913/702 2021/702]
[  161/78 1601/702 1073/702    47/26  785/702 1025/702      5/6  869/702  473/702    89/78  449/702  821/702    19/26  929/702  665/702]
[  125/78  905/702 1409/702   137/78   137/54 1649/702    83/26 2153/702 2789/702   305/78 3425/702 3425/702   305/78 2789/702 2153/702]
[   83/26 1649/702   137/54   137/78 1409/702  905/702   125/78  665/702  929/702    19/26  821/702  449/702    89/78  473/702  869/702]
[     5/6 1025/702  785/702    47/26 1073/702 1601/702   161/78 2021/702 1913/702   281/78 2465/702 3125/702   115/26   185/54 2429/702]
[  197/78 1841/702 1229/702   149/78  773/702  929/702    15/26  605/702  125/702    41/78  -67/702    17/54   -19/78  161/702 -187/702]
[    7/26 -115/702  305/702     5/78  509/702  293/702    89/78  629/702 1181/702      3/2 1649/702 1565/702   245/78 2165/702 2849/702]
[  317/78 2177/702 2225/702    59/26 1685/702 1097/702   137/78    53/54  869/702    41/78  593/702  137/702    15/26   -7/702  305/702]
[   -7/78  293/702  -31/702    41/78   89/702    41/54    11/26  785/702  593/702   125/78  977/702 1553/702   161/78 2069/702 2009/702]
[   99/26 2657/702 1961/702     17/6 1337/702 1409/702    89/78  917/702  353/702    19/26   -7/702  197/702   -31/78  -31/702 -463/702]
[  -19/78   -43/54 -223/702   -21/26 -187/702 -487/702    -7/78 -319/702  149/702    -7/78  449/702  281/702    31/26  713/702   101/54]
[  137/78 1877/702 1841/702   281/78 2537/702 1865/702    71/26 1289/702 1385/702    89/78  941/702  401/702      5/6   89/702  317/702]
[   -5/26  137/702 -271/702     5/78 -319/702   41/702   -31/78  125/702 -151/702    11/26     5/54  557/702    41/78  905/702  761/702]
[  149/78 1241/702 1865/702    67/26 2477/702 2465/702   197/78 1805/702    89/54   137/78  629/702  749/702     7/26  353/702 -163/702]
[    5/78 -427/702 -175/702   -67/78 -307/702 -691/702        0        0        0        0        0        0        0        0        0]
Testing obstruction for
m1: 8, m2: 17,a: 6
Obstructed by Z^n/Q not being cyclic
Testing obstruction for
m1: 13, m2: 14,a: 9
[    -1/2 -647/702 -131/702   -23/78  529/702  673/702   181/78 1993/702 1765/702    35/26  937/702  337/702    61/78    13/54  601/702]
[   49/78 1093/702 1153/702    23/26  901/702  589/702   121/78  997/702 1717/702   205/78 1381/702   133/54    55/26  649/702  625/702]
[    1/78  205/702 -191/702    25/78   49/702  685/702    27/26 1585/702 1849/702     13/6  601/702  493/702   -23/78  -95/702 -575/702]
[   -9/26 -503/702   49/702     1/78  781/702  961/702   217/78   181/54 2161/702    51/26 1405/702  841/702   121/78  745/702 1213/702]
[  121/78  373/702  469/702    -1/26  289/702     1/54    61/78  493/702 1249/702   157/78 2389/702 1369/702    43/26  361/702  373/702]
[  -23/78   25/702 -335/702      1/6  -23/702  649/702    27/26 1621/702 1921/702   181/78  745/702  673/702     1/78  157/702 -287/702]
[    3/26   -11/54  445/702    49/78 1249/702 1465/702   121/78 1525/702 1369/702    75/26 2089/702 1561/702   205/78 1537/702    49/54]
[   61/78 -131/702    1/702   -17/26 -107/702 -347/702    25/78  205/702  997/702   133/78 2209/702 1225/702      3/2  289/702  337/702]
[  -23/78   61/702 -263/702    25/78  121/702  829/702    35/26 1873/702 2209/702   217/78    85/54 1069/702    49/78  625/702  217/702]
[   23/26  433/702 1057/702   121/78  529/702  781/702    49/78  913/702    61/54    55/26 1585/702 2497/702   157/78 1141/702  277/702]
[   25/78 -419/702 -251/702   -25/26 -287/702 -491/702      1/6  133/702  961/702   133/78 2245/702 1297/702    43/26  433/702  517/702]
[    1/78  313/702   25/702    61/78    37/54 1225/702    51/26  937/702 1309/702   121/78 1681/702 1681/702   121/78 1309/702  937/702]
[   51/26 1225/702    37/54    61/78   25/702  313/702     1/78  517/702  433/702    43/26 1297/702 2245/702   133/78  961/702  133/702]
[     1/6 -491/702 -287/702   -25/26 -251/702 -419/702    25/78  277/702 1141/702   157/78 2497/702 1585/702    55/26    61/54  913/702]
[   49/78  781/702  529/702   121/78 1057/702  433/702    23/26  217/702  625/702    49/78 1069/702    85/54   217/78 2209/702 1873/702]
[   35/26  829/702  121/702    25/78 -263/702   61/702   -23/78  337/702  289/702      3/2 1225/702 2209/702   133/78  997/702  205/702]
[   25/78 -347/702 -107/702   -17/26    1/702 -131/702    61/78    49/54 1537/702   205/78 1561/702 2089/702    75/26 1369/702 1525/702]
[  121/78 1465/702 1249/702    49/78  445/702   -11/54     3/26 -287/702  157/702     1/78  673/702  745/702   181/78 1921/702 1621/702]
[   27/26  649/702  -23/702      1/6 -335/702   25/702   -23/78  373/702  361/702    43/26 1369/702 2389/702   157/78 1249/702  493/702]
[   61/78     1/54  289/702    -1/26  469/702  373/702   121/78 1213/702  745/702   121/78  841/702 1405/702    51/26 2161/702   181/54]
[  217/78  961/702  781/702     1/78   49/702 -503/702    -9/26 -575/702  -95/702   -23/78  493/702  601/702     13/6 1849/702 1585/702]
[   27/26  685/702   49/702    25/78 -191/702  205/702     1/78  625/702  649/702    55/26   133/54 1381/702   205/78 1717/702  997/702]
[  121/78  589/702  901/702    23/26 1153/702 1093/702    49/78  601/702    13/54    61/78  337/702  937/702    35/26 1765/702 1993/702]
[  181/78  673/702  529/702   -23/78 -131/702 -647/702        0        0        0        0        0        0        0        0        0]
Testing obstruction for
m1: 23, m2: 24,a: 21
[    -1/2 -655/702 -163/702   -31/78  401/702  473/702    -7/78  197/702 -151/702    11/26  137/702  773/702    89/78    17/54  437/702]
[    5/78  449/702  245/702    31/26  821/702 1601/702   197/78 1337/702 1697/702   161/78 1997/702   149/54    99/26 2801/702 2321/702]
[  293/78 2345/702 2849/702   305/78 3437/702 3521/702   111/26 3269/702 2933/702     29/6 3245/702 2489/702   281/78 1961/702 2189/702]
[   67/26 2225/702 2033/702   137/78 1229/702  617/702    89/78    29/54  749/702    19/26 1073/702 1025/702    41/78  509/702   41/702]
[   41/78   89/702  605/702    19/26 -187/702    -7/54   -67/78 -319/702 -643/702   -19/78 -307/702  353/702    15/26 -151/702   89/702]
[  -31/78  149/702  -31/702      5/6  593/702   -7/702     7/26 -223/702  161/702    -7/78  509/702  473/702   137/78 1385/702  929/702]
[   47/26    77/54 1529/702   161/78 2165/702 2273/702   197/78 2069/702 1757/702    83/26 2117/702 2789/702   317/78 3713/702   305/54]
[  401/78 4049/702 3881/702   115/26 3125/702 2537/702   305/78 2345/702 2741/702   281/78 1709/702 1685/702      3/2 1217/702  773/702]
[  125/78  869/702 1409/702   149/78  665/702  785/702    11/26  605/702  305/702    89/78    53/54  -31/702     5/78 -487/702 -223/702]
[  -21/26 -115/702 -271/702    41/78  401/702 -175/702     5/78 -343/702     5/54    -5/26  461/702  449/702   -19/78    5/702 -427/702]
[   -7/78 -307/702  245/702     7/26  929/702 1061/702      5/6  905/702  617/702   125/78 1025/702 1721/702    67/26 1289/702 1565/702]
[  137/78 1697/702 1553/702   245/78   173/54 3089/702   123/26 2945/702 3365/702   353/78 3785/702 3785/702   353/78 3365/702 2945/702]
[  123/26 3089/702   173/54   245/78 1553/702 1697/702   137/78 1565/702 1289/702    67/26 1721/702 1025/702   125/78  617/702  905/702]
[     5/6 1061/702  929/702     7/26  245/702 -307/702    -7/78 -427/702    5/702   -19/78  449/702  461/702    -5/26     5/54 -343/702]
[    5/78 -175/702  401/702    41/78 -271/702 -115/702   -21/26 -223/702 -487/702     5/78  -31/702    53/54    89/78  305/702  605/702]
[   11/26  785/702  665/702   149/78 1409/702  869/702   125/78  773/702 1217/702      3/2 1685/702 1709/702   281/78 2741/702 2345/702]
[  305/78 2537/702 3125/702   115/26 3881/702 4049/702   401/78   305/54 3713/702   317/78 2789/702 2117/702    83/26 1757/702 2069/702]
[  197/78 2273/702 2165/702   161/78 1529/702    77/54    47/26  929/702 1385/702   137/78  473/702  509/702    -7/78  161/702 -223/702]
[    7/26   -7/702  593/702      5/6  -31/702  149/702   -31/78   89/702 -151/702    15/26  353/702 -307/702   -19/78 -643/702 -319/702]
[  -67/78    -7/54 -187/702    19/26  605/702   89/702    41/78   41/702  509/702    41/78 1025/702 1073/702    19/26  749/702    29/54]
[   89/78  617/702 1229/702   137/78 2033/702 2225/702    67/26 2189/702 1961/702   281/78 2489/702 3245/702     29/6 2933/702 3269/702]
[  111/26 3521/702 3437/702   305/78 2849/702 2345/702   293/78 2321/702 2801/702    99/26   149/54 1997/702   161/78 1697/702 1337/702]
[  197/78 1601/702  821/702    31/26  245/702  449/702     5/78  437/702    17/54    89/78  773/702  137/702    11/26 -151/702  197/702]
[   -7/78  473/702  401/702   -31/78 -163/702 -655/702        0        0        0        0        0        0        0        0        0]
Unobstructed
43
---------------------------
---------------------------
13a1536
Correction terms
[    -1/2 -271/278 -111/278 -215/278  -27/278 -103/278  113/278   65/278 -247/278 -267/278    5/278   13/278 -243/278 -207/278 -435/278]
[-371/278  -15/278   77/278  -95/278   25/278 -119/278   29/278  -87/278   89/278    1/278 -351/278 -411/278 -179/278 -211/278   49/278]
[  45/278 -223/278 -199/278  117/278  169/278  -43/278   37/278 -147/278 -595/278 -195/278  -59/278 -187/278  -23/278 -123/278   69/278]
[  -3/278  217/278  173/278 -135/278 -151/278 -431/278 -419/278 -115/278  -75/278 -299/278 -231/278  129/278  225/278   57/278  181/278]
[  41/278 -363/278 -475/278 -295/278 -379/278 -171/278 -227/278    9/278  -19/278  245/278  245/278  -19/278    9/278 -227/278 -171/278]
[-379/278 -295/278 -475/278 -363/278   41/278  181/278   57/278  225/278  129/278 -231/278 -299/278  -75/278 -115/278 -419/278 -431/278]
[-151/278 -135/278  173/278  217/278   -3/278   69/278 -123/278  -23/278 -187/278  -59/278 -195/278 -595/278 -147/278   37/278  -43/278]
[ 169/278  117/278 -199/278 -223/278   45/278   49/278 -211/278 -179/278 -411/278 -351/278    1/278   89/278  -87/278   29/278 -119/278]
[  25/278  -95/278   77/278  -15/278 -371/278 -435/278 -207/278 -243/278   13/278    5/278 -267/278 -247/278   65/278  113/278 -103/278]
[ -27/278 -215/278 -111/278 -271/278        0        0        0        0        0        0        0        0        0        0        0]
Testing obstruction for
m1: 1, m2: 70,a: 0
[    -1/2 -135/278 -123/278 -103/278  -75/278  -39/278    5/278   57/278  117/278  185/278  261/278  345/278  437/278  537/278  645/278]
[ 761/278  885/278 1017/278 1157/278 1305/278 1461/278 1625/278 1797/278 1977/278 2165/278 2361/278 2565/278 2777/278 2997/278 3225/278]
[3461/278 3705/278 3957/278 4217/278 4485/278 4761/278 4489/278 4225/278 3969/278 3721/278 3481/278 3249/278 3025/278 2809/278 2601/278]
[2401/278 2209/278 2025/278 1849/278 1681/278 1521/278 1369/278 1225/278 1089/278  961/278  841/278  729/278  625/278  529/278  441/278]
[ 361/278  289/278  225/278  169/278  121/278   81/278   49/278   25/278    9/278    1/278    1/278    9/278   25/278   49/278   81/278]
[ 121/278  169/278  225/278  289/278  361/278  441/278  529/278  625/278  729/278  841/278  961/278 1089/278 1225/278 1369/278 1521/278]
[1681/278 1849/278 2025/278 2209/278 2401/278 2601/278 2809/278 3025/278 3249/278 3481/278 3721/278 3969/278 4225/278 4489/278 4761/278]
[4485/278 4217/278 3957/278 3705/278 3461/278 3225/278 2997/278 2777/278 2565/278 2361/278 2165/278 1977/278 1797/278 1625/278 1461/278]
[1305/278 1157/278 1017/278  885/278  761/278  645/278  537/278  437/278  345/278  261/278  185/278  117/278   57/278    5/278  -39/278]
[ -75/278 -103/278 -123/278 -135/278        0        0        0        0        0        0        0        0        0        0        0]
Unobstructed
48
---------------------------
---------------------------
13a1538
Correction terms
[    -1/2 -343/366  -91/366  -53/122  185/366 -523/366  -29/122   29/366 -175/366   11/122  -79/366  221/366   67/122 -139/366  -67/366]
[-105/122 -151/366 -307/366 -261/122 -115/366 -499/366 -157/122  -31/366   89/366  -37/122  101/366   -7/366   99/122 -451/366  -55/366]
[   7/122 -223/366  -55/366  -69/122   53/366   -7/366 -129/122 -355/366   89/366 -173/122   17/366 -499/366   43/122 -295/366 -307/366]
[  31/122  173/366  -67/366   35/122  -43/366  221/366 -189/122 -211/366 -175/366 -153/122 -331/366 -523/366 -101/122 -403/366  -91/366]
[ -33/122      5/6 -343/366   51/122 -403/366  185/366  -93/122 -331/366   29/366   23/122 -211/366  -79/366  -89/122  -43/366 -139/366]
[-185/122  173/366 -151/366  -21/122 -295/366 -115/366  -85/122   17/366  -31/366  111/122 -355/366  101/366 -165/122   53/366 -451/366]
[-181/122 -223/366 -223/366 -181/122 -451/366   53/366 -165/122  101/366 -355/366  111/122  -31/366   17/366  -85/122 -115/366 -295/366]
[ -21/122 -151/366  173/366 -185/122 -139/366  -43/366  -89/122  -79/366 -211/366   23/122   29/366 -331/366  -93/122  185/366 -403/366]
[  51/122 -343/366      5/6  -33/122  -91/366 -403/366 -101/122 -523/366 -331/366 -153/122 -175/366 -211/366 -189/122  221/366  -43/366]
[  35/122  -67/366  173/366   31/122 -307/366 -295/366   43/122 -499/366   17/366 -173/122   89/366 -355/366 -129/122   -7/366   53/366]
[ -69/122  -55/366 -223/366    7/122  -55/366 -451/366   99/122   -7/366  101/366  -37/122   89/366  -31/366 -157/122 -499/366 -115/366]
[-261/122 -307/366 -151/366 -105/122  -67/366 -139/366   67/122  221/366  -79/366   11/122 -175/366   29/366  -29/122 -523/366  185/366]
[ -53/122  -91/366 -343/366        0        0        0        0        0        0        0        0        0        0        0        0]
Testing obstruction for
m1: 1, m2: 92,a: 0
[    -1/2 -179/366 -167/366  -49/122 -119/366  -83/366  -13/122   13/366   73/366   47/122  217/366  301/366  131/122  493/366  601/366]
[ 239/122  841/366  973/366  371/122 1261/366 1417/366  527/122 1753/366 1933/366  707/122 2317/366 2521/366  911/122 2953/366 3181/366]
[1139/122 3661/366 3913/366 1391/122 4441/366 4717/366 1667/122 5293/366 5593/366 1967/122 6217/366 6541/366 2291/122 7213/366 7561/366]
[2639/122 8281/366 7921/366 2523/122 7225/366 6889/366 2187/122 6241/366 5929/366 1875/122 5329/366 5041/366 1587/122 4489/366 4225/366]
[1323/122     61/6 3481/366 1083/122 3025/366 2809/366  867/122 2401/366 2209/366  675/122 1849/366 1681/366  507/122 1369/366 1225/366]
[ 363/122  961/366  841/366  243/122  625/366  529/366  147/122  361/366  289/366   75/122  169/366  121/366   27/122   49/366   25/366]
[   3/122    1/366    1/366    3/122   25/366   49/366   27/122  121/366  169/366   75/122  289/366  361/366  147/122  529/366  625/366]
[ 243/122  841/366  961/366  363/122 1225/366 1369/366  507/122 1681/366 1849/366  675/122 2209/366 2401/366  867/122 2809/366 3025/366]
[1083/122 3481/366     61/6 1323/122 4225/366 4489/366 1587/122 5041/366 5329/366 1875/122 5929/366 6241/366 2187/122 6889/366 7225/366]
[2523/122 7921/366 8281/366 2639/122 7561/366 7213/366 2291/122 6541/366 6217/366 1967/122 5593/366 5293/366 1667/122 4717/366 4441/366]
[1391/122 3913/366 3661/366 1139/122 3181/366 2953/366  911/122 2521/366 2317/366  707/122 1933/366 1753/366  527/122 1417/366 1261/366]
[ 371/122  973/366  841/366  239/122  601/366  493/366  131/122  301/366  217/366   47/122   73/366   13/366  -13/122  -83/366 -119/366]
[ -49/122 -167/366 -179/366        0        0        0        0        0        0        0        0        0        0        0        0]
Testing obstruction for
m1: 2, m2: 31,a: 0
[    -1/2 -119/366   73/366 -113/122  109/366  -47/366  -25/122   25/366  253/366  -41/122  361/366  241/366   83/122  385/366  649/366]
[ 103/122  829/366  745/366  263/122  961/366 1261/366  319/122 1513/366 1465/366  515/122 1753/366 2089/366  607/122 2413/366 2401/366]
[ 839/122 2761/366 2401/366  723/122 2065/366 2089/366  503/122 1789/366 1465/366  423/122 1201/366 1261/366  239/122 1033/366  745/366]
[ 195/122  553/366  649/366   47/122  493/366  241/366   39/122  121/366  253/366  -73/122  169/366  -47/366  -45/122  -95/366   73/366]
[-121/122      1/6 -119/366  -57/122  -95/366  109/366  -97/122  169/366   25/366    3/122  121/366  361/366   -1/122  493/366  385/366]
[ 135/122  553/366  829/366  167/122 1033/366  961/366  339/122 1201/366 1513/366  407/122 1789/366 1753/366  615/122 2065/366 2413/366]
[ 719/122 2761/366 2761/366  719/122 2413/366 2065/366  615/122 1753/366 1789/366  407/122 1513/366 1201/366  339/122  961/366 1033/366]
[ 167/122  829/366  553/366  135/122  385/366  493/366   -1/122  361/366  121/366    3/122   25/366  169/366  -97/122  109/366  -95/366]
[ -57/122 -119/366      1/6 -121/122   73/366  -95/366  -45/122  -47/366  169/366  -73/122  253/366  121/366   39/122  241/366  493/366]
[  47/122  649/366  553/366  195/122  745/366 1033/366  239/122 1261/366 1201/366  423/122 1465/366 1789/366  503/122 2089/366 2065/366]
[ 723/122 2401/366 2761/366  839/122 2401/366 2413/366  607/122 2089/366 1753/366  515/122 1465/366 1513/366  319/122 1261/366  961/366]
[ 263/122  745/366  829/366  103/122  649/366  385/366   83/122  241/366  361/366  -41/122  253/366   25/366  -25/122  -47/366  109/366]
[-113/122   73/366 -119/366        0        0        0        0        0        0        0        0        0        0        0        0]
Testing obstruction for
m1: 6, m2: 9,a: 1
[    -1/2 -355/366 -139/366  -89/122   -7/366  -91/366   71/122  173/366  521/366  175/122  185/366  233/366  -21/122   29/366 -223/366]
[ -29/122 -295/366 -115/366  -93/122  -55/366 -175/366   31/122   17/366  329/366   99/122  653/366  665/366  111/122  389/366  101/366]
[  67/122  -43/366  101/366  -33/122   89/366  -67/366   55/122   53/366  329/366   87/122  581/366  557/366  307/122  941/366  617/366]
[ 227/122  401/366  509/366   91/122  425/366  233/366  143/122  281/366  521/366  139/122  701/366  641/366  323/122  953/366  593/366]
[ 207/122      5/6  377/366   35/122  221/366   -7/366   51/122  -31/366  173/366   11/122  281/366  185/366  159/122  425/366  761/366]
[ 251/122  401/366  437/366   43/122  209/366  -55/366   23/122 -151/366   17/366  -53/122   53/366  -79/366   59/122   89/366  389/366]
[ 115/122  689/366  689/366  115/122  389/366   89/366   59/122  -79/366   53/366  -53/122   17/366 -151/366   23/122  -55/366  209/366]
[  43/122  437/366  401/366  251/122  761/366  425/366  159/122  185/366  281/366   11/122  173/366  -31/366   51/122   -7/366  221/366]
[  35/122  377/366      5/6  207/122  593/366  953/366  323/122  641/366  701/366  139/122  521/366  281/366  143/122  233/366  425/366]
[  91/122  509/366  401/366  227/122  617/366  941/366  307/122  557/366  581/366   87/122  329/366   53/366   55/122  -67/366   89/366]
[ -33/122  101/366  -43/366   67/122  101/366  389/366  111/122  665/366  653/366   99/122  329/366   17/366   31/122 -175/366  -55/366]
[ -93/122 -115/366 -295/366  -29/122 -223/366   29/366  -21/122  233/366  185/366  175/122  521/366  173/366   71/122  -91/366   -7/366]
[ -89/122 -139/366 -355/366        0        0        0        0        0        0        0        0        0        0        0        0]
Unobstructed
37
---------------------------
---------------------------
13a1542
Correction terms
[    -1/2 -379/678  857/678  219/226  377/678   17/678 -141/226  413/678 -187/678  163/226 -271/678  245/678  227/226 1037/678  -43/678]
[  51/226  269/678  305/678   87/226  137/678  -67/678 -117/226  641/678  197/678 -109/226  425/678 -259/678  111/226 -511/678  -79/678]
[  91/226  545/678  737/678  283/226 -475/678 -523/678  235/226  497/678  209/678  -53/226  749/678  221/678  323/226  281/678 -487/678]
[   7/226  449/678  797/678  -97/226 -103/678    5/678   11/226  -19/678 -151/678 -121/226 -655/678  329/678  -41/226  701/678   89/678]
[ 251/226  -19/678  485/678 -149/226 -103/678  161/678  115/226  449/678  473/678  139/226  281/678   65/678  -77/226 -607/678  293/678]
[ -81/226  497/678 -199/678  127/226 -475/678  -55/678   95/226  545/678 -631/678 -177/226  845/678  785/678  215/226  425/678  125/678]
[ -85/226  641/678  101/678 -173/226  137/678  713/678  403/226  269/678  605/678 -165/226 -319/678 -223/678  -69/226 -271/678 -415/678]
[ 239/226  413/678   29/678 -145/226  377/678 -247/678  135/226 -379/678      1/6  175/226  857/678 1109/678  -25/226   17/678   29/678]
[ -13/226 -187/678 -415/678  211/226  245/678 1133/678  195/226  -43/678 -751/678  -61/226  305/678  713/678 -105/226  -67/678  101/678]
[  63/226  197/678  125/678   -9/226 -259/678  785/678  131/226  -79/678  725/678   31/226  737/678  -55/678  143/226 -523/678 -199/678]
[  15/226  209/678  293/678   99/226  221/678   65/678  -57/226 -487/678  473/678   -1/226  797/678  161/678 -185/226    5/678  485/678]
[ 295/226 -151/678   89/678   83/226  329/678  329/678   83/226   89/678 -151/678  295/226  485/678    5/678 -185/226  161/678  797/678]
[  -1/226  473/678 -487/678  -57/226   65/678  221/678   99/226  293/678  209/678   15/226 -199/678 -523/678  143/226  -55/678  737/678]
[  31/226  725/678  -79/678  131/226  785/678 -259/678   -9/226  125/678  197/678   63/226  101/678  -67/678 -105/226  713/678  305/678]
[ -61/226 -751/678  -43/678  195/226 1133/678  245/678  211/226 -415/678 -187/678  -13/226   29/678   17/678  -25/226 1109/678  857/678]
[ 175/226      1/6 -379/678  135/226 -247/678  377/678 -145/226   29/678  413/678  239/226 -415/678 -271/678  -69/226 -223/678 -319/678]
[-165/226  605/678  269/678  403/226  713/678  137/678 -173/226  101/678  641/678  -85/226  125/678  425/678  215/226  785/678  845/678]
[-177/226 -631/678  545/678   95/226  -55/678 -475/678  127/226 -199/678  497/678  -81/226  293/678 -607/678  -77/226   65/678  281/678]
[ 139/226  473/678  449/678  115/226  161/678 -103/678 -149/226  485/678  -19/678  251/226   89/678  701/678  -41/226  329/678 -655/678]
[-121/226 -151/678  -19/678   11/226    5/678 -103/678  -97/226  797/678  449/678    7/226 -487/678  281/678  323/226  221/678  749/678]
[ -53/226  209/678  497/678  235/226 -523/678 -475/678  283/226  737/678  545/678   91/226  -79/678 -511/678  111/226 -259/678  425/678]
[-109/226  197/678  641/678 -117/226  -67/678  137/678   87/226  305/678  269/678   51/226  -43/678 1037/678  227/226  245/678 -271/678]
[ 163/226 -187/678  413/678 -141/226   17/678  377/678  219/226  857/678 -379/678        0        0        0        0        0        0]
Testing obstruction for
m1: 1, m2: 170,a: 0
[     -1/2  -335/678  -323/678  -101/226  -275/678  -239/678   -65/226  -143/678   -83/678    -5/226    61/678   145/678    79/226   337/678   445/678]
[  187/226   685/678   817/678   319/226  1105/678  1261/678   475/226  1597/678  1777/678   655/226  2161/678  2365/678   859/226  2797/678  3025/678]
[ 1087/226  3505/678  3757/678  1339/226  4285/678  4561/678  1615/226  5137/678  5437/678  1915/226  6061/678  6385/678  2239/226  7057/678  7405/678]
[ 2587/226  8125/678  8497/678  2959/226  9265/678  9661/678  3355/226 10477/678 10897/678  3775/226 11761/678 12205/678  4219/226 13117/678 13585/678]
[ 4687/226 14545/678 15037/678  5179/226 16045/678 16561/678  5695/226 17617/678 18157/678  6235/226 19261/678 19825/678  6799/226 20977/678 21565/678]
[ 7387/226 22765/678 23377/678  7999/226 24625/678 25261/678  8635/226 26557/678 27217/678  9295/226 28561/678 27889/678  9075/226 26569/678 25921/678]
[ 8427/226 24649/678 24025/678  7803/226 22801/678 22201/678  7203/226 21025/678 20449/678  6627/226 19321/678 18769/678  6075/226 17689/678 17161/678]
[ 5547/226 16129/678 15625/678  5043/226 14641/678 14161/678  4563/226 13225/678     113/6  4107/226 11881/678 11449/678  3675/226 10609/678 10201/678]
[ 3267/226  9409/678  9025/678  2883/226  8281/678  7921/678  2523/226  7225/678  6889/678  2187/226  6241/678  5929/678  1875/226  5329/678  5041/678]
[ 1587/226  4489/678  4225/678  1323/226  3721/678  3481/678  1083/226  3025/678  2809/678   867/226  2401/678  2209/678   675/226  1849/678  1681/678]
[  507/226  1369/678  1225/678   363/226   961/678   841/678   243/226   625/678   529/678   147/226   361/678   289/678    75/226   169/678   121/678]
[   27/226    49/678    25/678     3/226     1/678     1/678     3/226    25/678    49/678    27/226   121/678   169/678    75/226   289/678   361/678]
[  147/226   529/678   625/678   243/226   841/678   961/678   363/226  1225/678  1369/678   507/226  1681/678  1849/678   675/226  2209/678  2401/678]
[  867/226  2809/678  3025/678  1083/226  3481/678  3721/678  1323/226  4225/678  4489/678  1587/226  5041/678  5329/678  1875/226  5929/678  6241/678]
[ 2187/226  6889/678  7225/678  2523/226  7921/678  8281/678  2883/226  9025/678  9409/678  3267/226 10201/678 10609/678  3675/226 11449/678 11881/678]
[ 4107/226     113/6 13225/678  4563/226 14161/678 14641/678  5043/226 15625/678 16129/678  5547/226 17161/678 17689/678  6075/226 18769/678 19321/678]
[ 6627/226 20449/678 21025/678  7203/226 22201/678 22801/678  7803/226 24025/678 24649/678  8427/226 25921/678 26569/678  9075/226 27889/678 28561/678]
[ 9295/226 27217/678 26557/678  8635/226 25261/678 24625/678  7999/226 23377/678 22765/678  7387/226 21565/678 20977/678  6799/226 19825/678 19261/678]
[ 6235/226 18157/678 17617/678  5695/226 16561/678 16045/678  5179/226 15037/678 14545/678  4687/226 13585/678 13117/678  4219/226 12205/678 11761/678]
[ 3775/226 10897/678 10477/678  3355/226  9661/678  9265/678  2959/226  8497/678  8125/678  2587/226  7405/678  7057/678  2239/226  6385/678  6061/678]
[ 1915/226  5437/678  5137/678  1615/226  4561/678  4285/678  1339/226  3757/678  3505/678  1087/226  3025/678  2797/678   859/226  2365/678  2161/678]
[  655/226  1777/678  1597/678   475/226  1261/678  1105/678   319/226   817/678   685/678   187/226   445/678   337/678    79/226   145/678    61/678]
[   -5/226   -83/678  -143/678   -65/226  -239/678  -275/678  -101/226  -323/678  -335/678         0         0         0         0         0         0]
Testing obstruction for
m1: 2, m2: 57,a: 0
[    -1/2 -223/678  125/678 -217/226  161/678 -151/678  -77/226  -79/678  305/678 -145/226  413/678  137/678   31/226  281/678  701/678]
[  -1/226  881/678  641/678  211/226  857/678 1313/678  215/226 1565/678 1361/678  463/226 1649/678 2141/678  503/226 2465/678 2297/678]
[ 787/226 2657/678 3185/678  863/226 3581/678 3449/678 1183/226 3881/678 4445/678 1295/226 4913/678 4817/678 1651/226 5321/678 5921/678]
[1799/226 6461/678 6401/678 2191/226 6977/678 7613/678 2375/226 8225/678 8201/678 2803/226 8849/678 9521/678 3023/226 8849/678 8861/678]
[2583/226 8225/678 7577/678 2387/226 6977/678 7025/678 1983/226 6461/678 5849/678 1823/226 5321/678 5405/678 1455/226 4913/678 4337/678]
[1331/226 3881/678 4001/678  999/226 3581/678 3041/678  911/226 2657/678 2813/678  615/226 2465/678 1961/678  563/226 1649/678 1841/678]
[ 303/226 1565/678 1097/678  287/226  857/678 1085/678   63/226  881/678  449/678   83/226  281/678  545/678 -105/226  413/678   17/678]
[ -49/226  -79/678  221/678 -201/226  161/678 -199/678 -109/226 -223/678      1/6 -225/226  125/678 -199/678  -97/226 -151/678  221/678]
[-177/226  305/678   17/678  -13/226  137/678  545/678  -57/226  701/678  449/678  143/226  641/678 1085/678  135/226 1313/678 1097/678]
[ 371/226 1361/678 1841/678  399/226 2141/678 1961/678  671/226 2297/678 2813/678  735/226 3185/678 3041/678 1043/226 3449/678 4001/678]
[1143/226 4445/678 4337/678 1487/226 4817/678 5405/678 1623/226 5921/678 5849/678 2003/226 6401/678 7025/678 2175/226 7613/678 7577/678]
[2591/226 8201/678 8861/678 2799/226 9521/678 9521/678 2799/226 8861/678 8201/678 2591/226 7577/678 7613/678 2175/226 7025/678 6401/678]
[2003/226 5849/678 5921/678 1623/226 5405/678 4817/678 1487/226 4337/678 4445/678 1143/226 4001/678 3449/678 1043/226 3041/678 3185/678]
[ 735/226 2813/678 2297/678  671/226 1961/678 2141/678  399/226 1841/678 1361/678  371/226 1097/678 1313/678  135/226 1085/678  641/678]
[ 143/226  449/678  701/678  -57/226  545/678  137/678  -13/226   17/678  305/678 -177/226  221/678 -151/678  -97/226 -199/678  125/678]
[-225/226      1/6 -223/678 -109/226 -199/678  161/678 -201/226  221/678  -79/678  -49/226   17/678  413/678 -105/226  545/678  281/678]
[  83/226  449/678  881/678   63/226 1085/678  857/678  287/226 1097/678 1565/678  303/226 1841/678 1649/678  563/226 1961/678 2465/678]
[ 615/226 2813/678 2657/678  911/226 3041/678 3581/678  999/226 4001/678 3881/678 1331/226 4337/678 4913/678 1455/226 5405/678 5321/678]
[1823/226 5849/678 6461/678 1983/226 7025/678 6977/678 2387/226 7577/678 8225/678 2583/226 8861/678 8849/678 3023/226 9521/678 8849/678]
[2803/226 8201/678 8225/678 2375/226 7613/678 6977/678 2191/226 6401/678 6461/678 1799/226 5921/678 5321/678 1651/226 4817/678 4913/678]
[1295/226 4445/678 3881/678 1183/226 3449/678 3581/678  863/226 3185/678 2657/678  787/226 2297/678 2465/678  503/226 2141/678 1649/678]
[ 463/226 1361/678 1565/678  215/226 1313/678  857/678  211/226  641/678  881/678   -1/226  701/678  281/678   31/226  137/678  413/678]
[-145/226  305/678  -79/678  -77/226 -151/678  161/678 -217/226  125/678 -223/678        0        0        0        0        0        0]
[-223/678, 125/678, -217/226]
101 [-223/678, 125/678, 235/226]
Testing obstruction for
m1: 4, m2: 25,a: 1
[    -1/2 -671/678 -311/678 -205/226 -227/678 -503/678  -29/226 -335/678  109/678  -37/226  361/678  169/678  223/226  505/678 1033/678]
[ 299/226 1453/678 1345/678  643/226 1849/678 2461/678  803/226 3049/678 3025/678 1231/226 3697/678 3037/678 1023/226 2437/678 2497/678]
[ 631/226 1981/678 1405/678  507/226  973/678 1117/678  199/226  769/678  277/678  159/226   13/678  241/678  -65/226   61/678 -347/678]
[ -21/226 -443/678 -131/678 -161/226 -143/678 -467/678  -33/226 -395/678    1/678  -89/226  157/678  -83/678  123/226  157/678  637/678]
[ 151/226  961/678  805/678  447/226 1213/678 1777/678  559/226 2269/678 2197/678  939/226 2773/678 3421/678 1135/226 4081/678 4093/678]
[1147/226 3481/678 2857/678  975/226 2329/678 2425/678  619/226 1981/678 1441/678  531/226 1081/678 1261/678  259/226  985/678  529/678]
[ 255/226  337/678  601/678   67/226  493/678  121/678  147/226   97/678  445/678   43/226  505/678  217/678  207/226  361/678  793/678]
[ 187/226 1021/678  817/678  435/226 1129/678 1645/678  499/226 2041/678     17/6  831/226 2401/678 3001/678  979/226 3565/678 3529/678]
[1395/226 4177/678 3505/678 1175/226 2881/678 2929/678  771/226 2389/678 1801/678  635/226 1345/678 1477/678  315/226 1105/678  601/678]
[ 263/226  313/678  529/678   27/226  325/678  -95/678   59/226 -215/678   85/678  -93/226   49/678 -287/678   23/226 -239/678  145/678]
[ -45/226  277/678   25/678  155/226  241/678  709/678  171/226 1009/678  841/678  455/226 1225/678 1777/678  555/226 2245/678 2161/678]
[ 923/226 2713/678 3349/678 1107/226 3985/678 3985/678 1107/226 3349/678 2713/678  923/226 2161/678 2245/678  555/226 1777/678 1225/678]
[ 455/226  841/678 1009/678  171/226  709/678  241/678  155/226   25/678  277/678  -45/226  145/678 -239/678   23/226 -287/678   49/678]
[ -93/226   85/678 -215/678   59/226  -95/678  325/678   27/226  529/678  313/678  263/226  601/678 1105/678  315/226 1477/678 1345/678]
[ 635/226 1801/678 2389/678  771/226 2929/678 2881/678 1175/226 3505/678 4177/678 1395/226 3529/678 3565/678  979/226 3001/678 2401/678]
[ 831/226     17/6 2041/678  499/226 1645/678 1129/678  435/226  817/678 1021/678  187/226  793/678  361/678  207/226  217/678  505/678]
[  43/226  445/678   97/678  147/226  121/678  493/678   67/226  601/678  337/678  255/226  529/678  985/678  259/226 1261/678 1081/678]
[ 531/226 1441/678 1981/678  619/226 2425/678 2329/678  975/226 2857/678 3481/678 1147/226 4093/678 4081/678 1135/226 3421/678 2773/678]
[ 939/226 2197/678 2269/678  559/226 1777/678 1213/678  447/226  805/678  961/678  151/226  637/678  157/678  123/226  -83/678  157/678]
[ -89/226    1/678 -395/678  -33/226 -467/678 -143/678 -161/226 -131/678 -443/678  -21/226 -347/678   61/678  -65/226  241/678   13/678]
[ 159/226  277/678  769/678  199/226 1117/678  973/678  507/226 1405/678 1981/678  631/226 2497/678 2437/678 1023/226 3037/678 3697/678]
[1231/226 3025/678 3049/678  803/226 2461/678 1849/678  643/226 1345/678 1453/678  299/226 1033/678  505/678  223/226  169/678  361/678]
[ -37/226  109/678 -335/678  -29/226 -503/678 -227/678 -205/226 -311/678 -671/678        0        0        0        0        0        0]
Testing obstruction for
m1: 3, m2: 36,a: 2
[    -1/2 -607/678  -55/678  -13/226 -559/678 -259/678 -165/226   89/678  137/678 -117/226  -19/678 -223/678  131/226  473/678   17/678]
[ 127/226  209/678  857/678  323/226  545/678  941/678  267/226 1481/678 1625/678  411/226 1661/678 1553/678  755/226 2441/678 2081/678]
[ 847/226 2465/678 3209/678 1139/226 3089/678 3581/678 1179/226 4313/678 4553/678 1419/226 4781/678 4769/678 1859/226 5849/678 5585/678]
[1595/226 4805/678 4289/678 1531/226 4361/678 3593/678 1215/226 3161/678 3497/678 1099/226 2561/678 2645/678  731/226 2561/678 2393/678]
[ 563/226 1805/678 1385/678  595/226 1649/678  977/678  375/226  737/678 1169/678  355/226  425/678  605/678   83/226  713/678  641/678]
[  11/226  245/678  -79/678  139/226  377/678 -199/678   15/226 -247/678  281/678   91/226 -271/678    5/678  -85/226  305/678  329/678]
[ -61/226  125/678 -103/678  163/226  545/678   65/678  135/226  209/678  833/678  307/226  473/678  845/678  227/226 1337/678 1457/678]
[ 347/226 1445/678 1313/678  667/226 2153/678 1769/678  735/226 2105/678     25/6 1003/226 2657/678 3125/678 1019/226 3809/678 4025/678]
[1235/226 4205/678 4169/678 1651/226 5201/678 4913/678 1815/226 5441/678 4901/678 1727/226 4925/678 4133/678 1387/226 3653/678 3965/678]
[1247/226 2981/678 3041/678  855/226 2909/678 2717/678  663/226 2081/678 1637/678  671/226 1853/678 1157/678  427/226  869/678 1277/678]
[ 383/226  485/678  641/678   87/226  701/678  605/678   -9/226  161/678 -187/678   95/226  221/678 -379/678  -53/226 -475/678   29/678]
[  -1/226 -571/678 -319/678 -201/226  -67/678  -67/678 -201/226 -319/678 -571/678   -1/226   29/678 -475/678  -53/226 -379/678  221/678]
[  95/226 -187/678  161/678   -9/226  605/678  701/678   87/226  641/678  485/678  383/226 1277/678  869/678  427/226 1157/678 1853/678]
[ 671/226 1637/678 2081/678  663/226 2717/678 2909/678  855/226 3041/678 2981/678 1247/226 3965/678 3653/678 1387/226 4133/678 4925/678]
[1727/226 4901/678 5441/678 1815/226 4913/678 5201/678 1651/226 4169/678 4205/678 1235/226 4025/678 3809/678 1019/226 3125/678 2657/678]
[1003/226     25/6 2105/678  735/226 1769/678 2153/678  667/226 1313/678 1445/678  347/226 1457/678 1337/678  227/226  845/678  473/678]
[ 307/226  833/678  209/678  135/226   65/678  545/678  163/226 -103/678  125/678  -61/226  329/678  305/678  -85/226    5/678 -271/678]
[  91/226  281/678 -247/678   15/226 -199/678  377/678  139/226  -79/678  245/678   11/226  641/678  713/678   83/226  605/678  425/678]
[ 355/226 1169/678  737/678  375/226  977/678 1649/678  595/226 1385/678 1805/678  563/226 2393/678 2561/678  731/226 2645/678 2561/678]
[1099/226 3497/678 3161/678 1215/226 3593/678 4361/678 1531/226 4289/678 4805/678 1595/226 5585/678 5849/678 1859/226 4769/678 4781/678]
[1419/226 4553/678 4313/678 1179/226 3581/678 3089/678 1139/226 3209/678 2465/678  847/226 2081/678 2441/678  755/226 1553/678 1661/678]
[ 411/226 1625/678 1481/678  267/226  941/678  545/678  323/226  857/678  209/678  127/226   17/678  473/678  131/226 -223/678  -19/678]
[-117/226  137/678   89/678 -165/226 -259/678 -559/678  -13/226  -55/678 -607/678        0        0        0        0        0        0]
[-607/678, -55/678, -13/226, -559/678]
73 [-607/678, -55/678, -13/226, 797/678]
Testing obstruction for
m1: 8, m2: 13,a: 3
[    -1/2 -587/678   25/678   47/226 1117/678  241/678   75/226 -287/678   61/678  -29/226  625/678  841/678  187/226 -215/678 -131/678]
[-181/226  -95/678 -143/678  223/226  985/678  805/678   43/226  313/678    1/678  183/226  601/678 1513/678  191/226  493/678  -83/678]
[  67/226  -11/678  637/678  263/226 1801/678  961/678  327/226  505/678  889/678  259/226 1525/678 1777/678  511/226  793/678  913/678]
[ 179/226 1021/678 1009/678  619/226 2209/678 2065/678  475/226 1645/678 1369/678  651/226 2041/678 1633/678  695/226 2041/678 1501/678]
[ 607/226 1645/678  973/678  387/226  853/678 1405/678  487/226 2377/678 1441/678  455/226  793/678 1081/678  291/226 1525/678 1681/678]
[ 447/226  505/678  529/678   19/226  445/678  337/678  363/226 1345/678 1105/678  123/226  493/678  121/678  203/226  601/678 1453/678]
[ 151/226  313/678 -323/678  -33/226 -371/678  217/678  103/226 1261/678  361/678  107/226 -215/678  109/678  -21/226  625/678  817/678]
[ 171/226 -287/678 -227/678 -221/226 -239/678 -311/678  159/226  769/678      5/6  -45/226   25/678 -311/678   71/226  241/678 1129/678]
[  55/226   61/678 -539/678  -93/226 -515/678  109/678   79/226 1225/678  361/678  119/226 -143/678  217/678   27/226  805/678 1033/678]
[ 255/226    1/678   97/678 -101/226  157/678  121/678  315/226 1273/678 1105/678  147/226  637/678  337/678  299/226  961/678 1885/678]
[ 319/226  889/678  325/678  207/226  421/678 1081/678  415/226 2269/678 1441/678  491/226 1009/678 1405/678  435/226 2065/678 2329/678]
[ 699/226 1369/678 1501/678  379/226 1633/678 1633/678  379/226 1501/678 1369/678  699/226 2329/678 2065/678  435/226 1405/678 1009/678]
[ 491/226 1441/678 2269/678  415/226 1081/678  421/678  207/226  325/678  889/678  319/226 1885/678  961/678  299/226  337/678  637/678]
[ 147/226 1105/678 1273/678  315/226  121/678  157/678 -101/226   97/678    1/678  255/226 1033/678  805/678   27/226  217/678 -143/678]
[ 119/226  361/678 1225/678   79/226  109/678 -515/678  -93/226 -539/678   61/678   55/226 1129/678  241/678   71/226 -311/678   25/678]
[ -45/226      5/6  769/678  159/226 -311/678 -239/678 -221/226 -227/678 -287/678  171/226  817/678  625/678  -21/226  109/678 -215/678]
[ 107/226  361/678 1261/678  103/226  217/678 -371/678  -33/226 -323/678  313/678  151/226 1453/678  601/678  203/226  121/678  493/678]
[ 123/226 1105/678 1345/678  363/226  337/678  445/678   19/226  529/678  505/678  447/226 1681/678 1525/678  291/226 1081/678  793/678]
[ 455/226 1441/678 2377/678  487/226 1405/678  853/678  387/226  973/678 1645/678  607/226 1501/678 2041/678  695/226 1633/678 2041/678]
[ 651/226 1369/678 1645/678  475/226 2065/678 2209/678  619/226 1009/678 1021/678  179/226  913/678  793/678  511/226 1777/678 1525/678]
[ 259/226  889/678  505/678  327/226  961/678 1801/678  263/226  637/678  -11/678   67/226  -83/678  493/678  191/226 1513/678  601/678]
[ 183/226    1/678  313/678   43/226  805/678  985/678  223/226 -143/678  -95/678 -181/226 -131/678 -215/678  187/226  841/678  625/678]
[ -29/226   61/678 -287/678   75/226  241/678 1117/678   47/226   25/678 -587/678        0        0        0        0        0        0]
Testing obstruction for
m1: 7, m2: 16,a: 4
[    -1/2 -647/678 -215/678 -133/226  157/678   97/678  259/226  841/678  289/678  159/226   49/678  361/678   19/226  493/678  313/678]
[ 291/226  817/678 1501/678  523/226 2377/678 2569/678  715/226 2461/678 2161/678  867/226 2425/678 1633/678  527/226  913/678  985/678]
[ 147/226  637/678  217/678  179/226  241/678  685/678  171/226 1081/678 1033/678  123/226  445/678  -95/678   35/226 -311/678   13/678]
[ -93/226  169/678    1/678  191/226  529/678 1225/678  435/226  769/678  973/678  187/226  889/678  601/678  351/226  889/678 1465/678]
[ 475/226 2125/678 2209/678  559/226 1885/678 1477/678  603/226 1525/678 1981/678  607/226 1045/678 1009/678  119/226  445/678  -83/678]
[  43/226 -275/678   61/678  -73/226  241/678   85/678  223/226  637/678  -11/678   27/226 -443/678 -227/678 -209/226 -287/678 -563/678]
[ -33/226 -251/678  337/678  103/226 1021/678 1117/678  199/226  817/678  421/678  255/226  493/678  961/678  271/226 1405/678 1381/678]
[ 699/226 2197/678 1681/678  635/226 1513/678 1861/678  531/226 2065/678     17/6  387/226 1141/678  505/678  203/226   97/678  325/678]
[ -21/226  289/678   25/678  167/226  361/678  961/678  315/226  313/678  421/678  -29/226  145/678 -239/678   39/226 -143/678  337/678]
[  67/226  805/678  793/678  507/226 1633/678 1129/678  455/226  985/678 1345/678  363/226 1573/678 1441/678  683/226 2041/678 1417/678]
[ 511/226 1033/678 1273/678  299/226 1261/678 1009/678  499/226 1369/678  625/678  207/226    1/678  121/678 -125/226 -131/678 -503/678]
[ -45/226 -383/678  109/678   -5/226  601/678  601/678   -5/226  109/678 -383/678  -45/226 -503/678 -131/678 -125/226  121/678    1/678]
[ 207/226  625/678 1369/678  499/226 1009/678 1261/678  299/226 1273/678 1033/678  511/226 1417/678 2041/678  683/226 1441/678 1573/678]
[ 363/226 1345/678  985/678  455/226 1129/678 1633/678  507/226  793/678  805/678   67/226  337/678 -143/678   39/226 -239/678  145/678]
[ -29/226  421/678  313/678  315/226  961/678  361/678  167/226   25/678  289/678  -21/226  325/678   97/678  203/226  505/678 1141/678]
[ 387/226     17/6 2065/678  531/226 1861/678 1513/678  635/226 1681/678 2197/678  699/226 1381/678 1405/678  271/226  961/678  493/678]
[ 255/226  421/678  817/678  199/226 1117/678 1021/678  103/226  337/678 -251/678  -33/226 -563/678 -287/678 -209/226 -227/678 -443/678]
[  27/226  -11/678  637/678  223/226   85/678  241/678  -73/226   61/678 -275/678   43/226  -83/678  445/678  119/226 1009/678 1045/678]
[ 607/226 1981/678 1525/678  603/226 1477/678 1885/678  559/226 2209/678 2125/678  475/226 1465/678  889/678  351/226  601/678  889/678]
[ 187/226  973/678  769/678  435/226 1225/678  529/678  191/226    1/678  169/678  -93/226   13/678 -311/678   35/226  -95/678  445/678]
[ 123/226 1033/678 1081/678  171/226  685/678  241/678  179/226  217/678  637/678  147/226  985/678  913/678  527/226 1633/678 2425/678]
[ 867/226 2161/678 2461/678  715/226 2569/678 2377/678  523/226 1501/678  817/678  291/226  313/678  493/678   19/226  361/678   49/678]
[ 159/226  289/678  841/678  259/226   97/678  157/678 -133/226 -215/678 -647/678        0        0        0        0        0        0]
Testing obstruction for
m1: 11, m2: 12,a: 6
[    -1/2 -655/678 -247/678 -157/226   29/678 -103/678  163/226  449/678 1133/678  395/226 1961/678 2105/678  539/226 1853/678 1457/678]
[ 595/226 1481/678 1901/678  563/226 2201/678 2081/678  443/226 1301/678  641/678  235/226  137/678  293/678  -61/226   65/678 -319/678]
[   7/226 -271/678  161/678  -13/226  485/678  377/678  331/226  977/678 1685/678  587/226 1205/678 1373/678  303/226 1169/678  797/678]
[ 383/226  869/678 1313/678  375/226 1661/678 1565/678  279/226  833/678  197/678   95/226 -259/678  -79/678 -177/226 -259/678 -619/678]
[ -85/226 -523/678  -67/678  -81/226  305/678  221/678  287/226  869/678 1601/678  567/226 1169/678 1361/678  307/226 1205/678  857/678]
[ 411/226  977/678 1445/678  427/226 1841/678 1769/678  355/226 1085/678  473/678  195/226   65/678  269/678  -53/226  137/678 -199/678]
[  63/226  -55/678  425/678   91/226  845/678  785/678  483/226 1481/678  881/678  335/226  497/678  713/678   99/226  605/678  281/678]
[ 227/226  449/678  941/678  267/226 1385/678 1337/678  219/226  701/678      1/6   83/226 -247/678  -19/678 -141/226 -103/678 -415/678]
[  -1/226 -223/678  281/678   51/226  749/678  713/678  467/226 1457/678  881/678  343/226  545/678  785/678  131/226  725/678  425/678]
[ 283/226  641/678 1157/678  347/226 1649/678 1625/678  323/226 1037/678  473/678  211/226  161/678  413/678   11/226  377/678   89/678]
[ 175/226  329/678  857/678  251/226 1373/678 1361/678  239/226  797/678  245/678  139/226  -43/678  221/678  -49/226  209/678  -67/678]
[ 127/226  197/678  737/678  215/226 1277/678 1277/678  215/226  737/678  197/678  127/226  -67/678  209/678  -49/226  221/678  -43/678]
[ 139/226  245/678  797/678  239/226 1361/678 1373/678  251/226  857/678  329/678  175/226   89/678  377/678   11/226  413/678  161/678]
[ 211/226  473/678 1037/678  323/226 1625/678 1649/678  347/226 1157/678  641/678  283/226  425/678  725/678  131/226  785/678  545/678]
[ 343/226  881/678 1457/678  467/226  713/678  749/678   51/226  281/678 -223/678   -1/226 -415/678 -103/678 -141/226  -19/678 -247/678]
[  83/226      1/6  701/678  219/226 1337/678 1385/678  267/226  941/678  449/678  227/226  281/678  605/678   99/226  713/678  497/678]
[ 335/226  881/678 1481/678  483/226  785/678  845/678   91/226  425/678  -55/678   63/226 -199/678  137/678  -53/226  269/678   65/678]
[ 195/226  473/678 1085/678  355/226 1769/678 1841/678  427/226 1445/678  977/678  411/226  857/678 1205/678  307/226 1361/678 1169/678]
[ 567/226 1601/678  869/678  287/226  221/678  305/678  -81/226  -67/678 -523/678  -85/226 -619/678 -259/678 -177/226  -79/678 -259/678]
[  95/226  197/678  833/678  279/226 1565/678 1661/678  375/226 1313/678  869/678  383/226  797/678 1169/678  303/226 1373/678 1205/678]
[ 587/226 1685/678  977/678  331/226  377/678  485/678  -13/226  161/678 -271/678    7/226 -319/678   65/678  -61/226  293/678  137/678]
[ 235/226  641/678 1301/678  443/226 2081/678 2201/678  563/226 1901/678 1481/678  595/226 1457/678 1853/678  539/226 2105/678 1961/678]
[ 395/226 1133/678  449/678  163/226 -103/678   29/678 -157/226 -247/678 -655/678        0        0        0        0        0        0]
[-655/678, -247/678, -157/226]
55 [-655/678, -247/678, 295/226]
Testing obstruction for
m1: 9, m2: 18,a: 8
[    -1/2 -643/678 -199/678 -121/226  221/678  197/678  307/226 1037/678 1901/678  719/226 1805/678 2201/678  663/226 1169/678 1097/678]
[ 139/226  485/678  -55/678   51/226 -247/678  101/678  -53/226  329/678  209/678  279/226  857/678 1625/678  595/226 1337/678 1637/678]
[ 443/226 1769/678 1601/678  275/226  797/678  161/678   91/226 -223/678   29/678 -109/226   65/678 -151/678  127/226  305/678  977/678]
[ 347/226  497/678  701/678   99/226  641/678  377/678  287/226  737/678 1361/678  459/226  785/678  941/678  163/226  785/678  473/678]
[ 303/226  737/678 1313/678  427/226  641/678  749/678   83/226  497/678  137/678  175/226  305/678  833/678  251/226 1421/678 1481/678]
[ 311/226 1133/678  725/678  355/226  797/678 1277/678  383/226  413/678  425/678  -57/226  -19/678 -475/678  -61/226 -499/678  -67/678]
[ -81/226  329/678  293/678  335/226 1109/678 1961/678  735/226 1841/678 2225/678  667/226 1169/678 1085/678  131/226  449/678 -103/678]
[  31/226 -319/678   17/678  -85/226  221/678   89/678  235/226  713/678     13/6  539/226 2513/678 2801/678  827/226 1553/678 1373/678]
[ 195/226  545/678 -103/678   -1/226 -511/678 -271/678 -213/226 -259/678 -487/678   11/226  -55/678  605/678  219/226 1457/678 1649/678]
[ 411/226 1565/678 1289/678  587/226 1625/678  881/678  295/226  281/678  425/678  -13/226  245/678  -79/678  115/226  161/678  725/678]
[ 227/226 1385/678 1481/678  323/226 1205/678  833/678  403/226  977/678 1493/678  467/226  701/678  749/678   63/226  377/678  -43/678]
[  95/226    5/678  473/678  111/226  941/678  941/678  111/226  473/678    5/678   95/226  -43/678  377/678   63/226  749/678  701/678]
[ 467/226 1493/678  977/678  403/226  833/678 1205/678  323/226 1481/678 1385/678  227/226  725/678  161/678  115/226  -79/678  245/678]
[ -13/226  425/678  281/678  295/226  881/678 1625/678  587/226 1289/678 1565/678  411/226 1649/678 1457/678  219/226  605/678  -55/678]
[  11/226 -487/678 -259/678 -213/226 -271/678 -511/678   -1/226 -103/678  545/678  195/226 1373/678 1553/678  827/226 2801/678 2513/678]
[ 539/226     13/6  713/678  235/226   89/678  221/678  -85/226   17/678 -319/678   31/226 -103/678  449/678  131/226 1085/678 1169/678]
[ 667/226 2225/678 1841/678  735/226 1961/678 1109/678  335/226  293/678  329/678  -81/226  -67/678 -499/678  -61/226 -475/678  -19/678]
[ -57/226  425/678  413/678  383/226 1277/678  797/678  355/226  725/678 1133/678  311/226 1481/678 1421/678  251/226  833/678  305/678]
[ 175/226  137/678  497/678   83/226  749/678  641/678  427/226 1313/678  737/678  303/226  473/678  785/678  163/226  941/678  785/678]
[ 459/226 1361/678  737/678  287/226  377/678  641/678   99/226  701/678  497/678  347/226  977/678  305/678  127/226 -151/678   65/678]
[-109/226   29/678 -223/678   91/226  161/678  797/678  275/226 1601/678 1769/678  443/226 1637/678 1337/678  595/226 1625/678  857/678]
[ 279/226  209/678  329/678  -53/226  101/678 -247/678   51/226  -55/678  485/678  139/226 1097/678 1169/678  663/226 2201/678 1805/678]
[ 719/226 1901/678 1037/678  307/226  197/678  221/678 -121/226 -199/678 -643/678        0        0        0        0        0        0]
Testing obstruction for
m1: 15, m2: 18,a: 13
[    -1/2 -643/678 -199/678 -121/226  221/678  197/678  307/226 1037/678  545/678  267/226  449/678  845/678  211/226 1169/678 1097/678]
[ 591/226 1841/678 2657/678  955/226 2465/678 2813/678  851/226 1685/678 1565/678  279/226  857/678  269/678  143/226  -19/678  281/678]
[  -9/226  413/678  245/678  275/226  797/678  161/678   91/226 -223/678   29/678 -109/226   65/678 -151/678  127/226  305/678  977/678]
[ 347/226  497/678  701/678   99/226  641/678  377/678  287/226  737/678 1361/678  459/226 2141/678 2297/678  615/226 2141/678 1829/678]
[ 755/226 2093/678 1313/678  427/226  641/678  749/678   83/226  497/678  137/678  175/226  305/678  833/678  251/226   65/678  125/678]
[-141/226 -223/678 -631/678  -97/226 -559/678  -79/678  -69/226  413/678  425/678  395/226 1337/678  881/678  391/226  857/678 1289/678]
[ 371/226 1685/678 1649/678  787/226 2465/678 1961/678  735/226 1841/678 2225/678  667/226 1169/678 1085/678  131/226  449/678 -103/678]
[  31/226 -319/678   17/678  -85/226  221/678   89/678  235/226  713/678      1/6   87/226 -199/678   89/678  -77/226  197/678   17/678]
[ 195/226  545/678 1253/678  451/226  845/678 1085/678  239/226 1097/678  869/678  463/226 1301/678 1961/678  671/226 1457/678 1649/678]
[ 411/226 1565/678 1289/678  587/226 1625/678  881/678  295/226  281/678  425/678  -13/226  245/678  -79/678  115/226  161/678  725/678]
[ 227/226   29/678  125/678 -129/226 -151/678 -523/678  -49/226 -379/678  137/678   15/226  701/678  749/678  515/226 1733/678 1313/678]
[ 547/226 1361/678 1829/678  563/226 2297/678 2297/678  563/226 1829/678 1361/678  547/226 1313/678 1733/678  515/226  749/678  701/678]
[  15/226  137/678 -379/678  -49/226 -523/678 -151/678 -129/226  125/678   29/678  227/226  725/678  161/678  115/226  -79/678  245/678]
[ -13/226  425/678  281/678  295/226  881/678 1625/678  587/226 1289/678 1565/678  411/226 1649/678 1457/678  671/226 1961/678 1301/678]
[ 463/226  869/678 1097/678  239/226 1085/678  845/678  451/226 1253/678  545/678  195/226   17/678  197/678  -77/226   89/678 -199/678]
[  87/226      1/6  713/678  235/226   89/678  221/678  -85/226   17/678 -319/678   31/226 -103/678  449/678  131/226 1085/678 1169/678]
[ 667/226 2225/678 1841/678  735/226 1961/678 2465/678  787/226 1649/678 1685/678  371/226 1289/678  857/678  391/226  881/678 1337/678]
[ 395/226  425/678  413/678  -69/226  -79/678 -559/678  -97/226 -631/678 -223/678 -141/226  125/678   65/678  251/226  833/678  305/678]
[ 175/226  137/678  497/678   83/226  749/678  641/678  427/226 1313/678 2093/678  755/226 1829/678 2141/678  615/226 2297/678 2141/678]
[ 459/226 1361/678  737/678  287/226  377/678  641/678   99/226  701/678  497/678  347/226  977/678  305/678  127/226 -151/678   65/678]
[-109/226   29/678 -223/678   91/226  161/678  797/678  275/226  245/678  413/678   -9/226  281/678  -19/678  143/226  269/678  857/678]
[ 279/226 1565/678 1685/678  851/226 2813/678 2465/678  955/226 2657/678 1841/678  591/226 1097/678 1169/678  211/226  845/678  449/678]
[ 267/226  545/678 1037/678  307/226  197/678  221/678 -121/226 -199/678 -643/678        0        0        0        0        0        0]
Testing obstruction for
m1: 43, m2: 44,a: 42
[    -1/2 -587/678   25/678   47/226 -239/678  241/678   75/226 -287/678   61/678  -29/226  625/678  841/678  187/226 1141/678 1225/678]
[ 271/226 1261/678 1213/678  675/226 2341/678 2161/678  947/226 3025/678 2713/678 1087/226 3313/678 4225/678 1547/226 4561/678 5341/678]
[1875/226 5413/678 6061/678 2071/226 7225/678 6385/678 2135/226 5929/678 4957/678 1615/226 4237/678 4489/678 1415/226 3505/678 3625/678]
[1083/226 2377/678 2365/678  619/226 2209/678 2065/678  475/226 1645/678 1369/678  199/226  685/678  277/678  243/226  685/678  145/678]
[ 155/226  289/678 -383/678  -65/226 -503/678   49/678   35/226 -335/678   85/678    3/226 -563/678 -275/678 -161/226  169/678  325/678]
[  -5/226  505/678  529/678   19/226  445/678  337/678  363/226 1345/678 1105/678  575/226 1849/678 1477/678  655/226 1957/678 2809/678]
[1055/226 3025/678 3745/678 1323/226 3697/678 4285/678 1459/226 5329/678 5785/678 1915/226 6565/678 6889/678 2239/226 6049/678 6241/678]
[1979/226 5137/678 5197/678 1587/226 3829/678 3757/678 1063/226 3481/678     29/6  859/226 2737/678 2401/678  523/226 1597/678 1129/678]
[ 507/226 1417/678  817/678  359/226  841/678  109/678   79/226 -131/678  361/678  119/226 -143/678  217/678   27/226 -551/678 -323/678]
[-197/226    1/678   97/678 -101/226  157/678  121/678 -137/226  -83/678 -251/678  147/226  637/678  337/678  299/226  961/678  529/678]
[ 319/226  889/678 1681/678  659/226 1777/678 2437/678  867/226 2269/678 2797/678  943/226 3721/678 4117/678 1339/226 4777/678 5041/678]
[1603/226 5437/678 5569/678 2187/226 7057/678 7057/678 2187/226 5569/678 5437/678 1603/226 5041/678 4777/678 1339/226 4117/678 3721/678]
[ 943/226 2797/678 2269/678  867/226 2437/678 1777/678  659/226 1681/678  889/678  319/226  529/678  961/678  299/226  337/678  637/678]
[ 147/226 -251/678  -83/678 -137/226  121/678  157/678 -101/226   97/678    1/678 -197/226 -323/678 -551/678   27/226  217/678 -143/678]
[ 119/226  361/678 -131/678   79/226  109/678  841/678  359/226  817/678 1417/678  507/226 1129/678 1597/678  523/226 2401/678 2737/678]
[ 859/226     29/6 3481/678 1063/226 3757/678 3829/678 1587/226 5197/678 5137/678 1979/226 6241/678 6049/678 2239/226 6889/678 6565/678]
[1915/226 5785/678 5329/678 1459/226 4285/678 3697/678 1323/226 3745/678 3025/678 1055/226 2809/678 1957/678  655/226 1477/678 1849/678]
[ 575/226 1105/678 1345/678  363/226  337/678  445/678   19/226  529/678  505/678   -5/226  325/678  169/678 -161/226 -275/678 -563/678]
[   3/226   85/678 -335/678   35/226   49/678 -503/678  -65/226 -383/678  289/678  155/226  145/678  685/678  243/226  277/678  685/678]
[ 199/226 1369/678 1645/678  475/226 2065/678 2209/678  619/226 2365/678 2377/678 1083/226 3625/678 3505/678 1415/226 4489/678 4237/678]
[1615/226 4957/678 5929/678 2135/226 6385/678 7225/678 2071/226 6061/678 5413/678 1875/226 5341/678 4561/678 1547/226 4225/678 3313/678]
[1087/226 2713/678 3025/678  947/226 2161/678 2341/678  675/226 1213/678 1261/678  271/226 1225/678 1141/678  187/226  841/678  625/678]
[ -29/226   61/678 -287/678   75/226  241/678 -239/678   47/226   25/678 -587/678        0        0        0        0        0        0]
---------------------------
SUCCESS for name = 13a1542
---------------------------
13a1548
Correction terms
[    -1/2 -351/454  185/454 -435/454 -395/454  305/454  757/454   53/454    9/454 -283/454   85/454  205/454   77/454 -299/454  -15/454]
[  21/454 -191/454  257/454  457/454  409/454  113/454 -431/454 -315/454  461/454   81/454 -547/454 -515/454  177/454 -287/454  -91/454]
[-143/454  465/454  -83/454   29/454 -107/454  417/454 -215/454 -187/454 -407/454   33/454  225/454  169/454 -135/454  221/454  329/454]
[ 189/454 -199/454   73/454   97/454 -127/454 -599/454 -411/454  437/454  129/454 -427/454 -323/454  441/454   49/454  317/454  337/454]
[ 109/454 -367/454 -183/454 -247/454  349/454 -211/454 -111/454 -259/454  253/454  517/454  533/454  301/454 -179/454    1/454  -67/454]
[-383/454  -39/454   57/454  -95/454 -495/454 -235/454  685/454  449/454  -35/454  141/454   69/454 -251/454   89/454  181/454   25/454]
[-379/454 -123/454 -115/454  553/454   65/454  237/454  161/454 -163/454  173/454  261/454  101/454 -307/454  -55/454  -51/454 -295/454]
[ 121/454  289/454  209/454 -119/454  213/454  297/454  133/454 -279/454  -31/454  -31/454 -279/454  133/454  297/454  213/454 -119/454]
[ 209/454  289/454  121/454 -295/454  -51/454  -55/454 -307/454  101/454  261/454  173/454 -163/454  161/454  237/454   65/454  553/454]
[-115/454 -123/454 -379/454   25/454  181/454   89/454 -251/454   69/454  141/454  -35/454  449/454  685/454 -235/454 -495/454  -95/454]
[  57/454  -39/454 -383/454  -67/454    1/454 -179/454  301/454  533/454  517/454  253/454 -259/454 -111/454 -211/454  349/454 -247/454]
[-183/454 -367/454  109/454  337/454  317/454   49/454  441/454 -323/454 -427/454  129/454  437/454 -411/454 -599/454 -127/454   97/454]
[  73/454 -199/454  189/454  329/454  221/454 -135/454  169/454  225/454   33/454 -407/454 -187/454 -215/454  417/454 -107/454   29/454]
[ -83/454  465/454 -143/454  -91/454 -287/454  177/454 -515/454 -547/454   81/454  461/454 -315/454 -431/454  113/454  409/454  457/454]
[ 257/454 -191/454   21/454  -15/454 -299/454   77/454  205/454   85/454 -283/454    9/454   53/454  757/454  305/454 -395/454 -435/454]
[ 185/454 -351/454        0        0        0        0        0        0        0        0        0        0        0        0        0]
Testing obstruction for
m1: 1, m2: 114,a: 0
[     -1/2  -223/454  -211/454  -191/454  -163/454  -127/454   -83/454   -31/454    29/454    97/454   173/454   257/454   349/454   449/454   557/454]
[  673/454   797/454   929/454  1069/454  1217/454  1373/454  1537/454  1709/454  1889/454  2077/454  2273/454  2477/454  2689/454  2909/454  3137/454]
[ 3373/454  3617/454  3869/454  4129/454  4397/454  4673/454  4957/454  5249/454  5549/454  5857/454  6173/454  6497/454  6829/454  7169/454  7517/454]
[ 7873/454  8237/454  8609/454  8989/454  9377/454  9773/454 10177/454 10589/454 11009/454 11437/454 11873/454 12317/454 12769/454 12321/454 11881/454]
[11449/454 11025/454 10609/454 10201/454  9801/454  9409/454  9025/454  8649/454  8281/454  7921/454  7569/454  7225/454  6889/454  6561/454  6241/454]
[ 5929/454  5625/454  5329/454  5041/454  4761/454  4489/454  4225/454  3969/454  3721/454  3481/454  3249/454  3025/454  2809/454  2601/454  2401/454]
[ 2209/454  2025/454  1849/454  1681/454  1521/454  1369/454  1225/454  1089/454   961/454   841/454   729/454   625/454   529/454   441/454   361/454]
[  289/454   225/454   169/454   121/454    81/454    49/454    25/454     9/454     1/454     1/454     9/454    25/454    49/454    81/454   121/454]
[  169/454   225/454   289/454   361/454   441/454   529/454   625/454   729/454   841/454   961/454  1089/454  1225/454  1369/454  1521/454  1681/454]
[ 1849/454  2025/454  2209/454  2401/454  2601/454  2809/454  3025/454  3249/454  3481/454  3721/454  3969/454  4225/454  4489/454  4761/454  5041/454]
[ 5329/454  5625/454  5929/454  6241/454  6561/454  6889/454  7225/454  7569/454  7921/454  8281/454  8649/454  9025/454  9409/454  9801/454 10201/454]
[10609/454 11025/454 11449/454 11881/454 12321/454 12769/454 12317/454 11873/454 11437/454 11009/454 10589/454 10177/454  9773/454  9377/454  8989/454]
[ 8609/454  8237/454  7873/454  7517/454  7169/454  6829/454  6497/454  6173/454  5857/454  5549/454  5249/454  4957/454  4673/454  4397/454  4129/454]
[ 3869/454  3617/454  3373/454  3137/454  2909/454  2689/454  2477/454  2273/454  2077/454  1889/454  1709/454  1537/454  1373/454  1217/454  1069/454]
[  929/454   797/454   673/454   557/454   449/454   349/454   257/454   173/454    97/454    29/454   -31/454   -83/454  -127/454  -163/454  -191/454]
[ -211/454  -223/454         0         0         0         0         0         0         0         0         0         0         0         0         0]
Testing obstruction for
m1: 2, m2: 39,a: 1
[    -1/2 -451/454 -215/454 -427/454 -179/454 -379/454 -119/454 -307/454  -35/454 -211/454   73/454  -91/454  205/454   53/454  361/454]
[ 221/454  541/454  413/454  745/454  629/454  973/454  869/454 1225/454 1133/454 1501/454 1421/454 1801/454 1733/454 2125/454 2069/454]
[2473/454 2429/454 2845/454 2813/454 3241/454 3221/454 3661/454 3653/454 4105/454 4109/454 3665/454 3681/454 3249/454 3277/454 2857/454]
[2897/454 2489/454 2541/454 2145/454 2209/454 1825/454 1901/454 1529/454 1617/454 1257/454 1357/454 1009/454 1121/454  785/454  909/454]
[ 585/454  721/454  409/454  557/454  257/454  417/454  129/454  301/454   25/454  209/454  -55/454  141/454 -111/454   97/454 -143/454]
[  77/454 -151/454   81/454 -135/454  109/454  -95/454  161/454  -31/454  237/454   57/454  337/454  169/454  461/454  305/454  609/454]
[ 465/454  781/454  649/454  977/454  857/454 1197/454 1089/454 1441/454 1345/454 1709/454 1625/454 2001/454 1929/454 2317/454 2257/454]
[2657/454 2609/454 3021/454 2985/454 3409/454 3385/454 3821/454 3809/454 4257/454 4257/454 3809/454 3821/454 3385/454 3409/454 2985/454]
[3021/454 2609/454 2657/454 2257/454 2317/454 1929/454 2001/454 1625/454 1709/454 1345/454 1441/454 1089/454 1197/454  857/454  977/454]
[ 649/454  781/454  465/454  609/454  305/454  461/454  169/454  337/454   57/454  237/454  -31/454  161/454  -95/454  109/454 -135/454]
[  81/454 -151/454   77/454 -143/454   97/454 -111/454  141/454  -55/454  209/454   25/454  301/454  129/454  417/454  257/454  557/454]
[ 409/454  721/454  585/454  909/454  785/454 1121/454 1009/454 1357/454 1257/454 1617/454 1529/454 1901/454 1825/454 2209/454 2145/454]
[2541/454 2489/454 2897/454 2857/454 3277/454 3249/454 3681/454 3665/454 4109/454 4105/454 3653/454 3661/454 3221/454 3241/454 2813/454]
[2845/454 2429/454 2473/454 2069/454 2125/454 1733/454 1801/454 1421/454 1501/454 1133/454 1225/454  869/454  973/454  629/454  745/454]
[ 413/454  541/454  221/454  361/454   53/454  205/454  -91/454   73/454 -211/454  -35/454 -307/454 -119/454 -379/454 -179/454 -427/454]
[-215/454 -451/454        0        0        0        0        0        0        0        0        0        0        0        0        0]
Testing obstruction for
m1: 4, m2: 17,a: 1
[    -1/2 -447/454 -199/454 -391/454 -115/454 -279/454   25/454 -111/454  221/454  113/454  473/454  393/454  781/454  729/454 1145/454]
[1121/454 1565/454 1569/454 1133/454 1165/454  757/454  817/454  437/454  525/454  173/454  289/454  -35/454  109/454 -187/454  -15/454]
[-283/454  -83/454 -323/454  -95/454 -307/454  -51/454 -235/454   49/454 -107/454  205/454   77/454  417/454  317/454  685/454  613/454]
[1009/454  965/454 1389/454 1373/454 1825/454 1837/454 1409/454 1449/454 1049/454 1117/454  745/454  841/454  497/454  621/454  305/454]
[ 457/454  169/454  349/454   89/454  297/454   65/454  301/454   97/454  361/454  185/454  477/454  329/454  649/454  529/454  877/454]
[ 785/454 1161/454 1097/454 1501/454 1465/454 1897/454 1889/454 1441/454 1461/454 1041/454 1089/454  697/454  773/454  409/454  513/454]
[ 177/454  309/454    1/454  161/454 -119/454   69/454 -183/454   33/454 -191/454   53/454 -143/454  129/454  -39/454  261/454  121/454]
[ 449/454  337/454  693/454  609/454  993/454  937/454 1349/454 1321/454 1761/454 1761/454 1321/454 1349/454  937/454  993/454  609/454]
[ 693/454  337/454  449/454  121/454  261/454  -39/454  129/454 -143/454   53/454 -191/454   33/454 -183/454   69/454 -119/454  161/454]
[   1/454  309/454  177/454  513/454  409/454  773/454  697/454 1089/454 1041/454 1461/454 1441/454 1889/454 1897/454 1465/454 1501/454]
[1097/454 1161/454  785/454  877/454  529/454  649/454  329/454  477/454  185/454  361/454   97/454  301/454   65/454  297/454   89/454]
[ 349/454  169/454  457/454  305/454  621/454  497/454  841/454  745/454 1117/454 1049/454 1449/454 1409/454 1837/454 1825/454 1373/454]
[1389/454  965/454 1009/454  613/454  685/454  317/454  417/454   77/454  205/454 -107/454   49/454 -235/454  -51/454 -307/454  -95/454]
[-323/454  -83/454 -283/454  -15/454 -187/454  109/454  -35/454  289/454  173/454  525/454  437/454  817/454  757/454 1165/454 1133/454]
[1569/454 1565/454 1121/454 1145/454  729/454  781/454  393/454  473/454  113/454  221/454 -111/454   25/454 -279/454 -115/454 -391/454]
[-199/454 -447/454        0        0        0        0        0        0        0        0        0        0        0        0        0]
Testing obstruction for
m1: 6, m2: 11,a: 1
[    -1/2 -443/454 -183/454 -355/454  -51/454 -179/454  169/454   85/454  477/454  437/454  873/454  877/454  449/454  497/454  113/454]
[ 205/454 -135/454    1/454 -295/454 -115/454 -367/454 -143/454 -351/454  -83/454 -247/454   65/454  -55/454  301/454  225/454  625/454]
[ 593/454 1037/454 1049/454  629/454  685/454  309/454  409/454   77/454  221/454  -67/454  121/454 -123/454  109/454  -91/454  185/454]
[  29/454  349/454  237/454  601/454  533/454  941/454  917/454 1369/454 1389/454  977/454 1041/454  673/454  781/454  457/454  609/454]
[ 329/454  525/454  289/454  529/454  337/454  621/454  473/454  801/454  697/454 1069/454 1009/454 1425/454 1409/454  961/454  989/454]
[ 585/454  657/454  297/454  413/454   97/454  257/454  -15/454  189/454  -39/454  209/454   25/454  317/454  177/454  513/454  417/454]
[ 797/454  745/454 1169/454 1161/454  721/454  757/454  361/454  441/454   89/454  213/454  -95/454   73/454 -191/454   21/454 -199/454]
[  57/454 -119/454  181/454   49/454  393/454  305/454  693/454  649/454 1081/454 1081/454  649/454  693/454  305/454  393/454   49/454]
[ 181/454 -119/454   57/454 -199/454   21/454 -191/454   73/454  -95/454  213/454   89/454  441/454  361/454  757/454  721/454 1161/454]
[1169/454  745/454  797/454  417/454  513/454  177/454  317/454   25/454  209/454  -39/454  189/454  -15/454  257/454   97/454  413/454]
[ 297/454  657/454  585/454  989/454  961/454 1409/454 1425/454 1009/454 1069/454  697/454  801/454  473/454  621/454  337/454  529/454]
[ 289/454  525/454  329/454  609/454  457/454  781/454  673/454 1041/454  977/454 1389/454 1369/454  917/454  941/454  533/454  601/454]
[ 237/454  349/454   29/454  185/454  -91/454  109/454 -123/454  121/454  -67/454  221/454   77/454  409/454  309/454  685/454  629/454]
[1049/454 1037/454  593/454  625/454  225/454  301/454  -55/454   65/454 -247/454  -83/454 -351/454 -143/454 -367/454 -115/454 -295/454]
[   1/454 -135/454  205/454  113/454  497/454  449/454  877/454  873/454  437/454  477/454   85/454  169/454 -179/454  -51/454 -355/454]
[-183/454 -443/454        0        0        0        0        0        0        0        0        0        0        0        0        0]
Testing obstruction for
m1: 5, m2: 14,a: 2
[    -1/2 -427/454 -119/454 -211/454  205/454  221/454 -163/454  -39/454 -315/454  -83/454 -251/454   89/454   29/454  477/454  525/454]
[ 173/454  329/454   85/454  349/454  213/454  585/454  557/454 1037/454 1117/454  797/454  985/454  773/454 1069/454  965/454 1369/454]
[1373/454  977/454 1089/454  801/454 1021/454  841/454 1169/454 1097/454  625/454  661/454  297/454  441/454  185/454  437/454  289/454]
[ 649/454  609/454  169/454  237/454  -95/454   81/454 -143/454  141/454   25/454  417/454  409/454    1/454  101/454 -199/454    9/454]
[-183/454  133/454   49/454  473/454  497/454  121/454  253/454  -15/454  225/454   65/454  413/454  361/454  817/454  873/454  529/454]
[ 693/454  457/454  729/454  601/454  981/454  961/454 1449/454 1537/454 1225/454 1421/454 1217/454 1521/454 1425/454  929/454  941/454]
[ 553/454  673/454  393/454  621/454  449/454  785/454  721/454  257/454  301/454  -55/454   97/454 -151/454  109/454  -31/454  337/454]
[ 305/454 -127/454  -51/454 -375/454 -191/454 -407/454 -115/454 -223/454  177/454  177/454 -223/454 -115/454 -407/454 -191/454 -375/454]
[ -51/454 -127/454  305/454  337/454  -31/454  109/454 -151/454   97/454  -55/454  301/454  257/454  721/454  785/454  449/454  621/454]
[ 393/454  673/454  553/454  941/454  929/454 1425/454 1521/454 1217/454 1421/454 1225/454 1537/454 1449/454  961/454  981/454  601/454]
[ 729/454  457/454  693/454  529/454  873/454  817/454  361/454  413/454   65/454  225/454  -15/454  253/454  121/454  497/454  473/454]
[  49/454  133/454 -183/454    9/454 -199/454  101/454    1/454  409/454  417/454   25/454  141/454 -143/454   81/454  -95/454  237/454]
[ 169/454  609/454  649/454  289/454  437/454  185/454  441/454  297/454  661/454  625/454 1097/454 1169/454  841/454 1021/454  801/454]
[1089/454  977/454 1373/454 1369/454  965/454 1069/454  773/454  985/454  797/454 1117/454 1037/454  557/454  585/454  213/454  349/454]
[  85/454  329/454  173/454  525/454  477/454   29/454   89/454 -251/454  -83/454 -315/454  -39/454 -163/454  221/454  205/454 -211/454]
[-119/454 -427/454        0        0        0        0        0        0        0        0        0        0        0        0        0]
[-427/454, -119/454, -211/454, 205/454, 221/454, -163/454, -39/454, -315/454, -83/454, -251/454, 89/454, 29/454, 477/454, 525/454, 173/454, 329/454, 85/454, 349/454, 213/454, 585/454, 557/454, 1037/454, 1117/454, 797/454, 985/454, 773/454, 1069/454, 965/454, 1369/454, 1373/454, 977/454, 1089/454, 801/454, 1021/454, 841/454, 1169/454, 1097/454, 625/454, 661/454, 297/454, 441/454, 185/454, 437/454, 289/454, 649/454, 609/454, 169/454, 237/454, -95/454, 81/454, -143/454, 141/454, 25/454, 417/454, 409/454, 1/454, 101/454, -199/454, 9/454, -183/454, 133/454, 49/454, 473/454, 497/454, 121/454, 253/454, -15/454, 225/454, 65/454, 413/454, 361/454, 817/454, 873/454, 529/454, 693/454, 457/454, 729/454, 601/454, 981/454, 961/454, 1449/454, 1537/454, 1225/454, 1421/454, 1217/454, 1521/454, 1425/454, 929/454, 941/454, 553/454, 673/454, 393/454, 621/454, 449/454, 785/454, 721/454, 257/454, 301/454, -55/454, 97/454, -151/454]
54 [-427/454, -119/454, -211/454, 205/454, 221/454, -163/454, -39/454, -315/454, -83/454, -251/454, 89/454, 29/454, -431/454, -383/454, 173/454, 329/454, 85/454, 349/454, 213/454, -323/454, -351/454, 129/454, 209/454, -111/454, 77/454, -135/454, 161/454, 57/454, 461/454, 465/454, 69/454, 181/454, -107/454, 113/454, -67/454, 261/454, 189/454, -283/454, -247/454, 297/454, 441/454, 185/454, 437/454, 289/454, -259/454, -299/454, 169/454, 237/454, -95/454, 81/454, -143/454, 141/454, 25/454, 417/454, 409/454, 1/454, 101/454, -199/454, 9/454, -183/454, 133/454, 49/454, -435/454, -411/454, 121/454, 253/454, -15/454, 225/454, 65/454, -495/454, -547/454, -91/454, -35/454, -379/454, -215/454, 457/454, -179/454, -307/454, 73/454, 53/454, -367/454, -279/454, 317/454, -395/454, -599/454, -295/454, 517/454, 21/454, 33/454, 553/454, -235/454, -515/454, -287/454, 449/454, -123/454, -187/454, 257/454, 301/454, -55/454, 97/454, 757/454]
Testing obstruction for
m1: 11, m2: 12,a: 8
[    -1/2 -431/454 -135/454 -247/454  141/454  121/454  601/454  673/454  337/454  501/454  257/454  513/454  361/454  709/454  649/454]
[1089/454 1121/454  745/454  869/454  585/454  801/454  609/454  917/454  817/454  309/454  301/454 -115/454  -31/454 -355/454 -179/454]
[-411/454 -143/454 -283/454   77/454   29/454  481/454  525/454  161/454  297/454   25/454  253/454   73/454  393/454  305/454  717/454]
[ 721/454 1225/454 1321/454 1009/454 1197/454  977/454 1257/454 1129/454  593/454  557/454  113/454  169/454 -183/454  -35/454 -295/454]
[ -55/454 -223/454  109/454   33/454  457/454  473/454   81/454  189/454 -111/454   89/454 -119/454  173/454   57/454  441/454  417/454]
[ 893/454  961/454  621/454  781/454  533/454  785/454  629/454  973/454  909/454  437/454  465/454   85/454  205/454  -83/454  129/454]
[ -67/454  237/454  133/454  529/454  517/454   97/454  177/454 -151/454   21/454 -215/454   49/454  -95/454  261/454  209/454  657/454]
[ 697/454  329/454  461/454  185/454  409/454  225/454  541/454  449/454  857/454  857/454  449/454  541/454  225/454  409/454  185/454]
[ 461/454  329/454  697/454  657/454  209/454  261/454  -95/454   49/454 -215/454   21/454 -151/454  177/454   97/454  517/454  529/454]
[ 133/454  237/454  -67/454  129/454  -83/454  205/454   85/454  465/454  437/454  909/454  973/454  629/454  785/454  533/454  781/454]
[ 621/454  961/454  893/454  417/454  441/454   57/454  173/454 -119/454   89/454 -111/454  189/454   81/454  473/454  457/454   33/454]
[ 109/454 -223/454  -55/454 -295/454  -35/454 -183/454  169/454  113/454  557/454  593/454 1129/454 1257/454  977/454 1197/454 1009/454]
[1321/454 1225/454  721/454  717/454  305/454  393/454   73/454  253/454   25/454  297/454  161/454  525/454  481/454   29/454   77/454]
[-283/454 -143/454 -411/454 -179/454 -355/454  -31/454 -115/454  301/454  309/454  817/454  917/454  609/454  801/454  585/454  869/454]
[ 745/454 1121/454 1089/454  649/454  709/454  361/454  513/454  257/454  501/454  337/454  673/454  601/454  121/454  141/454 -247/454]
[-135/454 -431/454        0        0        0        0        0        0        0        0        0        0        0        0        0]
[-431/454, -135/454, -247/454, 141/454, 121/454, 601/454, 673/454, 337/454, 501/454, 257/454, 513/454, 361/454, 709/454, 649/454, 1089/454, 1121/454, 745/454, 869/454, 585/454, 801/454, 609/454, 917/454, 817/454, 309/454, 301/454, -115/454, -31/454, -355/454]
21 [-431/454, -135/454, -247/454, 141/454, 121/454, -307/454, -235/454, 337/454, -407/454, 257/454, -395/454, -547/454, -199/454, -259/454, 181/454, 213/454, -163/454, -39/454, -323/454, -107/454, -299/454, 9/454, -91/454, -599/454, 301/454, -115/454, -31/454, 553/454]
Testing obstruction for
m1: 10, m2: 15,a: 9
[    -1/2 -435/454 -151/454 -283/454   77/454   21/454  457/454  477/454   81/454  177/454 -143/454   29/454 -215/454   33/454 -135/454]
[ 189/454   97/454  497/454  481/454   49/454  109/454 -247/454 -111/454 -391/454 -179/454 -383/454  -95/454 -223/454  141/454   89/454]
[ 529/454  553/454  161/454  261/454  -55/454  121/454 -119/454  133/454  -31/454  297/454  209/454  613/454  601/454  173/454  237/454]
[-115/454   25/454 -251/454  -35/454 -235/454   57/454  -67/454  301/454  253/454  697/454  725/454  337/454  441/454  129/454  309/454]
[  73/454  329/454  169/454  501/454  417/454  825/454  817/454  393/454  461/454  113/454  257/454  -15/454  205/454    9/454  305/454]
[ 185/454  557/454  513/454  961/454  993/454  609/454  717/454  409/454  593/454  361/454  621/454  465/454  801/454  721/454 1133/454]
[1129/454  709/454  781/454  437/454  585/454  317/454  541/454  349/454  649/454  533/454  909/454  869/454 1321/454 1357/454  977/454]
[1089/454  785/454  973/454  745/454 1009/454  857/454 1197/454 1121/454 1537/454 1537/454 1121/454 1197/454  857/454 1009/454  745/454]
[ 973/454  785/454 1089/454  977/454 1357/454 1321/454  869/454  909/454  533/454  649/454  349/454  541/454  317/454  585/454  437/454]
[ 781/454  709/454 1129/454 1133/454  721/454  801/454  465/454  621/454  361/454  593/454  409/454  717/454  609/454  993/454  961/454]
[ 513/454  557/454  185/454  305/454    9/454  205/454  -15/454  257/454  113/454  461/454  393/454  817/454  825/454  417/454  501/454]
[ 169/454  329/454   73/454  309/454  129/454  441/454  337/454  725/454  697/454  253/454  301/454  -67/454   57/454 -235/454  -35/454]
[-251/454   25/454 -115/454  237/454  173/454  601/454  613/454  209/454  297/454  -31/454  133/454 -119/454  121/454  -55/454  261/454]
[ 161/454  553/454  529/454   89/454  141/454 -223/454  -95/454 -383/454 -179/454 -391/454 -111/454 -247/454  109/454   49/454  481/454]
[ 497/454   97/454  189/454 -135/454   33/454 -215/454   29/454 -143/454  177/454   81/454  477/454  457/454   21/454   77/454 -283/454]
[-151/454 -435/454        0        0        0        0        0        0        0        0        0        0        0        0        0]
[-435/454, -151/454]
3 [-435/454, 757/454]
Testing obstruction for
m1: 29, m2: 30,a: 28
[    -1/2 -395/454    9/454   77/454 -191/454  113/454   81/454 -287/454  -83/454 -215/454  225/454  329/454   97/454  437/454  441/454]
[ 109/454  349/454  253/454  729/454  869/454  673/454 1049/454 1089/454  793/454 1069/454 1009/454 1521/454 1697/454 1537/454 1949/454]
[2025/454 1765/454 2077/454 2053/454 2601/454 2813/454 2689/454 3137/454 3249/454 3025/454 2465/454 2477/454 2153/454 2401/454 2313/454]
[1889/454 2037/454 1849/454 1325/454 1373/454 1085/454 1369/454 1317/454  929/454 1113/454  961/454  473/454  557/454  305/454  625/454]
[ 609/454  257/454  477/454  361/454  -91/454   29/454 -187/454  169/454  189/454 -127/454  129/454   49/454 -367/454 -211/454 -391/454]
[   1/454   57/454 -223/454   69/454   25/454 -355/454 -163/454 -307/454  121/454  213/454  -31/454  297/454  289/454  -55/454  173/454]
[  65/454  529/454  657/454  449/454  813/454  841/454  533/454  797/454  725/454 1225/454 1389/454 1217/454 1617/454 1681/454 1409/454]
[1709/454 1673/454 2209/454 2409/454 2273/454 2709/454 2809/454 2573/454 2909/454 2909/454 2573/454 2809/454 2709/454 2273/454 2409/454]
[2209/454 1673/454 1709/454 1409/454 1681/454 1617/454 1217/454 1389/454 1225/454  725/454  797/454  533/454  841/454  813/454  449/454]
[ 657/454  529/454   65/454  173/454  -55/454  289/454  297/454  -31/454  213/454  121/454 -307/454 -163/454 -355/454   25/454   69/454]
[-223/454   57/454    1/454 -391/454 -211/454 -367/454   49/454  129/454 -127/454  189/454  169/454 -187/454   29/454  -91/454  361/454]
[ 477/454  257/454  609/454  625/454  305/454  557/454  473/454  961/454 1113/454  929/454 1317/454 1369/454 1085/454 1373/454 1325/454]
[1849/454 2037/454 1889/454 2313/454 2401/454 2153/454 2477/454 2465/454 3025/454 3249/454 3137/454 2689/454 2813/454 2601/454 2053/454]
[2077/454 1765/454 2025/454 1949/454 1537/454 1697/454 1521/454 1009/454 1069/454  793/454 1089/454 1049/454  673/454  869/454  729/454]
[ 253/454  349/454  109/454  441/454  437/454   97/454  329/454  225/454 -215/454  -83/454 -287/454   81/454  113/454 -191/454   77/454]
[   9/454 -395/454        0        0        0        0        0        0        0        0        0        0        0        0        0]
[-395/454, 9/454, 77/454, -191/454, 113/454, 81/454, -287/454, -83/454, -215/454, 225/454, 329/454, 97/454, 437/454, 441/454, 109/454, 349/454, 253/454, 729/454, 869/454, 673/454, 1049/454, 1089/454, 793/454, 1069/454, 1009/454, 1521/454, 1697/454, 1537/454, 1949/454, 2025/454, 1765/454, 2077/454, 2053/454, 2601/454, 2813/454, 2689/454, 3137/454, 3249/454, 3025/454, 2465/454, 2477/454, 2153/454, 2401/454, 2313/454, 1889/454, 2037/454, 1849/454, 1325/454, 1373/454, 1085/454, 1369/454, 1317/454, 929/454, 1113/454, 961/454, 473/454, 557/454, 305/454, 625/454, 609/454, 257/454, 477/454, 361/454, -91/454, 29/454, -187/454, 169/454, 189/454, -127/454, 129/454, 49/454, -367/454, -211/454, -391/454]
4 [-395/454, 9/454, 77/454, -191/454, 113/454, 81/454, -287/454, -83/454, -215/454, 225/454, 329/454, 97/454, 437/454, 441/454, 109/454, 349/454, 253/454, -179/454, -39/454, -235/454, 141/454, 181/454, -115/454, 161/454, 101/454, -295/454, -119/454, -279/454, 133/454, 209/454, -51/454, 261/454, 237/454, -123/454, 89/454, -35/454, -495/454, -383/454, 301/454, -259/454, -247/454, 337/454, -323/454, -411/454, 73/454, 221/454, 33/454, 417/454, 465/454, 177/454, 461/454, 409/454, 21/454, 205/454, 53/454, -435/454, -351/454, 305/454, -283/454, -299/454, 257/454, -431/454, -547/454, -91/454, 29/454, -187/454, 169/454, 189/454, -127/454, 129/454, 49/454, -367/454, -211/454, 517/454]
---------------------------
SUCCESS for name = 13a1548
---------------------------
