13a1965
Correction terms
[    -1/2  421/566 -863/566  393/566 -339/566 -795/566  157/566  253/566 -507/566  141/566  -67/566    1/566 -787/566 -167/566 -403/566]
[-363/566  -47/566  545/566 -851/566  293/566 -551/566   13/566 -279/566 -295/566  -35/566 -631/566  181/566  137/566 -763/566 -255/566]
[-603/566  457/566 -471/566    9/566 -367/566 -467/566 -291/566  161/566 -243/566 -371/566 -223/566  201/566 -231/566 -387/566 -267/566]
[ 129/566 -331/566  617/566 -423/566  -55/566 -543/566  377/566 -691/566 -351/566  265/566   25/566   61/566  373/566 -171/566 -439/566]
[-431/566 -147/566 -719/566  117/566   97/566  353/566 -247/566  561/566 -619/566 -391/566  113/566 -239/566 -315/566 -115/566  361/566]
[ -19/566 -123/566   49/566 -635/566   89/566  -43/566  101/566 -611/566   85/566  -75/566   41/566 -699/566  -31/566 -219/566 -131/566]
[ 233/566 -259/566 -475/566 -415/566  -79/566  533/566 -843/566  321/566 -503/566   81/566 -191/566 -187/566   93/566 -483/566  349/566]
[ 325/566 -555/566  -27/566 -355/566 -407/566 -183/566  317/566  -39/566 -119/566   77/566  549/566 -967/566   57/566  225/566 -463/566]
[ 257/566  121/566  261/566 -455/566  237/566   73/566 -947/566 -559/566  105/566  -87/566   -3/566  357/566 -139/566 -359/566 -303/566]
[  29/566 -495/566 -743/566  417/566 -411/566  169/566 -107/566 -107/566  169/566 -411/566  417/566 -743/566 -495/566   29/566 -303/566]
[-359/566 -139/566  357/566   -3/566  -87/566  105/566 -559/566 -947/566   73/566  237/566 -455/566  261/566  121/566  257/566 -463/566]
[ 225/566   57/566 -967/566  549/566   77/566 -119/566  -39/566  317/566 -183/566 -407/566 -355/566  -27/566 -555/566  325/566  349/566]
[-483/566   93/566 -187/566 -191/566   81/566 -503/566  321/566 -843/566  533/566  -79/566 -415/566 -475/566 -259/566  233/566 -131/566]
[-219/566  -31/566 -699/566   41/566  -75/566   85/566 -611/566  101/566  -43/566   89/566 -635/566   49/566 -123/566  -19/566  361/566]
[-115/566 -315/566 -239/566  113/566 -391/566 -619/566  561/566 -247/566  353/566   97/566  117/566 -719/566 -147/566 -431/566 -439/566]
[-171/566  373/566   61/566   25/566  265/566 -351/566 -691/566  377/566 -543/566  -55/566 -423/566  617/566 -331/566  129/566 -267/566]
[-387/566 -231/566  201/566 -223/566 -371/566 -243/566  161/566 -291/566 -467/566 -367/566    9/566 -471/566  457/566 -603/566 -255/566]
[-763/566  137/566  181/566 -631/566  -35/566 -295/566 -279/566   13/566 -551/566  293/566 -851/566  545/566  -47/566 -363/566 -403/566]
[-167/566 -787/566    1/566  -67/566  141/566 -507/566  253/566  157/566 -795/566 -339/566  393/566 -863/566  421/566        0        0]
Testing obstruction for
m1: 1, m2: 142,a: 0
[     -1/2  -279/566  -267/566  -247/566  -219/566  -183/566  -139/566   -87/566   -27/566    41/566   117/566   201/566   293/566   393/566   501/566]
[  617/566   741/566   873/566  1013/566  1161/566  1317/566  1481/566  1653/566  1833/566  2021/566  2217/566  2421/566  2633/566  2853/566  3081/566]
[ 3317/566  3561/566  3813/566  4073/566  4341/566  4617/566  4901/566  5193/566  5493/566  5801/566  6117/566  6441/566  6773/566  7113/566  7461/566]
[ 7817/566  8181/566  8553/566  8933/566  9321/566  9717/566 10121/566 10533/566 10953/566 11381/566 11817/566 12261/566 12713/566 13173/566 13641/566]
[14117/566 14601/566 15093/566 15593/566 16101/566 16617/566 17141/566 17673/566 18213/566 18761/566 19317/566 19881/566 19321/566 18769/566 18225/566]
[17689/566 17161/566 16641/566 16129/566 15625/566 15129/566 14641/566 14161/566 13689/566 13225/566 12769/566 12321/566 11881/566 11449/566 11025/566]
[10609/566 10201/566  9801/566  9409/566  9025/566  8649/566  8281/566  7921/566  7569/566  7225/566  6889/566  6561/566  6241/566  5929/566  5625/566]
[ 5329/566  5041/566  4761/566  4489/566  4225/566  3969/566  3721/566  3481/566  3249/566  3025/566  2809/566  2601/566  2401/566  2209/566  2025/566]
[ 1849/566  1681/566  1521/566  1369/566  1225/566  1089/566   961/566   841/566   729/566   625/566   529/566   441/566   361/566   289/566   225/566]
[  169/566   121/566    81/566    49/566    25/566     9/566     1/566     1/566     9/566    25/566    49/566    81/566   121/566   169/566   225/566]
[  289/566   361/566   441/566   529/566   625/566   729/566   841/566   961/566  1089/566  1225/566  1369/566  1521/566  1681/566  1849/566  2025/566]
[ 2209/566  2401/566  2601/566  2809/566  3025/566  3249/566  3481/566  3721/566  3969/566  4225/566  4489/566  4761/566  5041/566  5329/566  5625/566]
[ 5929/566  6241/566  6561/566  6889/566  7225/566  7569/566  7921/566  8281/566  8649/566  9025/566  9409/566  9801/566 10201/566 10609/566 11025/566]
[11449/566 11881/566 12321/566 12769/566 13225/566 13689/566 14161/566 14641/566 15129/566 15625/566 16129/566 16641/566 17161/566 17689/566 18225/566]
[18769/566 19321/566 19881/566 19317/566 18761/566 18213/566 17673/566 17141/566 16617/566 16101/566 15593/566 15093/566 14601/566 14117/566 13641/566]
[13173/566 12713/566 12261/566 11817/566 11381/566 10953/566 10533/566 10121/566  9717/566  9321/566  8933/566  8553/566  8181/566  7817/566  7461/566]
[ 7113/566  6773/566  6441/566  6117/566  5801/566  5493/566  5193/566  4901/566  4617/566  4341/566  4073/566  3813/566  3561/566  3317/566  3081/566]
[ 2853/566  2633/566  2421/566  2217/566  2021/566  1833/566  1653/566  1481/566  1317/566  1161/566  1013/566   873/566   741/566   617/566   501/566]
[  393/566   293/566   201/566   117/566    41/566   -27/566   -87/566  -139/566  -183/566  -219/566  -247/566  -267/566  -279/566         0         0]
Unobstructed
22
---------------------------
---------------------------
13a1986
H_1 not cyclic will skip for now
13a1998
Correction terms
[    -1/2   13/486  781/486    13/54  -35/486  325/486    25/54 -335/486  589/486      1/6   85/486  601/486   -35/54  253/486  361/486]
[    1/54  169/486 -131/486      1/6 -167/486   97/486   -11/54  217/486   73/486   -59/54  349/486  769/486     -1/2  229/486  241/486]
[  -23/54 -143/486  433/486    61/54  205/486  373/486      1/6  301/486   61/486    37/54  145/486  469/486    37/54 -263/486  625/486]
[     1/6   49/486  529/486   -47/54  109/486  181/486   -23/54  -83/486  553/486     -1/2 -527/486  673/486    49/54 -251/486  541/486]
[  -11/54 -227/486  157/486      1/6  517/486  493/486     1/54   37/486  577/486    73/54  277/486  409/486      1/6  265/486  -11/486]
[   25/54    1/486  289/486    13/54 -515/486  337/486      3/2 -311/486  133/486    13/54 -359/486 -323/486    25/54  313/486  -59/486]
[     1/6 -239/486  -47/486    73/54  -71/486  685/486     1/54 -155/486  193/486      1/6  481/486  421/486   -11/54 -107/486  397/486]
[   49/54   25/486  121/486      3/2  -95/486 -407/486    85/54  505/486 -215/486    61/54 -119/486 -275/486      1/6  -23/486  385/486]
[   37/54 -179/486 -179/486    37/54  385/486  -23/486      1/6 -275/486 -119/486    61/54 -215/486  505/486    85/54 -407/486  -95/486]
[     3/2  121/486   25/486    49/54  397/486 -107/486   -11/54  421/486  481/486      1/6  193/486 -155/486     1/54  685/486  -71/486]
[   73/54  -47/486 -239/486      1/6  -59/486  313/486    25/54 -323/486 -359/486    13/54  133/486 -311/486      3/2  337/486 -515/486]
[   13/54  289/486    1/486    25/54  -11/486  265/486      1/6  409/486  277/486    73/54  577/486   37/486     1/54  493/486  517/486]
[     1/6  157/486 -227/486   -11/54  541/486 -251/486    49/54  673/486 -527/486     -1/2  553/486  -83/486   -23/54  181/486  109/486]
[  -47/54  529/486   49/486      1/6  625/486 -263/486    37/54  469/486  145/486    37/54   61/486  301/486      1/6  373/486  205/486]
[   61/54  433/486 -143/486   -23/54  241/486  229/486     -1/2  769/486  349/486   -59/54   73/486  217/486   -11/54   97/486 -167/486]
[     1/6 -131/486  169/486     1/54  361/486  253/486   -35/54  601/486   85/486      1/6  589/486 -335/486    25/54  325/486  -35/486]
[   13/54  781/486   13/486        0        0        0        0        0        0        0        0        0        0        0        0]
Testing obstruction for
m1: 1, m2: 122,a: 0
[     -1/2  -239/486  -227/486    -23/54  -179/486  -143/486    -11/54   -47/486    13/486       1/6   157/486   241/486     37/54   433/486   541/486]
[    73/54   781/486   913/486      13/6  1201/486  1357/486    169/54  1693/486  1873/486    229/54  2257/486  2461/486      11/2  2893/486  3121/486]
[   373/54  3601/486  3853/486    457/54  4381/486  4657/486      61/6  5233/486  5533/486    649/54  6157/486  6481/486    757/54  7153/486  7501/486]
[     97/6  8221/486  8593/486    997/54  9361/486  9757/486   1129/54 10573/486 10993/486      47/2 11857/486 12301/486   1417/54 13213/486 13681/486]
[  1573/54 14641/486 14161/486     169/6 13225/486 12769/486   1369/54 11881/486 11449/486   1225/54 10609/486 10201/486     121/6  9409/486  9025/486]
[   961/54  8281/486  7921/486    841/54  7225/486  6889/486      27/2  6241/486  5929/486    625/54  5329/486  5041/486    529/54  4489/486  4225/486]
[     49/6  3721/486  3481/486    361/54  3025/486  2809/486    289/54  2401/486  2209/486      25/6  1849/486  1681/486    169/54  1369/486  1225/486]
[   121/54   961/486   841/486       3/2   625/486   529/486     49/54   361/486   289/486     25/54   169/486   121/486       1/6    49/486    25/486]
[     1/54     1/486     1/486      1/54    25/486    49/486       1/6   121/486   169/486     25/54   289/486   361/486     49/54   529/486   625/486]
[      3/2   841/486   961/486    121/54  1225/486  1369/486    169/54  1681/486  1849/486      25/6  2209/486  2401/486    289/54  2809/486  3025/486]
[   361/54  3481/486  3721/486      49/6  4225/486  4489/486    529/54  5041/486  5329/486    625/54  5929/486  6241/486      27/2  6889/486  7225/486]
[   841/54  7921/486  8281/486    961/54  9025/486  9409/486     121/6 10201/486 10609/486   1225/54 11449/486 11881/486   1369/54 12769/486 13225/486]
[    169/6 14161/486 14641/486   1573/54 13681/486 13213/486   1417/54 12301/486 11857/486      47/2 10993/486 10573/486   1129/54  9757/486  9361/486]
[   997/54  8593/486  8221/486      97/6  7501/486  7153/486    757/54  6481/486  6157/486    649/54  5533/486  5233/486      61/6  4657/486  4381/486]
[   457/54  3853/486  3601/486    373/54  3121/486  2893/486      11/2  2461/486  2257/486    229/54  1873/486  1693/486    169/54  1357/486  1201/486]
[     13/6   913/486   781/486     73/54   541/486   433/486     37/54   241/486   157/486       1/6    13/486   -47/486    -11/54  -143/486  -179/486]
[   -23/54  -227/486  -239/486         0         0         0         0         0         0         0         0         0         0         0         0]
Unobstructed
91
---------------------------
---------------------------
13a2005
H_1 not cyclic will skip for now
13a2008
H_1 not cyclic will skip for now
