12a1103
Correction terms
[    -1/2  413/390 -103/390  199/130  173/390    37/78  -49/130  -43/390 -283/390  -29/130   -47/78   53/390   -1/130    29/30  413/390]
[    7/26  233/390   17/390   79/130  113/390    85/78  131/130   17/390   77/390  -69/130   -11/78   -19/30   -1/130 -103/390  233/390]
[   15/26 -127/390  -43/390 -101/130 -127/390   -59/78   -9/130 -103/390  257/390     7/10   -11/78   53/390  -61/130   17/390 -127/390]
[   11/26  113/390  497/390  -81/130  233/390   -83/78   51/130   -31/30  257/390  -69/130   109/78  173/390   79/130  -43/390  113/390]
[   -5/26  173/390   77/390  139/130  413/390      1/6   51/130 -103/390   77/390  -29/130    37/78  113/390  159/130  497/390  173/390]
[   19/26   53/390  257/390     3/10  413/390    73/78   -9/130   17/390 -283/390  -49/130   -71/78 -127/390  -81/130   77/390   53/390]
[   31/26   -19/30  257/390 -121/130  233/390   -59/78  131/130  -43/390  -43/390  131/130   -59/78  233/390 -121/130  257/390   -19/30]
[   31/26   53/390   77/390  -81/130 -127/390   -71/78  -49/130 -283/390   17/390   -9/130    73/78  413/390     3/10  257/390   53/390]
[   19/26  173/390  497/390  159/130  113/390    37/78  -29/130   77/390 -103/390   51/130      1/6  413/390  139/130   77/390  173/390]
[   -5/26  113/390  -43/390   79/130  173/390   109/78  -69/130  257/390   -31/30   51/130   -83/78  233/390  -81/130  497/390  113/390]
[   11/26 -127/390   17/390  -61/130   53/390   -11/78     7/10  257/390 -103/390   -9/130   -59/78 -127/390 -101/130  -43/390 -127/390]
[   15/26  233/390 -103/390   -1/130   -19/30   -11/78  -69/130   77/390   17/390  131/130    85/78  113/390   79/130   17/390  233/390]
[    7/26  413/390    29/30   -1/130   53/390   -47/78  -29/130 -283/390  -43/390  -49/130    37/78  173/390  199/130 -103/390  413/390]
[       0        0        0        0        0        0        0        0        0        0        0        0        0        0        0]
Testing obstruction for
m1: 1, m2: 98,a: 0
[    -1/2 -191/390 -179/390  -53/130 -131/390   -19/78  -17/130    1/390   61/390   43/130    41/78  289/390  127/130    37/30  589/390]
[   47/26  829/390  961/390  367/130 1249/390   281/78  523/130 1741/390 1921/390  703/130   461/78   193/30  907/130 2941/390 3169/390]
[  227/26 3649/390 3901/390 1387/130 4429/390   941/78 1663/130 5281/390 5581/390   151/10  1241/78 6529/390 2287/130 7201/390 7549/390]
[  527/26 8269/390 8641/390 3007/130 9409/390  1805/78 2883/130   637/30 7921/390 2523/130  1445/78 6889/390 2187/130 6241/390 5929/390]
[  375/26 5329/390 5041/390 1587/130 4489/390     65/6 1323/130 3721/390 3481/390 1083/130   605/78 2809/390  867/130 2401/390 2209/390]
[  135/26 1849/390 1681/390    39/10 1369/390   245/78  363/130  961/390  841/390  243/130   125/78  529/390  147/130  361/390  289/390]
[   15/26    13/30  121/390   27/130   49/390     5/78    3/130    1/390    1/390    3/130     5/78   49/390   27/130  121/390    13/30]
[   15/26  289/390  361/390  147/130  529/390   125/78  243/130  841/390  961/390  363/130   245/78 1369/390    39/10 1681/390 1849/390]
[  135/26 2209/390 2401/390  867/130 2809/390   605/78 1083/130 3481/390 3721/390 1323/130     65/6 4489/390 1587/130 5041/390 5329/390]
[  375/26 5929/390 6241/390 2187/130 6889/390  1445/78 2523/130 7921/390   637/30 2883/130  1805/78 9409/390 3007/130 8641/390 8269/390]
[  527/26 7549/390 7201/390 2287/130 6529/390  1241/78   151/10 5581/390 5281/390 1663/130   941/78 4429/390 1387/130 3901/390 3649/390]
[  227/26 3169/390 2941/390  907/130   193/30   461/78  703/130 1921/390 1741/390  523/130   281/78 1249/390  367/130  961/390  829/390]
[   47/26  589/390    37/30  127/130  289/390    41/78   43/130   61/390    1/390  -17/130   -19/78 -131/390  -53/130 -179/390 -191/390]
[       0        0        0        0        0        0        0        0        0        0        0        0        0        0        0]
Testing obstruction for
m1: 2, m2: 33,a: 0
[    -1/2 -127/390   77/390 -121/130  113/390   -11/78  -29/130   17/390  257/390  -49/130    73/78  233/390   79/130    29/30  653/390]
[   19/26  833/390  737/390  259/130  953/390   253/78  311/130 1517/390 1457/390  511/130   349/78   161/30  599/130 2417/390 2393/390]
[  167/26 2753/390 3137/390  959/130 2753/390   553/78  711/130 2417/390 2057/390    47/10   349/78 1793/390  399/130 1517/390 1193/390]
[   67/26  953/390 1037/390  159/130  833/390   109/78  131/130    29/30  497/390   -9/130    73/78  113/390   -1/130   17/390  173/390]
[  -21/26  113/390 -103/390  -61/130 -127/390      1/6 -129/130   77/390 -103/390  -49/130   -11/78  173/390  -81/130  257/390  113/390]
[    7/26  233/390  497/390     3/10  653/390   109/78  191/130  737/390 1037/390  231/130   253/78 1193/390  419/130 1457/390 1793/390]
[   99/26   161/30 2057/390  719/130 2393/390   553/78  831/130 3137/390 3137/390  831/130   553/78 2393/390  719/130 2057/390   161/30]
[   99/26 1793/390 1457/390  419/130 1193/390   253/78  231/130 1037/390  737/390  191/130   109/78  653/390     3/10  497/390  233/390]
[    7/26  113/390  257/390  -81/130  173/390   -11/78  -49/130 -103/390   77/390 -129/130      1/6 -127/390  -61/130 -103/390  113/390]
[  -21/26  173/390   17/390   -1/130  113/390    73/78   -9/130  497/390    29/30  131/130   109/78  833/390  159/130 1037/390  953/390]
[   67/26 1193/390 1517/390  399/130 1793/390   349/78    47/10 2057/390 2417/390  711/130   553/78 2753/390  959/130 3137/390 2753/390]
[  167/26 2393/390 2417/390  599/130   161/30   349/78  511/130 1457/390 1517/390  311/130   253/78  953/390  259/130  737/390  833/390]
[   19/26  653/390    29/30   79/130  233/390    73/78  -49/130  257/390   17/390  -29/130   -11/78  113/390 -121/130   77/390 -127/390]
[       0        0        0        0        0        0        0        0        0        0        0        0        0        0        0]
[-127/390, 77/390, -121/130, 113/390, -11/78, -29/130, 17/390, 257/390, -49/130, 73/78, 233/390, 79/130, 29/30, 653/390, 19/26, 833/390, 737/390, 259/130, 953/390, 253/78, 311/130, 1517/390, 1457/390, 511/130, 349/78, 161/30, 599/130, 2417/390, 2393/390, 167/26, 2753/390, 3137/390, 959/130, 2753/390, 553/78, 711/130, 2417/390, 2057/390, 47/10, 349/78, 1793/390, 399/130, 1517/390, 1193/390, 67/26, 953/390, 1037/390, 159/130, 833/390, 109/78, 131/130, 29/30, 497/390, -9/130, 73/78, 113/390, -1/130, 17/390, 173/390, -21/26]
31 [-127/390, 77/390, -121/130, 113/390, -11/78, -29/130, 17/390, 257/390, -49/130, 73/78, 233/390, 79/130, 29/30, -127/390, 19/26, 53/390, -43/390, -1/130, 173/390, -59/78, 51/130, -43/390, -103/390, -9/130, 37/78, -19/30, 79/130, 77/390, 53/390, 11/26, 413/390, 17/390, -81/130, 413/390, -71/78, -69/130, 77/390, -283/390, 7/10, 37/78, 233/390, 139/130, -43/390, 413/390, 15/26, 173/390, 257/390, 159/130, 53/390, -47/78, 131/130, -31/30, -283/390, -9/130, -83/78, 113/390, -1/130, 17/390, 173/390, 31/26]
[-127/390, 77/390, -121/130, 113/390, -11/78, -29/130, 17/390, 257/390, -49/130, 73/78, 233/390, 79/130, 29/30, 653/390, 19/26, 833/390, 737/390, 259/130, 953/390, 253/78, 311/130, 1517/390, 1457/390, 511/130, 349/78, 161/30, 599/130, 2417/390, 2393/390, 167/26, 2753/390, 3137/390, 959/130, 2753/390, 553/78, 711/130, 2417/390, 2057/390, 47/10, 349/78, 1793/390, 399/130, 1517/390, 1193/390, 67/26, 953/390, 1037/390, 159/130, 833/390, 109/78, 131/130, 29/30, 497/390, -9/130, 73/78, 113/390, -1/130, 17/390, 173/390, -21/26]
34 [-127/390, 77/390, -121/130, 113/390, -11/78, -29/130, 17/390, 257/390, -49/130, -83/78, 233/390, 79/130, -31/30, -127/390, 19/26, 53/390, -43/390, -1/130, 173/390, -59/78, 51/130, -43/390, -103/390, -9/130, 37/78, -19/30, 79/130, 77/390, 53/390, 11/26, 413/390, 17/390, -81/130, 413/390, 85/78, -69/130, 77/390, 497/390, 7/10, 37/78, 233/390, 139/130, -43/390, 413/390, 15/26, 173/390, 257/390, 159/130, 53/390, 109/78, 131/130, 29/30, 497/390, -9/130, 73/78, 113/390, -1/130, 17/390, 173/390, 31/26]
[-127/390, 77/390, -121/130]
44 [-127/390, 77/390, 139/130]
[-127/390, 77/390, -121/130]
86 [-127/390, 77/390, 139/130]
Testing obstruction for
m1: 3, m2: 20,a: 0
[    -1/2 -331/390   41/390   47/130  -31/390    61/78  123/130  941/390 1241/390  423/130   361/78 1289/390  427/130    77/30  449/390]
[   27/26   89/390  281/390   67/130 -151/390     1/78  -37/130  281/390  401/390   83/130   121/78    53/30  427/130 1601/390 1649/390]
[   95/26  929/390  941/390  227/130  149/390    25/78  -57/130   41/390  -19/390    -9/10   -35/78 -271/390   47/130  281/390  149/390]
[   35/26  629/390 1241/390  527/130 1649/390   289/78  323/130    77/30  761/390   83/130    49/78  -31/390   67/130  161/390 -151/390]
[    3/26  -31/390  401/390  187/130  449/390     13/6  323/130 1601/390 1961/390  423/130   217/78  629/390  227/130  461/390  -31/390]
[   -1/26 -271/390  -19/390    -1/10 -331/390   -23/78  -57/130  281/390  461/390  123/130   157/78  929/390  527/130 1961/390 1289/390]
[   75/26    53/30  761/390  187/130   89/390    25/78  -37/130  161/390  161/390  -37/130    25/78   89/390  187/130  761/390    53/30]
[   75/26 1289/390 1961/390  527/130  929/390   157/78  123/130  461/390  281/390  -57/130   -23/78 -331/390    -1/10  -19/390 -271/390]
[   -1/26  -31/390  461/390  227/130  629/390   217/78  423/130 1961/390 1601/390  323/130     13/6  449/390  187/130  401/390  -31/390]
[    3/26 -151/390  161/390   67/130  -31/390    49/78   83/130  761/390    77/30  323/130   289/78 1649/390  527/130 1241/390  629/390]
[   35/26  149/390  281/390   47/130 -271/390   -35/78    -9/10  -19/390   41/390  -57/130    25/78  149/390  227/130  941/390  929/390]
[   95/26 1649/390 1601/390  427/130    53/30   121/78   83/130  401/390  281/390  -37/130     1/78 -151/390   67/130  281/390   89/390]
[   27/26  449/390    77/30  427/130 1289/390   361/78  423/130 1241/390  941/390  123/130    61/78  -31/390   47/130   41/390 -331/390]
[       0        0        0        0        0        0        0        0        0        0        0        0        0        0        0]
Testing obstruction for
m1: 7, m2: 8,a: 0
[    -1/2 -323/390   73/390   71/130  877/390   101/78  219/130  553/390  193/390  119/130    53/78  697/390   31/130     1/30 -323/390]
[   -9/26 -203/390  253/390  151/130 1177/390   173/78   99/130  253/390  -47/390   59/130    29/78    49/30   31/130   73/390 -203/390]
[    3/26   37/390  553/390  271/130  817/390   113/78   19/130   73/390 -167/390     3/10    29/78  697/390   71/130  253/390   37/390]
[   23/26  397/390  193/390  171/130  577/390    77/78  -21/130     1/30 -167/390   59/130    53/78  877/390  151/130  553/390  397/390]
[   -1/26   97/390  -47/390  111/130  457/390      5/6  -21/130   73/390  -47/390  119/130   101/78 1177/390  271/130  193/390   97/390]
[  -17/26  -83/390 -167/390     7/10  457/390    77/78   19/130  253/390  193/390  219/130   173/78  817/390  171/130  -47/390  -83/390]
[  -25/26   -11/30 -167/390  111/130  577/390   113/78   99/130  553/390  553/390   99/130   113/78  577/390  111/130 -167/390   -11/30]
[  -25/26  -83/390  -47/390  171/130  817/390   173/78  219/130  193/390  253/390   19/130    77/78  457/390     7/10 -167/390  -83/390]
[  -17/26   97/390  193/390  271/130 1177/390   101/78  119/130  -47/390   73/390  -21/130      5/6  457/390  111/130  -47/390   97/390]
[   -1/26  397/390  553/390  151/130  877/390    53/78   59/130 -167/390     1/30  -21/130    77/78  577/390  171/130  193/390  397/390]
[   23/26   37/390  253/390   71/130  697/390    29/78     3/10 -167/390   73/390   19/130   113/78  817/390  271/130  553/390   37/390]
[    3/26 -203/390   73/390   31/130    49/30    29/78   59/130  -47/390  253/390   99/130   173/78 1177/390  151/130  253/390 -203/390]
[   -9/26 -323/390     1/30   31/130  697/390    53/78  119/130  193/390  553/390  219/130   101/78  877/390   71/130   73/390 -323/390]
[       0        0        0        0        0        0        0        0        0        0        0        0        0        0        0]
Testing obstruction for
m1: 4, m2: 17,a: 3
[    -1/2 -383/390 -167/390 -109/130  -83/390   -43/78   19/130  -47/390  253/390   59/130   101/78  457/390  271/130    61/30 1177/390]
[   79/26  817/390  853/390  171/130  577/390    53/78  119/130   73/390  193/390  -21/130    17/78   -11/30   11/130 -167/390   37/390]
[   -9/26   97/390  -47/390   71/130   97/390    77/78   99/130  613/390  553/390    23/10   173/78 1237/390  411/130  853/390  877/390]
[   35/26  577/390  253/390  111/130   37/390    29/78  -41/130     1/30 -227/390  -21/130   -55/78  -83/390  -89/130  -47/390 -203/390]
[    3/26  -83/390  193/390   31/130  397/390      5/6  219/130  613/390  973/390  319/130   269/78 1357/390  331/130 1033/390  697/390]
[   51/26  457/390  553/390     7/10  397/390    29/78   99/130   73/390  253/390   19/130    53/78   97/390  111/130  193/390  457/390]
[   23/26    49/30  553/390  291/130  817/390   233/78  379/130 1513/390 1513/390  379/130   233/78  817/390  291/130  553/390    49/30]
[   23/26  457/390  193/390  111/130   97/390    53/78   19/130  253/390   73/390   99/130    29/78  397/390     7/10  553/390  457/390]
[   51/26  697/390 1033/390  331/130 1357/390   269/78  319/130  973/390  613/390  219/130      5/6  397/390   31/130  193/390  -83/390]
[    3/26 -203/390  -47/390  -89/130  -83/390   -55/78  -21/130 -227/390     1/30  -41/130    29/78   37/390  111/130  253/390  577/390]
[   35/26  877/390  853/390  411/130 1237/390   173/78    23/10  553/390  613/390   99/130    77/78   97/390   71/130  -47/390   97/390]
[   -9/26   37/390 -167/390   11/130   -11/30    17/78  -21/130  193/390   73/390  119/130    53/78  577/390  171/130  853/390  817/390]
[   79/26 1177/390    61/30  271/130  457/390   101/78   59/130  253/390  -47/390   19/130   -43/78  -83/390 -109/130 -167/390 -383/390]
[       0        0        0        0        0        0        0        0        0        0        0        0        0        0        0]
Testing obstruction for
m1: 6, m2: 11,a: 3
[    -1/2 -379/390 -151/390  -97/130  -19/390   -23/78   67/130  149/390  509/390  167/130   181/78  941/390  203/130    53/30  401/390]
[   35/26  281/390  449/390   83/130  461/390    61/78  187/130  449/390  749/390  227/130   205/78    77/30  203/130  629/390  281/390]
[   23/26   41/390  149/390  -37/130   41/390   -35/78    7/130 -151/390   89/390    -1/10    49/78  161/390  163/130  449/390  821/390]
[   55/26  461/390  509/390   63/130  281/390     1/78   47/130    -7/30   89/390  -33/130    25/78  -19/390   83/130  149/390  461/390]
[   27/26  761/390  749/390  123/130  401/390      1/6   47/130 -151/390  -31/390  -93/130   -23/78 -319/390  -37/130 -271/390  -19/390]
[   -9/26  161/390   89/390    11/10  401/390   157/78  267/130  449/390  509/390   67/130    61/78   41/390   63/130  -31/390  161/390]
[   -1/26    17/30   89/390  123/130  281/390   121/78  187/130  929/390  929/390  187/130   121/78  281/390  123/130   89/390    17/30]
[   -1/26  161/390  -31/390   63/130   41/390    61/78   67/130  509/390  449/390  267/130   157/78  401/390    11/10   89/390  161/390]
[   -9/26  -19/390 -271/390  -37/130 -319/390   -23/78  -93/130  -31/390 -151/390   47/130      1/6  401/390  123/130  749/390  761/390]
[   27/26  461/390  149/390   83/130  -19/390    25/78  -33/130   89/390    -7/30   47/130     1/78  281/390   63/130  509/390  461/390]
[   55/26  821/390  449/390  163/130  161/390    49/78    -1/10   89/390 -151/390    7/130   -35/78   41/390  -37/130  149/390   41/390]
[   23/26  281/390  629/390  203/130    77/30   205/78  227/130  749/390  449/390  187/130    61/78  461/390   83/130  449/390  281/390]
[   35/26  401/390    53/30  203/130  941/390   181/78  167/130  509/390  149/390   67/130   -23/78  -19/390  -97/130 -151/390 -379/390]
[       0        0        0        0        0        0        0        0        0        0        0        0        0        0        0]
Testing obstruction for
m1: 9, m2: 12,a: 7
[    -1/2 -367/390 -103/390  -61/130  173/390    37/78  211/130  737/390  497/390  231/130   109/78  833/390  259/130    29/30  413/390]
[    7/26  233/390   17/390   79/130  113/390    85/78  131/130   17/390   77/390  -69/130   -11/78   -19/30   -1/130 -103/390  233/390]
[   15/26  653/390  737/390  159/130  653/390    97/78  251/130  677/390  257/390     7/10   -11/78   53/390  -61/130   17/390 -127/390]
[   11/26  113/390  497/390  179/130  233/390    73/78   51/130    29/30  257/390  191/130   109/78  173/390   79/130  -43/390  113/390]
[   -5/26  173/390   77/390  139/130  413/390      1/6   51/130 -103/390   77/390  -29/130    37/78  113/390  159/130  497/390  953/390]
[   71/26  833/390 1037/390    23/10  413/390    73/78   -9/130   17/390 -283/390  -49/130   -71/78 -127/390  -81/130   77/390   53/390]
[   31/26    41/30  257/390  139/130  233/390    97/78  131/130  737/390  737/390  131/130    97/78  233/390  139/130  257/390    41/30]
[   31/26   53/390   77/390  -81/130 -127/390   -71/78  -49/130 -283/390   17/390   -9/130    73/78  413/390    23/10 1037/390  833/390]
[   71/26  953/390  497/390  159/130  113/390    37/78  -29/130   77/390 -103/390   51/130      1/6  413/390  139/130   77/390  173/390]
[   -5/26  113/390  -43/390   79/130  173/390   109/78  191/130  257/390    29/30   51/130    73/78  233/390  179/130  497/390  113/390]
[   11/26 -127/390   17/390  -61/130   53/390   -11/78     7/10  257/390  677/390  251/130    97/78  653/390  159/130  737/390  653/390]
[   15/26  233/390 -103/390   -1/130   -19/30   -11/78  -69/130   77/390   17/390  131/130    85/78  113/390   79/130   17/390  233/390]
[    7/26  413/390    29/30  259/130  833/390   109/78  231/130  497/390  737/390  211/130    37/78  173/390  -61/130 -103/390 -367/390]
[       0        0        0        0        0        0        0        0        0        0        0        0        0        0        0]
Testing obstruction for
m1: 25, m2: 26,a: 24
[    -1/2 -311/390  121/390  107/130  289/390   161/78  363/130 1141/390 1741/390  703/130   293/78 1369/390  347/130    37/30  469/390]
[   15/26 -251/390 -179/390 -113/130   49/390    41/78   43/130  601/390  841/390  283/130   281/78   133/30  607/130 1681/390 1309/390]
[   47/26  649/390  361/390  -53/130 -131/390   -67/78    3/130  121/390    1/390    11/10   125/78  589/390  367/130 1381/390 2209/390]
[  135/26 1609/390  961/390  287/130  529/390    -7/78  -17/130   -23/30    1/390   23/130   -19/78  289/390  147/130  361/390  829/390]
[   71/26 1849/390 2401/390  647/130 1249/390     17/6  243/130  121/390   61/390  -77/130     5/78   49/390  -53/130  181/390  289/390]
[   11/26  589/390  781/390    39/10 2029/390   461/78  523/130 1381/390  961/390  103/130    41/78 -131/390   27/130   61/390 -191/390]
[    7/26    13/30    1/390  127/130  529/390   245/78  563/130 1921/390 1921/390  563/130   245/78  529/390  127/130    1/390    13/30]
[    7/26 -191/390   61/390   27/130 -131/390    41/78  103/130  961/390 1381/390  523/130   461/78 2029/390    39/10  781/390  589/390]
[   11/26  289/390  181/390  -53/130   49/390     5/78  -77/130   61/390  121/390  243/130     17/6 1249/390  647/130 2401/390 1849/390]
[   71/26  829/390  361/390  147/130  289/390   -19/78   23/130    1/390   -23/30  -17/130    -7/78  529/390  287/130  961/390 1609/390]
[  135/26 2209/390 1381/390  367/130  589/390   125/78    11/10    1/390  121/390    3/130   -67/78 -131/390  -53/130  361/390  649/390]
[   47/26 1309/390 1681/390  607/130   133/30   281/78  283/130  841/390  601/390   43/130    41/78   49/390 -113/130 -179/390 -251/390]
[   15/26  469/390    37/30  347/130 1369/390   293/78  703/130 1741/390 1141/390  363/130   161/78  289/390  107/130  121/390 -311/390]
[       0        0        0        0        0        0        0        0        0        0        0        0        0        0        0]
---------------------------
SUCCESS for name = 12a1103
---------------------------
12a1109
Correction terms
[    -1/2 -439/494  -27/494    1/494 -355/494 -107/494 -243/494  225/494  309/494    9/494  313/494  233/494 -231/494    -7/38 -335/494]
[  25/494    1/494  581/494 -211/494    31/26   17/494   49/494 -303/494  -51/494 -183/494  289/494   -47/38   81/494 -599/494  313/494]
[-147/494   -3/494 -243/494  121/494  101/494 -303/494 -103/494 -287/494     7/26    13/38 -179/494   77/494  -51/494  425/494  517/494]
[ 225/494  537/494  465/494    9/494  157/494  -79/494  289/494    21/38 -127/494   77/494 -103/494  321/494    19/26   17/494  277/494]
[ 153/494 -355/494 -259/494 -547/494 -231/494   -23/38  237/494 -599/494  157/494 -459/494  517/494  121/494  329/494  153/494  581/494]
[-363/494    15/26 -439/494    33/38  -75/494   25/494 -259/494   61/494   -3/494  537/494 -295/494  465/494 -147/494 -155/494 -547/494]
[-335/494   -39/38  -75/494  -27/494 -363/494    -5/26 -211/494  277/494  381/494  101/494  425/494  365/494  -79/494   81/494   -11/38]
[ 237/494  233/494 -155/494   61/494 -107/494  329/494  381/494   49/494  321/494    11/26 -287/494 -179/494   -35/38 -127/494 -183/494]
[ 365/494 -459/494  309/494 -295/494 -295/494  309/494 -459/494  365/494 -183/494 -127/494   -35/38 -179/494 -287/494    11/26  321/494]
[  49/494  381/494  329/494 -107/494   61/494 -155/494  233/494  237/494   -11/38   81/494  -79/494  365/494  425/494  101/494  381/494]
[ 277/494 -211/494    -5/26 -363/494  -27/494  -75/494   -39/38 -335/494 -547/494 -155/494 -147/494  465/494 -295/494  537/494   -3/494]
[  61/494 -259/494   25/494  -75/494    33/38 -439/494    15/26 -363/494  581/494  153/494  329/494  121/494  517/494 -459/494  157/494]
[-599/494  237/494   -23/38 -231/494 -547/494 -259/494 -355/494  153/494  277/494   17/494    19/26  321/494 -103/494   77/494 -127/494]
[   21/38  289/494  -79/494  157/494    9/494  465/494  537/494  225/494  517/494  425/494  -51/494   77/494 -179/494    13/38     7/26]
[-287/494 -103/494 -303/494  101/494  121/494 -243/494   -3/494 -147/494  313/494 -599/494   81/494   -47/38  289/494 -183/494  -51/494]
[-303/494   49/494   17/494    31/26 -211/494  581/494    1/494   25/494 -335/494    -7/38 -231/494  233/494  313/494    9/494  309/494]
[ 225/494 -243/494 -107/494 -355/494    1/494  -27/494 -439/494        0        0        0        0        0        0        0        0]
Testing obstruction for
m1: 1, m2: 124,a: 0
[     -1/2  -243/494  -231/494  -211/494  -183/494  -147/494  -103/494   -51/494     9/494    77/494   153/494   237/494   329/494     33/38   537/494]
[  653/494   777/494   909/494  1049/494     63/26  1353/494  1517/494  1689/494  1869/494  2057/494  2253/494    189/38  2669/494  2889/494  3117/494]
[ 3353/494  3597/494  3849/494  4109/494  4377/494  4653/494  4937/494  5229/494    291/26    449/38  6153/494  6477/494  6809/494  7149/494  7497/494]
[ 7853/494  8217/494  8589/494  8969/494  9357/494  9753/494 10157/494    813/38 10989/494 11417/494 11853/494 12297/494    671/26 13209/494 13677/494]
[14153/494 14637/494 15129/494 14641/494 14161/494   1053/38 13225/494 12769/494 12321/494 11881/494 11449/494 11025/494 10609/494 10201/494  9801/494]
[ 9409/494    475/26  8649/494    637/38  7921/494  7569/494  7225/494  6889/494  6561/494  6241/494  5929/494  5625/494  5329/494  5041/494  4761/494]
[ 4489/494    325/38  3969/494  3721/494  3481/494    171/26  3025/494  2809/494  2601/494  2401/494  2209/494  2025/494  1849/494  1681/494    117/38]
[ 1369/494  1225/494  1089/494   961/494   841/494   729/494   625/494   529/494   441/494     19/26   289/494   225/494     13/38   121/494    81/494]
[   49/494    25/494     9/494     1/494     1/494     9/494    25/494    49/494    81/494   121/494     13/38   225/494   289/494     19/26   441/494]
[  529/494   625/494   729/494   841/494   961/494  1089/494  1225/494  1369/494    117/38  1681/494  1849/494  2025/494  2209/494  2401/494  2601/494]
[ 2809/494  3025/494    171/26  3481/494  3721/494  3969/494    325/38  4489/494  4761/494  5041/494  5329/494  5625/494  5929/494  6241/494  6561/494]
[ 6889/494  7225/494  7569/494  7921/494    637/38  8649/494    475/26  9409/494  9801/494 10201/494 10609/494 11025/494 11449/494 11881/494 12321/494]
[12769/494 13225/494   1053/38 14161/494 14641/494 15129/494 14637/494 14153/494 13677/494 13209/494    671/26 12297/494 11853/494 11417/494 10989/494]
[   813/38 10157/494  9753/494  9357/494  8969/494  8589/494  8217/494  7853/494  7497/494  7149/494  6809/494  6477/494  6153/494    449/38    291/26]
[ 5229/494  4937/494  4653/494  4377/494  4109/494  3849/494  3597/494  3353/494  3117/494  2889/494  2669/494    189/38  2253/494  2057/494  1869/494]
[ 1689/494  1517/494  1353/494     63/26  1049/494   909/494   777/494   653/494   537/494     33/38   329/494   237/494   153/494    77/494     9/494]
[  -51/494  -103/494  -147/494  -183/494  -211/494  -231/494  -243/494         0         0         0         0         0         0         0         0]
Unobstructed
6
---------------------------
---------------------------
12a1118
Correction terms
[    -1/2  337/230 -147/230  273/230 -243/230    29/46   57/230  -47/230 -167/230  157/230     1/46 -163/230  113/230  -87/230  157/230]
[  -15/46  137/230 -127/230   53/230 -243/230    73/46   37/230  153/230    -9/10  337/230   -11/46   -3/230   33/230   53/230   57/230]
[    9/46   17/230  -27/230  -87/230 -163/230    41/46   97/230  -27/230 -167/230  137/230    -7/46  237/230   33/230  273/230   37/230]
[   49/46    -1/10  153/230 -147/230   -3/230    25/46  237/230 -127/230  -47/230   17/230    13/46   97/230  113/230  113/230   97/230]
[   13/46   17/230  -47/230 -127/230  237/230    25/46   -3/230 -147/230  153/230    -1/10    49/46   37/230  273/230   33/230  237/230]
[   -7/46  137/230 -167/230  -27/230   97/230    41/46 -163/230  -87/230  -27/230   17/230     9/46   57/230   53/230   33/230   -3/230]
[  -11/46  337/230    -9/10  153/230   37/230    73/46 -243/230   53/230 -127/230  137/230   -15/46  157/230  -87/230  113/230 -163/230]
[    1/46  157/230 -167/230  -47/230   57/230    29/46 -243/230  273/230 -147/230  337/230        0        0        0        0        0]
Testing obstruction for
m1: 1, m2: 58,a: 0
[    -1/2 -111/230  -99/230  -79/230  -51/230    -3/46   29/230   81/230  141/230  209/230    57/46  369/230  461/230  561/230  669/230]
[  157/46  909/230 1041/230 1181/230 1329/230   297/46 1649/230 1821/230    87/10 2189/230   477/46 2589/230 2801/230 3021/230 3249/230]
[  605/46 2809/230 2601/230 2401/230 2209/230   405/46 1849/230 1681/230 1521/230 1369/230   245/46 1089/230  961/230  841/230  729/230]
[  125/46    23/10  441/230  361/230  289/230    45/46  169/230  121/230   81/230   49/230     5/46    9/230    1/230    1/230    9/230]
[    5/46   49/230   81/230  121/230  169/230    45/46  289/230  361/230  441/230    23/10   125/46  729/230  841/230  961/230 1089/230]
[  245/46 1369/230 1521/230 1681/230 1849/230   405/46 2209/230 2401/230 2601/230 2809/230   605/46 3249/230 3021/230 2801/230 2589/230]
[  477/46 2189/230    87/10 1821/230 1649/230   297/46 1329/230 1181/230 1041/230  909/230   157/46  669/230  561/230  461/230  369/230]
[   57/46  209/230  141/230   81/230   29/230    -3/46  -51/230  -79/230  -99/230 -111/230        0        0        0        0        0]
Testing obstruction for
m1: 3, m2: 12,a: 0
[    -1/2 -187/230   57/230  157/230  113/230    77/46  513/230  497/230  337/230   33/230     9/46  -87/230   97/230  137/230   33/230]
[   49/46  313/230  697/230  477/230  113/230    13/46 -127/230   -3/230    -1/10 -187/230    -7/46  -27/230  297/230  477/230  513/230]
[   81/46  153/230  217/230  137/230  -87/230     1/46  -47/230  217/230  337/230  313/230   121/46  293/230  297/230  157/230 -127/230]
[  -19/46    -9/10   -3/230   57/230  -27/230    41/46  293/230  697/230  497/230  153/230    25/46  -47/230   97/230   97/230  -47/230]
[   25/46  153/230  497/230  697/230  293/230    41/46  -27/230   57/230   -3/230    -9/10   -19/46 -127/230  157/230  297/230  293/230]
[  121/46  313/230  337/230  217/230  -47/230     1/46  -87/230  137/230  217/230  153/230    81/46  513/230  477/230  297/230  -27/230]
[   -7/46 -187/230    -1/10   -3/230 -127/230    13/46  113/230  477/230  697/230  313/230    49/46   33/230  137/230   97/230  -87/230]
[    9/46   33/230  337/230  497/230  513/230    77/46  113/230  157/230   57/230 -187/230        0        0        0        0        0]
Testing obstruction for
m1: 4, m2: 9,a: 1
[    -1/2 -223/230  -87/230 -167/230   -3/230   -11/46  137/230  113/230  333/230  337/230    25/46  157/230  -27/230   33/230 -123/230]
[   -7/46 -163/230  -47/230 -147/230   -3/230   -15/46   97/230   53/230    11/10  237/230    93/46  477/230  273/230  313/230  137/230]
[   41/46   57/230  153/230   33/230  157/230    13/46  217/230  153/230  333/230  297/230   101/46  497/230  273/230  293/230   97/230]
[   29/46    -1/10   53/230  -87/230   17/230   -19/46   37/230  -47/230  113/230   57/230    49/46  217/230  433/230  433/230  217/230]
[   49/46   57/230  113/230  -47/230   37/230   -19/46   17/230  -87/230   53/230    -1/10    29/46   97/230  293/230  273/230  497/230]
[  101/46  297/230  333/230  153/230  217/230    13/46  157/230   33/230  153/230   57/230    41/46  137/230  313/230  273/230  477/230]
[   93/46  237/230    11/10   53/230   97/230   -15/46   -3/230 -147/230  -47/230 -163/230    -7/46 -123/230   33/230  -27/230  157/230]
[   25/46  337/230  333/230  113/230  137/230   -11/46   -3/230 -167/230  -87/230 -223/230        0        0        0        0        0]
Testing obstruction for
m1: 15, m2: 16,a: 14
[    -1/2 -199/230    9/230   49/230  -79/230    17/46   81/230  -91/230   29/230  -19/230    45/46  301/230  209/230  409/230  441/230]
[   61/46  461/230  449/230  729/230  841/230   157/46  561/230  629/230    23/10  261/230    57/46  141/230  289/230  269/230   81/230]
[   37/46  121/230 -111/230  -51/230 -159/230     5/46   41/230 -111/230   29/230    1/230   -39/46  -99/230 -171/230   49/230  101/230]
[   -3/46     7/10  169/230    9/230  141/230    21/46  361/230  449/230  369/230  581/230   125/46  501/230  669/230  669/230  501/230]
[  125/46  581/230  369/230  449/230  361/230    21/46  141/230    9/230  169/230     7/10    -3/46  101/230   49/230 -171/230  -99/230]
[  -39/46    1/230   29/230 -111/230   41/230     5/46 -159/230  -51/230 -111/230  121/230    37/46   81/230  269/230  289/230  141/230]
[   57/46  261/230    23/10  629/230  561/230   157/46  841/230  729/230  449/230  461/230    61/46  441/230  409/230  209/230  301/230]
[   45/46  -19/230   29/230  -91/230   81/230    17/46  -79/230   49/230    9/230 -199/230        0        0        0        0        0]
---------------------------
SUCCESS for name = 12a1118
---------------------------
12a1147
Correction terms
[    -1/2  -59/246  133/246   -13/82  -83/246    1/246    71/82   61/246   37/246  -117/82 -119/246  241/246    79/82 -131/246  121/246]
[    3/82   25/246  169/246   -17/82 -143/246 -107/246    19/82 -143/246  277/246   111/82   25/246 -155/246   -69/82 -131/246   73/246]
[  -29/82 -119/246  -23/246    67/82   61/246   49/246    55/82  -83/246 -203/246   -65/82  -59/246      5/6    35/82  133/246 -203/246]
[   27/82    1/246   49/246   -89/82   37/246  -23/246    15/82  241/246   73/246    11/82  121/246 -155/246  -101/82  169/246  277/246]
[    7/82 -107/246 -107/246     7/82  277/246  169/246  -101/82 -155/246  121/246    11/82   73/246  241/246    15/82  -23/246   37/246]
[  -89/82   49/246    1/246    27/82 -203/246  133/246    35/82      5/6  -59/246   -65/82 -203/246  -83/246    55/82   49/246   61/246]
[   67/82  -23/246 -119/246   -29/82   73/246 -131/246   -69/82 -155/246   25/246   111/82  277/246 -143/246    19/82 -107/246 -143/246]
[  -17/82  169/246   25/246     3/82  121/246 -131/246    79/82  241/246 -119/246  -117/82   37/246   61/246    71/82    1/246  -83/246]
[  -13/82  133/246  -59/246        0        0        0        0        0        0        0        0        0        0        0        0]
Testing obstruction for
m1: 1, m2: 62,a: 0
[    -1/2 -119/246 -107/246   -29/82  -59/246  -23/246     7/82   73/246  133/246    67/82  277/246  361/246   151/82  553/246  661/246]
[  259/82  901/246 1033/246   391/82 1321/246 1477/246   547/82 1813/246 1993/246   727/82 2377/246 2581/246   931/82 3013/246 3241/246]
[ 1159/82 3721/246 3481/246  1083/82 3025/246 2809/246   867/82 2401/246 2209/246   675/82 1849/246     41/6   507/82 1369/246 1225/246]
[  363/82  961/246  841/246   243/82  625/246  529/246   147/82  361/246  289/246    75/82  169/246  121/246    27/82   49/246   25/246]
[    3/82    1/246    1/246     3/82   25/246   49/246    27/82  121/246  169/246    75/82  289/246  361/246   147/82  529/246  625/246]
[  243/82  841/246  961/246   363/82 1225/246 1369/246   507/82     41/6 1849/246   675/82 2209/246 2401/246   867/82 2809/246 3025/246]
[ 1083/82 3481/246 3721/246  1159/82 3241/246 3013/246   931/82 2581/246 2377/246   727/82 1993/246 1813/246   547/82 1477/246 1321/246]
[  391/82 1033/246  901/246   259/82  661/246  553/246   151/82  361/246  277/246    67/82  133/246   73/246     7/82  -23/246  -59/246]
[  -29/82 -107/246 -119/246        0        0        0        0        0        0        0        0        0        0        0        0]
Unobstructed
10
---------------------------
---------------------------
12a1151
Correction terms
[    -1/2   -7/270 -163/270    -7/30 -247/270   -35/54    17/30  197/270  -43/270    -1/10   -59/54 -307/270    -7/30 -103/270  113/270]
[     1/6 -307/270 -403/270    -9/10 -367/270   -47/54    17/30  257/270   77/270   -43/30   -11/54   -7/270    -9/10 -223/270   53/270]
[     1/6 -247/270 -283/270    -7/30 -127/270    13/54    -1/10  137/270   17/270   -43/30     1/54  113/270    -7/30   17/270 -187/270]
[    -1/2 -367/270 -343/270    -7/30  -67/270    37/54    17/30 -163/270 -223/270    -1/10   -23/54   53/270    -7/30   77/270  -67/270]
[   -11/6 -127/270  -43/270    -9/10 -187/270    25/54    17/30 -103/270 -103/270    17/30    25/54 -187/270    -9/10  -43/270 -127/270]
[   -11/6  -67/270   77/270    -7/30   53/270   -23/54    -1/10 -223/270 -163/270    17/30    37/54  -67/270    -7/30 -343/270 -367/270]
[    -1/2 -187/270   17/270    -7/30  113/270     1/54   -43/30   17/270  137/270    -1/10    13/54 -127/270    -7/30 -283/270 -247/270]
[     1/6   53/270 -223/270    -9/10   -7/270   -11/54   -43/30   77/270  257/270    17/30   -47/54 -367/270    -9/10 -403/270 -307/270]
[     1/6  113/270 -103/270    -7/30 -307/270   -59/54    -1/10  -43/270  197/270    17/30   -35/54 -247/270    -7/30 -163/270   -7/270]
[       0        0        0        0        0        0        0        0        0        0        0        0        0        0        0]
Testing obstruction for
m1: 1, m2: 68,a: 0
[    -1/2 -131/270 -119/270   -11/30  -71/270    -7/54     1/30   61/270  121/270     7/10    53/54  349/270    49/30  541/270  649/270]
[    17/6  889/270 1021/270    43/10 1309/270   293/54   181/30 1801/270 1981/270   241/30   473/54 2569/270   103/10 3001/270 3229/270]
[    77/6 3709/270 3961/270   469/30 4489/270   845/54   147/10 3721/270 3481/270   361/30   605/54 2809/270   289/30 2401/270 2209/270]
[    15/2 1849/270 1681/270   169/30 1369/270   245/54   121/30  961/270  841/270    27/10   125/54  529/270    49/30  361/270  289/270]
[     5/6  169/270  121/270     3/10   49/270     5/54     1/30    1/270    1/270     1/30     5/54   49/270     3/10  121/270  169/270]
[     5/6  289/270  361/270    49/30  529/270   125/54    27/10  841/270  961/270   121/30   245/54 1369/270   169/30 1681/270 1849/270]
[    15/2 2209/270 2401/270   289/30 2809/270   605/54   361/30 3481/270 3721/270   147/10   845/54 4489/270   469/30 3961/270 3709/270]
[    77/6 3229/270 3001/270   103/10 2569/270   473/54   241/30 1981/270 1801/270   181/30   293/54 1309/270    43/10 1021/270  889/270]
[    17/6  649/270  541/270    49/30  349/270    53/54     7/10  121/270   61/270     1/30    -7/54  -71/270   -11/30 -119/270 -131/270]
[       0        0        0        0        0        0        0        0        0        0        0        0        0        0        0]
Testing obstruction for
m1: 2, m2: 23,a: 0
Obstructed by Z^n/Q not being cyclic
Testing obstruction for
m1: 3, m2: 14,a: 0
[    -1/2 -223/270   53/270    17/30   77/270    73/54    53/30  953/270  713/270    11/10    49/54   17/270    17/30  113/270 -103/270]
[     1/6   17/270  353/270    19/10  497/270   169/54    53/30  473/270  293/270    -7/30   -11/54 -223/270    -1/10   -7/270 -163/270]
[     1/6   77/270  473/270    77/30  737/270   121/54    11/10  353/270  233/270    -7/30     1/54 -103/270    17/30  233/270  137/270]
[     3/2  497/270  953/270    77/30  257/270    37/54    -7/30   53/270   -7/270    -9/10   -23/54 -163/270    17/30  293/270  257/270]
[    13/6  737/270  713/270    19/10  137/270    25/54    -7/30  113/270  113/270    -7/30    25/54  137/270    19/10  713/270  737/270]
[    13/6  257/270  293/270    17/30 -163/270   -23/54    -9/10   -7/270   53/270    -7/30    37/54  257/270    77/30  953/270  497/270]
[     3/2  137/270  233/270    17/30 -103/270     1/54    -7/30  233/270  353/270    11/10   121/54  737/270    77/30  473/270   77/270]
[     1/6 -163/270   -7/270    -1/10 -223/270   -11/54    -7/30  293/270  473/270    53/30   169/54  497/270    19/10  353/270   17/270]
[     1/6 -103/270  113/270    17/30   17/270    49/54    11/10  713/270  953/270    53/30    73/54   77/270    17/30   53/270 -223/270]
[       0        0        0        0        0        0        0        0        0        0        0        0        0        0        0]
Unobstructed
28
---------------------------
---------------------------
