13a3935
Correction terms
[    -1/2  501/574 -579/574  -83/574 -307/574 -103/574 -619/574    63/82 -367/574  401/574 -699/574 -223/574 -467/574 -283/574    47/82]
[ 221/574  541/574  141/574  169/574  625/574  361/574    75/82  -31/574 -159/574  141/574 -279/574 -271/574  165/574   -17/82   25/574]
[-551/574 -699/574 -419/574 -859/574  277/574   -65/82  389/574 -635/574  -83/574 -251/574    9/574   -11/14    95/82  -87/574  737/574]
[-307/574  225/574   37/574  277/574   -29/82 -255/574  121/574 -223/574 -139/574  373/574  165/574    55/82 -115/574 -187/574  169/574]
[-195/574 -131/574  361/574    19/82  333/574 -187/574 -279/574   57/574 -327/574 -283/574    27/82  -59/574  121/574 -419/574 -531/574]
[-215/574 -619/574    79/82 -143/574  737/574 -251/574  337/574     5/14  501/574    11/82   81/574 -635/574  225/574 -783/574 -215/574]
[-367/574   -13/82 -535/574 -551/574 -139/574 -447/574 -327/574  221/574     7/82  305/574 -159/574 -195/574  197/574 -131/574  -31/574]
[   71/82  305/574  541/574   57/574    1/574  373/574   25/574    15/82 -535/574  401/574 -531/574  113/574   37/574  389/574     3/82]
[  81/574 -579/574  337/574   -15/14    9/574  -87/574    35/82 -143/574 -103/574 -783/574  113/574 -859/574 -255/574   -53/82  -59/574]
[-467/574 -447/574    1/574 -271/574 -115/574    67/82  333/574  625/574  197/574  197/574  625/574  333/574    67/82 -115/574 -271/574]
[   1/574 -447/574 -467/574  -59/574   -53/82 -255/574 -859/574  113/574 -783/574 -103/574 -143/574    35/82  -87/574    9/574   -15/14]
[ 337/574 -579/574   81/574     3/82  389/574   37/574  113/574 -531/574  401/574 -535/574    15/82   25/574  373/574    1/574   57/574]
[ 541/574  305/574    71/82  -31/574 -131/574  197/574 -195/574 -159/574  305/574     7/82  221/574 -327/574 -447/574 -139/574 -551/574]
[-535/574   -13/82 -367/574 -215/574 -783/574  225/574 -635/574   81/574    11/82  501/574     5/14  337/574 -251/574  737/574 -143/574]
[   79/82 -619/574 -215/574 -531/574 -419/574  121/574  -59/574    27/82 -283/574 -327/574   57/574 -279/574 -187/574  333/574    19/82]
[ 361/574 -131/574 -195/574  169/574 -187/574 -115/574    55/82  165/574  373/574 -139/574 -223/574  121/574 -255/574   -29/82  277/574]
[  37/574  225/574 -307/574  737/574  -87/574    95/82   -11/14    9/574 -251/574  -83/574 -635/574  389/574   -65/82  277/574 -859/574]
[-419/574 -699/574 -551/574   25/574   -17/82  165/574 -271/574 -279/574  141/574 -159/574  -31/574    75/82  361/574  625/574  169/574]
[ 141/574  541/574  221/574    47/82 -283/574 -467/574 -223/574 -699/574  401/574 -367/574    63/82 -619/574 -103/574 -307/574  -83/574]
[-579/574  501/574        0        0        0        0        0        0        0        0        0        0        0        0        0]
Testing obstruction for
m1: 1, m2: 144,a: 0
[     -1/2  -283/574  -271/574  -251/574  -223/574  -187/574  -143/574    -13/82   -31/574    37/574   113/574   197/574   289/574   389/574     71/82]
[  613/574   737/574   869/574  1009/574  1157/574  1313/574    211/82  1649/574  1829/574  2017/574  2213/574  2417/574  2629/574    407/82  3077/574]
[ 3313/574  3557/574  3809/574  4069/574  4337/574    659/82  4897/574  5189/574  5489/574  5797/574  6113/574    157/14    967/82  7109/574  7457/574]
[ 7813/574  8177/574  8549/574  8929/574   1331/82  9713/574 10117/574 10529/574 10949/574 11377/574 11813/574   1751/82 12709/574 13169/574 13637/574]
[14113/574 14597/574 15089/574   2227/82 16097/574 16613/574 17137/574 17669/574 18209/574 18757/574   2759/82 19877/574 20449/574 19881/574 19321/574]
[18769/574 18225/574   2527/82 17161/574 16641/574 16129/574 15625/574    369/14 14641/574   2023/82 13689/574 13225/574 12769/574 12321/574 11881/574]
[11449/574   1575/82 10609/574 10201/574  9801/574  9409/574  9025/574  8649/574   1183/82  7921/574  7569/574  7225/574  6889/574  6561/574  6241/574]
[   847/82  5625/574  5329/574  5041/574  4761/574  4489/574  4225/574    567/82  3721/574  3481/574  3249/574  3025/574  2809/574  2601/574    343/82]
[ 2209/574  2025/574  1849/574     41/14  1521/574  1369/574    175/82  1089/574   961/574   841/574   729/574   625/574   529/574     63/82   361/574]
[  289/574   225/574   169/574   121/574    81/574      7/82    25/574     9/574     1/574     1/574     9/574    25/574      7/82    81/574   121/574]
[  169/574   225/574   289/574   361/574     63/82   529/574   625/574   729/574   841/574   961/574  1089/574    175/82  1369/574  1521/574     41/14]
[ 1849/574  2025/574  2209/574    343/82  2601/574  2809/574  3025/574  3249/574  3481/574  3721/574    567/82  4225/574  4489/574  4761/574  5041/574]
[ 5329/574  5625/574    847/82  6241/574  6561/574  6889/574  7225/574  7569/574  7921/574   1183/82  8649/574  9025/574  9409/574  9801/574 10201/574]
[10609/574   1575/82 11449/574 11881/574 12321/574 12769/574 13225/574 13689/574   2023/82 14641/574    369/14 15625/574 16129/574 16641/574 17161/574]
[  2527/82 18225/574 18769/574 19321/574 19881/574 20449/574 19877/574   2759/82 18757/574 18209/574 17669/574 17137/574 16613/574 16097/574   2227/82]
[15089/574 14597/574 14113/574 13637/574 13169/574 12709/574   1751/82 11813/574 11377/574 10949/574 10529/574 10117/574  9713/574   1331/82  8929/574]
[ 8549/574  8177/574  7813/574  7457/574  7109/574    967/82    157/14  6113/574  5797/574  5489/574  5189/574  4897/574    659/82  4337/574  4069/574]
[ 3809/574  3557/574  3313/574  3077/574    407/82  2629/574  2417/574  2213/574  2017/574  1829/574  1649/574    211/82  1313/574  1157/574  1009/574]
[  869/574   737/574   613/574     71/82   389/574   289/574   197/574   113/574    37/574   -31/574    -13/82  -143/574  -187/574  -223/574  -251/574]
[ -271/574  -283/574         0         0         0         0         0         0         0         0         0         0         0         0         0]
Unobstructed
13
---------------------------
---------------------------
13a3945
Correction terms
[     -1/2  -731/870   121/870   127/290    49/870  -175/174  -217/290   721/870  -239/870   -17/290   -91/174   289/870   147/290     1/870 -1031/870]
[   -61/58   349/870  1021/870  -213/290 -1151/870  -103/174   423/290   721/870  -419/870  -137/290   149/174  1309/870  -153/290 -1079/870    -19/30]
[    75/58   469/870  -779/870  -293/290   169/870   125/174   163/290  -239/870   181/870     3/290   197/174  -371/870  -193/290   361/870   709/870]
[    31/58  -371/870   -59/870  -113/290   529/870   161/174   163/290  -419/870  -179/870   403/290    53/174   469/870    27/290     29/30  1009/870]
[    39/58  -431/870  -299/870   327/290   -71/870     5/174  -157/290   181/870   241/870   -97/290    65/174   349/870   -73/290   361/870   349/870]
[   -17/58   289/870   241/870  -133/290   109/870     5/174  -217/290  -179/870  -299/870   243/290  -115/174  -731/870      3/10   661/870   469/870]
[   -21/58    49/870  -179/870   247/290  -671/870  -187/174   -17/290   241/870   -59/870  -317/290  -139/174   709/870   -73/290     1/870  -371/870]
[    27/58   589/870   181/870  -273/290  -671/870   125/174  -137/290  -299/870  -779/870   -37/290    -7/174    -19/30    27/290   121/870  -431/870]
[    11/58   169/870  -419/870    47/290   109/870  -103/174     3/290   -59/870  -719/870   -77/290   -67/174   709/870  -193/290  -719/870   289/870]
[    47/58   529/870  -239/870    47/290   -71/870   173/174  -177/290  -779/870   121/870   143/290       1/6  -731/870  -153/290   961/870    49/870]
[    19/58   -71/870   721/870   307/290   529/870   -91/174   -97/290  1021/870     1/870    43/290   -67/174   349/870   147/290   -59/870   589/870]
[    43/58   109/870   721/870   247/290   169/870   149/174   243/290   121/870   661/870      7/10    -7/174   469/870   127/290  -299/870   169/870]
[     3/58  1069/870  -239/870  -133/290   589/870   197/174   263/290     1/870   361/870    43/290   209/174  -371/870  -213/290   241/870   529/870]
[    15/58  -671/870  -419/870   327/290    49/870    53/174   -37/290   661/870     29/30   143/290  -115/174  -431/870   287/290  -179/870   -71/870]
[   -37/58   109/870   181/870  -113/290   289/870    65/174   -77/290   361/870   361/870   -77/290    65/174   289/870  -113/290   181/870   109/870]
[   -37/58   -71/870  -179/870   287/290  -431/870  -115/174   143/290     29/30   661/870   -37/290    53/174    49/870   327/290  -419/870  -671/870]
[    15/58   529/870   241/870  -213/290  -371/870   209/174    43/290   361/870     1/870   263/290   197/174   589/870  -133/290  -239/870  1069/870]
[     3/58   169/870  -299/870   127/290   469/870    -7/174      7/10   661/870   121/870   243/290   149/174   169/870   247/290   721/870   109/870]
[    43/58   589/870   -59/870   147/290   349/870   -67/174    43/290     1/870  1021/870   -97/290   -91/174   529/870   307/290   721/870   -71/870]
[    19/58    49/870   961/870  -153/290  -731/870       1/6   143/290   121/870  -779/870  -177/290   173/174   -71/870    47/290  -239/870   529/870]
[    47/58   289/870  -719/870  -193/290   709/870   -67/174   -77/290  -719/870   -59/870     3/290  -103/174   109/870    47/290  -419/870   169/870]
[    11/58  -431/870   121/870    27/290    -19/30    -7/174   -37/290  -779/870  -299/870  -137/290   125/174  -671/870  -273/290   181/870   589/870]
[    27/58  -371/870     1/870   -73/290   709/870  -139/174  -317/290   -59/870   241/870   -17/290  -187/174  -671/870   247/290  -179/870    49/870]
[   -21/58   469/870   661/870      3/10  -731/870  -115/174   243/290  -299/870  -179/870  -217/290     5/174   109/870  -133/290   241/870   289/870]
[   -17/58   349/870   361/870   -73/290   349/870    65/174   -97/290   241/870   181/870  -157/290     5/174   -71/870   327/290  -299/870  -431/870]
[    39/58  1009/870     29/30    27/290   469/870    53/174   403/290  -179/870  -419/870   163/290   161/174   529/870  -113/290   -59/870  -371/870]
[    31/58   709/870   361/870  -193/290  -371/870   197/174     3/290   181/870  -239/870   163/290   125/174   169/870  -293/290  -779/870   469/870]
[    75/58    -19/30 -1079/870  -153/290  1309/870   149/174  -137/290  -419/870   721/870   423/290  -103/174 -1151/870  -213/290  1021/870   349/870]
[   -61/58 -1031/870     1/870   147/290   289/870   -91/174   -17/290  -239/870   721/870  -217/290  -175/174    49/870   127/290   121/870  -731/870]
[        0         0         0         0         0         0         0         0         0         0         0         0         0         0         0]
Testing obstruction for
m1: 1, m2: 218,a: 0
[     -1/2  -431/870  -419/870  -133/290  -371/870   -67/174   -97/290  -239/870  -179/870   -37/290    -7/174    49/870    47/290   241/870   349/870]
[    31/58   589/870   721/870   287/290  1009/870   233/174   443/290  1501/870  1681/870   623/290   413/174  2269/870   827/290  2701/870    101/30]
[   211/58  3409/870  3661/870  1307/290  4189/870   893/174  1583/290  5041/870  5341/870  1883/290  1193/174  6289/870  2207/290  6961/870  7309/870]
[   511/58  8029/870  8401/870  2927/290  9169/870  1913/174  3323/290 10381/870 10801/870  3743/290  2333/174 12109/870  4187/290    449/30 13489/870]
[   931/58 14449/870 14941/870  5147/290 15949/870  3293/174  5663/290 17521/870 18061/870  6203/290  3833/174 19729/870  6767/290 20881/870 21469/870]
[  1471/58 22669/870 23281/870  7967/290 24529/870  5033/174  8603/290 26461/870 27121/870  9263/290  5693/174 29149/870    343/10 30541/870 31249/870]
[  2131/58 32689/870 33421/870 11387/290 34909/870  7133/174 12143/290 37201/870 37981/870 12923/290  7913/174 40369/870 13727/290 42001/870 42829/870]
[  2911/58 44509/870 45361/870 15407/290 47089/870  9245/174 15123/290 44521/870 43681/870 14283/290  8405/174   1421/30 13467/290 39601/870 38809/870]
[  2535/58 37249/870 36481/870 11907/290 34969/870  6845/174 11163/290 32761/870 32041/870 10443/290  6125/174 29929/870  9747/290 28561/870 27889/870]
[  1815/58 26569/870 25921/870  8427/290 24649/870  4805/174  7803/290 22801/870 22201/870  7203/290     145/6 20449/870  6627/290 19321/870 18769/870]
[  1215/58 17689/870 17161/870  5547/290 16129/870  3125/174  5043/290 14641/870 14161/870  4563/290  2645/174 12769/870  4107/290 11881/870 11449/870]
[   735/58 10609/870 10201/870  3267/290  9409/870  1805/174  2883/290  8281/870  7921/870     87/10  1445/174  6889/870  2187/290  6241/870  5929/870]
[   375/58  5329/870  5041/870  1587/290  4489/870   845/174  1323/290  3721/870  3481/870  1083/290   605/174  2809/870   867/290  2401/870  2209/870]
[   135/58  1849/870  1681/870   507/290  1369/870   245/174   363/290   961/870     29/30   243/290   125/174   529/870   147/290   361/870   289/870]
[    15/58   169/870   121/870    27/290    49/870     5/174     3/290     1/870     1/870     3/290     5/174    49/870    27/290   121/870   169/870]
[    15/58   289/870   361/870   147/290   529/870   125/174   243/290     29/30   961/870   363/290   245/174  1369/870   507/290  1681/870  1849/870]
[   135/58  2209/870  2401/870   867/290  2809/870   605/174  1083/290  3481/870  3721/870  1323/290   845/174  4489/870  1587/290  5041/870  5329/870]
[   375/58  5929/870  6241/870  2187/290  6889/870  1445/174     87/10  7921/870  8281/870  2883/290  1805/174  9409/870  3267/290 10201/870 10609/870]
[   735/58 11449/870 11881/870  4107/290 12769/870  2645/174  4563/290 14161/870 14641/870  5043/290  3125/174 16129/870  5547/290 17161/870 17689/870]
[  1215/58 18769/870 19321/870  6627/290 20449/870     145/6  7203/290 22201/870 22801/870  7803/290  4805/174 24649/870  8427/290 25921/870 26569/870]
[  1815/58 27889/870 28561/870  9747/290 29929/870  6125/174 10443/290 32041/870 32761/870 11163/290  6845/174 34969/870 11907/290 36481/870 37249/870]
[  2535/58 38809/870 39601/870 13467/290   1421/30  8405/174 14283/290 43681/870 44521/870 15123/290  9245/174 47089/870 15407/290 45361/870 44509/870]
[  2911/58 42829/870 42001/870 13727/290 40369/870  7913/174 12923/290 37981/870 37201/870 12143/290  7133/174 34909/870 11387/290 33421/870 32689/870]
[  2131/58 31249/870 30541/870    343/10 29149/870  5693/174  9263/290 27121/870 26461/870  8603/290  5033/174 24529/870  7967/290 23281/870 22669/870]
[  1471/58 21469/870 20881/870  6767/290 19729/870  3833/174  6203/290 18061/870 17521/870  5663/290  3293/174 15949/870  5147/290 14941/870 14449/870]
[   931/58 13489/870    449/30  4187/290 12109/870  2333/174  3743/290 10801/870 10381/870  3323/290  1913/174  9169/870  2927/290  8401/870  8029/870]
[   511/58  7309/870  6961/870  2207/290  6289/870  1193/174  1883/290  5341/870  5041/870  1583/290   893/174  4189/870  1307/290  3661/870  3409/870]
[   211/58    101/30  2701/870   827/290  2269/870   413/174   623/290  1681/870  1501/870   443/290   233/174  1009/870   287/290   721/870   589/870]
[    31/58   349/870   241/870    47/290    49/870    -7/174   -37/290  -179/870  -239/870   -97/290   -67/174  -371/870  -133/290  -419/870  -431/870]
[        0         0         0         0         0         0         0         0         0         0         0         0         0         0         0]
Unobstructed
61
---------------------------
---------------------------
13a3948
Correction terms
[     -1/2   349/670  -279/670   461/670  -111/670   137/134   169/670  -319/670   561/670   129/670   -55/134  -651/670   341/670    21/670  -271/670]
[ -107/134   569/670   361/670   181/670    29/670   -19/134  -191/670  -259/670  -299/670  -311/670   -59/134  -251/670  -179/670   -79/670    49/670]
[   41/134   389/670  -739/670  -499/670  -231/670    13/134  -951/670  -599/670  -219/670   189/670  -143/134  -251/670   241/670   761/670   -31/670]
[ -159/134  -191/670   441/670  -239/670  -891/670   -35/134   569/670     1/670  -539/670   289/670   -39/134   689/670   261/670  -139/670  -511/670]
[   97/134   169/670  -119/670  -379/670   729/670   105/134   349/670      3/10    81/670   -11/670   -15/134  -111/670  -119/670   -99/670   -51/670]
[    5/134   129/670   261/670   421/670   609/670  -103/134  -271/670     1/670   301/670  -711/670   -71/134    29/670   441/670  -459/670     9/670]
[  101/134  -311/670   241/670  -519/670    89/670  -123/134    49/670  -599/670   121/670  -471/670    61/134  -231/670   601/670   121/670  -331/670]
[ -151/134   189/670  -179/670  -519/670  -831/670    45/134   -31/670  -259/670  -459/670  -631/670   113/134   449/670   361/670 -1039/670   269/670]
[   53/134   289/670  -999/670   421/670   529/670   133/134  -511/670  -319/670   -99/670   149/670    85/134  -611/670  -279/670    81/670      7/10]
[  -91/134   -11/670   461/670   961/670   149/670  -127/134   -51/670   561/670  -139/670  -811/670   -23/134   609/670    21/670  -539/670   269/670]
[  -47/134   629/670   181/670  -239/670  -631/670    69/134     9/670  -299/670  -579/670   509/670    57/134    89/670   -79/670  -219/670  -331/670]
[  -83/134  -471/670  -499/670  -499/670  -471/670   -83/134  -331/670  -219/670   -79/670    89/670    57/134   509/670  -579/670  -299/670     9/670]
[   69/134  -631/670  -239/670   181/670   629/670   -47/134   269/670  -539/670    21/670   609/670   -23/134  -811/670  -139/670   561/670   -51/670]
[ -127/134   149/670   961/670   461/670   -11/670   -91/134      7/10    81/670  -279/670  -611/670    85/134   149/670   -99/670  -319/670  -511/670]
[  133/134   529/670   421/670  -999/670   289/670    53/134   269/670 -1039/670   361/670   449/670   113/134  -631/670  -459/670  -259/670   -31/670]
[   45/134  -831/670  -519/670  -179/670   189/670  -151/134  -331/670   121/670   601/670  -231/670    61/134  -471/670   121/670  -599/670    49/670]
[ -123/134    89/670  -519/670   241/670  -311/670   101/134     9/670  -459/670   441/670    29/670   -71/134  -711/670   301/670     1/670  -271/670]
[ -103/134   609/670   421/670   261/670   129/670     5/134   -51/670   -99/670  -119/670  -111/670   -15/134   -11/670    81/670      3/10   349/670]
[  105/134   729/670  -379/670  -119/670   169/670    97/134  -511/670  -139/670   261/670   689/670   -39/134   289/670  -539/670     1/670   569/670]
[  -35/134  -891/670  -239/670   441/670  -191/670  -159/134   -31/670   761/670   241/670  -251/670  -143/134   189/670  -219/670  -599/670  -951/670]
[   13/134  -231/670  -499/670  -739/670   389/670    41/134    49/670   -79/670  -179/670  -251/670   -59/134  -311/670  -299/670  -259/670  -191/670]
[  -19/134    29/670   181/670   361/670   569/670  -107/134  -271/670    21/670   341/670  -651/670   -55/134   129/670   561/670  -319/670   169/670]
[  137/134  -111/670   461/670  -279/670   349/670         0         0         0         0         0         0         0         0         0         0]
Testing obstruction for
m1: 1, m2: 168,a: 0
[     -1/2  -331/670  -319/670  -299/670  -271/670   -47/134  -191/670  -139/670   -79/670   -11/670    13/134   149/670   241/670   341/670   449/670]
[  113/134   689/670   821/670   961/670  1109/670   253/134  1429/670  1601/670  1781/670  1969/670   433/134  2369/670  2581/670  2801/670  3029/670]
[  653/134  3509/670  3761/670  4021/670  4289/670   913/134  4849/670  5141/670  5441/670  5749/670  1213/134  6389/670  6721/670  7061/670  7409/670]
[ 1553/134  8129/670  8501/670  8881/670  9269/670  1933/134 10069/670 10481/670 10901/670 11329/670  2353/134 12209/670 12661/670 13121/670 13589/670]
[ 2813/134 14549/670 15041/670 15541/670 16049/670  3313/134 17089/670    263/10 18161/670 18709/670  3853/134 19829/670 20401/670 20981/670 21569/670]
[ 4433/134 22769/670 23381/670 24001/670 24629/670  5053/134 25909/670 26561/670 27221/670 27889/670  5445/134 26569/670 25921/670 25281/670 24649/670]
[ 4805/134 23409/670 22801/670 22201/670 21609/670  4205/134 20449/670 19881/670 19321/670 18769/670  3645/134 17689/670 17161/670 16641/670 16129/670]
[ 3125/134 15129/670 14641/670 14161/670 13689/670  2645/134 12769/670 12321/670 11881/670 11449/670  2205/134 10609/670 10201/670  9801/670  9409/670]
[ 1805/134  8649/670  8281/670  7921/670  7569/670  1445/134  6889/670  6561/670  6241/670  5929/670  1125/134  5329/670  5041/670  4761/670     67/10]
[  845/134  3969/670  3721/670  3481/670  3249/670   605/134  2809/670  2601/670  2401/670  2209/670   405/134  1849/670  1681/670  1521/670  1369/670]
[  245/134  1089/670   961/670   841/670   729/670   125/134   529/670   441/670   361/670   289/670    45/134   169/670   121/670    81/670    49/670]
[    5/134     9/670     1/670     1/670     9/670     5/134    49/670    81/670   121/670   169/670    45/134   289/670   361/670   441/670   529/670]
[  125/134   729/670   841/670   961/670  1089/670   245/134  1369/670  1521/670  1681/670  1849/670   405/134  2209/670  2401/670  2601/670  2809/670]
[  605/134  3249/670  3481/670  3721/670  3969/670   845/134     67/10  4761/670  5041/670  5329/670  1125/134  5929/670  6241/670  6561/670  6889/670]
[ 1445/134  7569/670  7921/670  8281/670  8649/670  1805/134  9409/670  9801/670 10201/670 10609/670  2205/134 11449/670 11881/670 12321/670 12769/670]
[ 2645/134 13689/670 14161/670 14641/670 15129/670  3125/134 16129/670 16641/670 17161/670 17689/670  3645/134 18769/670 19321/670 19881/670 20449/670]
[ 4205/134 21609/670 22201/670 22801/670 23409/670  4805/134 24649/670 25281/670 25921/670 26569/670  5445/134 27889/670 27221/670 26561/670 25909/670]
[ 5053/134 24629/670 24001/670 23381/670 22769/670  4433/134 21569/670 20981/670 20401/670 19829/670  3853/134 18709/670 18161/670    263/10 17089/670]
[ 3313/134 16049/670 15541/670 15041/670 14549/670  2813/134 13589/670 13121/670 12661/670 12209/670  2353/134 11329/670 10901/670 10481/670 10069/670]
[ 1933/134  9269/670  8881/670  8501/670  8129/670  1553/134  7409/670  7061/670  6721/670  6389/670  1213/134  5749/670  5441/670  5141/670  4849/670]
[  913/134  4289/670  4021/670  3761/670  3509/670   653/134  3029/670  2801/670  2581/670  2369/670   433/134  1969/670  1781/670  1601/670  1429/670]
[  253/134  1109/670   961/670   821/670   689/670   113/134   449/670   341/670   241/670   149/670    13/134   -11/670   -79/670  -139/670  -191/670]
[  -47/134  -271/670  -299/670  -319/670  -331/670         0         0         0         0         0         0         0         0         0         0]
Unobstructed
104
---------------------------
---------------------------
13a3950
Correction terms
[    -1/2  169/534 -659/534 -205/178  301/534  -47/534 -197/178 -263/534 -131/534  -65/178 -455/534  157/534 -165/178 -275/534 -251/534]
[-141/178  277/534 -287/534    7/178  133/534   49/534  -77/178 -707/534 -311/534  -37/178 -107/534 -299/534 -229/178 -203/534   85/534]
[  59/178   73/534 -227/534  115/178 -347/534 -167/534  -61/178 -395/534 -803/534 -113/178  -71/534    1/534  -41/178 -443/534  109/534]
[ 155/178 -443/534 -479/534  119/178  -71/534 -695/534 -149/178 -395/534 -539/534 -293/178 -347/534  -11/534   43/178   73/534 -179/534]
[ 147/178 -203/534   25/534   19/178 -107/534 -467/534 -341/178 -707/534 -587/534 -221/178  133/534 -335/534   23/178  277/534  289/534]
[  35/178 -275/534  217/534 -185/178 -455/534 -551/534 -281/178 -263/534 -947/534 -253/178  301/534   97/534 -101/178  169/534      5/6]
[-181/178 -659/534   97/534 -137/178  -47/534 -947/534 -325/178 -131/534 -551/534  -33/178  157/534  217/534   27/178 -251/534  289/534]
[-145/178 -287/534 -335/534 -193/178   49/534 -587/534 -117/178 -311/534 -467/534   83/178 -299/534   25/534   51/178   85/534 -179/534]
[-213/178 -227/534  -11/534    3/178 -167/534 -539/534  -13/178 -803/534 -695/534   95/178    1/534 -479/534  -29/178  109/534  109/534]
[ -29/178 -479/534    1/534   95/178 -695/534 -803/534  -13/178 -539/534 -167/534    3/178  -11/534 -227/534 -213/178 -179/534   85/534]
[  51/178   25/534 -299/534   83/178 -467/534 -311/534 -117/178 -587/534   49/534 -193/178 -335/534 -287/534 -145/178  289/534 -251/534]
[  27/178  217/534  157/534  -33/178 -551/534 -131/534 -325/178 -947/534  -47/534 -137/178   97/534 -659/534 -181/178      5/6  169/534]
[-101/178   97/534  301/534 -253/178 -947/534 -263/534 -281/178 -551/534 -455/534 -185/178  217/534 -275/534   35/178  289/534  277/534]
[  23/178 -335/534  133/534 -221/178 -587/534 -707/534 -341/178 -467/534 -107/534   19/178   25/534 -203/534  147/178 -179/534   73/534]
[  43/178  -11/534 -347/534 -293/178 -539/534 -395/534 -149/178 -695/534  -71/534  119/178 -479/534 -443/534  155/178  109/534 -443/534]
[ -41/178    1/534  -71/534 -113/178 -803/534 -395/534  -61/178 -167/534 -347/534  115/178 -227/534   73/534   59/178   85/534 -203/534]
[-229/178 -299/534 -107/534  -37/178 -311/534 -707/534  -77/178   49/534  133/534    7/178 -287/534  277/534 -141/178 -251/534 -275/534]
[-165/178  157/534 -455/534  -65/178 -131/534 -263/534 -197/178  -47/534  301/534 -205/178 -659/534  169/534        0        0        0]
Testing obstruction for
m1: 1, m2: 134,a: 0
[     -1/2  -263/534  -251/534   -77/178  -203/534  -167/534   -41/178   -71/534   -11/534    19/178   133/534   217/534   103/178   409/534   517/534]
[  211/178   757/534   889/534   343/178  1177/534  1333/534   499/178  1669/534  1849/534   679/178  2233/534  2437/534   883/178  2869/534  3097/534]
[ 1111/178  3577/534  3829/534  1363/178  4357/534  4633/534  1639/178  5209/534  5509/534  1939/178  6133/534  6457/534  2263/178  7129/534  7477/534]
[ 2611/178  8197/534  8569/534  2983/178  9337/534  9733/534  3379/178 10549/534 10969/534  3799/178 11833/534 12277/534  4243/178 13189/534 13657/534]
[ 4711/178 14617/534 15109/534  5203/178 16117/534 16633/534  5719/178 17689/534 17161/534  5547/178 16129/534 15625/534  5043/178 14641/534 14161/534]
[ 4563/178 13225/534 12769/534  4107/178 11881/534 11449/534  3675/178 10609/534 10201/534  3267/178  9409/534  9025/534  2883/178  8281/534      89/6]
[ 2523/178  7225/534  6889/534  2187/178  6241/534  5929/534  1875/178  5329/534  5041/534  1587/178  4489/534  4225/534  1323/178  3721/534  3481/534]
[ 1083/178  3025/534  2809/534   867/178  2401/534  2209/534   675/178  1849/534  1681/534   507/178  1369/534  1225/534   363/178   961/534   841/534]
[  243/178   625/534   529/534   147/178   361/534   289/534    75/178   169/534   121/534    27/178    49/534    25/534     3/178     1/534     1/534]
[    3/178    25/534    49/534    27/178   121/534   169/534    75/178   289/534   361/534   147/178   529/534   625/534   243/178   841/534   961/534]
[  363/178  1225/534  1369/534   507/178  1681/534  1849/534   675/178  2209/534  2401/534   867/178  2809/534  3025/534  1083/178  3481/534  3721/534]
[ 1323/178  4225/534  4489/534  1587/178  5041/534  5329/534  1875/178  5929/534  6241/534  2187/178  6889/534  7225/534  2523/178      89/6  8281/534]
[ 2883/178  9025/534  9409/534  3267/178 10201/534 10609/534  3675/178 11449/534 11881/534  4107/178 12769/534 13225/534  4563/178 14161/534 14641/534]
[ 5043/178 15625/534 16129/534  5547/178 17161/534 17689/534  5719/178 16633/534 16117/534  5203/178 15109/534 14617/534  4711/178 13657/534 13189/534]
[ 4243/178 12277/534 11833/534  3799/178 10969/534 10549/534  3379/178  9733/534  9337/534  2983/178  8569/534  8197/534  2611/178  7477/534  7129/534]
[ 2263/178  6457/534  6133/534  1939/178  5509/534  5209/534  1639/178  4633/534  4357/534  1363/178  3829/534  3577/534  1111/178  3097/534  2869/534]
[  883/178  2437/534  2233/534   679/178  1849/534  1669/534   499/178  1333/534  1177/534   343/178   889/534   757/534   211/178   517/534   409/534]
[  103/178   217/534   133/534    19/178   -11/534   -71/534   -41/178  -167/534  -203/534   -77/178  -251/534  -263/534         0         0         0]
Unobstructed
7
---------------------------
---------------------------
13a3987
Correction terms
[    -1/2  -43/510 -427/510 -129/170   77/510  -11/102   79/170  -67/510   53/510 -141/170  -95/102 -103/510 -109/170 -127/510  497/510]
[  -33/34  -43/510   -11/30   31/170 -223/510  -23/102  139/170 -667/510 -307/510  159/170  -71/102 -763/510   91/170 -307/510 -463/510]
[  -13/34  497/510 -427/510   31/170     1/30 -131/102 -301/170  293/510 -127/510  -41/170   61/102  137/510 -209/170   53/510  137/510]
[  -25/34 -463/510 -127/510 -129/170 -223/510   73/102     7/10 -247/510 -427/510  -61/170 -107/102 -463/510   11/170  -67/510  257/510]
[   -1/34  137/510 -307/510 -109/170   77/510  -23/102   39/170 -247/510   -11/30   99/170   37/102 -523/510   71/170 -667/510 -103/510]
[   -9/34  257/510   53/510   91/170 -103/510  -11/102 -201/170  293/510 -427/510 -241/170      5/6  -43/510  -29/170  293/510   77/510]
[  -49/34 -103/510  -67/510 -209/170 -763/510  109/102   79/170 -667/510 -127/510  -61/170 -167/102  -43/510     3/10 -247/510 -223/510]
[   15/34   77/510 -667/510   11/170  137/510  -71/102 -141/170  -67/510 -307/510  -41/170   97/102 -523/510  -29/170 -247/510     1/30]
[  -21/34 -223/510  293/510   71/170 -463/510   61/102 -181/170   53/510   53/510 -181/170   61/102 -463/510   71/170  293/510 -223/510]
[  -21/34     1/30 -247/510  -29/170 -523/510   97/102  -41/170 -307/510  -67/510 -141/170  -71/102  137/510   11/170 -667/510   77/510]
[   15/34 -223/510 -247/510     3/10  -43/510 -167/102  -61/170 -127/510 -667/510   79/170  109/102 -763/510 -209/170  -67/510 -103/510]
[  -49/34   77/510  293/510  -29/170  -43/510      5/6 -241/170 -427/510  293/510 -201/170  -11/102 -103/510   91/170   53/510  257/510]
[   -9/34 -103/510 -667/510   71/170 -523/510   37/102   99/170   -11/30 -247/510   39/170  -23/102   77/510 -109/170 -307/510  137/510]
[   -1/34  257/510  -67/510   11/170 -463/510 -107/102  -61/170 -427/510 -247/510     7/10   73/102 -223/510 -129/170 -127/510 -463/510]
[  -25/34  137/510   53/510 -209/170  137/510   61/102  -41/170 -127/510  293/510 -301/170 -131/102     1/30   31/170 -427/510  497/510]
[  -13/34 -463/510 -307/510   91/170 -763/510  -71/102  159/170 -307/510 -667/510  139/170  -23/102 -223/510   31/170   -11/30  -43/510]
[  -33/34  497/510 -127/510 -109/170 -103/510  -95/102 -141/170   53/510  -67/510   79/170  -11/102   77/510 -129/170 -427/510  -43/510]
[       0        0        0        0        0        0        0        0        0        0        0        0        0        0        0]
Testing obstruction for
m1: 1, m2: 128,a: 0
[     -1/2  -251/510  -239/510   -73/170  -191/510   -31/102   -37/170   -59/510     1/510    23/170    29/102   229/510   107/170   421/510   529/510]
[    43/34   769/510     53/30   347/170  1189/510   269/102   503/170  1681/510  1861/510   683/170   449/102  2449/510   887/170  2881/510  3109/510]
[   223/34  3589/510  3841/510  1367/170    257/30   929/102  1643/170  5221/510  5521/510  1943/170  1229/102  6469/510  2267/170  7141/510  7489/510]
[   523/34  8209/510  8581/510  2987/170  9349/510  1949/102    199/10 10561/510 10981/510  3803/170  2369/102 12289/510  4247/170 13201/510 13669/510]
[   943/34 14629/510 15121/510  5207/170 16129/510  3125/102  5043/170 14641/510    833/30  4563/170  2645/102 12769/510  4107/170 11881/510 11449/510]
[   735/34 10609/510 10201/510  3267/170  9409/510  1805/102  2883/170  8281/510  7921/510  2523/170      85/6  6889/510  2187/170  6241/510  5929/510]
[   375/34  5329/510  5041/510  1587/170  4489/510   845/102  1323/170  3721/510  3481/510  1083/170   605/102  2809/510     51/10  2401/510  2209/510]
[   135/34  1849/510  1681/510   507/170  1369/510   245/102   363/170   961/510   841/510   243/170   125/102   529/510   147/170   361/510     17/30]
[    15/34   169/510   121/510    27/170    49/510     5/102     3/170     1/510     1/510     3/170     5/102    49/510    27/170   121/510   169/510]
[    15/34     17/30   361/510   147/170   529/510   125/102   243/170   841/510   961/510   363/170   245/102  1369/510   507/170  1681/510  1849/510]
[   135/34  2209/510  2401/510     51/10  2809/510   605/102  1083/170  3481/510  3721/510  1323/170   845/102  4489/510  1587/170  5041/510  5329/510]
[   375/34  5929/510  6241/510  2187/170  6889/510      85/6  2523/170  7921/510  8281/510  2883/170  1805/102  9409/510  3267/170 10201/510 10609/510]
[   735/34 11449/510 11881/510  4107/170 12769/510  2645/102  4563/170    833/30 14641/510  5043/170  3125/102 16129/510  5207/170 15121/510 14629/510]
[   943/34 13669/510 13201/510  4247/170 12289/510  2369/102  3803/170 10981/510 10561/510    199/10  1949/102  9349/510  2987/170  8581/510  8209/510]
[   523/34  7489/510  7141/510  2267/170  6469/510  1229/102  1943/170  5521/510  5221/510  1643/170   929/102    257/30  1367/170  3841/510  3589/510]
[   223/34  3109/510  2881/510   887/170  2449/510   449/102   683/170  1861/510  1681/510   503/170   269/102  1189/510   347/170     53/30   769/510]
[    43/34   529/510   421/510   107/170   229/510    29/102    23/170     1/510   -59/510   -37/170   -31/102  -191/510   -73/170  -239/510  -251/510]
[        0         0         0         0         0         0         0         0         0         0         0         0         0         0         0]
Testing obstruction for
m1: 2, m2: 43,a: 0
[    -1/2 -167/510   97/510 -161/170  133/510  -19/102  -49/170  -23/510  277/510  -89/170   77/102  193/510   59/170  337/510  673/510]
[   11/34  853/510    41/30  239/170  913/510  257/102  271/170 1537/510 1417/510  491/170  341/102 2113/510  559/170 2437/510 2353/510]
[  163/34 2713/510 3157/510  919/170   209/30  701/102 1211/170 3937/510 4417/510 1351/170  977/102 4873/510 1679/170 5377/510 4873/510]
[  303/34 4393/510 4417/510 1199/170 3973/510  701/102    63/10 3097/510 3157/510  791/170  557/102 2353/510  699/170 2017/510 2113/510]
[   91/34 1813/510 1417/510  399/170 1153/510  257/102  191/170 1057/510    41/30  171/170  101/102  673/510   -1/170  517/510  193/510]
[    3/34   73/510  277/510 -121/170  193/510  -19/102  -69/170 -143/510   97/510 -169/170      1/6 -167/510  -81/170 -143/510  133/510]
[  -29/34  193/510  -23/510  -21/170   73/510   77/102  -49/170  517/510  337/510  111/170  101/102  853/510     7/10 1057/510  913/510]
[   63/34 1153/510 1537/510  359/170 1813/510  341/102  591/170 2017/510 2437/510  671/170  557/102 2713/510  939/170 3097/510   209/30]
[  211/34 3973/510 3937/510 1359/170 4393/510  977/102 1511/170 5377/510 5377/510 1511/170  977/102 4393/510 1359/170 3937/510 3973/510]
[  211/34   209/30 3097/510  939/170 2713/510  557/102  671/170 2437/510 2017/510  591/170  341/102 1813/510  359/170 1537/510 1153/510]
[   63/34  913/510 1057/510     7/10  853/510  101/102  111/170  337/510  517/510  -49/170   77/102   73/510  -21/170  -23/510  193/510]
[  -29/34  133/510 -143/510  -81/170 -167/510      1/6 -169/170   97/510 -143/510  -69/170  -19/102  193/510 -121/170  277/510   73/510]
[    3/34  193/510  517/510   -1/170  673/510  101/102  171/170    41/30 1057/510  191/170  257/102 1153/510  399/170 1417/510 1813/510]
[   91/34 2113/510 2017/510  699/170 2353/510  557/102  791/170 3157/510 3097/510    63/10  701/102 3973/510 1199/170 4417/510 4393/510]
[  303/34 4873/510 5377/510 1679/170 4873/510  977/102 1351/170 4417/510 3937/510 1211/170  701/102   209/30  919/170 3157/510 2713/510]
[  163/34 2353/510 2437/510  559/170 2113/510  341/102  491/170 1417/510 1537/510  271/170  257/102  913/510  239/170    41/30  853/510]
[   11/34  673/510  337/510   59/170  193/510   77/102  -89/170  277/510  -23/510  -49/170  -19/102  133/510 -161/170   97/510 -167/510]
[       0        0        0        0        0        0        0        0        0        0        0        0        0        0        0]
Testing obstruction for
m1: 3, m2: 26,a: 0
[    -1/2 -439/510   29/510   43/170 -139/510   49/102   87/170  929/510 1229/510  387/170  349/102 1961/510  943/170 3329/510 2441/510]
[  147/34 1601/510    97/30  443/170  641/510  121/102   67/170  449/510  329/510  -53/170    1/102 -199/510   83/170  329/510   41/510]
[   27/34  401/510 1049/510  443/170    73/30  361/102  667/170 2849/510 3329/510  807/170  433/102 1541/510  523/170 1229/510  521/510]
[   31/34   41/510  269/510   43/170 -379/510  -47/102    -9/10  -31/510   29/510  -93/170   13/102   41/510  223/170  929/510  821/510]
[   91/34 1541/510 2369/510  943/170 2921/510  529/102  667/170 2009/510    97/30  307/170  169/102  401/510  203/170  449/510  -79/510]
[    3/34 -199/510  209/510   83/170  -79/510   49/102   67/170  809/510 1049/510  307/170     17/6 1601/510  803/170 2849/510 2921/510]
[  175/34 1961/510 1949/510  523/170  821/510  145/102   87/170  449/510  269/510  -93/170  -35/102 -439/510    -1/10  -31/510 -379/510]
[   -5/34 -139/510  449/510  223/170  521/510  205/102  387/170 1949/510 2369/510  807/170  625/102 2441/510  803/170 2009/510    73/30]
[   75/34  641/510  809/510  203/170   41/510   25/102  -53/170  209/510  209/510  -53/170   25/102   41/510  203/170  809/510  641/510]
[   75/34    73/30 2009/510  803/170 2441/510  625/102  807/170 2369/510 1949/510  387/170  205/102  521/510  223/170  449/510 -139/510]
[   -5/34 -379/510  -31/510    -1/10 -439/510  -35/102  -93/170  269/510  449/510   87/170  145/102  821/510  523/170 1949/510 1961/510]
[  175/34 2921/510 2849/510  803/170 1601/510     17/6  307/170 1049/510  809/510   67/170   49/102  -79/510   83/170  209/510 -199/510]
[    3/34  -79/510  449/510  203/170  401/510  169/102  307/170    97/30 2009/510  667/170  529/102 2921/510  943/170 2369/510 1541/510]
[   91/34  821/510  929/510  223/170   41/510   13/102  -93/170   29/510  -31/510    -9/10  -47/102 -379/510   43/170  269/510   41/510]
[   31/34  521/510 1229/510  523/170 1541/510  433/102  807/170 3329/510 2849/510  667/170  361/102    73/30  443/170 1049/510  401/510]
[   27/34   41/510  329/510   83/170 -199/510    1/102  -53/170  329/510  449/510   67/170  121/102  641/510  443/170    97/30 1601/510]
[  147/34 2441/510 3329/510  943/170 1961/510  349/102  387/170 1229/510  929/510   87/170   49/102 -139/510   43/170   29/510 -439/510]
[       0        0        0        0        0        0        0        0        0        0        0        0        0        0        0]
Testing obstruction for
m1: 8, m2: 9,a: 0
[    -1/2 -427/510   77/510   79/170 1073/510  109/102  231/170  497/510  977/510  371/170  181/102 1373/510  159/170  257/510 -307/510]
[  -13/34 -427/510     1/30   39/170  893/510   61/102  131/170  137/510  557/510  211/170  277/102 1793/510  279/170  557/510  -67/510]
[   -1/34 -307/510   77/510   39/170    49/30   37/102   71/170 -103/510  257/510   91/170  193/102 1313/510  439/170  977/510  293/510]
[   19/34  -67/510  257/510   79/170  893/510   37/102     3/10 -223/510   77/510   11/170  133/102  953/510  299/170  497/510  773/510]
[   47/34  293/510  557/510  159/170 1073/510   61/102   71/170 -223/510     1/30  -29/170   97/102  713/510  199/170  137/510  353/510]
[   15/34  773/510  977/510  279/170 1373/510  109/102  131/170 -103/510   77/510  -29/170      5/6  593/510  139/170 -103/510   53/510]
[   -9/34  353/510  497/510  439/170 1793/510  181/102  231/170  137/510  257/510   11/170   97/102  593/510     7/10 -223/510 -127/510]
[  -25/34   53/510  137/510  299/170 1313/510  277/102  371/170  497/510  557/510   91/170  133/102  713/510  139/170 -223/510   -11/30]
[  -33/34 -127/510 -103/510  199/170  953/510  193/102  211/170  977/510  977/510  211/170  193/102  953/510  199/170 -103/510 -127/510]
[  -33/34   -11/30 -223/510  139/170  713/510  133/102   91/170  557/510  497/510  371/170  277/102 1313/510  299/170  137/510   53/510]
[  -25/34 -127/510 -223/510     7/10  593/510   97/102   11/170  257/510  137/510  231/170  181/102 1793/510  439/170  497/510  353/510]
[   -9/34   53/510 -103/510  139/170  593/510      5/6  -29/170   77/510 -103/510  131/170  109/102 1373/510  279/170  977/510  773/510]
[   15/34  353/510  137/510  199/170  713/510   97/102  -29/170     1/30 -223/510   71/170   61/102 1073/510  159/170  557/510  293/510]
[   47/34  773/510  497/510  299/170  953/510  133/102   11/170   77/510 -223/510     3/10   37/102  893/510   79/170  257/510  -67/510]
[   19/34  293/510  977/510  439/170 1313/510  193/102   91/170  257/510 -103/510   71/170   37/102    49/30   39/170   77/510 -307/510]
[   -1/34  -67/510  557/510  279/170 1793/510  277/102  211/170  557/510  137/510  131/170   61/102  893/510   39/170     1/30 -427/510]
[  -13/34 -307/510  257/510  159/170 1373/510  181/102  371/170  977/510  497/510  231/170  109/102 1073/510   79/170   77/510 -427/510]
[       0        0        0        0        0        0        0        0        0        0        0        0        0        0        0]
Unobstructed
2
---------------------------
---------------------------
