13a996
Correction terms
[    -1/2  305/414  185/414    29/46  533/414  173/414     1/46   41/414 -559/414   -15/46 -343/414 -355/414   -19/46  209/414  -43/414]
[  -11/46   41/414 -451/414     9/46  -19/414   77/414    41/46   29/414    -5/18    -7/46 -643/414 -199/414   -43/46 -379/414 -175/414]
[   25/46   -7/414  -43/414    13/46 -355/414  197/414    13/46  233/414  545/414    25/46  101/414  173/414   -43/46   77/414  -91/414]
[   -7/46     7/18 -247/414    41/46  353/414 -295/414     9/46 -175/414 -235/414   -11/46  233/414  -67/414   -19/46  -79/414 -619/414]
[  -15/46 -283/414 -235/414     1/46 -379/414  257/414    29/46 -367/414   29/414     -1/2 -247/414  -91/414    29/46  -19/414 -103/414]
[    1/46 -511/414   -7/414   -15/46  -67/414  197/414   -19/46  485/414  509/414   -11/46  317/414  101/414     9/46  257/414 -199/414]
[   41/46  305/414   -17/18    -7/46 -367/414 -475/414   -43/46 -103/414 -451/414    25/46  269/414 -319/414    13/46  -79/414  -79/414]
[   13/46 -319/414  269/414    25/46 -451/414 -103/414   -43/46 -475/414 -367/414    -7/46   -17/18  305/414    41/46 -199/414  257/414]
[    9/46  101/414  317/414   -11/46  509/414  485/414   -19/46  197/414  -67/414   -15/46   -7/414 -511/414     1/46 -103/414  -19/414]
[   29/46  -91/414 -247/414     -1/2   29/414 -367/414    29/46  257/414 -379/414     1/46 -235/414 -283/414   -15/46 -619/414  -79/414]
[  -19/46  -67/414  233/414   -11/46 -235/414 -175/414     9/46 -295/414  353/414    41/46 -247/414     7/18    -7/46  -91/414   77/414]
[  -43/46  173/414  101/414    25/46  545/414  233/414    13/46  197/414 -355/414    13/46  -43/414   -7/414    25/46 -175/414 -379/414]
[  -43/46 -199/414 -643/414    -7/46    -5/18   29/414    41/46   77/414  -19/414     9/46 -451/414   41/414   -11/46  -43/414  209/414]
[  -19/46 -355/414 -343/414   -15/46 -559/414   41/414     1/46  173/414  533/414    29/46  185/414  305/414        0        0        0]
Testing obstruction for
m1: 1, m2: 104,a: 0
[     -1/2  -203/414  -191/414    -19/46  -143/414  -107/414     -7/46   -11/414    49/414     13/46   193/414   277/414     41/46   469/414   577/414]
[    77/46   817/414   949/414    121/46  1237/414  1393/414    173/46  1729/414     83/18    233/46  2293/414  2497/414    301/46  2929/414  3157/414]
[   377/46  3637/414  3889/414    461/46  4417/414  4693/414    553/46  5269/414  5569/414    653/46  6193/414  6517/414    761/46  7189/414  7537/414]
[   877/46    359/18  8629/414   1001/46  9397/414  9793/414   1133/46 10609/414 10201/414   1089/46  9409/414  9025/414    961/46  8281/414  7921/414]
[   841/46  7225/414  6889/414    729/46  6241/414  5929/414    625/46  5329/414  5041/414      23/2  4489/414  4225/414    441/46  3721/414  3481/414]
[   361/46  3025/414  2809/414    289/46  2401/414  2209/414    225/46  1849/414  1681/414    169/46  1369/414  1225/414    121/46   961/414   841/414]
[    81/46   625/414     23/18     49/46   361/414   289/414     25/46   169/414   121/414      9/46    49/414    25/414      1/46     1/414     1/414]
[     1/46    25/414    49/414      9/46   121/414   169/414     25/46   289/414   361/414     49/46     23/18   625/414     81/46   841/414   961/414]
[   121/46  1225/414  1369/414    169/46  1681/414  1849/414    225/46  2209/414  2401/414    289/46  2809/414  3025/414    361/46  3481/414  3721/414]
[   441/46  4225/414  4489/414      23/2  5041/414  5329/414    625/46  5929/414  6241/414    729/46  6889/414  7225/414    841/46  7921/414  8281/414]
[   961/46  9025/414  9409/414   1089/46 10201/414 10609/414   1133/46  9793/414  9397/414   1001/46  8629/414    359/18    877/46  7537/414  7189/414]
[   761/46  6517/414  6193/414    653/46  5569/414  5269/414    553/46  4693/414  4417/414    461/46  3889/414  3637/414    377/46  3157/414  2929/414]
[   301/46  2497/414  2293/414    233/46     83/18  1729/414    173/46  1393/414  1237/414    121/46   949/414   817/414     77/46   577/414   469/414]
[    41/46   277/414   193/414     13/46    49/414   -11/414     -7/46  -107/414  -143/414    -19/46  -191/414  -203/414         0         0         0]
Testing obstruction for
m1: 2, m2: 35,a: 0
Obstructed by Z^n/Q not being cyclic
Testing obstruction for
m1: 5, m2: 12,a: 0
[    -1/2 -355/414   29/414    13/46  737/414 1061/414   121/46  821/414  257/414    25/46 -103/414  101/414     1/46  449/414  593/414]
[   49/46  821/414  905/414    77/46  185/414  209/414    -7/46  197/414     7/18   -19/46   29/414  -67/414    41/46  509/414 1181/414]
[   81/46  809/414  593/414     9/46  101/414 -175/414     9/46   41/414  533/414    81/46 1457/414 1061/414    41/46  209/414 -247/414]
[  -19/46   -17/18  -79/414    -7/46  485/414  737/414    77/46 1181/414  545/414    49/46   41/414  173/414     1/46  377/414  449/414]
[   25/46  533/414  545/414   121/46  509/414  461/414    13/46  305/414  197/414     -1/2  -79/414 -247/414    13/46  185/414  785/414]
[  121/46 1097/414  809/414    25/46  173/414 -175/414     1/46 -103/414  317/414    49/46 1097/414 1457/414    77/46  461/414  -67/414]
[   -7/46 -355/414    -5/18   -19/46  305/414  485/414    41/46  785/414  905/414    81/46  257/414  317/414     9/46  377/414  377/414]
[    9/46  317/414  257/414    81/46  905/414  785/414    41/46  485/414  305/414   -19/46    -5/18 -355/414    -7/46  -67/414  461/414]
[   77/46 1457/414 1097/414    49/46  317/414 -103/414     1/46 -175/414  173/414    25/46  809/414 1097/414   121/46  785/414  185/414]
[   13/46 -247/414  -79/414     -1/2  197/414  305/414    13/46  461/414  509/414   121/46  545/414  533/414    25/46  449/414  377/414]
[    1/46  173/414   41/414    49/46  545/414 1181/414    77/46  737/414  485/414    -7/46  -79/414   -17/18   -19/46 -247/414  209/414]
[   41/46 1061/414 1457/414    81/46  533/414   41/414     9/46 -175/414  101/414     9/46  593/414  809/414    81/46 1181/414  509/414]
[   41/46  -67/414   29/414   -19/46     7/18  197/414    -7/46  209/414  185/414    77/46  905/414  821/414    49/46  593/414  449/414]
[    1/46  101/414 -103/414    25/46  257/414  821/414   121/46 1061/414  737/414    13/46   29/414 -355/414        0        0        0]
Unobstructed
11
---------------------------
---------------------------
13a998
Correction terms
[    -1/2 1013/654 -199/654  -13/218  185/654  473/654  275/218  -67/654  413/654 -117/218  257/654 -379/654  119/218 -151/654  713/654]
[ 111/218   17/654 -235/654 -141/218  761/654 -607/654  235/218  773/654  905/654  -69/218   53/654  377/654 -181/218  -91/654  425/654]
[ 335/218  341/654 -259/654  171/218   41/654 -367/654  199/218  317/654  101/654  -17/218 -139/654 -163/654  -41/218  -19/654  149/654]
[ 127/218  677/654 -271/654   51/218  641/654 -115/654  167/218 -127/654  617/654   39/218 -319/654  617/654  103/218   65/654 -115/654]
[ 359/218 -283/654 -271/654  -65/218  -55/654  149/654  139/218  749/654 -163/654   99/218 -487/654  101/654 -185/218  161/654  941/654]
[ 159/218   77/654 -259/654  259/218 -739/654  425/654  115/218  329/654  377/654  163/218  665/654 -403/654  -33/218  269/654  701/654]
[ -37/218  449/654 -235/654  151/218 -103/654  713/654   95/218  -79/654  929/654 -205/218  521/654  413/654  123/218  389/654  473/654]
[ 207/218 -475/654 -199/654   47/218      5/6 -295/654   79/218  833/654  185/654 -133/218  389/654  -67/654 -153/218  521/654  257/654]
[  19/218  -79/654 -151/654  -53/218 -103/654   17/654   67/218  449/654  761/654  -57/218  269/654 -535/654   11/218  665/654   53/654]
[ 271/218  329/654  -91/654 -149/218  569/654  341/654   59/218   77/654   41/654   23/218  161/654  317/654  179/218  821/654 -139/654]
[  91/218 -559/654  -19/654  195/218  -55/654  677/654   55/218 1025/654 -667/654  107/218   65/654 -127/654  -85/218  989/654  989/654]
[ -85/218 -127/654   65/654  107/218 -667/654 1025/654   55/218  677/654  -55/654  195/218  -19/654 -559/654   91/218 -139/654  821/654]
[ 179/218  317/654  161/654   23/218   41/654   77/654   59/218  341/654  569/654 -149/218  -91/654  329/654  271/218   53/654  665/654]
[  11/218 -535/654  269/654  -57/218  761/654  449/654   67/218   17/654 -103/654  -53/218 -151/654  -79/654   19/218  257/654  521/654]
[-153/218  -67/654  389/654 -133/218  185/654  833/654   79/218 -295/654      5/6   47/218 -199/654 -475/654  207/218  473/654  389/654]
[ 123/218  413/654  521/654 -205/218  929/654  -79/654   95/218  713/654 -103/654  151/218 -235/654  449/654  -37/218  701/654  269/654]
[ -33/218 -403/654  665/654  163/218  377/654  329/654  115/218  425/654 -739/654  259/218 -259/654   77/654  159/218  941/654  161/654]
[-185/218  101/654 -487/654   99/218 -163/654  749/654  139/218  149/654  -55/654  -65/218 -271/654 -283/654  359/218 -115/654   65/654]
[ 103/218  617/654 -319/654   39/218  617/654 -127/654  167/218 -115/654  641/654   51/218 -271/654  677/654  127/218  149/654  -19/654]
[ -41/218 -163/654 -139/654  -17/218  101/654  317/654  199/218 -367/654   41/654  171/218 -259/654  341/654  335/218  425/654  -91/654]
[-181/218  377/654   53/654  -69/218  905/654  773/654  235/218 -607/654  761/654 -141/218 -235/654   17/654  111/218  713/654 -151/654]
[ 119/218 -379/654  257/654 -117/218  413/654  -67/654  275/218  473/654  185/654  -13/218 -199/654 1013/654        0        0        0]
Testing obstruction for
m1: 1, m2: 164,a: 0
[     -1/2  -323/654  -311/654   -97/218  -263/654  -227/654   -61/218  -131/654   -71/654    -1/218    73/654   157/654    83/218   349/654   457/654]
[  191/218   697/654   829/654   323/218  1117/654  1273/654   479/218  1609/654  1789/654   659/218  2173/654  2377/654   863/218  2809/654  3037/654]
[ 1091/218  3517/654  3769/654  1343/218  4297/654  4573/654  1619/218  5149/654  5449/654  1919/218  6073/654  6397/654  2243/218  7069/654  7417/654]
[ 2591/218  8137/654  8509/654  2963/218  9277/654  9673/654  3359/218 10489/654 10909/654  3779/218 11773/654 12217/654  4223/218 13129/654 13597/654]
[ 4691/218 14557/654 15049/654  5183/218 16057/654 16573/654  5699/218 17629/654 18169/654  6239/218 19273/654 19837/654  6803/218 20989/654 21577/654]
[ 7391/218 22777/654 23389/654  8003/218 24637/654 25273/654  8639/218 26569/654 25921/654  8427/218 24649/654 24025/654  7803/218 22801/654 22201/654]
[ 7203/218 21025/654 20449/654  6627/218 19321/654 18769/654  6075/218 17689/654 17161/654  5547/218 16129/654 15625/654  5043/218 14641/654 14161/654]
[ 4563/218 13225/654 12769/654  4107/218     109/6 11449/654  3675/218 10609/654 10201/654  3267/218  9409/654  9025/654  2883/218  8281/654  7921/654]
[ 2523/218  7225/654  6889/654  2187/218  6241/654  5929/654  1875/218  5329/654  5041/654  1587/218  4489/654  4225/654  1323/218  3721/654  3481/654]
[ 1083/218  3025/654  2809/654   867/218  2401/654  2209/654   675/218  1849/654  1681/654   507/218  1369/654  1225/654   363/218   961/654   841/654]
[  243/218   625/654   529/654   147/218   361/654   289/654    75/218   169/654   121/654    27/218    49/654    25/654     3/218     1/654     1/654]
[    3/218    25/654    49/654    27/218   121/654   169/654    75/218   289/654   361/654   147/218   529/654   625/654   243/218   841/654   961/654]
[  363/218  1225/654  1369/654   507/218  1681/654  1849/654   675/218  2209/654  2401/654   867/218  2809/654  3025/654  1083/218  3481/654  3721/654]
[ 1323/218  4225/654  4489/654  1587/218  5041/654  5329/654  1875/218  5929/654  6241/654  2187/218  6889/654  7225/654  2523/218  7921/654  8281/654]
[ 2883/218  9025/654  9409/654  3267/218 10201/654 10609/654  3675/218 11449/654     109/6  4107/218 12769/654 13225/654  4563/218 14161/654 14641/654]
[ 5043/218 15625/654 16129/654  5547/218 17161/654 17689/654  6075/218 18769/654 19321/654  6627/218 20449/654 21025/654  7203/218 22201/654 22801/654]
[ 7803/218 24025/654 24649/654  8427/218 25921/654 26569/654  8639/218 25273/654 24637/654  8003/218 23389/654 22777/654  7391/218 21577/654 20989/654]
[ 6803/218 19837/654 19273/654  6239/218 18169/654 17629/654  5699/218 16573/654 16057/654  5183/218 15049/654 14557/654  4691/218 13597/654 13129/654]
[ 4223/218 12217/654 11773/654  3779/218 10909/654 10489/654  3359/218  9673/654  9277/654  2963/218  8509/654  8137/654  2591/218  7417/654  7069/654]
[ 2243/218  6397/654  6073/654  1919/218  5449/654  5149/654  1619/218  4573/654  4297/654  1343/218  3769/654  3517/654  1091/218  3037/654  2809/654]
[  863/218  2377/654  2173/654   659/218  1789/654  1609/654   479/218  1273/654  1117/654   323/218   829/654   697/654   191/218   457/654   349/654]
[   83/218   157/654    73/654    -1/218   -71/654  -131/654   -61/218  -227/654  -263/654   -97/218  -311/654  -323/654         0         0         0]
Testing obstruction for
m1: 2, m2: 55,a: 0
[    -1/2 -215/654  121/654 -209/218  157/654 -143/654  -73/218  -71/654  301/654 -137/218  409/654  145/654   35/218  289/654  697/654]
[   7/218  877/654  649/654  215/218  865/654 1309/654  223/218 1561/654 1369/654  467/218 1657/654 2137/654  511/218 2461/654 2305/654]
[ 791/218 2665/654 3181/654  871/218 3577/654 3457/654 1187/218 3889/654 4441/654 1303/218 4909/654 4825/654 1655/218 5329/654 5917/654]
[1807/218 6457/654 6409/654 2195/218 6985/654 7609/654 2383/218 8221/654 8209/654 2807/218 8857/654 8209/654 2595/218 7585/654 7609/654]
[2183/218 7021/654 6409/654 2007/218 5857/654 5917/654 1631/218 5401/654 4825/654 1491/218 4345/654 4441/654 1151/218 3997/654 3457/654]
[1047/218 3049/654 3181/654  743/218 2809/654 2305/654  675/218 1969/654 2137/654  407/218 1837/654 1369/654  375/218 1105/654 1309/654]
[ 143/218 1081/654  649/654  147/218  457/654  697/654  -49/218  541/654  145/654   -9/218   25/654  301/654 -169/218  217/654 -143/654]
[ -93/218 -191/654  121/654 -217/218      1/6 -215/654 -105/218 -191/654  157/654 -193/218  217/654  -71/654  -45/218   25/654  409/654]
[ -97/218  541/654  289/654   87/218  457/654  877/654   71/218 1081/654  865/654  291/218 1105/654 1561/654  311/218 1837/654 1657/654]
[ 567/218 1969/654 2461/654  623/218 2809/654 2665/654  915/218 3049/654 3577/654 1007/218 3997/654 3889/654 1335/218 4345/654 4909/654]
[1463/218 5401/654 5329/654 1827/218 5857/654 6457/654 1991/218 7021/654 6985/654 2391/218 7585/654 8221/654 2591/218 8857/654 8857/654]
[2591/218 8221/654 7585/654 2391/218 6985/654 7021/654 1991/218 6457/654 5857/654 1827/218 5329/654 5401/654 1463/218 4909/654 4345/654]
[1335/218 3889/654 3997/654 1007/218 3577/654 3049/654  915/218 2665/654 2809/654  623/218 2461/654 1969/654  567/218 1657/654 1837/654]
[ 311/218 1561/654 1105/654  291/218  865/654 1081/654   71/218  877/654  457/654   87/218  289/654  541/654  -97/218  409/654   25/654]
[ -45/218  -71/654  217/654 -193/218  157/654 -191/654 -105/218 -215/654      1/6 -217/218  121/654 -191/654  -93/218 -143/654  217/654]
[-169/218  301/654   25/654   -9/218  145/654  541/654  -49/218  697/654  457/654  147/218  649/654 1081/654  143/218 1309/654 1105/654]
[ 375/218 1369/654 1837/654  407/218 2137/654 1969/654  675/218 2305/654 2809/654  743/218 3181/654 3049/654 1047/218 3457/654 3997/654]
[1151/218 4441/654 4345/654 1491/218 4825/654 5401/654 1631/218 5917/654 5857/654 2007/218 6409/654 7021/654 2183/218 7609/654 7585/654]
[2595/218 8209/654 8857/654 2807/218 8209/654 8221/654 2383/218 7609/654 6985/654 2195/218 6409/654 6457/654 1807/218 5917/654 5329/654]
[1655/218 4825/654 4909/654 1303/218 4441/654 3889/654 1187/218 3457/654 3577/654  871/218 3181/654 2665/654  791/218 2305/654 2461/654]
[ 511/218 2137/654 1657/654  467/218 1369/654 1561/654  223/218 1309/654  865/654  215/218  649/654  877/654    7/218  697/654  289/654]
[  35/218  145/654  409/654 -137/218  301/654  -71/654  -73/218 -143/654  157/654 -209/218  121/654 -215/654        0        0        0]
Testing obstruction for
m1: 4, m2: 25,a: 2
[    -1/2 -647/654 -299/654 -197/218 -215/654 -479/654  -25/218 -311/654  121/654  -29/218  373/654  193/654  227/218  529/654 1045/654]
[ 307/218 1465/654 1369/654  647/218 1873/654 2473/654  811/218 3061/654 3049/654 1235/218 3721/654 3097/654 1047/218 2545/654 2617/654]
[ 683/218 2149/654 1609/654  579/218 1225/654 1381/654  299/218 1081/654  625/654  279/218  409/654  649/654   83/218  517/654  145/654]
[ 147/218   97/654  421/654   35/218  457/654  169/654  183/218  289/654  697/654  155/218  901/654  697/654  387/218  985/654 1477/654]
[ 443/218 1849/654 1729/654  759/218 2185/654 2761/654  899/218 3301/654 3265/654 1299/218 3889/654 3241/654 1087/218 2641/654 2689/654]
[ 699/218 2173/654 1609/654  571/218 1177/654 1309/654  267/218  961/654  481/654  223/218  217/654  433/654    3/218  253/654 -143/654]
[  43/218 -239/654   61/654  -93/218   49/654 -263/654   31/218 -191/654  193/654  -21/218  349/654  121/654  187/218  361/654  829/654]
[ 219/218 1153/654 1009/654  511/218     13/6 1969/654  627/218 2461/654 2401/654 1003/218 2977/654 3613/654 1203/218 2965/654 2989/654]
[ 791/218 2425/654 1837/654  639/218 1357/654 1465/654  311/218 1069/654  565/654  243/218  253/654  445/654   -1/218  217/654 -203/654]
[  15/218 -347/654  -71/654 -145/218 -131/654 -467/654  -45/218 -443/654  -83/654 -121/218   25/654 -227/654   63/218  -35/654  409/654]
[  71/218  685/654  517/654  339/218  877/654 1405/654  431/218 1849/654 1765/654  783/218 2293/654 2905/654  959/218 3517/654 3517/654]
[ 959/218 2905/654 2293/654  783/218 1765/654 1849/654  431/218 1405/654  877/654  339/218  517/654  685/654   71/218  409/654  -35/654]
[  63/218 -227/654   25/654 -121/218  -83/654 -443/654  -45/218 -467/654 -131/654 -145/218  -71/654 -347/654   15/218 -203/654  217/654]
[  -1/218  445/654  253/654  243/218  565/654 1069/654  311/218 1465/654 1357/654  639/218 1837/654 2425/654  791/218 2989/654 2965/654]
[1203/218 3613/654 2977/654 1003/218 2401/654 2461/654  627/218 1969/654     13/6  511/218 1009/654 1153/654  219/218  829/654  361/654]
[ 187/218  121/654  349/654  -21/218  193/654 -191/654   31/218 -263/654   49/654  -93/218   61/654 -239/654   43/218 -143/654  253/654]
[   3/218  433/654  217/654  223/218  481/654  961/654  267/218 1309/654 1177/654  571/218 1609/654 2173/654  699/218 2689/654 2641/654]
[1087/218 3241/654 3889/654 1299/218 3265/654 3301/654  899/218 2761/654 2185/654  759/218 1729/654 1849/654  443/218 1477/654  985/654]
[ 387/218  697/654  901/654  155/218  697/654  289/654  183/218  169/654  457/654   35/218  421/654   97/654  147/218  145/654  517/654]
[  83/218  649/654  409/654  279/218  625/654 1081/654  299/218 1381/654 1225/654  579/218 1609/654 2149/654  683/218 2617/654 2545/654]
[1047/218 3097/654 3721/654 1235/218 3049/654 3061/654  811/218 2473/654 1873/654  647/218 1369/654 1465/654  307/218 1045/654  529/654]
[ 227/218  193/654  373/654  -29/218  121/654 -311/654  -25/218 -479/654 -215/654 -197/218 -299/654 -647/654        0        0        0]
Testing obstruction for
m1: 6, m2: 17,a: 3
[    -1/2 -643/654 -283/654 -185/218 -151/654 -379/654   23/218 -115/654  377/654   79/218  773/654  677/654  419/218 1205/654 1829/654]
[ 607/218 2489/654 2525/654  643/218 2009/654 1457/654  527/218 1073/654 1241/654  259/218  989/654  569/654  275/218  449/654  749/654]
[ 139/218  761/654  473/654  287/218  617/654 1049/654  283/218 1325/654 1169/654  563/218 1577/654 2141/654  691/218 2681/654 2657/654]
[ 667/218 2021/654 1409/654  491/218  905/654 1013/654  163/218  641/654  161/654  119/218  -79/654  161/654  -77/218   53/654 -295/654]
[  11/218 -271/654  101/654  -53/218  257/654   41/654  167/218  329/654  833/654  235/218 1253/654 1169/654  587/218 1721/654 2357/654]
[ 787/218 1733/654 1781/654  399/218 1289/654  749/654  295/218  389/654  569/654   39/218  341/654  -67/654   67/218 -163/654  149/654]
[ -57/218  185/654  -91/654  103/218   77/654  521/654  111/218  821/654  677/654  403/218 1109/654 1685/654  543/218 2249/654 2237/654]
[ 531/218 1625/654 1025/654  367/218      5/6  665/654   51/218  317/654 -151/654   19/218 -367/654 -115/654 -165/218 -199/654 -535/654]
[ -65/218 -487/654 -103/654 -117/218   77/654 -127/654  115/218  185/654  701/654  195/218 1145/654 1073/654  559/218 1649/654 2297/654]
[ 771/218 1697/654 1757/654  395/218 1289/654  761/654  303/218  425/654  617/654   59/218  413/654   17/654   99/218  -55/654  269/654]
[ -13/218  329/654   65/654  159/218  257/654  713/654  179/218 1037/654  905/654  483/218 1361/654 1949/654  635/218 2537/654 2537/654]
[ 635/218 1949/654 1361/654  483/218  905/654 1037/654  179/218  713/654  257/654  159/218   65/654  329/654  -13/218  269/654  -55/654]
[  99/218   17/654  413/654   59/218  617/654  425/654  303/218  761/654 1289/654  395/218 1757/654 1697/654  771/218 2297/654 1649/654]
[ 559/218 1073/654 1145/654  195/218  701/654  185/654  115/218 -127/654   77/654 -117/218 -103/654 -487/654  -65/218 -535/654 -199/654]
[-165/218 -115/654 -367/654   19/218 -151/654  317/654   51/218  665/654      5/6  367/218 1025/654 1625/654  531/218 2237/654 2249/654]
[ 543/218 1685/654 1109/654  403/218  677/654  821/654  111/218  521/654   77/654  103/218  -91/654  185/654  -57/218  149/654 -163/654]
[  67/218  -67/654  341/654   39/218  569/654  389/654  295/218  749/654 1289/654  399/218 1781/654 1733/654  787/218 2357/654 1721/654]
[ 587/218 1169/654 1253/654  235/218  833/654  329/654  167/218   41/654  257/654  -53/218  101/654 -271/654   11/218 -295/654   53/654]
[ -77/218  161/654  -79/654  119/218  161/654  641/654  163/218 1013/654  905/654  491/218 1409/654 2021/654  667/218 2657/654 2681/654]
[ 691/218 2141/654 1577/654  563/218 1169/654 1325/654  283/218 1049/654  617/654  287/218  473/654  761/654  139/218  749/654  449/654]
[ 275/218  569/654  989/654  259/218 1241/654 1073/654  527/218 1457/654 2009/654  643/218 2525/654 2489/654  607/218 1829/654 1205/654]
[ 419/218  677/654  773/654   79/218  377/654 -115/654   23/218 -379/654 -151/654 -185/218 -283/654 -643/654        0        0        0]
Testing obstruction for
m1: 9, m2: 12,a: 4
[    -1/2 -631/654 -235/654 -149/218   41/654  -79/654  167/218  473/654 1145/654  403/218  665/654  821/654  123/218  617/654  257/654]
[ 199/218  329/654  761/654  195/218 1109/654 1025/654  547/218 1649/654 1049/654  383/218  641/654  833/654  139/218  701/654  377/654]
[ 251/218  521/654  989/654  283/218 1409/654 1361/654  235/218  749/654  185/654  107/218 -151/654   77/654 -101/218   17/654 -271/654]
[  47/218  -55/654  449/654  115/218  941/654  929/654  539/218 1697/654 1169/654  447/218  905/654 1169/654  275/218 1181/654  929/654]
[ 459/218 1217/654 1757/654  563/218 1013/654 1037/654  151/218  569/654   77/654   95/218 -115/654  185/654  -41/218  269/654   53/654]
[ 179/218  413/654  989/654  319/218  317/654  377/654  -57/218  -19/654 -475/654  -77/218 -595/654 -259/654 -177/218 -103/654 -283/654]
[  79/218  149/654  761/654  255/218 1469/654 1565/654  351/218 1241/654  821/654  367/218  773/654 1145/654  303/218 1373/654 1229/654]
[ 595/218 1733/654 1073/654  371/218      5/6  677/654   67/218  425/654   41/654  119/218   65/654  473/654   91/218  773/654  665/654]
[ 419/218 1241/654  617/654  231/218  161/654  329/654  -37/218  149/654 -199/654   51/218 -103/654  341/654   59/218  713/654  641/654]
[ 423/218 1289/654 2009/654  707/218 1625/654 1829/654  475/218 1721/654 1409/654  599/218 1577/654 2057/654  643/218 1193/654 1157/654]
[ 171/218  569/654   17/654   55/218 -295/654  -55/654 -141/218  -91/654 -367/654   19/218 -127/654  389/654   99/218  905/654  905/654]
[  99/218  389/654 -127/654   19/218 -367/654  -91/654 -141/218  -55/654 -295/654   55/218   17/654  569/654  171/218 1157/654 1193/654]
[ 643/218 2057/654 1577/654  599/218 1409/654 1721/654  475/218 1829/654 1625/654  707/218 2009/654 1289/654  423/218  641/654  713/654]
[  59/218  341/654 -103/654   51/218 -199/654  149/654  -37/218  329/654  161/654  231/218  617/654 1241/654  419/218  665/654  773/654]
[  91/218  473/654   65/654  119/218   41/654  425/654   67/218  677/654      5/6  371/218 1073/654 1733/654  595/218 1229/654 1373/654]
[ 303/218 1145/654  773/654  367/218  821/654 1241/654  351/218 1565/654 1469/654  255/218  761/654  149/654   79/218 -283/654 -103/654]
[-177/218 -259/654 -595/654  -77/218 -475/654  -19/654  -57/218  377/654  317/654  319/218  989/654  413/654  179/218   53/654  269/654]
[ -41/218  185/654 -115/654   95/218   77/654  569/654  151/218 1037/654 1013/654  563/218 1757/654 1217/654  459/218  929/654 1181/654]
[ 275/218 1169/654  905/654  447/218 1169/654 1697/654  539/218  929/654  941/654  115/218  449/654  -55/654   47/218 -271/654   17/654]
[-101/218   77/654 -151/654  107/218  185/654  749/654  235/218 1361/654 1409/654  283/218  989/654  521/654  251/218  377/654  701/654]
[ 139/218  833/654  641/654  383/218 1049/654 1649/654  547/218 1025/654 1109/654  195/218  761/654  329/654  199/218  257/654  617/654]
[ 123/218  821/654  665/654  403/218 1145/654  473/654  167/218  -79/654   41/654 -149/218 -235/654 -631/654        0        0        0]
Testing obstruction for
m1: 11, m2: 16,a: 9
[    -1/2 -623/654 -203/654 -125/218  169/654  121/654  263/218  865/654 1657/654  619/218 1465/654 1789/654  507/218 1969/654 1825/654]
[ 363/218 1069/654  457/654  187/218   73/654  301/654  -21/218  289/654   49/654  175/218  409/654 1009/654  339/218  433/654  565/654]
[  35/218  361/654   25/654  135/218  193/654  697/654  203/218 1237/654 1273/654  239/218  877/654  445/654  243/218  421/654  829/654]
[ 215/218 1177/654 1117/654  155/218  529/654    1/654   63/218 -215/654   97/654  -61/218  253/654   97/654  219/218  625/654 1309/654]
[ 467/218 2209/654 2425/654  683/218 2389/654 2137/654  431/218 1165/654  445/654  147/218 -155/654  -35/654 -169/218 -263/654 -611/654]
[ -81/218 -467/654   25/654  -25/218  541/654  565/654  435/218 1453/654 1009/654  427/218  961/654 1357/654  387/218 1681/654 1609/654]
[ 315/218  997/654  457/654  211/218  217/654  517/654   75/218  649/654  481/654  343/218  985/654  349/654  143/218  -83/654  121/654]
[ -89/218   61/654 -203/654   83/218      1/6  685/654  223/218 1369/654 1477/654  331/218 1225/654  865/654  407/218  985/654 1465/654]
[ 451/218  649/654  661/654   27/218  217/654 -239/654    7/218 -311/654   73/654  -45/218  373/654  289/654  307/218  961/654 1717/654]
[ 627/218 1453/654 1741/654  479/218 1849/654 1669/654  299/218  841/654  193/654   87/218 -263/654  -71/654 -157/218 -155/654 -431/654]
[   3/218 -143/654  421/654  131/218 1081/654 1177/654  227/218  901/654  529/654  291/218  625/654 1093/654  323/218 1561/654 1561/654]
[ 323/218 1093/654  625/654  291/218  529/654  901/654  227/218 1177/654 1081/654  131/218  421/654 -143/654    3/218 -431/654 -155/654]
[-157/218  -71/654 -263/654   87/218  193/654  841/654  299/218 1669/654 1849/654  479/218 1741/654 1453/654  627/218 1717/654  961/654]
[ 307/218  289/654  373/654  -45/218   73/654 -311/654    7/218 -239/654  217/654   27/218  661/654  649/654  451/218 1465/654  985/654]
[ 407/218  865/654 1225/654  331/218 1477/654 1369/654  223/218  685/654      1/6   83/218 -203/654   61/654  -89/218  121/654  -83/654]
[ 143/218  349/654  985/654  343/218  481/654  649/654   75/218  517/654  217/654  211/218  457/654  997/654  315/218 1609/654 1681/654]
[ 387/218 1357/654  961/654  427/218 1009/654 1453/654  435/218  565/654  541/654  -25/218   25/654 -467/654  -81/218 -611/654 -263/654]
[-169/218  -35/654 -155/654  147/218  445/654 1165/654  431/218 2137/654 2389/654  683/218 2425/654 2209/654  467/218 1309/654  625/654]
[ 219/218   97/654  253/654  -61/218   97/654 -215/654   63/218    1/654  529/654  155/218 1117/654 1177/654  215/218  829/654  421/654]
[ 243/218  445/654  877/654  239/218 1273/654 1237/654  203/218  697/654  193/654  135/218   25/654  361/654   35/218  565/654  433/654]
[ 339/218 1009/654  409/654  175/218   49/654  289/654  -21/218  301/654   73/654  187/218  457/654 1069/654  363/218 1825/654 1969/654]
[ 507/218 1789/654 1465/654  619/218 1657/654  865/654  263/218  121/654  169/654 -125/218 -203/654 -623/654        0        0        0]
Testing obstruction for
m1: 21, m2: 24,a: 20
[    -1/2 -607/654 -139/654  -77/218  425/654  521/654   19/218  341/654   65/654  179/218  449/654 1109/654  403/218  749/654 1037/654]
[ 255/218 1241/654 1157/654  607/218 1925/654 2777/654 1023/218 2801/654 3281/654 1067/218 2561/654 2669/654  739/218 2513/654 2249/654]
[ 475/218 1349/654  713/654  275/218  377/654  677/654  139/218  905/654  833/654   67/218  317/654 -127/654   59/218  -79/654  413/654]
[ 115/218 -283/654 -163/654 -201/218 -295/654 -547/654  -17/218 -115/654  569/654  231/218  257/654  569/654  107/218  821/654  761/654]
[ 483/218 1577/654 1145/654  487/218 1217/654 1721/654  555/218 2357/654 2489/654 1123/218 3689/654 3449/654  883/218 2597/654 1985/654]
[ 707/218 1697/654 2021/654  595/218  989/654  941/654  111/218  473/654   53/654  127/218  149/654  665/654  207/218   17/654  161/654]
[ -85/218   77/654 -151/654  123/218  329/654 -271/654  -41/218 -535/654 -199/654 -141/218  101/654   65/654  259/218  929/654  521/654]
[ 287/218  641/654 1169/654  379/218     17/6 2009/654  535/218 1949/654 1733/654  755/218 2237/654 2957/654 1039/218 2717/654 3065/654]
[ 951/218 2081/654 2057/654  491/218 1637/654 1241/654  531/218 1385/654  617/654  199/218   17/654  185/654  -69/218  149/654  -55/654]
[ 163/218  473/654 -103/654   23/218 -319/654   41/654  -53/218  389/654  377/654  -65/218  -19/654 -403/654  -13/218 -235/654  317/654]
[ 103/218 1049/654 1229/654  283/218 1217/654 1025/654  527/218 1577/654 2321/654  835/218 2129/654 2501/654  771/218 2873/654 2873/654]
[ 771/218 2501/654 2129/654  835/218 2321/654 1577/654  527/218 1025/654 1217/654  283/218 1229/654 1049/654  103/218  317/654 -235/654]
[ -13/218 -403/654  -19/654  -65/218  377/654  389/654  -53/218   41/654 -319/654   23/218 -103/654  473/654  163/218  -55/654  149/654]
[ -69/218  185/654   17/654  199/218  617/654 1385/654  531/218 1241/654 1637/654  491/218 2057/654 2081/654  951/218 3065/654 2717/654]
[1039/218 2957/654 2237/654  755/218 1733/654 1949/654  535/218 2009/654     17/6  379/218 1169/654  641/654  287/218  521/654  929/654]
[ 259/218   65/654  101/654 -141/218 -199/654 -535/654  -41/218 -271/654  329/654  123/218 -151/654   77/654  -85/218  161/654   17/654]
[ 207/218  665/654  149/654  127/218   53/654  473/654  111/218  941/654  989/654  595/218 2021/654 1697/654  707/218 1985/654 2597/654]
[ 883/218 3449/654 3689/654 1123/218 2489/654 2357/654  555/218 1721/654 1217/654  487/218 1145/654 1577/654  483/218  761/654  821/654]
[ 107/218  569/654  257/654  231/218  569/654 -115/654  -17/218 -547/654 -295/654 -201/218 -163/654 -283/654  115/218  413/654  -79/654]
[  59/218 -127/654  317/654   67/218  833/654  905/654  139/218  677/654  377/654  275/218  713/654 1349/654  475/218 2249/654 2513/654]
[ 739/218 2669/654 2561/654 1067/218 3281/654 2801/654 1023/218 2777/654 1925/654  607/218 1157/654 1241/654  255/218 1037/654  749/654]
[ 403/218 1109/654  449/654  179/218   65/654  341/654   19/218  521/654  425/654  -77/218 -139/654 -607/654        0        0        0]
[-607/654, -139/654, -77/218]
20 [-607/654, -139/654, 359/218]
---------------------------
SUCCESS for name = 13a998
---------------------------
13a1005
Correction terms
[    -1/2 -103/446  257/446  -35/446  -87/446  101/446 -363/446  305/446 -571/446 -315/446  181/446   25/446  109/446 -459/446  105/446]
[  17/446  169/446 -331/446 -591/446  281/446 -391/446   69/446 -123/446  -75/446  213/446 -151/446 -275/446 -159/446  197/446  -99/446]
[-155/446   29/446 -439/446  225/446 -655/446 -403/446   89/446  -71/446    9/446 -563/446   -3/446  -95/446   53/446 -451/446  177/446]
[ 153/446 -523/446  -67/446 -263/446 -219/446   65/446 -303/446 -431/446 -319/446   33/446 -267/446 -327/446 -147/446  273/446   41/446]
[-843/446  297/446 -107/446 -271/446 -195/446  121/446 -215/446 -311/446 -167/446 -675/446  -51/446  -79/446  133/446 -307/446 -507/446]
[ 425/446 -187/446 -559/446  201/446  309/446 -235/446 -539/446  289/446 -427/446  -11/446 -247/446 -243/446    1/446 -407/446  317/446]
[-503/446 -191/446  361/446  261/446 -491/446 -111/446  509/446 -415/446 -207/446  241/446   37/446   73/446 -543/446  -27/446 -163/446]
[ -59/446  285/446  -23/446  -91/446   81/446  493/446 -639/446 -639/446  493/446   81/446  -91/446  -23/446  285/446  -59/446 -163/446]
[ -27/446 -543/446   73/446   37/446  241/446 -207/446 -415/446  509/446 -111/446 -491/446  261/446  361/446 -191/446 -503/446  317/446]
[-407/446    1/446 -243/446 -247/446  -11/446 -427/446  289/446 -539/446 -235/446  309/446  201/446 -559/446 -187/446  425/446 -507/446]
[-307/446  133/446  -79/446  -51/446 -675/446 -167/446 -311/446 -215/446  121/446 -195/446 -271/446 -107/446  297/446 -843/446   41/446]
[ 273/446 -147/446 -327/446 -267/446   33/446 -319/446 -431/446 -303/446   65/446 -219/446 -263/446  -67/446 -523/446  153/446  177/446]
[-451/446   53/446  -95/446   -3/446 -563/446    9/446  -71/446   89/446 -403/446 -655/446  225/446 -439/446   29/446 -155/446  -99/446]
[ 197/446 -159/446 -275/446 -151/446  213/446  -75/446 -123/446   69/446 -391/446  281/446 -591/446 -331/446  169/446   17/446  105/446]
[-459/446  109/446   25/446  181/446 -315/446 -571/446  305/446 -363/446  101/446  -87/446  -35/446  257/446 -103/446        0        0]
Testing obstruction for
m1: 1, m2: 112,a: 0
[     -1/2  -219/446  -207/446  -187/446  -159/446  -123/446   -79/446   -27/446    33/446   101/446   177/446   261/446   353/446   453/446   561/446]
[  677/446   801/446   933/446  1073/446  1221/446  1377/446  1541/446  1713/446  1893/446  2081/446  2277/446  2481/446  2693/446  2913/446  3141/446]
[ 3377/446  3621/446  3873/446  4133/446  4401/446  4677/446  4961/446  5253/446  5553/446  5861/446  6177/446  6501/446  6833/446  7173/446  7521/446]
[ 7877/446  8241/446  8613/446  8993/446  9381/446  9777/446 10181/446 10593/446 11013/446 11441/446 11877/446 12321/446 11881/446 11449/446 11025/446]
[10609/446 10201/446  9801/446  9409/446  9025/446  8649/446  8281/446  7921/446  7569/446  7225/446  6889/446  6561/446  6241/446  5929/446  5625/446]
[ 5329/446  5041/446  4761/446  4489/446  4225/446  3969/446  3721/446  3481/446  3249/446  3025/446  2809/446  2601/446  2401/446  2209/446  2025/446]
[ 1849/446  1681/446  1521/446  1369/446  1225/446  1089/446   961/446   841/446   729/446   625/446   529/446   441/446   361/446   289/446   225/446]
[  169/446   121/446    81/446    49/446    25/446     9/446     1/446     1/446     9/446    25/446    49/446    81/446   121/446   169/446   225/446]
[  289/446   361/446   441/446   529/446   625/446   729/446   841/446   961/446  1089/446  1225/446  1369/446  1521/446  1681/446  1849/446  2025/446]
[ 2209/446  2401/446  2601/446  2809/446  3025/446  3249/446  3481/446  3721/446  3969/446  4225/446  4489/446  4761/446  5041/446  5329/446  5625/446]
[ 5929/446  6241/446  6561/446  6889/446  7225/446  7569/446  7921/446  8281/446  8649/446  9025/446  9409/446  9801/446 10201/446 10609/446 11025/446]
[11449/446 11881/446 12321/446 11877/446 11441/446 11013/446 10593/446 10181/446  9777/446  9381/446  8993/446  8613/446  8241/446  7877/446  7521/446]
[ 7173/446  6833/446  6501/446  6177/446  5861/446  5553/446  5253/446  4961/446  4677/446  4401/446  4133/446  3873/446  3621/446  3377/446  3141/446]
[ 2913/446  2693/446  2481/446  2277/446  2081/446  1893/446  1713/446  1541/446  1377/446  1221/446  1073/446   933/446   801/446   677/446   561/446]
[  453/446   353/446   261/446   177/446   101/446    33/446   -27/446   -79/446  -123/446  -159/446  -187/446  -207/446  -219/446         0         0]
Unobstructed
49
---------------------------
---------------------------
13a1034
Correction terms
[     -1/2   533/830    57/830  -183/830  -187/830     9/166   513/830  -443/830   497/830    13/830   -47/166  -247/830   -23/830   437/830  -527/830]
[   81/166   -87/830  -343/830  -363/830  -147/830    61/166  -667/830   257/830  -243/830  -507/830  -107/166  -327/830   117/830  -863/830    53/830]
[  -91/166  -727/830  -763/830  -563/830  -127/830   109/166  -207/830   937/830   657/830   613/830   161/166  -427/830   237/830  -523/830   613/830]
[   65/166   273/830   457/830  -783/830  -127/830  -179/166   233/830   -63/830  -123/830    53/830  -239/166  -547/830 -1323/830  -203/830  -507/830]
[ -115/166  -407/830    -3/830   637/830  -147/830   193/166   653/830   577/830   737/830  -527/830    21/166  -687/830   417/830    97/830    13/830]
[   33/166   553/830  -483/830   377/830  -187/830  -103/166  -607/830  -463/830     -1/10 -1127/830   -55/166  -847/830   477/830   377/830   513/830]
[  177/166  -167/830   677/830    97/830  -247/830   -71/166  -227/830   137/830  -923/830   -87/830  -135/166   633/830   517/830   637/830   993/830]
[  -15/166   753/830   157/830  -203/830  -327/830   -43/166   133/830  -943/830  -123/830  -727/830   113/166   433/830   537/830   877/830  -207/830]
[  121/166    -7/830  -383/830  -523/830  -427/830   -19/166   473/830  -383/830   657/830   273/830    25/166   213/830   537/830  -563/830   233/830]
[  -79/166  -787/830  -943/830  -863/830  -547/830     1/166  -867/830   157/830  -243/830  -407/830   -67/166   -27/830   517/830  -363/830   653/830]
[   49/166    73/830   137/830   437/830   973/830    17/166  1093/830   677/830   497/830   553/830  -163/166  -287/830 -1183/830  -183/830  -607/830]
[ -159/166     -9/10  -463/830    57/830  -847/830    29/166  -287/830  -483/830  -443/830  -167/830    69/166  -567/830   417/830   -23/830  -227/830]
[  -39/166    73/830   577/830  -343/830   633/830    37/166   -27/830    -3/830   257/830  -907/830   -35/166  -867/830   337/830   117/830   133/830]
[   77/166  -787/830   -63/830  -763/830   433/830    41/166   213/830   457/830  -723/830    -7/830  -143/166   473/830   237/830   237/830   473/830]
[ -143/166    -7/830  -723/830   457/830   213/830    41/166   433/830  -763/830   -63/830  -787/830    77/166   133/830   117/830   337/830  -867/830]
[  -35/166  -907/830   257/830    -3/830   -27/830    37/166   633/830  -343/830   577/830    73/830   -39/166  -227/830   -23/830   417/830  -567/830]
[   69/166  -167/830  -443/830  -483/830  -287/830    29/166  -847/830    57/830  -463/830     -9/10  -159/166  -607/830  -183/830 -1183/830  -287/830]
[ -163/166   553/830   497/830   677/830  1093/830    17/166   973/830   437/830   137/830    73/830    49/166   653/830  -363/830   517/830   -27/830]
[  -67/166  -407/830  -243/830   157/830  -867/830     1/166  -547/830  -863/830  -943/830  -787/830   -79/166   233/830  -563/830   537/830   213/830]
[   25/166   273/830   657/830  -383/830   473/830   -19/166  -427/830  -523/830  -383/830    -7/830   121/166  -207/830   877/830   537/830   433/830]
[  113/166  -727/830  -123/830  -943/830   133/830   -43/166  -327/830  -203/830   157/830   753/830   -15/166   993/830   637/830   517/830   633/830]
[ -135/166   -87/830  -923/830   137/830  -227/830   -71/166  -247/830    97/830   677/830  -167/830   177/166   513/830   377/830   477/830  -847/830]
[  -55/166 -1127/830     -1/10  -463/830  -607/830  -103/166  -187/830   377/830  -483/830   553/830    33/166    13/830    97/830   417/830  -687/830]
[   21/166  -527/830   737/830   577/830   653/830   193/166  -147/830   637/830    -3/830  -407/830  -115/166  -507/830  -203/830 -1323/830  -547/830]
[ -239/166    53/830  -123/830   -63/830   233/830  -179/166  -127/830  -783/830   457/830   273/830    65/166   613/830  -523/830   237/830  -427/830]
[  161/166   613/830   657/830   937/830  -207/830   109/166  -127/830  -563/830  -763/830  -727/830   -91/166    53/830  -863/830   117/830  -327/830]
[ -107/166  -507/830  -243/830   257/830  -667/830    61/166  -147/830  -363/830  -343/830   -87/830    81/166  -527/830   437/830   -23/830  -247/830]
[  -47/166    13/830   497/830  -443/830   513/830     9/166  -187/830  -183/830    57/830   533/830         0         0         0         0         0]
Testing obstruction for
m1: 1, m2: 208,a: 0
[     -1/2  -411/830  -399/830  -379/830  -351/830   -63/166  -271/830  -219/830  -159/830   -91/830    -3/166    69/830   161/830   261/830   369/830]
[   97/166   609/830   741/830   881/830  1029/830   237/166  1349/830  1521/830  1701/830  1889/830   417/166  2289/830  2501/830  2721/830  2949/830]
[  637/166  3429/830  3681/830  3941/830  4209/830   897/166  4769/830  5061/830  5361/830  5669/830  1197/166  6309/830  6641/830  6981/830  7329/830]
[ 1537/166  8049/830  8421/830  8801/830  9189/830  1917/166  9989/830 10401/830 10821/830 11249/830  2337/166 12129/830 12581/830 13041/830 13509/830]
[ 2797/166 14469/830 14961/830 15461/830 15969/830  3297/166 17009/830 17541/830 18081/830 18629/830  3837/166 19749/830 20321/830 20901/830 21489/830]
[ 4417/166 22689/830 23301/830 23921/830 24549/830  5037/166 25829/830 26481/830    327/10 27809/830  5697/166 29169/830 29861/830 30561/830 31269/830]
[ 6397/166 32709/830 33441/830 34181/830 34929/830  7137/166 36449/830 37221/830 38001/830 38789/830  7917/166 40389/830 41201/830 42021/830 42849/830]
[ 8405/166 41209/830 40401/830 39601/830 38809/830  7605/166 37249/830 36481/830 35721/830 34969/830  6845/166 33489/830 32761/830 32041/830 31329/830]
[ 6125/166 29929/830 29241/830 28561/830 27889/830  5445/166 26569/830 25921/830 25281/830 24649/830  4805/166 23409/830 22801/830 22201/830 21609/830]
[ 4205/166 20449/830 19881/830 19321/830 18769/830  3645/166 17689/830 17161/830 16641/830 16129/830  3125/166 15129/830 14641/830 14161/830 13689/830]
[ 2645/166 12769/830 12321/830 11881/830 11449/830  2205/166 10609/830 10201/830  9801/830  9409/830  1805/166  8649/830  8281/830  7921/830  7569/830]
[ 1445/166     83/10  6561/830  6241/830  5929/830  1125/166  5329/830  5041/830  4761/830  4489/830   845/166  3969/830  3721/830  3481/830  3249/830]
[  605/166  2809/830  2601/830  2401/830  2209/830   405/166  1849/830  1681/830  1521/830  1369/830   245/166  1089/830   961/830   841/830   729/830]
[  125/166   529/830   441/830   361/830   289/830    45/166   169/830   121/830    81/830    49/830     5/166     9/830     1/830     1/830     9/830]
[    5/166    49/830    81/830   121/830   169/830    45/166   289/830   361/830   441/830   529/830   125/166   729/830   841/830   961/830  1089/830]
[  245/166  1369/830  1521/830  1681/830  1849/830   405/166  2209/830  2401/830  2601/830  2809/830   605/166  3249/830  3481/830  3721/830  3969/830]
[  845/166  4489/830  4761/830  5041/830  5329/830  1125/166  5929/830  6241/830  6561/830     83/10  1445/166  7569/830  7921/830  8281/830  8649/830]
[ 1805/166  9409/830  9801/830 10201/830 10609/830  2205/166 11449/830 11881/830 12321/830 12769/830  2645/166 13689/830 14161/830 14641/830 15129/830]
[ 3125/166 16129/830 16641/830 17161/830 17689/830  3645/166 18769/830 19321/830 19881/830 20449/830  4205/166 21609/830 22201/830 22801/830 23409/830]
[ 4805/166 24649/830 25281/830 25921/830 26569/830  5445/166 27889/830 28561/830 29241/830 29929/830  6125/166 31329/830 32041/830 32761/830 33489/830]
[ 6845/166 34969/830 35721/830 36481/830 37249/830  7605/166 38809/830 39601/830 40401/830 41209/830  8405/166 42849/830 42021/830 41201/830 40389/830]
[ 7917/166 38789/830 38001/830 37221/830 36449/830  7137/166 34929/830 34181/830 33441/830 32709/830  6397/166 31269/830 30561/830 29861/830 29169/830]
[ 5697/166 27809/830    327/10 26481/830 25829/830  5037/166 24549/830 23921/830 23301/830 22689/830  4417/166 21489/830 20901/830 20321/830 19749/830]
[ 3837/166 18629/830 18081/830 17541/830 17009/830  3297/166 15969/830 15461/830 14961/830 14469/830  2797/166 13509/830 13041/830 12581/830 12129/830]
[ 2337/166 11249/830 10821/830 10401/830  9989/830  1917/166  9189/830  8801/830  8421/830  8049/830  1537/166  7329/830  6981/830  6641/830  6309/830]
[ 1197/166  5669/830  5361/830  5061/830  4769/830   897/166  4209/830  3941/830  3681/830  3429/830   637/166  2949/830  2721/830  2501/830  2289/830]
[  417/166  1889/830  1701/830  1521/830  1349/830   237/166  1029/830   881/830   741/830   609/830    97/166   369/830   261/830   161/830    69/830]
[   -3/166   -91/830  -159/830  -219/830  -271/830   -63/166  -351/830  -379/830  -399/830  -411/830         0         0         0         0         0]
Testing obstruction for
m1: 3, m2: 42,a: 0
[    -1/2 -727/830   -3/830   97/830 -427/830   17/166  -27/830  897/830 1197/830  873/830  317/166 1673/830 2797/830 3297/830 3173/830]
[ 817/166 4373/830 5697/830 6397/830 6473/830 1517/166 8073/830 7937/830 7177/830 5793/830 1089/166 4473/830 4537/830 3977/830 2793/830]
[ 529/166 1873/830 2137/830 1777/830  793/830  169/166  273/830  737/830  577/830 -207/830    9/166 -327/830  337/830  377/830 -207/830]
[  49/166   73/830  937/830 1177/830  793/830  289/166 1473/830 2537/830 2977/830 2793/830  729/166 3873/830 5137/830 5777/830 5793/830]
[1369/166 7273/830 8737/830 7917/830 6473/830 1213/166 5033/830 5037/830 4417/830 3173/830  593/166 2133/830 2337/830 1917/830  873/830]
[ 173/166  233/830  637/830  417/830 -427/830  -47/166 -667/830  -63/830    -1/10 -727/830  -67/166 -567/830  237/830  417/830  -27/830]
[ 113/166  533/830 1537/830 1917/830 1673/830  493/166 2633/830 3837/830 4417/830 4373/830 1073/166 5733/830 7137/830 7917/830 8073/830]
[1521/166 6513/830 6457/830 5777/830 4473/830  841/166 3313/830 3457/830 2977/830 1873/830  361/166 1113/830 1457/830 1177/830  273/830]
[  81/166  -87/830  457/830  377/830 -327/830    1/166 -287/830  457/830  577/830   73/830  121/166  513/830 1457/830 1777/830 1473/830]
[ 441/166 2313/830 3457/830 3977/830 3873/830  961/166 5113/830 6457/830 7177/830 7273/830 1681/166 7253/830 7137/830 6397/830 5033/830]
[ 941/166 3753/830 3837/830 3297/830 2133/830  401/166 1253/830 1537/830 1197/830  233/830   61/166 -247/830  237/830   97/830 -667/830]
[ -79/166    -9/10  -63/830   -3/830 -567/830  -19/166 -247/830  637/830  897/830  533/830  241/166 1253/830 2337/830 2797/830 2633/830]
[ 701/166 3753/830 5037/830 5697/830 5733/830 1361/166 7253/830 8737/830 7937/830 6513/830 1225/166 5113/830 5137/830 4537/830 3313/830]
[ 625/166 2313/830 2537/830 2137/830 1113/830  225/166  513/830  937/830  737/830  -87/830   25/166 -287/830  337/830  337/830 -287/830]
[  25/166  -87/830  737/830  937/830  513/830  225/166 1113/830 2137/830 2537/830 2313/830  625/166 3313/830 4537/830 5137/830 5113/830]
[1225/166 6513/830 7937/830 8737/830 7253/830 1361/166 5733/830 5697/830 5037/830 3753/830  701/166 2633/830 2797/830 2337/830 1253/830]
[ 241/166  533/830  897/830  637/830 -247/830  -19/166 -567/830   -3/830  -63/830    -9/10  -79/166 -667/830   97/830  237/830 -247/830]
[  61/166  233/830 1197/830 1537/830 1253/830  401/166 2133/830 3297/830 3837/830 3753/830  941/166 5033/830 6397/830 7137/830 7253/830]
[1681/166 7273/830 7177/830 6457/830 5113/830  961/166 3873/830 3977/830 3457/830 2313/830  441/166 1473/830 1777/830 1457/830  513/830]
[ 121/166   73/830  577/830  457/830 -287/830    1/166 -327/830  377/830  457/830  -87/830   81/166  273/830 1177/830 1457/830 1113/830]
[ 361/166 1873/830 2977/830 3457/830 3313/830  841/166 4473/830 5777/830 6457/830 6513/830 1521/166 8073/830 7917/830 7137/830 5733/830]
[1073/166 4373/830 4417/830 3837/830 2633/830  493/166 1673/830 1917/830 1537/830  533/830  113/166  -27/830  417/830  237/830 -567/830]
[ -67/166 -727/830    -1/10  -63/830 -667/830  -47/166 -427/830  417/830  637/830  233/830  173/166  873/830 1917/830 2337/830 2133/830]
[ 593/166 3173/830 4417/830 5037/830 5033/830 1213/166 6473/830 7917/830 8737/830 7273/830 1369/166 5793/830 5777/830 5137/830 3873/830]
[ 729/166 2793/830 2977/830 2537/830 1473/830  289/166  793/830 1177/830  937/830   73/830   49/166 -207/830  377/830  337/830 -327/830]
[   9/166 -207/830  577/830  737/830  273/830  169/166  793/830 1777/830 2137/830 1873/830  529/166 2793/830 3977/830 4537/830 4473/830]
[1089/166 5793/830 7177/830 7937/830 8073/830 1517/166 6473/830 6397/830 5697/830 4373/830  817/166 3173/830 3297/830 2797/830 1673/830]
[ 317/166  873/830 1197/830  897/830  -27/830   17/166 -427/830   97/830   -3/830 -727/830        0        0        0        0        0]
[-727/830, -3/830, 97/830, -427/830, 17/166, -27/830, 897/830, 1197/830, 873/830, 317/166, 1673/830, 2797/830, 3297/830, 3173/830, 817/166, 4373/830, 5697/830, 6397/830, 6473/830, 1517/166, 8073/830, 7937/830, 7177/830, 5793/830, 1089/166, 4473/830, 4537/830, 3977/830, 2793/830, 529/166, 1873/830, 2137/830, 1777/830, 793/830, 169/166, 273/830, 737/830, 577/830, -207/830, 9/166, -327/830, 337/830, 377/830, -207/830, 49/166, 73/830, 937/830, 1177/830, 793/830, 289/166, 1473/830, 2537/830, 2977/830, 2793/830, 729/166, 3873/830, 5137/830, 5777/830, 5793/830, 1369/166, 7273/830, 8737/830, 7917/830, 6473/830, 1213/166, 5033/830, 5037/830, 4417/830, 3173/830, 593/166, 2133/830, 2337/830, 1917/830, 873/830, 173/166, 233/830, 637/830, 417/830, -427/830, -47/166, -667/830, -63/830, -1/10, -727/830, -67/166, -567/830, 237/830, 417/830, -27/830, 113/166, 533/830, 1537/830, 1917/830, 1673/830, 493/166, 2633/830, 3837/830, 4417/830, 4373/830, 1073/166, 5733/830, 7137/830, 7917/830, 8073/830, 1521/166, 6513/830, 6457/830, 5777/830, 4473/830, 841/166, 3313/830, 3457/830, 2977/830, 1873/830, 361/166, 1113/830, 1457/830, 1177/830, 273/830, 81/166, -87/830, 457/830, 377/830, -327/830, 1/166, -287/830, 457/830, 577/830, 73/830, 121/166, 513/830, 1457/830, 1777/830, 1473/830, 441/166, 2313/830, 3457/830, 3977/830, 3873/830, 961/166, 5113/830, 6457/830, 7177/830, 7273/830, 1681/166, 7253/830, 7137/830, 6397/830, 5033/830, 941/166, 3753/830, 3837/830, 3297/830, 2133/830, 401/166, 1253/830, 1537/830, 1197/830, 233/830, 61/166, -247/830, 237/830, 97/830, -667/830]
31 [-727/830, -3/830, 97/830, -427/830, 17/166, -27/830, -763/830, -463/830, -787/830, -15/166, 13/830, -523/830, -23/830, -147/830, -179/166, -607/830, -943/830, -243/830, -167/830, -143/166, -227/830, -363/830, 537/830, -847/830, -239/166, -507/830, -443/830, 657/830, -527/830, -135/166, 213/830, -1183/830, 117/830, -867/830, -163/166, 273/830, -923/830, 577/830, -207/830, 9/166, -327/830, -1323/830, 377/830, -207/830, 49/166, 73/830, -723/830, -483/830, -867/830, -43/166, -187/830, -783/830, -343/830, -527/830, 65/166, 553/830, 157/830, -863/830, -847/830, 41/166, 633/830, 437/830, -383/830, -167/830, -115/166, 53/830, 57/830, -563/830, -147/830, -71/166, 473/830, 677/830, 257/830, -787/830, -159/166, 233/830, 637/830, 417/830, -427/830, -47/166, -667/830, -63/830, -1/10, -727/830, -67/166, -567/830, 237/830, 417/830, -27/830, 113/166, -1127/830, -123/830, 257/830, 13/830, 161/166, -687/830, 517/830, -563/830, -607/830, 77/166, -907/830, 497/830, -383/830, -227/830, 193/166, -127/830, -183/830, -863/830, -507/830, 177/166, -7/830, 137/830, -343/830, 213/830, 29/166, -547/830, -203/830, -483/830, 273/830, 81/166, -87/830, 457/830, 377/830, -327/830, 1/166, -287/830, 457/830, 577/830, 73/830, 121/166, 513/830, -203/830, 117/830, -187/830, 109/166, 653/830, 137/830, 657/830, 553/830, -35/166, 133/830, -183/830, 537/830, 633/830, 21/166, 613/830, 497/830, -243/830, 53/830, -55/166, 433/830, 517/830, -23/830, 473/830, 69/166, -407/830, -123/830, -463/830, 233/830, 61/166, -247/830, 237/830, 97/830, 993/830]
[-727/830, -3/830, 97/830, -427/830, 17/166, -27/830, 897/830, 1197/830, 873/830, 317/166, 1673/830, 2797/830, 3297/830, 3173/830, 817/166, 4373/830, 5697/830, 6397/830, 6473/830, 1517/166, 8073/830, 7937/830, 7177/830, 5793/830, 1089/166, 4473/830, 4537/830, 3977/830, 2793/830, 529/166, 1873/830, 2137/830, 1777/830, 793/830, 169/166, 273/830, 737/830, 577/830, -207/830, 9/166, -327/830, 337/830, 377/830, -207/830, 49/166, 73/830, 937/830, 1177/830, 793/830, 289/166, 1473/830, 2537/830, 2977/830, 2793/830, 729/166, 3873/830, 5137/830, 5777/830, 5793/830, 1369/166, 7273/830, 8737/830, 7917/830, 6473/830, 1213/166, 5033/830, 5037/830, 4417/830, 3173/830, 593/166, 2133/830, 2337/830, 1917/830, 873/830, 173/166, 233/830, 637/830, 417/830, -427/830, -47/166, -667/830]
114 [-727/830, -3/830, 97/830, -427/830, 17/166, -27/830, -763/830, -463/830, -787/830, -15/166, 13/830, -523/830, -23/830, -147/830, -179/166, -607/830, -943/830, -243/830, -167/830, -143/166, -227/830, -363/830, 537/830, -847/830, -239/166, -507/830, -443/830, 657/830, -527/830, -135/166, 213/830, 477/830, 117/830, -867/830, -163/166, 273/830, 737/830, 577/830, -207/830, 9/166, -327/830, 337/830, 377/830, -207/830, 49/166, 73/830, 937/830, -483/830, -867/830, -43/166, -187/830, 877/830, -343/830, -527/830, 65/166, 553/830, 157/830, -863/830, -847/830, 41/166, 633/830, 437/830, -383/830, -167/830, -115/166, 53/830, 57/830, -563/830, -147/830, -71/166, 473/830, 677/830, 257/830, -787/830, -159/166, 233/830, 637/830, 417/830, -427/830, -47/166, 993/830]
Testing obstruction for
m1: 6, m2: 21,a: 3
[    -1/2 -819/830 -371/830 -731/830 -239/830 -111/166  -19/830 -291/830  289/830   61/830  137/166  501/830 1169/830 1029/830 1741/830]
[ 329/166 2401/830 2349/830 3149/830 3141/830  797/166 4021/830 3249/830 3329/830 2601/830  545/166 2041/830 2209/830 1569/830 1781/830]
[ 237/166 1441/830  889/830 1189/830  681/830  205/166  561/830  949/830  529/830  961/830  117/166 1061/830  729/830 1249/830  961/830]
[ 305/166 1281/830 1889/830 1689/830 2341/830  437/166 2881/830 2769/830 3509/830 3441/830  845/166 4201/830 3369/830 3389/830 2601/830]
[ 533/166 1921/830 2029/830 1329/830 1481/830  165/166 1021/830  409/830  649/830   81/830   73/166 -159/830  169/830 -311/830   61/830]
[ -75/166   41/830 -351/830  109/830 -239/830   53/166  -39/830  509/830     3/10  841/830  125/166 1261/830 1089/830 1769/830 1641/830]
[ 473/166 2281/830 3049/830 3009/830 3821/830  765/166 3021/830 3069/830 2309/830 2401/830  337/166 1821/830 1149/830 1329/830  701/830]
[ 185/166  341/830  609/830   69/830  381/830  -23/166  241/830 -211/830  189/830 -219/830   45/166 -139/830  349/830   29/830  561/830]
[  57/166  861/830  629/830 1249/830 1061/830  345/166 1581/830 2289/830 2189/830 2941/830  577/166 3681/830 3669/830 2849/830 2881/830]
[ 421/166 2181/830 1449/830 1569/830  881/830  209/166  401/830  609/830    9/830  261/830  -59/166    1/830 -511/830 -171/830 -639/830]
[ -51/166 -679/830 -251/830 -631/830 -159/830  -99/166   21/830 -271/830  289/830   41/830  129/166  441/830 1089/830  929/830 1621/830]
[ 301/166    27/10 2169/830 2949/830 2921/830  749/166 3761/830 2969/830 3029/830 2281/830  477/166 1681/830 1829/830 1169/830 1361/830]
[ 149/166  981/830  409/830  689/830  161/830   97/166    1/830  369/830  -71/830  341/830  -11/166  401/830   49/830  549/830  241/830]
[ 157/166  521/830 1109/830  889/830 1521/830  269/166 2021/830 1889/830 2609/830 2521/830  657/166 3241/830 4049/830 4049/830 3241/830]
[ 657/166 2521/830 2609/830 1889/830 2021/830  269/166 1521/830  889/830 1109/830  521/830  157/166  241/830  549/830   49/830  401/830]
[ -11/166  341/830  -71/830  369/830    1/830   97/166  161/830  689/830  409/830  981/830  149/166 1361/830 1169/830 1829/830 1681/830]
[ 477/166 2281/830 3029/830 2969/830 3761/830  749/166 2921/830 2949/830 2169/830    27/10  301/166 1621/830  929/830 1089/830  441/830]
[ 129/166   41/830  289/830 -271/830   21/830  -99/166 -159/830 -631/830 -251/830 -679/830  -51/166 -639/830 -171/830 -511/830    1/830]
[ -59/166  261/830    9/830  609/830  401/830  209/166  881/830 1569/830 1449/830 2181/830  421/166 2881/830 2849/830 3669/830 3681/830]
[ 577/166 2941/830 2189/830 2289/830 1581/830  345/166 1061/830 1249/830  629/830  861/830   57/166  561/830   29/830  349/830 -139/830]
[  45/166 -219/830  189/830 -211/830  241/830  -23/166  381/830   69/830  609/830  341/830  185/166  701/830 1329/830 1149/830 1821/830]
[ 337/166 2401/830 2309/830 3069/830 3021/830  765/166 3821/830 3009/830 3049/830 2281/830  473/166 1641/830 1769/830 1089/830 1261/830]
[ 125/166  841/830     3/10  509/830  -39/830   53/166 -239/830  109/830 -351/830   41/830  -75/166   61/830 -311/830  169/830 -159/830]
[  73/166   81/830  649/830  409/830 1021/830  165/166 1481/830 1329/830 2029/830 1921/830  533/166 2601/830 3389/830 3369/830 4201/830]
[ 845/166 3441/830 3509/830 2769/830 2881/830  437/166 2341/830 1689/830 1889/830 1281/830  305/166  961/830 1249/830  729/830 1061/830]
[ 117/166  961/830  529/830  949/830  561/830  205/166  681/830 1189/830  889/830 1441/830  237/166 1781/830 1569/830 2209/830 2041/830]
[ 545/166 2601/830 3329/830 3249/830 4021/830  797/166 3141/830 3149/830 2349/830 2401/830  329/166 1741/830 1029/830 1169/830  501/830]
[ 137/166   61/830  289/830 -291/830  -19/830 -111/166 -239/830 -731/830 -371/830 -819/830        0        0        0        0        0]
Testing obstruction for
m1: 7, m2: 22,a: 6
[    -1/2 -787/830 -243/830 -443/830  273/830   49/166 1133/830 1277/830  677/830  993/830  113/166 1053/830  797/830 1457/830 1373/830]
[ 441/166 2293/830 3297/830 3557/830 3073/830  701/166 3193/830 2137/830 1997/830 1113/830  229/166  433/830  637/830   97/830  473/830]
[  21/166  653/830  457/830 1177/830 1153/830   77/166  533/830  -63/830  257/830 -167/830   65/166   73/830  737/830  657/830 1493/830]
[ 317/166 2593/830 2857/830 2377/830 2813/830  501/166 3113/830 2977/830 2097/830 2133/830  285/166 1633/830 1097/830 1477/830 1113/830]
[ 333/166 1473/830  537/830  517/830 -247/830  -19/166 -687/830 -363/830 -783/830 -287/830 -107/166  133/830   57/830  897/830  993/830]
[  69/166  613/830  137/830  577/830  273/830  177/166  753/830 1537/830    19/10 2533/830  549/166 3873/830 4257/830 3897/830 2793/830]
[ 521/166 1673/830 1657/830  897/830 1053/830   93/166  793/830  377/830  877/830  633/830  261/166 1233/830  417/830  517/830 -127/830]
[  29/166 -327/830  117/830 -183/830  433/830   61/166 1093/830 1137/830 2097/830 2313/830  357/166 2173/830 1817/830 2377/830 2193/830]
[ 585/166 2913/830 2157/830 2317/830 1733/830  413/166 1653/830 2157/830 1917/830  933/830  173/166   53/830  157/830 -483/830 -207/830]
[-135/166 -227/830 -523/830   97/830  -27/830  153/166  813/830  117/830  337/830 -187/830   41/166 -147/830  417/830  237/830  973/830]
[ 193/166 1873/830 2037/830 3117/830 3453/830  609/166 3553/830 3317/830 2337/830 2273/830  293/166 1573/830  937/830 1217/830  753/830]
[ 241/166    11/10 1537/830 1417/830  553/830  121/166  -87/830  137/830 -383/830   13/830  -67/166  233/830   57/830  797/830  793/830]
[ 341/166 1873/830 1297/830 1637/830 1233/830  349/166 1513/830 2197/830 2137/830 2993/830  621/166 2473/830 2757/830 2297/830 2753/830]
[ 493/166 1433/830 1317/830  457/830  513/830  -35/166   53/830 -463/830  -63/830 -407/830   33/166   -7/830  737/830  737/830   -7/830]
[  33/166 -407/830  -63/830 -463/830   53/830  -35/166  513/830  457/830 1317/830 1433/830  493/166 2753/830 2297/830 2757/830 2473/830]
[ 621/166 2993/830 2137/830 2197/830 1513/830  349/166 1233/830 1637/830 1297/830 1873/830  341/166  793/830  797/830   57/830  233/830]
[ -67/166   13/830 -383/830  137/830  -87/830  121/166  553/830 1417/830 1537/830    11/10  241/166  753/830 1217/830  937/830 1573/830]
[ 293/166 2273/830 2337/830 3317/830 3553/830  609/166 3453/830 3117/830 2037/830 1873/830  193/166  973/830  237/830  417/830 -147/830]
[  41/166 -187/830  337/830  117/830  813/830  153/166  -27/830   97/830 -523/830 -227/830 -135/166 -207/830 -483/830  157/830   53/830]
[ 173/166  933/830 1917/830 2157/830 1653/830  413/166 1733/830 2317/830 2157/830 2913/830  585/166 2193/830 2377/830 1817/830 2173/830]
[ 357/166 2313/830 2097/830 1137/830 1093/830   61/166  433/830 -183/830  117/830 -327/830   29/166 -127/830  517/830  417/830 1233/830]
[ 261/166  633/830  877/830  377/830  793/830   93/166 1053/830  897/830 1657/830 1673/830  521/166 2793/830 3897/830 4257/830 3873/830]
[ 549/166 2533/830    19/10 1537/830  753/830  177/166  273/830  577/830  137/830  613/830   69/166  993/830  897/830   57/830  133/830]
[-107/166 -287/830 -783/830 -363/830 -687/830  -19/166 -247/830  517/830  537/830 1473/830  333/166 1113/830 1477/830 1097/830 1633/830]
[ 285/166 2133/830 2097/830 2977/830 3113/830  501/166 2813/830 2377/830 2857/830 2593/830  317/166 1493/830  657/830  737/830   73/830]
[  65/166 -167/830  257/830  -63/830  533/830   77/166 1153/830 1177/830  457/830  653/830   21/166  473/830   97/830  637/830  433/830]
[ 229/166 1113/830 1997/830 2137/830 3193/830  701/166 3073/830 3557/830 3297/830 2293/830  441/166 1373/830 1457/830  797/830 1053/830]
[ 113/166  993/830  677/830 1277/830 1133/830   49/166  273/830 -443/830 -243/830 -787/830        0        0        0        0        0]
[-787/830, -243/830, -443/830, 273/830, 49/166, 1133/830, 1277/830, 677/830, 993/830, 113/166, 1053/830, 797/830, 1457/830, 1373/830, 441/166, 2293/830, 3297/830, 3557/830, 3073/830, 701/166, 3193/830, 2137/830, 1997/830, 1113/830, 229/166, 433/830, 637/830, 97/830, 473/830, 21/166, 653/830, 457/830, 1177/830, 1153/830, 77/166, 533/830, -63/830, 257/830, -167/830, 65/166, 73/830, 737/830, 657/830, 1493/830, 317/166, 2593/830, 2857/830, 2377/830, 2813/830, 501/166, 3113/830, 2977/830, 2097/830, 2133/830, 285/166, 1633/830, 1097/830, 1477/830, 1113/830, 333/166, 1473/830, 537/830, 517/830, -247/830, -19/166, -687/830]
136 [-787/830, -243/830, -443/830, 273/830, 49/166, -527/830, -383/830, 677/830, -667/830, 113/166, -607/830, -863/830, -203/830, -287/830, 109/166, 633/830, -23/830, 237/830, -247/830, 37/166, -127/830, 477/830, 337/830, -547/830, -103/166, 433/830, 637/830, 97/830, 473/830, 21/166, 653/830, 457/830, -483/830, -507/830, 77/166, -1127/830, -63/830, 257/830, -167/830, 65/166, 73/830, -923/830, 657/830, -167/830, -15/166, -727/830, -463/830, -943/830, -507/830, -163/166, -207/830, -343/830, 437/830, 473/830, -47/166, -27/830, -563/830, -183/830, -547/830, 1/166, -187/830, 537/830, 517/830, -247/830, -19/166, 973/830]
Unobstructed
196
---------------------------
---------------------------
13a1069
Correction terms
[     -1/2   121/654   157/654   -73/218   301/654   409/654    35/218   697/654  -431/654  -221/218     1/654   253/654    31/218  -479/654  -155/654]
[  -81/218   565/654  -347/654  -121/218   517/654  -323/654   -89/218  -623/654   -83/654    15/218  -239/654  -935/654   191/218   361/654  -263/654]
[    3/218  -131/654   625/654  -113/218  -407/654  -887/654   279/218  -467/654   433/654  -129/218  -311/654   661/654   -29/218    61/654  -203/654]
[  143/218  -659/654   457/654   -49/218   145/654    25/654  -169/218  -143/654  -191/654   219/218  -215/654  -191/654  -193/218   -71/654    25/654]
[  -97/218   289/654   457/654    71/218  -443/654  -203/654  -125/218   349/654  -647/654  -249/218    49/654   433/654   135/218   -35/654   421/654]
[  155/218    97/654  -683/654  -189/218   445/654  -263/654   -25/218  -299/654   373/654   211/218   481/654   -83/654    83/218   169/654  -323/654]
[   27/218    73/654  -347/654    43/218   193/654  -155/654   131/218   529/654   253/654  -145/218  -227/654  -431/654    87/218  -767/654   409/654]
[  -45/218   217/654   157/654  -105/218       1/6   121/654   -93/218 -1091/654   301/654    -9/218   541/654  -611/654   147/218  -227/654     1/654]
[  -61/218  -779/654   829/654  -197/218   193/654  -743/654   175/218    73/654   517/654  -253/218   169/654   685/654  -173/218   481/654  -239/654]
[  -21/218  -299/654   361/654  -233/218   445/654  -131/654    63/218    97/654  -407/654    -5/218   -35/654  -467/654    -1/218    49/654  -311/654]
[   75/218   349/654    61/654   223/218  -443/654  -659/654     7/218   289/654   145/654  -137/218   -71/654  -143/654   227/218  -215/654  -215/654]
[  227/218  -143/654   -71/654  -137/218   145/654   289/654     7/218  -659/654  -443/654   223/218    61/654   349/654    75/218  -311/654    49/654]
[   -1/218  -467/654   -35/654    -5/218  -407/654    97/654    63/218  -131/654   445/654  -233/218   361/654  -299/654   -21/218  -239/654   481/654]
[ -173/218   685/654   169/654  -253/218   517/654    73/654   175/218  -743/654   193/654  -197/218   829/654  -779/654   -61/218     1/654  -227/654]
[  147/218  -611/654   541/654    -9/218   301/654 -1091/654   -93/218   121/654       1/6  -105/218   157/654   217/654   -45/218   409/654  -767/654]
[   87/218  -431/654  -227/654  -145/218   253/654   529/654   131/218  -155/654   193/654    43/218  -347/654    73/654    27/218  -323/654   169/654]
[   83/218   -83/654   481/654   211/218   373/654  -299/654   -25/218  -263/654   445/654  -189/218  -683/654    97/654   155/218   421/654   -35/654]
[  135/218   433/654    49/654  -249/218  -647/654   349/654  -125/218  -203/654  -443/654    71/218   457/654   289/654   -97/218    25/654   -71/654]
[ -193/218  -191/654  -215/654   219/218  -191/654  -143/654  -169/218    25/654   145/654   -49/218   457/654  -659/654   143/218  -203/654    61/654]
[  -29/218   661/654  -311/654  -129/218   433/654  -467/654   279/218  -887/654  -407/654  -113/218   625/654  -131/654     3/218  -263/654   361/654]
[  191/218  -935/654  -239/654    15/218   -83/654  -623/654   -89/218  -323/654   517/654  -121/218  -347/654   565/654   -81/218  -155/654  -479/654]
[   31/218   253/654     1/654  -221/218  -431/654   697/654    35/218   409/654   301/654   -73/218   157/654   121/654         0         0         0]
Testing obstruction for
m1: 1, m2: 164,a: 0
[     -1/2  -323/654  -311/654   -97/218  -263/654  -227/654   -61/218  -131/654   -71/654    -1/218    73/654   157/654    83/218   349/654   457/654]
[  191/218   697/654   829/654   323/218  1117/654  1273/654   479/218  1609/654  1789/654   659/218  2173/654  2377/654   863/218  2809/654  3037/654]
[ 1091/218  3517/654  3769/654  1343/218  4297/654  4573/654  1619/218  5149/654  5449/654  1919/218  6073/654  6397/654  2243/218  7069/654  7417/654]
[ 2591/218  8137/654  8509/654  2963/218  9277/654  9673/654  3359/218 10489/654 10909/654  3779/218 11773/654 12217/654  4223/218 13129/654 13597/654]
[ 4691/218 14557/654 15049/654  5183/218 16057/654 16573/654  5699/218 17629/654 18169/654  6239/218 19273/654 19837/654  6803/218 20989/654 21577/654]
[ 7391/218 22777/654 23389/654  8003/218 24637/654 25273/654  8639/218 26569/654 25921/654  8427/218 24649/654 24025/654  7803/218 22801/654 22201/654]
[ 7203/218 21025/654 20449/654  6627/218 19321/654 18769/654  6075/218 17689/654 17161/654  5547/218 16129/654 15625/654  5043/218 14641/654 14161/654]
[ 4563/218 13225/654 12769/654  4107/218     109/6 11449/654  3675/218 10609/654 10201/654  3267/218  9409/654  9025/654  2883/218  8281/654  7921/654]
[ 2523/218  7225/654  6889/654  2187/218  6241/654  5929/654  1875/218  5329/654  5041/654  1587/218  4489/654  4225/654  1323/218  3721/654  3481/654]
[ 1083/218  3025/654  2809/654   867/218  2401/654  2209/654   675/218  1849/654  1681/654   507/218  1369/654  1225/654   363/218   961/654   841/654]
[  243/218   625/654   529/654   147/218   361/654   289/654    75/218   169/654   121/654    27/218    49/654    25/654     3/218     1/654     1/654]
[    3/218    25/654    49/654    27/218   121/654   169/654    75/218   289/654   361/654   147/218   529/654   625/654   243/218   841/654   961/654]
[  363/218  1225/654  1369/654   507/218  1681/654  1849/654   675/218  2209/654  2401/654   867/218  2809/654  3025/654  1083/218  3481/654  3721/654]
[ 1323/218  4225/654  4489/654  1587/218  5041/654  5329/654  1875/218  5929/654  6241/654  2187/218  6889/654  7225/654  2523/218  7921/654  8281/654]
[ 2883/218  9025/654  9409/654  3267/218 10201/654 10609/654  3675/218 11449/654     109/6  4107/218 12769/654 13225/654  4563/218 14161/654 14641/654]
[ 5043/218 15625/654 16129/654  5547/218 17161/654 17689/654  6075/218 18769/654 19321/654  6627/218 20449/654 21025/654  7203/218 22201/654 22801/654]
[ 7803/218 24025/654 24649/654  8427/218 25921/654 26569/654  8639/218 25273/654 24637/654  8003/218 23389/654 22777/654  7391/218 21577/654 20989/654]
[ 6803/218 19837/654 19273/654  6239/218 18169/654 17629/654  5699/218 16573/654 16057/654  5183/218 15049/654 14557/654  4691/218 13597/654 13129/654]
[ 4223/218 12217/654 11773/654  3779/218 10909/654 10489/654  3359/218  9673/654  9277/654  2963/218  8509/654  8137/654  2591/218  7417/654  7069/654]
[ 2243/218  6397/654  6073/654  1919/218  5449/654  5149/654  1619/218  4573/654  4297/654  1343/218  3769/654  3517/654  1091/218  3037/654  2809/654]
[  863/218  2377/654  2173/654   659/218  1789/654  1609/654   479/218  1273/654  1117/654   323/218   829/654   697/654   191/218   457/654   349/654]
[   83/218   157/654    73/654    -1/218   -71/654  -131/654   -61/218  -227/654  -263/654   -97/218  -311/654  -323/654         0         0         0]
Unobstructed
20
---------------------------
---------------------------
