13a4127
Correction terms
[     -1/2  -675/566  -719/566  -415/566  -895/566 -1027/566  -811/566  -247/566  -467/566  -339/566   137/566  -171/566  -131/566   257/566  -139/566]
[ -187/566   113/566  -371/566  -507/566  -295/566  -867/566    41/566   165/566  -495/566   325/566   361/566  -387/566   345/566   293/566  -543/566]
[  101/566   -39/566  -963/566  -407/566  -635/566  -515/566   -47/566  -363/566  -331/566    49/566  -355/566  -411/566  -119/566  -611/566  -755/566]
[ -551/566     1/566  -231/566  -115/566   349/566    29/566    57/566   433/566    25/566   -35/566   253/566  -243/566  -391/566  -191/566  -775/566]
[  121/566   233/566  -439/566   369/566   393/566  -367/566   353/566   289/566  -559/566    73/566   -79/566 -1015/566  -471/566  -711/566  -603/566]
[ -147/566  -475/566  -455/566   -87/566  -503/566  -571/566  -291/566  -795/566  -951/566  -759/566  -219/566  -463/566  -359/566    93/566  -239/566]
[ -223/566   141/566  -279/566  -351/566   -75/566  -583/566  -743/566  -555/566   -19/566  -267/566  -167/566   281/566   -55/566   -43/566   317/566]
[ -107/566  -183/566    89/566  -423/566  -587/566  -403/566 -1003/566  -123/566   -27/566  -715/566    77/566    85/566  -691/566    13/566   -67/566]
[ -931/566  -315/566  -483/566  -303/566  -907/566   -31/566    61/566  -631/566   157/566   161/566  -619/566    81/566    -3/566  -871/566  -259/566]
[ -431/566  -255/566   269/566     9/566    97/566   533/566   185/566   185/566   533/566    97/566     9/566   269/566  -255/566  -431/566  -259/566]
[ -871/566    -3/566    81/566  -619/566   161/566   157/566  -631/566    61/566   -31/566  -907/566  -303/566  -483/566  -315/566  -931/566   -67/566]
[   13/566  -691/566    85/566    77/566  -715/566   -27/566  -123/566 -1003/566  -403/566  -587/566  -423/566    89/566  -183/566  -107/566   317/566]
[  -43/566   -55/566   281/566  -167/566  -267/566   -19/566  -555/566  -743/566  -583/566   -75/566  -351/566  -279/566   141/566  -223/566  -239/566]
[   93/566  -359/566  -463/566  -219/566  -759/566  -951/566  -795/566  -291/566  -571/566  -503/566   -87/566  -455/566  -475/566  -147/566  -603/566]
[ -711/566  -471/566 -1015/566   -79/566    73/566  -559/566   289/566   353/566  -367/566   393/566   369/566  -439/566   233/566   121/566  -775/566]
[ -191/566  -391/566  -243/566   253/566   -35/566    25/566   433/566    57/566    29/566   349/566  -115/566  -231/566     1/566  -551/566  -755/566]
[ -611/566  -119/566  -411/566  -355/566    49/566  -331/566  -363/566   -47/566  -515/566  -635/566  -407/566  -963/566   -39/566   101/566  -543/566]
[  293/566   345/566  -387/566   361/566   325/566  -495/566   165/566    41/566  -867/566  -295/566  -507/566  -371/566   113/566  -187/566  -139/566]
[  257/566  -131/566  -171/566   137/566  -339/566  -467/566  -247/566  -811/566 -1027/566  -895/566  -415/566  -719/566  -675/566         0         0]
Testing obstruction for
m1: 1, m2: 142,a: 0
[     -1/2  -279/566  -267/566  -247/566  -219/566  -183/566  -139/566   -87/566   -27/566    41/566   117/566   201/566   293/566   393/566   501/566]
[  617/566   741/566   873/566  1013/566  1161/566  1317/566  1481/566  1653/566  1833/566  2021/566  2217/566  2421/566  2633/566  2853/566  3081/566]
[ 3317/566  3561/566  3813/566  4073/566  4341/566  4617/566  4901/566  5193/566  5493/566  5801/566  6117/566  6441/566  6773/566  7113/566  7461/566]
[ 7817/566  8181/566  8553/566  8933/566  9321/566  9717/566 10121/566 10533/566 10953/566 11381/566 11817/566 12261/566 12713/566 13173/566 13641/566]
[14117/566 14601/566 15093/566 15593/566 16101/566 16617/566 17141/566 17673/566 18213/566 18761/566 19317/566 19881/566 19321/566 18769/566 18225/566]
[17689/566 17161/566 16641/566 16129/566 15625/566 15129/566 14641/566 14161/566 13689/566 13225/566 12769/566 12321/566 11881/566 11449/566 11025/566]
[10609/566 10201/566  9801/566  9409/566  9025/566  8649/566  8281/566  7921/566  7569/566  7225/566  6889/566  6561/566  6241/566  5929/566  5625/566]
[ 5329/566  5041/566  4761/566  4489/566  4225/566  3969/566  3721/566  3481/566  3249/566  3025/566  2809/566  2601/566  2401/566  2209/566  2025/566]
[ 1849/566  1681/566  1521/566  1369/566  1225/566  1089/566   961/566   841/566   729/566   625/566   529/566   441/566   361/566   289/566   225/566]
[  169/566   121/566    81/566    49/566    25/566     9/566     1/566     1/566     9/566    25/566    49/566    81/566   121/566   169/566   225/566]
[  289/566   361/566   441/566   529/566   625/566   729/566   841/566   961/566  1089/566  1225/566  1369/566  1521/566  1681/566  1849/566  2025/566]
[ 2209/566  2401/566  2601/566  2809/566  3025/566  3249/566  3481/566  3721/566  3969/566  4225/566  4489/566  4761/566  5041/566  5329/566  5625/566]
[ 5929/566  6241/566  6561/566  6889/566  7225/566  7569/566  7921/566  8281/566  8649/566  9025/566  9409/566  9801/566 10201/566 10609/566 11025/566]
[11449/566 11881/566 12321/566 12769/566 13225/566 13689/566 14161/566 14641/566 15129/566 15625/566 16129/566 16641/566 17161/566 17689/566 18225/566]
[18769/566 19321/566 19881/566 19317/566 18761/566 18213/566 17673/566 17141/566 16617/566 16101/566 15593/566 15093/566 14601/566 14117/566 13641/566]
[13173/566 12713/566 12261/566 11817/566 11381/566 10953/566 10533/566 10121/566  9717/566  9321/566  8933/566  8553/566  8181/566  7817/566  7461/566]
[ 7113/566  6773/566  6441/566  6117/566  5801/566  5493/566  5193/566  4901/566  4617/566  4341/566  4073/566  3813/566  3561/566  3317/566  3081/566]
[ 2853/566  2633/566  2421/566  2217/566  2021/566  1833/566  1653/566  1481/566  1317/566  1161/566  1013/566   873/566   741/566   617/566   501/566]
[  393/566   293/566   201/566   117/566    41/566   -27/566   -87/566  -139/566  -183/566  -219/566  -247/566  -267/566  -279/566         0         0]
Unobstructed
92
---------------------------
---------------------------
13a4154
Correction terms
[    -1/2  293/774  785/774   -51/86 -343/774 -415/774    97/86  425/774 -211/774    57/86 -499/774 -151/774     1/86  -19/774 -235/774]
[  -71/86  317/774 -463/774    13/86  509/774  713/774   -91/86 -991/774  197/774   133/86  461/774 -463/774    -3/86  221/774  281/774]
[   17/86 -163/774 -667/774    21/86  857/774 -211/774     9/86  185/774  101/774   -19/86 -631/774  269/774   109/86    -1/18  293/774]
[   49/86  401/774  173/774   -27/86  701/774  -91/774    53/86  857/774 -499/774   -55/86 -679/774  497/774    -7/86 -811/774 -199/774]
[   25/86  461/774  509/774    41/86   41/774 -475/774    41/86 1025/774  -55/774    25/86  317/774  221/774    -7/86 -535/774  353/774]
[  -55/86   17/774  341/774    53/86  425/774  185/774   -27/86  689/774 -115/774    49/86  809/774   -13/18   -63/86  785/774  401/774]
[  -19/86 -931/774 -331/774     9/86  305/774  341/774    21/86 -151/774 -679/774    17/86  797/774 -295/774    -3/86   53/774  -55/774]
[  -39/86  713/774   41/774   -91/86 -319/774   -7/774    13/86   53/774 -199/774   101/86  281/774 -535/774     1/86  365/774  533/774]
[   57/86  305/774  -91/774   -75/86  101/774  689/774   -51/86 -247/774 -223/774     -1/2 -739/774  269/774   121/86  173/774 -931/774]
[  -75/86  941/774  821/774    57/86   17/774 -667/774     1/86  497/774  797/774   -71/86 -715/774  569/774    13/86 -523/774  197/774]
[   81/86 -475/774 -319/774   -39/86  977/774  569/774    -3/86  737/774 -235/774    17/86  353/774  365/774    21/86 -175/774  821/774]
[    9/86 -847/774 -415/774   -19/86 -115/774 -247/774   -63/86    11/18 -223/774    49/86  917/774 -343/774   -27/86 -331/774  941/774]
[   53/86 -175/774  533/774   -55/86 -163/774  -19/774    -7/86 -295/774 -715/774    25/86  977/774   -7/774    41/86  557/774  557/774]
[   41/86   -7/774  977/774    25/86 -715/774 -295/774    -7/86  -19/774 -163/774   -55/86  533/774 -175/774    53/86  941/774 -331/774]
[  -27/86 -343/774  917/774    49/86 -223/774    11/18   -63/86 -247/774 -115/774   -19/86 -415/774 -847/774     9/86  821/774 -175/774]
[   21/86  365/774  353/774    17/86 -235/774  737/774    -3/86  569/774  977/774   -39/86 -319/774 -475/774    81/86  197/774 -523/774]
[   13/86  569/774 -715/774   -71/86  797/774  497/774     1/86 -667/774   17/774    57/86  821/774  941/774   -75/86 -931/774  173/774]
[  121/86  269/774 -739/774     -1/2 -223/774 -247/774   -51/86  689/774  101/774   -75/86  -91/774  305/774    57/86  533/774  365/774]
[    1/86 -535/774  281/774   101/86 -199/774   53/774    13/86   -7/774 -319/774   -91/86   41/774  713/774   -39/86  -55/774   53/774]
[   -3/86 -295/774  797/774    17/86 -679/774 -151/774    21/86  341/774  305/774     9/86 -331/774 -931/774   -19/86  401/774  785/774]
[  -63/86   -13/18  809/774    49/86 -115/774  689/774   -27/86  185/774  425/774    53/86  341/774   17/774   -55/86  353/774 -535/774]
[   -7/86  221/774  317/774    25/86  -55/774 1025/774    41/86 -475/774   41/774    41/86  509/774  461/774    25/86 -199/774 -811/774]
[   -7/86  497/774 -679/774   -55/86 -499/774  857/774    53/86  -91/774  701/774   -27/86  173/774  401/774    49/86  293/774    -1/18]
[  109/86  269/774 -631/774   -19/86  101/774  185/774     9/86 -211/774  857/774    21/86 -667/774 -163/774    17/86  281/774  221/774]
[   -3/86 -463/774  461/774   133/86  197/774 -991/774   -91/86  713/774  509/774    13/86 -463/774  317/774   -71/86 -235/774  -19/774]
[    1/86 -151/774 -499/774    57/86 -211/774  425/774    97/86 -415/774 -343/774   -51/86  785/774  293/774        0        0        0]
Testing obstruction for
m1: 1, m2: 194,a: 0
[     -1/2  -383/774  -371/774    -39/86  -323/774  -287/774    -27/86  -191/774  -131/774     -7/86    13/774    97/774     21/86   289/774   397/774]
[    57/86   637/774   769/774    101/86  1057/774  1213/774    153/86  1549/774  1729/774    213/86  2113/774  2317/774    281/86  2749/774  2977/774]
[   357/86  3457/774  3709/774    441/86  4237/774  4513/774    533/86  5089/774  5389/774    633/86  6013/774  6337/774    741/86    163/18  7357/774]
[   857/86  8077/774  8449/774    981/86  9217/774  9613/774   1113/86 10429/774 10849/774   1253/86 11713/774 12157/774   1401/86 13069/774 13537/774]
[  1557/86 14497/774 14989/774   1721/86 15997/774 16513/774   1893/86 17569/774 18109/774   2073/86 19213/774 19777/774   2261/86 20929/774 21517/774]
[  2457/86 22717/774 23329/774   2661/86 24577/774 25213/774   2873/86 26509/774 27169/774   3093/86 28513/774    679/18   3321/86 30589/774 31297/774]
[  3557/86 32737/774 33469/774   3801/86 34957/774 35713/774   4053/86 37249/774 36481/774   3969/86 34969/774 34225/774   3721/86 32761/774 32041/774]
[  3481/86 30625/774 29929/774   3249/86 28561/774 27889/774   3025/86 26569/774 25921/774   2809/86 24649/774 24025/774   2601/86 22801/774 22201/774]
[  2401/86 21025/774 20449/774   2209/86 19321/774 18769/774   2025/86 17689/774 17161/774      43/2 16129/774 15625/774   1681/86 14641/774 14161/774]
[  1521/86 13225/774 12769/774   1369/86 11881/774 11449/774   1225/86 10609/774 10201/774   1089/86  9409/774  9025/774    961/86  8281/774  7921/774]
[   841/86  7225/774  6889/774    729/86  6241/774  5929/774    625/86  5329/774  5041/774    529/86  4489/774  4225/774    441/86  3721/774  3481/774]
[   361/86  3025/774  2809/774    289/86  2401/774  2209/774    225/86     43/18  1681/774    169/86  1369/774  1225/774    121/86   961/774   841/774]
[    81/86   625/774   529/774     49/86   361/774   289/774     25/86   169/774   121/774      9/86    49/774    25/774      1/86     1/774     1/774]
[     1/86    25/774    49/774      9/86   121/774   169/774     25/86   289/774   361/774     49/86   529/774   625/774     81/86   841/774   961/774]
[   121/86  1225/774  1369/774    169/86  1681/774     43/18    225/86  2209/774  2401/774    289/86  2809/774  3025/774    361/86  3481/774  3721/774]
[   441/86  4225/774  4489/774    529/86  5041/774  5329/774    625/86  5929/774  6241/774    729/86  6889/774  7225/774    841/86  7921/774  8281/774]
[   961/86  9025/774  9409/774   1089/86 10201/774 10609/774   1225/86 11449/774 11881/774   1369/86 12769/774 13225/774   1521/86 14161/774 14641/774]
[  1681/86 15625/774 16129/774      43/2 17161/774 17689/774   2025/86 18769/774 19321/774   2209/86 20449/774 21025/774   2401/86 22201/774 22801/774]
[  2601/86 24025/774 24649/774   2809/86 25921/774 26569/774   3025/86 27889/774 28561/774   3249/86 29929/774 30625/774   3481/86 32041/774 32761/774]
[  3721/86 34225/774 34969/774   3969/86 36481/774 37249/774   4053/86 35713/774 34957/774   3801/86 33469/774 32737/774   3557/86 31297/774 30589/774]
[  3321/86    679/18 28513/774   3093/86 27169/774 26509/774   2873/86 25213/774 24577/774   2661/86 23329/774 22717/774   2457/86 21517/774 20929/774]
[  2261/86 19777/774 19213/774   2073/86 18109/774 17569/774   1893/86 16513/774 15997/774   1721/86 14989/774 14497/774   1557/86 13537/774 13069/774]
[  1401/86 12157/774 11713/774   1253/86 10849/774 10429/774   1113/86  9613/774  9217/774    981/86  8449/774  8077/774    857/86  7357/774    163/18]
[   741/86  6337/774  6013/774    633/86  5389/774  5089/774    533/86  4513/774  4237/774    441/86  3709/774  3457/774    357/86  2977/774  2749/774]
[   281/86  2317/774  2113/774    213/86  1729/774  1549/774    153/86  1213/774  1057/774    101/86   769/774   637/774     57/86   397/774   289/774]
[    21/86    97/774    13/774     -7/86  -131/774  -191/774    -27/86  -287/774  -323/774    -39/86  -371/774  -383/774         0         0         0]
Testing obstruction for
m1: 2, m2: 65,a: 0
Obstructed by Z^n/Q not being cyclic
Testing obstruction for
m1: 5, m2: 22,a: 0
[    -1/2 -695/774  -71/774    -7/86  877/774 1201/774   101/86 1549/774 1573/774   281/86 2869/774 4141/774   361/86 3289/774 2713/774]
[  169/86 1261/774  385/774    49/86 -119/774  253/774     1/86  697/774  769/774    25/86  613/774  385/774   121/86 1177/774 2197/774]
[  289/86 3937/774 4657/774   357/86 2701/774 1573/774   153/86  565/774  685/774    21/86  625/774  445/774   -39/86    -5/18 -695/774]
[  -27/86 -407/774  361/774    57/86 1597/774 2065/774   213/86 2701/774 2869/774   441/86 2905/774 2773/774   225/86 2209/774 1777/774]
[   81/86  613/774 -119/774     9/86 -335/774  181/774     9/86  913/774 1129/774    81/86 1261/774 1177/774   225/86 2257/774 3421/774]
[  441/86 3901/774 3217/774   213/86 1549/774  565/774    57/86 -155/774  109/774   -27/86  337/774     7/18   -39/86  -71/774 -407/774]
[   21/86  169/774 1081/774   153/86 2605/774 3217/774   357/86 4141/774 2905/774   289/86 1681/774 1693/774   121/86 1417/774 1129/774]
[   25/86  253/774 -335/774     1/86 -263/774  397/774    49/86 1417/774 1777/774   169/86 2197/774 2257/774   361/86 3625/774 3385/774]
[  281/86 2605/774 2065/774   101/86  685/774 -155/774    -7/86 -587/774 -179/774     -1/2  337/774  445/774    -7/86  361/774  169/774]
[  101/86 1033/774 2089/774   281/86 3901/774 4657/774   361/86 2773/774 1681/774   169/86  745/774  901/774    49/86  913/774  769/774]
[    1/86  181/774 -263/774    25/86   97/774  901/774   121/86 2209/774 2713/774   289/86 3421/774 3625/774   357/86 2185/774 2089/774]
[  153/86 1597/774 1201/774    21/86  109/774 -587/774   -39/86   -17/18 -179/774   -27/86  625/774  877/774    57/86 1081/774 1033/774]
[  213/86 2185/774 3385/774   441/86 3937/774 3289/774   225/86 1693/774  745/774    81/86   97/774  397/774     9/86  697/774  697/774]
[    9/86  397/774   97/774    81/86  745/774 1693/774   225/86 3289/774 3937/774   441/86 3385/774 2185/774   213/86 1033/774 1081/774]
[   57/86  877/774  625/774   -27/86 -179/774   -17/18   -39/86 -587/774  109/774    21/86 1201/774 1597/774   153/86 2089/774 2185/774]
[  357/86 3625/774 3421/774   289/86 2713/774 2209/774   121/86  901/774   97/774    25/86 -263/774  181/774     1/86  769/774  913/774]
[   49/86  901/774  745/774   169/86 1681/774 2773/774   361/86 4657/774 3901/774   281/86 2089/774 1033/774   101/86  169/774  361/774]
[   -7/86  445/774  337/774     -1/2 -179/774 -587/774    -7/86 -155/774  685/774   101/86 2065/774 2605/774   281/86 3385/774 3625/774]
[  361/86 2257/774 2197/774   169/86 1777/774 1417/774    49/86  397/774 -263/774     1/86 -335/774  253/774    25/86 1129/774 1417/774]
[  121/86 1693/774 1681/774   289/86 2905/774 4141/774   357/86 3217/774 2605/774   153/86 1081/774  169/774    21/86 -407/774  -71/774]
[  -39/86     7/18  337/774   -27/86  109/774 -155/774    57/86  565/774 1549/774   213/86 3217/774 3901/774   441/86 3421/774 2257/774]
[  225/86 1177/774 1261/774    81/86 1129/774  913/774     9/86  181/774 -335/774     9/86 -119/774  613/774    81/86 1777/774 2209/774]
[  225/86 2773/774 2905/774   441/86 2869/774 2701/774   213/86 2065/774 1597/774    57/86  361/774 -407/774   -27/86 -695/774    -5/18]
[  -39/86  445/774  625/774    21/86  685/774  565/774   153/86 1573/774 2701/774   357/86 4657/774 3937/774   289/86 2197/774 1177/774]
[  121/86  385/774  613/774    25/86  769/774  697/774     1/86  253/774 -119/774    49/86  385/774 1261/774   169/86 2713/774 3289/774]
[  361/86 4141/774 2869/774   281/86 1573/774 1549/774   101/86 1201/774  877/774    -7/86  -71/774 -695/774        0        0        0]
Testing obstruction for
m1: 9, m2: 12,a: 1
[    -1/2 -751/774 -295/774   -63/86  -19/774 -199/774    49/86  353/774 1085/774   121/86  365/774  461/774   -19/86   17/774 -523/774]
[  -27/86 -691/774 -319/774   -75/86 -211/774 -475/774     9/86  -91/774  557/774    53/86 1217/774 1229/774    57/86  617/774   -7/774]
[   21/86 -343/774  -55/774   -55/86 -115/774 -463/774     1/86 -247/774  317/774    17/86  809/774  737/774   165/86    35/18  797/774]
[  101/86  293/774  497/774    -3/86  269/774 -163/774    25/86 -115/774  365/774    13/86  689/774  533/774   133/86 1133/774 1889/774]
[  213/86 1217/774 1337/774    81/86  941/774  425/774    81/86  305/774  701/774    41/86  857/774  617/774   133/86 1049/774 1721/774]
[  185/86 2429/774 2465/774   197/86 1901/774 1301/774   169/86 1013/774 1325/774   101/86 1313/774    23/18   165/86 1253/774 1841/774]
[  189/86 2381/774 2333/774   345/86 3149/774 2465/774   289/86 2009/774 2237/774   193/86 2057/774 1649/774   229/86 1745/774 2249/774]
[  225/86 2621/774 2489/774   353/86 3137/774 2369/774   269/86 1745/774 1889/774   145/86 1541/774 1049/774   153/86  977/774 1397/774]
[  121/86 1601/774 1385/774   221/86 1865/774 2561/774   281/86 1769/774 1829/774      3/2 1313/774  737/774   109/86  497/774  833/774]
[   49/86  869/774  569/774   121/86  881/774 1493/774   153/86 2081/774 2057/774   145/86 1373/774  713/774    97/86  305/774  557/774]
[    9/86  425/774   41/774    53/86  185/774  713/774    57/86 1133/774 1025/774   193/86 1721/774  977/774   117/86  401/774  569/774]
[    1/86  269/774 -199/774    17/86 -223/774  221/774    -7/86    11/18  281/774   101/86  809/774 1529/774   169/86  785/774  869/774]
[   25/86  401/774 -151/774    13/86 -343/774   17/774   -39/86  101/774 -175/774    41/86  185/774  821/774    81/86 1457/774 1457/774]
[   81/86  821/774  185/774    41/86 -175/774  101/774   -39/86   17/774 -343/774    13/86 -151/774  401/774    25/86  869/774  785/774]
[  169/86 1529/774  809/774   101/86  281/774    11/18    -7/86  221/774 -223/774    17/86 -199/774  269/774     1/86  569/774  401/774]
[  117/86  977/774 1721/774   193/86 1025/774 1133/774    57/86  713/774  185/774    53/86   41/774  425/774     9/86  557/774  305/774]
[   97/86  713/774 1373/774   145/86 2057/774 2081/774   153/86 1493/774  881/774   121/86  569/774  869/774    49/86  833/774  497/774]
[  109/86  737/774 1313/774      3/2 1829/774 1769/774   281/86 2561/774 1865/774   221/86 1385/774 1601/774   121/86 1397/774  977/774]
[  153/86 1049/774 1541/774   145/86 1889/774 1745/774   269/86 2369/774 3137/774   353/86 2489/774 2621/774   225/86 2249/774 1745/774]
[  229/86 1649/774 2057/774   193/86 2237/774 2009/774   289/86 2465/774 3149/774   345/86 2333/774 2381/774   189/86 1841/774 1253/774]
[  165/86    23/18 1313/774   101/86 1325/774 1013/774   169/86 1301/774 1901/774   197/86 2465/774 2429/774   185/86 1721/774 1049/774]
[  133/86  617/774  857/774    41/86  701/774  305/774    81/86  425/774  941/774    81/86 1337/774 1217/774   213/86 1889/774 1133/774]
[  133/86  533/774  689/774    13/86  365/774 -115/774    25/86 -163/774  269/774    -3/86  497/774  293/774   101/86  797/774    35/18]
[  165/86  737/774  809/774    17/86  317/774 -247/774     1/86 -463/774 -115/774   -55/86  -55/774 -343/774    21/86   -7/774  617/774]
[   57/86 1229/774 1217/774    53/86  557/774  -91/774     9/86 -475/774 -211/774   -75/86 -319/774 -691/774   -27/86 -523/774   17/774]
[  -19/86  461/774  365/774   121/86 1085/774  353/774    49/86 -199/774  -19/774   -63/86 -295/774 -751/774        0        0        0]
Testing obstruction for
m1: 7, m2: 16,a: 2
[    -1/2 -743/774 -263/774   -55/86  109/774    1/774    81/86  745/774   49/774    21/86 -383/774 -119/774   -63/86 -179/774 -503/774]
[    1/86 -191/774  445/774    41/86 1129/774 1177/774    57/86  685/774  145/774    49/86   25/774  445/774    17/86  697/774  529/774]
[  133/86 1153/774 1945/774   225/86 1393/774 1597/774   121/86 1417/774 1033/774   165/86 1225/774 1801/774   185/86    55/18 2353/774]
[  353/86 3289/774 2689/774   325/86 2449/774 2809/774   273/86 2941/774 2713/774   369/86 3217/774 2401/774   269/86 1729/774 1873/774]
[  145/86 1573/774 1129/774   169/86 1201/774 1717/774   169/86 2161/774 2089/774   145/86 1357/774  697/774    97/86  337/774  637/774]
[   25/86  649/774  361/774   101/86  745/774 1417/774   153/86  625/774  709/774     9/86  289/774    -5/18    13/86 -263/774  193/774]
[   -7/86  517/774  385/774   121/86 1081/774  361/774    53/86 -119/774  121/774   -39/86   13/774 -335/774    17/86  -71/774  541/774]
[   49/86 1177/774 1201/774    57/86  661/774   97/774    41/86  -71/774  325/774     1/86  529/774  337/774   109/86  913/774 1681/774]
[  193/86 1081/774 1261/774    81/86 1033/774  625/774   117/86  769/774 1321/774      3/2 1837/774 1801/774   289/86 2689/774 2065/774]
[  253/86 1777/774 2113/774   193/86 2197/774 1945/774   281/86 2401/774 3109/774   345/86 2389/774 2509/774   213/86 2161/774 1693/774]
[  229/86 1717/774 2209/774   221/86 2605/774 2509/774   189/86 1729/774 1045/774   133/86  637/774  913/774    53/86  877/774  565/774]
[  121/86  901/774 1549/774   165/86  709/774  769/774    13/86     7/18 -227/774     9/86 -323/774  109/774   -19/86  385/774  229/774]
[  101/86  877/774  133/774    25/86 -395/774 -179/774   -75/86 -335/774 -707/774   -27/86 -491/774   97/774    -3/86  685/774  685/774]
[   -3/86   97/774 -491/774   -27/86 -707/774 -335/774   -75/86 -179/774 -395/774    25/86  133/774  877/774   101/86  229/774  385/774]
[  -19/86  109/774 -323/774     9/86 -227/774     7/18    13/86  769/774  709/774   165/86 1549/774  901/774   121/86  565/774  877/774]
[   53/86  913/774  637/774   133/86 1045/774 1729/774   189/86 2509/774 2605/774   221/86 2209/774 1717/774   229/86 1693/774 2161/774]
[  213/86 2509/774 2389/774   345/86 3109/774 2401/774   281/86 1945/774 2197/774   193/86 2113/774 1777/774   253/86 2065/774 2689/774]
[  289/86 1801/774 1837/774      3/2 1321/774  769/774   117/86  625/774 1033/774    81/86 1261/774 1081/774   193/86 1681/774  913/774]
[  109/86  337/774  529/774     1/86  325/774  -71/774    41/86   97/774  661/774    57/86 1201/774 1177/774    49/86  541/774  -71/774]
[   17/86 -335/774   13/774   -39/86  121/774 -119/774    53/86  361/774 1081/774   121/86  385/774  517/774    -7/86  193/774 -263/774]
[   13/86    -5/18  289/774     9/86  709/774  625/774   153/86 1417/774  745/774   101/86  361/774  649/774    25/86  637/774  337/774]
[   97/86  697/774 1357/774   145/86 2089/774 2161/774   169/86 1717/774 1201/774   169/86 1129/774 1573/774   145/86 1873/774 1729/774]
[  269/86 2401/774 3217/774   369/86 2713/774 2941/774   273/86 2809/774 2449/774   325/86 2689/774 3289/774   353/86 2353/774    55/18]
[  185/86 1801/774 1225/774   165/86 1033/774 1417/774   121/86 1597/774 1393/774   225/86 1945/774 1153/774   133/86  529/774  697/774]
[   17/86  445/774   25/774    49/86  145/774  685/774    57/86 1177/774 1129/774    41/86  445/774 -191/774     1/86 -503/774 -179/774]
[  -63/86 -119/774 -383/774    21/86   49/774  745/774    81/86    1/774  109/774   -55/86 -263/774 -743/774        0        0        0]
Testing obstruction for
m1: 5, m2: 24,a: 3
[    -1/2 -727/774 -199/774   -39/86  365/774  401/774   -27/86  -19/774 -475/774    -7/86 -331/774  269/774    21/86  977/774 1085/774]
[   57/86  809/774  425/774   101/86  713/774 1385/774   153/86 2237/774 2417/774   213/86 2285/774 1973/774   281/86 2405/774 3149/774]
[  357/86 4145/774 4397/774   441/86 4409/774 4169/774   361/86 3197/774 2465/774   289/86 2057/774 2381/774   225/86    59/18 2369/774]
[  169/86 1541/774  881/774   121/86  617/774 1013/774    81/86 1313/774 1217/774    49/86  533/774  -55/774    25/86 -175/774  293/774]
[    9/86  737/774  713/774     1/86  173/774 -343/774     1/86 -319/774  221/774     9/86  809/774  857/774    25/86  461/774   17/774]
[   49/86  185/774  797/774    81/86 1529/774 1649/774   121/86 1397/774 1025/774   169/86 1337/774    47/18   225/86 2897/774 3089/774]
[  289/86 2981/774 2681/774   361/86 3137/774 3893/774   441/86 3365/774 3629/774   357/86 3665/774 3437/774   281/86 2489/774 1769/774]
[  213/86 1385/774 1721/774   153/86 1901/774 1745/774   101/86  941/774  293/774    57/86   53/774  461/774    21/86  785/774  701/774]
[   -7/86   41/774 -535/774   -27/86 -631/774 -151/774   -39/86  317/774  305/774     -1/2 -211/774 -715/774   -39/86 -667/774 -115/774]
[  -27/86  497/774  557/774    -7/86  185/774 -247/774    21/86  -55/774  569/774    57/86 1325/774 1457/774   101/86 1229/774  869/774]
[  153/86 1205/774 1901/774   213/86 2801/774 3005/774   281/86 2921/774 2633/774   357/86 3113/774 3881/774   441/86 3377/774 3653/774]
[  361/86 3713/774 3497/774   289/86 2573/774 1865/774   225/86    35/18 1853/774   169/86 2057/774 1913/774   121/86 1133/774  497/774]
[   81/86  281/774  701/774    49/86 1049/774  977/774    25/86  341/774 -223/774     9/86 -295/774  197/774     1/86  689/774  689/774]
[    1/86  197/774 -295/774     9/86 -223/774  341/774    25/86  977/774 1049/774    49/86  701/774  281/774    81/86  497/774 1133/774]
[  121/86 1913/774 2057/774   169/86 1853/774    35/18   225/86 1865/774 2573/774   289/86 3497/774 3713/774   361/86 3653/774 3377/774]
[  441/86 3881/774 3113/774   357/86 2633/774 2921/774   281/86 3005/774 2801/774   213/86 1901/774 1205/774   153/86  869/774 1229/774]
[  101/86 1457/774 1325/774    57/86  569/774  -55/774    21/86 -247/774  185/774    -7/86  557/774  497/774   -27/86 -115/774 -667/774]
[  -39/86 -715/774 -211/774     -1/2  305/774  317/774   -39/86 -151/774 -631/774   -27/86 -535/774   41/774    -7/86  701/774  785/774]
[   21/86  461/774   53/774    57/86  293/774  941/774   101/86 1745/774 1901/774   153/86 1721/774 1385/774   213/86 1769/774 2489/774]
[  281/86 3437/774 3665/774   357/86 3629/774 3365/774   441/86 3893/774 3137/774   361/86 2681/774 2981/774   289/86 3089/774 2897/774]
[  225/86    47/18 1337/774   169/86 1025/774 1397/774   121/86 1649/774 1529/774    81/86  797/774  185/774    49/86   17/774  461/774]
[   25/86  857/774  809/774     9/86  221/774 -319/774     1/86 -343/774  173/774     1/86  713/774  737/774     9/86  293/774 -175/774]
[   25/86  -55/774  533/774    49/86 1217/774 1313/774    81/86 1013/774  617/774   121/86  881/774 1541/774   169/86 2369/774    59/18]
[  225/86 2381/774 2057/774   289/86 2465/774 3197/774   361/86 4169/774 4409/774   441/86 4397/774 4145/774   357/86 3149/774 2405/774]
[  281/86 1973/774 2285/774   213/86 2417/774 2237/774   153/86 1385/774  713/774   101/86  425/774  809/774    57/86 1085/774  977/774]
[   21/86  269/774 -331/774    -7/86 -475/774  -19/774   -27/86  401/774  365/774   -39/86 -199/774 -727/774        0        0        0]
Testing obstruction for
m1: 6, m2: 21,a: 4
[    -1/2 -763/774 -343/774   -75/86 -211/774 -499/774     1/86 -235/774  317/774    13/86  713/774  557/774   133/86 1085/774 1769/774]
[  189/86 2429/774 2405/774   353/86 3197/774 2465/774   281/86 1841/774 1949/774   145/86 1457/774  857/774   117/86  497/774  737/774]
[   25/86  509/774   41/774    41/86  -55/774  317/774    -7/86  353/774   17/774    53/86  185/774  689/774    49/86    23/18  785/774]
[  153/86 1217/774 1853/774   193/86 2417/774 2345/774   341/86 3041/774 3809/774   425/86 3089/774 3149/774   273/86 2561/774 1913/774]
[  229/86 1457/774 1649/774   121/86 1325/774  809/774   121/86  617/774  941/774    57/86  881/774  497/774   101/86  569/774 1025/774]
[   81/86 1229/774  977/774   169/86 1313/774 1901/774   193/86 2369/774 2249/774   325/86 2849/774    83/18   393/86 2753/774 2765/774]
[  225/86 2081/774 1385/774   165/86  833/774  977/774    41/86  557/774   -7/774    25/86 -295/774  -19/774   -55/86 -175/774 -607/774]
[  -27/86 -631/774 -223/774   -63/86 -115/774 -415/774     9/86 -175/774  365/774    17/86  737/774  569/774   133/86 1073/774 1745/774]
[  185/86 2381/774 2345/774   345/86 3113/774 2369/774   269/86 1721/774 1817/774      3/2 1301/774  689/774    97/86  305/774  533/774]
[    1/86  281/774 -199/774    13/86 -319/774   41/774   -39/86   53/774 -295/774    17/86 -151/774  341/774     9/86  617/774  401/774]
[  109/86  809/774 1433/774   145/86 1973/774 1889/774   289/86 2561/774 3317/774   369/86 2573/774 2621/774   213/86 2009/774 1349/774]
[  165/86  869/774 1049/774    53/86  701/774  173/774    49/86    -1/18  269/774   -19/86  185/774 -211/774    21/86 -163/774  281/774]
[   -3/86  461/774  197/774    81/86  509/774 1085/774   101/86 1529/774 1397/774   229/86 1973/774 2681/774   293/86 3389/774 3389/774]
[  293/86 2681/774 1973/774   229/86 1397/774 1529/774   101/86 1085/774  509/774    81/86  197/774  461/774    -3/86  281/774 -163/774]
[   21/86 -211/774  185/774   -19/86  269/774    -1/18    49/86  173/774  701/774    53/86 1049/774  869/774   165/86 1349/774 2009/774]
[  213/86 2621/774 2573/774   369/86 3317/774 2561/774   289/86 1889/774 1973/774   145/86 1433/774  809/774   109/86  401/774  617/774]
[    9/86  341/774 -151/774    17/86 -295/774   53/774   -39/86   41/774 -319/774    13/86 -199/774  281/774     1/86  533/774  305/774]
[   97/86  689/774 1301/774      3/2 1817/774 1721/774   269/86 2369/774 3113/774   345/86 2345/774 2381/774   185/86 1745/774 1073/774]
[  133/86  569/774  737/774    17/86  365/774 -175/774     9/86 -415/774 -115/774   -63/86 -223/774 -631/774   -27/86 -607/774 -175/774]
[  -55/86  -19/774 -295/774    25/86   -7/774  557/774    41/86  977/774  833/774   165/86 1385/774 2081/774   225/86 2765/774 2753/774]
[  393/86    83/18 2849/774   325/86 2249/774 2369/774   193/86 1901/774 1313/774   169/86  977/774 1229/774    81/86 1025/774  569/774]
[  101/86  497/774  881/774    57/86  941/774  617/774   121/86  809/774 1325/774   121/86 1649/774 1457/774   229/86 1913/774 2561/774]
[  273/86 3149/774 3089/774   425/86 3809/774 3041/774   341/86 2345/774 2417/774   193/86 1853/774 1217/774   153/86  785/774    23/18]
[   49/86  689/774  185/774    53/86   17/774  353/774    -7/86  317/774  -55/774    41/86   41/774  509/774    25/86  737/774  497/774]
[  117/86  857/774 1457/774   145/86 1949/774 1841/774   281/86 2465/774 3197/774   353/86 2405/774 2429/774   189/86 1769/774 1085/774]
[  133/86  557/774  713/774    13/86  317/774 -235/774     1/86 -499/774 -211/774   -75/86 -343/774 -763/774        0        0        0]
Testing obstruction for
m1: 17, m2: 20,a: 15
Obstructed by Z^n/Q not being cyclic
Testing obstruction for
m1: 49, m2: 50,a: 48
[    -1/2 -671/774   25/774    17/86 -287/774  253/774    25/86 -371/774   13/774   -19/86  625/774  853/774    57/86 1153/774 1225/774]
[   81/86 1213/774 1129/774   225/86 2353/774 2113/774   317/86 3025/774 2629/774   357/86 3229/774 4225/774   517/86 4513/774 5353/774]
[  625/86 5329/774 6013/774   681/86 7225/774 7753/774   857/86 8653/774 9025/774   981/86 8065/774 8281/774   881/86   163/18 7069/774]
[  729/86 5485/774 5389/774   525/86 5041/774 4789/774   441/86 4129/774 3721/774   305/86 2749/774 2185/774   289/86 2449/774 1729/774]
[  221/86 1681/774  805/774   101/86  445/774  961/774   101/86  289/774  649/774    49/86 -335/774 -131/774   -55/86  121/774  169/774]
[  -39/86  109/774    1/774   -75/86 -371/774 -635/774     9/86  229/774 -191/774    41/86  361/774    -5/18    21/86   25/774  841/774]
[  121/86  769/774 1429/774   169/86 1045/774 1549/774   165/86 2401/774 2749/774   281/86 3289/774 3481/774   345/86 3709/774 3745/774]
[  529/86 5209/774 5089/774   661/86 6241/774 5965/774   741/86 6805/774 7921/774   941/86 8449/774 9409/774   917/86 8077/774 7333/774]
[  841/86 7237/774 6337/774   713/86 5929/774 4873/774   533/86 4153/774 4489/774     11/2 3457/774 3637/774   361/86 2293/774 2317/774]
[  197/86 2209/774 2077/774   153/86 1657/774 1369/774    57/86  637/774  193/774    81/86  697/774   97/774    53/86  289/774 -467/774]
[  -27/86 -587/774   49/774    13/86 -383/774   97/774     1/86 -647/774 -323/774   -63/86  169/774  337/774    -7/86  517/774  529/774]
[   -3/86  397/774  253/774   121/86 1357/774 1057/774   193/86    43/18 1393/774   213/86 1873/774 2809/774   353/86 2977/774 3757/774]
[  441/86 3613/774 4237/774   477/86 5329/774 5797/774   633/86 6577/774 6889/774   737/86 7357/774 7513/774   961/86 9217/774 9217/774]
[  961/86 7513/774 7357/774   737/86 6889/774 6577/774   633/86 5797/774 5329/774   477/86 4237/774 3613/774   441/86 3757/774 2977/774]
[  353/86 2809/774 1873/774   213/86 1393/774    43/18   193/86 1057/774 1357/774   121/86  253/774  397/774    -3/86  529/774  517/774]
[   -7/86  337/774  169/774   -63/86 -323/774 -647/774     1/86   97/774 -383/774    13/86   49/774 -587/774   -27/86 -467/774  289/774]
[   53/86   97/774  697/774    81/86  193/774  637/774    57/86 1369/774 1657/774   153/86 2077/774 2209/774   197/86 2317/774 2293/774]
[  361/86 3637/774 3457/774     11/2 4489/774 4153/774   533/86 4873/774 5929/774   713/86 6337/774 7237/774   841/86 7333/774 8077/774]
[  917/86 9409/774 8449/774   941/86 7921/774 6805/774   741/86 5965/774 6241/774   661/86 5089/774 5209/774   529/86 3745/774 3709/774]
[  345/86 3481/774 3289/774   281/86 2749/774 2401/774   165/86 1549/774 1045/774   169/86 1429/774  769/774   121/86  841/774   25/774]
[   21/86    -5/18  361/774    41/86 -191/774  229/774     9/86 -635/774 -371/774   -75/86    1/774  109/774   -39/86  169/774  121/774]
[  -55/86 -131/774 -335/774    49/86  649/774  289/774   101/86  961/774  445/774   101/86  805/774 1681/774   221/86 1729/774 2449/774]
[  289/86 2185/774 2749/774   305/86 3721/774 4129/774   441/86 4789/774 5041/774   525/86 5389/774 5485/774   729/86 7069/774   163/18]
[  881/86 8281/774 8065/774   981/86 9025/774 8653/774   857/86 7753/774 7225/774   681/86 6013/774 5329/774   625/86 5353/774 4513/774]
[  517/86 4225/774 3229/774   357/86 2629/774 3025/774   317/86 2113/774 2353/774   225/86 1129/774 1213/774    81/86 1225/774 1153/774]
[   57/86  853/774  625/774   -19/86   13/774 -371/774    25/86  253/774 -287/774    17/86   25/774 -671/774        0        0        0]
---------------------------
SUCCESS for name = 13a4154
---------------------------
13a4166
Correction terms
[    -1/2   57/766 -155/766  513/766  529/766 -107/766  137/766 1261/766  201/766   21/766  721/766 -763/766  165/766  441/766   65/766]
[ 569/766  421/766 -379/766 1233/766  661/766 -563/766  625/766 -371/766 -487/766  277/766  389/766 -151/766  189/766 -123/766  445/766]
[ 361/766 -375/766 -231/766  793/766 -367/766  885/766  -47/766  -99/766  729/766 -627/766  429/766  833/766  585/766 -315/766 1197/766]
[ 525/766  733/766  289/766 -807/766  509/766 -359/766 -347/766  545/766  785/766  373/766  841/766  657/766 -179/766 -135/766 -743/766]
[-471/766  681/766 -351/766 1029/766  225/766  301/766 1257/766   29/766 -319/766  213/766   93/766 -679/766  961/766  417/766  753/766]
[ 437/766 -531/766  913/766  173/766  313/766 -199/766  169/766 -115/766  481/766  425/766 -283/766 -111/766 -591/766 -191/766 1089/766]
[ 185/766  161/766 1017/766 -311/766  773/766 -327/766 -547/766  113/766  121/766 -523/766 1245/766  829/766 -239/766 1105/766  265/766]
[ 305/766 -307/766  -39/766 -423/766   73/766  -83/766  641/766  713/766  133/766  433/766   81/766  609/766  485/766 -291/766 -187/766]
[ 797/766 -403/766  809/766 -163/766 -255/766  533/766  669/766  153/766  517/766  229/766 -711/766  761/766   49/766  217/766 -267/766]
[ 129/766 -127/766  497/766  469/766 -211/766  -11/766 -463/766  -35/766 -259/766  397/766  401/766 -247/766  -15/766 1097/766   25/766]
[-167/766  521/766  557/766  -59/766  205/766 -183/766  309/766  149/766 -663/766  937/766  353/766  649/766  293/766  817/766  689/766]
[ -91/766    9/766 -543/766 -215/766 -539/766   17/766  -79/766  705/766  837/766  317/766  677/766  385/766 -559/766 -623/766  193/766]
[ 357/766 -131/766  261/766    1/766  621/766  589/766  -95/766  101/766 -355/766   69/766 -159/766  493/766  493/766 -159/766   69/766]
[-355/766  101/766  -95/766  589/766  621/766    1/766  261/766 -131/766  357/766  193/766 -623/766 -559/766  385/766  677/766  317/766]
[ 837/766  705/766  -79/766   17/766 -539/766 -215/766 -543/766    9/766  -91/766  689/766  817/766  293/766  649/766  353/766  937/766]
[-663/766  149/766  309/766 -183/766  205/766  -59/766  557/766  521/766 -167/766   25/766 1097/766  -15/766 -247/766  401/766  397/766]
[-259/766  -35/766 -463/766  -11/766 -211/766  469/766  497/766 -127/766  129/766 -267/766  217/766   49/766  761/766 -711/766  229/766]
[ 517/766  153/766  669/766  533/766 -255/766 -163/766  809/766 -403/766  797/766 -187/766 -291/766  485/766  609/766   81/766  433/766]
[ 133/766  713/766  641/766  -83/766   73/766 -423/766  -39/766 -307/766  305/766  265/766 1105/766 -239/766  829/766 1245/766 -523/766]
[ 121/766  113/766 -547/766 -327/766  773/766 -311/766 1017/766  161/766  185/766 1089/766 -191/766 -591/766 -111/766 -283/766  425/766]
[ 481/766 -115/766  169/766 -199/766  313/766  173/766  913/766 -531/766  437/766  753/766  417/766  961/766 -679/766   93/766  213/766]
[-319/766   29/766 1257/766  301/766  225/766 1029/766 -351/766  681/766 -471/766 -743/766 -135/766 -179/766  657/766  841/766  373/766]
[ 785/766  545/766 -347/766 -359/766  509/766 -807/766  289/766  733/766  525/766 1197/766 -315/766  585/766  833/766  429/766 -627/766]
[ 729/766  -99/766  -47/766  885/766 -367/766  793/766 -231/766 -375/766  361/766  445/766 -123/766  189/766 -151/766  389/766  277/766]
[-487/766 -371/766  625/766 -563/766  661/766 1233/766 -379/766  421/766  569/766   65/766  441/766  165/766 -763/766  721/766   21/766]
[ 201/766 1261/766  137/766 -107/766  529/766  513/766 -155/766   57/766        0        0        0        0        0        0        0]
Testing obstruction for
m1: 1, m2: 192,a: 0
[     -1/2  -379/766  -367/766  -347/766  -319/766  -283/766  -239/766  -187/766  -127/766   -59/766    17/766   101/766   193/766   293/766   401/766]
[  517/766   641/766   773/766   913/766  1061/766  1217/766  1381/766  1553/766  1733/766  1921/766  2117/766  2321/766  2533/766  2753/766  2981/766]
[ 3217/766  3461/766  3713/766  3973/766  4241/766  4517/766  4801/766  5093/766  5393/766  5701/766  6017/766  6341/766  6673/766  7013/766  7361/766]
[ 7717/766  8081/766  8453/766  8833/766  9221/766  9617/766 10021/766 10433/766 10853/766 11281/766 11717/766 12161/766 12613/766 13073/766 13541/766]
[14017/766 14501/766 14993/766 15493/766 16001/766 16517/766 17041/766 17573/766 18113/766 18661/766 19217/766 19781/766 20353/766 20933/766 21521/766]
[22117/766 22721/766 23333/766 23953/766 24581/766 25217/766 25861/766 26513/766 27173/766 27841/766 28517/766 29201/766 29893/766 30593/766 31301/766]
[32017/766 32741/766 33473/766 34213/766 34961/766 35717/766 36481/766 35721/766 34969/766 34225/766 33489/766 32761/766 32041/766 31329/766 30625/766]
[29929/766 29241/766 28561/766 27889/766 27225/766 26569/766 25921/766 25281/766 24649/766 24025/766 23409/766 22801/766 22201/766 21609/766 21025/766]
[20449/766 19881/766 19321/766 18769/766 18225/766 17689/766 17161/766 16641/766 16129/766 15625/766 15129/766 14641/766 14161/766 13689/766 13225/766]
[12769/766 12321/766 11881/766 11449/766 11025/766 10609/766 10201/766  9801/766  9409/766  9025/766  8649/766  8281/766  7921/766  7569/766  7225/766]
[ 6889/766  6561/766  6241/766  5929/766  5625/766  5329/766  5041/766  4761/766  4489/766  4225/766  3969/766  3721/766  3481/766  3249/766  3025/766]
[ 2809/766  2601/766  2401/766  2209/766  2025/766  1849/766  1681/766  1521/766  1369/766  1225/766  1089/766   961/766   841/766   729/766   625/766]
[  529/766   441/766   361/766   289/766   225/766   169/766   121/766    81/766    49/766    25/766     9/766     1/766     1/766     9/766    25/766]
[   49/766    81/766   121/766   169/766   225/766   289/766   361/766   441/766   529/766   625/766   729/766   841/766   961/766  1089/766  1225/766]
[ 1369/766  1521/766  1681/766  1849/766  2025/766  2209/766  2401/766  2601/766  2809/766  3025/766  3249/766  3481/766  3721/766  3969/766  4225/766]
[ 4489/766  4761/766  5041/766  5329/766  5625/766  5929/766  6241/766  6561/766  6889/766  7225/766  7569/766  7921/766  8281/766  8649/766  9025/766]
[ 9409/766  9801/766 10201/766 10609/766 11025/766 11449/766 11881/766 12321/766 12769/766 13225/766 13689/766 14161/766 14641/766 15129/766 15625/766]
[16129/766 16641/766 17161/766 17689/766 18225/766 18769/766 19321/766 19881/766 20449/766 21025/766 21609/766 22201/766 22801/766 23409/766 24025/766]
[24649/766 25281/766 25921/766 26569/766 27225/766 27889/766 28561/766 29241/766 29929/766 30625/766 31329/766 32041/766 32761/766 33489/766 34225/766]
[34969/766 35721/766 36481/766 35717/766 34961/766 34213/766 33473/766 32741/766 32017/766 31301/766 30593/766 29893/766 29201/766 28517/766 27841/766]
[27173/766 26513/766 25861/766 25217/766 24581/766 23953/766 23333/766 22721/766 22117/766 21521/766 20933/766 20353/766 19781/766 19217/766 18661/766]
[18113/766 17573/766 17041/766 16517/766 16001/766 15493/766 14993/766 14501/766 14017/766 13541/766 13073/766 12613/766 12161/766 11717/766 11281/766]
[10853/766 10433/766 10021/766  9617/766  9221/766  8833/766  8453/766  8081/766  7717/766  7361/766  7013/766  6673/766  6341/766  6017/766  5701/766]
[ 5393/766  5093/766  4801/766  4517/766  4241/766  3973/766  3713/766  3461/766  3217/766  2981/766  2753/766  2533/766  2321/766  2117/766  1921/766]
[ 1733/766  1553/766  1381/766  1217/766  1061/766   913/766   773/766   641/766   517/766   401/766   293/766   193/766   101/766    17/766   -59/766]
[ -127/766  -187/766  -239/766  -283/766  -319/766  -347/766  -367/766  -379/766         0         0         0         0         0         0         0]
Unobstructed
17
---------------------------
---------------------------
13a4208
Correction terms
[    -1/2  197/406  585/406  149/406  513/406   53/406  393/406   -13/58  225/406  529/406    9/406  289/406 -255/406    1/406    35/58]
[-335/406 -115/406   93/406  289/406  473/406 -167/406    -1/58  141/406  277/406  401/406  513/406  613/406 -111/406    -5/58    29/14]
[  81/406  121/406  149/406  165/406  169/406    23/58  141/406  109/406   65/406    9/406  -59/406  673/406   -33/58 -335/406  361/406]
[ 233/406   93/406  -59/406 -223/406    59/58  225/406   25/406  625/406  401/406  165/406  -83/406    67/58  197/406    -3/14  429/406]
[ 121/406  613/406  281/406    -9/58  393/406   25/406  457/406   65/406  473/406   57/406   -53/58    1/406  361/406 -103/406  233/406]
[-255/406   57/406    51/58 -167/406  109/406  373/406  625/406   53/406  281/406    71/58 -111/406   81/406     9/14  429/406  585/406]
[ -83/406     7/58  169/406  277/406  373/406  457/406  529/406 -223/406   -25/58  673/406 -115/406 -103/406 -103/406 -115/406  673/406]
[  -25/58 -223/406  529/406  457/406  373/406  277/406  169/406     7/58  -83/406  585/406  429/406     9/14   81/406 -111/406    71/58]
[ 281/406   53/406  625/406  373/406  109/406 -167/406    51/58   57/406 -255/406  233/406 -103/406  361/406    1/406   -53/58   57/406]
[ 473/406   65/406  457/406   25/406  393/406    -9/58  281/406  613/406  121/406  429/406    -3/14  197/406    67/58  -83/406  165/406]
[ 401/406  625/406   25/406  225/406    59/58 -223/406  -59/406   93/406  233/406  361/406 -335/406   -33/58  673/406  -59/406    9/406]
[  65/406  109/406  141/406    23/58  169/406  165/406  149/406  121/406   81/406    29/14    -5/58 -111/406  613/406  513/406  401/406]
[ 277/406  141/406    -1/58 -167/406  473/406  289/406   93/406 -115/406 -335/406    35/58    1/406 -255/406  289/406    9/406  529/406]
[ 225/406   -13/58  393/406   53/406  513/406  149/406  585/406  197/406        0        0        0        0        0        0        0]
Testing obstruction for
m1: 1, m2: 102,a: 0
[     -1/2  -199/406  -187/406  -167/406  -139/406  -103/406   -59/406     -1/58    53/406   121/406   197/406   281/406   373/406   473/406     83/58]
[  697/406   821/406   953/406  1093/406  1241/406  1397/406    223/58  1733/406  1913/406  2101/406  2297/406  2501/406  2713/406    419/58    109/14]
[ 3397/406  3641/406  3893/406  4153/406  4421/406    671/58  4981/406  5273/406  5573/406  5881/406  6197/406  6521/406    979/58  7193/406  7541/406]
[ 7897/406  8261/406  8633/406  9013/406   1343/58  9797/406 10201/406  9801/406  9409/406  9025/406  8649/406   1183/58  7921/406    261/14  7225/406]
[ 6889/406  6561/406  6241/406    847/58  5625/406  5329/406  5041/406  4761/406  4489/406  4225/406    567/58  3721/406  3481/406  3249/406  3025/406]
[ 2809/406  2601/406    343/58  2209/406  2025/406  1849/406  1681/406  1521/406  1369/406    175/58  1089/406   961/406     29/14   729/406   625/406]
[  529/406     63/58   361/406   289/406   225/406   169/406   121/406    81/406      7/58    25/406     9/406     1/406     1/406     9/406    25/406]
[     7/58    81/406   121/406   169/406   225/406   289/406   361/406     63/58   529/406   625/406   729/406     29/14   961/406  1089/406    175/58]
[ 1369/406  1521/406  1681/406  1849/406  2025/406  2209/406    343/58  2601/406  2809/406  3025/406  3249/406  3481/406  3721/406    567/58  4225/406]
[ 4489/406  4761/406  5041/406  5329/406  5625/406    847/58  6241/406  6561/406  6889/406  7225/406    261/14  7921/406   1183/58  8649/406  9025/406]
[ 9409/406  9801/406 10201/406  9797/406   1343/58  9013/406  8633/406  8261/406  7897/406  7541/406  7193/406    979/58  6521/406  6197/406  5881/406]
[ 5573/406  5273/406  4981/406    671/58  4421/406  4153/406  3893/406  3641/406  3397/406    109/14    419/58  2713/406  2501/406  2297/406  2101/406]
[ 1913/406  1733/406    223/58  1397/406  1241/406  1093/406   953/406   821/406   697/406     83/58   473/406   373/406   281/406   197/406   121/406]
[   53/406     -1/58   -59/406  -103/406  -139/406  -167/406  -187/406  -199/406         0         0         0         0         0         0         0]
Testing obstruction for
m1: 4, m2: 15,a: 0
[    -1/2 -283/406  289/406 -111/406  141/406  233/406  165/406    -9/58  361/406  625/406  729/406  673/406 1269/406  893/406   167/58]
[1285/406 1241/406 1037/406  673/406  961/406  277/406    35/58   53/406  513/406    1/406  141/406  121/406  -59/406   -57/58    -3/14]
[  65/406   57/406 -111/406  373/406 -115/406     7/58   53/406  709/406  393/406  729/406  905/406  921/406   111/58 1285/406 1633/406]
[1009/406 1037/406  905/406  613/406    23/58  361/406  401/406  281/406    1/406  373/406 -227/406   -25/58 -283/406     9/14 -167/406]
[  57/406  121/406   25/406   -33/58  165/406  401/406  477/406  393/406  961/406  557/406   115/58  893/406 1633/406 1401/406 1009/406]
[1269/406  557/406    71/58  277/406  709/406  169/406  281/406  233/406   25/406   -49/58  -59/406   65/406     1/14 -167/406  289/406]
[-227/406   -13/58 -115/406  513/406  169/406  477/406  625/406  613/406    63/58  921/406 1241/406 1401/406 1401/406 1241/406  921/406]
[   63/58  613/406  625/406  477/406  169/406  513/406 -115/406   -13/58 -227/406  289/406 -167/406     1/14   65/406  -59/406   -49/58]
[  25/406  233/406  281/406  169/406  709/406  277/406    71/58  557/406 1269/406 1009/406 1401/406 1633/406  893/406   115/58  557/406]
[ 961/406  393/406  477/406  401/406  165/406   -33/58   25/406  121/406   57/406 -167/406     9/14 -283/406   -25/58 -227/406  373/406]
[   1/406  281/406  401/406  361/406    23/58  613/406  905/406 1037/406 1009/406 1633/406 1285/406   111/58  921/406  905/406  729/406]
[ 393/406  709/406   53/406     7/58 -115/406  373/406 -111/406   57/406   65/406    -3/14   -57/58  -59/406  121/406  141/406    1/406]
[ 513/406   53/406    35/58  277/406  961/406  673/406 1037/406 1241/406 1285/406   167/58  893/406 1269/406  673/406  729/406  625/406]
[ 361/406    -9/58  165/406  233/406  141/406 -111/406  289/406 -283/406        0        0        0        0        0        0        0]
Testing obstruction for
m1: 2, m2: 35,a: 1
[    -1/2 -403/406 -191/406 -379/406 -155/406 -331/406  -95/406   -37/58  -11/406 -163/406   97/406  -43/406  229/406  101/406    55/58]
[ 269/406  565/406  461/406  769/406  677/406  997/406   131/58 1249/406 1181/406 1525/406 1469/406 1825/406 1781/406   307/58    73/14]
[2497/406 2477/406 2869/406 2861/406 3265/406   467/58 2873/406 2889/406 2505/406 2533/406 2161/406 2201/406   263/58 1893/406 1545/406]
[1609/406 1273/406 1349/406 1025/406   159/58  801/406  901/406  601/406  713/406  425/406  549/406    39/58  409/406     5/14  293/406]
[  41/406  201/406  -39/406    19/58  -95/406   89/406 -127/406   69/406 -135/406   73/406   -17/58  101/406  -79/406  153/406  -15/406]
[ 229/406   73/406    47/58  185/406  453/406  321/406  601/406  481/406  773/406    95/58  969/406  873/406    41/14 1105/406 1433/406]
[1361/406   243/58 1641/406 1993/406 1945/406 2309/406 2273/406 2649/406   375/58 3013/406 3001/406 3401/406 3401/406 3001/406 3013/406]
[  375/58 2649/406 2273/406 2309/406 1945/406 1993/406 1641/406   243/58 1361/406 1433/406 1105/406    41/14  873/406  969/406    95/58]
[ 773/406  481/406  601/406  321/406  453/406  185/406    47/58   73/406  229/406  -15/406  153/406  -79/406  101/406   -17/58   73/406]
[-135/406   69/406 -127/406   89/406  -95/406    19/58  -39/406  201/406   41/406  293/406     5/14  409/406    39/58  549/406  425/406]
[ 713/406  601/406  901/406  801/406   159/58 1025/406 1349/406 1273/406 1609/406 1545/406 1893/406   263/58 2201/406 2161/406 2533/406]
[2505/406 2889/406 2873/406   467/58 3265/406 2861/406 2869/406 2477/406 2497/406    73/14   307/58 1781/406 1825/406 1469/406 1525/406]
[1181/406 1249/406   131/58  997/406  677/406  769/406  461/406  565/406  269/406    55/58  101/406  229/406  -43/406   97/406 -163/406]
[ -11/406   -37/58  -95/406 -331/406 -155/406 -379/406 -191/406 -403/406        0        0        0        0        0        0        0]
Testing obstruction for
m1: 5, m2: 12,a: 1
[    -1/2 -383/406 -111/406 -199/406  165/406  169/406 -187/406   -13/58 -355/406 -167/406 -339/406  -59/406 -139/406  233/406    35/58]
[-103/406    1/406 -255/406  -59/406 -223/406   65/406    -1/58  373/406  393/406   53/406  165/406  -83/406  121/406    -5/58     9/14]
[ 197/406  585/406  613/406  281/406  401/406    23/58  373/406  225/406  529/406  473/406  869/406  905/406    83/58  709/406  477/406]
[ 697/406  557/406  869/406  821/406   175/58 1269/406  953/406 1089/406  865/406 1093/406  961/406   183/58 1241/406    29/14  893/406]
[ 585/406  729/406  513/406   107/58  625/406  953/406  921/406  529/406  589/406  289/406    63/58  233/406  477/406  361/406  697/406]
[ 673/406  289/406    51/58   65/406  225/406   25/406  277/406  169/406  513/406    71/58  121/406  197/406    -3/14   81/406 -111/406]
[ 149/406     7/58  401/406  393/406   25/406  109/406 -167/406    9/406   -25/58   93/406    1/406  361/406  361/406    1/406   93/406]
[  -25/58    9/406 -167/406  109/406   25/406  393/406  401/406     7/58  149/406 -111/406   81/406    -3/14  197/406  121/406    71/58]
[ 513/406  169/406  277/406   25/406  225/406   65/406    51/58  289/406  673/406  697/406  361/406  477/406  233/406    63/58  289/406]
[ 589/406  529/406  921/406  953/406  625/406   107/58  513/406  729/406  585/406  893/406    29/14 1241/406   183/58  961/406 1093/406]
[ 865/406 1089/406  953/406 1269/406   175/58  821/406  869/406  557/406  697/406  477/406  709/406    83/58  905/406  869/406  473/406]
[ 529/406  225/406  373/406    23/58  401/406  281/406  613/406  585/406  197/406     9/14    -5/58  121/406  -83/406  165/406   53/406]
[ 393/406  373/406    -1/58   65/406 -223/406  -59/406 -255/406    1/406 -103/406    35/58  233/406 -139/406  -59/406 -339/406 -167/406]
[-355/406   -13/58 -187/406  169/406  165/406 -199/406 -111/406 -383/406        0        0        0        0        0        0        0]
Testing obstruction for
m1: 10, m2: 11,a: 7
[    -1/2 -387/406 -127/406 -235/406  101/406   69/406  481/406    75/58  201/406  321/406   73/406  269/406   97/406  369/406    39/58]
[ 621/406  601/406 1025/406 1081/406  769/406  901/406    95/58  873/406  713/406  997/406  913/406  461/406  453/406    11/58     5/14]
[-155/406  -11/406 -235/406  -15/406 -163/406    19/58   61/406  433/406  437/406   73/406  153/406 -135/406     3/58 -191/406   41/406]
[ -95/406  213/406  153/406  537/406    79/58  201/406  293/406   17/406  185/406  -15/406  229/406    15/58  425/406    13/14  773/406]
[ 801/406  461/406  565/406    43/58  481/406  293/406  549/406  437/406  769/406  733/406    47/58  369/406   41/406  157/406  -95/406]
[  97/406  -79/406    27/58   89/406  433/406  409/406   17/406   69/406 -247/406   -17/58 -359/406 -155/406   -11/14  -39/406 -127/406]
[ 229/406    31/58  649/406  713/406  409/406  549/406  321/406  537/406    55/58  677/406  601/406  969/406  969/406  601/406  677/406]
[   55/58  537/406  321/406  549/406  409/406  713/406  649/406    31/58  229/406 -127/406  -39/406   -11/14 -155/406 -359/406   -17/58]
[-247/406   69/406   17/406  409/406  433/406   89/406    27/58  -79/406   97/406  -95/406  157/406   41/406  369/406    47/58  733/406]
[ 769/406  437/406  549/406  293/406  481/406    43/58  565/406  461/406  801/406  773/406    13/14  425/406    15/58  229/406  -15/406]
[ 185/406   17/406  293/406  201/406    79/58  537/406  153/406  213/406  -95/406   41/406 -191/406     3/58 -135/406  153/406   73/406]
[ 437/406  433/406   61/406    19/58 -163/406  -15/406 -235/406  -11/406 -155/406     5/14    11/58  453/406  461/406  913/406  997/406]
[ 713/406  873/406    95/58  901/406  769/406 1081/406 1025/406  601/406  621/406    39/58  369/406   97/406  269/406   73/406  321/406]
[ 201/406    75/58  481/406   69/406  101/406 -235/406 -127/406 -387/406        0        0        0        0        0        0        0]
Testing obstruction for
m1: 9, m2: 14,a: 8
[    -1/2 -379/406  -95/406 -163/406  229/406  269/406  769/406   131/58  713/406  969/406  873/406  425/406  437/406   97/406    31/58]
[ -15/406  213/406   89/406  425/406  409/406   41/406    19/58 -127/406   73/406  -79/406  229/406  185/406  601/406    95/58    13/14]
[ 549/406  369/406  649/406  577/406  153/406    27/58 -127/406   17/406 -191/406   61/406  -39/406  321/406    47/58  797/406  913/406]
[ 677/406  901/406  773/406  293/406    39/58  -99/406  -11/406 -275/406  -79/406 -235/406   69/406     3/58  433/406    17/14  201/406]
[ 369/406  185/406  461/406    55/58  769/406  801/406  481/406  621/406  409/406  657/406    79/58   97/406  101/406 -247/406 -135/406]
[-375/406 -155/406   -41/58   41/406   17/406  453/406  537/406 1081/406 1273/406   159/58  601/406  549/406     5/14  201/406  -95/406]
[  69/406   -17/58  153/406   73/406  453/406  481/406  157/406  293/406    11/58  321/406  213/406  565/406  565/406  213/406  321/406]
[   11/58  293/406  157/406  481/406  453/406   73/406  153/406   -17/58   69/406  -95/406  201/406     5/14  549/406  601/406   159/58]
[1273/406 1081/406  537/406  453/406   17/406   41/406   -41/58 -155/406 -375/406 -135/406 -247/406  101/406   97/406    79/58  657/406]
[ 409/406  621/406  481/406  801/406  769/406    55/58  461/406  185/406  369/406  201/406    17/14  433/406     3/58   69/406 -235/406]
[ -79/406 -275/406  -11/406  -99/406    39/58  293/406  773/406  901/406  677/406  913/406  797/406    47/58  321/406  -39/406   61/406]
[-191/406   17/406 -127/406    27/58  153/406  577/406  649/406  369/406  549/406    13/14    95/58  601/406  185/406  229/406  -79/406]
[  73/406 -127/406    19/58   41/406  409/406  425/406   89/406  213/406  -15/406    31/58   97/406  437/406  425/406  873/406  969/406]
[ 713/406   131/58  769/406  269/406  229/406 -163/406  -95/406 -379/406        0        0        0        0        0        0        0]
Testing obstruction for
m1: 26, m2: 27,a: 25
[    -1/2 -355/406    1/406   53/406 -199/406   57/406    9/406   -49/58 -187/406 -335/406   25/406   81/406 -167/406   93/406     7/58]
[-299/406 -139/406 -283/406   81/406  141/406 -103/406    23/58  121/406 -223/406  -59/406 -199/406  169/406  233/406    -1/58     9/14]
[ 225/406 -115/406   53/406  -83/406  289/406    51/58  121/406  393/406  361/406   25/406  197/406   65/406    63/58  513/406  281/406]
[ 557/406  529/406  197/406  373/406    35/58  625/406  701/406  473/406  753/406  729/406  401/406    83/58  457/406    29/14  921/406]
[ 697/406  981/406  961/406    91/58  821/406  701/406 1089/406 1173/406  953/406 1241/406   175/58  905/406 1093/406  977/406 1369/406]
[1457/406 1241/406   219/58 1521/406 1205/406 1397/406 1285/406 1681/406 1773/406   223/58 1857/406 1849/406    53/14 1733/406 1625/406]
[2025/406   303/58 1913/406 2213/406 2209/406 1901/406 2101/406 1997/406   343/58 2501/406 2297/406 2601/406 2601/406 2297/406 2501/406]
[  343/58 1997/406 2101/406 1901/406 2209/406 2213/406 1913/406   303/58 2025/406 1625/406 1733/406    53/14 1849/406 1857/406   223/58]
[1773/406 1681/406 1285/406 1397/406 1205/406 1521/406   219/58 1241/406 1457/406 1369/406  977/406 1093/406  905/406   175/58 1241/406]
[ 953/406 1173/406 1089/406  701/406  821/406    91/58  961/406  981/406  697/406  921/406    29/14  457/406    83/58  401/406  729/406]
[ 753/406  473/406  701/406  625/406    35/58  373/406  197/406  529/406  557/406  281/406  513/406    63/58   65/406  197/406   25/406]
[ 361/406  393/406  121/406    51/58  289/406  -83/406   53/406 -115/406  225/406     9/14    -1/58  233/406  169/406 -199/406  -59/406]
[-223/406  121/406    23/58 -103/406  141/406   81/406 -283/406 -139/406 -299/406     7/58   93/406 -167/406   81/406   25/406 -335/406]
[-187/406   -49/58    9/406   57/406 -199/406   53/406    1/406 -355/406        0        0        0        0        0        0        0]
---------------------------
SUCCESS for name = 13a4208
---------------------------
13a4234
Correction terms
[    -1/2  -51/670 -539/670 -459/670  189/670   13/134  509/670  181/670  421/670 -111/670  -15/134  529/670  361/670 -579/670 -951/670]
[-151/134    9/670    1/670  561/670  349/670  141/134  289/670  441/670 -179/670 -231/670   57/134   29/670  341/670 -119/670  -11/670]
[-135/134 -771/670 -299/670  741/670 1009/670  101/134  569/670 -139/670 -279/670  149/670  -39/134   29/670 -519/670 -499/670   89/670]
[ -19/134  289/670  -99/670   81/670  829/670  161/134    9/670 -219/670  121/670 -311/670  -35/134  529/670  461/670 -379/670 -651/670]
[ -71/134  509/670  601/670  -79/670 -191/670   53/134  -51/670     3/10 -319/670 -271/670   69/134  189/670  601/670  241/670  449/670]
[ -23/134 -111/670  461/670  261/670  629/670   45/134  389/670 -219/670 -259/670  269/670    5/134  349/670  -99/670   21/670  709/670]
[ 125/134 -231/670 -519/670 -239/670  609/670  137/134  -11/670 -139/670  301/670  -31/670   41/134 -331/670 -299/670  301/670  129/670]
[ 105/134  149/670  341/670 -239/670 -251/670   61/134   89/670  441/670   21/670  169/670  -91/134 -511/670    1/670 -259/670   49/670]
[ -83/134 -311/670  361/670  261/670  729/670   85/134  689/670  181/670  241/670 -471/670 -123/134 -191/670 -539/670 -319/670     7/10]
[  97/134 -271/670 -459/670  -79/670  869/670  209/134  449/670  421/670 -379/670 -611/670  -55/134 -711/670 -579/670  121/670   49/670]
[ 109/134  269/670  561/670   81/670  169/670  165/134  709/670 -179/670 -499/670 -251/670 -155/134 -731/670 -119/670 -279/670  129/670]
[ -47/134  -31/670  741/670  741/670  -31/670  -47/134  129/670 -279/670 -119/670 -731/670 -155/134 -251/670 -499/670 -179/670  709/670]
[ 165/134  169/670   81/670  561/670  269/670  109/134   49/670  121/670 -579/670 -711/670  -55/134 -611/670 -379/670  421/670  449/670]
[ 209/134  869/670  -79/670 -459/670 -271/670   97/134     7/10 -319/670 -539/670 -191/670 -123/134 -471/670  241/670  181/670  689/670]
[  85/134  729/670  261/670  361/670 -311/670  -83/134   49/670 -259/670    1/670 -511/670  -91/134  169/670   21/670  441/670   89/670]
[  61/134 -251/670 -239/670  341/670  149/670  105/134  129/670  301/670 -299/670 -331/670   41/134  -31/670  301/670 -139/670  -11/670]
[ 137/134  609/670 -239/670 -519/670 -231/670  125/134  709/670   21/670  -99/670  349/670    5/134  269/670 -259/670 -219/670  389/670]
[  45/134  629/670  261/670  461/670 -111/670  -23/134  449/670  241/670  601/670  189/670   69/134 -271/670 -319/670     3/10  -51/670]
[  53/134 -191/670  -79/670  601/670  509/670  -71/134 -651/670 -379/670  461/670  529/670  -35/134 -311/670  121/670 -219/670    9/670]
[ 161/134  829/670   81/670  -99/670  289/670  -19/134   89/670 -499/670 -519/670   29/670  -39/134  149/670 -279/670 -139/670  569/670]
[ 101/134 1009/670  741/670 -299/670 -771/670 -135/134  -11/670 -119/670  341/670   29/670   57/134 -231/670 -179/670  441/670  289/670]
[ 141/134  349/670  561/670    1/670    9/670 -151/134 -951/670 -579/670  361/670  529/670  -15/134 -111/670  421/670  181/670  509/670]
[  13/134  189/670 -459/670 -539/670  -51/670        0        0        0        0        0        0        0        0        0        0]
Testing obstruction for
m1: 1, m2: 168,a: 0
[     -1/2  -331/670  -319/670  -299/670  -271/670   -47/134  -191/670  -139/670   -79/670   -11/670    13/134   149/670   241/670   341/670   449/670]
[  113/134   689/670   821/670   961/670  1109/670   253/134  1429/670  1601/670  1781/670  1969/670   433/134  2369/670  2581/670  2801/670  3029/670]
[  653/134  3509/670  3761/670  4021/670  4289/670   913/134  4849/670  5141/670  5441/670  5749/670  1213/134  6389/670  6721/670  7061/670  7409/670]
[ 1553/134  8129/670  8501/670  8881/670  9269/670  1933/134 10069/670 10481/670 10901/670 11329/670  2353/134 12209/670 12661/670 13121/670 13589/670]
[ 2813/134 14549/670 15041/670 15541/670 16049/670  3313/134 17089/670    263/10 18161/670 18709/670  3853/134 19829/670 20401/670 20981/670 21569/670]
[ 4433/134 22769/670 23381/670 24001/670 24629/670  5053/134 25909/670 26561/670 27221/670 27889/670  5445/134 26569/670 25921/670 25281/670 24649/670]
[ 4805/134 23409/670 22801/670 22201/670 21609/670  4205/134 20449/670 19881/670 19321/670 18769/670  3645/134 17689/670 17161/670 16641/670 16129/670]
[ 3125/134 15129/670 14641/670 14161/670 13689/670  2645/134 12769/670 12321/670 11881/670 11449/670  2205/134 10609/670 10201/670  9801/670  9409/670]
[ 1805/134  8649/670  8281/670  7921/670  7569/670  1445/134  6889/670  6561/670  6241/670  5929/670  1125/134  5329/670  5041/670  4761/670     67/10]
[  845/134  3969/670  3721/670  3481/670  3249/670   605/134  2809/670  2601/670  2401/670  2209/670   405/134  1849/670  1681/670  1521/670  1369/670]
[  245/134  1089/670   961/670   841/670   729/670   125/134   529/670   441/670   361/670   289/670    45/134   169/670   121/670    81/670    49/670]
[    5/134     9/670     1/670     1/670     9/670     5/134    49/670    81/670   121/670   169/670    45/134   289/670   361/670   441/670   529/670]
[  125/134   729/670   841/670   961/670  1089/670   245/134  1369/670  1521/670  1681/670  1849/670   405/134  2209/670  2401/670  2601/670  2809/670]
[  605/134  3249/670  3481/670  3721/670  3969/670   845/134     67/10  4761/670  5041/670  5329/670  1125/134  5929/670  6241/670  6561/670  6889/670]
[ 1445/134  7569/670  7921/670  8281/670  8649/670  1805/134  9409/670  9801/670 10201/670 10609/670  2205/134 11449/670 11881/670 12321/670 12769/670]
[ 2645/134 13689/670 14161/670 14641/670 15129/670  3125/134 16129/670 16641/670 17161/670 17689/670  3645/134 18769/670 19321/670 19881/670 20449/670]
[ 4205/134 21609/670 22201/670 22801/670 23409/670  4805/134 24649/670 25281/670 25921/670 26569/670  5445/134 27889/670 27221/670 26561/670 25909/670]
[ 5053/134 24629/670 24001/670 23381/670 22769/670  4433/134 21569/670 20981/670 20401/670 19829/670  3853/134 18709/670 18161/670    263/10 17089/670]
[ 3313/134 16049/670 15541/670 15041/670 14549/670  2813/134 13589/670 13121/670 12661/670 12209/670  2353/134 11329/670 10901/670 10481/670 10069/670]
[ 1933/134  9269/670  8881/670  8501/670  8129/670  1553/134  7409/670  7061/670  6721/670  6389/670  1213/134  5749/670  5441/670  5141/670  4849/670]
[  913/134  4289/670  4021/670  3761/670  3509/670   653/134  3029/670  2801/670  2581/670  2369/670   433/134  1969/670  1781/670  1601/670  1429/670]
[  253/134  1109/670   961/670   821/670   689/670   113/134   449/670   341/670   241/670   149/670    13/134   -11/670   -79/670  -139/670  -191/670]
[  -47/134  -271/670  -299/670  -319/670  -331/670         0         0         0         0         0         0         0         0         0         0]
Unobstructed
101
---------------------------
---------------------------
