13a4360
Correction terms
[    -1/2 -415/382 -323/382   85/382   45/382  321/382  149/382  293/382  -11/382    1/382  329/382  209/382  405/382  153/382  217/382]
[-167/382 -235/382   13/382 -187/382  -71/382 -403/382 -419/382 -119/382 -267/382  -99/382  385/382  421/382    9/382  -87/382  133/382]
[ -95/382   -7/382  397/382  353/382 -139/382 -315/382 -175/382 -483/382 -475/382 -151/382 -275/382  -83/382 -339/382 -279/382   97/382]
[  25/382  269/382   65/382  177/382 -159/382 -179/382  117/382  -35/382  129/382 -155/382 -123/382 -539/382 -639/382 -423/382  109/382]
[ 193/382 -171/382 -219/382   49/382 -131/382    5/382  457/382  461/382   17/382 -111/382   77/382 -183/382 -127/382  245/382  169/382]
[-355/382 -563/382 -455/382  -31/382  -55/382  237/382   81/382  241/382  -47/382  -19/382  325/382  221/382  433/382  197/382  277/382]
[ -91/382 -143/382  121/382  -63/382   69/382 -247/382 -247/382   69/382  -63/382  121/382 -143/382  -91/382  277/382  197/382  433/382]
[ 221/382  325/382  -19/382  -47/382  241/382   81/382  237/382  -55/382  -31/382 -455/382 -563/382 -355/382  169/382  245/382 -127/382]
[-183/382   77/382 -111/382   17/382  461/382  457/382    5/382 -131/382   49/382 -219/382 -171/382  193/382  109/382 -423/382 -639/382]
[-539/382 -123/382 -155/382  129/382  -35/382  117/382 -179/382 -159/382  177/382   65/382  269/382   25/382   97/382 -279/382 -339/382]
[ -83/382 -275/382 -151/382 -475/382 -483/382 -175/382 -315/382 -139/382  353/382  397/382   -7/382  -95/382  133/382  -87/382    9/382]
[ 421/382  385/382  -99/382 -267/382 -119/382 -419/382 -403/382  -71/382 -187/382   13/382 -235/382 -167/382  217/382  153/382  405/382]
[ 209/382  329/382    1/382  -11/382  293/382  149/382  321/382   45/382   85/382 -323/382 -415/382        0        0        0        0]
Testing obstruction for
m1: 1, m2: 96,a: 0
[    -1/2 -187/382 -175/382 -155/382 -127/382  -91/382  -47/382    5/382   65/382  133/382  209/382  293/382  385/382  485/382  593/382]
[ 709/382  833/382  965/382 1105/382 1253/382 1409/382 1573/382 1745/382 1925/382 2113/382 2309/382 2513/382 2725/382 2945/382 3173/382]
[3409/382 3653/382 3905/382 4165/382 4433/382 4709/382 4993/382 5285/382 5585/382 5893/382 6209/382 6533/382 6865/382 7205/382 7553/382]
[7909/382 8273/382 8645/382 9025/382 8649/382 8281/382 7921/382 7569/382 7225/382 6889/382 6561/382 6241/382 5929/382 5625/382 5329/382]
[5041/382 4761/382 4489/382 4225/382 3969/382 3721/382 3481/382 3249/382 3025/382 2809/382 2601/382 2401/382 2209/382 2025/382 1849/382]
[1681/382 1521/382 1369/382 1225/382 1089/382  961/382  841/382  729/382  625/382  529/382  441/382  361/382  289/382  225/382  169/382]
[ 121/382   81/382   49/382   25/382    9/382    1/382    1/382    9/382   25/382   49/382   81/382  121/382  169/382  225/382  289/382]
[ 361/382  441/382  529/382  625/382  729/382  841/382  961/382 1089/382 1225/382 1369/382 1521/382 1681/382 1849/382 2025/382 2209/382]
[2401/382 2601/382 2809/382 3025/382 3249/382 3481/382 3721/382 3969/382 4225/382 4489/382 4761/382 5041/382 5329/382 5625/382 5929/382]
[6241/382 6561/382 6889/382 7225/382 7569/382 7921/382 8281/382 8649/382 9025/382 8645/382 8273/382 7909/382 7553/382 7205/382 6865/382]
[6533/382 6209/382 5893/382 5585/382 5285/382 4993/382 4709/382 4433/382 4165/382 3905/382 3653/382 3409/382 3173/382 2945/382 2725/382]
[2513/382 2309/382 2113/382 1925/382 1745/382 1573/382 1409/382 1253/382 1105/382  965/382  833/382  709/382  593/382  485/382  385/382]
[ 293/382  209/382  133/382   65/382    5/382  -47/382  -91/382 -127/382 -155/382 -175/382 -187/382        0        0        0        0]
Unobstructed
18
---------------------------
---------------------------
13a4370
Correction terms
[    -1/2 -519/550 -151/550 -271/550  221/550     9/22 -259/550 -131/550  609/550 -239/550   -19/22    -9/50 -211/550  289/550  301/550]
[   -7/22  -39/550  709/550 -131/550 -359/550     1/22  -79/550   -61/50 -651/550  -19/550     5/22 -219/550   49/550 -171/550  221/550]
[    5/22 -459/550 -431/550    19/50  361/550     1/22  301/550   89/550  489/550  401/550    -7/22 -139/550  509/550 -431/550   -69/50]
[  -19/22  421/550 -271/550 -351/550  181/550     9/22 -219/550  -51/550 -371/550  -79/550     -1/2  141/550   69/550  609/550  661/550]
[    9/22  401/550   89/550  389/550  201/550   -19/22   -49/50    9/550   69/550 -359/550    -7/22  621/550 -171/550 -351/550   81/550]
[    1/22 -519/550   -41/50  229/550  421/550     5/22  441/550  269/550  709/550  661/550     5/22  201/550 -211/550    -1/50 -299/550]
[    1/22 -139/550  309/550  269/550 -259/550    -7/22  521/550 -371/550 -651/550   -29/50    25/22  -19/550  -51/550  529/550  621/550]
[    9/22  441/550  169/550  509/550  361/550     -1/2 -299/550  289/550  389/550    1/550     9/22  -39/550  309/550  169/550 -459/550]
[  -19/22    11/50  229/550 -151/550   81/550    37/22  181/550   49/550  529/550  521/550     1/22  141/550   -21/50    9/550 -239/550]
[    5/22    1/550  489/550  489/550    1/550     5/22 -239/550    9/550   -21/50  141/550     1/22  521/550  529/550   49/550  181/550]
[   37/22   81/550 -151/550  229/550    11/50   -19/22 -459/550  169/550  309/550  -39/550     9/22    1/550  389/550  289/550 -299/550]
[    -1/2  361/550  509/550  169/550  441/550     9/22  621/550  529/550  -51/550  -19/550    25/22   -29/50 -651/550 -371/550  521/550]
[   -7/22 -259/550  269/550  309/550 -139/550     1/22 -299/550    -1/50 -211/550  201/550     5/22  661/550  709/550  269/550  441/550]
[    5/22  421/550  229/550   -41/50 -519/550     1/22   81/550 -351/550 -171/550  621/550    -7/22 -359/550   69/550    9/550   -49/50]
[  -19/22  201/550  389/550   89/550  401/550     9/22  661/550  609/550   69/550  141/550     -1/2  -79/550 -371/550  -51/550 -219/550]
[    9/22  181/550 -351/550 -271/550  421/550   -19/22   -69/50 -431/550  509/550 -139/550    -7/22  401/550  489/550   89/550  301/550]
[    1/22  361/550    19/50 -431/550 -459/550     5/22  221/550 -171/550   49/550 -219/550     5/22  -19/550 -651/550   -61/50  -79/550]
[    1/22 -359/550 -131/550  709/550  -39/550    -7/22  301/550  289/550 -211/550    -9/50   -19/22 -239/550  609/550 -131/550 -259/550]
[    9/22  221/550 -271/550 -151/550 -519/550        0        0        0        0        0        0        0        0        0        0]
Testing obstruction for
m1: 1, m2: 138,a: 0
[     -1/2  -271/550  -259/550  -239/550  -211/550     -7/22  -131/550   -79/550   -19/550    49/550      5/22     19/50   301/550   401/550   509/550]
[    25/22   749/550   881/550  1021/550  1169/550     53/22  1489/550    151/50  1841/550  2029/550     89/22  2429/550  2641/550  2861/550  3089/550]
[   133/22  3569/550  3821/550    371/50  4349/550    185/22  4909/550  5201/550  5501/550  5809/550    245/22  6449/550  6781/550  7121/550    679/50]
[   313/22  8189/550  8561/550  8941/550  9329/550    389/22 10129/550 10541/550 10961/550 11389/550      43/2 12269/550 12721/550 13181/550 13649/550]
[   565/22 14609/550 15101/550 15601/550 16109/550    665/22   1559/50 17681/550 18221/550 18769/550    729/22 17689/550 17161/550 16641/550 16129/550]
[   625/22 15129/550   1331/50 14161/550 13689/550    529/22 12769/550 12321/550 11881/550 11449/550    441/22 10609/550 10201/550    891/50  9409/550]
[   361/22  8649/550  8281/550  7921/550  7569/550    289/22  6889/550  6561/550  6241/550    539/50    225/22  5329/550  5041/550  4761/550  4489/550]
[   169/22  3969/550  3721/550  3481/550  3249/550      11/2  2809/550  2601/550  2401/550  2209/550     81/22  1849/550  1681/550  1521/550  1369/550]
[    49/22     99/50   961/550   841/550   729/550     25/22   529/550   441/550   361/550   289/550      9/22   169/550     11/50    81/550    49/550]
[     1/22     9/550     1/550     1/550     9/550      1/22    49/550    81/550     11/50   169/550      9/22   289/550   361/550   441/550   529/550]
[    25/22   729/550   841/550   961/550     99/50     49/22  1369/550  1521/550  1681/550  1849/550     81/22  2209/550  2401/550  2601/550  2809/550]
[     11/2  3249/550  3481/550  3721/550  3969/550    169/22  4489/550  4761/550  5041/550  5329/550    225/22    539/50  6241/550  6561/550  6889/550]
[   289/22  7569/550  7921/550  8281/550  8649/550    361/22  9409/550    891/50 10201/550 10609/550    441/22 11449/550 11881/550 12321/550 12769/550]
[   529/22 13689/550 14161/550   1331/50 15129/550    625/22 16129/550 16641/550 17161/550 17689/550    729/22 18769/550 18221/550 17681/550   1559/50]
[   665/22 16109/550 15601/550 15101/550 14609/550    565/22 13649/550 13181/550 12721/550 12269/550      43/2 11389/550 10961/550 10541/550 10129/550]
[   389/22  9329/550  8941/550  8561/550  8189/550    313/22    679/50  7121/550  6781/550  6449/550    245/22  5809/550  5501/550  5201/550  4909/550]
[   185/22  4349/550    371/50  3821/550  3569/550    133/22  3089/550  2861/550  2641/550  2429/550     89/22  2029/550  1841/550    151/50  1489/550]
[    53/22  1169/550  1021/550   881/550   749/550     25/22   509/550   401/550   301/550     19/50      5/22    49/550   -19/550   -79/550  -131/550]
[    -7/22  -211/550  -239/550  -259/550  -271/550         0         0         0         0         0         0         0         0         0         0]
Unobstructed
3
---------------------------
---------------------------
13a4401
Correction terms
[    -1/2  -15/286 -203/286 -135/286  189/286  197/286  461/286  409/286   41/286  -71/286   73/286    -9/26  -15/286   -19/22 -223/286]
[  57/286   21/286  241/286  145/286  305/286  149/286  249/286     3/26   73/286 -203/286 -223/286     1/22  -67/286  109/286  -31/286]
[  85/286  457/286  513/286    23/26  249/286  -71/286 -135/286   57/286  -67/286     5/22 -119/286  -47/286  281/286  293/286    51/26]
[ 513/286  149/286   41/286  189/286   21/286  109/286 -119/286    -7/22  193/286  161/286    35/26  293/286  457/286  305/286  409/286]
[ 197/286  241/286  -31/286  -47/286  193/286     9/22    27/26  161/286  281/286   85/286  145/286  461/286  461/286  145/286   85/286]
[ 281/286  161/286    27/26     9/22  193/286  -47/286  -31/286  241/286  197/286  409/286  305/286  457/286  293/286    35/26  161/286]
[ 193/286    -7/22 -119/286  109/286   21/286  189/286   41/286  149/286  513/286    51/26  293/286  281/286  -47/286 -119/286     5/22]
[ -67/286   57/286 -135/286  -71/286  249/286    23/26  513/286  457/286   85/286  -31/286  109/286  -67/286     1/22 -223/286 -203/286]
[  73/286     3/26  249/286  149/286  305/286  145/286  241/286   21/286   57/286 -223/286   -19/22  -15/286    -9/26   73/286  -71/286]
[  41/286  409/286  461/286  197/286  189/286 -135/286 -203/286  -15/286        0        0        0        0        0        0        0]
Testing obstruction for
m1: 1, m2: 72,a: 0
[    -1/2 -139/286 -127/286 -107/286  -79/286  -43/286    1/286   53/286  113/286  181/286  257/286    31/26  433/286    41/22  641/286]
[ 757/286  881/286 1013/286 1153/286 1301/286 1457/286 1621/286   163/26 1973/286 2161/286 2357/286   197/22 2773/286 2993/286 3221/286]
[3457/286 3701/286 3953/286   383/26 4481/286 4757/286 5041/286 4761/286 4489/286   325/22 3969/286 3721/286 3481/286 3249/286   275/26]
[2809/286 2601/286 2401/286 2209/286 2025/286 1849/286 1681/286   117/22 1369/286 1225/286    99/26  961/286  841/286  729/286  625/286]
[ 529/286  441/286  361/286  289/286  225/286    13/22    11/26   81/286   49/286   25/286    9/286    1/286    1/286    9/286   25/286]
[  49/286   81/286    11/26    13/22  225/286  289/286  361/286  441/286  529/286  625/286  729/286  841/286  961/286    99/26 1225/286]
[1369/286   117/22 1681/286 1849/286 2025/286 2209/286 2401/286 2601/286 2809/286   275/26 3249/286 3481/286 3721/286 3969/286   325/22]
[4489/286 4761/286 5041/286 4757/286 4481/286   383/26 3953/286 3701/286 3457/286 3221/286 2993/286 2773/286   197/22 2357/286 2161/286]
[1973/286   163/26 1621/286 1457/286 1301/286 1153/286 1013/286  881/286  757/286  641/286    41/22  433/286    31/26  257/286  181/286]
[ 113/286   53/286    1/286  -43/286  -79/286 -107/286 -127/286 -139/286        0        0        0        0        0        0        0]
Testing obstruction for
m1: 6, m2: 7,a: 0
[    -1/2 -223/286  109/286  281/286  293/286  145/286  409/286  513/286  457/286  241/286 -135/286    -9/26 -223/286     5/22  193/286]
[ 161/286  -31/286  189/286  249/286  721/286  461/286   41/286     3/26 -135/286  109/286  193/286     9/22 -119/286   57/286   73/286]
[ 501/286  197/286  305/286    23/26   41/286  241/286  281/286  161/286 -119/286     1/22  -15/286  369/286   21/286   85/286    -1/26]
[ 305/286  461/286  457/286  293/286  -31/286   57/286  -15/286    25/22  -67/286  -47/286   -17/26   85/286  197/286  721/286  513/286]
[ 145/286  189/286   73/286  369/286  -67/286    -7/22   -25/26  -47/286   21/286  501/286  249/286  409/286  409/286  249/286  501/286]
[  21/286  -47/286   -25/26    -7/22  -67/286  369/286   73/286  189/286  145/286  513/286  721/286  197/286   85/286   -17/26  -47/286]
[ -67/286    25/22  -15/286   57/286  -31/286  293/286  457/286  461/286  305/286    -1/26   85/286   21/286  369/286  -15/286     1/22]
[-119/286  161/286  281/286  241/286   41/286    23/26  305/286  197/286  501/286   73/286   57/286 -119/286     9/22  193/286  109/286]
[-135/286     3/26   41/286  461/286  721/286  249/286  189/286  -31/286  161/286  193/286     5/22 -223/286    -9/26 -135/286  241/286]
[ 457/286  513/286  409/286  145/286  293/286  281/286  109/286 -223/286        0        0        0        0        0        0        0]
[-223/286, 109/286, 281/286, 293/286, 145/286, 409/286, 513/286, 457/286, 241/286, -135/286, -9/26, -223/286, 5/22, 193/286, 161/286, -31/286, 189/286, 249/286, 721/286, 461/286, 41/286, 3/26, -135/286, 109/286, 193/286, 9/22, -119/286, 57/286, 73/286, 501/286, 197/286, 305/286, 23/26, 41/286, 241/286, 281/286, 161/286, -119/286, 1/22, -15/286, 369/286, 21/286, 85/286, -1/26]
14 [-223/286, 109/286, 281/286, 293/286, 145/286, 409/286, 513/286, 457/286, 241/286, -135/286, -9/26, -223/286, 5/22, 193/286, 161/286, -31/286, 189/286, 249/286, 149/286, 461/286, 41/286, 3/26, -135/286, 109/286, 193/286, 9/22, -119/286, 57/286, 73/286, -71/286, 197/286, 305/286, 23/26, 41/286, 241/286, 281/286, 161/286, -119/286, 1/22, -15/286, -203/286, 21/286, 85/286, 51/26]
[-223/286, 109/286, 281/286, 293/286, 145/286, 409/286, 513/286, 457/286, 241/286, -135/286, -9/26, -223/286, 5/22, 193/286, 161/286, -31/286, 189/286, 249/286, 721/286, 461/286, 41/286, 3/26, -135/286, 109/286, 193/286, 9/22, -119/286, 57/286, 73/286, 501/286, 197/286, 305/286, 23/26, 41/286, 241/286, 281/286, 161/286, -119/286, 1/22, -15/286, 369/286, 21/286, 85/286, -1/26]
25 [-223/286, 109/286, 281/286, 293/286, 145/286, 409/286, 513/286, 457/286, 241/286, -135/286, -9/26, -223/286, 5/22, 193/286, 161/286, -31/286, 189/286, 249/286, 149/286, 461/286, 41/286, 3/26, -135/286, 109/286, 193/286, 9/22, -119/286, 57/286, 73/286, -71/286, 197/286, 305/286, 23/26, 41/286, 241/286, 281/286, 161/286, -119/286, 1/22, -15/286, -203/286, 21/286, 85/286, 51/26]
Testing obstruction for
m1: 2, m2: 25,a: 1
[    -1/2 -283/286 -131/286 -259/286  -95/286 -211/286  -35/286 -139/286   49/286  -43/286  157/286     7/26  289/286    17/22  445/286]
[ 389/286  625/286  581/286  829/286  797/286 1057/286 1037/286   119/26 1301/286 1585/286 1589/286   101/22 1329/286 1065/286 1093/286]
[ 841/286  881/286  641/286    63/26  465/286  529/286  313/286  389/286  185/286    21/22   81/286  181/286    1/286  113/286    -5/26]
[  69/286  -87/286   49/286  -95/286   53/286  -79/286   81/286    -3/22  133/286   25/286    19/26  113/286  309/286  225/286  433/286]
[ 361/286  581/286  521/286  753/286  705/286    73/22    83/26 1169/286 1145/286 1413/286 1401/286 1681/286 1681/286 1401/286 1413/286]
[1145/286 1169/286    83/26    73/22  705/286  753/286  521/286  581/286  361/286  433/286  225/286  309/286  113/286    19/26   25/286]
[ 133/286    -3/22   81/286  -79/286   53/286  -95/286   49/286  -87/286   69/286    -5/26  113/286    1/286  181/286   81/286    21/22]
[ 185/286  389/286  313/286  529/286  465/286    63/26  641/286  881/286  841/286 1093/286 1065/286 1329/286   101/22 1589/286 1585/286]
[1301/286   119/26 1037/286 1057/286  797/286  829/286  581/286  625/286  389/286  445/286    17/22  289/286     7/26  157/286  -43/286]
[  49/286 -139/286  -35/286 -211/286  -95/286 -259/286 -131/286 -283/286        0        0        0        0        0        0        0]
Testing obstruction for
m1: 4, m2: 11,a: 1
[    -1/2 -279/286 -115/286 -223/286  -31/286 -111/286  109/286   57/286  305/286  281/286  557/286    51/26  293/286    25/22   85/286]
[ 145/286  -67/286   21/286 -163/286  -47/286 -203/286  -59/286   -17/26  -15/286 -115/286   85/286     1/22  241/286  197/286  453/286]
[ 437/286  721/286  733/286    43/26  513/286  281/286  349/286  145/286  241/286     5/22  189/286   41/286  193/286   73/286    23/26]
[ 161/286  369/286  305/286  541/286  505/286  769/286  761/286    37/22  501/286  249/286    27/26   73/286  149/286  -47/286   57/286]
[-111/286   21/286 -119/286   41/286  -71/286     9/22     3/26  249/286  193/286  437/286  409/286  681/286  681/286  409/286  437/286]
[ 193/286  249/286     3/26     9/22  -71/286   41/286 -119/286   21/286 -111/286   57/286  -47/286  149/286   73/286    27/26  249/286]
[ 501/286    37/22  761/286  769/286  505/286  541/286  305/286  369/286  161/286    23/26   73/286  193/286   41/286  189/286     5/22]
[ 241/286  145/286  349/286  281/286  513/286    43/26  733/286  721/286  437/286  453/286  197/286  241/286     1/22   85/286 -115/286]
[ -15/286   -17/26  -59/286 -203/286  -47/286 -163/286   21/286  -67/286  145/286   85/286    25/22  293/286    51/26  557/286  281/286]
[ 305/286   57/286  109/286 -111/286  -31/286 -223/286 -115/286 -279/286        0        0        0        0        0        0        0]
Testing obstruction for
m1: 5, m2: 12,a: 4
[    -1/2 -263/286  -51/286  -79/286  225/286  289/286  113/286  269/286  185/286  433/286  441/286    19/26  309/286    13/22  361/286]
[ 313/286   25/286   69/286 -127/286    9/286  -95/286  133/286    11/26  441/286  521/286  361/286    41/22  465/286  157/286  181/286]
[ -35/286   81/286  -43/286    15/26  133/286 -139/286  -79/286 -259/286 -107/286   -15/22   49/286   53/286  389/286  485/286    31/26]
[ 529/286  477/286  185/286  225/286   25/286  157/286   49/286    21/22  257/286    1/286     7/26  -87/286   81/286    9/286  269/286]
[ 289/286  641/286  753/286  625/286  257/286    17/22    -5/26    1/286 -183/286  -35/286 -127/286  113/286  113/286 -127/286  -35/286]
[-183/286    1/286    -5/26    17/22  257/286  625/286  753/286  641/286  289/286  269/286    9/286   81/286  -87/286     7/26    1/286]
[ 257/286    21/22   49/286  157/286   25/286  225/286  185/286  477/286  529/286    31/26  485/286  389/286   53/286   49/286   -15/22]
[-107/286 -259/286  -79/286 -139/286  133/286    15/26  -43/286   81/286  -35/286  181/286  157/286  465/286    41/22  361/286  521/286]
[ 441/286    11/26  133/286  -95/286    9/286 -127/286   69/286   25/286  313/286  361/286    13/22  309/286    19/26  441/286  433/286]
[ 185/286  269/286  113/286  289/286  225/286  -79/286  -51/286 -263/286        0        0        0        0        0        0        0]
Testing obstruction for
m1: 10, m2: 11,a: 8
[    -1/2 -267/286  -67/286 -115/286  161/286  189/286  -31/286   73/286  -71/286  109/286   41/286    27/26  305/286     5/22  149/286]
[ -15/286  145/286   57/286  293/286  281/286  593/286  657/286    43/26  613/286  505/286  721/286    53/22  409/286  453/286  249/286]
[ 369/286  241/286  437/286    35/26   85/286  109/286 -115/286  -15/286 -163/286     1/22  -59/286  193/286  197/286  -47/286     3/26]
[-135/286   21/286  -71/286  161/286  145/286 -119/286  -59/286   -19/22 -111/286 -223/286    -1/26  -47/286  241/286  281/286   73/286]
[ 189/286   57/286  249/286  193/286  461/286    37/22    23/26  349/286  197/286  369/286  293/286  541/286  541/286  293/286  369/286]
[ 197/286  349/286    23/26    37/22  461/286  193/286  249/286   57/286  189/286   73/286  281/286  241/286  -47/286    -1/26 -223/286]
[-111/286   -19/22  -59/286 -119/286  145/286  161/286  -71/286   21/286 -135/286     3/26  -47/286  197/286  193/286  -59/286     1/22]
[-163/286  -15/286 -115/286  109/286   85/286    35/26  437/286  241/286  369/286  249/286  453/286  409/286    53/22  721/286  505/286]
[ 613/286    43/26  657/286  593/286  281/286  293/286   57/286  145/286  -15/286  149/286     5/22  305/286    27/26   41/286  109/286]
[ -71/286   73/286  -31/286  189/286  161/286 -115/286  -67/286 -267/286        0        0        0        0        0        0        0]
---------------------------
SUCCESS for name = 13a4401
---------------------------
13a4403
Correction terms
[    -1/2  -43/270  233/270    17/30  257/270     1/54    -7/30   53/270 -187/270    -9/10   -23/54 -343/270   -43/30 -247/270 -463/270]
[   -11/6 -343/270   -7/270    -1/10  137/270   -11/54    -7/30  113/270  -67/270    -7/30    25/54  -43/270    -1/10  173/270   17/270]
[     1/6  257/270  113/270    17/30 -163/270   -59/54    -9/10   -7/270 -127/270    -7/30   -71/54 -463/270   -43/30 -127/270 -223/270]
[    -1/2  137/270   53/270    17/30 -103/270   -35/54    -7/30  233/270  173/270    11/10    13/54   17/270    17/30  -67/270 -103/270]
[     1/6 -163/270 -187/270    -1/10 -223/270   -47/54    -7/30 -247/270 -247/270    -7/30   -47/54 -223/270    -1/10 -187/270 -163/270]
[     1/6 -103/270  -67/270    17/30   17/270    13/54    11/10  173/270  233/270    -7/30   -35/54 -103/270    17/30   53/270  137/270]
[    -1/2 -223/270 -127/270   -43/30 -463/270   -71/54    -7/30 -127/270   -7/270    -9/10   -59/54 -163/270    17/30  113/270  257/270]
[     1/6   17/270  173/270    -1/10  -43/270    25/54    -7/30  -67/270  113/270    -7/30   -11/54  137/270    -1/10   -7/270 -343/270]
[   -11/6 -463/270 -247/270   -43/30 -343/270   -23/54    -9/10 -187/270   53/270    -7/30     1/54  257/270    17/30  233/270  -43/270]
[       0        0        0        0        0        0        0        0        0        0        0        0        0        0        0]
Testing obstruction for
m1: 1, m2: 68,a: 0
[    -1/2 -131/270 -119/270   -11/30  -71/270    -7/54     1/30   61/270  121/270     7/10    53/54  349/270    49/30  541/270  649/270]
[    17/6  889/270 1021/270    43/10 1309/270   293/54   181/30 1801/270 1981/270   241/30   473/54 2569/270   103/10 3001/270 3229/270]
[    77/6 3709/270 3961/270   469/30 4489/270   845/54   147/10 3721/270 3481/270   361/30   605/54 2809/270   289/30 2401/270 2209/270]
[    15/2 1849/270 1681/270   169/30 1369/270   245/54   121/30  961/270  841/270    27/10   125/54  529/270    49/30  361/270  289/270]
[     5/6  169/270  121/270     3/10   49/270     5/54     1/30    1/270    1/270     1/30     5/54   49/270     3/10  121/270  169/270]
[     5/6  289/270  361/270    49/30  529/270   125/54    27/10  841/270  961/270   121/30   245/54 1369/270   169/30 1681/270 1849/270]
[    15/2 2209/270 2401/270   289/30 2809/270   605/54   361/30 3481/270 3721/270   147/10   845/54 4489/270   469/30 3961/270 3709/270]
[    77/6 3229/270 3001/270   103/10 2569/270   473/54   241/30 1981/270 1801/270   181/30   293/54 1309/270    43/10 1021/270  889/270]
[    17/6  649/270  541/270    49/30  349/270    53/54     7/10  121/270   61/270     1/30    -7/54  -71/270   -11/30 -119/270 -131/270]
[       0        0        0        0        0        0        0        0        0        0        0        0        0        0        0]
Testing obstruction for
m1: 2, m2: 23,a: 0
Obstructed by Z^n/Q not being cyclic
Testing obstruction for
m1: 3, m2: 14,a: 0
[    -1/2 -223/270   53/270    17/30   77/270    73/54    53/30  953/270  713/270    11/10    49/54   17/270    17/30  113/270 -103/270]
[     1/6   17/270  353/270    19/10  497/270   169/54    53/30  473/270  293/270    -7/30   -11/54 -223/270    -1/10   -7/270 -163/270]
[     1/6   77/270  473/270    77/30  737/270   121/54    11/10  353/270  233/270    -7/30     1/54 -103/270    17/30  233/270  137/270]
[     3/2  497/270  953/270    77/30  257/270    37/54    -7/30   53/270   -7/270    -9/10   -23/54 -163/270    17/30  293/270  257/270]
[    13/6  737/270  713/270    19/10  137/270    25/54    -7/30  113/270  113/270    -7/30    25/54  137/270    19/10  713/270  737/270]
[    13/6  257/270  293/270    17/30 -163/270   -23/54    -9/10   -7/270   53/270    -7/30    37/54  257/270    77/30  953/270  497/270]
[     3/2  137/270  233/270    17/30 -103/270     1/54    -7/30  233/270  353/270    11/10   121/54  737/270    77/30  473/270   77/270]
[     1/6 -163/270   -7/270    -1/10 -223/270   -11/54    -7/30  293/270  473/270    53/30   169/54  497/270    19/10  353/270   17/270]
[     1/6 -103/270  113/270    17/30   17/270    49/54    11/10  713/270  953/270    53/30    73/54   77/270    17/30   53/270 -223/270]
[       0        0        0        0        0        0        0        0        0        0        0        0        0        0        0]
[-223/270, 53/270, 17/30, 77/270, 73/54, 53/30, 953/270, 713/270, 11/10, 49/54, 17/270, 17/30, 113/270, -103/270, 1/6, 17/270, 353/270, 19/10, 497/270, 169/54, 53/30, 473/270, 293/270, -7/30, -11/54, -223/270, -1/10, -7/270, -163/270, 1/6, 77/270, 473/270, 77/30, 737/270, 121/54, 11/10, 353/270, 233/270, -7/30, 1/54, -103/270, 17/30, 233/270, 137/270, 3/2, 497/270, 953/270, 77/30, 257/270, 37/54, -7/30, 53/270, -7/270, -9/10]
44 [-223/270, 53/270, 17/30, -463/270, -35/54, -7/30, -127/270, 173/270, -9/10, -59/54, 17/270, -43/30, 113/270, -103/270, -11/6, 17/270, -187/270, -1/10, -43/270, -47/54, -7/30, -67/270, -247/270, -7/30, -11/54, -223/270, -1/10, -7/270, -163/270, 1/6, -463/270, -67/270, 17/30, -343/270, 13/54, -9/10, -187/270, 233/270, -7/30, 1/54, -103/270, -43/30, 233/270, 137/270, -1/2, -43/270, -127/270, 17/30, 257/270, -71/54, -7/30, 53/270, -7/270, 11/10]
[-223/270, 53/270, 17/30, 77/270, 73/54, 53/30, 953/270, 713/270, 11/10, 49/54, 17/270, 17/30, 113/270, -103/270, 1/6, 17/270, 353/270, 19/10, 497/270, 169/54, 53/30, 473/270, 293/270, -7/30, -11/54, -223/270, -1/10, -7/270, -163/270, 1/6, 77/270, 473/270, 77/30, 737/270, 121/54, 11/10, 353/270, 233/270, -7/30, 1/54, -103/270, 17/30, 233/270, 137/270, 3/2, 497/270, 953/270, 77/30, 257/270, 37/54, -7/30, 53/270, -7/270, -9/10]
64 [-223/270, 53/270, 17/30, -463/270, -35/54, -7/30, -127/270, 173/270, -9/10, -59/54, 17/270, -43/30, 113/270, -103/270, -11/6, 17/270, -187/270, -1/10, -43/270, -47/54, -7/30, -67/270, -247/270, -7/30, -11/54, -223/270, -1/10, -7/270, -163/270, 1/6, -463/270, -67/270, 17/30, -343/270, 13/54, -9/10, -187/270, 233/270, -7/30, 1/54, -103/270, -43/30, 233/270, 137/270, -1/2, -43/270, -127/270, 17/30, 257/270, -71/54, -7/30, 53/270, -7/270, 11/10]
Testing obstruction for
m1: 5, m2: 8,a: 0
Obstructed by Z^n/Q not being cyclic
Testing obstruction for
m1: 5, m2: 10,a: 3
[    -1/2 -251/270  -59/270   -11/30  169/270    41/54     1/30  121/270    1/270     7/10    29/54  409/270    49/30  241/270  349/270]
[     5/6  409/270  361/270     3/10  109/270   -19/54     1/30 -119/270   61/270     1/30    53/54  289/270     3/10  181/270   49/270]
[     5/6  169/270  421/270    49/30  229/270    65/54     7/10  361/270  301/270     1/30     5/54 -191/270   -11/30 -239/270  -71/270]
[    -1/2  109/270  121/270   -11/30  -11/270   -31/54     1/30  -59/270  181/270     7/10   101/54  589/270    49/30  601/270  529/270]
[     5/6  229/270    1/270     3/10  -71/270    17/54     1/30  241/270  241/270     1/30    17/54  -71/270     3/10    1/270  229/270]
[     5/6  529/270  601/270    49/30  589/270   101/54     7/10  181/270  -59/270     1/30   -31/54  -11/270   -11/30  121/270  109/270]
[    -1/2  -71/270 -239/270   -11/30 -191/270     5/54     1/30  301/270  361/270     7/10    65/54  229/270    49/30  421/270  169/270]
[     5/6   49/270  181/270     3/10  289/270    53/54     1/30   61/270 -119/270     1/30   -19/54  109/270     3/10  361/270  409/270]
[     5/6  349/270  241/270    49/30  409/270    29/54     7/10    1/270  121/270     1/30    41/54  169/270   -11/30  -59/270 -251/270]
[       0        0        0        0        0        0        0        0        0        0        0        0        0        0        0]
Testing obstruction for
m1: 9, m2: 12,a: 8
[    -1/2 -247/270  -43/270    -7/30  233/270    61/54    17/30  317/270  257/270    19/10   109/54  353/270    53/30  377/270   53/270]
[     1/6 -187/270 -103/270    -9/10  -67/270   -23/54    17/30  197/270   17/270    17/30    13/54  293/270    11/10  617/270  713/270]
[    13/6  233/270  197/270    -7/30   -7/270   -35/54    -1/10 -103/270  137/270    17/30   -11/54   53/270    -7/30  137/270  113/270]
[     3/2  473/270  317/270    53/30  413/270    25/54    17/30  -43/270   77/270    -1/10    37/54  173/270    -7/30   17/270 -127/270]
[     1/6   -7/270  257/270    11/10  113/270    49/54    17/30  377/270  377/270    17/30    49/54  113/270    11/10  257/270   -7/270]
[     1/6 -127/270   17/270    -7/30  173/270    37/54    -1/10   77/270  -43/270    17/30    25/54  413/270    53/30  317/270  473/270]
[     3/2  113/270  137/270    -7/30   53/270   -11/54    17/30  137/270 -103/270    -1/10   -35/54   -7/270    -7/30  197/270  233/270]
[    13/6  713/270  617/270    11/10  293/270    13/54    17/30   17/270  197/270    17/30   -23/54  -67/270    -9/10 -103/270 -187/270]
[     1/6   53/270  377/270    53/30  353/270   109/54    19/10  257/270  317/270    17/30    61/54  233/270    -7/30  -43/270 -247/270]
[       0        0        0        0        0        0        0        0        0        0        0        0        0        0        0]
Unobstructed
13
---------------------------
---------------------------
13a4407
H_1 not cyclic will skip for now
