13a4843
Correction terms
[   -1/2  41/102 113/102  -13/34  -7/102 209/102   -1/34 -31/102 125/102   19/34 -31/102  65/102   47/34  -7/102  29/102]
[  83/34  41/102     1/6   59/34 113/102  29/102   43/34 209/102  65/102   35/34 125/102 125/102   35/34  65/102 209/102]
[  43/34  29/102 113/102   59/34     1/6  41/102   83/34  29/102  -7/102   47/34  65/102 -31/102   19/34 125/102 -31/102]
[  -1/34 209/102  -7/102  -13/34 113/102  41/102       0       0       0       0       0       0       0       0       0]
Testing obstruction for
m1: 1, m2: 26,a: 0
[   -1/2 -47/102 -35/102   -5/34  13/102  49/102   31/34 145/102 205/102   91/34 349/102 433/102  175/34 625/102 529/102]
[ 147/34 361/102    17/6   75/34 169/102 121/102   27/34  49/102  25/102    3/34   1/102   1/102    3/34  25/102  49/102]
[  27/34 121/102 169/102   75/34    17/6 361/102  147/34 529/102 625/102  175/34 433/102 349/102   91/34 205/102 145/102]
[  31/34  49/102  13/102   -5/34 -35/102 -47/102       0       0       0       0       0       0       0       0       0]
Testing obstruction for
m1: 2, m2: 9,a: 0
[   -1/2 -31/102  29/102  -25/34  65/102  41/102   19/34 113/102 209/102   47/34 113/102 125/102   -9/34  65/102  -7/102]
[ -13/34 -31/102     1/6  -33/34  29/102  -7/102   -1/34  41/102 125/102   15/34 209/102 209/102   15/34 125/102  41/102]
[  -1/34  -7/102  29/102  -33/34     1/6 -31/102  -13/34  -7/102  65/102   -9/34 125/102 113/102   47/34 209/102 113/102]
[  19/34  41/102  65/102  -25/34  29/102 -31/102       0       0       0       0       0       0       0       0       0]
[-31/102, 29/102, -25/34]
7 [-31/102, 29/102, 43/34]
[-31/102, 29/102, -25/34]
10 [-31/102, 29/102, 43/34]
Testing obstruction for
m1: 3, m2: 6,a: 1
[   -1/2 -91/102  -7/102   -1/34 -79/102 -31/102  -21/34  29/102  41/102   -9/34  29/102   5/102   35/34 125/102  65/102]
[  43/34 113/102     1/6   15/34  -7/102  65/102   19/34 -31/102   5/102  -13/34  41/102  41/102  -13/34   5/102 -31/102]
[  19/34  65/102  -7/102   15/34     1/6 113/102   43/34  65/102 125/102   35/34   5/102  29/102   -9/34  41/102  29/102]
[ -21/34 -31/102 -79/102   -1/34  -7/102 -91/102       0       0       0       0       0       0       0       0       0]
Testing obstruction for
m1: 7, m2: 8,a: 6
[   -1/2 -83/102  25/102   23/34  49/102 169/102    7/34  13/102 -59/102    3/34  13/102 -47/102   11/34  49/102   1/102]
[  31/34 121/102     5/6   -5/34  25/102   1/102  -29/34 -35/102 -47/102   27/34 145/102 145/102   27/34 -47/102 -35/102]
[ -29/34   1/102  25/102   -5/34     5/6 121/102   31/34   1/102  49/102   11/34 -47/102  13/102    3/34 -59/102  13/102]
[   7/34 169/102  49/102   23/34  25/102 -83/102       0       0       0       0       0       0       0       0       0]
---------------------------
SUCCESS for name = 13a4843
---------------------------
13a4856
Correction terms
[  -1/2  21/94  37/94   1/94 101/94 149/94 145/94  89/94 169/94   9/94 -15/94  97/94 -31/94 -23/94 121/94]
[ 25/94  65/94 241/94 177/94  61/94  81/94  49/94 -35/94  17/94  17/94 -35/94  49/94  81/94  61/94 177/94]
[241/94  65/94  25/94 121/94 -23/94 -31/94  97/94 -15/94   9/94 169/94  89/94 145/94 149/94 101/94   1/94]
[ 37/94  21/94      0      0      0      0      0      0      0      0      0      0      0      0      0]
Testing obstruction for
m1: 1, m2: 24,a: 0
[  -1/2 -43/94 -31/94 -11/94  17/94  53/94  97/94 149/94 209/94 277/94 353/94 437/94 529/94 441/94 361/94]
[289/94 225/94 169/94 121/94  81/94  49/94  25/94   9/94   1/94   1/94   9/94  25/94  49/94  81/94 121/94]
[169/94 225/94 289/94 361/94 441/94 529/94 437/94 353/94 277/94 209/94 149/94  97/94  53/94  17/94 -11/94]
[-31/94 -43/94      0      0      0      0      0      0      0      0      0      0      0      0      0]
Testing obstruction for
m1: 2, m2: 9,a: 1
[  -1/2 -91/94 -35/94 -67/94   1/94 -19/94  61/94  53/94 145/94 149/94  65/94  81/94   9/94  37/94 -23/94]
[ 17/94 -31/94  21/94 -15/94  49/94  25/94 101/94  89/94 177/94 177/94  89/94 101/94  25/94  49/94 -15/94]
[ 21/94 -31/94  17/94 -23/94  37/94   9/94  81/94  65/94 149/94 145/94  53/94  61/94 -19/94   1/94 -67/94]
[-35/94 -91/94      0      0      0      0      0      0      0      0      0      0      0      0      0]
Testing obstruction for
m1: 4, m2: 5,a: 2
[  -1/2 -87/94 -19/94 -31/94  65/94  81/94  17/94  61/94  25/94  97/94  89/94   1/94  21/94 -39/94   9/94]
[-23/94  53/94  49/94 -35/94 -11/94 -67/94 -15/94 -43/94  37/94  37/94 -43/94 -15/94 -67/94 -11/94 -35/94]
[ 49/94  53/94 -23/94   9/94 -39/94  21/94   1/94  89/94  97/94  25/94  61/94  17/94  81/94  65/94 -31/94]
[-19/94 -87/94      0      0      0      0      0      0      0      0      0      0      0      0      0]
---------------------------
SUCCESS for name = 13a4856
---------------------------
