13a140
Correction terms
[     -1/2   -55/614  -527/614  -495/614    41/614  -147/614   169/614  -239/614  -143/614  -771/614  -895/614  -515/614   369/614   529/614   -35/614]
[  -95/614   349/614    69/614   293/614  -207/614  -203/614  -923/614    89/614   377/614   -59/614     9/614  -647/614  -799/614  -447/614   409/614]
[  541/614   -51/614  -139/614   277/614   -31/614   165/614  -363/614  -387/614 -1135/614  -151/614   109/614  -355/614  -315/614   229/614    49/614]
[ -855/614   -27/614    77/614  -543/614  -659/614  -271/614  -607/614  -439/614   233/614   181/614  -595/614  -867/614  -635/614   101/614   113/614]
[  629/614   421/614  -511/614   289/614   365/614  -283/614  -427/614   -67/614  -431/614  -291/614   353/614   273/614  -531/614  -831/614  -627/614]
[   81/614    65/614   553/614   317/614  -643/614   129/614   177/614  -499/614  -671/614  -339/614  -731/614  -619/614    -3/614  -111/614   285/614]
[  -43/614   133/614  -415/614  -459/614     1/614  -263/614   -23/614  -507/614  -487/614    37/614  -163/614   141/614  -279/614  -195/614  -835/614]
[  257/614   625/614   269/614   417/614  -159/614  -231/614   201/614   -91/614   121/614  -391/614  -399/614    97/614  -131/614   145/614  -303/614]
[ -247/614  -915/614   149/614   489/614   105/614   225/614  -379/614  -479/614   -75/614  -395/614  -211/614  -751/614  -787/614  -319/614  -575/614]
[ -327/614   425/614   453/614  -243/614  -435/614  -123/614  -535/614  -443/614   153/614    25/614  -827/614    53/614   209/614  -359/614  -423/614]
[   17/614  -267/614   -47/614   677/614   677/614   -47/614  -267/614    17/614  -423/614  -359/614   209/614    53/614  -827/614    25/614   153/614]
[ -443/614  -535/614  -123/614  -435/614  -243/614   453/614   425/614  -327/614  -575/614  -319/614  -787/614  -751/614  -211/614  -395/614   -75/614]
[ -479/614  -379/614   225/614   105/614   489/614   149/614  -915/614  -247/614  -303/614   145/614  -131/614    97/614  -399/614  -391/614   121/614]
[  -91/614   201/614  -231/614  -159/614   417/614   269/614   625/614   257/614  -835/614  -195/614  -279/614   141/614  -163/614    37/614  -487/614]
[ -507/614   -23/614  -263/614     1/614  -459/614  -415/614   133/614   -43/614   285/614  -111/614    -3/614  -619/614  -731/614  -339/614  -671/614]
[ -499/614   177/614   129/614  -643/614   317/614   553/614    65/614    81/614  -627/614  -831/614  -531/614   273/614   353/614  -291/614  -431/614]
[  -67/614  -427/614  -283/614   365/614   289/614  -511/614   421/614   629/614   113/614   101/614  -635/614  -867/614  -595/614   181/614   233/614]
[ -439/614  -607/614  -271/614  -659/614  -543/614    77/614   -27/614  -855/614    49/614   229/614  -315/614  -355/614   109/614  -151/614 -1135/614]
[ -387/614  -363/614   165/614   -31/614   277/614  -139/614   -51/614   541/614   409/614  -447/614  -799/614  -647/614     9/614   -59/614   377/614]
[   89/614  -923/614  -203/614  -207/614   293/614    69/614   349/614   -95/614   -35/614   529/614   369/614  -515/614  -895/614  -771/614  -143/614]
[ -239/614   169/614  -147/614    41/614  -495/614  -527/614   -55/614         0         0         0         0         0         0         0         0]
Testing obstruction for
m1: 1, m2: 154,a: 0
[     -1/2  -303/614  -291/614  -271/614  -243/614  -207/614  -163/614  -111/614   -51/614    17/614    93/614   177/614   269/614   369/614   477/614]
[  593/614   717/614   849/614   989/614  1137/614  1293/614  1457/614  1629/614  1809/614  1997/614  2193/614  2397/614  2609/614  2829/614  3057/614]
[ 3293/614  3537/614  3789/614  4049/614  4317/614  4593/614  4877/614  5169/614  5469/614  5777/614  6093/614  6417/614  6749/614  7089/614  7437/614]
[ 7793/614  8157/614  8529/614  8909/614  9297/614  9693/614 10097/614 10509/614 10929/614 11357/614 11793/614 12237/614 12689/614 13149/614 13617/614]
[14093/614 14577/614 15069/614 15569/614 16077/614 16593/614 17117/614 17649/614 18189/614 18737/614 19293/614 19857/614 20429/614 21009/614 21597/614]
[22193/614 22797/614 23409/614 22801/614 22201/614 21609/614 21025/614 20449/614 19881/614 19321/614 18769/614 18225/614 17689/614 17161/614 16641/614]
[16129/614 15625/614 15129/614 14641/614 14161/614 13689/614 13225/614 12769/614 12321/614 11881/614 11449/614 11025/614 10609/614 10201/614  9801/614]
[ 9409/614  9025/614  8649/614  8281/614  7921/614  7569/614  7225/614  6889/614  6561/614  6241/614  5929/614  5625/614  5329/614  5041/614  4761/614]
[ 4489/614  4225/614  3969/614  3721/614  3481/614  3249/614  3025/614  2809/614  2601/614  2401/614  2209/614  2025/614  1849/614  1681/614  1521/614]
[ 1369/614  1225/614  1089/614   961/614   841/614   729/614   625/614   529/614   441/614   361/614   289/614   225/614   169/614   121/614    81/614]
[   49/614    25/614     9/614     1/614     1/614     9/614    25/614    49/614    81/614   121/614   169/614   225/614   289/614   361/614   441/614]
[  529/614   625/614   729/614   841/614   961/614  1089/614  1225/614  1369/614  1521/614  1681/614  1849/614  2025/614  2209/614  2401/614  2601/614]
[ 2809/614  3025/614  3249/614  3481/614  3721/614  3969/614  4225/614  4489/614  4761/614  5041/614  5329/614  5625/614  5929/614  6241/614  6561/614]
[ 6889/614  7225/614  7569/614  7921/614  8281/614  8649/614  9025/614  9409/614  9801/614 10201/614 10609/614 11025/614 11449/614 11881/614 12321/614]
[12769/614 13225/614 13689/614 14161/614 14641/614 15129/614 15625/614 16129/614 16641/614 17161/614 17689/614 18225/614 18769/614 19321/614 19881/614]
[20449/614 21025/614 21609/614 22201/614 22801/614 23409/614 22797/614 22193/614 21597/614 21009/614 20429/614 19857/614 19293/614 18737/614 18189/614]
[17649/614 17117/614 16593/614 16077/614 15569/614 15069/614 14577/614 14093/614 13617/614 13149/614 12689/614 12237/614 11793/614 11357/614 10929/614]
[10509/614 10097/614  9693/614  9297/614  8909/614  8529/614  8157/614  7793/614  7437/614  7089/614  6749/614  6417/614  6093/614  5777/614  5469/614]
[ 5169/614  4877/614  4593/614  4317/614  4049/614  3789/614  3537/614  3293/614  3057/614  2829/614  2609/614  2397/614  2193/614  1997/614  1809/614]
[ 1629/614  1457/614  1293/614  1137/614   989/614   849/614   717/614   593/614   477/614   369/614   269/614   177/614    93/614    17/614   -51/614]
[ -111/614  -163/614  -207/614  -243/614  -271/614  -291/614  -303/614         0         0         0         0         0         0         0         0]
Unobstructed
119
---------------------------
---------------------------
13a155
Correction terms
[    -1/2  145/526 -735/526  253/526  -47/526  469/526 -303/526 -259/526 -451/526  173/526 -491/526 -339/526 -423/526  309/526 -247/526]
[  13/526   37/526 -175/526 -623/526 -255/526 -123/526 -227/526 -567/526  -91/526  149/526  153/526  -79/526 -547/526 -199/526  -87/526]
[-211/526 -571/526 -115/526  105/526   89/526 -163/526  401/526 -323/526 -231/526 -375/526  297/526 -319/526 -119/526 -155/526  625/526]
[ 117/526  425/526 -555/526  333/526  -67/526  349/526 -523/526  473/526  181/526  705/526  -59/526   -7/526 -191/526  441/526 -215/526]
[ -55/526 -131/526  609/526   61/526  329/526  361/526  157/526 -283/526   93/526  233/526  137/526 -195/526  289/526  537/526  549/526]
[ 325/526 -135/526  221/526  341/526  225/526 -127/526  337/526  565/526  557/526  313/526 -167/526  169/526  269/526  133/526 -239/526]
[ 205/526  413/526  385/526  121/526  673/526  -63/526   17/526 -139/526  521/526 -107/526   81/526   33/526  801/526  281/526  577/526]
[-415/526  461/526   49/526  453/526 -431/526  553/526  249/526  761/526  -15/526   25/526 -171/526  449/526 -219/526  -71/526 -159/526]
[ 569/526    9/526  265/526  285/526   69/526 -383/526  -19/526  109/526    1/526 -343/526  129/526  365/526  365/526  129/526 -343/526]
[   1/526  109/526  -19/526 -383/526   69/526  285/526  265/526    9/526  569/526 -159/526  -71/526 -219/526  449/526 -171/526   25/526]
[ -15/526  761/526  249/526  553/526 -431/526  453/526   49/526  461/526 -415/526  577/526  281/526  801/526   33/526   81/526 -107/526]
[ 521/526 -139/526   17/526  -63/526  673/526  121/526  385/526  413/526  205/526 -239/526  133/526  269/526  169/526 -167/526  313/526]
[ 557/526  565/526  337/526 -127/526  225/526  341/526  221/526 -135/526  325/526  549/526  537/526  289/526 -195/526  137/526  233/526]
[  93/526 -283/526  157/526  361/526  329/526   61/526  609/526 -131/526  -55/526 -215/526  441/526 -191/526   -7/526  -59/526  705/526]
[ 181/526  473/526 -523/526  349/526  -67/526  333/526 -555/526  425/526  117/526  625/526 -155/526 -119/526 -319/526  297/526 -375/526]
[-231/526 -323/526  401/526 -163/526   89/526  105/526 -115/526 -571/526 -211/526  -87/526 -199/526 -547/526  -79/526  153/526  149/526]
[ -91/526 -567/526 -227/526 -123/526 -255/526 -623/526 -175/526   37/526   13/526 -247/526  309/526 -423/526 -339/526 -491/526  173/526]
[-451/526 -259/526 -303/526  469/526  -47/526  253/526 -735/526  145/526        0        0        0        0        0        0        0]
Testing obstruction for
m1: 1, m2: 132,a: 0
[     -1/2  -259/526  -247/526  -227/526  -199/526  -163/526  -119/526   -67/526    -7/526    61/526   137/526   221/526   313/526   413/526   521/526]
[  637/526   761/526   893/526  1033/526  1181/526  1337/526  1501/526  1673/526  1853/526  2041/526  2237/526  2441/526  2653/526  2873/526  3101/526]
[ 3337/526  3581/526  3833/526  4093/526  4361/526  4637/526  4921/526  5213/526  5513/526  5821/526  6137/526  6461/526  6793/526  7133/526  7481/526]
[ 7837/526  8201/526  8573/526  8953/526  9341/526  9737/526 10141/526 10553/526 10973/526 11401/526 11837/526 12281/526 12733/526 13193/526 13661/526]
[14137/526 14621/526 15113/526 15613/526 16121/526 16637/526 17161/526 16641/526 16129/526 15625/526 15129/526 14641/526 14161/526 13689/526 13225/526]
[12769/526 12321/526 11881/526 11449/526 11025/526 10609/526 10201/526  9801/526  9409/526  9025/526  8649/526  8281/526  7921/526  7569/526  7225/526]
[ 6889/526  6561/526  6241/526  5929/526  5625/526  5329/526  5041/526  4761/526  4489/526  4225/526  3969/526  3721/526  3481/526  3249/526  3025/526]
[ 2809/526  2601/526  2401/526  2209/526  2025/526  1849/526  1681/526  1521/526  1369/526  1225/526  1089/526   961/526   841/526   729/526   625/526]
[  529/526   441/526   361/526   289/526   225/526   169/526   121/526    81/526    49/526    25/526     9/526     1/526     1/526     9/526    25/526]
[   49/526    81/526   121/526   169/526   225/526   289/526   361/526   441/526   529/526   625/526   729/526   841/526   961/526  1089/526  1225/526]
[ 1369/526  1521/526  1681/526  1849/526  2025/526  2209/526  2401/526  2601/526  2809/526  3025/526  3249/526  3481/526  3721/526  3969/526  4225/526]
[ 4489/526  4761/526  5041/526  5329/526  5625/526  5929/526  6241/526  6561/526  6889/526  7225/526  7569/526  7921/526  8281/526  8649/526  9025/526]
[ 9409/526  9801/526 10201/526 10609/526 11025/526 11449/526 11881/526 12321/526 12769/526 13225/526 13689/526 14161/526 14641/526 15129/526 15625/526]
[16129/526 16641/526 17161/526 16637/526 16121/526 15613/526 15113/526 14621/526 14137/526 13661/526 13193/526 12733/526 12281/526 11837/526 11401/526]
[10973/526 10553/526 10141/526  9737/526  9341/526  8953/526  8573/526  8201/526  7837/526  7481/526  7133/526  6793/526  6461/526  6137/526  5821/526]
[ 5513/526  5213/526  4921/526  4637/526  4361/526  4093/526  3833/526  3581/526  3337/526  3101/526  2873/526  2653/526  2441/526  2237/526  2041/526]
[ 1853/526  1673/526  1501/526  1337/526  1181/526  1033/526   893/526   761/526   637/526   521/526   413/526   313/526   221/526   137/526    61/526]
[   -7/526   -67/526  -119/526  -163/526  -199/526  -227/526  -247/526  -259/526         0         0         0         0         0         0         0]
Unobstructed
7
---------------------------
---------------------------
13a156
Correction terms
[    -1/2 -467/678  505/678  -45/226  325/678 -827/678 -293/226  169/678 -395/678   47/226  421/678  445/678   71/226 -275/678  337/678]
[ 231/226 -563/678 -719/678   75/226 -443/678  -11/678   55/226   85/678 -251/678  171/226 -335/678  -83/678  -29/226 -347/678  493/678]
[ -93/226   49/678  121/678  -21/226 -503/678  157/678  187/226  709/678 -755/678 -373/226 -383/678   97/678  107/226  289/678    1/678]
[-181/226   13/678  313/678  119/226  145/678 -323/678  103/226 -671/678 -551/678  223/226  277/678 -371/678   27/226  277/678  217/678]
[ -33/226 -671/678 -143/678   43/226  145/678  -95/678 -197/226   13/678  361/678  151/226  289/678 -131/678 -269/226 -383/678 -215/678]
[-101/226  709/678  109/678 -249/226 -503/678  841/678  191/226   49/678 -731/678 -137/226 -347/678 -539/678  123/226 -335/678   61/678]
[  67/226   85/678 -287/678  147/226 -443/678 -227/678  -89/226 -563/678  241/678 -189/226 -275/678 -239/678  299/226  421/678 -311/678]
[  19/226  169/678   25/678 -125/226  325/678 -587/678 -133/226 -467/678      5/6   -5/226  505/678 -587/678 -193/226 -827/678   25/678]
[ 207/226 -395/678 -311/678 -161/226  445/678 -239/678   59/226  337/678  241/678  -37/226 -719/678 -227/678    3/226  -11/678 -287/678]
[ 179/226 -251/678   61/678   39/226  -83/678 -539/678   35/226  493/678 -731/678 -285/226  121/678  841/678  -17/226  157/678  109/678]
[ -65/226 -755/678 -215/678   23/226   97/678 -131/678 -205/226    1/678  361/678  155/226  313/678  -95/678 -253/226 -323/678 -143/678]
[ -73/226 -551/678  217/678  243/226 -371/678 -371/678  243/226  217/678 -551/678  -73/226 -143/678 -323/678 -253/226  -95/678  313/678]
[ 155/226  361/678    1/678 -205/226 -131/678   97/678   23/226 -215/678 -755/678  -65/226  109/678  157/678  -17/226  841/678  121/678]
[-285/226 -731/678  493/678   35/226 -539/678  -83/678   39/226   61/678 -251/678  179/226 -287/678  -11/678    3/226 -227/678 -719/678]
[ -37/226  241/678  337/678   59/226 -239/678  445/678 -161/226 -311/678 -395/678  207/226   25/678 -827/678 -193/226 -587/678  505/678]
[  -5/226      5/6 -467/678 -133/226 -587/678  325/678 -125/226   25/678  169/678   19/226 -311/678  421/678  299/226 -239/678 -275/678]
[-189/226  241/678 -563/678  -89/226 -227/678 -443/678  147/226 -287/678   85/678   67/226   61/678 -335/678  123/226 -539/678 -347/678]
[-137/226 -731/678   49/678  191/226  841/678 -503/678 -249/226  109/678  709/678 -101/226 -215/678 -383/678 -269/226 -131/678  289/678]
[ 151/226  361/678   13/678 -197/226  -95/678  145/678   43/226 -143/678 -671/678  -33/226  217/678  277/678   27/226 -371/678  277/678]
[ 223/226 -551/678 -671/678  103/226 -323/678  145/678  119/226  313/678   13/678 -181/226    1/678  289/678  107/226   97/678 -383/678]
[-373/226 -755/678  709/678  187/226  157/678 -503/678  -21/226  121/678   49/678  -93/226  493/678 -347/678  -29/226  -83/678 -335/678]
[ 171/226 -251/678   85/678   55/226  -11/678 -443/678   75/226 -719/678 -563/678  231/226  337/678 -275/678   71/226  445/678  421/678]
[  47/226 -395/678  169/678 -293/226 -827/678  325/678  -45/226  505/678 -467/678        0        0        0        0        0        0]
Testing obstruction for
m1: 1, m2: 170,a: 0
[     -1/2  -335/678  -323/678  -101/226  -275/678  -239/678   -65/226  -143/678   -83/678    -5/226    61/678   145/678    79/226   337/678   445/678]
[  187/226   685/678   817/678   319/226  1105/678  1261/678   475/226  1597/678  1777/678   655/226  2161/678  2365/678   859/226  2797/678  3025/678]
[ 1087/226  3505/678  3757/678  1339/226  4285/678  4561/678  1615/226  5137/678  5437/678  1915/226  6061/678  6385/678  2239/226  7057/678  7405/678]
[ 2587/226  8125/678  8497/678  2959/226  9265/678  9661/678  3355/226 10477/678 10897/678  3775/226 11761/678 12205/678  4219/226 13117/678 13585/678]
[ 4687/226 14545/678 15037/678  5179/226 16045/678 16561/678  5695/226 17617/678 18157/678  6235/226 19261/678 19825/678  6799/226 20977/678 21565/678]
[ 7387/226 22765/678 23377/678  7999/226 24625/678 25261/678  8635/226 26557/678 27217/678  9295/226 28561/678 27889/678  9075/226 26569/678 25921/678]
[ 8427/226 24649/678 24025/678  7803/226 22801/678 22201/678  7203/226 21025/678 20449/678  6627/226 19321/678 18769/678  6075/226 17689/678 17161/678]
[ 5547/226 16129/678 15625/678  5043/226 14641/678 14161/678  4563/226 13225/678     113/6  4107/226 11881/678 11449/678  3675/226 10609/678 10201/678]
[ 3267/226  9409/678  9025/678  2883/226  8281/678  7921/678  2523/226  7225/678  6889/678  2187/226  6241/678  5929/678  1875/226  5329/678  5041/678]
[ 1587/226  4489/678  4225/678  1323/226  3721/678  3481/678  1083/226  3025/678  2809/678   867/226  2401/678  2209/678   675/226  1849/678  1681/678]
[  507/226  1369/678  1225/678   363/226   961/678   841/678   243/226   625/678   529/678   147/226   361/678   289/678    75/226   169/678   121/678]
[   27/226    49/678    25/678     3/226     1/678     1/678     3/226    25/678    49/678    27/226   121/678   169/678    75/226   289/678   361/678]
[  147/226   529/678   625/678   243/226   841/678   961/678   363/226  1225/678  1369/678   507/226  1681/678  1849/678   675/226  2209/678  2401/678]
[  867/226  2809/678  3025/678  1083/226  3481/678  3721/678  1323/226  4225/678  4489/678  1587/226  5041/678  5329/678  1875/226  5929/678  6241/678]
[ 2187/226  6889/678  7225/678  2523/226  7921/678  8281/678  2883/226  9025/678  9409/678  3267/226 10201/678 10609/678  3675/226 11449/678 11881/678]
[ 4107/226     113/6 13225/678  4563/226 14161/678 14641/678  5043/226 15625/678 16129/678  5547/226 17161/678 17689/678  6075/226 18769/678 19321/678]
[ 6627/226 20449/678 21025/678  7203/226 22201/678 22801/678  7803/226 24025/678 24649/678  8427/226 25921/678 26569/678  9075/226 27889/678 28561/678]
[ 9295/226 27217/678 26557/678  8635/226 25261/678 24625/678  7999/226 23377/678 22765/678  7387/226 21565/678 20977/678  6799/226 19825/678 19261/678]
[ 6235/226 18157/678 17617/678  5695/226 16561/678 16045/678  5179/226 15037/678 14545/678  4687/226 13585/678 13117/678  4219/226 12205/678 11761/678]
[ 3775/226 10897/678 10477/678  3355/226  9661/678  9265/678  2959/226  8497/678  8125/678  2587/226  7405/678  7057/678  2239/226  6385/678  6061/678]
[ 1915/226  5437/678  5137/678  1615/226  4561/678  4285/678  1339/226  3757/678  3505/678  1087/226  3025/678  2797/678   859/226  2365/678  2161/678]
[  655/226  1777/678  1597/678   475/226  1261/678  1105/678   319/226   817/678   685/678   187/226   445/678   337/678    79/226   145/678    61/678]
[   -5/226   -83/678  -143/678   -65/226  -239/678  -275/678  -101/226  -323/678  -335/678         0         0         0         0         0         0]
Unobstructed
25
---------------------------
---------------------------
13a158
Correction terms
[    -1/2 -459/454 -247/454  409/454 -307/454  329/454  501/454  209/454  361/454   49/454  181/454 -151/454  -39/454 -391/454 -299/454]
[ 237/454  309/454  -83/454  -31/454  465/454  497/454   65/454   77/454 -375/454 -383/454   53/454   25/454 -467/454  393/454 -119/454]
[-187/454  189/454  101/454  457/454  349/454 -223/454 -351/454  -35/454 -183/454  113/454  -55/454  221/454   33/454  289/454   81/454]
[ 317/454   89/454  305/454   57/454 -655/454  -15/454  161/454 -127/454   29/454 -279/454 -143/454  437/454  553/454  205/454  301/454]
[ -67/454    9/454 -379/454 -323/454  177/454  213/454 -215/454 -199/454  261/454  257/454  697/454 -235/454  185/454  141/454 -367/454]
[-431/454  -51/454 -135/454  225/454  121/454 -447/454  337/454  657/454  513/454  -95/454 -259/454   21/454 -163/454   97/454 -107/454]
[ 133/454  -91/454  129/454 -115/454   85/454  729/454    1/454 -283/454 -123/454 -427/454 -287/454  297/454 -491/454   73/454  173/454]
[-191/454 -111/454  413/454  473/454   69/454  109/454 -315/454 -295/454  169/454  169/454 -295/454 -315/454  109/454   69/454  473/454]
[ 413/454 -111/454 -191/454  173/454   73/454 -491/454  297/454 -287/454 -427/454 -123/454 -283/454    1/454  729/454   85/454 -115/454]
[ 129/454  -91/454  133/454 -107/454   97/454 -163/454   21/454 -259/454  -95/454  513/454  657/454  337/454 -447/454  121/454  225/454]
[-135/454  -51/454 -431/454 -367/454  141/454  185/454 -235/454  697/454  257/454  261/454 -199/454 -215/454  213/454  177/454 -323/454]
[-379/454    9/454  -67/454  301/454  205/454  553/454  437/454 -143/454 -279/454   29/454 -127/454  161/454  -15/454 -655/454   57/454]
[ 305/454   89/454  317/454   81/454  289/454   33/454  221/454  -55/454  113/454 -183/454  -35/454 -351/454 -223/454  349/454  457/454]
[ 101/454  189/454 -187/454 -119/454  393/454 -467/454   25/454   53/454 -383/454 -375/454   77/454   65/454  497/454  465/454  -31/454]
[ -83/454  309/454  237/454 -299/454 -391/454  -39/454 -151/454  181/454   49/454  361/454  209/454  501/454  329/454 -307/454  409/454]
[-247/454 -459/454        0        0        0        0        0        0        0        0        0        0        0        0        0]
Testing obstruction for
m1: 1, m2: 114,a: 0
[     -1/2  -223/454  -211/454  -191/454  -163/454  -127/454   -83/454   -31/454    29/454    97/454   173/454   257/454   349/454   449/454   557/454]
[  673/454   797/454   929/454  1069/454  1217/454  1373/454  1537/454  1709/454  1889/454  2077/454  2273/454  2477/454  2689/454  2909/454  3137/454]
[ 3373/454  3617/454  3869/454  4129/454  4397/454  4673/454  4957/454  5249/454  5549/454  5857/454  6173/454  6497/454  6829/454  7169/454  7517/454]
[ 7873/454  8237/454  8609/454  8989/454  9377/454  9773/454 10177/454 10589/454 11009/454 11437/454 11873/454 12317/454 12769/454 12321/454 11881/454]
[11449/454 11025/454 10609/454 10201/454  9801/454  9409/454  9025/454  8649/454  8281/454  7921/454  7569/454  7225/454  6889/454  6561/454  6241/454]
[ 5929/454  5625/454  5329/454  5041/454  4761/454  4489/454  4225/454  3969/454  3721/454  3481/454  3249/454  3025/454  2809/454  2601/454  2401/454]
[ 2209/454  2025/454  1849/454  1681/454  1521/454  1369/454  1225/454  1089/454   961/454   841/454   729/454   625/454   529/454   441/454   361/454]
[  289/454   225/454   169/454   121/454    81/454    49/454    25/454     9/454     1/454     1/454     9/454    25/454    49/454    81/454   121/454]
[  169/454   225/454   289/454   361/454   441/454   529/454   625/454   729/454   841/454   961/454  1089/454  1225/454  1369/454  1521/454  1681/454]
[ 1849/454  2025/454  2209/454  2401/454  2601/454  2809/454  3025/454  3249/454  3481/454  3721/454  3969/454  4225/454  4489/454  4761/454  5041/454]
[ 5329/454  5625/454  5929/454  6241/454  6561/454  6889/454  7225/454  7569/454  7921/454  8281/454  8649/454  9025/454  9409/454  9801/454 10201/454]
[10609/454 11025/454 11449/454 11881/454 12321/454 12769/454 12317/454 11873/454 11437/454 11009/454 10589/454 10177/454  9773/454  9377/454  8989/454]
[ 8609/454  8237/454  7873/454  7517/454  7169/454  6829/454  6497/454  6173/454  5857/454  5549/454  5249/454  4957/454  4673/454  4397/454  4129/454]
[ 3869/454  3617/454  3373/454  3137/454  2909/454  2689/454  2477/454  2273/454  2077/454  1889/454  1709/454  1537/454  1373/454  1217/454  1069/454]
[  929/454   797/454   673/454   557/454   449/454   349/454   257/454   173/454    97/454    29/454   -31/454   -83/454  -127/454  -163/454  -191/454]
[ -211/454  -223/454         0         0         0         0         0         0         0         0         0         0         0         0         0]
[-223/454, -211/454]
35 [-223/454, 697/454]
Testing obstruction for
m1: 2, m2: 39,a: 1
[    -1/2 -451/454 -215/454 -427/454 -179/454 -379/454 -119/454 -307/454  -35/454 -211/454   73/454  -91/454  205/454   53/454  361/454]
[ 221/454  541/454  413/454  745/454  629/454  973/454  869/454 1225/454 1133/454 1501/454 1421/454 1801/454 1733/454 2125/454 2069/454]
[2473/454 2429/454 2845/454 2813/454 3241/454 3221/454 3661/454 3653/454 4105/454 4109/454 3665/454 3681/454 3249/454 3277/454 2857/454]
[2897/454 2489/454 2541/454 2145/454 2209/454 1825/454 1901/454 1529/454 1617/454 1257/454 1357/454 1009/454 1121/454  785/454  909/454]
[ 585/454  721/454  409/454  557/454  257/454  417/454  129/454  301/454   25/454  209/454  -55/454  141/454 -111/454   97/454 -143/454]
[  77/454 -151/454   81/454 -135/454  109/454  -95/454  161/454  -31/454  237/454   57/454  337/454  169/454  461/454  305/454  609/454]
[ 465/454  781/454  649/454  977/454  857/454 1197/454 1089/454 1441/454 1345/454 1709/454 1625/454 2001/454 1929/454 2317/454 2257/454]
[2657/454 2609/454 3021/454 2985/454 3409/454 3385/454 3821/454 3809/454 4257/454 4257/454 3809/454 3821/454 3385/454 3409/454 2985/454]
[3021/454 2609/454 2657/454 2257/454 2317/454 1929/454 2001/454 1625/454 1709/454 1345/454 1441/454 1089/454 1197/454  857/454  977/454]
[ 649/454  781/454  465/454  609/454  305/454  461/454  169/454  337/454   57/454  237/454  -31/454  161/454  -95/454  109/454 -135/454]
[  81/454 -151/454   77/454 -143/454   97/454 -111/454  141/454  -55/454  209/454   25/454  301/454  129/454  417/454  257/454  557/454]
[ 409/454  721/454  585/454  909/454  785/454 1121/454 1009/454 1357/454 1257/454 1617/454 1529/454 1901/454 1825/454 2209/454 2145/454]
[2541/454 2489/454 2897/454 2857/454 3277/454 3249/454 3681/454 3665/454 4109/454 4105/454 3653/454 3661/454 3221/454 3241/454 2813/454]
[2845/454 2429/454 2473/454 2069/454 2125/454 1733/454 1801/454 1421/454 1501/454 1133/454 1225/454  869/454  973/454  629/454  745/454]
[ 413/454  541/454  221/454  361/454   53/454  205/454  -91/454   73/454 -211/454  -35/454 -307/454 -119/454 -379/454 -179/454 -427/454]
[-215/454 -451/454        0        0        0        0        0        0        0        0        0        0        0        0        0]
Testing obstruction for
m1: 4, m2: 17,a: 1
[    -1/2 -447/454 -199/454 -391/454 -115/454 -279/454   25/454 -111/454  221/454  113/454  473/454  393/454  781/454  729/454 1145/454]
[1121/454 1565/454 1569/454 1133/454 1165/454  757/454  817/454  437/454  525/454  173/454  289/454  -35/454  109/454 -187/454  -15/454]
[-283/454  -83/454 -323/454  -95/454 -307/454  -51/454 -235/454   49/454 -107/454  205/454   77/454  417/454  317/454  685/454  613/454]
[1009/454  965/454 1389/454 1373/454 1825/454 1837/454 1409/454 1449/454 1049/454 1117/454  745/454  841/454  497/454  621/454  305/454]
[ 457/454  169/454  349/454   89/454  297/454   65/454  301/454   97/454  361/454  185/454  477/454  329/454  649/454  529/454  877/454]
[ 785/454 1161/454 1097/454 1501/454 1465/454 1897/454 1889/454 1441/454 1461/454 1041/454 1089/454  697/454  773/454  409/454  513/454]
[ 177/454  309/454    1/454  161/454 -119/454   69/454 -183/454   33/454 -191/454   53/454 -143/454  129/454  -39/454  261/454  121/454]
[ 449/454  337/454  693/454  609/454  993/454  937/454 1349/454 1321/454 1761/454 1761/454 1321/454 1349/454  937/454  993/454  609/454]
[ 693/454  337/454  449/454  121/454  261/454  -39/454  129/454 -143/454   53/454 -191/454   33/454 -183/454   69/454 -119/454  161/454]
[   1/454  309/454  177/454  513/454  409/454  773/454  697/454 1089/454 1041/454 1461/454 1441/454 1889/454 1897/454 1465/454 1501/454]
[1097/454 1161/454  785/454  877/454  529/454  649/454  329/454  477/454  185/454  361/454   97/454  301/454   65/454  297/454   89/454]
[ 349/454  169/454  457/454  305/454  621/454  497/454  841/454  745/454 1117/454 1049/454 1449/454 1409/454 1837/454 1825/454 1373/454]
[1389/454  965/454 1009/454  613/454  685/454  317/454  417/454   77/454  205/454 -107/454   49/454 -235/454  -51/454 -307/454  -95/454]
[-323/454  -83/454 -283/454  -15/454 -187/454  109/454  -35/454  289/454  173/454  525/454  437/454  817/454  757/454 1165/454 1133/454]
[1569/454 1565/454 1121/454 1145/454  729/454  781/454  393/454  473/454  113/454  221/454 -111/454   25/454 -279/454 -115/454 -391/454]
[-199/454 -447/454        0        0        0        0        0        0        0        0        0        0        0        0        0]
Unobstructed
80
---------------------------
---------------------------
13a159
Correction terms
[    -1/2   93/422  161/422   -7/422  433/422  637/422 -239/422  337/422 -167/422  -63/422  649/422  281/422 -323/422  525/422  293/422]
[-175/422  -35/422 -131/422  381/422  657/422 -147/422 -343/422   69/422  245/422  185/422 -111/422  201/422  277/422  117/422 -279/422]
[ -67/422  -91/422  493/422   -3/422  109/422  -15/422  469/422 -127/422 -115/422  505/422   45/422  193/422  105/422 -219/422   65/422]
[ 113/422  -75/422  345/422  529/422 -367/422  189/422  509/422 -251/422  441/422   53/422  273/422  257/422    5/422 -483/422  481/422]
[ 365/422   13/422  269/422  289/422   73/422  465/422 -223/422 -303/422  225/422  517/422 -271/422  393/422  -23/422  169/422  125/422]
[-155/422  173/422  265/422  121/422 -259/422  -31/422  -39/422  561/422   81/422  209/422  101/422 -243/422   21/422   49/422 -159/422]
[ 241/422  405/422  333/422   25/422  325/422 -455/422  217/422  653/422    9/422  -27/422  545/422   37/422  137/422    1/422 -371/422]
[ 709/422  709/422 -371/422    1/422  137/422   37/422  545/422  -27/422    9/422  653/422  217/422 -455/422  325/422   25/422  333/422]
[ 405/422  241/422 -159/422   49/422   21/422 -243/422  101/422  209/422   81/422  561/422  -39/422  -31/422 -259/422  121/422  265/422]
[ 173/422 -155/422  125/422  169/422  -23/422  393/422 -271/422  517/422  225/422 -303/422 -223/422  465/422   73/422  289/422  269/422]
[  13/422  365/422  481/422 -483/422    5/422  257/422  273/422   53/422  441/422 -251/422  509/422  189/422 -367/422  529/422  345/422]
[ -75/422  113/422   65/422 -219/422  105/422  193/422   45/422  505/422 -115/422 -127/422  469/422  -15/422  109/422   -3/422  493/422]
[ -91/422  -67/422 -279/422  117/422  277/422  201/422 -111/422  185/422  245/422   69/422 -343/422 -147/422  657/422  381/422 -131/422]
[ -35/422 -175/422  293/422  525/422 -323/422  281/422  649/422  -63/422 -167/422  337/422 -239/422  637/422  433/422   -7/422  161/422]
[  93/422        0        0        0        0        0        0        0        0        0        0        0        0        0        0]
Testing obstruction for
m1: 1, m2: 106,a: 0
[     -1/2  -207/422  -195/422  -175/422  -147/422  -111/422   -67/422   -15/422    45/422   113/422   189/422   273/422   365/422   465/422   573/422]
[  689/422   813/422   945/422  1085/422  1233/422  1389/422  1553/422  1725/422  1905/422  2093/422  2289/422  2493/422  2705/422  2925/422  3153/422]
[ 3389/422  3633/422  3885/422  4145/422  4413/422  4689/422  4973/422  5265/422  5565/422  5873/422  6189/422  6513/422  6845/422  7185/422  7533/422]
[ 7889/422  8253/422  8625/422  9005/422  9393/422  9789/422 10193/422 10605/422 11025/422 10609/422 10201/422  9801/422  9409/422  9025/422  8649/422]
[ 8281/422  7921/422  7569/422  7225/422  6889/422  6561/422  6241/422  5929/422  5625/422  5329/422  5041/422  4761/422  4489/422  4225/422  3969/422]
[ 3721/422  3481/422  3249/422  3025/422  2809/422  2601/422  2401/422  2209/422  2025/422  1849/422  1681/422  1521/422  1369/422  1225/422  1089/422]
[  961/422   841/422   729/422   625/422   529/422   441/422   361/422   289/422   225/422   169/422   121/422    81/422    49/422    25/422     9/422]
[    1/422     1/422     9/422    25/422    49/422    81/422   121/422   169/422   225/422   289/422   361/422   441/422   529/422   625/422   729/422]
[  841/422   961/422  1089/422  1225/422  1369/422  1521/422  1681/422  1849/422  2025/422  2209/422  2401/422  2601/422  2809/422  3025/422  3249/422]
[ 3481/422  3721/422  3969/422  4225/422  4489/422  4761/422  5041/422  5329/422  5625/422  5929/422  6241/422  6561/422  6889/422  7225/422  7569/422]
[ 7921/422  8281/422  8649/422  9025/422  9409/422  9801/422 10201/422 10609/422 11025/422 10605/422 10193/422  9789/422  9393/422  9005/422  8625/422]
[ 8253/422  7889/422  7533/422  7185/422  6845/422  6513/422  6189/422  5873/422  5565/422  5265/422  4973/422  4689/422  4413/422  4145/422  3885/422]
[ 3633/422  3389/422  3153/422  2925/422  2705/422  2493/422  2289/422  2093/422  1905/422  1725/422  1553/422  1389/422  1233/422  1085/422   945/422]
[  813/422   689/422   573/422   465/422   365/422   273/422   189/422   113/422    45/422   -15/422   -67/422  -111/422  -147/422  -175/422  -195/422]
[ -207/422         0         0         0         0         0         0         0         0         0         0         0         0         0         0]
Testing obstruction for
m1: 3, m2: 22,a: 1
[    -1/2 -379/422  -39/422  -35/422 -367/422 -191/422 -351/422   -3/422    9/422 -315/422 -131/422 -283/422   73/422   93/422 -223/422]
[ -31/422 -175/422  189/422  217/422  -91/422  109/422  -27/422  345/422  381/422   81/422  289/422  161/422  541/422  585/422  293/422]
[ 509/422  389/422  777/422  829/422  545/422  769/422  657/422 1053/422 1113/422  837/422 1069/422  965/422 1369/422 1437/422 1169/422]
[1409/422 1313/422 1725/422 1801/422 1541/422 1789/422 1701/422 2121/422 2205/422 1953/422 2209/422 2129/422 1713/422 1805/422 1561/422]
[1825/422 1753/422 1345/422 1445/422 1209/422 1481/422 1417/422 1017/422 1125/422  897/422 1177/422 1121/422  729/422  845/422  625/422]
[ 913/422  865/422  481/422  605/422  393/422  689/422  649/422  273/422  405/422  201/422  505/422  473/422  105/422  245/422   49/422]
[ 361/422  337/422  -23/422  125/422  -63/422  257/422  241/422 -111/422   45/422 -135/422  193/422  185/422 -159/422    5/422 -167/422]
[ 169/422  169/422 -167/422    5/422 -159/422  185/422  193/422 -135/422   45/422 -111/422  241/422  257/422  -63/422  125/422  -23/422]
[ 337/422  361/422   49/422  245/422  105/422  473/422  505/422  201/422  405/422  273/422  649/422  689/422  393/422  605/422  481/422]
[ 865/422  913/422  625/422  845/422  729/422 1121/422 1177/422  897/422 1125/422 1017/422 1417/422 1481/422 1209/422 1445/422 1345/422]
[1753/422 1825/422 1561/422 1805/422 1713/422 2129/422 2209/422 1953/422 2205/422 2121/422 1701/422 1789/422 1541/422 1801/422 1725/422]
[1313/422 1409/422 1169/422 1437/422 1369/422  965/422 1069/422  837/422 1113/422 1053/422  657/422  769/422  545/422  829/422  777/422]
[ 389/422  509/422  293/422  585/422  541/422  161/422  289/422   81/422  381/422  345/422  -27/422  109/422  -91/422  217/422  189/422]
[-175/422  -31/422 -223/422   93/422   73/422 -283/422 -131/422 -315/422    9/422   -3/422 -351/422 -191/422 -367/422  -35/422  -39/422]
[-379/422        0        0        0        0        0        0        0        0        0        0        0        0        0        0]
Testing obstruction for
m1: 7, m2: 10,a: 3
[    -1/2 -403/422 -135/422 -251/422   93/422   53/422  473/422  509/422  161/422  273/422    1/422  189/422   -7/422  257/422  137/422]
[ 477/422  433/422  849/422  881/422  529/422  637/422  361/422  545/422  345/422  605/422  481/422  817/422  769/422  337/422  365/422]
[   9/422  113/422 -167/422   13/422 -191/422   65/422  -63/422  269/422  217/422  625/422  649/422  289/422  389/422  105/422  281/422]
[  73/422  325/422  193/422  521/422  465/422  869/422  889/422  525/422  621/422  333/422  505/422  293/422  541/422  405/422  729/422]
[ 669/422  225/422  241/422 -127/422  -35/422 -327/422 -159/422 -375/422 -131/422 -271/422   49/422  -15/422  381/422  393/422   21/422]
[ 109/422 -187/422  -23/422 -243/422   -3/422 -147/422  169/422  101/422  493/422  501/422  969/422 1053/422  753/422  913/422  689/422]
[ 925/422  777/422 1089/422 1017/422  561/422  565/422  185/422  265/422  -39/422  117/422 -111/422  121/422  -31/422  277/422  201/422]
[ 585/422  585/422  201/422  277/422  -31/422  121/422 -111/422  117/422  -39/422  265/422  185/422  565/422  561/422 1017/422 1089/422]
[ 777/422  925/422  689/422  913/422  753/422 1053/422  969/422  501/422  493/422  101/422  169/422 -147/422   -3/422 -243/422  -23/422]
[-187/422  109/422   21/422  393/422  381/422  -15/422   49/422 -271/422 -131/422 -375/422 -159/422 -327/422  -35/422 -127/422  241/422]
[ 225/422  669/422  729/422  405/422  541/422  293/422  505/422  333/422  621/422  525/422  889/422  869/422  465/422  521/422  193/422]
[ 325/422   73/422  281/422  105/422  389/422  289/422  649/422  625/422  217/422  269/422  -63/422   65/422 -191/422   13/422 -167/422]
[ 113/422    9/422  365/422  337/422  769/422  817/422  481/422  605/422  345/422  545/422  361/422  637/422  529/422  881/422  849/422]
[ 433/422  477/422  137/422  257/422   -7/422  189/422    1/422  273/422  161/422  509/422  473/422   53/422   93/422 -251/422 -135/422]
[-403/422        0        0        0        0        0        0        0        0        0        0        0        0        0        0]
Testing obstruction for
m1: 6, m2: 13,a: 4
[    -1/2 -411/422 -167/422 -323/422  -35/422 -147/422  185/422  117/422  493/422  469/422  889/422  909/422  529/422  593/422  257/422]
[ 365/422   73/422  225/422  -23/422  173/422  -31/422  209/422   49/422  333/422  217/422  545/422  473/422  845/422  817/422 1233/422]
[1249/422  865/422  925/422  585/422  689/422  393/422  541/422  289/422  481/422  273/422  509/422  345/422  625/422  505/422  829/422]
[ 753/422 1121/422 1089/422  657/422  669/422  281/422  337/422   -7/422   93/422 -207/422  -63/422 -319/422 -131/422 -343/422 -111/422]
[-279/422   -3/422 -127/422  193/422  113/422  477/422  441/422  849/422  857/422  465/422  517/422  169/422  265/422  -39/422  101/422]
[-159/422   25/422 -191/422   37/422 -135/422  137/422    9/422  325/422  241/422  601/422  561/422  965/422  969/422  573/422  621/422]
[ 269/422  361/422   53/422  189/422  -75/422  105/422 -115/422  109/422  -67/422  201/422   69/422  381/422  293/422  649/422  605/422]
[1005/422 1005/422  605/422  649/422  293/422  381/422   69/422  201/422  -67/422  109/422 -115/422  105/422  -75/422  189/422   53/422]
[ 361/422  269/422  621/422  573/422  969/422  965/422  561/422  601/422  241/422  325/422    9/422  137/422 -135/422   37/422 -191/422]
[  25/422 -159/422  101/422  -39/422  265/422  169/422  517/422  465/422  857/422  849/422  441/422  477/422  113/422  193/422 -127/422]
[  -3/422 -279/422 -111/422 -343/422 -131/422 -319/422  -63/422 -207/422   93/422   -7/422  337/422  281/422  669/422  657/422 1089/422]
[1121/422  753/422  829/422  505/422  625/422  345/422  509/422  273/422  481/422  289/422  541/422  393/422  689/422  585/422  925/422]
[ 865/422 1249/422 1233/422  817/422  845/422  473/422  545/422  217/422  333/422   49/422  209/422  -31/422  173/422  -23/422  225/422]
[  73/422  365/422  257/422  593/422  529/422  909/422  889/422  469/422  493/422  117/422  185/422 -147/422  -35/422 -323/422 -167/422]
[-411/422        0        0        0        0        0        0        0        0        0        0        0        0        0        0]
Testing obstruction for
m1: 27, m2: 28,a: 26
[    -1/2 -367/422    9/422   73/422 -175/422  109/422   81/422 -259/422  -67/422 -187/422  225/422  325/422  113/422  433/422  441/422]
[ 137/422  365/422  281/422  729/422  865/422  689/422 1045/422 1089/422  821/422 1085/422 1037/422 1521/422 1693/422 1553/422 1945/422]
[2025/422 1793/422 2093/422 2081/422 2601/422 2809/422 2705/422 2289/422 2405/422 2209/422 1701/422 1725/422 1437/422 1681/422 1613/422]
[1233/422 1385/422 1225/422  753/422  813/422  561/422  841/422  809/422  465/422  653/422  529/422   93/422  189/422  -27/422  289/422]
[ 293/422  -15/422  209/422  121/422 -279/422 -147/422 -327/422   25/422   65/422 -207/422   53/422    1/422 -363/422 -195/422 -339/422]
[  49/422  125/422 -111/422  185/422  169/422 -159/422   45/422  -63/422  361/422  473/422  273/422  605/422  625/422  333/422  573/422]
[ 501/422  961/422 1109/422  945/422 1313/422 1369/422 1113/422 1389/422 1353/422 1849/422 2033/422 1905/422 2309/422 2401/422 2181/422]
[2493/422 2493/422 2181/422 2401/422 2309/422 1905/422 2033/422 1849/422 1353/422 1389/422 1113/422 1369/422 1313/422  945/422 1109/422]
[ 961/422  501/422  573/422  333/422  625/422  605/422  273/422  473/422  361/422  -63/422   45/422 -159/422  169/422  185/422 -111/422]
[ 125/422   49/422 -339/422 -195/422 -363/422    1/422   53/422 -207/422   65/422   25/422 -327/422 -147/422 -279/422  121/422  209/422]
[ -15/422  293/422  289/422  -27/422  189/422   93/422  529/422  653/422  465/422  809/422  841/422  561/422  813/422  753/422 1225/422]
[1385/422 1233/422 1613/422 1681/422 1437/422 1725/422 1701/422 2209/422 2405/422 2289/422 2705/422 2809/422 2601/422 2081/422 2093/422]
[1793/422 2025/422 1945/422 1553/422 1693/422 1521/422 1037/422 1085/422  821/422 1089/422 1045/422  689/422  865/422  729/422  281/422]
[ 365/422  137/422  441/422  433/422  113/422  325/422  225/422 -187/422  -67/422 -259/422   81/422  109/422 -175/422   73/422    9/422]
[-367/422        0        0        0        0        0        0        0        0        0        0        0        0        0        0]
[-367/422, 9/422, 73/422, -175/422, 109/422, 81/422, -259/422, -67/422, -187/422]
49 [-367/422, 9/422, 73/422, -175/422, 109/422, 81/422, -259/422, -67/422, 657/422]
---------------------------
SUCCESS for name = 13a159
---------------------------
