13a619
Correction terms
[    -1/2  269/606 -439/606   -1/202  365/606 -547/606 -105/202 -151/606  -55/606   -9/202  -67/606 -175/606  287/202  617/606  305/606]
[ 379/202  689/606  173/606  267/202  149/606  641/606  -49/202  209/606  497/606 -165/202 -343/606 -259/606  -81/202 -295/606 -415/606]
[-201/202  353/606   29/606 -121/202  389/606 -139/606  159/202 -187/606  293/606  235/202 -163/606  113/606  107/202  461/606  533/606]
[ 179/202  473/606  341/606   47/202 -127/606  749/606  115/202 -127/606  545/606  -21/202  473/606 -271/606   43/202  461/606 -487/606]
[ -97/202 -163/606 -103/606  -37/202 -187/606 -331/606  223/202  389/606   41/606  279/202  353/606 -199/606  131/202 -295/606  161/606]
[ 183/202 -343/606  -91/606   31/202  209/606  257/606   79/202  149/606   -7/606  -77/202  689/606  329/606  -33/202  617/606   53/606]
[ 211/202  -67/606  377/606  251/202 -151/606   89/606   87/202  365/606  401/606  123/202  269/606      1/6  -45/202 -439/606  401/606]
[ -13/202 -547/606   89/606 -185/202  -55/606  377/606 -157/202 -175/606   53/606   71/202  305/606  329/606   95/202  173/606   -7/606]
[ 319/202  641/606  257/606  339/202  497/606  -91/606  155/202 -259/606  161/606  171/202 -415/606 -199/606  -17/202   29/606   41/606]
[  -5/202 -139/606 -331/606 -197/202  293/606 -103/606 -189/202  113/606 -487/606   19/202  533/606 -271/606   23/202  341/606  545/606]
[ 227/202  749/606  749/606  227/202  545/606  341/606   23/202 -271/606  533/606   19/202 -487/606  113/606 -189/202 -103/606  293/606]
[-197/202 -331/606 -139/606   -5/202   41/606   29/606  -17/202 -199/606 -415/606  171/202  161/606 -259/606  155/202  -91/606  497/606]
[ 339/202  257/606  641/606  319/202   -7/606  173/606   95/202  329/606  305/606   71/202   53/606 -175/606 -157/202  377/606  -55/606]
[-185/202   89/606 -547/606  -13/202  401/606 -439/606  -45/202      1/6  269/606  123/202  401/606  365/606   87/202   89/606 -151/606]
[ 251/202  377/606  -67/606  211/202   53/606  617/606  -33/202  329/606  689/606  -77/202   -7/606  149/606   79/202  257/606  209/606]
[  31/202  -91/606 -343/606  183/202  161/606 -295/606  131/202 -199/606  353/606  279/202   41/606  389/606  223/202 -331/606 -187/606]
[ -37/202 -103/606 -163/606  -97/202 -487/606  461/606   43/202 -271/606  473/606  -21/202  545/606 -127/606  115/202  749/606 -127/606]
[  47/202  341/606  473/606  179/202  533/606  461/606  107/202  113/606 -163/606  235/202  293/606 -187/606  159/202 -139/606  389/606]
[-121/202   29/606  353/606 -201/202 -415/606 -295/606  -81/202 -259/606 -343/606 -165/202  497/606  209/606  -49/202  641/606  149/606]
[ 267/202  173/606  689/606  379/202  305/606  617/606  287/202 -175/606  -67/606   -9/202  -55/606 -151/606 -105/202 -547/606  365/606]
[  -1/202 -439/606  269/606        0        0        0        0        0        0        0        0        0        0        0        0]
Testing obstruction for
m1: 1, m2: 152,a: 0
[     -1/2  -299/606  -287/606   -89/202  -239/606  -203/606   -53/202  -107/606   -47/606     7/202    97/606   181/606    91/202   373/606   481/606]
[  199/202   721/606   853/606   331/202  1141/606  1297/606   487/202  1633/606  1813/606   667/202  2197/606  2401/606   871/202  2833/606  3061/606]
[ 1099/202  3541/606  3793/606  1351/202  4321/606  4597/606  1627/202  5173/606  5473/606  1927/202  6097/606  6421/606  2251/202  7093/606  7441/606]
[ 2599/202  8161/606  8533/606  2971/202  9301/606  9697/606  3367/202 10513/606 10933/606  3787/202 11797/606 12241/606  4231/202 13153/606 13621/606]
[ 4699/202 14581/606 15073/606  5191/202 16081/606 16597/606  5707/202 17653/606 18193/606  6247/202 19297/606 19861/606  6811/202 21013/606 21601/606]
[ 7399/202 22801/606 22201/606  7203/202 21025/606 20449/606  6627/202 19321/606 18769/606  6075/202 17689/606 17161/606  5547/202 16129/606 15625/606]
[ 5043/202 14641/606 14161/606  4563/202 13225/606 12769/606  4107/202 11881/606 11449/606  3675/202 10609/606     101/6  3267/202  9409/606  9025/606]
[ 2883/202  8281/606  7921/606  2523/202  7225/606  6889/606  2187/202  6241/606  5929/606  1875/202  5329/606  5041/606  1587/202  4489/606  4225/606]
[ 1323/202  3721/606  3481/606  1083/202  3025/606  2809/606   867/202  2401/606  2209/606   675/202  1849/606  1681/606   507/202  1369/606  1225/606]
[  363/202   961/606   841/606   243/202   625/606   529/606   147/202   361/606   289/606    75/202   169/606   121/606    27/202    49/606    25/606]
[    3/202     1/606     1/606     3/202    25/606    49/606    27/202   121/606   169/606    75/202   289/606   361/606   147/202   529/606   625/606]
[  243/202   841/606   961/606   363/202  1225/606  1369/606   507/202  1681/606  1849/606   675/202  2209/606  2401/606   867/202  2809/606  3025/606]
[ 1083/202  3481/606  3721/606  1323/202  4225/606  4489/606  1587/202  5041/606  5329/606  1875/202  5929/606  6241/606  2187/202  6889/606  7225/606]
[ 2523/202  7921/606  8281/606  2883/202  9025/606  9409/606  3267/202     101/6 10609/606  3675/202 11449/606 11881/606  4107/202 12769/606 13225/606]
[ 4563/202 14161/606 14641/606  5043/202 15625/606 16129/606  5547/202 17161/606 17689/606  6075/202 18769/606 19321/606  6627/202 20449/606 21025/606]
[ 7203/202 22201/606 22801/606  7399/202 21601/606 21013/606  6811/202 19861/606 19297/606  6247/202 18193/606 17653/606  5707/202 16597/606 16081/606]
[ 5191/202 15073/606 14581/606  4699/202 13621/606 13153/606  4231/202 12241/606 11797/606  3787/202 10933/606 10513/606  3367/202  9697/606  9301/606]
[ 2971/202  8533/606  8161/606  2599/202  7441/606  7093/606  2251/202  6421/606  6097/606  1927/202  5473/606  5173/606  1627/202  4597/606  4321/606]
[ 1351/202  3793/606  3541/606  1099/202  3061/606  2833/606   871/202  2401/606  2197/606   667/202  1813/606  1633/606   487/202  1297/606  1141/606]
[  331/202   853/606   721/606   199/202   481/606   373/606    91/202   181/606    97/606     7/202   -47/606  -107/606   -53/202  -203/606  -239/606]
[  -89/202  -287/606  -299/606         0         0         0         0         0         0         0         0         0         0         0         0]
Testing obstruction for
m1: 2, m2: 51,a: 0
[    -1/2 -199/606  113/606 -193/202  149/606 -127/606  -65/202  -55/606  293/606 -121/202  401/606  161/606   43/202  305/606  689/606]
[  23/202  869/606  665/606  223/202  881/606 1301/606  239/202 1553/606 1385/606  475/202 1673/606 2129/606  527/202 2453/606 2321/606]
[ 799/202 2681/606 3173/606  887/202 3569/606 3473/606 1195/202 3905/606 4433/606 1319/202 4901/606 4841/606 1663/202 5345/606 5909/606]
[1823/202 6449/606 6425/606 2203/202 7001/606 7601/606 2399/202 7001/606 7013/606 2007/202 6449/606 5873/606 1835/202 5345/606 5393/606]
[1479/202 4901/606 4361/606 1343/202 3905/606 3989/606 1023/202 3569/606 3065/606  923/202 2681/606 2801/606  639/202 2453/606 1985/606]
[ 575/202 1673/606 1829/606  327/202 1553/606 1121/606  299/202  881/606 1073/606   87/202  869/606  473/606   95/202  305/606  533/606]
[ -81/202  401/606   41/606  -37/202  -55/606  209/606 -177/202  149/606 -175/606  -97/202 -199/606      1/6 -201/202  113/606 -175/606]
[ -85/202 -127/606  209/606 -153/202  293/606   41/606   -1/202  161/606  533/606  -33/202  689/606  473/606  155/202  665/606 1073/606]
[ 159/202 1301/606 1121/606  383/202 1385/606 1829/606  423/202 2129/606 1985/606  683/202 2321/606 2801/606  759/202 3173/606 3065/606]
[1055/202 3473/606 3989/606 1167/202 4433/606 4361/606 1499/202 4841/606 5393/606 1647/202 5909/606 5873/606 2015/202 6425/606 7013/606]
[2199/202 7601/606 7601/606 2199/202 7013/606 6425/606 2015/202 5873/606 5909/606 1647/202 5393/606 4841/606 1499/202 4361/606 4433/606]
[1167/202 3989/606 3473/606 1055/202 3065/606 3173/606  759/202 2801/606 2321/606  683/202 1985/606 2129/606  423/202 1829/606 1385/606]
[ 383/202 1121/606 1301/606  159/202 1073/606  665/606  155/202  473/606  689/606  -33/202  533/606  161/606   -1/202   41/606  293/606]
[-153/202  209/606 -127/606  -85/202 -175/606  113/606 -201/202      1/6 -199/606  -97/202 -175/606  149/606 -177/202  209/606  -55/606]
[ -37/202   41/606  401/606  -81/202  533/606  305/606   95/202  473/606  869/606   87/202 1073/606  881/606  299/202 1121/606 1553/606]
[ 327/202 1829/606 1673/606  575/202 1985/606 2453/606  639/202 2801/606 2681/606  923/202 3065/606 3569/606 1023/202 3989/606 3905/606]
[1343/202 4361/606 4901/606 1479/202 5393/606 5345/606 1835/202 5873/606 6449/606 2007/202 7013/606 7001/606 2399/202 7601/606 7001/606]
[2203/202 6425/606 6449/606 1823/202 5909/606 5345/606 1663/202 4841/606 4901/606 1319/202 4433/606 3905/606 1195/202 3473/606 3569/606]
[ 887/202 3173/606 2681/606  799/202 2321/606 2453/606  527/202 2129/606 1673/606  475/202 1385/606 1553/606  239/202 1301/606  881/606]
[ 223/202  665/606  869/606   23/202  689/606  305/606   43/202  161/606  401/606 -121/202  293/606  -55/606  -65/202 -127/606  149/606]
[-193/202  113/606 -199/606        0        0        0        0        0        0        0        0        0        0        0        0]
[-199/606, 113/606, -193/202]
71 [-199/606, 113/606, 211/202]
[-199/606, 113/606, -193/202]
131 [-199/606, 113/606, 211/202]
Testing obstruction for
m1: 6, m2: 15,a: 2
[    -1/2 -595/606 -259/606 -169/202 -127/606 -331/606   31/202  -67/606  401/606   95/202  797/606  725/606  427/202 1253/606 1853/606]
[ 623/202 1301/606 1361/606  279/202  941/606  461/606  203/202  173/606  365/606   -9/202  209/606 -139/606   47/202 -163/606  161/606]
[ -33/202  269/606   53/606  155/202  293/606  749/606  207/202 1121/606 1037/606  527/202 1541/606 2129/606  711/202 1553/606 1601/606]
[ 355/202 1157/606  665/606  267/202  353/606  533/606   43/202  353/606   -7/606   87/202  -55/606  257/606   -5/202  341/606  113/606]
[ 171/202  329/606  773/606  211/202 1121/606 1025/606  519/202 1505/606 2081/606  691/202 1481/606 1517/606  323/202 1049/606  545/606]
[ 223/202  209/606  377/606  -13/202  173/606 -199/606   19/202 -271/606   29/606  -85/202   89/606 -151/606   79/202   41/606  473/606]
[ 107/202  797/606  689/606  403/202 1145/606 1709/606  563/202 2297/606 2321/606  587/202 1829/606     13/6  475/202  953/606 1109/606]
[ 227/202  881/606  497/606  247/202  401/606  689/606  131/202  725/606  473/606  283/202  641/606 1061/606  299/202 1361/606 1241/606]
[ 583/202 1673/606 2225/606  731/202 1577/606 1589/606  339/202 1073/606  545/606  215/202  161/606  305/606  -45/202   53/606 -343/606]
[ -37/202 -463/606 -187/606 -165/202 -175/606 -439/606  -25/202 -295/606  113/606  -21/202  389/606  257/606  251/202  665/606 1205/606]
[ 387/202 1745/606 1745/606  387/202 1205/606  665/606  251/202  257/606  389/606  -21/202  113/606 -295/606  -25/202 -439/606 -175/606]
[-165/202 -187/606 -463/606  -37/202 -343/606   53/606  -45/202  305/606  161/606  215/202  545/606 1073/606  339/202 1589/606 1577/606]
[ 731/202 2225/606 1673/606  583/202 1241/606 1361/606  299/202 1061/606  641/606  283/202  473/606  725/606  131/202  689/606  401/606]
[ 247/202  497/606  881/606  227/202 1109/606  953/606  475/202     13/6 1829/606  587/202 2321/606 2297/606  563/202 1709/606 1145/606]
[ 403/202  689/606  797/606  107/202  473/606   41/606   79/202 -151/606   89/606  -85/202   29/606 -271/606   19/202 -199/606  173/606]
[ -13/202  377/606  209/606  223/202  545/606 1049/606  323/202 1517/606 1481/606  691/202 2081/606 1505/606  519/202 1025/606 1121/606]
[ 211/202  773/606  329/606  171/202  113/606  341/606   -5/202  257/606  -55/606   87/202   -7/606  353/606   43/202  533/606  353/606]
[ 267/202  665/606 1157/606  355/202 1601/606 1553/606  711/202 2129/606 1541/606  527/202 1037/606 1121/606  207/202  749/606  293/606]
[ 155/202   53/606  269/606  -33/202  161/606 -163/606   47/202 -139/606  209/606   -9/202  365/606  173/606  203/202  461/606  941/606]
[ 279/202 1361/606 1301/606  623/202 1853/606 1253/606  427/202  725/606  797/606   95/202  401/606  -67/606   31/202 -331/606 -127/606]
[-169/202 -259/606 -595/606        0        0        0        0        0        0        0        0        0        0        0        0]
Testing obstruction for
m1: 7, m2: 16,a: 5
[    -1/2 -575/606 -179/606 -109/202  193/606  169/606  271/202  913/606  469/606  231/202  373/606  721/606  175/202  997/606  925/606]
[ 507/202 1573/606 1081/606  419/202  889/606 1189/606  315/202 1369/606 1249/606  195/202  589/606   49/606   59/202 -239/606   13/606]
[ -93/202   97/606  -71/606  143/202  385/606 1009/606  363/202  625/606  829/606  163/202  817/606  601/606  351/202  961/606 1537/606]
[ 523/202 1057/606 1213/606  275/202 1105/606  841/606  415/202 1105/606  421/606  135/202 -155/606  -47/606 -161/202 -251/606 -563/606]
[ -69/202 -395/606   85/606    7/202  625/606  685/606   67/202  385/606   25/606  111/202   97/606  529/606  139/202  973/606  985/606]
[ 555/202 1801/606 1393/606  551/202 1369/606 1753/606  531/202  889/606  853/606   91/202  361/606  -95/606   39/202 -215/606  121/606]
[ -29/202  373/606  289/606  291/202  913/606  409/606  191/202  193/606  481/606   75/202  637/606      5/6  347/202 1033/606 1693/606]
[ 603/202 1381/606 1621/606  439/202 1681/606 1501/606  259/202  721/606  121/606   63/202 -287/606  -95/606 -149/202 -131/606 -359/606]
[  27/202  -23/606  541/606  187/202   37/606  181/606  -73/202   49/606 -227/606   55/202   13/606  529/606  167/202 1141/606 1237/606]
[ 667/202 2221/606 1897/606  747/202 2041/606 1297/606  407/202  601/606  649/606   51/202  325/606  -47/606   83/202    1/606  421/606]
[  99/202  841/606  841/606   99/202  421/606    1/606   83/202  -47/606  325/606   51/202  649/606  601/606  407/202 1297/606 2041/606]
[ 747/202 1897/606 2221/606  667/202 1237/606 1141/606  167/202  529/606   13/606   55/202 -227/606   49/606  -73/202  181/606   37/606]
[ 187/202  541/606  -23/606   27/202 -359/606 -131/606 -149/202  -95/606 -287/606   63/202  121/606  721/606  259/202 1501/606 1681/606]
[ 439/202 1621/606 1381/606  603/202 1693/606 1033/606  347/202      5/6  637/606   75/202  481/606  193/606  191/202  409/606  913/606]
[ 291/202  289/606  373/606  -29/202  121/606 -215/606   39/202  -95/606  361/606   91/202  853/606  889/606  531/202 1753/606 1369/606]
[ 551/202 1393/606 1801/606  555/202  985/606  973/606  139/202  529/606   97/606  111/202   25/606  385/606   67/202  685/606  625/606]
[   7/202   85/606 -395/606  -69/202 -563/606 -251/606 -161/202  -47/606 -155/606  135/202  421/606 1105/606  415/202  841/606 1105/606]
[ 275/202 1213/606 1057/606  523/202 1537/606  961/606  351/202  601/606  817/606  163/202  829/606  625/606  363/202 1009/606  385/606]
[ 143/202  -71/606   97/606  -93/202   13/606 -239/606   59/202   49/606  589/606  195/202 1249/606 1369/606  315/202 1189/606  889/606]
[ 419/202 1081/606 1573/606  507/202  925/606  997/606  175/202  721/606  373/606  231/202  469/606  913/606  271/202  169/606  193/606]
[-109/202 -179/606 -575/606        0        0        0        0        0        0        0        0        0        0        0        0]
Testing obstruction for
m1: 10, m2: 17,a: 9
[    -1/2 -587/606 -227/606 -145/202    1/606 -131/606  127/202  325/606  913/606  311/202  385/606  481/606    3/202  181/606 -215/606]
[  11/202 -287/606   37/606  -69/202  193/606   25/606  167/202  409/606  961/606  315/202  361/606  421/606  -29/202   49/606 -383/606]
[ -57/202 -527/606 -239/606 -173/202 -155/606 -359/606   27/202  -47/606  469/606  139/202 1009/606 1033/606  163/202  589/606  121/606]
[  99/202  -95/606  157/606  -53/202  169/606  -71/606  111/202  169/606  649/606  187/202 1117/606 1105/606  175/202  589/606   85/606]
[  75/202 -203/606   13/606 -113/202  -47/606 -323/606   15/202 -155/606  289/606   55/202  685/606  637/606  411/202 1261/606  721/606]
[ 275/202  361/606  541/606   51/202  409/606   97/606  143/202  193/606  601/606  147/202  925/606  841/606  467/202 1393/606  817/606]
[ 295/202  385/606  529/606   35/202  325/606  -23/606   91/202    1/606  373/606   59/202  625/606      5/6  343/202  985/606 1585/606]
[ 539/202 1081/606 1189/606  243/202  913/606  529/606  263/202  481/606  817/606  195/202  997/606  841/606  443/202 1249/606 1813/606]
[ 603/202 1237/606 1309/606  271/202  961/606  541/606  255/202  421/606  721/606  151/202  829/606  637/606  363/202  973/606 1501/606]
[ 487/202 2065/606 2101/606  523/202 1681/606 1225/606  471/202 1033/606 1297/606  331/202 1333/606 1105/606  507/202 1369/606 1861/606]
[ 595/202 2353/606 2353/606  595/202 1861/606 1369/606  507/202 1105/606 1333/606  331/202 1297/606 1033/606  471/202 1225/606 1681/606]
[ 523/202 2101/606 2065/606  487/202 1501/606  973/606  363/202  637/606  829/606  151/202  721/606  421/606  255/202  541/606  961/606]
[ 271/202 1309/606 1237/606  603/202 1813/606 1249/606  443/202  841/606  997/606  195/202  817/606  481/606  263/202  529/606  913/606]
[ 243/202 1189/606 1081/606  539/202 1585/606  985/606  343/202      5/6  625/606   59/202  373/606    1/606   91/202  -23/606  325/606]
[  35/202  529/606  385/606  295/202  817/606 1393/606  467/202  841/606  925/606  147/202  601/606  193/606  143/202   97/606  409/606]
[  51/202  541/606  361/606  275/202  721/606 1261/606  411/202  637/606  685/606   55/202  289/606 -155/606   15/202 -323/606  -47/606]
[-113/202   13/606 -203/606   75/202   85/606  589/606  175/202 1105/606 1117/606  187/202  649/606  169/606  111/202  -71/606  169/606]
[ -53/202  157/606  -95/606   99/202  121/606  589/606  163/202 1033/606 1009/606  139/202  469/606  -47/606   27/202 -359/606 -155/606]
[-173/202 -239/606 -527/606  -57/202 -383/606   49/606  -29/202  421/606  361/606  315/202  961/606  409/606  167/202   25/606  193/606]
[ -69/202   37/606 -287/606   11/202 -215/606  181/606    3/202  481/606  385/606  311/202  913/606  325/606  127/202 -131/606    1/606]
[-145/202 -227/606 -587/606        0        0        0        0        0        0        0        0        0        0        0        0]
Testing obstruction for
m1: 20, m2: 21,a: 18
[    -1/2 -547/606  -67/606  -25/202  641/606  869/606  203/202 1073/606 1049/606  583/202 1961/606 2897/606  711/202 2093/606 1565/606]
[ 587/202 1469/606  689/606  211/202   89/606  269/606  -13/202  377/606  305/606  -85/202  -91/606 -415/606   -5/202 -103/606  533/606]
[ 227/202 1553/606 1937/606  611/202 2453/606 2585/606  743/202 1385/606 1265/606  219/202  773/606  401/606  251/202  617/606   -7/606]
[  31/202 -295/606   41/606  -37/202  461/606  545/606   47/202  461/606  293/606  283/202  917/606 1709/606  671/202 3041/606 2369/606]
[ 807/202 1985/606 1061/606  287/202  173/606  209/606  -81/202   29/606 -187/606  107/202  341/606 -127/606   43/202 -103/606  389/606]
[ 131/202 1121/606 1361/606  371/202 1589/606 1577/606  763/202 2513/606 2249/606  499/202 1469/606  953/606  387/202  881/606  113/606]
[  23/202 -463/606 -271/606 -189/202 -139/606 -199/606  155/202  641/606  329/606  247/202  665/606     13/6  491/202 2357/606 2753/606]
[ 887/202 2081/606 2225/606  627/202 1049/606  941/606  115/202  473/606  113/606  159/202  353/606 -259/606  -49/202 -523/606 -175/606]
[-105/202  269/606  365/606  395/202 1517/606 1361/606  643/202 2009/606 2813/606  639/202 1745/606 1085/606  383/202  725/606 1025/606]
[ 279/202  161/606  209/606  -77/202   53/606 -151/606  123/202  401/606  -55/606   71/202   -7/606  497/606  171/202 1253/606 1505/606]
[ 827/202 2969/606 2969/606  827/202 1505/606 1253/606  171/202  497/606   -7/606   71/202  -55/606  401/606  123/202 -151/606   53/606]
[ -77/202  209/606  161/606  279/202 1025/606  725/606  383/202 1085/606 1745/606  639/202 2813/606 2009/606  643/202 1361/606 1517/606]
[ 395/202  365/606  269/606 -105/202 -175/606 -523/606  -49/202 -259/606  353/606  159/202  113/606  473/606  115/202  941/606 1049/606]
[ 627/202 2225/606 2081/606  887/202 2753/606 2357/606  491/202     13/6  665/606  247/202  329/606  641/606  155/202 -199/606 -139/606]
[-189/202 -271/606 -463/606   23/202  113/606  881/606  387/202  953/606 1469/606  499/202 2249/606 2513/606  763/202 1577/606 1589/606]
[ 371/202 1361/606 1121/606  131/202  389/606 -103/606   43/202 -127/606  341/606  107/202 -187/606   29/606  -81/202  209/606  173/606]
[ 287/202 1061/606 1985/606  807/202 2369/606 3041/606  671/202 1709/606  917/606  283/202  293/606  461/606   47/202  545/606  461/606]
[ -37/202   41/606 -295/606   31/202   -7/606  617/606  251/202  401/606  773/606  219/202 1265/606 1385/606  743/202 2585/606 2453/606]
[ 611/202 1937/606 1553/606  227/202  533/606 -103/606   -5/202 -415/606  -91/606  -85/202  305/606  377/606  -13/202  269/606   89/606]
[ 211/202  689/606 1469/606  587/202 1565/606 2093/606  711/202 2897/606 1961/606  583/202 1049/606 1073/606  203/202  869/606  641/606]
[ -25/202  -67/606 -547/606        0        0        0        0        0        0        0        0        0        0        0        0]
[-547/606, -67/606, -25/202]
5 [-547/606, -67/606, 379/202]
[-547/606, -67/606, -25/202]
106 [-547/606, -67/606, 379/202]
---------------------------
SUCCESS for name = 13a619
---------------------------
13a630
H_1 not cyclic will skip for now
13a633
Correction terms
[    -1/2 -219/262   41/262  125/262   33/262 -235/262 -155/262  273/262    1/262   77/262  -23/262 -299/262 -227/262  193/262  -87/262]
[ -19/262 -127/262  113/262  177/262   65/262  301/262 -163/262 -279/262  -47/262    9/262 -111/262  117/262 -355/262   45/262  269/262]
[ 317/262  189/262 -115/262  -71/262 -203/262   13/262   53/262  -83/262 -395/262  165/262   25/262  233/262  265/262  121/262 -199/262]
[-171/262  205/262 -119/262  -95/262 -247/262  -51/262  -31/262  337/262    5/262   21/262 -139/262   49/262   61/262 -103/262   81/262]
[-435/262  -79/262  101/262  105/262  -67/262  109/262  109/262  -67/262  105/262  101/262  -79/262 -435/262   81/262 -103/262   61/262]
[  49/262 -139/262   21/262    5/262  337/262  -31/262  -51/262 -247/262  -95/262 -119/262  205/262 -171/262 -199/262  121/262  265/262]
[ 233/262   25/262  165/262 -395/262  -83/262   53/262   13/262 -203/262  -71/262 -115/262  189/262  317/262  269/262   45/262 -355/262]
[ 117/262 -111/262    9/262  -47/262 -279/262 -163/262  301/262   65/262  177/262  113/262 -127/262  -19/262  -87/262  193/262 -227/262]
[-299/262  -23/262   77/262    1/262  273/262 -155/262 -235/262   33/262  125/262   41/262 -219/262        0        0        0        0]
Testing obstruction for
m1: 1, m2: 66,a: 0
[    -1/2 -127/262 -115/262  -95/262  -67/262  -31/262   13/262   65/262  125/262  193/262  269/262  353/262  445/262  545/262  653/262]
[ 769/262  893/262 1025/262 1165/262 1313/262 1469/262 1633/262 1805/262 1985/262 2173/262 2369/262 2573/262 2785/262 3005/262 3233/262]
[3469/262 3713/262 3965/262 4225/262 3969/262 3721/262 3481/262 3249/262 3025/262 2809/262 2601/262 2401/262 2209/262 2025/262 1849/262]
[1681/262 1521/262 1369/262 1225/262 1089/262  961/262  841/262  729/262  625/262  529/262  441/262  361/262  289/262  225/262  169/262]
[ 121/262   81/262   49/262   25/262    9/262    1/262    1/262    9/262   25/262   49/262   81/262  121/262  169/262  225/262  289/262]
[ 361/262  441/262  529/262  625/262  729/262  841/262  961/262 1089/262 1225/262 1369/262 1521/262 1681/262 1849/262 2025/262 2209/262]
[2401/262 2601/262 2809/262 3025/262 3249/262 3481/262 3721/262 3969/262 4225/262 3965/262 3713/262 3469/262 3233/262 3005/262 2785/262]
[2573/262 2369/262 2173/262 1985/262 1805/262 1633/262 1469/262 1313/262 1165/262 1025/262  893/262  769/262  653/262  545/262  445/262]
[ 353/262  269/262  193/262  125/262   65/262   13/262  -31/262  -67/262  -95/262 -115/262 -127/262        0        0        0        0]
Unobstructed
16
---------------------------
---------------------------
13a638
H_1 not cyclic will skip for now
13a641
Correction terms
[    -1/2  109/478  197/478   25/478 -407/478 -143/478 -139/478 -395/478   45/478  225/478  145/478 -195/478  161/478 -699/478   93/478]
[-331/478  -59/478  -47/478 -295/478  153/478 -615/478  269/478  -63/478  301/478 -551/478  249/478 -167/478 -843/478  133/478 -107/478]
[ 349/478 -411/478  481/478  157/478 -427/478 -315/478 -463/478   85/478 -583/478  401/478  169/478 -323/478 -119/478 -175/478 -491/478]
[-111/478    9/478 -131/478 -531/478 -235/478 -199/478 -423/478   49/478  261/478  213/478  -95/478  293/478 -535/478 -667/478 -103/478]
[ 201/478  245/478   29/478  509/478 -227/478 -267/478 -567/478 -171/478  -35/478 -159/478  413/478 -231/478 -179/478 -387/478  101/478]
[-627/478  297/478    5/478 -547/478 -403/478 -519/478   61/478 -575/478  441/478  241/478 -219/478   17/478   -7/478 -291/478 -835/478]
[ 273/478  165/478 -203/478  125/478  193/478    1/478 -451/478 -207/478 -223/478 -499/478  -79/478   81/478  -19/478 -379/478  -43/478]
[  33/478 -151/478  361/478 -343/478 -351/478 -619/478 -191/478  -23/478 -115/478  489/478 -123/478  -39/478 -215/478  305/478 -391/478]
[-391/478  305/478 -215/478  -39/478 -123/478  489/478 -115/478  -23/478 -191/478 -619/478 -351/478 -343/478  361/478 -151/478   33/478]
[ -43/478 -379/478  -19/478   81/478  -79/478 -499/478 -223/478 -207/478 -451/478    1/478  193/478  125/478 -203/478  165/478  273/478]
[-835/478 -291/478   -7/478   17/478 -219/478  241/478  441/478 -575/478   61/478 -519/478 -403/478 -547/478    5/478  297/478 -627/478]
[ 101/478 -387/478 -179/478 -231/478  413/478 -159/478  -35/478 -171/478 -567/478 -267/478 -227/478  509/478   29/478  245/478  201/478]
[-103/478 -667/478 -535/478  293/478  -95/478  213/478  261/478   49/478 -423/478 -199/478 -235/478 -531/478 -131/478    9/478 -111/478]
[-491/478 -175/478 -119/478 -323/478  169/478  401/478 -583/478   85/478 -463/478 -315/478 -427/478  157/478  481/478 -411/478  349/478]
[-107/478  133/478 -843/478 -167/478  249/478 -551/478  301/478  -63/478  269/478 -615/478  153/478 -295/478  -47/478  -59/478 -331/478]
[  93/478 -699/478  161/478 -195/478  145/478  225/478   45/478 -395/478 -139/478 -143/478 -407/478   25/478  197/478  109/478        0]
Testing obstruction for
m1: 1, m2: 120,a: 0
[     -1/2  -235/478  -223/478  -203/478  -175/478  -139/478   -95/478   -43/478    17/478    85/478   161/478   245/478   337/478   437/478   545/478]
[  661/478   785/478   917/478  1057/478  1205/478  1361/478  1525/478  1697/478  1877/478  2065/478  2261/478  2465/478  2677/478  2897/478  3125/478]
[ 3361/478  3605/478  3857/478  4117/478  4385/478  4661/478  4945/478  5237/478  5537/478  5845/478  6161/478  6485/478  6817/478  7157/478  7505/478]
[ 7861/478  8225/478  8597/478  8977/478  9365/478  9761/478 10165/478 10577/478 10997/478 11425/478 11861/478 12305/478 12757/478 13217/478 13685/478]
[14161/478 13689/478 13225/478 12769/478 12321/478 11881/478 11449/478 11025/478 10609/478 10201/478  9801/478  9409/478  9025/478  8649/478  8281/478]
[ 7921/478  7569/478  7225/478  6889/478  6561/478  6241/478  5929/478  5625/478  5329/478  5041/478  4761/478  4489/478  4225/478  3969/478  3721/478]
[ 3481/478  3249/478  3025/478  2809/478  2601/478  2401/478  2209/478  2025/478  1849/478  1681/478  1521/478  1369/478  1225/478  1089/478   961/478]
[  841/478   729/478   625/478   529/478   441/478   361/478   289/478   225/478   169/478   121/478    81/478    49/478    25/478     9/478     1/478]
[    1/478     9/478    25/478    49/478    81/478   121/478   169/478   225/478   289/478   361/478   441/478   529/478   625/478   729/478   841/478]
[  961/478  1089/478  1225/478  1369/478  1521/478  1681/478  1849/478  2025/478  2209/478  2401/478  2601/478  2809/478  3025/478  3249/478  3481/478]
[ 3721/478  3969/478  4225/478  4489/478  4761/478  5041/478  5329/478  5625/478  5929/478  6241/478  6561/478  6889/478  7225/478  7569/478  7921/478]
[ 8281/478  8649/478  9025/478  9409/478  9801/478 10201/478 10609/478 11025/478 11449/478 11881/478 12321/478 12769/478 13225/478 13689/478 14161/478]
[13685/478 13217/478 12757/478 12305/478 11861/478 11425/478 10997/478 10577/478 10165/478  9761/478  9365/478  8977/478  8597/478  8225/478  7861/478]
[ 7505/478  7157/478  6817/478  6485/478  6161/478  5845/478  5537/478  5237/478  4945/478  4661/478  4385/478  4117/478  3857/478  3605/478  3361/478]
[ 3125/478  2897/478  2677/478  2465/478  2261/478  2065/478  1877/478  1697/478  1525/478  1361/478  1205/478  1057/478   917/478   785/478   661/478]
[  545/478   437/478   337/478   245/478   161/478    85/478    17/478   -43/478   -95/478  -139/478  -175/478  -203/478  -223/478  -235/478         0]
Unobstructed
49
---------------------------
---------------------------
