13a4657
Correction terms
[    -1/2  137/518  289/518  197/518 -139/518  317/518  529/518    71/74  221/518 -299/518  -27/518    1/518 -215/518  361/518   -49/74]
[-255/518 -411/518  225/518  617/518 -271/518 -367/518  -101/74 -255/518  -47/518  -83/518 -363/518  149/518  417/518    63/74  221/518]
[-243/518   85/518  169/518    9/518 -395/518    -1/74  137/518     1/14  729/518  141/518  345/518  305/518     3/74  529/518 -243/518]
[-223/518 -447/518  121/518  445/518    75/74  361/518  -47/518  337/518  477/518  373/518   25/518   -81/74 -367/518 -411/518  337/518]
[-195/518   65/518   81/518   -21/74  417/518 -299/518 -223/518 -391/518  233/518 -423/518   -41/74 -395/518  289/518  729/518    -3/14]
[-159/518 -451/518     7/74  305/518  317/518   85/518 -391/518  -75/518   -3/518   123/74  445/518 -215/518  -83/518 -195/518  485/518]
[-115/518    11/74   25/518 -271/518  225/518  477/518  485/518  249/518   -33/74   81/518  149/518  -27/518 -447/518  -75/518   53/518]
[   -9/74 -423/518    9/518  197/518  141/518 -159/518   -19/14   -65/74 -451/518  345/518 -139/518  169/518  233/518   53/518    95/74]
[  -3/518  121/518    1/518 -363/518   65/518  249/518    27/74 -115/518  373/518  617/518  617/518  373/518 -115/518    27/74  249/518]
[  65/518 -363/518    1/518  121/518   -3/518    95/74   53/518  233/518  169/518 -139/518  345/518 -451/518   -65/74   -19/14 -159/518]
[ 141/518  197/518    9/518 -423/518    -9/74   53/518  -75/518 -447/518  -27/518  149/518   81/518   -33/74  249/518  485/518  477/518]
[ 225/518 -271/518   25/518    11/74 -115/518  485/518 -195/518  -83/518 -215/518  445/518   123/74   -3/518  -75/518 -391/518   85/518]
[ 317/518  305/518     7/74 -451/518 -159/518    -3/14  729/518  289/518 -395/518   -41/74 -423/518  233/518 -391/518 -223/518 -299/518]
[ 417/518   -21/74   81/518   65/518 -195/518  337/518 -411/518 -367/518   -81/74   25/518  373/518  477/518  337/518  -47/518  361/518]
[   75/74  445/518  121/518 -447/518 -223/518 -243/518  529/518     3/74  305/518  345/518  141/518  729/518     1/14  137/518    -1/74]
[-395/518    9/518  169/518   85/518 -243/518  221/518    63/74  417/518  149/518 -363/518  -83/518  -47/518 -255/518  -101/74 -367/518]
[-271/518  617/518  225/518 -411/518 -255/518   -49/74  361/518 -215/518    1/518  -27/518 -299/518  221/518    71/74  529/518  317/518]
[-139/518  197/518  289/518  137/518        0        0        0        0        0        0        0        0        0        0        0]
Testing obstruction for
m1: 1, m2: 130,a: 0
[     -1/2  -255/518  -243/518  -223/518  -195/518  -159/518  -115/518     -9/74    -3/518    65/518   141/518   225/518   317/518   417/518     75/74]
[  641/518   765/518   897/518  1037/518  1185/518  1341/518    215/74  1677/518  1857/518  2045/518  2241/518  2445/518  2657/518    411/74  3105/518]
[ 3341/518  3585/518  3837/518  4097/518  4365/518    663/74  4925/518    141/14  5517/518  5825/518  6141/518  6465/518    971/74  7137/518  7485/518]
[ 7841/518  8205/518  8577/518  8957/518   1335/74  9741/518 10145/518 10557/518 10977/518 11405/518 11841/518   1755/74 12737/518 13197/518 13665/518]
[14141/518 14625/518 15117/518   2231/74 16125/518 16641/518 16129/518 15625/518 15129/518 14641/518   2023/74 13689/518 13225/518 12769/518    333/14]
[11881/518 11449/518   1575/74 10609/518 10201/518  9801/518  9409/518  9025/518  8649/518   1183/74  7921/518  7569/518  7225/518  6889/518  6561/518]
[ 6241/518    847/74  5625/518  5329/518  5041/518  4761/518  4489/518  4225/518    567/74  3721/518  3481/518  3249/518  3025/518  2809/518  2601/518]
[   343/74  2209/518  2025/518  1849/518  1681/518  1521/518     37/14    175/74  1089/518   961/518   841/518   729/518   625/518   529/518     63/74]
[  361/518   289/518   225/518   169/518   121/518    81/518      7/74    25/518     9/518     1/518     1/518     9/518    25/518      7/74    81/518]
[  121/518   169/518   225/518   289/518   361/518     63/74   529/518   625/518   729/518   841/518   961/518  1089/518    175/74     37/14  1521/518]
[ 1681/518  1849/518  2025/518  2209/518    343/74  2601/518  2809/518  3025/518  3249/518  3481/518  3721/518    567/74  4225/518  4489/518  4761/518]
[ 5041/518  5329/518  5625/518    847/74  6241/518  6561/518  6889/518  7225/518  7569/518  7921/518   1183/74  8649/518  9025/518  9409/518  9801/518]
[10201/518 10609/518   1575/74 11449/518 11881/518    333/14 12769/518 13225/518 13689/518   2023/74 14641/518 15129/518 15625/518 16129/518 16641/518]
[16125/518   2231/74 15117/518 14625/518 14141/518 13665/518 13197/518 12737/518   1755/74 11841/518 11405/518 10977/518 10557/518 10145/518  9741/518]
[  1335/74  8957/518  8577/518  8205/518  7841/518  7485/518  7137/518    971/74  6465/518  6141/518  5825/518  5517/518    141/14  4925/518    663/74]
[ 4365/518  4097/518  3837/518  3585/518  3341/518  3105/518    411/74  2657/518  2445/518  2241/518  2045/518  1857/518  1677/518    215/74  1341/518]
[ 1185/518  1037/518   897/518   765/518   641/518     75/74   417/518   317/518   225/518   141/518    65/518    -3/518     -9/74  -115/518  -159/518]
[ -195/518  -223/518  -243/518  -255/518         0         0         0         0         0         0         0         0         0         0         0]
Unobstructed
15
---------------------------
---------------------------
13a4705
Correction terms
[    -1/2  -23/630 -407/630   -23/70  577/630  137/126    13/70    19/90 -527/630   -67/70  -19/126 -263/630    17/70 -107/630    31/90]
[   -3/14   97/630 -347/630   -23/70  517/630  113/126    -1/10 -107/630  433/630    33/70  149/126  517/630    97/70    79/90  817/630]
[    9/14  577/630   73/630    17/70  817/630    23/18    13/70   13/630  493/630    33/70  137/126  397/630    11/10  313/630  517/630]
[    1/14  157/630 -407/630   -43/70    31/90   29/126    73/70  493/630 -347/630   -67/70  -55/126   -89/90   -43/70  433/630  577/630]
[    1/14   97/630 -527/630    -9/10  -23/630  -31/126    33/70   73/630  433/630    13/70    11/18  -23/630    17/70 -347/630 -263/630]
[    9/14  397/630   -41/90   -43/70   97/630  -19/126    33/70   13/630  313/630    -1/10   29/126 -323/630   -23/70  493/630  517/630]
[   25/14   151/90  313/630    17/70  577/630   65/126    73/70  313/630    79/90    13/70   53/126 -263/630   -23/70  433/630  397/630]
[     3/2  817/630   13/630   -23/70  157/630  -31/126    13/70   -41/90 -107/630    73/70  149/126  157/630    17/70 -527/630   -89/90]
[   -3/14 -323/630   73/630   -23/70   97/630  -55/126    -1/10 -527/630 -407/630    33/70   65/126 -323/630   -43/70    19/90  -23/630]
[    9/14  157/630  493/630    17/70  397/630    -1/18    13/70 -407/630 -347/630    33/70   53/126  817/630    11/10 -107/630 -323/630]
[    1/14 -263/630   13/630    97/70   151/90  113/126    73/70   73/630   73/630    73/70  113/126   151/90    97/70   13/630 -263/630]
[    1/14 -323/630 -107/630    11/10  817/630   53/126    33/70 -347/630 -407/630    13/70    -1/18  397/630    17/70  493/630  157/630]
[    9/14  -23/630    19/90   -43/70 -323/630   65/126    33/70 -407/630 -527/630    -1/10  -55/126   97/630   -23/70   73/630 -323/630]
[   -3/14   -89/90 -527/630    17/70  157/630  149/126    73/70 -107/630   -41/90    13/70  -31/126  157/630   -23/70   13/630  817/630]
[     3/2  397/630  433/630   -23/70 -263/630   53/126    13/70    79/90  313/630    73/70   65/126  577/630    17/70  313/630   151/90]
[   25/14  517/630  493/630   -23/70 -323/630   29/126    -1/10  313/630   13/630    33/70  -19/126   97/630   -43/70   -41/90  397/630]
[    9/14 -263/630 -347/630    17/70  -23/630    11/18    13/70  433/630   73/630    33/70  -31/126  -23/630    -9/10 -527/630   97/630]
[    1/14  577/630  433/630   -43/70   -89/90  -55/126   -67/70 -347/630  493/630    73/70   29/126    31/90   -43/70 -407/630  157/630]
[    1/14  517/630  313/630    11/10  397/630  137/126    33/70  493/630   13/630    13/70    23/18  817/630    17/70   73/630  577/630]
[    9/14  817/630    79/90    97/70  517/630  149/126    33/70  433/630 -107/630    -1/10  113/126  517/630   -23/70 -347/630   97/630]
[   -3/14    31/90 -107/630    17/70 -263/630  -19/126   -67/70 -527/630    19/90    13/70  137/126  577/630   -23/70 -407/630  -23/630]
[       0        0        0        0        0        0        0        0        0        0        0        0        0        0        0]
Testing obstruction for
m1: 1, m2: 158,a: 0
[     -1/2  -311/630  -299/630    -31/70  -251/630   -43/126    -19/70    -17/90   -59/630      1/70    17/126   169/630     29/70   361/630     67/90]
[    13/14   709/630   841/630    109/70  1129/630   257/126     23/10  1621/630  1801/630    221/70   437/126  2389/630    289/70    403/90  3049/630]
[    73/14  3529/630  3781/630    449/70  4309/630    131/18    541/70  5161/630  5461/630    641/70  1217/126  6409/630    107/10  7081/630  7429/630]
[   173/14  8149/630  8521/630    989/70   1327/90  1937/126   1121/70 10501/630 10921/630   1261/70  2357/126   1747/90   1409/70 13141/630 13609/630]
[   313/14 14569/630 15061/630    247/10 16069/630  3317/126   1901/70 17641/630 18181/630   2081/70    551/18 19849/630   2269/70 21001/630 21589/630]
[   493/14 22789/630   3343/90   2669/70 24649/630  4805/126   2601/70 22801/630 22201/630    343/10  4205/126 20449/630   2209/70 19321/630 18769/630]
[   405/14   2527/90 17161/630   1849/70 16129/630  3125/126   1681/70 14641/630   2023/90   1521/70  2645/126 12769/630   1369/70 11881/630 11449/630]
[     35/2 10609/630 10201/630   1089/70  9409/630  1805/126    961/70   1183/90  7921/630    841/70  1445/126  6889/630    729/70  6241/630    847/90]
[   125/14  5329/630  5041/630    529/70  4489/630   845/126     63/10  3721/630  3481/630    361/70   605/126  2809/630    289/70    343/90  2209/630]
[    45/14  1849/630  1681/630    169/70  1369/630     35/18    121/70   961/630   841/630     81/70   125/126   529/630      7/10   361/630   289/630]
[     5/14   169/630   121/630      9/70      7/90     5/126      1/70     1/630     1/630      1/70     5/126      7/90      9/70   121/630   169/630]
[     5/14   289/630   361/630      7/10   529/630   125/126     81/70   841/630   961/630    121/70     35/18  1369/630    169/70  1681/630  1849/630]
[    45/14  2209/630    343/90    289/70  2809/630   605/126    361/70  3481/630  3721/630     63/10   845/126  4489/630    529/70  5041/630  5329/630]
[   125/14    847/90  6241/630    729/70  6889/630  1445/126    841/70  7921/630   1183/90    961/70  1805/126  9409/630   1089/70 10201/630 10609/630]
[     35/2 11449/630 11881/630   1369/70 12769/630  2645/126   1521/70   2023/90 14641/630   1681/70  3125/126 16129/630   1849/70 17161/630   2527/90]
[   405/14 18769/630 19321/630   2209/70 20449/630  4205/126    343/10 22201/630 22801/630   2601/70  4805/126 24649/630   2669/70   3343/90 22789/630]
[   493/14 21589/630 21001/630   2269/70 19849/630    551/18   2081/70 18181/630 17641/630   1901/70  3317/126 16069/630    247/10 15061/630 14569/630]
[   313/14 13609/630 13141/630   1409/70   1747/90  2357/126   1261/70 10921/630 10501/630   1121/70  1937/126   1327/90    989/70  8521/630  8149/630]
[   173/14  7429/630  7081/630    107/10  6409/630  1217/126    641/70  5461/630  5161/630    541/70    131/18  4309/630    449/70  3781/630  3529/630]
[    73/14  3049/630    403/90    289/70  2389/630   437/126    221/70  1801/630  1621/630     23/10   257/126  1129/630    109/70   841/630   709/630]
[    13/14     67/90   361/630     29/70   169/630    17/126      1/70   -59/630    -17/90    -19/70   -43/126  -251/630    -31/70  -299/630  -311/630]
[        0         0         0         0         0         0         0         0         0         0         0         0         0         0         0]
Testing obstruction for
m1: 2, m2: 53,a: 0
Obstructed by Z^n/Q not being cyclic
Testing obstruction for
m1: 3, m2: 32,a: 0
[    -1/2 -547/630   17/630    13/70 -247/630   37/126    17/70   131/90 1217/630   117/70  337/126 1853/630   313/70 3317/630   479/90]
[   93/14 4553/630 4457/630   433/70 2873/630  529/126    31/10 2057/630 1697/630    97/70  169/126  353/630    73/70    71/90 -127/630]
[    1/14 -247/630  257/630    33/70 -127/630     7/18    17/70  857/630 1097/630    97/70  289/126 1553/630    39/10 2897/630 2873/630]
[   81/14 3953/630 5057/630   493/70   479/90  613/126   257/70 2357/630 1937/630   117/70  193/126    59/90    73/70  437/630 -247/630]
[   -3/14 -487/630  -43/630    -1/10 -547/630  -47/126   -43/70  257/630  437/630    17/70    19/18  713/630   173/70 1937/630 1853/630]
[   57/14 2813/630   551/90   493/70 4553/630  841/126   377/70 3377/630 2897/630    31/10  361/126 1193/630   153/70 1097/630  353/630]
[    9/14    -1/90  377/630    33/70 -247/630    1/126   -23/70  377/630    71/90    17/70  121/126  593/630   153/70 1697/630 1553/630]
[     7/2 2393/630 3377/630   433/70 3953/630  961/126   437/70   551/90 3317/630   257/70  421/126 1433/630   173/70 1217/630    59/90]
[    9/14  -67/630  257/630    13/70 -487/630  -59/126    -9/10  -43/630   17/630   -43/70    1/126  -67/630    73/70   131/90  713/630]
[   29/14 1433/630 2357/630   313/70 2813/630   103/18   437/70 5057/630 4457/630   377/70  625/126 2393/630    39/10 2057/630 1193/630]
[   25/14  593/630  857/630    73/70    -1/90   25/126   -23/70  257/630  257/630   -23/70   25/126    -1/90    73/70  857/630  593/630]
[   25/14 1193/630 2057/630    39/10 2393/630  625/126   377/70 4457/630 5057/630   437/70   103/18 2813/630   313/70 2357/630 1433/630]
[   29/14  713/630   131/90    73/70  -67/630    1/126   -43/70   17/630  -43/630    -9/10  -59/126 -487/630    13/70  257/630  -67/630]
[    9/14    59/90 1217/630   173/70 1433/630  421/126   257/70 3317/630   551/90   437/70  961/126 3953/630   433/70 3377/630 2393/630]
[     7/2 1553/630 1697/630   153/70  593/630  121/126    17/70    71/90  377/630   -23/70    1/126 -247/630    33/70  377/630    -1/90]
[    9/14  353/630 1097/630   153/70 1193/630  361/126    31/10 2897/630 3377/630   377/70  841/126 4553/630   493/70   551/90 2813/630]
[   57/14 1853/630 1937/630   173/70  713/630    19/18    17/70  437/630  257/630   -43/70  -47/126 -547/630    -1/10  -43/630 -487/630]
[   -3/14 -247/630  437/630    73/70    59/90  193/126   117/70 1937/630 2357/630   257/70  613/126   479/90   493/70 5057/630 3953/630]
[   81/14 2873/630 2897/630    39/10 1553/630  289/126    97/70 1097/630  857/630    17/70     7/18 -127/630    33/70  257/630 -247/630]
[    1/14 -127/630    71/90    73/70  353/630  169/126    97/70 1697/630 2057/630    31/10  529/126 2873/630   433/70 4457/630 4553/630]
[   93/14   479/90 3317/630   313/70 1853/630  337/126   117/70 1217/630   131/90    17/70   37/126 -247/630    13/70   17/630 -547/630]
[       0        0        0        0        0        0        0        0        0        0        0        0        0        0        0]
Testing obstruction for
m1: 4, m2: 23,a: 0
[    -1/2 -443/630  433/630   -23/70  157/630   53/126    13/70   -41/90  313/630    73/70  149/126  577/630   157/70  733/630   151/90]
[   25/14 2197/630 1753/630   257/70 2617/630  533/126    39/10 3253/630 3793/630   313/70  569/126 2617/630   237/70   199/90 1657/630]
[   37/14 1417/630  913/630   157/70  397/630    11/18    13/70  853/630   73/630    33/70   53/126  -23/630    -9/10 -107/630   97/630]
[    1/14 -263/630  433/630   -43/70   -29/90  -55/126    73/70   73/630  493/630    73/70  113/126    31/90    97/70 1273/630 1417/630]
[   29/14 2197/630 1573/630    31/10 2077/630  641/126   313/70 3433/630 3793/630   293/70    71/18 2077/630   297/70 1753/630 1837/630]
[   37/14 1237/630    79/90    97/70  937/630  149/126    33/70  853/630 -107/630    -1/10  -55/126  517/630   -23/70   73/630   97/630]
[   -3/14   -89/90 -107/630    17/70  157/630  -19/126    73/70 -107/630    19/90    13/70  221/126  577/630   117/70 1273/630 1237/630]
[     3/2 1657/630 2113/630   257/70 2257/630  641/126   293/70   439/90 3253/630   353/70  569/126 2257/630   297/70 1573/630   211/90]
[   25/14 1777/630  913/630   117/70  937/630  113/126    -1/10  313/630  433/630    33/70  -19/126  517/630   -43/70   -41/90 -443/630]
[    9/14 -263/630   73/630    17/70  -23/630   -13/18    13/70  433/630  493/630    33/70  221/126  397/630    11/10  733/630 1777/630]
[   29/14 1837/630 2113/630   237/70   271/90  533/126   353/70 3433/630 3433/630   353/70  533/126   271/90   237/70 2113/630 1837/630]
[   29/14 1777/630  733/630    11/10  397/630  221/126    33/70  493/630  433/630    13/70   -13/18  -23/630    17/70   73/630 -263/630]
[    9/14 -443/630   -41/90   -43/70  517/630  -19/126    33/70  433/630  313/630    -1/10  113/126  937/630   117/70  913/630 1777/630]
[   25/14   211/90 1573/630   297/70 2257/630  569/126   353/70 3253/630   439/90   293/70  641/126 2257/630   257/70 2113/630 1657/630]
[     3/2 1237/630 1273/630   117/70  577/630  221/126    13/70    19/90 -107/630    73/70  -19/126  157/630    17/70 -107/630   -89/90]
[   -3/14   97/630   73/630   -23/70  517/630  -55/126    -1/10 -107/630  853/630    33/70  149/126  937/630    97/70    79/90 1237/630]
[   37/14 1837/630 1753/630   297/70 2077/630    71/18   293/70 3793/630 3433/630   313/70  641/126 2077/630    31/10 1573/630 2197/630]
[   29/14 1417/630 1273/630    97/70    31/90  113/126    73/70  493/630   73/630    73/70  -55/126   -29/90   -43/70  433/630 -263/630]
[    1/14   97/630 -107/630    -9/10  -23/630   53/126    33/70   73/630  853/630    13/70    11/18  397/630   157/70  913/630 1417/630]
[   37/14 1657/630   199/90   237/70 2617/630  569/126   313/70 3793/630 3253/630    39/10  533/126 2617/630   257/70 1753/630 2197/630]
[   25/14   151/90  733/630   157/70  577/630  149/126    73/70  313/630   -41/90    13/70   53/126  157/630   -23/70  433/630 -443/630]
[       0        0        0        0        0        0        0        0        0        0        0        0        0        0        0]
Testing obstruction for
m1: 5, m2: 18,a: 0
[    -1/2 -559/630  -31/630     1/70  821/630  229/126   109/70   227/90 1709/630   289/70  349/126 1661/630   121/70 1289/630   143/90]
[    5/14  221/630 -271/630     1/70 -199/630   73/126     7/10 1289/630 1649/630   169/70  433/126 2321/630   221/70   167/90 1121/630]
[   13/14  821/630  569/630   -19/70 -139/630   -17/18   -31/70 -451/630  149/630    29/70  229/126 1541/630    23/10 2129/630 2321/630]
[   45/14 1241/630 1229/630    81/70   143/90  157/126     9/70  149/630 -271/630     9/70  -11/126    83/90    81/70 1649/630 2081/630]
[   45/14 2741/630 1709/630    23/10  701/630  145/126    29/70  569/630  389/630   -31/70    -5/18 -559/630   -19/70 -271/630  401/630]
[   13/14 1541/630   287/90   221/70 2741/630  349/126   169/70  809/630  869/630     7/10  157/126  641/630     1/70  149/630 -199/630]
[    5/14    23/90  869/630   121/70 2081/630  517/126   289/70 2129/630   167/90   109/70   61/126  401/630     1/70  389/630  281/630]
[    -1/2 -139/630 -451/630     1/70  -19/630  145/126   109/70   287/90 2549/630   289/70  433/126 1241/630   121/70  449/630    83/90]
[    5/14  641/630  569/630     1/70  221/630  -11/126     7/10  449/630 1229/630   169/70  517/126 3161/630   221/70   227/90  701/630]
[   13/14  -19/630  149/630   -19/70  281/630     7/18   -31/70  -31/630 -271/630    29/70   61/126 1121/630    23/10 2549/630 3161/630]
[   45/14 1661/630  809/630    81/70    23/90   73/126     9/70  569/630  569/630     9/70   73/126    23/90    81/70  809/630 1661/630]
[   45/14 3161/630 2549/630    23/10 1121/630   61/126    29/70 -271/630  -31/630   -31/70     7/18  281/630   -19/70  149/630  -19/630]
[   13/14  701/630   227/90   221/70 3161/630  517/126   169/70 1229/630  449/630     7/10  -11/126  221/630     1/70  569/630  641/630]
[    5/14    83/90  449/630   121/70 1241/630  433/126   289/70 2549/630   287/90   109/70  145/126  -19/630     1/70 -451/630 -139/630]
[    -1/2  281/630  389/630     1/70  401/630   61/126   109/70   167/90 2129/630   289/70  517/126 2081/630   121/70  869/630    23/90]
[    5/14 -199/630  149/630     1/70  641/630  157/126     7/10  869/630  809/630   169/70  349/126 2741/630   221/70   287/90 1541/630]
[   13/14  401/630 -271/630   -19/70 -559/630    -5/18   -31/70  389/630  569/630    29/70  145/126  701/630    23/10 1709/630 2741/630]
[   45/14 2081/630 1649/630    81/70    83/90  -11/126     9/70 -271/630  149/630     9/70  157/126   143/90    81/70 1229/630 1241/630]
[   45/14 2321/630 2129/630    23/10 1541/630  229/126    29/70  149/630 -451/630   -31/70   -17/18 -139/630   -19/70  569/630  821/630]
[   13/14 1121/630   167/90   221/70 2321/630  433/126   169/70 1649/630 1289/630     7/10   73/126 -199/630     1/70 -271/630  221/630]
[    5/14   143/90 1289/630   121/70 1661/630  349/126   289/70 1709/630   227/90   109/70  229/126  821/630     1/70  -31/630 -559/630]
[       0        0        0        0        0        0        0        0        0        0        0        0        0        0        0]
Testing obstruction for
m1: 8, m2: 11,a: 0
Obstructed by Z^n/Q not being cyclic
Testing obstruction for
m1: 6, m2: 15,a: 1
[    -1/2 -619/630 -271/630   -59/70 -139/630  -71/126     9/70   -13/90  389/630    29/70  157/126  701/630   141/70 1229/630   263/90]
[   41/14 1241/630 1289/630    81/70  821/630   61/126     7/10  -31/630  149/630   -31/70  -11/126 -439/630   -19/70   -73/90 -199/630]
[  -11/14 -139/630 -391/630     1/70 -199/630     7/18     9/70  569/630  449/630   109/70  181/126 1481/630    23/10 2069/630 2081/630]
[   33/14 1541/630  989/630   121/70    83/90  145/126    29/70  449/630   29/630    29/70  -23/126    23/90   -19/70  149/630 -139/630]
[    5/14  -19/630  389/630     3/10  641/630   97/126   109/70  869/630 1409/630   149/70    55/18 1901/630   281/70 2549/630 1961/630]
[   45/14 1481/630   227/90   121/70 1241/630  157/126   109/70  569/630  809/630     7/10  145/126  401/630    81/70  449/630  821/630]
[   13/14   143/90  809/630   141/70 1121/630  325/126   169/70 2069/630   287/90   289/70  517/126 1961/630   221/70 1409/630 1481/630]
[     3/2 1061/630  569/630    81/70  281/630   97/126     9/70    47/90  -31/630    29/70  -11/126  281/630     1/70  389/630    23/90]
[   13/14  401/630  869/630    81/70 1241/630  229/126    27/10 1649/630 2249/630   249/70  325/126 1661/630   121/70   167/90  641/630]
[   17/14  281/630  449/630     1/70  221/630    -5/18     9/70 -271/630   29/630   -31/70   13/126 -199/630     3/10  -31/630  401/630]
[    5/14  701/630  569/630   121/70   143/90  313/126   169/70 2129/630 2129/630   169/70  313/126   143/90   121/70  569/630  701/630]
[    5/14  401/630  -31/630     3/10 -199/630   13/126   -31/70   29/630 -271/630     9/70    -5/18  221/630     1/70  449/630  281/630]
[   17/14  641/630   167/90   121/70 1661/630  325/126   249/70 2249/630 1649/630    27/10  229/126 1241/630    81/70  869/630  401/630]
[   13/14    23/90  389/630     1/70  281/630  -11/126    29/70  -31/630    47/90     9/70   97/126  281/630    81/70  569/630 1061/630]
[     3/2 1481/630 1409/630   221/70 1961/630  517/126   289/70   287/90 2069/630   169/70  325/126 1121/630   141/70  809/630   143/90]
[   13/14  821/630  449/630    81/70  401/630  145/126     7/10  809/630  569/630   109/70  157/126 1241/630   121/70   227/90 1481/630]
[   45/14 1961/630 2549/630   281/70 1901/630    55/18   149/70 1409/630  869/630   109/70   97/126  641/630     3/10  389/630  -19/630]
[    5/14 -139/630  149/630   -19/70    23/90  -23/126    29/70   29/630  449/630    29/70  145/126    83/90   121/70  989/630 1541/630]
[   33/14 2081/630 2069/630    23/10 1481/630  181/126   109/70  449/630  569/630     9/70     7/18 -199/630     1/70 -391/630 -139/630]
[  -11/14 -199/630   -73/90   -19/70 -439/630  -11/126   -31/70  149/630  -31/630     7/10   61/126  821/630    81/70 1289/630 1241/630]
[   41/14   263/90 1229/630   141/70  701/630  157/126    29/70  389/630   -13/90     9/70  -71/126 -139/630   -59/70 -271/630 -619/630]
[       0        0        0        0        0        0        0        0        0        0        0        0        0        0        0]
Testing obstruction for
m1: 5, m2: 20,a: 3
Obstructed by Z^n/Q not being cyclic
Testing obstruction for
m1: 7, m2: 14,a: 3
[    -1/2 -527/630   97/630    33/70 1333/630  389/126    97/70    91/90  -23/630    17/70  -19/126  493/630    73/70 1657/630   319/90]
[   25/14  853/630  157/630    33/70   13/630  113/126    11/10  397/630  937/630   117/70  401/126 1273/630   153/70   151/90  313/630]
[    9/14   73/630  577/630    73/70 1573/630    59/18    97/70  517/630 -263/630   -23/70 -115/126 -107/630    -1/10  817/630 1273/630]
[   29/14  913/630   97/630    13/70   -41/90   29/126    17/70  997/630 1417/630   157/70  197/126    19/90    13/70 -323/630   73/630]
[    1/14  853/630 1237/630    19/10 1993/630  221/126   117/70  577/630  937/630    97/70    11/18  733/630    73/70 1417/630 1753/630]
[   37/14 1153/630    31/90    13/70 -407/630  -19/126   -23/70  517/630  817/630    31/10  281/126  433/630    33/70 -263/630   13/630]
[   -3/14    79/90  817/630   213/70 1333/630   65/126    17/70 -443/630   -29/90   -43/70   53/126  493/630   173/70 2197/630 1153/630]
[     3/2  313/630  517/630    33/70  913/630  221/126    97/70   211/90 1657/630   157/70  149/126  913/630    73/70  -23/630    19/90]
[   -3/14  433/630  577/630   173/70 2113/630  197/126    11/10  -23/630   97/630   -23/70   65/126  433/630   153/70   271/90  733/630]
[    9/14 -347/630 -263/630   -67/70 -107/630    -1/18    97/70 1357/630 1417/630   117/70   53/126  313/630    -1/10  397/630  433/630]
[   29/14 1753/630 1777/630   153/70    79/90  113/126    17/70  577/630  577/630    17/70  113/126    79/90   153/70 1777/630 1753/630]
[   29/14  433/630  397/630    -1/10  313/630   53/126   117/70 1417/630 1357/630    97/70    -1/18 -107/630   -67/70 -263/630 -347/630]
[    9/14  733/630   271/90   153/70  433/630   65/126   -23/70   97/630  -23/630    11/10  197/126 2113/630   173/70  577/630  433/630]
[   -3/14    19/90  -23/630    73/70  913/630  149/126   157/70 1657/630   211/90    97/70  221/126  913/630    33/70  517/630  313/630]
[     3/2 1153/630 2197/630   173/70  493/630   53/126   -43/70   -29/90 -443/630    17/70   65/126 1333/630   213/70  817/630    79/90]
[   -3/14   13/630 -263/630    33/70  433/630  281/126    31/10  817/630  517/630   -23/70  -19/126 -407/630    13/70    31/90 1153/630]
[   37/14 1753/630 1417/630    73/70  733/630    11/18    97/70  937/630  577/630   117/70  221/126 1993/630    19/10 1237/630  853/630]
[    1/14   73/630 -323/630    13/70    19/90  197/126   157/70 1417/630  997/630    17/70   29/126   -41/90    13/70   97/630  913/630]
[   29/14 1273/630  817/630    -1/10 -107/630 -115/126   -23/70 -263/630  517/630    97/70    59/18 1573/630    73/70  577/630   73/630]
[    9/14  313/630   151/90   153/70 1273/630  401/126   117/70  937/630  397/630    11/10  113/126   13/630    33/70  157/630  853/630]
[   25/14   319/90 1657/630    73/70  493/630  -19/126    17/70  -23/630    91/90    97/70  389/126 1333/630    33/70   97/630 -527/630]
[       0        0        0        0        0        0        0        0        0        0        0        0        0        0        0]
[-527/630, 97/630, 33/70, 1333/630, 389/126, 97/70, 91/90, -23/630, 17/70, -19/126, 493/630, 73/70, 1657/630, 319/90, 25/14, 853/630, 157/630, 33/70, 13/630, 113/126, 11/10, 397/630, 937/630, 117/70, 401/126, 1273/630, 153/70, 151/90, 313/630, 9/14, 73/630, 577/630, 73/70, 1573/630, 59/18, 97/70, 517/630, -263/630, -23/70, -115/126]
8 [-527/630, 97/630, 33/70, 73/630, 137/126, -43/70, -89/90, -23/630, 17/70, -19/126, 493/630, 73/70, 397/630, -41/90, -3/14, -407/630, 157/630, 33/70, 13/630, 113/126, 11/10, 397/630, -323/630, -23/70, 149/126, 13/630, 13/70, 151/90, 313/630, 9/14, 73/630, 577/630, 73/70, 313/630, 23/18, 97/70, 517/630, -263/630, -23/70, 137/126]
[-527/630, 97/630, 33/70, 1333/630, 389/126, 97/70, 91/90, -23/630, 17/70, -19/126, 493/630, 73/70, 1657/630, 319/90, 25/14, 853/630, 157/630, 33/70, 13/630, 113/126, 11/10, 397/630, 937/630, 117/70, 401/126, 1273/630, 153/70, 151/90, 313/630, 9/14, 73/630, 577/630, 73/70, 1573/630, 59/18, 97/70, 517/630, -263/630, -23/70, -115/126]
62 [-527/630, 97/630, 33/70, 73/630, 137/126, -43/70, -89/90, -23/630, 17/70, -19/126, 493/630, 73/70, 397/630, -41/90, -3/14, -407/630, 157/630, 33/70, 13/630, 113/126, 11/10, 397/630, -323/630, -23/70, 149/126, 13/630, 13/70, 151/90, 313/630, 9/14, 73/630, 577/630, 73/70, 313/630, 23/18, 97/70, 517/630, -263/630, -23/70, 137/126]
[-527/630, 97/630, 33/70, 1333/630, 389/126, 97/70, 91/90, -23/630, 17/70, -19/126, 493/630, 73/70, 1657/630, 319/90, 25/14, 853/630, 157/630, 33/70, 13/630, 113/126, 11/10, 397/630, 937/630, 117/70, 401/126, 1273/630, 153/70, 151/90, 313/630, 9/14, 73/630, 577/630, 73/70, 1573/630, 59/18, 97/70, 517/630, -263/630, -23/70, -115/126]
118 [-527/630, 97/630, 33/70, 73/630, 137/126, -43/70, -89/90, -23/630, 17/70, -19/126, 493/630, 73/70, 397/630, -41/90, -3/14, -407/630, 157/630, 33/70, 13/630, 113/126, 11/10, 397/630, -323/630, -23/70, 149/126, 13/630, 13/70, 151/90, 313/630, 9/14, 73/630, 577/630, 73/70, 313/630, 23/18, 97/70, 517/630, -263/630, -23/70, 137/126]
[-527/630, 97/630, 33/70, 1333/630, 389/126, 97/70, 91/90, -23/630, 17/70, -19/126, 493/630, 73/70, 1657/630, 319/90, 25/14, 853/630, 157/630, 33/70, 13/630, 113/126, 11/10, 397/630, 937/630, 117/70, 401/126, 1273/630, 153/70, 151/90, 313/630, 9/14, 73/630, 577/630, 73/70, 1573/630, 59/18, 97/70, 517/630, -263/630, -23/70, -115/126]
127 [-527/630, 97/630, 33/70, 73/630, 137/126, -43/70, -89/90, -23/630, 17/70, -19/126, 493/630, 73/70, 397/630, -41/90, -3/14, -407/630, 157/630, 33/70, 13/630, 113/126, 11/10, 397/630, -323/630, -23/70, 149/126, 13/630, 13/70, 151/90, 313/630, 9/14, 73/630, 577/630, 73/70, 313/630, 23/18, 97/70, 517/630, -263/630, -23/70, 137/126]
Testing obstruction for
m1: 9, m2: 14,a: 6
[    -1/2 -583/630 -127/630   -23/70  437/630  109/126   153/70   239/90 1433/630    73/70  121/126   17/630    17/70 -247/630    11/90]
[   -3/14  377/630  353/630   117/70 1217/630  421/126    19/10 1013/630  293/630    33/70  -47/126  -43/630   -43/70    -1/90 -163/630]
[    9/14  437/630 1193/630   157/70 1097/630    43/18   153/70  713/630  773/630    33/70  109/126  257/630    11/10  593/630 1217/630]
[   29/14  857/630 1133/630    97/70   191/90  253/126    73/70  773/630  353/630    73/70   85/126   131/90    97/70  293/630  437/630]
[    1/14  377/630  173/630    11/10  677/630  277/126   173/70 1193/630 1553/630   153/70    19/18  677/630    17/70  353/630   17/630]
[    9/14  257/630   119/90    97/70 1637/630  373/126   173/70  713/630  593/630    -1/10    1/126 -463/630   -23/70 -487/630  -43/630]
[   -3/14    71/90  593/630   157/70 1697/630  289/126    73/70  593/630    -1/90    13/70  -59/126   17/630   -23/70  293/630  257/630]
[     3/2 1097/630 1973/630   117/70  857/630   25/126    13/70   -61/90 -247/630   -67/70  -47/126 -403/630    17/70  173/630   131/90]
[   25/14 2057/630 1193/630   117/70  377/630   85/126    -1/10  173/630 -127/630    33/70   37/126  797/630    97/70   239/90 1937/630]
[   37/14  857/630  773/630    17/70  257/630    -5/18    13/70 -127/630  353/630    33/70  193/126 1097/630    11/10 1013/630  797/630]
[   29/14 1277/630  713/630    97/70    71/90  169/126    73/70 1193/630 1193/630    73/70  169/126    71/90    97/70  713/630 1277/630]
[   29/14  797/630 1013/630    11/10 1097/630  193/126    33/70  353/630 -127/630    13/70    -5/18  257/630    17/70  773/630  857/630]
[   37/14 1937/630   239/90    97/70  797/630   37/126    33/70 -127/630  173/630    -1/10   85/126  377/630   117/70 1193/630 2057/630]
[   25/14   131/90  173/630    17/70 -403/630  -47/126   -67/70 -247/630   -61/90    13/70   25/126  857/630   117/70 1973/630 1097/630]
[     3/2  257/630  293/630   -23/70   17/630  -59/126    13/70    -1/90  593/630    73/70  289/126 1697/630   157/70  593/630    71/90]
[   -3/14  -43/630 -487/630   -23/70 -463/630    1/126    -1/10  593/630  713/630   173/70  373/126 1637/630    97/70   119/90  257/630]
[    9/14   17/630  353/630    17/70  677/630    19/18   153/70 1553/630 1193/630   173/70  277/126  677/630    11/10  173/630  377/630]
[    1/14  437/630  293/630    97/70   131/90   85/126    73/70  353/630  773/630    73/70  253/126   191/90    97/70 1133/630  857/630]
[   29/14 1217/630  593/630    11/10  257/630  109/126    33/70  773/630  713/630   153/70    43/18 1097/630   157/70 1193/630  437/630]
[    9/14 -163/630    -1/90   -43/70  -43/630  -47/126    33/70  293/630 1013/630    19/10  421/126 1217/630   117/70  353/630  377/630]
[   -3/14    11/90 -247/630    17/70   17/630  121/126    73/70 1433/630   239/90   153/70  109/126  437/630   -23/70 -127/630 -583/630]
[       0        0        0        0        0        0        0        0        0        0        0        0        0        0        0]
Testing obstruction for
m1: 14, m2: 17,a: 12
Obstructed by Z^n/Q not being cyclic
Testing obstruction for
m1: 40, m2: 41,a: 39
[    -1/2 -551/630    1/630     9/70 -311/630   17/126     1/70   -77/90 -299/630   -59/70    5/126  109/630   -31/70  121/630     7/90]
[  -11/14 -251/630 -479/630     9/70  169/630  -43/126     3/10  121/630 -419/630   -19/70  -79/126  169/630    29/70   -17/90  289/630]
[    5/14 -311/630  -59/630   -31/70  289/630    11/18     1/70  421/630  361/630   -19/70   17/126 -131/630     7/10  541/630  169/630]
[   13/14  529/630    1/630    29/70     7/90  125/126    81/70  361/630  781/630    81/70   41/126    67/90    29/70  841/630  949/630]
[   13/14 1009/630  961/630     7/10  709/630  101/126   121/70 1201/630  841/630   141/70    35/18  709/630   109/70  781/630 1369/630]
[   33/14 1129/630   223/90   169/70 1009/630  257/126   121/70 1681/630 1801/630    23/10  377/126 1849/630   149/70 1621/630 1429/630]
[   45/14   307/90 1801/630   249/70 2209/630  341/126   221/70 1801/630   343/90   281/70  437/126 2629/630   289/70 2101/630 2389/630]
[     7/2 2809/630 2941/630   289/70 3049/630  605/126   281/70   403/90 2641/630   361/70  677/126 3049/630   389/70 3481/630   427/90]
[   73/14 3109/630 3721/630   429/70 3529/630  797/126    63/10 3481/630 3781/630   401/70  845/126 4369/630   449/70   643/90 4489/630]
[   89/14 4309/630 4141/630   529/70 4909/630   131/18   561/70 5041/630 4561/630   541/70  941/126 5329/630    87/10 5161/630 5629/630]
[  125/14 5149/630 5461/630   589/70   847/90 1217/126   641/70 6241/630 6241/630   641/70 1217/126   847/90   589/70 5461/630 5149/630]
[  125/14 5629/630 5161/630    87/10 5329/630  941/126   541/70 4561/630 5041/630   561/70   131/18 4909/630   529/70 4141/630 4309/630]
[   89/14 4489/630   643/90   449/70 4369/630  845/126   401/70 3781/630 3481/630    63/10  797/126 3529/630   429/70 3721/630 3109/630]
[   73/14   427/90 3481/630   389/70 3049/630  677/126   361/70 2641/630   403/90   281/70  605/126 3049/630   289/70 2941/630 2809/630]
[     7/2 2389/630 2101/630   289/70 2629/630  437/126   281/70   343/90 1801/630   221/70  341/126 2209/630   249/70 1801/630   307/90]
[   45/14 1429/630 1621/630   149/70 1849/630  377/126    23/10 1801/630 1681/630   121/70  257/126 1009/630   169/70   223/90 1129/630]
[   33/14 1369/630  781/630   109/70  709/630    35/18   141/70  841/630 1201/630   121/70  101/126  709/630     7/10  961/630 1009/630]
[   13/14  949/630  841/630    29/70    67/90   41/126    81/70  781/630  361/630    81/70  125/126     7/90    29/70    1/630  529/630]
[   13/14  169/630  541/630     7/10 -131/630   17/126   -19/70  361/630  421/630     1/70    11/18  289/630   -31/70  -59/630 -311/630]
[    5/14  289/630   -17/90    29/70  169/630  -79/126   -19/70 -419/630  121/630     3/10  -43/126  169/630     9/70 -479/630 -251/630]
[  -11/14     7/90  121/630   -31/70  109/630    5/126   -59/70 -299/630   -77/90     1/70   17/126 -311/630     9/70    1/630 -551/630]
[       0        0        0        0        0        0        0        0        0        0        0        0        0        0        0]
---------------------------
SUCCESS for name = 13a4705
---------------------------
13a4733
Correction terms
[    -1/2  -79/286  113/286 -139/286 -263/286 -259/286 -127/286 -439/286  -51/286 -107/286  -35/286    15/26  -79/286   -15/22 -183/286]
[ -43/286 -347/286 -523/286 -571/286   81/286 -283/286   53/286    -5/26  -35/286  113/286 -183/286   -27/22 -391/286 -303/286  -87/286]
[-315/286 -415/286  185/286   -21/26   53/286 -107/286 -139/286  -43/286 -391/286   -47/22 -131/286  -95/286   69/286 -211/286   -33/26]
[ 185/286 -283/286  -51/286 -263/286 -347/286 -303/286 -131/286   -31/22   25/286    9/286    11/26 -211/286 -415/286   81/286 -439/286]
[-259/286 -523/286  -87/286  -95/286   25/286   -23/22     7/26    9/286   69/286 -315/286 -571/286 -127/286 -127/286 -571/286 -315/286]
[  69/286    9/286     7/26   -23/22   25/286  -95/286  -87/286 -523/286 -259/286 -439/286   81/286 -415/286 -211/286    11/26    9/286]
[  25/286   -31/22 -131/286 -303/286 -347/286 -263/286  -51/286 -283/286  185/286   -33/26 -211/286   69/286  -95/286 -131/286   -47/22]
[-391/286  -43/286 -139/286 -107/286   53/286   -21/26  185/286 -415/286 -315/286  -87/286 -303/286 -391/286   -27/22 -183/286  113/286]
[ -35/286    -5/26   53/286 -283/286   81/286 -571/286 -523/286 -347/286  -43/286 -183/286   -15/22  -79/286    15/26  -35/286 -107/286]
[ -51/286 -439/286 -127/286 -259/286 -263/286 -139/286  113/286  -79/286        0        0        0        0        0        0        0]
Testing obstruction for
m1: 1, m2: 72,a: 0
[    -1/2 -139/286 -127/286 -107/286  -79/286  -43/286    1/286   53/286  113/286  181/286  257/286    31/26  433/286    41/22  641/286]
[ 757/286  881/286 1013/286 1153/286 1301/286 1457/286 1621/286   163/26 1973/286 2161/286 2357/286   197/22 2773/286 2993/286 3221/286]
[3457/286 3701/286 3953/286   383/26 4481/286 4757/286 5041/286 4761/286 4489/286   325/22 3969/286 3721/286 3481/286 3249/286   275/26]
[2809/286 2601/286 2401/286 2209/286 2025/286 1849/286 1681/286   117/22 1369/286 1225/286    99/26  961/286  841/286  729/286  625/286]
[ 529/286  441/286  361/286  289/286  225/286    13/22    11/26   81/286   49/286   25/286    9/286    1/286    1/286    9/286   25/286]
[  49/286   81/286    11/26    13/22  225/286  289/286  361/286  441/286  529/286  625/286  729/286  841/286  961/286    99/26 1225/286]
[1369/286   117/22 1681/286 1849/286 2025/286 2209/286 2401/286 2601/286 2809/286   275/26 3249/286 3481/286 3721/286 3969/286   325/22]
[4489/286 4761/286 5041/286 4757/286 4481/286   383/26 3953/286 3701/286 3457/286 3221/286 2993/286 2773/286   197/22 2357/286 2161/286]
[1973/286   163/26 1621/286 1457/286 1301/286 1153/286 1013/286  881/286  757/286  641/286    41/22  433/286    31/26  257/286  181/286]
[ 113/286   53/286    1/286  -43/286  -79/286 -107/286 -127/286 -139/286        0        0        0        0        0        0        0]
Unobstructed
3
---------------------------
---------------------------
13a4749
Correction terms
[     -1/2  -351/902   -51/902   449/902  -655/902   245/902  -459/902  -963/902 -1267/902   433/902 -1275/902     75/82  -483/902   213/902  -695/902]
[  401/902  -107/902  -415/902  -523/902  -431/902  -139/902   353/902    -69/82   133/902  -579/902 -1091/902   401/902   289/902   377/902   665/902]
[ -651/902    37/902  -879/902     19/82  -307/902  -623/902  -739/902  -655/902  -371/902   113/902 -1007/902     -3/22  -843/902   441/902     11/82]
[    1/902    81/902   361/902  -963/902  -283/902 -1207/902  -127/902  -651/902   829/902 -1099/902     71/82  -747/902  -271/902   405/902  -523/902]
[  553/902    25/902  -303/902  -431/902  -359/902   -87/902     35/82  -747/902   125/902  -607/902   665/902   333/902   201/902   269/902 -1267/902]
[ -799/902  -131/902    -97/82     1/902  -535/902  -871/902 -1007/902    -23/22  -679/902  -215/902   449/902  -491/902   573/902      3/82  -307/902]
[ -447/902  -387/902  -127/902   333/902  -811/902    49/902  -695/902   565/902   221/902      7/82   133/902 -1415/902   845/902  -303/902   553/902]
[ -195/902  -743/902 -1091/902   565/902 -1187/902     79/82  -483/902   169/902  -783/902   269/902  -283/902  -635/902  -787/902  -739/902  -491/902]
[  -43/902   -109/82  -351/902    -27/22   141/902  -215/902  -371/902  -327/902   -83/902   361/902  -799/902    45/902    -65/82 -1275/902   169/902]
[    9/902    49/902   289/902 -1075/902  -435/902   405/902  -359/902   881/902   -117/82   353/902 -1415/902   625/902  -743/902  -107/902 -1075/902]
[  -39/902  -607/902   829/902 -1143/902     63/82  -879/902  -447/902   185/902  -787/902   245/902  -327/902  -699/902  -871/902  -843/902    -15/22]
[   -17/82   441/902  -535/902   493/902   -83/902  -459/902  -635/902  -611/902  -387/902    37/902 -1143/902    -29/82 -1099/902   125/902  -255/902]
[ -435/902  -415/902  -195/902   225/902   845/902  -139/902   881/902   -137/82   -87/902  -271/902  -255/902   -39/902   377/902  -811/902     5/902]
[ -783/902   433/902    45/902    -13/82  -131/902    81/902   493/902  -699/902   113/902  -679/902    -31/22   141/902   -51/902   -43/902     15/82]
[  573/902  -623/902   185/902  -611/902 -1207/902   201/902     5/902     9/902   213/902 -1187/902    -53/82   221/902  -579/902   625/902   225/902]
[   25/902    25/902   225/902   625/902  -579/902   221/902    -53/82 -1187/902   213/902     9/902     5/902   201/902 -1207/902  -611/902   185/902]
[ -623/902   573/902     15/82   -43/902   -51/902   141/902    -31/22  -679/902   113/902  -699/902   493/902    81/902  -131/902    -13/82    45/902]
[  433/902  -783/902     5/902  -811/902   377/902   -39/902  -255/902  -271/902   -87/902   -137/82   881/902  -139/902   845/902   225/902  -195/902]
[ -415/902  -435/902  -255/902   125/902 -1099/902    -29/82 -1143/902    37/902  -387/902  -611/902  -635/902  -459/902   -83/902   493/902  -535/902]
[  441/902    -17/82    -15/22  -843/902  -871/902  -699/902  -327/902   245/902  -787/902   185/902  -447/902  -879/902     63/82 -1143/902   829/902]
[ -607/902   -39/902 -1075/902  -107/902  -743/902   625/902 -1415/902   353/902   -117/82   881/902  -359/902   405/902  -435/902 -1075/902   289/902]
[   49/902     9/902   169/902 -1275/902    -65/82    45/902  -799/902   361/902   -83/902  -327/902  -371/902  -215/902   141/902    -27/22  -351/902]
[  -109/82   -43/902  -491/902  -739/902  -787/902  -635/902  -283/902   269/902  -783/902   169/902  -483/902     79/82 -1187/902   565/902 -1091/902]
[ -743/902  -195/902   553/902  -303/902   845/902 -1415/902   133/902      7/82   221/902   565/902  -695/902    49/902  -811/902   333/902  -127/902]
[ -387/902  -447/902  -307/902      3/82   573/902  -491/902   449/902  -215/902  -679/902    -23/22 -1007/902  -871/902  -535/902     1/902    -97/82]
[ -131/902  -799/902 -1267/902   269/902   201/902   333/902   665/902  -607/902   125/902  -747/902     35/82   -87/902  -359/902  -431/902  -303/902]
[   25/902   553/902  -523/902   405/902  -271/902  -747/902     71/82 -1099/902   829/902  -651/902  -127/902 -1207/902  -283/902  -963/902   361/902]
[   81/902     1/902     11/82   441/902  -843/902     -3/22 -1007/902   113/902  -371/902  -655/902  -739/902  -623/902  -307/902     19/82  -879/902]
[   37/902  -651/902   665/902   377/902   289/902   401/902 -1091/902  -579/902   133/902    -69/82   353/902  -139/902  -431/902  -523/902  -415/902]
[ -107/902   401/902  -695/902   213/902  -483/902     75/82 -1275/902   433/902 -1267/902  -963/902  -459/902   245/902  -655/902   449/902   -51/902]
[ -351/902         0         0         0         0         0         0         0         0         0         0         0         0         0         0]
Testing obstruction for
m1: 1, m2: 226,a: 0
[     -1/2  -447/902  -435/902  -415/902  -387/902  -351/902  -307/902  -255/902  -195/902  -127/902   -51/902      3/82   125/902   225/902   333/902]
[  449/902   573/902   705/902   845/902   993/902  1149/902  1313/902    135/82  1665/902  1853/902  2049/902  2253/902  2465/902  2685/902  2913/902]
[ 3149/902  3393/902  3645/902    355/82  4173/902  4449/902  4733/902  5025/902  5325/902  5633/902  5949/902    153/22  6605/902  6945/902    663/82]
[ 7649/902  8013/902  8385/902  8765/902  9153/902  9549/902  9953/902 10365/902 10785/902 11213/902   1059/82 12093/902 12545/902 13005/902 13473/902]
[13949/902 14433/902 14925/902 15425/902 15933/902 16449/902   1543/82 17505/902 18045/902 18593/902 19149/902 19713/902 20285/902 20865/902 21453/902]
[22049/902 22653/902   2115/82 23885/902 24513/902 25149/902 25793/902    645/22 27105/902 27773/902 28449/902 29133/902 29825/902   2775/82 31233/902]
[31949/902 32673/902 33405/902 34145/902 34893/902 35649/902 36413/902 37185/902 37965/902   3523/82 39549/902 40353/902 41165/902 41985/902 42813/902]
[43649/902 44493/902 45345/902 46205/902 47073/902   4359/82 48833/902 49725/902 50625/902 49729/902 48841/902 47961/902 47089/902 46225/902 45369/902]
[44521/902   3971/82 42849/902   1025/22 41209/902 40401/902 39601/902 38809/902 38025/902 37249/902 36481/902 35721/902   3179/82 34225/902 33489/902]
[32761/902 32041/902 31329/902 30625/902 29929/902 29241/902 28561/902 27889/902   2475/82 26569/902 25921/902 25281/902 24649/902 24025/902 23409/902]
[22801/902 22201/902 21609/902 21025/902   1859/82 19881/902 19321/902 18769/902 18225/902 17689/902 17161/902 16641/902 16129/902 15625/902    369/22]
[  1331/82 14161/902 13689/902 13225/902 12769/902 12321/902 11881/902 11449/902 11025/902 10609/902 10201/902    891/82  9409/902  9025/902  8649/902]
[ 8281/902  7921/902  7569/902  7225/902  6889/902  6561/902  6241/902    539/82  5625/902  5329/902  5041/902  4761/902  4489/902  4225/902  3969/902]
[ 3721/902  3481/902  3249/902    275/82  2809/902  2601/902  2401/902  2209/902  2025/902  1849/902     41/22  1521/902  1369/902  1225/902     99/82]
[  961/902   841/902   729/902   625/902   529/902   441/902   361/902   289/902   225/902   169/902     11/82    81/902    49/902    25/902     9/902]
[    1/902     1/902     9/902    25/902    49/902    81/902     11/82   169/902   225/902   289/902   361/902   441/902   529/902   625/902   729/902]
[  841/902   961/902     99/82  1225/902  1369/902  1521/902     41/22  1849/902  2025/902  2209/902  2401/902  2601/902  2809/902    275/82  3249/902]
[ 3481/902  3721/902  3969/902  4225/902  4489/902  4761/902  5041/902  5329/902  5625/902    539/82  6241/902  6561/902  6889/902  7225/902  7569/902]
[ 7921/902  8281/902  8649/902  9025/902  9409/902    891/82 10201/902 10609/902 11025/902 11449/902 11881/902 12321/902 12769/902 13225/902 13689/902]
[14161/902   1331/82    369/22 15625/902 16129/902 16641/902 17161/902 17689/902 18225/902 18769/902 19321/902 19881/902   1859/82 21025/902 21609/902]
[22201/902 22801/902 23409/902 24025/902 24649/902 25281/902 25921/902 26569/902   2475/82 27889/902 28561/902 29241/902 29929/902 30625/902 31329/902]
[32041/902 32761/902 33489/902 34225/902   3179/82 35721/902 36481/902 37249/902 38025/902 38809/902 39601/902 40401/902 41209/902   1025/22 42849/902]
[  3971/82 44521/902 45369/902 46225/902 47089/902 47961/902 48841/902 49729/902 50625/902 49725/902 48833/902   4359/82 47073/902 46205/902 45345/902]
[44493/902 43649/902 42813/902 41985/902 41165/902 40353/902 39549/902   3523/82 37965/902 37185/902 36413/902 35649/902 34893/902 34145/902 33405/902]
[32673/902 31949/902 31233/902   2775/82 29825/902 29133/902 28449/902 27773/902 27105/902    645/22 25793/902 25149/902 24513/902 23885/902   2115/82]
[22653/902 22049/902 21453/902 20865/902 20285/902 19713/902 19149/902 18593/902 18045/902 17505/902   1543/82 16449/902 15933/902 15425/902 14925/902]
[14433/902 13949/902 13473/902 13005/902 12545/902 12093/902   1059/82 11213/902 10785/902 10365/902  9953/902  9549/902  9153/902  8765/902  8385/902]
[ 8013/902  7649/902    663/82  6945/902  6605/902    153/22  5949/902  5633/902  5325/902  5025/902  4733/902  4449/902  4173/902    355/82  3645/902]
[ 3393/902  3149/902  2913/902  2685/902  2465/902  2253/902  2049/902  1853/902  1665/902    135/82  1313/902  1149/902   993/902   845/902   705/902]
[  573/902   449/902   333/902   225/902   125/902      3/82   -51/902  -127/902  -195/902  -255/902  -307/902  -351/902  -387/902  -415/902  -435/902]
[ -447/902         0         0         0         0         0         0         0         0         0         0         0         0         0         0]
Unobstructed
90
---------------------------
---------------------------
13a4794
Correction terms
[     -1/2  -755/726  -479/726   155/242   625/726     1/726    15/242  -695/726  -767/726   -57/242  -359/726       1/6   -61/242   181/726  -239/726]
[    3/242  -527/726  -395/726   135/242   421/726  -347/726  -149/242       1/6   -95/726   119/242    25/726   361/726   -29/242   133/726  -431/726]
[ -109/242   445/726   433/726      -1/2  -491/726    49/726   -65/242   229/726  -131/726    59/242  -299/726  -107/726  -233/242  -623/726       1/6]
[   27/242   709/726   553/726  -129/242  -659/726  -263/726  -217/242  -371/726   577/726   247/242       1/6   169/726  -189/242  -635/726   -35/726]
[  -73/242   265/726   -35/726   111/242   -83/726   169/726      -1/2  -227/726   577/726   199/242  -167/726  -263/726   103/242    97/726  -899/726]
[   75/242   565/726       1/6   115/242  -215/726  -107/726  -261/242  -791/726  -131/726   -85/242   289/726    49/726   159/242       1/6 -1019/726]
[  -13/242   157/726  -431/726  -117/242   397/726   361/726  -153/242  -611/726   -95/726      -1/2    37/726  -347/726   -21/242  -563/726  -395/726]
[  147/242   493/726  -239/726  -101/242   301/726       1/6  -281/242   313/726   685/726    91/242   529/726     1/726    47/242  -503/726  -479/726]
[   71/242       1/6   697/726   163/242  -503/726  -827/726  -161/242   529/726   757/726    67/242   313/726  -359/726      -1/2 -1151/726   181/726]
[  243/242   493/726   925/726   191/242  -563/726 -1031/726  -277/242    37/726       1/6   291/242   841/726    25/726   -41/242 -1055/726   133/726]
[  179/242   157/726   445/726   -17/242       1/6  -491/726  -145/242   289/726   229/726   279/242   661/726  -299/726  -197/242  -215/726  -623/726]
[     -1/2   565/726   709/726    23/242    97/726  -659/726  -249/242  -167/726  -371/726    31/242  -227/726       1/6  -105/242   -83/726  -635/726]
[ -173/242   265/726   265/726  -173/242  -635/726   -83/726  -105/242       1/6  -227/726    31/242  -371/726  -167/726  -249/242  -659/726    97/726]
[   23/242   709/726   565/726      -1/2  -623/726  -215/726  -197/242  -299/726   661/726   279/242   229/726   289/726  -145/242  -491/726       1/6]
[  -17/242   445/726   157/726   179/242   133/726 -1055/726   -41/242    25/726   841/726   291/242       1/6    37/726  -277/242 -1031/726  -563/726]
[  191/242   925/726   493/726   243/242   181/726 -1151/726      -1/2  -359/726   313/726    67/242   757/726   529/726  -161/242  -827/726  -503/726]
[  163/242   697/726       1/6    71/242  -479/726  -503/726    47/242     1/726   529/726    91/242   685/726   313/726  -281/242       1/6   301/726]
[ -101/242  -239/726   493/726   147/242  -395/726  -563/726   -21/242  -347/726    37/726      -1/2   -95/726  -611/726  -153/242   361/726   397/726]
[ -117/242  -431/726   157/726   -13/242 -1019/726       1/6   159/242    49/726   289/726   -85/242  -131/726  -791/726  -261/242  -107/726  -215/726]
[  115/242       1/6   565/726    75/242  -899/726    97/726   103/242  -263/726  -167/726   199/242   577/726  -227/726      -1/2   169/726   -83/726]
[  111/242   -35/726   265/726   -73/242   -35/726  -635/726  -189/242   169/726       1/6   247/242   577/726  -371/726  -217/242  -263/726  -659/726]
[ -129/242   553/726   709/726    27/242       1/6  -623/726  -233/242  -107/726  -299/726    59/242  -131/726   229/726   -65/242    49/726  -491/726]
[     -1/2   433/726   445/726  -109/242  -431/726   133/726   -29/242   361/726    25/726   119/242   -95/726       1/6  -149/242  -347/726   421/726]
[  135/242  -395/726  -527/726     3/242  -239/726   181/726   -61/242       1/6  -359/726   -57/242  -767/726  -695/726    15/242     1/726   625/726]
[  155/242  -479/726  -755/726         0         0         0         0         0         0         0         0         0         0         0         0]
Testing obstruction for
m1: 1, m2: 182,a: 0
[     -1/2  -359/726  -347/726  -109/242  -299/726  -263/726   -73/242  -167/726  -107/726   -13/242    37/726       1/6    71/242   313/726   421/726]
[  179/242   661/726   793/726   311/242  1081/726  1237/726   467/242      13/6  1753/726   647/242  2137/726  2341/726   851/242  2773/726  3001/726]
[ 1079/242  3481/726  3733/726      11/2  4261/726  4537/726  1607/242  5113/726  5413/726  1907/242  6037/726  6361/726  2231/242  7033/726      61/6]
[ 2579/242  8101/726  8473/726  2951/242  9241/726  9637/726  3347/242 10453/726 10873/726  3767/242      97/6 12181/726  4211/242 13093/726 13561/726]
[ 4679/242 14521/726 15013/726  5171/242 16021/726 16537/726      47/2 17593/726 18133/726  6227/242 19237/726 19801/726  6791/242 20953/726 21541/726]
[ 7379/242 22741/726     193/6  7991/242 24601/726 25237/726  8627/242 26533/726 27193/726  9287/242 28537/726 29221/726  9971/242     253/6 31321/726]
[10679/242 32761/726 32041/726 10443/242 30625/726 29929/726  9747/242 28561/726 27889/726      75/2 26569/726 25921/726  8427/242 24649/726 24025/726]
[ 7803/242 22801/726 22201/726  7203/242 21025/726     169/6  6627/242 19321/726 18769/726  6075/242 17689/726 17161/726  5547/242 16129/726 15625/726]
[ 5043/242     121/6 14161/726  4563/242 13225/726 12769/726  4107/242 11881/726 11449/726  3675/242 10609/726 10201/726      27/2  9409/726  9025/726]
[ 2883/242  8281/726  7921/726  2523/242  7225/726  6889/726  2187/242  6241/726      49/6  1875/242  5329/726  5041/726  1587/242  4489/726  4225/726]
[ 1323/242  3721/726  3481/726  1083/242      25/6  2809/726   867/242  2401/726  2209/726   675/242  1849/726  1681/726   507/242  1369/726  1225/726]
[      3/2   961/726   841/726   243/242   625/726   529/726   147/242   361/726   289/726    75/242   169/726       1/6    27/242    49/726    25/726]
[    3/242     1/726     1/726     3/242    25/726    49/726    27/242       1/6   169/726    75/242   289/726   361/726   147/242   529/726   625/726]
[  243/242   841/726   961/726       3/2  1225/726  1369/726   507/242  1681/726  1849/726   675/242  2209/726  2401/726   867/242  2809/726      25/6]
[ 1083/242  3481/726  3721/726  1323/242  4225/726  4489/726  1587/242  5041/726  5329/726  1875/242      49/6  6241/726  2187/242  6889/726  7225/726]
[ 2523/242  7921/726  8281/726  2883/242  9025/726  9409/726      27/2 10201/726 10609/726  3675/242 11449/726 11881/726  4107/242 12769/726 13225/726]
[ 4563/242 14161/726     121/6  5043/242 15625/726 16129/726  5547/242 17161/726 17689/726  6075/242 18769/726 19321/726  6627/242     169/6 21025/726]
[ 7203/242 22201/726 22801/726  7803/242 24025/726 24649/726  8427/242 25921/726 26569/726      75/2 27889/726 28561/726  9747/242 29929/726 30625/726]
[10443/242 32041/726 32761/726 10679/242 31321/726     253/6  9971/242 29221/726 28537/726  9287/242 27193/726 26533/726  8627/242 25237/726 24601/726]
[ 7991/242     193/6 22741/726  7379/242 21541/726 20953/726  6791/242 19801/726 19237/726  6227/242 18133/726 17593/726      47/2 16537/726 16021/726]
[ 5171/242 15013/726 14521/726  4679/242 13561/726 13093/726  4211/242 12181/726      97/6  3767/242 10873/726 10453/726  3347/242  9637/726  9241/726]
[ 2951/242  8473/726  8101/726  2579/242      61/6  7033/726  2231/242  6361/726  6037/726  1907/242  5413/726  5113/726  1607/242  4537/726  4261/726]
[     11/2  3733/726  3481/726  1079/242  3001/726  2773/726   851/242  2341/726  2137/726   647/242  1753/726      13/6   467/242  1237/726  1081/726]
[  311/242   793/726   661/726   179/242   421/726   313/726    71/242       1/6    37/726   -13/242  -107/726  -167/726   -73/242  -263/726  -299/726]
[ -109/242  -347/726  -359/726         0         0         0         0         0         0         0         0         0         0         0         0]
Unobstructed
10
---------------------------
---------------------------
