13a2152
Correction terms
[    -1/2  -59/526  553/526 -531/526 -155/526 -423/526 -283/526  265/526  169/526 -571/526  149/526  225/526 -343/526  549/526 -255/526]
[-651/526  413/526 -219/526 -443/526 -259/526  333/526  281/526  637/526  349/526 -583/526  -55/526 -171/526  121/526 -231/526 -175/526]
[ 289/526  109/526  337/526  -79/526  -87/526  313/526   69/526  233/526 -247/526 -319/526   17/526 -291/526 -191/526  317/526  181/526]
[ 453/526   81/526  117/526 -491/526  361/526 -483/526  133/526  105/526 -567/526  221/526  365/526 -135/526 -227/526   89/526 -239/526]
[-159/526  329/526 -879/526  425/526   33/526   49/526  473/526  253/526 -611/526  -15/526  -63/526 -755/526   13/526  137/526 -383/526]
[ 557/526 -199/526 -547/526  565/526  -19/526 -195/526   37/526 -375/526 -379/526   25/526 -215/526  -47/526  529/526  461/526 -251/526]
[ 497/526 -451/526   61/526  -71/526  205/526 -163/526 -123/526  325/526  129/526  341/526  -91/526 -115/526  269/526    9/526  157/526]
[-339/526 -427/526 -107/526  621/526 -347/526  145/526   -7/526  249/526 -139/526 -119/526 -743/526   93/526  285/526 -167/526 -211/526]
[ 153/526 -127/526    1/526  537/526 -623/526 -323/526  385/526 -603/526 -131/526 -303/526  -67/526  577/526  577/526  -67/526 -303/526]
[-131/526 -603/526  385/526 -323/526 -623/526  537/526    1/526 -127/526  153/526 -211/526 -167/526  285/526   93/526 -743/526 -119/526]
[-139/526  249/526   -7/526  145/526 -347/526  621/526 -107/526 -427/526 -339/526  157/526    9/526  269/526 -115/526  -91/526  341/526]
[ 129/526  325/526 -123/526 -163/526  205/526  -71/526   61/526 -451/526  497/526 -251/526  461/526  529/526  -47/526 -215/526   25/526]
[-379/526 -375/526   37/526 -195/526  -19/526  565/526 -547/526 -199/526  557/526 -383/526  137/526   13/526 -755/526  -63/526  -15/526]
[-611/526  253/526  473/526   49/526   33/526  425/526 -879/526  329/526 -159/526 -239/526   89/526 -227/526 -135/526  365/526  221/526]
[-567/526  105/526  133/526 -483/526  361/526 -491/526  117/526   81/526  453/526  181/526  317/526 -191/526 -291/526   17/526 -319/526]
[-247/526  233/526   69/526  313/526  -87/526  -79/526  337/526  109/526  289/526 -175/526 -231/526  121/526 -171/526  -55/526 -583/526]
[ 349/526  637/526  281/526  333/526 -259/526 -443/526 -219/526  413/526 -651/526 -255/526  549/526 -343/526  225/526  149/526 -571/526]
[ 169/526  265/526 -283/526 -423/526 -155/526 -531/526  553/526  -59/526        0        0        0        0        0        0        0]
Testing obstruction for
m1: 1, m2: 132,a: 0
[     -1/2  -259/526  -247/526  -227/526  -199/526  -163/526  -119/526   -67/526    -7/526    61/526   137/526   221/526   313/526   413/526   521/526]
[  637/526   761/526   893/526  1033/526  1181/526  1337/526  1501/526  1673/526  1853/526  2041/526  2237/526  2441/526  2653/526  2873/526  3101/526]
[ 3337/526  3581/526  3833/526  4093/526  4361/526  4637/526  4921/526  5213/526  5513/526  5821/526  6137/526  6461/526  6793/526  7133/526  7481/526]
[ 7837/526  8201/526  8573/526  8953/526  9341/526  9737/526 10141/526 10553/526 10973/526 11401/526 11837/526 12281/526 12733/526 13193/526 13661/526]
[14137/526 14621/526 15113/526 15613/526 16121/526 16637/526 17161/526 16641/526 16129/526 15625/526 15129/526 14641/526 14161/526 13689/526 13225/526]
[12769/526 12321/526 11881/526 11449/526 11025/526 10609/526 10201/526  9801/526  9409/526  9025/526  8649/526  8281/526  7921/526  7569/526  7225/526]
[ 6889/526  6561/526  6241/526  5929/526  5625/526  5329/526  5041/526  4761/526  4489/526  4225/526  3969/526  3721/526  3481/526  3249/526  3025/526]
[ 2809/526  2601/526  2401/526  2209/526  2025/526  1849/526  1681/526  1521/526  1369/526  1225/526  1089/526   961/526   841/526   729/526   625/526]
[  529/526   441/526   361/526   289/526   225/526   169/526   121/526    81/526    49/526    25/526     9/526     1/526     1/526     9/526    25/526]
[   49/526    81/526   121/526   169/526   225/526   289/526   361/526   441/526   529/526   625/526   729/526   841/526   961/526  1089/526  1225/526]
[ 1369/526  1521/526  1681/526  1849/526  2025/526  2209/526  2401/526  2601/526  2809/526  3025/526  3249/526  3481/526  3721/526  3969/526  4225/526]
[ 4489/526  4761/526  5041/526  5329/526  5625/526  5929/526  6241/526  6561/526  6889/526  7225/526  7569/526  7921/526  8281/526  8649/526  9025/526]
[ 9409/526  9801/526 10201/526 10609/526 11025/526 11449/526 11881/526 12321/526 12769/526 13225/526 13689/526 14161/526 14641/526 15129/526 15625/526]
[16129/526 16641/526 17161/526 16637/526 16121/526 15613/526 15113/526 14621/526 14137/526 13661/526 13193/526 12733/526 12281/526 11837/526 11401/526]
[10973/526 10553/526 10141/526  9737/526  9341/526  8953/526  8573/526  8201/526  7837/526  7481/526  7133/526  6793/526  6461/526  6137/526  5821/526]
[ 5513/526  5213/526  4921/526  4637/526  4361/526  4093/526  3833/526  3581/526  3337/526  3101/526  2873/526  2653/526  2441/526  2237/526  2041/526]
[ 1853/526  1673/526  1501/526  1337/526  1181/526  1033/526   893/526   761/526   637/526   521/526   413/526   313/526   221/526   137/526    61/526]
[   -7/526   -67/526  -119/526  -163/526  -199/526  -227/526  -247/526  -259/526         0         0         0         0         0         0         0]
Unobstructed
19
---------------------------
---------------------------
13a2156
H_1 not cyclic will skip for now
13a2181
H_1 not cyclic will skip for now
13a2195
Correction terms
[     -1/2  -787/830  -243/830  -443/830   273/830    49/166  -527/830  -383/830   677/830  -667/830   113/166  -607/830  -863/830  -203/830  -287/830]
[  109/166   633/830   -23/830   237/830  -247/830    37/166  -127/830   477/830   337/830  -547/830  -103/166   433/830   637/830    97/830   473/830]
[   21/166   653/830   457/830  -483/830  -507/830    77/166   533/830   -63/830   257/830  -167/830    65/166    73/830  -923/830   657/830  -167/830]
[  -15/166  -727/830  -463/830   717/830  -507/830   169/166  -207/830  -343/830   437/830 -1187/830   -47/166   -27/830  -563/830  -183/830  -547/830]
[    1/166  -187/830   537/830   517/830  -247/830   -19/166  -687/830  -363/830  -783/830  -287/830  -107/166   133/830    57/830  -763/830   993/830]
[   69/166   613/830   137/830 -1083/830   273/830  -155/166   753/830  -123/830     -1/10   873/830  -115/166   553/830  -723/830   577/830  -527/830]
[ -143/166    13/830    -3/830   897/830  -607/830    93/166   793/830   377/830   877/830 -1027/830   -71/166  -427/830   417/830   517/830  -127/830]
[   29/166  -327/830   117/830  -183/830   433/830    61/166  -567/830  -523/830 -1223/830   653/830    25/166   513/830   157/830  -943/830   533/830]
[  -79/166  -407/830   497/830 -1003/830    73/830  -251/166    -7/830   497/830   257/830   933/830  -159/166    53/830   157/830  -483/830  -207/830]
[ -135/166  -227/830  -523/830    97/830   -27/830   153/166   813/830   117/830   337/830  -187/830    41/166  -147/830   417/830   237/830  -687/830]
[  193/166   213/830   377/830  -203/830   133/830   -55/166   233/830    -3/830  -983/830   613/830   -39/166   -87/830   937/830  -443/830   753/830]
[  -91/166     -9/10  -123/830  -243/830   553/830  -211/166   -87/830   137/830  -383/830    13/830   -67/166   233/830    57/830  -863/830  -867/830]
[    9/166   213/830  -363/830   -23/830  -427/830    17/166  -147/830   537/830   477/830  -327/830   -43/166  -847/830  -563/830   637/830  -567/830]
[  161/166  -227/830  -343/830   457/830   513/830   -35/166    53/830  -463/830   -63/830  -407/830    33/166    -7/830   737/830   737/830    -7/830]
[   33/166  -407/830   -63/830  -463/830    53/830   -35/166   513/830   457/830  -343/830  -227/830   161/166  -567/830   637/830  -563/830  -847/830]
[  -43/166  -327/830   477/830   537/830  -147/830    17/166  -427/830   -23/830  -363/830   213/830     9/166  -867/830  -863/830    57/830   233/830]
[  -67/166    13/830  -383/830   137/830   -87/830  -211/166   553/830  -243/830  -123/830     -9/10   -91/166   753/830  -443/830   937/830   -87/830]
[  -39/166   613/830  -983/830    -3/830   233/830   -55/166   133/830  -203/830   377/830   213/830   193/166  -687/830   237/830   417/830  -147/830]
[   41/166  -187/830   337/830   117/830   813/830   153/166   -27/830    97/830  -523/830  -227/830  -135/166  -207/830  -483/830   157/830    53/830]
[ -159/166   933/830   257/830   497/830    -7/830  -251/166    73/830 -1003/830   497/830  -407/830   -79/166   533/830  -943/830   157/830   513/830]
[   25/166   653/830 -1223/830  -523/830  -567/830    61/166   433/830  -183/830   117/830  -327/830    29/166  -127/830   517/830   417/830  -427/830]
[  -71/166 -1027/830   877/830   377/830   793/830    93/166  -607/830   897/830    -3/830    13/830  -143/166  -527/830   577/830  -723/830   553/830]
[ -115/166   873/830     -1/10  -123/830   753/830  -155/166   273/830 -1083/830   137/830   613/830    69/166   993/830  -763/830    57/830   133/830]
[ -107/166  -287/830  -783/830  -363/830  -687/830   -19/166  -247/830   517/830   537/830  -187/830     1/166  -547/830  -183/830  -563/830   -27/830]
[  -47/166 -1187/830   437/830  -343/830  -207/830   169/166  -507/830   717/830  -463/830  -727/830   -15/166  -167/830   657/830  -923/830    73/830]
[   65/166  -167/830   257/830   -63/830   533/830    77/166  -507/830  -483/830   457/830   653/830    21/166   473/830    97/830   637/830   433/830]
[ -103/166  -547/830   337/830   477/830  -127/830    37/166  -247/830   237/830   -23/830   633/830   109/166  -287/830  -203/830  -863/830  -607/830]
[  113/166  -667/830   677/830  -383/830  -527/830    49/166   273/830  -443/830  -243/830  -787/830         0         0         0         0         0]
Testing obstruction for
m1: 1, m2: 208,a: 0
[     -1/2  -411/830  -399/830  -379/830  -351/830   -63/166  -271/830  -219/830  -159/830   -91/830    -3/166    69/830   161/830   261/830   369/830]
[   97/166   609/830   741/830   881/830  1029/830   237/166  1349/830  1521/830  1701/830  1889/830   417/166  2289/830  2501/830  2721/830  2949/830]
[  637/166  3429/830  3681/830  3941/830  4209/830   897/166  4769/830  5061/830  5361/830  5669/830  1197/166  6309/830  6641/830  6981/830  7329/830]
[ 1537/166  8049/830  8421/830  8801/830  9189/830  1917/166  9989/830 10401/830 10821/830 11249/830  2337/166 12129/830 12581/830 13041/830 13509/830]
[ 2797/166 14469/830 14961/830 15461/830 15969/830  3297/166 17009/830 17541/830 18081/830 18629/830  3837/166 19749/830 20321/830 20901/830 21489/830]
[ 4417/166 22689/830 23301/830 23921/830 24549/830  5037/166 25829/830 26481/830    327/10 27809/830  5697/166 29169/830 29861/830 30561/830 31269/830]
[ 6397/166 32709/830 33441/830 34181/830 34929/830  7137/166 36449/830 37221/830 38001/830 38789/830  7917/166 40389/830 41201/830 42021/830 42849/830]
[ 8405/166 41209/830 40401/830 39601/830 38809/830  7605/166 37249/830 36481/830 35721/830 34969/830  6845/166 33489/830 32761/830 32041/830 31329/830]
[ 6125/166 29929/830 29241/830 28561/830 27889/830  5445/166 26569/830 25921/830 25281/830 24649/830  4805/166 23409/830 22801/830 22201/830 21609/830]
[ 4205/166 20449/830 19881/830 19321/830 18769/830  3645/166 17689/830 17161/830 16641/830 16129/830  3125/166 15129/830 14641/830 14161/830 13689/830]
[ 2645/166 12769/830 12321/830 11881/830 11449/830  2205/166 10609/830 10201/830  9801/830  9409/830  1805/166  8649/830  8281/830  7921/830  7569/830]
[ 1445/166     83/10  6561/830  6241/830  5929/830  1125/166  5329/830  5041/830  4761/830  4489/830   845/166  3969/830  3721/830  3481/830  3249/830]
[  605/166  2809/830  2601/830  2401/830  2209/830   405/166  1849/830  1681/830  1521/830  1369/830   245/166  1089/830   961/830   841/830   729/830]
[  125/166   529/830   441/830   361/830   289/830    45/166   169/830   121/830    81/830    49/830     5/166     9/830     1/830     1/830     9/830]
[    5/166    49/830    81/830   121/830   169/830    45/166   289/830   361/830   441/830   529/830   125/166   729/830   841/830   961/830  1089/830]
[  245/166  1369/830  1521/830  1681/830  1849/830   405/166  2209/830  2401/830  2601/830  2809/830   605/166  3249/830  3481/830  3721/830  3969/830]
[  845/166  4489/830  4761/830  5041/830  5329/830  1125/166  5929/830  6241/830  6561/830     83/10  1445/166  7569/830  7921/830  8281/830  8649/830]
[ 1805/166  9409/830  9801/830 10201/830 10609/830  2205/166 11449/830 11881/830 12321/830 12769/830  2645/166 13689/830 14161/830 14641/830 15129/830]
[ 3125/166 16129/830 16641/830 17161/830 17689/830  3645/166 18769/830 19321/830 19881/830 20449/830  4205/166 21609/830 22201/830 22801/830 23409/830]
[ 4805/166 24649/830 25281/830 25921/830 26569/830  5445/166 27889/830 28561/830 29241/830 29929/830  6125/166 31329/830 32041/830 32761/830 33489/830]
[ 6845/166 34969/830 35721/830 36481/830 37249/830  7605/166 38809/830 39601/830 40401/830 41209/830  8405/166 42849/830 42021/830 41201/830 40389/830]
[ 7917/166 38789/830 38001/830 37221/830 36449/830  7137/166 34929/830 34181/830 33441/830 32709/830  6397/166 31269/830 30561/830 29861/830 29169/830]
[ 5697/166 27809/830    327/10 26481/830 25829/830  5037/166 24549/830 23921/830 23301/830 22689/830  4417/166 21489/830 20901/830 20321/830 19749/830]
[ 3837/166 18629/830 18081/830 17541/830 17009/830  3297/166 15969/830 15461/830 14961/830 14469/830  2797/166 13509/830 13041/830 12581/830 12129/830]
[ 2337/166 11249/830 10821/830 10401/830  9989/830  1917/166  9189/830  8801/830  8421/830  8049/830  1537/166  7329/830  6981/830  6641/830  6309/830]
[ 1197/166  5669/830  5361/830  5061/830  4769/830   897/166  4209/830  3941/830  3681/830  3429/830   637/166  2949/830  2721/830  2501/830  2289/830]
[  417/166  1889/830  1701/830  1521/830  1349/830   237/166  1029/830   881/830   741/830   609/830    97/166   369/830   261/830   161/830    69/830]
[   -3/166   -91/830  -159/830  -219/830  -271/830   -63/166  -351/830  -379/830  -399/830  -411/830         0         0         0         0         0]
Testing obstruction for
m1: 3, m2: 42,a: 0
[    -1/2 -727/830   -3/830   97/830 -427/830   17/166  -27/830  897/830 1197/830  873/830  317/166 1673/830 2797/830 3297/830 3173/830]
[ 817/166 4373/830 5697/830 6397/830 6473/830 1517/166 8073/830 7937/830 7177/830 5793/830 1089/166 4473/830 4537/830 3977/830 2793/830]
[ 529/166 1873/830 2137/830 1777/830  793/830  169/166  273/830  737/830  577/830 -207/830    9/166 -327/830  337/830  377/830 -207/830]
[  49/166   73/830  937/830 1177/830  793/830  289/166 1473/830 2537/830 2977/830 2793/830  729/166 3873/830 5137/830 5777/830 5793/830]
[1369/166 7273/830 8737/830 7917/830 6473/830 1213/166 5033/830 5037/830 4417/830 3173/830  593/166 2133/830 2337/830 1917/830  873/830]
[ 173/166  233/830  637/830  417/830 -427/830  -47/166 -667/830  -63/830    -1/10 -727/830  -67/166 -567/830  237/830  417/830  -27/830]
[ 113/166  533/830 1537/830 1917/830 1673/830  493/166 2633/830 3837/830 4417/830 4373/830 1073/166 5733/830 7137/830 7917/830 8073/830]
[1521/166 6513/830 6457/830 5777/830 4473/830  841/166 3313/830 3457/830 2977/830 1873/830  361/166 1113/830 1457/830 1177/830  273/830]
[  81/166  -87/830  457/830  377/830 -327/830    1/166 -287/830  457/830  577/830   73/830  121/166  513/830 1457/830 1777/830 1473/830]
[ 441/166 2313/830 3457/830 3977/830 3873/830  961/166 5113/830 6457/830 7177/830 7273/830 1681/166 7253/830 7137/830 6397/830 5033/830]
[ 941/166 3753/830 3837/830 3297/830 2133/830  401/166 1253/830 1537/830 1197/830  233/830   61/166 -247/830  237/830   97/830 -667/830]
[ -79/166    -9/10  -63/830   -3/830 -567/830  -19/166 -247/830  637/830  897/830  533/830  241/166 1253/830 2337/830 2797/830 2633/830]
[ 701/166 3753/830 5037/830 5697/830 5733/830 1361/166 7253/830 8737/830 7937/830 6513/830 1225/166 5113/830 5137/830 4537/830 3313/830]
[ 625/166 2313/830 2537/830 2137/830 1113/830  225/166  513/830  937/830  737/830  -87/830   25/166 -287/830  337/830  337/830 -287/830]
[  25/166  -87/830  737/830  937/830  513/830  225/166 1113/830 2137/830 2537/830 2313/830  625/166 3313/830 4537/830 5137/830 5113/830]
[1225/166 6513/830 7937/830 8737/830 7253/830 1361/166 5733/830 5697/830 5037/830 3753/830  701/166 2633/830 2797/830 2337/830 1253/830]
[ 241/166  533/830  897/830  637/830 -247/830  -19/166 -567/830   -3/830  -63/830    -9/10  -79/166 -667/830   97/830  237/830 -247/830]
[  61/166  233/830 1197/830 1537/830 1253/830  401/166 2133/830 3297/830 3837/830 3753/830  941/166 5033/830 6397/830 7137/830 7253/830]
[1681/166 7273/830 7177/830 6457/830 5113/830  961/166 3873/830 3977/830 3457/830 2313/830  441/166 1473/830 1777/830 1457/830  513/830]
[ 121/166   73/830  577/830  457/830 -287/830    1/166 -327/830  377/830  457/830  -87/830   81/166  273/830 1177/830 1457/830 1113/830]
[ 361/166 1873/830 2977/830 3457/830 3313/830  841/166 4473/830 5777/830 6457/830 6513/830 1521/166 8073/830 7917/830 7137/830 5733/830]
[1073/166 4373/830 4417/830 3837/830 2633/830  493/166 1673/830 1917/830 1537/830  533/830  113/166  -27/830  417/830  237/830 -567/830]
[ -67/166 -727/830    -1/10  -63/830 -667/830  -47/166 -427/830  417/830  637/830  233/830  173/166  873/830 1917/830 2337/830 2133/830]
[ 593/166 3173/830 4417/830 5037/830 5033/830 1213/166 6473/830 7917/830 8737/830 7273/830 1369/166 5793/830 5777/830 5137/830 3873/830]
[ 729/166 2793/830 2977/830 2537/830 1473/830  289/166  793/830 1177/830  937/830   73/830   49/166 -207/830  377/830  337/830 -327/830]
[   9/166 -207/830  577/830  737/830  273/830  169/166  793/830 1777/830 2137/830 1873/830  529/166 2793/830 3977/830 4537/830 4473/830]
[1089/166 5793/830 7177/830 7937/830 8073/830 1517/166 6473/830 6397/830 5697/830 4373/830  817/166 3173/830 3297/830 2797/830 1673/830]
[ 317/166  873/830 1197/830  897/830  -27/830   17/166 -427/830   97/830   -3/830 -727/830        0        0        0        0        0]
[-727/830, -3/830, 97/830, -427/830, 17/166, -27/830, 897/830, 1197/830, 873/830, 317/166, 1673/830, 2797/830, 3297/830, 3173/830, 817/166, 4373/830, 5697/830, 6397/830, 6473/830, 1517/166, 8073/830, 7937/830, 7177/830, 5793/830, 1089/166, 4473/830, 4537/830, 3977/830, 2793/830, 529/166, 1873/830, 2137/830, 1777/830, 793/830, 169/166, 273/830, 737/830, 577/830, -207/830, 9/166, -327/830, 337/830, 377/830, -207/830, 49/166, 73/830, 937/830, 1177/830, 793/830, 289/166, 1473/830, 2537/830, 2977/830, 2793/830, 729/166, 3873/830, 5137/830, 5777/830, 5793/830, 1369/166, 7273/830, 8737/830, 7917/830, 6473/830, 1213/166, 5033/830, 5037/830, 4417/830, 3173/830, 593/166, 2133/830, 2337/830, 1917/830, 873/830, 173/166, 233/830, 637/830, 417/830, -427/830, -47/166, -667/830, -63/830, -1/10, -727/830]
46 [-727/830, -3/830, 97/830, -427/830, 17/166, -27/830, 897/830, -463/830, -787/830, -15/166, 13/830, -523/830, -23/830, -147/830, 153/166, -607/830, 717/830, -243/830, -167/830, -143/166, -227/830, -363/830, 537/830, 813/830, 93/166, -507/830, -443/830, 657/830, -527/830, -135/166, 213/830, 477/830, 117/830, 793/830, 169/166, 273/830, -923/830, 577/830, -207/830, 9/166, -327/830, 337/830, 377/830, -207/830, 49/166, 73/830, -723/830, -483/830, -867/830, -43/166, -187/830, 877/830, -343/830, -527/830, 65/166, 553/830, 157/830, -863/830, -847/830, 41/166, -1027/830, 437/830, -383/830, -167/830, -115/166, 53/830, 57/830, -563/830, -147/830, -71/166, -1187/830, 677/830, 257/830, 873/830, -159/166, 233/830, 637/830, 417/830, -427/830, -47/166, -667/830, -63/830, -1/10, 933/830]
Testing obstruction for
m1: 6, m2: 21,a: 3
[    -1/2 -819/830 -371/830 -731/830 -239/830 -111/166  -19/830 -291/830  289/830   61/830  137/166  501/830 1169/830 1029/830 1741/830]
[ 329/166 2401/830 2349/830 3149/830 3141/830  797/166 4021/830 3249/830 3329/830 2601/830  545/166 2041/830 2209/830 1569/830 1781/830]
[ 237/166 1441/830  889/830 1189/830  681/830  205/166  561/830  949/830  529/830  961/830  117/166 1061/830  729/830 1249/830  961/830]
[ 305/166 1281/830 1889/830 1689/830 2341/830  437/166 2881/830 2769/830 3509/830 3441/830  845/166 4201/830 3369/830 3389/830 2601/830]
[ 533/166 1921/830 2029/830 1329/830 1481/830  165/166 1021/830  409/830  649/830   81/830   73/166 -159/830  169/830 -311/830   61/830]
[ -75/166   41/830 -351/830  109/830 -239/830   53/166  -39/830  509/830     3/10  841/830  125/166 1261/830 1089/830 1769/830 1641/830]
[ 473/166 2281/830 3049/830 3009/830 3821/830  765/166 3021/830 3069/830 2309/830 2401/830  337/166 1821/830 1149/830 1329/830  701/830]
[ 185/166  341/830  609/830   69/830  381/830  -23/166  241/830 -211/830  189/830 -219/830   45/166 -139/830  349/830   29/830  561/830]
[  57/166  861/830  629/830 1249/830 1061/830  345/166 1581/830 2289/830 2189/830 2941/830  577/166 3681/830 3669/830 2849/830 2881/830]
[ 421/166 2181/830 1449/830 1569/830  881/830  209/166  401/830  609/830    9/830  261/830  -59/166    1/830 -511/830 -171/830 -639/830]
[ -51/166 -679/830 -251/830 -631/830 -159/830  -99/166   21/830 -271/830  289/830   41/830  129/166  441/830 1089/830  929/830 1621/830]
[ 301/166    27/10 2169/830 2949/830 2921/830  749/166 3761/830 2969/830 3029/830 2281/830  477/166 1681/830 1829/830 1169/830 1361/830]
[ 149/166  981/830  409/830  689/830  161/830   97/166    1/830  369/830  -71/830  341/830  -11/166  401/830   49/830  549/830  241/830]
[ 157/166  521/830 1109/830  889/830 1521/830  269/166 2021/830 1889/830 2609/830 2521/830  657/166 3241/830 4049/830 4049/830 3241/830]
[ 657/166 2521/830 2609/830 1889/830 2021/830  269/166 1521/830  889/830 1109/830  521/830  157/166  241/830  549/830   49/830  401/830]
[ -11/166  341/830  -71/830  369/830    1/830   97/166  161/830  689/830  409/830  981/830  149/166 1361/830 1169/830 1829/830 1681/830]
[ 477/166 2281/830 3029/830 2969/830 3761/830  749/166 2921/830 2949/830 2169/830    27/10  301/166 1621/830  929/830 1089/830  441/830]
[ 129/166   41/830  289/830 -271/830   21/830  -99/166 -159/830 -631/830 -251/830 -679/830  -51/166 -639/830 -171/830 -511/830    1/830]
[ -59/166  261/830    9/830  609/830  401/830  209/166  881/830 1569/830 1449/830 2181/830  421/166 2881/830 2849/830 3669/830 3681/830]
[ 577/166 2941/830 2189/830 2289/830 1581/830  345/166 1061/830 1249/830  629/830  861/830   57/166  561/830   29/830  349/830 -139/830]
[  45/166 -219/830  189/830 -211/830  241/830  -23/166  381/830   69/830  609/830  341/830  185/166  701/830 1329/830 1149/830 1821/830]
[ 337/166 2401/830 2309/830 3069/830 3021/830  765/166 3821/830 3009/830 3049/830 2281/830  473/166 1641/830 1769/830 1089/830 1261/830]
[ 125/166  841/830     3/10  509/830  -39/830   53/166 -239/830  109/830 -351/830   41/830  -75/166   61/830 -311/830  169/830 -159/830]
[  73/166   81/830  649/830  409/830 1021/830  165/166 1481/830 1329/830 2029/830 1921/830  533/166 2601/830 3389/830 3369/830 4201/830]
[ 845/166 3441/830 3509/830 2769/830 2881/830  437/166 2341/830 1689/830 1889/830 1281/830  305/166  961/830 1249/830  729/830 1061/830]
[ 117/166  961/830  529/830  949/830  561/830  205/166  681/830 1189/830  889/830 1441/830  237/166 1781/830 1569/830 2209/830 2041/830]
[ 545/166 2601/830 3329/830 3249/830 4021/830  797/166 3141/830 3149/830 2349/830 2401/830  329/166 1741/830 1029/830 1169/830  501/830]
[ 137/166   61/830  289/830 -291/830  -19/830 -111/166 -239/830 -731/830 -371/830 -819/830        0        0        0        0        0]
Testing obstruction for
m1: 7, m2: 22,a: 6
[    -1/2 -787/830 -243/830 -443/830  273/830   49/166 1133/830 1277/830  677/830  993/830  113/166 1053/830  797/830 1457/830 1373/830]
[ 441/166 2293/830 3297/830 3557/830 3073/830  701/166 3193/830 2137/830 1997/830 1113/830  229/166  433/830  637/830   97/830  473/830]
[  21/166  653/830  457/830 1177/830 1153/830   77/166  533/830  -63/830  257/830 -167/830   65/166   73/830  737/830  657/830 1493/830]
[ 317/166 2593/830 2857/830 2377/830 2813/830  501/166 3113/830 2977/830 2097/830 2133/830  285/166 1633/830 1097/830 1477/830 1113/830]
[ 333/166 1473/830  537/830  517/830 -247/830  -19/166 -687/830 -363/830 -783/830 -287/830 -107/166  133/830   57/830  897/830  993/830]
[  69/166  613/830  137/830  577/830  273/830  177/166  753/830 1537/830    19/10 2533/830  549/166 3873/830 4257/830 3897/830 2793/830]
[ 521/166 1673/830 1657/830  897/830 1053/830   93/166  793/830  377/830  877/830  633/830  261/166 1233/830  417/830  517/830 -127/830]
[  29/166 -327/830  117/830 -183/830  433/830   61/166 1093/830 1137/830 2097/830 2313/830  357/166 2173/830 1817/830 2377/830 2193/830]
[ 585/166 2913/830 2157/830 2317/830 1733/830  413/166 1653/830 2157/830 1917/830  933/830  173/166   53/830  157/830 -483/830 -207/830]
[-135/166 -227/830 -523/830   97/830  -27/830  153/166  813/830  117/830  337/830 -187/830   41/166 -147/830  417/830  237/830  973/830]
[ 193/166 1873/830 2037/830 3117/830 3453/830  609/166 3553/830 3317/830 2337/830 2273/830  293/166 1573/830  937/830 1217/830  753/830]
[ 241/166    11/10 1537/830 1417/830  553/830  121/166  -87/830  137/830 -383/830   13/830  -67/166  233/830   57/830  797/830  793/830]
[ 341/166 1873/830 1297/830 1637/830 1233/830  349/166 1513/830 2197/830 2137/830 2993/830  621/166 2473/830 2757/830 2297/830 2753/830]
[ 493/166 1433/830 1317/830  457/830  513/830  -35/166   53/830 -463/830  -63/830 -407/830   33/166   -7/830  737/830  737/830   -7/830]
[  33/166 -407/830  -63/830 -463/830   53/830  -35/166  513/830  457/830 1317/830 1433/830  493/166 2753/830 2297/830 2757/830 2473/830]
[ 621/166 2993/830 2137/830 2197/830 1513/830  349/166 1233/830 1637/830 1297/830 1873/830  341/166  793/830  797/830   57/830  233/830]
[ -67/166   13/830 -383/830  137/830  -87/830  121/166  553/830 1417/830 1537/830    11/10  241/166  753/830 1217/830  937/830 1573/830]
[ 293/166 2273/830 2337/830 3317/830 3553/830  609/166 3453/830 3117/830 2037/830 1873/830  193/166  973/830  237/830  417/830 -147/830]
[  41/166 -187/830  337/830  117/830  813/830  153/166  -27/830   97/830 -523/830 -227/830 -135/166 -207/830 -483/830  157/830   53/830]
[ 173/166  933/830 1917/830 2157/830 1653/830  413/166 1733/830 2317/830 2157/830 2913/830  585/166 2193/830 2377/830 1817/830 2173/830]
[ 357/166 2313/830 2097/830 1137/830 1093/830   61/166  433/830 -183/830  117/830 -327/830   29/166 -127/830  517/830  417/830 1233/830]
[ 261/166  633/830  877/830  377/830  793/830   93/166 1053/830  897/830 1657/830 1673/830  521/166 2793/830 3897/830 4257/830 3873/830]
[ 549/166 2533/830    19/10 1537/830  753/830  177/166  273/830  577/830  137/830  613/830   69/166  993/830  897/830   57/830  133/830]
[-107/166 -287/830 -783/830 -363/830 -687/830  -19/166 -247/830  517/830  537/830 1473/830  333/166 1113/830 1477/830 1097/830 1633/830]
[ 285/166 2133/830 2097/830 2977/830 3113/830  501/166 2813/830 2377/830 2857/830 2593/830  317/166 1493/830  657/830  737/830   73/830]
[  65/166 -167/830  257/830  -63/830  533/830   77/166 1153/830 1177/830  457/830  653/830   21/166  473/830   97/830  637/830  433/830]
[ 229/166 1113/830 1997/830 2137/830 3193/830  701/166 3073/830 3557/830 3297/830 2293/830  441/166 1373/830 1457/830  797/830 1053/830]
[ 113/166  993/830  677/830 1277/830 1133/830   49/166  273/830 -443/830 -243/830 -787/830        0        0        0        0        0]
Unobstructed
1
---------------------------
---------------------------
13a2208
Correction terms
[    -1/2  -43/518 -431/518 -387/518   89/518  -39/518  265/518    -5/74   97/518 -375/518 -415/518  -23/518 -235/518  -15/518   -57/74]
[-351/518  129/518    5/518  313/518   17/518  153/518   -45/74 -351/518   45/518 -163/518   61/518 -319/518 -267/518    31/74   97/518]
[ 409/518  117/518  257/518 -207/518 -239/518    23/74  -43/518     5/14 -191/518 -135/518 -683/518 -799/518   -69/74 -771/518 -627/518]
[ -51/518  -79/518  325/518  125/518    51/74  -15/518   45/518 -499/518 -611/518 -291/518 -575/518   -61/74  153/518  129/518  537/518]
[ 341/518  577/518  209/518    39/74 -267/518 -375/518  -51/518 -331/518 -179/518 -631/518   -93/74 -239/518 -431/518 -191/518   -15/14]
[-487/518   13/518   -13/74  237/518  -39/518  117/518 -331/518 -347/518   69/518   -17/74  125/518 -235/518 -163/518  341/518  241/518]
[ 573/518    43/74  461/518   17/518    5/518 -611/518 -795/518 -547/518  -129/74 -827/518 -319/518 -415/518  -79/518 -347/518 -183/518]
[  -89/74 -631/518 -207/518 -387/518 -135/518 -487/518   -11/14    15/74   13/518  353/518   89/518  257/518 -179/518 -183/518    35/74]
[  69/518  325/518  -23/518   61/518 -459/518 -547/518   -29/74 -463/518 -291/518 -723/518 -723/518 -291/518 -463/518   -29/74 -547/518]
[-459/518   61/518  -23/518  325/518   69/518    35/74 -183/518 -179/518  257/518   89/518  353/518   13/518    15/74   -11/14 -487/518]
[-135/518 -387/518 -207/518 -631/518   -89/74 -183/518 -347/518  -79/518 -415/518 -319/518 -827/518  -129/74 -547/518 -795/518 -611/518]
[   5/518   17/518  461/518    43/74  573/518  241/518  341/518 -163/518 -235/518  125/518   -17/74   69/518 -347/518 -331/518  117/518]
[ -39/518  237/518   -13/74   13/518 -487/518   -15/14 -191/518 -431/518 -239/518   -93/74 -631/518 -179/518 -331/518  -51/518 -375/518]
[-267/518    39/74  209/518  577/518  341/518  537/518  129/518  153/518   -61/74 -575/518 -291/518 -611/518 -499/518   45/518  -15/518]
[   51/74  125/518  325/518  -79/518  -51/518 -627/518 -771/518   -69/74 -799/518 -683/518 -135/518 -191/518     5/14  -43/518    23/74]
[-239/518 -207/518  257/518  117/518  409/518   97/518    31/74 -267/518 -319/518   61/518 -163/518   45/518 -351/518   -45/74  153/518]
[  17/518  313/518    5/518  129/518 -351/518   -57/74  -15/518 -235/518  -23/518 -415/518 -375/518   97/518    -5/74  265/518  -39/518]
[  89/518 -387/518 -431/518  -43/518        0        0        0        0        0        0        0        0        0        0        0]
Testing obstruction for
m1: 1, m2: 130,a: 0
[     -1/2  -255/518  -243/518  -223/518  -195/518  -159/518  -115/518     -9/74    -3/518    65/518   141/518   225/518   317/518   417/518     75/74]
[  641/518   765/518   897/518  1037/518  1185/518  1341/518    215/74  1677/518  1857/518  2045/518  2241/518  2445/518  2657/518    411/74  3105/518]
[ 3341/518  3585/518  3837/518  4097/518  4365/518    663/74  4925/518    141/14  5517/518  5825/518  6141/518  6465/518    971/74  7137/518  7485/518]
[ 7841/518  8205/518  8577/518  8957/518   1335/74  9741/518 10145/518 10557/518 10977/518 11405/518 11841/518   1755/74 12737/518 13197/518 13665/518]
[14141/518 14625/518 15117/518   2231/74 16125/518 16641/518 16129/518 15625/518 15129/518 14641/518   2023/74 13689/518 13225/518 12769/518    333/14]
[11881/518 11449/518   1575/74 10609/518 10201/518  9801/518  9409/518  9025/518  8649/518   1183/74  7921/518  7569/518  7225/518  6889/518  6561/518]
[ 6241/518    847/74  5625/518  5329/518  5041/518  4761/518  4489/518  4225/518    567/74  3721/518  3481/518  3249/518  3025/518  2809/518  2601/518]
[   343/74  2209/518  2025/518  1849/518  1681/518  1521/518     37/14    175/74  1089/518   961/518   841/518   729/518   625/518   529/518     63/74]
[  361/518   289/518   225/518   169/518   121/518    81/518      7/74    25/518     9/518     1/518     1/518     9/518    25/518      7/74    81/518]
[  121/518   169/518   225/518   289/518   361/518     63/74   529/518   625/518   729/518   841/518   961/518  1089/518    175/74     37/14  1521/518]
[ 1681/518  1849/518  2025/518  2209/518    343/74  2601/518  2809/518  3025/518  3249/518  3481/518  3721/518    567/74  4225/518  4489/518  4761/518]
[ 5041/518  5329/518  5625/518    847/74  6241/518  6561/518  6889/518  7225/518  7569/518  7921/518   1183/74  8649/518  9025/518  9409/518  9801/518]
[10201/518 10609/518   1575/74 11449/518 11881/518    333/14 12769/518 13225/518 13689/518   2023/74 14641/518 15129/518 15625/518 16129/518 16641/518]
[16125/518   2231/74 15117/518 14625/518 14141/518 13665/518 13197/518 12737/518   1755/74 11841/518 11405/518 10977/518 10557/518 10145/518  9741/518]
[  1335/74  8957/518  8577/518  8205/518  7841/518  7485/518  7137/518    971/74  6465/518  6141/518  5825/518  5517/518    141/14  4925/518    663/74]
[ 4365/518  4097/518  3837/518  3585/518  3341/518  3105/518    411/74  2657/518  2445/518  2241/518  2045/518  1857/518  1677/518    215/74  1341/518]
[ 1185/518  1037/518   897/518   765/518   641/518     75/74   417/518   317/518   225/518   141/518    65/518    -3/518     -9/74  -115/518  -159/518]
[ -195/518  -223/518  -243/518  -255/518         0         0         0         0         0         0         0         0         0         0         0]
Testing obstruction for
m1: 4, m2: 19,a: 0
[    -1/2 -363/518  361/518 -159/518  149/518  249/518  141/518   -25/74  337/518  641/518  737/518  625/518 1341/518  813/518   159/74]
[1205/518 2125/518 1801/518 2305/518 2601/518 1653/518   219/74 1205/518 1705/518  961/518 1045/518  921/518  589/518     7/74  337/518]
[ 417/518  289/518  -47/518  445/518 -307/518   -33/74 -363/518     9/14 -215/518   65/518  137/518    1/518   -49/74  141/518  417/518]
[ 485/518  345/518 1033/518  477/518   107/74  813/518 1705/518 1353/518 1829/518 2097/518 2157/518   287/74 1653/518 2125/518 1353/518]
[1409/518 1257/518  897/518    47/74  589/518  641/518  485/518  121/518  585/518 -195/518   -21/74 -307/518  361/518 -215/518     1/14]
[  81/518  -83/518   -65/74    1/518  249/518  289/518  121/518  781/518  197/518    63/74  477/518 1341/518  961/518 1409/518 1649/518]
[1681/518   215/74 2157/518 2601/518 1801/518 1829/518 1649/518 1261/518    95/74  897/518  921/518  737/518  345/518  781/518  -27/518]
[   -1/74 -195/518  445/518 -159/518   65/518   81/518    -3/14   -73/74  -83/518  137/518  149/518  -47/518  585/518  -27/518    27/74]
[ 197/518 1033/518  625/518 1045/518 1257/518 1261/518   151/74 1681/518 2097/518 2305/518 2305/518 2097/518 1681/518   151/74 1261/518]
[1257/518 1045/518  625/518 1033/518  197/518    27/74  -27/518  585/518  -47/518  149/518  137/518  -83/518   -73/74    -3/14   81/518]
[  65/518 -159/518  445/518 -195/518    -1/74  -27/518  781/518  345/518  737/518  921/518  897/518    95/74 1261/518 1649/518 1829/518]
[1801/518 2601/518 2157/518   215/74 1681/518 1649/518 1409/518  961/518 1341/518  477/518    63/74  197/518  781/518  121/518  289/518]
[ 249/518    1/518   -65/74  -83/518   81/518     1/14 -215/518  361/518 -307/518   -21/74 -195/518  585/518  121/518  485/518  641/518]
[ 589/518    47/74  897/518 1257/518 1409/518 1353/518 2125/518 1653/518   287/74 2157/518 2097/518 1829/518 1353/518 1705/518  813/518]
[  107/74  477/518 1033/518  345/518  485/518  417/518  141/518   -49/74    1/518  137/518   65/518 -215/518     9/14 -363/518   -33/74]
[-307/518  445/518  -47/518  289/518  417/518  337/518     7/74  589/518  921/518 1045/518  961/518 1705/518 1205/518   219/74 1653/518]
[2601/518 2305/518 1801/518 2125/518 1205/518   159/74  813/518 1341/518  625/518  737/518  641/518  337/518   -25/74  141/518  249/518]
[ 149/518 -159/518  361/518 -363/518        0        0        0        0        0        0        0        0        0        0        0]
Testing obstruction for
m1: 3, m2: 28,a: 2
[    -1/2 -463/518  -39/518  -23/518 -415/518 -179/518 -351/518    15/74  153/518 -207/518   61/518  -79/518  409/518  489/518    23/74]
[ 461/518  353/518  873/518  985/518  689/518 1021/518   135/74 1497/518 1641/518 1377/518 1741/518 1697/518 2281/518   351/74 2225/518]
[2621/518 2609/518 3225/518 3433/518 3233/518   375/74 2645/518    61/14 2497/518 2329/518 1753/518 1805/518   207/74 1721/518 1585/518]
[1041/518 1125/518  801/518 1105/518   143/74  489/518  605/518  313/518  649/518  577/518   97/518    35/74  -15/518  353/518  313/518]
[-135/518   45/518 -183/518    31/74  209/518 -207/518    5/518 -191/518  241/518  265/518   -17/74  125/518  -39/518  425/518    13/14]
[ 129/518  405/518    39/74  769/518  857/518  537/518  845/518  745/518 1273/518   199/74 1105/518 1445/518 1377/518 1937/518 2089/518]
[1833/518   315/74 2169/518 2761/518 2945/518 2721/518 3125/518 3121/518   387/74 2925/518 2733/518 2133/518 2161/518 1781/518 2029/518]
[  267/74 1301/518 1361/518 1013/518 1293/518 1165/518    17/14   103/74  405/518  717/518  621/518  117/518  241/518  -43/518    43/74]
[ 237/518 -235/518  -79/518 -331/518   45/518   13/518   -61/74 -239/518 -459/518  -51/518  -51/518 -459/518 -239/518   -61/74   13/518]
[  45/518 -331/518  -79/518 -235/518  237/518    43/74  -43/518  241/518  117/518  621/518  717/518  405/518   103/74    17/14 1165/518]
[1293/518 1013/518 1361/518 1301/518   267/74 2029/518 1781/518 2161/518 2133/518 2733/518 2925/518   387/74 3121/518 3125/518 2721/518]
[2945/518 2761/518 2169/518   315/74 1833/518 2089/518 1937/518 1377/518 1445/518 1105/518   199/74 1273/518  745/518  845/518  537/518]
[ 857/518  769/518    39/74  405/518  129/518    13/14  425/518  -39/518  125/518   -17/74  265/518  241/518 -191/518    5/518 -207/518]
[ 209/518    31/74 -183/518   45/518 -135/518  313/518  353/518  -15/518    35/74   97/518  577/518  649/518  313/518  605/518  489/518]
[  143/74 1105/518  801/518 1125/518 1041/518 1585/518 1721/518   207/74 1805/518 1753/518 2329/518 2497/518    61/14 2645/518   375/74]
[3233/518 3433/518 3225/518 2609/518 2621/518 2225/518   351/74 2281/518 1697/518 1741/518 1377/518 1641/518 1497/518   135/74 1021/518]
[ 689/518  985/518  873/518  353/518  461/518    23/74  489/518  409/518  -79/518   61/518 -207/518  153/518    15/74 -351/518 -179/518]
[-415/518  -23/518  -39/518 -463/518        0        0        0        0        0        0        0        0        0        0        0]
[-463/518, -39/518, -23/518, -415/518, -179/518, -351/518, 15/74, 153/518, -207/518, 61/518, -79/518, 409/518, 489/518, 23/74, 461/518, 353/518, 873/518, 985/518, 689/518, 1021/518, 135/74, 1497/518, 1641/518, 1377/518, 1741/518, 1697/518, 2281/518, 351/74, 2225/518, 2621/518, 2609/518, 3225/518, 3433/518, 3233/518, 375/74, 2645/518, 61/14, 2497/518, 2329/518, 1753/518, 1805/518, 207/74, 1721/518, 1585/518, 1041/518, 1125/518, 801/518, 1105/518, 143/74, 489/518, 605/518, 313/518, 649/518, 577/518, 97/518, 35/74, -15/518, 353/518, 313/518, -135/518, 45/518, -183/518, 31/74, 209/518, -207/518, 5/518, -191/518, 241/518, 265/518, -17/74, 125/518, -39/518, 425/518, 13/14, 129/518, 405/518, 39/74, 769/518, 857/518, 537/518, 845/518, 745/518, 1273/518, 199/74, 1105/518, 1445/518, 1377/518, 1937/518, 2089/518, 1833/518, 315/74, 2169/518, 2761/518, 2945/518, 2721/518, 3125/518, 3121/518, 387/74, 2925/518, 2733/518, 2133/518, 2161/518, 1781/518, 2029/518, 267/74, 1301/518, 1361/518, 1013/518, 1293/518, 1165/518, 17/14, 103/74, 405/518, 717/518, 621/518, 117/518, 241/518, -43/518, 43/74, 237/518, -235/518, -79/518, -331/518, 45/518, 13/518, -61/74, -239/518, -459/518]
127 [-463/518, -39/518, -23/518, -415/518, -179/518, -351/518, 15/74, 153/518, -207/518, 61/518, -79/518, 409/518, -547/518, 23/74, 461/518, -683/518, -163/518, -51/518, -347/518, -15/518, -13/74, -575/518, -431/518, 341/518, -331/518, -375/518, 209/518, -93/74, 153/518, -487/518, -499/518, 117/518, 325/518, 125/518, -69/74, 573/518, 5/14, -611/518, 257/518, -319/518, -267/518, -89/74, -351/518, -487/518, 5/518, 89/518, -235/518, 69/518, -5/74, -547/518, -431/518, -723/518, -387/518, -459/518, 97/518, 35/74, -15/518, 353/518, 313/518, -135/518, 45/518, -183/518, 31/74, -827/518, -207/518, 5/518, -191/518, 241/518, -771/518, -17/74, 125/518, -39/518, -611/518, -15/14, 129/518, -631/518, 39/74, -267/518, -179/518, 537/518, -191/518, -291/518, 237/518, 51/74, 69/518, -627/518, 341/518, -135/518, 17/518, -239/518, -129/74, 97/518, -347/518, -163/518, -387/518, 17/518, 13/518, -57/74, -183/518, -375/518, 61/518, 89/518, -291/518, -43/518, -29/74, 265/518, 325/518, -23/518, 257/518, 129/518, -11/14, -45/74, -631/518, -319/518, -415/518, 117/518, -795/518, -43/518, 43/74, -799/518, -235/518, -79/518, -331/518, 45/518, 13/518, -61/74, -239/518, 577/518]
Testing obstruction for
m1: 6, m2: 13,a: 2
[    -1/2 -507/518 -215/518 -419/518  -83/518 -243/518  137/518     3/74  445/518  373/518  841/518  813/518 1325/518 1341/518   123/74]
[ 921/518  485/518  589/518  197/518  345/518   -3/518    27/74 -115/518  121/518 -139/518  141/518  -75/518  249/518    11/74  445/518]
[ 317/518  729/518  645/518 1101/518 1061/518   223/74 1565/518    29/14 1121/518  673/518  765/518  361/518    71/74  137/518  317/518]
[   1/518  225/518  -47/518  221/518    -1/74  305/518  121/518  477/518  337/518  737/518  641/518   155/74 1033/518 1521/518 1513/518]
[1009/518 1045/518  585/518    95/74  249/518  373/518    1/518  169/518 -159/518   53/518   -33/74   25/518 -215/518   85/518    -3/14]
[ 233/518   81/518    67/74  361/518  793/518  729/518 1205/518 1185/518 1705/518   247/74 1257/518 1325/518  897/518 1009/518  625/518]
[ 781/518    63/74  641/518  345/518  589/518  337/518  625/518  417/518   107/74  585/518  961/518  841/518 1261/518 1185/518 1649/518]
[  231/74 1089/518 1101/518  617/518  673/518  233/518     9/14    -9/74   81/518 -271/518  -83/518 -391/518 -159/518 -423/518   -21/74]
[-367/518  -47/518 -223/518  141/518    9/518  417/518    47/74  781/518  737/518 1233/518 1233/518  737/518  781/518    47/74  417/518]
[   9/518  141/518 -223/518  -47/518 -367/518   -21/74 -423/518 -159/518 -391/518  -83/518 -271/518   81/518    -9/74     9/14  233/518]
[ 673/518  617/518 1101/518 1089/518   231/74 1649/518 1185/518 1261/518  841/518  961/518  585/518   107/74  417/518  625/518  337/518]
[ 589/518  345/518  641/518    63/74  781/518  625/518 1009/518  897/518 1325/518 1257/518   247/74 1705/518 1185/518 1205/518  729/518]
[ 793/518  361/518    67/74   81/518  233/518    -3/14   85/518 -215/518   25/518   -33/74   53/518 -159/518  169/518    1/518  373/518]
[ 249/518    95/74  585/518 1045/518 1009/518 1513/518 1521/518 1033/518   155/74  641/518  737/518  337/518  477/518  121/518  305/518]
[   -1/74  221/518  -47/518  225/518    1/518  317/518  137/518    71/74  361/518  765/518  673/518 1121/518    29/14 1565/518   223/74]
[1061/518 1101/518  645/518  729/518  317/518  445/518    11/74  249/518  -75/518  141/518 -139/518  121/518 -115/518    27/74   -3/518]
[ 345/518  197/518  589/518  485/518  921/518   123/74 1341/518 1325/518  813/518  841/518  373/518  445/518     3/74  137/518 -243/518]
[ -83/518 -419/518 -215/518 -507/518        0        0        0        0        0        0        0        0        0        0        0]
Testing obstruction for
m1: 9, m2: 10,a: 4
[    -1/2 -499/518 -183/518 -347/518   45/518  -43/518  425/518    59/74  957/518 1021/518  605/518  745/518  405/518  621/518    51/74]
[ 649/518  461/518  829/518  717/518 1161/518 1125/518    87/74  649/518  209/518  325/518  -39/518  153/518 -135/518    19/74  -79/518]
[ 265/518  129/518  549/518  489/518  985/518   143/74  537/518    17/14  241/518  409/518   97/518  341/518    15/74  425/518  265/518]
[ 661/518  577/518 1049/518 1041/518    79/74  621/518  209/518  353/518   17/518  237/518  -23/518    39/74   89/518  461/518  353/518]
[ 801/518  769/518  257/518    43/74 -135/518  -15/518 -375/518 -179/518 -463/518 -191/518   -57/74  -51/518 -183/518  241/518     5/14]
[ 685/518  705/518   183/74 1377/518  993/518 1165/518  857/518 1105/518  873/518   171/74 1041/518 1441/518 1361/518  801/518  797/518]
[ 313/518    55/74  -23/518  125/518 -207/518   17/518 -239/518   61/518   -17/74  257/518  153/518  605/518  577/518 1105/518 1153/518]
[  103/74  845/518  489/518  689/518  409/518  685/518    13/14   119/74  705/518 1133/518 1081/518  549/518  573/518  117/518    31/74]
[-163/518   13/518 -291/518  -39/518 -267/518   61/518   -13/74  313/518  237/518  717/518  717/518  237/518  313/518   -13/74   61/518]
[-267/518  -39/518 -291/518   13/518 -163/518    31/74  117/518  573/518  549/518 1081/518 1133/518  705/518   119/74    13/14  685/518]
[ 409/518  689/518  489/518  845/518   103/74 1153/518 1105/518  577/518  605/518  153/518  257/518   -17/74   61/518 -239/518   17/518]
[-207/518  125/518  -23/518    55/74  313/518  797/518  801/518 1361/518 1441/518 1041/518   171/74  873/518 1105/518  857/518 1165/518]
[ 993/518 1377/518   183/74  705/518  685/518     5/14  241/518 -183/518  -51/518   -57/74 -191/518 -463/518 -179/518 -375/518  -15/518]
[-135/518    43/74  257/518  769/518  801/518  353/518  461/518   89/518    39/74  -23/518  237/518   17/518  353/518  209/518  621/518]
[   79/74 1041/518 1049/518  577/518  661/518  265/518  425/518    15/74  341/518   97/518  409/518  241/518    17/14  537/518   143/74]
[ 985/518  489/518  549/518  129/518  265/518  -79/518    19/74 -135/518  153/518  -39/518  325/518  209/518  649/518    87/74 1125/518]
[1161/518  717/518  829/518  461/518  649/518    51/74  621/518  405/518  745/518  605/518 1021/518  957/518    59/74  425/518  -43/518]
[  45/518 -347/518 -183/518 -499/518        0        0        0        0        0        0        0        0        0        0        0]
[-499/518, -183/518, -347/518, 45/518, -43/518, 425/518, 59/74, 957/518, 1021/518, 605/518, 745/518, 405/518, 621/518, 51/74, 649/518, 461/518, 829/518, 717/518, 1161/518, 1125/518, 87/74, 649/518, 209/518, 325/518, -39/518, 153/518, -135/518, 19/74, -79/518, 265/518, 129/518, 549/518, 489/518, 985/518, 143/74, 537/518, 17/14, 241/518, 409/518, 97/518, 341/518, 15/74, 425/518, 265/518, 661/518, 577/518, 1049/518, 1041/518, 79/74, 621/518, 209/518, 353/518, 17/518, 237/518, -23/518, 39/74, 89/518, 461/518, 353/518, 801/518, 769/518, 257/518, 43/74, -135/518, -15/518, -375/518, -179/518, -463/518]
52 [-499/518, -183/518, -347/518, 45/518, -43/518, -611/518, -89/74, -79/518, -15/518, -431/518, -291/518, -631/518, -415/518, 51/74, -387/518, -575/518, -207/518, -319/518, 125/518, 89/518, -61/74, -387/518, -827/518, 325/518, -39/518, 153/518, -135/518, -129/74, -79/518, 265/518, 129/518, -487/518, -547/518, -51/518, -5/74, 537/518, -11/14, -795/518, -627/518, 97/518, 341/518, 15/74, -611/518, -771/518, -375/518, 577/518, 13/518, 5/518, -69/74, -415/518, 209/518, 353/518, 17/518, -799/518, -23/518, 39/74, 89/518, 461/518, -683/518, -235/518, -267/518, 257/518, 43/74, -135/518, -15/518, -375/518, -179/518, 573/518]
Testing obstruction for
m1: 7, m2: 16,a: 6
[    -1/2 -487/518 -135/518 -239/518  237/518  257/518  857/518   143/74  689/518  957/518  769/518 1161/518 1097/518  577/518    91/74]
[ 241/518  425/518  153/518  461/518  313/518  745/518   103/74  241/518  341/518  -15/518  209/518  -23/518  325/518    31/74  689/518]
[ 705/518 1301/518 1441/518 1125/518 1389/518   171/74  549/518    13/14  -43/518   13/518 -387/518 -207/518   -69/74 -179/518 -331/518]
[  97/518   69/518  621/518  717/518    51/74  577/518  341/518  685/518  573/518 1041/518 1053/518    87/74  745/518  425/518  685/518]
[ 489/518  873/518  801/518    39/74  325/518  -79/518   97/518 -183/518  117/518  -39/518    55/74  353/518  901/518  993/518    45/14]
[1881/518 1641/518   135/74  829/518  257/518  265/518 -183/518  -51/518 -375/518   -17/74 -319/518   61/518  -15/518  489/518  537/518]
[ 129/518    43/74   17/518  313/518  153/518  573/518  537/518 1081/518   167/74  801/518 1013/518  769/518 1105/518  985/518  409/518]
[   59/74  -39/518   89/518 -239/518   13/518 -191/518     5/14    15/74  605/518  649/518 1273/518 1441/518 1153/518 1445/518   183/74]
[ 661/518  621/518  125/518  209/518 -163/518   45/518   -29/74  129/518    5/518  461/518  461/518    5/518  129/518   -29/74   45/518]
[-163/518  209/518  125/518  621/518  661/518   183/74 1445/518 1153/518 1441/518 1273/518  649/518  605/518    15/74     5/14 -191/518]
[  13/518 -239/518   89/518  -39/518    59/74  409/518  985/518 1105/518  769/518 1013/518  801/518   167/74 1081/518  537/518  573/518]
[ 153/518  313/518   17/518    43/74  129/518  537/518  489/518  -15/518   61/518 -319/518   -17/74 -375/518  -51/518 -183/518  265/518]
[ 257/518  829/518   135/74 1641/518 1881/518    45/14  993/518  901/518  353/518    55/74  -39/518  117/518 -183/518   97/518  -79/518]
[ 325/518    39/74  801/518  873/518  489/518  685/518  425/518  745/518    87/74 1053/518 1041/518  573/518  685/518  341/518  577/518]
[   51/74  717/518  621/518   69/518   97/518 -331/518 -179/518   -69/74 -207/518 -387/518   13/518  -43/518    13/14  549/518   171/74]
[1389/518 1125/518 1441/518 1301/518  705/518  689/518    31/74  325/518  -23/518  209/518  -15/518  341/518  241/518   103/74  745/518]
[ 313/518  461/518  153/518  425/518  241/518    91/74  577/518 1097/518 1161/518  769/518  957/518  689/518   143/74  857/518  257/518]
[ 237/518 -239/518 -135/518 -487/518        0        0        0        0        0        0        0        0        0        0        0]
Unobstructed
75
---------------------------
---------------------------
