13a4240
Correction terms
[    -1/2 -487/470 -303/470 -623/470 -507/470     9/94   93/470 -363/470 -383/470 -907/470   -11/94  293/470  137/470 -523/470 -747/470]
[ -107/94  113/470  257/470 -103/470  -27/470   -91/94 -447/470   -3/470  -63/470  313/470    37/94 -447/470 -643/470 -403/470  273/470]
[   89/94  113/470 -723/470 -183/470 -147/470    65/94  293/470 -243/470 -343/470   -7/470   -35/94   93/470 -143/470   57/470 -247/470]
[  -23/94 -487/470    -9/10   77/470   73/470   -87/94 -507/470 -143/470 -283/470   13/470   -39/94 -907/470 -243/470  -83/470 -427/470]
[  -67/94 -747/470 -723/470 -263/470 -307/470    17/94  -27/470 -643/470 -823/470 -567/470    25/94  313/470   -3/470 -823/470 -267/470]
[  -43/94  273/470  257/470 -263/470 -347/470     1/94 -147/470  137/470  -83/470  133/470   -31/94   -7/470 -363/470 -283/470  233/470]
[   49/94 -247/470 -303/470   77/470    -1/10    53/94   73/470 -623/470   57/470  233/470   -19/94   13/470 -383/470 -343/470  133/470]
[   21/94 -427/470 -523/470 -183/470 -347/470   -15/94 -307/470 -103/470 -403/470 -267/470  -127/94 -567/470  -63/470  -63/470 -567/470]
[ -127/94 -267/470 -403/470 -103/470 -307/470   -15/94 -347/470 -183/470 -523/470 -427/470    21/94  133/470 -343/470 -383/470   13/470]
[  -19/94  233/470   57/470 -623/470   73/470    53/94    -1/10   77/470 -303/470 -247/470    49/94  233/470 -283/470 -363/470   -7/470]
[  -31/94  133/470  -83/470  137/470 -147/470     1/94 -347/470 -263/470  257/470  273/470   -43/94 -267/470 -823/470   -3/470  313/470]
[   25/94 -567/470 -823/470 -643/470  -27/470    17/94 -307/470 -263/470 -723/470 -747/470   -67/94 -427/470  -83/470 -243/470 -907/470]
[  -39/94   13/470 -283/470 -143/470 -507/470   -87/94   73/470   77/470    -9/10 -487/470   -23/94 -247/470   57/470 -143/470   93/470]
[  -35/94   -7/470 -343/470 -243/470  293/470    65/94 -147/470 -183/470 -723/470  113/470    89/94  273/470 -403/470 -643/470 -447/470]
[   37/94  313/470  -63/470   -3/470 -447/470   -91/94  -27/470 -103/470  257/470  113/470  -107/94 -747/470 -523/470  137/470  293/470]
[  -11/94 -907/470 -383/470 -363/470   93/470     9/94 -507/470 -623/470 -303/470 -487/470        0        0        0        0        0]
Testing obstruction for
m1: 1, m2: 118,a: 0
[     -1/2  -231/470  -219/470  -199/470  -171/470    -27/94   -91/470   -39/470    21/470    89/470     33/94   249/470   341/470   441/470   549/470]
[   133/94   789/470   921/470  1061/470  1209/470    273/94  1529/470  1701/470  1881/470  2069/470    453/94  2469/470  2681/470  2901/470  3129/470]
[   673/94  3609/470  3861/470  4121/470  4389/470    933/94  4949/470  5241/470  5541/470  5849/470   1233/94  6489/470  6821/470  7161/470  7509/470]
[  1573/94  8229/470    183/10  8981/470  9369/470   1953/94 10169/470 10581/470 11001/470 11429/470   2373/94 12309/470 12761/470 13221/470 13689/470]
[  2645/94 12769/470 12321/470 11881/470 11449/470   2205/94 10609/470 10201/470  9801/470  9409/470   1805/94  8649/470  8281/470  7921/470  7569/470]
[  1445/94  6889/470  6561/470  6241/470  5929/470   1125/94  5329/470  5041/470  4761/470  4489/470    845/94  3969/470  3721/470  3481/470  3249/470]
[   605/94  2809/470  2601/470  2401/470     47/10    405/94  1849/470  1681/470  1521/470  1369/470    245/94  1089/470   961/470   841/470   729/470]
[   125/94   529/470   441/470   361/470   289/470     45/94   169/470   121/470    81/470    49/470      5/94     9/470     1/470     1/470     9/470]
[     5/94    49/470    81/470   121/470   169/470     45/94   289/470   361/470   441/470   529/470    125/94   729/470   841/470   961/470  1089/470]
[   245/94  1369/470  1521/470  1681/470  1849/470    405/94     47/10  2401/470  2601/470  2809/470    605/94  3249/470  3481/470  3721/470  3969/470]
[   845/94  4489/470  4761/470  5041/470  5329/470   1125/94  5929/470  6241/470  6561/470  6889/470   1445/94  7569/470  7921/470  8281/470  8649/470]
[  1805/94  9409/470  9801/470 10201/470 10609/470   2205/94 11449/470 11881/470 12321/470 12769/470   2645/94 13689/470 13221/470 12761/470 12309/470]
[  2373/94 11429/470 11001/470 10581/470 10169/470   1953/94  9369/470  8981/470    183/10  8229/470   1573/94  7509/470  7161/470  6821/470  6489/470]
[  1233/94  5849/470  5541/470  5241/470  4949/470    933/94  4389/470  4121/470  3861/470  3609/470    673/94  3129/470  2901/470  2681/470  2469/470]
[   453/94  2069/470  1881/470  1701/470  1529/470    273/94  1209/470  1061/470   921/470   789/470    133/94   549/470   441/470   341/470   249/470]
[    33/94    89/470    21/470   -39/470   -91/470    -27/94  -171/470  -199/470  -219/470  -231/470         0         0         0         0         0]
Testing obstruction for
m1: 3, m2: 24,a: 0
[    -1/2 -403/470   33/470  133/470 -103/470    53/94  297/470  933/470 1233/470 1197/470   353/94 1997/470 2833/470 2393/470 1617/470]
[  289/94  937/470 1033/470  793/470  217/470    49/94  -63/470  233/470  193/470 -183/470     9/94  -63/470  433/470  593/470  417/470]
[  169/94  937/470 1633/470 1993/470 2017/470   529/94 1997/470 1953/470 1573/470  857/470   149/94  297/470  453/470  273/470 -243/470]
[  -31/94 -403/470    -1/10  -27/470 -343/470   -11/94 -103/470  453/470  673/470  557/470   209/94 1197/470 1953/470 2373/470 2457/470]
[  441/94 1617/470 1633/470 1313/470  657/470   121/94  217/470  433/470  313/470 -143/470     1/94 -183/470  233/470  313/470   57/470]
[   81/94  417/470 1033/470 1313/470 1257/470   361/94 2017/470 2833/470 2373/470 1577/470   277/94  857/470  933/470  673/470   77/470]
[   17/94 -243/470   33/470  -27/470    -9/10   -43/94 -343/470  133/470  273/470   77/470    97/94  557/470 1233/470 1573/470 1577/470]
[  437/94 2457/470 2393/470 1993/470 1257/470   225/94  657/470  793/470  593/470   57/470    25/94 -143/470  193/470  193/470 -143/470]
[   25/94   57/470  593/470  793/470  657/470   225/94 1257/470 1993/470 2393/470 2457/470   437/94 1577/470 1573/470 1233/470  557/470]
[   97/94   77/470  273/470  133/470 -343/470   -43/94    -9/10  -27/470   33/470 -243/470    17/94   77/470  673/470  933/470  857/470]
[  277/94 1577/470 2373/470 2833/470 2017/470   361/94 1257/470 1313/470 1033/470  417/470    81/94   57/470  313/470  233/470 -183/470]
[    1/94 -143/470  313/470  433/470  217/470   121/94  657/470 1313/470 1633/470 1617/470   441/94 2457/470 2373/470 1953/470 1197/470]
[  209/94  557/470  673/470  453/470 -103/470   -11/94 -343/470  -27/470    -1/10 -403/470   -31/94 -243/470  273/470  453/470  297/470]
[  149/94  857/470 1573/470 1953/470 1997/470   529/94 2017/470 1993/470 1633/470  937/470   169/94  417/470  593/470  433/470  -63/470]
[    9/94 -183/470  193/470  233/470  -63/470    49/94  217/470  793/470 1033/470  937/470   289/94 1617/470 2393/470 2833/470 1997/470]
[  353/94 1197/470 1233/470  933/470  297/470    53/94 -103/470  133/470   33/470 -403/470        0        0        0        0        0]
Unobstructed
28
---------------------------
---------------------------
13a4241
Correction terms
[    -1/2 -451/534   65/534   71/178   -7/534 -595/534 -161/178  329/534 -295/534  -73/178 -511/534 -103/534  -21/178 -391/534  -19/534]
[  -5/178 -379/534  -43/534  -25/178 -475/534 -175/534  -81/178  389/534 -415/534 -173/178   77/534 -763/534   55/178 -343/534 -151/534]
[-109/178  197/534  353/534 -309/178 -439/534 -319/534 -189/178 -115/534  -31/534 -105/178  101/534  149/534  -57/178 -859/534 -847/534]
[ -45/178  209/534  185/534  -69/178  101/534   41/534 -129/178 -115/534 -211/534 -225/178 -439/534  497/534   -1/178 -871/534   29/534]
[-169/178 -343/534 -547/534  -17/178   77/534 -163/534   99/178 -679/534 -955/534 -177/178 -475/534  281/534 -133/178 -379/534  341/534]
[-125/178 -391/534 -775/534 -153/178 -511/534  137/534  139/178 -739/534 -127/534   39/178   -7/534 -499/534  -97/178 -451/534      1/6]
[  87/178   65/534 -499/534 -121/178 -595/534 -127/534   -9/178 -295/534  137/534   67/178 -103/534 -775/534 -249/178  -19/534 -727/534]
[ 111/178  -43/534 -787/534   79/178 -175/534  113/534 -345/178 -415/534 -163/534  -93/178  305/534 -547/534 -233/178 -151/534   29/534]
[ -53/178 -715/534 -571/534   91/178 -319/534 -211/534 -157/178  -31/534   41/534  -85/178  149/534 -883/534  -49/178  221/534  221/534]
[ -49/178 -883/534  149/534  -85/178   41/534  -31/534 -157/178 -211/534 -319/534   91/178 -571/534 -715/534  -53/178   29/534 -151/534]
[-233/178 -547/534  305/534  -93/178 -163/534 -415/534 -345/178  113/534 -175/534   79/178 -787/534  -43/534  111/178 -727/534  -19/534]
[-249/178 -775/534 -103/534   67/178  137/534 -295/534   -9/178 -127/534 -595/534 -121/178 -499/534   65/534   87/178      1/6 -451/534]
[ -97/178 -499/534   -7/534   39/178 -127/534 -739/534  139/178  137/534 -511/534 -153/178 -775/534 -391/534 -125/178  341/534 -379/534]
[-133/178  281/534 -475/534 -177/178 -955/534 -679/534   99/178 -163/534   77/534  -17/178 -547/534 -343/534 -169/178   29/534 -871/534]
[  -1/178  497/534 -439/534 -225/178 -211/534 -115/534 -129/178   41/534  101/534  -69/178  185/534  209/534  -45/178 -847/534 -859/534]
[ -57/178  149/534  101/534 -105/178  -31/534 -115/534 -189/178 -319/534 -439/534 -309/178  353/534  197/534 -109/178 -151/534 -343/534]
[  55/178 -763/534   77/534 -173/178 -415/534  389/534  -81/178 -175/534 -475/534  -25/178  -43/534 -379/534   -5/178  -19/534 -391/534]
[ -21/178 -103/534 -511/534  -73/178 -295/534  329/534 -161/178 -595/534   -7/534   71/178   65/534 -451/534        0        0        0]
Testing obstruction for
m1: 1, m2: 134,a: 0
[     -1/2  -263/534  -251/534   -77/178  -203/534  -167/534   -41/178   -71/534   -11/534    19/178   133/534   217/534   103/178   409/534   517/534]
[  211/178   757/534   889/534   343/178  1177/534  1333/534   499/178  1669/534  1849/534   679/178  2233/534  2437/534   883/178  2869/534  3097/534]
[ 1111/178  3577/534  3829/534  1363/178  4357/534  4633/534  1639/178  5209/534  5509/534  1939/178  6133/534  6457/534  2263/178  7129/534  7477/534]
[ 2611/178  8197/534  8569/534  2983/178  9337/534  9733/534  3379/178 10549/534 10969/534  3799/178 11833/534 12277/534  4243/178 13189/534 13657/534]
[ 4711/178 14617/534 15109/534  5203/178 16117/534 16633/534  5719/178 17689/534 17161/534  5547/178 16129/534 15625/534  5043/178 14641/534 14161/534]
[ 4563/178 13225/534 12769/534  4107/178 11881/534 11449/534  3675/178 10609/534 10201/534  3267/178  9409/534  9025/534  2883/178  8281/534      89/6]
[ 2523/178  7225/534  6889/534  2187/178  6241/534  5929/534  1875/178  5329/534  5041/534  1587/178  4489/534  4225/534  1323/178  3721/534  3481/534]
[ 1083/178  3025/534  2809/534   867/178  2401/534  2209/534   675/178  1849/534  1681/534   507/178  1369/534  1225/534   363/178   961/534   841/534]
[  243/178   625/534   529/534   147/178   361/534   289/534    75/178   169/534   121/534    27/178    49/534    25/534     3/178     1/534     1/534]
[    3/178    25/534    49/534    27/178   121/534   169/534    75/178   289/534   361/534   147/178   529/534   625/534   243/178   841/534   961/534]
[  363/178  1225/534  1369/534   507/178  1681/534  1849/534   675/178  2209/534  2401/534   867/178  2809/534  3025/534  1083/178  3481/534  3721/534]
[ 1323/178  4225/534  4489/534  1587/178  5041/534  5329/534  1875/178  5929/534  6241/534  2187/178  6889/534  7225/534  2523/178      89/6  8281/534]
[ 2883/178  9025/534  9409/534  3267/178 10201/534 10609/534  3675/178 11449/534 11881/534  4107/178 12769/534 13225/534  4563/178 14161/534 14641/534]
[ 5043/178 15625/534 16129/534  5547/178 17161/534 17689/534  5719/178 16633/534 16117/534  5203/178 15109/534 14617/534  4711/178 13657/534 13189/534]
[ 4243/178 12277/534 11833/534  3799/178 10969/534 10549/534  3379/178  9733/534  9337/534  2983/178  8569/534  8197/534  2611/178  7477/534  7129/534]
[ 2263/178  6457/534  6133/534  1939/178  5509/534  5209/534  1639/178  4633/534  4357/534  1363/178  3829/534  3577/534  1111/178  3097/534  2869/534]
[  883/178  2437/534  2233/534   679/178  1849/534  1669/534   499/178  1333/534  1177/534   343/178   889/534   757/534   211/178   517/534   409/534]
[  103/178   217/534   133/534    19/178   -11/534   -71/534   -41/178  -167/534  -203/534   -77/178  -251/534  -263/534         0         0         0]
Testing obstruction for
m1: 2, m2: 45,a: 0
[    -1/2 -175/534  101/534 -169/178  137/534 -103/534  -53/178  -31/534  281/534  -97/178  389/534  185/534   55/178  329/534  677/534]
[  47/178  857/534  689/534  235/178  905/534 1289/534  263/178 1541/534 1409/534  487/178 1697/534 2117/534  551/178 2441/534 2345/534]
[ 811/178 2705/534 3161/534  911/178 3557/534 3497/534 1207/178 3929/534 4421/534 1343/178 4889/534 4865/534 1675/178 5369/534 5897/534]
[1847/178 5369/534 5381/534 1503/178 4889/534 4385/534 1355/178 3929/534 3977/534 1047/178 3557/534 3089/534  935/178 2705/534 2789/534]
[ 663/178 2441/534 2009/534  587/178 1697/534 1817/534  351/178 1541/534 1145/534  311/178  905/534 1061/534  111/178  857/534  497/534]
[ 107/178  329/534  521/534  -57/178  389/534   65/534  -25/178  -31/534  197/534 -153/178  137/534 -151/534  -85/178 -175/534      1/6]
[-177/178  101/534 -151/534  -73/178 -103/534  197/534 -129/178  281/534   65/534   11/178  185/534  521/534   -9/178  677/534  497/534]
[ 167/178  689/534 1061/534  183/178 1289/534 1145/534  395/178 1409/534 1817/534  447/178 2117/534 2009/534  695/178 2345/534 2789/534]
[ 783/178 3161/534 3089/534 1067/178 3497/534 3977/534 1191/178 4421/534 4385/534 1511/178 4865/534 5381/534 1671/178 5897/534 5897/534]
[1671/178 5381/534 4865/534 1511/178 4385/534 4421/534 1191/178 3977/534 3497/534 1067/178 3089/534 3161/534  783/178 2789/534 2345/534]
[ 695/178 2009/534 2117/534  447/178 1817/534 1409/534  395/178 1145/534 1289/534  183/178 1061/534  689/534  167/178  497/534  677/534]
[  -9/178  521/534  185/534   11/178   65/534  281/534 -129/178  197/534 -103/534  -73/178 -151/534  101/534 -177/178      1/6 -175/534]
[ -85/178 -151/534  137/534 -153/178  197/534  -31/534  -25/178   65/534  389/534  -57/178  521/534  329/534  107/178  497/534  857/534]
[ 111/178 1061/534  905/534  311/178 1145/534 1541/534  351/178 1817/534 1697/534  587/178 2009/534 2441/534  663/178 2789/534 2705/534]
[ 935/178 3089/534 3557/534 1047/178 3977/534 3929/534 1355/178 4385/534 4889/534 1503/178 5381/534 5369/534 1847/178 5897/534 5369/534]
[1675/178 4865/534 4889/534 1343/178 4421/534 3929/534 1207/178 3497/534 3557/534  911/178 3161/534 2705/534  811/178 2345/534 2441/534]
[ 551/178 2117/534 1697/534  487/178 1409/534 1541/534  263/178 1289/534  905/534  235/178  689/534  857/534   47/178  677/534  329/534]
[  55/178  185/534  389/534  -97/178  281/534  -31/534  -53/178 -103/534  137/534 -169/178  101/534 -175/534        0        0        0]
Unobstructed
20
---------------------------
---------------------------
13a4245
Correction terms
[     -1/2  -743/726  -431/726   191/242   817/726   301/726   159/242  -107/726     1/726   267/242  -611/726       1/6    31/242  -695/726   661/726]
[  -65/242  -359/726   169/726   -21/242   397/726    97/726   163/242       1/6   445/726     3/242   265/726  -239/726   -17/242  -623/726  -503/726]
[  103/242   361/726  1105/726      -1/2   313/726   229/726  -205/242   685/726  -227/726  -149/242    25/726  -263/726    47/242  -215/726       1/6]
[ -101/242   -35/726  -527/726  -109/242   565/726   697/726    23/242   133/726   889/726  -189/242       1/6    49/726  -261/242   529/726  -371/726]
[  291/242   -95/726  -371/726    15/242  -299/726    49/726      -1/2   -83/726  -563/726  -117/242   553/726   697/726    27/242   157/726  -527/726]
[ -173/242   181/726       1/6   251/242   625/726  -263/726   331/242    37/726  -227/726    67/242  -131/726   229/726   -57/242       1/6  -347/726]
[  -41/242  -659/726  -503/726   115/242   433/726  -239/726   -73/242   493/726   445/726       3/2  -479/726    97/726   -29/242 -1031/726   169/726]
[  203/242   289/726   661/726    91/242   577/726       1/6   119/242  -167/726     1/726  -197/242  -491/726   301/726   111/242  -395/726  -431/726]
[   75/242       1/6   709/726   179/242  -395/726   817/726   -61/242   961/726  -107/726  -161/242  -167/726  -611/726      -1/2   577/726   757/726]
[   59/242   289/726  -359/726  -105/242   421/726   397/726  -129/242  -479/726       1/6   -13/242   493/726   265/726  -241/242   433/726  -623/726]
[  155/242   793/726   361/726   207/242       1/6   313/726   -85/242  -131/726  -767/726  -237/242    37/726    25/726   235/242   625/726  -215/726]
[     -1/2   181/726   -35/726   147/242   157/726  -887/726    71/242   553/726   133/726   135/242   -83/726       1/6  -145/242  -299/726   529/726]
[  199/242   -95/726   -95/726   199/242   529/726  -299/726  -145/242       1/6   -83/726   135/242   133/726   553/726    71/242  -887/726   157/726]
[  147/242   -35/726   181/726      -1/2  -215/726   625/726   235/242    25/726    37/726  -237/242  -767/726  -131/726   -85/242   313/726       1/6]
[  207/242   361/726   793/726   155/242  -623/726   433/726  -241/242   265/726   493/726   -13/242       1/6  -479/726  -129/242   397/726   421/726]
[ -105/242  -359/726   289/726    59/242   757/726   577/726      -1/2  -611/726  -167/726  -161/242  -107/726   961/726   -61/242   817/726  -395/726]
[  179/242   709/726       1/6    75/242  -431/726  -395/726   111/242   301/726  -491/726  -197/242     1/726  -167/726   119/242       1/6   577/726]
[   91/242   661/726   289/726   203/242   169/726 -1031/726   -29/242    97/726  -479/726       3/2   445/726   493/726   -73/242  -239/726   433/726]
[  115/242  -503/726  -659/726   -41/242  -347/726       1/6   -57/242   229/726  -131/726    67/242  -227/726    37/726   331/242  -263/726   625/726]
[  251/242       1/6   181/726  -173/242  -527/726   157/726    27/242   697/726   553/726  -117/242  -563/726   -83/726      -1/2    49/726  -299/726]
[   15/242  -371/726   -95/726   291/242  -371/726   529/726  -261/242    49/726       1/6  -189/242   889/726   133/726    23/242   697/726   565/726]
[ -109/242  -527/726   -35/726  -101/242       1/6  -215/726    47/242  -263/726    25/726  -149/242  -227/726   685/726  -205/242   229/726   313/726]
[     -1/2  1105/726   361/726   103/242  -503/726  -623/726   -17/242  -239/726   265/726     3/242   445/726       1/6   163/242    97/726   397/726]
[  -21/242   169/726  -359/726   -65/242   661/726  -695/726    31/242       1/6  -611/726   267/242     1/726  -107/726   159/242   301/726   817/726]
[  191/242  -431/726  -743/726         0         0         0         0         0         0         0         0         0         0         0         0]
Testing obstruction for
m1: 1, m2: 182,a: 0
[     -1/2  -359/726  -347/726  -109/242  -299/726  -263/726   -73/242  -167/726  -107/726   -13/242    37/726       1/6    71/242   313/726   421/726]
[  179/242   661/726   793/726   311/242  1081/726  1237/726   467/242      13/6  1753/726   647/242  2137/726  2341/726   851/242  2773/726  3001/726]
[ 1079/242  3481/726  3733/726      11/2  4261/726  4537/726  1607/242  5113/726  5413/726  1907/242  6037/726  6361/726  2231/242  7033/726      61/6]
[ 2579/242  8101/726  8473/726  2951/242  9241/726  9637/726  3347/242 10453/726 10873/726  3767/242      97/6 12181/726  4211/242 13093/726 13561/726]
[ 4679/242 14521/726 15013/726  5171/242 16021/726 16537/726      47/2 17593/726 18133/726  6227/242 19237/726 19801/726  6791/242 20953/726 21541/726]
[ 7379/242 22741/726     193/6  7991/242 24601/726 25237/726  8627/242 26533/726 27193/726  9287/242 28537/726 29221/726  9971/242     253/6 31321/726]
[10679/242 32761/726 32041/726 10443/242 30625/726 29929/726  9747/242 28561/726 27889/726      75/2 26569/726 25921/726  8427/242 24649/726 24025/726]
[ 7803/242 22801/726 22201/726  7203/242 21025/726     169/6  6627/242 19321/726 18769/726  6075/242 17689/726 17161/726  5547/242 16129/726 15625/726]
[ 5043/242     121/6 14161/726  4563/242 13225/726 12769/726  4107/242 11881/726 11449/726  3675/242 10609/726 10201/726      27/2  9409/726  9025/726]
[ 2883/242  8281/726  7921/726  2523/242  7225/726  6889/726  2187/242  6241/726      49/6  1875/242  5329/726  5041/726  1587/242  4489/726  4225/726]
[ 1323/242  3721/726  3481/726  1083/242      25/6  2809/726   867/242  2401/726  2209/726   675/242  1849/726  1681/726   507/242  1369/726  1225/726]
[      3/2   961/726   841/726   243/242   625/726   529/726   147/242   361/726   289/726    75/242   169/726       1/6    27/242    49/726    25/726]
[    3/242     1/726     1/726     3/242    25/726    49/726    27/242       1/6   169/726    75/242   289/726   361/726   147/242   529/726   625/726]
[  243/242   841/726   961/726       3/2  1225/726  1369/726   507/242  1681/726  1849/726   675/242  2209/726  2401/726   867/242  2809/726      25/6]
[ 1083/242  3481/726  3721/726  1323/242  4225/726  4489/726  1587/242  5041/726  5329/726  1875/242      49/6  6241/726  2187/242  6889/726  7225/726]
[ 2523/242  7921/726  8281/726  2883/242  9025/726  9409/726      27/2 10201/726 10609/726  3675/242 11449/726 11881/726  4107/242 12769/726 13225/726]
[ 4563/242 14161/726     121/6  5043/242 15625/726 16129/726  5547/242 17161/726 17689/726  6075/242 18769/726 19321/726  6627/242     169/6 21025/726]
[ 7203/242 22201/726 22801/726  7803/242 24025/726 24649/726  8427/242 25921/726 26569/726      75/2 27889/726 28561/726  9747/242 29929/726 30625/726]
[10443/242 32041/726 32761/726 10679/242 31321/726     253/6  9971/242 29221/726 28537/726  9287/242 27193/726 26533/726  8627/242 25237/726 24601/726]
[ 7991/242     193/6 22741/726  7379/242 21541/726 20953/726  6791/242 19801/726 19237/726  6227/242 18133/726 17593/726      47/2 16537/726 16021/726]
[ 5171/242 15013/726 14521/726  4679/242 13561/726 13093/726  4211/242 12181/726      97/6  3767/242 10873/726 10453/726  3347/242  9637/726  9241/726]
[ 2951/242  8473/726  8101/726  2579/242      61/6  7033/726  2231/242  6361/726  6037/726  1907/242  5413/726  5113/726  1607/242  4537/726  4261/726]
[     11/2  3733/726  3481/726  1079/242  3001/726  2773/726   851/242  2341/726  2137/726   647/242  1753/726      13/6   467/242  1237/726  1081/726]
[  311/242   793/726   661/726   179/242   421/726   313/726    71/242       1/6    37/726   -13/242  -107/726  -167/726   -73/242  -263/726  -299/726]
[ -109/242  -347/726  -359/726         0         0         0         0         0         0         0         0         0         0         0         0]
[-359/726, -347/726]
16 [-359/726, 1105/726]
Unobstructed
137
---------------------------
---------------------------
13a4278
Correction terms
[    -1/2   77/430   93/430 -167/430  157/430    41/86  -23/430 -527/430 -447/430  217/430   -51/86 -143/430  553/430  113/430  257/430]
[   25/86  577/430 -107/430 -207/430  277/430   -75/86 -443/430   73/430  313/430  277/430    -7/86  237/430  233/430  -47/430  257/430]
[   57/86   37/430  373/430  433/430  217/430   -55/86 -183/430 -367/430   33/430  157/430     1/86  437/430  593/430    11/10   77/430]
[   53/86  177/430 -187/430   33/430  -23/430   -71/86 -103/430 -127/430  433/430 -143/430   -27/86  457/430  -87/430  -47/430  577/430]
[   13/86  137/430  -67/430  313/430 -443/430  -123/86 -203/430  -67/430 -207/430  237/430    81/86  297/430  -87/430  113/430   37/430]
[  -63/86  -83/430 -127/430 -447/430 -183/430   -39/86  377/430 -187/430 -167/430  437/430   -19/86    -1/10  593/430   93/430  177/430]
[   -3/86  377/430 -367/430 -527/430 -103/430     9/86  -83/430  373/430  553/430  457/430    17/86  297/430  233/430 -107/430  137/430]
[   21/86 -203/430   73/430   73/430 -203/430    21/86  137/430 -107/430  233/430  297/430    17/86  457/430  553/430  373/430  -83/430]
[    9/86 -103/430 -527/430 -367/430  377/430    -3/86  177/430   93/430  593/430    -1/10   -19/86  437/430 -167/430 -187/430  377/430]
[  -39/86 -183/430 -447/430 -127/430  -83/430   -63/86   37/430  113/430  -87/430  297/430    81/86  237/430 -207/430  -67/430 -203/430]
[ -123/86 -443/430  313/430  -67/430  137/430    13/86  577/430  -47/430  -87/430  457/430   -27/86 -143/430  433/430 -127/430 -103/430]
[  -71/86  -23/430   33/430 -187/430  177/430    53/86   77/430    11/10  593/430  437/430     1/86  157/430   33/430 -367/430 -183/430]
[  -55/86  217/430  433/430  373/430   37/430    57/86  257/430  -47/430  233/430  237/430    -7/86  277/430  313/430   73/430 -443/430]
[  -75/86  277/430 -207/430 -107/430  577/430    25/86  257/430  113/430  553/430 -143/430   -51/86  217/430 -447/430 -527/430  -23/430]
[   41/86  157/430 -167/430   93/430   77/430        0        0        0        0        0        0        0        0        0        0]
Testing obstruction for
m1: 1, m2: 108,a: 0
[     -1/2  -211/430  -199/430  -179/430  -151/430    -23/86   -71/430   -19/430    41/430   109/430     37/86   269/430   361/430   461/430   569/430]
[   137/86   809/430   941/430  1081/430  1229/430    277/86  1549/430  1721/430  1901/430  2089/430    457/86  2489/430  2701/430  2921/430  3149/430]
[   677/86  3629/430  3881/430  4141/430  4409/430    937/86  4969/430  5261/430  5561/430  5869/430   1237/86  6509/430  6841/430    167/10  7529/430]
[  1577/86  8249/430  8621/430  9001/430  9389/430   1957/86 10189/430 10601/430 11021/430 11449/430   2205/86 10609/430 10201/430  9801/430  9409/430]
[  1805/86  8649/430  8281/430  7921/430  7569/430   1445/86  6889/430  6561/430  6241/430  5929/430   1125/86  5329/430  5041/430  4761/430  4489/430]
[   845/86  3969/430  3721/430  3481/430  3249/430    605/86  2809/430  2601/430  2401/430  2209/430    405/86     43/10  1681/430  1521/430  1369/430]
[   245/86  1089/430   961/430   841/430   729/430    125/86   529/430   441/430   361/430   289/430     45/86   169/430   121/430    81/430    49/430]
[     5/86     9/430     1/430     1/430     9/430      5/86    49/430    81/430   121/430   169/430     45/86   289/430   361/430   441/430   529/430]
[   125/86   729/430   841/430   961/430  1089/430    245/86  1369/430  1521/430  1681/430     43/10    405/86  2209/430  2401/430  2601/430  2809/430]
[   605/86  3249/430  3481/430  3721/430  3969/430    845/86  4489/430  4761/430  5041/430  5329/430   1125/86  5929/430  6241/430  6561/430  6889/430]
[  1445/86  7569/430  7921/430  8281/430  8649/430   1805/86  9409/430  9801/430 10201/430 10609/430   2205/86 11449/430 11021/430 10601/430 10189/430]
[  1957/86  9389/430  9001/430  8621/430  8249/430   1577/86  7529/430    167/10  6841/430  6509/430   1237/86  5869/430  5561/430  5261/430  4969/430]
[   937/86  4409/430  4141/430  3881/430  3629/430    677/86  3149/430  2921/430  2701/430  2489/430    457/86  2089/430  1901/430  1721/430  1549/430]
[   277/86  1229/430  1081/430   941/430   809/430    137/86   569/430   461/430   361/430   269/430     37/86   109/430    41/430   -19/430   -71/430]
[   -23/86  -151/430  -179/430  -199/430  -211/430         0         0         0         0         0         0         0         0         0         0]
Testing obstruction for
m1: 3, m2: 22,a: 0
[    -1/2 -367/430   37/430  137/430  -67/430    57/86  333/430  937/430 1237/430 1233/430   357/86 2033/430 1977/430 1617/430  953/430]
[  169/86  433/430  577/430  417/430  -47/430     9/86 -167/430  177/430  217/430  -47/430    49/86  233/430  777/430 1017/430  953/430]
[  289/86 1633/430 2377/430 1957/430 1233/430   213/86  593/430  677/430  457/430  -67/430    -7/86 -307/430  -23/430    -1/10 -367/430]
[  -27/86 -207/430  277/430  457/430  333/430   153/86  893/430 1577/430 1957/430 2033/430   361/86 1273/430 1297/430 1017/430  433/430]
[   81/86   73/430  297/430  217/430 -167/430     1/86 -127/430  297/430  417/430  233/430   121/86  673/430 1297/430 1617/430 1633/430]
[  441/86 1613/430 1577/430 1237/430  593/430   101/86  113/430  277/430  137/430 -307/430   -39/86    -9/10  -23/430   37/430 -207/430]
[   21/86  113/430  677/430  937/430  893/430   281/86 1613/430 2377/430 1977/430 1273/430   225/86  673/430  777/430  577/430   73/430]
[   25/86 -127/430  177/430  177/430 -127/430    25/86   73/430  577/430  777/430  673/430   225/86 1273/430 1977/430 2377/430 1613/430]
[  281/86  893/430  937/430  677/430  113/430    21/86 -207/430   37/430  -23/430    -9/10   -39/86 -307/430  137/430  277/430  113/430]
[  101/86  593/430 1237/430 1577/430 1613/430   441/86 1633/430 1617/430 1297/430  673/430   121/86  233/430  417/430  297/430 -127/430]
[    1/86 -167/430  217/430  297/430   73/430    81/86  433/430 1017/430 1297/430 1273/430   361/86 2033/430 1957/430 1577/430  893/430]
[  153/86  333/430  457/430  277/430 -207/430   -27/86 -367/430    -1/10  -23/430 -307/430    -7/86  -67/430  457/430  677/430  593/430]
[  213/86 1233/430 1957/430 2377/430 1633/430   289/86  953/430 1017/430  777/430  233/430    49/86  -47/430  217/430  177/430 -167/430]
[    9/86  -47/430  417/430  577/430  433/430   169/86  953/430 1617/430 1977/430 2033/430   357/86 1233/430 1237/430  937/430  333/430]
[   57/86  -67/430  137/430   37/430 -367/430        0        0        0        0        0        0        0        0        0        0]
[-367/430, 37/430, 137/430, -67/430, 57/86, 333/430, 937/430, 1237/430, 1233/430, 357/86, 2033/430, 1977/430, 1617/430, 953/430, 169/86, 433/430, 577/430, 417/430, -47/430, 9/86, -167/430, 177/430, 217/430, -47/430, 49/86, 233/430, 777/430, 1017/430, 953/430, 289/86, 1633/430, 2377/430, 1957/430, 1233/430, 213/86, 593/430, 677/430, 457/430, -67/430, -7/86, -307/430]
37 [-367/430, 37/430, 137/430, -67/430, 57/86, -527/430, 77/430, 377/430, 373/430, 13/86, 313/430, 257/430, -103/430, 93/430, -3/86, 433/430, 577/430, -443/430, -47/430, 9/86, -167/430, 177/430, 217/430, -47/430, -123/86, 233/430, -83/430, 157/430, 93/430, -55/86, -87/430, -203/430, 237/430, 373/430, 41/86, 593/430, -183/430, 457/430, -67/430, -7/86, 553/430]
[-367/430, 37/430, 137/430, -67/430, 57/86, 333/430, 937/430, 1237/430, 1233/430, 357/86, 2033/430, 1977/430, 1617/430, 953/430, 169/86, 433/430, 577/430, 417/430, -47/430, 9/86, -167/430, 177/430, 217/430, -47/430, 49/86, 233/430, 777/430, 1017/430, 953/430, 289/86, 1633/430, 2377/430, 1957/430, 1233/430, 213/86, 593/430, 677/430, 457/430, -67/430, -7/86, -307/430]
92 [-367/430, 37/430, 137/430, -67/430, 57/86, -527/430, 77/430, 377/430, 373/430, 13/86, 313/430, 257/430, -103/430, 93/430, -3/86, 433/430, 577/430, -443/430, -47/430, 9/86, -167/430, 177/430, 217/430, -47/430, -123/86, 233/430, -83/430, 157/430, 93/430, -55/86, -87/430, -203/430, 237/430, 373/430, 41/86, 593/430, -183/430, 457/430, -67/430, -7/86, 553/430]
Testing obstruction for
m1: 2, m2: 37,a: 1
[    -1/2 -427/430 -203/430 -403/430 -167/430   -71/86 -107/430 -283/430  -23/430 -187/430    17/86  -67/430  217/430   77/430  373/430]
[   49/86  553/430  437/430  757/430  653/430   197/86  893/430 1237/430 1157/430 1513/430   289/86 1813/430 1757/430 2137/430 2093/430]
[  497/86 2453/430 2857/430 2837/430 3253/430   649/86 3673/430 3677/430 3257/430 3273/430   573/86 2893/430 2497/430    59/10 2153/430]
[  441/86 1833/430 1897/430 1537/430 1613/430   253/86 1353/430 1017/430 1117/430  793/430   181/86  593/430  717/430  417/430  553/430]
[   53/86  413/430  137/430  297/430   33/430    41/86  -47/430  137/430 -103/430   93/430   -27/86   73/430 -143/430   77/430 -127/430]
[   21/86  -87/430  157/430  -23/430  233/430    13/86  333/430  177/430  457/430  313/430   121/86    11/10  777/430  657/430  973/430]
[  173/86 1193/430 1097/430 1437/430 1353/430   341/86 1633/430 1997/430 1937/430 2313/430   453/86 2653/430 2617/430 3017/430 2993/430]
[  681/86 3393/430 3817/430 3817/430 3393/430   681/86 2993/430 3017/430 2617/430 2653/430   453/86 2313/430 1937/430 1997/430 1633/430]
[  341/86 1353/430 1437/430 1097/430 1193/430   173/86  973/430  657/430  777/430    11/10   121/86  313/430  457/430  177/430  333/430]
[   13/86  233/430  -23/430  157/430  -87/430    21/86 -127/430   77/430 -143/430   73/430   -27/86   93/430 -103/430  137/430  -47/430]
[   41/86   33/430  297/430  137/430  413/430    53/86  553/430  417/430  717/430  593/430   181/86  793/430 1117/430 1017/430 1353/430]
[  253/86 1613/430 1537/430 1897/430 1833/430   441/86 2153/430    59/10 2497/430 2893/430   573/86 3273/430 3257/430 3677/430 3673/430]
[  649/86 3253/430 2837/430 2857/430 2453/430   497/86 2093/430 2137/430 1757/430 1813/430   289/86 1513/430 1157/430 1237/430  893/430]
[  197/86  653/430  757/430  437/430  553/430    49/86  373/430   77/430  217/430  -67/430    17/86 -187/430  -23/430 -283/430 -107/430]
[  -71/86 -167/430 -403/430 -203/430 -427/430        0        0        0        0        0        0        0        0        0        0]
Testing obstruction for
m1: 4, m2: 17,a: 2
[    -1/2 -423/430 -187/430 -367/430 -103/430   -51/86   37/430  -87/430  233/430  137/430    97/86  417/430  793/430  753/430 1157/430]
[  229/86 1577/430 1593/430 1193/430 1237/430   173/86  937/430  593/430  693/430  377/430   101/86  217/430  373/430  113/430  297/430]
[   13/86  277/430   73/430  313/430  137/430    81/86  257/430  553/430  433/430  757/430   133/86 1017/430  953/430    31/10 1297/430]
[  341/86 1697/430 1273/430 1293/430  897/430   189/86  577/430  653/430  313/430  417/430    21/86  237/430  -47/430  113/430 -143/430]
[    9/86 -183/430   33/430 -167/430   77/430   -19/86  177/430   33/430  333/430  217/430   109/86  457/430  813/430  753/430 1137/430]
[  221/86 1517/430 1513/430 1093/430 1117/430   145/86  777/430  413/430  493/430  157/430    53/86    -1/10   93/430 -187/430  -23/430]
[  -55/86  -83/430 -307/430  -87/430 -283/430    -7/86 -203/430   73/430  -67/430  237/430    25/86  457/430  373/430  733/430  677/430]
[  213/86 1037/430 1453/430 1453/430 1037/430   213/86  677/430  733/430  373/430  457/430    25/86  237/430  -67/430   73/430 -203/430]
[   -7/86 -283/430  -87/430 -307/430  -83/430   -55/86  -23/430 -187/430   93/430    -1/10    53/86  157/430  493/430  413/430  777/430]
[  145/86 1117/430 1093/430 1513/430 1517/430   221/86 1137/430  753/430  813/430  457/430   109/86  217/430  333/430   33/430  177/430]
[  -19/86   77/430 -167/430   33/430 -183/430     9/86 -143/430  113/430  -47/430  237/430    21/86  417/430  313/430  653/430  577/430]
[  189/86  897/430 1293/430 1273/430 1697/430   341/86 1297/430    31/10  953/430 1017/430   133/86  757/430  433/430  553/430  257/430]
[   81/86  137/430  313/430   73/430  277/430    13/86  297/430  113/430  373/430  217/430   101/86  377/430  693/430  593/430  937/430]
[  173/86 1237/430 1193/430 1593/430 1577/430   229/86 1157/430  753/430  793/430  417/430    97/86  137/430  233/430  -87/430   37/430]
[  -51/86 -103/430 -367/430 -187/430 -423/430        0        0        0        0        0        0        0        0        0        0]
Testing obstruction for
m1: 6, m2: 11,a: 2
[    -1/2 -419/430 -171/430 -331/430  -39/430   -31/86  181/430  109/430  489/430  461/430   177/86  901/430  509/430  569/430  221/430]
[   65/86   21/430  169/430  -91/430  101/430   -23/86  121/430  -51/430  229/430  101/430    85/86  341/430  709/430  669/430 1081/430]
[  217/86  681/430  729/430  369/430  461/430    29/86  281/430    9/430  189/430  -39/430    37/86    1/430  269/430     3/10  441/430]
[   69/86  701/430  649/430 1049/430 1041/430   125/86  661/430  289/430  369/430   41/430    33/86 -119/430   49/430 -191/430   21/430]
[  -35/86   81/430  -71/430  229/430  121/430    93/86  401/430  789/430  769/430 1201/430   245/86  841/430  909/430  569/430  681/430]
[   77/86  541/430  289/430  489/430  281/430   105/86  361/430  649/430  529/430  861/430   157/86    27/10 1129/430  689/430  701/430]
[   61/86  361/430    9/430  109/430 -199/430   -11/86 -319/430 -131/430 -351/430 -119/430   -59/86  -19/430 -151/430  169/430   81/430]
[   89/86  401/430  809/430  809/430  401/430    89/86   81/430  169/430 -151/430  -19/430   -59/86 -119/430 -351/430 -131/430 -319/430]
[  -11/86 -199/430  109/430    9/430  361/430    61/86  701/430  689/430 1129/430    27/10   157/86  861/430  529/430  649/430  361/430]
[  105/86  281/430  489/430  289/430  541/430    77/86  681/430  569/430  909/430  841/430   245/86 1201/430  769/430  789/430  401/430]
[   93/86  121/430  229/430  -71/430   81/430   -35/86   21/430 -191/430   49/430 -119/430    33/86   41/430  369/430  289/430  661/430]
[  125/86 1041/430 1049/430  649/430  701/430    69/86  441/430     3/10  269/430    1/430    37/86  -39/430  189/430    9/430  281/430]
[   29/86  461/430  369/430  729/430  681/430   217/86 1081/430  669/430  709/430  341/430    85/86  101/430  229/430  -51/430  121/430]
[  -23/86  101/430  -91/430  169/430   21/430    65/86  221/430  569/430  509/430  901/430   177/86  461/430  489/430  109/430  181/430]
[  -31/86  -39/430 -331/430 -171/430 -419/430        0        0        0        0        0        0        0        0        0        0]
Testing obstruction for
m1: 5, m2: 16,a: 4
[    -1/2 -399/430  -91/430 -151/430  281/430    69/86   41/430  229/430   49/430  361/430    61/86  741/430  809/430 1369/430 1561/430]
[  277/86  841/430  789/430  369/430  441/430    29/86  341/430  169/430  489/430  441/430     5/86  101/430 -191/430    9/430 -159/430]
[   33/86  121/430  569/430  649/430  361/430   113/86  401/430  729/430  689/430 1141/430   245/86  941/430 1149/430    23/10  461/430]
[   85/86   21/430  109/430 -171/430   41/430   -23/86  221/430  189/430 -211/430 -119/430   -79/86 -179/430 -331/430    9/430  -19/430]
[   89/86  541/430  269/430  489/430  341/430   137/86  661/430 1129/430 1229/430  961/430   237/86 1041/430  529/430  509/430  121/430]
[   45/86  -39/430  189/430   49/430  401/430    77/86    1/430  109/430 -151/430   81/430   -11/86     7/10  289/430  769/430  881/430]
[  125/86  861/430  729/430 1089/430 1081/430   141/86  821/430  569/430  809/430  681/430    37/86  181/430 -191/430  -71/430 -319/430]
[  -15/86 -199/430  169/430  169/430 -199/430   -15/86 -319/430  -71/430 -191/430  181/430    37/86  681/430  809/430  569/430  821/430]
[  141/86 1081/430 1089/430  729/430  861/430   125/86  881/430  769/430  289/430     7/10   -11/86   81/430 -151/430  109/430    1/430]
[   77/86  401/430   49/430  189/430  -39/430    45/86  121/430  509/430  529/430 1041/430   237/86  961/430 1229/430 1129/430  661/430]
[  137/86  341/430  489/430  269/430  541/430    89/86  -19/430    9/430 -331/430 -179/430   -79/86 -119/430 -211/430  189/430  221/430]
[  -23/86   41/430 -171/430  109/430   21/430    85/86  461/430    23/10 1149/430  941/430   245/86 1141/430  689/430  729/430  401/430]
[  113/86  361/430  649/430  569/430  121/430    33/86 -159/430    9/430 -191/430  101/430     5/86  441/430  489/430  169/430  341/430]
[   29/86  441/430  369/430  789/430  841/430   277/86 1561/430 1369/430  809/430  741/430    61/86  361/430   49/430  229/430   41/430]
[   69/86  281/430 -151/430  -91/430 -399/430        0        0        0        0        0        0        0        0        0        0]
Testing obstruction for
m1: 8, m2: 11,a: 5
[    -1/2 -371/430   21/430  101/430  729/430    37/86  189/430 -119/430  121/430   49/430   105/86  689/430  541/430   81/430  169/430]
[  -11/86  269/430  281/430  841/430 1089/430   205/86  649/430  821/430  681/430  229/430    65/86  109/430  441/430  461/430 1029/430]
[   85/86  369/430    1/430  181/430   49/430    93/86  569/430  361/430 -159/430 -131/430   -83/86 -151/430 -199/430     7/10  489/430]
[   73/86  -71/430   41/430 -159/430  189/430    45/86  809/430  221/430  181/430 -171/430     5/86  -91/430  341/430  461/430 1129/430]
[  125/86  669/430  401/430  681/430  649/430    61/86  509/430  401/430  841/430  969/430   157/86  289/430  341/430   81/430  369/430]
[   69/86  869/430  221/430  121/430 -291/430   -31/86 -331/430   41/430  101/430  709/430    29/86     3/10 -199/430   21/430  -71/430]
[   77/86  529/430  361/430 -119/430  -51/430   -59/86    9/430    1/430  541/430  769/430   137/86  289/430  441/430  281/430  669/430]
[  149/86  509/430  821/430  821/430  509/430   149/86  669/430  281/430  441/430  289/430   137/86  769/430  541/430    1/430    9/430]
[  -59/86  -51/430 -119/430  361/430  529/430    77/86  -71/430   21/430 -199/430     3/10    29/86  709/430  101/430   41/430 -331/430]
[  -31/86 -291/430  121/430  221/430  869/430    69/86  369/430   81/430  341/430  289/430   157/86  969/430  841/430  401/430  509/430]
[   61/86  649/430  681/430  401/430  669/430   125/86 1129/430  461/430  341/430  -91/430     5/86 -171/430  181/430  221/430  809/430]
[   45/86  189/430 -159/430   41/430  -71/430    73/86  489/430     7/10 -199/430 -151/430   -83/86 -131/430 -159/430  361/430  569/430]
[   93/86   49/430  181/430    1/430  369/430    85/86 1029/430  461/430  441/430  109/430    65/86  229/430  681/430  821/430  649/430]
[  205/86 1089/430  841/430  281/430  269/430   -11/86  169/430   81/430  541/430  689/430   105/86   49/430  121/430 -119/430  189/430]
[   37/86  729/430  101/430   21/430 -371/430        0        0        0        0        0        0        0        0        0        0]
Testing obstruction for
m1: 14, m2: 17,a: 13
[    -1/2 -403/430 -107/430 -187/430  217/430    49/86 -103/430   33/430 -207/430   37/430   -19/86  257/430  233/430 -167/430  -83/430]
[  -75/86 -183/430 -367/430  -67/430 -143/430    53/86  297/430  -47/430   93/430 -143/430    21/86  -23/430  333/430  313/430  -83/430]
[    1/86 -283/430  -87/430 -267/430   37/430    -7/86  377/430  413/430   73/430  217/430    -3/86  237/430  113/430    11/10  457/430]
[   13/86  157/430 -127/430   73/430 -103/430    41/86  137/430  553/430  593/430  257/430    81/86  177/430  433/430  313/430  677/430]
[  133/86  277/430  373/430   93/430  297/430    25/86  437/430  373/430  793/430  837/430   101/86  657/430  433/430  693/430  577/430]
[  189/86  937/430  553/430  653/430  377/430   117/86  417/430  733/430  673/430 1097/430   229/86    19/10  973/430  753/430 1017/430]
[  181/86 1277/430 1273/430  893/430  997/430   145/86  937/430  773/430 1093/430 1037/430   293/86 1517/430 1193/430 1353/430 1137/430]
[  281/86 1297/430 1673/430 1673/430 1297/430   281/86 1137/430 1353/430 1193/430 1517/430   293/86 1037/430 1093/430  773/430  937/430]
[  145/86  997/430  893/430 1273/430 1277/430   181/86 1017/430  753/430  973/430    19/10   229/86 1097/430  673/430  733/430  417/430]
[  117/86  377/430  653/430  553/430  937/430   189/86  577/430  693/430  433/430  657/430   101/86  837/430  793/430  373/430  437/430]
[   25/86  297/430   93/430  373/430  277/430   133/86  677/430  313/430  433/430  177/430    81/86  257/430  593/430  553/430  137/430]
[   41/86 -103/430   73/430 -127/430  157/430    13/86  457/430    11/10  113/430  237/430    -3/86  217/430   73/430  413/430  377/430]
[   -7/86   37/430 -267/430  -87/430 -283/430     1/86  -83/430  313/430  333/430  -23/430    21/86 -143/430   93/430  -47/430  297/430]
[   53/86 -143/430  -67/430 -367/430 -183/430   -75/86  -83/430 -167/430  233/430  257/430   -19/86   37/430 -207/430   33/430 -103/430]
[   49/86  217/430 -187/430 -107/430 -403/430        0        0        0        0        0        0        0        0        0        0]
---------------------------
SUCCESS for name = 13a4278
---------------------------
13a4290
Correction terms
[    -1/2 -499/430 -491/430 -191/430 -459/430   -87/86 -119/430 -371/430 -331/430    1/430   -47/86 -179/430 -691/430  -51/430   21/430]
[  -95/86 -679/430 -591/430 -211/430 -399/430   -59/86 -759/430  -71/430   49/430 -399/430  -111/86 -419/430    9/430 -131/430   21/430]
[  -79/86 -519/430 -351/430  109/430    1/430  -135/86 -199/430 -291/430  -91/430 -459/430  -107/86 -319/430  189/430     3/10 -499/430]
[ -167/86  -19/430  229/430  -91/430 -119/430  -143/86 -159/430 -171/430  109/430 -179/430   -35/86  121/430 -151/430 -131/430 -679/430]
[  -15/86  -39/430  289/430   49/430 -759/430   -83/86  221/430  289/430 -211/430 -419/430   -67/86   41/430 -151/430  -51/430 -519/430]
[   33/86  281/430 -171/430 -331/430 -199/430    45/86   81/430  229/430 -191/430 -319/430   -31/86     7/10  189/430 -491/430  -19/430]
[  -23/86   81/430 -291/430 -371/430 -159/430    69/86  281/430 -351/430 -691/430  121/430    73/86   41/430    9/430 -591/430  -39/430]
[  -11/86  221/430  -71/430  -71/430  221/430   -11/86  -39/430 -591/430    9/430   41/430    73/86  121/430 -691/430 -351/430  281/430]
[   69/86 -159/430 -371/430 -291/430   81/430   -23/86  -19/430 -491/430  189/430     7/10   -31/86 -319/430 -191/430  229/430   81/430]
[   45/86 -199/430 -331/430 -171/430  281/430    33/86 -519/430  -51/430 -151/430   41/430   -67/86 -419/430 -211/430  289/430  221/430]
[  -83/86 -759/430   49/430  289/430  -39/430   -15/86 -679/430 -131/430 -151/430  121/430   -35/86 -179/430  109/430 -171/430 -159/430]
[ -143/86 -119/430  -91/430  229/430  -19/430  -167/86 -499/430     3/10  189/430 -319/430  -107/86 -459/430  -91/430 -291/430 -199/430]
[ -135/86    1/430  109/430 -351/430 -519/430   -79/86   21/430 -131/430    9/430 -419/430  -111/86 -399/430   49/430  -71/430 -759/430]
[  -59/86 -399/430 -211/430 -591/430 -679/430   -95/86   21/430  -51/430 -691/430 -179/430   -47/86    1/430 -331/430 -371/430 -119/430]
[  -87/86 -459/430 -191/430 -491/430 -499/430        0        0        0        0        0        0        0        0        0        0]
Testing obstruction for
m1: 1, m2: 108,a: 0
[     -1/2  -211/430  -199/430  -179/430  -151/430    -23/86   -71/430   -19/430    41/430   109/430     37/86   269/430   361/430   461/430   569/430]
[   137/86   809/430   941/430  1081/430  1229/430    277/86  1549/430  1721/430  1901/430  2089/430    457/86  2489/430  2701/430  2921/430  3149/430]
[   677/86  3629/430  3881/430  4141/430  4409/430    937/86  4969/430  5261/430  5561/430  5869/430   1237/86  6509/430  6841/430    167/10  7529/430]
[  1577/86  8249/430  8621/430  9001/430  9389/430   1957/86 10189/430 10601/430 11021/430 11449/430   2205/86 10609/430 10201/430  9801/430  9409/430]
[  1805/86  8649/430  8281/430  7921/430  7569/430   1445/86  6889/430  6561/430  6241/430  5929/430   1125/86  5329/430  5041/430  4761/430  4489/430]
[   845/86  3969/430  3721/430  3481/430  3249/430    605/86  2809/430  2601/430  2401/430  2209/430    405/86     43/10  1681/430  1521/430  1369/430]
[   245/86  1089/430   961/430   841/430   729/430    125/86   529/430   441/430   361/430   289/430     45/86   169/430   121/430    81/430    49/430]
[     5/86     9/430     1/430     1/430     9/430      5/86    49/430    81/430   121/430   169/430     45/86   289/430   361/430   441/430   529/430]
[   125/86   729/430   841/430   961/430  1089/430    245/86  1369/430  1521/430  1681/430     43/10    405/86  2209/430  2401/430  2601/430  2809/430]
[   605/86  3249/430  3481/430  3721/430  3969/430    845/86  4489/430  4761/430  5041/430  5329/430   1125/86  5929/430  6241/430  6561/430  6889/430]
[  1445/86  7569/430  7921/430  8281/430  8649/430   1805/86  9409/430  9801/430 10201/430 10609/430   2205/86 11449/430 11021/430 10601/430 10189/430]
[  1957/86  9389/430  9001/430  8621/430  8249/430   1577/86  7529/430    167/10  6841/430  6509/430   1237/86  5869/430  5561/430  5261/430  4969/430]
[   937/86  4409/430  4141/430  3881/430  3629/430    677/86  3149/430  2921/430  2701/430  2489/430    457/86  2089/430  1901/430  1721/430  1549/430]
[   277/86  1229/430  1081/430   941/430   809/430    137/86   569/430   461/430   361/430   269/430     37/86   109/430    41/430   -19/430   -71/430]
[   -23/86  -151/430  -179/430  -199/430  -211/430         0         0         0         0         0         0         0         0         0         0]
Unobstructed
18
---------------------------
---------------------------
