12a45
Correction terms
[    -1/2   93/358  193/358  121/358 -123/358  177/358 -411/358 -455/358   45/358 -343/358 -187/358 -203/358  325/358  -35/358  149/358]
[ 161/358    1/358 -331/358 -119/358  -79/358 -211/358  201/358 -275/358 -207/358 -311/358  129/358 -319/358 -223/358  417/358  169/358]
[-251/358 -127/358 -175/358 -395/358  -71/358   81/358   61/358 -131/358  221/358 -315/358 -307/358  245/358  -91/358  117/358  153/358]
[  17/358 -291/358  -55/358    9/358  -99/358 -379/358 -115/358  -23/358 -103/358  361/358  -63/358   57/358    5/358 -219/358  101/358]
[-467/358  225/358   29/358 -339/358 -163/358 -159/358 -327/358   49/358  253/358  285/358  145/358 -167/358   65/358 -591/358   13/358]
[-271/358  -11/358   77/358   -7/358 -263/358   25/358  141/358   85/358 -143/358  173/358  317/358 -427/358   89/358 -283/358 -111/358]
[-111/358 -283/358   89/358 -427/358  317/358  173/358 -143/358   85/358  141/358   25/358 -263/358   -7/358   77/358  -11/358 -271/358]
[  13/358 -591/358   65/358 -167/358  145/358  285/358  253/358   49/358 -327/358 -159/358 -163/358 -339/358   29/358  225/358 -467/358]
[ 101/358 -219/358    5/358   57/358  -63/358  361/358 -103/358  -23/358 -115/358 -379/358  -99/358    9/358  -55/358 -291/358   17/358]
[ 153/358  117/358  -91/358  245/358 -307/358 -315/358  221/358 -131/358   61/358   81/358  -71/358 -395/358 -175/358 -127/358 -251/358]
[ 169/358  417/358 -223/358 -319/358  129/358 -311/358 -207/358 -275/358  201/358 -211/358  -79/358 -119/358 -331/358    1/358  161/358]
[ 149/358  -35/358  325/358 -203/358 -187/358 -343/358   45/358 -455/358 -411/358  177/358 -123/358  121/358  193/358   93/358        0]
Testing obstruction for
m1: 1, m2: 90,a: 0
[    -1/2 -175/358 -163/358 -143/358 -115/358  -79/358  -35/358   17/358   77/358  145/358  221/358  305/358  397/358  497/358  605/358]
[ 721/358  845/358  977/358 1117/358 1265/358 1421/358 1585/358 1757/358 1937/358 2125/358 2321/358 2525/358 2737/358 2957/358 3185/358]
[3421/358 3665/358 3917/358 4177/358 4445/358 4721/358 5005/358 5297/358 5597/358 5905/358 6221/358 6545/358 6877/358 7217/358 7565/358]
[7921/358 7569/358 7225/358 6889/358 6561/358 6241/358 5929/358 5625/358 5329/358 5041/358 4761/358 4489/358 4225/358 3969/358 3721/358]
[3481/358 3249/358 3025/358 2809/358 2601/358 2401/358 2209/358 2025/358 1849/358 1681/358 1521/358 1369/358 1225/358 1089/358  961/358]
[ 841/358  729/358  625/358  529/358  441/358  361/358  289/358  225/358  169/358  121/358   81/358   49/358   25/358    9/358    1/358]
[   1/358    9/358   25/358   49/358   81/358  121/358  169/358  225/358  289/358  361/358  441/358  529/358  625/358  729/358  841/358]
[ 961/358 1089/358 1225/358 1369/358 1521/358 1681/358 1849/358 2025/358 2209/358 2401/358 2601/358 2809/358 3025/358 3249/358 3481/358]
[3721/358 3969/358 4225/358 4489/358 4761/358 5041/358 5329/358 5625/358 5929/358 6241/358 6561/358 6889/358 7225/358 7569/358 7921/358]
[7565/358 7217/358 6877/358 6545/358 6221/358 5905/358 5597/358 5297/358 5005/358 4721/358 4445/358 4177/358 3917/358 3665/358 3421/358]
[3185/358 2957/358 2737/358 2525/358 2321/358 2125/358 1937/358 1757/358 1585/358 1421/358 1265/358 1117/358  977/358  845/358  721/358]
[ 605/358  497/358  397/358  305/358  221/358  145/358   77/358   17/358  -35/358  -79/358 -115/358 -143/358 -163/358 -175/358        0]
Unobstructed
32
---------------------------
---------------------------
12a50
Correction terms
[    -1/2   69/302  125/302   17/302 -255/302  -87/302  -83/302  361/302   37/302  153/302 -499/302 -107/302  121/302  185/302   85/302]
[-179/302   -3/302    9/302 -143/302  145/302 -335/302  229/302   25/302  261/302 -271/302 -363/302  -15/302  169/302  189/302   45/302]
[-263/302 -131/302 -163/302  245/302 -115/302  -35/302 -119/302  237/302 -175/302 -147/302 -283/302   21/302  161/302  137/302  -51/302]
[-403/302 -315/302  213/302  -27/302  173/302 -395/302   81/302 -211/302  -63/302  -79/302 -259/302    1/302   97/302   29/302 -203/302]
[   5/302   49/302  -71/302  249/302 -199/302 -207/302 -379/302 -111/302   -7/302  -67/302 -291/302  -75/302  -23/302 -135/302  193/302]
[-247/302 -247/302  193/302 -135/302  -23/302  -75/302 -291/302  -67/302   -7/302 -111/302 -379/302 -207/302 -199/302  249/302  -71/302]
[  49/302    5/302 -203/302   29/302   97/302    1/302 -259/302  -79/302  -63/302 -211/302   81/302 -395/302  173/302  -27/302  213/302]
[-315/302 -403/302  -51/302  137/302  161/302   21/302 -283/302 -147/302 -175/302  237/302 -119/302  -35/302 -115/302  245/302 -163/302]
[-131/302 -263/302   45/302  189/302  169/302  -15/302 -363/302 -271/302  261/302   25/302  229/302 -335/302  145/302 -143/302    9/302]
[  -3/302 -179/302   85/302  185/302  121/302 -107/302 -499/302  153/302   37/302  361/302  -83/302  -87/302 -255/302   17/302  125/302]
[  69/302        0        0        0        0        0        0        0        0        0        0        0        0        0        0]
Testing obstruction for
m1: 1, m2: 76,a: 0
[    -1/2 -147/302 -135/302 -115/302  -87/302  -51/302   -7/302   45/302  105/302  173/302  249/302  333/302  425/302  525/302  633/302]
[ 749/302  873/302 1005/302 1145/302 1293/302 1449/302 1613/302 1785/302 1965/302 2153/302 2349/302 2553/302 2765/302 2985/302 3213/302]
[3449/302 3693/302 3945/302 4205/302 4473/302 4749/302 5033/302 5325/302 5625/302 5329/302 5041/302 4761/302 4489/302 4225/302 3969/302]
[3721/302 3481/302 3249/302 3025/302 2809/302 2601/302 2401/302 2209/302 2025/302 1849/302 1681/302 1521/302 1369/302 1225/302 1089/302]
[ 961/302  841/302  729/302  625/302  529/302  441/302  361/302  289/302  225/302  169/302  121/302   81/302   49/302   25/302    9/302]
[   1/302    1/302    9/302   25/302   49/302   81/302  121/302  169/302  225/302  289/302  361/302  441/302  529/302  625/302  729/302]
[ 841/302  961/302 1089/302 1225/302 1369/302 1521/302 1681/302 1849/302 2025/302 2209/302 2401/302 2601/302 2809/302 3025/302 3249/302]
[3481/302 3721/302 3969/302 4225/302 4489/302 4761/302 5041/302 5329/302 5625/302 5325/302 5033/302 4749/302 4473/302 4205/302 3945/302]
[3693/302 3449/302 3213/302 2985/302 2765/302 2553/302 2349/302 2153/302 1965/302 1785/302 1613/302 1449/302 1293/302 1145/302 1005/302]
[ 873/302  749/302  633/302  525/302  425/302  333/302  249/302  173/302  105/302   45/302   -7/302  -51/302  -87/302 -115/302 -135/302]
[-147/302        0        0        0        0        0        0        0        0        0        0        0        0        0        0]
Unobstructed
39
---------------------------
---------------------------
12a65
Correction terms
[    -1/2   65/358   81/358 -131/358  145/358  193/358   13/358 -395/358 -315/358  253/358 -123/358  -11/358 -127/358  245/358 -327/358]
[-411/358   -7/358  169/358  117/358 -163/358   45/358   25/358 -223/358   17/358   29/358 -187/358   85/358  129/358  -55/358 -467/358]
[ 325/358  173/358 -207/358  -99/358 -219/358  149/358 -427/358  201/358 -115/358   57/358    1/358 -283/358  -79/358 -103/358  361/358]
[-119/358 -111/358 -331/358  -63/358  -23/358 -211/358   89/358  161/358    5/358 -379/358 -275/358  317/358  -35/358  101/358    9/358]
[-311/358 -143/358 -203/358  225/358 -291/358 -319/358  141/358 -343/358 -339/358  153/358  417/358 -263/358 -455/358 -159/358  -91/358]
[-251/358   77/358  177/358   49/358 -307/358 -175/358 -271/358  121/358  285/358  221/358  -71/358 -591/358   93/358 -167/358   61/358]
[  61/358 -167/358   93/358 -591/358  -71/358  221/358  285/358  121/358 -271/358 -175/358 -307/358   49/358  177/358   77/358 -251/358]
[ -91/358 -159/358 -455/358 -263/358  417/358  153/358 -339/358 -343/358  141/358 -319/358 -291/358  225/358 -203/358 -143/358 -311/358]
[   9/358  101/358  -35/358  317/358 -275/358 -379/358    5/358  161/358   89/358 -211/358  -23/358  -63/358 -331/358 -111/358 -119/358]
[ 361/358 -103/358  -79/358 -283/358    1/358   57/358 -115/358  201/358 -427/358  149/358 -219/358  -99/358 -207/358  173/358  325/358]
[-467/358  -55/358  129/358   85/358 -187/358   29/358   17/358 -223/358   25/358   45/358 -163/358  117/358  169/358   -7/358 -411/358]
[-327/358  245/358 -127/358  -11/358 -123/358  253/358 -315/358 -395/358   13/358  193/358  145/358 -131/358   81/358   65/358        0]
Testing obstruction for
m1: 1, m2: 90,a: 0
[    -1/2 -175/358 -163/358 -143/358 -115/358  -79/358  -35/358   17/358   77/358  145/358  221/358  305/358  397/358  497/358  605/358]
[ 721/358  845/358  977/358 1117/358 1265/358 1421/358 1585/358 1757/358 1937/358 2125/358 2321/358 2525/358 2737/358 2957/358 3185/358]
[3421/358 3665/358 3917/358 4177/358 4445/358 4721/358 5005/358 5297/358 5597/358 5905/358 6221/358 6545/358 6877/358 7217/358 7565/358]
[7921/358 7569/358 7225/358 6889/358 6561/358 6241/358 5929/358 5625/358 5329/358 5041/358 4761/358 4489/358 4225/358 3969/358 3721/358]
[3481/358 3249/358 3025/358 2809/358 2601/358 2401/358 2209/358 2025/358 1849/358 1681/358 1521/358 1369/358 1225/358 1089/358  961/358]
[ 841/358  729/358  625/358  529/358  441/358  361/358  289/358  225/358  169/358  121/358   81/358   49/358   25/358    9/358    1/358]
[   1/358    9/358   25/358   49/358   81/358  121/358  169/358  225/358  289/358  361/358  441/358  529/358  625/358  729/358  841/358]
[ 961/358 1089/358 1225/358 1369/358 1521/358 1681/358 1849/358 2025/358 2209/358 2401/358 2601/358 2809/358 3025/358 3249/358 3481/358]
[3721/358 3969/358 4225/358 4489/358 4761/358 5041/358 5329/358 5625/358 5929/358 6241/358 6561/358 6889/358 7225/358 7569/358 7921/358]
[7565/358 7217/358 6877/358 6545/358 6221/358 5905/358 5597/358 5297/358 5005/358 4721/358 4445/358 4177/358 3917/358 3665/358 3421/358]
[3185/358 2957/358 2737/358 2525/358 2321/358 2125/358 1937/358 1757/358 1585/358 1421/358 1265/358 1117/358  977/358  845/358  721/358]
[ 605/358  497/358  397/358  305/358  221/358  145/358   77/358   17/358  -35/358  -79/358 -115/358 -143/358 -163/358 -175/358        0]
Unobstructed
80
---------------------------
---------------------------
12a86
Correction terms
[    -1/2  101/342  233/342    25/38   77/342 -211/342     5/38  161/342  137/342    -3/38  353/342  -91/342     1/38  -31/342 -211/342]
[   17/38 -307/342 -223/342   -31/38    11/18 -127/342     9/38  149/342   77/342    61/38  197/342  389/342    49/38  353/342  125/342]
[  -27/38  -67/342  -31/342   -15/38 -379/342  -79/342     9/38  101/342    -1/18   -31/38    5/342  149/342    17/38   17/342  425/342]
[    1/38  137/342  125/342    -3/38  365/342  -67/342     5/38   17/342 -151/342    25/38 -223/342 -127/342     -1/2  329/342    5/342]
[   25/38  305/342  245/342     5/38 -295/342  -91/342    -3/38 -103/342 -319/342     1/38  197/342  245/342    17/38  -79/342  233/342]
[   45/38    23/18  329/342     9/38  377/342 -151/342   -15/38 -259/342  161/342   -27/38 -103/342 -103/342   -27/38  161/342 -259/342]
[  -15/38 -151/342  377/342     9/38  329/342    23/18    45/38  233/342  -79/342    17/38  245/342  197/342     1/38 -319/342 -103/342]
[   -3/38  -91/342 -295/342     5/38  245/342  305/342    25/38    5/342  329/342     -1/2 -127/342 -223/342    25/38 -151/342   17/342]
[    5/38  -67/342  365/342    -3/38  125/342  137/342     1/38  425/342   17/342    17/38  149/342    5/342   -31/38    -1/18  101/342]
[    9/38  -79/342 -379/342   -15/38  -31/342  -67/342   -27/38  125/342  353/342    49/38  389/342  197/342    61/38   77/342  149/342]
[    9/38 -127/342    11/18   -31/38 -223/342 -307/342    17/38 -211/342  -31/342     1/38  -91/342  353/342    -3/38  137/342  161/342]
[    5/38 -211/342   77/342    25/38  233/342  101/342        0        0        0        0        0        0        0        0        0]
Testing obstruction for
m1: 1, m2: 86,a: 0
[    -1/2 -167/342 -155/342   -15/38 -107/342  -71/342    -3/38   25/342   85/342    17/38  229/342  313/342    45/38  505/342  613/342]
[   81/38  853/342  985/342   125/38    67/18 1429/342   177/38 1765/342 1945/342   237/38 2329/342 2533/342   305/38 2965/342 3193/342]
[  381/38 3673/342 3925/342   465/38 4453/342 4729/342   557/38 5305/342   295/18   657/38 6229/342 6553/342   765/38 7225/342 6889/342]
[  729/38 6241/342 5929/342   625/38 5329/342 5041/342   529/38 4489/342 4225/342   441/38 3721/342 3481/342     19/2 3025/342 2809/342]
[  289/38 2401/342 2209/342   225/38 1849/342 1681/342   169/38 1369/342 1225/342   121/38  961/342  841/342    81/38  625/342  529/342]
[   49/38    19/18  289/342    25/38  169/342  121/342     9/38   49/342   25/342     1/38    1/342    1/342     1/38   25/342   49/342]
[    9/38  121/342  169/342    25/38  289/342    19/18    49/38  529/342  625/342    81/38  841/342  961/342   121/38 1225/342 1369/342]
[  169/38 1681/342 1849/342   225/38 2209/342 2401/342   289/38 2809/342 3025/342     19/2 3481/342 3721/342   441/38 4225/342 4489/342]
[  529/38 5041/342 5329/342   625/38 5929/342 6241/342   729/38 6889/342 7225/342   765/38 6553/342 6229/342   657/38   295/18 5305/342]
[  557/38 4729/342 4453/342   465/38 3925/342 3673/342   381/38 3193/342 2965/342   305/38 2533/342 2329/342   237/38 1945/342 1765/342]
[  177/38 1429/342    67/18   125/38  985/342  853/342    81/38  613/342  505/342    45/38  313/342  229/342    17/38   85/342   25/342]
[   -3/38  -71/342 -107/342   -15/38 -155/342 -167/342        0        0        0        0        0        0        0        0        0]
Testing obstruction for
m1: 2, m2: 29,a: 0
Obstructed by Z^n/Q not being cyclic
Testing obstruction for
m1: 5, m2: 10,a: 0
[    -1/2 -287/342   49/342    17/38  709/342 1033/342    49/38  301/342  -71/342     1/38 -143/342  157/342    25/38  745/342 1033/342]
[   45/38  229/342 -179/342   -15/38   -17/18  -59/342    -3/38  457/342  709/342    81/38  517/342   73/342     9/38 -143/342   85/342]
[    9/38  529/342  745/342    81/38  481/342    1/342    -3/38 -287/342    -5/18   -15/38  277/342  457/342    45/38  805/342  289/342]
[   25/38  -71/342   85/342     1/38  385/342  529/342    49/38  805/342  253/342    17/38 -179/342  -59/342     -1/2  169/342  277/342]
[   17/38  481/342  577/342    49/38   73/342  157/342     1/38  313/342  385/342    25/38  517/342  577/342    45/38    1/342   49/342]
[  -15/38     7/18  169/342    -3/38  229/342  253/342    81/38  289/342  301/342     9/38  313/342  313/342     9/38  301/342  289/342]
[   81/38  253/342  229/342    -3/38  169/342     7/18   -15/38   49/342    1/342    45/38  577/342  517/342    25/38  385/342  313/342]
[    1/38  157/342   73/342    49/38  577/342  481/342    17/38  277/342  169/342     -1/2  -59/342 -179/342    17/38  253/342  805/342]
[   49/38  529/342  385/342     1/38   85/342  -71/342    25/38  289/342  805/342    45/38  457/342  277/342   -15/38    -5/18 -287/342]
[   -3/38    1/342  481/342    81/38  745/342  529/342     9/38   85/342 -143/342     9/38   73/342  517/342    81/38  709/342  457/342]
[   -3/38  -59/342   -17/18   -15/38 -179/342  229/342    45/38 1033/342  745/342    25/38  157/342 -143/342     1/38  -71/342  301/342]
[   49/38 1033/342  709/342    17/38   49/342 -287/342        0        0        0        0        0        0        0        0        0]
Testing obstruction for
m1: 3, m2: 18,a: 1
[    -1/2 -307/342  -31/342    -3/38 -295/342 -151/342   -31/38    5/342   17/342   -27/38  -91/342 -211/342     9/38  101/342 -151/342]
[    1/38 -103/342  197/342    25/38    -1/18  149/342     5/38  353/342  389/342    17/38  329/342  233/342    61/38  593/342  365/342]
[   61/38  461/342  785/342    93/38  617/342  809/342    81/38 1061/342    59/18   101/38 1109/342 1037/342   153/38 1445/342 1241/342]
[  161/38 1385/342 1049/342   125/38  929/342 1145/342   121/38  761/342  845/342    73/38  881/342  833/342      3/2  605/342  425/342]
[   73/38  617/342  305/342    45/38  233/342  473/342    49/38  137/342  245/342     9/38  329/342  305/342     1/38  125/342  -31/342]
[   25/38    11/18  -79/342     5/38 -103/342  161/342    17/38 -127/342    5/342   -15/38  137/342  137/342   -15/38    5/342 -127/342]
[   17/38  161/342 -103/342     5/38  -79/342    11/18    25/38  -31/342  125/342     1/38  305/342  329/342     9/38  245/342  137/342]
[   49/38  473/342  233/342    45/38  305/342  617/342    73/38  425/342  605/342      3/2  833/342  881/342    73/38  845/342  761/342]
[  121/38 1145/342  929/342   125/38 1049/342 1385/342   161/38 1241/342 1445/342   153/38 1037/342 1109/342   101/38    59/18 1061/342]
[   81/38  809/342  617/342    93/38  785/342  461/342    61/38  365/342  593/342    61/38  233/342  329/342    17/38  389/342  353/342]
[    5/38  149/342    -1/18    25/38  197/342 -103/342     1/38 -151/342  101/342     9/38 -211/342  -91/342   -27/38   17/342    5/342]
[  -31/38 -151/342 -295/342    -3/38  -31/342 -307/342        0        0        0        0        0        0        0        0        0]
[-307/342, -31/342, -3/38, -295/342, -151/342, -31/38]
16 [-307/342, -31/342, -3/38, -295/342, -151/342, 45/38]
Testing obstruction for
m1: 4, m2: 13,a: 1
[    -1/2 -335/342 -143/342   -31/38  -59/342 -167/342     9/38    1/342  277/342    25/38  529/342  505/342    93/38  841/342  517/342]
[   61/38  253/342  313/342     5/38     7/18 -107/342     1/38 -203/342  -59/342   -27/38  -71/342 -227/342    -3/38 -155/342   73/342]
[   -3/38  229/342  157/342    49/38  397/342  709/342    77/38 1033/342    55/18    81/38  769/342  481/342    61/38  289/342  385/342]
[   17/38  277/342   73/342    25/38   49/342  229/342     9/38  289/342  169/342    45/38  313/342  577/342      3/2  805/342  769/342]
[  121/38 1081/342  745/342    85/38  457/342  505/342    25/38  301/342   49/342    17/38  -71/342   61/342   -15/38   25/342 -143/342]
[    5/38    -5/18  121/342     1/38  253/342  169/342    49/38  385/342  685/342    73/38  985/342  985/342    73/38  685/342  385/342]
[   49/38  169/342  253/342     1/38  121/342    -5/18     5/38 -143/342   25/342   -15/38   61/342  -71/342    17/38   49/342  301/342]
[   25/38  505/342  457/342    85/38  745/342 1081/342   121/38  769/342  805/342      3/2  577/342  313/342    45/38  169/342  289/342]
[    9/38  229/342   49/342    25/38   73/342  277/342    17/38  385/342  289/342    61/38  481/342  769/342    81/38    55/18 1033/342]
[   77/38  709/342  397/342    49/38  157/342  229/342    -3/38   73/342 -155/342    -3/38 -227/342  -71/342   -27/38  -59/342 -203/342]
[    1/38 -107/342     7/18     5/38  313/342  253/342    61/38  517/342  841/342    93/38  505/342  529/342    25/38  277/342    1/342]
[    9/38 -167/342  -59/342   -31/38 -143/342 -335/342        0        0        0        0        0        0        0        0        0]
Testing obstruction for
m1: 6, m2: 9,a: 2
[    -1/2 -331/342 -127/342   -27/38    5/342  -67/342    25/38  197/342  533/342    61/38  245/342  305/342     5/38  149/342  -67/342]
[    9/38  -91/342  101/342    -3/38    11/18  125/342    45/38  365/342  689/342    77/38  377/342  425/342    17/38  245/342   17/342]
[   17/38  -31/342  149/342     1/38  233/342  137/342    45/38  353/342    35/18    73/38  329/342  365/342     9/38  161/342  -79/342]
[    5/38 -151/342   17/342   -15/38   77/342  -31/342    25/38  161/342  461/342    49/38  785/342  809/342      3/2  581/342  329/342]
[   49/38  233/342  389/342    25/38  425/342  305/342    61/38  473/342  761/342    81/38  377/342  389/342     9/38  137/342 -127/342]
[   -3/38   -13/18 -103/342   -31/38  -91/342 -223/342     1/38  -79/342  197/342    17/38  473/342  473/342    17/38  197/342  -79/342]
[    1/38 -223/342  -91/342   -31/38 -103/342   -13/18    -3/38 -127/342  137/342     9/38  389/342  377/342    81/38  761/342  473/342]
[   61/38  305/342  425/342    25/38  389/342  233/342    49/38  329/342  581/342      3/2  809/342  785/342    49/38  461/342  161/342]
[   25/38  -31/342   77/342   -15/38   17/342 -151/342     5/38  -79/342  161/342     9/38  365/342  329/342    73/38    35/18  353/342]
[   45/38  137/342  233/342     1/38  149/342  -31/342    17/38   17/342  245/342    17/38  425/342  377/342    77/38  689/342  365/342]
[   45/38  125/342    11/18    -3/38  101/342  -91/342     9/38  -67/342  149/342     5/38  305/342  245/342    61/38  533/342  197/342]
[   25/38  -67/342    5/342   -27/38 -127/342 -331/342        0        0        0        0        0        0        0        0        0]
Testing obstruction for
m1: 5, m2: 12,a: 3
[    -1/2 -319/342  -79/342   -15/38  197/342  233/342    -3/38  101/342  -67/342    17/38   77/342  389/342    45/38  809/342  917/342]
[   81/38  929/342  833/342    49/38    23/18  137/342    25/38   17/342  197/342     9/38  353/342  329/342     1/38   77/342 -151/342]
[    1/38 -127/342  125/342     9/38  425/342  473/342    25/38  365/342    11/18    49/38  377/342  701/342    81/38  461/342  581/342]
[   45/38  617/342  533/342    17/38  161/342 -127/342    -3/38 -223/342  -31/342   -15/38  149/342  137/342     -1/2  -91/342 -307/342]
[  -15/38 -259/342    5/342    -3/38  329/342  389/342    17/38  305/342  161/342    45/38  353/342  689/342    81/38  473/342  605/342]
[   49/38    35/18  593/342    25/38  245/342  -31/342     9/38 -103/342  101/342     1/38  305/342  305/342     1/38  101/342 -103/342]
[    9/38  -31/342  245/342    25/38  593/342    35/18    49/38  605/342  473/342    81/38  689/342  353/342    45/38  161/342  305/342]
[   17/38  389/342  329/342    -3/38    5/342 -259/342   -15/38 -307/342  -91/342     -1/2  137/342  149/342   -15/38  -31/342 -223/342]
[   -3/38 -127/342  161/342    17/38  533/342  617/342    45/38  581/342  461/342    81/38  701/342  377/342    49/38    11/18  365/342]
[   25/38  473/342  425/342     9/38  125/342 -127/342     1/38 -151/342   77/342     1/38  329/342  353/342     9/38  197/342   17/342]
[   25/38  137/342    23/18    49/38  833/342  929/342    81/38  917/342  809/342    45/38  389/342   77/342    17/38  -67/342  101/342]
[   -3/38  233/342  197/342   -15/38  -79/342 -319/342        0        0        0        0        0        0        0        0        0]
[-319/342, -79/342, -15/38, 197/342, 233/342, -3/38, 101/342, -67/342, 17/38, 77/342, 389/342, 45/38, 809/342, 917/342, 81/38, 929/342, 833/342, 49/38, 23/18, 137/342, 25/38, 17/342, 197/342, 9/38, 353/342, 329/342, 1/38, 77/342, -151/342, 1/38, -127/342, 125/342, 9/38, 425/342, 473/342, 25/38, 365/342, 11/18, 49/38, 377/342, 701/342, 81/38, 461/342, 581/342, 45/38, 617/342, 533/342, 17/38, 161/342, -127/342, -3/38, -223/342, -31/342, -15/38, 149/342, 137/342, -1/2, -91/342, -307/342]
68 [-319/342, -79/342, -15/38, 197/342, 233/342, -3/38, 101/342, -67/342, 17/38, 77/342, -295/342, -31/38, 125/342, 233/342, 5/38, 245/342, 149/342, 49/38, 23/18, 137/342, 25/38, 17/342, 197/342, 9/38, 353/342, 329/342, 1/38, 77/342, -151/342, 1/38, -127/342, 125/342, 9/38, -259/342, -211/342, 25/38, 365/342, 11/18, -27/38, -307/342, 17/342, 5/38, -223/342, -103/342, -31/38, -67/342, -151/342, 17/38, 161/342, -127/342, -3/38, -223/342, -31/342, -15/38, 149/342, 137/342, -1/2, -91/342, 377/342]
Testing obstruction for
m1: 8, m2: 11,a: 6
Obstructed by Z^n/Q not being cyclic
Testing obstruction for
m1: 22, m2: 23,a: 21
[    -1/2 -299/342    1/342     5/38 -167/342   49/342     1/38 -287/342 -155/342   -31/38   25/342   73/342   -15/38   85/342   49/342]
[  -27/38 -107/342 -227/342     9/38     7/18  -71/342    17/38  121/342 -167/342    -3/38 -143/342  169/342    25/38   25/342  253/342]
[   25/38  -59/342   85/342    -3/38  289/342  349/342    17/38  385/342    19/18     9/38  229/342  121/342    49/38  505/342  313/342]
[   61/38  529/342  253/342    45/38  301/342  625/342    77/38  505/342  745/342    81/38  457/342  613/342      3/2  841/342  913/342]
[   81/38  973/342  961/342    77/38  853/342  757/342   121/38 1165/342  985/342   137/38 1225/342  961/342   125/38 1033/342 1369/342]
[  161/38    67/18 1525/342   169/38 1261/342 1429/342   149/38 1681/342 1765/342   177/38 1849/342 1849/342   177/38 1765/342 1681/342]
[  149/38 1429/342 1261/342   169/38 1525/342    67/18   161/38 1369/342 1033/342   125/38  961/342 1225/342   137/38  985/342 1165/342]
[  121/38  757/342  853/342    77/38  961/342  973/342    81/38  913/342  841/342      3/2  613/342  457/342    81/38  745/342  505/342]
[   77/38  625/342  301/342    45/38  253/342  529/342    61/38  313/342  505/342    49/38  121/342  229/342     9/38    19/18  385/342]
[   17/38  349/342  289/342    -3/38   85/342  -59/342    25/38  253/342   25/342    25/38  169/342 -143/342    -3/38 -167/342  121/342]
[   17/38  -71/342     7/18     9/38 -227/342 -107/342   -27/38   49/342   85/342   -15/38   73/342   25/342   -31/38 -155/342 -287/342]
[    1/38   49/342 -167/342     5/38    1/342 -299/342        0        0        0        0        0        0        0        0        0]
---------------------------
SUCCESS for name = 12a86
---------------------------
12a89
Correction terms
[    -1/2  321/334 -219/334  217/334 -375/334    9/334   33/334  365/334 -331/334  -51/334 -131/334   97/334  -35/334  141/334  -43/334]
[  81/334 -155/334  -83/334  297/334  317/334  -23/334  -55/334  221/334  137/334  361/334  225/334  397/334  209/334  329/334   89/334]
[ 157/334 -135/334  549/334  205/334  169/334 -227/334  353/334  -95/334  433/334  -67/334  409/334 -143/334  281/334 -323/334   49/334]
[  61/334  381/334 -327/334  -59/334 -151/334   65/334  -79/334   85/334 -111/334    1/334 -247/334 -187/334  181/334  189/334 -163/334]
[-207/334   57/334  -39/334  173/334   25/334  185/334  -15/334   93/334 -159/334 -103/334  261/334  265/334  -91/334 -139/334  121/334]
[  21/334  229/334   77/334  233/334   29/334  133/334 -123/334  -71/334  289/334  289/334  -71/334 -123/334  133/334   29/334  233/334]
[  77/334  229/334   21/334  121/334 -139/334  -91/334  265/334  261/334 -103/334 -159/334   93/334  -15/334  185/334   25/334  173/334]
[ -39/334   57/334 -207/334 -163/334  189/334  181/334 -187/334 -247/334    1/334 -111/334   85/334  -79/334   65/334 -151/334  -59/334]
[-327/334  381/334   61/334   49/334 -323/334  281/334 -143/334  409/334  -67/334  433/334  -95/334  353/334 -227/334  169/334  205/334]
[ 549/334 -135/334  157/334   89/334  329/334  209/334  397/334  225/334  361/334  137/334  221/334  -55/334  -23/334  317/334  297/334]
[ -83/334 -155/334   81/334  -43/334  141/334  -35/334   97/334 -131/334  -51/334 -331/334  365/334   33/334    9/334 -375/334  217/334]
[-219/334  321/334        0        0        0        0        0        0        0        0        0        0        0        0        0]
Testing obstruction for
m1: 1, m2: 84,a: 0
[    -1/2 -163/334 -151/334 -131/334 -103/334  -67/334  -23/334   29/334   89/334  157/334  233/334  317/334  409/334  509/334  617/334]
[ 733/334  857/334  989/334 1129/334 1277/334 1433/334 1597/334 1769/334 1949/334 2137/334 2333/334 2537/334 2749/334 2969/334 3197/334]
[3433/334 3677/334 3929/334 4189/334 4457/334 4733/334 5017/334 5309/334 5609/334 5917/334 6233/334 6557/334 6889/334 6561/334 6241/334]
[5929/334 5625/334 5329/334 5041/334 4761/334 4489/334 4225/334 3969/334 3721/334 3481/334 3249/334 3025/334 2809/334 2601/334 2401/334]
[2209/334 2025/334 1849/334 1681/334 1521/334 1369/334 1225/334 1089/334  961/334  841/334  729/334  625/334  529/334  441/334  361/334]
[ 289/334  225/334  169/334  121/334   81/334   49/334   25/334    9/334    1/334    1/334    9/334   25/334   49/334   81/334  121/334]
[ 169/334  225/334  289/334  361/334  441/334  529/334  625/334  729/334  841/334  961/334 1089/334 1225/334 1369/334 1521/334 1681/334]
[1849/334 2025/334 2209/334 2401/334 2601/334 2809/334 3025/334 3249/334 3481/334 3721/334 3969/334 4225/334 4489/334 4761/334 5041/334]
[5329/334 5625/334 5929/334 6241/334 6561/334 6889/334 6557/334 6233/334 5917/334 5609/334 5309/334 5017/334 4733/334 4457/334 4189/334]
[3929/334 3677/334 3433/334 3197/334 2969/334 2749/334 2537/334 2333/334 2137/334 1949/334 1769/334 1597/334 1433/334 1277/334 1129/334]
[ 989/334  857/334  733/334  617/334  509/334  409/334  317/334  233/334  157/334   89/334   29/334  -23/334  -67/334 -103/334 -131/334]
[-151/334 -163/334        0        0        0        0        0        0        0        0        0        0        0        0        0]
Unobstructed
59
---------------------------
---------------------------
