13a1363
Correction terms
[     -1/2   149/734   229/734  -127/734  -919/734  -679/734   593/734   -39/734   361/734 -1143/734  -147/734   413/734   537/734   225/734  -523/734]
[ -239/734  -391/734   489/734  -535/734  -527/734  -955/734  -351/734  -183/734  -451/734   313/734  -827/734  -935/734   -11/734   477/734   529/734]
[  145/734  -675/734  -463/734   781/734   121/734   493/734 -1039/734   -71/734   461/734   557/734   217/734  -559/734  -303/734  -483/734   369/734]
[ -683/734  -703/734   309/734  -583/734  -443/734  -739/734    -3/734   297/734   161/734  -411/734    49/734    73/734  -339/734   281/734 -1003/734]
[  213/734  -475/734  -131/734  -223/734  -751/734  -247/734  -179/734  -547/734   117/734   345/734   137/734  -507/734  -119/734  -167/734   817/734]
[ -103/734     9/734  -315/734   393/734   665/734   501/734   -99/734 -1135/734   329/734  -111/734   481/734  -831/734 -1111/734  -359/734   -43/734]
[ -163/734  -719/734  -243/734  -203/734  -599/734    37/734   237/734     1/734  -671/734  -311/734  -387/734   569/734  -379/734  -295/734  -647/734]
[   33/734   277/734    85/734  -543/734  -139/734  -171/734  -639/734   -75/734    53/734  -255/734   469/734  -711/734  -859/734    25/734   473/734]
[  485/734    61/734  -799/734  -627/734   577/734  -123/734   209/734 -1363/734  -435/734    57/734   113/734  -267/734 -1083/734  -867/734   381/734]
[ -275/734   101/734    41/734  -455/734    81/734   181/734  -155/734   541/734  -667/734  -843/734    13/734   433/734   417/734   -35/734  -923/734]
[ -779/734   397/734  -331/734   -27/734  -159/734  -727/734  -263/734  -235/734  -643/734   -19/734   169/734   -79/734  -763/734  -415/734  -503/734]
[  441/734  -519/734  -447/734  -811/734  -143/734    89/734  -115/734  -755/734  -363/734  -407/734   581/734  -335/734  -219/734  -539/734   173/734]
[  449/734   289/734  -307/734   129/734   129/734  -307/734   289/734   449/734   173/734  -539/734  -219/734  -335/734   581/734  -407/734  -363/734]
[ -755/734  -115/734    89/734  -143/734  -811/734  -447/734  -519/734   441/734  -503/734  -415/734  -763/734   -79/734   169/734   -19/734  -643/734]
[ -235/734  -263/734  -727/734  -159/734   -27/734  -331/734   397/734  -779/734  -923/734   -35/734   417/734   433/734    13/734  -843/734  -667/734]
[  541/734  -155/734   181/734    81/734  -455/734    41/734   101/734  -275/734   381/734  -867/734 -1083/734  -267/734   113/734    57/734  -435/734]
[-1363/734   209/734  -123/734   577/734  -627/734  -799/734    61/734   485/734   473/734    25/734  -859/734  -711/734   469/734  -255/734    53/734]
[  -75/734  -639/734  -171/734  -139/734  -543/734    85/734   277/734    33/734  -647/734  -295/734  -379/734   569/734  -387/734  -311/734  -671/734]
[    1/734   237/734    37/734  -599/734  -203/734  -243/734  -719/734  -163/734   -43/734  -359/734 -1111/734  -831/734   481/734  -111/734   329/734]
[-1135/734   -99/734   501/734   665/734   393/734  -315/734     9/734  -103/734   817/734  -167/734  -119/734  -507/734   137/734   345/734   117/734]
[ -547/734  -179/734  -247/734  -751/734  -223/734  -131/734  -475/734   213/734 -1003/734   281/734  -339/734    73/734    49/734  -411/734   161/734]
[  297/734    -3/734  -739/734  -443/734  -583/734   309/734  -703/734  -683/734   369/734  -483/734  -303/734  -559/734   217/734   557/734   461/734]
[  -71/734 -1039/734   493/734   121/734   781/734  -463/734  -675/734   145/734   529/734   477/734   -11/734  -935/734  -827/734   313/734  -451/734]
[ -183/734  -351/734  -955/734  -527/734  -535/734   489/734  -391/734  -239/734  -523/734   225/734   537/734   413/734  -147/734 -1143/734   361/734]
[  -39/734   593/734  -679/734  -919/734  -127/734   229/734   149/734         0         0         0         0         0         0         0         0]
Testing obstruction for
m1: 1, m2: 184,a: 0
[     -1/2  -363/734  -351/734  -331/734  -303/734  -267/734  -223/734  -171/734  -111/734   -43/734    33/734   117/734   209/734   309/734   417/734]
[  533/734   657/734   789/734   929/734  1077/734  1233/734  1397/734  1569/734  1749/734  1937/734  2133/734  2337/734  2549/734  2769/734  2997/734]
[ 3233/734  3477/734  3729/734  3989/734  4257/734  4533/734  4817/734  5109/734  5409/734  5717/734  6033/734  6357/734  6689/734  7029/734  7377/734]
[ 7733/734  8097/734  8469/734  8849/734  9237/734  9633/734 10037/734 10449/734 10869/734 11297/734 11733/734 12177/734 12629/734 13089/734 13557/734]
[14033/734 14517/734 15009/734 15509/734 16017/734 16533/734 17057/734 17589/734 18129/734 18677/734 19233/734 19797/734 20369/734 20949/734 21537/734]
[22133/734 22737/734 23349/734 23969/734 24597/734 25233/734 25877/734 26529/734 27189/734 27857/734 28533/734 29217/734 29909/734 30609/734 31317/734]
[32033/734 32757/734 33489/734 32761/734 32041/734 31329/734 30625/734 29929/734 29241/734 28561/734 27889/734 27225/734 26569/734 25921/734 25281/734]
[24649/734 24025/734 23409/734 22801/734 22201/734 21609/734 21025/734 20449/734 19881/734 19321/734 18769/734 18225/734 17689/734 17161/734 16641/734]
[16129/734 15625/734 15129/734 14641/734 14161/734 13689/734 13225/734 12769/734 12321/734 11881/734 11449/734 11025/734 10609/734 10201/734  9801/734]
[ 9409/734  9025/734  8649/734  8281/734  7921/734  7569/734  7225/734  6889/734  6561/734  6241/734  5929/734  5625/734  5329/734  5041/734  4761/734]
[ 4489/734  4225/734  3969/734  3721/734  3481/734  3249/734  3025/734  2809/734  2601/734  2401/734  2209/734  2025/734  1849/734  1681/734  1521/734]
[ 1369/734  1225/734  1089/734   961/734   841/734   729/734   625/734   529/734   441/734   361/734   289/734   225/734   169/734   121/734    81/734]
[   49/734    25/734     9/734     1/734     1/734     9/734    25/734    49/734    81/734   121/734   169/734   225/734   289/734   361/734   441/734]
[  529/734   625/734   729/734   841/734   961/734  1089/734  1225/734  1369/734  1521/734  1681/734  1849/734  2025/734  2209/734  2401/734  2601/734]
[ 2809/734  3025/734  3249/734  3481/734  3721/734  3969/734  4225/734  4489/734  4761/734  5041/734  5329/734  5625/734  5929/734  6241/734  6561/734]
[ 6889/734  7225/734  7569/734  7921/734  8281/734  8649/734  9025/734  9409/734  9801/734 10201/734 10609/734 11025/734 11449/734 11881/734 12321/734]
[12769/734 13225/734 13689/734 14161/734 14641/734 15129/734 15625/734 16129/734 16641/734 17161/734 17689/734 18225/734 18769/734 19321/734 19881/734]
[20449/734 21025/734 21609/734 22201/734 22801/734 23409/734 24025/734 24649/734 25281/734 25921/734 26569/734 27225/734 27889/734 28561/734 29241/734]
[29929/734 30625/734 31329/734 32041/734 32761/734 33489/734 32757/734 32033/734 31317/734 30609/734 29909/734 29217/734 28533/734 27857/734 27189/734]
[26529/734 25877/734 25233/734 24597/734 23969/734 23349/734 22737/734 22133/734 21537/734 20949/734 20369/734 19797/734 19233/734 18677/734 18129/734]
[17589/734 17057/734 16533/734 16017/734 15509/734 15009/734 14517/734 14033/734 13557/734 13089/734 12629/734 12177/734 11733/734 11297/734 10869/734]
[10449/734 10037/734  9633/734  9237/734  8849/734  8469/734  8097/734  7733/734  7377/734  7029/734  6689/734  6357/734  6033/734  5717/734  5409/734]
[ 5109/734  4817/734  4533/734  4257/734  3989/734  3729/734  3477/734  3233/734  2997/734  2769/734  2549/734  2337/734  2133/734  1937/734  1749/734]
[ 1569/734  1397/734  1233/734  1077/734   929/734   789/734   657/734   533/734   417/734   309/734   209/734   117/734    33/734   -43/734  -111/734]
[ -171/734  -223/734  -267/734  -303/734  -331/734  -351/734  -363/734         0         0         0         0         0         0         0         0]
Unobstructed
173
---------------------------
---------------------------
13a1372
Correction terms
[    -1/2  249/518 -299/518  169/518 -419/518    9/518  417/518   -33/74  137/518 -551/518 -223/518   85/518  373/518 -395/518   -21/74]
[  81/518 -747/518  477/518 -391/518 -243/518 -115/518    -1/74   81/518  149/518  197/518 -811/518  233/518 -815/518    27/74  137/518]
[  65/518  -27/518 -139/518 -271/518 -423/518    63/74 -787/518     1/14 -195/518 -447/518  317/518   25/518   -41/74 -619/518   65/518]
[-307/518  337/518  -75/518 -507/518    11/74 -395/518  149/518 -363/518  141/518 -411/518   53/518   -77/74 -115/518  289/518 -363/518]
[   1/518 -691/518 -367/518    -9/74  221/518 -551/518 -307/518  -83/518  121/518  305/518   -81/74 -423/518 -299/518 -195/518    -3/14]
[ -47/518   -3/518     3/74   25/518    9/518  -27/518  -83/518 -159/518 -255/518   -53/74 -507/518  373/518  197/518    1/518 -215/518]
[-451/518  -101/74   53/518 -243/518 -559/518  141/518 -215/518  445/518     7/74 -367/518 -803/518 -223/518 -699/518 -159/518  361/518]
[  -25/74  305/518 -271/518  169/518 -447/518  -47/518   -19/14   -49/74   -3/518 -719/518  617/518 -139/518  121/518 -675/518   -65/74]
[-255/518  -75/518   85/518 -811/518  345/518 -591/518    75/74 -451/518 -411/518 -391/518 -391/518 -411/518 -451/518    75/74 -591/518]
[ 345/518 -811/518   85/518  -75/518 -255/518   -65/74 -675/518  121/518 -139/518  617/518 -719/518   -3/518   -49/74   -19/14  -47/518]
[-447/518  169/518 -271/518  305/518   -25/74  361/518 -159/518 -699/518 -223/518 -803/518 -367/518     7/74  445/518 -215/518  141/518]
[-559/518 -243/518   53/518  -101/74 -451/518 -215/518    1/518  197/518  373/518 -507/518   -53/74 -255/518 -159/518  -83/518  -27/518]
[   9/518   25/518     3/74   -3/518  -47/518    -3/14 -195/518 -299/518 -423/518   -81/74  305/518  121/518  -83/518 -307/518 -551/518]
[ 221/518    -9/74 -367/518 -691/518    1/518 -363/518  289/518 -115/518   -77/74   53/518 -411/518  141/518 -363/518  149/518 -395/518]
[   11/74 -507/518  -75/518  337/518 -307/518   65/518 -619/518   -41/74   25/518  317/518 -447/518 -195/518     1/14 -787/518    63/74]
[-423/518 -271/518 -139/518  -27/518   65/518  137/518    27/74 -815/518  233/518 -811/518  197/518  149/518   81/518    -1/74 -115/518]
[-243/518 -391/518  477/518 -747/518   81/518   -21/74 -395/518  373/518   85/518 -223/518 -551/518  137/518   -33/74  417/518    9/518]
[-419/518  169/518 -299/518  249/518        0        0        0        0        0        0        0        0        0        0        0]
Testing obstruction for
m1: 1, m2: 130,a: 0
[     -1/2  -255/518  -243/518  -223/518  -195/518  -159/518  -115/518     -9/74    -3/518    65/518   141/518   225/518   317/518   417/518     75/74]
[  641/518   765/518   897/518  1037/518  1185/518  1341/518    215/74  1677/518  1857/518  2045/518  2241/518  2445/518  2657/518    411/74  3105/518]
[ 3341/518  3585/518  3837/518  4097/518  4365/518    663/74  4925/518    141/14  5517/518  5825/518  6141/518  6465/518    971/74  7137/518  7485/518]
[ 7841/518  8205/518  8577/518  8957/518   1335/74  9741/518 10145/518 10557/518 10977/518 11405/518 11841/518   1755/74 12737/518 13197/518 13665/518]
[14141/518 14625/518 15117/518   2231/74 16125/518 16641/518 16129/518 15625/518 15129/518 14641/518   2023/74 13689/518 13225/518 12769/518    333/14]
[11881/518 11449/518   1575/74 10609/518 10201/518  9801/518  9409/518  9025/518  8649/518   1183/74  7921/518  7569/518  7225/518  6889/518  6561/518]
[ 6241/518    847/74  5625/518  5329/518  5041/518  4761/518  4489/518  4225/518    567/74  3721/518  3481/518  3249/518  3025/518  2809/518  2601/518]
[   343/74  2209/518  2025/518  1849/518  1681/518  1521/518     37/14    175/74  1089/518   961/518   841/518   729/518   625/518   529/518     63/74]
[  361/518   289/518   225/518   169/518   121/518    81/518      7/74    25/518     9/518     1/518     1/518     9/518    25/518      7/74    81/518]
[  121/518   169/518   225/518   289/518   361/518     63/74   529/518   625/518   729/518   841/518   961/518  1089/518    175/74     37/14  1521/518]
[ 1681/518  1849/518  2025/518  2209/518    343/74  2601/518  2809/518  3025/518  3249/518  3481/518  3721/518    567/74  4225/518  4489/518  4761/518]
[ 5041/518  5329/518  5625/518    847/74  6241/518  6561/518  6889/518  7225/518  7569/518  7921/518   1183/74  8649/518  9025/518  9409/518  9801/518]
[10201/518 10609/518   1575/74 11449/518 11881/518    333/14 12769/518 13225/518 13689/518   2023/74 14641/518 15129/518 15625/518 16129/518 16641/518]
[16125/518   2231/74 15117/518 14625/518 14141/518 13665/518 13197/518 12737/518   1755/74 11841/518 11405/518 10977/518 10557/518 10145/518  9741/518]
[  1335/74  8957/518  8577/518  8205/518  7841/518  7485/518  7137/518    971/74  6465/518  6141/518  5825/518  5517/518    141/14  4925/518    663/74]
[ 4365/518  4097/518  3837/518  3585/518  3341/518  3105/518    411/74  2657/518  2445/518  2241/518  2045/518  1857/518  1677/518    215/74  1341/518]
[ 1185/518  1037/518   897/518   765/518   641/518     75/74   417/518   317/518   225/518   141/518    65/518    -3/518     -9/74  -115/518  -159/518]
[ -195/518  -223/518  -243/518  -255/518         0         0         0         0         0         0         0         0         0         0         0]
Unobstructed
83
---------------------------
---------------------------
13a1379
Correction terms
[    -1/2 -431/566  257/566  649/566 -387/566 -587/566   49/566  389/566  433/566  181/566 -367/566  -79/566  -87/566  741/566  141/566]
[ 377/566  317/566  -39/566  441/566  625/566  513/566  105/566  533/566  665/566  501/566   41/566  417/566  497/566  281/566 -231/566]
[  93/566  121/566 -147/566  421/566 -439/566 -463/566  349/566 -267/566  -47/566 -123/566 -495/566  -31/566  137/566    9/566 -415/566]
[  -3/566  113/566  -67/566  589/566 -183/566 -119/566 -351/566  253/566  561/566  573/566  289/566 -291/566  -35/566 1057/566  721/566]
[  89/566  293/566  201/566  945/566  261/566  413/566  269/566 -171/566  225/566  325/566  129/566 -363/566  -19/566   29/566 -219/566]
[ 369/566 -471/566 -475/566  357/566 -239/566    1/566  -55/566 -407/566   77/566  265/566  157/566 -247/566  185/566  321/566  161/566]
[-295/566   85/566  169/566  -43/566  581/566 -223/566 -191/566  677/566  117/566  393/566  373/566   57/566  577/566  801/566  729/566]
[ 361/566 -303/566 -131/566  877/566  457/566 -259/566 -139/566 -315/566  345/566  709/566 -355/566 -583/566   25/566  337/566  353/566]
[  73/566 -503/566 -243/566 -279/566  521/566 -107/566  101/566   13/566 -371/566   81/566  237/566   97/566 -339/566   61/566  165/566]
[ -27/566  617/566 -167/566 -115/566  773/566  233/566  529/566  529/566  233/566  773/566 -115/566 -167/566  617/566  -27/566  165/566]
[  61/566 -339/566   97/566  237/566   81/566 -371/566   13/566  101/566 -107/566  521/566 -279/566 -243/566 -503/566   73/566  353/566]
[ 337/566   25/566 -583/566 -355/566  709/566  345/566 -315/566 -139/566 -259/566  457/566  877/566 -131/566 -303/566  361/566  729/566]
[ 801/566  577/566   57/566  373/566  393/566  117/566  677/566 -191/566 -223/566  581/566  -43/566  169/566   85/566 -295/566  161/566]
[ 321/566  185/566 -247/566  157/566  265/566   77/566 -407/566  -55/566    1/566 -239/566  357/566 -475/566 -471/566  369/566 -219/566]
[  29/566  -19/566 -363/566  129/566  325/566  225/566 -171/566  269/566  413/566  261/566  945/566  201/566  293/566   89/566  721/566]
[1057/566  -35/566 -291/566  289/566  573/566  561/566  253/566 -351/566 -119/566 -183/566  589/566  -67/566  113/566   -3/566 -415/566]
[   9/566  137/566  -31/566 -495/566 -123/566  -47/566 -267/566  349/566 -463/566 -439/566  421/566 -147/566  121/566   93/566 -231/566]
[ 281/566  497/566  417/566   41/566  501/566  665/566  533/566  105/566  513/566  625/566  441/566  -39/566  317/566  377/566  141/566]
[ 741/566  -87/566  -79/566 -367/566  181/566  433/566  389/566   49/566 -587/566 -387/566  649/566  257/566 -431/566        0        0]
Testing obstruction for
m1: 1, m2: 142,a: 0
[     -1/2  -279/566  -267/566  -247/566  -219/566  -183/566  -139/566   -87/566   -27/566    41/566   117/566   201/566   293/566   393/566   501/566]
[  617/566   741/566   873/566  1013/566  1161/566  1317/566  1481/566  1653/566  1833/566  2021/566  2217/566  2421/566  2633/566  2853/566  3081/566]
[ 3317/566  3561/566  3813/566  4073/566  4341/566  4617/566  4901/566  5193/566  5493/566  5801/566  6117/566  6441/566  6773/566  7113/566  7461/566]
[ 7817/566  8181/566  8553/566  8933/566  9321/566  9717/566 10121/566 10533/566 10953/566 11381/566 11817/566 12261/566 12713/566 13173/566 13641/566]
[14117/566 14601/566 15093/566 15593/566 16101/566 16617/566 17141/566 17673/566 18213/566 18761/566 19317/566 19881/566 19321/566 18769/566 18225/566]
[17689/566 17161/566 16641/566 16129/566 15625/566 15129/566 14641/566 14161/566 13689/566 13225/566 12769/566 12321/566 11881/566 11449/566 11025/566]
[10609/566 10201/566  9801/566  9409/566  9025/566  8649/566  8281/566  7921/566  7569/566  7225/566  6889/566  6561/566  6241/566  5929/566  5625/566]
[ 5329/566  5041/566  4761/566  4489/566  4225/566  3969/566  3721/566  3481/566  3249/566  3025/566  2809/566  2601/566  2401/566  2209/566  2025/566]
[ 1849/566  1681/566  1521/566  1369/566  1225/566  1089/566   961/566   841/566   729/566   625/566   529/566   441/566   361/566   289/566   225/566]
[  169/566   121/566    81/566    49/566    25/566     9/566     1/566     1/566     9/566    25/566    49/566    81/566   121/566   169/566   225/566]
[  289/566   361/566   441/566   529/566   625/566   729/566   841/566   961/566  1089/566  1225/566  1369/566  1521/566  1681/566  1849/566  2025/566]
[ 2209/566  2401/566  2601/566  2809/566  3025/566  3249/566  3481/566  3721/566  3969/566  4225/566  4489/566  4761/566  5041/566  5329/566  5625/566]
[ 5929/566  6241/566  6561/566  6889/566  7225/566  7569/566  7921/566  8281/566  8649/566  9025/566  9409/566  9801/566 10201/566 10609/566 11025/566]
[11449/566 11881/566 12321/566 12769/566 13225/566 13689/566 14161/566 14641/566 15129/566 15625/566 16129/566 16641/566 17161/566 17689/566 18225/566]
[18769/566 19321/566 19881/566 19317/566 18761/566 18213/566 17673/566 17141/566 16617/566 16101/566 15593/566 15093/566 14601/566 14117/566 13641/566]
[13173/566 12713/566 12261/566 11817/566 11381/566 10953/566 10533/566 10121/566  9717/566  9321/566  8933/566  8553/566  8181/566  7817/566  7461/566]
[ 7113/566  6773/566  6441/566  6117/566  5801/566  5493/566  5193/566  4901/566  4617/566  4341/566  4073/566  3813/566  3561/566  3317/566  3081/566]
[ 2853/566  2633/566  2421/566  2217/566  2021/566  1833/566  1653/566  1481/566  1317/566  1161/566  1013/566   873/566   741/566   617/566   501/566]
[  393/566   293/566   201/566   117/566    41/566   -27/566   -87/566  -139/566  -183/566  -219/566  -247/566  -267/566  -279/566         0         0]
Unobstructed
123
---------------------------
---------------------------
13a1393
Correction terms
[    -1/2   37/310   -7/310  333/310 -183/310    61/62  -63/310  -47/310  353/310 -103/310   -35/62  137/310 -407/310   53/310  277/310]
[   53/62   17/310  153/310   53/310  337/310   -47/62  197/310 -227/310 -267/310   77/310    37/62   57/310  313/310 -287/310  117/310]
[   57/62     7/10  -87/310   -7/310 -163/310    13/62   57/310  433/310  -47/310 -143/310    29/62  197/310   13/310  213/310 -443/310]
[  -19/62   17/310 -107/310  153/310  177/310    -7/62  137/310   73/310  393/310 -143/310   -59/62  -63/310  -67/310  313/310  457/310]
[  -51/62   37/310     3/10  -87/310  117/310    17/62 -183/310  -67/310 -187/310   77/310    21/62 -103/310   73/310   13/310  337/310]
[   85/62 -343/310 -107/310 -107/310 -343/310    85/62  337/310   13/310   73/310 -103/310    21/62   77/310 -187/310  -67/310 -183/310]
[   17/62  117/310  -87/310     3/10   37/310   -51/62  457/310  313/310  -67/310  -63/310   -59/62 -143/310  393/310   73/310  137/310]
[   -7/62  177/310  153/310 -107/310   17/310   -19/62 -443/310  213/310   13/310  197/310    29/62 -143/310  -47/310  433/310   57/310]
[   13/62 -163/310   -7/310  -87/310     7/10    57/62  117/310 -287/310  313/310   57/310    37/62   77/310 -267/310 -227/310  197/310]
[  -47/62  337/310   53/310  153/310   17/310    53/62  277/310   53/310 -407/310  137/310   -35/62 -103/310  353/310  -47/310  -63/310]
[   61/62 -183/310  333/310   -7/310   37/310        0        0        0        0        0        0        0        0        0        0]
Testing obstruction for
m1: 1, m2: 78,a: 0
[    -1/2 -151/310 -139/310 -119/310  -91/310   -11/62  -11/310   41/310  101/310  169/310    49/62  329/310  421/310  521/310  629/310]
[  149/62  869/310 1001/310 1141/310 1289/310   289/62 1609/310 1781/310 1961/310 2149/310   469/62 2549/310 2761/310 2981/310 3209/310]
[  689/62   119/10 3941/310 4201/310 4469/310   949/62 5029/310 5321/310 5621/310 5929/310  1125/62 5329/310 5041/310 4761/310 4489/310]
[  845/62 3969/310 3721/310 3481/310 3249/310   605/62 2809/310 2601/310 2401/310 2209/310   405/62 1849/310 1681/310 1521/310 1369/310]
[  245/62 1089/310    31/10  841/310  729/310   125/62  529/310  441/310  361/310  289/310    45/62  169/310  121/310   81/310   49/310]
[    5/62    9/310    1/310    1/310    9/310     5/62   49/310   81/310  121/310  169/310    45/62  289/310  361/310  441/310  529/310]
[  125/62  729/310  841/310    31/10 1089/310   245/62 1369/310 1521/310 1681/310 1849/310   405/62 2209/310 2401/310 2601/310 2809/310]
[  605/62 3249/310 3481/310 3721/310 3969/310   845/62 4489/310 4761/310 5041/310 5329/310  1125/62 5929/310 5621/310 5321/310 5029/310]
[  949/62 4469/310 4201/310 3941/310   119/10   689/62 3209/310 2981/310 2761/310 2549/310   469/62 2149/310 1961/310 1781/310 1609/310]
[  289/62 1289/310 1141/310 1001/310  869/310   149/62  629/310  521/310  421/310  329/310    49/62  169/310  101/310   41/310  -11/310]
[  -11/62  -91/310 -119/310 -139/310 -151/310        0        0        0        0        0        0        0        0        0        0]
Testing obstruction for
m1: 3, m2: 16,a: 0
[    -1/2 -259/310   49/310  149/310   41/310    69/62  441/310  949/310 1249/310  721/310   121/62  281/310  369/310  249/310  -79/310]
[    1/62 -119/310  169/310  249/310  121/310    81/62  481/310  969/310 1249/310  701/310   113/62  221/310  289/310  149/310 -199/310]
[  -27/62    -9/10  -11/310   49/310  -99/310    33/62  221/310  689/310  949/310 1001/310   169/62  481/310  529/310  369/310    1/310]
[    9/62 -119/310  129/310  169/310    1/310    49/62  281/310  729/310  969/310 1001/310   165/62  441/310  469/310  289/310  -99/310]
[  -15/62 -259/310    -1/10  -11/310 -199/310     5/62   41/310  469/310  689/310  701/310   225/62  721/310  729/310  529/310  121/310]
[   25/62  -79/310  129/310  129/310  -79/310    25/62  121/310  529/310  729/310  721/310   225/62  701/310  689/310  469/310   41/310]
[    5/62 -199/310  -11/310    -1/10 -259/310   -15/62  -99/310  289/310  469/310  441/310   165/62 1001/310  969/310  729/310  281/310]
[   49/62    1/310  169/310  129/310 -119/310     9/62    1/310  369/310  529/310  481/310   169/62 1001/310  949/310  689/310  221/310]
[   33/62  -99/310   49/310  -11/310    -9/10   -27/62 -199/310  149/310  289/310  221/310   113/62  701/310 1249/310  969/310  481/310]
[   81/62  121/310  249/310  169/310 -119/310     1/62  -79/310  249/310  369/310  281/310   121/62  721/310 1249/310  949/310  441/310]
[   69/62   41/310  149/310   49/310 -259/310        0        0        0        0        0        0        0        0        0        0]
Testing obstruction for
m1: 2, m2: 27,a: 1
[    -1/2 -307/310 -143/310 -283/310 -107/310   -47/62  -47/310 -163/310   37/310  -67/310    29/62   53/310  277/310  197/310  433/310]
[   73/62  613/310  557/310  817/310  773/310   209/62 1013/310 1297/310 1277/310 1573/310   313/62 1873/310 1877/310 1577/310 1593/310]
[  261/62    43/10 1057/310 1097/310  833/310   177/62  633/310  697/310  457/310  533/310    61/62  393/310  177/310  277/310   73/310]
[   37/62   -7/310  117/310  -63/310   73/310   -19/62   53/310 -103/310   57/310  -87/310    17/62  -47/310  137/310   17/310  213/310]
[   21/62  313/310     7/10  437/310  353/310   117/62  513/310  757/310  697/310  953/310   181/62 1173/310 1137/310 1417/310 1393/310]
[  337/62 1673/310 1977/310 1977/310 1673/310   337/62 1393/310 1417/310 1137/310 1173/310   181/62  953/310  697/310  757/310  513/310]
[  117/62  353/310  437/310     7/10  313/310    21/62  213/310   17/310  137/310  -47/310    17/62  -87/310   57/310 -103/310   53/310]
[  -19/62   73/310  -63/310  117/310   -7/310    37/62   73/310  277/310  177/310  393/310    61/62  533/310  457/310  697/310  633/310]
[  177/62  833/310 1097/310 1057/310    43/10   261/62 1593/310 1577/310 1877/310 1873/310   313/62 1573/310 1277/310 1297/310 1013/310]
[  209/62  773/310  817/310  557/310  613/310    73/62  433/310  197/310  277/310   53/310    29/62  -67/310   37/310 -163/310  -47/310]
[  -47/62 -107/310 -283/310 -143/310 -307/310        0        0        0        0        0        0        0        0        0        0]
Testing obstruction for
m1: 5, m2: 10,a: 2
[    -1/2 -291/310  -79/310 -139/310  149/310    33/62  -91/310    1/310 -179/310  -11/310   -23/62  129/310  101/310  421/310  469/310]
[   49/62  369/310  221/310  421/310  349/310   125/62  629/310  361/310  441/310  249/310    81/62  289/310  521/310  481/310  169/310]
[   41/62    -1/10   81/310  -79/310  109/310     5/62  289/310  281/310    1/310   69/310   -27/62    9/310 -119/310  101/310   49/310]
[   69/62  369/310  121/310  221/310   49/310    45/62  129/310  381/310  361/310  689/310   149/62  529/310  661/310  521/310  729/310]
[  133/62  329/310    11/10   81/310  169/310    -3/62  149/310   41/310  281/310  249/310   -11/62  -11/310 -239/310 -119/310 -271/310]
[  -15/62 -151/310  121/310  121/310 -151/310   -15/62 -271/310 -119/310 -239/310  -11/310   -11/62  249/310  281/310   41/310  149/310]
[   -3/62  169/310   81/310    11/10  329/310   133/62  729/310  521/310  661/310  529/310   149/62  689/310  361/310  381/310  129/310]
[   45/62   49/310  221/310  121/310  369/310    69/62   49/310  101/310 -119/310    9/310   -27/62   69/310    1/310  281/310  289/310]
[    5/62  109/310  -79/310   81/310    -1/10    41/62  169/310  481/310  521/310  289/310    81/62  249/310  441/310  361/310  629/310]
[  125/62  349/310  421/310  221/310  369/310    49/62  469/310  421/310  101/310  129/310   -23/62  -11/310 -179/310    1/310  -91/310]
[   33/62  149/310 -139/310  -79/310 -291/310        0        0        0        0        0        0        0        0        0        0]
Testing obstruction for
m1: 8, m2: 9,a: 5
[    -1/2 -267/310   17/310   77/310  533/310    29/62  153/310  -63/310  117/310   73/310    85/62  553/310  457/310  137/310  213/310]
[   13/62  313/310  337/310  137/310  333/310    61/62  673/310  197/310  117/310 -187/310   -19/62 -227/310   37/310   77/310  513/310]
[   21/62     3/10 -143/310   17/310  -47/310    57/62  393/310  277/310  -63/310   -7/310   -35/62   53/310   57/310  457/310  633/310]
[  117/62  313/310  437/310  337/310   13/310    17/62  -67/310  177/310  197/310  613/310    37/62  153/310 -103/310   37/310  -47/310]
[   53/62  353/310     7/10 -143/310 -107/310   -59/62  -87/310 -103/310  277/310  433/310    73/62   73/310  177/310   57/310  333/310]
[   77/62  213/310  437/310  437/310  213/310    77/62  333/310   57/310  177/310   73/310    73/62  433/310  277/310 -103/310  -87/310]
[  -59/62 -107/310 -143/310     7/10  353/310    53/62  -47/310   37/310 -103/310  153/310    37/62  613/310  197/310  177/310  -67/310]
[   17/62   13/310  337/310  437/310  313/310   117/62  633/310  457/310   57/310   53/310   -35/62   -7/310  -63/310  277/310  393/310]
[   57/62  -47/310   17/310 -143/310     3/10    21/62  513/310   77/310   37/310 -227/310   -19/62 -187/310  117/310  197/310  673/310]
[   61/62  333/310  137/310  337/310  313/310    13/62  213/310  137/310  457/310  553/310    85/62   73/310  117/310  -63/310  153/310]
[   29/62  533/310   77/310   17/310 -267/310        0        0        0        0        0        0        0        0        0        0]
Unobstructed
23
---------------------------
---------------------------
13a1406
Correction terms
[     -1/2   353/798  -583/798    -5/266   461/798   845/798  -153/266   -37/114  -151/798   -45/266  -211/798  -379/798  -213/266   605/798    23/114]
[  407/266   593/798  -127/798  -313/266    -13/42   353/798     41/38  -319/798     5/798    79/266   377/798   425/798   127/266    35/114    17/798]
[ -101/266   881/798   377/798   -73/266   689/798   -13/114   211/266  -331/798     11/42   219/266  1013/798  -319/798     -7/38   -67/798   -79/798]
[  -61/266  -379/798  -667/798   183/266    11/114  1109/798   151/266  -295/798 -1135/798  -157/266   101/798    83/114    -11/14  -331/798  -127/798]
[   -5/266     5/798   -67/798    -11/38  -487/798  -835/798   107/266  -211/798   761/798    15/266   119/114   -67/798   179/266  -547/798  -127/798]
[   67/266     23/42    83/114   211/266   593/798   461/798    79/266   -79/798  -487/798     29/38    17/798   929/798    51/266  -715/798   -79/798]
[  155/266   131/114  -319/798   -17/266   125/798     11/42    67/266   101/798   -13/114  -125/266  -751/798   377/798   -61/266   761/798    17/798]
[    37/38  -151/798   425/798  -229/266  -295/798     5/798    71/266    47/114   353/798      5/14   125/798  -127/798  -157/266  -907/798    23/114]
[ -153/266   425/798  -379/798   107/266  -667/798  -151/798     13/38   605/798  -751/798  -201/266  -547/798  1013/798   295/266       5/6   353/798]
[  -17/266  -547/798   461/798   -73/266   605/798   -37/114   127/266   929/798  -211/798    51/266   425/798   605/798     33/38   689/798   593/798]
[  135/266   125/798    -13/42  -237/266    47/114  -319/798   179/266  -295/798   377/798  -213/266  -151/798    35/114   183/266  -835/798  -715/798]
[ -229/266   845/798   689/798     21/38   101/798  -331/798    -15/14   125/798  -583/798    71/266   -97/114   -67/798   151/266   881/798  -379/798]
[  -45/266    17/798    11/114    15/266   -79/798  -295/798   331/266   593/798   101/798    -23/38     23/42  -331/798   135/266  -547/798     5/798]
[  155/266   119/114  1109/798  -101/266  -211/798  -211/798  -101/266  1109/798   119/114   155/266     5/798  -547/798   135/266  -331/798     23/42]
[   -23/38   101/798   593/798   331/266  -295/798   -79/798    15/266    11/114    17/798   -45/266  -379/798   881/798   151/266   -67/798   -97/114]
[   71/266  -583/798   125/798    -15/14  -331/798   101/798     21/38   689/798   845/798  -229/266  -715/798  -835/798   183/266    35/114  -151/798]
[ -213/266   377/798  -295/798   179/266  -319/798    47/114  -237/266    -13/42   125/798   135/266   593/798   689/798     33/38   605/798   425/798]
[   51/266  -211/798   929/798   127/266   -37/114   605/798   -73/266   461/798  -547/798   -17/266   353/798       5/6   295/266  1013/798  -547/798]
[ -201/266  -751/798   605/798     13/38  -151/798  -667/798   107/266  -379/798   425/798  -153/266    23/114  -907/798  -157/266  -127/798   125/798]
[     5/14   353/798    47/114    71/266     5/798  -295/798  -229/266   425/798  -151/798     37/38    17/798   761/798   -61/266   377/798  -751/798]
[ -125/266   -13/114   101/798    67/266     11/42   125/798   -17/266  -319/798   131/114   155/266   -79/798  -715/798    51/266   929/798    17/798]
[    29/38  -487/798   -79/798    79/266   461/798   593/798   211/266    83/114     23/42    67/266  -127/798  -547/798   179/266   -67/798   119/114]
[   15/266   761/798  -211/798   107/266  -835/798  -487/798    -11/38   -67/798     5/798    -5/266  -127/798  -331/798    -11/14    83/114   101/798]
[ -157/266 -1135/798  -295/798   151/266  1109/798    11/114   183/266  -667/798  -379/798   -61/266   -79/798   -67/798     -7/38  -319/798  1013/798]
[  219/266     11/42  -331/798   211/266   -13/114   689/798   -73/266   377/798   881/798  -101/266    17/798    35/114   127/266   425/798   377/798]
[   79/266     5/798  -319/798     41/38   353/798    -13/42  -313/266  -127/798   593/798   407/266    23/114   605/798  -213/266  -379/798  -211/798]
[  -45/266  -151/798   -37/114  -153/266   845/798   461/798    -5/266  -583/798   353/798         0         0         0         0         0         0]
Testing obstruction for
m1: 1, m2: 200,a: 0
[     -1/2  -395/798  -383/798  -121/266  -335/798  -299/798   -85/266   -29/114  -143/798   -25/266     1/798    85/798    59/266   277/798    55/114]
[  167/266   625/798   757/798   299/266     55/42  1201/798     65/38  1537/798  1717/798   635/266  2101/798  2305/798   839/266   391/114  2965/798]
[ 1067/266  3445/798  3697/798  1319/266  4225/798   643/114  1595/266  5077/798    283/42  1895/266  6001/798  6325/798    317/38  6997/798  7345/798]
[ 2567/266  8065/798  8437/798  2939/266  1315/114  9601/798  3335/266 10417/798 10837/798  3755/266 11701/798  1735/114    221/14 13057/798 13525/798]
[ 4667/266 14485/798 14977/798    737/38 15985/798 16501/798  5675/266 17557/798 18097/798  6215/266  2743/114 19765/798  6779/266 20917/798 21505/798]
[ 7367/266   1195/42  3331/114  7979/266 24565/798 25201/798  8615/266 26497/798 27157/798   1325/38 28501/798 29185/798  9959/266 30577/798 31285/798]
[10667/266  4675/114 33457/798 11399/266 34945/798   1879/42 12155/266 37237/798  5431/114 12935/266 39601/798 38809/798 12675/266 37249/798 36481/798]
[  1701/38 34969/798 34225/798 11163/266 32761/798 32041/798 10443/266  4375/114 29929/798    513/14 28561/798 27889/798  9075/266 26569/798  3703/114]
[ 8427/266 24649/798 24025/798  7803/266 22801/798 22201/798   1029/38 21025/798 20449/798  6627/266 19321/798 18769/798  6075/266     133/6 17161/798]
[ 5547/266 16129/798 15625/798  5043/266 14641/798  2023/114  4563/266 13225/798 12769/798  4107/266 11881/798 11449/798    525/38 10609/798 10201/798]
[ 3267/266  9409/798    475/42  2883/266  1183/114  7921/798  2523/266  7225/798  6889/798  2187/266  6241/798   847/114  1875/266  5329/798  5041/798]
[ 1587/266  4489/798  4225/798    189/38  3721/798  3481/798     57/14  3025/798  2809/798   867/266   343/114  2209/798   675/266  1849/798  1681/798]
[  507/266  1369/798   175/114   363/266   961/798   841/798   243/266   625/798   529/798     21/38     19/42   289/798    75/266   169/798   121/798]
[   27/266     7/114    25/798     3/266     1/798     1/798     3/266    25/798     7/114    27/266   121/798   169/798    75/266   289/798     19/42]
[    21/38   529/798   625/798   243/266   841/798   961/798   363/266   175/114  1369/798   507/266  1681/798  1849/798   675/266  2209/798   343/114]
[  867/266  2809/798  3025/798     57/14  3481/798  3721/798    189/38  4225/798  4489/798  1587/266  5041/798  5329/798  1875/266   847/114  6241/798]
[ 2187/266  6889/798  7225/798  2523/266  7921/798  1183/114  2883/266    475/42  9409/798  3267/266 10201/798 10609/798    525/38 11449/798 11881/798]
[ 4107/266 12769/798 13225/798  4563/266  2023/114 14641/798  5043/266 15625/798 16129/798  5547/266 17161/798     133/6  6075/266 18769/798 19321/798]
[ 6627/266 20449/798 21025/798   1029/38 22201/798 22801/798  7803/266 24025/798 24649/798  8427/266  3703/114 26569/798  9075/266 27889/798 28561/798]
[   513/14 29929/798  4375/114 10443/266 32041/798 32761/798 11163/266 34225/798 34969/798   1701/38 36481/798 37249/798 12675/266 38809/798 39601/798]
[12935/266  5431/114 37237/798 12155/266   1879/42 34945/798 11399/266 33457/798  4675/114 10667/266 31285/798 30577/798  9959/266 29185/798 28501/798]
[  1325/38 27157/798 26497/798  8615/266 25201/798 24565/798  7979/266  3331/114   1195/42  7367/266 21505/798 20917/798  6779/266 19765/798  2743/114]
[ 6215/266 18097/798 17557/798  5675/266 16501/798 15985/798    737/38 14977/798 14485/798  4667/266 13525/798 13057/798    221/14  1735/114 11701/798]
[ 3755/266 10837/798 10417/798  3335/266  9601/798  1315/114  2939/266  8437/798  8065/798  2567/266  7345/798  6997/798    317/38  6325/798  6001/798]
[ 1895/266    283/42  5077/798  1595/266   643/114  4225/798  1319/266  3697/798  3445/798  1067/266  2965/798   391/114   839/266  2305/798  2101/798]
[  635/266  1717/798  1537/798     65/38  1201/798     55/42   299/266   757/798   625/798   167/266    55/114   277/798    59/266    85/798     1/798]
[  -25/266  -143/798   -29/114   -85/266  -299/798  -335/798  -121/266  -383/798  -395/798         0         0         0         0         0         0]
Testing obstruction for
m1: 2, m2: 67,a: 0
[     -1/2  -263/798   145/798  -257/266   181/798  -191/798   -97/266   -17/114   325/798  -185/266   433/798    97/798    11/266   241/798   103/114]
[  -41/266   901/798   601/798   191/266     43/42  1333/798     25/38  1585/798  1321/798   443/266  1609/798  2161/798   463/266   355/114  2257/798]
[  767/266  2617/798  3205/798   823/266  3601/798   487/114  1163/266  3841/798    235/42  1255/266  4933/798  4777/798    233/38  5281/798  5941/798]
[ 1759/266  6481/798  6361/798  2171/266   991/114  7633/798  2335/266  8245/798  8161/798  2783/266  8809/798  1363/114    157/14 10225/798 10177/798]
[ 3467/266 10897/798 11665/798    529/38 12421/798 12409/798  4223/266 13201/798 12409/798  3963/266  1663/114 11665/798  3455/266 10933/798 10177/798]
[ 3231/266    499/42  1363/114  2759/266  8881/798  8161/798  2571/266  7537/798  7633/798    305/38  7045/798  6361/798  1983/266  5809/798  5941/798]
[ 1583/266   775/114  4777/798  1467/266  4297/798    235/42  1103/266  4021/798   487/114  1023/266  3001/798  3205/798   695/266  2833/798  2257/798]
[    93/38  1921/798  2161/798   359/266  1861/798  1321/798   351/266   151/114  1333/798      5/14  1105/798   601/798   123/266   409/798   103/114]
[  -97/266   565/798    97/798   -33/266   -23/798   325/798    -31/38   241/798  -191/798  -117/266  -239/798   145/798  -265/266       1/6  -263/798]
[ -129/266  -239/798   181/798  -241/266   241/798   -17/114   -69/266   -23/798   433/798  -145/266   565/798   241/798      9/38   409/798   901/798]
[   23/266  1105/798     43/42   267/266   151/114  1585/798   263/266  1861/798  1609/798   543/266  1921/798   355/114   575/266  2833/798  2617/798]
[  891/266  3001/798  3601/798    137/38  4021/798  3841/798     69/14  4297/798  4933/798  1415/266   775/114  5281/798  1803/266  5809/798  6481/798]
[ 1943/266  7045/798   991/114  2367/266  7537/798  8245/798  2543/266  8881/798  8809/798    429/38    499/42 10225/798  3215/266 10933/798 10897/798]
[ 3711/266  1663/114 12421/798  3959/266 13201/798 13201/798  3959/266 12421/798  1663/114  3711/266 10897/798 10933/798  3215/266 10225/798    499/42]
[   429/38  8809/798  8881/798  2543/266  8245/798  7537/798  2367/266   991/114  7045/798  1943/266  6481/798  5809/798  1803/266  5281/798   775/114]
[ 1415/266  4933/798  4297/798     69/14  3841/798  4021/798    137/38  3601/798  3001/798   891/266  2617/798  2833/798   575/266   355/114  1921/798]
[  543/266  1609/798  1861/798   263/266  1585/798   151/114   267/266     43/42  1105/798    23/266   901/798   409/798      9/38   241/798   565/798]
[ -145/266   433/798   -23/798   -69/266   -17/114   241/798  -241/266   181/798  -239/798  -129/266  -263/798       1/6  -265/266   145/798  -239/798]
[ -117/266  -191/798   241/798    -31/38   325/798   -23/798   -33/266    97/798   565/798   -97/266   103/114   409/798   123/266   601/798  1105/798]
[     5/14  1333/798   151/114   351/266  1321/798  1861/798   359/266  2161/798  1921/798     93/38  2257/798  2833/798   695/266  3205/798  3001/798]
[ 1023/266   487/114  4021/798  1103/266    235/42  4297/798  1467/266  4777/798   775/114  1583/266  5941/798  5809/798  1983/266  6361/798  7045/798]
[   305/38  7633/798  7537/798  2571/266  8161/798  8881/798  2759/266  1363/114    499/42  3231/266 10177/798 10933/798  3455/266 11665/798  1663/114]
[ 3963/266 12409/798 13201/798  4223/266 12409/798 12421/798    529/38 11665/798 10897/798  3467/266 10177/798 10225/798    157/14  1363/114  8809/798]
[ 2783/266  8161/798  8245/798  2335/266  7633/798   991/114  2171/266  6361/798  6481/798  1759/266  5941/798  5281/798    233/38  4777/798  4933/798]
[ 1255/266    235/42  3841/798  1163/266   487/114  3601/798   823/266  3205/798  2617/798   767/266  2257/798   355/114   463/266  2161/798  1609/798]
[  443/266  1321/798  1585/798     25/38  1333/798     43/42   191/266   601/798   901/798   -41/266   103/114   241/798    11/266    97/798   433/798]
[ -185/266   325/798   -17/114   -97/266  -191/798   181/798  -257/266   145/798  -263/798         0         0         0         0         0         0]
Testing obstruction for
m1: 4, m2: 29,a: 0
[    -1/2 -563/798  541/798  -93/266  169/798  289/798   27/266  -65/114  277/798  227/266  757/798  505/798  507/266  613/798  139/114]
[ 335/266 2305/798 1681/798  775/266   139/42 2629/798   109/38 3217/798 3817/798 1363/266 4033/798 5245/798 1511/266  727/114 5317/798]
[1739/266 4789/798 4033/798 1515/266 3133/798  427/114  839/266 3313/798   115/42  775/266 2137/798 1621/798    37/38 1201/798 1297/798]
[ 355/266  505/798 1213/798   -1/266    7/114 -227/798  255/266 -167/798  169/798   59/266 -143/798 -113/114    -3/14  121/798   85/798]
[ -93/266  625/798 -395/798    -7/38 -227/798  961/798   75/266  757/798  961/798  279/266   55/114 1201/798  563/266 1849/798 1681/798]
[ 927/266   103/42  343/114  839/266 3901/798 3361/798 1363/266 4489/798 4561/798   205/38 5317/798 6001/798 1587/266 4789/798 4489/798]
[1287/266  415/114 3217/798 1067/266 2857/798   115/42  927/266 1453/798  199/114  335/266 1885/798  841/798  355/266  961/798  529/798]
[  -11/38  277/798  457/798  103/266 -167/798  625/798 -169/266  -53/114 -563/798     9/14 -335/798   85/798   59/266  -59/798  -89/114]
[  27/266  457/798  505/798   75/266 1213/798  277/798    29/38  613/798 1885/798  411/266 1849/798 2137/798  699/266     13/6 2629/798]
[1067/266 3445/798 3361/798 1515/266 3805/798  619/114 1511/266 6001/798 5545/798 1587/266 5245/798 3805/798   173/38 3133/798 3901/798]
[ 915/266 2857/798   139/42  699/266  175/114 1621/798  563/266 1429/798  841/798  507/266  277/798   43/114   -1/266  961/798    1/798]
[ 103/266  289/798  -59/798   -35/38 -143/798  121/798     1/14 -335/798  541/798 -169/266  -41/114 -395/798  255/266    1/798  505/798]
[ 227/266  529/798    7/114  279/266 1297/798 1429/798  411/266 2305/798 1453/798    89/38   103/42 3313/798  915/266 3445/798 3817/798]
[1287/266  511/114 4561/798 1739/266 5545/798 5545/798 1739/266 4561/798  511/114 1287/266 3817/798 3445/798  915/266 3313/798   103/42]
[   89/38 1453/798 2305/798  411/266 1429/798 1297/798  279/266    7/114  529/798  227/266  505/798    1/798  255/266 -395/798  -41/114]
[-169/266  541/798 -335/798     1/14  121/798 -143/798   -35/38  -59/798  289/798  103/266    1/798  961/798   -1/266   43/114  277/798]
[ 507/266  841/798 1429/798  563/266 1621/798  175/114  699/266   139/42 2857/798  915/266 3901/798 3133/798   173/38 3805/798 5245/798]
[1587/266 5545/798 6001/798 1511/266  619/114 3805/798 1515/266 3361/798 3445/798 1067/266 2629/798     13/6  699/266 2137/798 1849/798]
[ 411/266 1885/798  613/798    29/38  277/798 1213/798   75/266  505/798  457/798   27/266  -89/114  -59/798   59/266   85/798 -335/798]
[    9/14 -563/798  -53/114 -169/266  625/798 -167/798  103/266  457/798  277/798   -11/38  529/798  961/798  355/266  841/798 1885/798]
[ 335/266  199/114 1453/798  927/266   115/42 2857/798 1067/266 3217/798  415/114 1287/266 4489/798 4789/798 1587/266 6001/798 5317/798]
[  205/38 4561/798 4489/798 1363/266 3361/798 3901/798  839/266  343/114   103/42  927/266 1681/798 1849/798  563/266 1201/798   55/114]
[ 279/266  961/798  757/798   75/266  961/798 -227/798    -7/38 -395/798  625/798  -93/266   85/798  121/798    -3/14 -113/114 -143/798]
[  59/266  169/798 -167/798  255/266 -227/798    7/114   -1/266 1213/798  505/798  355/266 1297/798 1201/798    37/38 1621/798 2137/798]
[ 775/266   115/42 3313/798  839/266  427/114 3133/798 1515/266 4033/798 4789/798 1739/266 5317/798  727/114 1511/266 5245/798 4033/798]
[1363/266 3817/798 3217/798   109/38 2629/798   139/42  775/266 1681/798 2305/798  335/266  139/114  613/798  507/266  505/798  757/798]
[ 227/266  277/798  -65/114   27/266  289/798  169/798  -93/266  541/798 -563/798        0        0        0        0        0        0]
Testing obstruction for
m1: 10, m2: 11,a: 0
[    -1/2 -695/798   13/798   43/266 1249/798 1777/798  571/266  151/114 1405/798  387/266 1921/798 2089/798  555/266 2245/798  319/114]
[ 543/266  433/798  241/798 -181/266   -17/42 -695/798    -3/38  -23/798 1021/798  491/266 1333/798  601/798  291/266   79/114 1237/798]
[ 443/266 2425/798 2929/798  947/266 2161/798  127/114  207/266 -239/798    -5/42 -181/266   13/798  -23/798    45/38 1321/798 1105/798]
[  99/266  493/798   97/798  235/266  103/114 1741/798  723/266 3601/798 2845/798  499/266 1153/798   31/114     5/14 -239/798  241/798]
[  43/266 1021/798 1321/798    49/38  145/798  265/798  -69/266  325/798  265/798  403/266  223/114 2917/798  695/266 2257/798 1837/798]
[ 275/266    43/42   31/114  207/266  433/798 1249/798  491/266 1105/798  145/798     9/38 -359/798   97/798  -13/266  829/798 1105/798]
[ 795/266  211/114 1573/798  359/266 1585/798    79/42  275/266 1153/798  127/114  543/266 1777/798 1333/798   99/266  265/798 -359/798]
[    1/38 -191/798  601/798  267/266 2005/798 1021/798  347/266   67/114  901/798    13/14 1585/798 1837/798  499/266 2161/798  319/114]
[ 571/266  601/798  493/798  -69/266   97/798 -191/798    25/38  649/798 1777/798  239/266  661/798   13/798  123/266      1/6  901/798]
[ 359/266 2257/798 2845/798  947/266 2245/798  151/114  291/266   97/798  325/798  -13/266  601/798  649/798    81/38  565/798  433/798]
[ -97/266  -11/798   -17/42  123/266   67/114 1573/798  695/266 3601/798 2929/798  555/266 1405/798   79/114  235/266  265/798  829/798]
[ 267/266 1777/798  565/798    17/38 -443/798 -239/798   -11/14  -11/798   13/798  347/266  211/114 2917/798  723/266 2425/798 2089/798]
[ 387/266 1237/798  103/114  403/266 1105/798 2005/798  239/266  433/798 -443/798   -15/38   -41/42 -239/798  -97/266  661/798 1021/798]
[ 795/266  223/114 1741/798  443/266 1921/798 1921/798  443/266 1741/798  223/114  795/266 1021/798  661/798  -97/266 -239/798   -41/42]
[  -15/38 -443/798  433/798  239/266 2005/798 1105/798  403/266  103/114 1237/798  387/266 2089/798 2425/798  723/266 2917/798  211/114]
[ 347/266   13/798  -11/798   -11/14 -239/798 -443/798    17/38  565/798 1777/798  267/266  829/798  265/798  235/266   79/114 1405/798]
[ 555/266 2929/798 3601/798  695/266 1573/798   67/114  123/266   -17/42  -11/798  -97/266  433/798  565/798    81/38  649/798  601/798]
[ -13/266  325/798   97/798  291/266  151/114 2245/798  947/266 2845/798 2257/798  359/266  901/798      1/6  123/266   13/798  661/798]
[ 239/266 1777/798  649/798    25/38 -191/798   97/798  -69/266  493/798  601/798  571/266  319/114 2161/798  499/266 1837/798 1585/798]
[   13/14  901/798   67/114  347/266 1021/798 2005/798  267/266  601/798 -191/798     1/38 -359/798  265/798   99/266 1333/798 1777/798]
[ 543/266  127/114 1153/798  275/266    79/42 1585/798  359/266 1573/798  211/114  795/266 1105/798  829/798  -13/266   97/798 -359/798]
[    9/38  145/798 1105/798  491/266 1249/798  433/798  207/266   31/114    43/42  275/266 1837/798 2257/798  695/266 2917/798  223/114]
[ 403/266  265/798  325/798  -69/266  265/798  145/798    49/38 1321/798 1021/798   43/266  241/798 -239/798     5/14   31/114 1153/798]
[ 499/266 2845/798 3601/798  723/266 1741/798  103/114  235/266   97/798  493/798   99/266 1105/798 1321/798    45/38  -23/798   13/798]
[-181/266    -5/42 -239/798  207/266  127/114 2161/798  947/266 2929/798 2425/798  443/266 1237/798   79/114  291/266  601/798 1333/798]
[ 491/266 1021/798  -23/798    -3/38 -695/798   -17/42 -181/266  241/798  433/798  543/266  319/114 2245/798  555/266 2089/798 1921/798]
[ 387/266 1405/798  151/114  571/266 1777/798 1249/798   43/266   13/798 -695/798        0        0        0        0        0        0]
Testing obstruction for
m1: 7, m2: 16,a: 1
[    -1/2 -767/798 -275/798 -173/266   97/798  -23/798  239/266  103/114  -11/798   39/266 -491/798 -239/798 -241/266 -347/798 -101/114]
[ -69/266 -443/798  181/798   23/266    43/42  829/798     5/38  241/798 -359/798  -33/266 -575/798 -191/798 -181/266   -5/114 -263/798]
[ 123/266  265/798 1021/798  347/266  325/798   67/114  -41/266  145/798   -17/42   23/266 -275/798  241/798     1/38  661/798  565/798]
[ 443/266 1357/798  649/798  267/266   31/114  493/798   11/266  433/798   97/798  207/266  409/798  151/114    17/14 1741/798 1777/798]
[ 359/266 1237/798  661/798    45/38  493/798  901/798  191/266 1105/798  901/798  519/266  211/114 2257/798  767/266 1609/798 1777/798]
[ 403/266    79/42  151/114  491/266 1153/798 1693/798  499/266 2161/798 2089/798   137/38 2929/798 2245/798  807/266 1861/798 2161/798]
[ 575/266  307/114 1837/798  795/266 2197/798   151/42  935/266 3601/798  523/114  995/266 3169/798 2617/798  975/266 2497/798 2929/798]
[  125/38 3181/798 3001/798 1227/266 3625/798 2833/798  967/266  319/114 2425/798    33/14 2197/798 1777/798  739/266 1921/798  355/114]
[ 771/266 3001/798 2953/798  723/266 2245/798 1585/798    85/38 1249/798 1573/798  387/266 1609/798 1321/798  631/266     13/6 2425/798]
[ 795/266 1609/798 1693/798  347/266 1249/798  103/114  351/266  649/798 1105/798  275/266 1405/798 1249/798    93/38 1921/798 1153/798]
[ 415/266  601/798    43/42   99/266   91/114  241/798  235/266  433/798 1021/798  291/266 1585/798  223/114  267/266  901/798  265/798]
[ 163/266  -23/798  325/798    -3/38  409/798  145/798    13/14  601/798 1321/798  435/266   79/114  661/798   11/266  265/798 -239/798]
[  39/266 -263/798   31/114  -13/266  565/798  433/798  387/266 1153/798  409/798    25/38    -5/42  145/798 -117/266   13/798 -359/798]
[  43/266  -17/114  493/798  123/266 1105/798 1105/798  123/266  493/798  -17/114   43/266 -359/798   13/798 -117/266  145/798    -5/42]
[   25/38  409/798 1153/798  387/266  433/798  565/798  -13/266   31/114 -263/798   39/266 -239/798  265/798   11/266  661/798   79/114]
[ 435/266 1321/798  601/798    13/14  145/798  409/798    -3/38  325/798  -23/798  163/266  265/798  901/798  267/266  223/114 1585/798]
[ 291/266 1021/798  433/798  235/266  241/798   91/114   99/266    43/42  601/798  415/266 1153/798 1921/798    93/38 1249/798 1405/798]
[ 275/266 1105/798  649/798  351/266  103/114 1249/798  347/266 1693/798 1609/798  795/266 2425/798     13/6  631/266 1321/798 1609/798]
[ 387/266 1573/798 1249/798    85/38 1585/798 2245/798  723/266 2953/798 3001/798  771/266  355/114 1921/798  739/266 1777/798 2197/798]
[   33/14 2425/798  319/114  967/266 2833/798 3625/798 1227/266 3001/798 3181/798   125/38 2929/798 2497/798  975/266 2617/798 3169/798]
[ 995/266  523/114 3601/798  935/266   151/42 2197/798  795/266 1837/798  307/114  575/266 2161/798 1861/798  807/266 2245/798 2929/798]
[  137/38 2089/798 2161/798  499/266 1693/798 1153/798  491/266  151/114    79/42  403/266 1777/798 1609/798  767/266 2257/798  211/114]
[ 519/266  901/798 1105/798  191/266  901/798  493/798    45/38  661/798 1237/798  359/266 1777/798 1741/798    17/14  151/114  409/798]
[ 207/266   97/798  433/798   11/266  493/798   31/114  267/266  649/798 1357/798  443/266  565/798  661/798     1/38  241/798 -275/798]
[  23/266   -17/42  145/798  -41/266   67/114  325/798  347/266 1021/798  265/798  123/266 -263/798   -5/114 -181/266 -191/798 -575/798]
[ -33/266 -359/798  241/798     5/38  829/798    43/42   23/266  181/798 -443/798  -69/266 -101/114 -347/798 -241/266 -239/798 -491/798]
[  39/266  -11/798  103/114  239/266  -23/798   97/798 -173/266 -275/798 -767/798        0        0        0        0        0        0]
Testing obstruction for
m1: 3, m2: 42,a: 2
[    -1/2 -715/798  -67/798  -17/266 -667/798 -319/798 -201/266   11/114  125/798 -153/266  -79/798 -331/798  127/266  461/798  -13/114]
[ 107/266  101/798  845/798  319/266    23/42  881/798    33/38 1469/798 1613/798  375/266 1601/798 1445/798  751/266  347/114 1973/798]
[ 827/266 2357/798 3197/798 1135/266 2981/798  503/114 1143/266 4301/798   239/42 1383/266 4721/798 4661/798   265/38 5837/798 5477/798]
[2027/266 6053/798 6989/798 2431/266  995/114 7601/798 2535/266 6977/798 7313/798 2339/266 6089/798  875/114    97/14 5897/798 5633/798]
[1579/266 4805/798 4241/798   221/38 4409/798 3545/798 1215/266 3113/798 3545/798 1115/266  359/114 2645/798  715/266 2609/798 2441/798]
[ 547/266    95/42  191/114  611/266 1697/798  929/798  375/266  689/798 1217/798    53/38  377/798  605/798   67/266  761/798  689/798]
[  -5/266   35/114 -127/798  155/266  425/798   -13/42   15/266 -295/798   47/114  107/266 -319/798    5/798 -101/266  353/798  377/798]
[  -11/38  125/798 -151/798  179/266  593/798   17/798  135/266   23/114  881/798    17/14  425/798  845/798  211/266 1385/798  215/114]
[ 331/266 1445/798 1265/798  683/266 2201/798 1721/798   105/38 2057/798 2873/798 1019/266 2609/798 3125/798 1003/266     29/6 4073/798]
[1219/266 4205/798 4121/798 1667/266 5249/798  695/114 1815/266 5393/798 6305/798 2195/266 6233/798 6845/798   325/38 7769/798 8081/798]
[2587/266 6809/798   359/42 2067/266  935/114 6257/798 1779/266 5381/798 4793/798 1723/266 4913/798  575/114 1367/266 3545/798 3953/798]
[1243/266 2873/798 2981/798   117/38 2897/798 2705/798    33/14 2021/798 1529/798  667/266  263/114 1049/798  407/266  761/798 1265/798]
[ 379/266  377/798   83/114   51/266  689/798  593/798  -45/266  101/798 -295/798    13/38    11/42 -487/798  -73/266 -583/798   17/798]
[  -5/266  -97/114 -379/798 -237/266  -79/798  -79/798 -237/266 -379/798  -97/114   -5/266   17/798 -583/798  -73/266 -487/798    11/42]
[   13/38 -295/798  101/798  -45/266  593/798  689/798   51/266   83/114  377/798  379/266 1265/798  761/798  407/266 1049/798  263/114]
[ 667/266 1529/798 2021/798    33/14 2705/798 2897/798   117/38 2981/798 2873/798 1243/266 3953/798 3545/798 1367/266  575/114 4913/798]
[1723/266 4793/798 5381/798 1779/266 6257/798  935/114 2067/266   359/42 6809/798 2587/266 8081/798 7769/798   325/38 6845/798 6233/798]
[2195/266 6305/798 5393/798 1815/266  695/114 5249/798 1667/266 4121/798 4205/798 1219/266 4073/798     29/6 1003/266 3125/798 2609/798]
[1019/266 2873/798 2057/798   105/38 1721/798 2201/798  683/266 1265/798 1445/798  331/266  215/114 1385/798  211/266  845/798  425/798]
[   17/14  881/798   23/114  135/266   17/798  593/798  179/266 -151/798  125/798   -11/38  377/798  353/798 -101/266    5/798 -319/798]
[ 107/266   47/114 -295/798   15/266   -13/42  425/798  155/266 -127/798   35/114   -5/266  689/798  761/798   67/266  605/798  377/798]
[   53/38 1217/798  689/798  375/266  929/798 1697/798  611/266  191/114    95/42  547/266 2441/798 2609/798  715/266 2645/798  359/114]
[1115/266 3545/798 3113/798 1215/266 3545/798 4409/798   221/38 4241/798 4805/798 1579/266 5633/798 5897/798    97/14  875/114 6089/798]
[2339/266 7313/798 6977/798 2535/266 7601/798  995/114 2431/266 6989/798 6053/798 2027/266 5477/798 5837/798   265/38 4661/798 4721/798]
[1383/266   239/42 4301/798 1143/266  503/114 2981/798 1135/266 3197/798 2357/798  827/266 1973/798  347/114  751/266 1445/798 1601/798]
[ 375/266 1613/798 1469/798    33/38  881/798    23/42  319/266  845/798  101/798  107/266  -13/114  461/798  127/266 -331/798  -79/798]
[-153/266  125/798   11/114 -201/266 -319/798 -667/798  -17/266  -67/798 -715/798        0        0        0        0        0        0]
[-715/798, -67/798, -17/266, -667/798, -319/798, -201/266, 11/114, 125/798, -153/266, -79/798, -331/798, 127/266, 461/798, -13/114, 107/266, 101/798, 845/798, 319/266, 23/42, 881/798, 33/38, 1469/798, 1613/798, 375/266, 1601/798, 1445/798, 751/266, 347/114, 1973/798, 827/266, 2357/798, 3197/798, 1135/266, 2981/798, 503/114, 1143/266, 4301/798, 239/42, 1383/266, 4721/798, 4661/798, 265/38, 5837/798, 5477/798, 2027/266, 6053/798, 6989/798, 2431/266, 995/114, 7601/798, 2535/266, 6977/798, 7313/798, 2339/266, 6089/798, 875/114, 97/14, 5897/798, 5633/798, 1579/266, 4805/798, 4241/798, 221/38, 4409/798, 3545/798, 1215/266, 3113/798, 3545/798, 1115/266, 359/114, 2645/798, 715/266, 2609/798, 2441/798, 547/266, 95/42, 191/114, 611/266, 1697/798, 929/798, 375/266, 689/798, 1217/798, 53/38, 377/798, 605/798, 67/266, 761/798, 689/798, -5/266, 35/114, -127/798, 155/266, 425/798, -13/42, 15/266, -295/798, 47/114, 107/266, -319/798, 5/798, -101/266, 353/798, 377/798, -11/38, 125/798, -151/798, 179/266, 593/798, 17/798, 135/266, 23/114, 881/798, 17/14, 425/798, 845/798, 211/266, 1385/798, 215/114, 331/266, 1445/798, 1265/798, 683/266, 2201/798, 1721/798, 105/38, 2057/798, 2873/798, 1019/266, 2609/798, 3125/798, 1003/266, 29/6, 4073/798, 1219/266, 4205/798, 4121/798, 1667/266, 5249/798, 695/114, 1815/266, 5393/798, 6305/798, 2195/266, 6233/798, 6845/798, 325/38, 7769/798, 8081/798, 2587/266, 6809/798, 359/42, 2067/266, 935/114, 6257/798, 1779/266, 5381/798, 4793/798, 1723/266, 4913/798, 575/114, 1367/266, 3545/798, 3953/798, 1243/266, 2873/798, 2981/798, 117/38, 2897/798, 2705/798, 33/14, 2021/798, 1529/798, 667/266, 263/114, 1049/798, 407/266, 761/798, 1265/798, 379/266, 377/798, 83/114, 51/266, 689/798, 593/798, -45/266, 101/798, -295/798, 13/38, 11/42, -487/798]
88 [-715/798, -67/798, -17/266, -667/798, -319/798, -201/266, 11/114, 125/798, -153/266, -79/798, -331/798, 127/266, -1135/798, -13/114, 107/266, 101/798, -751/798, -213/266, 23/42, -715/798, 33/38, -127/798, 17/798, -157/266, 5/798, -151/798, -313/266, 119/114, 377/798, -237/266, -835/798, 5/798, 71/266, -211/798, 47/114, 79/266, -487/798, -13/42, -213/266, -67/798, -127/798, 37/38, -547/798, -907/798, -101/266, -331/798, 605/798, -229/266, 83/114, -379/798, -125/266, 593/798, -667/798, 211/266, -295/798, -37/114, -15/14, -487/798, 845/798, -17/266, 17/798, -547/798, -7/38, -379/798, 353/798, 151/266, -79/798, 353/798, 51/266, -97/114, -547/798, 183/266, 1013/798, -751/798, 15/266, 11/42, -37/114, 79/266, 101/798, 929/798, -157/266, 689/798, -379/798, -23/38, 377/798, 605/798, 67/266, -835/798, 689/798, -5/266, 35/114, -127/798, 155/266, 425/798, -13/42, 15/266, -295/798, 47/114, 107/266, -319/798, 5/798, -101/266, 353/798, 377/798, -11/38, 125/798, -151/798, 179/266, 593/798, 17/798, 135/266, 23/114, 881/798, -11/14, 425/798, 845/798, 211/266, -211/798, -13/114, 331/266, -151/798, -331/798, 151/266, 605/798, 125/798, 29/38, 461/798, -319/798, -45/266, 1013/798, -67/798, -61/266, 5/6, 881/798, 155/266, -583/798, 929/798, 71/266, 461/798, 11/114, 219/266, 605/798, -79/798, 67/266, -151/798, 461/798, 21/38, -211/798, 101/798, -73/266, 425/798, 23/42, -61/266, 23/114, -127/798, 183/266, 593/798, 5/798, 127/266, 125/798, 119/114, -229/266, 353/798, 761/798, 179/266, -319/798, -211/798, 41/38, -295/798, 1109/798, 5/14, 425/798, -67/798, 135/266, 35/114, -547/798, 407/266, 761/798, -331/798, -153/266, 377/798, 83/114, 51/266, 689/798, 593/798, -45/266, 101/798, -295/798, 13/38, 11/42, 1109/798]
[-715/798, -67/798, -17/266, -667/798]
164 [-715/798, -67/798, -17/266, 929/798]
Testing obstruction for
m1: 8, m2: 15,a: 3
[    -1/2 -691/798   29/798   55/266 1313/798  281/798   87/266  -49/114   65/798  -37/266  725/798  977/798  215/266 -271/798  -25/114]
[-221/266 -139/798 -199/798  251/266    59/42  905/798     5/38  317/798  -55/798  195/266  641/798 1709/798  199/266   71/114 -187/798]
[  47/266 -115/798  641/798  271/266 1997/798  143/114  339/266  449/798    47/42  251/266 1625/798 1913/798    77/38  737/798  869/798]
[ 139/266  977/798  953/798  647/266  335/114 2165/798  467/266 1649/798 1313/798  663/266 2081/798  455/114    37/14 2045/798 1397/798]
[ 587/266 1541/798 2333/798   121/38 2165/798 2801/798  951/266 2321/798 2801/798  899/266  287/114 2333/798  691/266 2825/798 2993/798]
[ 859/266    83/42  227/114  339/266 1457/798 1313/798  727/266 2465/798 2165/798    61/38 1409/798  953/798  503/266 1481/798 2465/798]
[ 423/266  155/114  317/798  187/266  221/798    47/42  327/266 2081/798  143/114  311/266  281/798  641/798  139/266 1205/798 1409/798]
[   49/38   65/798  113/798 -141/266   53/798  -55/798  283/266  167/114  905/798     1/14  221/798 -199/798  131/266  401/798  203/114]
[  87/266  113/798 -619/798 -113/266 -643/798   65/798     9/38 1325/798  281/798   83/266 -367/798   29/798  -53/266      5/6  905/798]
[ 187/266 -367/798 -283/798 -261/266 -271/798  -49/114  199/266  953/798  725/798  -29/266  113/798 -271/798    17/38  401/798 1457/798]
[ 111/266  221/798   -25/42  -53/266  -61/114  317/798  159/266 1649/798  641/798  215/266   65/798   71/114  115/266 1205/798 1481/798]
[ 391/266  281/798  401/798    -3/38  485/798  449/798    25/14 1817/798 1625/798  283/266  155/114  737/798  467/266 1481/798 2573/798]
[ 495/266 1409/798  107/114  367/266  869/798 1649/798  615/266 3053/798 2081/798   101/38    83/42 2045/798  643/266 2825/798 3137/798]
[ 955/266  287/114 2165/798  579/266 2321/798 2321/798  579/266 2165/798  287/114  955/266 3137/798 2825/798  643/266 2045/798    83/42]
[  101/38 2081/798 3053/798  615/266 1649/798  869/798  367/266  107/114 1409/798  495/266 2573/798 1481/798  467/266  737/798  155/114]
[ 283/266 1625/798 1817/798    25/14  449/798  485/798    -3/38  401/798  281/798  391/266 1481/798 1205/798  115/266   71/114   65/798]
[ 215/266  641/798 1649/798  159/266  317/798  -61/114  -53/266   -25/42  221/798  111/266 1457/798  401/798    17/38 -271/798  113/798]
[ -29/266  725/798  953/798  199/266  -49/114 -271/798 -261/266 -283/798 -367/798  187/266  905/798      5/6  -53/266   29/798 -367/798]
[  83/266  281/798 1325/798     9/38   65/798 -643/798 -113/266 -619/798  113/798   87/266  203/114  401/798  131/266 -199/798  221/798]
[    1/14  905/798  167/114  283/266  -55/798   53/798 -141/266  113/798   65/798    49/38 1409/798 1205/798  139/266  641/798  281/798]
[ 311/266  143/114 2081/798  327/266    47/42  221/798  187/266  317/798  155/114  423/266 2465/798 1481/798  503/266  953/798 1409/798]
[   61/38 2165/798 2465/798  727/266 1313/798 1457/798  339/266  227/114    83/42  859/266 2993/798 2825/798  691/266 2333/798  287/114]
[ 899/266 2801/798 2321/798  951/266 2801/798 2165/798   121/38 2333/798 1541/798  587/266 1397/798 2045/798    37/14  455/114 2081/798]
[ 663/266 1313/798 1649/798  467/266 2165/798  335/114  647/266  953/798  977/798  139/266  869/798  737/798    77/38 1913/798 1625/798]
[ 251/266    47/42  449/798  339/266  143/114 1997/798  271/266  641/798 -115/798   47/266 -187/798   71/114  199/266 1709/798  641/798]
[ 195/266  -55/798  317/798     5/38  905/798    59/42  251/266 -199/798 -139/798 -221/266  -25/114 -271/798  215/266  977/798  725/798]
[ -37/266   65/798  -49/114   87/266  281/798 1313/798   55/266   29/798 -691/798        0        0        0        0        0        0]
Testing obstruction for
m1: 9, m2: 18,a: 7
[    -1/2 -751/798 -211/798 -125/266  353/798  377/798  431/266  215/114 2609/798 1003/266 2705/798 1697/798  527/266  761/798  119/114]
[  67/266  461/798   17/798  155/266    11/42  845/798    37/38 1601/798 1721/798  379/266 1445/798 1049/798  515/266  191/114 2021/798]
[ 667/266 1277/798 1445/798  303/266 1265/798  131/114  487/266 1301/798    23/42  155/266 -211/798    5/798   -23/38  -79/798 -379/798]
[  71/266  101/798  881/798  319/266  275/114 2189/798 1115/266 2201/798 1949/798  331/266  929/798   23/114     5/14 -295/798   17/798]
[-125/266  125/798  -79/798    29/38  593/798 1469/798  547/266 2705/798 3065/798  907/266  239/114 1517/798  219/266  689/798   17/798]
[  79/266   -13/42   23/114  -45/266  461/798  353/798  379/266 1217/798  593/798    41/38  425/798  881/798  211/266 1277/798 1217/798]
[ 683/266  311/114 1601/798  639/266 1529/798   107/42  611/266  929/798  131/114   67/266  377/798 -151/798   71/266 -127/798  425/798]
[   13/38 1013/798 1049/798  659/266 2201/798 3317/798  711/266  263/114  845/798    13/14  -67/798   17/798 -201/266 -331/798 -109/114]
[-101/266 -547/798  101/798   15/266  881/798 1013/798    97/38 2357/798 1973/798  827/266 2285/798 1385/798  459/266      5/6  845/798]
[ 107/266  689/798  353/798  303/266  761/798  215/114  515/266  881/798 1109/798  211/266 1049/798  761/798    65/38 1265/798 2057/798]
[ 715/266 1529/798    95/42  459/266  263/114 1601/798  219/266  605/798 -151/798   -5/266 -583/798  -37/114 -213/266 -127/798 -319/798]
[ 127/266  377/798 1265/798    69/38 2525/798 2897/798    45/14 1529/798 1385/798  179/266   83/114  -79/798   51/266 -319/798  101/798]
[ -61/266  425/798   47/114  375/266 1217/798 2201/798  827/266 2057/798 2525/798   109/38    71/42 1301/798  183/266  689/798  125/798]
[ 151/266   11/114  593/798  135/266 1109/798 1109/798  135/266  593/798   11/114  151/266  125/798  689/798  183/266 1301/798    71/42]
[  109/38 2525/798 2057/798  827/266 2201/798 1217/798  375/266   47/114  425/798  -61/266  101/798 -319/798   51/266  -79/798   83/114]
[ 179/266 1385/798 1529/798    45/14 2897/798 2525/798    69/38 1265/798  377/798  127/266 -319/798 -127/798 -213/266  -37/114 -583/798]
[  -5/266 -151/798  605/798  219/266 1601/798  263/114  459/266    95/42 1529/798  715/266 2057/798 1265/798    65/38  761/798 1049/798]
[ 211/266 1109/798  881/798  515/266  215/114  761/798  303/266  353/798  689/798  107/266  845/798      5/6  459/266 1385/798 2285/798]
[ 827/266 1973/798 2357/798    97/38 1013/798  881/798   15/266  101/798 -547/798 -101/266 -109/114 -331/798 -201/266   17/798  -67/798]
[   13/14  845/798  263/114  711/266 3317/798 2201/798  659/266 1049/798 1013/798    13/38  425/798 -127/798   71/266 -151/798  377/798]
[  67/266  131/114  929/798  611/266   107/42 1529/798  639/266 1601/798  311/114  683/266 1217/798 1277/798  211/266  881/798  425/798]
[   41/38  593/798 1217/798  379/266  353/798  461/798  -45/266   23/114   -13/42   79/266   17/798  689/798  219/266 1517/798  239/114]
[ 907/266 3065/798 2705/798  547/266 1469/798  593/798    29/38  -79/798  125/798 -125/266   17/798 -295/798     5/14   23/114  929/798]
[ 331/266 1949/798 2201/798 1115/266 2189/798  275/114  319/266  881/798  101/798   71/266 -379/798  -79/798   -23/38    5/798 -211/798]
[ 155/266    23/42 1301/798  487/266  131/114 1265/798  303/266 1445/798 1277/798  667/266 2021/798  191/114  515/266 1049/798 1445/798]
[ 379/266 1721/798 1601/798    37/38  845/798    11/42  155/266   17/798  461/798   67/266  119/114  761/798  527/266 1697/798 2705/798]
[1003/266 2609/798  215/114  431/266  377/798  353/798 -125/266 -211/798 -751/798        0        0        0        0        0        0]
[-751/798, -211/798, -125/266, 353/798, 377/798, 431/266, 215/114, 2609/798, 1003/266, 2705/798, 1697/798, 527/266, 761/798, 119/114, 67/266, 461/798, 17/798, 155/266, 11/42, 845/798, 37/38, 1601/798, 1721/798, 379/266, 1445/798, 1049/798, 515/266, 191/114, 2021/798, 667/266, 1277/798, 1445/798, 303/266, 1265/798, 131/114, 487/266, 1301/798, 23/42, 155/266, -211/798, 5/798, -23/38, -79/798, -379/798, 71/266, 101/798, 881/798, 319/266, 275/114, 2189/798, 1115/266, 2201/798, 1949/798, 331/266, 929/798, 23/114, 5/14, -295/798, 17/798, -125/266]
100 [-751/798, -211/798, -125/266, 353/798, 377/798, -101/266, -13/114, -583/798, -61/266, 1109/798, 101/798, -5/266, 761/798, 119/114, 67/266, 461/798, 17/798, 155/266, 11/42, 845/798, 37/38, 5/798, 125/798, -153/266, -151/798, -547/798, -17/266, -37/114, 425/798, 135/266, -319/798, -151/798, -229/266, -331/798, 131/114, -45/266, -295/798, 23/42, 155/266, -211/798, 5/798, -23/38, -79/798, -379/798, 71/266, 101/798, -715/798, -213/266, 47/114, 593/798, 51/266, 605/798, 353/798, 331/266, 929/798, 23/114, 5/14, -295/798, 17/798, 407/266]
[-751/798, -211/798, -125/266]
128 [-751/798, -211/798, 407/266]
Testing obstruction for
m1: 13, m2: 20,a: 12
[    -1/2 -755/798 -227/798 -137/266  289/798  277/798  383/266  187/114 2353/798  895/266 2305/798 2809/798  867/266 1681/798  235/114]
[ 299/266 1033/798  457/798  255/266    19/42  841/798    29/38 1261/798 1201/798  143/266  541/798  -59/798   75/266  -29/114  253/798]
[  -1/266  625/798  541/798  447/266 1429/798  343/114  887/266 2209/798   139/42  787/266 1369/798 1261/798    21/38  505/798 -143/798]
[  31/266 -383/798   25/798  -93/266   43/114  169/798  307/266  961/798 1885/798  699/266 1597/798  283/114    29/14 2209/798 2053/798]
[ 395/266 1201/798  505/798    33/38  169/798  529/798   59/266  709/798  529/798  411/266  175/114  505/798  223/266  121/798  457/798]
[  27/266    31/42   55/114  355/266 1033/798 1885/798  675/266 3049/798 3361/798   141/38 1849/798 1621/798  227/266  625/798 -143/798]
[  -9/266  -89/114 -335/798 -253/266 -299/798   -29/42   27/266    1/798  115/114  299/266 1873/798 2137/798  563/266 2125/798 1849/798]
[  117/38 2353/798 1537/798  535/266  961/798 1201/798  243/266  163/114  841/798    25/14 1297/798  457/798  167/266 -167/798    7/114]
[-149/266  -59/798 -383/798   59/266   25/798  757/798    37/38 1681/798 1873/798  983/266 3313/798 2965/798  635/266     13/6  841/798]
[ 279/266  121/798  289/798  -85/266   85/798  -41/114   75/266   25/798  709/798  227/266 1537/798 1681/798    53/38 1429/798 1033/798]
[ 507/266 1297/798   103/42  635/266  163/114 1261/798  223/266  961/798  541/798  335/266  757/798  199/114  439/266  529/798  625/798]
[   3/266  277/798 -167/798    13/38    1/798  613/798     9/14 1297/798 1369/798  775/266  367/114 3697/798  839/266 2221/798 1213/798]
[ 363/266  253/798   43/114 -121/266 -143/798 -635/798  -81/266 -563/798    1/798    -7/38    31/42  613/798  507/266 1717/798 1201/798]
[ 523/266  175/114 1765/798  531/266 2305/798 2305/798  531/266 1765/798  175/114  523/266 1201/798 1717/798  507/266  613/798    31/42]
[   -7/38    1/798 -563/798  -81/266 -635/798 -143/798 -121/266   43/114  253/798  363/266 1213/798 2221/798  839/266 3697/798  367/114]
[ 775/266 1369/798 1297/798     9/14  613/798    1/798    13/38 -167/798  277/798    3/266  625/798  529/798  439/266  199/114  757/798]
[ 335/266  541/798  961/798  223/266 1261/798  163/114  635/266   103/42 1297/798  507/266 1033/798 1429/798    53/38 1681/798 1537/798]
[ 227/266  709/798   25/798   75/266  -41/114   85/798  -85/266  289/798  121/798  279/266  841/798     13/6  635/266 2965/798 3313/798]
[ 983/266 1873/798 1681/798    37/38  757/798   25/798   59/266 -383/798  -59/798 -149/266    7/114 -167/798  167/266  457/798 1297/798]
[   25/14  841/798  163/114  243/266 1201/798  961/798  535/266 1537/798 2353/798   117/38 1849/798 2125/798  563/266 2137/798 1873/798]
[ 299/266  115/114    1/798   27/266   -29/42 -299/798 -253/266 -335/798  -89/114   -9/266 -143/798  625/798  227/266 1621/798 1849/798]
[  141/38 3361/798 3049/798  675/266 1885/798 1033/798  355/266   55/114    31/42   27/266  457/798  121/798  223/266  505/798  175/114]
[ 411/266  529/798  709/798   59/266  529/798  169/798    33/38  505/798 1201/798  395/266 2053/798 2209/798    29/14  283/114 1597/798]
[ 699/266 1885/798  961/798  307/266  169/798   43/114  -93/266   25/798 -383/798   31/266 -143/798  505/798    21/38 1261/798 1369/798]
[ 787/266   139/42 2209/798  887/266  343/114 1429/798  447/266  541/798  625/798   -1/266  253/798  -29/114   75/266  -59/798  541/798]
[ 143/266 1201/798 1261/798    29/38  841/798    19/42  255/266  457/798 1033/798  299/266  235/114 1681/798  867/266 2809/798 2305/798]
[ 895/266 2353/798  187/114  383/266  277/798  289/798 -137/266 -227/798 -755/798        0        0        0        0        0        0]
Testing obstruction for
m1: 26, m2: 27,a: 24
[    -1/2 -727/798 -115/798  -53/266  737/798  977/798  187/266  155/114  953/798  587/266 1913/798 3005/798 1147/266 3221/798  563/114]
[1335/266 5009/798 3761/798 1151/266   131/42 2465/798    85/38 2045/798 1649/798  199/266  485/798 -283/798  -37/266  -85/114 -139/798]
[-113/266  401/798  485/798  -29/266  281/798   -1/114  215/266  641/798    83/42  619/266 1481/798 2045/798    93/38 2801/798 2993/798]
[1375/266 4601/798 4421/798 1195/266  527/114 3137/798  643/266 1661/798  737/798  251/266  113/798   59/114     1/14  641/798  569/798]
[ -53/266   53/798 -391/798     5/38  -55/798  725/798  283/266  317/798  725/798  159/266  167/114 1205/798  727/266 2501/798 3761/798]
[1455/266   227/42  743/114 1279/266 3413/798 2333/798  731/266 1397/798 1541/798    49/38 1457/798 1229/798  115/266  401/798 -199/798]
[  47/266  -25/114  449/798  139/266 -271/798    -1/42 -141/266  113/798   -1/114  271/266  977/798 2081/798  843/266 2321/798 3053/798]
[  149/38 4145/798 4505/798 1403/266 3257/798 3245/798  859/266  407/114 2465/798    25/14 1325/798  569/798  251/266  281/798  107/114]
[ 187/266 -283/798 -187/798 -249/266 -367/798 -643/798     1/38   29/798  977/798  423/266  905/798 1481/798  467/266     17/6 2465/798]
[1203/266 4097/798 3929/798 1567/266 4817/798  611/114 1027/266 2825/798 1913/798  647/266 1313/798 1625/798    61/38  281/798  221/798]
[-165/266 -271/798   -37/42  -65/266  -49/114  449/798  195/266   65/798  485/798   83/266  953/798  143/114  663/266 2321/798 1997/798]
[ 871/266 2573/798 3473/798   177/38 4901/798 3833/798    65/14 2921/798 3077/798  859/266  203/114 1205/798  111/266  401/798 -187/798]
[  55/266 -139/798   71/114  159/266 -199/798   65/798 -109/266  221/798  113/798    45/38    59/42  641/798  367/266  905/798 1649/798]
[ 579/266  395/114 3137/798 1483/266 5105/798 5105/798 1483/266 3137/798  395/114  579/266 1649/798  905/798  367/266  641/798    59/42]
[   45/38  113/798  221/798 -109/266   65/798 -199/798  159/266   71/114 -139/798   55/266 -187/798  401/798  111/266 1205/798  203/114]
[ 859/266 3077/798 2921/798    65/14 3833/798 4901/798   177/38 3473/798 2573/798  871/266 1997/798 2321/798  663/266  143/114  953/798]
[  83/266  485/798   65/798  195/266  449/798  -49/114  -65/266   -37/42 -271/798 -165/266  221/798  281/798    61/38 1625/798 1313/798]
[ 647/266 1913/798 2825/798 1027/266  611/114 4817/798 1567/266 3929/798 4097/798 1203/266 2465/798     17/6  467/266 1481/798  905/798]
[ 423/266  977/798   29/798     1/38 -643/798 -367/798 -249/266 -187/798 -283/798  187/266  107/114  281/798  251/266  569/798 1325/798]
[   25/14 2465/798  407/114  859/266 3245/798 3257/798 1403/266 4505/798 4145/798   149/38 3053/798 2321/798  843/266 2081/798  977/798]
[ 271/266   -1/114  113/798 -141/266    -1/42 -271/798  139/266  449/798  -25/114   47/266 -199/798  401/798  115/266 1229/798 1457/798]
[   49/38 1541/798 1397/798  731/266 2333/798 3413/798 1279/266  743/114   227/42 1455/266 3761/798 2501/798  727/266 1205/798  167/114]
[ 159/266  725/798  317/798  283/266  725/798  -55/798     5/38 -391/798   53/798  -53/266  569/798  641/798     1/14   59/114  113/798]
[ 251/266  737/798 1661/798  643/266 3137/798  527/114 1195/266 4421/798 4601/798 1375/266 2993/798 2801/798    93/38 2045/798 1481/798]
[ 619/266    83/42  641/798  215/266   -1/114  281/798  -29/266  485/798  401/798 -113/266 -139/798  -85/114  -37/266 -283/798  485/798]
[ 199/266 1649/798 2045/798    85/38 2465/798   131/42 1151/266 3761/798 5009/798 1335/266  563/114 3221/798 1147/266 3005/798 1913/798]
[ 587/266  953/798  155/114  187/266  977/798  737/798  -53/266 -115/798 -727/798        0        0        0        0        0        0]
---------------------------
SUCCESS for name = 13a1406
---------------------------
