13a4337
Correction terms
[    -1/2  165/574  373/574  337/574   57/574 -467/574  -87/574     7/82  -59/574 -411/574  141/574  449/574  513/574  333/574   -13/82]
[ 389/574  625/574  617/574  365/574 -131/574  277/574    63/82  361/574   37/574  617/574 -195/574 -103/574 -255/574    71/82 -143/574]
[ 121/574  141/574  -83/574  597/574 -115/574    11/82   25/574  877/574  337/574 -447/574 -327/574   -11/14    47/82 -283/574    9/574]
[  57/574 -139/574  569/574 -115/574    15/82   81/574  961/574  449/574 -307/574 -159/574 -255/574    79/82  -31/574  289/574  365/574]
[ 197/574 -215/574  277/574    75/82  529/574  289/574 -195/574  225/574  401/574  333/574     3/82  613/574  961/574  -83/574 -223/574]
[-607/574  -87/574    27/82  221/574    9/574 -447/574    1/574     5/14  165/574   -17/82  501/574  877/574 -139/574 -251/574 -607/574]
[ -59/574    35/82  305/574  121/574 -307/574  169/574  401/574  389/574    19/82  781/574   37/574  197/574  113/574 -215/574  361/574]
[   99/82  781/574  625/574  225/574 -419/574 -159/574 -143/574   111/82  305/574 -411/574 -223/574 -279/574  569/574   25/574    55/82]
[ 501/574  373/574    1/574   -15/14 -327/574 -283/574    95/82  221/574 -467/574 -251/574 -279/574  597/574   81/574    67/82  613/574]
[ 513/574  169/574 -419/574 -103/574  -31/574   135/82  529/574 -131/574  113/574  113/574 -131/574  529/574   135/82  -31/574 -103/574]
[-419/574  169/574  513/574  613/574    67/82   81/574  597/574 -279/574 -251/574 -467/574  221/574    95/82 -283/574 -327/574   -15/14]
[   1/574  373/574  501/574    55/82   25/574  569/574 -279/574 -223/574 -411/574  305/574   111/82 -143/574 -159/574 -419/574  225/574]
[ 625/574  781/574    99/82  361/574 -215/574  113/574  197/574   37/574  781/574    19/82  389/574  401/574  169/574 -307/574  121/574]
[ 305/574    35/82  -59/574 -607/574 -251/574 -139/574  877/574  501/574   -17/82  165/574     5/14    1/574 -447/574    9/574  221/574]
[   27/82  -87/574 -607/574 -223/574  -83/574  961/574  613/574     3/82  333/574  401/574  225/574 -195/574  289/574  529/574    75/82]
[ 277/574 -215/574  197/574  365/574  289/574  -31/574    79/82 -255/574 -159/574 -307/574  449/574  961/574   81/574    15/82 -115/574]
[ 569/574 -139/574   57/574    9/574 -283/574    47/82   -11/14 -327/574 -447/574  337/574  877/574   25/574    11/82 -115/574  597/574]
[ -83/574  141/574  121/574 -143/574    71/82 -255/574 -103/574 -195/574  617/574   37/574  361/574    63/82  277/574 -131/574  365/574]
[ 617/574  625/574  389/574   -13/82  333/574  513/574  449/574  141/574 -411/574  -59/574     7/82  -87/574 -467/574   57/574  337/574]
[ 373/574  165/574        0        0        0        0        0        0        0        0        0        0        0        0        0]
Testing obstruction for
m1: 1, m2: 144,a: 0
[     -1/2  -283/574  -271/574  -251/574  -223/574  -187/574  -143/574    -13/82   -31/574    37/574   113/574   197/574   289/574   389/574     71/82]
[  613/574   737/574   869/574  1009/574  1157/574  1313/574    211/82  1649/574  1829/574  2017/574  2213/574  2417/574  2629/574    407/82  3077/574]
[ 3313/574  3557/574  3809/574  4069/574  4337/574    659/82  4897/574  5189/574  5489/574  5797/574  6113/574    157/14    967/82  7109/574  7457/574]
[ 7813/574  8177/574  8549/574  8929/574   1331/82  9713/574 10117/574 10529/574 10949/574 11377/574 11813/574   1751/82 12709/574 13169/574 13637/574]
[14113/574 14597/574 15089/574   2227/82 16097/574 16613/574 17137/574 17669/574 18209/574 18757/574   2759/82 19877/574 20449/574 19881/574 19321/574]
[18769/574 18225/574   2527/82 17161/574 16641/574 16129/574 15625/574    369/14 14641/574   2023/82 13689/574 13225/574 12769/574 12321/574 11881/574]
[11449/574   1575/82 10609/574 10201/574  9801/574  9409/574  9025/574  8649/574   1183/82  7921/574  7569/574  7225/574  6889/574  6561/574  6241/574]
[   847/82  5625/574  5329/574  5041/574  4761/574  4489/574  4225/574    567/82  3721/574  3481/574  3249/574  3025/574  2809/574  2601/574    343/82]
[ 2209/574  2025/574  1849/574     41/14  1521/574  1369/574    175/82  1089/574   961/574   841/574   729/574   625/574   529/574     63/82   361/574]
[  289/574   225/574   169/574   121/574    81/574      7/82    25/574     9/574     1/574     1/574     9/574    25/574      7/82    81/574   121/574]
[  169/574   225/574   289/574   361/574     63/82   529/574   625/574   729/574   841/574   961/574  1089/574    175/82  1369/574  1521/574     41/14]
[ 1849/574  2025/574  2209/574    343/82  2601/574  2809/574  3025/574  3249/574  3481/574  3721/574    567/82  4225/574  4489/574  4761/574  5041/574]
[ 5329/574  5625/574    847/82  6241/574  6561/574  6889/574  7225/574  7569/574  7921/574   1183/82  8649/574  9025/574  9409/574  9801/574 10201/574]
[10609/574   1575/82 11449/574 11881/574 12321/574 12769/574 13225/574 13689/574   2023/82 14641/574    369/14 15625/574 16129/574 16641/574 17161/574]
[  2527/82 18225/574 18769/574 19321/574 19881/574 20449/574 19877/574   2759/82 18757/574 18209/574 17669/574 17137/574 16613/574 16097/574   2227/82]
[15089/574 14597/574 14113/574 13637/574 13169/574 12709/574   1751/82 11813/574 11377/574 10949/574 10529/574 10117/574  9713/574   1331/82  8929/574]
[ 8549/574  8177/574  7813/574  7457/574  7109/574    967/82    157/14  6113/574  5797/574  5489/574  5189/574  4897/574    659/82  4337/574  4069/574]
[ 3809/574  3557/574  3313/574  3077/574    407/82  2629/574  2417/574  2213/574  2017/574  1829/574  1649/574    211/82  1313/574  1157/574  1009/574]
[  869/574   737/574   613/574     71/82   389/574   289/574   197/574   113/574    37/574   -31/574    -13/82  -143/574  -187/574  -223/574  -251/574]
[ -271/574  -283/574         0         0         0         0         0         0         0         0         0         0         0         0         0]
[-283/574, -271/574]
43 [-283/574, 877/574]
[-283/574, -271/574]
125 [-283/574, 877/574]
Testing obstruction for
m1: 4, m2: 21,a: 0
[    -1/2 -403/574  397/574 -183/574  153/574  257/574  129/574   -33/82  325/574  649/574  741/574  601/574 1377/574  773/574   155/82]
[1165/574 2161/574 1777/574 2309/574 2609/574 2677/574   359/82 2117/574 2637/574 1777/574 1833/574 1657/574 1249/574    87/82  885/574]
[ 929/574  741/574  321/574  817/574  -67/574    -5/82 -235/574  481/574 -183/574   69/574   89/574    -3/14   -81/82  -95/574  145/574]
[ 153/574  -71/574  621/574  -67/574    23/82  157/574 1069/574  601/574 1049/574 1265/574 1249/574   143/82 1669/574 2105/574 2309/574]
[2281/574 3169/574 2677/574   279/82 2145/574 2105/574 1833/574 1329/574 1741/574  773/574   103/82  437/574 1069/574  321/574  489/574]
[ 425/574  129/574   -57/82  -11/574  145/574   69/574 -239/574     9/14 -403/574   -37/82 -347/574  481/574  -71/574  293/574  425/574]
[ 325/574    -1/82  577/574  929/574 1049/574  937/574 1741/574 1165/574   215/82 1613/574 2637/574 2281/574 2841/574 3169/574 2117/574]
[  283/82 1613/574 2161/574 1329/574 1413/574 1265/574  885/574    39/82  577/574  649/574  489/574   97/574  621/574 -235/574   -25/82]
[-347/574  397/574 -239/574     1/14   89/574  -95/574   -73/82  -11/574  257/574  293/574   97/574  817/574  157/574    59/82  437/574]
[1377/574  937/574 1413/574 1657/574 1669/574   207/82 2145/574 2609/574 2841/574 2841/574 2609/574 2145/574   207/82 1669/574 1657/574]
[1413/574  937/574 1377/574  437/574    59/82  157/574  817/574   97/574  293/574  257/574  -11/574   -73/82  -95/574   89/574     1/14]
[-239/574  397/574 -347/574   -25/82 -235/574  621/574   97/574  489/574  649/574  577/574    39/82  885/574 1265/574 1413/574 1329/574]
[2161/574 1613/574   283/82 2117/574 3169/574 2841/574 2281/574 2637/574 1613/574   215/82 1165/574 1741/574  937/574 1049/574  929/574]
[ 577/574    -1/82  325/574  425/574  293/574  -71/574  481/574 -347/574   -37/82 -403/574     9/14 -239/574   69/574  145/574  -11/574]
[  -57/82  129/574  425/574  489/574  321/574 1069/574  437/574   103/82  773/574 1741/574 1329/574 1833/574 2105/574 2145/574   279/82]
[2677/574 3169/574 2281/574 2309/574 2105/574 1669/574   143/82 1249/574 1265/574 1049/574  601/574 1069/574  157/574    23/82  -67/574]
[ 621/574  -71/574  153/574  145/574  -95/574   -81/82    -3/14   89/574   69/574 -183/574  481/574 -235/574    -5/82  -67/574  817/574]
[ 321/574  741/574  929/574  885/574    87/82 1249/574 1657/574 1833/574 1777/574 2637/574 2117/574   359/82 2677/574 2609/574 2309/574]
[1777/574 2161/574 1165/574   155/82  773/574 1377/574  601/574  741/574  649/574  325/574   -33/82  129/574  257/574  153/574 -183/574]
[ 397/574 -403/574        0        0        0        0        0        0        0        0        0        0        0        0        0]
Testing obstruction for
m1: 2, m2: 49,a: 1
[    -1/2 -571/574 -275/574 -547/574 -239/574 -499/574 -179/574   -61/82  -95/574 -331/574   13/574 -211/574  145/574  -67/574    43/82]
[ 101/574  481/574  293/574  685/574  509/574  913/574   107/82 1165/574 1013/574 1441/574 1301/574 1741/574 1613/574   295/82 1949/574]
[2413/574 2309/574 2785/574 2693/574 3181/574   443/82 3601/574 3533/574 4045/574 3989/574 4513/574   109/14   715/82 4973/574 5521/574]
[5501/574 6061/574 6053/574 6625/574   947/82 6065/574 6081/574 5529/574 5557/574 5017/574 5057/574   647/82 4581/574 4065/574 4129/574]
[3625/574 3701/574 3209/574   471/82 2817/574 2917/574 2449/574 2561/574 2105/574 2229/574   255/82 1921/574 1489/574 1637/574 1217/574]
[1377/574  969/574   163/82  745/574  929/574  545/574  741/574     9/14  577/574    31/82  437/574   89/574  321/574  -15/574  229/574]
[ -95/574    23/82 -151/574  117/574 -183/574   97/574 -191/574  101/574   -25/82  129/574 -135/574  181/574  -71/574  257/574   17/574]
[   51/82  129/574  481/574  265/574  629/574  425/574  801/574    87/82  997/574  817/574 1217/574 1049/574 1461/574 1305/574   247/82]
[1585/574 2021/574 1889/574    57/14 2217/574 2677/574   367/82 3041/574 2945/574 3429/574 3345/574 3841/574 3769/574   611/82 4217/574]
[4737/574 4689/574 5221/574 5185/574 5729/574   815/82 6261/574 6249/574 6817/574 6817/574 6249/574 6261/574   815/82 5729/574 5185/574]
[5221/574 4689/574 4737/574 4217/574   611/82 3769/574 3841/574 3345/574 3429/574 2945/574 3041/574   367/82 2677/574 2217/574    57/14]
[1889/574 2021/574 1585/574   247/82 1305/574 1461/574 1049/574 1217/574  817/574  997/574    87/82  801/574  425/574  629/574  265/574]
[ 481/574  129/574    51/82   17/574  257/574  -71/574  181/574 -135/574  129/574   -25/82  101/574 -191/574   97/574 -183/574  117/574]
[-151/574    23/82  -95/574  229/574  -15/574  321/574   89/574  437/574    31/82  577/574     9/14  741/574  545/574  929/574  745/574]
[  163/82  969/574 1377/574 1217/574 1637/574 1489/574 1921/574   255/82 2229/574 2105/574 2561/574 2449/574 2917/574 2817/574   471/82]
[3209/574 3701/574 3625/574 4129/574 4065/574 4581/574   647/82 5057/574 5017/574 5557/574 5529/574 6081/574 6065/574   947/82 6625/574]
[6053/574 6061/574 5501/574 5521/574 4973/574   715/82   109/14 4513/574 3989/574 4045/574 3533/574 3601/574   443/82 3181/574 2693/574]
[2785/574 2309/574 2413/574 1949/574   295/82 1613/574 1741/574 1301/574 1441/574 1013/574 1165/574   107/82  913/574  509/574  685/574]
[ 293/574  481/574  101/574    43/82  -67/574  145/574 -211/574   13/574 -331/574  -95/574   -61/82 -179/574 -499/574 -239/574 -547/574]
[-275/574 -571/574        0        0        0        0        0        0        0        0        0        0        0        0        0]
Testing obstruction for
m1: 9, m2: 10,a: 3
[    -1/2 -555/574 -211/574 -403/574   17/574  -99/574  397/574    51/82  929/574  965/574  465/574  577/574  153/574  341/574    -1/82]
[ 257/574  -15/574  325/574  129/574  545/574  425/574   131/82  873/574 1441/574 1473/574  969/574 1077/574  649/574   119/82  481/574]
[ 741/574  465/574  801/574  601/574 1013/574   127/82 1377/574 1329/574  745/574  773/574  265/574     9/14    -9/82  117/574 -239/574]
[  17/574 -263/574   69/574 -135/574    39/82  145/574  629/574  577/574 1137/574 1161/574  649/574   107/82  313/574  489/574  129/574]
[ 381/574   97/574  425/574    31/82  621/574  489/574  969/574  913/574 1469/574 1489/574   139/82 1069/574  629/574  801/574  437/574]
[ 685/574  397/574   103/82  509/574  909/574  773/574 1249/574    29/14  593/574    87/82   89/574  181/574 -263/574  -95/574 -463/574]
[-219/574   -73/82 -191/574 -407/574  -11/574 -151/574  321/574  257/574   115/82  817/574  293/574  381/574  -67/574   97/574 -275/574]
[   -5/82 -331/574  -15/574 -235/574  157/574   13/574  481/574    59/82  957/574  965/574 1585/574 1669/574 1217/574 1377/574   143/82]
[1237/574  937/574 1249/574    25/14 1413/574 1265/574   247/82 1657/574 1049/574 1053/574  521/574  601/574  145/574    43/82  -79/574]
[ 153/574 -151/574  157/574  -71/574  313/574    23/82  621/574  545/574 1081/574 1081/574  545/574  621/574    23/82  313/574  -71/574]
[ 157/574 -151/574  153/574  -79/574    43/82  145/574  601/574  521/574 1053/574 1049/574 1657/574   247/82 1265/574 1413/574    25/14]
[1249/574  937/574 1237/574   143/82 1377/574 1217/574 1669/574 1585/574  965/574  957/574    59/82  481/574   13/574  157/574 -235/574]
[ -15/574 -331/574    -5/82 -275/574   97/574  -67/574  381/574  293/574  817/574   115/82  257/574  321/574 -151/574  -11/574 -407/574]
[-191/574   -73/82 -219/574 -463/574  -95/574 -263/574  181/574   89/574    87/82  593/574    29/14 1249/574  773/574  909/574  509/574]
[  103/82  397/574  685/574  437/574  801/574  629/574 1069/574   139/82 1489/574 1469/574  913/574  969/574  489/574  621/574    31/82]
[ 425/574   97/574  381/574  129/574  489/574  313/574   107/82  649/574 1161/574 1137/574  577/574  629/574  145/574    39/82 -135/574]
[  69/574 -263/574   17/574 -239/574  117/574    -9/82     9/14  265/574  773/574  745/574 1329/574 1377/574   127/82 1013/574  601/574]
[ 801/574  465/574  741/574  481/574   119/82  649/574 1077/574  969/574 1473/574 1441/574  873/574   131/82  425/574  545/574  129/574]
[ 325/574  -15/574  257/574    -1/82  341/574  153/574  577/574  465/574  965/574  929/574    51/82  397/574  -99/574   17/574 -403/574]
[-211/574 -555/574        0        0        0        0        0        0        0        0        0        0        0        0        0]
Testing obstruction for
m1: 5, m2: 20,a: 4
[    -1/2 -535/574 -131/574 -223/574  337/574  401/574  -31/574    27/82  -87/574  289/574  169/574  701/574  737/574 1425/574   231/82]
[1313/574 1661/574 1513/574 2017/574 2025/574 1537/574   243/82 1369/574 1689/574 1513/574  841/574  821/574  305/574    63/82   81/574]
[ 373/574  169/574  617/574  569/574   25/574    19/82 -255/574    9/574 -223/574  197/574  121/574    17/14   111/82  361/574  597/574]
[ 337/574  729/574  625/574 1173/574   175/82 1929/574 2137/574 1849/574 2213/574 2081/574 1453/574   211/82 1005/574 1185/574  869/574]
[1205/574 1045/574  389/574    55/82 -115/574   37/574 -307/574    1/574 -187/574  277/574    35/82 -283/574 -159/574 -531/574 -251/574]
[-467/574  -31/574   -13/82  501/574  597/574  197/574  449/574     5/14  613/574    75/82 1089/574 1157/574 1877/574 2101/574 1829/574]
[2209/574   299/82 1481/574 1521/574 1065/574 1261/574  961/574 1313/574   167/82  529/574  541/574   57/574  225/574 -103/574  221/574]
[    7/82  529/574  513/574    1/574  141/574 -215/574   81/574   -17/82  333/574  289/574  897/574 1009/574  625/574  893/574    95/82]
[1089/574 1017/574 1597/574    41/14 2417/574 2657/574   343/82 1649/574 1549/574  953/574 1009/574  569/574  781/574    71/82  865/574]
[ 737/574  113/574  141/574 -327/574 -143/574   -65/82 -115/574 -271/574  225/574  225/574 -271/574 -115/574   -65/82 -143/574 -327/574]
[ 141/574  113/574  737/574  865/574    71/82  781/574  569/574 1009/574  953/574 1549/574 1649/574   343/82 2657/574 2417/574    41/14]
[1597/574 1017/574 1089/574    95/82  893/574  625/574 1009/574  897/574  289/574  333/574   -17/82   81/574 -215/574  141/574    1/574]
[ 513/574  529/574     7/82  221/574 -103/574  225/574   57/574  541/574  529/574   167/82 1313/574  961/574 1261/574 1065/574 1521/574]
[1481/574   299/82 2209/574 1829/574 2101/574 1877/574 1157/574 1089/574    75/82  613/574     5/14  449/574  197/574  597/574  501/574]
[  -13/82  -31/574 -467/574 -251/574 -531/574 -159/574 -283/574    35/82  277/574 -187/574    1/574 -307/574   37/574 -115/574    55/82]
[ 389/574 1045/574 1205/574  869/574 1185/574 1005/574   211/82 1453/574 2081/574 2213/574 1849/574 2137/574 1929/574   175/82 1173/574]
[ 625/574  729/574  337/574  597/574  361/574   111/82    17/14  121/574  197/574 -223/574    9/574 -255/574    19/82   25/574  569/574]
[ 617/574  169/574  373/574   81/574    63/82  305/574  821/574  841/574 1513/574 1689/574 1369/574   243/82 1537/574 2025/574 2017/574]
[1513/574 1661/574 1313/574   231/82 1425/574  737/574  701/574  169/574  289/574  -87/574    27/82  -31/574  401/574  337/574 -223/574]
[-131/574 -535/574        0        0        0        0        0        0        0        0        0        0        0        0        0]
Testing obstruction for
m1: 7, m2: 14,a: 4
[    -1/2 -547/574 -179/574 -331/574  145/574  101/574  685/574   107/82  293/574  465/574  117/574  397/574  157/574  545/574    59/82]
[ 909/574  885/574 1489/574 1573/574 1137/574 1329/574   143/82 1301/574 1081/574 1489/574 1377/574  745/574  741/574    31/82  321/574]
[ -95/574  117/574 -191/574  129/574  -71/574    51/82  265/574  801/574  817/574  313/574  437/574     1/14    39/82  -15/574  325/574]
[ 145/574  593/574  521/574 1077/574   159/82 1777/574 1921/574 1545/574 1797/574 1529/574 1889/574   247/82 1049/574  997/574  425/574]
[ 481/574   17/574  181/574   -25/82   97/574 -151/574  229/574   89/574  577/574  545/574    -1/82   69/574 -375/574 -191/574 -527/574]
[-235/574 -463/574    -9/82 -183/574  325/574  313/574  929/574    25/14  601/574   115/82  489/574  801/574  593/574 1013/574  913/574]
[1441/574   207/82  937/574 1053/574  649/574  873/574  577/574  909/574   103/82 1161/574 1081/574  481/574  509/574   17/574  153/574]
[  -33/82   13/574 -263/574   89/574  -79/574  381/574  321/574   127/82  937/574  465/574  621/574  257/574  521/574  265/574    91/82]
[ 489/574  969/574  929/574    37/14 1585/574 1133/574   187/82  965/574 1249/574 1013/574 1405/574 1277/574  629/574    87/82   69/574]
[ 157/574 -275/574  -79/574 -403/574  -99/574   -45/82   97/574  -11/574  509/574  509/574  -11/574   97/574   -45/82  -99/574 -403/574]
[ -79/574 -275/574  157/574   69/574    87/82  629/574 1277/574 1405/574 1013/574 1249/574  965/574   187/82 1133/574 1585/574    37/14]
[ 929/574  969/574  489/574    91/82  265/574  521/574  257/574  621/574  465/574  937/574   127/82  321/574  381/574  -79/574   89/574]
[-263/574   13/574   -33/82  153/574   17/574  509/574  481/574 1081/574 1161/574   103/82  909/574  577/574  873/574  649/574 1053/574]
[ 937/574   207/82 1441/574  913/574 1013/574  593/574  801/574  489/574   115/82  601/574    25/14  929/574  313/574  325/574 -183/574]
[   -9/82 -463/574 -235/574 -527/574 -191/574 -375/574   69/574    -1/82  545/574  577/574   89/574  229/574 -151/574   97/574   -25/82]
[ 181/574   17/574  481/574  425/574  997/574 1049/574   247/82 1889/574 1529/574 1797/574 1545/574 1921/574 1777/574   159/82 1077/574]
[ 521/574  593/574  145/574  325/574  -15/574    39/82     1/14  437/574  313/574  817/574  801/574  265/574    51/82  -71/574  129/574]
[-191/574  117/574  -95/574  321/574    31/82  741/574  745/574 1377/574 1489/574 1081/574 1301/574   143/82 1329/574 1137/574 1573/574]
[1489/574  885/574  909/574    59/82  545/574  157/574  397/574  117/574  465/574  293/574   107/82  685/574  101/574  145/574 -331/574]
[-179/574 -547/574        0        0        0        0        0        0        0        0        0        0        0        0        0]
Testing obstruction for
m1: 11, m2: 12,a: 7
[    -1/2 -551/574 -195/574 -367/574   81/574    1/574  541/574    79/82 1185/574 1289/574  865/574 1061/574  729/574 1017/574   111/82]
[1157/574 1009/574 1481/574 1425/574  841/574  877/574    55/82  513/574  113/574  333/574   25/574  337/574  121/574    75/82  401/574]
[ 897/574  865/574  305/574  365/574 -103/574     7/82 -327/574  -83/574 -367/574  -31/574 -223/574     5/14    15/82  625/574  617/574]
[1229/574 1313/574  869/574 1045/574    99/82  961/574  701/574 1061/574  893/574 1345/574 1269/574    95/82  681/574  169/574  277/574]
[-143/574   57/574 -271/574     3/82 -215/574  169/574   25/574  501/574  449/574 1017/574   151/82  569/574  701/574  305/574  529/574]
[ 225/574  541/574    47/82  737/574  617/574 1117/574 1089/574    13/14  597/574    19/82  289/574  -83/574  165/574 -115/574  225/574]
[  37/574    67/82  373/574  897/574  893/574  361/574  449/574    9/574    27/82 -159/574  113/574 -143/574  221/574   57/574  513/574]
[   63/82  989/574 1009/574 1649/574 1761/574 1345/574 1549/574   175/82 1521/574 1289/574 1677/574 1537/574  869/574  821/574    35/82]
[ 289/574 -195/574  -59/574   -11/14 -223/574 -523/574   -29/82 -411/574    1/574 -115/574  389/574  365/574  961/574   147/82  569/574]
[ 729/574  361/574  613/574  337/574  681/574    71/82  933/574  841/574 1369/574 1369/574  841/574  933/574    71/82  681/574  337/574]
[ 613/574  361/574  729/574  569/574   147/82  961/574  365/574  389/574 -115/574    1/574 -411/574   -29/82 -523/574 -223/574   -11/14]
[ -59/574 -195/574  289/574    35/82  821/574  869/574 1537/574 1677/574 1289/574 1521/574   175/82 1549/574 1345/574 1761/574 1649/574]
[1009/574  989/574    63/82  513/574   57/574  221/574 -143/574  113/574 -159/574    27/82    9/574  449/574  361/574  893/574  897/574]
[ 373/574    67/82   37/574  225/574 -115/574  165/574  -83/574  289/574    19/82  597/574    13/14 1089/574 1117/574  617/574  737/574]
[   47/82  541/574  225/574  529/574  305/574  701/574  569/574   151/82 1017/574  449/574  501/574   25/574  169/574 -215/574     3/82]
[-271/574   57/574 -143/574  277/574  169/574  681/574    95/82 1269/574 1345/574  893/574 1061/574  701/574  961/574    99/82 1045/574]
[ 869/574 1313/574 1229/574  617/574  625/574    15/82     5/14 -223/574  -31/574 -367/574  -83/574 -327/574     7/82 -103/574  365/574]
[ 305/574  865/574  897/574  401/574    75/82  121/574  337/574   25/574  333/574  113/574  513/574    55/82  877/574  841/574 1425/574]
[1481/574 1009/574 1157/574   111/82 1017/574  729/574 1061/574  865/574 1289/574 1185/574    79/82  541/574    1/574   81/574 -367/574]
[-195/574 -551/574        0        0        0        0        0        0        0        0        0        0        0        0        0]
Testing obstruction for
m1: 19, m2: 20,a: 17
[    -1/2 -535/574 -131/574 -223/574  337/574  401/574  -31/574    27/82  -87/574  289/574  169/574  701/574  737/574  277/574    67/82]
[ 165/574  513/574  365/574  869/574  877/574 1537/574   243/82 1369/574 1689/574 1513/574 1989/574 1969/574 2601/574   391/82 2377/574]
[2669/574 2465/574 1765/574 1717/574 1173/574   183/82  893/574 1157/574  925/574 1345/574 1269/574    17/14   111/82  361/574  597/574]
[ 337/574  729/574  625/574   25/574    11/82 -367/574 -159/574 -447/574  -83/574 -215/574  305/574    47/82 -143/574   37/574 -279/574]
[  57/574 -103/574  389/574    55/82 -115/574   37/574 -307/574    1/574 -187/574  277/574    35/82  865/574  989/574  617/574  897/574]
[ 681/574 1117/574   151/82 1649/574 1745/574 1345/574 1597/574    33/14 1761/574   239/82 2237/574 2305/574 1877/574 2101/574 1829/574]
[2209/574   299/82 1481/574 1521/574 1065/574 1261/574  961/574 1313/574   167/82  529/574  541/574   57/574  225/574 -103/574  221/574]
[    7/82  529/574  513/574    1/574  141/574 -215/574   81/574   -17/82  333/574  289/574 -251/574 -139/574 -523/574 -255/574   -69/82]
[ -59/574 -131/574  449/574    13/14  121/574  361/574    15/82  501/574  401/574  953/574 1009/574  569/574  781/574    71/82  865/574]
[ 737/574 1261/574 1289/574 1969/574 2153/574   263/82 2181/574 2025/574 2521/574 2521/574 2025/574 2181/574   263/82 2153/574 1969/574]
[1289/574 1261/574  737/574  865/574    71/82  781/574  569/574 1009/574  953/574  401/574  501/574    15/82  361/574  121/574    13/14]
[ 449/574 -131/574  -59/574   -69/82 -255/574 -523/574 -139/574 -251/574  289/574  333/574   -17/82   81/574 -215/574  141/574    1/574]
[ 513/574  529/574     7/82  221/574 -103/574  225/574   57/574  541/574  529/574   167/82 1313/574  961/574 1261/574 1065/574 1521/574]
[1481/574   299/82 2209/574 1829/574 2101/574 1877/574 2305/574 2237/574   239/82 1761/574    33/14 1597/574 1345/574 1745/574 1649/574]
[  151/82 1117/574  681/574  897/574  617/574  989/574  865/574    35/82  277/574 -187/574    1/574 -307/574   37/574 -115/574    55/82]
[ 389/574 -103/574   57/574 -279/574   37/574 -143/574    47/82  305/574 -215/574  -83/574 -447/574 -159/574 -367/574    11/82   25/574]
[ 625/574  729/574  337/574  597/574  361/574   111/82    17/14 1269/574 1345/574  925/574 1157/574  893/574   183/82 1173/574 1717/574]
[1765/574 2465/574 2669/574 2377/574   391/82 2601/574 1969/574 1989/574 1513/574 1689/574 1369/574   243/82 1537/574  877/574  869/574]
[ 365/574  513/574  165/574    67/82  277/574  737/574  701/574  169/574  289/574  -87/574    27/82  -31/574  401/574  337/574 -223/574]
[-131/574 -535/574        0        0        0        0        0        0        0        0        0        0        0        0        0]
---------------------------
SUCCESS for name = 13a4337
---------------------------
13a4338
Correction terms
[    -1/2  157/406  425/406 -211/406 -127/406 -135/406 -235/406    55/58  101/406 -275/406   69/406  321/406  481/406  549/406    75/58]
[ 409/406  201/406  -99/406  321/406  649/406   73/406    31/58  269/406  229/406   97/406 -127/406 -443/406  -39/406    39/58   -11/14]
[-191/406 -155/406 -211/406  453/406  213/406   -17/58  269/406  565/406  -43/406   69/406   89/406   17/406    95/58  409/406   61/406]
[ 433/406  -99/406   89/406  185/406    27/58  101/406  -79/406 -351/406   97/406  453/406  -95/406    11/58  157/406     5/14   41/406]
[-155/406 -443/406  -11/406    47/58 -235/406  -79/406  -15/406  -43/406  649/406  437/406    19/58  549/406   61/406  293/406  433/406]
[ 481/406  437/406    43/58   73/406  565/406  153/406 -351/406 -135/406  -11/406     3/58  -39/406 -191/406   -15/14   41/406  425/406]
[ -95/406    15/58  213/406  229/406  153/406  -15/406 -275/406  185/406    79/58   17/406  201/406  293/406  293/406  201/406   17/406]
[   79/58  185/406 -275/406  -15/406  153/406  229/406  213/406    15/58  -95/406  425/406   41/406   -15/14 -191/406  -39/406     3/58]
[ -11/406 -135/406 -351/406  153/406  565/406   73/406    43/58  437/406  481/406  433/406  293/406   61/406  549/406    19/58  437/406]
[ 649/406  -43/406  -15/406  -79/406 -235/406    47/58  -11/406 -443/406 -155/406   41/406     5/14  157/406    11/58  -95/406  453/406]
[  97/406 -351/406  -79/406  101/406    27/58  185/406   89/406  -99/406  433/406   61/406  409/406    95/58   17/406   89/406   69/406]
[ -43/406  565/406  269/406   -17/58  213/406  453/406 -211/406 -155/406 -191/406   -11/14    39/58  -39/406 -443/406 -127/406   97/406]
[ 229/406  269/406    31/58   73/406  649/406  321/406  -99/406  201/406  409/406    75/58  549/406  481/406  321/406   69/406 -275/406]
[ 101/406    55/58 -235/406 -135/406 -127/406 -211/406  425/406  157/406        0        0        0        0        0        0        0]
Testing obstruction for
m1: 1, m2: 102,a: 0
[     -1/2  -199/406  -187/406  -167/406  -139/406  -103/406   -59/406     -1/58    53/406   121/406   197/406   281/406   373/406   473/406     83/58]
[  697/406   821/406   953/406  1093/406  1241/406  1397/406    223/58  1733/406  1913/406  2101/406  2297/406  2501/406  2713/406    419/58    109/14]
[ 3397/406  3641/406  3893/406  4153/406  4421/406    671/58  4981/406  5273/406  5573/406  5881/406  6197/406  6521/406    979/58  7193/406  7541/406]
[ 7897/406  8261/406  8633/406  9013/406   1343/58  9797/406 10201/406  9801/406  9409/406  9025/406  8649/406   1183/58  7921/406    261/14  7225/406]
[ 6889/406  6561/406  6241/406    847/58  5625/406  5329/406  5041/406  4761/406  4489/406  4225/406    567/58  3721/406  3481/406  3249/406  3025/406]
[ 2809/406  2601/406    343/58  2209/406  2025/406  1849/406  1681/406  1521/406  1369/406    175/58  1089/406   961/406     29/14   729/406   625/406]
[  529/406     63/58   361/406   289/406   225/406   169/406   121/406    81/406      7/58    25/406     9/406     1/406     1/406     9/406    25/406]
[     7/58    81/406   121/406   169/406   225/406   289/406   361/406     63/58   529/406   625/406   729/406     29/14   961/406  1089/406    175/58]
[ 1369/406  1521/406  1681/406  1849/406  2025/406  2209/406    343/58  2601/406  2809/406  3025/406  3249/406  3481/406  3721/406    567/58  4225/406]
[ 4489/406  4761/406  5041/406  5329/406  5625/406    847/58  6241/406  6561/406  6889/406  7225/406    261/14  7921/406   1183/58  8649/406  9025/406]
[ 9409/406  9801/406 10201/406  9797/406   1343/58  9013/406  8633/406  8261/406  7897/406  7541/406  7193/406    979/58  6521/406  6197/406  5881/406]
[ 5573/406  5273/406  4981/406    671/58  4421/406  4153/406  3893/406  3641/406  3397/406    109/14    419/58  2713/406  2501/406  2297/406  2101/406]
[ 1913/406  1733/406    223/58  1397/406  1241/406  1093/406   953/406   821/406   697/406     83/58   473/406   373/406   281/406   197/406   121/406]
[   53/406     -1/58   -59/406  -103/406  -139/406  -167/406  -187/406  -199/406         0         0         0         0         0         0         0]
Testing obstruction for
m1: 4, m2: 15,a: 0
[    -1/2 -283/406  289/406 -111/406  141/406  233/406  165/406    -9/58  361/406  625/406  729/406  673/406 1269/406  893/406   167/58]
[1285/406 1241/406 1037/406  673/406  961/406  277/406    35/58   53/406  513/406    1/406  141/406  121/406  -59/406   -57/58    -3/14]
[  65/406   57/406 -111/406  373/406 -115/406     7/58   53/406  709/406  393/406  729/406  905/406  921/406   111/58 1285/406 1633/406]
[1009/406 1037/406  905/406  613/406    23/58  361/406  401/406  281/406    1/406  373/406 -227/406   -25/58 -283/406     9/14 -167/406]
[  57/406  121/406   25/406   -33/58  165/406  401/406  477/406  393/406  961/406  557/406   115/58  893/406 1633/406 1401/406 1009/406]
[1269/406  557/406    71/58  277/406  709/406  169/406  281/406  233/406   25/406   -49/58  -59/406   65/406     1/14 -167/406  289/406]
[-227/406   -13/58 -115/406  513/406  169/406  477/406  625/406  613/406    63/58  921/406 1241/406 1401/406 1401/406 1241/406  921/406]
[   63/58  613/406  625/406  477/406  169/406  513/406 -115/406   -13/58 -227/406  289/406 -167/406     1/14   65/406  -59/406   -49/58]
[  25/406  233/406  281/406  169/406  709/406  277/406    71/58  557/406 1269/406 1009/406 1401/406 1633/406  893/406   115/58  557/406]
[ 961/406  393/406  477/406  401/406  165/406   -33/58   25/406  121/406   57/406 -167/406     9/14 -283/406   -25/58 -227/406  373/406]
[   1/406  281/406  401/406  361/406    23/58  613/406  905/406 1037/406 1009/406 1633/406 1285/406   111/58  921/406  905/406  729/406]
[ 393/406  709/406   53/406     7/58 -115/406  373/406 -111/406   57/406   65/406    -3/14   -57/58  -59/406  121/406  141/406    1/406]
[ 513/406   53/406    35/58  277/406  961/406  673/406 1037/406 1241/406 1285/406   167/58  893/406 1269/406  673/406  729/406  625/406]
[ 361/406    -9/58  165/406  233/406  141/406 -111/406  289/406 -283/406        0        0        0        0        0        0        0]
Testing obstruction for
m1: 2, m2: 35,a: 1
[    -1/2 -403/406 -191/406 -379/406 -155/406 -331/406  -95/406   -37/58  -11/406 -163/406   97/406  -43/406  229/406  101/406    55/58]
[ 269/406  565/406  461/406  769/406  677/406  997/406   131/58 1249/406 1181/406 1525/406 1469/406 1825/406 1781/406   307/58    73/14]
[2497/406 2477/406 2869/406 2861/406 3265/406   467/58 2873/406 2889/406 2505/406 2533/406 2161/406 2201/406   263/58 1893/406 1545/406]
[1609/406 1273/406 1349/406 1025/406   159/58  801/406  901/406  601/406  713/406  425/406  549/406    39/58  409/406     5/14  293/406]
[  41/406  201/406  -39/406    19/58  -95/406   89/406 -127/406   69/406 -135/406   73/406   -17/58  101/406  -79/406  153/406  -15/406]
[ 229/406   73/406    47/58  185/406  453/406  321/406  601/406  481/406  773/406    95/58  969/406  873/406    41/14 1105/406 1433/406]
[1361/406   243/58 1641/406 1993/406 1945/406 2309/406 2273/406 2649/406   375/58 3013/406 3001/406 3401/406 3401/406 3001/406 3013/406]
[  375/58 2649/406 2273/406 2309/406 1945/406 1993/406 1641/406   243/58 1361/406 1433/406 1105/406    41/14  873/406  969/406    95/58]
[ 773/406  481/406  601/406  321/406  453/406  185/406    47/58   73/406  229/406  -15/406  153/406  -79/406  101/406   -17/58   73/406]
[-135/406   69/406 -127/406   89/406  -95/406    19/58  -39/406  201/406   41/406  293/406     5/14  409/406    39/58  549/406  425/406]
[ 713/406  601/406  901/406  801/406   159/58 1025/406 1349/406 1273/406 1609/406 1545/406 1893/406   263/58 2201/406 2161/406 2533/406]
[2505/406 2889/406 2873/406   467/58 3265/406 2861/406 2869/406 2477/406 2497/406    73/14   307/58 1781/406 1825/406 1469/406 1525/406]
[1181/406 1249/406   131/58  997/406  677/406  769/406  461/406  565/406  269/406    55/58  101/406  229/406  -43/406   97/406 -163/406]
[ -11/406   -37/58  -95/406 -331/406 -155/406 -379/406 -191/406 -403/406        0        0        0        0        0        0        0]
Testing obstruction for
m1: 5, m2: 12,a: 1
[    -1/2 -383/406 -111/406 -199/406  165/406  169/406 -187/406   -13/58 -355/406 -167/406 -339/406  -59/406 -139/406  233/406    35/58]
[-103/406    1/406 -255/406  -59/406 -223/406   65/406    -1/58  373/406  393/406   53/406  165/406  -83/406  121/406    -5/58     9/14]
[ 197/406  585/406  613/406  281/406  401/406    23/58  373/406  225/406  529/406  473/406  869/406  905/406    83/58  709/406  477/406]
[ 697/406  557/406  869/406  821/406   175/58 1269/406  953/406 1089/406  865/406 1093/406  961/406   183/58 1241/406    29/14  893/406]
[ 585/406  729/406  513/406   107/58  625/406  953/406  921/406  529/406  589/406  289/406    63/58  233/406  477/406  361/406  697/406]
[ 673/406  289/406    51/58   65/406  225/406   25/406  277/406  169/406  513/406    71/58  121/406  197/406    -3/14   81/406 -111/406]
[ 149/406     7/58  401/406  393/406   25/406  109/406 -167/406    9/406   -25/58   93/406    1/406  361/406  361/406    1/406   93/406]
[  -25/58    9/406 -167/406  109/406   25/406  393/406  401/406     7/58  149/406 -111/406   81/406    -3/14  197/406  121/406    71/58]
[ 513/406  169/406  277/406   25/406  225/406   65/406    51/58  289/406  673/406  697/406  361/406  477/406  233/406    63/58  289/406]
[ 589/406  529/406  921/406  953/406  625/406   107/58  513/406  729/406  585/406  893/406    29/14 1241/406   183/58  961/406 1093/406]
[ 865/406 1089/406  953/406 1269/406   175/58  821/406  869/406  557/406  697/406  477/406  709/406    83/58  905/406  869/406  473/406]
[ 529/406  225/406  373/406    23/58  401/406  281/406  613/406  585/406  197/406     9/14    -5/58  121/406  -83/406  165/406   53/406]
[ 393/406  373/406    -1/58   65/406 -223/406  -59/406 -255/406    1/406 -103/406    35/58  233/406 -139/406  -59/406 -339/406 -167/406]
[-355/406   -13/58 -187/406  169/406  165/406 -199/406 -111/406 -383/406        0        0        0        0        0        0        0]
Testing obstruction for
m1: 10, m2: 11,a: 7
[    -1/2 -387/406 -127/406 -235/406  101/406   69/406  481/406    75/58  201/406  321/406   73/406  269/406   97/406  369/406    39/58]
[ 621/406  601/406 1025/406 1081/406  769/406  901/406    95/58  873/406  713/406  997/406  913/406  461/406  453/406    11/58     5/14]
[-155/406  -11/406 -235/406  -15/406 -163/406    19/58   61/406  433/406  437/406   73/406  153/406 -135/406     3/58 -191/406   41/406]
[ -95/406  213/406  153/406  537/406    79/58  201/406  293/406   17/406  185/406  -15/406  229/406    15/58  425/406    13/14  773/406]
[ 801/406  461/406  565/406    43/58  481/406  293/406  549/406  437/406  769/406  733/406    47/58  369/406   41/406  157/406  -95/406]
[  97/406  -79/406    27/58   89/406  433/406  409/406   17/406   69/406 -247/406   -17/58 -359/406 -155/406   -11/14  -39/406 -127/406]
[ 229/406    31/58  649/406  713/406  409/406  549/406  321/406  537/406    55/58  677/406  601/406  969/406  969/406  601/406  677/406]
[   55/58  537/406  321/406  549/406  409/406  713/406  649/406    31/58  229/406 -127/406  -39/406   -11/14 -155/406 -359/406   -17/58]
[-247/406   69/406   17/406  409/406  433/406   89/406    27/58  -79/406   97/406  -95/406  157/406   41/406  369/406    47/58  733/406]
[ 769/406  437/406  549/406  293/406  481/406    43/58  565/406  461/406  801/406  773/406    13/14  425/406    15/58  229/406  -15/406]
[ 185/406   17/406  293/406  201/406    79/58  537/406  153/406  213/406  -95/406   41/406 -191/406     3/58 -135/406  153/406   73/406]
[ 437/406  433/406   61/406    19/58 -163/406  -15/406 -235/406  -11/406 -155/406     5/14    11/58  453/406  461/406  913/406  997/406]
[ 713/406  873/406    95/58  901/406  769/406 1081/406 1025/406  601/406  621/406    39/58  369/406   97/406  269/406   73/406  321/406]
[ 201/406    75/58  481/406   69/406  101/406 -235/406 -127/406 -387/406        0        0        0        0        0        0        0]
Testing obstruction for
m1: 9, m2: 14,a: 8
[    -1/2 -379/406  -95/406 -163/406  229/406  269/406  769/406   131/58  713/406  969/406  873/406  425/406  437/406   97/406    31/58]
[ -15/406  213/406   89/406  425/406  409/406   41/406    19/58 -127/406   73/406  -79/406  229/406  185/406  601/406    95/58    13/14]
[ 549/406  369/406  649/406  577/406  153/406    27/58 -127/406   17/406 -191/406   61/406  -39/406  321/406    47/58  797/406  913/406]
[ 677/406  901/406  773/406  293/406    39/58  -99/406  -11/406 -275/406  -79/406 -235/406   69/406     3/58  433/406    17/14  201/406]
[ 369/406  185/406  461/406    55/58  769/406  801/406  481/406  621/406  409/406  657/406    79/58   97/406  101/406 -247/406 -135/406]
[-375/406 -155/406   -41/58   41/406   17/406  453/406  537/406 1081/406 1273/406   159/58  601/406  549/406     5/14  201/406  -95/406]
[  69/406   -17/58  153/406   73/406  453/406  481/406  157/406  293/406    11/58  321/406  213/406  565/406  565/406  213/406  321/406]
[   11/58  293/406  157/406  481/406  453/406   73/406  153/406   -17/58   69/406  -95/406  201/406     5/14  549/406  601/406   159/58]
[1273/406 1081/406  537/406  453/406   17/406   41/406   -41/58 -155/406 -375/406 -135/406 -247/406  101/406   97/406    79/58  657/406]
[ 409/406  621/406  481/406  801/406  769/406    55/58  461/406  185/406  369/406  201/406    17/14  433/406     3/58   69/406 -235/406]
[ -79/406 -275/406  -11/406  -99/406    39/58  293/406  773/406  901/406  677/406  913/406  797/406    47/58  321/406  -39/406   61/406]
[-191/406   17/406 -127/406    27/58  153/406  577/406  649/406  369/406  549/406    13/14    95/58  601/406  185/406  229/406  -79/406]
[  73/406 -127/406    19/58   41/406  409/406  425/406   89/406  213/406  -15/406    31/58   97/406  437/406  425/406  873/406  969/406]
[ 713/406   131/58  769/406  269/406  229/406 -163/406  -95/406 -379/406        0        0        0        0        0        0        0]
Testing obstruction for
m1: 26, m2: 27,a: 25
[    -1/2 -355/406    1/406   53/406 -199/406   57/406    9/406   -49/58 -187/406 -335/406   25/406   81/406 -167/406   93/406     7/58]
[-299/406 -139/406 -283/406   81/406  141/406 -103/406    23/58  121/406 -223/406  -59/406 -199/406  169/406  233/406    -1/58     9/14]
[ 225/406 -115/406   53/406  -83/406  289/406    51/58  121/406  393/406  361/406   25/406  197/406   65/406    63/58  513/406  281/406]
[ 557/406  529/406  197/406  373/406    35/58  625/406  701/406  473/406  753/406  729/406  401/406    83/58  457/406    29/14  921/406]
[ 697/406  981/406  961/406    91/58  821/406  701/406 1089/406 1173/406  953/406 1241/406   175/58  905/406 1093/406  977/406 1369/406]
[1457/406 1241/406   219/58 1521/406 1205/406 1397/406 1285/406 1681/406 1773/406   223/58 1857/406 1849/406    53/14 1733/406 1625/406]
[2025/406   303/58 1913/406 2213/406 2209/406 1901/406 2101/406 1997/406   343/58 2501/406 2297/406 2601/406 2601/406 2297/406 2501/406]
[  343/58 1997/406 2101/406 1901/406 2209/406 2213/406 1913/406   303/58 2025/406 1625/406 1733/406    53/14 1849/406 1857/406   223/58]
[1773/406 1681/406 1285/406 1397/406 1205/406 1521/406   219/58 1241/406 1457/406 1369/406  977/406 1093/406  905/406   175/58 1241/406]
[ 953/406 1173/406 1089/406  701/406  821/406    91/58  961/406  981/406  697/406  921/406    29/14  457/406    83/58  401/406  729/406]
[ 753/406  473/406  701/406  625/406    35/58  373/406  197/406  529/406  557/406  281/406  513/406    63/58   65/406  197/406   25/406]
[ 361/406  393/406  121/406    51/58  289/406  -83/406   53/406 -115/406  225/406     9/14    -1/58  233/406  169/406 -199/406  -59/406]
[-223/406  121/406    23/58 -103/406  141/406   81/406 -283/406 -139/406 -299/406     7/58   93/406 -167/406   81/406   25/406 -335/406]
[-187/406   -49/58    9/406   57/406 -199/406   53/406    1/406 -355/406        0        0        0        0        0        0        0]
---------------------------
SUCCESS for name = 13a4338
---------------------------
13a4345
Correction terms
[     -1/2    65/678   -79/678  -257/226  -655/678   269/678  -237/226  -883/678  -247/678   -53/226  -619/678  -271/678  -157/226   137/678   197/678]
[  -97/226    29/678  -199/678   127/226  -943/678  -103/678    63/226   -67/678  -871/678  -289/226   -55/678   209/678   -25/226  -907/678   425/678]
[  -49/226    89/678  -223/678    91/226   221/678  -379/678   -57/226  -511/678   -43/678   -41/226  -751/678  -571/678   139/226  -499/678  -607/678]
[   31/226   245/678  -151/678    87/226   125/678  -559/678  -145/226   497/678  -475/678  -213/226     5/678   101/678  -117/226     5/678  -187/678]
[  143/226   497/678    17/678  -337/226   125/678   713/678  -201/226 -1111/678  -811/678    99/226  -499/678  -487/678  -341/226   605/678   329/678]
[ -165/226  -511/678   281/678   175/226   221/678  -631/678  -225/226    89/678   305/678    -9/226  -907/678   377/678   -81/226   -55/678  -415/678]
[   11/226   -67/678   641/678  -185/226  -943/678  -523/678   235/226    29/678 -1195/678   -85/226   137/678   -19/678  -241/226  -619/678   293/678]
[  219/226  -883/678  -259/678   -61/226   701/678  -319/678  -177/226    65/678       1/6  -129/226   -79/678  -319/678    83/226   269/678  -259/678]
[    7/226  -247/678   293/678    95/226  -271/678   -19/678  -105/226   197/678   161/678  -141/226  -199/678  -523/678   -13/226  -103/678  -715/678]
[ -173/226   485/678  -415/678  -169/226   209/678   377/678    -1/226  -931/678   305/678  -121/226  -223/678  -631/678   -77/226  -379/678   281/678]
[ -321/226   -43/678   329/678    51/226  -571/678  -487/678   135/226  -607/678  -811/678   -69/226  -151/678  -643/678  -109/226  -559/678    17/678]
[   15/226  -475/678  -187/678  -149/226   101/678   101/678  -149/226  -187/678  -475/678    15/226    17/678  -559/678  -109/226  -643/678  -151/678]
[  -69/226  -811/678  -607/678   135/226  -487/678  -571/678    51/226   329/678   -43/678  -321/226   281/678  -379/678   -77/226  -631/678  -223/678]
[ -121/226   305/678  -931/678    -1/226   377/678   209/678  -169/226  -415/678   485/678  -173/226  -715/678  -103/678   -13/226  -523/678  -199/678]
[ -141/226   161/678   197/678  -105/226   -19/678  -271/678    95/226   293/678  -247/678     7/226  -259/678   269/678    83/226  -319/678   -79/678]
[ -129/226       1/6    65/678  -177/226  -319/678   701/678   -61/226  -259/678  -883/678   219/226   293/678  -619/678  -241/226   -19/678   137/678]
[  -85/226 -1195/678    29/678   235/226  -523/678  -943/678  -185/226   641/678   -67/678    11/226  -415/678   -55/678   -81/226   377/678  -907/678]
[   -9/226   305/678    89/678  -225/226  -631/678   221/678   175/226   281/678  -511/678  -165/226   329/678   605/678  -341/226  -487/678  -499/678]
[   99/226  -811/678 -1111/678  -201/226   713/678   125/678  -337/226    17/678   497/678   143/226  -187/678     5/678  -117/226   101/678     5/678]
[ -213/226  -475/678   497/678  -145/226  -559/678   125/678    87/226  -151/678   245/678    31/226  -607/678  -499/678   139/226  -571/678  -751/678]
[  -41/226   -43/678  -511/678   -57/226  -379/678   221/678    91/226  -223/678    89/678   -49/226   425/678  -907/678   -25/226   209/678   -55/678]
[ -289/226  -871/678   -67/678    63/226  -103/678  -943/678   127/226  -199/678    29/678   -97/226   197/678   137/678  -157/226  -271/678  -619/678]
[  -53/226  -247/678  -883/678  -237/226   269/678  -655/678  -257/226   -79/678    65/678         0         0         0         0         0         0]
Testing obstruction for
m1: 1, m2: 170,a: 0
[     -1/2  -335/678  -323/678  -101/226  -275/678  -239/678   -65/226  -143/678   -83/678    -5/226    61/678   145/678    79/226   337/678   445/678]
[  187/226   685/678   817/678   319/226  1105/678  1261/678   475/226  1597/678  1777/678   655/226  2161/678  2365/678   859/226  2797/678  3025/678]
[ 1087/226  3505/678  3757/678  1339/226  4285/678  4561/678  1615/226  5137/678  5437/678  1915/226  6061/678  6385/678  2239/226  7057/678  7405/678]
[ 2587/226  8125/678  8497/678  2959/226  9265/678  9661/678  3355/226 10477/678 10897/678  3775/226 11761/678 12205/678  4219/226 13117/678 13585/678]
[ 4687/226 14545/678 15037/678  5179/226 16045/678 16561/678  5695/226 17617/678 18157/678  6235/226 19261/678 19825/678  6799/226 20977/678 21565/678]
[ 7387/226 22765/678 23377/678  7999/226 24625/678 25261/678  8635/226 26557/678 27217/678  9295/226 28561/678 27889/678  9075/226 26569/678 25921/678]
[ 8427/226 24649/678 24025/678  7803/226 22801/678 22201/678  7203/226 21025/678 20449/678  6627/226 19321/678 18769/678  6075/226 17689/678 17161/678]
[ 5547/226 16129/678 15625/678  5043/226 14641/678 14161/678  4563/226 13225/678     113/6  4107/226 11881/678 11449/678  3675/226 10609/678 10201/678]
[ 3267/226  9409/678  9025/678  2883/226  8281/678  7921/678  2523/226  7225/678  6889/678  2187/226  6241/678  5929/678  1875/226  5329/678  5041/678]
[ 1587/226  4489/678  4225/678  1323/226  3721/678  3481/678  1083/226  3025/678  2809/678   867/226  2401/678  2209/678   675/226  1849/678  1681/678]
[  507/226  1369/678  1225/678   363/226   961/678   841/678   243/226   625/678   529/678   147/226   361/678   289/678    75/226   169/678   121/678]
[   27/226    49/678    25/678     3/226     1/678     1/678     3/226    25/678    49/678    27/226   121/678   169/678    75/226   289/678   361/678]
[  147/226   529/678   625/678   243/226   841/678   961/678   363/226  1225/678  1369/678   507/226  1681/678  1849/678   675/226  2209/678  2401/678]
[  867/226  2809/678  3025/678  1083/226  3481/678  3721/678  1323/226  4225/678  4489/678  1587/226  5041/678  5329/678  1875/226  5929/678  6241/678]
[ 2187/226  6889/678  7225/678  2523/226  7921/678  8281/678  2883/226  9025/678  9409/678  3267/226 10201/678 10609/678  3675/226 11449/678 11881/678]
[ 4107/226     113/6 13225/678  4563/226 14161/678 14641/678  5043/226 15625/678 16129/678  5547/226 17161/678 17689/678  6075/226 18769/678 19321/678]
[ 6627/226 20449/678 21025/678  7203/226 22201/678 22801/678  7803/226 24025/678 24649/678  8427/226 25921/678 26569/678  9075/226 27889/678 28561/678]
[ 9295/226 27217/678 26557/678  8635/226 25261/678 24625/678  7999/226 23377/678 22765/678  7387/226 21565/678 20977/678  6799/226 19825/678 19261/678]
[ 6235/226 18157/678 17617/678  5695/226 16561/678 16045/678  5179/226 15037/678 14545/678  4687/226 13585/678 13117/678  4219/226 12205/678 11761/678]
[ 3775/226 10897/678 10477/678  3355/226  9661/678  9265/678  2959/226  8497/678  8125/678  2587/226  7405/678  7057/678  2239/226  6385/678  6061/678]
[ 1915/226  5437/678  5137/678  1615/226  4561/678  4285/678  1339/226  3757/678  3505/678  1087/226  3025/678  2797/678   859/226  2365/678  2161/678]
[  655/226  1777/678  1597/678   475/226  1261/678  1105/678   319/226   817/678   685/678   187/226   445/678   337/678    79/226   145/678    61/678]
[   -5/226   -83/678  -143/678   -65/226  -239/678  -275/678  -101/226  -323/678  -335/678         0         0         0         0         0         0]
Testing obstruction for
m1: 2, m2: 57,a: 0
[    -1/2 -223/678  125/678 -217/226  161/678 -151/678  -77/226  -79/678  305/678 -145/226  413/678  137/678   31/226  281/678  701/678]
[  -1/226  881/678  641/678  211/226  857/678 1313/678  215/226 1565/678 1361/678  463/226 1649/678 2141/678  503/226 2465/678 2297/678]
[ 787/226 2657/678 3185/678  863/226 3581/678 3449/678 1183/226 3881/678 4445/678 1295/226 4913/678 4817/678 1651/226 5321/678 5921/678]
[1799/226 6461/678 6401/678 2191/226 6977/678 7613/678 2375/226 8225/678 8201/678 2803/226 8849/678 9521/678 3023/226 8849/678 8861/678]
[2583/226 8225/678 7577/678 2387/226 6977/678 7025/678 1983/226 6461/678 5849/678 1823/226 5321/678 5405/678 1455/226 4913/678 4337/678]
[1331/226 3881/678 4001/678  999/226 3581/678 3041/678  911/226 2657/678 2813/678  615/226 2465/678 1961/678  563/226 1649/678 1841/678]
[ 303/226 1565/678 1097/678  287/226  857/678 1085/678   63/226  881/678  449/678   83/226  281/678  545/678 -105/226  413/678   17/678]
[ -49/226  -79/678  221/678 -201/226  161/678 -199/678 -109/226 -223/678      1/6 -225/226  125/678 -199/678  -97/226 -151/678  221/678]
[-177/226  305/678   17/678  -13/226  137/678  545/678  -57/226  701/678  449/678  143/226  641/678 1085/678  135/226 1313/678 1097/678]
[ 371/226 1361/678 1841/678  399/226 2141/678 1961/678  671/226 2297/678 2813/678  735/226 3185/678 3041/678 1043/226 3449/678 4001/678]
[1143/226 4445/678 4337/678 1487/226 4817/678 5405/678 1623/226 5921/678 5849/678 2003/226 6401/678 7025/678 2175/226 7613/678 7577/678]
[2591/226 8201/678 8861/678 2799/226 9521/678 9521/678 2799/226 8861/678 8201/678 2591/226 7577/678 7613/678 2175/226 7025/678 6401/678]
[2003/226 5849/678 5921/678 1623/226 5405/678 4817/678 1487/226 4337/678 4445/678 1143/226 4001/678 3449/678 1043/226 3041/678 3185/678]
[ 735/226 2813/678 2297/678  671/226 1961/678 2141/678  399/226 1841/678 1361/678  371/226 1097/678 1313/678  135/226 1085/678  641/678]
[ 143/226  449/678  701/678  -57/226  545/678  137/678  -13/226   17/678  305/678 -177/226  221/678 -151/678  -97/226 -199/678  125/678]
[-225/226      1/6 -223/678 -109/226 -199/678  161/678 -201/226  221/678  -79/678  -49/226   17/678  413/678 -105/226  545/678  281/678]
[  83/226  449/678  881/678   63/226 1085/678  857/678  287/226 1097/678 1565/678  303/226 1841/678 1649/678  563/226 1961/678 2465/678]
[ 615/226 2813/678 2657/678  911/226 3041/678 3581/678  999/226 4001/678 3881/678 1331/226 4337/678 4913/678 1455/226 5405/678 5321/678]
[1823/226 5849/678 6461/678 1983/226 7025/678 6977/678 2387/226 7577/678 8225/678 2583/226 8861/678 8849/678 3023/226 9521/678 8849/678]
[2803/226 8201/678 8225/678 2375/226 7613/678 6977/678 2191/226 6401/678 6461/678 1799/226 5921/678 5321/678 1651/226 4817/678 4913/678]
[1295/226 4445/678 3881/678 1183/226 3449/678 3581/678  863/226 3185/678 2657/678  787/226 2297/678 2465/678  503/226 2141/678 1649/678]
[ 463/226 1361/678 1565/678  215/226 1313/678  857/678  211/226  641/678  881/678   -1/226  701/678  281/678   31/226  137/678  413/678]
[-145/226  305/678  -79/678  -77/226 -151/678  161/678 -217/226  125/678 -223/678        0        0        0        0        0        0]
[-223/678, 125/678, -217/226]
32 [-223/678, 125/678, 235/226]
[-223/678, 125/678, -217/226]
145 [-223/678, 125/678, 235/226]
Testing obstruction for
m1: 4, m2: 25,a: 1
[    -1/2 -671/678 -311/678 -205/226 -227/678 -503/678  -29/226 -335/678  109/678  -37/226  361/678  169/678  223/226  505/678 1033/678]
[ 299/226 1453/678 1345/678  643/226 1849/678 2461/678  803/226 3049/678 3025/678 1231/226 3697/678 3037/678 1023/226 2437/678 2497/678]
[ 631/226 1981/678 1405/678  507/226  973/678 1117/678  199/226  769/678  277/678  159/226   13/678  241/678  -65/226   61/678 -347/678]
[ -21/226 -443/678 -131/678 -161/226 -143/678 -467/678  -33/226 -395/678    1/678  -89/226  157/678  -83/678  123/226  157/678  637/678]
[ 151/226  961/678  805/678  447/226 1213/678 1777/678  559/226 2269/678 2197/678  939/226 2773/678 3421/678 1135/226 4081/678 4093/678]
[1147/226 3481/678 2857/678  975/226 2329/678 2425/678  619/226 1981/678 1441/678  531/226 1081/678 1261/678  259/226  985/678  529/678]
[ 255/226  337/678  601/678   67/226  493/678  121/678  147/226   97/678  445/678   43/226  505/678  217/678  207/226  361/678  793/678]
[ 187/226 1021/678  817/678  435/226 1129/678 1645/678  499/226 2041/678     17/6  831/226 2401/678 3001/678  979/226 3565/678 3529/678]
[1395/226 4177/678 3505/678 1175/226 2881/678 2929/678  771/226 2389/678 1801/678  635/226 1345/678 1477/678  315/226 1105/678  601/678]
[ 263/226  313/678  529/678   27/226  325/678  -95/678   59/226 -215/678   85/678  -93/226   49/678 -287/678   23/226 -239/678  145/678]
[ -45/226  277/678   25/678  155/226  241/678  709/678  171/226 1009/678  841/678  455/226 1225/678 1777/678  555/226 2245/678 2161/678]
[ 923/226 2713/678 3349/678 1107/226 3985/678 3985/678 1107/226 3349/678 2713/678  923/226 2161/678 2245/678  555/226 1777/678 1225/678]
[ 455/226  841/678 1009/678  171/226  709/678  241/678  155/226   25/678  277/678  -45/226  145/678 -239/678   23/226 -287/678   49/678]
[ -93/226   85/678 -215/678   59/226  -95/678  325/678   27/226  529/678  313/678  263/226  601/678 1105/678  315/226 1477/678 1345/678]
[ 635/226 1801/678 2389/678  771/226 2929/678 2881/678 1175/226 3505/678 4177/678 1395/226 3529/678 3565/678  979/226 3001/678 2401/678]
[ 831/226     17/6 2041/678  499/226 1645/678 1129/678  435/226  817/678 1021/678  187/226  793/678  361/678  207/226  217/678  505/678]
[  43/226  445/678   97/678  147/226  121/678  493/678   67/226  601/678  337/678  255/226  529/678  985/678  259/226 1261/678 1081/678]
[ 531/226 1441/678 1981/678  619/226 2425/678 2329/678  975/226 2857/678 3481/678 1147/226 4093/678 4081/678 1135/226 3421/678 2773/678]
[ 939/226 2197/678 2269/678  559/226 1777/678 1213/678  447/226  805/678  961/678  151/226  637/678  157/678  123/226  -83/678  157/678]
[ -89/226    1/678 -395/678  -33/226 -467/678 -143/678 -161/226 -131/678 -443/678  -21/226 -347/678   61/678  -65/226  241/678   13/678]
[ 159/226  277/678  769/678  199/226 1117/678  973/678  507/226 1405/678 1981/678  631/226 2497/678 2437/678 1023/226 3037/678 3697/678]
[1231/226 3025/678 3049/678  803/226 2461/678 1849/678  643/226 1345/678 1453/678  299/226 1033/678  505/678  223/226  169/678  361/678]
[ -37/226  109/678 -335/678  -29/226 -503/678 -227/678 -205/226 -311/678 -671/678        0        0        0        0        0        0]
Testing obstruction for
m1: 3, m2: 36,a: 2
[    -1/2 -607/678  -55/678  -13/226 -559/678 -259/678 -165/226   89/678  137/678 -117/226  -19/678 -223/678  131/226  473/678   17/678]
[ 127/226  209/678  857/678  323/226  545/678  941/678  267/226 1481/678 1625/678  411/226 1661/678 1553/678  755/226 2441/678 2081/678]
[ 847/226 2465/678 3209/678 1139/226 3089/678 3581/678 1179/226 4313/678 4553/678 1419/226 4781/678 4769/678 1859/226 5849/678 5585/678]
[1595/226 4805/678 4289/678 1531/226 4361/678 3593/678 1215/226 3161/678 3497/678 1099/226 2561/678 2645/678  731/226 2561/678 2393/678]
[ 563/226 1805/678 1385/678  595/226 1649/678  977/678  375/226  737/678 1169/678  355/226  425/678  605/678   83/226  713/678  641/678]
[  11/226  245/678  -79/678  139/226  377/678 -199/678   15/226 -247/678  281/678   91/226 -271/678    5/678  -85/226  305/678  329/678]
[ -61/226  125/678 -103/678  163/226  545/678   65/678  135/226  209/678  833/678  307/226  473/678  845/678  227/226 1337/678 1457/678]
[ 347/226 1445/678 1313/678  667/226 2153/678 1769/678  735/226 2105/678     25/6 1003/226 2657/678 3125/678 1019/226 3809/678 4025/678]
[1235/226 4205/678 4169/678 1651/226 5201/678 4913/678 1815/226 5441/678 4901/678 1727/226 4925/678 4133/678 1387/226 3653/678 3965/678]
[1247/226 2981/678 3041/678  855/226 2909/678 2717/678  663/226 2081/678 1637/678  671/226 1853/678 1157/678  427/226  869/678 1277/678]
[ 383/226  485/678  641/678   87/226  701/678  605/678   -9/226  161/678 -187/678   95/226  221/678 -379/678  -53/226 -475/678   29/678]
[  -1/226 -571/678 -319/678 -201/226  -67/678  -67/678 -201/226 -319/678 -571/678   -1/226   29/678 -475/678  -53/226 -379/678  221/678]
[  95/226 -187/678  161/678   -9/226  605/678  701/678   87/226  641/678  485/678  383/226 1277/678  869/678  427/226 1157/678 1853/678]
[ 671/226 1637/678 2081/678  663/226 2717/678 2909/678  855/226 3041/678 2981/678 1247/226 3965/678 3653/678 1387/226 4133/678 4925/678]
[1727/226 4901/678 5441/678 1815/226 4913/678 5201/678 1651/226 4169/678 4205/678 1235/226 4025/678 3809/678 1019/226 3125/678 2657/678]
[1003/226     25/6 2105/678  735/226 1769/678 2153/678  667/226 1313/678 1445/678  347/226 1457/678 1337/678  227/226  845/678  473/678]
[ 307/226  833/678  209/678  135/226   65/678  545/678  163/226 -103/678  125/678  -61/226  329/678  305/678  -85/226    5/678 -271/678]
[  91/226  281/678 -247/678   15/226 -199/678  377/678  139/226  -79/678  245/678   11/226  641/678  713/678   83/226  605/678  425/678]
[ 355/226 1169/678  737/678  375/226  977/678 1649/678  595/226 1385/678 1805/678  563/226 2393/678 2561/678  731/226 2645/678 2561/678]
[1099/226 3497/678 3161/678 1215/226 3593/678 4361/678 1531/226 4289/678 4805/678 1595/226 5585/678 5849/678 1859/226 4769/678 4781/678]
[1419/226 4553/678 4313/678 1179/226 3581/678 3089/678 1139/226 3209/678 2465/678  847/226 2081/678 2441/678  755/226 1553/678 1661/678]
[ 411/226 1625/678 1481/678  267/226  941/678  545/678  323/226  857/678  209/678  127/226   17/678  473/678  131/226 -223/678  -19/678]
[-117/226  137/678   89/678 -165/226 -259/678 -559/678  -13/226  -55/678 -607/678        0        0        0        0        0        0]
Unobstructed
44
---------------------------
---------------------------
13a4351
Correction terms
[    -1/2 -487/526 -107/526 -175/526  361/526  449/526   89/526  333/526  129/526 -523/526 -571/526  -15/526   93/526 -247/526   17/526]
[-167/526  253/526  225/526 -251/526 -123/526 -443/526 -159/526 -323/526  117/526  109/526 -347/526 -199/526  553/526 -195/526 -339/526]
[ 121/526  133/526 -303/526 -135/526  637/526  -91/526 -215/526  265/526  297/526 -119/526   69/526 -191/526  153/526   49/526  549/526]
[ 601/526  205/526  413/526  173/526 -515/526 -599/526  -79/526   -7/526 -383/526 -155/526  677/526    9/526  -55/526  485/526 -475/526]
[-831/526 -583/526  269/526 -379/526 -423/526  137/526  249/526  -87/526  181/526    1/526 -627/526 -651/526  -71/526   61/526 -255/526]
[  33/526 -127/526  317/526  313/526 -139/526   13/526 -283/526   25/526 -115/526  349/526  365/526  -67/526  105/526 -171/526  157/526]
[  37/526 -531/526 -495/526  145/526  337/526   81/526  429/526  329/526 -219/526 -163/526 -555/526 -343/526 -579/526 -211/526 -291/526]
[ 233/526  309/526  -63/526  169/526  -47/526 -711/526 -771/526 -227/526 -131/526 -483/526 -231/526  625/526  -19/526  -59/526  505/526]
[-431/526 -763/526 -491/526  385/526 -239/526 -259/526  325/526  461/526  149/526  441/526  285/526 -319/526 -319/526  285/526  441/526]
[ 149/526  461/526  325/526 -259/526 -239/526  385/526 -491/526 -763/526 -431/526  505/526  -59/526  -19/526  625/526 -231/526 -483/526]
[-131/526 -227/526 -771/526 -711/526  -47/526  169/526  -63/526  309/526  233/526 -291/526 -211/526 -579/526 -343/526 -555/526 -163/526]
[-219/526  329/526  429/526   81/526  337/526  145/526 -495/526 -531/526   37/526  157/526 -171/526  105/526  -67/526  365/526  349/526]
[-115/526   25/526 -283/526   13/526 -139/526  313/526  317/526 -127/526   33/526 -255/526   61/526  -71/526 -651/526 -627/526    1/526]
[ 181/526  -87/526  249/526  137/526 -423/526 -379/526  269/526 -583/526 -831/526 -475/526  485/526  -55/526    9/526  677/526 -155/526]
[-383/526   -7/526  -79/526 -599/526 -515/526  173/526  413/526  205/526  601/526  549/526   49/526  153/526 -191/526   69/526 -119/526]
[ 297/526  265/526 -215/526  -91/526  637/526 -135/526 -303/526  133/526  121/526 -339/526 -195/526  553/526 -199/526 -347/526  109/526]
[ 117/526 -323/526 -159/526 -443/526 -123/526 -251/526  225/526  253/526 -167/526   17/526 -247/526   93/526  -15/526 -571/526 -523/526]
[ 129/526  333/526   89/526  449/526  361/526 -175/526 -107/526 -487/526        0        0        0        0        0        0        0]
Testing obstruction for
m1: 1, m2: 132,a: 0
[     -1/2  -259/526  -247/526  -227/526  -199/526  -163/526  -119/526   -67/526    -7/526    61/526   137/526   221/526   313/526   413/526   521/526]
[  637/526   761/526   893/526  1033/526  1181/526  1337/526  1501/526  1673/526  1853/526  2041/526  2237/526  2441/526  2653/526  2873/526  3101/526]
[ 3337/526  3581/526  3833/526  4093/526  4361/526  4637/526  4921/526  5213/526  5513/526  5821/526  6137/526  6461/526  6793/526  7133/526  7481/526]
[ 7837/526  8201/526  8573/526  8953/526  9341/526  9737/526 10141/526 10553/526 10973/526 11401/526 11837/526 12281/526 12733/526 13193/526 13661/526]
[14137/526 14621/526 15113/526 15613/526 16121/526 16637/526 17161/526 16641/526 16129/526 15625/526 15129/526 14641/526 14161/526 13689/526 13225/526]
[12769/526 12321/526 11881/526 11449/526 11025/526 10609/526 10201/526  9801/526  9409/526  9025/526  8649/526  8281/526  7921/526  7569/526  7225/526]
[ 6889/526  6561/526  6241/526  5929/526  5625/526  5329/526  5041/526  4761/526  4489/526  4225/526  3969/526  3721/526  3481/526  3249/526  3025/526]
[ 2809/526  2601/526  2401/526  2209/526  2025/526  1849/526  1681/526  1521/526  1369/526  1225/526  1089/526   961/526   841/526   729/526   625/526]
[  529/526   441/526   361/526   289/526   225/526   169/526   121/526    81/526    49/526    25/526     9/526     1/526     1/526     9/526    25/526]
[   49/526    81/526   121/526   169/526   225/526   289/526   361/526   441/526   529/526   625/526   729/526   841/526   961/526  1089/526  1225/526]
[ 1369/526  1521/526  1681/526  1849/526  2025/526  2209/526  2401/526  2601/526  2809/526  3025/526  3249/526  3481/526  3721/526  3969/526  4225/526]
[ 4489/526  4761/526  5041/526  5329/526  5625/526  5929/526  6241/526  6561/526  6889/526  7225/526  7569/526  7921/526  8281/526  8649/526  9025/526]
[ 9409/526  9801/526 10201/526 10609/526 11025/526 11449/526 11881/526 12321/526 12769/526 13225/526 13689/526 14161/526 14641/526 15129/526 15625/526]
[16129/526 16641/526 17161/526 16637/526 16121/526 15613/526 15113/526 14621/526 14137/526 13661/526 13193/526 12733/526 12281/526 11837/526 11401/526]
[10973/526 10553/526 10141/526  9737/526  9341/526  8953/526  8573/526  8201/526  7837/526  7481/526  7133/526  6793/526  6461/526  6137/526  5821/526]
[ 5513/526  5213/526  4921/526  4637/526  4361/526  4093/526  3833/526  3581/526  3337/526  3101/526  2873/526  2653/526  2441/526  2237/526  2041/526]
[ 1853/526  1673/526  1501/526  1337/526  1181/526  1033/526   893/526   761/526   637/526   521/526   413/526   313/526   221/526   137/526    61/526]
[   -7/526   -67/526  -119/526  -163/526  -199/526  -227/526  -247/526  -259/526         0         0         0         0         0         0         0]
Unobstructed
125
---------------------------
---------------------------
13a4354
Correction terms
[     -1/2   441/662   109/662    -3/662   105/662  -891/662  -343/662   425/662    89/662   -27/662    77/662   401/662  -379/662  -939/662    45/662]
[  -75/662    25/662   345/662  -439/662   321/662   -23/662  -147/662   -51/662   265/662   801/662   233/662  -115/662  -243/662  -151/662   161/662]
[  693/662   121/662  -231/662  -363/662  -275/662    33/662  -763/662   -15/662  -371/662  -507/662  -423/662  -119/662   405/662  -175/662  -535/662]
[ -675/662  -595/662  -295/662   225/662  -359/662   601/662   457/662   533/662  -495/662    21/662   757/662   389/662   241/662   313/662  -719/662]
[ -207/662   525/662   153/662     1/662    69/662   357/662  -459/662 -1055/662  -107/662  -263/662  -199/662    85/662  -735/662   -11/662  -391/662]
[ -551/662  -491/662  -211/662   289/662  -315/662  -699/662   461/662   517/662   793/662   -35/662  -643/662   293/662   125/662   177/662   449/662]
[ -383/662   329/662   -63/662  -235/662  -187/662    81/662   569/662   -47/662  -443/662  -619/662  -575/662  -311/662   173/662  -447/662   477/662]
[  297/662   337/662  -727/662  -247/662   453/662    49/662  -135/662   -99/662   157/662   633/662     5/662  -403/662  -591/662  -559/662  -307/662]
[  165/662  -467/662   445/662   253/662   281/662  -795/662  -327/662   361/662   -55/662  -251/662  -227/662    17/662   481/662  -159/662  -579/662]
[  545/662   565/662   805/662   -59/662  -703/662   197/662    -7/662     9/662   245/662  -623/662    53/662  -375/662  -583/662  -571/662  -339/662]
[  113/662  -539/662  -971/662   141/662   149/662   377/662  -499/662   169/662  -267/662  -483/662  -479/662  -255/662   189/662   853/662   413/662]
[  193/662   193/662   413/662   853/662   189/662  -255/662  -479/662  -483/662  -267/662   169/662  -499/662   377/662   149/662   141/662  -971/662]
[ -539/662   113/662  -339/662  -571/662  -583/662  -375/662    53/662  -623/662   245/662     9/662    -7/662   197/662  -703/662   -59/662   805/662]
[  565/662   545/662  -579/662  -159/662   481/662    17/662  -227/662  -251/662   -55/662   361/662  -327/662  -795/662   281/662   253/662   445/662]
[ -467/662   165/662  -307/662  -559/662  -591/662  -403/662     5/662   633/662   157/662   -99/662  -135/662    49/662   453/662  -247/662  -727/662]
[  337/662   297/662   477/662  -447/662   173/662  -311/662  -575/662  -619/662  -443/662   -47/662   569/662    81/662  -187/662  -235/662   -63/662]
[  329/662  -383/662   449/662   177/662   125/662   293/662  -643/662   -35/662   793/662   517/662   461/662  -699/662  -315/662   289/662  -211/662]
[ -491/662  -551/662  -391/662   -11/662  -735/662    85/662  -199/662  -263/662  -107/662 -1055/662  -459/662   357/662    69/662     1/662   153/662]
[  525/662  -207/662  -719/662   313/662   241/662   389/662   757/662    21/662  -495/662   533/662   457/662   601/662  -359/662   225/662  -295/662]
[ -595/662  -675/662  -535/662  -175/662   405/662  -119/662  -423/662  -507/662  -371/662   -15/662  -763/662    33/662  -275/662  -363/662  -231/662]
[  121/662   693/662   161/662  -151/662  -243/662  -115/662   233/662   801/662   265/662   -51/662  -147/662   -23/662   321/662  -439/662   345/662]
[   25/662   -75/662    45/662  -939/662  -379/662   401/662    77/662   -27/662    89/662   425/662  -343/662  -891/662   105/662    -3/662   109/662]
[  441/662         0         0         0         0         0         0         0         0         0         0         0         0         0         0]
Testing obstruction for
m1: 1, m2: 166,a: 0
[     -1/2  -327/662  -315/662  -295/662  -267/662  -231/662  -187/662  -135/662   -75/662    -7/662    69/662   153/662   245/662   345/662   453/662]
[  569/662   693/662   825/662   965/662  1113/662  1269/662  1433/662  1605/662  1785/662  1973/662  2169/662  2373/662  2585/662  2805/662  3033/662]
[ 3269/662  3513/662  3765/662  4025/662  4293/662  4569/662  4853/662  5145/662  5445/662  5753/662  6069/662  6393/662  6725/662  7065/662  7413/662]
[ 7769/662  8133/662  8505/662  8885/662  9273/662  9669/662 10073/662 10485/662 10905/662 11333/662 11769/662 12213/662 12665/662 13125/662 13593/662]
[14069/662 14553/662 15045/662 15545/662 16053/662 16569/662 17093/662 17625/662 18165/662 18713/662 19269/662 19833/662 20405/662 20985/662 21573/662]
[22169/662 22773/662 23385/662 24005/662 24633/662 25269/662 25913/662 26565/662 27225/662 26569/662 25921/662 25281/662 24649/662 24025/662 23409/662]
[22801/662 22201/662 21609/662 21025/662 20449/662 19881/662 19321/662 18769/662 18225/662 17689/662 17161/662 16641/662 16129/662 15625/662 15129/662]
[14641/662 14161/662 13689/662 13225/662 12769/662 12321/662 11881/662 11449/662 11025/662 10609/662 10201/662  9801/662  9409/662  9025/662  8649/662]
[ 8281/662  7921/662  7569/662  7225/662  6889/662  6561/662  6241/662  5929/662  5625/662  5329/662  5041/662  4761/662  4489/662  4225/662  3969/662]
[ 3721/662  3481/662  3249/662  3025/662  2809/662  2601/662  2401/662  2209/662  2025/662  1849/662  1681/662  1521/662  1369/662  1225/662  1089/662]
[  961/662   841/662   729/662   625/662   529/662   441/662   361/662   289/662   225/662   169/662   121/662    81/662    49/662    25/662     9/662]
[    1/662     1/662     9/662    25/662    49/662    81/662   121/662   169/662   225/662   289/662   361/662   441/662   529/662   625/662   729/662]
[  841/662   961/662  1089/662  1225/662  1369/662  1521/662  1681/662  1849/662  2025/662  2209/662  2401/662  2601/662  2809/662  3025/662  3249/662]
[ 3481/662  3721/662  3969/662  4225/662  4489/662  4761/662  5041/662  5329/662  5625/662  5929/662  6241/662  6561/662  6889/662  7225/662  7569/662]
[ 7921/662  8281/662  8649/662  9025/662  9409/662  9801/662 10201/662 10609/662 11025/662 11449/662 11881/662 12321/662 12769/662 13225/662 13689/662]
[14161/662 14641/662 15129/662 15625/662 16129/662 16641/662 17161/662 17689/662 18225/662 18769/662 19321/662 19881/662 20449/662 21025/662 21609/662]
[22201/662 22801/662 23409/662 24025/662 24649/662 25281/662 25921/662 26569/662 27225/662 26565/662 25913/662 25269/662 24633/662 24005/662 23385/662]
[22773/662 22169/662 21573/662 20985/662 20405/662 19833/662 19269/662 18713/662 18165/662 17625/662 17093/662 16569/662 16053/662 15545/662 15045/662]
[14553/662 14069/662 13593/662 13125/662 12665/662 12213/662 11769/662 11333/662 10905/662 10485/662 10073/662  9669/662  9273/662  8885/662  8505/662]
[ 8133/662  7769/662  7413/662  7065/662  6725/662  6393/662  6069/662  5753/662  5445/662  5145/662  4853/662  4569/662  4293/662  4025/662  3765/662]
[ 3513/662  3269/662  3033/662  2805/662  2585/662  2373/662  2169/662  1973/662  1785/662  1605/662  1433/662  1269/662  1113/662   965/662   825/662]
[  693/662   569/662   453/662   345/662   245/662   153/662    69/662    -7/662   -75/662  -135/662  -187/662  -231/662  -267/662  -295/662  -315/662]
[ -327/662         0         0         0         0         0         0         0         0         0         0         0         0         0         0]
Unobstructed
126
---------------------------
---------------------------
