13a4855
Correction terms
[    -1  97/93 -77/93  43/31 -29/93 193/93  17/31 103/93 -23/93  15/31 -65/93  19/93 -25/31  25/93 -53/93]
[ 21/31   1/93 133/93  29/31  49/93  19/93  -1/31 -17/93 -23/93  -7/31 -11/93   7/93  11/31  67/93 109/93]
[ 53/31    1/3  97/93  -5/31  67/93 -29/93  23/31 -11/93 103/93  13/31 169/93 121/93  27/31  49/93  25/93]
[  3/31   1/93   1/93   3/31  25/93  49/93  27/31 121/93 169/93  13/31 103/93 -11/93  23/31 -29/93  67/93]
[ -5/31  97/93    1/3  53/31 109/93  67/93  11/31   7/93 -11/93  -7/31 -23/93 -17/93  -1/31  19/93  49/93]
[ 29/31 133/93   1/93  21/31 -53/93  25/93 -25/31  19/93 -65/93  15/31 -23/93 103/93  17/31 193/93 -29/93]
[ 43/31 -77/93  97/93      0      0      0      0      0      0      0      0      0      0      0      0]
Testing obstruction for
m1: 2, m2: 16,a: 0
[    -1 -25/93  -7/93 -13/31  65/93 119/93  41/31 263/93 353/93  69/31 197/93 137/93   9/31  53/93  29/93]
[-15/31  17/93  29/93  -3/31  89/93 137/93  45/31 269/93 353/93  67/31 185/93 119/93   1/31  23/93  -7/93]
[-29/31   -1/3 -25/93 -23/31  23/93  65/93  19/31 185/93 263/93  97/31 269/93 197/93  25/31  89/93  53/93]
[-11/31  17/93  17/93 -11/31  53/93  89/93  25/31 197/93 269/93  97/31 263/93 185/93  19/31  65/93  23/93]
[-23/31 -25/93   -1/3 -29/31  -7/93  23/93   1/31 119/93 185/93  67/31 353/93 269/93  45/31 137/93  89/93]
[ -3/31  29/93  17/93 -15/31  29/93  53/93   9/31 137/93 197/93  69/31 353/93 263/93  41/31 119/93  65/93]
[-13/31  -7/93 -25/93      0      0      0      0      0      0      0      0      0      0      0      0]
Testing obstruction for
m1: 24, m2: 24,a: 23
[    -1 -89/93 -77/93 -19/31 -29/93   7/93  17/31 103/93 163/93  77/31 307/93 391/93 161/31 397/93 319/93]
[ 83/31 187/93 133/93  29/31  49/93  19/93  -1/31 -17/93 -23/93  -7/31 -11/93   7/93  11/31  67/93 109/93]
[ 53/31    7/3 283/93 119/31 439/93 529/93 147/31 361/93 289/93  75/31 169/93 121/93  27/31  49/93  25/93]
[  3/31   1/93   1/93   3/31  25/93  49/93  27/31 121/93 169/93  75/31 289/93 361/93 147/31 529/93 439/93]
[119/31 283/93    7/3  53/31 109/93  67/93  11/31   7/93 -11/93  -7/31 -23/93 -17/93  -1/31  19/93  49/93]
[ 29/31 133/93 187/93  83/31 319/93 397/93 161/31 391/93 307/93  77/31 163/93 103/93  17/31   7/93 -29/93]
[-19/31 -77/93 -89/93      0      0      0      0      0      0      0      0      0      0      0      0]
---------------------------
SUCCESS for name = 13a4855
---------------------------
13a4861
H_1 not cyclic will skip for now
13a4869
Correction terms
[     -1  17/129 -61/129  -35/43 143/129 -91/129  -11/43  59/129 -73/129   29/43  23/129  -7/129   -1/43  35/129 107/129]
[ -15/43  95/129  11/129  -13/43 203/129 -37/129    5/43 101/129 -37/129   39/43  47/129  11/129    3/43  41/129 107/129]
[ -17/43  83/129  -7/129  -21/43 173/129 -73/129   -9/43  53/129 -91/129   19/43 -19/129 -61/129   63/43    -1/3  17/129]
[  37/43 -19/129 143/129   27/43  53/129  59/129   33/43 173/129  23/129   55/43  83/129  35/129   93/43  41/129  95/129]
[  61/43  47/129 203/129   45/43 101/129 101/129   45/43 203/129  47/129   61/43  95/129  41/129   93/43  35/129  83/129]
[  55/43  23/129 173/129   33/43  59/129  53/129   27/43 143/129 -19/129   37/43  17/129    -1/3   63/43 -61/129 -19/129]
[  19/43 -91/129  53/129   -9/43 -73/129 173/129  -21/43  -7/129  83/129  -17/43 107/129  41/129    3/43  11/129  47/129]
[  39/43 -37/129 101/129    5/43 -37/129 203/129  -13/43  11/129  95/129  -15/43 107/129  35/129   -1/43  -7/129  23/129]
[  29/43 -73/129  59/129  -11/43 -91/129 143/129  -35/43 -61/129  17/129       0       0       0       0       0       0]
Testing obstruction for
m1: 2, m2: 22,a: 0
[     -1 -37/129 -19/129  -25/43  53/129 107/129   29/43 251/129 341/129  119/43 557/129 683/129  159/43 455/129 359/129]
[  63/43 203/129 143/129    3/43  59/129  35/129  -21/43  23/129  35/129   -9/43  95/129 143/129   39/43 275/129 359/129]
[ 123/43 563/129 683/129  157/43 443/129 341/129   55/43 173/129 107/129  -11/43  11/129 -19/129  -41/43    -1/3 -37/129]
[ -35/43  11/129  53/129    7/43 173/129 251/129   85/43 443/129 557/129  199/43 563/129 455/129   91/43 275/129 203/129]
[  19/43  95/129  59/129  -17/43  23/129  23/129  -17/43  59/129  95/129   19/43 203/129 275/129   91/43 455/129 563/129]
[ 199/43 557/129 443/129   85/43 251/129 173/129    7/43  53/129  11/129  -35/43 -37/129    -1/3  -41/43 -19/129  11/129]
[ -11/43 107/129 173/129   55/43 341/129 443/129  157/43 683/129 563/129  123/43 359/129 275/129   39/43 143/129  95/129]
[  -9/43  35/129  23/129  -21/43  35/129  59/129    3/43 143/129 203/129   63/43 359/129 455/129  159/43 683/129 557/129]
[ 119/43 341/129 251/129   29/43 107/129  53/129  -25/43 -19/129 -37/129       0       0       0       0       0       0]
[-37/129, -19/129, -25/43]
20 [-37/129, -19/129, 61/43]
[-37/129, -19/129, -25/43]
23 [-37/129, -19/129, 61/43]
Testing obstruction for
m1: 4, m2: 10,a: 1
[      -1 -115/129  -73/129    -1/43   95/129  221/129    39/43   41/129   -7/129    -9/43  -19/129   17/129    27/43  173/129  293/129]
[   61/43  101/129   47/129     7/43   23/129   53/129    37/43  197/129  311/129    65/43  107/129   47/129     5/43   11/129   35/129]
[   29/43  167/129  275/129    51/43   59/129   -7/129   -15/43  -55/129  -37/129     3/43   83/129  185/129   105/43      5/3  143/129]
[   33/43   83/129   95/129    45/43  203/129  299/129    55/43   59/129  -19/129   -23/43  -91/129  -85/129   -17/43   11/129  101/129]
[   73/43  107/129   23/129   -11/43  -61/129  -61/129   -11/43   23/129  107/129    73/43  101/129   11/129   -17/43  -85/129  -91/129]
[  -23/43  -19/129   59/129    55/43  299/129  203/129    45/43   95/129   83/129    33/43  143/129      5/3   105/43  185/129   83/129]
[    3/43  -37/129  -55/129   -15/43   -7/129   59/129    51/43  275/129  167/129    29/43   35/129   11/129     5/43   47/129  107/129]
[   65/43  311/129  197/129    37/43   53/129   23/129     7/43   47/129  101/129    61/43  293/129  173/129    27/43   17/129  -19/129]
[   -9/43   -7/129   41/129    39/43  221/129   95/129    -1/43  -73/129 -115/129        0        0        0        0        0        0]
Testing obstruction for
m1: 6, m2: 8,a: 3
[      -1 -107/129  -41/129    23/43  223/129  163/129    49/43  175/129  247/129    35/43    7/129  -47/129   -19/43  -23/129   55/129]
[   59/43   85/129   37/129    11/43   73/129  157/129     9/43  -59/129 -101/129   -33/43  -53/129   37/129    57/43   91/129   55/129]
[   21/43  115/129  211/129    31/43   19/129  -11/129     1/43   61/129  163/129    17/43  -17/129  -41/129    -7/43      1/3  151/129]
[   15/43  -17/129  -35/129    -3/43   61/129  175/129    25/43   19/129    7/129    13/43  115/129  235/129    47/43   91/129   85/129]
[   41/43  205/129   73/129    -5/43  -59/129  -59/129    -5/43   73/129  205/129    41/43   85/129   91/129    47/43  235/129  115/129]
[   13/43    7/129   19/129    25/43  175/129   61/129    -3/43  -35/129  -17/129    15/43  151/129      1/3    -7/43  -41/129  -17/129]
[   17/43  163/129   61/129     1/43  -11/129   19/129    31/43  211/129  115/129    21/43   55/129   91/129    57/43   37/129  -53/129]
[  -33/43 -101/129  -59/129     9/43  157/129   73/129    11/43   37/129   85/129    59/43   55/129  -23/129   -19/43  -47/129    7/129]
[   35/43  247/129  175/129    49/43  163/129  223/129    23/43  -41/129 -107/129        0        0        0        0        0        0]
Testing obstruction for
m1: 12, m2: 12,a: 10
[     -1 -83/129  55/129    9/43  91/129 -11/129   -7/43  61/129 235/129   81/43 343/129 277/129  101/43 163/129 115/129]
[  53/43  37/129   7/129   23/43 -35/129 -47/129   11/43 -53/129 -47/129   17/43 -17/129   7/129   41/43  73/129 115/129]
[  83/43 217/129 277/129   57/43 157/129 235/129   49/43 151/129 -11/129  -27/43 -59/129  55/129    1/43     1/3 -83/129]
[ -39/43 -59/129  91/129   25/43 151/129  61/129   21/43 157/129 343/129  121/43 217/129 163/129   67/43  73/129  37/129]
[  31/43 -17/129 -35/129   13/43 -53/129 -53/129   13/43 -35/129 -17/129   31/43  37/129  73/129   67/43 163/129 217/129]
[ 121/43 343/129 157/129   21/43  61/129 151/129   25/43  91/129 -59/129  -39/43 -83/129     1/3    1/43  55/129 -59/129]
[ -27/43 -11/129 151/129   49/43 235/129 157/129   57/43 277/129 217/129   83/43 115/129  73/129   41/43   7/129 -17/129]
[  17/43 -47/129 -53/129   11/43 -47/129 -35/129   23/43   7/129  37/129   53/43 115/129 163/129  101/43 277/129 343/129]
[  81/43 235/129  61/129   -7/43 -11/129  91/129    9/43  55/129 -83/129       0       0       0       0       0       0]
---------------------------
SUCCESS for name = 13a4869
---------------------------
13a4871
Correction terms
[     -1 -79/101 -13/101  97/101  49/101  45/101  85/101 169/101  95/101  65/101  79/101 137/101  37/101 -19/101 -31/101]
[  1/101  77/101  -5/101 -43/101 -37/101  13/101 107/101  43/101  23/101  47/101 115/101  25/101 -21/101 -23/101  19/101]
[105/101  33/101   5/101  21/101  81/101 185/101 131/101 121/101 155/101  31/101 -49/101 -85/101 -77/101 -25/101  71/101]
[  9/101  -9/101  17/101  87/101 201/101 157/101 157/101 201/101  87/101  17/101  -9/101   9/101  71/101 -25/101 -77/101]
[-85/101 -49/101  31/101 155/101 121/101 131/101 185/101  81/101  21/101   5/101  33/101 105/101  19/101 -23/101 -21/101]
[ 25/101 115/101  47/101  23/101  43/101 107/101  13/101 -37/101 -43/101  -5/101  77/101   1/101 -31/101 -19/101  37/101]
[137/101  79/101  65/101  95/101 169/101  85/101  45/101  49/101  97/101 -13/101 -79/101       0       0       0       0]
Testing obstruction for
m1: 2, m2: 18,a: 1
[     -1 -95/101 -77/101 -47/101  -5/101  49/101 115/101 193/101 283/101 385/101 297/101 221/101 157/101 105/101  65/101]
[ 37/101  21/101  17/101  25/101  45/101  77/101 121/101 177/101 245/101 325/101 417/101 319/101 233/101 159/101  97/101]
[ 47/101   9/101 -17/101 -31/101 -33/101 -23/101  -1/101  33/101  79/101 137/101 207/101 289/101 383/101 287/101 203/101]
[131/101  71/101  23/101 -13/101 -37/101 -49/101 -49/101 -37/101 -13/101  23/101  71/101 131/101 203/101 287/101 383/101]
[289/101 207/101 137/101  79/101  33/101  -1/101 -23/101 -33/101 -31/101 -17/101   9/101  47/101  97/101 159/101 233/101]
[319/101 417/101 325/101 245/101 177/101 121/101  77/101  45/101  25/101  17/101  21/101  37/101  65/101 105/101 157/101]
[221/101 297/101 385/101 283/101 193/101 115/101  49/101  -5/101 -47/101 -77/101 -95/101       0       0       0       0]
Testing obstruction for
m1: 4, m2: 8,a: 1
[     -1 -87/101 -45/101  25/101 123/101  47/101  -1/101 -21/101 -13/101  23/101  87/101 179/101  97/101  43/101  17/101]
[ 19/101  49/101 107/101 193/101 105/101  45/101  13/101   9/101  33/101  85/101 165/101  71/101   5/101 -33/101 -43/101]
[-25/101  21/101  95/101 197/101 125/101  81/101  65/101  77/101 117/101 185/101  79/101   1/101 -49/101 -71/101 -65/101]
[-31/101  31/101 121/101  37/101 -19/101 -47/101 -47/101 -19/101  37/101 121/101  31/101 -31/101 -65/101 -71/101 -49/101]
[  1/101  79/101 185/101 117/101  77/101  65/101  81/101 125/101 197/101  95/101  21/101 -25/101 -43/101 -33/101   5/101]
[ 71/101 165/101  85/101  33/101   9/101  13/101  45/101 105/101 193/101 107/101  49/101  19/101  17/101  43/101  97/101]
[179/101  87/101  23/101 -13/101 -21/101  -1/101  47/101 123/101  25/101 -45/101 -87/101       0       0       0       0]
Testing obstruction for
m1: 6, m2: 8,a: 4
[     -1 -81/101 -21/101  79/101  17/101  -5/101  13/101  71/101 169/101 105/101  81/101  97/101 153/101  47/101 -19/101]
[-45/101 -31/101  23/101 117/101  49/101  21/101  33/101  85/101 177/101 107/101  77/101  87/101 137/101  25/101 -47/101]
[-79/101 -71/101 -23/101  65/101  -9/101 -43/101 -37/101   9/101  95/101  19/101 -17/101 -13/101  31/101 115/101  37/101]
[ -1/101   1/101  43/101 125/101  45/101   5/101   5/101  45/101 125/101  43/101   1/101  -1/101  37/101 115/101  31/101]
[-13/101 -17/101  19/101  95/101   9/101 -37/101 -43/101  -9/101  65/101 -23/101 -71/101 -79/101 -47/101  25/101 137/101]
[ 87/101  77/101 107/101 177/101  85/101  33/101  21/101  49/101 117/101  23/101 -31/101 -45/101 -19/101  47/101 153/101]
[ 97/101  81/101 105/101 169/101  71/101  13/101  -5/101  17/101  79/101 -21/101 -81/101       0       0       0       0]
Testing obstruction for
m1: 26, m2: 26,a: 25
[     -1 -97/101 -85/101 -65/101 -37/101  -1/101  43/101  95/101 155/101 223/101 299/101 383/101 475/101 575/101 481/101]
[395/101 317/101 247/101 185/101 131/101  85/101  47/101  17/101  -5/101 -19/101 -25/101 -23/101 -13/101   5/101  31/101]
[ 65/101 107/101 157/101 215/101 281/101 355/101 437/101 527/101 625/101 529/101 441/101 361/101 289/101 225/101 169/101]
[121/101  81/101  49/101  25/101   9/101   1/101   1/101   9/101  25/101  49/101  81/101 121/101 169/101 225/101 289/101]
[361/101 441/101 529/101 625/101 527/101 437/101 355/101 281/101 215/101 157/101 107/101  65/101  31/101   5/101 -13/101]
[-23/101 -25/101 -19/101  -5/101  17/101  47/101  85/101 131/101 185/101 247/101 317/101 395/101 481/101 575/101 475/101]
[383/101 299/101 223/101 155/101  95/101  43/101  -1/101 -37/101 -65/101 -85/101 -97/101       0       0       0       0]
---------------------------
SUCCESS for name = 13a4871
---------------------------
13a4872
Correction terms
[    -1  19/85  -9/85   1/85  49/85  27/17  89/85  81/85 111/85   9/85 -11/17  89/85 -69/85 -19/85  69/85]
[  5/17  19/85    3/5 121/85  59/85   7/17  49/85 -69/85  21/85 -21/85  -5/17   9/85  81/85  21/85  -1/85]
[ 37/17  69/85  -9/85 121/85   -3/5  -3/17  59/85   1/85 -19/85  -1/85  11/17 -21/85 111/85 111/85 -21/85]
[ 11/17  -1/85 -19/85   1/85  59/85  -3/17   -3/5 121/85  -9/85  69/85  37/17  -1/85  21/85  81/85   9/85]
[ -5/17 -21/85  21/85 -69/85  49/85   7/17  59/85 121/85    3/5  19/85   5/17  69/85 -19/85 -69/85  89/85]
[-11/17   9/85 111/85  81/85  89/85  27/17  49/85   1/85  -9/85  19/85      0      0      0      0      0]
Testing obstruction for
m1: 6, m2: 6,a: 3
[    -1 -63/85   3/85 113/85  97/85  25/17  27/85 -27/85 -37/85  -3/85  15/17  27/85  23/85  63/85 -23/85]
[-13/17 -63/85   -1/5  73/85  37/85   9/17  97/85  23/85  -7/85   7/85  13/17  -3/85 -27/85  -7/85  57/85]
[ -1/17 -23/85   3/85  73/85    1/5   1/17  37/85 113/85  63/85  57/85  19/17   7/85 -37/85 -37/85   7/85]
[ 19/17  57/85  63/85 113/85  37/85   1/17    1/5  73/85   3/85 -23/85  -1/17  57/85  -7/85 -27/85  -3/85]
[ 13/17   7/85  -7/85  23/85  97/85   9/17  37/85  73/85   -1/5 -63/85 -13/17 -23/85  63/85  23/85  27/85]
[ 15/17  -3/85 -37/85 -27/85  27/85  25/17  97/85 113/85   3/85 -63/85      0      0      0      0      0]
Testing obstruction for
m1: 22, m2: 22,a: 21
[    -1 -81/85 -69/85 -49/85 -21/85   3/17  59/85 111/85 171/85 239/85  63/17 399/85 321/85 251/85 189/85]
[ 27/17  89/85    3/5  21/85  -1/85  -3/17 -21/85 -19/85  -9/85   9/85   7/17  69/85 111/85 161/85 219/85]
[ 57/17 359/85 441/85 361/85   17/5  45/17 169/85 121/85  81/85  49/85   5/17   9/85   1/85   1/85   9/85]
[  5/17  49/85  81/85 121/85 169/85  45/17   17/5 361/85 441/85 359/85  57/17 219/85 161/85 111/85  69/85]
[  7/17   9/85  -9/85 -19/85 -21/85  -3/17  -1/85  21/85    3/5  89/85  27/17 189/85 251/85 321/85 399/85]
[ 63/17 239/85 171/85 111/85  59/85   3/17 -21/85 -49/85 -69/85 -81/85      0      0      0      0      0]
---------------------------
SUCCESS for name = 13a4872
---------------------------
