13a379
Correction terms
[      -1 -169/205  -61/205  119/205  -39/205   -25/41 -139/205  -81/205   49/205 -159/205    23/41   51/205 -351/205  139/205 -119/205]
[   21/41   -9/205  -51/205  -21/205   81/205   -31/41   91/205   -1/205  -21/205   31/205   -51/41  -59/205  209/205 -271/205  141/205]
[  -39/41  -49/205  169/205   49/205    1/205     5/41 -289/205 -121/205  119/205   21/205    -1/41      1/5 -251/205  -61/205 -209/205]
[   25/41  121/205 -221/205  -81/205 -279/205     1/41  -49/205  -31/205   59/205 -189/205     9/41  -59/205  -91/205  -51/205   61/205]
[  -33/41   91/205    9/205   -1/205   61/205   -43/41   -9/205 -141/205 -201/205  221/205   -21/41   51/205 -131/205 -241/205  131/205]
[   33/41 -139/205   39/205 -121/205 -209/205    37/41 -169/205     -1/5  159/205 -389/205    -9/41  -39/205   39/205  189/205    1/205]
[  -23/41 -159/205 -131/205  -31/205  141/205    -5/41 -119/205 -141/205  -91/205   31/205   -37/41   81/205    9/205    9/205   81/205]
[  -37/41   31/205  -91/205 -141/205 -119/205    -5/41  141/205  -31/205 -131/205 -159/205   -23/41    1/205  189/205   39/205  -39/205]
[   -9/41 -389/205  159/205     -1/5 -169/205    37/41 -209/205 -121/205   39/205 -139/205    33/41  131/205 -241/205 -131/205   51/205]
[  -21/41  221/205 -201/205 -141/205   -9/205   -43/41   61/205   -1/205    9/205   91/205   -33/41   61/205  -51/205  -91/205  -59/205]
[    9/41 -189/205   59/205  -31/205  -49/205     1/41 -279/205  -81/205 -221/205  121/205    25/41 -209/205  -61/205 -251/205      1/5]
[   -1/41   21/205  119/205 -121/205 -289/205     5/41    1/205   49/205  169/205  -49/205   -39/41  141/205 -271/205  209/205  -59/205]
[  -51/41   31/205  -21/205   -1/205   91/205   -31/41   81/205  -21/205  -51/205   -9/205    21/41 -119/205  139/205 -351/205   51/205]
[   23/41 -159/205   49/205  -81/205 -139/205   -25/41  -39/205  119/205  -61/205 -169/205        0        0        0        0        0]
Testing obstruction for
m1: 6, m2: 10,a: 1
[      -1 -183/205 -117/205   -7/205  147/205    69/41  177/205   53/205  -27/205  -63/205   -11/41   -3/205   93/205  233/205  417/205]
[   47/41   97/205    3/205  -47/205  -53/205    -3/41   67/205  193/205  363/205  577/205    85/41  317/205  253/205  233/205  257/205]
[   65/41  437/205  593/205  383/205  217/205    19/41   17/205  -17/205   -7/205   47/205    29/41      7/5  473/205  293/205  157/205]
[   13/41   17/205   13/205   53/205  137/205    53/41  437/205  243/205   93/205  -13/205   -15/41  -93/205  -67/205    3/205  117/205]
[   55/41  477/205  313/205  193/205  117/205    17/41   97/205  153/205  253/205  397/205   117/41  407/205  273/205  183/205  137/205]
[   27/41  177/205  263/205  393/205  567/205    75/41  227/205      3/5   63/205   47/205    15/41  147/205  263/205  423/205  217/205]
[   11/41  -63/205 -137/205 -167/205 -153/205   -19/41    7/205  153/205  343/205  167/205     7/41  -53/205  -97/205  -97/205  -53/205]
[    7/41  167/205  343/205  153/205    7/205   -19/41 -153/205 -167/205 -137/205  -63/205    11/41  217/205  423/205  263/205  147/205]
[   15/41   47/205   63/205      3/5  227/205    75/41  567/205  393/205  263/205  177/205    27/41  137/205  183/205  273/205  407/205]
[  117/41  397/205  253/205  153/205   97/205    17/41  117/205  193/205  313/205  477/205    55/41  117/205    3/205  -67/205  -93/205]
[  -15/41  -13/205   93/205  243/205  437/205    53/41  137/205   53/205   13/205   17/205    13/41  157/205  293/205  473/205      7/5]
[   29/41   47/205   -7/205  -17/205   17/205    19/41  217/205  383/205  593/205  437/205    65/41  257/205  233/205  253/205  317/205]
[   85/41  577/205  363/205  193/205   67/205    -3/41  -53/205  -47/205    3/205   97/205    47/41  417/205  233/205   93/205   -3/205]
[  -11/41  -63/205  -27/205   53/205  177/205    69/41  147/205   -7/205 -117/205 -183/205        0        0        0        0        0]
Testing obstruction for
m1: 12, m2: 12,a: 9
[      -1 -159/205  -21/205  209/205  121/205    25/41  221/205  409/205  279/205  241/205    59/41  441/205  269/205  189/205  201/205]
[   61/41   91/205  -31/205  -61/205    1/205    31/41   -9/205  -81/205  -61/205   51/205    51/41  141/205  119/205  189/205  351/205]
[  121/41  541/205  569/205  279/205   81/205    -5/41  -39/205   39/205  209/205   61/205     1/41      1/5  169/205  -21/205 -119/205]
[  -25/41  -39/205  139/205  409/205  361/205    81/41  541/205  359/205  269/205  271/205    73/41  141/205    9/205  -31/205   21/205]
[   33/41   -9/205  -91/205  -81/205   21/205    43/41   91/205   59/205  119/205  271/205   103/41  441/205  459/205  569/205  361/205]
[   49/41  221/205  289/205   39/205 -119/205   -37/41 -159/205     -1/5  169/205   61/205     9/41  121/205  289/205  139/205   81/205]
[   23/41  241/205  459/205  359/205  351/205    87/41  201/205   59/205    9/205   51/205    37/41    1/205  -91/205  -91/205    1/205]
[   37/41   51/205    9/205   59/205  201/205    87/41  351/205  359/205  459/205  241/205    23/41   81/205  139/205  289/205  121/205]
[    9/41   61/205  169/205     -1/5 -159/205   -37/41 -119/205   39/205  289/205  221/205    49/41  361/205  569/205  459/205  441/205]
[  103/41  271/205  119/205   59/205   91/205    43/41   21/205  -81/205  -91/205   -9/205    33/41   21/205  -31/205    9/205  141/205]
[   73/41  271/205  269/205  359/205  541/205    81/41  361/205  409/205  139/205  -39/205   -25/41 -119/205  -21/205  169/205      1/5]
[    1/41   61/205  209/205   39/205  -39/205    -5/41   81/205  279/205  569/205  541/205   121/41  351/205  189/205  119/205  141/205]
[   51/41   51/205  -61/205  -81/205   -9/205    31/41    1/205  -61/205  -31/205   91/205    61/41  201/205  189/205  269/205  441/205]
[   59/41  241/205  279/205  409/205  221/205    25/41  121/205  209/205  -21/205 -159/205        0        0        0        0        0]
Unobstructed
9
---------------------------
---------------------------
13a2129
Correction terms
[      -1  145/213  -59/213     9/71  -23/213  217/213   107/71  289/213  121/213    81/71  229/213   79/213    73/71  223/213   91/213]
[   83/71 -155/213  157/213   -31/71  -53/213 -149/213    15/71  103/213   25/213    79/71  313/213  253/213    19/71  151/213  109/213]
[  119/71   43/213   19/213    95/71  -11/213  -17/213   -53/71  -11/213    1/213   -41/71   43/213   73/213   131/71  151/213  199/213]
[   37/71  313/213  -47/213   103/71  103/213  187/213    45/71  -53/213   49/213     5/71 -155/213  -35/213   -17/71  223/213  -65/213]
[  121/71  229/213  385/213    -7/71  289/213   37/213    25/71  -23/213  169/213    75/71  145/213     -1/3     1/71  -59/213  169/213]
[  -55/71  217/213   37/213    49/71  121/213  385/213    29/71   79/213  -65/213    27/71   91/213  -35/213    43/71  157/213   49/213]
[   77/71 -149/213  187/213   -13/71   25/213  -47/213    57/71  253/213  199/213     3/71  109/213   73/213   -33/71   19/213    1/213]
[   91/71  -17/213  -17/213    91/71    1/213   19/213   -33/71   73/213  109/213     3/71  199/213  253/213    57/71  -47/213   25/213]
[  -13/71  187/213 -149/213    77/71   49/213  157/213    43/71  -35/213   91/213    27/71  -65/213   79/213    29/71  385/213  121/213]
[   49/71   37/213  217/213   -55/71  169/213  -59/213     1/71     -1/3  145/213    75/71  169/213  -23/213    25/71   37/213  289/213]
[   -7/71  385/213  229/213   121/71  -65/213  223/213   -17/71  -35/213 -155/213     5/71   49/213  -53/213    45/71  187/213  103/213]
[  103/71  -47/213  313/213    37/71  199/213  151/213   131/71   73/213   43/213   -41/71    1/213  -11/213   -53/71  -17/213  -11/213]
[   95/71   19/213   43/213   119/71  109/213  151/213    19/71  253/213  313/213    79/71   25/213  103/213    15/71 -149/213  -53/213]
[  -31/71  157/213 -155/213    83/71   91/213  223/213    73/71   79/213  229/213    81/71  121/213  289/213   107/71  217/213  -23/213]
[    9/71  -59/213  145/213        0        0        0        0        0        0        0        0        0        0        0        0]
Testing obstruction for
m1: 2, m2: 36,a: 0
[      -1  -65/213  -47/213   -53/71   25/213   79/213     1/71  223/213  313/213    91/71  529/213  655/213   217/71  943/213 1105/213]
[  379/71 1465/213 1663/213   577/71 1669/213 1477/213   385/71 1129/213  973/213   229/71  697/213  577/213   109/71  373/213  289/213]
[   25/71  157/213  109/213   -23/71   49/213   37/213   -35/71   49/213   73/213   -11/71  157/213  217/213    49/71  373/213  469/213]
[  145/71  697/213  829/213   277/71 1129/213 1297/213   445/71 1669/213 1873/213   507/71 1465/213 1279/213   321/71  943/213  793/213]
[  171/71  529/213  415/213    57/71  223/213  145/213   -21/71   25/213  -17/213   -63/71  -65/213     -1/3   -69/71  -47/213  -17/213]
[  -39/71   79/213  145/213    27/71  313/213  415/213   129/71  655/213  793/213   267/71 1105/213 1279/213   441/71 1663/213 1873/213]
[  509/71 1477/213 1297/213   329/71  973/213  829/213   185/71  577/213  469/213    77/71  289/213  217/213     5/71  109/213   73/213]
[  -31/71   37/213   37/213   -31/71   73/213  109/213     5/71  217/213  289/213    77/71  469/213  577/213   185/71  829/213  973/213]
[  329/71 1297/213 1477/213   509/71 1873/213 1663/213   441/71 1279/213 1105/213   267/71  793/213  655/213   129/71  415/213  313/213]
[   27/71  145/213   79/213   -39/71  -17/213  -47/213   -69/71     -1/3  -65/213   -63/71  -17/213   25/213   -21/71  145/213  223/213]
[   57/71  415/213  529/213   171/71  793/213  943/213   321/71 1279/213 1465/213   507/71 1873/213 1669/213   445/71 1297/213 1129/213]
[  277/71  829/213  697/213   145/71  469/213  373/213    49/71  217/213  157/213   -11/71   73/213   49/213   -35/71   37/213   49/213]
[  -23/71  109/213  157/213    25/71  289/213  373/213   109/71  577/213  697/213   229/71  973/213 1129/213   385/71 1477/213 1669/213]
[  577/71 1663/213 1465/213   379/71 1105/213  943/213   217/71  655/213  529/213    91/71  313/213  223/213     1/71   79/213   25/213]
[  -53/71  -47/213  -65/213        0        0        0        0        0        0        0        0        0        0        0        0]
[-65/213, -47/213, -53/71, 25/213, 79/213, 1/71, 223/213, 313/213, 91/71, 529/213, 655/213, 217/71, 943/213, 1105/213, 379/71, 1465/213, 1663/213, 577/71, 1669/213, 1477/213, 385/71, 1129/213, 973/213, 229/71, 697/213, 577/213, 109/71, 373/213, 289/213, 25/71, 157/213, 109/213, -23/71]
59 [-65/213, -47/213, -53/71, 25/213, 79/213, 1/71, 223/213, 313/213, 91/71, 103/213, 229/213, 75/71, 91/213, 253/213, 95/71, 187/213, 385/213, 9/71, -35/213, 199/213, -41/71, -149/213, 121/213, -55/71, -155/213, 151/213, -33/71, -53/213, 289/213, 25/71, 157/213, 109/213, 119/71]
[-65/213, -47/213, -53/71, 25/213, 79/213, 1/71, 223/213, 313/213, 91/71, 529/213, 655/213, 217/71, 943/213, 1105/213, 379/71, 1465/213, 1663/213, 577/71, 1669/213, 1477/213, 385/71, 1129/213, 973/213, 229/71, 697/213, 577/213, 109/71, 373/213, 289/213, 25/71, 157/213, 109/213, -23/71]
83 [-65/213, -47/213, -53/71, 25/213, 79/213, 1/71, 223/213, 313/213, 91/71, 103/213, 229/213, 75/71, 91/213, 253/213, 95/71, 187/213, 385/213, 9/71, -35/213, 199/213, -41/71, -149/213, 121/213, -55/71, -155/213, 151/213, -33/71, -53/213, 289/213, 25/71, 157/213, 109/213, 119/71]
Testing obstruction for
m1: 4, m2: 16,a: 1
[      -1 -199/213 -157/213   -29/71   11/213  137/213    97/71  473/213  683/213   165/71  335/213  203/213    33/71   23/213  -25/213]
[  -15/71  -37/213   -1/213    21/71  155/213  275/213   141/71  599/213  803/213   203/71  443/213  305/213    65/71  113/213   59/213]
[   11/71   35/213   65/213    41/71  209/213  323/213   155/71  635/213  833/213   211/71  461/213  317/213    67/71  113/213   53/213]
[    7/71   17/213   41/213    31/71  173/213  281/213   139/71  581/213  773/213   189/71  389/213  239/213    39/71   23/213  -43/213]
[  -27/71  -91/213  -73/213    -9/71   47/213  149/213    93/71  437/213  623/213   279/71  653/213      7/3   123/71  269/213  197/213]
[   51/71  137/213  149/213    63/71  257/213  353/213   159/71  629/213  809/213   197/71  401/213  239/213    35/71   -1/213  -79/213]
[  -43/71 -151/213 -145/213   -37/71  -49/213   41/213    53/71  305/213  479/213   227/71  485/213  317/213    59/71   65/213  -19/213]
[  -25/71 -103/213 -103/213   -25/71  -19/213   65/213    59/71  317/213  485/213   227/71  479/213  305/213    53/71   41/213  -49/213]
[  -37/71 -145/213 -151/213   -43/71  -79/213   -1/213    35/71  239/213  401/213   197/71  809/213  629/213   159/71  353/213  257/213]
[   63/71  149/213  137/213    51/71  197/213  269/213   123/71      7/3  653/213   279/71  623/213  437/213    93/71  149/213   47/213]
[   -9/71  -73/213  -91/213   -27/71  -43/213   23/213    39/71  239/213  389/213   189/71  773/213  581/213   139/71  281/213  173/213]
[   31/71   41/213   17/213     7/71   53/213  113/213    67/71  317/213  461/213   211/71  833/213  635/213   155/71  323/213  209/213]
[   41/71   65/213   35/213    11/71   59/213  113/213    65/71  305/213  443/213   203/71  803/213  599/213   141/71  275/213  155/213]
[   21/71   -1/213  -37/213   -15/71  -25/213   23/213    33/71  203/213  335/213   165/71  683/213  473/213    97/71  137/213   11/213]
[  -29/71 -157/213 -199/213        0        0        0        0        0        0        0        0        0        0        0        0]
Testing obstruction for
m1: 54, m2: 54,a: 53
[      -1 -209/213 -197/213   -59/71 -149/213 -113/213   -23/71  -17/213   43/213    37/71  187/213  271/213   121/71  463/213  571/213]
[  229/71  811/213  943/213   361/71 1231/213 1387/213   517/71 1723/213 1903/213   697/71 2287/213 2491/213   901/71 2497/213 2299/213]
[  703/71 1927/213 1753/213   529/71 1429/213 1279/213   379/71 1003/213  877/213   253/71  649/213  547/213   151/71  367/213  289/213]
[   73/71  157/213  103/213    19/71   19/213  -11/213   -11/71  -47/213  -53/213   -17/71  -41/213  -23/213     1/71   37/213   79/213]
[   43/71  187/213  253/213   109/71  409/213  499/213   199/71  703/213  817/213   313/71 1069/213     17/3   451/71 1507/213 1669/213]
[  613/71 2017/213 2203/213   799/71 2599/213 2809/213   867/71 2401/213 2209/213   675/71 1849/213 1681/213   507/71 1369/213 1225/213]
[  363/71  961/213  841/213   243/71  625/213  529/213   147/71  361/213  289/213    75/71  169/213  121/213    27/71   49/213   25/213]
[    3/71    1/213    1/213     3/71   25/213   49/213    27/71  121/213  169/213    75/71  289/213  361/213   147/71  529/213  625/213]
[  243/71  841/213  961/213   363/71 1225/213 1369/213   507/71 1681/213 1849/213   675/71 2209/213 2401/213   867/71 2809/213 2599/213]
[  799/71 2203/213 2017/213   613/71 1669/213 1507/213   451/71     17/3 1069/213   313/71  817/213  703/213   199/71  499/213  409/213]
[  109/71  253/213  187/213    43/71   79/213   37/213     1/71  -23/213  -41/213   -17/71  -53/213  -47/213   -11/71  -11/213   19/213]
[   19/71  103/213  157/213    73/71  289/213  367/213   151/71  547/213  649/213   253/71  877/213 1003/213   379/71 1279/213 1429/213]
[  529/71 1753/213 1927/213   703/71 2299/213 2497/213   901/71 2491/213 2287/213   697/71 1903/213 1723/213   517/71 1387/213 1231/213]
[  361/71  943/213  811/213   229/71  571/213  463/213   121/71  271/213  187/213    37/71   43/213  -17/213   -23/71 -113/213 -149/213]
[  -59/71 -197/213 -209/213        0        0        0        0        0        0        0        0        0        0        0        0]
---------------------------
SUCCESS for name = 13a2129
---------------------------
13a2767
Correction terms
[      -1 -137/177  -17/177    61/59  109/177  115/177    67/59   13/177  -95/177   -41/59  -71/177   61/177    91/59  211/177  229/177]
[  109/59  151/177   55/177    13/59  103/177  247/177    39/59   67/177   97/177    69/59   43/177  -41/177   -15/59   31/177  187/177]
[   23/59   31/177   73/177    65/59   43/177  -29/177    -7/59   67/177  235/177    43/59  103/177  157/177    97/59  151/177   91/177]
[   37/59  211/177   37/177   -19/59  -71/177   -5/177    47/59   13/177  -35/177    -1/59  109/177  -53/177   -45/59 -137/177     -1/3]
[   33/59  -17/177  -53/177    -3/59  115/177  -35/177   -35/59  -95/177   -5/177    55/59   61/177   37/177    31/59  229/177   91/177]
[   11/59   55/177  157/177   113/59  247/177  235/177   101/59   97/177  -29/177   -25/59  -41/177   73/177    89/59  187/177  187/177]
[   89/59   73/177  -41/177   -25/59  -29/177   97/177   101/59  235/177  247/177   113/59  157/177   55/177    11/59   91/177  229/177]
[   31/59   37/177   61/177    55/59   -5/177  -95/177   -35/59  -35/177  115/177    -3/59  -53/177  -17/177    33/59     -1/3 -137/177]
[  -45/59  -53/177  109/177    -1/59  -35/177   13/177    47/59   -5/177  -71/177   -19/59   37/177  211/177    37/59   91/177  151/177]
[   97/59  157/177  103/177    43/59  235/177   67/177    -7/59  -29/177   43/177    65/59   73/177   31/177    23/59  187/177   31/177]
[  -15/59  -41/177   43/177    69/59   97/177   67/177    39/59  247/177  103/177    13/59   55/177  151/177   109/59  229/177  211/177]
[   91/59   61/177  -71/177   -41/59  -95/177   13/177    67/59  115/177  109/177    61/59  -17/177 -137/177        0        0        0]
Testing obstruction for
m1: 2, m2: 30,a: 0
[      -1  -53/177  -35/177   -41/59   37/177   91/177    13/59  235/177  325/177   103/59  541/177  667/177   229/59  955/177 1117/177]
[  391/59 1123/177  967/177   235/59  691/177  571/177   115/59  367/177  283/177    31/59  151/177  103/177   -17/59   43/177   31/177]
[  -29/59   43/177   67/177    -5/59  151/177  211/177    55/59  367/177  463/177   151/59  691/177  823/177   283/59 1123/177 1291/177]
[  333/59  955/177  805/177   183/59  541/177  427/177    69/59  235/177  157/177    -9/59   37/177   -5/177   -51/59  -53/177     -1/3]
[  -57/59  -35/177   -5/177   -27/59   91/177  157/177    39/59  325/177  427/177   141/59  667/177  805/177   279/59 1117/177 1291/177]
[  335/59  967/177  823/177   191/59  571/177  463/177    83/59  283/177  211/177    11/59  103/177   67/177   -25/59   31/177   31/177]
[  -25/59   67/177  103/177    11/59  211/177  283/177    83/59  463/177  571/177   191/59  823/177  967/177   335/59 1291/177 1117/177]
[  279/59  805/177  667/177   141/59  427/177  325/177    39/59  157/177   91/177   -27/59   -5/177  -35/177   -57/59     -1/3  -53/177]
[  -51/59   -5/177   37/177    -9/59  157/177  235/177    69/59  427/177  541/177   183/59  805/177  955/177   333/59 1291/177 1123/177]
[  283/59  823/177  691/177   151/59  463/177  367/177    55/59  211/177  151/177    -5/59   67/177   43/177   -29/59   31/177   43/177]
[  -17/59  103/177  151/177    31/59  283/177  367/177   115/59  571/177  691/177   235/59  967/177 1123/177   391/59 1117/177  955/177]
[  229/59  667/177  541/177   103/59  325/177  235/177    13/59   91/177   37/177   -41/59  -35/177  -53/177        0        0        0]
[-53/177, -35/177, -41/59, 37/177, 91/177, 13/59, 235/177, 325/177, 103/59, 541/177, 667/177, 229/59, 955/177, 1117/177, 391/59, 1123/177, 967/177, 235/59, 691/177, 571/177, 115/59, 367/177, 283/177, 31/59, 151/177, 103/177, -17/59]
56 [-53/177, -35/177, -41/59, 37/177, 91/177, 13/59, 235/177, -29/177, -15/59, 187/177, -41/177, -7/59, 247/177, 55/177, 37/59, 61/177, -95/177, -1/59, -17/177, -137/177, -3/59, 13/177, -71/177, 31/59, 151/177, 103/177, 101/59]
[-53/177, -35/177, -41/59, 37/177, 91/177, 13/59, 235/177, 325/177, 103/59, 541/177, 667/177, 229/59, 955/177, 1117/177, 391/59, 1123/177, 967/177, 235/59, 691/177, 571/177, 115/59, 367/177, 283/177, 31/59, 151/177, 103/177, -17/59]
62 [-53/177, -35/177, -41/59, 37/177, 91/177, 13/59, 235/177, -29/177, -15/59, 187/177, -41/177, -7/59, 247/177, 55/177, 37/59, 61/177, -95/177, -1/59, -17/177, -137/177, -3/59, 13/177, -71/177, 31/59, 151/177, 103/177, 101/59]
Testing obstruction for
m1: 16, m2: 16,a: 14
[      -1 -115/177   71/177     9/59  107/177  -43/177   -23/59   29/177  251/177    81/59  359/177  245/177    85/59  389/177  647/177]
[  225/59  473/177  395/177   147/59  257/177  197/177    87/59   95/177   53/177    45/59  -13/177  -37/177    21/59  -67/177  -73/177]
[   15/59  -67/177  -55/177    27/59  -13/177   17/177    57/59   95/177  143/177   105/59  257/177  323/177   171/59  473/177  557/177]
[  137/59  389/177  491/177   121/59  359/177  125/177     5/59   29/177  167/177    25/59  107/177  -91/177   -55/59 -115/177      1/3]
[    1/59   71/177  -91/177   -43/59  -43/177  167/177    49/59  251/177  125/177    41/59  245/177  491/177   169/59  647/177  557/177]
[  197/59  395/177  323/177   125/59  197/177  143/177    71/59   53/177   17/177    35/59  -37/177  -55/177    17/59  -73/177  -73/177]
[   17/59  -55/177  -37/177    35/59   17/177   53/177    71/59  143/177  197/177   125/59  323/177  395/177   197/59  557/177  647/177]
[  169/59  491/177  245/177    41/59  125/177  251/177    49/59  167/177  -43/177   -43/59  -91/177   71/177     1/59      1/3 -115/177]
[  -55/59  -91/177  107/177    25/59  167/177   29/177     5/59  125/177  359/177   121/59  491/177  389/177   137/59  557/177  473/177]
[  171/59  323/177  257/177   105/59  143/177   95/177    57/59   17/177  -13/177    27/59  -55/177  -67/177    15/59  -73/177  -67/177]
[   21/59  -37/177  -13/177    45/59   53/177   95/177    87/59  197/177  257/177   147/59  395/177  473/177   225/59  647/177  389/177]
[   85/59  245/177  359/177    81/59  251/177   29/177   -23/59  -43/177  107/177     9/59   71/177 -115/177        0        0        0]
---------------------------
SUCCESS for name = 13a2767
---------------------------
13a2877
Correction terms
[      -1    5/341 -321/341   45/341 -261/341  125/341 -161/341  245/341  -21/341 -277/341  159/341    -7/31  379/341  163/341  -43/341]
[-239/341  257/341   81/341  -85/341 -241/341 -387/341  159/341     3/31  -83/341 -189/341 -285/341  311/341  235/341  169/341  113/341]
[  67/341     1/11    5/341    -1/31  -17/341  -13/341    1/341   25/341   59/341  103/341 -525/341  221/341 -387/341  379/341   -19/31]
[-105/341    9/341  133/341  267/341 -271/341 -117/341   47/341  221/341 -277/341  -83/341    11/31  335/341 -123/341  111/341 -327/341]
[ -73/341  191/341    -7/11   67/341 -321/341  -17/341    27/31  -61/341  273/341  -65/341  289/341  -29/341  345/341   47/341 -241/341]
[ 163/341 -105/341    29/31   71/341 -167/341 -395/341   69/341 -139/341  345/341 -525/341  -21/341 -189/341  335/341    17/31   49/341]
[ -79/341 -197/341  377/341   -13/11  191/341  113/341   45/341  -13/341  -61/341    -9/31 -127/341 -145/341 -153/341 -151/341 -139/341]
[-117/341  -85/341  -43/341    9/341   71/341    13/31  225/341  317/341 -263/341 -151/341  -29/341  103/341  245/341 -285/341 -123/341]
[  49/341    21/31 -259/341  -57/341   -17/11  377/341  -73/341  169/341 -261/341    1/341  273/341 -127/341    15/31 -215/341   97/341]
[-263/341   69/341 -271/341   81/341 -239/341  133/341 -167/341  225/341    -5/31 -325/341   97/341 -153/341  289/341   59/341 -161/341]
[ 311/341  111/341  -79/341 -259/341    23/31     3/11  -57/341 -197/341 -327/341  235/341  125/341   25/341  -65/341 -145/341 -215/341]
[   37/31 -325/341  317/341 -395/341  267/341  257/341  257/341  267/341 -395/341  317/341 -325/341    37/31 -215/341 -145/341  -65/341]
[  25/341  125/341  235/341 -327/341 -197/341  -57/341     3/11    23/31 -259/341  -79/341  111/341  311/341 -161/341   59/341  289/341]
[-153/341   97/341 -325/341    -5/31  225/341 -167/341  133/341 -239/341   81/341 -271/341   69/341 -263/341   97/341 -215/341    15/31]
[-127/341  273/341    1/341 -261/341  169/341  -73/341  377/341   -17/11  -57/341 -259/341    21/31   49/341 -123/341 -285/341  245/341]
[ 103/341  -29/341 -151/341 -263/341  317/341  225/341    13/31   71/341    9/341  -43/341  -85/341 -117/341 -139/341 -151/341 -153/341]
[-145/341 -127/341    -9/31  -61/341  -13/341   45/341  113/341  191/341   -13/11  377/341 -197/341  -79/341   49/341    17/31  335/341]
[-189/341  -21/341 -525/341  345/341 -139/341   69/341 -395/341 -167/341   71/341    29/31 -105/341  163/341 -241/341   47/341  345/341]
[ -29/341  289/341  -65/341  273/341  -61/341    27/31  -17/341 -321/341   67/341    -7/11  191/341  -73/341 -327/341  111/341 -123/341]
[ 335/341    11/31  -83/341 -277/341  221/341   47/341 -117/341 -271/341  267/341  133/341    9/341 -105/341   -19/31  379/341 -387/341]
[ 221/341 -525/341  103/341   59/341   25/341    1/341  -13/341  -17/341    -1/31    5/341     1/11   67/341  113/341  169/341  235/341]
[ 311/341 -285/341 -189/341  -83/341     3/31  159/341 -387/341 -241/341  -85/341   81/341  257/341 -239/341  -43/341  163/341  379/341]
[   -7/31  159/341 -277/341  -21/341  245/341 -161/341  125/341 -261/341   45/341 -321/341    5/341        0        0        0        0]
Testing obstruction for
m1: 6, m2: 16,a: 0
[      -1 -257/341   -5/341  415/341  321/341  395/341  637/341 1047/341 1625/341 1007/341  557/341    25/31  161/341  215/341  437/341]
[ 145/341   21/341   65/341  277/341  657/341  523/341  557/341    69/31 1129/341  985/341 1009/341  519/341  197/341   43/341   57/341]
[ 239/341    -3/11 -257/341   -23/31  -81/341  259/341  767/341  761/341  923/341 1253/341 1069/341 1053/341  523/341  161/341    -3/31]
[ -59/341   83/341  393/341  189/341  153/341  285/341  585/341 1053/341 1007/341 1129/341    67/31  513/341  457/341  569/341  167/341]
[ -67/341 -133/341    -1/11  239/341   -5/341  -81/341     1/31  271/341  699/341 1295/341 1377/341  945/341  681/341  585/341  657/341]
[ 215/341  -59/341   -15/31 -103/341  127/341  525/341  409/341  461/341  681/341 1069/341 1625/341  985/341  513/341    19/31   73/341]
[ 105/341  305/341   -9/341    -5/11 -133/341   57/341  415/341  259/341  271/341    41/31  799/341 1315/341 1317/341  805/341  461/341]
[ 285/341  277/341  437/341   83/341 -103/341   -11/31   29/341  347/341  833/341  805/341  945/341 1253/341 1047/341 1009/341  457/341]
[  73/341   -13/31 -191/341  -71/341     7/11   -9/341  -67/341   43/341  321/341  767/341  699/341  799/341    97/31  821/341  743/341]
[ 833/341  409/341  153/341   65/341  145/341  393/341  127/341   29/341     9/31  337/341  743/341 1317/341 1377/341  923/341  637/341]
[ 519/341  569/341  105/341 -191/341   -29/31    -9/11  -71/341  305/341  167/341  197/341  395/341  761/341 1295/341 1315/341  821/341]
[   45/31  337/341  347/341  525/341  189/341   21/341   21/341  189/341  525/341  347/341  337/341    45/31  821/341 1315/341 1295/341]
[ 761/341  395/341  197/341  167/341  305/341  -71/341    -9/11   -29/31 -191/341  105/341  569/341  519/341  637/341  923/341 1377/341]
[1317/341  743/341  337/341     9/31   29/341  127/341  393/341  145/341   65/341  153/341  409/341  833/341  743/341  821/341    97/31]
[ 799/341  699/341  767/341  321/341   43/341  -67/341   -9/341     7/11  -71/341 -191/341   -13/31   73/341  457/341 1009/341 1047/341]
[1253/341  945/341  805/341  833/341  347/341   29/341   -11/31 -103/341   83/341  437/341  277/341  285/341  461/341  805/341 1317/341]
[1315/341  799/341    41/31  271/341  259/341  415/341   57/341 -133/341    -5/11   -9/341  305/341  105/341   73/341    19/31  513/341]
[ 985/341 1625/341 1069/341  681/341  461/341  409/341  525/341  127/341 -103/341   -15/31  -59/341  215/341  657/341  585/341  681/341]
[ 945/341 1377/341 1295/341  699/341  271/341     1/31  -81/341   -5/341  239/341    -1/11 -133/341  -67/341  167/341  569/341  457/341]
[ 513/341    67/31 1129/341 1007/341 1053/341  585/341  285/341  153/341  189/341  393/341   83/341  -59/341    -3/31  161/341  523/341]
[1053/341 1069/341 1253/341  923/341  761/341  767/341  259/341  -81/341   -23/31 -257/341    -3/11  239/341   57/341   43/341  197/341]
[ 519/341 1009/341  985/341 1129/341    69/31  557/341  523/341  657/341  277/341   65/341   21/341  145/341  437/341  215/341  161/341]
[   25/31  557/341 1007/341 1625/341 1047/341  637/341  395/341  321/341  415/341   -5/341 -257/341        0        0        0        0]
Testing obstruction for
m1: 2, m2: 58,a: 1
[      -1 -335/341 -317/341 -287/341 -245/341 -191/341 -125/341  -47/341   43/341  145/341  259/341    35/31  523/341  673/341  835/341]
[1009/341 1195/341 1393/341 1603/341 1825/341 2059/341 2305/341   233/31 2833/341 3115/341 3409/341 3715/341 4033/341 4363/341 4705/341]
[4377/341   131/11 3757/341   315/31 3185/341 2917/341 2661/341 2417/341 2185/341 1965/341 1757/341 1561/341 1377/341 1205/341    95/31]
[ 897/341  761/341  637/341  525/341  425/341  337/341  261/341  197/341  145/341  105/341     7/31   61/341   57/341   65/341   85/341]
[ 117/341  161/341     7/11  285/341  365/341  457/341    51/31  677/341  805/341  945/341 1097/341 1261/341 1437/341 1625/341 1825/341]
[2037/341 2261/341   227/31 2745/341 3005/341 3277/341 3561/341 3857/341 4165/341 4485/341 4817/341 4479/341 4153/341   349/31 3537/341]
[3247/341 2969/341 2703/341    79/11 2207/341 1977/341 1759/341 1553/341 1359/341   107/31 1007/341  849/341  703/341  569/341  447/341]
[ 337/341  239/341  153/341   79/341   17/341    -3/31  -71/341  -97/341 -111/341 -113/341 -103/341  -81/341  -47/341   -1/341   57/341]
[ 127/341    19/31  303/341  409/341    17/11  657/341  799/341  953/341 1119/341 1297/341 1487/341 1689/341   173/31 2129/341 2367/341]
[2617/341 2879/341 3153/341 3439/341 3737/341 4047/341 4369/341 4703/341   397/31 4043/341 3731/341 3431/341 3143/341 2867/341 2603/341]
[2351/341 2111/341 1883/341 1667/341   133/31    41/11 1091/341  923/341  767/341  623/341  491/341  371/341  263/341  167/341   83/341]
[    1/31  -49/341  -97/341 -133/341 -157/341 -169/341 -169/341 -157/341 -133/341  -97/341  -49/341     1/31   83/341  167/341  263/341]
[ 371/341  491/341  623/341  767/341  923/341 1091/341    41/11   133/31 1667/341 1883/341 2111/341 2351/341 2603/341 2867/341 3143/341]
[3431/341 3731/341 4043/341   397/31 4703/341 4369/341 4047/341 3737/341 3439/341 3153/341 2879/341 2617/341 2367/341 2129/341   173/31]
[1689/341 1487/341 1297/341 1119/341  953/341  799/341  657/341    17/11  409/341  303/341    19/31  127/341   57/341   -1/341  -47/341]
[ -81/341 -103/341 -113/341 -111/341  -97/341  -71/341    -3/31   17/341   79/341  153/341  239/341  337/341  447/341  569/341  703/341]
[ 849/341 1007/341   107/31 1359/341 1553/341 1759/341 1977/341 2207/341    79/11 2703/341 2969/341 3247/341 3537/341   349/31 4153/341]
[4479/341 4817/341 4485/341 4165/341 3857/341 3561/341 3277/341 3005/341 2745/341   227/31 2261/341 2037/341 1825/341 1625/341 1437/341]
[1261/341 1097/341  945/341  805/341  677/341    51/31  457/341  365/341  285/341     7/11  161/341  117/341   85/341   65/341   57/341]
[  61/341     7/31  105/341  145/341  197/341  261/341  337/341  425/341  525/341  637/341  761/341  897/341    95/31 1205/341 1377/341]
[1561/341 1757/341 1965/341 2185/341 2417/341 2661/341 2917/341 3185/341   315/31 3757/341   131/11 4377/341 4705/341 4363/341 4033/341]
[3715/341 3409/341 3115/341 2833/341   233/31 2305/341 2059/341 1825/341 1603/341 1393/341 1195/341 1009/341  835/341  673/341  523/341]
[   35/31  259/341  145/341   43/341  -47/341 -125/341 -191/341 -245/341 -287/341 -317/341 -335/341        0        0        0        0]
Testing obstruction for
m1: 8, m2: 12,a: 1
[      -1 -311/341 -221/341  -71/341  139/341  409/341  739/341  447/341  215/341   43/341  -69/341   -11/31 -113/341  -45/341   83/341]
[ 271/341  519/341  827/341  513/341  259/341   65/341  -69/341   -13/31 -157/341 -111/341   -5/341  161/341  387/341  673/341 1019/341]
[ 743/341    17/11  371/341    25/31  239/341  263/341  347/341  491/341  695/341  959/341 1283/341  985/341  747/341  569/341    41/31]
[ 393/341  395/341  457/341  579/341  761/341 1003/341 1305/341  985/341  725/341  525/341    35/31  305/341  285/341  325/341  425/341]
[ 585/341  805/341    35/11  743/341  461/341  239/341     7/31  -25/341  -67/341  -49/341   29/341  167/341  365/341  623/341  941/341]
[ 637/341  393/341    19/31   85/341   21/341   17/341   73/341  189/341  365/341  601/341  897/341  571/341  305/341     9/31  -47/341]
[-133/341 -159/341 -125/341    -1/11  123/341  337/341  611/341  945/341  657/341    39/31  261/341  153/341  105/341  117/341  189/341]
[ 321/341  513/341  765/341 1077/341  767/341    47/31  327/341  197/341  127/341  117/341  167/341  277/341  447/341  677/341  967/341]
[1317/341    95/31  833/341  681/341    19/11  557/341  585/341  673/341  821/341 1029/341 1297/341  943/341    59/31  415/341  241/341]
[ 127/341   73/341   79/341  145/341  271/341  457/341  703/341 1009/341    63/31  437/341  241/341  105/341   29/341   13/341   57/341]
[ 161/341  325/341  549/341  833/341    45/31     7/11   -1/341 -159/341 -257/341 -295/341 -273/341 -191/341  -49/341  153/341  415/341]
[   67/31  437/341  197/341   17/341 -103/341 -163/341 -163/341 -103/341   17/341  197/341  437/341    67/31  415/341  153/341  -49/341]
[-191/341 -273/341 -295/341 -257/341 -159/341   -1/341     7/11    45/31  833/341  549/341  325/341  161/341   57/341   13/341   29/341]
[ 105/341  241/341  437/341    63/31 1009/341  703/341  457/341  271/341  145/341   79/341   73/341  127/341  241/341  415/341    59/31]
[ 943/341 1297/341 1029/341  821/341  673/341  585/341  557/341    19/11  681/341  833/341    95/31 1317/341  967/341  677/341  447/341]
[ 277/341  167/341  117/341  127/341  197/341  327/341    47/31  767/341 1077/341  765/341  513/341  321/341  189/341  117/341  105/341]
[ 153/341  261/341    39/31  657/341  945/341  611/341  337/341  123/341    -1/11 -125/341 -159/341 -133/341  -47/341     9/31  305/341]
[ 571/341  897/341  601/341  365/341  189/341   73/341   17/341   21/341   85/341    19/31  393/341  637/341  941/341  623/341  365/341]
[ 167/341   29/341  -49/341  -67/341  -25/341     7/31  239/341  461/341  743/341    35/11  805/341  585/341  425/341  325/341  285/341]
[ 305/341    35/31  525/341  725/341  985/341 1305/341 1003/341  761/341  579/341  457/341  395/341  393/341    41/31  569/341  747/341]
[ 985/341 1283/341  959/341  695/341  491/341  347/341  263/341  239/341    25/31  371/341    17/11  743/341 1019/341  673/341  387/341]
[ 161/341   -5/341 -111/341 -157/341   -13/31  -69/341   65/341  259/341  513/341  827/341  519/341  271/341   83/341  -45/341 -113/341]
[  -11/31  -69/341   43/341  215/341  447/341  739/341  409/341  139/341  -71/341 -221/341 -311/341        0        0        0        0]
Testing obstruction for
m1: 4, m2: 26,a: 2
[      -1 -327/341 -285/341 -215/341 -117/341    9/341  163/341  345/341  555/341  793/341 1059/341   123/31 1675/341 2025/341 1721/341]
[1445/341 1197/341  977/341  785/341  621/341  485/341  377/341    27/31  245/341  221/341  225/341  257/341  317/341  405/341  521/341]
[ 665/341    27/11 1037/341   115/31 1521/341 1805/341 2117/341 1775/341 1461/341 1175/341  917/341  687/341  485/341  311/341    15/31]
[  47/341  -43/341 -105/341 -139/341 -145/341 -123/341  -73/341    5/341  111/341  245/341    37/31  597/341  815/341 1061/341 1335/341]
[1637/341 1967/341    53/11 1347/341 1079/341  839/341    57/31  443/341  287/341  159/341   59/341  -13/341  -57/341  -73/341  -61/341]
[ -21/341   47/341    13/31  267/341  419/341  599/341  807/341 1043/341 1307/341 1599/341 1919/341 1585/341 1279/341    91/31  751/341]
[ 529/341  335/341  169/341     1/11  -79/341 -161/341 -215/341 -241/341 -239/341   -19/31 -151/341  -65/341   49/341  191/341  361/341]
[ 559/341  785/341 1039/341 1321/341 1631/341   179/31 1653/341 1365/341 1105/341  873/341  669/341  493/341  345/341  225/341  133/341]
[  69/341     3/31   25/341   45/341     3/11  169/341  273/341  405/341  565/341  753/341  969/341 1213/341   135/31 1785/341 2113/341]
[1787/341 1489/341 1219/341  977/341  763/341  577/341  419/341  289/341    17/31  113/341   67/341   49/341   59/341   97/341  163/341]
[ 257/341  379/341  529/341  707/341    83/31    37/11 1409/341 1699/341 2017/341 1681/341 1373/341 1093/341  841/341  617/341  421/341]
[   23/31  113/341    1/341  -83/341 -139/341 -167/341 -167/341 -139/341  -83/341    1/341  113/341    23/31  421/341  617/341  841/341]
[1093/341 1373/341 1681/341 2017/341 1699/341 1409/341    37/11    83/31  707/341  529/341  379/341  257/341  163/341   97/341   59/341]
[  49/341   67/341  113/341    17/31  289/341  419/341  577/341  763/341  977/341 1219/341 1489/341 1787/341 2113/341 1785/341   135/31]
[1213/341  969/341  753/341  565/341  405/341  273/341  169/341     3/11   45/341   25/341     3/31   69/341  133/341  225/341  345/341]
[ 493/341  669/341  873/341 1105/341 1365/341 1653/341   179/31 1631/341 1321/341 1039/341  785/341  559/341  361/341  191/341   49/341]
[ -65/341 -151/341   -19/31 -239/341 -241/341 -215/341 -161/341  -79/341     1/11  169/341  335/341  529/341  751/341    91/31 1279/341]
[1585/341 1919/341 1599/341 1307/341 1043/341  807/341  599/341  419/341  267/341    13/31   47/341  -21/341  -61/341  -73/341  -57/341]
[ -13/341   59/341  159/341  287/341  443/341    57/31  839/341 1079/341 1347/341    53/11 1967/341 1637/341 1335/341 1061/341  815/341]
[ 597/341    37/31  245/341  111/341    5/341  -73/341 -123/341 -145/341 -139/341 -105/341  -43/341   47/341    15/31  311/341  485/341]
[ 687/341  917/341 1175/341 1461/341 1775/341 2117/341 1805/341 1521/341   115/31 1037/341    27/11  665/341  521/341  405/341  317/341]
[ 257/341  225/341  221/341  245/341    27/31  377/341  485/341  621/341  785/341  977/341 1197/341 1445/341 1721/341 2025/341 1675/341]
[  123/31 1059/341  793/341  555/341  345/341  163/341    9/341 -117/341 -215/341 -285/341 -327/341        0        0        0        0]
Unobstructed
59
---------------------------
---------------------------
13a2879
H_1 not cyclic will skip for now
