12a1097
Correction terms
[      -1  187/217   97/217  -53/217  171/217  335/217    5/217     7/31   33/217  -43/217  255/217   59/217  237/217  -79/217    -3/31]
[ -23/217  -85/217  227/217   45/217  237/217  -65/217     1/31   19/217  -29/217 -137/217  129/217  335/217   47/217    19/31  159/217]
[ 125/217      1/7  311/217   97/217  257/217   -11/31  -37/217  -57/217 -137/217  157/217  -43/217  131/217    35/31  299/217 -141/217]
[ 227/217  101/217  -85/217  103/217    33/31  299/217 -127/217  255/217  143/217  -29/217  173/217    45/31  -37/217  -15/217  -53/217]
[-151/217  125/217     -3/7     9/31  159/217  195/217  171/217   87/217  -57/217  173/217    49/31   19/217   69/217   59/217  -11/217]
[-141/217  103/217    41/31  -23/217   41/217   45/217  -11/217 -127/217  131/217   -15/31   33/217  111/217  129/217   87/217  -15/217]
[ 257/217     5/31  187/217      9/7  311/217 -151/217  195/217   47/217   -23/31    5/217  111/217  157/217  143/217   69/217  -65/217]
[   25/31  -79/217   41/217  101/217  101/217   41/217  -79/217    25/31  -65/217   69/217  143/217  157/217  111/217    5/217   -23/31]
[  47/217  195/217 -151/217  311/217      9/7  187/217     5/31  257/217  -15/217   87/217  129/217  111/217   33/217   -15/31  131/217]
[-127/217  -11/217   45/217   41/217  -23/217    41/31  103/217 -141/217  -11/217   59/217   69/217   19/217    49/31  173/217  -57/217]
[  87/217  171/217  195/217  159/217     9/31     -3/7  125/217 -151/217  -53/217  -15/217  -37/217    45/31  173/217  -29/217  143/217]
[ 255/217 -127/217  299/217    33/31  103/217  -85/217  101/217  227/217 -141/217  299/217    35/31  131/217  -43/217  157/217 -137/217]
[ -57/217  -37/217   -11/31  257/217   97/217  311/217      1/7  125/217  159/217    19/31   47/217  335/217  129/217 -137/217  -29/217]
[  19/217     1/31  -65/217  237/217   45/217  227/217  -85/217  -23/217    -3/31  -79/217  237/217   59/217  255/217  -43/217   33/217]
[    7/31    5/217  335/217  171/217  -53/217   97/217  187/217        0        0        0        0        0        0        0        0]
Testing obstruction for
m1: 4, m2: 16,a: 0
[      -1 -141/217   87/217   33/217  131/217  381/217  349/217    67/31  741/217  731/217  439/217  299/217  311/217   41/217   -11/31]
[ -43/217  143/217   47/217  103/217  311/217  237/217    45/31  545/217  927/217  593/217  411/217  381/217   69/217   -13/31  -99/217]
[  45/217     -3/7  -79/217   87/217  -29/217     1/31  195/217  535/217  593/217  803/217  731/217  377/217    25/31  125/217  227/217]
[  47/217   19/217  143/217  -15/217    -3/31  125/217  423/217  439/217  607/217  927/217  531/217    41/31  195/217  255/217   33/217]
[ -37/217   45/217     -5/7   -29/31  -99/217  157/217  131/217  257/217  535/217  531/217    97/31  545/217  563/217  299/217  187/217]
[ 227/217  -15/217   -15/31  -43/217  171/217  103/217  187/217  423/217  377/217    69/31  741/217  717/217  411/217  257/217  255/217]
[ -29/217   -23/31 -141/217      1/7  -79/217  -37/217  157/217   69/217    19/31  349/217  717/217  803/217  607/217  563/217  237/217]
[    9/31   41/217  171/217   19/217   19/217  171/217   41/217     9/31  237/217  563/217  607/217  803/217  717/217  349/217    19/31]
[  69/217  157/217  -37/217  -79/217      1/7 -141/217   -23/31  -29/217  255/217  257/217  411/217  717/217  741/217    69/31  377/217]
[ 423/217  187/217  103/217  171/217  -43/217   -15/31  -15/217  227/217  187/217  299/217  563/217  545/217    97/31  531/217  535/217]
[ 257/217  131/217  157/217  -99/217   -29/31     -5/7   45/217  -37/217   33/217  255/217  195/217    41/31  531/217  927/217  607/217]
[ 439/217  423/217  125/217    -3/31  -15/217  143/217   19/217   47/217  227/217  125/217    25/31  377/217  731/217  803/217  593/217]
[ 535/217  195/217     1/31  -29/217   87/217  -79/217     -3/7   45/217  -99/217   -13/31   69/217  381/217  411/217  593/217  927/217]
[ 545/217    45/31  237/217  311/217  103/217   47/217  143/217  -43/217   -11/31   41/217  311/217  299/217  439/217  731/217  741/217]
[   67/31  349/217  381/217  131/217   33/217   87/217 -141/217        0        0        0        0        0        0        0        0]
[-141/217, 87/217, 33/217, 131/217, 381/217, 349/217, 67/31, 741/217, 731/217, 439/217, 299/217, 311/217, 41/217, -11/31, -43/217, 143/217, 47/217, 103/217, 311/217, 237/217, 45/31, 545/217, 927/217, 593/217, 411/217, 381/217, 69/217, -13/31]
44 [-141/217, 87/217, 33/217, 131/217, -53/217, -85/217, 5/31, -127/217, -137/217, 5/217, 299/217, 311/217, 41/217, -11/31, -43/217, 143/217, 47/217, 103/217, 311/217, 237/217, 45/31, 111/217, 59/217, 159/217, -23/217, -53/217, 69/217, 49/31]
[-141/217, 87/217, 33/217, 131/217, 381/217, 349/217, 67/31, 741/217, 731/217, 439/217, 299/217, 311/217, 41/217, -11/31, -43/217, 143/217, 47/217, 103/217, 311/217, 237/217, 45/31, 545/217, 927/217, 593/217, 411/217, 381/217, 69/217, -13/31]
75 [-141/217, 87/217, 33/217, 131/217, -53/217, -85/217, 5/31, -127/217, -137/217, 5/217, 299/217, 311/217, 41/217, -11/31, -43/217, 143/217, 47/217, 103/217, 311/217, 237/217, 45/31, 111/217, 59/217, 159/217, -23/217, -53/217, 69/217, 49/31]
Testing obstruction for
m1: 6, m2: 12,a: 3
[      -1 -195/217 -129/217  -19/217  135/217  333/217  575/217    61/31  323/217  263/217  247/217  275/217  347/217  463/217    89/31]
[ 393/217  207/217   65/217  -33/217  -87/217  -97/217    -9/31   15/217  137/217  303/217  513/217  333/217  197/217    15/31   57/217]
[  53/217      3/7  177/217  305/217  477/217    37/31   85/217  -45/217 -131/217 -173/217 -171/217 -125/217    -5/31   99/217  277/217]
[ 499/217  331/217  207/217  127/217    13/31   99/217  151/217  247/217  387/217  571/217  365/217    29/31   85/217   11/217  -19/217]
[  -5/217   53/217      5/7    43/31  491/217  291/217  135/217   23/217  -45/217  -69/217    -7/31   15/217  123/217  275/217  471/217]
[ 277/217  127/217     3/31  -41/217  -59/217  -33/217   37/217  151/217  309/217    73/31  323/217  179/217   79/217   23/217   11/217]
[  43/217    17/31  239/217     13/7  611/217  429/217  291/217  197/217    21/31  141/217  179/217  261/217  387/217  557/217  337/217]
[   23/31   29/217  -59/217 -103/217 -103/217  -59/217   29/217    23/31  337/217  557/217  387/217  261/217  179/217  141/217    21/31]
[ 197/217  291/217  429/217  611/217     13/7  239/217    17/31   43/217   11/217   23/217   79/217  179/217  323/217    73/31  309/217]
[ 151/217   37/217  -33/217  -59/217  -41/217     3/31  127/217  277/217  471/217  275/217  123/217   15/217    -7/31  -69/217  -45/217]
[  23/217  135/217  291/217  491/217    43/31      5/7   53/217   -5/217  -19/217   11/217   85/217    29/31  365/217  571/217  387/217]
[ 247/217  151/217   99/217    13/31  127/217  207/217  331/217  499/217  277/217   99/217    -5/31 -125/217 -171/217 -173/217 -131/217]
[ -45/217   85/217    37/31  477/217  305/217  177/217      3/7   53/217   57/217    15/31  197/217  333/217  513/217  303/217  137/217]
[  15/217    -9/31  -97/217  -87/217  -33/217   65/217  207/217  393/217    89/31  463/217  347/217  275/217  247/217  263/217  323/217]
[   61/31  575/217  333/217  135/217  -19/217 -129/217 -195/217        0        0        0        0        0        0        0        0]
Testing obstruction for
m1: 10, m2: 10,a: 6
[      -1 -179/217  -65/217  125/217  391/217  299/217  283/217    49/31  479/217  257/217  111/217   41/217   47/217  129/217    41/31]
[  87/217  -37/217  -85/217  -57/217   47/217  227/217    69/31  381/217  355/217  405/217  531/217  299/217  143/217     9/31   59/217]
[ 131/217      9/7   69/217  -65/217 -123/217   -15/31  -11/217  159/217  405/217  293/217  257/217  297/217    59/31  171/217    5/217]
[ -85/217  -99/217  -37/217  101/217    45/31  171/217  103/217  111/217  195/217  355/217  157/217     5/31  -11/217   19/217  125/217]
[ 307/217  131/217      1/7     1/31   59/217  187/217  391/217  237/217  159/217  157/217    33/31  381/217  173/217   41/217  -15/217]
[   5/217  101/217    39/31   87/217  -23/217  -57/217  -15/217  103/217  297/217    81/31  479/217  467/217  531/217  237/217   19/217]
[-123/217   -27/31 -179/217     -3/7   69/217  307/217  187/217  143/217    25/31  283/217  467/217  293/217  195/217  173/217  227/217]
[   51/31  129/217  -23/217  -99/217  -99/217  -23/217  129/217    51/31  227/217  173/217  195/217  293/217  467/217  283/217    25/31]
[ 143/217  187/217  307/217   69/217     -3/7 -179/217   -27/31 -123/217   19/217  237/217  531/217  467/217  479/217    81/31  297/217]
[ 103/217  -15/217  -57/217  -23/217   87/217    39/31  101/217    5/217  -15/217   41/217  173/217  381/217    33/31  157/217  159/217]
[ 237/217  391/217  187/217   59/217     1/31      1/7  131/217  307/217  125/217   19/217  -11/217     5/31  157/217  355/217  195/217]
[ 111/217  103/217  171/217    45/31  101/217  -37/217  -99/217  -85/217    5/217  171/217    59/31  297/217  257/217  293/217  405/217]
[ 159/217  -11/217   -15/31 -123/217  -65/217   69/217      9/7  131/217   59/217     9/31  143/217  299/217  531/217  405/217  355/217]
[ 381/217    69/31  227/217   47/217  -57/217  -85/217  -37/217   87/217    41/31  129/217   47/217   41/217  111/217  257/217  479/217]
[   49/31  283/217  299/217  391/217  125/217  -65/217 -179/217        0        0        0        0        0        0        0        0]
---------------------------
SUCCESS for name = 12a1097
---------------------------
12a1113
Correction terms
[      -1  329/205 -119/205   91/205  139/205     5/41  159/205  131/205  -59/205   -1/205   -21/41   39/205   21/205  251/205  -91/205]
[   45/41  -31/205  -39/205  201/205 -131/205    39/41  -51/205  -49/205  201/205 -121/205    43/41  -21/205   -9/205  251/205  -61/205]
[   57/41   59/205   81/205  -59/205   49/205    -1/41  189/205  221/205   91/205  209/205    33/41     -1/5    1/205 -119/205    9/205]
[   -5/41  189/205  241/205  131/205  269/205    49/41   59/205  121/205   21/205  169/205    31/41  -21/205   51/205  -39/205  119/205]
[   23/41  -51/205   31/205  -49/205  119/205    25/41  -31/205   61/205   -9/205  169/205    37/41   39/205  141/205   81/205  269/205]
[  -23/41  159/205 -139/205  221/205    9/205     9/41  329/205      1/5    1/205  209/205   -31/41  139/205 -139/205  241/205   49/205]
[   21/41   -1/205  141/205  121/205  -61/205     1/41  -91/205   61/205   51/205 -121/205    73/41 -131/205   31/205   31/205 -131/205]
[   73/41 -121/205   51/205   61/205  -91/205     1/41  -61/205  121/205  141/205   -1/205    21/41   49/205  241/205 -139/205  139/205]
[  -31/41  209/205    1/205      1/5  329/205     9/41    9/205  221/205 -139/205  159/205   -23/41  269/205   81/205  141/205   39/205]
[   37/41  169/205   -9/205   61/205  -31/205    25/41  119/205  -49/205   31/205  -51/205    23/41  119/205  -39/205   51/205  -21/205]
[   31/41  169/205   21/205  121/205   59/205    49/41  269/205  131/205  241/205  189/205    -5/41    9/205 -119/205    1/205     -1/5]
[   33/41  209/205   91/205  221/205  189/205    -1/41   49/205  -59/205   81/205   59/205    57/41  -61/205  251/205   -9/205  -21/205]
[   43/41 -121/205  201/205  -49/205  -51/205    39/41 -131/205  201/205  -39/205  -31/205    45/41  -91/205  251/205   21/205   39/205]
[  -21/41   -1/205  -59/205  131/205  159/205     5/41  139/205   91/205 -119/205  329/205        0        0        0        0        0]
Testing obstruction for
m1: 6, m2: 10,a: 1
[      -1 -183/205 -117/205   -7/205  147/205    69/41  177/205   53/205  -27/205  -63/205   -11/41   -3/205   93/205  233/205  417/205]
[   47/41   97/205    3/205  -47/205  -53/205    -3/41   67/205  193/205  363/205  577/205    85/41  317/205  253/205  233/205  257/205]
[   65/41  437/205  593/205  383/205  217/205    19/41   17/205  -17/205   -7/205   47/205    29/41      7/5  473/205  293/205  157/205]
[   13/41   17/205   13/205   53/205  137/205    53/41  437/205  243/205   93/205  -13/205   -15/41  -93/205  -67/205    3/205  117/205]
[   55/41  477/205  313/205  193/205  117/205    17/41   97/205  153/205  253/205  397/205   117/41  407/205  273/205  183/205  137/205]
[   27/41  177/205  263/205  393/205  567/205    75/41  227/205      3/5   63/205   47/205    15/41  147/205  263/205  423/205  217/205]
[   11/41  -63/205 -137/205 -167/205 -153/205   -19/41    7/205  153/205  343/205  167/205     7/41  -53/205  -97/205  -97/205  -53/205]
[    7/41  167/205  343/205  153/205    7/205   -19/41 -153/205 -167/205 -137/205  -63/205    11/41  217/205  423/205  263/205  147/205]
[   15/41   47/205   63/205      3/5  227/205    75/41  567/205  393/205  263/205  177/205    27/41  137/205  183/205  273/205  407/205]
[  117/41  397/205  253/205  153/205   97/205    17/41  117/205  193/205  313/205  477/205    55/41  117/205    3/205  -67/205  -93/205]
[  -15/41  -13/205   93/205  243/205  437/205    53/41  137/205   53/205   13/205   17/205    13/41  157/205  293/205  473/205      7/5]
[   29/41   47/205   -7/205  -17/205   17/205    19/41  217/205  383/205  593/205  437/205    65/41  257/205  233/205  253/205  317/205]
[   85/41  577/205  363/205  193/205   67/205    -3/41  -53/205  -47/205    3/205   97/205    47/41  417/205  233/205   93/205   -3/205]
[  -11/41  -63/205  -27/205   53/205  177/205    69/41  147/205   -7/205 -117/205 -183/205        0        0        0        0        0]
Testing obstruction for
m1: 12, m2: 12,a: 9
[      -1 -159/205  -21/205  209/205  121/205    25/41  221/205  409/205  279/205  241/205    59/41  441/205  269/205  189/205  201/205]
[   61/41   91/205  -31/205  -61/205    1/205    31/41   -9/205  -81/205  -61/205   51/205    51/41  141/205  119/205  189/205  351/205]
[  121/41  541/205  569/205  279/205   81/205    -5/41  -39/205   39/205  209/205   61/205     1/41      1/5  169/205  -21/205 -119/205]
[  -25/41  -39/205  139/205  409/205  361/205    81/41  541/205  359/205  269/205  271/205    73/41  141/205    9/205  -31/205   21/205]
[   33/41   -9/205  -91/205  -81/205   21/205    43/41   91/205   59/205  119/205  271/205   103/41  441/205  459/205  569/205  361/205]
[   49/41  221/205  289/205   39/205 -119/205   -37/41 -159/205     -1/5  169/205   61/205     9/41  121/205  289/205  139/205   81/205]
[   23/41  241/205  459/205  359/205  351/205    87/41  201/205   59/205    9/205   51/205    37/41    1/205  -91/205  -91/205    1/205]
[   37/41   51/205    9/205   59/205  201/205    87/41  351/205  359/205  459/205  241/205    23/41   81/205  139/205  289/205  121/205]
[    9/41   61/205  169/205     -1/5 -159/205   -37/41 -119/205   39/205  289/205  221/205    49/41  361/205  569/205  459/205  441/205]
[  103/41  271/205  119/205   59/205   91/205    43/41   21/205  -81/205  -91/205   -9/205    33/41   21/205  -31/205    9/205  141/205]
[   73/41  271/205  269/205  359/205  541/205    81/41  361/205  409/205  139/205  -39/205   -25/41 -119/205  -21/205  169/205      1/5]
[    1/41   61/205  209/205   39/205  -39/205    -5/41   81/205  279/205  569/205  541/205   121/41  351/205  189/205  119/205  141/205]
[   51/41   51/205  -61/205  -81/205   -9/205    31/41    1/205  -61/205  -31/205   91/205    61/41  201/205  189/205  269/205  441/205]
[   59/41  241/205  279/205  409/205  221/205    25/41  121/205  209/205  -21/205 -159/205        0        0        0        0        0]
Testing obstruction for
m1: 52, m2: 52,a: 51
[      -1 -201/205 -189/205 -169/205 -141/205   -21/41  -61/205   -9/205   51/205  119/205    39/41  279/205  371/205  471/205  579/205]
[  139/41  819/205  951/205 1091/205 1239/205   279/41 1559/205 1731/205 1911/205 2099/205   459/41 2499/205 2301/205 2111/205 1929/205]
[  351/41 1589/205 1431/205 1281/205 1139/205   201/41  879/205  761/205  651/205  549/205    91/41      9/5  291/205  221/205  159/205]
[   21/41   59/205   21/205   -9/205  -31/205    -9/41  -51/205  -49/205  -39/205  -21/205     1/41   39/205   81/205  131/205  189/205]
[   51/41  329/205  411/205  501/205  599/205   141/41  819/205  941/205 1071/205 1209/205   271/41 1509/205 1671/205 1841/205 2019/205]
[  441/41 2399/205 2601/205 2401/205 2209/205   405/41 1849/205     41/5 1521/205 1369/205   245/41 1089/205  961/205  841/205  729/205]
[  125/41  529/205  441/205  361/205  289/205    45/41  169/205  121/205   81/205   49/205     5/41    9/205    1/205    1/205    9/205]
[    5/41   49/205   81/205  121/205  169/205    45/41  289/205  361/205  441/205  529/205   125/41  729/205  841/205  961/205 1089/205]
[  245/41 1369/205 1521/205     41/5 1849/205   405/41 2209/205 2401/205 2601/205 2399/205   441/41 2019/205 1841/205 1671/205 1509/205]
[  271/41 1209/205 1071/205  941/205  819/205   141/41  599/205  501/205  411/205  329/205    51/41  189/205  131/205   81/205   39/205]
[    1/41  -21/205  -39/205  -49/205  -51/205    -9/41  -31/205   -9/205   21/205   59/205    21/41  159/205  221/205  291/205      9/5]
[   91/41  549/205  651/205  761/205  879/205   201/41 1139/205 1281/205 1431/205 1589/205   351/41 1929/205 2111/205 2301/205 2499/205]
[  459/41 2099/205 1911/205 1731/205 1559/205   279/41 1239/205 1091/205  951/205  819/205   139/41  579/205  471/205  371/205  279/205]
[   39/41  119/205   51/205   -9/205  -61/205   -21/41 -141/205 -169/205 -189/205 -201/205        0        0        0        0        0]
---------------------------
SUCCESS for name = 12a1113
---------------------------
12a1115
Correction terms
[      -1  -91/165 -199/165   -53/55   29/165     7/33   -47/55 -169/165  -49/165   -37/55    -5/33   -11/15   -23/55  131/165 -181/165]
[   -1/11  -31/165 -229/165    17/55 -181/165    13/33    43/55     1/15   41/165   -37/55   -23/33   29/165    -3/55  101/165   29/165]
[    7/11   -1/165   41/165     -3/5  -91/165    13/33    13/55  161/165  101/165   -47/55    19/33 -181/165     7/55   41/165   -11/15]
[   13/11   -1/165  -49/165    17/55  -31/165     7/33   -27/55  -49/165  131/165    43/55     -1/3  -91/165     7/55  -49/165   29/165]
[   -5/11  -31/165  161/165   -53/55   -1/165    -5/33     -7/5   41/165 -199/165    13/55    19/33  -31/165    -3/55 -169/165 -181/165]
[   -3/11  -91/165     1/15   -23/55   -1/165   -23/33   -27/55 -229/165 -229/165   -27/55   -23/33   -1/165   -23/55     1/15  -91/165]
[   -3/11 -181/165 -169/165    -3/55  -31/165    19/33    13/55 -199/165   41/165     -7/5    -5/33   -1/165   -53/55  161/165  -31/165]
[   -5/11   29/165  -49/165     7/55  -91/165     -1/3    43/55  131/165  -49/165   -27/55     7/33  -31/165    17/55  -49/165   -1/165]
[   13/11   -11/15   41/165     7/55 -181/165    19/33   -47/55  101/165  161/165    13/55    13/33  -91/165     -3/5   41/165   -1/165]
[    7/11   29/165  101/165    -3/55   29/165   -23/33   -37/55   41/165     1/15    43/55    13/33 -181/165    17/55 -229/165  -31/165]
[   -1/11 -181/165  131/165   -23/55   -11/15    -5/33   -37/55  -49/165 -169/165   -47/55     7/33   29/165   -53/55 -199/165  -91/165]
[       0        0        0        0        0        0        0        0        0        0        0        0        0        0        0]
Testing obstruction for
m1: 2, m2: 28,a: 0
[      -1  -49/165  -31/165   -37/55   41/165    19/33    17/55  239/165  329/165   107/55   109/33    61/15   233/55  959/165 1121/165]
[   57/11  821/165  689/165   153/55  461/165    73/33    57/55    19/15  149/165    -3/55    13/33   41/165   -27/55   29/165   41/165]
[   -3/11  101/165  149/165      3/5  281/165    73/33   117/55  569/165  689/165   237/55   193/33 1121/165   283/55  809/165    61/15]
[   29/11  431/165  329/165    43/55  161/165    19/33   -23/55   -1/165  -31/165   -53/55     -1/3  -49/165   -47/55   -1/165   41/165]
[   -1/11  161/165  239/165    73/55  431/165   109/33     17/5  809/165  959/165   337/55   193/33  821/165   193/55  569/165  461/165]
[   17/11  281/165    19/15    13/55  101/165    13/33   -23/55   29/165   29/165   -23/55    13/33  101/165    13/55    19/15  281/165]
[   17/11  461/165  569/165   193/55  821/165   193/33   337/55  959/165  809/165     17/5   109/33  431/165    73/55  239/165  161/165]
[   -1/11   41/165   -1/165   -47/55  -49/165     -1/3   -53/55  -31/165   -1/165   -23/55    19/33  161/165    43/55  329/165  431/165]
[   29/11    61/15  809/165   283/55 1121/165   193/33   237/55  689/165  569/165   117/55    73/33  281/165      3/5  149/165  101/165]
[   -3/11   41/165   29/165   -27/55   41/165    13/33    -3/55  149/165    19/15    57/55    73/33  461/165   153/55  689/165  821/165]
[   57/11 1121/165  959/165   233/55    61/15   109/33   107/55  329/165  239/165    17/55    19/33   41/165   -37/55  -31/165  -49/165]
[       0        0        0        0        0        0        0        0        0        0        0        0        0        0        0]
Unobstructed
8
---------------------------
---------------------------
12a1116
Correction terms
[      -1 -131/185   31/185  -69/185  -61/185    11/37  -91/185 -129/185  -59/185  119/185     7/37   59/185 -179/185   61/185   39/185]
[   25/37  -51/185 -119/185  -79/185   69/185    -9/37  -51/185   51/185 -109/185 -161/185   -21/37   59/185  -39/185  -29/185 -281/185]
[  -11/37  -91/185  -19/185 -209/185   79/185    21/37 -131/185     -7/5   91/185  179/185     1/37  -61/185  -19/185  131/185   19/185]
[    3/37  119/185  -39/185  -89/185  -31/185    27/37   39/185   51/185 -199/185   29/185    -1/37   69/185 -119/185 -199/185 -171/185]
[   -7/37 -161/185 -179/185  -89/185  109/185     9/37 -281/185 -129/185  131/185  129/185   -27/37   79/185   31/185   91/185     -3/5]
[   33/37  179/185  -69/185 -209/185  129/185    41/37   19/185  -59/185  -29/185  109/185    -3/37  -31/185   61/185 -109/185 -171/185]
[  -25/37   29/185  -79/185  -79/185   29/185   -25/37 -171/185 -109/185   61/185  -31/185    -3/37  109/185  -29/185  -59/185   19/185]
[   41/37  129/185 -209/185  -69/185  179/185    33/37     -3/5   91/185   31/185   79/185   -27/37  129/185  131/185 -129/185 -281/185]
[    9/37  109/185  -89/185 -179/185 -161/185    -7/37 -171/185 -199/185 -119/185   69/185    -1/37   29/185 -199/185   51/185   39/185]
[   27/37  -31/185  -89/185  -39/185  119/185     3/37   19/185  131/185  -19/185  -61/185     1/37  179/185   91/185     -7/5 -131/185]
[   21/37   79/185 -209/185  -19/185  -91/185   -11/37 -281/185  -29/185  -39/185   59/185   -21/37 -161/185 -109/185   51/185  -51/185]
[   -9/37   69/185  -79/185 -119/185  -51/185    25/37   39/185   61/185 -179/185   59/185     7/37  119/185  -59/185 -129/185  -91/185]
[   11/37  -61/185  -69/185   31/185 -131/185        0        0        0        0        0        0        0        0        0        0]
Testing obstruction for
m1: 2, m2: 32,a: 1
[      -1 -179/185 -161/185 -131/185  -89/185    -7/37   31/185  109/185  199/185  301/185    83/37  541/185  679/185  829/185  991/185]
[  233/37 1351/185 1179/185 1019/185  871/185   147/37  611/185  499/185  399/185  311/185    47/37  171/185  119/185   79/185   51/185]
[    7/37   31/185   39/185   59/185   91/185    27/37  191/185      7/5  339/185  431/185   107/37  651/185  779/185  919/185 1071/185]
[  247/37 1411/185 1229/185 1059/185  901/185   151/37  621/185  499/185  389/185  291/185    41/37  131/185   69/185   19/185  -19/185]
[   -9/37  -59/185  -61/185  -51/185  -29/185     1/37   51/185  109/185  179/185  261/185    71/37  461/185  579/185  709/185     23/5]
[  201/37 1171/185 1349/185 1169/185 1001/185   169/37  701/185  569/185  449/185  341/185    49/37  161/185   89/185   29/185  -19/185]
[  -11/37  -79/185  -91/185  -91/185  -79/185   -11/37  -19/185   29/185   89/185  161/185    49/37  341/185  449/185  569/185  701/185]
[  169/37 1001/185 1169/185 1349/185 1171/185   201/37     23/5  709/185  579/185  461/185    71/37  261/185  179/185  109/185   51/185]
[    1/37  -29/185  -51/185  -61/185  -59/185    -9/37  -19/185   19/185   69/185  131/185    41/37  291/185  389/185  499/185  621/185]
[  151/37  901/185 1059/185 1229/185 1411/185   247/37 1071/185  919/185  779/185  651/185   107/37  431/185  339/185      7/5  191/185]
[   27/37   91/185   59/185   39/185   31/185     7/37   51/185   79/185  119/185  171/185    47/37  311/185  399/185  499/185  611/185]
[  147/37  871/185 1019/185 1179/185 1351/185   233/37  991/185  829/185  679/185  541/185    83/37  301/185  199/185  109/185   31/185]
[   -7/37  -89/185 -131/185 -161/185 -179/185        0        0        0        0        0        0        0        0        0        0]
Unobstructed
12
---------------------------
---------------------------
12a1164
Correction terms
[      -1   29/105   11/105    17/35  -61/105   -23/21    33/35    -7/15 -139/105    13/35    13/21  -61/105   -43/35   71/105   -13/15]
[     1/7  -31/105  -19/105    17/35  -31/105   -11/21     -1/5   71/105   11/105   -67/35    13/21  -31/105   -23/35    -7/15   29/105]
[    -3/7  -61/105  -19/105   -43/35   29/105      1/3   -37/35   11/105  -19/105     3/35   -23/21   29/105      1/5 -139/105  -31/105]
[    -5/7  -61/105   11/105   -23/35   -13/15   -11/21    13/35  -19/105  -19/105    13/35   -11/21   -13/15   -23/35   11/105  -61/105]
[    -5/7  -31/105 -139/105      1/5   29/105   -23/21     3/35  -19/105   11/105   -37/35      1/3   29/105   -43/35  -19/105  -61/105]
[    -3/7   29/105    -7/15   -23/35  -31/105    13/21   -67/35   11/105   71/105     -1/5   -11/21  -31/105    17/35  -19/105  -31/105]
[     1/7   -13/15   71/105   -43/35  -61/105    13/21    13/35 -139/105    -7/15    33/35   -23/21  -61/105    17/35   11/105   29/105]
[       0        0        0        0        0        0        0        0        0        0        0        0        0        0        0]
Testing obstruction for
m1: 2, m2: 18,a: 0
[     -1 -29/105 -11/105  -17/35  61/105   23/21   37/35   37/15 349/105  127/35   71/21 271/105   43/35 139/105   13/15]
[   -1/7  31/105  19/105  -17/35  31/105   11/21     1/5 139/105 199/105   67/35   71/21 451/105   93/35   37/15 181/105]
[    3/7  61/105  19/105  -27/35 -29/105    -1/3  -33/35 -11/105  19/105   -3/35   23/21 181/105     9/5 349/105 451/105]
[   19/7 271/105 199/105   23/35   13/15   11/21  -13/35  19/105  19/105  -13/35   11/21   13/15   23/35 199/105 271/105]
[   19/7 451/105 349/105     9/5 181/105   23/21   -3/35  19/105 -11/105  -33/35    -1/3 -29/105  -27/35  19/105  61/105]
[    3/7 181/105   37/15   93/35 451/105   71/21   67/35 199/105 139/105     1/5   11/21  31/105  -17/35  19/105  31/105]
[   -1/7   13/15 139/105   43/35 271/105   71/21  127/35 349/105   37/15   37/35   23/21  61/105  -17/35 -11/105 -29/105]
[      0       0       0       0       0       0       0       0       0       0       0       0       0       0       0]
Testing obstruction for
m1: 4, m2: 8,a: 0
[     -1 -61/105  71/105   27/35 179/105   31/21    3/35   -7/15 -19/105   33/35   19/21 179/105   47/35 -19/105  -13/15]
[   -5/7  29/105  11/105   27/35 239/105   13/21    -1/5 -19/105  71/105   13/35   19/21 239/105   17/35   -7/15 -61/105]
[    1/7 -31/105  11/105   47/35 149/105     1/3    3/35  71/105  11/105   13/35   31/21 149/105     1/5 -19/105  29/105]
[   -3/7 -31/105  71/105   17/35   17/15   13/21   33/35  11/105  11/105   33/35   13/21   17/15   17/35  71/105 -31/105]
[   -3/7  29/105 -19/105     1/5 149/105   31/21   13/35  11/105  71/105    3/35     1/3 149/105   47/35  11/105 -31/105]
[    1/7 -61/105   -7/15   17/35 239/105   19/21   13/35  71/105 -19/105    -1/5   13/21 239/105   27/35  11/105  29/105]
[   -5/7  -13/15 -19/105   47/35 179/105   19/21   33/35 -19/105   -7/15    3/35   31/21 179/105   27/35  71/105 -61/105]
[      0       0       0       0       0       0       0       0       0       0       0       0       0       0       0]
Unobstructed
4
---------------------------
---------------------------
