11a354
Correction terms
[     -1  31/105  19/105   23/35 -29/105  -13/21  -13/35    7/15 -11/105   -3/35   11/21 -29/105  -17/35 -11/105   13/15]
[    3/7  61/105 -71/105   23/35  61/105   23/21     1/5 -11/105  19/105   37/35   11/21  61/105   43/35    7/15  31/105]
[    5/7 -29/105 139/105   53/35  31/105    -1/3  -13/35  19/105 139/105   37/35  -13/21  31/105    -1/5 -11/105  61/105]
[   -1/7 -29/105  19/105  -27/35   13/15   23/21   -3/35 -71/105 -71/105   -3/35   23/21   13/15  -27/35  19/105 -29/105]
[   -1/7  61/105 -11/105    -1/5  31/105  -13/21   37/35 139/105  19/105  -13/35    -1/3  31/105   53/35 139/105 -29/105]
[    5/7  31/105    7/15   43/35  61/105   11/21   37/35  19/105 -11/105     1/5   23/21  61/105   23/35 -71/105  61/105]
[    3/7   13/15 -11/105  -17/35 -29/105   11/21   -3/35 -11/105    7/15  -13/35  -13/21 -29/105   23/35  19/105  31/105]
[      0       0       0       0       0       0       0       0       0       0       0       0       0       0       0]
Testing obstruction for
m1: 2, m2: 18,a: 0
[     -1 -29/105 -11/105  -17/35  61/105   23/21   37/35   37/15 349/105  127/35   71/21 271/105   43/35 139/105   13/15]
[   -1/7  31/105  19/105  -17/35  31/105   11/21     1/5 139/105 199/105   67/35   71/21 451/105   93/35   37/15 181/105]
[    3/7  61/105  19/105  -27/35 -29/105    -1/3  -33/35 -11/105  19/105   -3/35   23/21 181/105     9/5 349/105 451/105]
[   19/7 271/105 199/105   23/35   13/15   11/21  -13/35  19/105  19/105  -13/35   11/21   13/15   23/35 199/105 271/105]
[   19/7 451/105 349/105     9/5 181/105   23/21   -3/35  19/105 -11/105  -33/35    -1/3 -29/105  -27/35  19/105  61/105]
[    3/7 181/105   37/15   93/35 451/105   71/21   67/35 199/105 139/105     1/5   11/21  31/105  -17/35  19/105  31/105]
[   -1/7   13/15 139/105   43/35 271/105   71/21  127/35 349/105   37/15   37/35   23/21  61/105  -17/35 -11/105 -29/105]
[      0       0       0       0       0       0       0       0       0       0       0       0       0       0       0]
[-29/105, -11/105, -17/35, 61/105, 23/21, 37/35, 37/15, 349/105, 127/35, 71/21, 271/105, 43/35, 139/105, 13/15, -1/7, 31/105, 19/105, -17/35]
4 [-29/105, -11/105, -17/35, 61/105, 23/21, 37/35, 7/15, 139/105, -13/35, -13/21, 61/105, -27/35, -71/105, 13/15, -1/7, 31/105, 19/105, 53/35]
[-29/105, -11/105, -17/35]
11 [-29/105, -11/105, 53/35]
[-29/105, -11/105, -17/35, 61/105, 23/21, 37/35, 37/15, 349/105, 127/35, 71/21, 271/105, 43/35, 139/105, 13/15, -1/7, 31/105, 19/105, -17/35]
31 [-29/105, -11/105, -17/35, 61/105, 23/21, 37/35, 7/15, 139/105, -13/35, -13/21, 61/105, -27/35, -71/105, 13/15, -1/7, 31/105, 19/105, 53/35]
[-29/105, -11/105, -17/35]
46 [-29/105, -11/105, 53/35]
Testing obstruction for
m1: 4, m2: 8,a: 0
[     -1 -61/105  71/105   27/35 179/105   31/21    3/35   -7/15 -19/105   33/35   19/21 179/105   47/35 -19/105  -13/15]
[   -5/7  29/105  11/105   27/35 239/105   13/21    -1/5 -19/105  71/105   13/35   19/21 239/105   17/35   -7/15 -61/105]
[    1/7 -31/105  11/105   47/35 149/105     1/3    3/35  71/105  11/105   13/35   31/21 149/105     1/5 -19/105  29/105]
[   -3/7 -31/105  71/105   17/35   17/15   13/21   33/35  11/105  11/105   33/35   13/21   17/15   17/35  71/105 -31/105]
[   -3/7  29/105 -19/105     1/5 149/105   31/21   13/35  11/105  71/105    3/35     1/3 149/105   47/35  11/105 -31/105]
[    1/7 -61/105   -7/15   17/35 239/105   19/21   13/35  71/105 -19/105    -1/5   13/21 239/105   27/35  11/105  29/105]
[   -5/7  -13/15 -19/105   47/35 179/105   19/21   33/35 -19/105   -7/15    3/35   31/21 179/105   27/35  71/105 -61/105]
[      0       0       0       0       0       0       0       0       0       0       0       0       0       0       0]
Testing obstruction for
m1: 6, m2: 6,a: 2
[     -1 -83/105 -17/105   31/35  37/105    5/21   19/35   19/15  43/105   -1/35   -1/21  37/105   41/35  43/105    1/15]
[    1/7  67/105 163/105   31/35  67/105   17/21     7/5  43/105 -17/105  -11/35   -1/21  67/105   -9/35  -11/15 -83/105]
[   -3/7  37/105 163/105   41/35 127/105     5/3   19/35 -17/105 -47/105  -11/35    5/21 127/105     3/5  43/105  67/105]
[    9/7  37/105 -17/105   -9/35    1/15   17/21   -1/35 -47/105 -47/105   -1/35   17/21    1/15   -9/35 -17/105  37/105]
[    9/7  67/105  43/105     3/5 127/105    5/21  -11/35 -47/105 -17/105   19/35     5/3 127/105   41/35 163/105  37/105]
[   -3/7 -83/105  -11/15   -9/35  67/105   -1/21  -11/35 -17/105  43/105     7/5   17/21  67/105   31/35 163/105  67/105]
[    1/7    1/15  43/105   41/35  37/105   -1/21   -1/35  43/105   19/15   19/35    5/21  37/105   31/35 -17/105 -83/105]
[      0       0       0       0       0       0       0       0       0       0       0       0       0       0       0]
Testing obstruction for
m1: 10, m2: 10,a: 8
[     -1 -67/105  47/105    9/35  83/105    1/21    1/35   11/15 227/105   81/35   25/21  83/105   39/35  17/105   -1/15]
[    3/7 -37/105 -43/105    9/35 -37/105   -5/21     3/5  17/105  47/105   51/35   25/21 173/105   29/35   11/15 143/105]
[    5/7  83/105 -43/105  -31/35 -67/105     1/3    1/35  47/105 -43/105  -19/35    1/21 143/105     7/5 227/105 173/105]
[   13/7  83/105  47/105   29/35   -1/15   -5/21   11/35 -43/105 -43/105   11/35   -5/21   -1/15   29/35  47/105  83/105]
[   13/7 173/105 227/105     7/5 143/105    1/21  -19/35 -43/105  47/105    1/35     1/3 -67/105  -31/35 -43/105  83/105]
[    5/7 143/105   11/15   29/35 173/105   25/21   51/35  47/105  17/105     3/5   -5/21 -37/105    9/35 -43/105 -37/105]
[    3/7   -1/15  17/105   39/35  83/105   25/21   81/35 227/105   11/15    1/35    1/21  83/105    9/35  47/105 -67/105]
[      0       0       0       0       0       0       0       0       0       0       0       0       0       0       0]
---------------------------
SUCCESS for name = 11a354
---------------------------
12a147
Correction terms
[      -1  -15/109   49/109 -135/109   87/109   61/109    5/109  -81/109   21/109 -125/109  -83/109  -71/109  -89/109   81/109    3/109]
[-105/109  -25/109   25/109 -173/109   35/109   -5/109  -75/109   43/109  131/109  -29/109   -1/109   -3/109  -35/109  -97/109   29/109]
[ -93/109  -27/109    9/109   15/109   -9/109  -63/109 -147/109  -43/109   31/109 -143/109   89/109   73/109   27/109  -49/109   63/109]
[ -73/109  -21/109    1/109   -7/109  -45/109  105/109    7/109 -121/109  -61/109  -31/109  -31/109  -61/109 -121/109    7/109  105/109]
[ -45/109   -7/109    1/109  -21/109  -73/109   63/109  -49/109   27/109   73/109   89/109 -143/109   31/109  -43/109 -147/109  -63/109]
[  -9/109   15/109    9/109  -27/109  -93/109   29/109  -97/109  -35/109   -3/109   -1/109  -29/109  131/109   43/109  -75/109   -5/109]
[  35/109 -173/109   25/109  -25/109 -105/109    3/109   81/109  -89/109  -71/109  -83/109 -125/109   21/109  -81/109    5/109   61/109]
[  87/109 -135/109   49/109  -15/109        0        0        0        0        0        0        0        0        0        0        0]
Testing obstruction for
m1: 6, m2: 10,a: 5
[     -1 -89/109 -29/109  71/109  -7/109 -45/109 -43/109  -1/109  81/109 -15/109 -71/109 -87/109 -63/109   1/109 105/109]
[ 31/109  -3/109   3/109  49/109 135/109  43/109  -9/109 -21/109   7/109  75/109 183/109 113/109  83/109  93/109 143/109]
[233/109 145/109  97/109  89/109 121/109 193/109  87/109  21/109  -5/109   9/109  63/109 157/109  73/109  29/109  25/109]
[ 61/109 137/109  35/109 -27/109 -49/109 -31/109  27/109 125/109  45/109   5/109   5/109  45/109 125/109  27/109 -31/109]
[-49/109 -27/109  35/109 137/109  61/109  25/109  29/109  73/109 157/109  63/109   9/109  -5/109  21/109  87/109 193/109]
[121/109  89/109  97/109 145/109 233/109 143/109  93/109  83/109 113/109 183/109  75/109   7/109 -21/109  -9/109  43/109]
[135/109  49/109   3/109  -3/109  31/109 105/109   1/109 -63/109 -87/109 -71/109 -15/109  81/109  -1/109 -43/109 -45/109]
[ -7/109  71/109 -29/109 -89/109       0       0       0       0       0       0       0       0       0       0       0]
[-89/109, -29/109, 71/109, -7/109, -45/109, -43/109, -1/109, 81/109, -15/109, -71/109, -87/109]
12 [-89/109, -29/109, -147/109, -7/109, -45/109, -43/109, -1/109, 81/109, -15/109, -71/109, 131/109]
Testing obstruction for
m1: 28, m2: 28,a: 27
[      -1 -105/109  -93/109  -73/109  -45/109   -9/109   35/109   87/109  147/109  215/109  291/109  375/109  467/109  567/109  675/109]
[ 573/109  479/109  393/109  315/109  245/109  183/109  129/109   83/109   45/109   15/109   -7/109  -21/109  -27/109  -25/109  -15/109]
[   3/109   29/109   63/109  105/109  155/109  213/109  279/109  353/109  435/109  525/109  623/109  729/109  625/109  529/109  441/109]
[ 361/109  289/109  225/109  169/109  121/109   81/109   49/109   25/109    9/109    1/109    1/109    9/109   25/109   49/109   81/109]
[ 121/109  169/109  225/109  289/109  361/109  441/109  529/109  625/109  729/109  623/109  525/109  435/109  353/109  279/109  213/109]
[ 155/109  105/109   63/109   29/109    3/109  -15/109  -25/109  -27/109  -21/109   -7/109   15/109   45/109   83/109  129/109  183/109]
[ 245/109  315/109  393/109  479/109  573/109  675/109  567/109  467/109  375/109  291/109  215/109  147/109   87/109   35/109   -9/109]
[ -45/109  -73/109  -93/109 -105/109        0        0        0        0        0        0        0        0        0        0        0]
Unobstructed
15
---------------------------
---------------------------
12a148
Correction terms
[      -1  -41/161   -3/161  -47/161 -173/161  -59/161  -27/161   -11/23 -209/161 -101/161  -75/161 -131/161   53/161 -167/161   -21/23]
[ 113/161  -31/161 -257/161   79/161   11/161 -139/161    -7/23  -41/161     -5/7   51/161 -187/161 -185/161   57/161   -15/23  -27/161]
[ -31/161 -117/161   37/161  109/161 -223/161     1/23  155/161 -101/161 -117/161  107/161  -73/161  -13/161    -5/23 -139/161   -3/161]
[  51/161      1/7  -87/161   43/161    13/23   57/161  -59/161   65/161  107/161   67/161  -55/161     9/23   99/161   53/161  -75/161]
[  37/161   67/161   15/161   -17/23  -13/161   11/161  -47/161  135/161  -87/161     -3/7    27/23   43/161 -185/161  149/161   79/161]
[ -73/161   15/161     3/23  -55/161  109/161 -131/161 -131/161  109/161  -55/161     3/23   15/161  -73/161   79/161  149/161 -185/161]
[  43/161    27/23     -3/7  -87/161  135/161  -47/161   11/161  -13/161   -17/23   15/161   67/161   37/161  -75/161   53/161   99/161]
[    9/23  -55/161   67/161  107/161   65/161  -59/161   57/161    13/23   43/161  -87/161      1/7   51/161   -3/161 -139/161    -5/23]
[ -13/161  -73/161  107/161 -117/161 -101/161  155/161     1/23 -223/161  109/161   37/161 -117/161  -31/161  -27/161   -15/23   57/161]
[-185/161 -187/161   51/161     -5/7  -41/161    -7/23 -139/161   11/161   79/161 -257/161  -31/161  113/161   -21/23 -167/161   53/161]
[-131/161  -75/161 -101/161 -209/161   -11/23  -27/161  -59/161 -173/161  -47/161   -3/161  -41/161        0        0        0        0]
Testing obstruction for
m1: 4, m2: 12,a: 0
[      -1 -101/161   79/161   57/161  155/161  373/161  389/161    29/23  137/161  191/161   43/161   15/161  107/161   -3/161     1/23]
[ 137/161  387/161  435/161  281/161  247/161   11/161   -15/23 -101/161      1/7  -55/161  -13/161  149/161  109/161    27/23  389/161]
[ 387/161  183/161   99/161  135/161  -31/161   -11/23   -3/161  191/161  183/161  295/161  527/161  235/161     9/23   11/161   79/161]
[ -55/161     -3/7   37/161  -59/161    -5/23  109/161  373/161  435/161  295/161  275/161   53/161    -7/23  -31/161  107/161   43/161]
[  99/161  275/161  249/161    49/23  235/161  247/161   57/161  -13/161   37/161     -5/7   -21/23  -59/161  149/161  155/161  281/161]
[ 527/161  249/161    13/23   53/161  135/161   15/161   15/161  135/161   53/161    13/23  249/161  527/161  281/161  155/161  149/161]
[ -59/161   -21/23     -5/7   37/161  -13/161   57/161  247/161  235/161    49/23  249/161  275/161   99/161   43/161  107/161  -31/161]
[   -7/23   53/161  275/161  295/161  435/161  373/161  109/161    -5/23  -59/161   37/161     -3/7  -55/161   79/161   11/161     9/23]
[ 235/161  527/161  295/161  183/161  191/161   -3/161   -11/23  -31/161  135/161   99/161  183/161  387/161  389/161    27/23  109/161]
[ 149/161  -13/161  -55/161      1/7 -101/161   -15/23   11/161  247/161  281/161  435/161  387/161  137/161     1/23   -3/161  107/161]
[  15/161   43/161  191/161  137/161    29/23  389/161  373/161  155/161   57/161   79/161 -101/161        0        0        0        0]
Unobstructed
9
---------------------------
---------------------------
12a156
Correction terms
[      -1  169/141  -29/141    37/47   25/141   -5/141     7/47  103/141  -41/141    51/47  121/141  145/141   -19/47   79/141  -11/141]
[   79/47  -23/141   55/141   -31/47   97/141   61/141    27/47  157/141    7/141   -29/47  157/141 -107/141    83/47   97/141    1/141]
[  -13/47  -23/141   49/141    59/47   79/141   37/141    17/47  121/141  -35/141    49/47  103/141  115/141   -33/47   25/141  -77/141]
[   53/47  169/141     -1/3    25/47  -29/141  -77/141    71/47   -5/141  115/141     3/47  -41/141  -35/141     9/47  145/141   37/141]
[   -5/47  -11/141   49/141    55/47   55/141    1/141     1/47   61/141 -107/141    21/47    7/141    7/141    21/47 -107/141   61/141]
[    1/47    1/141   55/141    55/47   49/141  -11/141    -5/47   37/141  145/141     9/47  -35/141  -41/141     3/47  115/141   -5/141]
[   71/47  -77/141  -29/141    25/47     -1/3  169/141    53/47  -77/141   25/141   -33/47  115/141  103/141    49/47  -35/141  121/141]
[   17/47   37/141   79/141    59/47   49/141  -23/141   -13/47    1/141   97/141    83/47 -107/141  157/141   -29/47    7/141  157/141]
[   27/47   61/141   97/141   -31/47   55/141  -23/141    79/47  -11/141   79/141   -19/47  145/141  121/141    51/47  -41/141  103/141]
[    7/47   -5/141   25/141    37/47  -29/141  169/141        0        0        0        0        0        0        0        0        0]
Testing obstruction for
m1: 2, m2: 24,a: 0
[     -1 -41/141 -23/141  -29/47  49/141 103/141   25/47 247/141 337/141  115/47 553/141 679/141  241/47 685/141 565/141]
[ 121/47 361/141 277/141   37/47 145/141  97/141  -11/47  37/141  25/141  -23/47  37/141  61/141    1/47 145/141 205/141]
[  61/47 361/141 457/141  157/47 685/141 817/141  195/47 553/141 439/141   81/47 247/141 169/141    3/47  49/141   7/141]
[ -39/47 -41/141    -1/3  -45/47 -23/141   7/141  -15/47 103/141 169/141   51/47 337/141 439/141  153/47 679/141 817/141]
[ 197/47 565/141 457/141   89/47 277/141 205/141   17/47  97/141  61/141  -19/47  25/141  25/141  -19/47  61/141  97/141]
[  17/47 205/141 277/141   89/47 457/141 565/141  197/47 817/141 679/141  153/47 439/141 337/141   51/47 169/141 103/141]
[ -15/47   7/141 -23/141  -45/47    -1/3 -41/141  -39/47   7/141  49/141    3/47 169/141 247/141   81/47 439/141 553/141]
[ 195/47 817/141 685/141  157/47 457/141 361/141   61/47 205/141 145/141    1/47  61/141  37/141  -23/47  25/141  37/141]
[ -11/47  97/141 145/141   37/47 277/141 361/141  121/47 565/141 685/141  241/47 679/141 553/141  115/47 337/141 247/141]
[  25/47 103/141  49/141  -29/47 -23/141 -41/141       0       0       0       0       0       0       0       0       0]
[-41/141, -23/141, -29/47, 49/141, 103/141, 25/47, 247/141, 337/141, 115/47, 553/141, 679/141, 241/47, 685/141, 565/141, 121/47, 361/141, 277/141, 37/47, 145/141, 97/141, -11/47]
8 [-41/141, -23/141, -29/47, 49/141, 103/141, 25/47, -35/141, 55/141, 21/47, -11/141, 115/141, 53/47, 121/141, 1/141, 27/47, 79/141, -5/141, 37/47, 145/141, 97/141, 83/47]
[-41/141, -23/141, -29/47, 49/141, 103/141, 25/47, 247/141, 337/141, 115/47, 553/141, 679/141, 241/47, 685/141, 565/141, 121/47, 361/141, 277/141, 37/47, 145/141, 97/141, -11/47]
55 [-41/141, -23/141, -29/47, 49/141, 103/141, 25/47, -35/141, 55/141, 21/47, -11/141, 115/141, 53/47, 121/141, 1/141, 27/47, 79/141, -5/141, 37/47, 145/141, 97/141, 83/47]
Testing obstruction for
m1: 8, m2: 10,a: 6
[      -1 -121/141  -61/141    13/47  179/141   77/141     5/47   -7/141   11/141    23/47  167/141  305/141    67/47  137/141  113/141]
[   43/47  185/141  281/141    45/47   29/141  -37/141   -21/47  -49/141    5/141    33/47  233/141  125/141    19/47   29/141   41/141]
[   31/47  185/141  317/141    69/47  137/141  107/141    39/47  167/141  257/141    35/47   -7/141  -79/141   -37/47 -103/141  -55/141]
[   11/47  161/141      1/3    -9/47  -61/141  -55/141    -3/47   77/141  203/141    29/47   11/141  -25/141    -7/47   23/141  107/141]
[   77/47  113/141   35/141    -1/47   -1/141   41/141    41/47  245/141  125/141    15/47    5/141    5/141    15/47  125/141  245/141]
[   41/47   41/141   -1/141    -1/47   35/141  113/141    77/47  107/141   23/141    -7/47  -25/141   11/141    29/47  203/141   77/141]
[   -3/47  -55/141  -61/141    -9/47      1/3  161/141    11/47  -55/141 -103/141   -37/47  -79/141   -7/141    35/47  257/141  167/141]
[   39/47  107/141  137/141    69/47  317/141  185/141    31/47   41/141   29/141    19/47  125/141  233/141    33/47    5/141  -49/141]
[  -21/47  -37/141   29/141    45/47  281/141  185/141    43/47  113/141  137/141    67/47  305/141  167/141    23/47   11/141   -7/141]
[    5/47   77/141  179/141    13/47  -61/141 -121/141        0        0        0        0        0        0        0        0        0]
Testing obstruction for
m1: 36, m2: 36,a: 35
[      -1 -137/141 -125/141   -35/47  -77/141  -41/141     1/47   55/141  115/141    61/47  259/141  343/141   145/47  535/141  643/141]
[  253/47  883/141 1015/141   385/47 1021/141  895/141   259/47  667/141  565/141   157/47  385/141  307/141    79/47  175/141  121/141]
[   25/47   37/141    7/141    -5/47  -29/141  -35/141   -11/47  -23/141   -5/141     7/47   55/141   97/141    49/47  205/141  271/141]
[  115/47  427/141     11/3   205/47  721/141  835/141   319/47 1087/141 1225/141   363/47  961/141  841/141   243/47  625/141  529/141]
[  147/47  361/141  289/141    75/47  169/141  121/141    27/47   49/141   25/141     3/47    1/141    1/141     3/47   25/141   49/141]
[   27/47  121/141  169/141    75/47  289/141  361/141   147/47  529/141  625/141   243/47  841/141  961/141   363/47 1225/141 1087/141]
[  319/47  835/141  721/141   205/47     11/3  427/141   115/47  271/141  205/141    49/47   97/141   55/141     7/47   -5/141  -23/141]
[  -11/47  -35/141  -29/141    -5/47    7/141   37/141    25/47  121/141  175/141    79/47  307/141  385/141   157/47  565/141  667/141]
[  259/47  895/141 1021/141   385/47 1015/141  883/141   253/47  643/141  535/141   145/47  343/141  259/141    61/47  115/141   55/141]
[    1/47  -41/141  -77/141   -35/47 -125/141 -137/141        0        0        0        0        0        0        0        0        0]
---------------------------
SUCCESS for name = 12a156
---------------------------
12a160
Correction terms
[      -1   31/101   23/101   77/101   -9/101  -33/101    5/101  -97/101   65/101 -115/101  -31/101  -87/101  -81/101  -13/101  -85/101]
[ 107/101  -43/101   71/101   45/101   81/101  -23/101  -65/101  -45/101 -165/101  -21/101  -17/101   49/101  -25/101  -37/101   13/101]
[ -77/101   97/101  -71/101   25/101  -19/101   -1/101   79/101   19/101   21/101 -117/101    9/101   -5/101   43/101  -49/101  -79/101]
[ -47/101 -155/101    1/101   17/101   95/101   33/101   33/101   95/101   17/101    1/101 -155/101  -47/101  -79/101  -49/101   43/101]
[  -5/101    9/101 -117/101   21/101   19/101   79/101   -1/101  -19/101   25/101  -71/101   97/101  -77/101   13/101  -37/101  -25/101]
[  49/101  -17/101  -21/101 -165/101  -45/101  -65/101  -23/101   81/101   45/101   71/101  -43/101  107/101  -85/101  -13/101  -81/101]
[ -87/101  -31/101 -115/101   65/101  -97/101    5/101  -33/101   -9/101   77/101   23/101   31/101        0        0        0        0]
Testing obstruction for
m1: 2, m2: 18,a: 1
[     -1 -95/101 -77/101 -47/101  -5/101  49/101 115/101 193/101 283/101 385/101 297/101 221/101 157/101 105/101  65/101]
[ 37/101  21/101  17/101  25/101  45/101  77/101 121/101 177/101 245/101 325/101 417/101 319/101 233/101 159/101  97/101]
[ 47/101   9/101 -17/101 -31/101 -33/101 -23/101  -1/101  33/101  79/101 137/101 207/101 289/101 383/101 287/101 203/101]
[131/101  71/101  23/101 -13/101 -37/101 -49/101 -49/101 -37/101 -13/101  23/101  71/101 131/101 203/101 287/101 383/101]
[289/101 207/101 137/101  79/101  33/101  -1/101 -23/101 -33/101 -31/101 -17/101   9/101  47/101  97/101 159/101 233/101]
[319/101 417/101 325/101 245/101 177/101 121/101  77/101  45/101  25/101  17/101  21/101  37/101  65/101 105/101 157/101]
[221/101 297/101 385/101 283/101 193/101 115/101  49/101  -5/101 -47/101 -77/101 -95/101       0       0       0       0]
Testing obstruction for
m1: 4, m2: 8,a: 1
[     -1 -87/101 -45/101  25/101 123/101  47/101  -1/101 -21/101 -13/101  23/101  87/101 179/101  97/101  43/101  17/101]
[ 19/101  49/101 107/101 193/101 105/101  45/101  13/101   9/101  33/101  85/101 165/101  71/101   5/101 -33/101 -43/101]
[-25/101  21/101  95/101 197/101 125/101  81/101  65/101  77/101 117/101 185/101  79/101   1/101 -49/101 -71/101 -65/101]
[-31/101  31/101 121/101  37/101 -19/101 -47/101 -47/101 -19/101  37/101 121/101  31/101 -31/101 -65/101 -71/101 -49/101]
[  1/101  79/101 185/101 117/101  77/101  65/101  81/101 125/101 197/101  95/101  21/101 -25/101 -43/101 -33/101   5/101]
[ 71/101 165/101  85/101  33/101   9/101  13/101  45/101 105/101 193/101 107/101  49/101  19/101  17/101  43/101  97/101]
[179/101  87/101  23/101 -13/101 -21/101  -1/101  47/101 123/101  25/101 -45/101 -87/101       0       0       0       0]
Unobstructed
11
---------------------------
---------------------------
