13a3564
Correction terms
[      -1 -357/281  -23/281 -403/281  189/281   67/281 -207/281  -71/281  -87/281 -255/281  -13/281   77/281   15/281 -199/281   -3/281]
[-521/281  -67/281 -327/281 -177/281 -179/281  229/281  -77/281   27/281  -21/281 -221/281  -11/281   47/281  -47/281 -293/281 -129/281]
[-117/281 -257/281   13/281 -431/281   97/281  -89/281  135/281 -355/281  127/281 -105/281 -489/281   99/281  -27/281 -305/281 -173/281]
[-193/281 -365/281 -127/281  -41/281 -107/281  237/281 -133/281  -93/281 -205/281   93/281 -323/281 -329/281   75/281 -235/281 -135/281]
[-187/281 -391/281 -185/281 -131/281 -229/281   83/281  243/281 -311/281  107/281 -189/281  -75/281 -113/281 -303/281  -83/281  -15/281]
[ -99/281 -335/281 -161/281 -139/281 -269/281   11/281  139/281  115/281  -61/281  173/281 -307/281 -377/281  -37/281 -411/281 -375/281]
[  71/281 -197/281  -55/281  -65/281 -227/281   21/281  117/281   61/281 -147/281   55/281  105/281 -559/281 -251/281  -95/281  -91/281]
[-239/281   23/281 -429/281   91/281 -103/281 -449/281  177/281   89/281 -151/281   19/281   37/281  -97/281 -383/281 -259/281 -287/281]
[  95/281 -237/281 -159/281 -233/281  103/281 -275/281 -243/281  199/281  -73/281   65/281   51/281 -115/281 -433/281 -341/281 -401/281]
[ -51/281  147/281 -369/281   87/281 -171/281  -19/281  -19/281 -171/281   87/281 -369/281  147/281  -51/281 -401/281 -341/281 -433/281]
[-115/281   51/281   65/281  -73/281  199/281 -243/281 -275/281  103/281 -233/281 -159/281 -237/281   95/281 -287/281 -259/281 -383/281]
[ -97/281   37/281   19/281 -151/281   89/281  177/281 -449/281 -103/281   91/281 -429/281   23/281 -239/281  -91/281  -95/281 -251/281]
[-559/281  105/281   55/281 -147/281   61/281  117/281   21/281 -227/281  -65/281  -55/281 -197/281   71/281 -375/281 -411/281  -37/281]
[-377/281 -307/281  173/281  -61/281  115/281  139/281   11/281 -269/281 -139/281 -161/281 -335/281  -99/281  -15/281  -83/281 -303/281]
[-113/281  -75/281 -189/281  107/281 -311/281  243/281   83/281 -229/281 -131/281 -185/281 -391/281 -187/281 -135/281 -235/281   75/281]
[-329/281 -323/281   93/281 -205/281  -93/281 -133/281  237/281 -107/281  -41/281 -127/281 -365/281 -193/281 -173/281 -305/281  -27/281]
[  99/281 -489/281 -105/281  127/281 -355/281  135/281  -89/281   97/281 -431/281   13/281 -257/281 -117/281 -129/281 -293/281  -47/281]
[  47/281  -11/281 -221/281  -21/281   27/281  -77/281  229/281 -179/281 -177/281 -327/281  -67/281 -521/281   -3/281 -199/281   15/281]
[  77/281  -13/281 -255/281  -87/281  -71/281 -207/281   67/281  189/281 -403/281  -23/281 -357/281        0        0        0        0]
Testing obstruction for
m1: 2, m2: 48,a: 1
[      -1 -275/281 -257/281 -227/281 -185/281 -131/281  -65/281   13/281  103/281  205/281  319/281  445/281  583/281  733/281  895/281]
[1069/281 1255/281 1453/281 1663/281 1885/281 2119/281 2365/281 2623/281 2893/281 3175/281 2907/281 2651/281 2407/281 2175/281 1955/281]
[1747/281 1551/281 1367/281 1195/281 1035/281  887/281  751/281  627/281  515/281  415/281  327/281  251/281  187/281  135/281   95/281]
[  67/281   51/281   47/281   55/281   75/281  107/281  151/281  207/281  275/281  355/281  447/281  551/281  667/281  795/281  935/281]
[1087/281 1251/281 1427/281 1615/281 1815/281 2027/281 2251/281 2487/281 2735/281 2995/281 3267/281 2989/281 2723/281 2469/281 2227/281]
[1997/281 1779/281 1573/281 1379/281 1197/281 1027/281  869/281  723/281  589/281  467/281  357/281  259/281  173/281   99/281   37/281]
[ -13/281  -51/281  -77/281  -91/281  -93/281  -83/281  -61/281  -27/281   19/281   77/281  147/281  229/281  323/281  429/281  547/281]
[ 677/281  819/281  973/281 1139/281 1317/281 1507/281 1709/281 1923/281 2149/281 2387/281 2637/281 2899/281 3173/281 2897/281 2633/281]
[2381/281 2141/281 1913/281 1697/281 1493/281 1301/281 1121/281  953/281  797/281  653/281  521/281  401/281  293/281  197/281  113/281]
[  41/281  -19/281  -67/281 -103/281 -127/281 -139/281 -139/281 -127/281 -103/281  -67/281  -19/281   41/281  113/281  197/281  293/281]
[ 401/281  521/281  653/281  797/281  953/281 1121/281 1301/281 1493/281 1697/281 1913/281 2141/281 2381/281 2633/281 2897/281 3173/281]
[2899/281 2637/281 2387/281 2149/281 1923/281 1709/281 1507/281 1317/281 1139/281  973/281  819/281  677/281  547/281  429/281  323/281]
[ 229/281  147/281   77/281   19/281  -27/281  -61/281  -83/281  -93/281  -91/281  -77/281  -51/281  -13/281   37/281   99/281  173/281]
[ 259/281  357/281  467/281  589/281  723/281  869/281 1027/281 1197/281 1379/281 1573/281 1779/281 1997/281 2227/281 2469/281 2723/281]
[2989/281 3267/281 2995/281 2735/281 2487/281 2251/281 2027/281 1815/281 1615/281 1427/281 1251/281 1087/281  935/281  795/281  667/281]
[ 551/281  447/281  355/281  275/281  207/281  151/281  107/281   75/281   55/281   47/281   51/281   67/281   95/281  135/281  187/281]
[ 251/281  327/281  415/281  515/281  627/281  751/281  887/281 1035/281 1195/281 1367/281 1551/281 1747/281 1955/281 2175/281 2407/281]
[2651/281 2907/281 3175/281 2893/281 2623/281 2365/281 2119/281 1885/281 1663/281 1453/281 1255/281 1069/281  895/281  733/281  583/281]
[ 445/281  319/281  205/281  103/281   13/281  -65/281 -131/281 -185/281 -227/281 -257/281 -275/281        0        0        0        0]
Unobstructed
125
---------------------------
---------------------------
13a3567
Correction terms
[      -1  129/241 -207/241 -285/241 -105/241 -149/241   65/241   55/241 -179/241 -155/241  127/241 -297/241   19/241 -371/241  -21/241]
[-377/241    7/241  167/241  103/241 -185/241 -215/241   13/241 -465/241 -203/241 -165/241  131/241 -279/241   51/241  157/241   39/241]
[-303/241 -387/241 -213/241 -263/241  -55/241  -71/241  171/241 -293/241  -17/241   35/241 -137/241  -51/241 -189/241  -69/241 -173/241]
[ -19/241  -89/241   99/241 -419/241 -197/241 -199/241   57/241   89/241 -103/241  -37/241 -195/241  -95/241 -219/241  -85/241 -175/241]
[  -7/241  -63/241  139/241  117/241 -129/241 -117/241 -329/241 -283/241 -461/241  101/241  -43/241   71/241  -39/241  109/241   33/241]
[-267/241 -309/241  -93/241 -101/241 -333/241  175/241  -23/241   37/241 -127/241  -33/241 -163/241  -35/241 -131/241   31/241  -31/241]
[-317/241  137/241 -115/241 -109/241 -327/241 -287/241   11/241   85/241  -65/241   43/241  -73/241 -413/241  -13/241 -319/241  115/241]
[-157/241 -171/241   73/241   93/241 -111/241  -57/241 -227/241 -139/241 -275/241 -153/241  227/241  -99/241 -167/241   23/241  -11/241]
[-269/241 -269/241  -11/241   23/241 -167/241  -99/241  227/241 -153/241 -275/241 -139/241 -227/241  -57/241 -111/241   93/241   73/241]
[-171/241 -157/241  115/241 -319/241  -13/241 -413/241  -73/241   43/241  -65/241   85/241   11/241 -287/241 -327/241 -109/241 -115/241]
[ 137/241 -317/241  -31/241   31/241 -131/241  -35/241 -163/241  -33/241 -127/241   37/241  -23/241  175/241 -333/241 -101/241  -93/241]
[-309/241 -267/241   33/241  109/241  -39/241   71/241  -43/241  101/241 -461/241 -283/241 -329/241 -117/241 -129/241  117/241  139/241]
[ -63/241   -7/241 -175/241  -85/241 -219/241  -95/241 -195/241  -37/241 -103/241   89/241   57/241 -199/241 -197/241 -419/241   99/241]
[ -89/241  -19/241 -173/241  -69/241 -189/241  -51/241 -137/241   35/241  -17/241 -293/241  171/241  -71/241  -55/241 -263/241 -213/241]
[-387/241 -303/241   39/241  157/241   51/241 -279/241  131/241 -165/241 -203/241 -465/241   13/241 -215/241 -185/241  103/241  167/241]
[   7/241 -377/241  -21/241 -371/241   19/241 -297/241  127/241 -155/241 -179/241   55/241   65/241 -149/241 -105/241 -285/241 -207/241]
[ 129/241        0        0        0        0        0        0        0        0        0        0        0        0        0        0]
Testing obstruction for
m1: 4, m2: 18,a: 1
[      -1 -227/241 -185/241 -115/241  -17/241  109/241  263/241  445/241  655/241  893/241  677/241  489/241  329/241  197/241   93/241]
[  17/241  -31/241  -51/241  -43/241   -7/241   57/241  149/241  269/241  417/241  593/241  797/241 1029/241  807/241  613/241  447/241]
[ 309/241  199/241  117/241   63/241   37/241   39/241   69/241  127/241  213/241  327/241  469/241  639/241  837/241 1063/241  835/241]
[ 635/241  463/241  319/241  203/241  115/241   55/241   23/241   19/241   43/241   95/241  175/241  283/241  419/241  583/241  775/241]
[ 995/241  761/241  555/241  377/241  227/241  105/241   11/241  -55/241  -93/241 -103/241  -85/241  -39/241   35/241  137/241  267/241]
[ 425/241  611/241  825/241 1067/241  855/241  671/241  515/241  387/241  287/241  215/241  171/241  155/241  167/241  207/241  275/241]
[ 371/241  495/241  647/241  827/241 1035/241  789/241  571/241  381/241  219/241   85/241  -21/241  -99/241 -149/241 -171/241 -165/241]
[-131/241  -69/241   21/241  139/241  285/241  459/241  661/241  891/241  667/241  471/241  303/241  163/241   51/241  -33/241  -89/241]
[-117/241 -117/241  -89/241  -33/241   51/241  163/241  303/241  471/241  667/241  891/241  661/241  459/241  285/241  139/241   21/241]
[ -69/241 -131/241 -165/241 -171/241 -149/241  -99/241  -21/241   85/241  219/241  381/241  571/241  789/241 1035/241  827/241  647/241]
[ 495/241  371/241  275/241  207/241  167/241  155/241  171/241  215/241  287/241  387/241  515/241  671/241  855/241 1067/241  825/241]
[ 611/241  425/241  267/241  137/241   35/241  -39/241  -85/241 -103/241  -93/241  -55/241   11/241  105/241  227/241  377/241  555/241]
[ 761/241  995/241  775/241  583/241  419/241  283/241  175/241   95/241   43/241   19/241   23/241   55/241  115/241  203/241  319/241]
[ 463/241  635/241  835/241 1063/241  837/241  639/241  469/241  327/241  213/241  127/241   69/241   39/241   37/241   63/241  117/241]
[ 199/241  309/241  447/241  613/241  807/241 1029/241  797/241  593/241  417/241  269/241  149/241   57/241   -7/241  -43/241  -51/241]
[ -31/241   17/241   93/241  197/241  329/241  489/241  677/241  893/241  655/241  445/241  263/241  109/241  -17/241 -115/241 -185/241]
[-227/241        0        0        0        0        0        0        0        0        0        0        0        0        0        0]
Unobstructed
111
---------------------------
---------------------------
13a3577
Correction terms
[      -1  301/457 -167/457  -33/457 -211/457  213/457  325/457  125/457  527/457 -297/457  395/457 -139/457  -71/457 -315/457   43/457]
[  89/457 -177/457  159/457  183/457 -105/457  209/457  211/457  -99/457  193/457  173/457 -159/457  111/457   69/457 -285/457  -37/457]
[-101/457  437/457 -251/457  577/457  179/457  383/457  275/457 -145/457   37/457  -93/457  379/457 -375/457  387/457  -77/457   61/457]
[-113/457  315/457 -483/457  235/457 -273/457 -179/457 -397/457  -13/457   59/457 -181/457  181/457  231/457  -31/457  309/457  337/457]
[  53/457  371/457  377/457   71/457  367/457  351/457   23/457  297/457  259/457  -91/457  161/457  101/457 -271/457  -41/457 -123/457]
[-517/457 -309/457 -413/457   85/457 -643/457  145/457 -293/457 -129/457 -277/457  177/457  319/457  149/457  581/457 -213/457  509/457]
[   5/457  103/457 -111/457  277/457  353/457  117/457  483/457 -377/457  279/457 -291/457 -259/457 -539/457 -217/457 -207/457 -509/457]
[-209/457 -221/457 -545/457 -267/457 -301/457  267/457 -391/457  467/457   99/457  333/457  255/457 -135/457   77/457  -23/457  479/457]
[-245/457  547/457  113/457  281/457  137/457 -319/457 -173/457 -339/457   97/457 -693/457   33/457 -467/457 -365/457 -575/457 -183/457]
[-103/457 -335/457   35/457   93/457 -161/457  187/457  223/457  -53/457  273/457  287/457  -11/457  293/457  285/457  -35/457  247/457]
[ 217/457 -125/457  135/457   83/457 -281/457  -43/457 -117/457 -503/457 -287/457 -383/457  123/457 -597/457  199/457 -231/457  -59/457]
[-199/457  263/457 -501/457  251/457 -223/457  -95/457 -279/457  139/457  245/457   39/457  435/457 -395/457  291/457 -249/457 -187/457]
[-437/457  -85/457  -45/457 -317/457   13/457   31/457 -263/457   45/457   41/457 -275/457   11/457  -15/457 -353/457  -89/457 -137/457]
[-497/457 -255/457 -325/457  207/457 -487/457  335/457  -69/457  129/457   15/457 -411/457 -235/457 -371/457   95/457 -665/457   91/457]
[-379/457 -247/457 -427/457   -5/457  105/457  -97/457  303/457 -523/457  167/457 -369/457 -303/457 -549/457 -193/457 -149/457 -417/457]
[ -83/457  -61/457 -351/457  -39/457  -39/457 -351/457  -61/457  -83/457 -417/457 -149/457 -193/457 -549/457 -303/457 -369/457  167/457]
[-523/457  303/457  -97/457  105/457   -5/457 -427/457 -247/457 -379/457   91/457 -665/457   95/457 -371/457 -235/457 -411/457   15/457]
[ 129/457  -69/457  335/457 -487/457  207/457 -325/457 -255/457 -497/457 -137/457  -89/457 -353/457  -15/457   11/457 -275/457   41/457]
[  45/457 -263/457   31/457   13/457 -317/457  -45/457  -85/457 -437/457 -187/457 -249/457  291/457 -395/457  435/457   39/457  245/457]
[ 139/457 -279/457  -95/457 -223/457  251/457 -501/457  263/457 -199/457  -59/457 -231/457  199/457 -597/457  123/457 -383/457 -287/457]
[-503/457 -117/457  -43/457 -281/457   83/457  135/457 -125/457  217/457  247/457  -35/457  285/457  293/457  -11/457  287/457  273/457]
[ -53/457  223/457  187/457 -161/457   93/457   35/457 -335/457 -103/457 -183/457 -575/457 -365/457 -467/457   33/457 -693/457   97/457]
[-339/457 -173/457 -319/457  137/457  281/457  113/457  547/457 -245/457  479/457  -23/457   77/457 -135/457  255/457  333/457   99/457]
[ 467/457 -391/457  267/457 -301/457 -267/457 -545/457 -221/457 -209/457 -509/457 -207/457 -217/457 -539/457 -259/457 -291/457  279/457]
[-377/457  483/457  117/457  353/457  277/457 -111/457  103/457    5/457  509/457 -213/457  581/457  149/457  319/457  177/457 -277/457]
[-129/457 -293/457  145/457 -643/457   85/457 -413/457 -309/457 -517/457 -123/457  -41/457 -271/457  101/457  161/457  -91/457  259/457]
[ 297/457   23/457  351/457  367/457   71/457  377/457  371/457   53/457  337/457  309/457  -31/457  231/457  181/457 -181/457   59/457]
[ -13/457 -397/457 -179/457 -273/457  235/457 -483/457  315/457 -113/457   61/457  -77/457  387/457 -375/457  379/457  -93/457   37/457]
[-145/457  275/457  383/457  179/457  577/457 -251/457  437/457 -101/457  -37/457 -285/457   69/457  111/457 -159/457  173/457  193/457]
[ -99/457  211/457  209/457 -105/457  183/457  159/457 -177/457   89/457   43/457 -315/457  -71/457 -139/457  395/457 -297/457  527/457]
[ 125/457  325/457  213/457 -211/457  -33/457 -167/457  301/457        0        0        0        0        0        0        0        0]
Testing obstruction for
m1: 6, m2: 22,a: 2
[      -1 -435/457 -369/457 -259/457 -105/457   93/457  335/457  621/457  951/457 1325/457 1743/457 2205/457 1797/457 1433/457 1113/457]
[ 837/457  605/457  417/457  273/457  173/457  117/457  105/457  137/457  213/457  333/457  497/457  705/457  957/457 1253/457 1593/457]
[1977/457 2405/457 1963/457 1565/457 1211/457  901/457  635/457  413/457  235/457  101/457   11/457  -35/457  -37/457    5/457   91/457]
[ 221/457  395/457  613/457  875/457 1181/457 1531/457 1925/457 2363/457 1931/457 1543/457 1199/457  899/457  643/457  431/457  263/457]
[ 139/457   59/457   23/457   31/457   83/457  179/457  319/457  503/457  731/457 1003/457 1319/457 1679/457 2083/457 2531/457 2109/457]
[1731/457 1397/457 1107/457  861/457  659/457  501/457  387/457  317/457  291/457  309/457  371/457  477/457  627/457  821/457 1059/457]
[1341/457 1667/457 2037/457 2451/457 1995/457 1583/457 1215/457  891/457  611/457  375/457  183/457   35/457  -69/457 -129/457 -145/457]
[-117/457  -45/457   71/457  231/457  435/457  683/457  975/457 1311/457 1691/457 2115/457 1669/457 1267/457  909/457  595/457  325/457]
[  99/457  -83/457 -221/457 -315/457 -365/457 -371/457 -333/457 -251/457 -125/457   45/457  259/457  517/457  819/457 1165/457 1555/457]
[1989/457 2467/457 2075/457 1727/457 1423/457 1163/457  947/457  775/457  647/457  563/457  523/457  527/457  575/457  667/457  803/457]
[ 983/457 1207/457 1475/457 1787/457 2143/457 2543/457 2073/457 1647/457 1265/457  927/457  633/457  383/457  177/457   15/457 -103/457]
[-177/457 -207/457 -193/457 -135/457  -33/457  113/457  303/457  537/457  815/457 1137/457 1503/457 1913/457 2367/457 1951/457 1579/457]
[1251/457  967/457  727/457  531/457  379/457  271/457  207/457  187/457  211/457  279/457  391/457  547/457  747/457  991/457 1279/457]
[1611/457 1987/457 2407/457 1957/457 1551/457 1189/457  871/457  597/457  367/457  181/457   39/457  -59/457 -113/457 -123/457  -89/457]
[ -11/457  111/457  277/457  487/457  741/457 1039/457 1381/457 1767/457 2197/457 1757/457 1361/457 1009/457  701/457  437/457  217/457]
[  41/457  -91/457 -179/457 -223/457 -223/457 -179/457  -91/457   41/457  217/457  437/457  701/457 1009/457 1361/457 1757/457 2197/457]
[1767/457 1381/457 1039/457  741/457  487/457  277/457  111/457  -11/457  -89/457 -123/457 -113/457  -59/457   39/457  181/457  367/457]
[ 597/457  871/457 1189/457 1551/457 1957/457 2407/457 1987/457 1611/457 1279/457  991/457  747/457  547/457  391/457  279/457  211/457]
[ 187/457  207/457  271/457  379/457  531/457  727/457  967/457 1251/457 1579/457 1951/457 2367/457 1913/457 1503/457 1137/457  815/457]
[ 537/457  303/457  113/457  -33/457 -135/457 -193/457 -207/457 -177/457 -103/457   15/457  177/457  383/457  633/457  927/457 1265/457]
[1647/457 2073/457 2543/457 2143/457 1787/457 1475/457 1207/457  983/457  803/457  667/457  575/457  527/457  523/457  563/457  647/457]
[ 775/457  947/457 1163/457 1423/457 1727/457 2075/457 2467/457 1989/457 1555/457 1165/457  819/457  517/457  259/457   45/457 -125/457]
[-251/457 -333/457 -371/457 -365/457 -315/457 -221/457  -83/457   99/457  325/457  595/457  909/457 1267/457 1669/457 2115/457 1691/457]
[1311/457  975/457  683/457  435/457  231/457   71/457  -45/457 -117/457 -145/457 -129/457  -69/457   35/457  183/457  375/457  611/457]
[ 891/457 1215/457 1583/457 1995/457 2451/457 2037/457 1667/457 1341/457 1059/457  821/457  627/457  477/457  371/457  309/457  291/457]
[ 317/457  387/457  501/457  659/457  861/457 1107/457 1397/457 1731/457 2109/457 2531/457 2083/457 1679/457 1319/457 1003/457  731/457]
[ 503/457  319/457  179/457   83/457   31/457   23/457   59/457  139/457  263/457  431/457  643/457  899/457 1199/457 1543/457 1931/457]
[2363/457 1925/457 1531/457 1181/457  875/457  613/457  395/457  221/457   91/457    5/457  -37/457  -35/457   11/457  101/457  235/457]
[ 413/457  635/457  901/457 1211/457 1565/457 1963/457 2405/457 1977/457 1593/457 1253/457  957/457  705/457  497/457  333/457  213/457]
[ 137/457  105/457  117/457  173/457  273/457  417/457  605/457  837/457 1113/457 1433/457 1797/457 2205/457 1743/457 1325/457  951/457]
[ 621/457  335/457   93/457 -105/457 -259/457 -369/457 -435/457        0        0        0        0        0        0        0        0]
Testing obstruction for
m1: 12, m2: 16,a: 8
[      -1 -413/457 -281/457  -61/457  247/457  643/457 1127/457  785/457  531/457  365/457  287/457  297/457  395/457  581/457  855/457]
[1217/457 1667/457 1291/457 1003/457  803/457  691/457  667/457  731/457  883/457 1123/457 1451/457  953/457  543/457  221/457  -13/457]
[-159/457 -217/457 -187/457  -69/457  137/457  431/457  813/457 1283/457  927/457  659/457  479/457  387/457  383/457  467/457  639/457]
[ 899/457 1247/457 1683/457 1293/457  991/457  777/457  651/457  613/457  663/457  801/457 1027/457 1341/457  829/457  405/457   69/457]
[-179/457 -339/457 -411/457 -395/457 -291/457  -99/457  181/457  549/457 1005/457  635/457  353/457  159/457   53/457   35/457  105/457]
[ 263/457  509/457  843/457 1265/457 1775/457 1459/457 1231/457 1091/457 1039/457 1075/457 1199/457 1411/457 1711/457 1185/457  747/457]
[ 397/457  135/457  -39/457 -125/457 -123/457  -33/457  145/457  411/457  765/457 1207/457  823/457  527/457  319/457  199/457  167/457]
[ 223/457  367/457  599/457  919/457 1327/457 1823/457 1493/457 1251/457 1097/457 1031/457 1053/457 1163/457 1361/457 1647/457 1107/457]
[ 655/457  291/457   15/457 -173/457 -273/457 -285/457 -209/457  -45/457  207/457  547/457  975/457  577/457  267/457   45/457  -89/457]
[-135/457  -93/457   37/457  255/457  561/457  955/457 1437/457 1093/457  837/457  669/457  589/457  597/457  693/457  877/457 1149/457]
[1509/457 1043/457  665/457  375/457  173/457   59/457   33/457   95/457  245/457  483/457  809/457 1223/457  811/457  487/457  251/457]
[ 103/457   43/457   71/457  187/457  391/457  683/457 1063/457 1531/457 1173/457  903/457  721/457  627/457  621/457  703/457  873/457]
[1131/457 1477/457  997/457  605/457  301/457   85/457  -43/457  -83/457  -35/457  101/457  325/457  637/457 1037/457  611/457  273/457]
[  23/457 -139/457 -213/457 -199/457  -97/457   93/457  371/457  737/457 1191/457  819/457  535/457  339/457  231/457  211/457  279/457]
[ 435/457  679/457 1011/457 1431/457 1025/457  707/457  477/457  335/457  281/457  315/457  437/457  647/457  945/457 1331/457  891/457]
[ 539/457  275/457   99/457   11/457   11/457   99/457  275/457  539/457  891/457 1331/457  945/457  647/457  437/457  315/457  281/457]
[ 335/457  477/457  707/457 1025/457 1431/457 1011/457  679/457  435/457  279/457  211/457  231/457  339/457  535/457  819/457 1191/457]
[ 737/457  371/457   93/457  -97/457 -199/457 -213/457 -139/457   23/457  273/457  611/457 1037/457  637/457  325/457  101/457  -35/457]
[ -83/457  -43/457   85/457  301/457  605/457  997/457 1477/457 1131/457  873/457  703/457  621/457  627/457  721/457  903/457 1173/457]
[1531/457 1063/457  683/457  391/457  187/457   71/457   43/457  103/457  251/457  487/457  811/457 1223/457  809/457  483/457  245/457]
[  95/457   33/457   59/457  173/457  375/457  665/457 1043/457 1509/457 1149/457  877/457  693/457  597/457  589/457  669/457  837/457]
[1093/457 1437/457  955/457  561/457  255/457   37/457  -93/457 -135/457  -89/457   45/457  267/457  577/457  975/457  547/457  207/457]
[ -45/457 -209/457 -285/457 -273/457 -173/457   15/457  291/457  655/457 1107/457 1647/457 1361/457 1163/457 1053/457 1031/457 1097/457]
[1251/457 1493/457 1823/457 1327/457  919/457  599/457  367/457  223/457  167/457  199/457  319/457  527/457  823/457 1207/457  765/457]
[ 411/457  145/457  -33/457 -123/457 -125/457  -39/457  135/457  397/457  747/457 1185/457 1711/457 1411/457 1199/457 1075/457 1039/457]
[1091/457 1231/457 1459/457 1775/457 1265/457  843/457  509/457  263/457  105/457   35/457   53/457  159/457  353/457  635/457 1005/457]
[ 549/457  181/457  -99/457 -291/457 -395/457 -411/457 -339/457 -179/457   69/457  405/457  829/457 1341/457 1027/457  801/457  663/457]
[ 613/457  651/457  777/457  991/457 1293/457 1683/457 1247/457  899/457  639/457  467/457  383/457  387/457  479/457  659/457  927/457]
[1283/457  813/457  431/457  137/457  -69/457 -187/457 -217/457 -159/457  -13/457  221/457  543/457  953/457 1451/457 1123/457  883/457]
[ 731/457  667/457  691/457  803/457 1003/457 1291/457 1667/457 1217/457  855/457  581/457  395/457  297/457  287/457  365/457  531/457]
[ 785/457 1127/457  643/457  247/457  -61/457 -281/457 -413/457        0        0        0        0        0        0        0        0]
Unobstructed
77
---------------------------
---------------------------
13a3593
Correction terms
[      -1 -149/173  -77/173   43/173  211/173   81/173   -1/173  -35/173  -21/173   41/173  151/173  -37/173  169/173   77/173   33/173]
[  37/173   89/173 -157/173   -9/173 -159/173   85/173   31/173   25/173   67/173 -189/173  -51/173 -211/173   23/173  -41/173  289/173]
[ -25/173   55/173 -163/173   13/173 -109/173  163/173  137/173  159/173 -117/173    1/173 -179/173   35/173  -49/173  -85/173  -73/173]
[ -13/173   95/173  -95/173  109/173   15/173  -31/173  -29/173   21/173  119/173  265/173  113/173    9/173  -47/173  -55/173  -15/173]
[  73/173  209/173   47/173  -67/173 -133/173 -151/173 -121/173  -43/173   83/173  -89/173  133/173   57/173   29/173   49/173  117/173]
[-113/173   51/173  -83/173  177/173  139/173  149/173 -139/173  -33/173 -225/173  -23/173 -119/173  179/173  179/173 -119/173  -23/173]
[-225/173  -33/173 -139/173  149/173  139/173  177/173  -83/173   51/173 -113/173  117/173   49/173   29/173   57/173  133/173  -89/173]
[  83/173  -43/173 -121/173 -151/173 -133/173  -67/173   47/173  209/173   73/173  -15/173  -55/173  -47/173    9/173  113/173  265/173]
[ 119/173   21/173  -29/173  -31/173   15/173  109/173  -95/173   95/173  -13/173  -73/173  -85/173  -49/173   35/173 -179/173    1/173]
[-117/173  159/173  137/173  163/173 -109/173   13/173 -163/173   55/173  -25/173  289/173  -41/173   23/173 -211/173  -51/173 -189/173]
[  67/173   25/173   31/173   85/173 -159/173   -9/173 -157/173   89/173   37/173   33/173   77/173  169/173  -37/173  151/173   41/173]
[ -21/173  -35/173   -1/173   81/173  211/173   43/173  -77/173 -149/173        0        0        0        0        0        0        0]
Testing obstruction for
m1: 2, m2: 30,a: 1
[      -1 -167/173 -149/173 -119/173  -77/173  -23/173   43/173  121/173  211/173  313/173  427/173  553/173  691/173  841/173 1003/173]
[1177/173 1017/173  869/173  733/173  609/173  497/173  397/173  309/173  233/173  169/173  117/173   77/173   49/173   33/173   29/173]
[  37/173   57/173   89/173  133/173  189/173  257/173  337/173  429/173  533/173  649/173  777/173  917/173 1069/173 1233/173 1063/173]
[ 905/173  759/173  625/173  503/173  393/173  295/173  209/173  135/173   73/173   23/173  -15/173  -41/173  -55/173  -57/173  -47/173]
[ -25/173    9/173   55/173  113/173  183/173  265/173  359/173  465/173  583/173  713/173  855/173 1009/173 1175/173 1007/173  851/173]
[ 707/173  575/173  455/173  347/173  251/173  167/173   95/173   35/173  -13/173  -49/173  -73/173  -85/173  -85/173  -73/173  -49/173]
[ -13/173   35/173   95/173  167/173  251/173  347/173  455/173  575/173  707/173  851/173 1007/173 1175/173 1009/173  855/173  713/173]
[ 583/173  465/173  359/173  265/173  183/173  113/173   55/173    9/173  -25/173  -47/173  -57/173  -55/173  -41/173  -15/173   23/173]
[  73/173  135/173  209/173  295/173  393/173  503/173  625/173  759/173  905/173 1063/173 1233/173 1069/173  917/173  777/173  649/173]
[ 533/173  429/173  337/173  257/173  189/173  133/173   89/173   57/173   37/173   29/173   33/173   49/173   77/173  117/173  169/173]
[ 233/173  309/173  397/173  497/173  609/173  733/173  869/173 1017/173 1177/173 1003/173  841/173  691/173  553/173  427/173  313/173]
[ 211/173  121/173   43/173  -23/173  -77/173 -119/173 -149/173 -167/173        0        0        0        0        0        0        0]
Testing obstruction for
m1: 4, m2: 14,a: 2
[      -1 -159/173 -117/173  -47/173   51/173  177/173  331/173  513/173  377/173  269/173  189/173  137/173  113/173  117/173  149/173]
[ 209/173  297/173  413/173  557/173  383/173  237/173  119/173   29/173  -33/173  -67/173  -73/173  -51/173   -1/173   77/173  183/173]
[ 317/173  479/173  323/173  195/173   95/173   23/173  -21/173  -37/173  -25/173   15/173   83/173  179/173  303/173  455/173  289/173]
[ 151/173   41/173  -41/173  -95/173 -121/173 -119/173  -89/173  -31/173   55/173  169/173  311/173  481/173  333/173  213/173  121/173]
[  57/173   21/173   13/173   33/173   81/173  157/173  261/173  393/173  553/173  395/173  265/173  163/173   89/173   43/173   25/173]
[  35/173   73/173  139/173  233/173  355/173  505/173  337/173  197/173   85/173    1/173  -55/173  -83/173  -83/173  -55/173    1/173]
[  85/173  197/173  337/173  505/173  355/173  233/173  139/173   73/173   35/173   25/173   43/173   89/173  163/173  265/173  395/173]
[ 553/173  393/173  261/173  157/173   81/173   33/173   13/173   21/173   57/173  121/173  213/173  333/173  481/173  311/173  169/173]
[  55/173  -31/173  -89/173 -119/173 -121/173  -95/173  -41/173   41/173  151/173  289/173  455/173  303/173  179/173   83/173   15/173]
[ -25/173  -37/173  -21/173   23/173   95/173  195/173  323/173  479/173  317/173  183/173   77/173   -1/173  -51/173  -73/173  -67/173]
[ -33/173   29/173  119/173  237/173  383/173  557/173  413/173  297/173  209/173  149/173  117/173  113/173  137/173  189/173  269/173]
[ 377/173  513/173  331/173  177/173   51/173  -47/173 -117/173 -159/173        0        0        0        0        0        0        0]
Unobstructed
19
---------------------------
---------------------------
13a3596
Correction terms
[      -1  -91/249 -115/249    59/83 -211/249  215/249   -13/83   23/249  -97/249    33/83  113/249  -55/249    31/83   59/249 -157/249]
[  -19/83 -139/249   95/249    49/83   17/249  203/249   -97/83   29/249 -331/249    41/83 -103/249  -13/249   -35/83  119/249 -337/249]
[    7/83 -301/249  191/249     1/83  131/249   77/249   -53/83  -79/249 -181/249    11/83   65/249  -85/249    27/83   65/249 -133/249]
[   -5/83  -79/249  173/249   -85/83  131/249 -163/249   -47/83 -301/249 -145/249   -57/83  119/249 -271/249    51/83 -103/249  -43/249]
[  -55/83   29/249   41/249   -43/83   17/249  -19/249   -79/83 -139/249 -223/249     3/83   59/249  -73/249    37/83  113/249  -67/249]
[   23/83   23/249 -205/249   -39/83 -211/249   11/249  -149/83  -91/249     -5/3    25/83 -115/249   11/249   -15/83  215/249 -205/249]
[   63/83  -97/249  -67/249   -73/83  -55/249  -73/249   -91/83 -157/249 -223/249     9/83   95/249  -19/249    61/83  203/249   41/249]
[   65/83 -331/249  -43/249  -145/83  -13/249 -271/249   -71/83 -337/249 -145/249   -45/83  191/249 -163/249    99/83   77/249  173/249]
[   29/83 -181/249 -133/249   -89/83  -85/249  -85/249   -89/83 -133/249 -181/249    29/83  173/249   77/249    99/83 -163/249  191/249]
[  -45/83 -145/249 -337/249   -71/83 -271/249  -13/249  -145/83  -43/249 -331/249    65/83   41/249  203/249    61/83  -19/249   95/249]
[    9/83 -223/249 -157/249   -91/83  -73/249  -55/249   -73/83  -67/249  -97/249    63/83 -205/249  215/249   -15/83   11/249 -115/249]
[   25/83     -5/3  -91/249  -149/83   11/249 -211/249   -39/83 -205/249   23/249    23/83  -67/249  113/249    37/83  -73/249   59/249]
[    3/83 -223/249 -139/249   -79/83  -19/249   17/249   -43/83   41/249   29/249   -55/83  -43/249 -103/249    51/83 -271/249  119/249]
[  -57/83 -145/249 -301/249   -47/83 -163/249  131/249   -85/83  173/249  -79/249    -5/83 -133/249   65/249    27/83  -85/249   65/249]
[   11/83 -181/249  -79/249   -53/83   77/249  131/249     1/83  191/249 -301/249     7/83 -337/249  119/249   -35/83  -13/249 -103/249]
[   41/83 -331/249   29/249   -97/83  203/249   17/249    49/83   95/249 -139/249   -19/83 -157/249   59/249    31/83  -55/249  113/249]
[   33/83  -97/249   23/249   -13/83  215/249 -211/249    59/83 -115/249  -91/249        0        0        0        0        0        0]
Testing obstruction for
m1: 2, m2: 42,a: 0
[      -1  -77/249  -59/249   -65/83   13/249   67/249   -11/83  211/249  301/249    79/83  517/249  643/249   205/83  931/249 1093/249]
[  367/83 1453/249 1651/249   565/83 2083/249 2317/249   799/83 2323/249 2095/249   571/83 1675/249 1483/249   379/83 1135/249  979/249]
[  223/83  703/249  583/249   103/83  379/249  295/249    19/83  163/249  115/249   -29/83   55/249   43/249   -41/83   55/249   79/249]
[  -17/83  163/249  223/249    43/83  379/249  475/249   139/83  703/249  835/249   271/83 1135/249 1303/249   439/83 1675/249 1879/249]
[  643/83 2323/249 2563/249   717/83 2083/249 1861/249   495/83 1453/249 1267/249   309/83  931/249  781/249   159/83  517/249  403/249]
[   45/83  211/249  133/249   -33/83   13/249  -29/249   -75/83  -77/249     -1/3   -81/83  -59/249  -29/249   -51/83   67/249  133/249]
[   15/83  301/249  403/249   117/83  643/249  781/249   255/83 1093/249 1267/249   429/83 1651/249 1861/249   639/83 2317/249 2563/249]
[  719/83 2095/249 1879/249   503/83 1483/249 1303/249   323/83  979/249  835/249   179/83  583/249  475/249    71/83  295/249  223/249]
[   -1/83  115/249   79/249   -37/83   43/249   43/249   -37/83   79/249  115/249    -1/83  223/249  295/249    71/83  475/249  583/249]
[  179/83  835/249  979/249   323/83 1303/249 1483/249   503/83 1879/249 2095/249   719/83 2563/249 2317/249   639/83 1861/249 1651/249]
[  429/83 1267/249 1093/249   255/83  781/249  643/249   117/83  403/249  301/249    15/83  133/249   67/249   -51/83  -29/249  -59/249]
[  -81/83     -1/3  -77/249   -75/83  -29/249   13/249   -33/83  133/249  211/249    45/83  403/249  517/249   159/83  781/249  931/249]
[  309/83 1267/249 1453/249   495/83 1861/249 2083/249   717/83 2563/249 2323/249   643/83 1879/249 1675/249   439/83 1303/249 1135/249]
[  271/83  835/249  703/249   139/83  475/249  379/249    43/83  223/249  163/249   -17/83   79/249   55/249   -41/83   43/249   55/249]
[  -29/83  115/249  163/249    19/83  295/249  379/249   103/83  583/249  703/249   223/83  979/249 1135/249   379/83 1483/249 1675/249]
[  571/83 2095/249 2323/249   799/83 2317/249 2083/249   565/83 1651/249 1453/249   367/83 1093/249  931/249   205/83  643/249  517/249]
[   79/83  301/249  211/249   -11/83   67/249   13/249   -65/83  -59/249  -77/249        0        0        0        0        0        0]
Testing obstruction for
m1: 6, m2: 12,a: 1
[      -1 -227/249 -161/249   -17/83  103/249  301/249   181/83  331/249  163/249    13/83  -41/249  -77/249   -23/83  -17/249   79/249]
[   73/83  403/249  631/249   135/83  223/249   85/249    -3/83  -59/249  -65/249    -9/83   55/249  181/249   117/83  565/249  823/249]
[  209/83  475/249  367/249   101/83  283/249  307/249   125/83  487/249  643/249   281/83  589/249  379/249    71/83   91/249   13/249]
[   -7/83  -11/249   43/249    47/83  283/249  469/249   233/83  475/249  295/249    53/83   67/249   19/249     5/83   55/249  139/249]
[   89/83  439/249  655/249   139/83  223/249   73/249   -11/83  -95/249 -113/249   -29/83  -17/249   97/249    85/83  457/249  703/249]
[  165/83  331/249  211/249    45/83  103/249  115/249    57/83  271/249      5/3   201/83  835/249  613/249   145/83  301/249  211/249]
[   55/83  163/249  205/249    97/83  421/249  595/249   271/83  577/249  385/249    79/83  133/249   73/249    19/83   85/249  157/249]
[   91/83  433/249  637/249   129/83  181/249   19/249   -33/83 -173/249 -203/249   -63/83 -131/249  -29/249    39/83  307/249  541/249]
[  107/83  145/249   13/249   -25/83 -119/249 -119/249   -25/83   13/249  145/249   107/83  541/249  307/249    39/83  -29/249 -131/249]
[  -63/83 -203/249 -173/249   -33/83   19/249  181/249   129/83  637/249  433/249    91/83  157/249   85/249    19/83   73/249  133/249]
[   79/83  385/249  577/249   271/83  595/249  421/249    97/83  205/249  163/249    55/83  211/249  301/249   145/83  613/249  835/249]
[  201/83      5/3  271/249    57/83  115/249  103/249    45/83  211/249  331/249   165/83  703/249  457/249    85/83   97/249  -17/249]
[  -29/83 -113/249  -95/249   -11/83   73/249  223/249   139/83  655/249  439/249    89/83  139/249   55/249     5/83   19/249   67/249]
[   53/83  295/249  475/249   233/83  469/249  283/249    47/83   43/249  -11/249    -7/83   13/249   91/249    71/83  379/249  589/249]
[  281/83  643/249  487/249   125/83  307/249  283/249   101/83  367/249  475/249   209/83  823/249  565/249   117/83  181/249   55/249]
[   -9/83  -65/249  -59/249    -3/83   85/249  223/249   135/83  631/249  403/249    73/83   79/249  -17/249   -23/83  -77/249  -41/249]
[   13/83  163/249  331/249   181/83  301/249  103/249   -17/83 -161/249 -227/249        0        0        0        0        0        0]
Testing obstruction for
m1: 8, m2: 10,a: 3
[      -1 -211/249  -97/249    31/83  359/249  203/249    41/83  119/249  191/249   113/83  563/249  365/249    81/83  197/249  227/249]
[  111/83  515/249  275/249    37/83   23/249   11/249    25/83  215/249  431/249    75/83   95/249   41/249    21/83  161/249  335/249]
[  195/83  413/249  317/249    99/83  353/249  485/249    65/83  -19/249 -157/249   -73/83 -205/249 -115/249    17/83  293/249  113/249]
[    3/83  -19/249   29/249    51/83  353/249  629/249   161/83  413/249  419/249   167/83  659/249  395/249    69/83   95/249   59/249]
[   33/83  215/249  407/249    59/83   23/249  -55/249   -19/83   17/249  167/249   131/83  695/249  575/249   177/83  563/249  671/249]
[  119/83  119/249  -43/249   -43/83 -139/249  -73/249    23/83  287/249      1/3   -15/83  -97/249  -73/249     9/83  203/249  455/249]
[   95/83  191/249  173/249    77/83  365/249  575/249   121/83  227/249  167/249    61/83  275/249  443/249    63/83   11/249  -91/249]
[  -39/83  -67/249   59/249    87/83  539/249  395/249   109/83  335/249  419/249   193/83  317/249  131/249     7/83  -13/249   29/249]
[   49/83  341/249  113/249   -13/83 -115/249 -115/249   -13/83  113/249  341/249    49/83   29/249  -13/249     7/83  131/249  317/249]
[  193/83  419/249  335/249   109/83  395/249  539/249    87/83   59/249  -67/249   -39/83  -91/249   11/249    63/83  443/249  275/249]
[   61/83  167/249  227/249   121/83  575/249  365/249    77/83  173/249  191/249    95/83  455/249  203/249     9/83  -73/249  -97/249]
[  -15/83      1/3  287/249    23/83  -73/249 -139/249   -43/83  -43/249  119/249   119/83  671/249  563/249   177/83  575/249  695/249]
[  131/83  167/249   17/249   -19/83  -55/249   23/249    59/83  407/249  215/249    33/83   59/249   95/249    69/83  395/249  659/249]
[  167/83  419/249  413/249   161/83  629/249  353/249    51/83   29/249  -19/249     3/83  113/249  293/249    17/83 -115/249 -205/249]
[  -73/83 -157/249  -19/249    65/83  485/249  353/249    99/83  317/249  413/249   195/83  335/249  161/249    21/83   41/249   95/249]
[   75/83  431/249  215/249    25/83   11/249   23/249    37/83  275/249  515/249   111/83  227/249  197/249    81/83  365/249  563/249]
[  113/83  191/249  119/249    41/83  203/249  359/249    31/83  -97/249 -211/249        0        0        0        0        0        0]
Unobstructed
4
---------------------------
---------------------------
