12a616
Correction terms
[      -1  143/265 -223/265  227/265  -97/265   -27/53  113/265  117/265 -123/265  -77/265   -55/53 -187/265  187/265 -213/265  203/265]
[  -31/53 -227/265  -13/265  -43/265  213/265   -61/53   -7/265   47/265 -143/265  -47/265   -39/53  -57/265 -163/265   17/265  -47/265]
[   35/53 -377/265 -113/265  -93/265  213/265   -51/53   93/265  197/265   57/265  203/265    21/53 -237/265 -293/265  -63/265  -77/265]
[   39/53 -307/265    7/265   77/265  -97/265     3/53 -117/265   37/265     -1/5  143/265    19/53 -197/265 -203/265   77/265  113/265]
[  -19/53  -17/265 -183/265  -63/265 -187/265    -5/53 -107/265   97/265   57/265 -227/265    61/53   63/265  107/265  -93/265   -7/265]
[  -33/53  -37/265 -153/265   17/265  -57/265    31/53  123/265 -153/265 -143/265 -377/265    41/53   13/265  107/265  -43/265   93/265]
[   -3/53  163/265   97/265 -213/265 -237/265     5/53   43/265 -183/265 -123/265 -307/265   -41/53  183/265 -203/265  227/265 -117/265]
[  -35/53      1/5   37/265 -223/265 -197/265    23/53  183/265    7/265  117/265  -17/265   -79/53   43/265 -293/265  187/265 -107/265]
[  -23/53  163/265  197/265  -13/265   63/265   -21/53   13/265 -113/265   47/265  -37/265   -73/53  123/265 -163/265 -163/265  123/265]
[  -73/53  -37/265   47/265 -113/265   13/265   -21/53   63/265  -13/265  197/265  163/265   -23/53 -107/265  187/265 -293/265   43/265]
[  -79/53  -17/265  117/265    7/265  183/265    23/53 -197/265 -223/265   37/265      1/5   -35/53 -117/265  227/265 -203/265  183/265]
[  -41/53 -307/265 -123/265 -183/265   43/265     5/53 -237/265 -213/265   97/265  163/265    -3/53   93/265  -43/265  107/265   13/265]
[   41/53 -377/265 -143/265 -153/265  123/265    31/53  -57/265   17/265 -153/265  -37/265   -33/53   -7/265  -93/265  107/265   63/265]
[   61/53 -227/265   57/265   97/265 -107/265    -5/53 -187/265  -63/265 -183/265  -17/265   -19/53  113/265   77/265 -203/265 -197/265]
[   19/53  143/265     -1/5   37/265 -117/265     3/53  -97/265   77/265    7/265 -307/265    39/53  -77/265  -63/265 -293/265 -237/265]
[   21/53  203/265   57/265  197/265   93/265   -51/53  213/265  -93/265 -113/265 -377/265    35/53  -47/265   17/265 -163/265  -57/265]
[  -39/53  -47/265 -143/265   47/265   -7/265   -61/53  213/265  -43/265  -13/265 -227/265   -31/53  203/265 -213/265  187/265 -187/265]
[  -55/53  -77/265 -123/265  117/265  113/265   -27/53  -97/265  227/265 -223/265  143/265        0        0        0        0        0]
Testing obstruction for
m1: 4, m2: 22,a: 3
[      -1 -251/265 -209/265 -139/265  -41/265    17/53  239/265  421/265  631/265  869/265   227/53  899/265  691/265  511/265  359/265]
[   47/53  139/265   71/265   31/265   19/265     7/53   79/265  151/265  251/265  379/265   107/53  719/265  931/265 1171/265  909/265]
[  135/53  469/265  291/265  141/265   19/265   -15/53 -141/265 -179/265 -189/265 -171/265   -25/53  -51/265   51/265  181/265  339/265]
[  105/53  739/265  981/265 1251/265 1019/265   163/53  639/265  491/265      7/5  279/265    43/53  179/265  171/265  191/265  239/265]
[   63/53  419/265  551/265  711/265  899/265   223/53 1359/265 1101/265  871/265  669/265    99/53  349/265  231/265  141/265   79/265]
[    9/53   39/265   61/265  111/265  189/265    59/53  429/265  591/265  781/265  999/265   249/53  989/265  761/265  561/265  389/265]
[   49/53  129/265   41/265  -19/265  -51/265   -11/53  -31/265   21/265  101/265  209/265    69/53  509/265  701/265  921/265 1169/265]
[  183/53     13/5  491/265  321/265  179/265    13/53  -21/265  -79/265 -109/265 -111/265   -17/53  -31/265   51/265  161/265  299/265]
[   93/53  659/265  881/265 1131/265  879/265   131/53  459/265  291/265  151/265   39/265    -9/53 -101/265 -129/265 -129/265 -101/265]
[   -9/53   39/265  151/265  291/265  459/265   131/53  879/265 1131/265  881/265  659/265    93/53  299/265  161/265   51/265  -31/265]
[  -17/53 -111/265 -109/265  -79/265  -21/265    13/53  179/265  321/265  491/265     13/5   183/53 1169/265  921/265  701/265  509/265]
[   69/53  209/265  101/265   21/265  -31/265   -11/53  -51/265  -19/265   41/265  129/265    49/53  389/265  561/265  761/265  989/265]
[  249/53  999/265  781/265  591/265  429/265    59/53  189/265  111/265   61/265   39/265     9/53   79/265  141/265  231/265  349/265]
[   99/53  669/265  871/265 1101/265 1359/265   223/53  899/265  711/265  551/265  419/265    63/53  239/265  191/265  171/265  179/265]
[   43/53  279/265      7/5  491/265  639/265   163/53 1019/265 1251/265  981/265  739/265   105/53  339/265  181/265   51/265  -51/265]
[  -25/53 -171/265 -189/265 -179/265 -141/265   -15/53   19/265  141/265  291/265  469/265   135/53  909/265 1171/265  931/265  719/265]
[  107/53  379/265  251/265  151/265   79/265     7/53   19/265   31/265   71/265  139/265    47/53  359/265  511/265  691/265  899/265]
[  227/53  869/265  631/265  421/265  239/265    17/53  -41/265 -139/265 -209/265 -251/265        0        0        0        0        0]
Testing obstruction for
m1: 10, m2: 16,a: 9
[      -1 -237/265 -153/265  -13/265  183/265    87/53  213/265   47/265  -63/265 -117/265   -23/53  -57/265   57/265  227/265  453/265]
[   41/53   13/265 -123/265 -203/265 -227/265   -39/53 -107/265   37/265  237/265  493/265    55/53  113/265    7/265  -43/265  -37/265]
[    5/53  143/265  317/265  547/265  303/265    23/53  -17/265  -93/265 -113/265  -77/265     3/53  163/265  367/265  627/265  413/265]
[   51/53  153/265  107/265  117/265  183/265    61/53  483/265  717/265      9/5  293/265    33/53   93/265   77/265  117/265  213/265]
[   73/53  573/265  837/265  627/265  473/265    75/53  333/265  347/265  417/265  543/265   145/53  963/265  727/265  547/265  423/265]
[   71/53  343/265  387/265  487/265  643/265   171/53  593/265  387/265  237/265  143/265    21/53  123/265  197/265  327/265  513/265]
[  151/53  523/265  347/265  227/265  163/265    31/53  203/265  307/265  467/265  683/265    85/53  223/265   77/265  -13/265  -47/265]
[   -5/53      1/5  187/265  377/265  623/265    79/53  223/265  107/265   47/265   43/265    19/53  203/265  367/265  587/265  333/265]
[   27/53   -7/265  -93/265 -123/265  -97/265    -3/53  123/265  317/265  567/265  343/265    35/53   63/265    7/265    7/265   63/265]
[   35/53  343/265  567/265  317/265  123/265    -3/53  -97/265 -123/265  -93/265   -7/265    27/53  333/265  587/265  367/265  203/265]
[   19/53   43/265   47/265  107/265  223/265    79/53  623/265  377/265  187/265      1/5    -5/53  -47/265  -13/265   77/265  223/265]
[   85/53  683/265  467/265  307/265  203/265    31/53  163/265  227/265  347/265  523/265   151/53  513/265  327/265  197/265  123/265]
[   21/53  143/265  237/265  387/265  593/265   171/53  643/265  487/265  387/265  343/265    71/53  423/265  547/265  727/265  963/265]
[  145/53  543/265  417/265  347/265  333/265    75/53  473/265  627/265  837/265  573/265    73/53  213/265  117/265   77/265   93/265]
[   33/53  293/265      9/5  717/265  483/265    61/53  183/265  117/265  107/265  153/265    51/53  413/265  627/265  367/265  163/265]
[    3/53  -77/265 -113/265  -93/265  -17/265    23/53  303/265  547/265  317/265  143/265     5/53  -37/265  -43/265    7/265  113/265]
[   55/53  493/265  237/265   37/265 -107/265   -39/53 -227/265 -203/265 -123/265   13/265    41/53  453/265  227/265   57/265  -57/265]
[  -23/53 -117/265  -63/265   47/265  213/265    87/53  183/265  -13/265 -153/265 -237/265        0        0        0        0        0]
Unobstructed
41
---------------------------
---------------------------
12a641
Correction terms
[     -1   -7/73   45/73  -63/73  -39/73  -29/73  -33/73  -51/73  -83/73 -129/73  -43/73   29/73  -59/73  -15/73   15/73]
[  31/73 -113/73   21/73   -5/73  -45/73  -99/73  -21/73 -103/73  -53/73  -17/73 -141/73   13/73    7/73  -13/73  -47/73]
[  51/73  -11/73  -87/73  -31/73   11/73 -107/73  -93/73  -93/73 -107/73   11/73  -31/73  -87/73  -11/73   51/73  -47/73]
[ -13/73    7/73   13/73 -141/73  -17/73  -53/73 -103/73  -21/73  -99/73  -45/73   -5/73   21/73 -113/73   31/73   15/73]
[ -15/73  -59/73   29/73  -43/73 -129/73  -83/73  -51/73  -33/73  -29/73  -39/73  -63/73   45/73   -7/73       0       0]
Testing obstruction for
m1: 4, m2: 6,a: 1
[    -1 -59/73 -17/73  53/73   5/73 -15/73  -7/73  29/73  93/73  39/73  13/73  15/73  45/73 103/73  43/73]
[ 11/73   7/73  31/73  83/73  17/73 -21/73 -31/73 -13/73  33/73 107/73  63/73  47/73  59/73  99/73  21/73]
[-29/73 -51/73 -45/73 -11/73  51/73  -5/73 -33/73 -33/73  -5/73  51/73 -11/73 -45/73 -51/73 -29/73  21/73]
[ 99/73  59/73  47/73  63/73 107/73  33/73 -13/73 -31/73 -21/73  17/73  83/73  31/73   7/73  11/73  43/73]
[103/73  45/73  15/73  13/73  39/73  93/73  29/73  -7/73 -15/73   5/73  53/73 -17/73 -59/73      0      0]
Unobstructed
12
---------------------------
---------------------------
12a651
Correction terms
[     -1    5/97  -77/97   45/97  -17/97  -69/97 -111/97   51/97   29/97   17/97 -179/97   23/97   41/97   69/97  -87/97]
[ -39/97   19/97   87/97  -29/97 -135/97  -37/97   71/97   -5/97  -71/97 -127/97   21/97  -15/97  -41/97  -57/97  -63/97]
[ -59/97  -45/97  -21/97   13/97 -137/97  -83/97  -19/97   55/97  -55/97 -155/97  -51/97   63/97   -7/97  -67/97 -117/97]
[  37/97    7/97  -13/97  -23/97  -23/97  -13/97    7/97   37/97 -117/97  -67/97   -7/97   63/97  -51/97 -155/97  -55/97]
[  55/97  -19/97  -83/97 -137/97   13/97  -21/97  -45/97  -59/97  -63/97  -57/97  -41/97  -15/97   21/97 -127/97  -71/97]
[  -5/97   71/97  -37/97 -135/97  -29/97   87/97   19/97  -39/97  -87/97   69/97   41/97   23/97 -179/97   17/97   29/97]
[  51/97 -111/97  -69/97  -17/97   45/97  -77/97    5/97       0       0       0       0       0       0       0       0]
Testing obstruction for
m1: 4, m2: 10,a: 3
[    -1 -83/97 -41/97  29/97 127/97  59/97  19/97   7/97  23/97  67/97 139/97  45/97 -21/97 -59/97 -69/97]
[-51/97  -5/97  69/97 171/97 107/97  71/97  63/97  83/97 131/97 207/97 117/97  55/97  21/97  15/97  37/97]
[ 87/97 165/97  77/97  17/97 -15/97 -19/97   5/97  57/97 137/97  51/97  -7/97 -37/97 -39/97 -13/97  41/97]
[123/97  39/97 -17/97 -45/97 -45/97 -17/97  39/97 123/97  41/97 -13/97 -39/97 -37/97  -7/97  51/97 137/97]
[ 57/97   5/97 -19/97 -15/97  17/97  77/97 165/97  87/97  37/97  15/97  21/97  55/97 117/97 207/97 131/97]
[ 83/97  63/97  71/97 107/97 171/97  69/97  -5/97 -51/97 -69/97 -59/97 -21/97  45/97 139/97  67/97  23/97]
[  7/97  19/97  59/97 127/97  29/97 -41/97 -83/97      0      0      0      0      0      0      0      0]
Unobstructed
35
---------------------------
---------------------------
12a653
Correction terms
[      -1  103/145  -23/145   57/145   53/145    -7/29   83/145  117/145   67/145  223/145     1/29   -7/145 -103/145    7/145   33/145]
[   -5/29  123/145 -103/145  167/145   63/145    33/29  183/145  117/145  -33/145   23/145    -1/29  173/145  -23/145  -13/145     -3/5]
[    9/29   93/145   57/145  227/145   23/145     5/29  -57/145   67/145  107/145   63/145   -13/29   13/145    7/145  207/145   33/145]
[   13/29   13/145  167/145  -53/145  223/145    25/29  -57/145  -33/145  -93/145   53/145    23/29   93/145  -13/145      3/5  103/145]
[    7/29  173/145  227/145  -93/145   83/145   -23/29  183/145  107/145  -53/145   -7/145    -9/29  123/145  207/145  207/145  123/145]
[   -9/29   -7/145  -53/145  107/145  183/145   -23/29   83/145  -93/145  227/145  173/145     7/29  103/145      3/5  -13/145   93/145]
[   23/29   53/145  -93/145  -33/145  -57/145    25/29  223/145  -53/145  167/145   13/145    13/29   33/145  207/145    7/145   13/145]
[  -13/29   63/145  107/145   67/145  -57/145     5/29   23/145  227/145   57/145   93/145     9/29     -3/5  -13/145  -23/145  173/145]
[   -1/29   23/145  -33/145  117/145  183/145    33/29   63/145  167/145 -103/145  123/145    -5/29   33/145    7/145 -103/145   -7/145]
[    1/29  223/145   67/145  117/145   83/145    -7/29   53/145   57/145  -23/145  103/145        0        0        0        0        0]
Testing obstruction for
m1: 4, m2: 12,a: 2
[      -1 -131/145  -89/145  -19/145   79/145    41/29  359/145  251/145  171/145  119/145    19/29   99/145  131/145  191/145  279/145]
[   79/29  249/145  131/145   41/145  -21/145   -11/29  -61/145  -39/145   11/145   89/145    39/29  329/145  201/145  101/145      1/5]
[   -3/29  -31/145  -19/145   21/145   89/145    37/29  309/145  171/145   61/145  -21/145   -15/29 -101/145  -99/145  -69/145  -11/145]
[   15/29  189/145  331/145  211/145  119/145    11/29   19/145   11/145   31/145   79/145    31/29  259/145  391/145      9/5  159/145]
[   17/29   39/145   21/145   31/145   69/145    27/29  229/145  351/145  211/145   99/145     3/29  -41/145  -69/145  -69/145  -41/145]
[    3/29   99/145  211/145  351/145  229/145    27/29   69/145   31/145   21/145   39/145    17/29  159/145      9/5  391/145  259/145]
[   31/29   79/145   31/145   11/145   19/145    11/29  119/145  211/145  331/145  189/145    15/29  -11/145  -69/145  -99/145 -101/145]
[  -15/29  -21/145   61/145  171/145  309/145    37/29   89/145   21/145  -19/145  -31/145    -3/29      1/5  101/145  201/145  329/145]
[   39/29   89/145   11/145  -39/145  -61/145   -11/29  -21/145   41/145  131/145  249/145    79/29  279/145  191/145  131/145   99/145]
[   19/29  119/145  171/145  251/145  359/145    41/29   79/145  -19/145  -89/145 -131/145        0        0        0        0        0]
Testing obstruction for
m1: 6, m2: 10,a: 4
[      -1 -123/145  -57/145   53/145  207/145    23/29   67/145   63/145  103/145  187/145    63/29  197/145  123/145   93/145  107/145]
[   33/29  267/145  123/145   23/145  -33/145    -9/29  -13/145   63/145  183/145   57/145    -5/29  -63/145  -57/145   -7/145      3/5]
[   45/29  117/145   53/145   33/145   57/145    25/29  237/145  103/145   13/145  -33/145    -7/29    7/145   93/145  223/145  107/145]
[    7/29    7/145   23/145   83/145  187/145     9/29  -53/145 -107/145 -117/145  -83/145    -1/29  117/145  283/145      7/5  167/145]
[   35/29  227/145  323/145  173/145   67/145     1/29  -13/145   13/145   83/145  197/145    13/29  -23/145  -67/145  -67/145  -23/145]
[   13/29  197/145   83/145   13/145  -13/145     1/29   67/145  173/145  323/145  227/145    35/29  167/145      7/5  283/145  117/145]
[   -1/29  -83/145 -117/145 -107/145  -53/145     9/29  187/145   83/145   23/145    7/145     7/29  107/145  223/145   93/145    7/145]
[   -7/29  -33/145   13/145  103/145  237/145    25/29   57/145   33/145   53/145  117/145    45/29      3/5   -7/145  -57/145  -63/145]
[   -5/29   57/145  183/145   63/145  -13/145    -9/29  -33/145   23/145  123/145  267/145    33/29  107/145   93/145  123/145  197/145]
[   63/29  187/145  103/145   63/145   67/145    23/29  207/145   53/145  -57/145 -123/145        0        0        0        0        0]
---------------------------
SUCCESS for name = 12a653
---------------------------
12a661
Correction terms
[      -1  153/193   33/193 -167/193  -61/193  -35/193  -89/193  163/193  -51/193   41/193   53/193  -15/193 -163/193   -5/193   73/193]
[  71/193  -11/193 -173/193  -29/193   35/193   19/193  -77/193  133/193 -123/193  -73/193 -103/193  173/193  -17/193   99/193  135/193]
[  91/193  -33/193  149/193 -135/193 -113/193  215/193   77/193 -141/193  -53/193  -45/193 -117/193  117/193 -115/193  -41/193  -47/193]
[-133/193   87/193  227/193  -99/193 -119/193  167/193  -13/193  113/193  159/193 -261/193   11/193  203/193  -71/193  -39/193  -87/193]
[-215/193  -37/193   61/193   79/193   17/193 -125/193   39/193  123/193  127/193   51/193 -105/193   45/193  115/193  105/193   15/193]
[-155/193  -19/193   37/193   13/193  -91/193  111/193 -153/193 -111/193  237/193  119/193  -79/193   29/193   57/193    5/193  259/193]
[  47/193 -245/193  155/193   89/193  -57/193  103/193 -203/193 -203/193  103/193  -57/193   89/193  155/193 -245/193   47/193  259/193]
[   5/193   57/193   29/193  -79/193  119/193  237/193 -111/193 -153/193  111/193  -91/193   13/193   37/193  -19/193 -155/193   15/193]
[ 105/193  115/193   45/193 -105/193   51/193  127/193  123/193   39/193 -125/193   17/193   79/193   61/193  -37/193 -215/193  -87/193]
[ -39/193  -71/193  203/193   11/193 -261/193  159/193  113/193  -13/193  167/193 -119/193  -99/193  227/193   87/193 -133/193  -47/193]
[ -41/193 -115/193  117/193 -117/193  -45/193  -53/193 -141/193   77/193  215/193 -113/193 -135/193  149/193  -33/193   91/193  135/193]
[  99/193  -17/193  173/193 -103/193  -73/193 -123/193  133/193  -77/193   19/193   35/193  -29/193 -173/193  -11/193   71/193   73/193]
[  -5/193 -163/193  -15/193   53/193   41/193  -51/193  163/193  -89/193  -35/193  -61/193 -167/193   33/193  153/193        0        0]
Testing obstruction for
m1: 6, m2: 10,a: 2
[      -1 -171/193 -105/193    5/193  159/193  357/193  213/193  113/193   57/193   45/193   77/193  153/193  273/193  437/193  259/193]
[ 125/193   35/193  -11/193  -13/193   29/193  115/193  245/193  419/193  251/193  127/193   47/193   11/193   19/193   71/193  167/193]
[ 307/193  491/193  333/193  219/193  149/193  123/193  141/193  203/193  309/193  459/193  267/193  119/193   15/193  -45/193  -61/193]
[ -33/193   39/193  155/193  315/193  133/193   -5/193  -99/193 -149/193 -155/193 -117/193  -35/193   91/193  261/193  475/193  347/193]
[ 263/193  223/193  227/193  275/193  367/193  503/193  297/193  135/193   17/193  -57/193  -87/193  -73/193  -15/193   87/193  233/193]
[ 423/193  271/193  163/193   99/193   79/193  103/193  171/193  283/193  439/193  253/193  111/193   13/193  -41/193  -51/193  -17/193]
[  61/193  183/193  349/193  173/193   41/193  -47/193  -91/193  -91/193  -47/193   41/193  173/193  349/193  183/193   61/193  -17/193]
[ -51/193  -41/193   13/193  111/193  253/193  439/193  283/193  171/193  103/193   79/193   99/193  163/193  271/193  423/193  233/193]
[  87/193  -15/193  -73/193  -87/193  -57/193   17/193  135/193  297/193  503/193  367/193  275/193  227/193  223/193  263/193  347/193]
[ 475/193  261/193   91/193  -35/193 -117/193 -155/193 -149/193  -99/193   -5/193  133/193  315/193  155/193   39/193  -33/193  -61/193]
[ -45/193   15/193  119/193  267/193  459/193  309/193  203/193  141/193  123/193  149/193  219/193  333/193  491/193  307/193  167/193]
[  71/193   19/193   11/193   47/193  127/193  251/193  419/193  245/193  115/193   29/193  -13/193  -11/193   35/193  125/193  259/193]
[ 437/193  273/193  153/193   77/193   45/193   57/193  113/193  213/193  357/193  159/193    5/193 -105/193 -171/193        0        0]
---------------------------
SUCCESS for name = 12a661
---------------------------
