13a4080
Correction terms
[      -1   35/417 -277/417  105/139  143/417   41/417    3/139   47/417  155/417  111/139 -253/417   65/417 -127/139   77/417 -229/417]
[ 123/139  203/417  107/417   27/139  125/417  239/417  141/139 -157/417  167/417  -91/139  191/417 -109/417  165/139  335/417  245/417]
[  75/139  275/417  395/417  195/139   11/417  341/417  -31/139  377/417   83/417  -47/139  539/417 -379/417  147/139 -337/417  623/417]
[  -5/139  251/417 -247/417   53/139 -199/417  347/417   43/139  -19/417  -97/417  -35/139  -43/417   89/417   97/139 -271/417   71/417]
[-117/139  131/417 -151/417 -121/139  329/417 -577/417   85/139 -511/417  461/417  -55/139  113/417 -373/417   15/139 -301/417  257/417]
[  17/139  -85/417 -151/417  -49/139  -73/417   71/417   95/139 -265/417   89/417 -107/139  173/417  -97/417  -99/139  407/417 -487/417]
[ 119/139 -397/417  587/417   -9/139  263/417 -211/417   73/139 -115/417  455/417   87/139  137/417   83/417   33/139  185/417  341/417]
[ 189/139   29/417  395/417   -1/139  503/417  245/417   19/139  -61/417 -109/417  -29/139    5/417  167/417  133/139 -133/417  239/417]
[ -51/139  359/417  107/417  -25/139 -187/417 -229/417  -67/139 -103/417   65/417  101/139 -223/417  155/417  -77/139  287/417   41/417]
[ -45/139 -241/417 -277/417  -81/139     -1/3   35/417   93/139 -241/417  143/417  -79/139  287/417   47/417  -41/139 -223/417 -253/417]
[ -71/139 -103/417   77/417  109/139 -187/417  203/417  -57/139  359/417  125/417  -13/139 -133/417 -157/417  -37/139    5/417  191/417]
[ 149/139  -61/417  335/417  -11/139  503/417  275/417   39/139   29/417   11/417   21/139  185/417  377/417  -65/139  137/417 -295/417]
[  59/139 -115/417  497/417  115/139  263/417  251/417  103/139  437/417 -199/417   23/139 -427/417  -19/417 -125/139  173/417  -43/417]
[ -63/139 -265/417 -271/417  -69/139  -73/417  131/417 -143/139  -85/417 -505/417   -7/139 -301/417  323/417   61/139  113/417  113/417]
[  61/139  323/417 -301/417   -7/139 -505/417  -85/417 -143/139  131/417  -73/417  -69/139 -271/417 -265/417  -63/139  -43/417  173/417]
[-125/139  -19/417 -427/417   23/139 -199/417  437/417  103/139  251/417  263/417  115/139  497/417 -115/417   59/139 -295/417  137/417]
[ -65/139  377/417  185/417   21/139   11/417   29/417   39/139  275/417  503/417  -11/139  335/417  -61/417  149/139  191/417    5/417]
[ -37/139 -157/417 -133/417  -13/139  125/417  359/417  -57/139  203/417 -187/417  109/139   77/417 -103/417  -71/139 -253/417 -223/417]
[ -41/139   47/417  287/417  -79/139  143/417 -241/417   93/139   35/417     -1/3  -81/139 -277/417 -241/417  -45/139   41/417  287/417]
[ -77/139  155/417 -223/417  101/139   65/417 -103/417  -67/139 -229/417 -187/417  -25/139  107/417  359/417  -51/139  239/417 -133/417]
[ 133/139  167/417    5/417  -29/139 -109/417  -61/417   19/139  245/417  503/417   -1/139  395/417   29/417  189/139  341/417  185/417]
[  33/139   83/417  137/417   87/139  455/417 -115/417   73/139 -211/417  263/417   -9/139  587/417 -397/417  119/139 -487/417  407/417]
[ -99/139  -97/417  173/417 -107/139   89/417 -265/417   95/139   71/417  -73/417  -49/139 -151/417  -85/417   17/139  257/417 -301/417]
[  15/139 -373/417  113/417  -55/139  461/417 -511/417   85/139 -577/417  329/417 -121/139 -151/417  131/417 -117/139   71/417 -271/417]
[  97/139   89/417  -43/417  -35/139  -97/417  -19/417   43/139  347/417 -199/417   53/139 -247/417  251/417   -5/139  623/417 -337/417]
[ 147/139 -379/417  539/417  -47/139   83/417  377/417  -31/139  341/417   11/417  195/139  395/417  275/417   75/139  245/417  335/417]
[ 165/139 -109/417  191/417  -91/139  167/417 -157/417  141/139  239/417  125/417   27/139  107/417  203/417  123/139 -229/417   77/417]
[-127/139   65/417 -253/417  111/139  155/417   47/417    3/139   41/417  143/417  105/139 -277/417   35/417        0        0        0]
Testing obstruction for
m1: 2, m2: 70,a: 0
[      -1 -133/417 -115/417 -121/139  -43/417   11/417  -67/139  155/417  245/417   23/139  461/417  587/417  149/139  875/417 1037/417]
[ 311/139 1397/417 1595/417  509/139 2027/417 2261/417  743/139 2765/417 3035/417 1013/139 3611/417 3917/417 1319/139 4565/417 4907/417]
[1661/139 5627/417 6005/417 2039/139 6797/417 7211/417 2175/139 6407/417 6023/417 1791/139 5291/417 4943/417 1443/139 4283/417 3971/417]
[1131/139 3383/417 3107/417  855/139 2591/417 2351/417  615/139 1907/417 1703/417  411/139 1331/417 1163/417  243/139  863/417  731/417]
[ 111/139  503/417  407/417   15/139  251/417  191/417  -45/139  107/417   83/417  -69/139   71/417   83/417  -57/139  143/417  191/417]
[  -9/139  323/417  407/417   75/139  611/417  731/417  195/139 1007/417 1163/417  351/139 1511/417 1703/417  543/139 2123/417 2351/417]
[ 771/139 2843/417 3107/417 1035/139 3671/417 3971/417 1335/139 4607/417 4943/417 1671/139 5651/417 6023/417 2043/139 6803/417 7211/417]
[2173/139 6395/417 6005/417 1783/139 5261/417 4907/417 1429/139 4235/417 3917/417 1111/139 3317/417 3035/417  829/139 2507/417 2261/417]
[ 583/139 1805/417 1595/417  373/139 1211/417 1037/417  199/139  725/417  587/417   61/139  347/417  245/417  -41/139   77/417   11/417]
[-107/139  -85/417 -115/417 -137/139     -1/3 -133/417 -131/139  -85/417  -43/417  -89/139   77/417  155/417  -11/139  347/417  461/417]
[ 103/139  725/417  875/417  253/139 1211/417 1397/417  439/139 1805/417 2027/417  661/139 2507/417 2765/417  919/139 3317/417 3611/417]
[1213/139 4235/417 4565/417 1543/139 5261/417 5627/417 1909/139 6395/417 6797/417 2311/139 6803/417 6407/417 1915/139 5651/417 5291/417]
[1555/139 4607/417 4283/417 1231/139 3671/417 3383/417  943/139 2843/417 2591/417  691/139 2123/417 1907/417  475/139 1511/417 1331/417]
[ 295/139 1007/417  863/417  151/139  611/417  503/417   43/139  323/417  251/417  -29/139  143/417  107/417  -65/139   71/417   71/417]
[ -65/139  107/417  143/417  -29/139  251/417  323/417   43/139  503/417  611/417  151/139  863/417 1007/417  295/139 1331/417 1511/417]
[ 475/139 1907/417 2123/417  691/139 2591/417 2843/417  943/139 3383/417 3671/417 1231/139 4283/417 4607/417 1555/139 5291/417 5651/417]
[1915/139 6407/417 6803/417 2311/139 6797/417 6395/417 1909/139 5627/417 5261/417 1543/139 4565/417 4235/417 1213/139 3611/417 3317/417]
[ 919/139 2765/417 2507/417  661/139 2027/417 1805/417  439/139 1397/417 1211/417  253/139  875/417  725/417  103/139  461/417  347/417]
[ -11/139  155/417   77/417  -89/139  -43/417  -85/417 -131/139 -133/417     -1/3 -137/139 -115/417  -85/417 -107/139   11/417   77/417]
[ -41/139  245/417  347/417   61/139  587/417  725/417  199/139 1037/417 1211/417  373/139 1595/417 1805/417  583/139 2261/417 2507/417]
[ 829/139 3035/417 3317/417 1111/139 3917/417 4235/417 1429/139 4907/417 5261/417 1783/139 6005/417 6395/417 2173/139 7211/417 6803/417]
[2043/139 6023/417 5651/417 1671/139 4943/417 4607/417 1335/139 3971/417 3671/417 1035/139 3107/417 2843/417  771/139 2351/417 2123/417]
[ 543/139 1703/417 1511/417  351/139 1163/417 1007/417  195/139  731/417  611/417   75/139  407/417  323/417   -9/139  191/417  143/417]
[ -57/139   83/417   71/417  -69/139   83/417  107/417  -45/139  191/417  251/417   15/139  407/417  503/417  111/139  731/417  863/417]
[ 243/139 1163/417 1331/417  411/139 1703/417 1907/417  615/139 2351/417 2591/417  855/139 3107/417 3383/417 1131/139 3971/417 4283/417]
[1443/139 4943/417 5291/417 1791/139 6023/417 6407/417 2175/139 7211/417 6797/417 2039/139 6005/417 5627/417 1661/139 4907/417 4565/417]
[1319/139 3917/417 3611/417 1013/139 3035/417 2765/417  743/139 2261/417 2027/417  509/139 1595/417 1397/417  311/139 1037/417  875/417]
[ 149/139  587/417  461/417   23/139  245/417  155/417  -67/139   11/417  -43/417 -121/139 -115/417 -133/417        0        0        0]
[-133/417, -115/417, -121/139, -43/417, 11/417, -67/139, 155/417, 245/417, 23/139, 461/417, 587/417, 149/139, 875/417, 1037/417, 311/139, 1397/417, 1595/417, 509/139, 2027/417, 2261/417, 743/139, 2765/417, 3035/417, 1013/139, 3611/417, 3917/417, 1319/139, 4565/417, 4907/417, 1661/139, 5627/417, 6005/417, 2039/139, 6797/417, 7211/417, 2175/139, 6407/417, 6023/417, 1791/139, 5291/417, 4943/417, 1443/139, 4283/417, 3971/417, 1131/139, 3383/417, 3107/417, 855/139, 2591/417, 2351/417, 615/139, 1907/417, 1703/417, 411/139, 1331/417, 1163/417, 243/139, 863/417, 731/417, 111/139, 503/417, 407/417, 15/139, 251/417, 191/417, -45/139, 107/417, 83/417, -69/139, 71/417, 83/417, -57/139, 143/417, 191/417, -9/139, 323/417, 407/417, 75/139, 611/417, 731/417, 195/139, 1007/417, 1163/417, 351/139, 1511/417, 1703/417, 543/139, 2123/417, 2351/417, 771/139, 2843/417, 3107/417, 1035/139, 3671/417, 3971/417, 1335/139, 4607/417, 4943/417, 1671/139, 5651/417, 6023/417, 2043/139, 6803/417, 7211/417, 2173/139, 6395/417, 6005/417, 1783/139, 5261/417, 4907/417, 1429/139, 4235/417, 3917/417, 1111/139, 3317/417, 3035/417, 829/139, 2507/417, 2261/417, 583/139, 1805/417, 1595/417, 373/139, 1211/417, 1037/417, 199/139, 725/417, 587/417, 61/139, 347/417, 245/417, -41/139, 77/417, 11/417, -107/139, -85/417, -115/417, -137/139]
118 [-133/417, -115/417, -121/139, -43/417, 11/417, -67/139, 155/417, 245/417, 23/139, -373/417, -247/417, 149/139, 41/417, 203/417, 33/139, -271/417, -73/417, -47/139, 359/417, -241/417, -91/139, 263/417, -301/417, -99/139, 275/417, -253/417, -71/139, 395/417, -97/417, -7/139, -211/417, 167/417, 93/139, 125/417, 539/417, -49/139, -265/417, 185/417, 123/139, 287/417, -61/417, 53/139, 113/417, -199/417, 19/139, 47/417, -229/417, 21/139, 89/417, -151/417, 59/139, 239/417, 35/417, 133/139, 497/417, 329/417, -35/139, 29/417, -103/417, 111/139, 503/417, -427/417, 15/139, 251/417, 191/417, -45/139, 107/417, 83/417, -69/139, 71/417, 83/417, -57/139, 143/417, 191/417, -9/139, 323/417, 407/417, 75/139, -223/417, -103/417, 195/139, 173/417, -505/417, 73/139, -157/417, 35/417, -13/139, -379/417, -151/417, -63/139, 341/417, -229/417, -77/139, 335/417, -199/417, -55/139, 437/417, -61/417, 3/139, -187/417, 185/417, 97/139, 131/417, -295/417, -51/139, -277/417, 167/417, 115/139, -577/417, -97/417, 39/139, 65/417, -253/417, -1/139, -19/417, -301/417, -5/139, 5/417, -241/417, 27/139, 137/417, -73/417, 95/139, 377/417, 203/417, -79/139, -109/417, 587/417, 61/139, -487/417, 245/417, -41/139, 77/417, 11/417, -107/139, -85/417, -115/417, 141/139]
[-133/417, -115/417, -121/139, -43/417, 11/417, -67/139, 155/417, 245/417, 23/139, 461/417, 587/417, 149/139, 875/417, 1037/417, 311/139, 1397/417, 1595/417, 509/139, 2027/417, 2261/417, 743/139, 2765/417, 3035/417, 1013/139, 3611/417, 3917/417, 1319/139, 4565/417, 4907/417, 1661/139, 5627/417, 6005/417, 2039/139, 6797/417, 7211/417, 2175/139, 6407/417, 6023/417, 1791/139, 5291/417, 4943/417, 1443/139, 4283/417, 3971/417, 1131/139, 3383/417, 3107/417, 855/139, 2591/417, 2351/417, 615/139, 1907/417, 1703/417, 411/139, 1331/417, 1163/417, 243/139, 863/417, 731/417, 111/139, 503/417, 407/417, 15/139, 251/417, 191/417, -45/139, 107/417, 83/417, -69/139, 71/417, 83/417, -57/139, 143/417, 191/417, -9/139, 323/417, 407/417, 75/139, 611/417, 731/417, 195/139, 1007/417, 1163/417, 351/139, 1511/417, 1703/417, 543/139, 2123/417, 2351/417, 771/139, 2843/417, 3107/417, 1035/139, 3671/417, 3971/417, 1335/139, 4607/417, 4943/417, 1671/139, 5651/417, 6023/417, 2043/139, 6803/417, 7211/417, 2173/139, 6395/417, 6005/417, 1783/139, 5261/417, 4907/417, 1429/139, 4235/417, 3917/417, 1111/139, 3317/417, 3035/417, 829/139, 2507/417, 2261/417, 583/139, 1805/417, 1595/417, 373/139, 1211/417, 1037/417, 199/139, 725/417, 587/417, 61/139, 347/417, 245/417, -41/139, 77/417, 11/417, -107/139, -85/417, -115/417, -137/139]
160 [-133/417, -115/417, -121/139, -43/417, 11/417, -67/139, 155/417, 245/417, 23/139, 461/417, 587/417, 149/139, 41/417, 203/417, 33/139, -271/417, -73/417, -47/139, 359/417, -241/417, -91/139, 263/417, -301/417, -99/139, 275/417, -253/417, -71/139, 395/417, -97/417, -7/139, 623/417, 167/417, 93/139, 125/417, -295/417, -49/139, -265/417, 185/417, 123/139, 287/417, -61/417, 53/139, 113/417, -199/417, 19/139, 47/417, -229/417, 21/139, 89/417, -151/417, 59/139, 239/417, 35/417, 133/139, -337/417, -505/417, -35/139, 29/417, -103/417, 111/139, 503/417, 407/417, 15/139, 251/417, 191/417, -45/139, 107/417, 83/417, -69/139, 71/417, 83/417, -57/139, 143/417, 191/417, -9/139, -511/417, -427/417, 75/139, -223/417, -103/417, 195/139, 173/417, 329/417, 73/139, -157/417, 35/417, -13/139, 455/417, -151/417, -63/139, 341/417, -229/417, -77/139, 335/417, -199/417, -55/139, -397/417, -61/417, 3/139, -187/417, 185/417, 97/139, 131/417, 539/417, -51/139, -277/417, 167/417, 115/139, 257/417, -97/417, 39/139, 65/417, -253/417, -1/139, -19/417, -301/417, -5/139, 5/417, -241/417, 27/139, 137/417, -73/417, 95/139, 377/417, 203/417, -79/139, -109/417, -247/417, 61/139, 347/417, 245/417, -41/139, 77/417, 11/417, -107/139, -85/417, -115/417, 141/139]
Testing obstruction for
m1: 6, m2: 24,a: 5
[      -1 -395/417 -329/417  -73/139  -65/417  133/417  125/139  661/417  991/417  455/139 1783/417 1411/417  361/139  799/417  559/417]
[ 121/139  211/417  103/417   13/139   19/417   43/417   37/139  223/417  379/417  193/139  823/417 1111/417  481/139 1819/417 1405/417]
[ 345/139  709/417  427/417   63/139   -5/417 -155/417  -87/139 -323/417 -341/417 -105/139 -245/417 -131/417    9/139  229/417  475/417]
[ 255/139 1099/417 1477/417  633/139 1531/417 1207/417  309/139  691/417  499/417  117/139  247/417  187/417   57/139  199/417  271/417]
[ 129/139  547/417  751/417  333/139 1291/417 1627/417  669/139 1597/417 1231/417  303/139  631/417  397/417   69/139   61/417  -41/417]
[ -33/139 -113/417  -83/417   -3/139  109/417  271/417  159/139  727/417 1021/417  453/139 1741/417 2167/417  601/139 1483/417 1207/417]
[ 325/139  787/417  643/417  181/139  487/417  475/417  169/139  583/417  703/417  289/139 1075/417 1327/417  541/139 1963/417 2347/417]
[ 647/139 1579/417 1261/417  329/139  757/417  571/417  143/139  331/417  277/417   89/139  301/417  379/417  167/139  667/417  877/417]
[ 377/139 1429/417 1771/417  719/139 1753/417 1393/417  359/139  805/417  577/417  131/139  253/417  157/417   35/139   97/417  133/417]
[  71/139  337/417  505/417  239/139      7/3 1273/417  539/139 2005/417 1603/417  415/139  931/417  661/417  145/139  253/417  115/417]
[   7/139  -29/417  -35/417    1/139   85/417  211/417  127/139  595/417  853/417  385/139 1501/417 1891/417  497/139 1135/417  823/417]
[ 185/139  331/417  151/417    5/139  -77/417 -125/417  -43/139  -89/417   -5/417   41/139  295/417  511/417  257/139 1075/417 1423/417]
[ 605/139 1417/417 1063/417  251/139  487/417  265/417   29/139  -47/417 -137/417  -61/139 -185/417 -143/417  -19/139   73/417  247/417]
[ 155/139  727/417 1033/417  461/139 1777/417 1381/417  343/139  721/417  457/417   79/139   61/417  -71/417  -53/139 -203/417 -203/417]
[ -53/139  -71/417   61/417   79/139  457/417  721/417  343/139 1381/417 1777/417  461/139 1033/417  727/417  155/139  247/417   73/417]
[ -19/139 -143/417 -185/417  -61/139 -137/417  -47/417   29/139  265/417  487/417  251/139 1063/417 1417/417  605/139 1423/417 1075/417]
[ 257/139  511/417  295/417   41/139   -5/417  -89/417  -43/139 -125/417  -77/417    5/139  151/417  331/417  185/139  823/417 1135/417]
[ 497/139 1891/417 1501/417  385/139  853/417  595/417  127/139  211/417   85/417    1/139  -35/417  -29/417    7/139  115/417  253/417]
[ 145/139  661/417  931/417  415/139 1603/417 2005/417  539/139 1273/417      7/3  239/139  505/417  337/417   71/139  133/417   97/417]
[  35/139  157/417  253/417  131/139  577/417  805/417  359/139 1393/417 1753/417  719/139 1771/417 1429/417  377/139  877/417  667/417]
[ 167/139  379/417  301/417   89/139  277/417  331/417  143/139  571/417  757/417  329/139 1261/417 1579/417  647/139 2347/417 1963/417]
[ 541/139 1327/417 1075/417  289/139  703/417  583/417  169/139  475/417  487/417  181/139  643/417  787/417  325/139 1207/417 1483/417]
[ 601/139 2167/417 1741/417  453/139 1021/417  727/417  159/139  271/417  109/417   -3/139  -83/417 -113/417  -33/139  -41/417   61/417]
[  69/139  397/417  631/417  303/139 1231/417 1597/417  669/139 1627/417 1291/417  333/139  751/417  547/417  129/139  271/417  199/417]
[  57/139  187/417  247/417  117/139  499/417  691/417  309/139 1207/417 1531/417  633/139 1477/417 1099/417  255/139  475/417  229/417]
[   9/139 -131/417 -245/417 -105/139 -341/417 -323/417  -87/139 -155/417   -5/417   63/139  427/417  709/417  345/139 1405/417 1819/417]
[ 481/139 1111/417  823/417  193/139  379/417  223/417   37/139   43/417   19/417   13/139  103/417  211/417  121/139  559/417  799/417]
[ 361/139 1411/417 1783/417  455/139  991/417  661/417  125/139  133/417  -65/417  -73/139 -329/417 -395/417        0        0        0]
Testing obstruction for
m1: 10, m2: 20,a: 9
[      -1 -379/417 -265/417  -25/139  191/417  533/417  317/139  611/417  347/417   53/139   47/417   11/417   17/139  167/417  359/417]
[ 209/139  971/417  557/417   73/139  -43/417 -229/417 -113/139 -373/417 -331/417  -71/139  -19/417  251/417  199/139 1019/417  683/417]
[ 141/139  239/417  131/417   33/139  143/417  263/417  153/139  731/417 1079/417  223/139  335/417   77/417  -35/139 -211/417 -241/417]
[ -65/139  -73/417  125/417  133/139  749/417 1175/417  281/139  587/417  407/417  101/139  275/417  323/417  149/139  647/417  923/417]
[ 425/139  869/417  539/417   95/139  107/417    5/417   -7/139   29/417  155/417  119/139  635/417  989/417  473/139 1091/417  839/417]
[ 221/139  563/417  539/417  197/139  719/417  923/417  401/139 1559/417 1157/417  277/139  581/417  407/417  103/139  287/417  341/417]
[ 157/139  677/417  959/417  439/139 1751/417 1427/417  393/139 1007/417  911/417  297/139  947/417 1079/417  429/139 1571/417 1931/417]
[ 511/139 1211/417  965/417  265/139  701/417  683/417  247/139  875/417 1085/417  457/139 1733/417 1337/417  339/139  773/417  605/417]
[ 171/139  497/417  557/417  231/139  905/417 1193/417  519/139 1163/417  845/417  201/139  437/417  347/417  111/139  395/417  533/417]
[ 249/139 1037/417 1403/417  337/139      5/3  455/417   97/139  203/417  191/417   85/139  395/417  611/417  301/139 1271/417  881/417]
[ 189/139  329/417  167/417   27/139   71/417  137/417   93/139  497/417  791/417  387/139  773/417  461/417   75/139   65/417  -19/417]
[  -9/139   41/417  185/417  135/139  701/417 1073/417  229/139  377/417  143/417   -5/139  -97/417 -103/417  -11/139  113/417  335/417]
[ 211/139 1007/417  623/417  105/139   83/417  -73/417  -51/139 -157/417  -85/417   21/139  287/417  587/417  321/139  581/417  275/417]
[  15/139 -109/417 -187/417  -63/139 -115/417   35/417   87/139  563/417  941/417  187/139  257/417   29/417  -41/139 -199/417 -199/417]
[ -41/139   29/417  257/417  187/139  941/417  563/417   87/139   35/417 -115/417  -63/139 -187/417 -109/417   15/139  275/417  581/417]
[ 321/139  587/417  287/417   21/139  -85/417 -157/417  -51/139  -73/417   83/417  105/139  623/417 1007/417  211/139  335/417  113/417]
[ -11/139 -103/417  -97/417   -5/139  143/417  377/417  229/139 1073/417  701/417  135/139  185/417   41/417   -9/139  -19/417   65/417]
[  75/139  461/417  773/417  387/139  791/417  497/417   93/139  137/417   71/417   27/139  167/417  329/417  189/139  881/417 1271/417]
[ 301/139  611/417  395/417   85/139  191/417  203/417   97/139  455/417      5/3  337/139 1403/417 1037/417  249/139  533/417  395/417]
[ 111/139  347/417  437/417  201/139  845/417 1163/417  519/139 1193/417  905/417  231/139  557/417  497/417  171/139  605/417  773/417]
[ 339/139 1337/417 1733/417  457/139 1085/417  875/417  247/139  683/417  701/417  265/139  965/417 1211/417  511/139 1931/417 1571/417]
[ 429/139 1079/417  947/417  297/139  911/417 1007/417  393/139 1427/417 1751/417  439/139  959/417  677/417  157/139  341/417  287/417]
[ 103/139  407/417  581/417  277/139 1157/417 1559/417  401/139  923/417  719/417  197/139  539/417  563/417  221/139  839/417 1091/417]
[ 473/139  989/417  635/417  119/139  155/417   29/417   -7/139    5/417  107/417   95/139  539/417  869/417  425/139  923/417  647/417]
[ 149/139  323/417  275/417  101/139  407/417  587/417  281/139 1175/417  749/417  133/139  125/417  -73/417  -65/139 -241/417 -211/417]
[ -35/139   77/417  335/417  223/139 1079/417  731/417  153/139  263/417  143/417   33/139  131/417  239/417  141/139  683/417 1019/417]
[ 199/139  251/417  -19/417  -71/139 -331/417 -373/417 -113/139 -229/417  -43/417   73/139  557/417  971/417  209/139  359/417  167/417]
[  17/139   11/417   47/417   53/139  347/417  611/417  317/139  533/417  191/417  -25/139 -265/417 -379/417        0        0        0]
[-379/417, -265/417, -25/139, 191/417, 533/417, 317/139, 611/417, 347/417, 53/139, 47/417, 11/417, 17/139, 167/417, 359/417, 209/139, 971/417, 557/417, 73/139, -43/417, -229/417, -113/139]
41 [-379/417, -265/417, -25/139, 191/417, -301/417, 39/139, -223/417, -487/417, 53/139, 47/417, 11/417, 17/139, 167/417, 359/417, -69/139, 137/417, -277/417, 73/139, -43/417, -229/417, 165/139]
Testing obstruction for
m1: 36, m2: 36,a: 34
[      -1 -275/417  151/417    9/139  187/417 -203/417 -103/139 -131/417  331/417   81/139  439/417   85/417    5/139  229/417  727/417]
[ 225/139  907/417  589/417  185/139  805/417 1339/417  441/139 1591/417 1309/417  437/139 1597/417 2167/417  729/139 2491/417 2245/417]
[ 761/139 2605/417 3211/417 1089/139 3607/417 3397/417 1157/139 2995/417 2803/417  965/139 2437/417 2263/417  791/139 1933/417 1777/417]
[ 635/139 1483/417 1345/417  497/139 1087/417  967/417  377/139  745/417  643/417  275/139  457/417  373/417  191/139  223/417  157/417]
[ 125/139   43/417   -5/417   77/139  -83/417 -113/417   47/139 -155/417 -167/417   35/139 -173/417 -167/417   41/139 -137/417 -113/417]
[  65/139  -47/417   -5/417  107/139   97/417  157/417  167/139  295/417  373/417  245/139  547/417  643/417  341/139  853/417  967/417]
[ 455/139 1213/417 1345/417  587/139 1627/417 1777/417  737/139 2095/417 2263/417  905/139 2617/417 2803/417 1091/139 3193/417 3397/417]
[1017/139 2989/417 3211/417  961/139 2839/417 2245/417  645/139 1909/417 2167/417  625/139 1867/417 1309/417  345/139 1045/417 1339/417]
[ 361/139 1111/417  589/417  117/139  397/417  727/417  169/139  571/417   85/417  -39/139  -35/417  331/417   49/139  247/417 -203/417]
[-123/139 -251/417  151/417    1/139      1/3 -275/417 -135/139 -251/417  187/417   25/139  247/417 -131/417  -75/139  -35/417  439/417]
[ 121/139  571/417  229/417   57/139  397/417  907/417  289/139 1111/417  805/417  261/139 1045/417 1591/417  529/139 1867/417 1597/417]
[ 537/139 1909/417 2491/417  841/139 2839/417 2605/417  885/139 2989/417 3607/417 1225/139 3193/417 2995/417 1027/139 2617/417 2437/417]
[ 847/139 2095/417 1933/417  685/139 1627/417 1483/417  541/139 1213/417 1087/417  415/139  853/417  745/417  307/139  547/417  457/417]
[ 217/139  295/417  223/417  145/139   97/417   43/417   91/139  -47/417  -83/417   55/139 -137/417 -155/417   37/139 -173/417 -173/417]
[  37/139 -155/417 -137/417   55/139  -83/417  -47/417   91/139   43/417   97/417  145/139  223/417  295/417  217/139  457/417  547/417]
[ 307/139  745/417  853/417  415/139 1087/417 1213/417  541/139 1483/417 1627/417  685/139 1933/417 2095/417  847/139 2437/417 2617/417]
[1027/139 2995/417 3193/417 1225/139 3607/417 2989/417  885/139 2605/417 2839/417  841/139 2491/417 1909/417  537/139 1597/417 1867/417]
[ 529/139 1591/417 1045/417  261/139  805/417 1111/417  289/139  907/417  397/417   57/139  229/417  571/417  121/139  439/417  -35/417]
[ -75/139 -131/417  247/417   25/139  187/417 -251/417 -135/139 -275/417      1/3    1/139  151/417 -251/417 -123/139 -203/417  247/417]
[  49/139  331/417  -35/417  -39/139   85/417  571/417  169/139  727/417  397/417  117/139  589/417 1111/417  361/139 1339/417 1045/417]
[ 345/139 1309/417 1867/417  625/139 2167/417 1909/417  645/139 2245/417 2839/417  961/139 3211/417 2989/417 1017/139 3397/417 3193/417]
[1091/139 2803/417 2617/417  905/139 2263/417 2095/417  737/139 1777/417 1627/417  587/139 1345/417 1213/417  455/139  967/417  853/417]
[ 341/139  643/417  547/417  245/139  373/417  295/417  167/139  157/417   97/417  107/139   -5/417  -47/417   65/139 -113/417 -137/417]
[  41/139 -167/417 -173/417   35/139 -167/417 -155/417   47/139 -113/417  -83/417   77/139   -5/417   43/417  125/139  157/417  223/417]
[ 191/139  373/417  457/417  275/139  643/417  745/417  377/139  967/417 1087/417  497/139 1345/417 1483/417  635/139 1777/417 1933/417]
[ 791/139 2263/417 2437/417  965/139 2803/417 2995/417 1157/139 3397/417 3607/417 1089/139 3211/417 2605/417  761/139 2245/417 2491/417]
[ 729/139 2167/417 1597/417  437/139 1309/417 1591/417  441/139 1339/417  805/417  185/139  589/417  907/417  225/139  727/417  229/417]
[   5/139   85/417  439/417   81/139  331/417 -131/417 -103/139 -203/417  187/417    9/139  151/417 -275/417        0        0        0]
---------------------------
SUCCESS for name = 13a4080
---------------------------
13a4091
Correction terms
[      -1  145/253 -179/253  293/253   43/253   83/253  -93/253   21/253  425/253  107/253   79/253   -15/23 -119/253  217/253 -169/253]
[ 241/253  -71/253  -93/253 -331/253  227/253   63/253  189/253     9/23    -9/11  283/253   51/253  109/253  -49/253   83/253   -1/253]
[-301/253  195/253  -31/253     3/23 -119/253   19/253  -59/253  153/253  149/253  -71/253   -1/253 -147/253   -3/253  -75/253    13/23]
[ 145/253    -3/11    7/253 -133/253   17/253  -49/253  175/253  183/253  -25/253   57/253    -7/23   79/253   19/253 -257/253 -243/253]
[  61/253  149/253   21/253  183/253  129/253 -141/253   -11/23  189/253  283/253     7/11 -177/253 -225/253   17/253   43/253 -147/253]
[ -47/253 -163/253     1/23  -31/253  217/253  249/253   65/253  171/253   61/253  241/253  205/253  -47/253   -9/253   -17/23  -75/253]
[-179/253    7/253    -1/11  237/253 -225/253  109/253  227/253  129/253  321/253   -19/23   57/253  107/253  -59/253   65/253  -27/253]
[ 171/253 -353/253  -81/253  -25/253  321/253    -5/23 -141/253   63/253   51/253  329/253    -5/11  237/253 -133/253 -213/253   -3/253]
[  -9/253    25/23 -163/253  195/253 -169/253  263/253  -27/253  -27/253  263/253 -169/253  195/253 -163/253    25/23   -9/253   -3/253]
[-213/253 -133/253  237/253    -5/11  329/253   51/253   63/253 -141/253    -5/23  321/253  -25/253  -81/253 -353/253  171/253  -27/253]
[  65/253  -59/253  107/253   57/253   -19/23  321/253  129/253  227/253  109/253 -225/253  237/253    -1/11    7/253 -179/253  -75/253]
[  -17/23   -9/253  -47/253  205/253  241/253   61/253  171/253   65/253  249/253  217/253  -31/253     1/23 -163/253  -47/253 -147/253]
[  43/253   17/253 -225/253 -177/253     7/11  283/253  189/253   -11/23 -141/253  129/253  183/253   21/253  149/253   61/253 -243/253]
[-257/253   19/253   79/253    -7/23   57/253  -25/253  183/253  175/253  -49/253   17/253 -133/253    7/253    -3/11  145/253    13/23]
[ -75/253   -3/253 -147/253   -1/253  -71/253  149/253  153/253  -59/253   19/253 -119/253     3/23  -31/253  195/253 -301/253   -1/253]
[  83/253  -49/253  109/253   51/253  283/253    -9/11     9/23  189/253   63/253  227/253 -331/253  -93/253  -71/253  241/253 -169/253]
[ 217/253 -119/253   -15/23   79/253  107/253  425/253   21/253  -93/253   83/253   43/253  293/253 -179/253  145/253        0        0]
Testing obstruction for
m1: 6, m2: 12,a: 0
[      -1 -185/253   19/253  359/253  329/253  435/253  677/253  549/253  557/253  195/253  -31/253   -11/23  -75/253  107/253  425/253]
[ 373/253  457/253  677/253  527/253  513/253  129/253 -119/253   -21/23    -9/11  -47/253  249/253  175/253  237/253  435/253  769/253]
[ 733/253  327/253   57/253    -7/23  -75/253   63/253  337/253  241/253  281/253  457/253  769/253  711/253  283/253   -9/253   -15/23]
[-185/253    -3/11  183/253   65/253   83/253  237/253  527/253  953/253  503/253  189/253     1/23  -31/253   63/253  293/253  153/253]
[ 149/253  281/253  549/253  953/253  481/253  145/253    -5/23 -119/253  -47/253     7/11   -1/253  -27/253   83/253  329/253  711/253]
[ 723/253  365/253    13/23   57/253  107/253  293/253  109/253   61/253  149/253  373/253  733/253  723/253  343/253     9/23   -9/253]
[  19/253  183/253    -1/11  -93/253  -27/253  175/253  513/253  481/253  585/253    29/23  189/253  195/253  337/253  109/253   17/253]
[  61/253  241/253  557/253  503/253  585/253    27/23  145/253  129/253  249/253   -1/253    -5/11  -93/253   65/253  359/253  283/253]
[ 343/253    49/23  365/253  327/253  425/253  153/253   17/253   17/253  153/253  425/253  327/253  365/253    49/23  343/253  283/253]
[ 359/253   65/253  -93/253    -5/11   -1/253  249/253  129/253  145/253    27/23  585/253  503/253  557/253  241/253   61/253   17/253]
[ 109/253  337/253  195/253  189/253    29/23  585/253  481/253  513/253  175/253  -27/253  -93/253    -1/11  183/253   19/253   -9/253]
[    9/23  343/253  723/253  733/253  373/253  149/253   61/253  109/253  293/253  107/253   57/253    13/23  365/253  723/253  711/253]
[ 329/253   83/253  -27/253   -1/253     7/11  -47/253 -119/253    -5/23  145/253  481/253  953/253  549/253  281/253  149/253  153/253]
[ 293/253   63/253  -31/253     1/23  189/253  503/253  953/253  527/253  237/253   83/253   65/253  183/253    -3/11 -185/253   -15/23]
[  -9/253  283/253  711/253  769/253  457/253  281/253  241/253  337/253   63/253  -75/253    -7/23   57/253  327/253  733/253  769/253]
[ 435/253  237/253  175/253  249/253  -47/253    -9/11   -21/23 -119/253  129/253  513/253  527/253  677/253  457/253  373/253  425/253]
[ 107/253  -75/253   -11/23  -31/253  195/253  557/253  549/253  677/253  435/253  329/253  359/253   19/253 -185/253        0        0]
Testing obstruction for
m1: 64, m2: 64,a: 63
[      -1 -249/253 -237/253 -217/253 -189/253 -153/253 -109/253  -57/253    3/253   71/253  147/253    21/23  323/253  423/253  531/253]
[ 647/253  771/253  903/253 1043/253 1191/253 1347/253 1511/253   153/23    81/11 2051/253 2247/253 2451/253 2663/253 2883/253 3111/253]
[3347/253 3591/253 3843/253   327/23 3359/253 3129/253 2907/253 2693/253 2487/253 2289/253 2099/253 1917/253 1743/253 1577/253   129/23]
[1269/253    49/11  993/253  867/253  749/253  639/253  537/253  443/253  357/253  279/253    19/23  147/253   93/253   47/253    9/253]
[ -21/253  -43/253  -57/253  -63/253  -61/253  -51/253    -3/23   -7/253   27/253     3/11  119/253  177/253  243/253  317/253  399/253]
[ 489/253  587/253    63/23  807/253  929/253 1059/253 1197/253 1343/253 1497/253 1659/253 1829/253 2007/253 2193/253   217/23 2589/253]
[2799/253 3017/253   141/11 3477/253 3719/253 3969/253 3721/253 3481/253 3249/253   275/23 2809/253 2601/253 2401/253 2209/253 2025/253]
[1849/253 1681/253 1521/253 1369/253 1225/253    99/23  961/253  841/253  729/253  625/253    23/11  441/253  361/253  289/253  225/253]
[ 169/253    11/23   81/253   49/253   25/253    9/253    1/253    1/253    9/253   25/253   49/253   81/253    11/23  169/253  225/253]
[ 289/253  361/253  441/253    23/11  625/253  729/253  841/253  961/253    99/23 1225/253 1369/253 1521/253 1681/253 1849/253 2025/253]
[2209/253 2401/253 2601/253 2809/253   275/23 3249/253 3481/253 3721/253 3969/253 3719/253 3477/253   141/11 3017/253 2799/253 2589/253]
[  217/23 2193/253 2007/253 1829/253 1659/253 1497/253 1343/253 1197/253 1059/253  929/253  807/253    63/23  587/253  489/253  399/253]
[ 317/253  243/253  177/253  119/253     3/11   27/253   -7/253    -3/23  -51/253  -61/253  -63/253  -57/253  -43/253  -21/253    9/253]
[  47/253   93/253  147/253    19/23  279/253  357/253  443/253  537/253  639/253  749/253  867/253  993/253    49/11 1269/253   129/23]
[1577/253 1743/253 1917/253 2099/253 2289/253 2487/253 2693/253 2907/253 3129/253 3359/253   327/23 3843/253 3591/253 3347/253 3111/253]
[2883/253 2663/253 2451/253 2247/253 2051/253    81/11   153/23 1511/253 1347/253 1191/253 1043/253  903/253  771/253  647/253  531/253]
[ 423/253  323/253    21/23  147/253   71/253    3/253  -57/253 -109/253 -153/253 -189/253 -217/253 -237/253 -249/253        0        0]
---------------------------
SUCCESS for name = 13a4091
---------------------------
13a4093
Correction terms
[      -1  -67/385  117/385  167/385   83/385   -27/77  283/385   -29/55  -53/385  -37/385   -31/77    33/35  -23/385  227/385    49/55]
[  -89/77  173/385 -113/385  237/385 -317/385   107/77    69/55   -43/35  -23/385  293/385   -59/77 -247/385  437/385    31/55 -137/385]
[   29/77  293/385 -463/385    17/35  -67/385     9/11 -207/385  -93/385 -113/385 -267/385    43/77 -207/385     1/55   87/385     3/35]
[  -31/77  293/385 -163/385   17/385     9/55    -5/77 -247/385  167/385  447/385 -177/385     -3/7   -41/55  227/385 -163/385   83/385]
[   39/77  173/385   17/385   -39/55   73/385    57/77   -37/35  307/385  117/385 -207/385     3/11  283/385  327/385 -533/385   13/385]
[   85/77  -67/385      1/5   87/385  -37/385   -59/77   83/385  327/385 -333/385    59/55    51/77  -37/385  307/385   -23/35 -177/385]
[  -47/77    49/55   17/385  327/385  503/385   -45/77 -317/385  227/385   -19/55    13/35    57/77  293/385  167/385  -93/385  283/385]
[   -7/11 -137/385 -163/385  447/385  153/385     -5/7  -67/385     1/55  -53/385 -247/385    39/77  503/385  -93/385  -53/385   -21/55]
[  -75/77     3/35  307/385  447/385 -317/385    65/77     9/55 -333/385  -93/385   13/385    -3/77 -177/385    27/35   -19/55   73/385]
[   29/77   83/385 -113/385  327/385 -137/385     1/11   73/385  -23/385   -23/35  153/385    85/77 -207/385   -29/55  437/385  173/385]
[  -45/77   13/385  117/385   87/385     -1/5    79/77  -37/385  167/385  237/385  173/385    -5/77   -51/55  -53/385  117/385  153/385]
[     1/7 -177/385  227/385   -39/55 -137/385   -27/77 -267/385  237/385 -163/385   73/385     5/11    13/35  -23/385 -323/385   13/385]
[   43/77  283/385    31/55   17/385 -317/385    -3/77  153/385    17/35   87/385    89/55    51/77 -247/385 -113/385 -113/385 -247/385]
[   51/77    89/55   87/385    17/35  153/385    -3/77 -317/385   17/385    31/55  283/385    43/77   13/385 -323/385  -23/385    13/35]
[    5/11   73/385 -163/385  237/385 -267/385   -27/77 -137/385   -39/55  227/385 -177/385      1/7  153/385  117/385  -53/385   -51/55]
[   -5/77  173/385  237/385  167/385  -37/385    79/77     -1/5   87/385  117/385   13/385   -45/77  173/385  437/385   -29/55 -207/385]
[   85/77  153/385   -23/35  -23/385   73/385     1/11 -137/385  327/385 -113/385   83/385    29/77   73/385   -19/55    27/35 -177/385]
[   -3/77   13/385  -93/385 -333/385     9/55    65/77 -317/385  447/385  307/385     3/35   -75/77   -21/55  -53/385  -93/385  503/385]
[   39/77 -247/385  -53/385     1/55  -67/385     -5/7  153/385  447/385 -163/385 -137/385    -7/11  283/385  -93/385  167/385  293/385]
[   57/77    13/35   -19/55  227/385 -317/385   -45/77  503/385  327/385   17/385    49/55   -47/77 -177/385   -23/35  307/385  -37/385]
[   51/77    59/55 -333/385  327/385   83/385   -59/77  -37/385   87/385      1/5  -67/385    85/77   13/385 -533/385  327/385  283/385]
[    3/11 -207/385  117/385  307/385   -37/35    57/77   73/385   -39/55   17/385  173/385    39/77   83/385 -163/385  227/385   -41/55]
[    -3/7 -177/385  447/385  167/385 -247/385    -5/77     9/55   17/385 -163/385  293/385   -31/77     3/35   87/385     1/55 -207/385]
[   43/77 -267/385 -113/385  -93/385 -207/385     9/11  -67/385    17/35 -463/385  293/385    29/77 -137/385    31/55  437/385 -247/385]
[  -59/77  293/385  -23/385   -43/35    69/55   107/77 -317/385  237/385 -113/385  173/385   -89/77    49/55  227/385  -23/385    33/35]
[  -31/77  -37/385  -53/385   -29/55  283/385   -27/77   83/385  167/385  117/385  -67/385        0        0        0        0        0]
Testing obstruction for
m1: 4, m2: 28,a: 0
[      -1 -261/385  111/385  -39/385   59/385    81/77  229/385    43/55  621/385 1189/385   247/77   139/35 2071/385 2091/385   337/55]
[  421/77 2099/385 1571/385 1291/385 1259/385   141/77    57/55    31/35  531/385  199/385    23/77  279/385  -79/385   -27/55  -51/385]
[   67/77  199/385  311/385    61/35  509/385    17/11  929/385 1511/385 1571/385 1879/385   487/77 2469/385   283/55 1741/385   159/35]
[  247/77  969/385  951/385  411/385    17/55    15/77  279/385  -39/385 -109/385   69/385     -5/7   -53/55 -219/385  181/385   59/385]
[   37/77  559/385  411/385    73/55  859/385   291/77   139/35 1851/385 2421/385 2469/385    57/11 1769/385 1791/385 1291/385 1039/385]
[  207/77  509/385      3/5  201/385  419/385    23/77   59/385  251/385  -79/385   -23/55     1/77  419/385  311/385    41/35  839/385]
[  141/77   117/55 1181/385 1791/385 1879/385   443/77 2799/385 2091/385   233/55   129/35   291/77  969/385  731/385  741/385  229/385]
[   -1/11  -51/385  181/385 -109/385 -151/385      1/7 -261/385   -47/55 -149/385  279/385    37/77  339/385  741/385  621/385   107/55]
[  225/77   159/35 1851/385 2201/385 2799/385   421/77   237/55 1461/385 1511/385 1039/385   163/77  839/385    31/35    13/55   89/385]
[   67/77   59/385   31/385  251/385  -51/385    -3/11   89/385  531/385    41/35  619/385   207/77  929/385   153/55 1461/385 2099/385]
[  443/77 2579/385 2421/385 1741/385     17/5   225/77 1189/385  731/385  521/385  559/385    15/77   -23/55 -149/385  111/385 -151/385]
[    -3/7   69/385 -219/385   -37/55  -51/385    81/77  339/385  521/385  951/385  859/385    29/11   129/35 2071/385 2201/385 2579/385]
[  487/77 1769/385   193/55 1181/385 1259/385   163/77  619/385    61/35  201/385    -3/55     1/77  279/385   31/385   31/385  279/385]
[    1/77    -3/55  201/385    61/35  619/385   163/77 1259/385 1181/385   193/55 1769/385   487/77 2579/385 2201/385 2071/385   129/35]
[   29/11  859/385  951/385  521/385  339/385    81/77  -51/385   -37/55 -219/385   69/385     -3/7 -151/385  111/385 -149/385   -23/55]
[   15/77  559/385  521/385  731/385 1189/385   225/77     17/5 1741/385 2421/385 2579/385   443/77 2099/385 1461/385   153/55  929/385]
[  207/77  619/385    41/35  531/385   89/385    -3/11  -51/385  251/385   31/385   59/385    67/77   89/385    13/55    31/35  839/385]
[  163/77 1039/385 1511/385 1461/385   237/55   421/77 2799/385 2201/385 1851/385   159/35   225/77   107/55  621/385  741/385  339/385]
[   37/77  279/385 -149/385   -47/55 -261/385      1/7 -151/385 -109/385  181/385  -51/385    -1/11  229/385  741/385  731/385  969/385]
[  291/77   129/35   233/55 2091/385 2799/385   443/77 1879/385 1791/385 1181/385   117/55   141/77  839/385    41/35  311/385  419/385]
[    1/77   -23/55  -79/385  251/385   59/385    23/77  419/385  201/385      3/5  509/385   207/77 1039/385 1291/385 1791/385 1769/385]
[   57/11 2469/385 2421/385 1851/385   139/35   291/77  859/385    73/55  411/385  559/385    37/77   59/385  181/385 -219/385   -53/55]
[    -5/7   69/385 -109/385  -39/385  279/385    15/77    17/55  411/385  951/385  969/385   247/77   159/35 1741/385   283/55 2469/385]
[  487/77 1879/385 1571/385 1511/385  929/385    17/11  509/385    61/35  311/385  199/385    67/77  -51/385   -27/55  -79/385  279/385]
[   23/77  199/385  531/385    31/35    57/55   141/77 1259/385 1291/385 1571/385 2099/385   421/77   337/55 2091/385 2071/385   139/35]
[  247/77 1189/385  621/385    43/55  229/385    81/77   59/385  -39/385  111/385 -261/385        0        0        0        0        0]
Testing obstruction for
m1: 6, m2: 18,a: 0
[      -1 -293/385  -17/385  443/385  317/385    75/77  617/385   149/55 1653/385 1677/385   223/77    67/35  543/385  533/385   101/55]
[   59/77   67/385   23/385  163/385  487/385    45/77    21/55    23/35  543/385 1017/385   335/77 1747/385 1233/385   129/55  757/385]
[  159/77  247/385 -117/385   -27/35 -293/385    -3/11  267/385   53/385   23/385  177/385   103/77 1037/385   139/55 1093/385   127/35]
[  223/77 1017/385 1103/385  603/385    41/55    31/77  207/385  443/385   93/385  -73/385     -1/7    21/55  533/385 1103/385 1087/385]
[  251/77 1607/385 1373/385   189/55  687/385    47/77    -3/35 -117/385  -17/385  267/385    -1/11 -153/385  -87/385  163/385  597/385]
[   89/77  477/385      9/5 1093/385 1677/385   335/77 1087/385  683/385  463/385    61/55   115/77  137/385 -117/385   -17/35  -73/385]
[   45/77   101/55  603/385  683/385  947/385   279/77 2027/385 1303/385   109/55    37/35    47/77  247/385  443/385   53/385 -153/385]
[   -5/11  -13/385  333/385   93/385   37/385      3/7  477/385   139/55 1653/385 1747/385   251/77  947/385  823/385  883/385    51/55]
[    3/77   -13/35 -117/385   93/385  487/385    59/77    41/55  463/385  823/385 1367/385   265/77 1467/385    93/35   109/55  687/385]
[  159/77  317/385   23/385  -87/385  -13/385     7/11  -83/385 -227/385   -17/35   37/385    89/77 1037/385   149/55 1233/385 1607/385]
[  279/77 1367/385  753/385  323/385      1/5     3/77  137/385  443/385  163/385   67/385    31/77    61/55  883/385  753/385  807/385]
[    19/7 1467/385 1303/385   189/55  757/385    75/77  177/385  163/385  333/385  -83/385    -9/11   -33/35 -227/385   93/385  597/385]
[  103/77  617/385   129/55 1373/385 2027/385   265/77  807/385    43/35  323/385    51/55   115/77  207/385   23/385   23/385  207/385]
[  115/77    51/55  323/385    43/35  807/385   265/77 2027/385 1373/385   129/55  617/385   103/77  597/385   93/385 -227/385   -33/35]
[   -9/11  -83/385  333/385  163/385  177/385    75/77  757/385   189/55 1303/385 1467/385     19/7  807/385  753/385  883/385    61/55]
[   31/77   67/385  163/385  443/385  137/385     3/77      1/5  323/385  753/385 1367/385   279/77 1607/385 1233/385   149/55 1037/385]
[   89/77   37/385   -17/35 -227/385  -83/385     7/11  -13/385  -87/385   23/385  317/385   159/77  687/385   109/55    93/35 1467/385]
[  265/77 1367/385  823/385  463/385    41/55    59/77  487/385   93/385 -117/385   -13/35     3/77    51/55  883/385  823/385  947/385]
[  251/77 1747/385 1653/385   139/55  477/385      3/7   37/385   93/385  333/385  -13/385    -5/11 -153/385   53/385  443/385  247/385]
[   47/77    37/35   109/55 1303/385 2027/385   279/77  947/385  683/385  603/385   101/55    45/77  -73/385   -17/35 -117/385  137/385]
[  115/77    61/55  463/385  683/385 1087/385   335/77 1677/385 1093/385      9/5  477/385    89/77  597/385  163/385  -87/385 -153/385]
[   -1/11  267/385  -17/385 -117/385    -3/35    47/77  687/385   189/55 1373/385 1607/385   251/77 1087/385 1103/385  533/385    21/55]
[    -1/7  -73/385   93/385  443/385  207/385    31/77    41/55  603/385 1103/385 1017/385   223/77   127/35 1093/385   139/55 1037/385]
[  103/77  177/385   23/385   53/385  267/385    -3/11 -293/385   -27/35 -117/385  247/385   159/77  757/385   129/55 1233/385 1747/385]
[  335/77 1017/385  543/385    23/35    21/55    45/77  487/385  163/385   23/385   67/385    59/77   101/55  533/385  543/385    67/35]
[  223/77 1677/385 1653/385   149/55  617/385    75/77  317/385  443/385  -17/385 -293/385        0        0        0        0        0]
Testing obstruction for
m1: 12, m2: 12,a: 6
[      -1 -339/385 -201/385   29/385  351/385   153/77 1271/385   157/55 1019/385 1031/385   227/77   121/35  849/385  459/385    23/55]
[   -9/77 -159/385 -181/385 -111/385   51/385    61/77    93/55    99/35  849/385  701/385   129/77  681/385  809/385   147/55  571/385]
[   41/77  -69/385 -251/385   -31/35 -339/385    -7/11  -59/385  219/385  589/385 1051/385   167/77  711/385    97/55  739/385    81/35]
[  227/77  701/385  359/385  109/385    -7/55   -23/77  -89/385   29/385  239/385  541/385     17/7    93/55  459/385  359/385  351/385]
[   87/77  611/385  879/385    67/55  151/385   -15/77   -19/35 -251/385 -201/385  -59/385     5/11  501/385  919/385  659/385  491/385]
[   83/77  431/385      7/5  739/385 1031/385   129/77  351/385  149/385   39/385     3/55    19/77  261/385  519/385    79/35  541/385]
[   61/77    23/55  109/385  149/385  281/385   101/77  821/385  459/385    27/55     1/35   -15/77  -69/385   29/385  219/385  501/385]
[   25/11  571/385  359/385  239/385  211/385      5/7  431/385    97/55 1019/385  681/385    87/77  281/385  219/385  249/385    53/55]
[  117/77    81/35  519/385  239/385   51/385    -9/77    -7/55   39/385  219/385  491/385   171/77  541/385    29/35    27/55  151/385]
[   41/77  351/385  589/385  919/385  571/385     9/11  151/385   79/385     9/35  211/385    83/77  711/385   157/55  809/385  611/385]
[  101/77  491/385  569/385  739/385     13/5   117/77  261/385   29/385 -111/385 -159/385   -23/77     3/55  249/385  569/385  981/385]
[    13/7  541/385  459/385    67/55  571/385   153/77 1051/385  659/385  359/385  151/385     1/11     1/35   79/385  239/385  491/385]
[  167/77 1271/385   147/55  879/385  821/385   171/77  981/385   109/35  739/385    53/55    19/77  -89/385 -181/385 -181/385  -89/385]
[   19/77    53/55  739/385   109/35  981/385   171/77  821/385  879/385   147/55 1271/385   167/77  491/385  239/385   79/385     1/35]
[    1/11  151/385  359/385  659/385 1051/385   153/77  571/385    67/55  459/385  541/385     13/7  981/385  569/385  249/385     3/55]
[  -23/77 -159/385 -111/385   29/385  261/385   117/77     13/5  739/385  569/385  491/385   101/77  611/385  809/385   157/55  711/385]
[   83/77  211/385     9/35   79/385  151/385     9/11  571/385  919/385  589/385  351/385    41/77  151/385    27/55    29/35  541/385]
[  171/77  491/385  219/385   39/385    -7/55    -9/77   51/385  239/385  519/385    81/35   117/77    53/55  249/385  219/385  281/385]
[   87/77  681/385 1019/385    97/55  431/385      5/7  211/385  239/385  359/385  571/385    25/11  501/385  219/385   29/385  -69/385]
[  -15/77     1/35    27/55  459/385  821/385   101/77  281/385  149/385  109/385    23/55    61/77  541/385    79/35  519/385  261/385]
[   19/77     3/55   39/385  149/385  351/385   129/77 1031/385  739/385      7/5  431/385    83/77  491/385  659/385  919/385  501/385]
[    5/11  -59/385 -201/385 -251/385   -19/35   -15/77  151/385    67/55  879/385  611/385    87/77  351/385  359/385  459/385    93/55]
[    17/7  541/385  239/385   29/385  -89/385   -23/77    -7/55  109/385  359/385  701/385   227/77    81/35  739/385    97/55  711/385]
[  167/77 1051/385  589/385  219/385  -59/385    -7/11 -339/385   -31/35 -251/385  -69/385    41/77  571/385   147/55  809/385  681/385]
[  129/77  701/385  849/385    99/35    93/55    61/77   51/385 -111/385 -181/385 -159/385    -9/77    23/55  459/385  849/385   121/35]
[  227/77 1031/385 1019/385   157/55 1271/385   153/77  351/385   29/385 -201/385 -339/385        0        0        0        0        0]
Testing obstruction for
m1: 16, m2: 16,a: 12
[      -1 -323/385 -137/385  173/385  607/385    79/77  307/385    49/55  503/385  787/385   239/77    87/35  843/385  853/385   141/55]
[  249/77  857/385  593/385  453/385  437/385   109/77   111/55    33/35   73/385  -93/385   -27/77  -53/385  153/385    69/55  167/385]
[   -5/77  -93/385  -37/385    13/35  447/385    25/11  657/385  563/385  593/385  747/385   205/77 1427/385   169/55 1063/385    97/35]
[  239/77  677/385  283/385   13/385   -19/55   -31/77  -53/385  173/385  523/385  227/385      1/7     1/55   83/385  283/385  607/385]
[   57/77   87/385   13/385     9/55  237/385   107/77    87/35 1503/385 1403/385 1427/385    45/11 1077/385  703/385  453/385  327/385]
[   65/77  447/385      9/5  293/385   17/385   -27/77 -163/385  -67/385  153/385    71/55    39/77   17/385  -37/385     3/35  227/385]
[  109/77   141/55  783/385  703/385  747/385   183/77 1207/385  853/385    89/55    47/35   107/77  677/385  943/385  563/385  307/385]
[    5/11  167/385  283/385  523/385  117/385     -3/7 -323/385   -51/55 -267/385  -53/385    57/77  747/385  563/385  503/385    81/55]
[  151/77    97/35 1503/385 1293/385 1207/385   249/77   201/55  923/385  563/385  327/385    43/77  227/385    33/35    89/55  237/385]
[   -5/77 -163/385 -177/385  -67/385  167/385    15/11  237/385   73/385     3/35  117/385    65/77  657/385   159/55  923/385  857/385]
[  183/77 1097/385 1403/385 1063/385     11/5   151/77  787/385  943/385  453/385   87/385   -31/77   -39/55 -267/385 -137/385  117/385]
[     9/7  227/385   83/385     9/55  167/385    79/77  747/385  453/385  283/385  237/385     9/11    47/35  843/385 1293/385 1097/385]
[  205/77 1077/385   179/55  783/385  437/385    43/77  117/385    13/35  293/385    81/55    39/77  -53/385 -177/385 -177/385  -53/385]
[   39/77    81/55  293/385    13/35  117/385    43/77  437/385  783/385   179/55 1077/385   205/77 1097/385 1293/385  843/385    47/35]
[    9/11  237/385  283/385  453/385  747/385    79/77  167/385     9/55   83/385  227/385      9/7  117/385 -137/385 -267/385   -39/55]
[  -31/77   87/385  453/385  943/385  787/385   151/77     11/5 1063/385 1403/385 1097/385   183/77  857/385  923/385   159/55  657/385]
[   65/77  117/385     3/35   73/385  237/385    15/11  167/385  -67/385 -177/385 -163/385    -5/77  237/385    89/55    33/35  227/385]
[   43/77  327/385  563/385  923/385   201/55   249/77 1207/385 1293/385 1503/385    97/35   151/77    81/55  503/385  563/385  747/385]
[   57/77  -53/385 -267/385   -51/55 -323/385     -3/7  117/385  523/385  283/385  167/385     5/11  307/385  563/385  943/385  677/385]
[  107/77    47/35    89/55  853/385 1207/385   183/77  747/385  703/385  783/385   141/55   109/77  227/385     3/35  -37/385   17/385]
[   39/77    71/55  153/385  -67/385 -163/385   -27/77   17/385  293/385      9/5  447/385    65/77  327/385  453/385  703/385 1077/385]
[   45/11 1427/385 1403/385 1503/385    87/35   107/77  237/385     9/55   13/385   87/385    57/77  607/385  283/385   83/385     1/55]
[     1/7  227/385  523/385  173/385  -53/385   -31/77   -19/55   13/385  283/385  677/385   239/77    97/35 1063/385   169/55 1427/385]
[  205/77  747/385  593/385  563/385  657/385    25/11  447/385    13/35  -37/385  -93/385    -5/77  167/385    69/55  153/385  -53/385]
[  -27/77  -93/385   73/385    33/35   111/55   109/77  437/385  453/385  593/385  857/385   249/77   141/55  853/385  843/385    87/35]
[  239/77  787/385  503/385    49/55  307/385    79/77  607/385  173/385 -137/385 -323/385        0        0        0        0        0]
[-323/385, -137/385, 173/385, 607/385, 79/77, 307/385, 49/55, 503/385, 787/385, 239/77, 87/35, 843/385, 853/385, 141/55, 249/77, 857/385, 593/385, 453/385, 437/385, 109/77, 111/55, 33/35, 73/385, -93/385, -27/77, -53/385, 153/385, 69/55, 167/385, -5/77, -93/385, -37/385, 13/35, 447/385, 25/11, 657/385, 563/385, 593/385, 747/385, 205/77, 1427/385, 169/55, 1063/385, 97/35, 239/77, 677/385, 283/385, 13/385, -19/55, -31/77, -53/385, 173/385, 523/385, 227/385, 1/7, 1/55, 83/385, 283/385, 607/385, 57/77, 87/385, 13/385, 9/55, 237/385, 107/77, 87/35, 1503/385, 1403/385, 1427/385, 45/11, 1077/385, 703/385, 453/385, 327/385, 65/77, 447/385, 9/5, 293/385, 17/385, -27/77, -163/385, -67/385, 153/385, 71/55, 39/77, 17/385, -37/385, 3/35, 227/385, 109/77, 141/55, 783/385, 703/385, 747/385, 183/77, 1207/385, 853/385, 89/55, 47/35, 107/77, 677/385, 943/385, 563/385, 307/385, 5/11, 167/385, 283/385, 523/385, 117/385, -3/7, -323/385]
178 [-323/385, -137/385, 173/385, -163/385, -75/77, 307/385, 49/55, 503/385, 17/385, 85/77, 17/35, 73/385, 83/385, 31/55, -59/77, 87/385, -177/385, -317/385, -333/385, -45/77, 1/55, -37/35, 73/385, -93/385, -27/77, -53/385, 153/385, 69/55, 167/385, -5/77, -93/385, -37/385, 13/35, 447/385, 3/11, -113/385, -207/385, -177/385, -23/385, 51/77, -113/385, -51/55, 293/385, 27/35, 85/77, -93/385, 283/385, 13/385, -19/55, -31/77, -53/385, 173/385, -247/385, 227/385, 1/7, 1/55, 83/385, 283/385, -163/385, 57/77, 87/385, 13/385, 9/55, 237/385, 107/77, 17/35, -37/385, -137/385, -113/385, 1/11, 307/385, -67/385, -317/385, 327/385, 65/77, 447/385, -1/5, 293/385, 17/385, -27/77, -163/385, -67/385, 153/385, -39/55, 39/77, 17/385, -37/385, 3/35, 227/385, -45/77, 31/55, 13/385, -67/385, -23/385, 29/77, 437/385, 83/385, -21/55, -23/35, -47/77, -93/385, 173/385, -207/385, -463/385, 5/11, 167/385, 283/385, -247/385, 117/385, -3/7, 447/385]
---------------------------
SUCCESS for name = 13a4093
---------------------------
13a4096
Correction terms
[      -1  251/297  113/297   -13/33  155/297 -259/297   -19/33 -175/297 -271/297   -17/11 -145/297     7/27    23/33  245/297 -403/297]
[    5/33 -193/297   71/297     9/11 -271/297 -283/297   -43/33     1/27 -277/297    -7/33   59/297   89/297     1/11 -127/297  221/297]
[  -13/33   47/297  119/297     -5/3  -13/297 -217/297     3/11 -307/297 -193/297   -19/33 -241/297  191/297    -7/33  185/297   -23/27]
[   -7/11 -217/297 -337/297     5/33 -259/297  -61/297     5/33   59/297  -19/297    -7/11    13/27 -211/297    -7/33   -7/297  -43/297]
[  -19/33 -391/297 -109/297   -19/11  179/297  185/297      1/3  -79/297 -349/297   -13/33   23/297   71/297     1/11 -109/297 -337/297]
[   -7/33  119/297   -35/27    23/33  113/297  -73/297     9/11 -127/297    5/297     5/33   -7/297 -151/297   -43/33   -11/27   53/297]
[    5/11 -469/297   23/297   -19/33  137/297  353/297   -13/33  -85/297 -145/297       -1   53/297 -283/297   -13/33  -43/297  -61/297]
[  -19/33  221/297  -73/297     5/11  251/297   -29/27    23/33   47/297 -205/297     5/33 -391/297 -325/297   -13/11  125/297  -85/297]
[   23/33   -17/27  -79/297    -7/33 -139/297  287/297     1/11 -325/297 -175/297   -13/33 -151/297 -277/297      1/3 -211/297  -19/297]
[    3/11   89/297    5/297   -19/33  155/297 -205/297    -7/33  -13/297    -5/27    -7/11 -415/297 -139/297     5/33  137/297  137/297]
[    5/33 -139/297 -415/297    -7/11    -5/27  -13/297    -7/33 -205/297  155/297   -19/33    5/297   89/297     3/11  -19/297 -211/297]
[     1/3 -277/297 -151/297   -13/33 -175/297 -325/297     1/11  287/297 -139/297    -7/33  -79/297   -17/27    23/33  -85/297  125/297]
[  -13/11 -325/297 -391/297     5/33 -205/297   47/297    23/33   -29/27  251/297     5/11  -73/297  221/297   -19/33  -61/297  -43/297]
[  -13/33 -283/297   53/297       -1 -145/297  -85/297   -13/33  353/297  137/297   -19/33   23/297 -469/297     5/11   53/297   -11/27]
[  -43/33 -151/297   -7/297     5/33    5/297 -127/297     9/11  -73/297  113/297    23/33   -35/27  119/297    -7/33 -337/297 -109/297]
[    1/11   71/297   23/297   -13/33 -349/297  -79/297      1/3  185/297  179/297   -19/11 -109/297 -391/297   -19/33  -43/297   -7/297]
[   -7/33 -211/297    13/27    -7/11  -19/297   59/297     5/33  -61/297 -259/297     5/33 -337/297 -217/297    -7/11   -23/27  185/297]
[   -7/33  191/297 -241/297   -19/33 -193/297 -307/297     3/11 -217/297  -13/297     -5/3  119/297   47/297   -13/33  221/297 -127/297]
[    1/11   89/297   59/297    -7/33 -277/297     1/27   -43/33 -283/297 -271/297     9/11   71/297 -193/297     5/33 -403/297  245/297]
[   23/33     7/27 -145/297   -17/11 -271/297 -175/297   -19/33 -259/297  155/297   -13/33  113/297  251/297        0        0        0]
Testing obstruction for
m1: 2, m2: 50,a: 0
Obstructed by Z^n/Q not being cyclic
Testing obstruction for
m1: 6, m2: 14,a: 0
[      -1 -221/297    7/297    43/33  325/297  415/297    73/33 1051/297 1003/297    19/11  175/297    -1/27    -5/33   73/297  343/297]
[   19/33  151/297  283/297    21/11 1003/297  997/297    61/33    23/27  109/297    13/33  277/297   -5/297    -5/11 -113/297   61/297]
[   43/33  271/297  307/297      5/3  835/297  733/297    29/11  391/297  151/297     7/33  127/297  343/297    13/33   43/297    11/27]
[   13/11  733/297 1267/297    85/33  415/297  217/297    19/33  277/297  -59/297    -9/11   -25/27 -155/297    13/33  541/297  523/297]
[   73/33  943/297  787/297    29/11  337/297   43/297     -1/3  -89/297   73/297    43/33  259/297  283/297    17/11  787/297 1267/297]
[   79/33  307/297     5/27    -5/33    7/297  211/297    -1/11 -113/297  -47/297    19/33  541/297  469/297    61/33    71/27  571/297]
[   19/11  607/297  259/297     7/33   19/297  127/297    43/33  205/297  175/297        1  571/297  997/297   109/33  523/297  217/297]
[    7/33   61/297  211/297    -3/11 -221/297   -19/27    -5/33  271/297  739/297    85/33  943/297  679/297    21/11  607/297  205/297]
[   -5/33   -13/27  -89/297    13/33  475/297  391/297    17/11  679/297 1051/297   109/33  469/297  109/297     -1/3 -155/297  -59/297]
[    7/11   -5/297  -47/297     7/33  325/297  739/297    79/33  835/297    47/27    13/11  337/297  475/297    19/33   19/297   19/297]
[   19/33  475/297  337/297    13/11    47/27  835/297    79/33  739/297  325/297     7/33  -47/297   -5/297     7/11  -59/297 -155/297]
[    -1/3  109/297  469/297   109/33 1051/297  679/297    17/11  391/297  475/297    13/33  -89/297   -13/27    -5/33  205/297  607/297]
[   21/11  679/297  943/297    85/33  739/297  271/297    -5/33   -19/27 -221/297    -3/11  211/297   61/297     7/33  217/297  523/297]
[  109/33  997/297  571/297        1  175/297  205/297    43/33  127/297   19/297     7/33  259/297  607/297    19/11  571/297    71/27]
[   61/33  469/297  541/297    19/33  -47/297 -113/297    -1/11  211/297    7/297    -5/33     5/27  307/297    79/33 1267/297  787/297]
[   17/11  283/297  259/297    43/33   73/297  -89/297     -1/3   43/297  337/297    29/11  787/297  943/297    73/33  523/297  541/297]
[   13/33 -155/297   -25/27    -9/11  -59/297  277/297    19/33  217/297  415/297    85/33 1267/297  733/297    13/11    11/27   43/297]
[   13/33  343/297  127/297     7/33  151/297  391/297    29/11  733/297  835/297      5/3  307/297  271/297    43/33   61/297 -113/297]
[   -5/11   -5/297  277/297    13/33  109/297    23/27    61/33  997/297 1003/297    21/11  283/297  151/297    19/33  343/297   73/297]
[   -5/33    -1/27  175/297    19/11 1003/297 1051/297    73/33  415/297  325/297    43/33    7/297 -221/297        0        0        0]
Testing obstruction for
m1: 4, m2: 22,a: 1
[      -1 -283/297 -241/297   -19/33  -73/297   53/297    23/33  389/297  599/297    31/11 1103/297   127/27   125/33  881/297  665/297]
[   53/33  317/297  185/297     3/11    5/297  -43/297    -7/33    -5/27  -19/297     5/33  137/297  257/297    15/11  581/297  785/297]
[  113/33 1277/297 1565/297     13/3 1037/297  815/297    23/11  455/297  317/297    23/33  125/297   71/297     5/33   47/297     7/27]
[    5/11  221/297  335/297    53/33  647/297  845/297   119/33 1325/297 1607/297    49/11    97/27  839/297    71/33  467/297  323/297]
[   23/33  119/297   59/297     1/11   23/297   47/297      1/3  179/297  287/297    47/33  587/297  779/297    37/11 1247/297 1523/297]
[  137/33  971/297    67/27    59/33  353/297  203/297     3/11  -13/297  -79/297   -13/33 -127/297 -109/297    -7/33     1/27  113/297]
[    9/11  401/297  587/297    89/33 1043/297 1313/297   179/33 1343/297 1103/297        3  707/297  551/297    47/33  323/297  251/297]
[   23/33  191/297  203/297     9/11  311/297    37/27    59/33  683/297  863/297   119/33 1307/297 1571/297    47/11  995/297  749/297]
[   59/33    31/27  179/297     5/33  -61/297 -139/297    -7/11 -211/297 -205/297   -19/33 -109/297  -19/297      1/3  245/297  419/297]
[   23/11  851/297 1109/297   155/33 1115/297  863/297    71/33  443/297    25/27     5/11   23/297  -61/297   -13/33 -145/297 -145/297]
[  -13/33  -61/297   23/297     5/11    25/27  443/297    71/33  863/297 1115/297   155/33 1109/297  851/297    23/11  419/297  245/297]
[     1/3  -19/297 -109/297   -19/33 -205/297 -211/297    -7/11 -139/297  -61/297     5/33  179/297    31/27    59/33  749/297  995/297]
[   47/11 1571/297 1307/297   119/33  863/297  683/297    59/33    37/27  311/297     9/11  203/297  191/297    23/33  251/297  323/297]
[   47/33  551/297  707/297        3 1103/297 1343/297   179/33 1313/297 1043/297    89/33  587/297  401/297     9/11  113/297     1/27]
[   -7/33 -109/297 -127/297   -13/33  -79/297  -13/297     3/11  203/297  353/297    59/33    67/27  971/297   137/33 1523/297 1247/297]
[   37/11  779/297  587/297    47/33  287/297  179/297      1/3   47/297   23/297     1/11   59/297  119/297    23/33  323/297  467/297]
[   71/33  839/297    97/27    49/11 1607/297 1325/297   119/33  845/297  647/297    53/33  335/297  221/297     5/11     7/27   47/297]
[    5/33   71/297  125/297    23/33  317/297  455/297    23/11  815/297 1037/297     13/3 1565/297 1277/297   113/33  785/297  581/297]
[   15/11  257/297  137/297     5/33  -19/297    -5/27    -7/33  -43/297    5/297     3/11  185/297  317/297    53/33  665/297  881/297]
[  125/33   127/27 1103/297    31/11  599/297  389/297    23/33   53/297  -73/297   -19/33 -241/297 -283/297        0        0        0]
Unobstructed
20
---------------------------
---------------------------
13a4101
Correction terms
[      -1  -47/205   17/205  -13/205 -137/205    11/41  153/205 -253/205   67/205  293/205     3/41   53/205   -3/205 -153/205   13/205]
[   17/41   63/205  -53/205  147/205 -157/205   -29/41  183/205    7/205  147/205 -217/205    29/41    3/205 -233/205  257/205  243/205]
[   27/41  -67/205   47/205   67/205   -7/205    47/41  -27/205   27/205  -13/205 -147/205     7/41      3/5  117/205   17/205 -177/205]
[  -11/41  -27/205  -93/205  157/205  313/205    -7/41  -67/205  217/205   -3/205   93/205    19/41    3/205 -183/205  -53/205  -17/205]
[  -15/41  183/205  -63/205    7/205  -17/205   -27/41   63/205  167/205  177/205   93/205   -17/41   53/205   97/205   47/205  -97/205]
[   15/41  153/205 -273/205   27/205  233/205   -13/41  -47/205     -3/5  117/205 -147/205   -19/41  273/205  137/205  -93/205   -7/205]
[   -3/41 -117/205   97/205  217/205 -167/205    35/41   13/205 -243/205  227/205  193/205    13/41 -157/205  -63/205  -63/205 -157/205]
[   13/41  193/205  227/205 -243/205   13/205    35/41 -167/205  217/205   97/205 -117/205    -3/41   -7/205  -93/205  137/205  273/205]
[  -19/41 -147/205  117/205     -3/5  -47/205   -13/41  233/205   27/205 -273/205  153/205    15/41  -97/205   47/205   97/205   53/205]
[  -17/41   93/205  177/205  167/205   63/205   -27/41  -17/205    7/205  -63/205  183/205   -15/41  -17/205  -53/205 -183/205    3/205]
[   19/41   93/205   -3/205  217/205  -67/205    -7/41  313/205  157/205  -93/205  -27/205   -11/41 -177/205   17/205  117/205      3/5]
[    7/41 -147/205  -13/205   27/205  -27/205    47/41   -7/205   67/205   47/205  -67/205    27/41  243/205  257/205 -233/205    3/205]
[   29/41 -217/205  147/205    7/205  183/205   -29/41 -157/205  147/205  -53/205   63/205    17/41   13/205 -153/205   -3/205   53/205]
[    3/41  293/205   67/205 -253/205  153/205    11/41 -137/205  -13/205   17/205  -47/205        0        0        0        0        0]
Testing obstruction for
m1: 6, m2: 10,a: 1
[      -1 -183/205 -117/205   -7/205  147/205    69/41  177/205   53/205  -27/205  -63/205   -11/41   -3/205   93/205  233/205  417/205]
[   47/41   97/205    3/205  -47/205  -53/205    -3/41   67/205  193/205  363/205  577/205    85/41  317/205  253/205  233/205  257/205]
[   65/41  437/205  593/205  383/205  217/205    19/41   17/205  -17/205   -7/205   47/205    29/41      7/5  473/205  293/205  157/205]
[   13/41   17/205   13/205   53/205  137/205    53/41  437/205  243/205   93/205  -13/205   -15/41  -93/205  -67/205    3/205  117/205]
[   55/41  477/205  313/205  193/205  117/205    17/41   97/205  153/205  253/205  397/205   117/41  407/205  273/205  183/205  137/205]
[   27/41  177/205  263/205  393/205  567/205    75/41  227/205      3/5   63/205   47/205    15/41  147/205  263/205  423/205  217/205]
[   11/41  -63/205 -137/205 -167/205 -153/205   -19/41    7/205  153/205  343/205  167/205     7/41  -53/205  -97/205  -97/205  -53/205]
[    7/41  167/205  343/205  153/205    7/205   -19/41 -153/205 -167/205 -137/205  -63/205    11/41  217/205  423/205  263/205  147/205]
[   15/41   47/205   63/205      3/5  227/205    75/41  567/205  393/205  263/205  177/205    27/41  137/205  183/205  273/205  407/205]
[  117/41  397/205  253/205  153/205   97/205    17/41  117/205  193/205  313/205  477/205    55/41  117/205    3/205  -67/205  -93/205]
[  -15/41  -13/205   93/205  243/205  437/205    53/41  137/205   53/205   13/205   17/205    13/41  157/205  293/205  473/205      7/5]
[   29/41   47/205   -7/205  -17/205   17/205    19/41  217/205  383/205  593/205  437/205    65/41  257/205  233/205  253/205  317/205]
[   85/41  577/205  363/205  193/205   67/205    -3/41  -53/205  -47/205    3/205   97/205    47/41  417/205  233/205   93/205   -3/205]
[  -11/41  -63/205  -27/205   53/205  177/205    69/41  147/205   -7/205 -117/205 -183/205        0        0        0        0        0]
[-183/205, -117/205, -7/205, 147/205, 69/41, 177/205, 53/205, -27/205, -63/205, -11/41, -3/205, 93/205, 233/205, 417/205, 47/41, 97/205, 3/205, -47/205, -53/205, -3/41, 67/205, 193/205, 363/205, 577/205, 85/41, 317/205, 253/205, 233/205, 257/205, 65/41, 437/205, 593/205, 383/205, 217/205, 19/41, 17/205, -17/205, -7/205, 47/205, 29/41, 7/5, 473/205, 293/205, 157/205, 13/41, 17/205, 13/205, 53/205, 137/205, 53/41, 437/205, 243/205, 93/205, -13/205, -15/41, -93/205, -67/205, 3/205, 117/205, 55/41, 477/205, 313/205, 193/205, 117/205, 17/41, 97/205, 153/205, 253/205, 397/205, 117/41, 407/205, 273/205, 183/205, 137/205, 27/41, 177/205, 263/205, 393/205, 567/205, 75/41, 227/205, 3/5, 63/205, 47/205, 15/41, 147/205, 263/205, 423/205, 217/205, 11/41, -63/205, -137/205]
57 [-183/205, -117/205, -7/205, 147/205, -13/41, 177/205, 53/205, -27/205, -63/205, -11/41, -3/205, 93/205, 233/205, 7/205, 47/41, 97/205, 3/205, -47/205, -53/205, -3/41, 67/205, -217/205, -47/205, 167/205, 3/41, -93/205, -157/205, -177/205, -153/205, -17/41, 27/205, 183/205, -27/205, 217/205, 19/41, 17/205, -17/205, -7/205, 47/205, 29/41, -3/5, 63/205, 293/205, 157/205, 13/41, 17/205, 13/205, 53/205, -273/205, -29/41, 27/205, -167/205, 93/205, -13/205, -15/41, -93/205, -67/205, 3/205, 117/205, -27/41, 67/205, 313/205, 193/205, 117/205, 17/41, 97/205, 153/205, -157/205, -13/205, 35/41, -3/205, -137/205, 183/205, 137/205, 27/41, -233/205, -147/205, -17/205, -253/205, -7/41, 227/205, 3/5, 63/205, 47/205, 15/41, 147/205, -147/205, 13/205, 217/205, 11/41, -63/205, 273/205]
Testing obstruction for
m1: 12, m2: 12,a: 9
[      -1 -159/205  -21/205  209/205  121/205    25/41  221/205  409/205  279/205  241/205    59/41  441/205  269/205  189/205  201/205]
[   61/41   91/205  -31/205  -61/205    1/205    31/41   -9/205  -81/205  -61/205   51/205    51/41  141/205  119/205  189/205  351/205]
[  121/41  541/205  569/205  279/205   81/205    -5/41  -39/205   39/205  209/205   61/205     1/41      1/5  169/205  -21/205 -119/205]
[  -25/41  -39/205  139/205  409/205  361/205    81/41  541/205  359/205  269/205  271/205    73/41  141/205    9/205  -31/205   21/205]
[   33/41   -9/205  -91/205  -81/205   21/205    43/41   91/205   59/205  119/205  271/205   103/41  441/205  459/205  569/205  361/205]
[   49/41  221/205  289/205   39/205 -119/205   -37/41 -159/205     -1/5  169/205   61/205     9/41  121/205  289/205  139/205   81/205]
[   23/41  241/205  459/205  359/205  351/205    87/41  201/205   59/205    9/205   51/205    37/41    1/205  -91/205  -91/205    1/205]
[   37/41   51/205    9/205   59/205  201/205    87/41  351/205  359/205  459/205  241/205    23/41   81/205  139/205  289/205  121/205]
[    9/41   61/205  169/205     -1/5 -159/205   -37/41 -119/205   39/205  289/205  221/205    49/41  361/205  569/205  459/205  441/205]
[  103/41  271/205  119/205   59/205   91/205    43/41   21/205  -81/205  -91/205   -9/205    33/41   21/205  -31/205    9/205  141/205]
[   73/41  271/205  269/205  359/205  541/205    81/41  361/205  409/205  139/205  -39/205   -25/41 -119/205  -21/205  169/205      1/5]
[    1/41   61/205  209/205   39/205  -39/205    -5/41   81/205  279/205  569/205  541/205   121/41  351/205  189/205  119/205  141/205]
[   51/41   51/205  -61/205  -81/205   -9/205    31/41    1/205  -61/205  -31/205   91/205    61/41  201/205  189/205  269/205  441/205]
[   59/41  241/205  279/205  409/205  221/205    25/41  121/205  209/205  -21/205 -159/205        0        0        0        0        0]
Testing obstruction for
m1: 52, m2: 52,a: 51
[      -1 -201/205 -189/205 -169/205 -141/205   -21/41  -61/205   -9/205   51/205  119/205    39/41  279/205  371/205  471/205  579/205]
[  139/41  819/205  951/205 1091/205 1239/205   279/41 1559/205 1731/205 1911/205 2099/205   459/41 2499/205 2301/205 2111/205 1929/205]
[  351/41 1589/205 1431/205 1281/205 1139/205   201/41  879/205  761/205  651/205  549/205    91/41      9/5  291/205  221/205  159/205]
[   21/41   59/205   21/205   -9/205  -31/205    -9/41  -51/205  -49/205  -39/205  -21/205     1/41   39/205   81/205  131/205  189/205]
[   51/41  329/205  411/205  501/205  599/205   141/41  819/205  941/205 1071/205 1209/205   271/41 1509/205 1671/205 1841/205 2019/205]
[  441/41 2399/205 2601/205 2401/205 2209/205   405/41 1849/205     41/5 1521/205 1369/205   245/41 1089/205  961/205  841/205  729/205]
[  125/41  529/205  441/205  361/205  289/205    45/41  169/205  121/205   81/205   49/205     5/41    9/205    1/205    1/205    9/205]
[    5/41   49/205   81/205  121/205  169/205    45/41  289/205  361/205  441/205  529/205   125/41  729/205  841/205  961/205 1089/205]
[  245/41 1369/205 1521/205     41/5 1849/205   405/41 2209/205 2401/205 2601/205 2399/205   441/41 2019/205 1841/205 1671/205 1509/205]
[  271/41 1209/205 1071/205  941/205  819/205   141/41  599/205  501/205  411/205  329/205    51/41  189/205  131/205   81/205   39/205]
[    1/41  -21/205  -39/205  -49/205  -51/205    -9/41  -31/205   -9/205   21/205   59/205    21/41  159/205  221/205  291/205      9/5]
[   91/41  549/205  651/205  761/205  879/205   201/41 1139/205 1281/205 1431/205 1589/205   351/41 1929/205 2111/205 2301/205 2499/205]
[  459/41 2099/205 1911/205 1731/205 1559/205   279/41 1239/205 1091/205  951/205  819/205   139/41  579/205  471/205  371/205  279/205]
[   39/41  119/205   51/205   -9/205  -61/205   -21/41 -141/205 -169/205 -189/205 -201/205        0        0        0        0        0]
---------------------------
SUCCESS for name = 13a4101
---------------------------
