12a880
Correction terms
[      -1   15/161 -101/161  135/161   79/161   53/161   57/161    13/23  155/161  -73/161   51/161 -117/161   67/161  -41/161    29/23]
[ 155/161  137/161  149/161  191/161  263/161   43/161    25/23   15/161      9/7  107/161   37/161   -3/161  -13/161     1/23   57/161]
[ 137/161  -75/161   65/161  -87/161  113/161     3/23  -41/161  -73/161  -75/161  -47/161   11/161   99/161   -15/23   43/161 -101/161]
[ 107/161      1/7  -31/161  -55/161    -7/23  -13/161   53/161  149/161  -47/161  109/161  -27/161    27/23  113/161   67/161   51/161]
[  65/161  109/161  183/161    41/23   99/161  263/161  135/161   37/161  -31/161     -3/7   -11/23  -55/161   -3/161   79/161  191/161]
[  11/161  183/161     9/23  -27/161  -87/161 -117/161 -117/161  -87/161  -27/161     9/23  183/161   11/161  191/161   79/161   -3/161]
[ -55/161   -11/23     -3/7  -31/161   37/161  135/161  263/161   99/161    41/23  183/161  109/161   65/161   51/161   67/161  113/161]
[   27/23  -27/161  109/161  -47/161  149/161   53/161  -13/161    -7/23  -55/161  -31/161      1/7  107/161 -101/161   43/161   -15/23]
[  99/161   11/161  -47/161  -75/161  -73/161  -41/161     3/23  113/161  -87/161   65/161  -75/161  137/161   57/161     1/23  -13/161]
[  -3/161   37/161  107/161      9/7   15/161    25/23   43/161  263/161  191/161  149/161  137/161  155/161    29/23  -41/161   67/161]
[-117/161   51/161  -73/161  155/161    13/23   57/161   53/161   79/161  135/161 -101/161   15/161        0        0        0        0]
Testing obstruction for
m1: 4, m2: 12,a: 0
[      -1 -101/161   79/161   57/161  155/161  373/161  389/161    29/23  137/161  191/161   43/161   15/161  107/161   -3/161     1/23]
[ 137/161  387/161  435/161  281/161  247/161   11/161   -15/23 -101/161      1/7  -55/161  -13/161  149/161  109/161    27/23  389/161]
[ 387/161  183/161   99/161  135/161  -31/161   -11/23   -3/161  191/161  183/161  295/161  527/161  235/161     9/23   11/161   79/161]
[ -55/161     -3/7   37/161  -59/161    -5/23  109/161  373/161  435/161  295/161  275/161   53/161    -7/23  -31/161  107/161   43/161]
[  99/161  275/161  249/161    49/23  235/161  247/161   57/161  -13/161   37/161     -5/7   -21/23  -59/161  149/161  155/161  281/161]
[ 527/161  249/161    13/23   53/161  135/161   15/161   15/161  135/161   53/161    13/23  249/161  527/161  281/161  155/161  149/161]
[ -59/161   -21/23     -5/7   37/161  -13/161   57/161  247/161  235/161    49/23  249/161  275/161   99/161   43/161  107/161  -31/161]
[   -7/23   53/161  275/161  295/161  435/161  373/161  109/161    -5/23  -59/161   37/161     -3/7  -55/161   79/161   11/161     9/23]
[ 235/161  527/161  295/161  183/161  191/161   -3/161   -11/23  -31/161  135/161   99/161  183/161  387/161  389/161    27/23  109/161]
[ 149/161  -13/161  -55/161      1/7 -101/161   -15/23   11/161  247/161  281/161  435/161  387/161  137/161     1/23   -3/161  107/161]
[  15/161   43/161  191/161  137/161    29/23  389/161  373/161  155/161   57/161   79/161 -101/161        0        0        0        0]
[-101/161, 79/161, 57/161, 155/161, 373/161, 389/161, 29/23, 137/161, 191/161, 43/161, 15/161, 107/161, -3/161, 1/23, 137/161, 387/161, 435/161, 281/161, 247/161, 11/161, -15/23, -101/161, 1/7, -55/161, -13/161, 149/161, 109/161, 27/23, 389/161, 387/161, 183/161, 99/161, 135/161, -31/161, -11/23, -3/161, 191/161, 183/161, 295/161, 527/161, 235/161, 9/23, 11/161, 79/161, -55/161, -3/7, 37/161, -59/161]
2 [-101/161, 79/161, 57/161, 155/161, 51/161, 67/161, 29/23, 137/161, 191/161, 43/161, 15/161, 107/161, -3/161, 1/23, 137/161, 65/161, 113/161, -41/161, -75/161, 11/161, -15/23, -101/161, 1/7, -55/161, -13/161, 149/161, 109/161, 27/23, 67/161, 65/161, 183/161, 99/161, 135/161, -31/161, -11/23, -3/161, 191/161, 183/161, -27/161, -117/161, -87/161, 9/23, 11/161, 79/161, -55/161, -3/7, 37/161, 263/161]
[-101/161, 79/161, 57/161, 155/161, 373/161, 389/161, 29/23, 137/161, 191/161, 43/161, 15/161, 107/161, -3/161, 1/23, 137/161, 387/161, 435/161, 281/161, 247/161, 11/161, -15/23, -101/161, 1/7, -55/161, -13/161, 149/161, 109/161, 27/23, 389/161, 387/161, 183/161, 99/161, 135/161, -31/161, -11/23, -3/161, 191/161, 183/161, 295/161, 527/161, 235/161, 9/23, 11/161, 79/161, -55/161, -3/7, 37/161, -59/161]
44 [-101/161, 79/161, 57/161, 155/161, 51/161, 67/161, 29/23, 137/161, 191/161, 43/161, 15/161, 107/161, -3/161, 1/23, 137/161, 65/161, 113/161, -41/161, -75/161, 11/161, -15/23, -101/161, 1/7, -55/161, -13/161, 149/161, 109/161, 27/23, 67/161, 65/161, 183/161, 99/161, 135/161, -31/161, -11/23, -3/161, 191/161, 183/161, -27/161, -117/161, -87/161, 9/23, 11/161, 79/161, -55/161, -3/7, 37/161, 263/161]
Testing obstruction for
m1: 2, m2: 28,a: 1
[      -1 -155/161 -137/161 -107/161  -65/161  -11/161   55/161    19/23  223/161  325/161  439/161  565/161  703/161  853/161   145/23]
[ 867/161  731/161  607/161  495/161  395/161  307/161    33/23  167/161      5/7   75/161   47/161   31/161   27/161     5/23   55/161]
[  87/161  131/161  187/161  255/161  335/161    61/23  531/161  647/161  775/161  915/161 1067/161  909/161   109/23  629/161  507/161]
[ 397/161     13/7  213/161  139/161    11/23   27/161  -11/161  -37/161  -51/161  -53/161  -43/161    -3/23   13/161   59/161  117/161]
[ 187/161  269/161  363/161    67/23  587/161  717/161  859/161 1013/161  857/161     31/7    83/23  461/161  353/161  257/161  173/161]
[ 101/161   41/161    -1/23  -43/161  -67/161  -79/161  -79/161  -67/161  -43/161    -1/23   41/161  101/161  173/161  257/161  353/161]
[ 461/161    83/23     31/7  857/161 1013/161  859/161  717/161  587/161    67/23  363/161  269/161  187/161  117/161   59/161   13/161]
[   -3/23  -43/161  -53/161  -51/161  -37/161  -11/161   27/161    11/23  139/161  213/161     13/7  397/161  507/161  629/161   109/23]
[ 909/161 1067/161  915/161  775/161  647/161  531/161    61/23  335/161  255/161  187/161  131/161   87/161   55/161     5/23   27/161]
[  31/161   47/161   75/161      5/7  167/161    33/23  307/161  395/161  495/161  607/161  731/161  867/161   145/23  853/161  703/161]
[ 565/161  439/161  325/161  223/161    19/23   55/161  -11/161  -65/161 -107/161 -137/161 -155/161        0        0        0        0]
Testing obstruction for
m1: 6, m2: 8,a: 1
[      -1 -139/161  -73/161   37/161  191/161   67/161  -13/161    -7/23  -41/161   11/161  107/161  247/161  109/161   15/161    -5/23]
[ -41/161   -3/161   79/161  205/161  375/161  267/161    29/23  183/161      9/7  275/161  387/161  221/161   99/161     3/23  -13/161]
[  -3/161   51/161  149/161  291/161  155/161     9/23   15/161   11/161   51/161  135/161  263/161  113/161     1/23  -55/161  -73/161]
[ -47/161      1/7  137/161  295/161    25/23   99/161   67/161   79/161  135/161  235/161  379/161    35/23  155/161  109/161  107/161]
[ 149/161  235/161  365/161    31/23  113/161   53/161   37/161   65/161  137/161     11/7    13/23  -27/161 -101/161 -131/161 -117/161]
[ -59/161   43/161    27/23   57/161  -31/161  -75/161  -75/161  -31/161   57/161    27/23   43/161  -59/161 -117/161 -131/161 -101/161]
[ -27/161    13/23     11/7  137/161   65/161   37/161   53/161  113/161    31/23  365/161  235/161  149/161  107/161  109/161  155/161]
[   35/23  379/161  235/161  135/161   79/161   67/161   99/161    25/23  295/161  137/161      1/7  -47/161  -73/161  -55/161     1/23]
[ 113/161  263/161  135/161   51/161   11/161   15/161     9/23  155/161  291/161  149/161   51/161   -3/161  -13/161     3/23   99/161]
[ 221/161  387/161  275/161      9/7  183/161    29/23  267/161  375/161  205/161   79/161   -3/161  -41/161    -5/23   15/161  109/161]
[ 247/161  107/161   11/161  -41/161    -7/23  -13/161   67/161  191/161   37/161  -73/161 -139/161        0        0        0        0]
Testing obstruction for
m1: 8, m2: 8,a: 4
[      -1 -131/161  -41/161  109/161  319/161  267/161  275/161    49/23  149/161   15/161  -59/161  -73/161  -27/161   79/161    35/23]
[ 149/161  113/161  137/161  221/161   43/161  -75/161   -19/23 -131/161     -3/7   53/161  235/161  155/161  135/161    25/23  275/161]
[ 113/161   11/161  -31/161  -13/161   65/161    29/23   79/161   15/161   11/161   67/161  183/161   37/161    -7/23  -75/161  -41/161]
[  53/161      9/7   99/161   51/161     9/23  135/161  267/161  137/161   67/161   57/161  107/161    31/23   65/161  -27/161  -59/161]
[ -31/161   57/161  205/161    13/23   37/161   43/161  109/161  235/161   99/161      1/7     1/23   51/161  155/161  319/161  221/161]
[ 183/161  205/161    41/23  107/161  -13/161  -73/161  -73/161  -13/161  107/161    41/23  205/161  183/161  221/161  319/161  155/161]
[  51/161     1/23      1/7   99/161  235/161  109/161   43/161   37/161    13/23  205/161   57/161  -31/161  -59/161  -27/161   65/161]
[   31/23  107/161   57/161   67/161  137/161  267/161  135/161     9/23   51/161   99/161      9/7   53/161  -41/161  -75/161    -7/23]
[  37/161  183/161   67/161   11/161   15/161   79/161    29/23   65/161  -13/161  -31/161   11/161  113/161  275/161    25/23  135/161]
[ 155/161  235/161   53/161     -3/7 -131/161   -19/23  -75/161   43/161  221/161  137/161  113/161  149/161    35/23   79/161  -27/161]
[ -73/161  -59/161   15/161  149/161    49/23  275/161  267/161  319/161  109/161  -41/161 -131/161        0        0        0        0]
Testing obstruction for
m1: 14, m2: 16,a: 13
[      -1 -149/161 -113/161  -53/161   31/161  139/161  271/161    61/23  285/161  167/161   73/161    3/161  -43/161  -65/161    -9/23]
[ -37/161   13/161   87/161  185/161  307/161  453/161    43/23  173/161      3/7  -11/161  -67/161  -99/161 -107/161   -13/23  -51/161]
[  13/161  101/161  213/161  349/161  509/161    53/23  257/161  167/161  101/161   59/161   41/161   47/161    11/23  131/161  209/161]
[ 311/161     19/7  587/161  439/161    45/23  215/161  139/161   87/161   59/161   55/161   75/161    17/23  187/161  279/161  395/161]
[ 535/161  377/161  243/161    19/23   47/161  -15/161  -53/161  -67/161  -57/161     -1/7     5/23  117/161  223/161  353/161  507/161]
[ 363/161  243/161    21/23   75/161   27/161    3/161    3/161   27/161   75/161    21/23  243/161  363/161  507/161  353/161  223/161]
[ 117/161     5/23     -1/7  -57/161  -67/161  -53/161  -15/161   47/161    19/23  243/161  377/161  535/161  395/161  279/161  187/161]
[   17/23   75/161   55/161   59/161   87/161  139/161  215/161    45/23  439/161  587/161     19/7  311/161  209/161  131/161    11/23]
[  47/161   41/161   59/161  101/161  167/161  257/161    53/23  509/161  349/161  213/161  101/161   13/161  -51/161   -13/23 -107/161]
[ -99/161  -67/161  -11/161      3/7  173/161    43/23  453/161  307/161  185/161   87/161   13/161  -37/161    -9/23  -65/161  -43/161]
[   3/161   73/161  167/161  285/161    61/23  271/161  139/161   31/161  -53/161 -113/161 -149/161        0        0        0        0]
---------------------------
SUCCESS for name = 12a880
---------------------------
12a881
Correction terms
[     -1    7/89  -61/89   63/89 -155/89   -3/89  -15/89  -13/89    3/89   33/89 -101/89  -43/89   29/89  -63/89   37/89]
[ -27/89  -77/89 -113/89   43/89 -143/89   41/89 -117/89  -83/89  -35/89   27/89  -75/89   15/89  -59/89 -119/89   13/89]
[ -19/89  -37/89  -41/89  -31/89 -185/89   31/89  -95/89  -29/89 -127/89  -33/89 -103/89   19/89  -23/89  -51/89  -65/89]
[ -65/89  -51/89  -23/89   19/89 -103/89  -33/89 -127/89  -29/89  -95/89   31/89 -185/89  -31/89  -41/89  -37/89  -19/89]
[  13/89 -119/89  -59/89   15/89  -75/89   27/89  -35/89  -83/89 -117/89   41/89 -143/89   43/89 -113/89  -77/89  -27/89]
[  37/89  -63/89   29/89  -43/89 -101/89   33/89    3/89  -13/89  -15/89   -3/89 -155/89   63/89  -61/89    7/89       0]
Testing obstruction for
m1: 2, m2: 16,a: 1
[    -1 -83/89 -65/89 -35/89   7/89  61/89 127/89 205/89 295/89 219/89 155/89 103/89  63/89  35/89  19/89]
[ 15/89  23/89  43/89  75/89 119/89 175/89 243/89 323/89 237/89 163/89 101/89  51/89  13/89 -13/89 -27/89]
[-29/89 -19/89   3/89  37/89  83/89 141/89 211/89 293/89 209/89 137/89  77/89  29/89  -7/89 -31/89 -43/89]
[-43/89 -31/89  -7/89  29/89  77/89 137/89 209/89 293/89 211/89 141/89  83/89  37/89   3/89 -19/89 -29/89]
[-27/89 -13/89  13/89  51/89 101/89 163/89 237/89 323/89 243/89 175/89 119/89  75/89  43/89  23/89  15/89]
[ 19/89  35/89  63/89 103/89 155/89 219/89 295/89 205/89 127/89  61/89   7/89 -35/89 -65/89 -83/89      0]
Unobstructed
22
---------------------------
---------------------------
12a938
Correction terms
[      -1    3/133 -121/133   27/133  -85/133   75/133  -25/133   -17/19   59/133  -23/133  -99/133   97/133   33/133  -25/133    27/19]
[-123/133  103/133   69/133   41/133      1/7    3/133    -1/19  -11/133   -9/133   -1/133   13/133   33/133   59/133   -25/19  129/133]
[ -93/133  -43/133   13/133   75/133 -123/133    -7/19   31/133 -149/133     -3/7   41/133 -121/133  -11/133    15/19  -39/133   89/133]
[ -43/133   97/133  -23/133  129/133     3/19  -81/133   89/133   -1/133  -85/133  103/133   31/133    -5/19      9/7 -149/133   69/133]
[  27/133   -9/133  -39/133    -9/19  -81/133  -93/133  -99/133  -99/133  -93/133  -81/133    -9/19  -39/133   -9/133   27/133   69/133]
[-149/133      9/7    -5/19   31/133  103/133  -85/133   -1/133   89/133  -81/133     3/19  129/133  -23/133   97/133  -43/133   89/133]
[ -39/133    15/19  -11/133 -121/133   41/133     -3/7 -149/133   31/133    -7/19 -123/133   75/133   13/133  -43/133  -93/133  129/133]
[  -25/19   59/133   33/133   13/133   -1/133   -9/133  -11/133    -1/19    3/133      1/7   41/133   69/133  103/133 -123/133    27/19]
[ -25/133   33/133   97/133  -99/133  -23/133   59/133   -17/19  -25/133   75/133  -85/133   27/133 -121/133    3/133        0        0]
Testing obstruction for
m1: 4, m2: 10,a: 0
[     -1 -81/133  75/133  69/133 167/133 369/133 143/133    3/19   3/133  89/133  13/133  41/133 173/133 143/133   31/19]
[129/133 145/133  -1/133 -43/133     1/7 -81/133  -11/19  31/133 243/133 293/133 181/133 173/133   3/133   -9/19 -25/133]
[117/133  97/133 181/133 369/133 129/133   -1/19 -39/133  33/133    -3/7 -43/133  75/133  31/133   13/19 255/133 257/133]
[ 97/133  41/133  89/133 -25/133   -5/19  59/133 257/133 293/133 167/133 145/133 -39/133  -17/19    -5/7  33/133  -1/133]
[ 69/133 243/133 255/133   15/19  59/133 117/133  13/133  13/133 117/133  59/133   15/19 255/133 243/133  69/133  -1/133]
[ 33/133    -5/7  -17/19 -39/133 145/133 167/133 293/133 257/133  59/133   -5/19 -25/133  89/133  41/133  97/133 257/133]
[255/133   13/19  31/133  75/133 -43/133    -3/7  33/133 -39/133   -1/19 129/133 369/133 181/133  97/133 117/133 -25/133]
[  -9/19   3/133 173/133 181/133 293/133 243/133  31/133  -11/19 -81/133     1/7 -43/133  -1/133 145/133 129/133   31/19]
[143/133 173/133  41/133  13/133  89/133   3/133    3/19 143/133 369/133 167/133  69/133  75/133 -81/133       0       0]
[-81/133, 75/133, 69/133, 167/133, 369/133, 143/133, 3/19, 3/133, 89/133, 13/133, 41/133, 173/133, 143/133, 31/19, 129/133, 145/133, -1/133, -43/133, 1/7, -81/133, -11/19]
50 [-81/133, 75/133, 69/133, -99/133, 103/133, -123/133, 3/19, 3/133, 89/133, 13/133, 41/133, -93/133, -123/133, -7/19, 129/133, -121/133, -1/133, -43/133, 1/7, -81/133, 27/19]
[-81/133, 75/133, 69/133, 167/133, 369/133, 143/133, 3/19, 3/133, 89/133, 13/133, 41/133, 173/133, 143/133, 31/19, 129/133, 145/133, -1/133, -43/133, 1/7, -81/133, -11/19]
64 [-81/133, 75/133, 69/133, -99/133, 103/133, -123/133, 3/19, 3/133, 89/133, 13/133, 41/133, -93/133, -123/133, -7/19, 129/133, -121/133, -1/133, -43/133, 1/7, -81/133, 27/19]
Testing obstruction for
m1: 34, m2: 34,a: 33
[      -1 -129/133 -117/133  -97/133  -69/133  -33/133   11/133     9/19  123/133  191/133  267/133  351/133  443/133  543/133    93/19]
[ 767/133  891/133 1023/133  897/133     41/7  669/133    81/19  473/133  387/133  309/133  239/133  177/133  123/133    11/19   39/133]
[   9/133  -13/133  -27/133  -33/133  -31/133    -3/19   -3/133   23/133      3/7   99/133  149/133  207/133    39/19  347/133  429/133]
[ 519/133  617/133  723/133  837/133   137/19 1089/133  961/133  841/133  729/133  625/133  529/133    63/19     19/7  289/133  225/133]
[ 169/133  121/133   81/133     7/19   25/133    9/133    1/133    1/133    9/133   25/133     7/19   81/133  121/133  169/133  225/133]
[ 289/133     19/7    63/19  529/133  625/133  729/133  841/133  961/133 1089/133   137/19  837/133  723/133  617/133  519/133  429/133]
[ 347/133    39/19  207/133  149/133   99/133      3/7   23/133   -3/133    -3/19  -31/133  -33/133  -27/133  -13/133    9/133   39/133]
[   11/19  123/133  177/133  239/133  309/133  387/133  473/133    81/19  669/133     41/7  897/133 1023/133  891/133  767/133    93/19]
[ 543/133  443/133  351/133  267/133  191/133  123/133     9/19   11/133  -33/133  -69/133  -97/133 -117/133 -129/133        0        0]
---------------------------
SUCCESS for name = 12a938
---------------------------
12a947
Correction terms
[      -1   99/157  -75/157  -51/157 -143/157  -37/157  -47/157  141/157 -101/157 -145/157    9/157   47/157  -31/157   89/157   93/157]
[ -19/157   67/157   37/157 -109/157  -57/157  193/157   13/157   31/157  -67/157   33/157   17/157  199/157  -49/157  -99/157   49/157]
[  81/157   -3/157  111/157 -205/157   -9/157   71/157   35/157 -117/157  -71/157 -141/157  -13/157   -1/157 -105/157  -11/157  -33/157]
[-171/157 -111/157  147/157  -25/157    1/157  -89/157   19/157   11/157  201/157  -39/157  -81/157   75/157  115/157   39/157  161/157]
[-147/157   57/157  145/157  117/157  -27/157   27/157  -35/157  101/157  121/157   25/157 -187/157  113/157  -17/157   51/157    3/157]
[-161/157 -127/157  105/157  -93/157  -93/157  105/157 -127/157 -161/157    3/157   51/157  -17/157  113/157 -187/157   25/157  121/157]
[ 101/157  -35/157   27/157  -27/157  117/157  145/157   57/157 -147/157  161/157   39/157  115/157   75/157  -81/157  -39/157  201/157]
[  11/157   19/157  -89/157    1/157  -25/157  147/157 -111/157 -171/157  -33/157  -11/157 -105/157   -1/157  -13/157 -141/157  -71/157]
[-117/157   35/157   71/157   -9/157 -205/157  111/157   -3/157   81/157   49/157  -99/157  -49/157  199/157   17/157   33/157  -67/157]
[  31/157   13/157  193/157  -57/157 -109/157   37/157   67/157  -19/157   93/157   89/157  -31/157   47/157    9/157 -145/157 -101/157]
[ 141/157  -47/157  -37/157 -143/157  -51/157  -75/157   99/157        0        0        0        0        0        0        0        0]
Testing obstruction for
m1: 4, m2: 12,a: 1
[      -1 -143/157 -101/157  -31/157   67/157  193/157  347/157  215/157  111/157   35/157  -13/157  -33/157  -25/157   11/157   75/157]
[ 167/157  287/157  435/157  297/157  187/157  105/157   51/157   25/157   27/157   57/157  115/157  201/157  315/157  457/157  313/157]
[ 197/157  109/157   49/157   17/157   13/157   37/157   89/157  169/157  277/157  413/157  263/157  141/157   47/157  -19/157  -57/157]
[ -67/157  -49/157   -3/157   71/157  173/157  303/157  461/157  333/157  233/157  161/157  117/157  101/157  113/157  153/157  221/157]
[ 317/157  441/157  279/157  145/157   39/157  -39/157  -89/157 -111/157 -105/157  -71/157   -9/157   81/157  199/157  345/157  205/157]
[  93/157    9/157  -47/157  -75/157  -75/157  -47/157    9/157   93/157  205/157  345/157  199/157   81/157   -9/157  -71/157 -105/157]
[-111/157  -89/157  -39/157   39/157  145/157  279/157  441/157  317/157  221/157  153/157  113/157  101/157  117/157  161/157  233/157]
[ 333/157  461/157  303/157  173/157   71/157   -3/157  -49/157  -67/157  -57/157  -19/157   47/157  141/157  263/157  413/157  277/157]
[ 169/157   89/157   37/157   13/157   17/157   49/157  109/157  197/157  313/157  457/157  315/157  201/157  115/157   57/157   27/157]
[  25/157   51/157  105/157  187/157  297/157  435/157  287/157  167/157   75/157   11/157  -25/157  -33/157  -13/157   35/157  111/157]
[ 215/157  347/157  193/157   67/157  -31/157 -101/157 -143/157        0        0        0        0        0        0        0        0]
Unobstructed
4
---------------------------
---------------------------
12a967
Correction terms
[      -1  -43/253   81/253  119/253   71/253  -63/253 -283/253  -83/253   31/253   59/253    1/253   -13/23  133/253 -183/253  -79/253]
[ -61/253 -129/253 -283/253  -17/253  163/253 -249/253 -241/253    17/23     1/11 -227/253  -57/253   27/253   25/253  -63/253  269/253]
[   9/253 -337/253 -263/253    21/23  133/253  -51/253  185/253 -171/253 -107/253 -129/253  269/253   75/253 -205/253  -65/253    -1/23]
[ -43/253    -7/11  141/253 -149/253  -19/253   25/253  -17/253 -145/253  147/253 -153/253    -3/23    1/253  -51/253 -189/253   93/253]
[ 289/253 -107/253  -83/253 -145/253  213/253  -21/253    15/23  265/253 -227/253   -13/11   49/253  311/253  -19/253   71/253   75/253]
[  -7/253 -175/253     7/23  243/253 -183/253 -189/253  225/253   47/253 -217/253  -61/253    9/253   -7/253 -109/253    19/23  -65/253]
[  81/253  141/253     5/11    3/253 -195/253   27/253  163/253  213/253  177/253     5/23 -153/253   59/253  185/253  225/253  179/253]
[  47/253 -171/253   31/253  147/253  177/253    11/23  -21/253  257/253  -57/253   49/253     3/11    3/253 -149/253  119/253  301/253]
[-109/253    -9/23 -175/253  169/253  -79/253   93/253  179/253  179/253   93/253  -79/253  169/253 -175/253    -9/23 -109/253  301/253]
[ 119/253 -149/253    3/253     3/11   49/253  -57/253  257/253  -21/253    11/23  177/253  147/253   31/253 -171/253   47/253  179/253]
[ 225/253  185/253   59/253 -153/253     5/23  177/253  213/253  163/253   27/253 -195/253    3/253     5/11  141/253   81/253  -65/253]
[   19/23 -109/253   -7/253    9/253  -61/253 -217/253   47/253  225/253 -189/253 -183/253  243/253     7/23 -175/253   -7/253   75/253]
[  71/253  -19/253  311/253   49/253   -13/11 -227/253  265/253    15/23  -21/253  213/253 -145/253  -83/253 -107/253  289/253   93/253]
[-189/253  -51/253    1/253    -3/23 -153/253  147/253 -145/253  -17/253   25/253  -19/253 -149/253  141/253    -7/11  -43/253    -1/23]
[ -65/253 -205/253   75/253  269/253 -129/253 -107/253 -171/253  185/253  -51/253  133/253    21/23 -263/253 -337/253    9/253  269/253]
[ -63/253   25/253   27/253  -57/253 -227/253     1/11    17/23 -241/253 -249/253  163/253  -17/253 -283/253 -129/253  -61/253  -79/253]
[-183/253  133/253   -13/23    1/253   59/253   31/253  -83/253 -283/253  -63/253   71/253  119/253   81/253  -43/253        0        0]
Testing obstruction for
m1: 6, m2: 12,a: 0
[      -1 -185/253   19/253  359/253  329/253  435/253  677/253  549/253  557/253  195/253  -31/253   -11/23  -75/253  107/253  425/253]
[ 373/253  457/253  677/253  527/253  513/253  129/253 -119/253   -21/23    -9/11  -47/253  249/253  175/253  237/253  435/253  769/253]
[ 733/253  327/253   57/253    -7/23  -75/253   63/253  337/253  241/253  281/253  457/253  769/253  711/253  283/253   -9/253   -15/23]
[-185/253    -3/11  183/253   65/253   83/253  237/253  527/253  953/253  503/253  189/253     1/23  -31/253   63/253  293/253  153/253]
[ 149/253  281/253  549/253  953/253  481/253  145/253    -5/23 -119/253  -47/253     7/11   -1/253  -27/253   83/253  329/253  711/253]
[ 723/253  365/253    13/23   57/253  107/253  293/253  109/253   61/253  149/253  373/253  733/253  723/253  343/253     9/23   -9/253]
[  19/253  183/253    -1/11  -93/253  -27/253  175/253  513/253  481/253  585/253    29/23  189/253  195/253  337/253  109/253   17/253]
[  61/253  241/253  557/253  503/253  585/253    27/23  145/253  129/253  249/253   -1/253    -5/11  -93/253   65/253  359/253  283/253]
[ 343/253    49/23  365/253  327/253  425/253  153/253   17/253   17/253  153/253  425/253  327/253  365/253    49/23  343/253  283/253]
[ 359/253   65/253  -93/253    -5/11   -1/253  249/253  129/253  145/253    27/23  585/253  503/253  557/253  241/253   61/253   17/253]
[ 109/253  337/253  195/253  189/253    29/23  585/253  481/253  513/253  175/253  -27/253  -93/253    -1/11  183/253   19/253   -9/253]
[    9/23  343/253  723/253  733/253  373/253  149/253   61/253  109/253  293/253  107/253   57/253    13/23  365/253  723/253  711/253]
[ 329/253   83/253  -27/253   -1/253     7/11  -47/253 -119/253    -5/23  145/253  481/253  953/253  549/253  281/253  149/253  153/253]
[ 293/253   63/253  -31/253     1/23  189/253  503/253  953/253  527/253  237/253   83/253   65/253  183/253    -3/11 -185/253   -15/23]
[  -9/253  283/253  711/253  769/253  457/253  281/253  241/253  337/253   63/253  -75/253    -7/23   57/253  327/253  733/253  769/253]
[ 435/253  237/253  175/253  249/253  -47/253    -9/11   -21/23 -119/253  129/253  513/253  527/253  677/253  457/253  373/253  425/253]
[ 107/253  -75/253   -11/23  -31/253  195/253  557/253  549/253  677/253  435/253  329/253  359/253   19/253 -185/253        0        0]
Testing obstruction for
m1: 64, m2: 64,a: 63
[      -1 -249/253 -237/253 -217/253 -189/253 -153/253 -109/253  -57/253    3/253   71/253  147/253    21/23  323/253  423/253  531/253]
[ 647/253  771/253  903/253 1043/253 1191/253 1347/253 1511/253   153/23    81/11 2051/253 2247/253 2451/253 2663/253 2883/253 3111/253]
[3347/253 3591/253 3843/253   327/23 3359/253 3129/253 2907/253 2693/253 2487/253 2289/253 2099/253 1917/253 1743/253 1577/253   129/23]
[1269/253    49/11  993/253  867/253  749/253  639/253  537/253  443/253  357/253  279/253    19/23  147/253   93/253   47/253    9/253]
[ -21/253  -43/253  -57/253  -63/253  -61/253  -51/253    -3/23   -7/253   27/253     3/11  119/253  177/253  243/253  317/253  399/253]
[ 489/253  587/253    63/23  807/253  929/253 1059/253 1197/253 1343/253 1497/253 1659/253 1829/253 2007/253 2193/253   217/23 2589/253]
[2799/253 3017/253   141/11 3477/253 3719/253 3969/253 3721/253 3481/253 3249/253   275/23 2809/253 2601/253 2401/253 2209/253 2025/253]
[1849/253 1681/253 1521/253 1369/253 1225/253    99/23  961/253  841/253  729/253  625/253    23/11  441/253  361/253  289/253  225/253]
[ 169/253    11/23   81/253   49/253   25/253    9/253    1/253    1/253    9/253   25/253   49/253   81/253    11/23  169/253  225/253]
[ 289/253  361/253  441/253    23/11  625/253  729/253  841/253  961/253    99/23 1225/253 1369/253 1521/253 1681/253 1849/253 2025/253]
[2209/253 2401/253 2601/253 2809/253   275/23 3249/253 3481/253 3721/253 3969/253 3719/253 3477/253   141/11 3017/253 2799/253 2589/253]
[  217/23 2193/253 2007/253 1829/253 1659/253 1497/253 1343/253 1197/253 1059/253  929/253  807/253    63/23  587/253  489/253  399/253]
[ 317/253  243/253  177/253  119/253     3/11   27/253   -7/253    -3/23  -51/253  -61/253  -63/253  -57/253  -43/253  -21/253    9/253]
[  47/253   93/253  147/253    19/23  279/253  357/253  443/253  537/253  639/253  749/253  867/253  993/253    49/11 1269/253   129/23]
[1577/253 1743/253 1917/253 2099/253 2289/253 2487/253 2693/253 2907/253 3129/253 3359/253   327/23 3843/253 3591/253 3347/253 3111/253]
[2883/253 2663/253 2451/253 2247/253 2051/253    81/11   153/23 1511/253 1347/253 1191/253 1043/253  903/253  771/253  647/253  531/253]
[ 423/253  323/253    21/23  147/253   71/253    3/253  -57/253 -109/253 -153/253 -189/253 -217/253 -237/253 -249/253        0        0]
[-249/253, -237/253]
20 [-249/253, 269/253]
---------------------------
SUCCESS for name = 12a967
---------------------------
