13a861
Correction terms
[      -1 -115/157   11/157  -93/157 -113/157  -49/157   99/157   17/157   19/157  105/157  -39/157  -99/157  -75/157   33/157  -89/157]
[-127/157  -81/157   49/157  -51/157  -67/157    1/157 -161/157 -239/157   81/157  171/157   31/157  -25/157    3/157  115/157   -3/157]
[ -37/157   13/157 -167/157 -263/157   39/157  111/157  -47/157 -121/157 -111/157  -17/157 -153/157  109/157  141/157  -57/157 -171/157]
[ 113/157  167/157   -9/157 -101/157 -109/157  -33/157 -187/157   57/157   71/157 -145/157 -277/157  -11/157   25/157 -169/157   35/157]
[   9/157   67/157 -105/157  121/157  117/157 -117/157 -267/157  -19/157   -1/157 -213/157  -27/157  -71/157  -31/157 -221/157  -13/157]
[ -35/157   27/157 -141/157   89/157   89/157 -141/157   27/157  -35/157  -13/157 -221/157  -31/157  -71/157  -27/157 -213/157   -1/157]
[ -19/157 -267/157 -117/157  117/157  121/157 -105/157   67/157    9/157   35/157 -169/157   25/157  -11/157 -277/157 -145/157   71/157]
[  57/157 -187/157  -33/157 -109/157 -101/157   -9/157  167/157  113/157 -171/157  -57/157  141/157  109/157 -153/157  -17/157 -111/157]
[-121/157  -47/157  111/157   39/157 -263/157 -167/157   13/157  -37/157   -3/157  115/157    3/157  -25/157   31/157  171/157   81/157]
[-239/157 -161/157    1/157  -67/157  -51/157   49/157  -81/157 -127/157  -89/157   33/157  -75/157  -99/157  -39/157  105/157   19/157]
[  17/157   99/157  -49/157 -113/157  -93/157   11/157 -115/157        0        0        0        0        0        0        0        0]
Testing obstruction for
m1: 4, m2: 12,a: 1
[      -1 -143/157 -101/157  -31/157   67/157  193/157  347/157  215/157  111/157   35/157  -13/157  -33/157  -25/157   11/157   75/157]
[ 167/157  287/157  435/157  297/157  187/157  105/157   51/157   25/157   27/157   57/157  115/157  201/157  315/157  457/157  313/157]
[ 197/157  109/157   49/157   17/157   13/157   37/157   89/157  169/157  277/157  413/157  263/157  141/157   47/157  -19/157  -57/157]
[ -67/157  -49/157   -3/157   71/157  173/157  303/157  461/157  333/157  233/157  161/157  117/157  101/157  113/157  153/157  221/157]
[ 317/157  441/157  279/157  145/157   39/157  -39/157  -89/157 -111/157 -105/157  -71/157   -9/157   81/157  199/157  345/157  205/157]
[  93/157    9/157  -47/157  -75/157  -75/157  -47/157    9/157   93/157  205/157  345/157  199/157   81/157   -9/157  -71/157 -105/157]
[-111/157  -89/157  -39/157   39/157  145/157  279/157  441/157  317/157  221/157  153/157  113/157  101/157  117/157  161/157  233/157]
[ 333/157  461/157  303/157  173/157   71/157   -3/157  -49/157  -67/157  -57/157  -19/157   47/157  141/157  263/157  413/157  277/157]
[ 169/157   89/157   37/157   13/157   17/157   49/157  109/157  197/157  313/157  457/157  315/157  201/157  115/157   57/157   27/157]
[  25/157   51/157  105/157  187/157  297/157  435/157  287/157  167/157   75/157   11/157  -25/157  -33/157  -13/157   35/157  111/157]
[ 215/157  347/157  193/157   67/157  -31/157 -101/157 -143/157        0        0        0        0        0        0        0        0]
Testing obstruction for
m1: 40, m2: 40,a: 39
[      -1 -153/157 -141/157 -121/157  -93/157  -57/157  -13/157   39/157   99/157  167/157  243/157  327/157  419/157  519/157  627/157]
[ 743/157  867/157  999/157 1139/157 1287/157 1443/157 1293/157 1151/157 1017/157  891/157  773/157  663/157  561/157  467/157  381/157]
[ 303/157  233/157  171/157  117/157   71/157   33/157    3/157  -19/157  -33/157  -39/157  -37/157  -27/157   -9/157   17/157   51/157]
[  93/157  143/157  201/157  267/157  341/157  423/157  513/157  611/157  717/157  831/157  953/157 1083/157 1221/157 1367/157 1521/157]
[1369/157 1225/157 1089/157  961/157  841/157  729/157  625/157  529/157  441/157  361/157  289/157  225/157  169/157  121/157   81/157]
[  49/157   25/157    9/157    1/157    1/157    9/157   25/157   49/157   81/157  121/157  169/157  225/157  289/157  361/157  441/157]
[ 529/157  625/157  729/157  841/157  961/157 1089/157 1225/157 1369/157 1521/157 1367/157 1221/157 1083/157  953/157  831/157  717/157]
[ 611/157  513/157  423/157  341/157  267/157  201/157  143/157   93/157   51/157   17/157   -9/157  -27/157  -37/157  -39/157  -33/157]
[ -19/157    3/157   33/157   71/157  117/157  171/157  233/157  303/157  381/157  467/157  561/157  663/157  773/157  891/157 1017/157]
[1151/157 1293/157 1443/157 1287/157 1139/157  999/157  867/157  743/157  627/157  519/157  419/157  327/157  243/157  167/157   99/157]
[  39/157  -13/157  -57/157  -93/157 -121/157 -141/157 -153/157        0        0        0        0        0        0        0        0]
Unobstructed
40
---------------------------
---------------------------
13a895
Correction terms
[      -1   57/329 -101/329 -145/329  -75/329 -549/329 -251/329    23/47   29/329   11/329  107/329 -341/329  -17/329 -237/329    45/47]
[ 323/329 -213/329   23/329 -285/329  179/329   99/329    19/47  281/329 -115/329 -397/329   93/329   39/329   99/329    39/47  -97/329]
[-353/329 -495/329  135/329  221/329 -237/329    11/47 -153/329 -269/329 -271/329 -159/329   67/329 -251/329   -65/47  113/329  137/329]
[-383/329 -131/329     -9/7   57/329    -1/47   43/329  207/329 -173/329 -439/329   67/329   29/329    15/47  295/329  -59/329 -299/329]
[-425/329  221/329  323/329   -17/47  211/329   -3/329 -103/329  -89/329   39/329  281/329    -3/47 -209/329 -283/329 -243/329  -89/329]
[ 179/329  -97/329   -37/47 -307/329 -241/329  -61/329 -425/329  -17/329 -153/329   -25/47  -83/329  123/329 -215/329 -439/329 -549/329]
[ 113/329    33/47 -195/329  151/329     -1/7 -131/329 -101/329   43/329    43/47   15/329 -157/329 -215/329 -159/329   11/329  295/329]
[    5/47 -111/329 -143/329  -61/329  135/329 -213/329  211/329    13/47   85/329 -465/329 -243/329   93/329 -115/329 -209/329   -27/47]
[ -55/329 -465/329 -103/329 -285/329 -353/329 -307/329   -21/47  127/329 -143/329 -299/329 -341/329 -269/329  -83/329    31/47  -27/329]
[-157/329 -173/329  -75/329  137/329 -195/329    35/47      3/7  151/329 -383/329 -145/329  207/329   15/329    -9/47  -27/329  123/329]
[-271/329  107/329  -59/329 -111/329    -7/47  127/329 -241/329 -495/329   23/329   -3/329   85/329   -53/47  -55/329 -283/329 -397/329]
[-397/329 -283/329  -55/329   -53/47   85/329   -3/329   23/329 -495/329 -241/329  127/329    -7/47 -111/329  -59/329  107/329 -271/329]
[ 123/329  -27/329    -9/47   15/329  207/329 -145/329 -383/329  151/329      3/7    35/47 -195/329  137/329  -75/329 -173/329 -157/329]
[ -27/329    31/47  -83/329 -269/329 -341/329 -299/329 -143/329  127/329   -21/47 -307/329 -353/329 -285/329 -103/329 -465/329  -55/329]
[  -27/47 -209/329 -115/329   93/329 -243/329 -465/329   85/329    13/47  211/329 -213/329  135/329  -61/329 -143/329 -111/329     5/47]
[ 295/329   11/329 -159/329 -215/329 -157/329   15/329    43/47   43/329 -101/329 -131/329     -1/7  151/329 -195/329    33/47  113/329]
[-549/329 -439/329 -215/329  123/329  -83/329   -25/47 -153/329  -17/329 -425/329  -61/329 -241/329 -307/329   -37/47  -97/329  179/329]
[ -89/329 -243/329 -283/329 -209/329    -3/47  281/329   39/329  -89/329 -103/329   -3/329  211/329   -17/47  323/329  221/329 -425/329]
[-299/329  -59/329  295/329    15/47   29/329   67/329 -439/329 -173/329  207/329   43/329    -1/47   57/329     -9/7 -131/329 -383/329]
[ 137/329  113/329   -65/47 -251/329   67/329 -159/329 -271/329 -269/329 -153/329    11/47 -237/329  221/329  135/329 -495/329 -353/329]
[ -97/329    39/47   99/329   39/329   93/329 -397/329 -115/329  281/329    19/47   99/329  179/329 -285/329   23/329 -213/329  323/329]
[   45/47 -237/329  -17/329 -341/329  107/329   11/329   29/329    23/47 -251/329 -549/329  -75/329 -145/329 -101/329   57/329        0]
Testing obstruction for
m1: 4, m2: 24,a: 0
[      -1 -221/329  103/329  -15/329   83/329  397/329  269/329    51/47  661/329 1181/329 1259/329 1553/329 2063/329 1473/329   157/47]
[ 941/329  999/329  615/329  447/329  495/329  101/329   -11/47  -39/329  215/329   27/329   55/329  299/329  101/329    17/47  353/329]
[ 803/329  811/329 1035/329 1475/329 1473/329   241/47 1459/329 1447/329  993/329  755/329  733/329  269/329     3/47  -11/329  173/329]
[ -85/329 -127/329      1/7 -221/329   -39/47 -109/329  271/329  209/329  363/329  733/329  661/329   115/47 1165/329 1741/329 1875/329]
[1567/329 1475/329  941/329    89/47  521/329  635/329  307/329  195/329  299/329  -39/329   -23/47  -67/329  243/329  111/329  195/329]
[ 495/329  353/329    61/47  717/329 1223/329 1287/329 1567/329 2063/329 1459/329   153/47  899/329  943/329  545/329  363/329  397/329]
[ -11/329   -29/47 -179/329   61/329     -3/7 -127/329  103/329 -109/329   -15/47  115/329  551/329  545/329  755/329 1181/329 1165/329]
[  195/47 1781/329 1755/329 1287/329 1035/329  999/329  521/329    37/47  213/329  383/329  111/329   55/329  215/329  -67/329   -19/47]
[  17/329  383/329  307/329  447/329  803/329  717/329   121/47 1193/329 1755/329 1875/329 1553/329 1447/329  899/329    81/47  451/329]
[ 551/329  209/329   83/329  173/329 -179/329   -45/47     -5/7   61/329  -85/329  -15/329  271/329  115/329    25/47  451/329  943/329]
[ 993/329 1259/329 1741/329 1781/329   197/47 1193/329 1223/329  811/329  615/329  635/329  213/329     1/47   17/329  243/329   27/329]
[  27/329  243/329   17/329     1/47  213/329  635/329  615/329  811/329 1223/329 1193/329   197/47 1781/329 1741/329 1259/329  993/329]
[ 943/329  451/329    25/47  115/329  271/329  -15/329  -85/329   61/329     -5/7   -45/47 -179/329  173/329   83/329  209/329  551/329]
[ 451/329    81/47  899/329 1447/329 1553/329 1875/329 1755/329 1193/329   121/47  717/329  803/329  447/329  307/329  383/329   17/329]
[  -19/47  -67/329  215/329   55/329  111/329  383/329  213/329    37/47  521/329  999/329 1035/329 1287/329 1755/329 1781/329   195/47]
[1165/329 1181/329  755/329  545/329  551/329  115/329   -15/47 -109/329  103/329 -127/329     -3/7   61/329 -179/329   -29/47  -11/329]
[ 397/329  363/329  545/329  943/329  899/329   153/47 1459/329 2063/329 1567/329 1287/329 1223/329  717/329    61/47  353/329  495/329]
[ 195/329  111/329  243/329  -67/329   -23/47  -39/329  299/329  195/329  307/329  635/329  521/329    89/47  941/329 1475/329 1567/329]
[1875/329 1741/329 1165/329   115/47  661/329  733/329  363/329  209/329  271/329 -109/329   -39/47 -221/329      1/7 -127/329  -85/329]
[ 173/329  -11/329     3/47  269/329  733/329  755/329  993/329 1447/329 1459/329   241/47 1473/329 1475/329 1035/329  811/329  803/329]
[ 353/329    17/47  101/329  299/329   55/329   27/329  215/329  -39/329   -11/47  101/329  495/329  447/329  615/329  999/329  941/329]
[  157/47 1473/329 2063/329 1553/329 1259/329 1181/329  661/329    51/47  269/329  397/329   83/329  -15/329  103/329 -221/329        0]
Testing obstruction for
m1: 2, m2: 56,a: 1
[      -1 -323/329 -305/329 -275/329 -233/329 -179/329 -113/329    -5/47   55/329  157/329  271/329  397/329  535/329  685/329   121/47]
[1021/329 1207/329 1405/329 1615/329 1837/329 2071/329   331/47 2575/329 2845/329 3127/329 3421/329 3727/329 4045/329   625/47 4059/329]
[3755/329 3463/329 3183/329 2915/329 2659/329   345/47 2183/329 1963/329 1755/329 1559/329 1375/329 1203/329   149/47  895/329  759/329]
[ 635/329  523/329      9/7  335/329    37/47  195/329  143/329  103/329   75/329   59/329   55/329     9/47   83/329  115/329  159/329]
[ 215/329  283/329  363/329    65/47  559/329  675/329  803/329  943/329 1095/329 1259/329   205/47 1623/329 1823/329 2035/329 2259/329]
[2495/329 2743/329   429/47 3275/329 3559/329 3855/329 4163/329 4483/329 4157/329   549/47 3541/329 3251/329 2973/329 2707/329 2453/329]
[2211/329   283/47 1763/329 1557/329     29/7 1181/329 1011/329  853/329   101/47  573/329  451/329  341/329  243/329  157/329   83/329]
[    3/47  -29/329  -67/329  -93/329 -107/329 -109/329  -99/329   -11/47  -43/329    3/329   61/329  131/329  213/329  307/329    59/47]
[ 531/329  661/329  803/329  957/329 1123/329 1301/329   213/47 1693/329 1907/329 2133/329 2371/329 2621/329 2883/329   451/47 3443/329]
[3741/329 4051/329 4373/329 4049/329 3737/329   491/47     67/7 2873/329 2609/329 2357/329 2117/329 1889/329   239/47 1469/329 1277/329]
[1097/329  929/329  773/329  629/329    71/47  377/329  269/329  173/329   89/329   17/329  -43/329   -13/47 -127/329 -151/329 -163/329]
[-163/329 -151/329 -127/329   -13/47  -43/329   17/329   89/329  173/329  269/329  377/329    71/47  629/329  773/329  929/329 1097/329]
[1277/329 1469/329   239/47 1889/329 2117/329 2357/329 2609/329 2873/329     67/7   491/47 3737/329 4049/329 4373/329 4051/329 3741/329]
[3443/329   451/47 2883/329 2621/329 2371/329 2133/329 1907/329 1693/329   213/47 1301/329 1123/329  957/329  803/329  661/329  531/329]
[   59/47  307/329  213/329  131/329   61/329    3/329  -43/329   -11/47  -99/329 -109/329 -107/329  -93/329  -67/329  -29/329     3/47]
[  83/329  157/329  243/329  341/329  451/329  573/329   101/47  853/329 1011/329 1181/329     29/7 1557/329 1763/329   283/47 2211/329]
[2453/329 2707/329 2973/329 3251/329 3541/329   549/47 4157/329 4483/329 4163/329 3855/329 3559/329 3275/329   429/47 2743/329 2495/329]
[2259/329 2035/329 1823/329 1623/329   205/47 1259/329 1095/329  943/329  803/329  675/329  559/329    65/47  363/329  283/329  215/329]
[ 159/329  115/329   83/329     9/47   55/329   59/329   75/329  103/329  143/329  195/329    37/47  335/329      9/7  523/329  635/329]
[ 759/329  895/329   149/47 1203/329 1375/329 1559/329 1755/329 1963/329 2183/329   345/47 2659/329 2915/329 3183/329 3463/329 3755/329]
[4059/329   625/47 4045/329 3727/329 3421/329 3127/329 2845/329 2575/329   331/47 2071/329 1837/329 1615/329 1405/329 1207/329 1021/329]
[  121/47  685/329  535/329  397/329  271/329  157/329   55/329    -5/47 -113/329 -179/329 -233/329 -275/329 -305/329 -323/329        0]
Testing obstruction for
m1: 8, m2: 12,a: 2
[      -1 -299/329 -209/329  -59/329  151/329  421/329  751/329    69/47  275/329  127/329   39/329   11/329   43/329  135/329    41/47]
[ 499/329  771/329 1103/329  837/329  631/329  485/329    57/47  373/329  407/329  501/329  655/329  869/329 1143/329   117/47  555/329]
[ 351/329  207/329  123/329   99/329  135/329    33/47  387/329  603/329  879/329  557/329  295/329   93/329    -7/47 -131/329 -153/329]
[-115/329  -17/329      3/7  359/329    91/47  975/329  715/329  515/329  375/329  295/329  275/329    45/47  415/329  575/329  795/329]
[1075/329  757/329  499/329    43/47  163/329   85/329   67/329  109/329  211/329  373/329    85/47  877/329  561/329  305/329  109/329]
[ -27/329 -103/329   -17/47  -75/329   29/329  193/329  417/329  701/329  387/329    19/47  -61/329 -195/329 -269/329 -283/329 -237/329]
[-131/329     5/47  261/329  547/329     19/7  641/329  449/329  317/329    35/47  233/329  281/329  389/329  557/329  785/329 1073/329]
[  109/47  513/329  323/329  193/329  123/329  113/329  163/329    39/47  443/329  673/329  963/329  655/329  407/329  219/329    13/47]
[  23/329   15/329   67/329  179/329  351/329  583/329   125/47  569/329  323/329  137/329   11/329  -55/329  -61/329    -1/47  107/329]
[ 281/329  515/329  809/329 1163/329  919/329   105/47     13/7  547/329  543/329  599/329  715/329  891/329   161/47  765/329  463/329]
[ 221/329   39/329  -83/329 -145/329   -21/47  -89/329   29/329  207/329  445/329  743/329  443/329    29/47   23/329  -97/329 -157/329]
[-157/329  -97/329   23/329    29/47  443/329  743/329  445/329  207/329   29/329  -89/329   -21/47 -145/329  -83/329   39/329  221/329]
[ 463/329  765/329   161/47  891/329  715/329  599/329  543/329  547/329     13/7   105/47  919/329 1163/329  809/329  515/329  281/329]
[ 107/329    -1/47  -61/329  -55/329   11/329  137/329  323/329  569/329   125/47  583/329  351/329  179/329   67/329   15/329   23/329]
[   13/47  219/329  407/329  655/329  963/329  673/329  443/329    39/47  163/329  113/329  123/329  193/329  323/329  513/329   109/47]
[1073/329  785/329  557/329  389/329  281/329  233/329    35/47  317/329  449/329  641/329     19/7  547/329  261/329     5/47 -131/329]
[-237/329 -283/329 -269/329 -195/329  -61/329    19/47  387/329  701/329  417/329  193/329   29/329  -75/329   -17/47 -103/329  -27/329]
[ 109/329  305/329  561/329  877/329    85/47  373/329  211/329  109/329   67/329   85/329  163/329    43/47  499/329  757/329 1075/329]
[ 795/329  575/329  415/329    45/47  275/329  295/329  375/329  515/329  715/329  975/329    91/47  359/329      3/7  -17/329 -115/329]
[-153/329 -131/329    -7/47   93/329  295/329  557/329  879/329  603/329  387/329    33/47  135/329   99/329  123/329  207/329  351/329]
[ 555/329   117/47 1143/329  869/329  655/329  501/329  407/329  373/329    57/47  485/329  631/329  837/329 1103/329  771/329  499/329]
[   41/47  135/329   43/329   11/329   39/329  127/329  275/329    69/47  751/329  421/329  151/329  -59/329 -209/329 -299/329        0]
Unobstructed
59
---------------------------
---------------------------
13a896
H_1 not cyclic will skip for now
13a901
Correction terms
[      -1  361/453   85/453 -125/151 -113/453  -35/453  -47/151 -431/453    1/453   83/151  313/453  193/453  -37/151  307/453  541/453]
[-105/151  457/453  139/453  181/151 -143/453 -107/453  217/151  319/453 -197/453    3/151   31/453 -131/453  143/151 -101/453   91/453]
[  33/151  -77/453 -437/453  -25/151  103/453   97/453  -31/151 -467/453 -119/453   15/151   25/453 -179/453  113/151 -233/453  -83/453]
[ -39/151 -335/453  169/453  163/151 -281/453 -329/453  115/151  -71/453  235/453  119/151  295/453   49/453  175/151  -89/453   19/453]
[ -19/151  589/453  145/453 -161/151  517/453  427/453   51/151 -305/453  -41/453   13/151  -65/453 -353/453   27/151  331/453  397/453]
[-209/151  -23/453  397/453  -91/151 -221/453 -353/453   79/151 -263/453  -41/453   -1/151 -149/453  427/453  -29/151  121/453  145/453]
[  -5/151  547/453   19/453   71/151  223/453   49/453  199/151   55/453  235/453   77/151   43/453 -329/453    7/151  187/453  169/453]
[ -11/151 -419/453  -83/453   23/151   37/453 -179/453  109/151 -257/453 -119/453  -55/151 -395/453   97/453  135/151 -377/453 -437/453]
[  75/151 -203/453   91/453   67/151  127/453 -131/453  111/151 -293/453 -197/453  207/151  349/453 -107/453   53/151  241/453  139/453]
[ -49/151  289/453  541/453  -99/151  493/453  193/453  -97/151  -53/453    1/453  -43/151 -443/453  -35/453   63/151  229/453   85/453]
[ -81/151      1/3  361/453 -173/151  229/453 -113/453   89/151 -443/453 -431/453  101/151  -53/453  313/453 -137/151  493/453  307/453]
[ -21/151  289/453  457/453  147/151  241/453 -143/453   65/151  349/453  319/453   35/151 -293/453   31/453   57/151  127/453 -101/453]
[ 131/151 -203/453  -77/453  -45/151 -377/453  103/453  133/151 -395/453 -467/453   61/151 -257/453   25/453   41/151   37/453 -233/453]
[  73/151 -419/453 -335/453  157/151  187/453 -281/453   -9/151   43/453  -71/453  179/151   55/453  295/453  117/151  223/453  -89/453]
[ 107/151  547/453  589/453 -153/151  121/453  517/453  -59/151 -149/453 -305/453   87/151 -263/453  -65/453  -17/151 -221/453  331/453]
[ -69/151  -23/453  -23/453  -69/151  331/453 -221/453  -17/151  -65/453 -263/453   87/151 -305/453 -149/453  -59/151  517/453  121/453]
[-153/151  589/453  547/453  107/151  -89/453  223/453  117/151  295/453   55/453  179/151  -71/453   43/453   -9/151 -281/453  187/453]
[ 157/151 -335/453 -419/453   73/151 -233/453   37/453   41/151   25/453 -257/453   61/151 -467/453 -395/453  133/151  103/453 -377/453]
[ -45/151  -77/453 -203/453  131/151 -101/453  127/453   57/151   31/453 -293/453   35/151  319/453  349/453   65/151 -143/453  241/453]
[ 147/151  457/453  289/453  -21/151  307/453  493/453 -137/151  313/453  -53/453  101/151 -431/453 -443/453   89/151 -113/453  229/453]
[-173/151  361/453      1/3  -81/151   85/453  229/453   63/151  -35/453 -443/453  -43/151    1/453  -53/453  -97/151  193/453  493/453]
[ -99/151  541/453  289/453  -49/151  139/453  241/453   53/151 -107/453  349/453  207/151 -197/453 -293/453  111/151 -131/453  127/453]
[  67/151   91/453 -203/453   75/151 -437/453 -377/453  135/151   97/453 -395/453  -55/151 -119/453 -257/453  109/151 -179/453   37/453]
[  23/151  -83/453 -419/453  -11/151  169/453  187/453    7/151 -329/453   43/453   77/151  235/453   55/453  199/151   49/453  223/453]
[  71/151   19/453  547/453   -5/151  145/453  121/453  -29/151  427/453 -149/453   -1/151  -41/453 -263/453   79/151 -353/453 -221/453]
[ -91/151  397/453  -23/453 -209/151  397/453  331/453   27/151 -353/453  -65/453   13/151  -41/453 -305/453   51/151  427/453  517/453]
[-161/151  145/453  589/453  -19/151   19/453  -89/453  175/151   49/453  295/453  119/151  235/453  -71/453  115/151 -329/453 -281/453]
[ 163/151  169/453 -335/453  -39/151  -83/453 -233/453  113/151 -179/453   25/453   15/151 -119/453 -467/453  -31/151   97/453  103/453]
[ -25/151 -437/453  -77/453   33/151   91/453 -101/453  143/151 -131/453   31/453    3/151 -197/453  319/453  217/151 -107/453 -143/453]
[ 181/151  139/453  457/453 -105/151  541/453  307/453  -37/151  193/453  313/453   83/151    1/453 -431/453  -47/151  -35/453 -113/453]
[-125/151   85/453  361/453        0        0        0        0        0        0        0        0        0        0        0        0]
Testing obstruction for
m1: 2, m2: 76,a: 0
[      -1 -145/453 -127/453 -133/151  -55/453   -1/453  -79/151  143/453  233/453   11/151  449/453  575/453  137/151  863/453 1025/453]
[ 299/151 1385/453 1583/453  497/151 2015/453 2249/453  731/151 2753/453 3023/453 1001/151 3599/453 3905/453 1307/151 4553/453 4895/453]
[1649/151 5615/453 5993/453 2027/151 6785/453 7199/453 2441/151 8063/453 8513/453 2589/151 7637/453 7217/453 2169/151 6413/453 6029/453]
[1785/151 5297/453 4949/453 1437/151 4289/453 3977/453 1125/151 3389/453 3113/453  849/151 2597/453 2357/453  609/151 1913/453 1709/453]
[ 405/151 1337/453 1169/453  237/151  869/453  737/453  105/151  509/453  413/453    9/151  257/453  197/453  -51/151  113/453   89/453]
[ -75/151   77/453   89/453  -63/151  149/453  197/453  -15/151  329/453  413/453   69/151  617/453  737/453  189/151 1013/453 1169/453]
[ 345/151 1517/453 1709/453  537/151 2129/453 2357/453  765/151 2849/453 3113/453 1029/151 3677/453 3977/453 1329/151 4613/453 4949/453]
[1665/151 5657/453 6029/453 2037/151 6809/453 7217/453 2445/151 8069/453 8513/453 2587/151 7625/453 7199/453 2161/151 6383/453 5993/453]
[1771/151 5249/453 4895/453 1417/151 4223/453 3905/453 1099/151 3305/453 3023/453  817/151 2495/453 2249/453  571/151 1793/453 1583/453]
[ 361/151 1199/453 1025/453  187/151  713/453  575/453   49/151  335/453  233/453  -53/151   65/453   -1/453 -119/151  -97/453 -127/453]
[-149/151     -1/3 -145/453 -143/151  -97/453  -55/453 -101/151   65/453  143/453  -23/151  335/453  449/453   91/151  713/453  863/453]
[ 241/151 1199/453 1385/453  427/151 1793/453 2015/453  649/151 2495/453 2753/453  907/151 3305/453 3599/453 1201/151 4223/453 4553/453]
[1531/151 5249/453 5615/453 1897/151 6383/453 6785/453 2299/151 7625/453 8063/453 2737/151 8069/453 7637/453 2305/151 6809/453 6413/453]
[1909/151 5657/453 5297/453 1549/151 4613/453 4289/453 1225/151 3677/453 3389/453  937/151 2849/453 2597/453  685/151 2129/453 1913/453]
[ 469/151 1517/453 1337/453  289/151 1013/453  869/453  145/151  617/453  509/453   37/151  329/453  257/453  -35/151  149/453  113/453]
[ -71/151   77/453   77/453  -71/151  113/453  149/453  -35/151  257/453  329/453   37/151  509/453  617/453  145/151  869/453 1013/453]
[ 289/151 1337/453 1517/453  469/151 1913/453 2129/453  685/151 2597/453 2849/453  937/151 3389/453 3677/453 1225/151 4289/453 4613/453]
[1549/151 5297/453 5657/453 1909/151 6413/453 6809/453 2305/151 7637/453 8069/453 2737/151 8063/453 7625/453 2299/151 6785/453 6383/453]
[1897/151 5615/453 5249/453 1531/151 4553/453 4223/453 1201/151 3599/453 3305/453  907/151 2753/453 2495/453  649/151 2015/453 1793/453]
[ 427/151 1385/453 1199/453  241/151  863/453  713/453   91/151  449/453  335/453  -23/151  143/453   65/453 -101/151  -55/453  -97/453]
[-143/151 -145/453     -1/3 -149/151 -127/453  -97/453 -119/151   -1/453   65/453  -53/151  233/453  335/453   49/151  575/453  713/453]
[ 187/151 1025/453 1199/453  361/151 1583/453 1793/453  571/151 2249/453 2495/453  817/151 3023/453 3305/453 1099/151 3905/453 4223/453]
[1417/151 4895/453 5249/453 1771/151 5993/453 6383/453 2161/151 7199/453 7625/453 2587/151 8513/453 8069/453 2445/151 7217/453 6809/453]
[2037/151 6029/453 5657/453 1665/151 4949/453 4613/453 1329/151 3977/453 3677/453 1029/151 3113/453 2849/453  765/151 2357/453 2129/453]
[ 537/151 1709/453 1517/453  345/151 1169/453 1013/453  189/151  737/453  617/453   69/151  413/453  329/453  -15/151  197/453  149/453]
[ -63/151   89/453   77/453  -75/151   89/453  113/453  -51/151  197/453  257/453    9/151  413/453  509/453  105/151  737/453  869/453]
[ 237/151 1169/453 1337/453  405/151 1709/453 1913/453  609/151 2357/453 2597/453  849/151 3113/453 3389/453 1125/151 3977/453 4289/453]
[1437/151 4949/453 5297/453 1785/151 6029/453 6413/453 2169/151 7217/453 7637/453 2589/151 8513/453 8063/453 2441/151 7199/453 6785/453]
[2027/151 5993/453 5615/453 1649/151 4895/453 4553/453 1307/151 3905/453 3599/453 1001/151 3023/453 2753/453  731/151 2249/453 2015/453]
[ 497/151 1583/453 1385/453  299/151 1025/453  863/453  137/151  575/453  449/453   11/151  233/453  143/453  -79/151   -1/453  -55/453]
[-133/151 -127/453 -145/453        0        0        0        0        0        0        0        0        0        0        0        0]
Testing obstruction for
m1: 4, m2: 34,a: 2
[      -1 -439/453 -397/453 -109/151 -229/453 -103/453   17/151  233/453  443/453  227/151  947/453 1241/453  521/151 1913/453 2291/453]
[ 899/151 3131/453 3593/453 1059/151 2789/453 2429/453  699/151 1793/453 1517/453  423/151 1049/453  857/453  231/151  557/453  449/453]
[ 123/151  317/453  293/453   99/151  329/453  389/453  159/151  593/453  737/453  303/151 1109/453 1337/453  531/151 1877/453 2189/453]
[ 843/151 2897/453 3293/453 1239/151 3263/453 2837/453  813/151 2069/453 1727/453  471/151 1127/453  869/453  213/151  437/453  263/453]
[  39/151   -1/453  -91/453  -51/151 -187/453 -193/453  -57/151 -121/453  -43/453   21/151  197/453  359/453  183/151  767/453 1013/453]
[ 429/151 1589/453 1919/453  759/151 2663/453 3077/453 1173/151 3083/453 2675/453  765/151 1943/453 1619/453  441/151 1055/453  815/453]
[ 201/151  419/453  263/453   45/151   35/453  -37/453  -27/151  -97/453  -85/453  -15/151   23/453  119/453   81/151  395/453  575/453]
[ 261/151 1019/453 1283/453  525/151 1895/453 2243/453  873/151 3023/453 3455/453 1003/151 2591/453 2201/453  613/151 1505/453 1199/453]
[ 307/151  671/453  449/453   85/151   89/453  -49/453  -53/151 -241/453 -295/453 -107/151 -319/453 -289/453  -77/151 -145/453  -31/453]
[  37/151  281/453  479/453  235/151  959/453 1241/453  517/151 1889/453 2255/453  883/151 3071/453 3521/453 1031/151 2693/453 2321/453]
[ 659/151     11/3 1373/453  371/151  881/453  677/453  167/151  353/453  233/453   47/151   77/453   41/453   11/151   53/453  101/453]
[  59/151  281/453  413/453  191/151  761/453  977/453  407/151 1493/453 1793/453  707/151 2477/453 2861/453 1091/151 3713/453 3275/453]
[ 955/151 2483/453 2129/453  601/151 1505/453 1235/453  331/151  779/453  593/453  145/151  305/453  203/453   43/151   83/453   65/453]
[  25/151  113/453  179/453   91/151  395/453  545/453  241/151  929/453 1163/453  475/151 1715/453 2033/453  793/151 2753/453 3155/453]
[1195/151 3137/453 2717/453  775/151 1961/453 1625/453  439/151 1037/453  785/453  187/151  365/453  197/453   19/151  -55/453 -139/453]
[ -65/151 -223/453 -223/453  -65/151 -139/453  -55/453   19/151  197/453  365/453  187/151  785/453 1037/453  439/151 1625/453 1961/453]
[ 775/151 2717/453 3137/453 1195/151 3155/453 2753/453  793/151 2033/453 1715/453  475/151 1163/453  929/453  241/151  545/453  395/453]
[  91/151  179/453  113/453   25/151   65/453   83/453   43/151  203/453  305/453  145/151  593/453  779/453  331/151 1235/453 1505/453]
[ 601/151 2129/453 2483/453  955/151 3275/453 3713/453 1091/151 2861/453 2477/453  707/151 1793/453 1493/453  407/151  977/453  761/453]
[ 191/151  413/453  281/453   59/151  101/453   53/453   11/151   41/453   77/453   47/151  233/453  353/453  167/151  677/453  881/453]
[ 371/151 1373/453     11/3  659/151 2321/453 2693/453 1031/151 3521/453 3071/453  883/151 2255/453 1889/453  517/151 1241/453  959/453]
[ 235/151  479/453  281/453   37/151  -31/453 -145/453  -77/151 -289/453 -319/453 -107/151 -295/453 -241/453  -53/151  -49/453   89/453]
[  85/151  449/453  671/453  307/151 1199/453 1505/453  613/151 2201/453 2591/453 1003/151 3455/453 3023/453  873/151 2243/453 1895/453]
[ 525/151 1283/453 1019/453  261/151  575/453  395/453   81/151  119/453   23/453  -15/151  -85/453  -97/453  -27/151  -37/453   35/453]
[  45/151  263/453  419/453  201/151  815/453 1055/453  441/151 1619/453 1943/453  765/151 2675/453 3083/453 1173/151 3077/453 2663/453]
[ 759/151 1919/453 1589/453  429/151 1013/453  767/453  183/151  359/453  197/453   21/151  -43/453 -121/453  -57/151 -193/453 -187/453]
[ -51/151  -91/453   -1/453   39/151  263/453  437/453  213/151  869/453 1127/453  471/151 1727/453 2069/453  813/151 2837/453 3263/453]
[1239/151 3293/453 2897/453  843/151 2189/453 1877/453  531/151 1337/453 1109/453  303/151  737/453  593/453  159/151  389/453  329/453]
[  99/151  293/453  317/453  123/151  449/453  557/453  231/151  857/453 1049/453  423/151 1517/453 1793/453  699/151 2429/453 2789/453]
[1059/151 3593/453 3131/453  899/151 2291/453 1913/453  521/151 1241/453  947/453  227/151  443/453  233/453   17/151 -103/453 -229/453]
[-109/151 -397/453 -439/453        0        0        0        0        0        0        0        0        0        0        0        0]
Testing obstruction for
m1: 6, m2: 24,a: 4
[      -1 -431/453 -365/453  -85/151 -101/453   97/453  113/151  625/453  955/453  443/151 1747/453 2209/453  603/151 1453/453 1141/453]
[ 291/151  649/453  469/453  111/151  241/453  193/453   63/151  229/453  313/453  147/151  613/453  829/453  363/151 1393/453 1741/453]
[ 711/151 2569/453 2143/453  587/151 1423/453 1129/453  293/151  673/453  511/453  131/151  319/453  289/453  101/151  361/453  463/453]
[ 203/151  799/453 1033/453  437/151 1633/453 1999/453  803/151 1957/453 1549/453  395/151  865/453  589/453  119/151  169/453   25/453]
[ -25/151 -131/453 -143/453  -37/151  -35/453   85/453   83/151  457/453  709/453  335/151 1345/453 1729/453  719/151 1723/453 1333/453]
[ 329/151  685/453  427/453   71/151   43/453  -83/453  -55/151 -203/453 -197/453  -49/151  -53/453   85/453   89/151  493/453  763/453]
[ 359/151 1435/453 1837/453  761/151 1867/453 1495/453  389/151  883/453  643/453  149/151  295/453  187/453   41/151  103/453  127/453]
[  65/151  307/453  463/453  221/151  907/453 1195/453  509/151 1903/453 2323/453  627/151 1483/453 1129/453  273/151  553/453  331/453]
[  51/151   19/453  -71/453  -39/151 -119/453  -77/453    3/151  139/453  313/453  177/151  793/453 1099/453  483/151 1843/453 2281/453]
[ 619/151 1477/453 1141/453  283/151  601/453  397/453   79/151  121/453   49/453    7/151   37/453   97/453   67/151  349/453  541/453]
[ 259/151      7/3 1381/453  583/151 2161/453 1711/453  435/151  943/453  625/453  117/151  121/453  -65/453  -69/151 -305/453 -359/453]
[-123/151 -335/453 -257/453  -45/151   31/453  241/453  165/151  793/453 1135/453  507/151 1951/453 2425/453  679/151 1693/453 1393/453]
[ 379/151  925/453  757/453  211/151  553/453  517/453  175/151  577/453  673/453  271/151  997/453 1225/453  499/151 1813/453 2173/453]
[ 859/151 2119/453 1705/453  445/151 1009/453  727/453  163/151  295/453  145/453   13/151  -23/453  -41/453   -5/151   55/453  169/453]
[ 109/151  529/453  775/453  355/151 1399/453 1777/453  733/151 1759/453 1363/453  337/151  703/453  439/453   73/151   43/453  -89/453]
[ -59/151 -221/453 -221/453  -59/151  -89/453   43/453   73/151  439/453  703/453  337/151 1363/453 1759/453  733/151 1777/453 1399/453]
[ 355/151  775/453  529/453  109/151  169/453   55/453   -5/151  -41/453  -23/453   13/151  145/453  295/453  163/151  727/453 1009/453]
[ 445/151 1705/453 2119/453  859/151 2173/453 1813/453  499/151 1225/453  997/453  271/151  673/453  577/453  175/151  517/453  553/453]
[ 211/151  757/453  925/453  379/151 1393/453 1693/453  679/151 2425/453 1951/453  507/151 1135/453  793/453  165/151  241/453   31/453]
[ -45/151 -257/453 -335/453 -123/151 -359/453 -305/453  -69/151  -65/453  121/453  117/151  625/453  943/453  435/151 1711/453 2161/453]
[ 583/151 1381/453      7/3  259/151  541/453  349/453   67/151   97/453   37/453    7/151   49/453  121/453   79/151  397/453  601/453]
[ 283/151 1141/453 1477/453  619/151 2281/453 1843/453  483/151 1099/453  793/453  177/151  313/453  139/453    3/151  -77/453 -119/453]
[ -39/151  -71/453   19/453   51/151  331/453  553/453  273/151 1129/453 1483/453  627/151 2323/453 1903/453  509/151 1195/453  907/453]
[ 221/151  463/453  307/453   65/151  127/453  103/453   41/151  187/453  295/453  149/151  643/453  883/453  389/151 1495/453 1867/453]
[ 761/151 1837/453 1435/453  359/151  763/453  493/453   89/151   85/453  -53/453  -49/151 -197/453 -203/453  -55/151  -83/453   43/453]
[  71/151  427/453  685/453  329/151 1333/453 1723/453  719/151 1729/453 1345/453  335/151  709/453  457/453   83/151   85/453  -35/453]
[ -37/151 -143/453 -131/453  -25/151   25/453  169/453  119/151  589/453  865/453  395/151 1549/453 1957/453  803/151 1999/453 1633/453]
[ 437/151 1033/453  799/453  203/151  463/453  361/453  101/151  289/453  319/453  131/151  511/453  673/453  293/151 1129/453 1423/453]
[ 587/151 2143/453 2569/453  711/151 1741/453 1393/453  363/151  829/453  613/453  147/151  313/453  229/453   63/151  193/453  241/453]
[ 111/151  469/453  649/453  291/151 1141/453 1453/453  603/151 2209/453 1747/453  443/151  955/453  625/453  113/151   97/453 -101/453]
[ -85/151 -365/453 -431/453        0        0        0        0        0        0        0        0        0        0        0        0]
[-431/453, -365/453]
7 [-431/453, 541/453]
[-431/453, -365/453]
158 [-431/453, 541/453]
Testing obstruction for
m1: 114, m2: 114,a: 113
[       -1  -449/453  -437/453  -139/151  -389/453  -353/453  -103/151  -257/453  -197/453   -43/151   -53/453    31/453    41/151   223/453   331/453]
[  149/151   571/453   703/453   281/151   991/453  1147/453   437/151  1483/453  1663/453   617/151  2047/453  2251/453   821/151  2683/453  2911/453]
[ 1049/151  3391/453  3643/453  1301/151  4171/453  4447/453  1577/151  5023/453  5323/453  1877/151  5947/453  6271/453  2201/151  6943/453  7291/453]
[ 2549/151  8011/453  8383/453  2921/151  9151/453  9547/453  3317/151 10363/453 10783/453  3737/151 11647/453 12091/453  4181/151 12097/453 11659/453]
[ 3743/151 10807/453 10393/453  3329/151  9589/453  9199/453  2939/151  8443/453  8077/453  2573/151  7369/453  7027/453  2231/151  6367/453  6049/453]
[ 1913/151  5437/453  5143/453  1619/151  4579/453  4309/453  1349/151  3793/453  3547/453  1103/151  3079/453  2857/453   881/151  2437/453  2239/453]
[  683/151  1867/453  1693/453   509/151  1369/453  1219/453   359/151   943/453   817/453   233/151   589/453   487/453   131/151   307/453   229/453]
[   53/151    97/453    43/453    -1/151   -41/453   -71/453   -31/151  -107/453  -113/453   -37/151  -101/453   -83/453   -19/151   -23/453    19/453]
[   23/151   127/453   193/453    89/151   349/453   439/453   179/151   643/453   757/453   293/151  1009/453  1147/453   431/151  1447/453  1609/453]
[  593/151  1957/453  2143/453   779/151  2539/453  2749/453   989/151  3193/453  3427/453  1223/151  3919/453  4177/453  1481/151  4717/453  4999/453]
[ 1763/151      37/3  5893/453  2069/151  6529/453  6859/453  2399/151  7543/453  7897/453  2753/151  8629/453  9007/453  3131/151  9787/453 10189/453]
[ 3533/151 11017/453 11443/453  3959/151 12319/453 12769/453  4107/151 11881/453 11449/453  3675/151 10609/453 10201/453  3267/151  9409/453  9025/453]
[ 2883/151  8281/453  7921/453  2523/151  7225/453  6889/453  2187/151  6241/453  5929/453  1875/151  5329/453  5041/453  1587/151  4489/453  4225/453]
[ 1323/151  3721/453  3481/453  1083/151  3025/453  2809/453   867/151  2401/453  2209/453   675/151  1849/453  1681/453   507/151  1369/453  1225/453]
[  363/151   961/453   841/453   243/151   625/453   529/453   147/151   361/453   289/453    75/151   169/453   121/453    27/151    49/453    25/453]
[    3/151     1/453     1/453     3/151    25/453    49/453    27/151   121/453   169/453    75/151   289/453   361/453   147/151   529/453   625/453]
[  243/151   841/453   961/453   363/151  1225/453  1369/453   507/151  1681/453  1849/453   675/151  2209/453  2401/453   867/151  2809/453  3025/453]
[ 1083/151  3481/453  3721/453  1323/151  4225/453  4489/453  1587/151  5041/453  5329/453  1875/151  5929/453  6241/453  2187/151  6889/453  7225/453]
[ 2523/151  7921/453  8281/453  2883/151  9025/453  9409/453  3267/151 10201/453 10609/453  3675/151 11449/453 11881/453  4107/151 12769/453 12319/453]
[ 3959/151 11443/453 11017/453  3533/151 10189/453  9787/453  3131/151  9007/453  8629/453  2753/151  7897/453  7543/453  2399/151  6859/453  6529/453]
[ 2069/151  5893/453      37/3  1763/151  4999/453  4717/453  1481/151  4177/453  3919/453  1223/151  3427/453  3193/453   989/151  2749/453  2539/453]
[  779/151  2143/453  1957/453   593/151  1609/453  1447/453   431/151  1147/453  1009/453   293/151   757/453   643/453   179/151   439/453   349/453]
[   89/151   193/453   127/453    23/151    19/453   -23/453   -19/151   -83/453  -101/453   -37/151  -113/453  -107/453   -31/151   -71/453   -41/453]
[   -1/151    43/453    97/453    53/151   229/453   307/453   131/151   487/453   589/453   233/151   817/453   943/453   359/151  1219/453  1369/453]
[  509/151  1693/453  1867/453   683/151  2239/453  2437/453   881/151  2857/453  3079/453  1103/151  3547/453  3793/453  1349/151  4309/453  4579/453]
[ 1619/151  5143/453  5437/453  1913/151  6049/453  6367/453  2231/151  7027/453  7369/453  2573/151  8077/453  8443/453  2939/151  9199/453  9589/453]
[ 3329/151 10393/453 10807/453  3743/151 11659/453 12097/453  4181/151 12091/453 11647/453  3737/151 10783/453 10363/453  3317/151  9547/453  9151/453]
[ 2921/151  8383/453  8011/453  2549/151  7291/453  6943/453  2201/151  6271/453  5947/453  1877/151  5323/453  5023/453  1577/151  4447/453  4171/453]
[ 1301/151  3643/453  3391/453  1049/151  2911/453  2683/453   821/151  2251/453  2047/453   617/151  1663/453  1483/453   437/151  1147/453   991/453]
[  281/151   703/453   571/453   149/151   331/453   223/453    41/151    31/453   -53/453   -43/151  -197/453  -257/453  -103/151  -353/453  -389/453]
[ -139/151  -437/453  -449/453         0         0         0         0         0         0         0         0         0         0         0         0]
---------------------------
SUCCESS for name = 13a901
---------------------------
13a910
Correction terms
[      -1  -31/153   29/153     3/17  -37/153 -163/153    -5/17 -295/153    5/153    -7/17  113/153  -79/153    -3/17  -37/153 -109/153]
[    7/17 -133/153     -5/9   -11/17 -175/153   -7/153   -23/17  143/153 -181/153     5/17  -97/153    5/153     5/17   23/153  -61/153]
[  -23/17 -109/153  -73/153   -11/17      7/9  -31/153     7/17 -211/153   65/153    -3/17  125/153  -91/153    -7/17  -97/153 -193/153]
[   -5/17   41/153   65/153     3/17  -73/153   71/153       -1  173/153 -175/153     3/17 -139/153  -61/153    -5/17  -91/153  107/153]
[   -7/17   11/153   23/153    -3/17  167/153   -7/153     7/17 -235/153      1/9   -11/17   29/153   95/153   -23/17   41/153  -79/153]
[    5/17  107/153  107/153     5/17  -79/153   41/153   -23/17   95/153   29/153   -11/17      1/9 -235/153     7/17   -7/153  167/153]
[   -3/17   23/153   11/153    -7/17  107/153  -91/153    -5/17  -61/153 -139/153     3/17 -175/153  173/153       -1   71/153  -73/153]
[    3/17   65/153   41/153    -5/17 -193/153  -97/153    -7/17  -91/153  125/153    -3/17   65/153 -211/153     7/17  -31/153      7/9]
[  -11/17  -73/153 -109/153   -23/17  -61/153   23/153     5/17    5/153  -97/153     5/17 -181/153  143/153   -23/17   -7/153 -175/153]
[  -11/17     -5/9 -133/153     7/17 -109/153  -37/153    -3/17  -79/153  113/153    -7/17    5/153 -295/153    -5/17 -163/153  -37/153]
[    3/17   29/153  -31/153        0        0        0        0        0        0        0        0        0        0        0        0]
Testing obstruction for
m1: 2, m2: 26,a: 0
Obstructed by Z^n/Q not being cyclic
Testing obstruction for
m1: 4, m2: 14,a: 3
[      -1 -139/153  -97/153    -3/17   71/153  197/153    39/17  227/153  131/153     7/17   23/153   11/153     3/17   71/153  143/153]
[   27/17  371/153     13/9    11/17    5/153  -61/153   -11/17 -109/153  -91/153    -5/17   29/153  131/153    29/17  419/153  299/153]
[   23/17  143/153  107/153    11/17      7/9  167/153    27/17  347/153  479/153    37/17  215/153  125/153     7/17   29/153   23/153]
[    5/17   95/153  173/153    31/17  413/153  269/153        1   65/153    5/153    -3/17  -31/153   -7/153     5/17  125/153  233/153]
[   41/17  227/153  113/153     3/17  -31/153  -61/153    -7/17  -37/153      1/9    11/17  209/153  347/153    23/17   95/153   11/153]
[   -5/17  -73/153  -73/153    -5/17   11/153   95/153    23/17  347/153  209/153    11/17      1/9  -37/153    -7/17  -61/153  -31/153]
[    3/17  113/153  227/153    41/17  233/153  125/153     5/17   -7/153  -31/153    -3/17    5/153   65/153        1  269/153  413/153]
[   31/17  173/153   95/153     5/17   23/153   29/153     7/17  125/153  215/153    37/17  479/153  347/153    27/17  167/153      7/9]
[   11/17  107/153  143/153    23/17  299/153  419/153    29/17  131/153   29/153    -5/17  -91/153 -109/153   -11/17  -61/153    5/153]
[   11/17     13/9  371/153    27/17  143/153   71/153     3/17   11/153   23/153     7/17  131/153  227/153    39/17  197/153   71/153]
[   -3/17  -97/153 -139/153        0        0        0        0        0        0        0        0        0        0        0        0]
Unobstructed
55
---------------------------
---------------------------
