13a82
Correction terms
[      -1  -51/137  -67/137 -185/137  143/137   95/137  -55/137  -33/137 -113/137  -21/137  -31/137 -143/137  -83/137  149/137    5/137]
[  33/137  -41/137 -217/137   53/137  -53/137 -261/137  -23/137  113/137 -127/137   79/137  -91/137  -89/137   85/137 -117/137 -147/137]
[  -5/137   35/137  -27/137   83/137 -183/137   -3/137   75/137 -223/137  -75/137  -29/137  -85/137   31/137   45/137  -43/137   41/137]
[  23/137  -97/137  -45/137  -95/137   27/137   47/137  -35/137   55/137   43/137  -71/137  -13/137  -57/137 -203/137   97/137   21/137]
[-157/137  111/137    3/137 -207/137   29/137 -111/137  -79/137  125/137  -47/137  -47/137  125/137  -79/137 -111/137   29/137 -207/137]
[   3/137  111/137 -157/137   21/137   97/137 -203/137  -57/137  -13/137  -71/137   43/137   55/137  -35/137   47/137   27/137  -95/137]
[ -45/137  -97/137   23/137   41/137  -43/137   45/137   31/137  -85/137  -29/137  -75/137 -223/137   75/137   -3/137 -183/137   83/137]
[ -27/137   35/137   -5/137 -147/137 -117/137   85/137  -89/137  -91/137   79/137 -127/137  113/137  -23/137 -261/137  -53/137   53/137]
[-217/137  -41/137   33/137    5/137  149/137  -83/137 -143/137  -31/137  -21/137 -113/137  -33/137  -55/137   95/137  143/137 -185/137]
[ -67/137  -51/137        0        0        0        0        0        0        0        0        0        0        0        0        0]
Testing obstruction for
m1: 2, m2: 24,a: 1
[      -1 -131/137 -113/137  -83/137  -41/137   13/137   79/137  157/137  247/137  349/137  463/137  589/137  727/137  603/137  491/137]
[ 391/137  303/137  227/137  163/137  111/137   71/137   43/137   27/137   23/137   31/137   51/137   83/137  127/137  183/137  251/137]
[ 331/137  423/137  527/137  643/137  771/137  637/137  515/137  405/137  307/137  221/137  147/137   85/137   35/137   -3/137  -29/137]
[ -43/137  -45/137  -35/137  -13/137   21/137   67/137  125/137  195/137  277/137  371/137  477/137  595/137  725/137  593/137  473/137]
[ 365/137  269/137  185/137  113/137   53/137    5/137  -31/137  -55/137  -67/137  -67/137  -55/137  -31/137    5/137   53/137  113/137]
[ 185/137  269/137  365/137  473/137  593/137  725/137  595/137  477/137  371/137  277/137  195/137  125/137   67/137   21/137  -13/137]
[ -35/137  -45/137  -43/137  -29/137   -3/137   35/137   85/137  147/137  221/137  307/137  405/137  515/137  637/137  771/137  643/137]
[ 527/137  423/137  331/137  251/137  183/137  127/137   83/137   51/137   31/137   23/137   27/137   43/137   71/137  111/137  163/137]
[ 227/137  303/137  391/137  491/137  603/137  727/137  589/137  463/137  349/137  247/137  157/137   79/137   13/137  -41/137  -83/137]
[-113/137 -131/137        0        0        0        0        0        0        0        0        0        0        0        0        0]
Testing obstruction for
m1: 12, m2: 14,a: 11
[      -1 -125/137  -89/137  -29/137   55/137  163/137  295/137  177/137   83/137   13/137  -33/137  -55/137  -53/137  -27/137   23/137]
[  97/137  195/137  317/137  189/137   85/137    5/137  -51/137  -83/137  -91/137  -75/137  -35/137   29/137  117/137  229/137  365/137]
[ 251/137  161/137   95/137   53/137   35/137   41/137   71/137  125/137  203/137  305/137  431/137  307/137  207/137  131/137   79/137]
[  51/137   47/137   67/137  111/137  179/137  271/137  387/137  253/137  143/137   57/137   -5/137  -43/137  -57/137  -47/137  -13/137]
[  45/137  127/137  233/137  363/137  243/137  147/137   75/137   27/137    3/137    3/137   27/137   75/137  147/137  243/137  363/137]
[ 233/137  127/137   45/137  -13/137  -47/137  -57/137  -43/137   -5/137   57/137  143/137  253/137  387/137  271/137  179/137  111/137]
[  67/137   47/137   51/137   79/137  131/137  207/137  307/137  431/137  305/137  203/137  125/137   71/137   41/137   35/137   53/137]
[  95/137  161/137  251/137  365/137  229/137  117/137   29/137  -35/137  -75/137  -91/137  -83/137  -51/137    5/137   85/137  189/137]
[ 317/137  195/137   97/137   23/137  -27/137  -53/137  -55/137  -33/137   13/137   83/137  177/137  295/137  163/137   55/137  -29/137]
[ -89/137 -125/137        0        0        0        0        0        0        0        0        0        0        0        0        0]
---------------------------
SUCCESS for name = 13a82
---------------------------
13a96
Correction terms
[      -1 -399/305  -71/305   69/305   21/305   -43/61  -29/305  -31/305 -221/305   11/305    11/61  -89/305 -421/305 -331/305  181/305]
[  -21/61   31/305  -21/305 -261/305  -79/305   -17/61 -279/305  -51/305  -11/305 -159/305   -99/61  201/305   99/305 -191/305  -59/305]
[  -23/61 -359/305 -181/305 -191/305  221/305   -33/61 -129/305 -281/305  -11/305   71/305    -7/61 -329/305 -201/305 -261/305  101/305]
[  -67/61  261/305   59/305 -331/305 -299/305    31/61 -189/305 -111/305 -221/305   91/305   -79/61  151/305 -101/305   69/305   51/305]
[  -31/61     -9/5   89/305  -71/305  191/305   -69/61  151/305 -151/305  -31/305  -99/305    51/61 -189/305 -211/305 -421/305 -209/305]
[  -37/61  261/305  -91/305  -21/305 -139/305    33/61 -329/305  209/305  -51/305  111/305  -105/61 -129/305   79/305   99/305  -69/305]
[   37/61 -359/305  129/305 -181/305  -69/305   -29/61  201/305 -251/305 -281/305  111/305    63/61 -279/305  159/305 -201/305 -139/305]
[  -53/61   31/305  139/305   59/305 -209/305   -11/61  -89/305  299/305 -111/305  -99/305   -55/61  -29/305   29/305 -101/305  191/305]
[   59/61 -399/305     -1/5   89/305   51/305   -35/61   21/305   29/305 -151/305   91/305    29/61   11/305  299/305 -211/305 -299/305]
[    7/61  181/305  139/305  -91/305  101/305    21/61  -79/305  159/305  209/305   71/305   -51/61 -159/305 -251/305   79/305  221/305]
[   35/61  -59/305  129/305  129/305  -59/305    35/61  221/305   79/305 -251/305 -159/305   -51/61   71/305  209/305  159/305  -79/305]
[   21/61  101/305  -91/305  139/305  181/305     7/61 -299/305 -211/305  299/305   11/305    29/61   91/305 -151/305   29/305   21/305]
[  -35/61   51/305   89/305     -1/5 -399/305    59/61  191/305 -101/305   29/305  -29/305   -55/61  -99/305 -111/305  299/305  -89/305]
[  -11/61 -209/305   59/305  139/305   31/305   -53/61 -139/305 -201/305  159/305 -279/305    63/61  111/305 -281/305 -251/305  201/305]
[  -29/61  -69/305 -181/305  129/305 -359/305    37/61  -69/305   99/305   79/305 -129/305  -105/61  111/305  -51/305  209/305 -329/305]
[   33/61 -139/305  -21/305  -91/305  261/305   -37/61 -209/305 -421/305 -211/305 -189/305    51/61  -99/305  -31/305 -151/305  151/305]
[  -69/61  191/305  -71/305   89/305     -9/5   -31/61   51/305   69/305 -101/305  151/305   -79/61   91/305 -221/305 -111/305 -189/305]
[   31/61 -299/305 -331/305   59/305  261/305   -67/61  101/305 -261/305 -201/305 -329/305    -7/61   71/305  -11/305 -281/305 -129/305]
[  -33/61  221/305 -191/305 -181/305 -359/305   -23/61  -59/305 -191/305   99/305  201/305   -99/61 -159/305  -11/305  -51/305 -279/305]
[  -17/61  -79/305 -261/305  -21/305   31/305   -21/61  181/305 -331/305 -421/305  -89/305    11/61   11/305 -221/305  -31/305  -29/305]
[  -43/61   21/305   69/305  -71/305 -399/305        0        0        0        0        0        0        0        0        0        0]
Testing obstruction for
m1: 2, m2: 52,a: 1
[      -1 -299/305 -281/305 -251/305 -209/305   -31/61  -89/305  -11/305   79/305  181/305    59/61  421/305  559/305  709/305  871/305]
[  209/61 1231/305 1429/305 1639/305 1861/305   419/61 2341/305 2599/305 2869/305 3151/305   689/61 3751/305 3459/305 3179/305 2911/305]
[  531/61 2411/305 2179/305 1959/305 1751/305   311/61 1371/305 1199/305 1039/305  891/305   151/61  631/305  519/305  419/305  331/305]
[   51/61  191/305  139/305   99/305   71/305    11/61   51/305   59/305   79/305  111/305    31/61  211/305  279/305  359/305  451/305]
[  111/61     11/5  799/305  939/305 1091/305   251/61 1431/305 1619/305 1819/305 2031/305   451/61 2491/305 2739/305 2999/305 3271/305]
[  711/61 3851/305 3549/305 3259/305 2981/305   543/61 2461/305 2219/305 1989/305 1771/305   313/61 1371/305 1189/305 1019/305  861/305]
[  143/61  581/305  459/305  349/305  251/305    33/61   91/305   29/305  -21/305  -59/305   -17/61  -99/305 -101/305  -91/305  -69/305]
[   -7/61   11/305   69/305  139/305  221/305    63/61  421/305  539/305  669/305  811/305   193/61 1131/305 1309/305 1499/305 1701/305]
[  383/61 2141/305     39/5 2629/305 2891/305   633/61 3451/305 3749/305 3449/305 3161/305   577/61 2621/305 2369/305 2129/305 1901/305]
[  337/61 1481/305 1289/305 1109/305  941/305   157/61  641/305  509/305  389/305  281/305    37/61  101/305   29/305  -31/305  -79/305]
[  -23/61 -139/305 -151/305 -151/305 -139/305   -23/61  -79/305  -31/305   29/305  101/305    37/61  281/305  389/305  509/305  641/305]
[  157/61  941/305 1109/305 1289/305 1481/305   337/61 1901/305 2129/305 2369/305 2621/305   577/61 3161/305 3449/305 3749/305 3451/305]
[  633/61 2891/305 2629/305     39/5 2141/305   383/61 1701/305 1499/305 1309/305 1131/305   193/61  811/305  669/305  539/305  421/305]
[   63/61  221/305  139/305   69/305   11/305    -7/61  -69/305  -91/305 -101/305  -99/305   -17/61  -59/305  -21/305   29/305   91/305]
[   33/61  251/305  349/305  459/305  581/305   143/61  861/305 1019/305 1189/305 1371/305   313/61 1771/305 1989/305 2219/305 2461/305]
[  543/61 2981/305 3259/305 3549/305 3851/305   711/61 3271/305 2999/305 2739/305 2491/305   451/61 2031/305 1819/305 1619/305 1431/305]
[  251/61 1091/305  939/305  799/305     11/5   111/61  451/305  359/305  279/305  211/305    31/61  111/305   79/305   59/305   51/305]
[   11/61   71/305   99/305  139/305  191/305    51/61  331/305  419/305  519/305  631/305   151/61  891/305 1039/305 1199/305 1371/305]
[  311/61 1751/305 1959/305 2179/305 2411/305   531/61 2911/305 3179/305 3459/305 3751/305   689/61 3151/305 2869/305 2599/305 2341/305]
[  419/61 1861/305 1639/305 1429/305 1231/305   209/61  871/305  709/305  559/305  421/305    59/61  181/305   79/305  -11/305  -89/305]
[  -31/61 -209/305 -251/305 -281/305 -299/305        0        0        0        0        0        0        0        0        0        0]
Unobstructed
49
---------------------------
---------------------------
13a106
Correction terms
[      -1 -281/305 -209/305  -89/305   79/305    59/61  -51/305  261/305   11/305 -191/305   -69/61  159/305  101/305   91/305  129/305]
[  -79/61 -261/305  -79/305  151/305 -181/305    29/61  -91/305 -279/305  191/305   99/305    11/61   59/305  111/305 -399/305 -251/305]
[  -11/61 -421/305 -129/305 -399/305  -11/305   -37/61  299/305  221/305  191/305  209/305   -67/61 -221/305  -59/305  151/305 -201/305]
[   21/61 -151/305 -359/305   91/305  -21/305   -17/61 -101/305  -69/305   11/305  139/305    63/61  -71/305  201/305  -89/305 -331/305]
[ -105/61     -1/5 -159/305 -209/305 -211/305   -33/61  -71/305   71/305  261/305 -111/305    35/61 -101/305 -329/305  101/305  -31/305]
[  -23/61 -151/305 -139/305  -79/305   29/305    37/61 -221/305   31/305 -279/305   69/305   -29/61  299/305  181/305  111/305   89/305]
[  -99/61 -421/305 -299/305 -129/305   89/305   -51/61   59/305 -189/305  221/305   69/305    -7/61  -91/305  -99/305  -59/305   29/305]
[   33/61 -261/305  -29/305 -359/305  -31/305   -53/61  159/305   21/305  -69/305 -111/305   -21/61  -51/305   51/305  201/305 -211/305]
[    7/61 -281/305     -9/5 -159/305 -331/305    31/61   79/305   51/305   71/305  139/305    51/61 -191/305   21/305 -329/305  -21/305]
[  -55/61  129/305  -29/305 -139/305 -201/305   -43/61 -181/305  -99/305   31/305  209/305   -35/61   99/305 -189/305  181/305  -11/305]
[  -31/61 -251/305 -299/305 -299/305 -251/305   -31/61  -11/305  181/305 -189/305   99/305   -35/61  209/305   31/305  -99/305 -181/305]
[  -43/61 -201/305 -139/305  -29/305  129/305   -55/61  -21/305 -329/305   21/305 -191/305    51/61  139/305   71/305   51/305   79/305]
[   31/61 -331/305 -159/305     -9/5 -281/305     7/61 -211/305  201/305   51/305  -51/305   -21/61 -111/305  -69/305   21/305  159/305]
[  -53/61  -31/305 -359/305  -29/305 -261/305    33/61   29/305  -59/305  -99/305  -91/305    -7/61   69/305  221/305 -189/305   59/305]
[  -51/61   89/305 -129/305 -299/305 -421/305   -99/61   89/305  111/305  181/305  299/305   -29/61   69/305 -279/305   31/305 -221/305]
[   37/61   29/305  -79/305 -139/305 -151/305   -23/61  -31/305  101/305 -329/305 -101/305    35/61 -111/305  261/305   71/305  -71/305]
[  -33/61 -211/305 -209/305 -159/305     -1/5  -105/61 -331/305  -89/305  201/305  -71/305    63/61  139/305   11/305  -69/305 -101/305]
[  -17/61  -21/305   91/305 -359/305 -151/305    21/61 -201/305  151/305  -59/305 -221/305   -67/61  209/305  191/305  221/305  299/305]
[  -37/61  -11/305 -399/305 -129/305 -421/305   -11/61 -251/305 -399/305  111/305   59/305    11/61   99/305  191/305 -279/305  -91/305]
[   29/61 -181/305  151/305  -79/305 -261/305   -79/61  129/305   91/305  101/305  159/305   -69/61 -191/305   11/305  261/305  -51/305]
[   59/61   79/305  -89/305 -209/305 -281/305        0        0        0        0        0        0        0        0        0        0]
Testing obstruction for
m1: 2, m2: 52,a: 1
[      -1 -299/305 -281/305 -251/305 -209/305   -31/61  -89/305  -11/305   79/305  181/305    59/61  421/305  559/305  709/305  871/305]
[  209/61 1231/305 1429/305 1639/305 1861/305   419/61 2341/305 2599/305 2869/305 3151/305   689/61 3751/305 3459/305 3179/305 2911/305]
[  531/61 2411/305 2179/305 1959/305 1751/305   311/61 1371/305 1199/305 1039/305  891/305   151/61  631/305  519/305  419/305  331/305]
[   51/61  191/305  139/305   99/305   71/305    11/61   51/305   59/305   79/305  111/305    31/61  211/305  279/305  359/305  451/305]
[  111/61     11/5  799/305  939/305 1091/305   251/61 1431/305 1619/305 1819/305 2031/305   451/61 2491/305 2739/305 2999/305 3271/305]
[  711/61 3851/305 3549/305 3259/305 2981/305   543/61 2461/305 2219/305 1989/305 1771/305   313/61 1371/305 1189/305 1019/305  861/305]
[  143/61  581/305  459/305  349/305  251/305    33/61   91/305   29/305  -21/305  -59/305   -17/61  -99/305 -101/305  -91/305  -69/305]
[   -7/61   11/305   69/305  139/305  221/305    63/61  421/305  539/305  669/305  811/305   193/61 1131/305 1309/305 1499/305 1701/305]
[  383/61 2141/305     39/5 2629/305 2891/305   633/61 3451/305 3749/305 3449/305 3161/305   577/61 2621/305 2369/305 2129/305 1901/305]
[  337/61 1481/305 1289/305 1109/305  941/305   157/61  641/305  509/305  389/305  281/305    37/61  101/305   29/305  -31/305  -79/305]
[  -23/61 -139/305 -151/305 -151/305 -139/305   -23/61  -79/305  -31/305   29/305  101/305    37/61  281/305  389/305  509/305  641/305]
[  157/61  941/305 1109/305 1289/305 1481/305   337/61 1901/305 2129/305 2369/305 2621/305   577/61 3161/305 3449/305 3749/305 3451/305]
[  633/61 2891/305 2629/305     39/5 2141/305   383/61 1701/305 1499/305 1309/305 1131/305   193/61  811/305  669/305  539/305  421/305]
[   63/61  221/305  139/305   69/305   11/305    -7/61  -69/305  -91/305 -101/305  -99/305   -17/61  -59/305  -21/305   29/305   91/305]
[   33/61  251/305  349/305  459/305  581/305   143/61  861/305 1019/305 1189/305 1371/305   313/61 1771/305 1989/305 2219/305 2461/305]
[  543/61 2981/305 3259/305 3549/305 3851/305   711/61 3271/305 2999/305 2739/305 2491/305   451/61 2031/305 1819/305 1619/305 1431/305]
[  251/61 1091/305  939/305  799/305     11/5   111/61  451/305  359/305  279/305  211/305    31/61  111/305   79/305   59/305   51/305]
[   11/61   71/305   99/305  139/305  191/305    51/61  331/305  419/305  519/305  631/305   151/61  891/305 1039/305 1199/305 1371/305]
[  311/61 1751/305 1959/305 2179/305 2411/305   531/61 2911/305 3179/305 3459/305 3751/305   689/61 3151/305 2869/305 2599/305 2341/305]
[  419/61 1861/305 1639/305 1429/305 1231/305   209/61  871/305  709/305  559/305  421/305    59/61  181/305   79/305  -11/305  -89/305]
[  -31/61 -209/305 -251/305 -281/305 -299/305        0        0        0        0        0        0        0        0        0        0]
Unobstructed
92
---------------------------
---------------------------
13a112
Correction terms
[      -1  -73/345   53/345   11/115 -133/345    49/69  -71/115 -127/345 -187/345 -131/115   -11/69  137/345   61/115   83/345 -163/345]
[    9/23  287/345 -397/345   51/115 -133/345    25/69   79/115  203/345     1/15 -101/115   -17/69  -13/345  -29/115 -307/345   17/345]
[   13/23  227/345  113/345  -49/115 -553/345    55/69   89/115  113/345 -187/345   19/115    31/69  107/345  -29/115 -427/345 -223/345]
[  -11/23    19/15  203/345  -59/115  -13/345     1/69  -41/115  293/345 -127/345   -1/115    -5/69 -193/345   61/115 -277/345 -193/345]
[  -17/23  227/345 -127/345   21/115  107/345     1/69  -81/115   53/345 -487/345      3/5    13/69 -223/345   11/115  143/345  107/345]
[   -5/23 -403/345 -187/345  -39/115 -193/345    55/69  -31/115   83/345  113/345   -1/115   -53/69   17/345   51/115  143/345  -13/345]
[  -21/23  -73/345     1/15   -9/115 -223/345    25/69 -121/115  383/345  293/345   19/115   -65/69 -163/345  -49/115  413/345  137/345]
[  -19/23 -163/345 -187/345  111/115   17/345   -89/69 -121/115  263/345   53/345  129/115     -1/3  -73/345  -59/115  263/345 -133/345]
[    1/23   17/345 -127/345   91/115 -163/345   -11/69  -31/115 -277/345   83/345   99/115   -65/69  287/345   21/115 -307/345 -133/345]
[   -7/23 -223/345  203/345     -3/5  -73/345   -17/69  -81/115  143/345 -307/345  -71/115   -53/69  227/345  -39/115   83/345  137/345]
[    3/23 -193/345  113/345 -139/115  287/345    31/69  -41/115  143/345 -427/345   79/115    13/69   -11/15   -9/115   53/345  -13/345]
[   31/23  107/345 -397/345 -119/115  227/345    -5/69   89/115 -277/345 -277/345   89/115    -5/69  227/345 -119/115 -397/345  107/345]
[   31/23  -13/345   53/345   -9/115   -11/15    13/69   79/115 -427/345  143/345  -41/115    31/69  287/345 -139/115  113/345 -193/345]
[    3/23  137/345   83/345  -39/115  227/345   -53/69  -71/115 -307/345  143/345  -81/115   -17/69  -73/345     -3/5  203/345 -223/345]
[   -7/23 -133/345 -307/345   21/115  287/345   -65/69   99/115   83/345 -277/345  -31/115   -11/69 -163/345   91/115 -127/345   17/345]
[    1/23 -133/345  263/345  -59/115  -73/345     -1/3  129/115   53/345  263/345 -121/115   -89/69   17/345  111/115 -187/345 -163/345]
[  -19/23  137/345  413/345  -49/115 -163/345   -65/69   19/115  293/345  383/345 -121/115    25/69 -223/345   -9/115     1/15  -73/345]
[  -21/23  -13/345  143/345   51/115   17/345   -53/69   -1/115  113/345   83/345  -31/115    55/69 -193/345  -39/115 -187/345 -403/345]
[   -5/23  107/345  143/345   11/115 -223/345    13/69      3/5 -487/345   53/345  -81/115     1/69  107/345   21/115 -127/345  227/345]
[  -17/23 -193/345 -277/345   61/115 -193/345    -5/69   -1/115 -127/345  293/345  -41/115     1/69  -13/345  -59/115  203/345    19/15]
[  -11/23 -223/345 -427/345  -29/115  107/345    31/69   19/115 -187/345  113/345   89/115    55/69 -553/345  -49/115  113/345  227/345]
[   13/23   17/345 -307/345  -29/115  -13/345   -17/69 -101/115     1/15  203/345   79/115    25/69 -133/345   51/115 -397/345  287/345]
[    9/23 -163/345   83/345   61/115  137/345   -11/69 -131/115 -187/345 -127/345  -71/115    49/69 -133/345   11/115   53/345  -73/345]
[       0        0        0        0        0        0        0        0        0        0        0        0        0        0        0]
Testing obstruction for
m1: 2, m2: 58,a: 0
[      -1 -109/345  -91/345  -97/115  -19/345     7/69  -43/115  179/345  269/345   47/115    97/69  611/345  173/115  899/345 1061/345]
[   67/23 1421/345 1619/345  533/115 2051/345   457/69  767/115 2789/345   133/15 1037/115   727/69 3941/345 1343/115 4589/345 4931/345]
[  291/23 4271/345 3959/345 1143/115 3371/345   619/69  867/115 2579/345 2339/345  627/115   379/69 1691/345  423/115 1319/345 1151/345]
[   51/23    37/15  719/345  123/115  491/345    79/69   27/115  239/345  179/345  -33/115    19/69   71/345  -57/115   59/345   71/345]
[   -9/23  131/345  179/345    3/115  311/345    79/69   87/115  599/345  719/345      9/5   199/69 1151/345  363/115 1499/345 1691/345]
[  111/23 2111/345 2339/345  783/115 2831/345   619/69 1047/115 3659/345 3959/345 1347/115   919/69 4931/345 1453/115 4259/345 3941/345]
[  227/23 3341/345   133/15  853/115 2531/345   457/69  607/115 1829/345 1619/345  397/115   247/69 1061/345  223/115  749/345  611/345]
[   17/23  371/345  269/345  -17/115  101/345     7/69  -83/115  -61/345  -91/345 -113/115     -1/3 -109/345 -107/115  -61/345  -19/345]
[  -13/23  101/345  179/345   13/115  371/345    97/69  127/115  749/345  899/345  277/115   247/69 1421/345  463/115 1829/345 2051/345]
[  137/23 2531/345 2789/345     41/5 3341/345   727/69 1237/115 4259/345 4589/345 1567/115   919/69 4271/345 1243/115 3659/345 3371/345]
[  191/23 2831/345 2579/345  703/115 2111/345   379/69  487/115 1499/345 1319/345  307/115   199/69    37/15  163/115  599/345  491/345]
[   11/23  311/345  239/345  -17/115  131/345    19/69  -53/115   59/345   59/345  -53/115    19/69  131/345  -17/115  239/345  311/345]
[   11/23  491/345  599/345  163/115    37/15   199/69  307/115 1319/345 1499/345  487/115   379/69 2111/345  703/115 2579/345 2831/345]
[  191/23 3371/345 3659/345 1243/115 4271/345   919/69 1567/115 4589/345 4259/345 1237/115   727/69 3341/345     41/5 2789/345 2531/345]
[  137/23 2051/345 1829/345  463/115 1421/345   247/69  277/115  899/345  749/345  127/115    97/69  371/345   13/115  179/345  101/345]
[  -13/23  -19/345  -61/345 -107/115 -109/345     -1/3 -113/115  -91/345  -61/345  -83/115     7/69  101/345  -17/115  269/345  371/345]
[   17/23  611/345  749/345  223/115 1061/345   247/69  397/115 1619/345 1829/345  607/115   457/69 2531/345  853/115   133/15 3341/345]
[  227/23 3941/345 4259/345 1453/115 4931/345   919/69 1347/115 3959/345 3659/345 1047/115   619/69 2831/345  783/115 2339/345 2111/345]
[  111/23 1691/345 1499/345  363/115 1151/345   199/69      9/5  719/345  599/345   87/115    79/69  311/345    3/115  179/345  131/345]
[   -9/23   71/345   59/345  -57/115   71/345    19/69  -33/115  179/345  239/345   27/115    79/69  491/345  123/115  719/345    37/15]
[   51/23 1151/345 1319/345  423/115 1691/345   379/69  627/115 2339/345 2579/345  867/115   619/69 3371/345 1143/115 3959/345 4271/345]
[  291/23 4931/345 4589/345 1343/115 3941/345   727/69 1037/115   133/15 2789/345  767/115   457/69 2051/345  533/115 1619/345 1421/345]
[   67/23 1061/345  899/345  173/115  611/345    97/69   47/115  269/345  179/345  -43/115     7/69  -19/345  -97/115  -91/345 -109/345]
[       0        0        0        0        0        0        0        0        0        0        0        0        0        0        0]
Testing obstruction for
m1: 8, m2: 12,a: 0
[      -1 -269/345  -41/345  113/115  871/345   173/69  337/115  619/345  379/345   97/115    71/69  571/345   83/115   79/345   61/345]
[   13/23  481/345  919/345  273/115  871/345    77/69   17/115 -131/345    -7/15  -13/115    47/69  661/345  183/115  589/345  781/345]
[   29/23  241/345  199/345  103/115  571/345    59/69   57/115  199/345  379/345  237/115   239/69 1141/345  183/115  109/345 -179/345]
[  -21/23   -13/15 -131/345   63/115  661/345   119/69  227/115  919/345  619/345  157/115    95/69  631/345   83/115   19/345  -59/345]
[    1/23  241/345  619/345  383/115 1141/345   119/69   67/115  -41/345 -131/345     -1/5    29/69  511/345  113/115  319/345  451/345]
[   49/23  481/345  379/345  143/115  631/345    59/69   37/115   79/345  199/345  157/115   179/69 1471/345  273/115  319/345  -29/345]
[  -15/23 -269/345    -7/15   33/115  511/345    77/69  137/115  589/345  919/345  237/115   131/69  751/345  103/115   19/345 -119/345]
[   -7/23   61/345  379/345  283/115 1471/345   173/69  137/115  109/345  -41/345  -13/115      1/3  421/345   63/115  109/345  181/345]
[   27/23  781/345  619/345  203/115  751/345    71/69   37/115   19/345   79/345   97/115   131/69 1171/345  383/115  589/345  181/345]
[   -5/23 -179/345 -131/345      1/5  421/345    47/69   67/115  319/345  589/345  337/115   179/69  931/345  143/115   79/345 -119/345]
[  -11/23  -59/345  199/345  203/115 1171/345   239/69  227/115  319/345  109/345   17/115    29/69    17/15   33/115  -41/345  -29/345]
[    9/23  451/345  919/345  283/115  931/345    95/69   57/115   19/345   19/345   57/115    95/69  931/345  283/115  919/345  451/345]
[    9/23  -29/345  -41/345   33/115    17/15    29/69   17/115  109/345  319/345  227/115   239/69 1171/345  203/115  199/345  -59/345]
[  -11/23 -119/345   79/345  143/115  931/345   179/69  337/115  589/345  319/345   67/115    47/69  421/345      1/5 -131/345 -179/345]
[   -5/23  181/345  589/345  383/115 1171/345   131/69   97/115   79/345   19/345   37/115    71/69  751/345  203/115  619/345  781/345]
[   27/23  181/345  109/345   63/115  421/345      1/3  -13/115  -41/345  109/345  137/115   173/69 1471/345  283/115  379/345   61/345]
[   -7/23 -119/345   19/345  103/115  751/345   131/69  237/115  919/345  589/345  137/115    77/69  511/345   33/115    -7/15 -269/345]
[  -15/23  -29/345  319/345  273/115 1471/345   179/69  157/115  199/345   79/345   37/115    59/69  631/345  143/115  379/345  481/345]
[   49/23  451/345  319/345  113/115  511/345    29/69     -1/5 -131/345  -41/345   67/115   119/69 1141/345  383/115  619/345  241/345]
[    1/23  -59/345   19/345   83/115  631/345    95/69  157/115  619/345  919/345  227/115   119/69  661/345   63/115 -131/345   -13/15]
[  -21/23 -179/345  109/345  183/115 1141/345   239/69  237/115  379/345  199/345   57/115    59/69  571/345  103/115  199/345  241/345]
[   29/23  781/345  589/345  183/115  661/345    47/69  -13/115    -7/15 -131/345   17/115    77/69  871/345  273/115  919/345  481/345]
[   13/23   61/345   79/345   83/115  571/345    71/69   97/115  379/345  619/345  337/115   173/69  871/345  113/115  -41/345 -269/345]
[       0        0        0        0        0        0        0        0        0        0        0        0        0        0        0]
Testing obstruction for
m1: 10, m2: 10,a: 2
[      -1 -307/345 -193/345   -1/115  263/345   121/69  111/115  137/345   17/345   -9/115     1/69  113/345   99/115  557/345  893/345]
[   41/23  413/345  287/345   79/115  263/345    73/69  181/115  797/345    49/15  281/115   127/69  503/345  149/115  467/345  563/345]
[   49/23  983/345  617/345  109/115  113/345    -5/69  -29/115  -73/345   17/345   61/115    85/69  743/345  149/115  227/345   83/345]
[    1/23     1/15  107/345   89/115  503/345   163/69  171/115  287/345  137/345   21/115    13/69  143/345   99/115  527/345  833/345]
[   81/23  983/345  827/345  249/115  743/345   163/69  321/115 1187/345  797/345      7/5    49/69   83/345   -1/115  -13/345   53/345]
[   13/23  413/345  707/345  129/115  143/345    -5/69  -39/115 -133/345  -73/345   21/115    55/69  563/345   79/115  -13/345 -187/345]
[  -19/23 -307/345   -11/15  -41/115   83/345    73/69  241/115  467/345  287/345   61/115    31/69  203/345  109/115  527/345  803/345]
[   77/23  893/345  707/345  199/115  563/345   121/69  241/115  917/345 1187/345  281/115      5/3  383/345   89/115  227/345  263/345]
[   25/23  563/345  827/345  159/115  203/345     1/69  -39/115 -163/345 -133/345   -9/115    31/69  413/345  249/115  467/345  263/345]
[    9/23   83/345  107/345      3/5  383/345   127/69  321/115  677/345  467/345  111/115    55/69  293/345  129/115  557/345  803/345]
[   75/23  833/345  617/345  159/115  413/345    85/69  171/115  677/345  917/345  181/115    49/69     1/15  -41/115 -193/345 -187/345]
[   -7/23   53/345  287/345  199/115  293/345    13/69  -29/115 -163/345 -163/345  -29/115    13/69  293/345  199/115  287/345   53/345]
[   -7/23 -187/345 -193/345  -41/115     1/15    49/69  181/115  917/345  677/345  171/115    85/69  413/345  159/115  617/345  833/345]
[   75/23  803/345  557/345  129/115  293/345    55/69  111/115  467/345  677/345  321/115   127/69  383/345      3/5  107/345   83/345]
[    9/23  263/345  467/345  249/115  413/345    31/69   -9/115 -133/345 -163/345  -39/115     1/69  203/345  159/115  827/345  563/345]
[   25/23  263/345  227/345   89/115  383/345      5/3  281/115 1187/345  917/345  241/115   121/69  563/345  199/115  707/345  893/345]
[   77/23  803/345  527/345  109/115  203/345    31/69   61/115  287/345  467/345  241/115    73/69   83/345  -41/115   -11/15 -307/345]
[  -19/23 -187/345  -13/345   79/115  563/345    55/69   21/115  -73/345 -133/345  -39/115    -5/69  143/345  129/115  707/345  413/345]
[   13/23   53/345  -13/345   -1/115   83/345    49/69      7/5  797/345 1187/345  321/115   163/69  743/345  249/115  827/345  983/345]
[   81/23  833/345  527/345   99/115  143/345    13/69   21/115  137/345  287/345  171/115   163/69  503/345   89/115  107/345     1/15]
[    1/23   83/345  227/345  149/115  743/345    85/69   61/115   17/345  -73/345  -29/115    -5/69  113/345  109/115  617/345  983/345]
[   49/23  563/345  467/345  149/115  503/345   127/69  281/115    49/15  797/345  181/115    73/69  263/345   79/115  287/345  413/345]
[   41/23  893/345  557/345   99/115  113/345     1/69   -9/115   17/345  137/345  111/115   121/69  263/345   -1/115 -193/345 -307/345]
[       0        0        0        0        0        0        0        0        0        0        0        0        0        0        0]
Unobstructed
28
---------------------------
---------------------------
13a123
Correction terms
[      -1   53/345 -133/345  -71/115 -187/345   -11/69   61/115 -163/345  287/345   51/115    25/69  203/345 -101/115  -13/345 -307/345]
[   13/23  113/345  137/345   89/115 -187/345    31/69  -29/115 -223/345   -11/15  -59/115     1/69 -397/345   -1/115 -193/345 -277/345]
[  -17/23 -127/345  107/345  -81/115  203/345    13/69   11/115  107/345  287/345  -39/115    55/69   83/345   -1/115   17/345  143/345]
[  -21/23     1/15 -223/345 -121/115 -397/345   -65/69  -49/115  137/345 -163/345  111/115    49/69  263/345  129/115  -73/345  263/345]
[    1/23 -127/345 -163/345  -31/115   83/345   -65/69   21/115 -133/345 -223/345     -3/5   -17/69  143/345  -71/115  227/345   83/345]
[    3/23  113/345 -403/345  -41/115 -427/345    13/69   -9/115  -13/345  107/345 -119/115    -5/69 -277/345   89/115  227/345  293/345]
[   31/23   53/345    19/15   79/115  143/345    31/69 -139/115 -193/345 -553/345  -39/115   -53/69 -307/345  -81/115  -73/345  203/345]
[   -7/23  383/345  287/345   99/115  413/345   -11/69   91/115   17/345 -133/345  -59/115     -1/3   53/345 -121/115   17/345 -187/345]
[  -19/23 -277/345 -163/345   19/115 -307/345    25/69   -9/115  -73/345  -13/345   51/115   -53/69  113/345  -31/115 -193/345 -187/345]
[   -5/23  143/345 -223/345      3/5   53/345     1/69   21/115  227/345 -193/345   61/115    -5/69 -127/345  -41/115  -13/345 -487/345]
[  -11/23 -427/345  107/345   19/115  113/345    55/69  -49/115  227/345   17/345  -29/115   -17/69     1/15   79/115 -133/345  293/345]
[    9/23   83/345  137/345 -131/115 -127/345   -89/69   11/115  -73/345  -73/345   11/115   -89/69 -127/345 -131/115  137/345   83/345]
[    9/23  293/345 -133/345   79/115     1/15   -17/69  -29/115   17/345  227/345  -49/115    55/69  113/345   19/115  107/345 -427/345]
[  -11/23 -487/345  -13/345  -41/115 -127/345    -5/69   61/115 -193/345  227/345   21/115     1/69   53/345      3/5 -223/345  143/345]
[   -5/23 -187/345 -193/345  -31/115  113/345   -53/69   51/115  -13/345  -73/345   -9/115    25/69 -307/345   19/115 -163/345 -277/345]
[  -19/23 -187/345   17/345 -121/115   53/345     -1/3  -59/115 -133/345   17/345   91/115   -11/69  413/345   99/115  287/345  383/345]
[   -7/23  203/345  -73/345  -81/115 -307/345   -53/69  -39/115 -553/345 -193/345 -139/115    31/69  143/345   79/115    19/15   53/345]
[   31/23  293/345  227/345   89/115 -277/345    -5/69 -119/115  107/345  -13/345   -9/115    13/69 -427/345  -41/115 -403/345  113/345]
[    3/23   83/345  227/345  -71/115  143/345   -17/69     -3/5 -223/345 -133/345   21/115   -65/69   83/345  -31/115 -163/345 -127/345]
[    1/23  263/345  -73/345  129/115  263/345    49/69  111/115 -163/345  137/345  -49/115   -65/69 -397/345 -121/115 -223/345     1/15]
[  -21/23  143/345   17/345   -1/115   83/345    55/69  -39/115  287/345  107/345   11/115    13/69  203/345  -81/115  107/345 -127/345]
[  -17/23 -277/345 -193/345   -1/115 -397/345     1/69  -59/115   -11/15 -223/345  -29/115    31/69 -187/345   89/115  137/345  113/345]
[   13/23 -307/345  -13/345 -101/115  203/345    25/69   51/115  287/345 -163/345   61/115   -11/69 -187/345  -71/115 -133/345   53/345]
[       0        0        0        0        0        0        0        0        0        0        0        0        0        0        0]
Testing obstruction for
m1: 2, m2: 58,a: 0
[      -1 -109/345  -91/345  -97/115  -19/345     7/69  -43/115  179/345  269/345   47/115    97/69  611/345  173/115  899/345 1061/345]
[   67/23 1421/345 1619/345  533/115 2051/345   457/69  767/115 2789/345   133/15 1037/115   727/69 3941/345 1343/115 4589/345 4931/345]
[  291/23 4271/345 3959/345 1143/115 3371/345   619/69  867/115 2579/345 2339/345  627/115   379/69 1691/345  423/115 1319/345 1151/345]
[   51/23    37/15  719/345  123/115  491/345    79/69   27/115  239/345  179/345  -33/115    19/69   71/345  -57/115   59/345   71/345]
[   -9/23  131/345  179/345    3/115  311/345    79/69   87/115  599/345  719/345      9/5   199/69 1151/345  363/115 1499/345 1691/345]
[  111/23 2111/345 2339/345  783/115 2831/345   619/69 1047/115 3659/345 3959/345 1347/115   919/69 4931/345 1453/115 4259/345 3941/345]
[  227/23 3341/345   133/15  853/115 2531/345   457/69  607/115 1829/345 1619/345  397/115   247/69 1061/345  223/115  749/345  611/345]
[   17/23  371/345  269/345  -17/115  101/345     7/69  -83/115  -61/345  -91/345 -113/115     -1/3 -109/345 -107/115  -61/345  -19/345]
[  -13/23  101/345  179/345   13/115  371/345    97/69  127/115  749/345  899/345  277/115   247/69 1421/345  463/115 1829/345 2051/345]
[  137/23 2531/345 2789/345     41/5 3341/345   727/69 1237/115 4259/345 4589/345 1567/115   919/69 4271/345 1243/115 3659/345 3371/345]
[  191/23 2831/345 2579/345  703/115 2111/345   379/69  487/115 1499/345 1319/345  307/115   199/69    37/15  163/115  599/345  491/345]
[   11/23  311/345  239/345  -17/115  131/345    19/69  -53/115   59/345   59/345  -53/115    19/69  131/345  -17/115  239/345  311/345]
[   11/23  491/345  599/345  163/115    37/15   199/69  307/115 1319/345 1499/345  487/115   379/69 2111/345  703/115 2579/345 2831/345]
[  191/23 3371/345 3659/345 1243/115 4271/345   919/69 1567/115 4589/345 4259/345 1237/115   727/69 3341/345     41/5 2789/345 2531/345]
[  137/23 2051/345 1829/345  463/115 1421/345   247/69  277/115  899/345  749/345  127/115    97/69  371/345   13/115  179/345  101/345]
[  -13/23  -19/345  -61/345 -107/115 -109/345     -1/3 -113/115  -91/345  -61/345  -83/115     7/69  101/345  -17/115  269/345  371/345]
[   17/23  611/345  749/345  223/115 1061/345   247/69  397/115 1619/345 1829/345  607/115   457/69 2531/345  853/115   133/15 3341/345]
[  227/23 3941/345 4259/345 1453/115 4931/345   919/69 1347/115 3959/345 3659/345 1047/115   619/69 2831/345  783/115 2339/345 2111/345]
[  111/23 1691/345 1499/345  363/115 1151/345   199/69      9/5  719/345  599/345   87/115    79/69  311/345    3/115  179/345  131/345]
[   -9/23   71/345   59/345  -57/115   71/345    19/69  -33/115  179/345  239/345   27/115    79/69  491/345  123/115  719/345    37/15]
[   51/23 1151/345 1319/345  423/115 1691/345   379/69  627/115 2339/345 2579/345  867/115   619/69 3371/345 1143/115 3959/345 4271/345]
[  291/23 4931/345 4589/345 1343/115 3941/345   727/69 1037/115   133/15 2789/345  767/115   457/69 2051/345  533/115 1619/345 1421/345]
[   67/23 1061/345  899/345  173/115  611/345    97/69   47/115  269/345  179/345  -43/115     7/69  -19/345  -97/115  -91/345 -109/345]
[       0        0        0        0        0        0        0        0        0        0        0        0        0        0        0]
Testing obstruction for
m1: 8, m2: 12,a: 0
[      -1 -269/345  -41/345  113/115  871/345   173/69  337/115  619/345  379/345   97/115    71/69  571/345   83/115   79/345   61/345]
[   13/23  481/345  919/345  273/115  871/345    77/69   17/115 -131/345    -7/15  -13/115    47/69  661/345  183/115  589/345  781/345]
[   29/23  241/345  199/345  103/115  571/345    59/69   57/115  199/345  379/345  237/115   239/69 1141/345  183/115  109/345 -179/345]
[  -21/23   -13/15 -131/345   63/115  661/345   119/69  227/115  919/345  619/345  157/115    95/69  631/345   83/115   19/345  -59/345]
[    1/23  241/345  619/345  383/115 1141/345   119/69   67/115  -41/345 -131/345     -1/5    29/69  511/345  113/115  319/345  451/345]
[   49/23  481/345  379/345  143/115  631/345    59/69   37/115   79/345  199/345  157/115   179/69 1471/345  273/115  319/345  -29/345]
[  -15/23 -269/345    -7/15   33/115  511/345    77/69  137/115  589/345  919/345  237/115   131/69  751/345  103/115   19/345 -119/345]
[   -7/23   61/345  379/345  283/115 1471/345   173/69  137/115  109/345  -41/345  -13/115      1/3  421/345   63/115  109/345  181/345]
[   27/23  781/345  619/345  203/115  751/345    71/69   37/115   19/345   79/345   97/115   131/69 1171/345  383/115  589/345  181/345]
[   -5/23 -179/345 -131/345      1/5  421/345    47/69   67/115  319/345  589/345  337/115   179/69  931/345  143/115   79/345 -119/345]
[  -11/23  -59/345  199/345  203/115 1171/345   239/69  227/115  319/345  109/345   17/115    29/69    17/15   33/115  -41/345  -29/345]
[    9/23  451/345  919/345  283/115  931/345    95/69   57/115   19/345   19/345   57/115    95/69  931/345  283/115  919/345  451/345]
[    9/23  -29/345  -41/345   33/115    17/15    29/69   17/115  109/345  319/345  227/115   239/69 1171/345  203/115  199/345  -59/345]
[  -11/23 -119/345   79/345  143/115  931/345   179/69  337/115  589/345  319/345   67/115    47/69  421/345      1/5 -131/345 -179/345]
[   -5/23  181/345  589/345  383/115 1171/345   131/69   97/115   79/345   19/345   37/115    71/69  751/345  203/115  619/345  781/345]
[   27/23  181/345  109/345   63/115  421/345      1/3  -13/115  -41/345  109/345  137/115   173/69 1471/345  283/115  379/345   61/345]
[   -7/23 -119/345   19/345  103/115  751/345   131/69  237/115  919/345  589/345  137/115    77/69  511/345   33/115    -7/15 -269/345]
[  -15/23  -29/345  319/345  273/115 1471/345   179/69  157/115  199/345   79/345   37/115    59/69  631/345  143/115  379/345  481/345]
[   49/23  451/345  319/345  113/115  511/345    29/69     -1/5 -131/345  -41/345   67/115   119/69 1141/345  383/115  619/345  241/345]
[    1/23  -59/345   19/345   83/115  631/345    95/69  157/115  619/345  919/345  227/115   119/69  661/345   63/115 -131/345   -13/15]
[  -21/23 -179/345  109/345  183/115 1141/345   239/69  237/115  379/345  199/345   57/115    59/69  571/345  103/115  199/345  241/345]
[   29/23  781/345  589/345  183/115  661/345    47/69  -13/115    -7/15 -131/345   17/115    77/69  871/345  273/115  919/345  481/345]
[   13/23   61/345   79/345   83/115  571/345    71/69   97/115  379/345  619/345  337/115   173/69  871/345  113/115  -41/345 -269/345]
[       0        0        0        0        0        0        0        0        0        0        0        0        0        0        0]
Testing obstruction for
m1: 10, m2: 10,a: 2
[      -1 -307/345 -193/345   -1/115  263/345   121/69  111/115  137/345   17/345   -9/115     1/69  113/345   99/115  557/345  893/345]
[   41/23  413/345  287/345   79/115  263/345    73/69  181/115  797/345    49/15  281/115   127/69  503/345  149/115  467/345  563/345]
[   49/23  983/345  617/345  109/115  113/345    -5/69  -29/115  -73/345   17/345   61/115    85/69  743/345  149/115  227/345   83/345]
[    1/23     1/15  107/345   89/115  503/345   163/69  171/115  287/345  137/345   21/115    13/69  143/345   99/115  527/345  833/345]
[   81/23  983/345  827/345  249/115  743/345   163/69  321/115 1187/345  797/345      7/5    49/69   83/345   -1/115  -13/345   53/345]
[   13/23  413/345  707/345  129/115  143/345    -5/69  -39/115 -133/345  -73/345   21/115    55/69  563/345   79/115  -13/345 -187/345]
[  -19/23 -307/345   -11/15  -41/115   83/345    73/69  241/115  467/345  287/345   61/115    31/69  203/345  109/115  527/345  803/345]
[   77/23  893/345  707/345  199/115  563/345   121/69  241/115  917/345 1187/345  281/115      5/3  383/345   89/115  227/345  263/345]
[   25/23  563/345  827/345  159/115  203/345     1/69  -39/115 -163/345 -133/345   -9/115    31/69  413/345  249/115  467/345  263/345]
[    9/23   83/345  107/345      3/5  383/345   127/69  321/115  677/345  467/345  111/115    55/69  293/345  129/115  557/345  803/345]
[   75/23  833/345  617/345  159/115  413/345    85/69  171/115  677/345  917/345  181/115    49/69     1/15  -41/115 -193/345 -187/345]
[   -7/23   53/345  287/345  199/115  293/345    13/69  -29/115 -163/345 -163/345  -29/115    13/69  293/345  199/115  287/345   53/345]
[   -7/23 -187/345 -193/345  -41/115     1/15    49/69  181/115  917/345  677/345  171/115    85/69  413/345  159/115  617/345  833/345]
[   75/23  803/345  557/345  129/115  293/345    55/69  111/115  467/345  677/345  321/115   127/69  383/345      3/5  107/345   83/345]
[    9/23  263/345  467/345  249/115  413/345    31/69   -9/115 -133/345 -163/345  -39/115     1/69  203/345  159/115  827/345  563/345]
[   25/23  263/345  227/345   89/115  383/345      5/3  281/115 1187/345  917/345  241/115   121/69  563/345  199/115  707/345  893/345]
[   77/23  803/345  527/345  109/115  203/345    31/69   61/115  287/345  467/345  241/115    73/69   83/345  -41/115   -11/15 -307/345]
[  -19/23 -187/345  -13/345   79/115  563/345    55/69   21/115  -73/345 -133/345  -39/115    -5/69  143/345  129/115  707/345  413/345]
[   13/23   53/345  -13/345   -1/115   83/345    49/69      7/5  797/345 1187/345  321/115   163/69  743/345  249/115  827/345  983/345]
[   81/23  833/345  527/345   99/115  143/345    13/69   21/115  137/345  287/345  171/115   163/69  503/345   89/115  107/345     1/15]
[    1/23   83/345  227/345  149/115  743/345    85/69   61/115   17/345  -73/345  -29/115    -5/69  113/345  109/115  617/345  983/345]
[   49/23  563/345  467/345  149/115  503/345   127/69  281/115    49/15  797/345  181/115    73/69  263/345   79/115  287/345  413/345]
[   41/23  893/345  557/345   99/115  113/345     1/69   -9/115   17/345  137/345  111/115   121/69  263/345   -1/115 -193/345 -307/345]
[       0        0        0        0        0        0        0        0        0        0        0        0        0        0        0]
[-307/345, -193/345, -1/115, 263/345, 121/69, 111/115, 137/345, 17/345, -9/115, 1/69, 113/345, 99/115, 557/345, 893/345, 41/23, 413/345, 287/345, 79/115, 263/345, 73/69, 181/115, 797/345, 49/15, 281/115, 127/69, 503/345, 149/115, 467/345, 563/345, 49/23, 983/345, 617/345, 109/115, 113/345, -5/69, -29/115, -73/345, 17/345, 61/115, 85/69, 743/345, 149/115, 227/345, 83/345, 1/23, 1/15, 107/345, 89/115, 503/345, 163/69, 171/115, 287/345, 137/345, 21/115, 13/69, 143/345, 99/115, 527/345, 833/345, 81/23, 983/345, 827/345, 249/115, 743/345, 163/69, 321/115, 1187/345, 797/345, 7/5, 49/69, 83/345, -1/115, -13/345, 53/345, 13/23, 413/345, 707/345, 129/115, 143/345, -5/69, -39/115, -133/345, -73/345, 21/115, 55/69, 563/345, 79/115, -13/345, -187/345, -19/23, -307/345]
14 [-307/345, -193/345, -1/115, 263/345, -17/69, -119/115, -553/345, 17/345, -9/115, 1/69, 113/345, -131/115, -133/345, -487/345, -5/23, -277/345, 287/345, 79/115, -427/345, -65/69, -49/115, 107/345, -11/15, 51/115, -11/69, -187/345, -81/115, -223/345, -127/345, 3/23, 293/345, -73/345, -121/115, 113/345, -5/69, -29/115, -73/345, 17/345, 61/115, -53/69, 53/345, -81/115, 227/345, 83/345, 1/23, 1/15, 107/345, 89/115, -187/345, 25/69, -59/115, 287/345, 137/345, 21/115, 13/69, 143/345, 99/115, -163/345, 143/345, -11/23, 293/345, 137/345, 19/115, 53/345, 25/69, 91/115, -193/345, 107/345, -3/5, 49/69, 83/345, -1/115, -13/345, 53/345, 13/23, -277/345, 17/345, 129/115, 143/345, -5/69, -39/115, -133/345, -73/345, 21/115, 55/69, -127/345, 79/115, -13/345, -187/345, -19/23, 383/345]
Unobstructed
101
---------------------------
---------------------------
