13a3784
Correction terms
[      -1   83/197 -259/197  -41/197  -51/197  105/197   33/197  127/197   -7/197   25/197 -171/197 -201/197  -65/197 -157/197  -83/197]
[-237/197  169/197  -47/197  297/197   19/197  301/197  -39/197  181/197 -221/197  -63/197 -133/197  -37/197 -169/197 -135/197   65/197]
[  37/197  175/197   85/197  161/197    9/197   23/197 -191/197  155/197 -121/197  163/197 -175/197   47/197   41/197  201/197  133/197]
[ 231/197  101/197  137/197  -55/197  -81/197   59/197  -29/197   49/197 -101/197  -85/197   97/197   51/197  171/197   63/197  121/197]
[ -49/197  -53/197  109/197   43/197  143/197   15/197   53/197 -137/197  233/197  -19/197  289/197  -25/197  221/197 -155/197   29/197]
[ -15/197  107/197    1/197   61/197 -107/197 -109/197   55/197   -9/197   93/197  -33/197    7/197 -181/197  191/197  -59/197  251/197]
[ -61/197  187/197 -187/197   -1/197  -43/197   81/197  -23/197   39/197 -127/197 -127/197   39/197  -23/197   81/197  -43/197   -1/197]
[-187/197  187/197  -61/197  251/197  -59/197  191/197 -181/197    7/197  -33/197   93/197   -9/197   55/197 -109/197 -107/197   61/197]
[   1/197  107/197  -15/197   29/197 -155/197  221/197  -25/197  289/197  -19/197  233/197 -137/197   53/197   15/197  143/197   43/197]
[ 109/197  -53/197  -49/197  121/197   63/197  171/197   51/197   97/197  -85/197 -101/197   49/197  -29/197   59/197  -81/197  -55/197]
[ 137/197  101/197  231/197  133/197  201/197   41/197   47/197 -175/197  163/197 -121/197  155/197 -191/197   23/197    9/197  161/197]
[  85/197  175/197   37/197   65/197 -135/197 -169/197  -37/197 -133/197  -63/197 -221/197  181/197  -39/197  301/197   19/197  297/197]
[ -47/197  169/197 -237/197  -83/197 -157/197  -65/197 -201/197 -171/197   25/197   -7/197  127/197   33/197  105/197  -51/197  -41/197]
[-259/197   83/197        0        0        0        0        0        0        0        0        0        0        0        0        0]
Testing obstruction for
m1: 2, m2: 34,a: 1
[      -1 -191/197 -173/197 -143/197 -101/197  -47/197   19/197   97/197  187/197  289/197  403/197  529/197  667/197  817/197  979/197]
[1153/197 1339/197 1537/197 1353/197 1181/197 1021/197  873/197  737/197  613/197  501/197  401/197  313/197  237/197  173/197  121/197]
[  81/197   53/197   37/197   33/197   41/197   61/197   93/197  137/197  193/197  261/197  341/197  433/197  537/197  653/197  781/197]
[ 921/197 1073/197 1237/197 1413/197 1601/197 1407/197 1225/197 1055/197  897/197  751/197  617/197  495/197  385/197  287/197  201/197]
[ 127/197   65/197   15/197  -23/197  -49/197  -63/197  -65/197  -55/197  -33/197    1/197   47/197  105/197  175/197  257/197  351/197]
[ 457/197  575/197  705/197  847/197 1001/197 1167/197 1345/197 1535/197 1343/197 1163/197  995/197  839/197  695/197  563/197  443/197]
[ 335/197  239/197  155/197   83/197   23/197  -25/197  -61/197  -85/197  -97/197  -97/197  -85/197  -61/197  -25/197   23/197   83/197]
[ 155/197  239/197  335/197  443/197  563/197  695/197  839/197  995/197 1163/197 1343/197 1535/197 1345/197 1167/197 1001/197  847/197]
[ 705/197  575/197  457/197  351/197  257/197  175/197  105/197   47/197    1/197  -33/197  -55/197  -65/197  -63/197  -49/197  -23/197]
[  15/197   65/197  127/197  201/197  287/197  385/197  495/197  617/197  751/197  897/197 1055/197 1225/197 1407/197 1601/197 1413/197]
[1237/197 1073/197  921/197  781/197  653/197  537/197  433/197  341/197  261/197  193/197  137/197   93/197   61/197   41/197   33/197]
[  37/197   53/197   81/197  121/197  173/197  237/197  313/197  401/197  501/197  613/197  737/197  873/197 1021/197 1181/197 1353/197]
[1537/197 1339/197 1153/197  979/197  817/197  667/197  529/197  403/197  289/197  187/197   97/197   19/197  -47/197 -101/197 -143/197]
[-173/197 -191/197        0        0        0        0        0        0        0        0        0        0        0        0        0]
[-191/197, -173/197]
36 [-191/197, 221/197]
Testing obstruction for
m1: 6, m2: 14,a: 5
[      -1 -175/197 -109/197    1/197  155/197  353/197  201/197   93/197   29/197    9/197   33/197  101/197  213/197  369/197  175/197]
[  25/197  -81/197 -143/197 -161/197 -135/197  -65/197   49/197  207/197  409/197  261/197  157/197   97/197   81/197  109/197  181/197]
[ 297/197  457/197  267/197  121/197   19/197  -39/197  -53/197  -23/197   51/197  169/197  331/197  537/197  393/197  293/197  237/197]
[ 225/197  257/197  333/197  453/197  617/197  431/197  289/197  191/197  137/197  127/197  161/197  239/197  361/197  527/197  343/197]
[ 203/197  107/197   55/197   47/197   83/197  163/197  287/197  455/197  273/197  135/197   41/197   -9/197  -15/197   23/197  105/197]
[ 231/197  401/197  221/197   85/197   -7/197  -55/197  -59/197  -19/197   65/197  193/197  365/197  187/197   53/197  -37/197  -83/197]
[ -85/197  -43/197   43/197  173/197  347/197  171/197   39/197  -49/197  -93/197  -93/197  -49/197   39/197  171/197  347/197  173/197]
[  43/197  -43/197  -85/197  -83/197  -37/197   53/197  187/197  365/197  193/197   65/197  -19/197  -59/197  -55/197   -7/197   85/197]
[ 221/197  401/197  231/197  105/197   23/197  -15/197   -9/197   41/197  135/197  273/197  455/197  287/197  163/197   83/197   47/197]
[  55/197  107/197  203/197  343/197  527/197  361/197  239/197  161/197  127/197  137/197  191/197  289/197  431/197  617/197  453/197]
[ 333/197  257/197  225/197  237/197  293/197  393/197  537/197  331/197  169/197   51/197  -23/197  -53/197  -39/197   19/197  121/197]
[ 267/197  457/197  297/197  181/197  109/197   81/197   97/197  157/197  261/197  409/197  207/197   49/197  -65/197 -135/197 -161/197]
[-143/197  -81/197   25/197  175/197  369/197  213/197  101/197   33/197    9/197   29/197   93/197  201/197  353/197  155/197    1/197]
[-109/197 -175/197        0        0        0        0        0        0        0        0        0        0        0        0        0]
[-175/197, -109/197, 1/197, 155/197, 353/197, 201/197, 93/197, 29/197, 9/197, 33/197, 101/197, 213/197, 369/197, 175/197, 25/197, -81/197, -143/197]
40 [-175/197, -109/197, 1/197, 155/197, -41/197, 201/197, 93/197, 29/197, 9/197, 33/197, 101/197, -181/197, -25/197, 175/197, 25/197, -81/197, 251/197]
Testing obstruction for
m1: 50, m2: 50,a: 49
[      -1 -193/197 -181/197 -161/197 -133/197  -97/197  -53/197   -1/197   59/197  127/197  203/197  287/197  379/197  479/197  587/197]
[ 703/197  827/197  959/197 1099/197 1247/197 1403/197 1567/197 1739/197 1919/197 2107/197 2303/197 2113/197 1931/197 1757/197 1591/197]
[1433/197 1283/197 1141/197 1007/197  881/197  763/197  653/197  551/197  457/197  371/197  293/197  223/197  161/197  107/197   61/197]
[  23/197   -7/197  -29/197  -43/197  -49/197  -47/197  -37/197  -19/197    7/197   41/197   83/197  133/197  191/197  257/197  331/197]
[ 413/197  503/197  601/197  707/197  821/197  943/197 1073/197 1211/197 1357/197 1511/197 1673/197 1843/197 2021/197 2207/197 2401/197]
[2209/197 2025/197 1849/197 1681/197 1521/197 1369/197 1225/197 1089/197  961/197  841/197  729/197  625/197  529/197  441/197  361/197]
[ 289/197  225/197  169/197  121/197   81/197   49/197   25/197    9/197    1/197    1/197    9/197   25/197   49/197   81/197  121/197]
[ 169/197  225/197  289/197  361/197  441/197  529/197  625/197  729/197  841/197  961/197 1089/197 1225/197 1369/197 1521/197 1681/197]
[1849/197 2025/197 2209/197 2401/197 2207/197 2021/197 1843/197 1673/197 1511/197 1357/197 1211/197 1073/197  943/197  821/197  707/197]
[ 601/197  503/197  413/197  331/197  257/197  191/197  133/197   83/197   41/197    7/197  -19/197  -37/197  -47/197  -49/197  -43/197]
[ -29/197   -7/197   23/197   61/197  107/197  161/197  223/197  293/197  371/197  457/197  551/197  653/197  763/197  881/197 1007/197]
[1141/197 1283/197 1433/197 1591/197 1757/197 1931/197 2113/197 2303/197 2107/197 1919/197 1739/197 1567/197 1403/197 1247/197 1099/197]
[ 959/197  827/197  703/197  587/197  479/197  379/197  287/197  203/197  127/197   59/197   -1/197  -53/197  -97/197 -133/197 -161/197]
[-181/197 -193/197        0        0        0        0        0        0        0        0        0        0        0        0        0]
---------------------------
SUCCESS for name = 13a3784
---------------------------
13a3814
H_1 not cyclic will skip for now
13a3823
Correction terms
[      -1  -97/433   45/433   -7/433 -253/433  173/433 -461/433 -423/433  287/433  -63/433  259/433 -479/433 -545/433   61/433 -393/433]
[-175/433 -151/433 -321/433  181/433 -377/433 -263/433 -343/433  249/433 -219/433  -15/433   -5/433 -189/433  299/433 -273/433 -173/433]
[-267/433  311/433 -171/433   19/433   15/433 -183/433  291/433 -295/433 -209/433 -317/433  247/433 -249/433  -73/433  -91/433 -303/433]
[ 157/433 -443/433 -371/433  373/433   57/433 -453/433 -291/433 -323/433  317/433 -103/433  149/433 -659/433   71/433 -259/433   83/433]
[ 231/433  185/433  -55/433 -489/433 -251/433 -207/433  509/433 -701/433 -373/433 -239/433 -299/433  313/433 -135/433   89/433  119/433]
[ -45/433 -403/433  -89/433   31/433  -43/433 -311/433   93/433 -563/433  319/433  141/433 -231/433   69/433  175/433   87/433 -195/433]
[ 195/433 -475/433  393/433 -665/433 -185/433  101/433  193/433   91/433 -205/433  171/433 -513/433  341/433 -731/433 -265/433    7/433]
[  85/433  -31/433 -341/433   21/433  189/433  163/433  -57/433 -471/433 -213/433 -149/433 -279/433  263/433 -255/433 -101/433 -141/433]
[-375/433   63/433  307/433 -509/433  213/433 -125/433 -657/433  349/433 -571/433   47/433 -395/433 -165/433 -129/433 -287/433  227/433]
[-319/433 -193/433 -261/433 -523/433 -113/433  103/433  125/433  -47/433 -413/433 -107/433    5/433  -77/433 -353/433   43/433 -621/433]
[ 253/433   67/433 -313/433  -21/433   77/433  -19/433 -309/433   73/433 -605/433  255/433   55/433 -339/433  -61/433   23/433  -87/433]
[-391/433  -23/433  151/433  131/433  -83/433 -491/433 -227/433 -157/433 -281/433  267/433 -245/433  -85/433 -119/433 -347/433   97/433]
[ 347/433 -463/433 -601/433  -67/433 -593/433  419/433 -495/433  129/433 -307/433  -71/433  -29/433 -181/433  339/433 -201/433  -69/433]
[-131/433 -387/433   29/433  251/433 -587/433  113/433 -247/433   65/433  183/433  107/433 -163/433  239/433 -419/433 -405/433  281/433]
[ -93/433  205/433 -557/433  219/433  -65/433  323/433 -349/433 -349/433  323/433  -65/433  219/433 -557/433  205/433  -93/433  281/433]
[-405/433 -419/433  239/433 -163/433  107/433  183/433   65/433 -247/433  113/433 -587/433  251/433   29/433 -387/433 -131/433  -69/433]
[-201/433  339/433 -181/433  -29/433  -71/433 -307/433  129/433 -495/433  419/433 -593/433  -67/433 -601/433 -463/433  347/433   97/433]
[-347/433 -119/433  -85/433 -245/433  267/433 -281/433 -157/433 -227/433 -491/433  -83/433  131/433  151/433  -23/433 -391/433  -87/433]
[  23/433  -61/433 -339/433   55/433  255/433 -605/433   73/433 -309/433  -19/433   77/433  -21/433 -313/433   67/433  253/433 -621/433]
[  43/433 -353/433  -77/433    5/433 -107/433 -413/433  -47/433  125/433  103/433 -113/433 -523/433 -261/433 -193/433 -319/433  227/433]
[-287/433 -129/433 -165/433 -395/433   47/433 -571/433  349/433 -657/433 -125/433  213/433 -509/433  307/433   63/433 -375/433 -141/433]
[-101/433 -255/433  263/433 -279/433 -149/433 -213/433 -471/433  -57/433  163/433  189/433   21/433 -341/433  -31/433   85/433    7/433]
[-265/433 -731/433  341/433 -513/433  171/433 -205/433   91/433  193/433  101/433 -185/433 -665/433  393/433 -475/433  195/433 -195/433]
[  87/433  175/433   69/433 -231/433  141/433  319/433 -563/433   93/433 -311/433  -43/433   31/433  -89/433 -403/433  -45/433  119/433]
[  89/433 -135/433  313/433 -299/433 -239/433 -373/433 -701/433  509/433 -207/433 -251/433 -489/433  -55/433  185/433  231/433   83/433]
[-259/433   71/433 -659/433  149/433 -103/433  317/433 -323/433 -291/433 -453/433   57/433  373/433 -371/433 -443/433  157/433 -303/433]
[ -91/433  -73/433 -249/433  247/433 -317/433 -209/433 -295/433  291/433 -183/433   15/433   19/433 -171/433  311/433 -267/433 -173/433]
[-273/433  299/433 -189/433   -5/433  -15/433 -219/433  249/433 -343/433 -263/433 -377/433  181/433 -321/433 -151/433 -175/433 -393/433]
[  61/433 -545/433 -479/433  259/433  -63/433  287/433 -423/433 -461/433  173/433 -253/433   -7/433   45/433  -97/433        0        0]
Testing obstruction for
m1: 10, m2: 12,a: 1
[      -1 -395/433 -281/433  -91/433  175/433  517/433  935/433  563/433  267/433   47/433  -97/433 -165/433 -157/433  -73/433   87/433]
[ 323/433  635/433 1023/433  621/433  295/433   45/433 -129/433 -227/433 -249/433 -195/433  -65/433  141/433  423/433  781/433 1215/433]
[ 859/433  579/433  375/433  247/433  195/433  219/433  319/433  495/433  747/433 1075/433 1479/433 1093/433  783/433  549/433  391/433]
[ 309/433  303/433  373/433  519/433  741/433 1039/433 1413/433 1863/433 1523/433 1259/433 1071/433  959/433  923/433  963/433 1079/433]
[1271/433 1539/433 1883/433 1437/433 1067/433  773/433  555/433  413/433  347/433  357/433  443/433  605/433  843/433 1157/433 1547/433]
[1147/433  823/433  575/433  403/433  307/433  287/433  343/433  475/433  683/433  967/433 1327/433  897/433  543/433  265/433   63/433]
[ -63/433 -113/433  -87/433   15/433  193/433  447/433  777/433 1183/433  799/433  491/433  259/433  103/433   23/433   19/433   91/433]
[ 239/433  463/433  763/433 1139/433  725/433  387/433  125/433  -61/433 -171/433 -205/433 -163/433  -45/433  149/433  419/433  765/433]
[1187/433  819/433  527/433  311/433  171/433  107/433  119/433  207/433  371/433  611/433  927/433 1319/433  921/433  599/433  353/433]
[ 183/433   89/433   71/433  129/433  263/433  473/433  759/433 1121/433 1559/433 1207/433  931/433  731/433  607/433  559/433  587/433]
[ 691/433  871/433 1127/433 1459/433 1867/433 1485/433 1179/433  949/433  795/433  717/433  715/433  789/433  939/433 1165/433 1467/433]
[1845/433 1433/433 1097/433  837/433  653/433  545/433  513/433  557/433  677/433  873/433 1145/433 1493/433 1051/433  685/433  395/433]
[ 181/433   43/433  -19/433   -5/433   85/433  251/433  493/433  811/433 1205/433  809/433  489/433  245/433   77/433  -15/433  -31/433]
[  29/433  165/433  377/433  665/433 1029/433  603/433  253/433  -21/433 -219/433 -341/433 -387/433 -357/433 -251/433  -69/433  189/433]
[ 523/433  933/433  553/433  249/433   21/433 -131/433 -207/433 -207/433 -131/433   21/433  249/433  553/433  933/433  523/433  189/433]
[ -69/433 -251/433 -357/433 -387/433 -341/433 -219/433  -21/433  253/433  603/433 1029/433  665/433  377/433  165/433   29/433  -31/433]
[ -15/433   77/433  245/433  489/433  809/433 1205/433  811/433  493/433  251/433   85/433   -5/433  -19/433   43/433  181/433  395/433]
[ 685/433 1051/433 1493/433 1145/433  873/433  677/433  557/433  513/433  545/433  653/433  837/433 1097/433 1433/433 1845/433 1467/433]
[1165/433  939/433  789/433  715/433  717/433  795/433  949/433 1179/433 1485/433 1867/433 1459/433 1127/433  871/433  691/433  587/433]
[ 559/433  607/433  731/433  931/433 1207/433 1559/433 1121/433  759/433  473/433  263/433  129/433   71/433   89/433  183/433  353/433]
[ 599/433  921/433 1319/433  927/433  611/433  371/433  207/433  119/433  107/433  171/433  311/433  527/433  819/433 1187/433  765/433]
[ 419/433  149/433  -45/433 -163/433 -205/433 -171/433  -61/433  125/433  387/433  725/433 1139/433  763/433  463/433  239/433   91/433]
[  19/433   23/433  103/433  259/433  491/433  799/433 1183/433  777/433  447/433  193/433   15/433  -87/433 -113/433  -63/433   63/433]
[ 265/433  543/433  897/433 1327/433  967/433  683/433  475/433  343/433  287/433  307/433  403/433  575/433  823/433 1147/433 1547/433]
[1157/433  843/433  605/433  443/433  357/433  347/433  413/433  555/433  773/433 1067/433 1437/433 1883/433 1539/433 1271/433 1079/433]
[ 963/433  923/433  959/433 1071/433 1259/433 1523/433 1863/433 1413/433 1039/433  741/433  519/433  373/433  303/433  309/433  391/433]
[ 549/433  783/433 1093/433 1479/433 1075/433  747/433  495/433  319/433  219/433  195/433  247/433  375/433  579/433  859/433 1215/433]
[ 781/433  423/433  141/433  -65/433 -195/433 -249/433 -227/433 -129/433   45/433  295/433  621/433 1023/433  635/433  323/433   87/433]
[ -73/433 -157/433 -165/433  -97/433   47/433  267/433  563/433  935/433  517/433  175/433  -91/433 -281/433 -395/433        0        0]
[-395/433, -281/433, -91/433, 175/433, 517/433, 935/433, 563/433, 267/433, 47/433, -97/433, -165/433, -157/433, -73/433, 87/433, 323/433, 635/433, 1023/433, 621/433, 295/433, 45/433, -129/433, -227/433, -249/433, -195/433, -65/433, 141/433, 423/433, 781/433, 1215/433, 859/433, 579/433, 375/433, 247/433, 195/433, 219/433, 319/433, 495/433, 747/433, 1075/433, 1479/433, 1093/433, 783/433, 549/433, 391/433, 309/433, 303/433, 373/433, 519/433, 741/433, 1039/433, 1413/433, 1863/433, 1523/433, 1259/433, 1071/433, 959/433, 923/433, 963/433, 1079/433, 1271/433, 1539/433, 1883/433, 1437/433, 1067/433, 773/433, 555/433, 413/433, 347/433, 357/433, 443/433, 605/433, 843/433, 1157/433, 1547/433, 1147/433, 823/433, 575/433, 403/433, 307/433, 287/433, 343/433, 475/433, 683/433, 967/433, 1327/433, 897/433, 543/433, 265/433, 63/433, -63/433, -113/433, -87/433, 15/433, 193/433, 447/433, 777/433, 1183/433, 799/433, 491/433, 259/433, 103/433, 23/433, 19/433, 91/433, 239/433, 463/433, 763/433, 1139/433, 725/433, 387/433, 125/433, -61/433, -171/433, -205/433, -163/433, -45/433, 149/433, 419/433, 765/433, 1187/433, 819/433, 527/433, 311/433, 171/433, 107/433, 119/433, 207/433, 371/433, 611/433, 927/433, 1319/433, 921/433, 599/433, 353/433, 183/433, 89/433, 71/433, 129/433, 263/433, 473/433, 759/433, 1121/433, 1559/433, 1207/433, 931/433, 731/433, 607/433, 559/433, 587/433, 691/433, 871/433, 1127/433, 1459/433, 1867/433, 1485/433, 1179/433, 949/433, 795/433, 717/433, 715/433, 789/433, 939/433, 1165/433, 1467/433, 1845/433, 1433/433, 1097/433, 837/433, 653/433, 545/433, 513/433, 557/433, 677/433, 873/433, 1145/433, 1493/433, 1051/433, 685/433, 395/433, 181/433, 43/433, -19/433, -5/433, 85/433, 251/433, 493/433, 811/433, 1205/433, 809/433, 489/433, 245/433, 77/433, -15/433, -31/433, 29/433, 165/433, 377/433, 665/433, 1029/433, 603/433, 253/433, -21/433, -219/433, -341/433, -387/433, -357/433]
130 [-395/433, -281/433, -91/433, 175/433, -349/433, 69/433, -303/433, 267/433, 47/433, -97/433, -165/433, -157/433, -73/433, 87/433, 323/433, -231/433, 157/433, -245/433, -571/433, 45/433, -129/433, -227/433, -249/433, -195/433, -65/433, 141/433, -443/433, -85/433, 349/433, -7/433, -287/433, -491/433, 247/433, 195/433, 219/433, 319/433, -371/433, -119/433, -657/433, -253/433, 227/433, -83/433, -317/433, -475/433, -557/433, -563/433, 373/433, -347/433, -125/433, 173/433, -319/433, 131/433, -209/433, 393/433, 205/433, 93/433, 57/433, 97/433, 213/433, -461/433, -193/433, 151/433, -295/433, -665/433, -93/433, -311/433, -453/433, 347/433, -509/433, -423/433, -261/433, -23/433, 291/433, -185/433, 281/433, -43/433, -291/433, -463/433, 307/433, 287/433, -523/433, -391/433, -183/433, 101/433, -405/433, 31/433, -323/433, -601/433, 63/433, -63/433, -113/433, -87/433, 15/433, 193/433, -419/433, -89/433, 317/433, -67/433, -375/433, 259/433, 103/433, 23/433, 19/433, 91/433, 239/433, -403/433, -103/433, -593/433, -141/433, -479/433, 125/433, -61/433, -171/433, -205/433, -163/433, -45/433, 149/433, 419/433, -101/433, -545/433, -47/433, -339/433, 311/433, 171/433, 107/433, 119/433, -659/433, -495/433, -255/433, 61/433, -413/433, 55/433, -267/433, -513/433, 183/433, 89/433, 71/433, 129/433, 263/433, -393/433, -107/433, 255/433, -173/433, 341/433, 65/433, -135/433, -259/433, -307/433, -279/433, -175/433, 5/433, -605/433, -273/433, -731/433, -247/433, 313/433, 83/433, -71/433, -149/433, -151/433, -77/433, 73/433, 299/433, -265/433, 113/433, -299/433, 231/433, -29/433, -213/433, -321/433, -353/433, -309/433, -189/433, 7/433, -587/433, -239/433, 185/433, -181/433, -471/433, 181/433, 43/433, -19/433, -5/433, 85/433, 251/433, -373/433, -55/433, 339/433, -57/433, -377/433, -621/433, 77/433, -15/433, -31/433, 29/433, -701/433, -489/433, -201/433, 163/433, -263/433, 253/433, -21/433, -219/433, -341/433, -387/433, 509/433]
Testing obstruction for
m1: 4, m2: 34,a: 3
[      -1 -419/433 -377/433 -307/433 -209/433  -83/433   71/433  253/433  463/433  701/433  967/433 1261/433 1583/433 1933/433 2311/433]
[2717/433 3151/433 2747/433 2371/433 2023/433 1703/433 1411/433 1147/433  911/433  703/433  523/433  371/433  247/433  151/433   83/433]
[  43/433   31/433   47/433   91/433  163/433  263/433  391/433  547/433  731/433  943/433 1183/433 1451/433 1747/433 2071/433 2423/433]
[2803/433 3211/433 2781/433 2379/433 2005/433 1659/433 1341/433 1051/433  789/433  555/433  349/433  171/433   21/433 -101/433 -195/433]
[-261/433 -299/433 -309/433 -291/433 -245/433 -171/433  -69/433   61/433  219/433  405/433  619/433  861/433 1131/433 1429/433 1755/433]
[2109/433 2491/433 2901/433 3339/433 2939/433 2567/433 2223/433 1907/433 1619/433 1359/433 1127/433  923/433  747/433  599/433  479/433]
[ 387/433  323/433  287/433  279/433  299/433  347/433  423/433  527/433  659/433  819/433 1007/433 1223/433 1467/433 1739/433 2039/433]
[2367/433 2723/433 3107/433 3519/433 3093/433 2695/433 2325/433 1983/433 1669/433 1383/433 1125/433  895/433  693/433  519/433  373/433]
[ 255/433  165/433  103/433   69/433   63/433   85/433  135/433  213/433  319/433  453/433  615/433  805/433 1023/433 1269/433 1543/433]
[1845/433 2175/433 2533/433 2919/433 3333/433 2909/433 2513/433 2145/433 1805/433 1493/433 1209/433  953/433  725/433  525/433  353/433]
[ 209/433   93/433    5/433  -55/433  -87/433  -91/433  -67/433  -15/433   65/433  173/433  309/433  473/433  665/433  885/433 1133/433]
[1409/433 1713/433 2045/433 2405/433 2793/433 3209/433 2787/433 2393/433 2027/433 1689/433 1379/433 1097/433  843/433  617/433  419/433]
[ 249/433  107/433   -7/433  -93/433 -151/433 -181/433 -183/433 -157/433 -103/433  -21/433   89/433  227/433  393/433  587/433  809/433]
[1059/433 1337/433 1643/433 1977/433 2339/433 2729/433 3147/433 2727/433 2335/433 1971/433 1635/433 1327/433 1047/433  795/433  571/433]
[ 375/433  207/433   67/433  -45/433 -129/433 -185/433 -213/433 -213/433 -185/433 -129/433  -45/433   67/433  207/433  375/433  571/433]
[ 795/433 1047/433 1327/433 1635/433 1971/433 2335/433 2727/433 3147/433 2729/433 2339/433 1977/433 1643/433 1337/433 1059/433  809/433]
[ 587/433  393/433  227/433   89/433  -21/433 -103/433 -157/433 -183/433 -181/433 -151/433  -93/433   -7/433  107/433  249/433  419/433]
[ 617/433  843/433 1097/433 1379/433 1689/433 2027/433 2393/433 2787/433 3209/433 2793/433 2405/433 2045/433 1713/433 1409/433 1133/433]
[ 885/433  665/433  473/433  309/433  173/433   65/433  -15/433  -67/433  -91/433  -87/433  -55/433    5/433   93/433  209/433  353/433]
[ 525/433  725/433  953/433 1209/433 1493/433 1805/433 2145/433 2513/433 2909/433 3333/433 2919/433 2533/433 2175/433 1845/433 1543/433]
[1269/433 1023/433  805/433  615/433  453/433  319/433  213/433  135/433   85/433   63/433   69/433  103/433  165/433  255/433  373/433]
[ 519/433  693/433  895/433 1125/433 1383/433 1669/433 1983/433 2325/433 2695/433 3093/433 3519/433 3107/433 2723/433 2367/433 2039/433]
[1739/433 1467/433 1223/433 1007/433  819/433  659/433  527/433  423/433  347/433  299/433  279/433  287/433  323/433  387/433  479/433]
[ 599/433  747/433  923/433 1127/433 1359/433 1619/433 1907/433 2223/433 2567/433 2939/433 3339/433 2901/433 2491/433 2109/433 1755/433]
[1429/433 1131/433  861/433  619/433  405/433  219/433   61/433  -69/433 -171/433 -245/433 -291/433 -309/433 -299/433 -261/433 -195/433]
[-101/433   21/433  171/433  349/433  555/433  789/433 1051/433 1341/433 1659/433 2005/433 2379/433 2781/433 3211/433 2803/433 2423/433]
[2071/433 1747/433 1451/433 1183/433  943/433  731/433  547/433  391/433  263/433  163/433   91/433   47/433   31/433   43/433   83/433]
[ 151/433  247/433  371/433  523/433  703/433  911/433 1147/433 1411/433 1703/433 2023/433 2371/433 2747/433 3151/433 2717/433 2311/433]
[1933/433 1583/433 1261/433  967/433  701/433  463/433  253/433   71/433  -83/433 -209/433 -307/433 -377/433 -419/433        0        0]
Unobstructed
207
---------------------------
---------------------------
13a3845
Correction terms
[      -1  -17/177  109/177   -51/59  -95/177  -71/177   -27/59  229/177 -203/177    13/59 -107/177   67/177    69/59  -41/177   31/177]
[   23/59   73/177   43/177    -7/59 -119/177  103/177   -21/59   91/177 -143/177   -19/59   -5/177   13/177    -1/59  -53/177 -137/177]
[   33/59  -53/177 -239/177   -35/59   -5/177   61/177    31/59 -263/177   55/177    -5/59 -119/177   97/177   -25/59   73/177  187/177]
[  -29/59  -41/177  -29/177   -17/59  247/177 -197/177    11/59 -125/177   37/177    55/59  -95/177  -35/177    -3/59  -17/177     -1/3]
[  -45/59 -245/177  -35/177    47/59  -71/177   37/177   -81/59  151/177  157/177   -75/59   67/177  -29/177    65/59   31/177 -167/177]
[  -15/59   43/177   97/177    39/59 -251/177   55/177    -9/59 -143/177   61/177   -41/59   13/177  115/177   -57/59 -137/177 -137/177]
[  -57/59  115/177   13/177   -41/59   61/177 -143/177    -9/59   55/177 -251/177    39/59   97/177   43/177   -15/59 -167/177   31/177]
[   65/59  -29/177   67/177   -75/59  157/177  151/177   -81/59   37/177  -71/177    47/59  -35/177 -245/177   -45/59     -1/3  -17/177]
[   -3/59  -35/177  -95/177    55/59   37/177 -125/177    11/59 -197/177  247/177   -17/59  -29/177  -41/177   -29/59  187/177   73/177]
[  -25/59   97/177 -119/177    -5/59   55/177 -263/177    31/59   61/177   -5/177   -35/59 -239/177  -53/177    33/59 -137/177  -53/177]
[   -1/59   13/177   -5/177   -19/59 -143/177   91/177   -21/59  103/177 -119/177    -7/59   43/177   73/177    23/59   31/177  -41/177]
[   69/59   67/177 -107/177    13/59 -203/177  229/177   -27/59  -71/177  -95/177   -51/59  109/177  -17/177        0        0        0]
Testing obstruction for
m1: 2, m2: 30,a: 0
[      -1  -53/177  -35/177   -41/59   37/177   91/177    13/59  235/177  325/177   103/59  541/177  667/177   229/59  955/177 1117/177]
[  391/59 1123/177  967/177   235/59  691/177  571/177   115/59  367/177  283/177    31/59  151/177  103/177   -17/59   43/177   31/177]
[  -29/59   43/177   67/177    -5/59  151/177  211/177    55/59  367/177  463/177   151/59  691/177  823/177   283/59 1123/177 1291/177]
[  333/59  955/177  805/177   183/59  541/177  427/177    69/59  235/177  157/177    -9/59   37/177   -5/177   -51/59  -53/177     -1/3]
[  -57/59  -35/177   -5/177   -27/59   91/177  157/177    39/59  325/177  427/177   141/59  667/177  805/177   279/59 1117/177 1291/177]
[  335/59  967/177  823/177   191/59  571/177  463/177    83/59  283/177  211/177    11/59  103/177   67/177   -25/59   31/177   31/177]
[  -25/59   67/177  103/177    11/59  211/177  283/177    83/59  463/177  571/177   191/59  823/177  967/177   335/59 1291/177 1117/177]
[  279/59  805/177  667/177   141/59  427/177  325/177    39/59  157/177   91/177   -27/59   -5/177  -35/177   -57/59     -1/3  -53/177]
[  -51/59   -5/177   37/177    -9/59  157/177  235/177    69/59  427/177  541/177   183/59  805/177  955/177   333/59 1291/177 1123/177]
[  283/59  823/177  691/177   151/59  463/177  367/177    55/59  211/177  151/177    -5/59   67/177   43/177   -29/59   31/177   43/177]
[  -17/59  103/177  151/177    31/59  283/177  367/177   115/59  571/177  691/177   235/59  967/177 1123/177   391/59 1117/177  955/177]
[  229/59  667/177  541/177   103/59  325/177  235/177    13/59   91/177   37/177   -41/59  -35/177  -53/177        0        0        0]
Unobstructed
28
---------------------------
---------------------------
13a3864
Correction terms
[      -1  199/369  427/369   -47/41 -137/369 -191/369    17/41  157/369 -179/369   -13/41 -395/369 -275/369    27/41 -317/369 -479/369]
[  -27/41  391/369  -53/369   -11/41  253/369  265/369    -7/41    7/369 -263/369   -15/41  391/369 -161/369   -35/41  -71/369 -167/369]
[   15/41   97/369 -281/369   -29/41  157/369  235/369    -3/41  109/369  -95/369    11/41  -47/369    -13/9    13/41  427/369 -341/369]
[    3/41   55/369 -257/369   -19/41  313/369 -281/369   -53/41 -275/369  325/369   -17/41 -233/369   85/369     7/41 -299/369 -263/369]
[   19/41  265/369   19/369    19/41  -17/369 -545/369     7/41  331/369 -479/369   -17/41 -167/369  217/369    29/41  -35/369   67/369]
[  -19/41  -11/369 -191/369     3/41  -95/369  181/369    13/41     -7/9 -293/369    11/41  151/369 -137/369    -3/41 -257/369  -89/369]
[   53/41  -35/369 -149/369    15/41   79/369 -317/369   -35/41   85/369  145/369   -15/41  -17/369 -239/369    -7/41 -227/369    7/369]
[  -11/41 -545/369  145/369    55/41 -233/369  175/369    27/41  -29/369   97/369   -13/41   67/369  -89/369    17/41   55/369 -383/369]
[  -47/41  -65/369  -47/369       -1 -293/369  181/369    35/41  109/369  301/369    17/41 -335/369  313/369   -13/41 -149/369  217/369]
[   27/41  -71/369   13/369   -27/41 -101/369 -299/369   -11/41 -239/369   19/369    -7/41  253/369  229/369   -15/41 -101/369  331/369]
[  -35/41  175/369  325/369    15/41 -395/369  211/369   -29/41 -335/369  -11/369    -3/41 -383/369 -341/369    11/41  199/369     -1/9]
[   13/41  -65/369  151/369     3/41  301/369  235/369   -19/41 -179/369  211/369   -53/41  -29/369   79/369   -17/41   13/369 -161/369]
[    7/41  -53/369  229/369    19/41 -227/369 -227/369    19/41  229/369  -53/369     7/41 -161/369   13/369   -17/41   79/369  -29/369]
[  -53/41  211/369 -179/369   -19/41  235/369  301/369     3/41  151/369  -65/369    13/41     -1/9  199/369    11/41 -341/369 -383/369]
[   -3/41  -11/369 -335/369   -29/41  211/369 -395/369    15/41  325/369  175/369   -35/41  331/369 -101/369   -15/41  229/369  253/369]
[   -7/41   19/369 -239/369   -11/41 -299/369 -101/369   -27/41   13/369  -71/369    27/41  217/369 -149/369   -13/41  313/369 -335/369]
[   17/41  301/369  109/369    35/41  181/369 -293/369       -1  -47/369  -65/369   -47/41 -383/369   55/369    17/41  -89/369   67/369]
[  -13/41   97/369  -29/369    27/41  175/369 -233/369    55/41  145/369 -545/369   -11/41    7/369 -227/369    -7/41 -239/369  -17/369]
[  -15/41  145/369   85/369   -35/41 -317/369   79/369    15/41 -149/369  -35/369    53/41  -89/369 -257/369    -3/41 -137/369  151/369]
[   11/41 -293/369     -7/9    13/41  181/369  -95/369     3/41 -191/369  -11/369   -19/41   67/369  -35/369    29/41  217/369 -167/369]
[  -17/41 -479/369  331/369     7/41 -545/369  -17/369    19/41   19/369  265/369    19/41 -263/369 -299/369     7/41   85/369 -233/369]
[  -17/41  325/369 -275/369   -53/41 -281/369  313/369   -19/41 -257/369   55/369     3/41 -341/369  427/369    13/41    -13/9  -47/369]
[   11/41  -95/369  109/369    -3/41  235/369  157/369   -29/41 -281/369   97/369    15/41 -167/369  -71/369   -35/41 -161/369  391/369]
[  -15/41 -263/369    7/369    -7/41  265/369  253/369   -11/41  -53/369  391/369   -27/41 -479/369 -317/369    27/41 -275/369 -395/369]
[  -13/41 -179/369  157/369    17/41 -191/369 -137/369   -47/41  427/369  199/369        0        0        0        0        0        0]
Testing obstruction for
m1: 2, m2: 62,a: 0
Obstructed by Z^n/Q not being cyclic
Testing obstruction for
m1: 4, m2: 28,a: 2
[      -1 -355/369 -313/369   -27/41 -145/369  -19/369    15/41  317/369  527/369    85/41 1031/369 1325/369   183/41 1997/369 2375/369]
[  227/41 1739/369 1463/369   135/41  995/369  803/369    71/41  503/369  395/369    35/41  263/369  239/369    27/41  275/369  335/369]
[   47/41  539/369  683/369    95/41 1055/369 1283/369   171/41 1823/369 2135/369   275/41 2105/369     43/9   161/41 1163/369  905/369]
[   75/41  473/369  299/369    17/41   35/369  -55/369   -13/41 -151/369 -157/369   -15/41  -85/369   -7/369    11/41  233/369  395/369]
[   65/41  803/369 1049/369   147/41 1625/369 1955/369   257/41 1961/369 1637/369   149/41 1073/369  833/369    69/41  437/369  281/369]
[   17/41   53/369  -19/369    -7/41  -79/369  -67/369    -3/41      1/9  137/369    29/41  413/369  593/369    89/41 1037/369 1301/369]
[  177/41 1913/369 2261/369   211/41 1565/369 1259/369   109/41  731/369  509/369    35/41  149/369   11/369   -11/41 -181/369 -235/369]
[  -29/41 -259/369 -229/369   -19/41  -85/369   29/369    19/41  341/369  539/369    85/41 1019/369 1301/369   179/41 1949/369 2315/369]
[  219/41 1655/369 1367/369        3  875/369  671/369    55/41  347/369  227/369    15/41   71/369   35/369     3/41   47/369   95/369]
[   19/41  275/369  407/369    63/41  755/369  971/369   135/41 1487/369 1787/369   235/41 2471/369 2117/369   199/41 1493/369 1223/369]
[  109/41  767/369  581/369    47/41  293/369  191/369    13/41   71/369   53/369     7/41  101/369  167/369    29/41  383/369     13/9]
[   79/41  917/369 1151/369   157/41 1703/369 2021/369   263/41 2003/369 1667/369   151/41 1079/369  827/369    67/41  407/369  239/369]
[   11/41  -13/369  -97/369   -17/41 -181/369 -181/369   -17/41  -97/369  -13/369    11/41  239/369  407/369    67/41  827/369 1079/369]
[  151/41 1667/369 2003/369   263/41 2021/369 1703/369   157/41 1151/369  917/369    79/41     13/9  383/369    29/41  167/369  101/369]
[    7/41   53/369   71/369    13/41  191/369  293/369    47/41  581/369  767/369   109/41 1223/369 1493/369   199/41 2117/369 2471/369]
[  235/41 1787/369 1487/369   135/41  971/369  755/369    63/41  407/369  275/369    19/41   95/369   47/369     3/41   35/369   71/369]
[   15/41  227/369  347/369    55/41  671/369  875/369        3 1367/369 1655/369   219/41 2315/369 1949/369   179/41 1301/369 1019/369]
[   85/41  539/369  341/369    19/41   29/369  -85/369   -19/41 -229/369 -259/369   -29/41 -235/369 -181/369   -11/41   11/369  149/369]
[   35/41  509/369  731/369   109/41 1259/369 1565/369   211/41 2261/369 1913/369   177/41 1301/369 1037/369    89/41  593/369  413/369]
[   29/41  137/369      1/9    -3/41  -67/369  -79/369    -7/41  -19/369   53/369    17/41  281/369  437/369    69/41  833/369 1073/369]
[  149/41 1637/369 1961/369   257/41 1955/369 1625/369   147/41 1049/369  803/369    65/41  395/369  233/369    11/41   -7/369  -85/369]
[  -15/41 -157/369 -151/369   -13/41  -55/369   35/369    17/41  299/369  473/369    75/41  905/369 1163/369   161/41     43/9 2105/369]
[  275/41 2135/369 1823/369   171/41 1283/369 1055/369    95/41  683/369  539/369    47/41  335/369  275/369    27/41  239/369  263/369]
[   35/41  395/369  503/369    71/41  803/369  995/369   135/41 1463/369 1739/369   227/41 2375/369 1997/369   183/41 1325/369 1031/369]
[   85/41  527/369  317/369    15/41  -19/369 -145/369   -27/41 -313/369 -355/369        0        0        0        0        0        0]
Testing obstruction for
m1: 6, m2: 18,a: 2
[      -1 -347/369 -281/369   -19/41  -17/369  181/369    47/41  709/369 1039/369   157/41 1093/369  817/369    65/41  397/369  253/369]
[   17/41   97/369   85/369    13/41  193/369  313/369    53/41  685/369  937/369   137/41 1573/369 1219/369   101/41  643/369  421/369]
[   27/41  109/369   19/369    -3/41  -29/369   13/369    11/41  229/369  403/369    69/41  883/369     29/9   171/41 1195/369  895/369]
[   71/41  427/369  259/369    15/41   55/369   19/369     3/41   79/369  175/369    35/41  499/369  727/369   111/41 1315/369 1675/369]
[  149/41 1051/369  805/369    67/41  445/369  331/369    29/41  235/369  253/369    35/41  421/369  571/369    85/41 1003/369 1285/369]
[  179/41 1243/369  919/369    71/41  403/369  211/369     7/41     -1/9 -101/369   -13/41  -89/369  -17/369    11/41  259/369  463/369]
[   79/41 1003/369 1339/369   109/41  667/369  397/369    19/41  -11/369 -149/369   -27/41 -293/369 -299/369   -29/41 -179/369  -53/369]
[   13/41  331/369  589/369    99/41 1237/369 1627/369   147/41 1063/369  847/369    75/41  547/369  463/369    47/41  427/369  475/369]
[   63/41  703/369  883/369        3 1375/369 1687/369   145/41  967/369  673/369    47/41  217/369   55/369    -7/41 -137/369 -167/369]
[  -17/41  -95/369    7/369    17/41  343/369  577/369    95/41 1177/369 1543/369   135/41  931/369  691/369    55/41  343/369  235/369]
[   19/41  151/369  175/369    27/41  355/369  511/369    79/41  955/369 1243/369   175/41 1213/369  895/369    69/41  391/369      5/9]
[    7/41  -35/369  -89/369   -11/41  -65/369   13/369    15/41  301/369  511/369    85/41 1063/369 1405/369   117/41  745/369  481/369]
[   29/41   85/369  -47/369   -15/41 -179/369 -179/369   -15/41  -47/369   85/369    29/41  481/369  745/369   117/41 1405/369 1063/369]
[   85/41  511/369  301/369    15/41   13/369  -65/369   -11/41  -89/369  -35/369     7/41      5/9  391/369    69/41  895/369 1213/369]
[  175/41 1243/369  955/369    79/41  511/369  355/369    27/41  175/369  151/369    19/41  235/369  343/369    55/41  691/369  931/369]
[  135/41 1543/369 1177/369    95/41  577/369  343/369    17/41    7/369  -95/369   -17/41 -167/369 -137/369    -7/41   55/369  217/369]
[   47/41  673/369  967/369   145/41 1687/369 1375/369        3  883/369  703/369    63/41  475/369  427/369    47/41  463/369  547/369]
[   75/41  847/369 1063/369   147/41 1627/369 1237/369    99/41  589/369  331/369    13/41  -53/369 -179/369   -29/41 -299/369 -293/369]
[  -27/41 -149/369  -11/369    19/41  397/369  667/369   109/41 1339/369 1003/369    79/41  463/369  259/369    11/41  -17/369  -89/369]
[  -13/41 -101/369     -1/9     7/41  211/369  403/369    71/41  919/369 1243/369   179/41 1285/369 1003/369    85/41  571/369  421/369]
[   35/41  253/369  235/369    29/41  331/369  445/369    67/41  805/369 1051/369   149/41 1675/369 1315/369   111/41  727/369  499/369]
[   35/41  175/369   79/369     3/41   19/369   55/369    15/41  259/369  427/369    71/41  895/369 1195/369   171/41     29/9  883/369]
[   69/41  403/369  229/369    11/41   13/369  -29/369    -3/41   19/369  109/369    27/41  421/369  643/369   101/41 1219/369 1573/369]
[  137/41  937/369  685/369    53/41  313/369  193/369    13/41   85/369   97/369    17/41  253/369  397/369    65/41  817/369 1093/369]
[  157/41 1039/369  709/369    47/41  181/369  -17/369   -19/41 -281/369 -347/369        0        0        0        0        0        0]
Testing obstruction for
m1: 8, m2: 14,a: 3
Obstructed by Z^n/Q not being cyclic
Testing obstruction for
m1: 10, m2: 14,a: 6
[      -1 -331/369 -217/369    -3/41  239/369  581/369   111/41  755/369  587/369    55/41  479/369  539/369    75/41  887/369 1175/369]
[   89/41  503/369  281/369    15/41   65/369   71/369    17/41  311/369  545/369    95/41  503/369  227/369     3/41  -97/369 -145/369]
[  -13/41  -13/369  167/369    47/41  755/369 1163/369   101/41  731/369  629/369    67/41  653/369     19/9   109/41 1259/369  875/369]
[   63/41  335/369  179/369    11/41   95/369  167/369    35/41  539/369  839/369    53/41  191/369  -19/369   -17/41 -211/369 -193/369]
[  -11/41   71/369  317/369    71/41 1037/369  773/369    65/41  473/369  437/369    53/41  593/369  785/369   117/41  659/369  341/369]
[   11/41  -67/369 -157/369   -19/41 -109/369   29/369    27/41     13/9  899/369    67/41  383/369  239/369    19/41  179/369  263/369]
[   47/41  659/369  971/369    69/41  347/369  149/369     3/41  -19/369   11/369    13/41  299/369  557/369    99/41  563/369  311/369]
[   15/41   35/369   11/369     7/41  191/369  395/369    75/41 1031/369  725/369    55/41  341/369  263/369    29/41  335/369  485/369]
[   79/41 1013/369  653/369        1  161/369   29/369    -3/41   -7/369   89/369    29/41  509/369  833/369    55/41  233/369   47/369]
[   -7/41  -97/369  -55/369     7/41  257/369  527/369    97/41 1295/369 1055/369    99/41  803/369  791/369    95/41  995/369 1211/369]
[   85/41  395/369  101/369   -13/41 -259/369 -325/369   -35/41 -229/369  -67/369    19/41  485/369  875/369    67/41  407/369      7/9]
[   27/41  275/369  383/369    63/41  827/369 1163/369    93/41  587/369  413/369    35/41  293/369  347/369    53/41  683/369  965/369]
[   65/41  281/369   53/369   -11/41 -175/369 -175/369   -11/41   53/369  281/369    65/41  965/369  683/369    53/41  347/369  293/369]
[   35/41  413/369  587/369    93/41 1163/369  827/369    63/41  383/369  275/369    27/41      7/9  407/369    67/41  875/369  485/369]
[   19/41  -67/369 -229/369   -35/41 -325/369 -259/369   -13/41  101/369  395/369    85/41 1211/369  995/369    95/41  791/369  803/369]
[   99/41 1055/369 1295/369    97/41  527/369  257/369     7/41  -55/369  -97/369    -7/41   47/369  233/369    55/41  833/369  509/369]
[   29/41   89/369   -7/369    -3/41   29/369  161/369        1  653/369 1013/369    79/41  485/369  335/369    29/41  263/369  341/369]
[   55/41  725/369 1031/369    75/41  395/369  191/369     7/41   11/369   35/369    15/41  311/369  563/369    99/41  557/369  299/369]
[   13/41   11/369  -19/369     3/41  149/369  347/369    69/41  971/369  659/369    47/41  263/369  179/369    19/41  239/369  383/369]
[   67/41  899/369     13/9    27/41   29/369 -109/369   -19/41 -157/369  -67/369    11/41  341/369  659/369   117/41  785/369  593/369]
[   53/41  437/369  473/369    65/41  773/369 1037/369    71/41  317/369   71/369   -11/41 -193/369 -211/369   -17/41  -19/369  191/369]
[   53/41  839/369  539/369    35/41  167/369   95/369    11/41  179/369  335/369    63/41  875/369 1259/369   109/41     19/9  653/369]
[   67/41  629/369  731/369   101/41 1163/369  755/369    47/41  167/369  -13/369   -13/41 -145/369  -97/369     3/41  227/369  503/369]
[   95/41  545/369  311/369    17/41   71/369   65/369    15/41  281/369  503/369    89/41 1175/369  887/369    75/41  539/369  479/369]
[   55/41  587/369  755/369   111/41  581/369  239/369    -3/41 -217/369 -331/369        0        0        0        0        0        0]
Testing obstruction for
m1: 14, m2: 18,a: 12
[      -1 -341/369 -257/369   -13/41   79/369  331/369    71/41 1003/369  685/369    47/41  217/369   67/369    -3/41  -65/369  -47/369]
[    3/41  157/369  343/369    65/41  883/369 1237/369   101/41  637/369  421/369    29/41  157/369  109/369    13/41  181/369  301/369]
[   53/41  709/369  997/369   149/41 1003/369  721/369    55/41  325/369  211/369    17/41  151/369      5/9    35/41  481/369  703/369]
[  109/41 1315/369  967/369    75/41  439/369  259/369    15/41   67/369   55/369    11/41  199/369  355/369    63/41  835/369 1159/369]
[   89/41  499/369  253/369     7/41  -71/369 -149/369   -19/41 -137/369  -47/369    11/41  301/369  559/369    97/41 1243/369  931/369]
[   75/41  475/369  331/369    27/41  211/369  235/369    35/41     11/9  643/369    99/41 1195/369 1555/369   137/41  967/369  757/369]
[   67/41  505/369  463/369    53/41  547/369  673/369    95/41 1093/369 1387/369   111/41  667/369  391/369    19/41    7/369 -101/369]
[  -17/41 -149/369  -89/369     3/41  199/369  427/369    79/41 1051/369  709/369    47/41  193/369   19/369   -11/41 -161/369 -167/369]
[  -13/41  -11/369  151/369        1  643/369  973/369    69/41  325/369   85/369   -11/41 -227/369 -299/369   -35/41 -275/369 -179/369]
[   -3/41  181/369  445/369    85/41 1141/369  835/369    65/41  391/369  253/369    19/41  145/369  175/369    29/41  403/369  601/369]
[   95/41 1165/369 1531/369   135/41  955/369  751/369    67/41  511/369  475/369    55/41  571/369  703/369    99/41 1135/369     35/9]
[  117/41  727/369  457/369    27/41   85/369  -17/369    -7/41  -53/369   13/369    15/41  313/369  547/369    93/41 1183/369  847/369]
[   63/41  343/369  175/369     7/41    7/369    7/369     7/41  175/369  343/369    63/41  847/369 1183/369    93/41  547/369  313/369]
[   15/41   13/369  -53/369    -7/41  -17/369   85/369    27/41  457/369  727/369   117/41     35/9 1135/369    99/41  703/369  571/369]
[   55/41  475/369  511/369    67/41  751/369  955/369   135/41 1531/369 1165/369    95/41  601/369  403/369    29/41  175/369  145/369]
[   19/41  253/369  391/369    65/41  835/369 1141/369    85/41  445/369  181/369    -3/41 -179/369 -275/369   -35/41 -299/369 -227/369]
[  -11/41   85/369  325/369    69/41  973/369  643/369        1  151/369  -11/369   -13/41 -167/369 -161/369   -11/41   19/369  193/369]
[   47/41  709/369 1051/369    79/41  427/369  199/369     3/41  -89/369 -149/369   -17/41 -101/369    7/369    19/41  391/369  667/369]
[  111/41 1387/369 1093/369    95/41  673/369  547/369    53/41  463/369  505/369    67/41  757/369  967/369   137/41 1555/369 1195/369]
[   99/41  643/369     11/9    35/41  235/369  211/369    27/41  331/369  475/369    75/41  931/369 1243/369    97/41  559/369  301/369]
[   11/41  -47/369 -137/369   -19/41 -149/369  -71/369     7/41  253/369  499/369    89/41 1159/369  835/369    63/41  355/369  199/369]
[   11/41   55/369   67/369    15/41  259/369  439/369    75/41  967/369 1315/369   109/41  703/369  481/369    35/41      5/9  151/369]
[   17/41  211/369  325/369    55/41  721/369 1003/369   149/41  997/369  709/369    53/41  301/369  181/369    13/41  109/369  157/369]
[   29/41  421/369  637/369   101/41 1237/369  883/369    65/41  343/369  157/369     3/41  -47/369  -65/369    -3/41   67/369  217/369]
[   47/41  685/369 1003/369    71/41  331/369   79/369   -13/41 -257/369 -341/369        0        0        0        0        0        0]
Unobstructed
44
---------------------------
---------------------------
