13a4792
Correction terms
[      -1   13/285 -233/285    39/95  -77/285   -49/57    61/95   67/285  -23/285   -29/95   -25/57 -137/285   -41/95  -83/285  -17/285]
[    5/19  193/285 -233/285   -21/95     7/15   -43/57    11/95 -263/285   37/285   -69/95    29/57  -47/285   -71/95  217/285  103/285]
[    1/19  -47/285  -83/285   -31/95  -77/285    -7/57    11/95 -443/285    13/15   -59/95    -1/57  193/285   -51/95   97/285 -197/285]
[    7/19 -137/285  217/285     9/95 -137/285   -55/57    61/95   97/285   37/285     1/95    -1/57   13/285      1/5  127/285 -347/285]
[   23/19  -77/285   97/285   -91/95  -47/285    41/57   -29/95  217/285  -23/285   -79/95    29/57  -17/285   -51/95  307/285 -347/285]
[   11/19   -23/15  127/285    49/95  193/285    53/57   -69/95  -83/285   67/285    81/95   -25/57  103/285   -71/95   67/285 -197/285]
[    9/19  -77/285  307/285    49/95   13/285     -1/3   -59/95  337/285 -263/285   101/95   -49/57 -197/285   -41/95  -23/285  103/285]
[   17/19 -137/285   67/285   -91/95  -17/285    53/57     1/95  337/285 -443/285     -1/5   -43/57  223/285    39/95   37/285  -17/285]
[   -3/19  -47/285  -23/285     9/95  103/285    41/57   -79/95  -83/285   97/285   101/95    -7/57  223/285   -21/95   -17/15   13/285]
[  -13/19  193/285   37/285   -31/95 -197/285   -55/57    81/95  217/285  217/285    81/95   -55/57 -197/285   -31/95   37/285  193/285]
[  -13/19   13/285   -17/15   -21/95  223/285    -7/57   101/95   97/285  -83/285   -79/95    41/57  103/285     9/95  -23/285  -47/285]
[   -3/19  -17/285   37/285    39/95  223/285   -43/57     -1/5 -443/285  337/285     1/95    53/57  -17/285   -91/95   67/285 -137/285]
[   17/19  103/285  -23/285   -41/95 -197/285   -49/57   101/95 -263/285  337/285   -59/95     -1/3   13/285    49/95  307/285  -77/285]
[    9/19 -197/285   67/285   -71/95  103/285   -25/57    81/95   67/285  -83/285   -69/95    53/57  193/285    49/95  127/285   -23/15]
[   11/19 -347/285  307/285   -51/95  -17/285    29/57   -79/95  -23/285  217/285   -29/95    41/57  -47/285   -91/95   97/285  -77/285]
[   23/19 -347/285  127/285      1/5   13/285    -1/57     1/95   37/285   97/285    61/95   -55/57 -137/285     9/95  217/285 -137/285]
[    7/19 -197/285   97/285   -51/95  193/285    -1/57   -59/95    13/15 -443/285    11/95    -7/57  -77/285   -31/95  -83/285  -47/285]
[    1/19  103/285  217/285   -71/95  -47/285    29/57   -69/95   37/285 -263/285    11/95   -43/57     7/15   -21/95 -233/285  193/285]
[    5/19  -17/285  -83/285   -41/95 -137/285   -25/57   -29/95  -23/285   67/285    61/95   -49/57  -77/285    39/95 -233/285   13/285]
[       0        0        0        0        0        0        0        0        0        0        0        0        0        0        0]
Testing obstruction for
m1: 2, m2: 48,a: 0
[      -1  -89/285  -71/285   -77/95    1/285    11/57   -23/95  199/285  289/285    67/95   101/57  631/285   193/95  919/285 1081/285]
[   71/19 1441/285 1639/285   553/95   109/15   461/57   787/95 2809/285 3079/285  1057/95   617/57 2821/285   793/95 2329/285 2101/285]
[  113/19 1681/285 1489/285   373/95 1141/285   197/57   217/95  709/285    31/15    97/95    77/57  301/285    13/95  169/285  121/285]
[   -7/19   61/285   49/285   -47/95   61/285    17/57   -23/95  169/285  229/285    37/95    77/57  481/285      7/5  709/285  841/285]
[   53/19 1141/285 1309/285   433/95 1681/285   377/57   637/95 2329/285 2569/285   877/95   617/57 3361/285   963/95 2809/285 2551/285]
[  141/19   109/15 1849/285   483/95 1441/285   251/57   297/95  919/285  769/285   147/95   101/57  391/285    33/95  199/285  121/285]
[   -9/19    1/285  -41/285   -87/95  -89/285     -1/3   -93/95  -71/285  -41/285   -63/95    11/57  121/285     3/95  289/285  391/285]
[   21/19  631/285  769/285   243/95 1081/285   251/57   417/95 1639/285 1849/285     33/5   461/57 2551/285   873/95 3079/285 3361/285]
[  193/19 2821/285 2569/285   713/95 2101/285   377/57   497/95 1489/285 1309/285   317/95   197/57  841/285   173/95    31/15  481/285]
[   13/19  301/285  229/285    -7/95  121/285    17/57   -43/95   49/285   49/285   -43/95    17/57  121/285    -7/95  229/285  301/285]
[   13/19  481/285    31/15   173/95  841/285   197/57   317/95 1309/285 1489/285   497/95   377/57 2101/285   713/95 2569/285 2821/285]
[  193/19 3361/285 3079/285   873/95 2551/285   461/57     33/5 1849/285 1639/285   417/95   251/57 1081/285   243/95  769/285  631/285]
[   21/19  391/285  289/285     3/95  121/285    11/57   -63/95  -41/285  -71/285   -93/95     -1/3  -89/285   -87/95  -41/285    1/285]
[   -9/19  121/285  199/285    33/95  391/285   101/57   147/95  769/285  919/285   297/95   251/57 1441/285   483/95 1849/285   109/15]
[  141/19 2551/285 2809/285   963/95 3361/285   617/57   877/95 2569/285 2329/285   637/95   377/57 1681/285   433/95 1309/285 1141/285]
[   53/19  841/285  709/285      7/5  481/285    77/57    37/95  229/285  169/285   -23/95    17/57   61/285   -47/95   49/285   61/285]
[   -7/19  121/285  169/285    13/95  301/285    77/57    97/95    31/15  709/285   217/95   197/57 1141/285   373/95 1489/285 1681/285]
[  113/19 2101/285 2329/285   793/95 2821/285   617/57  1057/95 3079/285 2809/285   787/95   461/57   109/15   553/95 1639/285 1441/285]
[   71/19 1081/285  919/285   193/95  631/285   101/57    67/95  289/285  199/285   -23/95    11/57    1/285   -77/95  -71/285  -89/285]
[       0        0        0        0        0        0        0        0        0        0        0        0        0        0        0]
Testing obstruction for
m1: 8, m2: 10,a: 0
[      -1 -217/285  -13/285   109/95  803/285   169/57   151/95  197/285   77/285    31/95    49/57  533/285   129/95  377/285  503/285]
[   13/19   23/285  -13/285    29/95    17/15    25/57    21/95  137/285  347/285   231/95   121/57  653/285    89/95   17/285  -97/285]
[   -5/19   83/285  377/285   269/95  803/285    73/57    21/95 -103/285    -7/15    -9/95    43/57  593/285   179/95  617/285  263/285]
[    3/19  -37/285   17/285    69/95  533/285    85/57   151/95  617/285  347/285    71/95    43/57  353/285      1/5 -103/285 -127/285]
[   -1/19  233/285  617/285   189/95  653/285    61/57    31/95   17/285   77/285    91/95   121/57 1073/285   179/95  137/285 -127/285]
[  -17/19   -13/15 -103/285    59/95  593/285   115/57   231/95  377/285  197/285    51/95    49/57  473/285    89/95  197/285  263/285]
[   31/19  233/285  137/285    59/95  353/285      1/3    -9/95  -13/285  137/285   141/95   169/57  833/285   129/95   77/285  -97/285]
[   -9/19  -37/285  197/285   189/95 1073/285   115/57    71/95  -13/285 -103/285     -1/5    25/57  443/285   109/95  347/285  503/285]
[   15/19   83/285   77/285    69/95  473/285    61/57    91/95  377/285  617/285   141/95    73/57  443/285    29/95    -7/15 -217/285]
[  -11/19   23/285  347/285   269/95  833/285    85/57    51/95   17/285   17/285    51/95    85/57  833/285   269/95  347/285   23/285]
[  -11/19 -217/285    -7/15    29/95  443/285    73/57   141/95  617/285  377/285    91/95    61/57  473/285    69/95   77/285   83/285]
[   15/19  503/285  347/285   109/95  443/285    25/57     -1/5 -103/285  -13/285    71/95   115/57 1073/285   189/95  197/285  -37/285]
[   -9/19  -97/285   77/285   129/95  833/285   169/57   141/95  137/285  -13/285    -9/95      1/3  353/285    59/95  137/285  233/285]
[   31/19  263/285  197/285    89/95  473/285    49/57    51/95  197/285  377/285   231/95   115/57  593/285    59/95 -103/285   -13/15]
[  -17/19 -127/285  137/285   179/95 1073/285   121/57    91/95   77/285   17/285    31/95    61/57  653/285   189/95  617/285  233/285]
[   -1/19 -127/285 -103/285      1/5  353/285    43/57    71/95  347/285  617/285   151/95    85/57  533/285    69/95   17/285  -37/285]
[    3/19  263/285  617/285   179/95  593/285    43/57    -9/95    -7/15 -103/285    21/95    73/57  803/285   269/95  377/285   83/285]
[   -5/19  -97/285   17/285    89/95  653/285   121/57   231/95  347/285  137/285    21/95    25/57    17/15    29/95  -13/285   23/285]
[   13/19  503/285  377/285   129/95  533/285    49/57    31/95   77/285  197/285   151/95   169/57  803/285   109/95  -13/285 -217/285]
[       0        0        0        0        0        0        0        0        0        0        0        0        0        0        0]
Testing obstruction for
m1: 4, m2: 22,a: 2
[      -1 -271/285 -229/285   -53/95  -61/285    13/57    73/95  401/285  611/285   283/95   223/57 1409/285   387/95  941/285  749/285]
[   39/19  449/285  341/285    87/95    11/15    37/57    63/95  221/285  281/285   123/95    97/57  629/285   267/95 1001/285 1229/285]
[   99/19 1199/285  941/285   237/95  509/285    67/57    63/95   71/285    -1/15   -27/95   -23/57 -121/285   -33/95  -49/285   29/285]
[    9/19  269/285  431/285   207/95  839/285   217/57   453/95 1091/285  851/285   213/95    91/57  299/285      3/5   71/285   -1/285]
[   -3/19  -61/285  -49/285    -3/95   59/285    31/57    93/95  431/285  611/285   273/95   211/57 1319/285   347/95  791/285  569/285]
[   25/19    11/15   71/285   -13/95 -121/285   -35/57   -67/95 -199/285 -169/285   -37/95    -5/57   89/285    77/95  401/285  599/285]
[   55/19 1079/285 1361/285   367/95  869/285      7/3   163/95  341/285  221/285    43/95    13/57   29/285     7/95   41/285   89/285]
[   11/19  269/285  401/285   187/95  749/285   193/57   403/95 1481/285 1211/285     17/5   151/57  569/285   137/95  281/285  179/285]
[    7/19   59/285   41/285    17/95   89/285    31/57    83/95  371/285  521/285   233/95   181/57 1139/285   467/95    59/15  869/285]
[   43/19  449/285  281/285    47/95   29/285   -11/57   -37/95 -139/285 -139/285   -37/95   -11/57   29/285    47/95  281/285  449/285]
[   43/19  869/285    59/15   467/95 1139/285   181/57   233/95  521/285  371/285    83/95    31/57   89/285    17/95   41/285   59/285]
[    7/19  179/285  281/285   137/95  569/285   151/57     17/5 1211/285 1481/285   403/95   193/57  749/285   187/95  401/285  269/285]
[   11/19   89/285   41/285     7/95   29/285    13/57    43/95  221/285  341/285   163/95      7/3  869/285   367/95 1361/285 1079/285]
[   55/19  599/285  401/285    77/95   89/285    -5/57   -37/95 -169/285 -199/285   -67/95   -35/57 -121/285   -13/95   71/285    11/15]
[   25/19  569/285  791/285   347/95 1319/285   211/57   273/95  611/285  431/285    93/95    31/57   59/285    -3/95  -49/285  -61/285]
[   -3/19   -1/285   71/285      3/5  299/285    91/57   213/95  851/285 1091/285   453/95   217/57  839/285   207/95  431/285  269/285]
[    9/19   29/285  -49/285   -33/95 -121/285   -23/57   -27/95    -1/15   71/285    63/95    67/57  509/285   237/95  941/285 1199/285]
[   99/19 1229/285 1001/285   267/95  629/285    97/57   123/95  281/285  221/285    63/95    37/57    11/15    87/95  341/285  449/285]
[   39/19  749/285  941/285   387/95 1409/285   223/57   283/95  611/285  401/285    73/95    13/57  -61/285   -53/95 -229/285 -271/285]
[       0        0        0        0        0        0        0        0        0        0        0        0        0        0        0]
Testing obstruction for
m1: 6, m2: 18,a: 5
[      -1 -263/285 -197/285   -29/95   67/285    53/57   169/95  793/285  553/285   119/95    41/57   97/285    11/95   13/285   37/285]
[    7/19  217/285  373/285   191/95    43/15   107/57    99/95  103/285  -47/285   -51/95   -43/57 -233/285   -69/95 -137/285  -23/285]
[    9/19  337/285  583/285   291/95  637/285    89/57    99/95  193/285     7/15    39/95    29/57  217/285   111/95  493/285  697/285]
[   63/19  667/285  433/285    81/95   97/285    -1/57   -21/95  -77/285  -47/285     9/95    29/57  307/285      9/5  763/285 1057/285]
[   55/19  637/285  493/285   131/95  337/285    65/57   119/95  433/285  553/285   239/95   185/57 1177/285   301/95  673/285  487/285]
[   23/19    13/15  193/285    61/95  217/285    59/57   139/95  583/285  793/285   349/95   155/57  547/285   121/95  223/285  127/285]
[    5/19   67/285  103/285    61/95  307/285      5/3   229/95  943/285  673/285   149/95    53/57  127/285    11/95  -17/285  -23/285]
[    1/19   97/285  223/285   131/95  607/285   173/57   199/95  373/285  193/285      1/5    -7/57  -83/285   -29/95  -47/285   37/285]
[   11/19  337/285  553/285   271/95  547/285    65/57    49/95   13/285  -77/285   -41/95   -25/57  -83/285     1/95     7/15  307/285]
[   35/19  787/285  523/285   101/95  127/285    -1/57   -31/95 -137/285 -137/285   -31/95    -1/57  127/285   101/95  523/285  787/285]
[   35/19  307/285     7/15     1/95  -83/285   -25/57   -41/95  -77/285   13/285    49/95    65/57  547/285   271/95  553/285  337/285]
[   11/19   37/285  -47/285   -29/95  -83/285    -7/57      1/5  193/285  373/285   199/95   173/57  607/285   131/95  223/285   97/285]
[    1/19  -23/285  -17/285    11/95  127/285    53/57   149/95  673/285  943/285   229/95      5/3  307/285    61/95  103/285   67/285]
[    5/19  127/285  223/285   121/95  547/285   155/57   349/95  793/285  583/285   139/95    59/57  217/285    61/95  193/285    13/15]
[   23/19  487/285  673/285   301/95 1177/285   185/57   239/95  553/285  433/285   119/95    65/57  337/285   131/95  493/285  637/285]
[   55/19 1057/285  763/285      9/5  307/285    29/57     9/95  -47/285  -77/285   -21/95    -1/57   97/285    81/95  433/285  667/285]
[   63/19  697/285  493/285   111/95  217/285    29/57    39/95     7/15  193/285    99/95    89/57  637/285   291/95  583/285  337/285]
[    9/19  -23/285 -137/285   -69/95 -233/285   -43/57   -51/95  -47/285  103/285    99/95   107/57    43/15   191/95  373/285  217/285]
[    7/19   37/285   13/285    11/95   97/285    41/57   119/95  553/285  793/285   169/95    53/57   67/285   -29/95 -197/285 -263/285]
[       0        0        0        0        0        0        0        0        0        0        0        0        0        0        0]
Unobstructed
22
---------------------------
---------------------------
13a4796
Correction terms
[      -1  309/241   31/241 -111/241 -117/241   13/241 -203/241  199/241  255/241  -35/241 -189/241  275/241  -89/241  165/241   73/241]
[ 117/241 -185/241  131/241  101/241 -275/241  -33/241 -137/241 -105/241   63/241  367/241 -157/241  -63/241  167/241   51/241   71/241]
[ 227/241   37/241  -17/241   65/241  283/241 -327/241  163/241 -175/241  105/241   39/241  109/241 -167/241  175/241  171/241 -179/241]
[  89/241   11/241   69/241  263/241  111/241   95/241 -267/241  -11/241 -101/241  -55/241  127/241  -37/241  -65/241   43/241  287/241]
[-297/241  219/241  -93/241  213/241  173/241  269/241   19/241  -95/241  -73/241   85/241 -103/241  327/241  -71/241  149/241   23/241]
[  33/241 -303/241  -21/241  -85/241  -13/241  195/241   57/241   55/241  189/241  -23/241  -99/241  -39/241  157/241    7/241   -7/241]
[ 115/241 -109/241 -197/241 -149/241   35/241 -127/241  329/241  -43/241  203/241  103/241  139/241 -171/241  137/241   99/241  197/241]
[ -51/241  319/241 -139/241   21/241 -165/241  267/241 -129/241   93/241  -31/241  -19/241  129/241  -69/241 -131/241  -57/241  153/241]
[  17/241   17/241  153/241  -57/241 -131/241  -69/241  129/241  -19/241  -31/241   93/241 -129/241  267/241 -165/241   21/241 -139/241]
[ 319/241  -51/241  197/241   99/241  137/241 -171/241  139/241  103/241  203/241  -43/241  329/241 -127/241   35/241 -149/241 -197/241]
[-109/241  115/241   -7/241    7/241  157/241  -39/241  -99/241  -23/241  189/241   55/241   57/241  195/241  -13/241  -85/241  -21/241]
[-303/241   33/241   23/241  149/241  -71/241  327/241 -103/241   85/241  -73/241  -95/241   19/241  269/241  173/241  213/241  -93/241]
[ 219/241 -297/241  287/241   43/241  -65/241  -37/241  127/241  -55/241 -101/241  -11/241 -267/241   95/241  111/241  263/241   69/241]
[  11/241   89/241 -179/241  171/241  175/241 -167/241  109/241   39/241  105/241 -175/241  163/241 -327/241  283/241   65/241  -17/241]
[  37/241  227/241   71/241   51/241  167/241  -63/241 -157/241  367/241   63/241 -105/241 -137/241  -33/241 -275/241  101/241  131/241]
[-185/241  117/241   73/241  165/241  -89/241  275/241 -189/241  -35/241  255/241  199/241 -203/241   13/241 -117/241 -111/241   31/241]
[ 309/241        0        0        0        0        0        0        0        0        0        0        0        0        0        0]
Testing obstruction for
m1: 4, m2: 18,a: 1
[      -1 -227/241 -185/241 -115/241  -17/241  109/241  263/241  445/241  655/241  893/241  677/241  489/241  329/241  197/241   93/241]
[  17/241  -31/241  -51/241  -43/241   -7/241   57/241  149/241  269/241  417/241  593/241  797/241 1029/241  807/241  613/241  447/241]
[ 309/241  199/241  117/241   63/241   37/241   39/241   69/241  127/241  213/241  327/241  469/241  639/241  837/241 1063/241  835/241]
[ 635/241  463/241  319/241  203/241  115/241   55/241   23/241   19/241   43/241   95/241  175/241  283/241  419/241  583/241  775/241]
[ 995/241  761/241  555/241  377/241  227/241  105/241   11/241  -55/241  -93/241 -103/241  -85/241  -39/241   35/241  137/241  267/241]
[ 425/241  611/241  825/241 1067/241  855/241  671/241  515/241  387/241  287/241  215/241  171/241  155/241  167/241  207/241  275/241]
[ 371/241  495/241  647/241  827/241 1035/241  789/241  571/241  381/241  219/241   85/241  -21/241  -99/241 -149/241 -171/241 -165/241]
[-131/241  -69/241   21/241  139/241  285/241  459/241  661/241  891/241  667/241  471/241  303/241  163/241   51/241  -33/241  -89/241]
[-117/241 -117/241  -89/241  -33/241   51/241  163/241  303/241  471/241  667/241  891/241  661/241  459/241  285/241  139/241   21/241]
[ -69/241 -131/241 -165/241 -171/241 -149/241  -99/241  -21/241   85/241  219/241  381/241  571/241  789/241 1035/241  827/241  647/241]
[ 495/241  371/241  275/241  207/241  167/241  155/241  171/241  215/241  287/241  387/241  515/241  671/241  855/241 1067/241  825/241]
[ 611/241  425/241  267/241  137/241   35/241  -39/241  -85/241 -103/241  -93/241  -55/241   11/241  105/241  227/241  377/241  555/241]
[ 761/241  995/241  775/241  583/241  419/241  283/241  175/241   95/241   43/241   19/241   23/241   55/241  115/241  203/241  319/241]
[ 463/241  635/241  835/241 1063/241  837/241  639/241  469/241  327/241  213/241  127/241   69/241   39/241   37/241   63/241  117/241]
[ 199/241  309/241  447/241  613/241  807/241 1029/241  797/241  593/241  417/241  269/241  149/241   57/241   -7/241  -43/241  -51/241]
[ -31/241   17/241   93/241  197/241  329/241  489/241  677/241  893/241  655/241  445/241  263/241  109/241  -17/241 -115/241 -185/241]
[-227/241        0        0        0        0        0        0        0        0        0        0        0        0        0        0]
Testing obstruction for
m1: 6, m2: 16,a: 5
[      -1 -219/241 -153/241  -43/241  111/241  309/241  551/241  355/241  203/241   95/241   31/241   11/241   35/241  103/241  215/241]
[ 371/241  571/241  333/241  139/241  -11/241 -117/241 -179/241 -197/241 -171/241 -101/241   13/241  171/241  373/241  619/241  427/241]
[ 279/241  175/241  115/241   99/241  127/241  199/241  315/241  475/241  679/241  445/241  255/241  109/241    7/241  -51/241  -65/241]
[ -35/241   39/241  157/241  319/241  525/241  775/241  587/241  443/241  343/241  287/241  275/241  307/241  383/241  503/241  667/241]
[ 875/241  645/241  459/241  317/241  219/241  165/241  155/241  189/241  267/241  389/241  555/241  765/241  537/241  353/241  213/241]
[ 117/241   65/241   57/241   93/241  173/241  297/241  465/241  677/241  451/241  269/241  131/241   37/241  -13/241  -19/241   19/241]
[ 101/241  227/241  397/241  611/241  387/241  207/241   71/241  -21/241  -69/241  -73/241  -33/241   51/241  179/241  351/241  567/241]
[ 345/241  167/241   33/241  -57/241 -103/241 -105/241  -63/241   23/241  153/241  327/241  545/241  325/241  149/241   17/241  -71/241]
[-115/241 -115/241  -71/241   17/241  149/241  325/241  545/241  327/241  153/241   23/241  -63/241 -105/241 -103/241  -57/241   33/241]
[ 167/241  345/241  567/241  351/241  179/241   51/241  -33/241  -73/241  -69/241  -21/241   71/241  207/241  387/241  611/241  397/241]
[ 227/241  101/241   19/241  -19/241  -13/241   37/241  131/241  269/241  451/241  677/241  465/241  297/241  173/241   93/241   57/241]
[  65/241  117/241  213/241  353/241  537/241  765/241  555/241  389/241  267/241  189/241  155/241  165/241  219/241  317/241  459/241]
[ 645/241  875/241  667/241  503/241  383/241  307/241  275/241  287/241  343/241  443/241  587/241  775/241  525/241  319/241  157/241]
[  39/241  -35/241  -65/241  -51/241    7/241  109/241  255/241  445/241  679/241  475/241  315/241  199/241  127/241   99/241  115/241]
[ 175/241  279/241  427/241  619/241  373/241  171/241   13/241 -101/241 -171/241 -197/241 -179/241 -117/241  -11/241  139/241  333/241]
[ 571/241  371/241  215/241  103/241   35/241   11/241   31/241   95/241  203/241  355/241  551/241  309/241  111/241  -43/241 -153/241]
[-219/241        0        0        0        0        0        0        0        0        0        0        0        0        0        0]
Testing obstruction for
m1: 10, m2: 12,a: 7
[      -1 -213/241 -129/241   11/241  207/241  459/241  285/241  167/241  105/241   99/241  149/241  255/241  417/241  635/241  427/241]
[ 275/241  179/241  139/241  155/241  227/241  355/241  539/241  297/241  111/241  -19/241  -93/241 -111/241  -73/241   21/241  171/241]
[ 377/241  639/241  475/241  367/241  315/241  319/241  379/241  495/241  667/241  413/241  215/241   73/241  -13/241  -43/241  -17/241]
[  65/241  203/241  397/241  165/241  -11/241 -131/241 -195/241 -203/241 -155/241  -51/241  109/241  325/241  597/241  443/241  345/241]
[ 303/241  317/241  387/241  513/241  695/241  451/241  263/241  131/241   55/241   35/241   71/241  163/241  311/241  515/241  293/241]
[ 127/241   17/241  -37/241  -35/241   23/241  137/241  307/241  533/241  333/241  189/241  101/241   69/241   93/241  173/241  309/241]
[ 501/241  267/241   89/241  -33/241  -99/241 -109/241  -63/241   39/241  197/241  411/241  199/241   43/241  -57/241 -101/241  -89/241]
[ -21/241  103/241  283/241  519/241  329/241  195/241  117/241   95/241  129/241  219/241  365/241  567/241  343/241  175/241   63/241]
[   7/241    7/241   63/241  175/241  343/241  567/241  365/241  219/241  129/241   95/241  117/241  195/241  329/241  519/241  283/241]
[ 103/241  -21/241  -89/241 -101/241  -57/241   43/241  199/241  411/241  197/241   39/241  -63/241 -109/241  -99/241  -33/241   89/241]
[ 267/241  501/241  309/241  173/241   93/241   69/241  101/241  189/241  333/241  533/241  307/241  137/241   23/241  -35/241  -37/241]
[  17/241  127/241  293/241  515/241  311/241  163/241   71/241   35/241   55/241  131/241  263/241  451/241  695/241  513/241  387/241]
[ 317/241  303/241  345/241  443/241  597/241  325/241  109/241  -51/241 -155/241 -203/241 -195/241 -131/241  -11/241  165/241  397/241]
[ 203/241   65/241  -17/241  -43/241  -13/241   73/241  215/241  413/241  667/241  495/241  379/241  319/241  315/241  367/241  475/241]
[ 639/241  377/241  171/241   21/241  -73/241 -111/241  -93/241  -19/241  111/241  297/241  539/241  355/241  227/241  155/241  139/241]
[ 179/241  275/241  427/241  635/241  417/241  255/241  149/241   99/241  105/241  167/241  285/241  459/241  207/241   11/241 -129/241]
[-213/241        0        0        0        0        0        0        0        0        0        0        0        0        0        0]
---------------------------
SUCCESS for name = 13a4796
---------------------------
13a4810
Correction terms
[      -1  351/277   19/277 -165/277  353/277  -89/277  171/277   25/277   27/277  177/277  -79/277  367/277 -147/277   41/277 -177/277]
[-247/277  385/277   57/277 -123/277 -155/277  -39/277  225/277   83/277   89/277 -311/277   -9/277 -113/277  -69/277  123/277  -91/277]
[-157/277  -75/277  155/277  -21/277  -49/277   71/277 -215/277  201/277  211/277 -185/277  121/277   21/277   69/277  265/277   55/277]
[  -7/277   79/277 -241/277  141/277  117/277  241/277  -41/277 -175/277 -161/277    1/277  311/277  215/277 -287/277  -87/277 -293/277]
[ 203/277  293/277  -23/277 -191/277 -211/277  -83/277  193/277   63/277   81/277 -307/277    7/277  -85/277  -29/277  175/277  -27/277]
[ -81/277   13/277  255/277   91/277   75/277  207/277  -67/277  361/277 -171/277   -1/277  317/277 -325/277  289/277  -57/277  299/277]
[ 249/277 -207/277   39/277 -121/277  421/277    3/277 -267/277  165/277 -363/277  365/277  133/277   49/277  113/277 -229/277  131/277]
[  85/277  187/277 -117/277 -273/277  273/277 -141/277  147/277   29/277   59/277  237/277    9/277  -71/277   -3/277  213/277   23/277]
[ -19/277   87/277 -213/277  189/277  185/277 -225/277   67/277  -47/277  -13/277  169/277  -55/277 -131/277  -59/277  161/277  -25/277]
[ -63/277   47/277 -249/277  157/277  157/277 -249/277   47/277  -63/277  -25/277  161/277  -59/277 -131/277  -55/277  169/277  -13/277]
[ -47/277   67/277 -225/277  185/277  189/277 -213/277   87/277  -19/277   23/277  213/277   -3/277  -71/277    9/277  237/277   59/277]
[  29/277  147/277 -141/277  273/277 -273/277 -117/277  187/277   85/277  131/277 -229/277  113/277   49/277  133/277  365/277 -363/277]
[ 165/277 -267/277    3/277  421/277 -121/277   39/277 -207/277  249/277  299/277  -57/277  289/277 -325/277  317/277   -1/277 -171/277]
[ 361/277  -67/277  207/277   75/277   91/277  255/277   13/277  -81/277  -27/277  175/277  -29/277  -85/277    7/277 -307/277   81/277]
[  63/277  193/277  -83/277 -211/277 -191/277  -23/277  293/277  203/277 -293/277  -87/277 -287/277  215/277  311/277    1/277 -161/277]
[-175/277  -41/277  241/277  117/277  141/277 -241/277   79/277   -7/277   55/277  265/277   69/277   21/277  121/277 -185/277  211/277]
[ 201/277 -215/277   71/277  -49/277  -21/277  155/277  -75/277 -157/277  -91/277  123/277  -69/277 -113/277   -9/277 -311/277   89/277]
[  83/277  225/277  -39/277 -155/277 -123/277   57/277  385/277 -247/277 -177/277   41/277 -147/277  367/277  -79/277  177/277   27/277]
[  25/277  171/277  -89/277  353/277 -165/277   19/277  351/277        0        0        0        0        0        0        0        0]
Testing obstruction for
m1: 6, m2: 16,a: 4
[      -1 -255/277 -189/277  -79/277   75/277  273/277  515/277  801/277  577/277  397/277  261/277  169/277  121/277  117/277  157/277]
[ 241/277  369/277  541/277  757/277 1017/277  767/277  561/277  399/277  281/277  207/277  177/277  191/277  249/277  351/277  497/277]
[ 687/277  921/277  645/277  413/277  225/277   81/277  -19/277  -75/277  -87/277  -55/277   21/277  141/277  305/277  513/277  765/277]
[ 507/277  293/277  123/277   -3/277  -85/277 -123/277 -117/277  -67/277   27/277  165/277  347/277  573/277  843/277  603/277  407/277]
[ 255/277  147/277   83/277   63/277   87/277  155/277  267/277  423/277  623/277  867/277  601/277  379/277  201/277   67/277  -23/277]
[ -69/277  -71/277  -29/277   57/277  187/277  361/277  579/277  841/277  593/277  389/277  229/277  113/277   41/277   13/277   29/277]
[  89/277  193/277  341/277  533/277  769/277  495/277  265/277   79/277  -63/277 -161/277 -215/277 -225/277 -191/277 -113/277    9/277]
[ 175/277  385/277  639/277  937/277  725/277  557/277  433/277  353/277  317/277  325/277  377/277  473/277  613/277  797/277 1025/277]
[ 743/277  505/277  311/277  161/277   55/277   -7/277  -25/277    1/277   71/277  185/277  343/277  545/277  791/277  527/277  307/277]
[ 131/277   -1/277  -89/277 -133/277 -133/277  -89/277   -1/277  131/277  307/277  527/277  791/277  545/277  343/277  185/277   71/277]
[   1/277  -25/277   -7/277   55/277  161/277  311/277  505/277  743/277 1025/277  797/277  613/277  473/277  377/277  325/277  317/277]
[ 353/277  433/277  557/277  725/277  937/277  639/277  385/277  175/277    9/277 -113/277 -191/277 -225/277 -215/277 -161/277  -63/277]
[  79/277  265/277  495/277  769/277  533/277  341/277  193/277   89/277   29/277   13/277   41/277  113/277  229/277  389/277  593/277]
[ 841/277  579/277  361/277  187/277   57/277  -29/277  -71/277  -69/277  -23/277   67/277  201/277  379/277  601/277  867/277  623/277]
[ 423/277  267/277  155/277   87/277   63/277   83/277  147/277  255/277  407/277  603/277  843/277  573/277  347/277  165/277   27/277]
[ -67/277 -117/277 -123/277  -85/277   -3/277  123/277  293/277  507/277  765/277  513/277  305/277  141/277   21/277  -55/277  -87/277]
[ -75/277  -19/277   81/277  225/277  413/277  645/277  921/277  687/277  497/277  351/277  249/277  191/277  177/277  207/277  281/277]
[ 399/277  561/277  767/277 1017/277  757/277  541/277  369/277  241/277  157/277  117/277  121/277  169/277  261/277  397/277  577/277]
[ 801/277  515/277  273/277   75/277  -79/277 -189/277 -255/277        0        0        0        0        0        0        0        0]
Testing obstruction for
m1: 70, m2: 70,a: 69
[      -1 -273/277 -261/277 -241/277 -213/277 -177/277 -133/277  -81/277  -21/277   47/277  123/277  207/277  299/277  399/277  507/277]
[ 623/277  747/277  879/277 1019/277 1167/277 1323/277 1487/277 1659/277 1839/277 2027/277 2223/277 2427/277 2639/277 2859/277 3087/277]
[3323/277 3567/277 3819/277 4079/277 4347/277 4623/277 4353/277 4091/277 3837/277 3591/277 3353/277 3123/277 2901/277 2687/277 2481/277]
[2283/277 2093/277 1911/277 1737/277 1571/277 1413/277 1263/277 1121/277  987/277  861/277  743/277  633/277  531/277  437/277  351/277]
[ 273/277  203/277  141/277   87/277   41/277    3/277  -27/277  -49/277  -63/277  -69/277  -67/277  -57/277  -39/277  -13/277   21/277]
[  63/277  113/277  171/277  237/277  311/277  393/277  483/277  581/277  687/277  801/277  923/277 1053/277 1191/277 1337/277 1491/277]
[1653/277 1823/277 2001/277 2187/277 2381/277 2583/277 2793/277 3011/277 3237/277 3471/277 3713/277 3963/277 4221/277 4487/277 4761/277]
[4489/277 4225/277 3969/277 3721/277 3481/277 3249/277 3025/277 2809/277 2601/277 2401/277 2209/277 2025/277 1849/277 1681/277 1521/277]
[1369/277 1225/277 1089/277  961/277  841/277  729/277  625/277  529/277  441/277  361/277  289/277  225/277  169/277  121/277   81/277]
[  49/277   25/277    9/277    1/277    1/277    9/277   25/277   49/277   81/277  121/277  169/277  225/277  289/277  361/277  441/277]
[ 529/277  625/277  729/277  841/277  961/277 1089/277 1225/277 1369/277 1521/277 1681/277 1849/277 2025/277 2209/277 2401/277 2601/277]
[2809/277 3025/277 3249/277 3481/277 3721/277 3969/277 4225/277 4489/277 4761/277 4487/277 4221/277 3963/277 3713/277 3471/277 3237/277]
[3011/277 2793/277 2583/277 2381/277 2187/277 2001/277 1823/277 1653/277 1491/277 1337/277 1191/277 1053/277  923/277  801/277  687/277]
[ 581/277  483/277  393/277  311/277  237/277  171/277  113/277   63/277   21/277  -13/277  -39/277  -57/277  -67/277  -69/277  -63/277]
[ -49/277  -27/277    3/277   41/277   87/277  141/277  203/277  273/277  351/277  437/277  531/277  633/277  743/277  861/277  987/277]
[1121/277 1263/277 1413/277 1571/277 1737/277 1911/277 2093/277 2283/277 2481/277 2687/277 2901/277 3123/277 3353/277 3591/277 3837/277]
[4091/277 4353/277 4623/277 4347/277 4079/277 3819/277 3567/277 3323/277 3087/277 2859/277 2639/277 2427/277 2223/277 2027/277 1839/277]
[1659/277 1487/277 1323/277 1167/277 1019/277  879/277  747/277  623/277  507/277  399/277  299/277  207/277  123/277   47/277  -21/277]
[ -81/277 -133/277 -177/277 -213/277 -241/277 -261/277 -273/277        0        0        0        0        0        0        0        0]
[-273/277, -261/277]
108 [-273/277, 293/277]
---------------------------
SUCCESS for name = 13a4810
---------------------------
13a4817
Correction terms
[      -1   23/273 -181/273    69/91   95/273   29/273     3/91     5/39 -439/273    75/91 -157/273   53/273   -79/91     5/21   -19/39]
[  -95/91  155/273   95/273    27/91  113/273 -355/273   -11/13  -61/273  155/273   -43/91  179/273    -1/21   -53/91   -37/39  233/273]
[ -107/91  263/273 -199/273   -23/91 -439/273   -31/39    17/91 -181/273  179/273      1/7  -55/273 -103/273    -5/13  -61/273   29/273]
[   55/91 -199/273   29/273   -81/91    11/39 -103/273   103/91   -25/21  179/273  -121/91 -313/273   -31/39   -25/91  113/273 -199/273]
[   27/91 -139/273 -313/273     5/13   23/273    -1/21    -1/91   53/273 -391/273   -81/91    -7/39  191/273   -23/91  263/273 -451/273]
[   -9/91 -103/273   -19/39     -3/7  -55/273   53/273  -113/91 -139/273  107/273    -7/13  191/273   29/273   -29/91 -157/273 -181/273]
[  -53/91     -1/3   23/273    61/91 -157/273   95/273   -51/91 -355/273     5/39   -25/91 -139/273 -157/273   -43/91  -55/273     5/21]
[   11/13 -103/273  155/273   -29/91 -283/273 -433/273     3/91    -7/39  -61/273    -9/91   53/273 -367/273     -5/7   23/273   -37/39]
[   17/91 -139/273 -283/273  -127/91  113/273  107/273     7/13  233/273 -181/273    -1/91   -25/21  -55/273   -95/91    11/39  -61/273]
[  -51/91 -199/273 -199/273   -51/91  -61/273    11/39   -95/91  -55/273   -25/21    -1/91 -181/273  233/273     7/13  107/273  113/273]
[ -127/91 -283/273 -139/273    17/91   -37/39   23/273     -5/7 -367/273   53/273    -9/91  -61/273    -7/39     3/91 -433/273 -283/273]
[  -29/91  155/273 -103/273    11/13     5/21  -55/273   -43/91 -157/273 -139/273   -25/91     5/39 -355/273   -51/91   95/273 -157/273]
[   61/91   23/273     -1/3   -53/91 -181/273 -157/273   -29/91   29/273  191/273    -7/13  107/273 -139/273  -113/91   53/273  -55/273]
[    -3/7   -19/39 -103/273    -9/91 -451/273  263/273   -23/91  191/273    -7/39   -81/91 -391/273   53/273    -1/91    -1/21   23/273]
[    5/13 -313/273 -139/273    27/91 -199/273  113/273   -25/91   -31/39 -313/273  -121/91  179/273   -25/21   103/91 -103/273    11/39]
[  -81/91   29/273 -199/273    55/91   29/273  -61/273    -5/13 -103/273  -55/273      1/7  179/273 -181/273    17/91   -31/39 -439/273]
[  -23/91 -199/273  263/273  -107/91  233/273   -37/39   -53/91    -1/21  179/273   -43/91  155/273  -61/273   -11/13 -355/273  113/273]
[   27/91   95/273  155/273   -95/91   -19/39     5/21   -79/91   53/273 -157/273    75/91 -439/273     5/39     3/91   29/273   95/273]
[   69/91 -181/273   23/273        0        0        0        0        0        0        0        0        0        0        0        0]
Testing obstruction for
m1: 2, m2: 46,a: 0
[      -1  -85/273  -67/273   -73/91    5/273   59/273   -19/91    29/39  293/273    71/91  509/273  635/273   197/91    71/21   155/39]
[  359/91 1445/273 1643/273   557/91 2075/273 2309/273   113/13 2813/273 3083/273   879/91 2567/273   179/21   639/91   269/39 1679/273]
[  435/91 1307/273 1139/273   267/91  839/273   101/39   135/91  479/273  383/273      3/7  227/273  167/273    -3/13   83/273   59/273]
[  -45/91   47/273   59/273   -33/91    17/39  167/273    15/91    23/21  383/273    99/91  587/273   101/39   219/91  983/273 1139/273]
[  375/91 1487/273 1679/273    81/13 2099/273   179/21   795/91 2819/273 3083/273   877/91   365/39 2309/273   631/91 1853/273 1643/273]
[  421/91 1259/273   155/39     19/7  773/273  635/273   109/91  395/273  293/273     1/13  125/273   59/273   -59/91  -37/273  -67/273]
[  -89/91     -1/3  -85/273   -83/91  -37/273    5/273   -41/91  125/273    29/39    37/91  395/273  509/273   151/91  773/273    71/21]
[   43/13 1259/273 1445/273   487/91 1853/273 2075/273   709/91   365/39 2813/273   967/91 2819/273 2567/273     55/7 2099/273   269/39]
[  499/91 1487/273 1307/273   319/91  983/273  839/273    25/13  587/273  479/273    67/91    23/21  227/273    -5/91    17/39   83/273]
[  -41/91   47/273   47/273   -41/91   83/273    17/39    -5/91  227/273    23/21    67/91  479/273  587/273    25/13  839/273  983/273]
[  319/91 1307/273 1487/273   499/91   269/39 2099/273     55/7 2567/273 2819/273   967/91 2813/273   365/39   709/91 2075/273 1853/273]
[  487/91 1445/273 1259/273    43/13    71/21  773/273   151/91  509/273  395/273    37/91    29/39  125/273   -41/91    5/273  -37/273]
[  -83/91  -85/273     -1/3   -89/91  -67/273  -37/273   -59/91   59/273  125/273     1/13  293/273  395/273   109/91  635/273  773/273]
[    19/7   155/39 1259/273   421/91 1643/273 1853/273   631/91 2309/273   365/39   877/91 3083/273 2819/273   795/91   179/21 2099/273]
[   81/13 1679/273 1487/273   375/91 1139/273  983/273   219/91   101/39  587/273    99/91  383/273    23/21    15/91  167/273    17/39]
[  -33/91   59/273   47/273   -45/91   59/273   83/273    -3/13  167/273  227/273      3/7  383/273  479/273   135/91   101/39  839/273]
[  267/91 1139/273 1307/273   435/91 1679/273   269/39   639/91   179/21 2567/273   879/91 3083/273 2813/273   113/13 2309/273 2075/273]
[  557/91 1643/273 1445/273   359/91   155/39    71/21   197/91  635/273  509/273    71/91  293/273    29/39   -19/91   59/273    5/273]
[  -73/91  -67/273  -85/273        0        0        0        0        0        0        0        0        0        0        0        0]
Testing obstruction for
m1: 4, m2: 20,a: 0
[      -1 -181/273   95/273     3/91  107/273  389/273   103/91    59/39  701/273   391/91 1283/273 1031/273   321/91    41/21    41/39]
[   75/91  347/273  107/273    17/91  179/273  -55/273    -5/13   29/273  347/273   101/91  443/273    59/21   243/91   125/39 1205/273]
[  391/91  779/273  569/273   181/91  155/273    -7/39   -23/91   95/273 -103/273     -3/7   53/273 -139/273    -7/13   29/273  389/273]
[  129/91  569/273  935/273   313/91   161/39  953/273   321/91    47/21  443/273   153/91  113/273    -7/39    -9/91  179/273   23/273]
[   17/91  263/273  113/273     7/13  365/273    59/21   269/91 1031/273 1439/273   313/91    89/39  491/273   181/91  233/273  107/273]
[   55/91 -139/273   -37/39     -5/7   53/273  -61/273     3/91  263/273  155/273    11/13  491/273  935/273   339/91 1283/273 1187/273]
[  243/91      5/3  365/273   153/91  191/273  107/273    69/91  -55/273   -19/39    -9/91  263/273  191/273   101/91  599/273    41/21]
[   31/13  953/273 1439/273   339/91  779/273  725/273   103/91    11/39   29/273    55/91  -61/273 -103/273      1/7 -181/273   -31/39]
[  -23/91  263/273  233/273   129/91  725/273  701/273    41/13 1205/273 1187/273   269/91    47/21  599/273    75/91     5/39   29/273]
[   69/91   23/273   23/273    69/91   29/273     5/39    75/91  599/273    47/21   269/91 1187/273 1205/273    41/13  701/273  725/273]
[  129/91  233/273  263/273   -23/91   -31/39 -181/273      1/7 -103/273  -61/273    55/91   29/273    11/39   103/91  725/273  779/273]
[  339/91 1439/273  953/273    31/13    41/21  599/273   101/91  191/273  263/273    -9/91   -19/39  -55/273    69/91  107/273  191/273]
[  153/91  365/273      5/3   243/91 1187/273 1283/273   339/91  935/273  491/273    11/13  155/273  263/273     3/91  -61/273   53/273]
[    -5/7   -37/39 -139/273    55/91  107/273  233/273   181/91  491/273    89/39   313/91 1439/273 1031/273   269/91    59/21  365/273]
[    7/13  113/273  263/273    17/91   23/273  179/273    -9/91    -7/39  113/273   153/91  443/273    47/21   321/91  953/273   161/39]
[  313/91  935/273  569/273   129/91  389/273   29/273    -7/13 -139/273   53/273     -3/7 -103/273   95/273   -23/91    -7/39  155/273]
[  181/91  569/273  779/273   391/91 1205/273   125/39   243/91    59/21  443/273   101/91  347/273   29/273    -5/13  -55/273  179/273]
[   17/91  107/273  347/273    75/91    41/39    41/21   321/91 1031/273 1283/273   391/91  701/273    59/39   103/91  389/273  107/273]
[    3/91   95/273 -181/273        0        0        0        0        0        0        0        0        0        0        0        0]
Unobstructed
2
---------------------------
---------------------------
13a4820
Correction terms
[      -1  -53/313  101/313  149/313   91/313  -73/313 -343/313  -93/313   51/313   89/313   21/313 -153/313  193/313 -193/313  -59/313]
[ -31/313 -109/313 -293/313   43/313  273/313  397/313  415/313  327/313  133/313 -167/313   53/313  167/313  175/313   77/313  499/313]
[ 189/313  399/313 -123/313 -125/313 -233/313  179/313 -141/313   59/313  153/313  141/313   23/313 -201/313   95/313 -341/313 -257/313]
[-279/313  219/313  -15/313  271/313 -175/313 -101/313 -133/313 -271/313  111/313 -239/313  -69/313   -5/313  -47/313 -195/313  177/313]
[-183/313  -23/313   31/313  -21/313 -179/313  183/313 -187/313  -37/313    7/313  -55/313  403/313  129/313  375/313 -111/313  -77/313]
[-149/313  299/313   15/313  251/313  381/313  405/313  323/313  135/313 -159/313   67/313  187/313  201/313  109/313  -89/313  233/313]
[-177/313  -67/313  -63/313 -165/313 -373/313  -61/313  145/313  245/313  239/313  127/313  -91/313 -415/313 -219/313 -129/313 -145/313]
[-267/313  131/313 -203/313  -17/313   63/313   37/313  -95/313 -333/313  -51/313  125/313  195/313  159/313   17/313 -231/313   41/313]
[ 207/313  267/313  221/313   69/313 -189/313   73/313  229/313  279/313  223/313   61/313  419/313   45/313  191/313  231/313  165/313]
[  -7/313  341/313  -43/313   93/313  123/313   47/313 -135/313  203/313 -191/313  -65/313  -45/313 -131/313  303/313    5/313  227/313]
[-283/313 -273/313 -369/313   55/313 -253/313  -41/313   65/313   65/313  -41/313 -253/313   55/313 -369/313 -273/313 -283/313  227/313]
[   5/313  303/313 -131/313  -45/313  -65/313 -191/313  203/313 -135/313   47/313  123/313   93/313  -43/313  341/313   -7/313  165/313]
[ 231/313  191/313   45/313  419/313   61/313  223/313  279/313  229/313   73/313 -189/313   69/313  221/313  267/313  207/313   41/313]
[-231/313   17/313  159/313  195/313  125/313  -51/313 -333/313  -95/313   37/313   63/313  -17/313 -203/313  131/313 -267/313 -145/313]
[-129/313 -219/313 -415/313  -91/313  127/313  239/313  245/313  145/313  -61/313 -373/313 -165/313  -63/313  -67/313 -177/313  233/313]
[ -89/313  109/313  201/313  187/313   67/313 -159/313  135/313  323/313  405/313  381/313  251/313   15/313  299/313 -149/313  -77/313]
[-111/313  375/313  129/313  403/313  -55/313    7/313  -37/313 -187/313  183/313 -179/313  -21/313   31/313  -23/313 -183/313  177/313]
[-195/313  -47/313   -5/313  -69/313 -239/313  111/313 -271/313 -133/313 -101/313 -175/313  271/313  -15/313  219/313 -279/313 -257/313]
[-341/313   95/313 -201/313   23/313  141/313  153/313   59/313 -141/313  179/313 -233/313 -125/313 -123/313  399/313  189/313  499/313]
[  77/313  175/313  167/313   53/313 -167/313  133/313  327/313  415/313  397/313  273/313   43/313 -293/313 -109/313  -31/313  -59/313]
[-193/313  193/313 -153/313   21/313   89/313   51/313  -93/313 -343/313  -73/313   91/313  149/313  101/313  -53/313        0        0]
Testing obstruction for
m1: 4, m2: 24,a: 2
[      -1 -299/313 -257/313 -187/313  -89/313   37/313  191/313  373/313  583/313  821/313 1087/313 1381/313 1703/313 1427/313 1179/313]
[ 959/313  767/313  603/313  467/313  359/313  279/313  227/313  203/313  207/313  239/313  299/313  387/313  503/313  647/313  819/313]
[1019/313 1247/313 1503/313 1787/313 1473/313 1187/313  929/313  699/313  497/313  323/313  177/313   59/313  -31/313  -93/313 -127/313]
[-133/313 -111/313  -61/313   17/313  123/313  257/313  419/313  609/313  827/313 1073/313 1347/313 1649/313 1353/313 1085/313  845/313]
[ 633/313  449/313  293/313  165/313   65/313   -7/313  -51/313  -67/313  -55/313  -15/313   53/313  149/313  273/313  425/313  605/313]
[ 813/313 1049/313 1313/313 1605/313 1299/313 1021/313  771/313  549/313  355/313  189/313   51/313  -59/313 -141/313 -195/313 -221/313]
[-219/313 -189/313 -131/313  -45/313   69/313  211/313  381/313  579/313  805/313 1059/313 1341/313 1651/313 1363/313 1103/313  871/313]
[ 667/313  491/313  343/313  223/313  131/313   67/313   31/313   23/313   43/313   91/313  167/313  271/313  403/313  563/313  751/313]
[ 967/313 1211/313 1483/313 1783/313 1485/313 1215/313  973/313  759/313  573/313  415/313  285/313  183/313  109/313   63/313   45/313]
[  55/313   93/313  159/313  253/313  375/313  525/313  703/313  909/313 1143/313 1405/313 1695/313 1387/313 1107/313  855/313  631/313]
[ 435/313  267/313  127/313   15/313  -69/313 -125/313 -153/313 -153/313 -125/313  -69/313   15/313  127/313  267/313  435/313  631/313]
[ 855/313 1107/313 1387/313 1695/313 1405/313 1143/313  909/313  703/313  525/313  375/313  253/313  159/313   93/313   55/313   45/313]
[  63/313  109/313  183/313  285/313  415/313  573/313  759/313  973/313 1215/313 1485/313 1783/313 1483/313 1211/313  967/313  751/313]
[ 563/313  403/313  271/313  167/313   91/313   43/313   23/313   31/313   67/313  131/313  223/313  343/313  491/313  667/313  871/313]
[1103/313 1363/313 1651/313 1341/313 1059/313  805/313  579/313  381/313  211/313   69/313  -45/313 -131/313 -189/313 -219/313 -221/313]
[-195/313 -141/313  -59/313   51/313  189/313  355/313  549/313  771/313 1021/313 1299/313 1605/313 1313/313 1049/313  813/313  605/313]
[ 425/313  273/313  149/313   53/313  -15/313  -55/313  -67/313  -51/313   -7/313   65/313  165/313  293/313  449/313  633/313  845/313]
[1085/313 1353/313 1649/313 1347/313 1073/313  827/313  609/313  419/313  257/313  123/313   17/313  -61/313 -111/313 -133/313 -127/313]
[ -93/313  -31/313   59/313  177/313  323/313  497/313  699/313  929/313 1187/313 1473/313 1787/313 1503/313 1247/313 1019/313  819/313]
[ 647/313  503/313  387/313  299/313  239/313  207/313  203/313  227/313  279/313  359/313  467/313  603/313  767/313  959/313 1179/313]
[1427/313 1703/313 1381/313 1087/313  821/313  583/313  373/313  191/313   37/313  -89/313 -187/313 -257/313 -299/313        0        0]
Testing obstruction for
m1: 12, m2: 16,a: 10
[      -1 -285/313 -201/313  -61/313  135/313  387/313  695/313  433/313  227/313   77/313  -17/313  -55/313  -37/313   37/313  167/313]
[ 353/313  595/313  893/313  621/313  405/313  245/313  141/313   93/313  101/313  165/313  285/313  461/313  693/313  981/313  699/313]
[ 473/313  303/313  189/313  131/313  129/313  183/313  293/313  459/313  681/313  959/313  667/313  431/313  251/313  127/313   59/313]
[  47/313   91/313  191/313  347/313  559/313  827/313  525/313  279/313   89/313  -45/313 -123/313 -145/313 -111/313  -21/313  125/313]
[ 327/313  585/313  899/313  643/313  443/313  299/313  211/313  179/313  203/313  283/313  419/313  611/313  859/313 1163/313  897/313]
[ 687/313  533/313  435/313  393/313  407/313  477/313  603/313  785/313 1023/313  691/313  415/313  195/313   31/313  -77/313 -129/313]
[-125/313  -65/313   51/313  223/313  451/313  735/313  449/313  219/313   45/313  -73/313 -135/313 -141/313  -91/313   15/313  177/313]
[ 395/313  669/313  373/313  133/313  -51/313 -179/313 -251/313 -267/313 -227/313 -131/313   21/313  229/313  493/313  813/313  563/313]
[ 369/313  231/313  149/313  123/313  153/313  239/313  381/313  579/313  833/313 1143/313  883/313  679/313  531/313  439/313  403/313]
[ 423/313  499/313  631/313  819/313 1063/313  737/313  467/313  253/313   95/313   -7/313  -53/313  -43/313   23/313  145/313  323/313]
[ 557/313  847/313  567/313  343/313  175/313   63/313    7/313    7/313   63/313  175/313  343/313  567/313  847/313  557/313  323/313]
[ 145/313   23/313  -43/313  -53/313   -7/313   95/313  253/313  467/313  737/313 1063/313  819/313  631/313  499/313  423/313  403/313]
[ 439/313  531/313  679/313  883/313 1143/313  833/313  579/313  381/313  239/313  153/313  123/313  149/313  231/313  369/313  563/313]
[ 813/313  493/313  229/313   21/313 -131/313 -227/313 -267/313 -251/313 -179/313  -51/313  133/313  373/313  669/313  395/313  177/313]
[  15/313  -91/313 -141/313 -135/313  -73/313   45/313  219/313  449/313  735/313  451/313  223/313   51/313  -65/313 -125/313 -129/313]
[ -77/313   31/313  195/313  415/313  691/313 1023/313  785/313  603/313  477/313  407/313  393/313  435/313  533/313  687/313  897/313]
[1163/313  859/313  611/313  419/313  283/313  203/313  179/313  211/313  299/313  443/313  643/313  899/313  585/313  327/313  125/313]
[ -21/313 -111/313 -145/313 -123/313  -45/313   89/313  279/313  525/313  827/313  559/313  347/313  191/313   91/313   47/313   59/313]
[ 127/313  251/313  431/313  667/313  959/313  681/313  459/313  293/313  183/313  129/313  131/313  189/313  303/313  473/313  699/313]
[ 981/313  693/313  461/313  285/313  165/313  101/313   93/313  141/313  245/313  405/313  621/313  893/313  595/313  353/313  167/313]
[  37/313  -37/313  -55/313  -17/313   77/313  227/313  433/313  695/313  387/313  135/313  -61/313 -201/313 -285/313        0        0]
---------------------------
SUCCESS for name = 13a4820
---------------------------
