13a1255
Correction terms
[      -1  237/265 -377/265   13/265 -183/265    19/53 -213/265  -47/265   63/265  117/265    23/53   57/265  -57/265  303/265   77/265]
[   65/53  -13/265  123/265 -327/265  227/265   -67/53  107/265  -37/265 -237/265   37/265   -55/53 -113/265   -7/265   43/265   37/265]
[   -5/53 -143/265 -317/265  -17/265 -303/265   -23/53   17/265   93/265  113/265   77/265    -3/53 -163/265  163/265  -97/265  117/265]
[  -51/53 -153/265 -107/265 -117/265 -183/265   -61/53   47/265 -187/265      1/5 -293/265   -33/53  -93/265  -77/265 -117/265 -213/265]
[   33/53  -43/265  223/265  -97/265   57/265    31/53  197/265  183/265  113/265  -13/265   -39/53   97/265 -197/265  -17/265  107/265]
[  -71/53  187/265 -387/265   43/265 -113/265    41/53  -63/265  143/265 -237/265 -143/265   -21/53 -123/265 -197/265  203/265   17/265]
[   61/53    7/265  183/265 -227/265  367/265   -31/53  327/265 -307/265   63/265 -153/265    21/53 -223/265  -77/265   13/265   47/265]
[    5/53     -1/5 -187/265  153/265  -93/265    27/53 -223/265 -107/265  -47/265  -43/265   -19/53 -203/265  163/265  -57/265  197/265]
[  -27/53    7/265   93/265  123/265   97/265     3/53 -123/265 -317/265  -37/265 -343/265   -35/53  -63/265   -7/265   -7/265  -63/265]
[  -35/53 -343/265  -37/265 -317/265 -123/265     3/53   97/265  123/265   93/265    7/265   -27/53  197/265  -57/265  163/265 -203/265]
[  -19/53  -43/265  -47/265 -107/265 -223/265    27/53  -93/265  153/265 -187/265     -1/5     5/53   47/265   13/265  -77/265 -223/265]
[   21/53 -153/265   63/265 -307/265  327/265   -31/53  367/265 -227/265  183/265    7/265    61/53   17/265  203/265 -197/265 -123/265]
[  -21/53 -143/265 -237/265  143/265  -63/265    41/53 -113/265   43/265 -387/265  187/265   -71/53  107/265  -17/265 -197/265   97/265]
[  -39/53  -13/265  113/265  183/265  197/265    31/53   57/265  -97/265  223/265  -43/265    33/53 -213/265 -117/265  -77/265  -93/265]
[  -33/53 -293/265      1/5 -187/265   47/265   -61/53 -183/265 -117/265 -107/265 -153/265   -51/53  117/265  -97/265  163/265 -163/265]
[   -3/53   77/265  113/265   93/265   17/265   -23/53 -303/265  -17/265 -317/265 -143/265    -5/53   37/265   43/265   -7/265 -113/265]
[  -55/53   37/265 -237/265  -37/265  107/265   -67/53  227/265 -327/265  123/265  -13/265    65/53   77/265  303/265  -57/265   57/265]
[   23/53  117/265   63/265  -47/265 -213/265    19/53 -183/265   13/265 -377/265  237/265        0        0        0        0        0]
Testing obstruction for
m1: 4, m2: 22,a: 3
[      -1 -251/265 -209/265 -139/265  -41/265    17/53  239/265  421/265  631/265  869/265   227/53  899/265  691/265  511/265  359/265]
[   47/53  139/265   71/265   31/265   19/265     7/53   79/265  151/265  251/265  379/265   107/53  719/265  931/265 1171/265  909/265]
[  135/53  469/265  291/265  141/265   19/265   -15/53 -141/265 -179/265 -189/265 -171/265   -25/53  -51/265   51/265  181/265  339/265]
[  105/53  739/265  981/265 1251/265 1019/265   163/53  639/265  491/265      7/5  279/265    43/53  179/265  171/265  191/265  239/265]
[   63/53  419/265  551/265  711/265  899/265   223/53 1359/265 1101/265  871/265  669/265    99/53  349/265  231/265  141/265   79/265]
[    9/53   39/265   61/265  111/265  189/265    59/53  429/265  591/265  781/265  999/265   249/53  989/265  761/265  561/265  389/265]
[   49/53  129/265   41/265  -19/265  -51/265   -11/53  -31/265   21/265  101/265  209/265    69/53  509/265  701/265  921/265 1169/265]
[  183/53     13/5  491/265  321/265  179/265    13/53  -21/265  -79/265 -109/265 -111/265   -17/53  -31/265   51/265  161/265  299/265]
[   93/53  659/265  881/265 1131/265  879/265   131/53  459/265  291/265  151/265   39/265    -9/53 -101/265 -129/265 -129/265 -101/265]
[   -9/53   39/265  151/265  291/265  459/265   131/53  879/265 1131/265  881/265  659/265    93/53  299/265  161/265   51/265  -31/265]
[  -17/53 -111/265 -109/265  -79/265  -21/265    13/53  179/265  321/265  491/265     13/5   183/53 1169/265  921/265  701/265  509/265]
[   69/53  209/265  101/265   21/265  -31/265   -11/53  -51/265  -19/265   41/265  129/265    49/53  389/265  561/265  761/265  989/265]
[  249/53  999/265  781/265  591/265  429/265    59/53  189/265  111/265   61/265   39/265     9/53   79/265  141/265  231/265  349/265]
[   99/53  669/265  871/265 1101/265 1359/265   223/53  899/265  711/265  551/265  419/265    63/53  239/265  191/265  171/265  179/265]
[   43/53  279/265      7/5  491/265  639/265   163/53 1019/265 1251/265  981/265  739/265   105/53  339/265  181/265   51/265  -51/265]
[  -25/53 -171/265 -189/265 -179/265 -141/265   -15/53   19/265  141/265  291/265  469/265   135/53  909/265 1171/265  931/265  719/265]
[  107/53  379/265  251/265  151/265   79/265     7/53   19/265   31/265   71/265  139/265    47/53  359/265  511/265  691/265  899/265]
[  227/53  869/265  631/265  421/265  239/265    17/53  -41/265 -139/265 -209/265 -251/265        0        0        0        0        0]
Testing obstruction for
m1: 10, m2: 16,a: 9
[      -1 -237/265 -153/265  -13/265  183/265    87/53  213/265   47/265  -63/265 -117/265   -23/53  -57/265   57/265  227/265  453/265]
[   41/53   13/265 -123/265 -203/265 -227/265   -39/53 -107/265   37/265  237/265  493/265    55/53  113/265    7/265  -43/265  -37/265]
[    5/53  143/265  317/265  547/265  303/265    23/53  -17/265  -93/265 -113/265  -77/265     3/53  163/265  367/265  627/265  413/265]
[   51/53  153/265  107/265  117/265  183/265    61/53  483/265  717/265      9/5  293/265    33/53   93/265   77/265  117/265  213/265]
[   73/53  573/265  837/265  627/265  473/265    75/53  333/265  347/265  417/265  543/265   145/53  963/265  727/265  547/265  423/265]
[   71/53  343/265  387/265  487/265  643/265   171/53  593/265  387/265  237/265  143/265    21/53  123/265  197/265  327/265  513/265]
[  151/53  523/265  347/265  227/265  163/265    31/53  203/265  307/265  467/265  683/265    85/53  223/265   77/265  -13/265  -47/265]
[   -5/53      1/5  187/265  377/265  623/265    79/53  223/265  107/265   47/265   43/265    19/53  203/265  367/265  587/265  333/265]
[   27/53   -7/265  -93/265 -123/265  -97/265    -3/53  123/265  317/265  567/265  343/265    35/53   63/265    7/265    7/265   63/265]
[   35/53  343/265  567/265  317/265  123/265    -3/53  -97/265 -123/265  -93/265   -7/265    27/53  333/265  587/265  367/265  203/265]
[   19/53   43/265   47/265  107/265  223/265    79/53  623/265  377/265  187/265      1/5    -5/53  -47/265  -13/265   77/265  223/265]
[   85/53  683/265  467/265  307/265  203/265    31/53  163/265  227/265  347/265  523/265   151/53  513/265  327/265  197/265  123/265]
[   21/53  143/265  237/265  387/265  593/265   171/53  643/265  487/265  387/265  343/265    71/53  423/265  547/265  727/265  963/265]
[  145/53  543/265  417/265  347/265  333/265    75/53  473/265  627/265  837/265  573/265    73/53  213/265  117/265   77/265   93/265]
[   33/53  293/265      9/5  717/265  483/265    61/53  183/265  117/265  107/265  153/265    51/53  413/265  627/265  367/265  163/265]
[    3/53  -77/265 -113/265  -93/265  -17/265    23/53  303/265  547/265  317/265  143/265     5/53  -37/265  -43/265    7/265  113/265]
[   55/53  493/265  237/265   37/265 -107/265   -39/53 -227/265 -203/265 -123/265   13/265    41/53  453/265  227/265   57/265  -57/265]
[  -23/53 -117/265  -63/265   47/265  213/265    87/53  183/265  -13/265 -153/265 -237/265        0        0        0        0        0]
Unobstructed
23
---------------------------
---------------------------
13a1258
Correction terms
[      -1  431/357  -61/357  103/119  113/357   65/357   55/119   -43/51   95/357  -25/119  -97/357   29/357 -137/119   11/357   -19/51]
[ -43/119   23/357    19/21   19/119  -61/357  -31/357     7/17 -241/357  233/357   47/119  197/357  401/357   13/119   -25/51 -241/357]
[ -53/119   71/357 -265/357   87/119   -29/21    47/51  -43/119  275/357  113/357   33/119  233/357 -199/357    11/17   95/357  107/357]
[  89/119 -139/357  317/357   69/119    35/51 -283/357      1/7 -181/357 -265/357  -67/119   11/357   -49/51   55/119  107/357  197/357]
[ 145/119  107/357  -73/357    -5/17   11/357  275/357   -9/119  533/357   -11/21  -15/119    35/51  -31/357  -53/119 -139/357   29/357]
[-123/119   95/357    -1/51   13/119  233/357 -139/357  117/119  275/357  347/357    -7/17    13/21   23/357   -9/119   71/357  317/357]
[  -1/119   -25/51 -199/357  -25/119  197/357  -97/357  -81/119 -241/357   -13/51   69/119  -61/357  533/357     -3/7   23/357  347/357]
[    5/17   11/357   65/357   89/119  -97/357  401/357  111/119   -43/51  -73/357 -137/119  113/357   71/357   59/119 -283/357      1/3]
[ -15/119  -61/357   71/357  117/119   65/357  -73/357    -3/17   95/357  401/357   47/119   29/357   65/357   83/119   -19/51 -367/357]
[  87/119   -23/21 -181/357   59/119  -31/357   -13/51   -1/119  233/357  -97/357  145/119  401/357 -199/357     3/17 -241/357  317/357]
[ 103/119  449/357   23/357     -5/7    47/51 -367/357  -67/119  113/357 -139/357  -81/119 -199/357    -1/51  111/119  107/357   29/357]
[  33/119  317/357  -31/357   -11/17  431/357   -11/21   19/119  449/357  275/357   83/119   -49/51  -73/357 -123/119  197/357  197/357]
[-123/119  -73/357   -49/51   83/119  275/357  449/357   19/119   -11/21  431/357   -11/17  -31/357  317/357   33/119   29/357  107/357]
[ 111/119    -1/51 -199/357  -81/119 -139/357  113/357  -67/119 -367/357    47/51     -5/7   23/357  449/357  103/119  317/357 -241/357]
[    3/17 -199/357  401/357  145/119  -97/357  233/357   -1/119   -13/51  -31/357   59/119 -181/357   -23/21   87/119 -367/357   -19/51]
[  83/119   65/357   29/357   47/119  401/357   95/357    -3/17  -73/357   65/357  117/119   71/357  -61/357  -15/119      1/3 -283/357]
[  59/119   71/357  113/357 -137/119  -73/357   -43/51  111/119  401/357  -97/357   89/119   65/357   11/357     5/17  347/357   23/357]
[    -3/7  533/357  -61/357   69/119   -13/51 -241/357  -81/119  -97/357  197/357  -25/119 -199/357   -25/51   -1/119  317/357   71/357]
[  -9/119   23/357    13/21    -7/17  347/357  275/357  117/119 -139/357  233/357   13/119    -1/51   95/357 -123/119   29/357 -139/357]
[ -53/119  -31/357    35/51  -15/119   -11/21  533/357   -9/119  275/357   11/357    -5/17  -73/357  107/357  145/119  197/357  107/357]
[  55/119   -49/51   11/357  -67/119 -265/357 -181/357      1/7 -283/357    35/51   69/119  317/357 -139/357   89/119  107/357   95/357]
[   11/17 -199/357  233/357   33/119  113/357  275/357  -43/119    47/51   -29/21   87/119 -265/357   71/357  -53/119 -241/357   -25/51]
[  13/119  401/357  197/357   47/119  233/357 -241/357     7/17  -31/357  -61/357   19/119    19/21   23/357  -43/119   -19/51   11/357]
[-137/119   29/357  -97/357  -25/119   95/357   -43/51   55/119   65/357  113/357  103/119  -61/357  431/357        0        0        0]
Testing obstruction for
m1: 2, m2: 60,a: 0
[      -1 -113/357  -95/357 -101/119  -23/357   31/357  -47/119    25/51  265/357   43/119  481/357  607/357  169/119  895/357   151/51]
[ 331/119 1417/357    95/21  529/119 2047/357 2281/357   109/17 2785/357 3055/357 1033/119 3631/357 3937/357 1339/119   655/51 4927/357]
[1681/119 4933/357 4597/357 1345/119   233/21   523/51 1045/119 3097/357 2833/357  781/119 2341/357 2113/357    79/17 1693/357 1501/357]
[ 361/119 1153/357  997/357  205/119   103/51  601/357      5/7  397/357  313/357    1/119  181/357    19/51  -47/119   73/357   61/357]
[ -59/119   73/357   97/357    -5/17  181/357  241/357   25/119  397/357    29/21  121/119   103/51  853/357  253/119 1153/357 1321/357]
[ 421/119 1693/357   271/51  625/119 2341/357 2581/357  865/119 3097/357 3373/357   163/17   233/21 4273/357 1453/119 4933/357 5281/357]
[1563/119   655/51 4255/357 1233/119 3631/357 3337/357  939/119 2785/357   361/51  681/119 2047/357 1825/357     27/7 1417/357 1231/357]
[   39/17  895/357  745/357  123/119  481/357  367/357    9/119    25/51   97/357  -69/119  -23/357  -65/357 -111/119 -113/357     -1/3]
[-117/119  -95/357  -65/357  -87/119   31/357   97/357    -3/17  265/357  367/357   81/119  607/357  745/357  219/119   151/51 1231/357]
[ 393/119    95/21 1825/357  603/119 2281/357   361/51  849/119 3055/357 3337/357 1131/119 3937/357 4255/357   207/17 4927/357 5281/357]
[1565/119 4597/357 4273/357     73/7   523/51 3373/357  953/119 2833/357 2581/357  701/119 2113/357   271/51  485/119 1501/357 1321/357]
[ 305/119  997/357  853/357    23/17  601/357    29/21   53/119  313/357  241/357  -19/119    19/51   97/357  -55/119   61/357   61/357]
[ -55/119   97/357    19/51  -19/119  241/357  313/357   53/119    29/21  601/357    23/17  853/357  997/357  305/119 1321/357 1501/357]
[ 485/119   271/51 2113/357  701/119 2581/357 2833/357  953/119 3373/357   523/51     73/7 4273/357 4597/357 1565/119 5281/357 4927/357]
[  207/17 4255/357 3937/357 1131/119 3337/357 3055/357  849/119   361/51 2281/357  603/119 1825/357    95/21  393/119 1231/357   151/51]
[ 219/119  745/357  607/357   81/119  367/357  265/357    -3/17   97/357   31/357  -87/119  -65/357  -95/357 -117/119     -1/3 -113/357]
[-111/119  -65/357  -23/357  -69/119   97/357    25/51    9/119  367/357  481/357  123/119  745/357  895/357    39/17 1231/357 1417/357]
[    27/7 1825/357 2047/357  681/119   361/51 2785/357  939/119 3337/357 3631/357 1233/119 4255/357   655/51 1563/119 5281/357 4933/357]
[1453/119 4273/357   233/21   163/17 3373/357 3097/357  865/119 2581/357 2341/357  625/119   271/51 1693/357  421/119 1321/357 1153/357]
[ 253/119  853/357   103/51  121/119    29/21  397/357   25/119  241/357  181/357    -5/17   97/357   73/357  -59/119   61/357   73/357]
[ -47/119    19/51  181/357    1/119  313/357  397/357      5/7  601/357   103/51  205/119  997/357 1153/357  361/119 1501/357 1693/357]
[   79/17 2113/357 2341/357  781/119 2833/357 3097/357 1045/119   523/51   233/21 1345/119 4597/357 4933/357 1681/119 4927/357   655/51]
[1339/119 3937/357 3631/357 1033/119 3055/357 2785/357   109/17 2281/357 2047/357  529/119    95/21 1417/357  331/119   151/51  895/357]
[ 169/119  607/357  481/357   43/119  265/357    25/51  -47/119   31/357  -23/357 -101/119  -95/357 -113/357        0        0        0]
Testing obstruction for
m1: 4, m2: 26,a: 0
[      -1 -241/357  107/357   -9/119   71/357  401/357   83/119    47/51  641/357  395/119 1247/357 1541/357  689/119 2111/357   239/51]
[ 489/119 1493/357    61/21  271/119  821/357  347/357     5/17   95/357  317/357   19/119   29/357  233/357  -15/119   -13/51   95/357]
[ 171/119  449/357  617/357  339/119    55/21   155/51  489/119 2081/357 2213/357  621/119 1745/357 1145/357    37/17  641/357  737/357]
[ 117/119  197/357  275/357  -43/119   -43/51 -241/357      1/7 -139/357  -97/357   59/119  -31/357    -1/51   83/119  737/357  743/357]
[ 327/119 1451/357 1439/357    79/17 2111/357 2081/357  523/119 1289/357    73/21  237/119    59/51  347/357  171/119  197/357  113/357]
[  87/119  -73/357   -25/51  -15/119  317/357  197/357  103/119  653/357  515/357    29/17    55/21 1493/357  523/119 1877/357 2417/357]
[ 587/119   191/51 1145/357  395/119  743/357  533/357  185/119   95/357   -19/51  -43/119  107/357 -139/357     -3/7   65/357 -199/357]
[  -11/17  -31/357  401/357  117/119  533/357  947/357  293/119   149/51 1439/357  689/119 2213/357 1877/357  591/119 1187/357      7/3]
[ 237/119  821/357  449/357  103/119  401/357   11/357    -7/17  -73/357  233/357   19/119  113/357  401/357   69/119    35/51  515/357]
[ 339/119    61/21 1289/357  591/119 1775/357   287/51  587/119 1745/357 1247/357  327/119  947/357  431/357     7/17   95/357  275/357]
[  -9/119  -97/357   65/357     -5/7   -49/51 -199/357   59/119   71/357  197/357  185/119  431/357    77/51  293/119 1451/357 1541/357]
[ 621/119 2417/357 1775/357    65/17 1187/357    73/21  271/119  617/357  653/357   69/119    -1/51   11/357   87/119   29/357   29/357]
[  87/119   11/357    -1/51   69/119  653/357  617/357  271/119    73/21 1187/357    65/17 1775/357 2417/357  621/119 1541/357 1451/357]
[ 293/119    77/51  431/357  185/119  197/357   71/357   59/119 -199/357   -49/51     -5/7   65/357  -97/357   -9/119  275/357   95/357]
[    7/17  431/357  947/357  327/119 1247/357 1745/357  587/119   287/51 1775/357  591/119 1289/357    61/21  339/119  515/357    35/51]
[  69/119  401/357  113/357   19/119  233/357  -73/357    -7/17   11/357  401/357  103/119  449/357  821/357  237/119      7/3 1187/357]
[ 591/119 1877/357 2213/357  689/119 1439/357   149/51  293/119  947/357  533/357  117/119  401/357  -31/357   -11/17 -199/357   65/357]
[    -3/7 -139/357  107/357  -43/119   -19/51   95/357  185/119  533/357  743/357  395/119 1145/357   191/51  587/119 2417/357 1877/357]
[ 523/119 1493/357    55/21    29/17  515/357  653/357  103/119  197/357  317/357  -15/119   -25/51  -73/357   87/119  113/357  197/357]
[ 171/119  347/357    59/51  237/119    73/21 1289/357  523/119 2081/357 2111/357    79/17 1439/357 1451/357  327/119  743/357  737/357]
[  83/119    -1/51  -31/357   59/119  -97/357 -139/357      1/7 -241/357   -43/51  -43/119  275/357  197/357  117/119  737/357  641/357]
[   37/17 1145/357 1745/357  621/119 2213/357 2081/357  489/119   155/51    55/21  339/119  617/357  449/357  171/119   95/357   -13/51]
[ -15/119  233/357   29/357   19/119  317/357   95/357     5/17  347/357  821/357  271/119    61/21 1493/357  489/119   239/51 2111/357]
[ 689/119 1541/357 1247/357  395/119  641/357    47/51   83/119  401/357   71/357   -9/119  107/357 -241/357        0        0        0]
Unobstructed
22
---------------------------
---------------------------
13a1273
H_1 not cyclic will skip for now
13a1275
Correction terms
[      -1   -3/229 -241/229  -27/229  181/229  -75/229  121/229 -147/229   37/229 -243/229  -71/229   95/229 -203/229  -49/229   99/229]
[-217/229  -81/229   49/229  173/229 -167/229  -55/229   51/229 -307/229 -213/229 -125/229  -43/229   33/229  103/229  167/229 -233/229]
[-181/229 -135/229  -95/229  -61/229  -33/229  -11/229    5/229   15/229   19/229   17/229    9/229   -5/229  -25/229  -51/229  -83/229]
[-121/229 -165/229 -215/229  187/229  125/229   57/229  -17/229  -97/229 -183/229 -275/229   85/229  -19/229 -129/229  213/229   91/229]
[ -37/229 -171/229  147/229    1/229 -151/229  149/229  -15/229 -185/229   97/229  -85/229 -273/229   -9/229  249/229   43/229 -169/229]
[  71/229 -153/229 -383/229 -161/229   55/229 -193/229   11/229  209/229  -57/229 -329/229 -149/229   25/229 -265/229 -103/229   53/229]
[-255/229 -111/229   27/229  159/229 -173/229  -53/229   61/229 -289/229 -187/229  -91/229   -1/229 -375/229  161/229  233/229 -159/229]
[ -99/229  -45/229    3/229 -413/229   81/229  111/229 -323/229  153/229  165/229 -287/229 -287/229  165/229  153/229 -323/229  111/229]
[  81/229 -413/229    3/229  -45/229  -99/229 -159/229  233/229  161/229 -375/229   -1/229  -91/229 -187/229 -289/229   61/229  -53/229]
[-173/229  159/229   27/229 -111/229 -255/229   53/229 -103/229 -265/229   25/229 -149/229 -329/229  -57/229  209/229   11/229 -193/229]
[  55/229 -161/229 -383/229 -153/229   71/229 -169/229   43/229  249/229   -9/229 -273/229  -85/229   97/229 -185/229  -15/229  149/229]
[-151/229    1/229  147/229 -171/229  -37/229   91/229  213/229 -129/229  -19/229   85/229 -275/229 -183/229  -97/229  -17/229   57/229]
[ 125/229  187/229 -215/229 -165/229 -121/229  -83/229  -51/229  -25/229   -5/229    9/229   17/229   19/229   15/229    5/229  -11/229]
[ -33/229  -61/229  -95/229 -135/229 -181/229 -233/229  167/229  103/229   33/229  -43/229 -125/229 -213/229 -307/229   51/229  -55/229]
[-167/229  173/229   49/229  -81/229 -217/229   99/229  -49/229 -203/229   95/229  -71/229 -243/229   37/229 -147/229  121/229  -75/229]
[ 181/229  -27/229 -241/229   -3/229        0        0        0        0        0        0        0        0        0        0        0]
Testing obstruction for
m1: 4, m2: 18,a: 2
[      -1 -215/229 -173/229 -103/229   -5/229  121/229  275/229  457/229  667/229  905/229  713/229  549/229  413/229  305/229  225/229]
[ 173/229  149/229  153/229  185/229  245/229  333/229  449/229  593/229  765/229  965/229  735/229  533/229  359/229  213/229   95/229]
[   5/229  -57/229  -91/229  -97/229  -75/229  -25/229   53/229  159/229  293/229  455/229  645/229  863/229  651/229  467/229  311/229]
[ 183/229   83/229   11/229  -33/229  -49/229  -37/229    3/229   71/229  167/229  291/229  443/229  623/229  831/229  609/229  415/229]
[ 249/229  111/229    1/229  -81/229 -135/229 -161/229 -159/229 -129/229  -71/229   15/229  129/229  271/229  441/229  639/229  865/229]
[ 661/229  485/229  337/229  217/229  125/229   61/229   25/229   17/229   37/229   85/229  161/229  265/229  397/229  557/229  745/229]
[ 961/229  747/229  561/229  403/229  273/229  171/229   97/229   51/229   33/229   43/229   81/229  147/229  241/229  363/229  513/229]
[ 691/229  897/229  673/229  477/229  309/229  169/229   57/229  -27/229  -83/229 -111/229 -111/229  -83/229  -27/229   57/229  169/229]
[ 309/229  477/229  673/229  897/229  691/229  513/229  363/229  241/229  147/229   81/229   43/229   33/229   51/229   97/229  171/229]
[ 273/229  403/229  561/229  747/229  961/229  745/229  557/229  397/229  265/229  161/229   85/229   37/229   17/229   25/229   61/229]
[ 125/229  217/229  337/229  485/229  661/229  865/229  639/229  441/229  271/229  129/229   15/229  -71/229 -129/229 -159/229 -161/229]
[-135/229  -81/229    1/229  111/229  249/229  415/229  609/229  831/229  623/229  443/229  291/229  167/229   71/229    3/229  -37/229]
[ -49/229  -33/229   11/229   83/229  183/229  311/229  467/229  651/229  863/229  645/229  455/229  293/229  159/229   53/229  -25/229]
[ -75/229  -97/229  -91/229  -57/229    5/229   95/229  213/229  359/229  533/229  735/229  965/229  765/229  593/229  449/229  333/229]
[ 245/229  185/229  153/229  149/229  173/229  225/229  305/229  413/229  549/229  713/229  905/229  667/229  457/229  275/229  121/229]
[  -5/229 -103/229 -173/229 -215/229        0        0        0        0        0        0        0        0        0        0        0]
Unobstructed
47
---------------------------
---------------------------
13a1287
Correction terms
[      -1 -143/309  355/309  -17/103 -125/309  133/309   35/103 -209/309 -191/309   53/103  223/309    1/309   37/103  -65/309   91/309]
[ -13/103  163/309   79/309  109/103  289/309  -35/309   -9/103  313/309  367/309   45/103  235/309   49/309   65/103   55/309  247/309]
[  51/103  391/309  343/309    3/103    7/309  337/309  127/103  139/309  229/309   11/103  169/309   19/309   67/103   97/309  325/309]
[  89/103  -77/309  -89/309   77/103  265/309   13/309   31/103 -113/309   13/309  -49/103   25/309  -89/309   43/103   61/309 -293/309]
[-105/103   -5/309   19/309  -81/103 -173/309  229/309  -91/103 -443/309 -281/309   71/103 -197/309 -275/309   -7/103  -53/309 -371/309]
[-119/103  -11/309   49/309  -59/103  -71/309 -251/309  -33/103 -233/309  -35/309  -41/103  121/309   79/309  -83/103 -245/309   91/309]
[  47/103  -95/309    1/309  -63/103  -47/309 -191/309   -1/103 -101/309  133/309   27/103 -257/309 -263/309   21/103      1/3 -143/309]
[ -19/103  361/309 -125/309  -93/103 -101/309  409/309    5/103  -47/309  223/309   69/103  -95/309  -65/309   99/103  373/309  163/309]
[  95/103  121/309  289/309   57/103  385/309  313/309  -15/103  -71/309  235/309   85/103  -11/309   55/309  151/103  -53/309 -227/309]
[ -23/103  421/309    7/309  -25/103  175/309  139/309  -61/103 -173/309  169/309   75/103   -5/309   97/309  -29/103   61/309  -77/309]
[  39/103   25/309  265/309   73/103 -113/309 -113/309   73/103  265/309   25/309   39/103  -77/309   61/309  -29/103   97/309   -5/309]
[  75/103  169/309 -173/309  -61/103  139/309  175/309  -25/103    7/309  421/309  -23/103 -227/309  -53/309  151/103   55/309  -11/309]
[  85/103  235/309  -71/309  -15/103  313/309  385/309   57/103  289/309  121/309   95/103  163/309  373/309   99/103  -65/309  -95/309]
[  69/103  223/309  -47/309    5/103  409/309 -101/309  -93/103 -125/309  361/309  -19/103 -143/309      1/3   21/103 -263/309 -257/309]
[  27/103  133/309 -101/309   -1/103 -191/309  -47/309  -63/103    1/309  -95/309   47/103   91/309 -245/309  -83/103   79/309  121/309]
[ -41/103  -35/309 -233/309  -33/103 -251/309  -71/309  -59/103   49/309  -11/309 -119/103 -371/309  -53/309   -7/103 -275/309 -197/309]
[  71/103 -281/309 -443/309  -91/103  229/309 -173/309  -81/103   19/309   -5/309 -105/103 -293/309   61/309   43/103  -89/309   25/309]
[ -49/103   13/309 -113/309   31/103   13/309  265/309   77/103  -89/309  -77/309   89/103  325/309   97/309   67/103   19/309  169/309]
[  11/103  229/309  139/309  127/103  337/309    7/309    3/103  343/309  391/309   51/103  247/309   55/309   65/103   49/309  235/309]
[  45/103  367/309  313/309   -9/103  -35/309  289/309  109/103   79/309  163/309  -13/103   91/309  -65/309   37/103    1/309  223/309]
[  53/103 -191/309 -209/309   35/103  133/309 -125/309  -17/103  355/309 -143/309        0        0        0        0        0        0]
Testing obstruction for
m1: 2, m2: 52,a: 0
[      -1  -97/309  -79/309  -85/103   -7/309   47/309  -31/103  191/309  281/309   59/103  497/309  623/309  185/103  911/309 1073/309]
[ 347/103 1433/309 1631/309  545/103 2063/309 2297/309  779/103 2801/309 3071/309 1049/103 3647/309 3953/309 1149/103 3365/309 3089/309]
[ 873/103 2573/309 2333/309  633/103 1889/309 1685/309  429/103 1313/309 1145/309  261/103  845/309  713/309  129/103  485/309  389/309]
[  33/103  233/309  173/309  -27/103   89/309   65/309  -51/103   53/309   65/309  -39/103  125/309  173/309    9/103  305/309  389/309]
[  93/103  593/309  713/309  213/103  989/309 1145/309  369/103 1493/309 1685/309  561/103 2105/309 2333/309  789/103 2825/309 3089/309]
[1053/103 3653/309 3953/309 1147/103 3353/309 3071/309  865/103 2543/309 2297/309  619/103 1841/309 1631/309  409/103 1247/309 1073/309]
[ 235/103  761/309  623/309   97/103  383/309  281/309   -5/103  113/309   47/309  -71/103  -49/309  -79/309 -101/103     -1/3  -97/309]
[ -95/103  -49/309   -7/309  -53/103  113/309  191/309   25/103  383/309  497/309  139/103  761/309  911/309  289/103 1247/309 1433/309]
[ 475/103 1841/309 2063/309  697/103 2543/309 2801/309  955/103 3353/309 3647/309 1249/103 3653/309 3365/309  961/103 2825/309 2573/309]
[ 709/103 2105/309 1889/309  493/103 1493/309 1313/309  313/103  989/309  845/309  169/103  593/309  485/309   61/103  305/309  233/309]
[ -11/103  125/309   89/309  -47/103   53/309   53/309  -47/103   89/309  125/309  -11/103  233/309  305/309   61/103  485/309  593/309]
[ 169/103  845/309  989/309  313/103 1313/309 1493/309  493/103 1889/309 2105/309  709/103 2573/309 2825/309  961/103 3365/309 3653/309]
[1249/103 3647/309 3353/309  955/103 2801/309 2543/309  697/103 2063/309 1841/309  475/103 1433/309 1247/309  289/103  911/309  761/309]
[ 139/103  497/309  383/309   25/103  191/309  113/309  -53/103   -7/309  -49/309  -95/103  -97/309     -1/3 -101/103  -79/309  -49/309]
[ -71/103   47/309  113/309   -5/103  281/309  383/309   97/103  623/309  761/309  235/103 1073/309 1247/309  409/103 1631/309 1841/309]
[ 619/103 2297/309 2543/309  865/103 3071/309 3353/309 1147/103 3953/309 3653/309 1053/103 3089/309 2825/309  789/103 2333/309 2105/309]
[ 561/103 1685/309 1493/309  369/103 1145/309  989/309  213/103  713/309  593/309   93/103  389/309  305/309    9/103  173/309  125/309]
[ -39/103   65/309   53/309  -51/103   65/309   89/309  -27/103  173/309  233/309   33/103  389/309  485/309  129/103  713/309  845/309]
[ 261/103 1145/309 1313/309  429/103 1685/309 1889/309  633/103 2333/309 2573/309  873/103 3089/309 3365/309 1149/103 3953/309 3647/309]
[1049/103 3071/309 2801/309  779/103 2297/309 2063/309  545/103 1631/309 1433/309  347/103 1073/309  911/309  185/103  623/309  497/309]
[  59/103  281/309  191/309  -31/103   47/309   -7/309  -85/103  -79/309  -97/309        0        0        0        0        0        0]
Testing obstruction for
m1: 8, m2: 12,a: 3
[      -1 -263/309 -125/309   35/103  427/309  223/309   37/103   91/309  163/309  109/103  583/309  931/309  251/103  667/309  673/309]
[ 257/103  961/309  625/309  127/103  229/309  169/309   67/103  325/309  541/309   77/103   13/309 -113/309  -49/103  -89/309   61/309]
[ 101/103  637/309  445/309  115/103  337/309  421/309  199/103  865/309  607/309  147/103  367/309  385/309  165/103  697/309  373/309]
[  47/103    1/309  -47/309   -1/103  133/309  361/309   21/103 -143/309 -257/309  -93/103 -209/309  -47/309   69/103  553/309  373/309]
[  95/103  289/309  385/309  191/103  853/309  607/309  151/103  391/309  421/309  181/103  757/309  445/309   75/103   97/309   61/309]
[  39/103  265/309  505/309   73/103   25/309  -77/309  -29/103   -5/309  169/309  145/103  793/309  625/309  183/103  565/309  673/309]
[ 291/103  547/309  313/309   57/103  121/309  163/309   99/103  523/309  223/309    5/103 -101/309 -125/309  -19/103      1/3  355/309]
[  27/103 -101/309 -191/309  -63/103  -95/309   91/309  123/103  739/309  583/309  173/103  547/309  667/309  293/103  565/309  343/309]
[  71/103  175/309  229/309  125/103  613/309  325/309   43/103   25/309   13/309   31/103  265/309  529/309   89/103   97/309   19/309]
[  11/103  139/309  337/309  209/103 1009/309  865/309  271/103  853/309  985/309  197/103  289/309   79/309  -13/103  -65/309    1/309]
[  53/103  409/309  133/309  -17/103 -143/309 -143/309  -17/103  133/309  409/309   53/103    1/309  -65/309  -13/103   79/309  289/309]
[ 197/103  985/309  853/309  271/103  865/309 1009/309  209/103  337/309  139/309   11/103   19/309   97/309   89/103  529/309  265/309]
[  31/103   13/309   25/309   43/103  325/309  613/309  125/103  229/309  175/309   71/103  343/309  565/309  293/103  667/309  547/309]
[ 173/103  583/309  739/309  123/103   91/309  -95/309  -63/103 -191/309 -101/309   27/103  355/309      1/3  -19/103 -125/309 -101/309]
[   5/103  223/309  523/309   99/103  163/309  121/309   57/103  313/309  547/309  291/103  673/309  565/309  183/103  625/309  793/309]
[ 145/103  169/309   -5/309  -29/103  -77/309   25/309   73/103  505/309  265/309   39/103   61/309   97/309   75/103  445/309  757/309]
[ 181/103  421/309  391/309  151/103  607/309  853/309  191/103  385/309  289/309   95/103  373/309  553/309   69/103  -47/309 -209/309]
[ -93/103 -257/309 -143/309   21/103  361/309  133/309   -1/103  -47/309    1/309   47/103  373/309  697/309  165/103  385/309  367/309]
[ 147/103  607/309  865/309  199/103  421/309  337/309  115/103  445/309  637/309  101/103   61/309  -89/309  -49/103 -113/309   13/309]
[  77/103  541/309  325/309   67/103  169/309  229/309  127/103  625/309  961/309  257/103  673/309  667/309  251/103  931/309  583/309]
[ 109/103  163/309   91/309   37/103  223/309  427/309   35/103 -125/309 -263/309        0        0        0        0        0        0]
Unobstructed
101
---------------------------
---------------------------
