13a2865
Correction terms
[      -1   17/177 -109/177   -67/59   95/177   71/177    27/59  125/177  203/177   -13/59  107/177  -67/177    49/59   41/177  -31/177]
[  -23/59  -73/177  -43/177     7/59  119/177 -103/177    21/59  -91/177 -211/177    19/59    5/177  -13/177     1/59   53/177  137/177]
[   85/59   53/177  239/177    35/59    5/177  -61/177   -31/59  -91/177  -55/177     5/59 -235/177  -97/177    25/59  -73/177  167/177]
[   29/59   41/177   29/177    17/59  107/177  197/177   -11/59  125/177  -37/177   -55/59   95/177   35/177     3/59   17/177      1/3]
[  -73/59 -109/177   35/177   -47/59   71/177  -37/177   -37/59  203/177  197/177    75/59  287/177   29/177    53/59  -31/177 -187/177]
[   15/59  -43/177  -97/177   -39/59 -103/177  -55/177     9/59  143/177  -61/177    41/59  -13/177 -115/177    57/59  137/177  137/177]
[   57/59 -115/177  -13/177    41/59  -61/177  143/177     9/59  -55/177 -103/177   -39/59  -97/177  -43/177    15/59 -187/177  -31/177]
[   53/59   29/177  287/177    75/59  197/177  203/177   -37/59  -37/177   71/177   -47/59   35/177 -109/177   -73/59      1/3   17/177]
[    3/59   35/177   95/177   -55/59  -37/177  125/177   -11/59  197/177  107/177    17/59   29/177   41/177    29/59  167/177  -73/177]
[   25/59  -97/177 -235/177     5/59  -55/177  -91/177   -31/59  -61/177    5/177    35/59  239/177   53/177    85/59  137/177   53/177]
[    1/59  -13/177    5/177    19/59 -211/177  -91/177    21/59 -103/177  119/177     7/59  -43/177  -73/177   -23/59  -31/177   41/177]
[   49/59  -67/177  107/177   -13/59  203/177  125/177    27/59   71/177   95/177   -67/59 -109/177   17/177        0        0        0]
Testing obstruction for
m1: 2, m2: 30,a: 0
[      -1  -53/177  -35/177   -41/59   37/177   91/177    13/59  235/177  325/177   103/59  541/177  667/177   229/59  955/177 1117/177]
[  391/59 1123/177  967/177   235/59  691/177  571/177   115/59  367/177  283/177    31/59  151/177  103/177   -17/59   43/177   31/177]
[  -29/59   43/177   67/177    -5/59  151/177  211/177    55/59  367/177  463/177   151/59  691/177  823/177   283/59 1123/177 1291/177]
[  333/59  955/177  805/177   183/59  541/177  427/177    69/59  235/177  157/177    -9/59   37/177   -5/177   -51/59  -53/177     -1/3]
[  -57/59  -35/177   -5/177   -27/59   91/177  157/177    39/59  325/177  427/177   141/59  667/177  805/177   279/59 1117/177 1291/177]
[  335/59  967/177  823/177   191/59  571/177  463/177    83/59  283/177  211/177    11/59  103/177   67/177   -25/59   31/177   31/177]
[  -25/59   67/177  103/177    11/59  211/177  283/177    83/59  463/177  571/177   191/59  823/177  967/177   335/59 1291/177 1117/177]
[  279/59  805/177  667/177   141/59  427/177  325/177    39/59  157/177   91/177   -27/59   -5/177  -35/177   -57/59     -1/3  -53/177]
[  -51/59   -5/177   37/177    -9/59  157/177  235/177    69/59  427/177  541/177   183/59  805/177  955/177   333/59 1291/177 1123/177]
[  283/59  823/177  691/177   151/59  463/177  367/177    55/59  211/177  151/177    -5/59   67/177   43/177   -29/59   31/177   43/177]
[  -17/59  103/177  151/177    31/59  283/177  367/177   115/59  571/177  691/177   235/59  967/177 1123/177   391/59 1117/177  955/177]
[  229/59  667/177  541/177   103/59  325/177  235/177    13/59   91/177   37/177   -41/59  -35/177  -53/177        0        0        0]
Testing obstruction for
m1: 16, m2: 16,a: 14
[      -1 -115/177   71/177     9/59  107/177  -43/177   -23/59   29/177  251/177    81/59  359/177  245/177    85/59  389/177  647/177]
[  225/59  473/177  395/177   147/59  257/177  197/177    87/59   95/177   53/177    45/59  -13/177  -37/177    21/59  -67/177  -73/177]
[   15/59  -67/177  -55/177    27/59  -13/177   17/177    57/59   95/177  143/177   105/59  257/177  323/177   171/59  473/177  557/177]
[  137/59  389/177  491/177   121/59  359/177  125/177     5/59   29/177  167/177    25/59  107/177  -91/177   -55/59 -115/177      1/3]
[    1/59   71/177  -91/177   -43/59  -43/177  167/177    49/59  251/177  125/177    41/59  245/177  491/177   169/59  647/177  557/177]
[  197/59  395/177  323/177   125/59  197/177  143/177    71/59   53/177   17/177    35/59  -37/177  -55/177    17/59  -73/177  -73/177]
[   17/59  -55/177  -37/177    35/59   17/177   53/177    71/59  143/177  197/177   125/59  323/177  395/177   197/59  557/177  647/177]
[  169/59  491/177  245/177    41/59  125/177  251/177    49/59  167/177  -43/177   -43/59  -91/177   71/177     1/59      1/3 -115/177]
[  -55/59  -91/177  107/177    25/59  167/177   29/177     5/59  125/177  359/177   121/59  491/177  389/177   137/59  557/177  473/177]
[  171/59  323/177  257/177   105/59  143/177   95/177    57/59   17/177  -13/177    27/59  -55/177  -67/177    15/59  -73/177  -67/177]
[   21/59  -37/177  -13/177    45/59   53/177   95/177    87/59  197/177  257/177   147/59  395/177  473/177   225/59  647/177  389/177]
[   85/59  245/177  359/177    81/59  251/177   29/177   -23/59  -43/177  107/177     9/59   71/177 -115/177        0        0        0]
[-115/177, 71/177, 9/59, 107/177, -43/177, -23/59, 29/177, 251/177, 81/59, 359/177, 245/177, 85/59, 389/177, 647/177, 225/59, 473/177, 395/177, 147/59, 257/177, 197/177, 87/59, 95/177, 53/177, 45/59, -13/177, -37/177, 21/59, -67/177]
86 [-115/177, 71/177, 9/59, 107/177, -43/177, -23/59, 29/177, -103/177, -37/59, 5/177, -109/177, 85/59, 35/177, -61/177, -11/59, -235/177, 41/177, 29/59, -97/177, 197/177, -31/59, 95/177, 53/177, -73/59, -13/177, -37/177, 21/59, 287/177]
---------------------------
SUCCESS for name = 13a2865
---------------------------
13a2872
Correction terms
[      -1 -157/177  -97/177  -117/59 -211/177  -31/177   -55/59   95/177   41/177     9/59   53/177 -235/177   -43/59   17/177 -151/177]
[   25/59  -13/177  -61/177   -23/59  -37/177   35/177    49/59  -55/177  137/177     5/59  -67/177 -109/177   -37/59  -73/177    5/177]
[  -77/59  -73/177 -229/177  -115/59  -67/177 -103/177   -33/59  -55/177   29/177   -67/59  -37/177 -187/177   -99/59  -13/177  -43/177]
[  -11/59   17/177 -247/177   -39/59   53/177  -91/177    53/59   95/177   71/177    29/59 -211/177 -115/177     7/59 -157/177      1/3]
[  -13/59  -97/177 -115/177   -31/59  -31/177   71/177   -47/59   41/177  -91/177   -61/59 -235/177 -247/177   -73/59 -151/177  -43/177]
[  -83/59  -61/177 -187/177   -91/59   35/177   29/177    21/59  137/177 -103/177    17/59 -109/177 -229/177    15/59    5/177    5/177]
[   15/59 -229/177 -109/177    17/59 -103/177  137/177    21/59   29/177   35/177   -91/59 -187/177  -61/177   -83/59  -43/177 -151/177]
[  -73/59 -247/177 -235/177   -61/59  -91/177   41/177   -47/59   71/177  -31/177   -31/59 -115/177  -97/177   -13/59      1/3 -157/177]
[    7/59 -115/177 -211/177    29/59   71/177   95/177    53/59  -91/177   53/177   -39/59 -247/177   17/177   -11/59  -43/177  -13/177]
[  -99/59 -187/177  -37/177   -67/59   29/177  -55/177   -33/59 -103/177  -67/177  -115/59 -229/177  -73/177   -77/59    5/177  -73/177]
[  -37/59 -109/177  -67/177     5/59  137/177  -55/177    49/59   35/177  -37/177   -23/59  -61/177  -13/177    25/59 -151/177   17/177]
[  -43/59 -235/177   53/177     9/59   41/177   95/177   -55/59  -31/177 -211/177  -117/59  -97/177 -157/177        0        0        0]
Testing obstruction for
m1: 2, m2: 30,a: 0
[      -1  -53/177  -35/177   -41/59   37/177   91/177    13/59  235/177  325/177   103/59  541/177  667/177   229/59  955/177 1117/177]
[  391/59 1123/177  967/177   235/59  691/177  571/177   115/59  367/177  283/177    31/59  151/177  103/177   -17/59   43/177   31/177]
[  -29/59   43/177   67/177    -5/59  151/177  211/177    55/59  367/177  463/177   151/59  691/177  823/177   283/59 1123/177 1291/177]
[  333/59  955/177  805/177   183/59  541/177  427/177    69/59  235/177  157/177    -9/59   37/177   -5/177   -51/59  -53/177     -1/3]
[  -57/59  -35/177   -5/177   -27/59   91/177  157/177    39/59  325/177  427/177   141/59  667/177  805/177   279/59 1117/177 1291/177]
[  335/59  967/177  823/177   191/59  571/177  463/177    83/59  283/177  211/177    11/59  103/177   67/177   -25/59   31/177   31/177]
[  -25/59   67/177  103/177    11/59  211/177  283/177    83/59  463/177  571/177   191/59  823/177  967/177   335/59 1291/177 1117/177]
[  279/59  805/177  667/177   141/59  427/177  325/177    39/59  157/177   91/177   -27/59   -5/177  -35/177   -57/59     -1/3  -53/177]
[  -51/59   -5/177   37/177    -9/59  157/177  235/177    69/59  427/177  541/177   183/59  805/177  955/177   333/59 1291/177 1123/177]
[  283/59  823/177  691/177   151/59  463/177  367/177    55/59  211/177  151/177    -5/59   67/177   43/177   -29/59   31/177   43/177]
[  -17/59  103/177  151/177    31/59  283/177  367/177   115/59  571/177  691/177   235/59  967/177 1123/177   391/59 1117/177  955/177]
[  229/59  667/177  541/177   103/59  325/177  235/177    13/59   91/177   37/177   -41/59  -35/177  -53/177        0        0        0]
Testing obstruction for
m1: 16, m2: 16,a: 14
[      -1 -115/177   71/177     9/59  107/177  -43/177   -23/59   29/177  251/177    81/59  359/177  245/177    85/59  389/177  647/177]
[  225/59  473/177  395/177   147/59  257/177  197/177    87/59   95/177   53/177    45/59  -13/177  -37/177    21/59  -67/177  -73/177]
[   15/59  -67/177  -55/177    27/59  -13/177   17/177    57/59   95/177  143/177   105/59  257/177  323/177   171/59  473/177  557/177]
[  137/59  389/177  491/177   121/59  359/177  125/177     5/59   29/177  167/177    25/59  107/177  -91/177   -55/59 -115/177      1/3]
[    1/59   71/177  -91/177   -43/59  -43/177  167/177    49/59  251/177  125/177    41/59  245/177  491/177   169/59  647/177  557/177]
[  197/59  395/177  323/177   125/59  197/177  143/177    71/59   53/177   17/177    35/59  -37/177  -55/177    17/59  -73/177  -73/177]
[   17/59  -55/177  -37/177    35/59   17/177   53/177    71/59  143/177  197/177   125/59  323/177  395/177   197/59  557/177  647/177]
[  169/59  491/177  245/177    41/59  125/177  251/177    49/59  167/177  -43/177   -43/59  -91/177   71/177     1/59      1/3 -115/177]
[  -55/59  -91/177  107/177    25/59  167/177   29/177     5/59  125/177  359/177   121/59  491/177  389/177   137/59  557/177  473/177]
[  171/59  323/177  257/177   105/59  143/177   95/177    57/59   17/177  -13/177    27/59  -55/177  -67/177    15/59  -73/177  -67/177]
[   21/59  -37/177  -13/177    45/59   53/177   95/177    87/59  197/177  257/177   147/59  395/177  473/177   225/59  647/177  389/177]
[   85/59  245/177  359/177    81/59  251/177   29/177   -23/59  -43/177  107/177     9/59   71/177 -115/177        0        0        0]
Unobstructed
56
---------------------------
---------------------------
13a2885
Correction terms
[      -1  127/301  207/301  -61/301  -75/301  165/301   57/301    29/43    1/301   53/301 -243/301  317/301  -73/301 -209/301   -13/43]
[ 281/301 -297/301  -19/301  -89/301   95/301  -69/301     3/43  365/301 -241/301    9/301  -89/301   67/301 -125/301    -9/43  253/301]
[ 221/301 -159/301  317/301 -157/301  225/301    37/43  -55/301 -115/301   79/301  -75/301   25/301 -223/301    55/43      1/7  -45/301]
[ 121/301  -61/301   11/301  337/301   -41/43  -55/301 -171/301  -33/301 -243/301 -199/301   99/301     7/43 -349/301  109/301  219/301]
[ -19/301   -3/301  267/301    27/43 -237/301  193/301  275/301    9/301   -3/301  239/301    19/43  281/301   81/301  135/301 -159/301]
[ 403/301   15/301   -17/43    1/301  375/301 -201/301   79/301   11/301  197/301     5/43  127/301     -3/7 -131/301  121/301   25/301]
[-419/301    -1/43   57/301 -227/301 -257/301  -33/301 -157/301  -27/301   -35/43  393/301   81/301   23/301  219/301   67/301  169/301]
[  -11/43  -69/301  193/301  107/301  275/301   95/301  169/301    71/43 -125/301  109/301   -5/301  135/301  -73/301  -27/301    39/43]
[ 225/301 -171/301  289/301 -201/301  165/301  183/301   -21/43 -223/301  -45/301     -5/7 -131/301 -395/301  197/301   -23/43 -265/301]
[-115/301  289/301 -257/301   53/301   15/301    33/43   99/301  221/301   -5/301   23/301  305/301  239/301   -25/43  267/301  361/301]
[ 107/301  107/301  361/301  267/301   -25/43  239/301  305/301   23/301   -5/301  221/301   99/301    33/43   15/301   53/301 -257/301]
[ 289/301 -115/301 -265/301   -23/43  197/301 -395/301 -131/301     -5/7  -45/301 -223/301   -21/43  183/301  165/301 -201/301  289/301]
[-171/301  225/301    39/43  -27/301  -73/301  135/301   -5/301  109/301 -125/301    71/43  169/301   95/301  275/301  107/301  193/301]
[ -69/301   -11/43  169/301   67/301  219/301   23/301   81/301  393/301   -35/43  -27/301 -157/301  -33/301 -257/301 -227/301   57/301]
[   -1/43 -419/301   25/301  121/301 -131/301     -3/7  127/301     5/43  197/301   11/301   79/301 -201/301  375/301    1/301   -17/43]
[  15/301  403/301 -159/301  135/301   81/301  281/301    19/43  239/301   -3/301    9/301  275/301  193/301 -237/301    27/43  267/301]
[  -3/301  -19/301  219/301  109/301 -349/301     7/43   99/301 -199/301 -243/301  -33/301 -171/301  -55/301   -41/43  337/301   11/301]
[ -61/301  121/301  -45/301      1/7    55/43 -223/301   25/301  -75/301   79/301 -115/301  -55/301    37/43  225/301 -157/301  317/301]
[-159/301  221/301  253/301    -9/43 -125/301   67/301  -89/301    9/301 -241/301  365/301     3/43  -69/301   95/301  -89/301  -19/301]
[-297/301  281/301   -13/43 -209/301  -73/301  317/301 -243/301   53/301    1/301    29/43   57/301  165/301  -75/301  -61/301  207/301]
[ 127/301        0        0        0        0        0        0        0        0        0        0        0        0        0        0]
Testing obstruction for
m1: 4, m2: 22,a: 0
[      -1 -201/301   99/301   -3/301   95/301  393/301  289/301    55/43  681/301 1177/301 1271/301 1565/301 1457/301  947/301    91/43]
[ 527/301  617/301  305/301  193/301  281/301  -33/301   -21/43  -61/301  225/301  109/301  193/301  477/301  359/301    63/43  723/301]
[1205/301 1285/301 1565/301 1443/301  919/301    85/43  471/301  547/301  221/301   95/301  169/301 -159/301   -41/43     -5/7   57/301]
[ -73/301   -3/301  267/301  135/301    29/43  471/301  939/301 1005/301 1271/301 1737/301 1199/301   123/43  723/301  785/301  445/301]
[ 305/301  365/301   23/301   -17/43  -61/301  197/301   53/301  109/301  365/301  219/301    39/43  527/301  981/301 1033/301 1285/301]
[1737/301 1185/301   119/43  681/301  729/301  375/301  221/301  267/301  -89/301   -35/43 -201/301      1/7 -115/301  -73/301  169/301]
[   9/301     7/43  289/301  729/301  767/301 1005/301 1443/301 1479/301   159/43  947/301  981/301  613/301  445/301  477/301  107/301]
[   -9/43  -33/301  197/301   25/301   53/301  281/301  107/301    19/43  359/301  785/301  809/301 1033/301 1457/301 1479/301   157/43]
[ 919/301  939/301  557/301  375/301  393/301    9/301   -25/43 -159/301   57/301     -3/7 -115/301   99/301  -89/301   -11/43  135/301]
[ 547/301  557/301  767/301 1177/301 1185/301   199/43 1199/301 1205/301  809/301  613/301  617/301  219/301     3/43   23/301  225/301]
[  25/301   25/301  225/301   23/301     3/43  219/301  617/301  613/301  809/301 1205/301 1199/301   199/43 1185/301 1177/301  767/301]
[ 557/301  547/301  135/301   -11/43  -89/301   99/301 -115/301     -3/7   57/301 -159/301   -25/43    9/301  393/301  375/301  557/301]
[ 939/301  919/301   157/43 1479/301 1457/301 1033/301  809/301  785/301  359/301    19/43  107/301  281/301   53/301   25/301  197/301]
[ -33/301    -9/43  107/301  477/301  445/301  613/301  981/301  947/301   159/43 1479/301 1443/301 1005/301  767/301  729/301  289/301]
[    7/43    9/301  169/301  -73/301 -115/301      1/7 -201/301   -35/43  -89/301  267/301  221/301  375/301  729/301  681/301   119/43]
[1185/301 1737/301 1285/301 1033/301  981/301  527/301    39/43  219/301  365/301  109/301   53/301  197/301  -61/301   -17/43   23/301]
[ 365/301  305/301  445/301  785/301  723/301   123/43 1199/301 1737/301 1271/301 1005/301  939/301  471/301    29/43  135/301  267/301]
[  -3/301  -73/301   57/301     -5/7   -41/43 -159/301  169/301   95/301  221/301  547/301  471/301    85/43  919/301 1443/301 1565/301]
[1285/301 1205/301  723/301    63/43  359/301  477/301  193/301  109/301  225/301  -61/301   -21/43  -33/301  281/301  193/301  305/301]
[ 617/301  527/301    91/43  947/301 1457/301 1565/301 1271/301 1177/301  681/301    55/43  289/301  393/301   95/301   -3/301   99/301]
[-201/301        0        0        0        0        0        0        0        0        0        0        0        0        0        0]
Unobstructed
80
---------------------------
---------------------------
13a2888
Correction terms
[      -1  271/249 -161/249   -17/83  103/249 -197/249    15/83 -167/249  163/249    13/83  -41/249  -77/249   -23/83  -17/249   79/249]
[   73/83  -95/249  133/249   -31/83  223/249   85/249    -3/83  -59/249  -65/249    -9/83   55/249  181/249   -49/83   67/249 -173/249]
[   43/83  -23/249 -131/249   101/83 -215/249  307/249   -41/83  -11/249  145/249   -51/83   91/249 -119/249    71/83   91/249   13/249]
[   -7/83  -11/249   43/249    47/83  283/249  -29/249    67/83  -23/249  295/249    53/83   67/249   19/249     5/83   55/249  139/249]
[   89/83  -59/249  157/249   -27/83  223/249   73/249   -11/83  -95/249 -113/249   137/83  -17/249   97/249   -81/83  -41/249  205/249]
[   -1/83  331/249 -287/249    45/83  103/249  115/249    57/83 -227/249     -1/3    35/83  337/249  115/249   -21/83 -197/249  211/249]
[   55/83  163/249  205/249   -69/83  -77/249   97/249   105/83   79/249 -113/249   -87/83  133/249   73/249    19/83   85/249 -341/249]
[   91/83  -65/249  139/249   -37/83 -317/249   19/249   -33/83  325/249 -203/249   -63/83 -131/249  -29/249    39/83 -191/249   43/249]
[  -59/83  145/249   13/249   -25/83 -119/249 -119/249   -25/83   13/249  145/249   -59/83   43/249 -191/249    39/83  -29/249 -131/249]
[  -63/83 -203/249  325/249   -33/83   19/249 -317/249   -37/83  139/249  -65/249    91/83 -341/249   85/249    19/83   73/249  133/249]
[  -87/83 -113/249   79/249   105/83   97/249  -77/249   -69/83  205/249  163/249    55/83  211/249 -197/249   -21/83  115/249  337/249]
[   35/83     -1/3 -227/249    57/83  115/249  103/249    45/83 -287/249  331/249    -1/83  205/249  -41/249   -81/83   97/249  -17/249]
[  137/83 -113/249  -95/249   -11/83   73/249  223/249   -27/83  157/249  -59/249    89/83  139/249   55/249     5/83   19/249   67/249]
[   53/83  295/249  -23/249    67/83  -29/249  283/249    47/83   43/249  -11/249    -7/83   13/249   91/249    71/83 -119/249   91/249]
[  -51/83  145/249  -11/249   -41/83  307/249 -215/249   101/83 -131/249  -23/249    43/83 -173/249   67/249   -49/83  181/249   55/249]
[   -9/83  -65/249  -59/249    -3/83   85/249  223/249   -31/83  133/249  -95/249    73/83   79/249  -17/249   -23/83  -77/249  -41/249]
[   13/83  163/249 -167/249    15/83 -197/249  103/249   -17/83 -161/249  271/249        0        0        0        0        0        0]
Testing obstruction for
m1: 2, m2: 42,a: 0
[      -1  -77/249  -59/249   -65/83   13/249   67/249   -11/83  211/249  301/249    79/83  517/249  643/249   205/83  931/249 1093/249]
[  367/83 1453/249 1651/249   565/83 2083/249 2317/249   799/83 2323/249 2095/249   571/83 1675/249 1483/249   379/83 1135/249  979/249]
[  223/83  703/249  583/249   103/83  379/249  295/249    19/83  163/249  115/249   -29/83   55/249   43/249   -41/83   55/249   79/249]
[  -17/83  163/249  223/249    43/83  379/249  475/249   139/83  703/249  835/249   271/83 1135/249 1303/249   439/83 1675/249 1879/249]
[  643/83 2323/249 2563/249   717/83 2083/249 1861/249   495/83 1453/249 1267/249   309/83  931/249  781/249   159/83  517/249  403/249]
[   45/83  211/249  133/249   -33/83   13/249  -29/249   -75/83  -77/249     -1/3   -81/83  -59/249  -29/249   -51/83   67/249  133/249]
[   15/83  301/249  403/249   117/83  643/249  781/249   255/83 1093/249 1267/249   429/83 1651/249 1861/249   639/83 2317/249 2563/249]
[  719/83 2095/249 1879/249   503/83 1483/249 1303/249   323/83  979/249  835/249   179/83  583/249  475/249    71/83  295/249  223/249]
[   -1/83  115/249   79/249   -37/83   43/249   43/249   -37/83   79/249  115/249    -1/83  223/249  295/249    71/83  475/249  583/249]
[  179/83  835/249  979/249   323/83 1303/249 1483/249   503/83 1879/249 2095/249   719/83 2563/249 2317/249   639/83 1861/249 1651/249]
[  429/83 1267/249 1093/249   255/83  781/249  643/249   117/83  403/249  301/249    15/83  133/249   67/249   -51/83  -29/249  -59/249]
[  -81/83     -1/3  -77/249   -75/83  -29/249   13/249   -33/83  133/249  211/249    45/83  403/249  517/249   159/83  781/249  931/249]
[  309/83 1267/249 1453/249   495/83 1861/249 2083/249   717/83 2563/249 2323/249   643/83 1879/249 1675/249   439/83 1303/249 1135/249]
[  271/83  835/249  703/249   139/83  475/249  379/249    43/83  223/249  163/249   -17/83   79/249   55/249   -41/83   43/249   55/249]
[  -29/83  115/249  163/249    19/83  295/249  379/249   103/83  583/249  703/249   223/83  979/249 1135/249   379/83 1483/249 1675/249]
[  571/83 2095/249 2323/249   799/83 2317/249 2083/249   565/83 1651/249 1453/249   367/83 1093/249  931/249   205/83  643/249  517/249]
[   79/83  301/249  211/249   -11/83   67/249   13/249   -65/83  -59/249  -77/249        0        0        0        0        0        0]
[-77/249, -59/249, -65/83]
11 [-77/249, -59/249, 101/83]
[-77/249, -59/249, -65/83]
94 [-77/249, -59/249, 101/83]
Testing obstruction for
m1: 6, m2: 12,a: 1
[      -1 -227/249 -161/249   -17/83  103/249  301/249   181/83  331/249  163/249    13/83  -41/249  -77/249   -23/83  -17/249   79/249]
[   73/83  403/249  631/249   135/83  223/249   85/249    -3/83  -59/249  -65/249    -9/83   55/249  181/249   117/83  565/249  823/249]
[  209/83  475/249  367/249   101/83  283/249  307/249   125/83  487/249  643/249   281/83  589/249  379/249    71/83   91/249   13/249]
[   -7/83  -11/249   43/249    47/83  283/249  469/249   233/83  475/249  295/249    53/83   67/249   19/249     5/83   55/249  139/249]
[   89/83  439/249  655/249   139/83  223/249   73/249   -11/83  -95/249 -113/249   -29/83  -17/249   97/249    85/83  457/249  703/249]
[  165/83  331/249  211/249    45/83  103/249  115/249    57/83  271/249      5/3   201/83  835/249  613/249   145/83  301/249  211/249]
[   55/83  163/249  205/249    97/83  421/249  595/249   271/83  577/249  385/249    79/83  133/249   73/249    19/83   85/249  157/249]
[   91/83  433/249  637/249   129/83  181/249   19/249   -33/83 -173/249 -203/249   -63/83 -131/249  -29/249    39/83  307/249  541/249]
[  107/83  145/249   13/249   -25/83 -119/249 -119/249   -25/83   13/249  145/249   107/83  541/249  307/249    39/83  -29/249 -131/249]
[  -63/83 -203/249 -173/249   -33/83   19/249  181/249   129/83  637/249  433/249    91/83  157/249   85/249    19/83   73/249  133/249]
[   79/83  385/249  577/249   271/83  595/249  421/249    97/83  205/249  163/249    55/83  211/249  301/249   145/83  613/249  835/249]
[  201/83      5/3  271/249    57/83  115/249  103/249    45/83  211/249  331/249   165/83  703/249  457/249    85/83   97/249  -17/249]
[  -29/83 -113/249  -95/249   -11/83   73/249  223/249   139/83  655/249  439/249    89/83  139/249   55/249     5/83   19/249   67/249]
[   53/83  295/249  475/249   233/83  469/249  283/249    47/83   43/249  -11/249    -7/83   13/249   91/249    71/83  379/249  589/249]
[  281/83  643/249  487/249   125/83  307/249  283/249   101/83  367/249  475/249   209/83  823/249  565/249   117/83  181/249   55/249]
[   -9/83  -65/249  -59/249    -3/83   85/249  223/249   135/83  631/249  403/249    73/83   79/249  -17/249   -23/83  -77/249  -41/249]
[   13/83  163/249  331/249   181/83  301/249  103/249   -17/83 -161/249 -227/249        0        0        0        0        0        0]
[-227/249, -161/249]
82 [-227/249, 337/249]
Testing obstruction for
m1: 8, m2: 10,a: 3
[      -1 -211/249  -97/249    31/83  359/249  203/249    41/83  119/249  191/249   113/83  563/249  365/249    81/83  197/249  227/249]
[  111/83  515/249  275/249    37/83   23/249   11/249    25/83  215/249  431/249    75/83   95/249   41/249    21/83  161/249  335/249]
[  195/83  413/249  317/249    99/83  353/249  485/249    65/83  -19/249 -157/249   -73/83 -205/249 -115/249    17/83  293/249  113/249]
[    3/83  -19/249   29/249    51/83  353/249  629/249   161/83  413/249  419/249   167/83  659/249  395/249    69/83   95/249   59/249]
[   33/83  215/249  407/249    59/83   23/249  -55/249   -19/83   17/249  167/249   131/83  695/249  575/249   177/83  563/249  671/249]
[  119/83  119/249  -43/249   -43/83 -139/249  -73/249    23/83  287/249      1/3   -15/83  -97/249  -73/249     9/83  203/249  455/249]
[   95/83  191/249  173/249    77/83  365/249  575/249   121/83  227/249  167/249    61/83  275/249  443/249    63/83   11/249  -91/249]
[  -39/83  -67/249   59/249    87/83  539/249  395/249   109/83  335/249  419/249   193/83  317/249  131/249     7/83  -13/249   29/249]
[   49/83  341/249  113/249   -13/83 -115/249 -115/249   -13/83  113/249  341/249    49/83   29/249  -13/249     7/83  131/249  317/249]
[  193/83  419/249  335/249   109/83  395/249  539/249    87/83   59/249  -67/249   -39/83  -91/249   11/249    63/83  443/249  275/249]
[   61/83  167/249  227/249   121/83  575/249  365/249    77/83  173/249  191/249    95/83  455/249  203/249     9/83  -73/249  -97/249]
[  -15/83      1/3  287/249    23/83  -73/249 -139/249   -43/83  -43/249  119/249   119/83  671/249  563/249   177/83  575/249  695/249]
[  131/83  167/249   17/249   -19/83  -55/249   23/249    59/83  407/249  215/249    33/83   59/249   95/249    69/83  395/249  659/249]
[  167/83  419/249  413/249   161/83  629/249  353/249    51/83   29/249  -19/249     3/83  113/249  293/249    17/83 -115/249 -205/249]
[  -73/83 -157/249  -19/249    65/83  485/249  353/249    99/83  317/249  413/249   195/83  335/249  161/249    21/83   41/249   95/249]
[   75/83  431/249  215/249    25/83   11/249   23/249    37/83  275/249  515/249   111/83  227/249  197/249    81/83  365/249  563/249]
[  113/83  191/249  119/249    41/83  203/249  359/249    31/83  -97/249 -211/249        0        0        0        0        0        0]
Testing obstruction for
m1: 22, m2: 22,a: 20
[      -1 -163/249   95/249     9/83  131/249  -91/249   -47/83  -19/249  275/249    81/83  383/249  197/249    61/83  341/249  671/249]
[  225/83  851/249  701/249   241/83  917/249 1283/249   441/83 1037/249  923/249   327/83  713/249  617/249   231/83  443/249  365/249]
[  153/83  227/249  167/249    93/83   65/249   23/249    51/83  -43/249  -67/249    27/83  -97/249 -103/249    21/83  -97/249  -85/249]
[   33/83  -43/249  -13/249    63/83   65/249  113/249   111/83  227/249  293/249   177/83  443/249  527/249   261/83  713/249  815/249]
[  363/83 1037/249 1157/249   317/83  917/249 1055/249   289/83  851/249  509/249   113/83  341/249  515/249   121/83  383/249   77/249]
[  -19/83  -19/249  191/249    25/83  131/249 -139/249   -79/83 -163/249      1/3     1/83   95/249 -139/249   -67/83  -91/249  191/249]
[   49/83  275/249   77/249    17/83  197/249  515/249   169/83  671/249  509/249   173/83  701/249 1055/249   361/83 1283/249 1157/249]
[  401/83  923/249  815/249   293/83  617/249  527/249   203/83  365/249  293/249   131/83  167/249  113/249    77/83   23/249  -13/249]
[   41/83  -67/249  -85/249    23/83 -103/249 -103/249    23/83  -85/249  -67/249    41/83  -13/249   23/249    77/83  113/249  167/249]
[  131/83  293/249  365/249   203/83  527/249  617/249   293/83  815/249  923/249   401/83 1157/249 1283/249   361/83 1055/249  701/249]
[  173/83  509/249  671/249   169/83  515/249  197/249    17/83   77/249  275/249    49/83  191/249  -91/249   -67/83 -139/249   95/249]
[    1/83      1/3 -163/249   -79/83 -139/249  131/249    25/83  191/249  -19/249   -19/83   77/249  383/249   121/83  515/249  341/249]
[  113/83  509/249  851/249   289/83 1055/249  917/249   317/83 1157/249 1037/249   363/83  815/249  713/249   261/83  527/249  443/249]
[  177/83  293/249  227/249   111/83  113/249   65/249    63/83  -13/249  -43/249    33/83  -85/249  -97/249    21/83 -103/249  -97/249]
[   27/83  -67/249  -43/249    51/83   23/249   65/249    93/83  167/249  227/249   153/83  365/249  443/249   231/83  617/249  713/249]
[  327/83  923/249 1037/249   441/83 1283/249  917/249   241/83  701/249  851/249   225/83  671/249  341/249    61/83  197/249  383/249]
[   81/83  275/249  -19/249   -47/83  -91/249  131/249     9/83   95/249 -163/249        0        0        0        0        0        0]
---------------------------
SUCCESS for name = 13a2888
---------------------------
13a2890
H_1 not cyclic will skip for now
