13a1643
Correction terms
[      -1  -67/145 -123/145  -23/145  -57/145    13/29   53/145  -93/145  207/145   83/145    23/29   13/145   67/145  -13/145   63/145]
[    1/29  103/145   67/145 -103/145  173/145     5/29   33/145  -93/145  -63/145 -167/145   -23/29   93/145 -123/145  107/145     -3/5]
[   33/29   -7/145  -23/145  117/145  123/145    -1/29   23/145  207/145  -33/145  173/145    -9/29  183/145  -13/145  -53/145   63/145]
[    9/29 -107/145 -103/145   57/145 -207/145    -5/29   23/145  -63/145    7/145  -57/145     7/29   -7/145  107/145      3/5  223/145]
[  -13/29   93/145  117/145    7/145   53/145    -7/29   33/145  -33/145   57/145   13/145    25/29 -187/145  -53/145  -53/145 -187/145]
[   25/29   13/145   57/145  -33/145   33/145    -7/29   53/145    7/145  117/145   93/145   -13/29  223/145      3/5  107/145   -7/145]
[    7/29  -57/145    7/145  -63/145   23/145    -5/29 -207/145   57/145 -103/145 -107/145     9/29   63/145  -53/145  -13/145  183/145]
[   -9/29  173/145  -33/145  207/145   23/145    -1/29  123/145  117/145  -23/145   -7/145    33/29     -3/5  107/145 -123/145   93/145]
[  -23/29 -167/145  -63/145  -93/145   33/145     5/29  173/145 -103/145   67/145  103/145     1/29   63/145  -13/145   67/145   13/145]
[   23/29   83/145  207/145  -93/145   53/145    13/29  -57/145  -23/145 -123/145  -67/145        0        0        0        0        0]
Testing obstruction for
m1: 4, m2: 12,a: 2
[      -1 -131/145  -89/145  -19/145   79/145    41/29  359/145  251/145  171/145  119/145    19/29   99/145  131/145  191/145  279/145]
[   79/29  249/145  131/145   41/145  -21/145   -11/29  -61/145  -39/145   11/145   89/145    39/29  329/145  201/145  101/145      1/5]
[   -3/29  -31/145  -19/145   21/145   89/145    37/29  309/145  171/145   61/145  -21/145   -15/29 -101/145  -99/145  -69/145  -11/145]
[   15/29  189/145  331/145  211/145  119/145    11/29   19/145   11/145   31/145   79/145    31/29  259/145  391/145      9/5  159/145]
[   17/29   39/145   21/145   31/145   69/145    27/29  229/145  351/145  211/145   99/145     3/29  -41/145  -69/145  -69/145  -41/145]
[    3/29   99/145  211/145  351/145  229/145    27/29   69/145   31/145   21/145   39/145    17/29  159/145      9/5  391/145  259/145]
[   31/29   79/145   31/145   11/145   19/145    11/29  119/145  211/145  331/145  189/145    15/29  -11/145  -69/145  -99/145 -101/145]
[  -15/29  -21/145   61/145  171/145  309/145    37/29   89/145   21/145  -19/145  -31/145    -3/29      1/5  101/145  201/145  329/145]
[   39/29   89/145   11/145  -39/145  -61/145   -11/29  -21/145   41/145  131/145  249/145    79/29  279/145  191/145  131/145   99/145]
[   19/29  119/145  171/145  251/145  359/145    41/29   79/145  -19/145  -89/145 -131/145        0        0        0        0        0]
Testing obstruction for
m1: 6, m2: 10,a: 4
[      -1 -123/145  -57/145   53/145  207/145    23/29   67/145   63/145  103/145  187/145    63/29  197/145  123/145   93/145  107/145]
[   33/29  267/145  123/145   23/145  -33/145    -9/29  -13/145   63/145  183/145   57/145    -5/29  -63/145  -57/145   -7/145      3/5]
[   45/29  117/145   53/145   33/145   57/145    25/29  237/145  103/145   13/145  -33/145    -7/29    7/145   93/145  223/145  107/145]
[    7/29    7/145   23/145   83/145  187/145     9/29  -53/145 -107/145 -117/145  -83/145    -1/29  117/145  283/145      7/5  167/145]
[   35/29  227/145  323/145  173/145   67/145     1/29  -13/145   13/145   83/145  197/145    13/29  -23/145  -67/145  -67/145  -23/145]
[   13/29  197/145   83/145   13/145  -13/145     1/29   67/145  173/145  323/145  227/145    35/29  167/145      7/5  283/145  117/145]
[   -1/29  -83/145 -117/145 -107/145  -53/145     9/29  187/145   83/145   23/145    7/145     7/29  107/145  223/145   93/145    7/145]
[   -7/29  -33/145   13/145  103/145  237/145    25/29   57/145   33/145   53/145  117/145    45/29      3/5   -7/145  -57/145  -63/145]
[   -5/29   57/145  183/145   63/145  -13/145    -9/29  -33/145   23/145  123/145  267/145    33/29  107/145   93/145  123/145  197/145]
[   63/29  187/145  103/145   63/145   67/145    23/29  207/145   53/145  -57/145 -123/145        0        0        0        0        0]
[-123/145, -57/145, 53/145, 207/145, 23/29, 67/145, 63/145, 103/145, 187/145, 63/29, 197/145, 123/145, 93/145, 107/145, 33/29, 267/145, 123/145, 23/145, -33/145, -9/29, -13/145, 63/145, 183/145, 57/145, -5/29, -63/145, -57/145, -7/145, 3/5, 45/29, 117/145, 53/145, 33/145, 57/145, 25/29, 237/145, 103/145, 13/145, -33/145, -7/29, 7/145, 93/145, 223/145, 107/145, 7/29, 7/145, 23/145, 83/145, 187/145, 9/29, -53/145, -107/145]
2 [-123/145, -57/145, 53/145, 207/145, 23/29, 67/145, 63/145, 103/145, -103/145, 5/29, -93/145, -167/145, 93/145, 107/145, 33/29, -23/145, 123/145, 23/145, -33/145, -9/29, -13/145, 63/145, -107/145, 57/145, -5/29, -63/145, -57/145, -7/145, 3/5, -13/29, 117/145, 53/145, 33/145, 57/145, 25/29, -53/145, -187/145, 13/145, -33/145, -7/29, 7/145, 93/145, 223/145, 107/145, 7/29, 7/145, 23/145, -207/145, -103/145, 9/29, -53/145, 183/145]
[-123/145, -57/145, 53/145, 207/145, 23/29, 67/145, 63/145, 103/145, 187/145, 63/29, 197/145, 123/145, 93/145, 107/145, 33/29, 267/145, 123/145, 23/145, -33/145, -9/29, -13/145, 63/145, 183/145, 57/145, -5/29, -63/145, -57/145, -7/145, 3/5, 45/29, 117/145, 53/145, 33/145, 57/145, 25/29, 237/145, 103/145, 13/145, -33/145, -7/29, 7/145, 93/145, 223/145, 107/145, 7/29, 7/145, 23/145, 83/145, 187/145, 9/29, -53/145, -107/145, -117/145]
27 [-123/145, -57/145, 53/145, 207/145, 23/29, 67/145, 63/145, -187/145, -103/145, 5/29, -93/145, 123/145, 93/145, 107/145, 33/29, -23/145, -167/145, 23/145, -33/145, -9/29, -13/145, 63/145, 183/145, 57/145, -5/29, -63/145, -57/145, -7/145, 3/5, -13/29, 117/145, 53/145, 33/145, 57/145, 25/29, -53/145, 103/145, 13/145, -33/145, -7/29, 7/145, 93/145, -67/145, 107/145, 7/29, 7/145, 23/145, 83/145, -103/145, 9/29, -53/145, -107/145, 173/145]
---------------------------
SUCCESS for name = 13a1643
---------------------------
13a1645
Correction terms
[      -1   -9/253  217/253  -81/253  109/253 -225/253  -71/253   65/253 -323/253 -223/253 -141/253    -7/23  -31/253   -3/253    7/253]
[  -1/253  -27/253  -71/253 -133/253  293/253 -311/253   79/253    -5/23    -9/11  129/253  -59/253 -265/253   17/253 -225/253   21/253]
[-257/253  -47/253  145/253   -17/23  -31/253  107/253  227/253 -177/253  -93/253  -27/253   21/253   51/253   63/253 -449/253     3/23]
[  -9/253    -3/11 -147/253 -243/253  149/253   17/253 -133/253  205/253   19/253 -185/253     9/23 -141/253  107/253 -169/253   43/253]
[-269/253  -93/253   65/253 -301/253 -179/253  -75/253     1/23   79/253 -377/253     7/11  175/253 -335/253  149/253  109/253   51/253]
[ -25/253 -119/253   -21/23  145/253   -3/253 -169/253 -353/253  -49/253 -269/253   -1/253 -257/253  -25/253  189/253   -11/23   57/253]
[ 217/253 -147/253    -1/11   83/253 -335/253  241/253 -213/253 -179/253 -163/253   -15/23 -185/253 -223/253 -279/253  153/253   61/253]
[ -49/253 -177/253  183/253   19/253 -163/253    13/23  -75/253  195/253  -59/253 -331/253    -5/11   83/253 -243/253  -81/253 -443/253]
[ 189/253   -19/23 -119/253  -47/253    7/253   43/253   61/253   61/253   43/253    7/253  -47/253 -119/253   -19/23  189/253 -443/253]
[ -81/253 -243/253   83/253    -5/11 -331/253  -59/253  195/253  -75/253    13/23 -163/253   19/253  183/253 -177/253  -49/253   61/253]
[ 153/253 -279/253 -223/253 -185/253   -15/23 -163/253 -179/253 -213/253  241/253 -335/253   83/253    -1/11 -147/253  217/253   57/253]
[  -11/23  189/253  -25/253 -257/253   -1/253 -269/253  -49/253 -353/253 -169/253   -3/253  145/253   -21/23 -119/253  -25/253   51/253]
[ 109/253  149/253 -335/253  175/253     7/11 -377/253   79/253     1/23  -75/253 -179/253 -301/253   65/253  -93/253 -269/253   43/253]
[-169/253  107/253 -141/253     9/23 -185/253   19/253  205/253 -133/253   17/253  149/253 -243/253 -147/253    -3/11   -9/253     3/23]
[-449/253   63/253   51/253   21/253  -27/253  -93/253 -177/253  227/253  107/253  -31/253   -17/23  145/253  -47/253 -257/253   21/253]
[-225/253   17/253 -265/253  -59/253  129/253    -9/11    -5/23   79/253 -311/253  293/253 -133/253  -71/253  -27/253   -1/253    7/253]
[  -3/253  -31/253    -7/23 -141/253 -223/253 -323/253   65/253  -71/253 -225/253  109/253  -81/253  217/253   -9/253        0        0]
Testing obstruction for
m1: 6, m2: 12,a: 0
[      -1 -185/253   19/253  359/253  329/253  435/253  677/253  549/253  557/253  195/253  -31/253   -11/23  -75/253  107/253  425/253]
[ 373/253  457/253  677/253  527/253  513/253  129/253 -119/253   -21/23    -9/11  -47/253  249/253  175/253  237/253  435/253  769/253]
[ 733/253  327/253   57/253    -7/23  -75/253   63/253  337/253  241/253  281/253  457/253  769/253  711/253  283/253   -9/253   -15/23]
[-185/253    -3/11  183/253   65/253   83/253  237/253  527/253  953/253  503/253  189/253     1/23  -31/253   63/253  293/253  153/253]
[ 149/253  281/253  549/253  953/253  481/253  145/253    -5/23 -119/253  -47/253     7/11   -1/253  -27/253   83/253  329/253  711/253]
[ 723/253  365/253    13/23   57/253  107/253  293/253  109/253   61/253  149/253  373/253  733/253  723/253  343/253     9/23   -9/253]
[  19/253  183/253    -1/11  -93/253  -27/253  175/253  513/253  481/253  585/253    29/23  189/253  195/253  337/253  109/253   17/253]
[  61/253  241/253  557/253  503/253  585/253    27/23  145/253  129/253  249/253   -1/253    -5/11  -93/253   65/253  359/253  283/253]
[ 343/253    49/23  365/253  327/253  425/253  153/253   17/253   17/253  153/253  425/253  327/253  365/253    49/23  343/253  283/253]
[ 359/253   65/253  -93/253    -5/11   -1/253  249/253  129/253  145/253    27/23  585/253  503/253  557/253  241/253   61/253   17/253]
[ 109/253  337/253  195/253  189/253    29/23  585/253  481/253  513/253  175/253  -27/253  -93/253    -1/11  183/253   19/253   -9/253]
[    9/23  343/253  723/253  733/253  373/253  149/253   61/253  109/253  293/253  107/253   57/253    13/23  365/253  723/253  711/253]
[ 329/253   83/253  -27/253   -1/253     7/11  -47/253 -119/253    -5/23  145/253  481/253  953/253  549/253  281/253  149/253  153/253]
[ 293/253   63/253  -31/253     1/23  189/253  503/253  953/253  527/253  237/253   83/253   65/253  183/253    -3/11 -185/253   -15/23]
[  -9/253  283/253  711/253  769/253  457/253  281/253  241/253  337/253   63/253  -75/253    -7/23   57/253  327/253  733/253  769/253]
[ 435/253  237/253  175/253  249/253  -47/253    -9/11   -21/23 -119/253  129/253  513/253  527/253  677/253  457/253  373/253  425/253]
[ 107/253  -75/253   -11/23  -31/253  195/253  557/253  549/253  677/253  435/253  329/253  359/253   19/253 -185/253        0        0]
Unobstructed
54
---------------------------
---------------------------
13a1683
Correction terms
[      -1    5/273 -253/273    15/91 -193/273 -421/273   -31/91   -43/39   47/273   -47/91 -319/273   59/273   -33/91    23/21    23/39]
[   11/91  -85/273 -193/273    85/91  167/273   89/273     1/13  -37/273  -85/273   -41/91 -151/273   -13/21   -59/91   -25/39 -163/273]
[  -47/91 -109/273  -67/273    -5/91   47/273    17/39  -115/91 -253/273 -151/273     -1/7   83/273 -331/273    -9/13  -37/273  125/273]
[   99/91  -67/273  125/273   -73/91    -1/39  215/273   -33/91    11/21 -151/273    37/91 -163/273   -61/39   -45/91 -379/273  -67/273]
[  -97/91   41/273 -163/273   -17/13    5/273   -13/21    71/91   59/273  -85/273   -73/91   -49/39   89/273    -5/91 -109/273 -193/273]
[  -89/91  215/273    23/39      3/7   83/273   59/273    15/91   41/273   47/273     3/13   89/273  125/273  -125/91 -319/273 -253/273]
[  -59/91     -1/3    5/273    37/91 -319/273 -193/273   -19/91   89/273    35/39   -45/91   41/273 -319/273   -41/91   83/273   -19/21]
[   -1/13 -331/273  -85/273    57/91 -109/273  167/273   -31/91    29/39  -37/273   -89/91   59/273 -151/273      5/7    5/273   -25/39]
[ -115/91 -505/273 -109/273   -83/91  167/273   47/273    -3/13 -163/273 -253/273    71/91    11/21   83/273    11/91    -1/39  -37/273]
[  -19/91  -67/273  -67/273   -19/91  -37/273    -1/39    11/91   83/273    11/21    71/91 -253/273 -163/273    -3/13   47/273  167/273]
[  -83/91 -109/273 -505/273  -115/91   -25/39    5/273      5/7 -151/273   59/273   -89/91  -37/273    29/39   -31/91  167/273 -109/273]
[   57/91  -85/273 -331/273    -1/13   -19/21   83/273   -41/91 -319/273   41/273   -45/91    35/39   89/273   -19/91 -193/273 -319/273]
[   37/91    5/273     -1/3   -59/91 -253/273 -319/273  -125/91  125/273   89/273     3/13   47/273   41/273    15/91   59/273   83/273]
[     3/7    23/39  215/273   -89/91 -193/273 -109/273    -5/91   89/273   -49/39   -73/91  -85/273   59/273    71/91   -13/21    5/273]
[  -17/13 -163/273   41/273   -97/91  -67/273 -379/273   -45/91   -61/39 -163/273    37/91 -151/273    11/21   -33/91  215/273    -1/39]
[  -73/91  125/273  -67/273    99/91  125/273  -37/273    -9/13 -331/273   83/273     -1/7 -151/273 -253/273  -115/91    17/39   47/273]
[   -5/91  -67/273 -109/273   -47/91 -163/273   -25/39   -59/91   -13/21 -151/273   -41/91  -85/273  -37/273     1/13   89/273  167/273]
[   85/91 -193/273  -85/273    11/91    23/39    23/21   -33/91   59/273 -319/273   -47/91   47/273   -43/39   -31/91 -421/273 -193/273]
[   15/91 -253/273    5/273        0        0        0        0        0        0        0        0        0        0        0        0]
Testing obstruction for
m1: 2, m2: 46,a: 0
[      -1  -85/273  -67/273   -73/91    5/273   59/273   -19/91    29/39  293/273    71/91  509/273  635/273   197/91    71/21   155/39]
[  359/91 1445/273 1643/273   557/91 2075/273 2309/273   113/13 2813/273 3083/273   879/91 2567/273   179/21   639/91   269/39 1679/273]
[  435/91 1307/273 1139/273   267/91  839/273   101/39   135/91  479/273  383/273      3/7  227/273  167/273    -3/13   83/273   59/273]
[  -45/91   47/273   59/273   -33/91    17/39  167/273    15/91    23/21  383/273    99/91  587/273   101/39   219/91  983/273 1139/273]
[  375/91 1487/273 1679/273    81/13 2099/273   179/21   795/91 2819/273 3083/273   877/91   365/39 2309/273   631/91 1853/273 1643/273]
[  421/91 1259/273   155/39     19/7  773/273  635/273   109/91  395/273  293/273     1/13  125/273   59/273   -59/91  -37/273  -67/273]
[  -89/91     -1/3  -85/273   -83/91  -37/273    5/273   -41/91  125/273    29/39    37/91  395/273  509/273   151/91  773/273    71/21]
[   43/13 1259/273 1445/273   487/91 1853/273 2075/273   709/91   365/39 2813/273   967/91 2819/273 2567/273     55/7 2099/273   269/39]
[  499/91 1487/273 1307/273   319/91  983/273  839/273    25/13  587/273  479/273    67/91    23/21  227/273    -5/91    17/39   83/273]
[  -41/91   47/273   47/273   -41/91   83/273    17/39    -5/91  227/273    23/21    67/91  479/273  587/273    25/13  839/273  983/273]
[  319/91 1307/273 1487/273   499/91   269/39 2099/273     55/7 2567/273 2819/273   967/91 2813/273   365/39   709/91 2075/273 1853/273]
[  487/91 1445/273 1259/273    43/13    71/21  773/273   151/91  509/273  395/273    37/91    29/39  125/273   -41/91    5/273  -37/273]
[  -83/91  -85/273     -1/3   -89/91  -67/273  -37/273   -59/91   59/273  125/273     1/13  293/273  395/273   109/91  635/273  773/273]
[    19/7   155/39 1259/273   421/91 1643/273 1853/273   631/91 2309/273   365/39   877/91 3083/273 2819/273   795/91   179/21 2099/273]
[   81/13 1679/273 1487/273   375/91 1139/273  983/273   219/91   101/39  587/273    99/91  383/273    23/21    15/91  167/273    17/39]
[  -33/91   59/273   47/273   -45/91   59/273   83/273    -3/13  167/273  227/273      3/7  383/273  479/273   135/91   101/39  839/273]
[  267/91 1139/273 1307/273   435/91 1679/273   269/39   639/91   179/21 2567/273   879/91 3083/273 2813/273   113/13 2309/273 2075/273]
[  557/91 1643/273 1445/273   359/91   155/39    71/21   197/91  635/273  509/273    71/91  293/273    29/39   -19/91   59/273    5/273]
[  -73/91  -67/273  -85/273        0        0        0        0        0        0        0        0        0        0        0        0]
Unobstructed
16
---------------------------
---------------------------
13a1688
Correction terms
[      -1   17/237 -169/237  -107/79   35/237  -49/237   -33/79 -115/237  -97/237   -15/79   41/237 -313/237   -53/79   29/237 -223/237]
[   11/79 -151/237 -301/237    19/79  -25/237  -73/237   -29/79  -67/237  -13/237    25/79 -277/237 -121/237    23/79 -181/237   77/237]
[  -35/79 -253/237  107/237     9/79  -19/237  -31/237    -3/79   47/237  137/237   -71/79  -55/237  137/237   -37/79  149/237  -31/237]
[  -59/79  185/237  107/237    21/79   53/237 -397/237    45/79  227/237 -121/237    13/79 -241/237  -13/237    83/79   71/237  -73/237]
[  -61/79 -259/237  173/237    55/79 -283/237 -223/237   -43/79   -1/237  161/237   -39/79 -361/237  -97/237   -91/79   59/237  -49/237]
[  -41/79 -163/237 -169/237   -47/79     -1/3   17/237  -109/79 -163/237   35/237   -69/79   59/237 -115/237   -85/79  113/237   41/237]
[    1/79   -1/237 -445/237    31/79  191/237 -151/237     5/79 -259/237  -25/237    81/79   71/237  -67/237   -57/79 -241/237  197/237]
[   65/79 -247/237 -181/237   -27/79   53/237  221/237   -17/79 -289/237  -19/237   -63/79  149/237   47/237    -7/79  -55/237  -55/237]
[   -7/79   47/237  149/237   -63/79  -19/237 -289/237   -17/79  221/237   53/237   -27/79 -181/237 -247/237    65/79  197/237 -241/237]
[  -57/79  -67/237   71/237    81/79  -25/237 -259/237     5/79 -151/237  191/237    31/79 -445/237   -1/237     1/79   41/237  113/237]
[  -85/79 -115/237   59/237   -69/79   35/237 -163/237  -109/79   17/237     -1/3   -47/79 -169/237 -163/237   -41/79  -49/237   59/237]
[  -91/79  -97/237 -361/237   -39/79  161/237   -1/237   -43/79 -223/237 -283/237    55/79  173/237 -259/237   -61/79  -73/237   71/237]
[   83/79  -13/237 -241/237    13/79 -121/237  227/237    45/79 -397/237   53/237    21/79  107/237  185/237   -59/79  -31/237  149/237]
[  -37/79  137/237  -55/237   -71/79  137/237   47/237    -3/79  -31/237  -19/237     9/79  107/237 -253/237   -35/79   77/237 -181/237]
[   23/79 -121/237 -277/237    25/79  -13/237  -67/237   -29/79  -73/237  -25/237    19/79 -301/237 -151/237    11/79 -223/237   29/237]
[  -53/79 -313/237   41/237   -15/79  -97/237 -115/237   -33/79  -49/237   35/237  -107/79 -169/237   17/237        0        0        0]
Testing obstruction for
m1: 2, m2: 40,a: 0
[      -1  -73/237  -55/237   -61/79   17/237   71/237    -7/79  215/237  305/237    83/79  521/237  647/237   209/79  935/237 1097/237]
[  371/79 1457/237 1655/237   569/79 2087/237 2321/237   645/79 1877/237 1673/237   441/79 1301/237 1133/237   273/79  833/237  701/237]
[  141/79  473/237  377/237    45/79  221/237  161/237   -15/79   77/237   53/237   -39/79   41/237   53/237   -27/79  113/237  161/237]
[   21/79  293/237  377/237   105/79  581/237  701/237   225/79  977/237 1133/237   381/79 1481/237 1673/237   573/79 2093/237 2321/237]
[  643/79 1865/237 1655/237   433/79 1271/237 1097/237   259/79  785/237  647/237   121/79  407/237  305/237    19/79  137/237   71/237]
[  -47/79  -25/237  -55/237   -77/79     -1/3  -73/237   -71/79  -25/237   17/237   -29/79  137/237  215/237    49/79  407/237  521/237]
[  163/79  785/237  935/237   313/79 1271/237 1457/237   499/79 1865/237 2087/237   721/79 2093/237 1877/237   505/79 1481/237 1301/237]
[  325/79  977/237  833/237   181/79  581/237  473/237    73/79  293/237  221/237     1/79  113/237   77/237   -35/79   41/237   41/237]
[  -35/79   77/237  113/237     1/79  221/237  293/237    73/79  473/237  581/237   181/79  833/237  977/237   325/79 1301/237 1481/237]
[  505/79 1877/237 2093/237   721/79 2087/237 1865/237   499/79 1457/237 1271/237   313/79  935/237  785/237   163/79  521/237  407/237]
[   49/79  215/237  137/237   -29/79   17/237  -25/237   -71/79  -73/237     -1/3   -77/79  -55/237  -25/237   -47/79   71/237  137/237]
[   19/79  305/237  407/237   121/79  647/237  785/237   259/79 1097/237 1271/237   433/79 1655/237 1865/237   643/79 2321/237 2093/237]
[  573/79 1673/237 1481/237   381/79 1133/237  977/237   225/79  701/237  581/237   105/79  377/237  293/237    21/79  161/237  113/237]
[  -27/79   53/237   41/237   -39/79   53/237   77/237   -15/79  161/237  221/237    45/79  377/237  473/237   141/79  701/237  833/237]
[  273/79 1133/237 1301/237   441/79 1673/237 1877/237   645/79 2321/237 2087/237   569/79 1655/237 1457/237   371/79 1097/237  935/237]
[  209/79  647/237  521/237    83/79  305/237  215/237    -7/79   71/237   17/237   -61/79  -55/237  -73/237        0        0        0]
[-73/237, -55/237, -61/79, 17/237, 71/237, -7/79, 215/237, 305/237, 83/79, 521/237, 647/237, 209/79, 935/237, 1097/237, 371/79, 1457/237, 1655/237, 569/79, 2087/237, 2321/237, 645/79, 1877/237, 1673/237, 441/79, 1301/237, 1133/237, 273/79, 833/237, 701/237, 141/79, 473/237, 377/237, 45/79, 221/237, 161/237, -15/79, 77/237, 53/237, -39/79, 41/237, 53/237, -27/79, 113/237, 161/237, 21/79, 293/237, 377/237, 105/79, 581/237, 701/237, 225/79, 977/237, 1133/237, 381/79, 1481/237, 1673/237, 573/79, 2093/237, 2321/237, 643/79, 1865/237, 1655/237, 433/79, 1271/237, 1097/237, 259/79, 785/237, 647/237, 121/79, 407/237, 305/237, 19/79, 137/237, 71/237, -47/79, -25/237, -55/237, -77/79]
20 [-73/237, -55/237, -61/79, 17/237, 71/237, -7/79, -259/237, -169/237, 83/79, 47/237, -301/237, -107/79, -13/237, 149/237, 55/79, 35/237, -241/237, -63/79, 191/237, -49/237, 13/79, -19/237, -223/237, -33/79, -121/237, 185/237, -43/79, -115/237, -247/237, -17/79, -1/237, -97/237, 45/79, -253/237, -313/237, -15/79, 77/237, 53/237, -39/79, 41/237, 53/237, -27/79, 113/237, 161/237, 21/79, -181/237, -97/237, -53/79, 107/237, 227/237, -91/79, -445/237, -289/237, 65/79, 59/237, -223/237, -59/79, -277/237, -49/237, 11/79, -31/237, -241/237, -41/79, -151/237, 149/237, -57/79, -163/237, 173/237, -37/79, -67/237, -169/237, 19/79, 137/237, 71/237, -47/79, -25/237, -55/237, 81/79]
[-73/237, -55/237, -61/79, 17/237, 71/237, -7/79, 215/237, 305/237, 83/79, 521/237, 647/237, 209/79, 935/237, 1097/237, 371/79, 1457/237, 1655/237, 569/79, 2087/237, 2321/237, 645/79, 1877/237, 1673/237, 441/79, 1301/237, 1133/237, 273/79, 833/237, 701/237, 141/79, 473/237, 377/237, 45/79, 221/237, 161/237, -15/79, 77/237, 53/237, -39/79, 41/237, 53/237, -27/79, 113/237, 161/237, 21/79, 293/237, 377/237, 105/79, 581/237, 701/237, 225/79, 977/237, 1133/237, 381/79, 1481/237, 1673/237, 573/79, 2093/237, 2321/237, 643/79, 1865/237, 1655/237, 433/79, 1271/237, 1097/237, 259/79, 785/237, 647/237, 121/79, 407/237, 305/237, 19/79, 137/237, 71/237, -47/79, -25/237, -55/237, -77/79]
59 [-73/237, -55/237, -61/79, 17/237, 71/237, -7/79, -259/237, -169/237, 83/79, 47/237, 173/237, -107/79, -13/237, 149/237, 55/79, 35/237, -241/237, -63/79, -283/237, -49/237, 13/79, -19/237, -223/237, -33/79, -121/237, -289/237, -43/79, -115/237, 227/237, -17/79, -1/237, -97/237, 45/79, 221/237, 161/237, -15/79, -397/237, 53/237, -39/79, 41/237, 53/237, -27/79, -361/237, -313/237, 21/79, -181/237, -97/237, -53/79, 107/237, -247/237, -91/79, 29/237, 185/237, 65/79, 59/237, -223/237, -59/79, 197/237, -49/237, 11/79, -31/237, -241/237, -41/79, -151/237, 149/237, -57/79, -163/237, -301/237, -37/79, -67/237, -169/237, 19/79, 137/237, 71/237, -47/79, -25/237, -55/237, 81/79]
Testing obstruction for
m1: 6, m2: 12,a: 2
[      -1 -215/237 -149/237   -13/79  115/237  313/237   185/79  367/237  223/237    41/79   67/237   55/237    29/79  163/237  283/237]
[  149/79  655/237  433/237    85/79  121/237   31/237    -5/79  -17/237   25/237    37/79  241/237  415/237   211/79  421/237  253/237]
[   43/79   49/237   13/237     7/79   73/237  169/237   103/79  493/237  721/237   173/79  361/237  247/237    59/79  151/237  169/237]
[   77/79  337/237  487/237   227/79  445/237  253/237    35/79    1/237  -59/237   -25/79  -47/237   25/237    47/79  301/237  505/237]
[   93/79   97/237  -41/237   -45/79 -185/237 -191/237   -51/79  -71/237   55/237    75/79  439/237  697/237   175/79  397/237  313/237]
[   91/79  277/237  325/237   139/79      7/3  733/237   161/79  277/237  115/237    -1/79  -77/237 -107/237   -31/79  -35/237   67/237]
[   71/79  403/237  637/237   147/79  289/237  181/237    39/79   97/237  121/237    63/79  301/237  457/237   219/79  427/237  241/237]
[   33/79    1/237  -53/237   -21/79  -29/237   49/237    57/79  337/237  547/237   109/79  151/237   19/237   -23/79 -113/237 -113/237]
[  -23/79   19/237  151/237   109/79  547/237  337/237    57/79   49/237  -29/237   -21/79  -53/237    1/237    33/79  241/237  427/237]
[  219/79  457/237  301/237    63/79  121/237   97/237    39/79  181/237  289/237   147/79  637/237  403/237    71/79   67/237  -35/237]
[  -31/79 -107/237  -77/237    -1/79  115/237  277/237   161/79  733/237      7/3   139/79  325/237  277/237    91/79  313/237  397/237]
[  175/79  697/237  439/237    75/79   55/237  -71/237   -51/79 -191/237 -185/237   -45/79  -41/237   97/237    93/79  505/237  301/237]
[   47/79   25/237  -47/237   -25/79  -59/237    1/237    35/79  253/237  445/237   227/79  487/237  337/237    77/79  169/237  151/237]
[   59/79  247/237  361/237   173/79  721/237  493/237   103/79  169/237   73/237     7/79   13/237   49/237    43/79  253/237  421/237]
[  211/79  415/237  241/237    37/79   25/237  -17/237    -5/79   31/237  121/237    85/79  433/237  655/237   149/79  283/237  163/237]
[   29/79   55/237   67/237    41/79  223/237  367/237   185/79  313/237  115/237   -13/79 -149/237 -215/237        0        0        0]
Testing obstruction for
m1: 4, m2: 20,a: 3
[      -1 -223/237 -181/237   -37/79  -13/237  113/237    89/79  449/237  659/237   299/79  689/237  509/237   119/79  233/237  137/237]
[   23/79   29/237   17/237    11/79   77/237  149/237    83/79  377/237  533/237   239/79  929/237  695/237   163/79  311/237  161/237]
[   13/79  -55/237 -121/237   -53/79 -169/237 -151/237   -35/79  -31/237   71/237    67/79  359/237  545/237   253/79 1001/237  797/237]
[  207/79  473/237  353/237    87/79  197/237  161/237    51/79  173/237  221/237    99/79  401/237  533/237   231/79  881/237 1097/237]
[  289/79  665/237  491/237   115/79  227/237  137/237    25/79   41/237   35/237    19/79  107/237  185/237    97/79  425/237  587/237]
[  259/79  995/237  767/237   189/79      5/3  251/237    45/79   47/237  -13/237   -15/79  -49/237  -25/237     9/79  107/237  215/237]
[  117/79  515/237  707/237   309/79  701/237  503/237   111/79  191/237   77/237    -3/79  -67/237  -97/237   -33/79  -73/237  -19/237]
[   21/79  173/237  311/237   159/79  671/237  893/237   223/79  473/237  305/237    55/79   53/237  -31/237   -29/79 -115/237 -115/237]
[  -29/79  -31/237   53/237    55/79  305/237  473/237   223/79  893/237  671/237   159/79  311/237  173/237    21/79  -19/237  -73/237]
[  -33/79  -97/237  -67/237    -3/79   77/237  191/237   111/79  503/237  701/237   309/79  707/237  515/237   117/79  215/237  107/237]
[    9/79  -25/237  -49/237   -15/79  -13/237   47/237    45/79  251/237      5/3   189/79  767/237  995/237   259/79  587/237  425/237]
[   97/79  185/237  107/237    19/79   35/237   41/237    25/79  137/237  227/237   115/79  491/237  665/237   289/79 1097/237  881/237]
[  231/79  533/237  401/237    99/79  221/237  173/237    51/79  161/237  197/237    87/79  353/237  473/237   207/79  797/237 1001/237]
[  253/79  545/237  359/237    67/79   71/237  -31/237   -35/79 -151/237 -169/237   -53/79 -121/237  -55/237    13/79  161/237  311/237]
[  163/79  695/237  929/237   239/79  533/237  377/237    83/79  149/237   77/237    11/79   17/237   29/237    23/79  137/237  233/237]
[  119/79  509/237  689/237   299/79  659/237  449/237    89/79  113/237  -13/237   -37/79 -181/237 -223/237        0        0        0]
Unobstructed
14
---------------------------
---------------------------
13a1692
Correction terms
[      -1  377/329 -137/329  103/329 -219/329  213/329   83/329     7/47  111/329  269/329 -135/329  215/329    3/329 -113/329   -19/47]
[ -57/329  115/329  383/329   89/329 -109/329 -211/329    63/47 -127/329   59/329 -317/329   61/329 -123/329  447/329   -29/47  -99/329]
[ 101/329  397/329  131/329  -39/329 -113/329   -13/47   27/329  241/329 -107/329 -359/329  143/329   83/329    17/47  251/329 -179/329]
[ 145/329  -93/329      9/7 -281/329   -33/47  -85/329  157/329 -163/329  271/329  143/329  111/329    25/47  335/329  -67/329 -373/329]
[  75/329  -39/329  -57/329     3/47  195/329 -193/329  173/329  -23/329 -123/329 -127/329    -5/47  153/329 -221/329  159/329  -23/329]
[-109/329  -99/329     1/47  209/329 -151/329  243/329   75/329    3/329   27/329    21/47 -295/329   17/329 -233/329  271/329  213/329]
[ 251/329   -39/47  -43/329  283/329      1/7  -93/329 -137/329  -85/329     9/47  307/329  -11/329 -233/329  299/329  269/329  335/329]
[  -23/47   97/329 -207/329  243/329  131/329  115/329 -463/329    53/47  -15/329  353/329  159/329   61/329   59/329  153/329    49/47]
[ -29/329 -305/329  173/329   89/329  101/329  209/329   -35/47   55/329  451/329  285/329  215/329 -417/329  363/329   -11/47  237/329]
[ -11/329 -163/329 -219/329  479/329  -43/329    27/47     -3/7  283/329  145/329  103/329  157/329 -351/329   -15/47  237/329   17/329]
[-107/329 -135/329  -67/329   97/329    51/47   55/329 -151/329 -261/329  383/329 -193/329  -15/329    37/47  -29/329 -221/329  341/329]
[ 341/329 -221/329  -29/329    37/47  -15/329 -193/329  383/329 -261/329 -151/329   55/329    51/47   97/329  -67/329 -135/329 -107/329]
[  17/329  237/329   -15/47 -351/329  157/329  103/329  145/329  283/329     -3/7    27/47  -43/329  479/329 -219/329 -163/329  -11/329]
[ 237/329   -11/47  363/329 -417/329  215/329  285/329  451/329   55/329   -35/47  209/329  101/329   89/329  173/329 -305/329  -29/329]
[   49/47  153/329   59/329   61/329  159/329  353/329  -15/329    53/47 -463/329  115/329  131/329  243/329 -207/329   97/329   -23/47]
[ 335/329  269/329  299/329 -233/329  -11/329  307/329     9/47  -85/329 -137/329  -93/329      1/7  283/329  -43/329   -39/47  251/329]
[ 213/329  271/329 -233/329   17/329 -295/329    21/47   27/329    3/329   75/329  243/329 -151/329  209/329     1/47  -99/329 -109/329]
[ -23/329  159/329 -221/329  153/329    -5/47 -127/329 -123/329  -23/329  173/329 -193/329  195/329     3/47  -57/329  -39/329   75/329]
[-373/329  -67/329  335/329    25/47  111/329  143/329  271/329 -163/329  157/329  -85/329   -33/47 -281/329      9/7  -93/329  145/329]
[-179/329  251/329    17/47   83/329  143/329 -359/329 -107/329  241/329   27/329   -13/47 -113/329  -39/329  131/329  397/329  101/329]
[ -99/329   -29/47  447/329 -123/329   61/329 -317/329   59/329 -127/329    63/47 -211/329 -109/329   89/329  383/329  115/329  -57/329]
[  -19/47 -113/329    3/329  215/329 -135/329  269/329  111/329     7/47   83/329  213/329 -219/329  103/329 -137/329  377/329        0]
Testing obstruction for
m1: 4, m2: 24,a: 0
[      -1 -221/329  103/329  -15/329   83/329  397/329  269/329    51/47  661/329 1181/329 1259/329 1553/329 2063/329 1473/329   157/47]
[ 941/329  999/329  615/329  447/329  495/329  101/329   -11/47  -39/329  215/329   27/329   55/329  299/329  101/329    17/47  353/329]
[ 803/329  811/329 1035/329 1475/329 1473/329   241/47 1459/329 1447/329  993/329  755/329  733/329  269/329     3/47  -11/329  173/329]
[ -85/329 -127/329      1/7 -221/329   -39/47 -109/329  271/329  209/329  363/329  733/329  661/329   115/47 1165/329 1741/329 1875/329]
[1567/329 1475/329  941/329    89/47  521/329  635/329  307/329  195/329  299/329  -39/329   -23/47  -67/329  243/329  111/329  195/329]
[ 495/329  353/329    61/47  717/329 1223/329 1287/329 1567/329 2063/329 1459/329   153/47  899/329  943/329  545/329  363/329  397/329]
[ -11/329   -29/47 -179/329   61/329     -3/7 -127/329  103/329 -109/329   -15/47  115/329  551/329  545/329  755/329 1181/329 1165/329]
[  195/47 1781/329 1755/329 1287/329 1035/329  999/329  521/329    37/47  213/329  383/329  111/329   55/329  215/329  -67/329   -19/47]
[  17/329  383/329  307/329  447/329  803/329  717/329   121/47 1193/329 1755/329 1875/329 1553/329 1447/329  899/329    81/47  451/329]
[ 551/329  209/329   83/329  173/329 -179/329   -45/47     -5/7   61/329  -85/329  -15/329  271/329  115/329    25/47  451/329  943/329]
[ 993/329 1259/329 1741/329 1781/329   197/47 1193/329 1223/329  811/329  615/329  635/329  213/329     1/47   17/329  243/329   27/329]
[  27/329  243/329   17/329     1/47  213/329  635/329  615/329  811/329 1223/329 1193/329   197/47 1781/329 1741/329 1259/329  993/329]
[ 943/329  451/329    25/47  115/329  271/329  -15/329  -85/329   61/329     -5/7   -45/47 -179/329  173/329   83/329  209/329  551/329]
[ 451/329    81/47  899/329 1447/329 1553/329 1875/329 1755/329 1193/329   121/47  717/329  803/329  447/329  307/329  383/329   17/329]
[  -19/47  -67/329  215/329   55/329  111/329  383/329  213/329    37/47  521/329  999/329 1035/329 1287/329 1755/329 1781/329   195/47]
[1165/329 1181/329  755/329  545/329  551/329  115/329   -15/47 -109/329  103/329 -127/329     -3/7   61/329 -179/329   -29/47  -11/329]
[ 397/329  363/329  545/329  943/329  899/329   153/47 1459/329 2063/329 1567/329 1287/329 1223/329  717/329    61/47  353/329  495/329]
[ 195/329  111/329  243/329  -67/329   -23/47  -39/329  299/329  195/329  307/329  635/329  521/329    89/47  941/329 1475/329 1567/329]
[1875/329 1741/329 1165/329   115/47  661/329  733/329  363/329  209/329  271/329 -109/329   -39/47 -221/329      1/7 -127/329  -85/329]
[ 173/329  -11/329     3/47  269/329  733/329  755/329  993/329 1447/329 1459/329   241/47 1473/329 1475/329 1035/329  811/329  803/329]
[ 353/329    17/47  101/329  299/329   55/329   27/329  215/329  -39/329   -11/47  101/329  495/329  447/329  615/329  999/329  941/329]
[  157/47 1473/329 2063/329 1553/329 1259/329 1181/329  661/329    51/47  269/329  397/329   83/329  -15/329  103/329 -221/329        0]
[-221/329, 103/329, -15/329, 83/329, 397/329, 269/329, 51/47, 661/329, 1181/329, 1259/329, 1553/329, 2063/329, 1473/329, 157/47, 941/329, 999/329, 615/329, 447/329, 495/329, 101/329, -11/47, -39/329, 215/329, 27/329, 55/329, 299/329, 101/329, 17/47, 353/329, 803/329, 811/329, 1035/329, 1475/329, 1473/329, 241/47, 1459/329, 1447/329, 993/329, 755/329, 733/329, 269/329, 3/47, -11/329, 173/329, -85/329, -127/329, 1/7, -221/329, -39/47, -109/329, 271/329, 209/329, 363/329, 733/329, 661/329, 115/47, 1165/329, 1741/329, 1875/329, 1567/329, 1475/329, 941/329, 89/47, 521/329, 635/329, 307/329, 195/329, 299/329, -39/329, -23/47, -67/329, 243/329, 111/329, 195/329, 495/329, 353/329, 61/47, 717/329, 1223/329, 1287/329, 1567/329, 2063/329, 1459/329, 153/47, 899/329, 943/329, 545/329, 363/329, 397/329, -11/329, -29/47, -179/329, 61/329, -3/7, -127/329, 103/329, -109/329, -15/47, 115/329, 551/329, 545/329, 755/329, 1181/329, 1165/329, 195/47, 1781/329, 1755/329, 1287/329, 1035/329, 999/329, 521/329, 37/47, 213/329, 383/329, 111/329, 55/329, 215/329, -67/329, -19/47, 17/329, 383/329, 307/329, 447/329, 803/329, 717/329, 121/47, 1193/329, 1755/329, 1875/329, 1553/329, 1447/329, 899/329, 81/47, 451/329, 551/329, 209/329, 83/329, 173/329, -179/329]
72 [-221/329, 103/329, -15/329, 83/329, 397/329, 269/329, 51/47, 3/329, -135/329, -57/329, 237/329, 89/329, 157/329, 63/47, 283/329, 341/329, -43/329, -211/329, -163/329, 101/329, -11/47, -39/329, 215/329, 27/329, 55/329, 299/329, 101/329, 17/47, 353/329, 145/329, 153/329, 377/329, 159/329, 157/329, 53/47, 143/329, 131/329, 335/329, 97/329, 75/329, 269/329, 3/47, -11/329, 173/329, -85/329, -127/329, 1/7, -221/329, -39/47, -109/329, 271/329, 209/329, 363/329, 75/329, 3/329, 21/47, -151/329, -233/329, -99/329, 251/329, 159/329, 283/329, -5/47, -137/329, -23/329, -351/329, -463/329, -359/329, -39/329, -23/47, -67/329, 243/329, 111/329, 195/329, -163/329, -305/329, -33/47, 59/329, -93/329, -29/329, 251/329, 89/329, 143/329, -35/47, -417/329, -373/329, -113/329, -295/329, -261/329, -11/329, -29/47, -179/329, 61/329, -3/7, -127/329, 103/329, -109/329, -15/47, 115/329, -107/329, -113/329, 97/329, -135/329, -151/329, 7/47, -193/329, -219/329, -29/329, -281/329, -317/329, -137/329, 37/47, 213/329, 383/329, 111/329, 55/329, 215/329, -67/329, -19/47, 17/329, 383/329, 307/329, 447/329, 145/329, 59/329, 27/47, -123/329, -219/329, -99/329, 237/329, 131/329, 241/329, -13/47, -207/329, -107/329, 209/329, 83/329, 173/329, 479/329]
[-221/329, 103/329, -15/329, 83/329, 397/329, 269/329, 51/47, 661/329, 1181/329, 1259/329, 1553/329, 2063/329, 1473/329, 157/47, 941/329, 999/329, 615/329, 447/329, 495/329, 101/329, -11/47, -39/329, 215/329, 27/329, 55/329, 299/329, 101/329, 17/47, 353/329, 803/329, 811/329, 1035/329, 1475/329, 1473/329, 241/47, 1459/329, 1447/329, 993/329, 755/329, 733/329, 269/329, 3/47, -11/329, 173/329, -85/329, -127/329, 1/7, -221/329, -39/47, -109/329, 271/329, 209/329, 363/329, 733/329, 661/329, 115/47, 1165/329, 1741/329, 1875/329, 1567/329, 1475/329, 941/329, 89/47, 521/329, 635/329, 307/329, 195/329, 299/329, -39/329, -23/47, -67/329, 243/329, 111/329, 195/329, 495/329, 353/329, 61/47, 717/329, 1223/329, 1287/329, 1567/329, 2063/329, 1459/329, 153/47, 899/329, 943/329, 545/329, 363/329, 397/329, -11/329, -29/47, -179/329]
163 [-221/329, 103/329, -15/329, 83/329, -261/329, 269/329, 51/47, 3/329, -135/329, -57/329, 237/329, 89/329, 157/329, 63/47, 283/329, -317/329, -43/329, 447/329, -163/329, 101/329, -11/47, -39/329, 215/329, 27/329, 55/329, -359/329, 101/329, 17/47, -305/329, 145/329, 153/329, -281/329, 159/329, 157/329, 53/47, 143/329, 131/329, 335/329, 97/329, 75/329, 269/329, 3/47, -11/329, 173/329, -85/329, -127/329, 1/7, -221/329, -39/47, -109/329, 271/329, 209/329, -295/329, 75/329, 3/329, 21/47, -151/329, -233/329, -99/329, 251/329, 159/329, 283/329, -5/47, -137/329, -23/329, 307/329, 195/329, 299/329, -39/329, -23/47, -67/329, 243/329, 111/329, -463/329, -163/329, 353/329, -33/47, 59/329, -93/329, -29/329, 251/329, 89/329, 143/329, -35/47, 241/329, 285/329, -113/329, 363/329, 397/329, -11/329, -29/47, 479/329]
Testing obstruction for
m1: 2, m2: 56,a: 1
[      -1 -323/329 -305/329 -275/329 -233/329 -179/329 -113/329    -5/47   55/329  157/329  271/329  397/329  535/329  685/329   121/47]
[1021/329 1207/329 1405/329 1615/329 1837/329 2071/329   331/47 2575/329 2845/329 3127/329 3421/329 3727/329 4045/329   625/47 4059/329]
[3755/329 3463/329 3183/329 2915/329 2659/329   345/47 2183/329 1963/329 1755/329 1559/329 1375/329 1203/329   149/47  895/329  759/329]
[ 635/329  523/329      9/7  335/329    37/47  195/329  143/329  103/329   75/329   59/329   55/329     9/47   83/329  115/329  159/329]
[ 215/329  283/329  363/329    65/47  559/329  675/329  803/329  943/329 1095/329 1259/329   205/47 1623/329 1823/329 2035/329 2259/329]
[2495/329 2743/329   429/47 3275/329 3559/329 3855/329 4163/329 4483/329 4157/329   549/47 3541/329 3251/329 2973/329 2707/329 2453/329]
[2211/329   283/47 1763/329 1557/329     29/7 1181/329 1011/329  853/329   101/47  573/329  451/329  341/329  243/329  157/329   83/329]
[    3/47  -29/329  -67/329  -93/329 -107/329 -109/329  -99/329   -11/47  -43/329    3/329   61/329  131/329  213/329  307/329    59/47]
[ 531/329  661/329  803/329  957/329 1123/329 1301/329   213/47 1693/329 1907/329 2133/329 2371/329 2621/329 2883/329   451/47 3443/329]
[3741/329 4051/329 4373/329 4049/329 3737/329   491/47     67/7 2873/329 2609/329 2357/329 2117/329 1889/329   239/47 1469/329 1277/329]
[1097/329  929/329  773/329  629/329    71/47  377/329  269/329  173/329   89/329   17/329  -43/329   -13/47 -127/329 -151/329 -163/329]
[-163/329 -151/329 -127/329   -13/47  -43/329   17/329   89/329  173/329  269/329  377/329    71/47  629/329  773/329  929/329 1097/329]
[1277/329 1469/329   239/47 1889/329 2117/329 2357/329 2609/329 2873/329     67/7   491/47 3737/329 4049/329 4373/329 4051/329 3741/329]
[3443/329   451/47 2883/329 2621/329 2371/329 2133/329 1907/329 1693/329   213/47 1301/329 1123/329  957/329  803/329  661/329  531/329]
[   59/47  307/329  213/329  131/329   61/329    3/329  -43/329   -11/47  -99/329 -109/329 -107/329  -93/329  -67/329  -29/329     3/47]
[  83/329  157/329  243/329  341/329  451/329  573/329   101/47  853/329 1011/329 1181/329     29/7 1557/329 1763/329   283/47 2211/329]
[2453/329 2707/329 2973/329 3251/329 3541/329   549/47 4157/329 4483/329 4163/329 3855/329 3559/329 3275/329   429/47 2743/329 2495/329]
[2259/329 2035/329 1823/329 1623/329   205/47 1259/329 1095/329  943/329  803/329  675/329  559/329    65/47  363/329  283/329  215/329]
[ 159/329  115/329   83/329     9/47   55/329   59/329   75/329  103/329  143/329  195/329    37/47  335/329      9/7  523/329  635/329]
[ 759/329  895/329   149/47 1203/329 1375/329 1559/329 1755/329 1963/329 2183/329   345/47 2659/329 2915/329 3183/329 3463/329 3755/329]
[4059/329   625/47 4045/329 3727/329 3421/329 3127/329 2845/329 2575/329   331/47 2071/329 1837/329 1615/329 1405/329 1207/329 1021/329]
[  121/47  685/329  535/329  397/329  271/329  157/329   55/329    -5/47 -113/329 -179/329 -233/329 -275/329 -305/329 -323/329        0]
Testing obstruction for
m1: 8, m2: 12,a: 2
[      -1 -299/329 -209/329  -59/329  151/329  421/329  751/329    69/47  275/329  127/329   39/329   11/329   43/329  135/329    41/47]
[ 499/329  771/329 1103/329  837/329  631/329  485/329    57/47  373/329  407/329  501/329  655/329  869/329 1143/329   117/47  555/329]
[ 351/329  207/329  123/329   99/329  135/329    33/47  387/329  603/329  879/329  557/329  295/329   93/329    -7/47 -131/329 -153/329]
[-115/329  -17/329      3/7  359/329    91/47  975/329  715/329  515/329  375/329  295/329  275/329    45/47  415/329  575/329  795/329]
[1075/329  757/329  499/329    43/47  163/329   85/329   67/329  109/329  211/329  373/329    85/47  877/329  561/329  305/329  109/329]
[ -27/329 -103/329   -17/47  -75/329   29/329  193/329  417/329  701/329  387/329    19/47  -61/329 -195/329 -269/329 -283/329 -237/329]
[-131/329     5/47  261/329  547/329     19/7  641/329  449/329  317/329    35/47  233/329  281/329  389/329  557/329  785/329 1073/329]
[  109/47  513/329  323/329  193/329  123/329  113/329  163/329    39/47  443/329  673/329  963/329  655/329  407/329  219/329    13/47]
[  23/329   15/329   67/329  179/329  351/329  583/329   125/47  569/329  323/329  137/329   11/329  -55/329  -61/329    -1/47  107/329]
[ 281/329  515/329  809/329 1163/329  919/329   105/47     13/7  547/329  543/329  599/329  715/329  891/329   161/47  765/329  463/329]
[ 221/329   39/329  -83/329 -145/329   -21/47  -89/329   29/329  207/329  445/329  743/329  443/329    29/47   23/329  -97/329 -157/329]
[-157/329  -97/329   23/329    29/47  443/329  743/329  445/329  207/329   29/329  -89/329   -21/47 -145/329  -83/329   39/329  221/329]
[ 463/329  765/329   161/47  891/329  715/329  599/329  543/329  547/329     13/7   105/47  919/329 1163/329  809/329  515/329  281/329]
[ 107/329    -1/47  -61/329  -55/329   11/329  137/329  323/329  569/329   125/47  583/329  351/329  179/329   67/329   15/329   23/329]
[   13/47  219/329  407/329  655/329  963/329  673/329  443/329    39/47  163/329  113/329  123/329  193/329  323/329  513/329   109/47]
[1073/329  785/329  557/329  389/329  281/329  233/329    35/47  317/329  449/329  641/329     19/7  547/329  261/329     5/47 -131/329]
[-237/329 -283/329 -269/329 -195/329  -61/329    19/47  387/329  701/329  417/329  193/329   29/329  -75/329   -17/47 -103/329  -27/329]
[ 109/329  305/329  561/329  877/329    85/47  373/329  211/329  109/329   67/329   85/329  163/329    43/47  499/329  757/329 1075/329]
[ 795/329  575/329  415/329    45/47  275/329  295/329  375/329  515/329  715/329  975/329    91/47  359/329      3/7  -17/329 -115/329]
[-153/329 -131/329    -7/47   93/329  295/329  557/329  879/329  603/329  387/329    33/47  135/329   99/329  123/329  207/329  351/329]
[ 555/329   117/47 1143/329  869/329  655/329  501/329  407/329  373/329    57/47  485/329  631/329  837/329 1103/329  771/329  499/329]
[   41/47  135/329   43/329   11/329   39/329  127/329  275/329    69/47  751/329  421/329  151/329  -59/329 -209/329 -299/329        0]
Testing obstruction for
m1: 6, m2: 20,a: 5
[      -1 -307/329 -241/329 -131/329   23/329  221/329  463/329   107/47 1079/329  795/329  555/329  359/329  207/329   99/329     5/47]
[  15/329   39/329  107/329  219/329  375/329  575/329   117/47 1107/329  781/329  499/329  261/329   67/329  -83/329   -27/47 -251/329]
[-269/329 -243/329 -173/329  -59/329   99/329    43/47  547/329  837/329 1171/329  891/329  655/329  463/329    45/47  211/329  151/329]
[ 135/329  163/329      5/7  351/329    73/47  715/329  963/329 1255/329  933/329  655/329  421/329    33/47   85/329  -17/329  -75/329]
[ -89/329  -59/329   15/329    19/47  295/329  501/329  751/329 1045/329 1383/329 1107/329   125/47  687/329  543/329  443/329  387/329]
[ 375/329  407/329    69/47  603/329  767/329  975/329 1227/329 1523/329 1205/329   133/47  701/329  515/329  373/329  275/329  221/329]
[ 211/329    35/47  323/329  445/329     13/7  821/329 1075/329 1373/329   151/47  785/329  557/329  373/329  233/329  137/329   85/329]
[   11/47  113/329  193/329  317/329  485/329  697/329  953/329   179/47  939/329  669/329  443/329  261/329  123/329   29/329    -3/47]
[ -27/329   11/329   93/329  219/329  389/329  603/329   123/47 1163/329  851/329  583/329  359/329  179/329   43/329    -7/47  -97/329]
[-101/329  -61/329   23/329  151/329  323/329    77/47     17/7 1103/329  793/329  527/329  305/329  127/329    -1/47  -97/329 -143/329]
[-145/329 -103/329  -17/329  113/329    41/47  505/329  767/329 1073/329  765/329  501/329  281/329    15/47  -27/329 -115/329 -159/329]
[-159/329 -115/329  -27/329    15/47  281/329  501/329  765/329 1073/329  767/329  505/329    41/47  113/329  -17/329 -103/329 -145/329]
[-143/329  -97/329    -1/47  127/329  305/329  527/329  793/329 1103/329     17/7    77/47  323/329  151/329   23/329  -61/329 -101/329]
[ -97/329    -7/47   43/329  179/329  359/329  583/329  851/329 1163/329   123/47  603/329  389/329  219/329   93/329   11/329  -27/329]
[   -3/47   29/329  123/329  261/329  443/329  669/329  939/329   179/47  953/329  697/329  485/329  317/329  193/329  113/329    11/47]
[  85/329  137/329  233/329  373/329  557/329  785/329   151/47 1373/329 1075/329  821/329     13/7  445/329  323/329    35/47  211/329]
[ 221/329  275/329  373/329  515/329  701/329   133/47 1205/329 1523/329 1227/329  975/329  767/329  603/329    69/47  407/329  375/329]
[ 387/329  443/329  543/329  687/329   125/47 1107/329 1383/329 1045/329  751/329  501/329  295/329    19/47   15/329  -59/329  -89/329]
[ -75/329  -17/329   85/329    33/47  421/329  655/329  933/329 1255/329  963/329  715/329    73/47  351/329      5/7  163/329  135/329]
[ 151/329  211/329    45/47  463/329  655/329  891/329 1171/329  837/329  547/329    43/47   99/329  -59/329 -173/329 -243/329 -269/329]
[-251/329   -27/47  -83/329   67/329  261/329  499/329  781/329 1107/329   117/47  575/329  375/329  219/329  107/329   39/329   15/329]
[    5/47   99/329  207/329  359/329  555/329  795/329 1079/329   107/47  463/329  221/329   23/329 -131/329 -241/329 -307/329        0]
Testing obstruction for
m1: 8, m2: 18,a: 7
[      -1 -299/329 -209/329  -59/329  151/329  421/329  751/329    69/47  275/329  127/329   39/329   11/329   43/329  135/329    41/47]
[ 499/329  771/329  445/329  179/329  -27/329 -173/329   -37/47 -285/329 -251/329 -157/329   -3/329  211/329  485/329   117/47  555/329]
[ 351/329  207/329  123/329   99/329  135/329    33/47  387/329  603/329  879/329  557/329  295/329   93/329    -7/47 -131/329 -153/329]
[-115/329  -17/329      3/7  359/329    91/47  975/329  715/329  515/329  375/329  295/329  275/329    45/47  415/329  575/329  795/329]
[1075/329  757/329  499/329    43/47  163/329   85/329   67/329  109/329  211/329  373/329    85/47  877/329 1219/329  963/329  767/329]
[ 631/329  555/329    77/47  583/329  687/329  851/329 1075/329 1359/329 1045/329   113/47  597/329  463/329  389/329  375/329  421/329]
[ 527/329    99/47  919/329 1205/329     19/7  641/329  449/329  317/329    35/47  233/329  281/329  389/329  557/329  785/329 1073/329]
[  109/47  513/329  323/329  193/329  123/329  113/329  163/329    39/47  443/329  673/329  963/329  655/329  407/329  219/329    13/47]
[  23/329   15/329   67/329  179/329  351/329  583/329   125/47  569/329  323/329  137/329   11/329  -55/329  -61/329    -1/47  107/329]
[ 281/329  515/329  809/329  505/329  261/329    11/47     -1/7 -111/329 -115/329  -59/329   57/329  233/329    67/47  765/329  463/329]
[ 221/329   39/329  -83/329 -145/329   -21/47  -89/329   29/329  207/329  445/329  743/329  443/329    29/47   23/329  -97/329 -157/329]
[-157/329  -97/329   23/329    29/47  443/329  743/329  445/329  207/329   29/329  -89/329   -21/47 -145/329  -83/329   39/329  221/329]
[ 463/329  765/329    67/47  233/329   57/329  -59/329 -115/329 -111/329     -1/7    11/47  261/329  505/329  809/329  515/329  281/329]
[ 107/329    -1/47  -61/329  -55/329   11/329  137/329  323/329  569/329   125/47  583/329  351/329  179/329   67/329   15/329   23/329]
[   13/47  219/329  407/329  655/329  963/329  673/329  443/329    39/47  163/329  113/329  123/329  193/329  323/329  513/329   109/47]
[1073/329  785/329  557/329  389/329  281/329  233/329    35/47  317/329  449/329  641/329     19/7 1205/329  919/329    99/47  527/329]
[ 421/329  375/329  389/329  463/329  597/329   113/47 1045/329 1359/329 1075/329  851/329  687/329  583/329    77/47  555/329  631/329]
[ 767/329  963/329 1219/329  877/329    85/47  373/329  211/329  109/329   67/329   85/329  163/329    43/47  499/329  757/329 1075/329]
[ 795/329  575/329  415/329    45/47  275/329  295/329  375/329  515/329  715/329  975/329    91/47  359/329      3/7  -17/329 -115/329]
[-153/329 -131/329    -7/47   93/329  295/329  557/329  879/329  603/329  387/329    33/47  135/329   99/329  123/329  207/329  351/329]
[ 555/329   117/47  485/329  211/329   -3/329 -157/329 -251/329 -285/329   -37/47 -173/329  -27/329  179/329  445/329  771/329  499/329]
[   41/47  135/329   43/329   11/329   39/329  127/329  275/329    69/47  751/329  421/329  151/329  -59/329 -209/329 -299/329        0]
Testing obstruction for
m1: 14, m2: 14,a: 10
[      -1 -275/329 -113/329  157/329  535/329  363/329  299/329    49/47  495/329  755/329 1123/329  941/329  867/329  901/329   149/47]
[ 635/329  335/329  143/329   59/329   83/329  215/329    65/47  145/329  -57/329 -151/329 -137/329  -15/329  215/329    79/47  341/329]
[ 237/329  241/329  353/329  573/329  901/329    97/47  565/329  559/329  661/329  871/329  531/329  299/329    25/47  159/329  251/329]
[ 451/329  101/329     -3/7 -275/329   -43/47 -219/329  -29/329  269/329  675/329  531/329  495/329    81/47  747/329 1035/329  773/329]
[ 619/329  573/329  635/329   115/47  425/329  153/329  -11/329  -67/329  -15/329  145/329    59/47  131/329  -43/329 -109/329  -67/329]
[  83/329  341/329   101/47  523/329  447/329  479/329  619/329  867/329  565/329    53/47  285/329  307/329  437/329  675/329  363/329]
[ 159/329     9/47   75/329  195/329      9/7  101/329 -113/329 -219/329   -31/47 -107/329  111/329  437/329  871/329  755/329  747/329]
[  121/47 1055/329  713/329  479/329  353/329  335/329  425/329    89/47  271/329   27/329 -109/329 -137/329  -57/329  131/329    61/47]
[ 173/329   27/329  -11/329   59/329  237/329  523/329   131/47  761/329  713/329  773/329  941/329  559/329  285/329    17/47   61/329]
[ 111/329  269/329  535/329  251/329   75/329     1/47      1/7  195/329  451/329  157/329  -29/329 -107/329   -11/47   61/329  307/329]
[ 661/329 1123/329 1035/329 1055/329   169/47  761/329  447/329  241/329  143/329  153/329  271/329    71/47  173/329  -43/329 -151/329]
[-151/329  -43/329  173/329    71/47  271/329  153/329  143/329  241/329  447/329  761/329   169/47 1055/329 1035/329 1123/329  661/329]
[ 307/329   61/329   -11/47 -107/329  -29/329  157/329  451/329  195/329      1/7     1/47   75/329  251/329  535/329  269/329  111/329]
[  61/329    17/47  285/329  559/329  941/329  773/329  713/329  761/329   131/47  523/329  237/329   59/329  -11/329   27/329  173/329]
[   61/47  131/329  -57/329 -137/329 -109/329   27/329  271/329    89/47  425/329  335/329  353/329  479/329  713/329 1055/329   121/47]
[ 747/329  755/329  871/329  437/329  111/329 -107/329   -31/47 -219/329 -113/329  101/329      9/7  195/329   75/329     9/47  159/329]
[ 363/329  675/329  437/329  307/329  285/329    53/47  565/329  867/329  619/329  479/329  447/329  523/329   101/47  341/329   83/329]
[ -67/329 -109/329  -43/329  131/329    59/47  145/329  -15/329  -67/329  -11/329  153/329  425/329   115/47  635/329  573/329  619/329]
[ 773/329 1035/329  747/329    81/47  495/329  531/329  675/329  269/329  -29/329 -219/329   -43/47 -275/329     -3/7  101/329  451/329]
[ 251/329  159/329    25/47  299/329  531/329  871/329  661/329  559/329  565/329    97/47  901/329  573/329  353/329  241/329  237/329]
[ 341/329    79/47  215/329  -15/329 -137/329 -151/329  -57/329  145/329    65/47  215/329   83/329   59/329  143/329  335/329  635/329]
[  149/47  901/329  867/329  941/329 1123/329  755/329  495/329    49/47  299/329  363/329  535/329  157/329 -113/329 -275/329        0]
Testing obstruction for
m1: 28, m2: 30,a: 27
[      -1 -317/329 -281/329 -221/329 -137/329  -29/329  103/329    37/47  439/329  643/329  871/329 1123/329 1399/329 1699/329   289/47]
[1713/329 1427/329 1165/329  927/329  713/329  523/329    51/47  215/329   97/329    3/329  -67/329 -113/329 -135/329   -19/47 -107/329]
[ -57/329   17/329  115/329  237/329  383/329    79/47  747/329  965/329 1207/329 1473/329 1763/329 2077/329   251/47 1461/329 1189/329]
[ 941/329  717/329     11/7  341/329    27/47   61/329  -43/329 -123/329 -179/329 -211/329 -219/329   -29/47 -163/329  -99/329  -11/329]
[ 101/329  237/329  397/329    83/47  789/329 1021/329 1277/329 1557/329 1861/329 2189/329   269/47 1601/329 1343/329 1109/329  899/329]
[ 713/329  551/329    59/47  299/329  209/329  143/329  101/329   83/329   89/329    17/47  173/329  251/329  353/329  479/329  629/329]
[ 803/329   143/47 1223/329 1469/329     37/7 2033/329 2351/329 2035/329   249/47 1475/329 1231/329 1011/329  815/329  643/329  495/329]
[   53/47  271/329  195/329  143/329  115/329  111/329  131/329    25/47  243/329  335/329  451/329  591/329  755/329  943/329   165/47]
[1391/329 1651/329 1935/329 2243/329 1917/329 1615/329   191/47 1083/329  853/329  647/329  465/329  307/329  173/329     9/47  -23/329]
[ -85/329 -123/329 -137/329 -127/329  -93/329    -5/47      1/7  153/329  283/329  437/329  615/329  817/329   149/47 1293/329 1567/329]
[1865/329 2187/329 1875/329 1587/329   189/47 1083/329  867/329  675/329  507/329  363/329  243/329    21/47   75/329   27/329    3/329]
[   3/329   27/329   75/329    21/47  243/329  363/329  507/329  675/329  867/329 1083/329   189/47 1587/329 1875/329 2187/329 1865/329]
[1567/329 1293/329   149/47  817/329  615/329  437/329  283/329  153/329      1/7    -5/47  -93/329 -127/329 -137/329 -123/329  -85/329]
[ -23/329     9/47  173/329  307/329  465/329  647/329  853/329 1083/329   191/47 1615/329 1917/329 2243/329 1935/329 1651/329 1391/329]
[  165/47  943/329  755/329  591/329  451/329  335/329  243/329    25/47  131/329  111/329  115/329  143/329  195/329  271/329    53/47]
[ 495/329  643/329  815/329 1011/329 1231/329 1475/329   249/47 2035/329 2351/329 2033/329     37/7 1469/329 1223/329   143/47  803/329]
[ 629/329  479/329  353/329  251/329  173/329    17/47   89/329   83/329  101/329  143/329  209/329  299/329    59/47  551/329  713/329]
[ 899/329 1109/329 1343/329 1601/329   269/47 2189/329 1861/329 1557/329 1277/329 1021/329  789/329    83/47  397/329  237/329  101/329]
[ -11/329  -99/329 -163/329   -29/47 -219/329 -211/329 -179/329 -123/329  -43/329   61/329    27/47  341/329     11/7  717/329  941/329]
[1189/329 1461/329   251/47 2077/329 1763/329 1473/329 1207/329  965/329  747/329    79/47  383/329  237/329  115/329   17/329  -57/329]
[-107/329   -19/47 -135/329 -113/329  -67/329    3/329   97/329  215/329    51/47  523/329  713/329  927/329 1165/329 1427/329 1713/329]
[  289/47 1699/329 1399/329 1123/329  871/329  643/329  439/329    37/47  103/329  -29/329 -137/329 -221/329 -281/329 -317/329        0]
Unobstructed
24
---------------------------
---------------------------
