12a974
Correction terms
[      -1  -61/177  287/177    53/59  -91/177 -109/177    35/59  197/177  167/177     5/59   95/177   53/177    81/59  -43/177  -97/177]
[   27/59  137/177   71/177   -39/59  -73/177  203/177     1/59   35/177  -55/177    29/59  107/177    5/177    45/59  143/177   29/177]
[   49/59  143/177   17/177    41/59  107/177  -31/177    21/59   35/177  239/177   -11/59  -73/177  119/177    63/59  137/177  -37/177]
[    7/59  -43/177  125/177    57/59   95/177 -103/177   -23/59  197/177  -13/177     3/59  -91/177   41/177    17/59  -61/177      1/3]
[   19/59  287/177   41/177     9/59 -109/177  -13/177   105/59  167/177 -103/177   -47/59   53/177  125/177    25/59  -97/177  -37/177]
[   85/59   71/177  119/177    15/59  203/177  239/177    51/59  -55/177  -31/177    75/59    5/177   17/177   -31/59   29/177   29/177]
[  -31/59   17/177    5/177    75/59  -31/177  -55/177    51/59  239/177  203/177    15/59  119/177   71/177    85/59  -37/177  -97/177]
[   25/59  125/177   53/177   -47/59 -103/177  167/177   105/59  -13/177 -109/177     9/59   41/177  287/177    19/59      1/3  -61/177]
[   17/59   41/177  -91/177     3/59  -13/177  197/177   -23/59 -103/177   95/177    57/59  125/177  -43/177     7/59  -37/177  137/177]
[   63/59  119/177  -73/177   -11/59  239/177   35/177    21/59  -31/177  107/177    41/59   17/177  143/177    49/59   29/177  143/177]
[   45/59    5/177  107/177    29/59  -55/177   35/177     1/59  203/177  -73/177   -39/59   71/177  137/177    27/59  -97/177  -43/177]
[   81/59   53/177   95/177     5/59  167/177  197/177    35/59 -109/177  -91/177    53/59  287/177  -61/177        0        0        0]
Testing obstruction for
m1: 2, m2: 30,a: 0
[      -1  -53/177  -35/177   -41/59   37/177   91/177    13/59  235/177  325/177   103/59  541/177  667/177   229/59  955/177 1117/177]
[  391/59 1123/177  967/177   235/59  691/177  571/177   115/59  367/177  283/177    31/59  151/177  103/177   -17/59   43/177   31/177]
[  -29/59   43/177   67/177    -5/59  151/177  211/177    55/59  367/177  463/177   151/59  691/177  823/177   283/59 1123/177 1291/177]
[  333/59  955/177  805/177   183/59  541/177  427/177    69/59  235/177  157/177    -9/59   37/177   -5/177   -51/59  -53/177     -1/3]
[  -57/59  -35/177   -5/177   -27/59   91/177  157/177    39/59  325/177  427/177   141/59  667/177  805/177   279/59 1117/177 1291/177]
[  335/59  967/177  823/177   191/59  571/177  463/177    83/59  283/177  211/177    11/59  103/177   67/177   -25/59   31/177   31/177]
[  -25/59   67/177  103/177    11/59  211/177  283/177    83/59  463/177  571/177   191/59  823/177  967/177   335/59 1291/177 1117/177]
[  279/59  805/177  667/177   141/59  427/177  325/177    39/59  157/177   91/177   -27/59   -5/177  -35/177   -57/59     -1/3  -53/177]
[  -51/59   -5/177   37/177    -9/59  157/177  235/177    69/59  427/177  541/177   183/59  805/177  955/177   333/59 1291/177 1123/177]
[  283/59  823/177  691/177   151/59  463/177  367/177    55/59  211/177  151/177    -5/59   67/177   43/177   -29/59   31/177   43/177]
[  -17/59  103/177  151/177    31/59  283/177  367/177   115/59  571/177  691/177   235/59  967/177 1123/177   391/59 1117/177  955/177]
[  229/59  667/177  541/177   103/59  325/177  235/177    13/59   91/177   37/177   -41/59  -35/177  -53/177        0        0        0]
Testing obstruction for
m1: 16, m2: 16,a: 14
[      -1 -115/177   71/177     9/59  107/177  -43/177   -23/59   29/177  251/177    81/59  359/177  245/177    85/59  389/177  647/177]
[  225/59  473/177  395/177   147/59  257/177  197/177    87/59   95/177   53/177    45/59  -13/177  -37/177    21/59  -67/177  -73/177]
[   15/59  -67/177  -55/177    27/59  -13/177   17/177    57/59   95/177  143/177   105/59  257/177  323/177   171/59  473/177  557/177]
[  137/59  389/177  491/177   121/59  359/177  125/177     5/59   29/177  167/177    25/59  107/177  -91/177   -55/59 -115/177      1/3]
[    1/59   71/177  -91/177   -43/59  -43/177  167/177    49/59  251/177  125/177    41/59  245/177  491/177   169/59  647/177  557/177]
[  197/59  395/177  323/177   125/59  197/177  143/177    71/59   53/177   17/177    35/59  -37/177  -55/177    17/59  -73/177  -73/177]
[   17/59  -55/177  -37/177    35/59   17/177   53/177    71/59  143/177  197/177   125/59  323/177  395/177   197/59  557/177  647/177]
[  169/59  491/177  245/177    41/59  125/177  251/177    49/59  167/177  -43/177   -43/59  -91/177   71/177     1/59      1/3 -115/177]
[  -55/59  -91/177  107/177    25/59  167/177   29/177     5/59  125/177  359/177   121/59  491/177  389/177   137/59  557/177  473/177]
[  171/59  323/177  257/177   105/59  143/177   95/177    57/59   17/177  -13/177    27/59  -55/177  -67/177    15/59  -73/177  -67/177]
[   21/59  -37/177  -13/177    45/59   53/177   95/177    87/59  197/177  257/177   147/59  395/177  473/177   225/59  647/177  389/177]
[   85/59  245/177  359/177    81/59  251/177   29/177   -23/59  -43/177  107/177     9/59   71/177 -115/177        0        0        0]
---------------------------
SUCCESS for name = 12a974
---------------------------
12a978
Correction terms
[      -1  -75/133   99/133 -143/133   -3/133  -13/133   93/133     7/19 -145/133   43/133   81/133  -31/133  -27/133   93/133     9/19]
[-117/133   85/133  137/133   39/133      3/7  -75/133    25/19    9/133  -41/133   25/133  -59/133  -27/133 -145/133    17/19  -33/133]
[ -69/133   11/133  -59/133  -13/133 -117/133   -15/19   23/133    1/133     -9/7   39/133   99/133    9/133     5/19  -89/133  169/133]
[  11/133  -31/133   43/133  -33/133     1/19 -103/133  169/133   25/133   -3/133   85/133   23/133    11/19     -1/7    1/133  137/133]
[-143/133  -41/133  -89/133    -3/19 -103/133  -69/133   81/133   81/133  -69/133 -103/133    -3/19  -89/133  -41/133 -143/133  137/133]
[   1/133     -1/7    11/19   23/133   85/133   -3/133   25/133  169/133 -103/133     1/19  -33/133   43/133  -31/133   11/133  169/133]
[ -89/133     5/19    9/133   99/133   39/133     -9/7    1/133   23/133   -15/19 -117/133  -13/133  -59/133   11/133  -69/133  -33/133]
[   17/19 -145/133  -27/133  -59/133   25/133  -41/133    9/133    25/19  -75/133      3/7   39/133  137/133   85/133 -117/133     9/19]
[  93/133  -27/133  -31/133   81/133   43/133 -145/133     7/19   93/133  -13/133   -3/133 -143/133   99/133  -75/133        0        0]
Testing obstruction for
m1: 4, m2: 10,a: 0
[     -1 -81/133  75/133  69/133 167/133 369/133 143/133    3/19   3/133  89/133  13/133  41/133 173/133 143/133   31/19]
[129/133 145/133  -1/133 -43/133     1/7 -81/133  -11/19  31/133 243/133 293/133 181/133 173/133   3/133   -9/19 -25/133]
[117/133  97/133 181/133 369/133 129/133   -1/19 -39/133  33/133    -3/7 -43/133  75/133  31/133   13/19 255/133 257/133]
[ 97/133  41/133  89/133 -25/133   -5/19  59/133 257/133 293/133 167/133 145/133 -39/133  -17/19    -5/7  33/133  -1/133]
[ 69/133 243/133 255/133   15/19  59/133 117/133  13/133  13/133 117/133  59/133   15/19 255/133 243/133  69/133  -1/133]
[ 33/133    -5/7  -17/19 -39/133 145/133 167/133 293/133 257/133  59/133   -5/19 -25/133  89/133  41/133  97/133 257/133]
[255/133   13/19  31/133  75/133 -43/133    -3/7  33/133 -39/133   -1/19 129/133 369/133 181/133  97/133 117/133 -25/133]
[  -9/19   3/133 173/133 181/133 293/133 243/133  31/133  -11/19 -81/133     1/7 -43/133  -1/133 145/133 129/133   31/19]
[143/133 173/133  41/133  13/133  89/133   3/133    3/19 143/133 369/133 167/133  69/133  75/133 -81/133       0       0]
Testing obstruction for
m1: 34, m2: 34,a: 33
[      -1 -129/133 -117/133  -97/133  -69/133  -33/133   11/133     9/19  123/133  191/133  267/133  351/133  443/133  543/133    93/19]
[ 767/133  891/133 1023/133  897/133     41/7  669/133    81/19  473/133  387/133  309/133  239/133  177/133  123/133    11/19   39/133]
[   9/133  -13/133  -27/133  -33/133  -31/133    -3/19   -3/133   23/133      3/7   99/133  149/133  207/133    39/19  347/133  429/133]
[ 519/133  617/133  723/133  837/133   137/19 1089/133  961/133  841/133  729/133  625/133  529/133    63/19     19/7  289/133  225/133]
[ 169/133  121/133   81/133     7/19   25/133    9/133    1/133    1/133    9/133   25/133     7/19   81/133  121/133  169/133  225/133]
[ 289/133     19/7    63/19  529/133  625/133  729/133  841/133  961/133 1089/133   137/19  837/133  723/133  617/133  519/133  429/133]
[ 347/133    39/19  207/133  149/133   99/133      3/7   23/133   -3/133    -3/19  -31/133  -33/133  -27/133  -13/133    9/133   39/133]
[   11/19  123/133  177/133  239/133  309/133  387/133  473/133    81/19  669/133     41/7  897/133 1023/133  891/133  767/133    93/19]
[ 543/133  443/133  351/133  267/133  191/133  123/133     9/19   11/133  -33/133  -69/133  -97/133 -117/133 -129/133        0        0]
---------------------------
SUCCESS for name = 12a978
---------------------------
12a983
Correction terms
[      -1 -203/229 -125/229    5/229  187/229  -37/229  249/229  129/229   61/229   45/229   81/229  169/229 -149/229   43/229 -171/229]
[ 125/229   15/229  -43/229  -49/229   -3/229   95/229 -213/229  -11/229 -215/229   91/229   -9/229  -57/229  -53/229    3/229  111/229]
[-187/229   25/229 -169/229  147/229   57/229   19/229   33/229   99/229 -241/229  -71/229 -307/229  -33/229 -165/229  213/229  185/229]
[ 209/229  285/229  -45/229  135/229  -91/229  193/229   71/229    1/229  -17/229   17/229  103/229 -217/229  -27/229 -243/229   51/229]
[ -61/229 -121/229 -129/229  -85/229   11/229  159/229  -99/229  153/229   -1/229 -103/229 -153/229 -151/229  -97/229    9/229  167/229]
[ -81/229  181/229   37/229  -55/229  -95/229  -83/229  -19/229   97/229  265/229   27/229  299/229  165/229   83/229   53/229   75/229]
[ 149/229 -183/229   -5/229 -233/229   49/229  -75/229 -147/229 -167/229 -135/229  -51/229   85/229 -185/229   55/229 -111/229  233/229]
[ 171/229  161/229  203/229 -161/229  -15/229 -275/229  -25/229 -181/229  173/229  121/229  121/229  173/229 -181/229  -25/229 -275/229]
[ -15/229 -161/229  203/229  161/229  171/229  233/229 -111/229   55/229 -185/229   85/229  -51/229 -135/229 -167/229 -147/229  -75/229]
[  49/229 -233/229   -5/229 -183/229  149/229   75/229   53/229   83/229  165/229  299/229   27/229  265/229   97/229  -19/229  -83/229]
[ -95/229  -55/229   37/229  181/229  -81/229  167/229    9/229  -97/229 -151/229 -153/229 -103/229   -1/229  153/229  -99/229  159/229]
[  11/229  -85/229 -129/229 -121/229  -61/229   51/229 -243/229  -27/229 -217/229  103/229   17/229  -17/229    1/229   71/229  193/229]
[ -91/229  135/229  -45/229  285/229  209/229  185/229  213/229 -165/229  -33/229 -307/229  -71/229 -241/229   99/229   33/229   19/229]
[  57/229  147/229 -169/229   25/229 -187/229  111/229    3/229  -53/229  -57/229   -9/229   91/229 -215/229  -11/229 -213/229   95/229]
[  -3/229  -49/229  -43/229   15/229  125/229 -171/229   43/229 -149/229  169/229   81/229   45/229   61/229  129/229  249/229  -37/229]
[ 187/229    5/229 -125/229 -203/229        0        0        0        0        0        0        0        0        0        0        0]
Testing obstruction for
m1: 4, m2: 18,a: 2
[      -1 -215/229 -173/229 -103/229   -5/229  121/229  275/229  457/229  667/229  905/229  713/229  549/229  413/229  305/229  225/229]
[ 173/229  149/229  153/229  185/229  245/229  333/229  449/229  593/229  765/229  965/229  735/229  533/229  359/229  213/229   95/229]
[   5/229  -57/229  -91/229  -97/229  -75/229  -25/229   53/229  159/229  293/229  455/229  645/229  863/229  651/229  467/229  311/229]
[ 183/229   83/229   11/229  -33/229  -49/229  -37/229    3/229   71/229  167/229  291/229  443/229  623/229  831/229  609/229  415/229]
[ 249/229  111/229    1/229  -81/229 -135/229 -161/229 -159/229 -129/229  -71/229   15/229  129/229  271/229  441/229  639/229  865/229]
[ 661/229  485/229  337/229  217/229  125/229   61/229   25/229   17/229   37/229   85/229  161/229  265/229  397/229  557/229  745/229]
[ 961/229  747/229  561/229  403/229  273/229  171/229   97/229   51/229   33/229   43/229   81/229  147/229  241/229  363/229  513/229]
[ 691/229  897/229  673/229  477/229  309/229  169/229   57/229  -27/229  -83/229 -111/229 -111/229  -83/229  -27/229   57/229  169/229]
[ 309/229  477/229  673/229  897/229  691/229  513/229  363/229  241/229  147/229   81/229   43/229   33/229   51/229   97/229  171/229]
[ 273/229  403/229  561/229  747/229  961/229  745/229  557/229  397/229  265/229  161/229   85/229   37/229   17/229   25/229   61/229]
[ 125/229  217/229  337/229  485/229  661/229  865/229  639/229  441/229  271/229  129/229   15/229  -71/229 -129/229 -159/229 -161/229]
[-135/229  -81/229    1/229  111/229  249/229  415/229  609/229  831/229  623/229  443/229  291/229  167/229   71/229    3/229  -37/229]
[ -49/229  -33/229   11/229   83/229  183/229  311/229  467/229  651/229  863/229  645/229  455/229  293/229  159/229   53/229  -25/229]
[ -75/229  -97/229  -91/229  -57/229    5/229   95/229  213/229  359/229  533/229  735/229  965/229  765/229  593/229  449/229  333/229]
[ 245/229  185/229  153/229  149/229  173/229  225/229  305/229  413/229  549/229  713/229  905/229  667/229  457/229  275/229  121/229]
[  -5/229 -103/229 -173/229 -215/229        0        0        0        0        0        0        0        0        0        0        0]
[-215/229, -173/229]
23 [-215/229, 285/229]
Testing obstruction for
m1: 12, m2: 16,a: 11
[      -1 -209/229 -149/229  -49/229   91/229  271/229  491/229  293/229  135/229   17/229  -61/229  -99/229  -97/229  -55/229   27/229]
[ 149/229  311/229  513/229  297/229  121/229  -15/229 -111/229 -167/229 -183/229 -159/229  -95/229    9/229  153/229  337/229  561/229]
[ 367/229  213/229   99/229   25/229   -9/229   -3/229   43/229  129/229  255/229  421/229  627/229  415/229  243/229  111/229   19/229]
[ -33/229  -45/229  -17/229   51/229  159/229  307/229  495/229  723/229  533/229  383/229  273/229  203/229  173/229  183/229  233/229]
[ 323/229  453/229  623/229  833/229  625/229  457/229  329/229  241/229  193/229  185/229  217/229  289/229  401/229  553/229  745/229]
[ 519/229  333/229  187/229   81/229   15/229  -11/229    3/229   57/229  151/229  285/229  459/229  673/229  469/229  305/229  181/229]
[  97/229   53/229   49/229   85/229  161/229  277/229  433/229  629/229  407/229  225/229   83/229  -19/229  -81/229 -103/229  -85/229]
[ -27/229   71/229  209/229  387/229  605/229  405/229  245/229  125/229   45/229    5/229    5/229   45/229  125/229  245/229  405/229]
[ 605/229  387/229  209/229   71/229  -27/229  -85/229 -103/229  -81/229  -19/229   83/229  225/229  407/229  629/229  433/229  277/229]
[ 161/229   85/229   49/229   53/229   97/229  181/229  305/229  469/229  673/229  459/229  285/229  151/229   57/229    3/229  -11/229]
[  15/229   81/229  187/229  333/229  519/229  745/229  553/229  401/229  289/229  217/229  185/229  193/229  241/229  329/229  457/229]
[ 625/229  833/229  623/229  453/229  323/229  233/229  183/229  173/229  203/229  273/229  383/229  533/229  723/229  495/229  307/229]
[ 159/229   51/229  -17/229  -45/229  -33/229   19/229  111/229  243/229  415/229  627/229  421/229  255/229  129/229   43/229   -3/229]
[  -9/229   25/229   99/229  213/229  367/229  561/229  337/229  153/229    9/229  -95/229 -159/229 -183/229 -167/229 -111/229  -15/229]
[ 121/229  297/229  513/229  311/229  149/229   27/229  -55/229  -97/229  -99/229  -61/229   17/229  135/229  293/229  491/229  271/229]
[  91/229  -49/229 -149/229 -209/229        0        0        0        0        0        0        0        0        0        0        0]
Testing obstruction for
m1: 58, m2: 58,a: 57
[      -1 -225/229 -213/229 -193/229 -165/229 -129/229  -85/229  -33/229   27/229   95/229  171/229  255/229  347/229  447/229  555/229]
[ 671/229  795/229  927/229 1067/229 1215/229 1371/229 1535/229 1707/229 1887/229 2075/229 2271/229 2475/229 2687/229 2907/229 3135/229]
[2913/229 2699/229 2493/229 2295/229 2105/229 1923/229 1749/229 1583/229 1425/229 1275/229 1133/229  999/229  873/229  755/229  645/229]
[ 543/229  449/229  363/229  285/229  215/229  153/229   99/229   53/229   15/229  -15/229  -37/229  -51/229  -57/229  -55/229  -45/229]
[ -27/229   -1/229   33/229   75/229  125/229  183/229  249/229  323/229  405/229  495/229  593/229  699/229  813/229  935/229 1065/229]
[1203/229 1349/229 1503/229 1665/229 1835/229 2013/229 2199/229 2393/229 2595/229 2805/229 3023/229 3249/229 3025/229 2809/229 2601/229]
[2401/229 2209/229 2025/229 1849/229 1681/229 1521/229 1369/229 1225/229 1089/229  961/229  841/229  729/229  625/229  529/229  441/229]
[ 361/229  289/229  225/229  169/229  121/229   81/229   49/229   25/229    9/229    1/229    1/229    9/229   25/229   49/229   81/229]
[ 121/229  169/229  225/229  289/229  361/229  441/229  529/229  625/229  729/229  841/229  961/229 1089/229 1225/229 1369/229 1521/229]
[1681/229 1849/229 2025/229 2209/229 2401/229 2601/229 2809/229 3025/229 3249/229 3023/229 2805/229 2595/229 2393/229 2199/229 2013/229]
[1835/229 1665/229 1503/229 1349/229 1203/229 1065/229  935/229  813/229  699/229  593/229  495/229  405/229  323/229  249/229  183/229]
[ 125/229   75/229   33/229   -1/229  -27/229  -45/229  -55/229  -57/229  -51/229  -37/229  -15/229   15/229   53/229   99/229  153/229]
[ 215/229  285/229  363/229  449/229  543/229  645/229  755/229  873/229  999/229 1133/229 1275/229 1425/229 1583/229 1749/229 1923/229]
[2105/229 2295/229 2493/229 2699/229 2913/229 3135/229 2907/229 2687/229 2475/229 2271/229 2075/229 1887/229 1707/229 1535/229 1371/229]
[1215/229 1067/229  927/229  795/229  671/229  555/229  447/229  347/229  255/229  171/229   95/229   27/229  -33/229  -85/229 -129/229]
[-165/229 -193/229 -213/229 -225/229        0        0        0        0        0        0        0        0        0        0        0]
---------------------------
SUCCESS for name = 12a983
---------------------------
12a985
Correction terms
[      -1  -51/157  -47/157 -145/157  -31/157  -19/157 -109/157   13/157   33/157  -49/157   81/157 -205/157   35/157 -141/157 -105/157]
[-171/157  -25/157   19/157  -39/157  115/157 -147/157  117/157  -35/157   25/157  -17/157  153/157  -93/157  187/157   51/157  127/157]
[ 101/157  -27/157   57/157   39/157  -81/157   11/157    1/157 -111/157  -11/157  -13/157 -117/157   -9/157   -3/157  -99/157   17/157]
[  31/157  -57/157   67/157 -225/157    9/157 -173/157 -143/157 -215/157  -75/157  -37/157 -101/157   47/157 -221/157   37/157 -121/157]
[ -67/157 -115/157   49/157 -203/157   71/157  -71/157   -1/157  -33/157 -167/157  -89/157 -113/157   75/157 -153/157  145/157   27/157]
[ 121/157  113/157    3/157  105/157  105/157    3/157  113/157  121/157   27/157  145/157 -153/157   75/157 -113/157  -89/157 -167/157]
[ -33/157   -1/157  -71/157   71/157 -203/157   49/157 -115/157  -67/157 -121/157   37/157 -221/157   47/157 -101/157  -37/157  -75/157]
[-215/157 -143/157 -173/157    9/157 -225/157   67/157  -57/157   31/157   17/157  -99/157   -3/157   -9/157 -117/157  -13/157  -11/157]
[-111/157    1/157   11/157  -81/157   39/157   57/157  -27/157  101/157  127/157   51/157  187/157  -93/157  153/157  -17/157   25/157]
[ -35/157  117/157 -147/157  115/157  -39/157   19/157  -25/157 -171/157 -105/157 -141/157   35/157 -205/157   81/157  -49/157   33/157]
[  13/157 -109/157  -19/157  -31/157 -145/157  -47/157  -51/157        0        0        0        0        0        0        0        0]
Testing obstruction for
m1: 4, m2: 12,a: 1
[      -1 -143/157 -101/157  -31/157   67/157  193/157  347/157  215/157  111/157   35/157  -13/157  -33/157  -25/157   11/157   75/157]
[ 167/157  287/157  435/157  297/157  187/157  105/157   51/157   25/157   27/157   57/157  115/157  201/157  315/157  457/157  313/157]
[ 197/157  109/157   49/157   17/157   13/157   37/157   89/157  169/157  277/157  413/157  263/157  141/157   47/157  -19/157  -57/157]
[ -67/157  -49/157   -3/157   71/157  173/157  303/157  461/157  333/157  233/157  161/157  117/157  101/157  113/157  153/157  221/157]
[ 317/157  441/157  279/157  145/157   39/157  -39/157  -89/157 -111/157 -105/157  -71/157   -9/157   81/157  199/157  345/157  205/157]
[  93/157    9/157  -47/157  -75/157  -75/157  -47/157    9/157   93/157  205/157  345/157  199/157   81/157   -9/157  -71/157 -105/157]
[-111/157  -89/157  -39/157   39/157  145/157  279/157  441/157  317/157  221/157  153/157  113/157  101/157  117/157  161/157  233/157]
[ 333/157  461/157  303/157  173/157   71/157   -3/157  -49/157  -67/157  -57/157  -19/157   47/157  141/157  263/157  413/157  277/157]
[ 169/157   89/157   37/157   13/157   17/157   49/157  109/157  197/157  313/157  457/157  315/157  201/157  115/157   57/157   27/157]
[  25/157   51/157  105/157  187/157  297/157  435/157  287/157  167/157   75/157   11/157  -25/157  -33/157  -13/157   35/157  111/157]
[ 215/157  347/157  193/157   67/157  -31/157 -101/157 -143/157        0        0        0        0        0        0        0        0]
Unobstructed
51
---------------------------
---------------------------
12a988
Correction terms
[      -1   39/125   31/125  101/125   -1/125     -1/5   29/125  -89/125  121/125  -91/125      1/5  -31/125   -9/125   91/125   19/125]
[     1/5 -141/125   21/125   11/125   79/125     -1/5  -51/125    1/125 -119/125   89/125       -1  -11/125  -69/125  -49/125   49/125]
[    -1/5  -21/125 -189/125  -29/125  -41/125      1/5  -81/125 -109/125  -59/125   69/125      1/5 -191/125  -79/125 -139/125  129/125]
[    -1/5 -101/125  -99/125  -19/125  139/125       -1  -61/125 -169/125   51/125   99/125     -1/5  -71/125  -39/125   71/125    9/125]
[     1/5 -131/125   41/125   41/125 -131/125      1/5    9/125   71/125  -39/125  -71/125     -1/5   99/125   51/125 -169/125  -61/125]
[      -1  139/125  -19/125  -99/125 -101/125     -1/5  129/125 -139/125  -79/125 -191/125      1/5   69/125  -59/125 -109/125  -81/125]
[     1/5  -41/125  -29/125 -189/125  -21/125     -1/5   49/125  -49/125  -69/125  -11/125       -1   89/125 -119/125    1/125  -51/125]
[    -1/5   79/125   11/125   21/125 -141/125      1/5   19/125   91/125   -9/125  -31/125      1/5  -91/125  121/125  -89/125   29/125]
[    -1/5   -1/125  101/125   31/125   39/125        0        0        0        0        0        0        0        0        0        0]
Testing obstruction for
m1: 2, m2: 22,a: 1
[      -1 -119/125 -101/125  -71/125  -29/125      1/5   91/125  169/125  259/125  361/125     19/5  601/125  489/125  389/125  301/125]
[     9/5  161/125  109/125   69/125   41/125      1/5   21/125   29/125   49/125   81/125        1  181/125  249/125  329/125  421/125]
[    21/5  641/125  519/125  409/125  311/125      9/5  151/125   89/125   39/125    1/125     -1/5  -39/125  -41/125  -31/125   -9/125]
[     1/5   71/125  129/125  199/125  281/125        3  481/125  599/125  479/125  371/125     11/5  191/125  119/125   59/125   11/125]
[    -1/5  -49/125  -61/125  -61/125  -49/125     -1/5   11/125   59/125  119/125  191/125     11/5  371/125  479/125  599/125  481/125]
[       3  281/125  199/125  129/125   71/125      1/5   -9/125  -31/125  -41/125  -39/125     -1/5    1/125   39/125   89/125  151/125]
[     9/5  311/125  409/125  519/125  641/125     21/5  421/125  329/125  249/125  181/125        1   81/125   49/125   29/125   21/125]
[     1/5   41/125   69/125  109/125  161/125      9/5  301/125  389/125  489/125  601/125     19/5  361/125  259/125  169/125   91/125]
[     1/5  -29/125  -71/125 -101/125 -119/125        0        0        0        0        0        0        0        0        0        0]
Unobstructed
23
---------------------------
---------------------------
