13a2475
Correction terms
[      -1  153/149 -133/149 -113/149  -85/149  -49/149   -5/149   47/149 -191/149 -123/149  -47/149   37/149  129/149  -69/149   39/149]
[-143/149  -19/149  113/149  -45/149  103/149  -39/149 -173/149   -1/149 -119/149   69/149  -33/149 -127/149 -213/149    7/149  -63/149]
[ 173/149 -179/149   73/149 -263/149    5/149  -17/149  -31/149  -37/149  -35/149  -25/149   -7/149   19/149   53/149   95/149 -153/149]
[ -95/149  -29/149   45/149  127/149  -81/149   17/149 -175/149  -61/149   61/149 -107/149   31/149 -121/149   33/149 -103/149   67/149]
[ -53/149  133/149 -269/149  -67/149 -155/149   63/149   -9/149  -73/149 -129/149 -177/149   81/149   49/149   25/149    9/149    1/149]
[   1/149    9/149   25/149   49/149   81/149 -177/149 -129/149  -73/149   -9/149   63/149 -155/149  -67/149 -269/149  133/149  -53/149]
[  67/149 -103/149   33/149 -121/149   31/149 -107/149   61/149  -61/149 -175/149   17/149  -81/149  127/149   45/149  -29/149  -95/149]
[-153/149   95/149   53/149   19/149   -7/149  -25/149  -35/149  -37/149  -31/149  -17/149    5/149 -263/149   73/149 -179/149  173/149]
[ -63/149    7/149 -213/149 -127/149  -33/149   69/149 -119/149   -1/149 -173/149  -39/149  103/149  -45/149  113/149  -19/149 -143/149]
[  39/149  -69/149  129/149   37/149  -47/149 -123/149 -191/149   47/149   -5/149  -49/149  -85/149 -113/149 -133/149  153/149        0]
Testing obstruction for
m1: 2, m2: 26,a: 1
[      -1 -143/149 -125/149  -95/149  -53/149    1/149   67/149  145/149  235/149  337/149  451/149  577/149  715/149  865/149  729/149]
[ 605/149  493/149  393/149  305/149  229/149  165/149  113/149   73/149   45/149   29/149   25/149   33/149   53/149   85/149  129/149]
[ 185/149  253/149  333/149  425/149  529/149  645/149  773/149  913/149  767/149  633/149  511/149  401/149  303/149  217/149  143/149]
[  81/149   31/149   -7/149  -33/149  -47/149  -49/149  -39/149  -17/149   17/149   63/149  121/149  191/149  273/149  367/149  473/149]
[ 591/149  721/149  863/149  719/149  587/149  467/149  359/149  263/149  179/149  107/149   47/149   -1/149  -37/149  -61/149  -73/149]
[ -73/149  -61/149  -37/149   -1/149   47/149  107/149  179/149  263/149  359/149  467/149  587/149  719/149  863/149  721/149  591/149]
[ 473/149  367/149  273/149  191/149  121/149   63/149   17/149  -17/149  -39/149  -49/149  -47/149  -33/149   -7/149   31/149   81/149]
[ 143/149  217/149  303/149  401/149  511/149  633/149  767/149  913/149  773/149  645/149  529/149  425/149  333/149  253/149  185/149]
[ 129/149   85/149   53/149   33/149   25/149   29/149   45/149   73/149  113/149  165/149  229/149  305/149  393/149  493/149  605/149]
[ 729/149  865/149  715/149  577/149  451/149  337/149  235/149  145/149   67/149    1/149  -53/149  -95/149 -125/149 -143/149        0]
[-143/149, -125/149]
15 [-143/149, 173/149]
Testing obstruction for
m1: 6, m2: 8,a: 2
[      -1 -127/149  -61/149   49/149  203/149  103/149   47/149   35/149   67/149  143/149  263/149  129/149   39/149   -7/149   -9/149]
[  33/149  119/149  249/149  125/149   45/149    9/149   17/149   69/149  165/149  305/149  191/149  121/149   95/149  113/149  175/149]
[ 281/149  133/149   29/149  -31/149  -47/149  -19/149   53/149  169/149   31/149  -63/149 -113/149 -119/149  -81/149    1/149  127/149]
[ 297/149  213/149  173/149  177/149  225/149  317/149  155/149   37/149  -37/149  -67/149  -53/149    5/149  107/149  253/149  145/149]
[  81/149   61/149   85/149  153/149  265/149  123/149   25/149  -29/149  -39/149   -5/149   73/149  195/149   63/149  -25/149  -69/149]
[ -69/149  -25/149   63/149  195/149   73/149   -5/149  -39/149  -29/149   25/149  123/149  265/149  153/149   85/149   61/149   81/149]
[ 145/149  253/149  107/149    5/149  -53/149  -67/149  -37/149   37/149  155/149  317/149  225/149  177/149  173/149  213/149  297/149]
[ 127/149    1/149  -81/149 -119/149 -113/149  -63/149   31/149  169/149   53/149  -19/149  -47/149  -31/149   29/149  133/149  281/149]
[ 175/149  113/149   95/149  121/149  191/149  305/149  165/149   69/149   17/149    9/149   45/149  125/149  249/149  119/149   33/149]
[  -9/149   -7/149   39/149  129/149  263/149  143/149   67/149   35/149   47/149  103/149  203/149   49/149  -61/149 -127/149        0]
Unobstructed
26
---------------------------
---------------------------
13a2478
Correction terms
[      -1  183/193 -233/193  103/193   33/193  -57/193 -167/193   89/193  -61/193 -231/193  -35/193 -245/193  -89/193 -339/193  163/193]
[-127/193  -51/193    5/193   41/193   57/193   53/193   29/193  -15/193  -79/193 -163/193  119/193   -5/193 -149/193   73/193 -111/193]
[  71/193 -153/193  -11/193 -275/193 -173/193  -91/193  -29/193   13/193   35/193   37/193   19/193  -19/193  -77/193  231/193 -253/193]
[  15/193 -123/193  105/193  -73/193  115/193 -103/193   45/193 -213/193 -105/193  -17/193 -335/193   99/193 -259/193  135/193 -263/193]
[  91/193   39/193  -33/193 -125/193  149/193   17/193 -135/193   79/193 -113/193   61/193 -171/193  -37/193   77/193 -215/193 -141/193]
[ -87/193  -53/193  -39/193  -45/193  -71/193 -117/193 -183/193  117/193   11/193 -115/193  125/193  -41/193  159/193  -47/193  113/193]
[-133/193  -13/193 -299/193  167/193 -159/193 -119/193  -99/193  -99/193 -119/193 -159/193  167/193 -299/193  -13/193 -133/193  113/193]
[ -47/193  159/193  -41/193  125/193 -115/193   11/193  117/193 -183/193 -117/193  -71/193  -45/193  -39/193  -53/193  -87/193 -141/193]
[-215/193   77/193  -37/193 -171/193   61/193 -113/193   79/193 -135/193   17/193  149/193 -125/193  -33/193   39/193   91/193 -263/193]
[ 135/193 -259/193   99/193 -335/193  -17/193 -105/193 -213/193   45/193 -103/193  115/193  -73/193  105/193 -123/193   15/193 -253/193]
[ 231/193  -77/193  -19/193   19/193   37/193   35/193   13/193  -29/193  -91/193 -173/193 -275/193  -11/193 -153/193   71/193 -111/193]
[  73/193 -149/193   -5/193  119/193 -163/193  -79/193  -15/193   29/193   53/193   57/193   41/193    5/193  -51/193 -127/193  163/193]
[-339/193  -89/193 -245/193  -35/193 -231/193  -61/193   89/193 -167/193  -57/193   33/193  103/193 -233/193  183/193        0        0]
Testing obstruction for
m1: 6, m2: 10,a: 2
[      -1 -171/193 -105/193    5/193  159/193  357/193  213/193  113/193   57/193   45/193   77/193  153/193  273/193  437/193  259/193]
[ 125/193   35/193  -11/193  -13/193   29/193  115/193  245/193  419/193  251/193  127/193   47/193   11/193   19/193   71/193  167/193]
[ 307/193  491/193  333/193  219/193  149/193  123/193  141/193  203/193  309/193  459/193  267/193  119/193   15/193  -45/193  -61/193]
[ -33/193   39/193  155/193  315/193  133/193   -5/193  -99/193 -149/193 -155/193 -117/193  -35/193   91/193  261/193  475/193  347/193]
[ 263/193  223/193  227/193  275/193  367/193  503/193  297/193  135/193   17/193  -57/193  -87/193  -73/193  -15/193   87/193  233/193]
[ 423/193  271/193  163/193   99/193   79/193  103/193  171/193  283/193  439/193  253/193  111/193   13/193  -41/193  -51/193  -17/193]
[  61/193  183/193  349/193  173/193   41/193  -47/193  -91/193  -91/193  -47/193   41/193  173/193  349/193  183/193   61/193  -17/193]
[ -51/193  -41/193   13/193  111/193  253/193  439/193  283/193  171/193  103/193   79/193   99/193  163/193  271/193  423/193  233/193]
[  87/193  -15/193  -73/193  -87/193  -57/193   17/193  135/193  297/193  503/193  367/193  275/193  227/193  223/193  263/193  347/193]
[ 475/193  261/193   91/193  -35/193 -117/193 -155/193 -149/193  -99/193   -5/193  133/193  315/193  155/193   39/193  -33/193  -61/193]
[ -45/193   15/193  119/193  267/193  459/193  309/193  203/193  141/193  123/193  149/193  219/193  333/193  491/193  307/193  167/193]
[  71/193   19/193   11/193   47/193  127/193  251/193  419/193  245/193  115/193   29/193  -13/193  -11/193   35/193  125/193  259/193]
[ 437/193  273/193  153/193   77/193   45/193   57/193  113/193  213/193  357/193  159/193    5/193 -105/193 -171/193        0        0]
[-171/193, -105/193, 5/193, 159/193, 357/193, 213/193, 113/193, 57/193, 45/193, 77/193, 153/193, 273/193, 437/193, 259/193, 125/193, 35/193, -11/193, -13/193, 29/193, 115/193, 245/193, 419/193, 251/193, 127/193, 47/193, 11/193, 19/193, 71/193, 167/193, 307/193, 491/193, 333/193, 219/193, 149/193, 123/193, 141/193, 203/193, 309/193, 459/193, 267/193, 119/193, 15/193, -45/193, -61/193, -33/193, 39/193, 155/193, 315/193, 133/193, -5/193, -99/193, -149/193, -155/193]
70 [-171/193, -105/193, 5/193, 159/193, -29/193, -173/193, 113/193, 57/193, 45/193, 77/193, -233/193, -113/193, -335/193, -127/193, 125/193, 35/193, -11/193, -13/193, 29/193, 115/193, -141/193, 33/193, -135/193, -259/193, -339/193, 11/193, 19/193, 71/193, 167/193, -79/193, 105/193, -53/193, -167/193, 149/193, -263/193, -245/193, -183/193, -77/193, 73/193, -119/193, 119/193, 15/193, -45/193, -61/193, -33/193, 39/193, -231/193, -71/193, -253/193, -5/193, -99/193, -149/193, 231/193]
---------------------------
SUCCESS for name = 13a2478
---------------------------
13a2485
Correction terms
[      -1 -243/353   87/353  -69/353   -5/353 -427/353   77/353   95/353  333/353   85/353   57/353  249/353  -45/353 -119/353   27/353]
[-313/353  273/353  373/353  -13/353 -179/353 -125/353  149/353  -63/353  -55/353 -533/353  -85/353 -123/353   59/353 -245/353 -329/353]
[-193/353  163/353   33/353  123/353 -273/353  257/353  301/353 -141/353 -363/353 -365/353 -147/353  291/353  243/353 -291/353  101/353]
[   7/353  133/353 -227/353 -367/353 -287/353   13/353 -173/353 -139/353 -591/353 -117/353 -129/353   79/353 -199/353 -257/353  -95/353]
[ 287/353  183/353 -407/353  -71/353 -221/353 -151/353  139/353  -57/353  -33/353  211/353  -31/353  -53/353 -561/353 -143/353 -211/353]
[ -59/353 -393/353 -507/353 -401/353  -75/353 -235/353 -175/353  105/353 -101/353  -87/353  147/353 -105/353 -137/353   51/353 -247/353]
[-325/353 -183/353  179/353   55/353  151/353 -239/353 -409/353 -359/353  -89/353 -305/353 -301/353  -77/353 -339/353 -381/353 -203/353]
[-511/353  107/353  239/353 -115/353 -249/353 -163/353  143/353  -37/353    3/353 -443/353   37/353   31/353  245/353  -27/353  -79/353]
[  89/353 -229/353 -327/353 -205/353 -569/353   -7/353   69/353 -341/353 -531/353 -501/353 -251/353  219/353  203/353 -299/353  125/353]
[  63/353  221/353 -107/353 -215/353 -103/353  229/353   75/353  141/353 -279/353  227/353  247/353 -219/353 -465/353 -491/353 -297/353]
[ 117/353   45/353 -513/353 -145/353 -263/353 -161/353  161/353   -3/353   53/353  329/353  119/353  129/353 -347/353  103/353   67/353]
[ 251/353  -51/353 -133/353    5/353  363/353  235/353 -379/353  -67/353 -241/353 -195/353   71/353 -149/353 -149/353   71/353 -195/353]
[-241/353  -67/353 -379/353  235/353  363/353    5/353 -133/353  -51/353  251/353   67/353  103/353 -347/353  129/353  119/353  329/353]
[  53/353   -3/353  161/353 -161/353 -263/353 -145/353 -513/353   45/353  117/353 -297/353 -491/353 -465/353 -219/353  247/353  227/353]
[-279/353  141/353   75/353  229/353 -103/353 -215/353 -107/353  221/353   63/353  125/353 -299/353  203/353  219/353 -251/353 -501/353]
[-531/353 -341/353   69/353   -7/353 -569/353 -205/353 -327/353 -229/353   89/353  -79/353  -27/353  245/353   31/353   37/353 -443/353]
[   3/353  -37/353  143/353 -163/353 -249/353 -115/353  239/353  107/353 -511/353 -203/353 -381/353 -339/353  -77/353 -301/353 -305/353]
[ -89/353 -359/353 -409/353 -239/353  151/353   55/353  179/353 -183/353 -325/353 -247/353   51/353 -137/353 -105/353  147/353  -87/353]
[-101/353  105/353 -175/353 -235/353  -75/353 -401/353 -507/353 -393/353  -59/353 -211/353 -143/353 -561/353  -53/353  -31/353  211/353]
[ -33/353  -57/353  139/353 -151/353 -221/353  -71/353 -407/353  183/353  287/353  -95/353 -257/353 -199/353   79/353 -129/353 -117/353]
[-591/353 -139/353 -173/353   13/353 -287/353 -367/353 -227/353  133/353    7/353  101/353 -291/353  243/353  291/353 -147/353 -365/353]
[-363/353 -141/353  301/353  257/353 -273/353  123/353   33/353  163/353 -193/353 -329/353 -245/353   59/353 -123/353  -85/353 -533/353]
[ -55/353  -63/353  149/353 -125/353 -179/353  -13/353  373/353  273/353 -313/353   27/353 -119/353  -45/353  249/353   57/353   85/353]
[ 333/353   95/353   77/353 -427/353   -5/353  -69/353   87/353 -243/353        0        0        0        0        0        0        0]
Testing obstruction for
m1: 2, m2: 60,a: 1
[      -1 -347/353 -329/353 -299/353 -257/353 -203/353 -137/353  -59/353   31/353  133/353  247/353  373/353  511/353  661/353  823/353]
[ 997/353 1183/353 1381/353 1591/353 1813/353 2047/353 2293/353 2551/353 2821/353 3103/353 3397/353 3703/353 4021/353 4351/353 4693/353]
[5047/353 4707/353 4379/353 4063/353 3759/353 3467/353 3187/353 2919/353 2663/353 2419/353 2187/353 1967/353 1759/353 1563/353 1379/353]
[1207/353 1047/353  899/353  763/353  639/353  527/353  427/353  339/353  263/353  199/353  147/353  107/353   79/353   63/353   59/353]
[  67/353   87/353  119/353  163/353  219/353  287/353  367/353  459/353  563/353  679/353  807/353  947/353 1099/353 1263/353 1439/353]
[1627/353 1827/353 2039/353 2263/353 2499/353 2747/353 3007/353 3279/353 3563/353 3859/353 4167/353 4487/353 4819/353 5163/353 4813/353]
[4475/353 4149/353 3835/353 3533/353 3243/353 2965/353 2699/353 2445/353 2203/353 1973/353 1755/353 1549/353 1355/353 1173/353 1003/353]
[ 845/353  699/353  565/353  443/353  333/353  235/353  149/353   75/353   13/353  -37/353  -75/353 -101/353 -115/353 -117/353 -107/353]
[ -85/353  -51/353   -5/353   53/353  123/353  205/353  299/353  405/353  523/353  653/353  795/353  949/353 1115/353 1293/353 1483/353]
[1685/353 1899/353 2125/353 2363/353 2613/353 2875/353 3149/353 3435/353 3733/353 4043/353 4365/353 4699/353 5045/353 4697/353 4361/353]
[4037/353 3725/353 3425/353 3137/353 2861/353 2597/353 2345/353 2105/353 1877/353 1661/353 1457/353 1265/353 1085/353  917/353  761/353]
[ 617/353  485/353  365/353  257/353  161/353   77/353    5/353  -55/353 -103/353 -139/353 -163/353 -175/353 -175/353 -163/353 -139/353]
[-103/353  -55/353    5/353   77/353  161/353  257/353  365/353  485/353  617/353  761/353  917/353 1085/353 1265/353 1457/353 1661/353]
[1877/353 2105/353 2345/353 2597/353 2861/353 3137/353 3425/353 3725/353 4037/353 4361/353 4697/353 5045/353 4699/353 4365/353 4043/353]
[3733/353 3435/353 3149/353 2875/353 2613/353 2363/353 2125/353 1899/353 1685/353 1483/353 1293/353 1115/353  949/353  795/353  653/353]
[ 523/353  405/353  299/353  205/353  123/353   53/353   -5/353  -51/353  -85/353 -107/353 -117/353 -115/353 -101/353  -75/353  -37/353]
[  13/353   75/353  149/353  235/353  333/353  443/353  565/353  699/353  845/353 1003/353 1173/353 1355/353 1549/353 1755/353 1973/353]
[2203/353 2445/353 2699/353 2965/353 3243/353 3533/353 3835/353 4149/353 4475/353 4813/353 5163/353 4819/353 4487/353 4167/353 3859/353]
[3563/353 3279/353 3007/353 2747/353 2499/353 2263/353 2039/353 1827/353 1627/353 1439/353 1263/353 1099/353  947/353  807/353  679/353]
[ 563/353  459/353  367/353  287/353  219/353  163/353  119/353   87/353   67/353   59/353   63/353   79/353  107/353  147/353  199/353]
[ 263/353  339/353  427/353  527/353  639/353  763/353  899/353 1047/353 1207/353 1379/353 1563/353 1759/353 1967/353 2187/353 2419/353]
[2663/353 2919/353 3187/353 3467/353 3759/353 4063/353 4379/353 4707/353 5047/353 4693/353 4351/353 4021/353 3703/353 3397/353 3103/353]
[2821/353 2551/353 2293/353 2047/353 1813/353 1591/353 1381/353 1183/353  997/353  823/353  661/353  511/353  373/353  247/353  133/353]
[  31/353  -59/353 -137/353 -203/353 -257/353 -299/353 -329/353 -347/353        0        0        0        0        0        0        0]
Unobstructed
162
---------------------------
---------------------------
13a2493
Correction terms
[      -1  115/177  -71/177    -9/59 -107/177   43/177    23/59  -29/177  103/177   -81/59   -5/177 -245/177    33/59  -35/177   61/177]
[   11/59 -119/177  -41/177   -29/59   97/177 -197/177    31/59  -95/177  -53/177   -45/59   13/177   37/177   -21/59   67/177 -281/177]
[  -15/59 -287/177   55/177   -27/59   13/177  -17/177   -57/59  -95/177 -143/177    13/59 -257/177   31/177   -53/59 -119/177 -203/177]
[  -19/59  -35/177 -137/177    -3/59   -5/177 -125/177  -123/59  -29/177 -167/177   -25/59 -107/177   91/177   -63/59 -239/177     -1/3]
[   -1/59  -71/177 -263/177    43/59 -311/177 -167/177   -49/59  103/177 -125/177   -41/59  109/177 -137/177   -51/59 -293/177  151/177]
[  -79/59  -41/177   31/177    -7/59 -197/177 -143/177    47/59  -53/177  -17/177   -35/59   37/177 -299/177   -17/59   73/177   73/177]
[  -17/59 -299/177   37/177   -35/59  -17/177  -53/177    47/59 -143/177 -197/177    -7/59   31/177  -41/177   -79/59  151/177 -293/177]
[  -51/59 -137/177  109/177   -41/59 -125/177  103/177   -49/59 -167/177 -311/177    43/59 -263/177  -71/177    -1/59     -1/3 -239/177]
[  -63/59   91/177 -107/177   -25/59 -167/177  -29/177  -123/59 -125/177   -5/177    -3/59 -137/177  -35/177   -19/59 -203/177 -119/177]
[  -53/59   31/177 -257/177    13/59 -143/177  -95/177   -57/59  -17/177   13/177   -27/59   55/177 -287/177   -15/59 -281/177   67/177]
[  -21/59   37/177   13/177   -45/59  -53/177  -95/177    31/59 -197/177   97/177   -29/59  -41/177 -119/177    11/59   61/177  -35/177]
[   33/59 -245/177   -5/177   -81/59  103/177  -29/177    23/59   43/177 -107/177    -9/59  -71/177  115/177        0        0        0]
Testing obstruction for
m1: 2, m2: 30,a: 0
[      -1  -53/177  -35/177   -41/59   37/177   91/177    13/59  235/177  325/177   103/59  541/177  667/177   229/59  955/177 1117/177]
[  391/59 1123/177  967/177   235/59  691/177  571/177   115/59  367/177  283/177    31/59  151/177  103/177   -17/59   43/177   31/177]
[  -29/59   43/177   67/177    -5/59  151/177  211/177    55/59  367/177  463/177   151/59  691/177  823/177   283/59 1123/177 1291/177]
[  333/59  955/177  805/177   183/59  541/177  427/177    69/59  235/177  157/177    -9/59   37/177   -5/177   -51/59  -53/177     -1/3]
[  -57/59  -35/177   -5/177   -27/59   91/177  157/177    39/59  325/177  427/177   141/59  667/177  805/177   279/59 1117/177 1291/177]
[  335/59  967/177  823/177   191/59  571/177  463/177    83/59  283/177  211/177    11/59  103/177   67/177   -25/59   31/177   31/177]
[  -25/59   67/177  103/177    11/59  211/177  283/177    83/59  463/177  571/177   191/59  823/177  967/177   335/59 1291/177 1117/177]
[  279/59  805/177  667/177   141/59  427/177  325/177    39/59  157/177   91/177   -27/59   -5/177  -35/177   -57/59     -1/3  -53/177]
[  -51/59   -5/177   37/177    -9/59  157/177  235/177    69/59  427/177  541/177   183/59  805/177  955/177   333/59 1291/177 1123/177]
[  283/59  823/177  691/177   151/59  463/177  367/177    55/59  211/177  151/177    -5/59   67/177   43/177   -29/59   31/177   43/177]
[  -17/59  103/177  151/177    31/59  283/177  367/177   115/59  571/177  691/177   235/59  967/177 1123/177   391/59 1117/177  955/177]
[  229/59  667/177  541/177   103/59  325/177  235/177    13/59   91/177   37/177   -41/59  -35/177  -53/177        0        0        0]
Unobstructed
23
---------------------------
---------------------------
13a2502
Correction terms
[      -1  -61/285   41/285     7/95 -121/285    37/57   123/95 -139/285  371/285    63/95   -23/57   29/285    17/95  -49/285  299/285]
[   -3/19   59/285   41/285   -33/95    11/15   -35/57   -37/95 -169/285 -349/285   -27/95    13/57   89/285    -3/95  341/285   -1/285]
[    7/19   89/285  -49/285    87/95 -121/285   -11/57   -37/95  281/285    -1/15    43/95    31/57   59/285   -53/95   71/285  179/285]
[  -27/19   29/285 -229/285   -13/95   29/285    -5/57   123/95   71/285  221/285    83/95    31/57  -61/285      3/5 -289/285  269/285]
[    9/19 -121/285   71/285    47/95   89/285   -17/57    63/95 -229/285 -199/285   -97/95    13/57  299/285   -53/95  401/285  269/285]
[    1/19    11/15  281/285    77/95   59/285   -47/57   -27/95  -49/285 -139/285    73/95   -23/57   -1/285    -3/95 -139/285  179/285]
[  -13/19 -121/285 -169/285    77/95  -61/285      1/3    43/95   41/285  401/285    23/95    37/57  179/285    17/95 -199/285   -1/285]
[    5/19   29/285 -139/285    47/95  299/285   -47/57    83/95   41/285 -289/285     -3/5   -35/57  269/285     7/95  221/285  299/285]
[   17/19   89/285  371/285   -13/95   -1/285   -17/57   -97/95  -49/285   71/285    23/95   -11/57  269/285   -33/95    -1/15  -61/285]
[  -15/19   59/285 -349/285    87/95  179/285    -5/57    73/95  341/285  341/285    73/95    -5/57  179/285    87/95 -349/285   59/285]
[  -15/19  -61/285    -1/15   -33/95  269/285   -11/57    23/95   71/285  -49/285   -97/95   -17/57   -1/285   -13/95  371/285   89/285]
[   17/19  299/285  221/285     7/95  269/285   -35/57     -3/5 -289/285   41/285    83/95   -47/57  299/285    47/95 -139/285   29/285]
[    5/19   -1/285 -199/285    17/95  179/285    37/57    23/95  401/285   41/285    43/95      1/3  -61/285    77/95 -169/285 -121/285]
[  -13/19  179/285 -139/285    -3/95   -1/285   -23/57    73/95 -139/285  -49/285   -27/95   -47/57   59/285    77/95  281/285    11/15]
[    1/19  269/285  401/285   -53/95  299/285    13/57   -97/95 -199/285 -229/285    63/95   -17/57   89/285    47/95   71/285 -121/285]
[    9/19  269/285 -289/285      3/5  -61/285    31/57    83/95  221/285   71/285   123/95    -5/57   29/285   -13/95 -229/285   29/285]
[  -27/19  179/285   71/285   -53/95   59/285    31/57    43/95    -1/15  281/285   -37/95   -11/57 -121/285    87/95  -49/285   89/285]
[    7/19   -1/285  341/285    -3/95   89/285    13/57   -27/95 -349/285 -169/285   -37/95   -35/57    11/15   -33/95   41/285   59/285]
[   -3/19  299/285  -49/285    17/95   29/285   -23/57    63/95  371/285 -139/285   123/95    37/57 -121/285     7/95   41/285  -61/285]
[       0        0        0        0        0        0        0        0        0        0        0        0        0        0        0]
Testing obstruction for
m1: 2, m2: 48,a: 0
[      -1  -89/285  -71/285   -77/95    1/285    11/57   -23/95  199/285  289/285    67/95   101/57  631/285   193/95  919/285 1081/285]
[   71/19 1441/285 1639/285   553/95   109/15   461/57   787/95 2809/285 3079/285  1057/95   617/57 2821/285   793/95 2329/285 2101/285]
[  113/19 1681/285 1489/285   373/95 1141/285   197/57   217/95  709/285    31/15    97/95    77/57  301/285    13/95  169/285  121/285]
[   -7/19   61/285   49/285   -47/95   61/285    17/57   -23/95  169/285  229/285    37/95    77/57  481/285      7/5  709/285  841/285]
[   53/19 1141/285 1309/285   433/95 1681/285   377/57   637/95 2329/285 2569/285   877/95   617/57 3361/285   963/95 2809/285 2551/285]
[  141/19   109/15 1849/285   483/95 1441/285   251/57   297/95  919/285  769/285   147/95   101/57  391/285    33/95  199/285  121/285]
[   -9/19    1/285  -41/285   -87/95  -89/285     -1/3   -93/95  -71/285  -41/285   -63/95    11/57  121/285     3/95  289/285  391/285]
[   21/19  631/285  769/285   243/95 1081/285   251/57   417/95 1639/285 1849/285     33/5   461/57 2551/285   873/95 3079/285 3361/285]
[  193/19 2821/285 2569/285   713/95 2101/285   377/57   497/95 1489/285 1309/285   317/95   197/57  841/285   173/95    31/15  481/285]
[   13/19  301/285  229/285    -7/95  121/285    17/57   -43/95   49/285   49/285   -43/95    17/57  121/285    -7/95  229/285  301/285]
[   13/19  481/285    31/15   173/95  841/285   197/57   317/95 1309/285 1489/285   497/95   377/57 2101/285   713/95 2569/285 2821/285]
[  193/19 3361/285 3079/285   873/95 2551/285   461/57     33/5 1849/285 1639/285   417/95   251/57 1081/285   243/95  769/285  631/285]
[   21/19  391/285  289/285     3/95  121/285    11/57   -63/95  -41/285  -71/285   -93/95     -1/3  -89/285   -87/95  -41/285    1/285]
[   -9/19  121/285  199/285    33/95  391/285   101/57   147/95  769/285  919/285   297/95   251/57 1441/285   483/95 1849/285   109/15]
[  141/19 2551/285 2809/285   963/95 3361/285   617/57   877/95 2569/285 2329/285   637/95   377/57 1681/285   433/95 1309/285 1141/285]
[   53/19  841/285  709/285      7/5  481/285    77/57    37/95  229/285  169/285   -23/95    17/57   61/285   -47/95   49/285   61/285]
[   -7/19  121/285  169/285    13/95  301/285    77/57    97/95    31/15  709/285   217/95   197/57 1141/285   373/95 1489/285 1681/285]
[  113/19 2101/285 2329/285   793/95 2821/285   617/57  1057/95 3079/285 2809/285   787/95   461/57   109/15   553/95 1639/285 1441/285]
[   71/19 1081/285  919/285   193/95  631/285   101/57    67/95  289/285  199/285   -23/95    11/57    1/285   -77/95  -71/285  -89/285]
[       0        0        0        0        0        0        0        0        0        0        0        0        0        0        0]
Testing obstruction for
m1: 8, m2: 10,a: 0
[      -1 -217/285  -13/285   109/95  803/285   169/57   151/95  197/285   77/285    31/95    49/57  533/285   129/95  377/285  503/285]
[   13/19   23/285  -13/285    29/95    17/15    25/57    21/95  137/285  347/285   231/95   121/57  653/285    89/95   17/285  -97/285]
[   -5/19   83/285  377/285   269/95  803/285    73/57    21/95 -103/285    -7/15    -9/95    43/57  593/285   179/95  617/285  263/285]
[    3/19  -37/285   17/285    69/95  533/285    85/57   151/95  617/285  347/285    71/95    43/57  353/285      1/5 -103/285 -127/285]
[   -1/19  233/285  617/285   189/95  653/285    61/57    31/95   17/285   77/285    91/95   121/57 1073/285   179/95  137/285 -127/285]
[  -17/19   -13/15 -103/285    59/95  593/285   115/57   231/95  377/285  197/285    51/95    49/57  473/285    89/95  197/285  263/285]
[   31/19  233/285  137/285    59/95  353/285      1/3    -9/95  -13/285  137/285   141/95   169/57  833/285   129/95   77/285  -97/285]
[   -9/19  -37/285  197/285   189/95 1073/285   115/57    71/95  -13/285 -103/285     -1/5    25/57  443/285   109/95  347/285  503/285]
[   15/19   83/285   77/285    69/95  473/285    61/57    91/95  377/285  617/285   141/95    73/57  443/285    29/95    -7/15 -217/285]
[  -11/19   23/285  347/285   269/95  833/285    85/57    51/95   17/285   17/285    51/95    85/57  833/285   269/95  347/285   23/285]
[  -11/19 -217/285    -7/15    29/95  443/285    73/57   141/95  617/285  377/285    91/95    61/57  473/285    69/95   77/285   83/285]
[   15/19  503/285  347/285   109/95  443/285    25/57     -1/5 -103/285  -13/285    71/95   115/57 1073/285   189/95  197/285  -37/285]
[   -9/19  -97/285   77/285   129/95  833/285   169/57   141/95  137/285  -13/285    -9/95      1/3  353/285    59/95  137/285  233/285]
[   31/19  263/285  197/285    89/95  473/285    49/57    51/95  197/285  377/285   231/95   115/57  593/285    59/95 -103/285   -13/15]
[  -17/19 -127/285  137/285   179/95 1073/285   121/57    91/95   77/285   17/285    31/95    61/57  653/285   189/95  617/285  233/285]
[   -1/19 -127/285 -103/285      1/5  353/285    43/57    71/95  347/285  617/285   151/95    85/57  533/285    69/95   17/285  -37/285]
[    3/19  263/285  617/285   179/95  593/285    43/57    -9/95    -7/15 -103/285    21/95    73/57  803/285   269/95  377/285   83/285]
[   -5/19  -97/285   17/285    89/95  653/285   121/57   231/95  347/285  137/285    21/95    25/57    17/15    29/95  -13/285   23/285]
[   13/19  503/285  377/285   129/95  533/285    49/57    31/95   77/285  197/285   151/95   169/57  803/285   109/95  -13/285 -217/285]
[       0        0        0        0        0        0        0        0        0        0        0        0        0        0        0]
Testing obstruction for
m1: 4, m2: 22,a: 2
[      -1 -271/285 -229/285   -53/95  -61/285    13/57    73/95  401/285  611/285   283/95   223/57 1409/285   387/95  941/285  749/285]
[   39/19  449/285  341/285    87/95    11/15    37/57    63/95  221/285  281/285   123/95    97/57  629/285   267/95 1001/285 1229/285]
[   99/19 1199/285  941/285   237/95  509/285    67/57    63/95   71/285    -1/15   -27/95   -23/57 -121/285   -33/95  -49/285   29/285]
[    9/19  269/285  431/285   207/95  839/285   217/57   453/95 1091/285  851/285   213/95    91/57  299/285      3/5   71/285   -1/285]
[   -3/19  -61/285  -49/285    -3/95   59/285    31/57    93/95  431/285  611/285   273/95   211/57 1319/285   347/95  791/285  569/285]
[   25/19    11/15   71/285   -13/95 -121/285   -35/57   -67/95 -199/285 -169/285   -37/95    -5/57   89/285    77/95  401/285  599/285]
[   55/19 1079/285 1361/285   367/95  869/285      7/3   163/95  341/285  221/285    43/95    13/57   29/285     7/95   41/285   89/285]
[   11/19  269/285  401/285   187/95  749/285   193/57   403/95 1481/285 1211/285     17/5   151/57  569/285   137/95  281/285  179/285]
[    7/19   59/285   41/285    17/95   89/285    31/57    83/95  371/285  521/285   233/95   181/57 1139/285   467/95    59/15  869/285]
[   43/19  449/285  281/285    47/95   29/285   -11/57   -37/95 -139/285 -139/285   -37/95   -11/57   29/285    47/95  281/285  449/285]
[   43/19  869/285    59/15   467/95 1139/285   181/57   233/95  521/285  371/285    83/95    31/57   89/285    17/95   41/285   59/285]
[    7/19  179/285  281/285   137/95  569/285   151/57     17/5 1211/285 1481/285   403/95   193/57  749/285   187/95  401/285  269/285]
[   11/19   89/285   41/285     7/95   29/285    13/57    43/95  221/285  341/285   163/95      7/3  869/285   367/95 1361/285 1079/285]
[   55/19  599/285  401/285    77/95   89/285    -5/57   -37/95 -169/285 -199/285   -67/95   -35/57 -121/285   -13/95   71/285    11/15]
[   25/19  569/285  791/285   347/95 1319/285   211/57   273/95  611/285  431/285    93/95    31/57   59/285    -3/95  -49/285  -61/285]
[   -3/19   -1/285   71/285      3/5  299/285    91/57   213/95  851/285 1091/285   453/95   217/57  839/285   207/95  431/285  269/285]
[    9/19   29/285  -49/285   -33/95 -121/285   -23/57   -27/95    -1/15   71/285    63/95    67/57  509/285   237/95  941/285 1199/285]
[   99/19 1229/285 1001/285   267/95  629/285    97/57   123/95  281/285  221/285    63/95    37/57    11/15    87/95  341/285  449/285]
[   39/19  749/285  941/285   387/95 1409/285   223/57   283/95  611/285  401/285    73/95    13/57  -61/285   -53/95 -229/285 -271/285]
[       0        0        0        0        0        0        0        0        0        0        0        0        0        0        0]
Testing obstruction for
m1: 6, m2: 18,a: 5
[      -1 -263/285 -197/285   -29/95   67/285    53/57   169/95  793/285  553/285   119/95    41/57   97/285    11/95   13/285   37/285]
[    7/19  217/285  373/285   191/95    43/15   107/57    99/95  103/285  -47/285   -51/95   -43/57 -233/285   -69/95 -137/285  -23/285]
[    9/19  337/285  583/285   291/95  637/285    89/57    99/95  193/285     7/15    39/95    29/57  217/285   111/95  493/285  697/285]
[   63/19  667/285  433/285    81/95   97/285    -1/57   -21/95  -77/285  -47/285     9/95    29/57  307/285      9/5  763/285 1057/285]
[   55/19  637/285  493/285   131/95  337/285    65/57   119/95  433/285  553/285   239/95   185/57 1177/285   301/95  673/285  487/285]
[   23/19    13/15  193/285    61/95  217/285    59/57   139/95  583/285  793/285   349/95   155/57  547/285   121/95  223/285  127/285]
[    5/19   67/285  103/285    61/95  307/285      5/3   229/95  943/285  673/285   149/95    53/57  127/285    11/95  -17/285  -23/285]
[    1/19   97/285  223/285   131/95  607/285   173/57   199/95  373/285  193/285      1/5    -7/57  -83/285   -29/95  -47/285   37/285]
[   11/19  337/285  553/285   271/95  547/285    65/57    49/95   13/285  -77/285   -41/95   -25/57  -83/285     1/95     7/15  307/285]
[   35/19  787/285  523/285   101/95  127/285    -1/57   -31/95 -137/285 -137/285   -31/95    -1/57  127/285   101/95  523/285  787/285]
[   35/19  307/285     7/15     1/95  -83/285   -25/57   -41/95  -77/285   13/285    49/95    65/57  547/285   271/95  553/285  337/285]
[   11/19   37/285  -47/285   -29/95  -83/285    -7/57      1/5  193/285  373/285   199/95   173/57  607/285   131/95  223/285   97/285]
[    1/19  -23/285  -17/285    11/95  127/285    53/57   149/95  673/285  943/285   229/95      5/3  307/285    61/95  103/285   67/285]
[    5/19  127/285  223/285   121/95  547/285   155/57   349/95  793/285  583/285   139/95    59/57  217/285    61/95  193/285    13/15]
[   23/19  487/285  673/285   301/95 1177/285   185/57   239/95  553/285  433/285   119/95    65/57  337/285   131/95  493/285  637/285]
[   55/19 1057/285  763/285      9/5  307/285    29/57     9/95  -47/285  -77/285   -21/95    -1/57   97/285    81/95  433/285  667/285]
[   63/19  697/285  493/285   111/95  217/285    29/57    39/95     7/15  193/285    99/95    89/57  637/285   291/95  583/285  337/285]
[    9/19  -23/285 -137/285   -69/95 -233/285   -43/57   -51/95  -47/285  103/285    99/95   107/57    43/15   191/95  373/285  217/285]
[    7/19   37/285   13/285    11/95   97/285    41/57   119/95  553/285  793/285   169/95    53/57   67/285   -29/95 -197/285 -263/285]
[       0        0        0        0        0        0        0        0        0        0        0        0        0        0        0]
Testing obstruction for
m1: 16, m2: 16,a: 13
[      -1 -223/285  -37/285    91/95  137/285    25/57    79/95  473/285  263/285    59/95    43/57  377/285   221/95 1073/285 1037/285]
[   75/19  767/285  533/285   141/95    23/15   115/57    89/95   83/285   23/285    29/95    55/57   17/285   -39/95 -127/285  -13/285]
[   15/19   17/285  -67/285    -9/95  137/285    85/57    89/95  233/285    17/15   179/95   175/57  767/285   261/95  923/285  617/285]
[   29/19  377/285  443/285   211/95  377/285    49/57    79/95  353/285   23/285   -61/95   -53/57 -223/285     -1/5  233/285   77/285]
[    3/19  137/285  353/285    41/95   17/285     7/57    59/95  443/285  833/285   259/95   169/57 1037/285   261/95  653/285  647/285]
[   51/19    23/15  233/285    51/95  197/285    73/57    29/95  -67/285  -97/285    -1/95    43/57  -13/285   -39/95  -97/285   47/285]
[   21/19  137/285   83/285    51/95  347/285      7/3   179/95  533/285  653/285   299/95   139/57  617/285   221/95  833/285  557/285]
[   27/19  377/285  473/285    41/95 -103/285   -41/57   -61/95  -37/285  233/285      1/5     1/57   77/285    91/95   23/285 -103/285]
[   -7/19   17/285  263/285   211/95  557/285   121/57   259/95 1073/285  923/285   299/95   199/57  647/285   141/95    17/15  347/285]
[   33/19  197/285   23/285    -9/95   47/285    49/57    -1/95 -127/285 -127/285    -1/95    49/57   47/285    -9/95   23/285  197/285]
[   33/19  347/285    17/15   141/95  647/285   199/57   299/95  923/285 1073/285   259/95   121/57  557/285   211/95  263/285   17/285]
[   -7/19 -103/285   23/285    91/95   77/285     1/57      1/5  233/285  -37/285   -61/95   -41/57 -103/285    41/95  473/285  377/285]
[   27/19  557/285  833/285   221/95  617/285   139/57   299/95  653/285  533/285   179/95      7/3  347/285    51/95   83/285  137/285]
[   21/19   47/285  -97/285   -39/95  -13/285    43/57    -1/95  -97/285  -67/285    29/95    73/57  197/285    51/95  233/285    23/15]
[   51/19  647/285  653/285   261/95 1037/285   169/57   259/95  833/285  443/285    59/95     7/57   17/285    41/95  353/285  137/285]
[    3/19   77/285  233/285     -1/5 -223/285   -53/57   -61/95   23/285  353/285    79/95    49/57  377/285   211/95  443/285  377/285]
[   29/19  617/285  923/285   261/95  767/285   175/57   179/95    17/15  233/285    89/95    85/57  137/285    -9/95  -67/285   17/285]
[   15/19  -13/285 -127/285   -39/95   17/285    55/57    29/95   23/285   83/285    89/95   115/57    23/15   141/95  533/285  767/285]
[   75/19 1037/285 1073/285   221/95  377/285    43/57    59/95  263/285  473/285    79/95    25/57  137/285    91/95  -37/285 -223/285]
[       0        0        0        0        0        0        0        0        0        0        0        0        0        0        0]
Testing obstruction for
m1: 72, m2: 72,a: 71
[      -1 -281/285 -269/285   -83/95 -221/285   -37/57   -47/95  -89/285  -29/285    13/95    23/57  199/285    97/95  391/285  499/285]
[   41/19  739/285  871/285   337/95    61/15   263/57   493/95 1651/285 1831/285   673/95   443/57 2419/285   877/95 2851/285 3079/285]
[  221/19 3559/285 3811/285  1357/95 4339/285   923/57  1633/95 4621/285   229/15  1363/95   767/57 3589/285  1117/95 3121/285 2899/285]
[  179/19 2479/285 2281/285   697/95 1909/285   347/57   523/95 1411/285 1261/285   373/95   197/57  859/285     13/5  631/285  529/285]
[   29/19  349/285  271/285    67/95  139/285    17/57    13/95    1/285  -29/285   -17/95   -13/57  -71/285   -23/95  -59/285  -41/285]
[   -1/19     1/15   61/285    37/95  169/285    47/57   103/95  391/285  481/285   193/95   137/57  799/285   307/95 1051/285 1189/285]
[   89/19 1489/285 1651/285   607/95 1999/285     23/3   793/95 2581/285 2791/285  1003/95   647/57 3469/285  1237/95 3961/285 4219/285]
[  299/19 4759/285 5041/285  1587/95 4489/285   845/57  1323/95 3721/285 3481/285     57/5   605/57 2809/285   867/95 2401/285 2209/285]
[  135/19 1849/285 1681/285   507/95 1369/285   245/57   363/95  961/285  841/285   243/95   125/57  529/285   147/95    19/15  289/285]
[   15/19  169/285  121/285    27/95   49/285     5/57     3/95    1/285    1/285     3/95     5/57   49/285    27/95  121/285  169/285]
[   15/19  289/285    19/15   147/95  529/285   125/57   243/95  841/285  961/285   363/95   245/57 1369/285   507/95 1681/285 1849/285]
[  135/19 2209/285 2401/285   867/95 2809/285   605/57     57/5 3481/285 3721/285  1323/95   845/57 4489/285  1587/95 5041/285 4759/285]
[  299/19 4219/285 3961/285  1237/95 3469/285   647/57  1003/95 2791/285 2581/285   793/95     23/3 1999/285   607/95 1651/285 1489/285]
[   89/19 1189/285 1051/285   307/95  799/285   137/57   193/95  481/285  391/285   103/95    47/57  169/285    37/95   61/285     1/15]
[   -1/19  -41/285  -59/285   -23/95  -71/285   -13/57   -17/95  -29/285    1/285    13/95    17/57  139/285    67/95  271/285  349/285]
[   29/19  529/285  631/285     13/5  859/285   197/57   373/95 1261/285 1411/285   523/95   347/57 1909/285   697/95 2281/285 2479/285]
[  179/19 2899/285 3121/285  1117/95 3589/285   767/57  1363/95   229/15 4621/285  1633/95   923/57 4339/285  1357/95 3811/285 3559/285]
[  221/19 3079/285 2851/285   877/95 2419/285   443/57   673/95 1831/285 1651/285   493/95   263/57    61/15   337/95  871/285  739/285]
[   41/19  499/285  391/285    97/95  199/285    23/57    13/95  -29/285  -89/285   -47/95   -37/57 -221/285   -83/95 -269/285 -281/285]
[       0        0        0        0        0        0        0        0        0        0        0        0        0        0        0]
---------------------------
SUCCESS for name = 13a2502
---------------------------
