13a1984
H_1 not cyclic will skip for now
13a1985
Correction terms
[      -1 -193/273   47/273   -33/91  -85/273 -457/273   -41/91   -25/39  -67/273  -115/91   83/273  125/273   -73/91   -31/21    17/39]
[   85/91    5/273  -85/273    -5/91  215/273   59/273     3/13 -319/273    5/273   -19/91   41/273   -19/21    57/91    29/39 -151/273]
[ -115/91  167/273  293/273    11/91  -67/273    -1/39    71/91   47/273   41/273     -9/7  -37/273 -109/273    -1/13 -319/273   89/273]
[   37/91 -253/273 -457/273    15/91    23/39 -109/273   -73/91   -13/21   41/273   -45/91 -151/273    -1/39   -83/91 -331/273 -253/273]
[   -5/91 -163/273 -151/273     1/13 -193/273   -19/21   -47/91  125/273    5/273    15/91   -43/39   59/273    11/91  167/273  -85/273]
[  -59/91 -109/273    17/39     -1/7  -37/273  125/273   -33/91 -163/273  -67/273     9/13   59/273   89/273   -89/91   83/273   47/273]
[   57/91     -1/3 -193/273   -45/91   83/273  -85/273   -31/91   59/273   -25/39   -83/91 -163/273   83/273   -19/91  -37/273   -31/21]
[   -3/13 -109/273    5/273   -89/91 -379/273 -331/273   -41/91   -43/39 -319/273   -59/91  125/273   41/273    -11/7 -193/273    29/39]
[   71/91 -163/273 -379/273    37/91  215/273  -67/273    -9/13 -151/273   47/273   -47/91   -13/21  -37/273    85/91    23/39 -319/273]
[  -31/91  293/273  293/273   -31/91 -319/273    23/39    85/91  -37/273   -13/21   -47/91   47/273 -151/273    -9/13  -67/273  215/273]
[   37/91 -379/273 -163/273    71/91    29/39 -193/273    -11/7   41/273  125/273   -59/91 -319/273   -43/39   -41/91 -331/273 -379/273]
[  -89/91    5/273 -109/273    -3/13   -31/21  -37/273   -19/91   83/273 -163/273   -83/91   -25/39   59/273   -31/91  -85/273   83/273]
[  -45/91 -193/273     -1/3    57/91   47/273   83/273   -89/91   89/273   59/273     9/13  -67/273 -163/273   -33/91  125/273  -37/273]
[    -1/7    17/39 -109/273   -59/91  -85/273  167/273    11/91   59/273   -43/39    15/91    5/273  125/273   -47/91   -19/21 -193/273]
[    1/13 -151/273 -163/273    -5/91 -253/273 -331/273   -83/91    -1/39 -151/273   -45/91   41/273   -13/21   -73/91 -109/273    23/39]
[   15/91 -457/273 -253/273    37/91   89/273 -319/273    -1/13 -109/273  -37/273     -9/7   41/273   47/273    71/91    -1/39  -67/273]
[   11/91  293/273  167/273  -115/91 -151/273    29/39    57/91   -19/21   41/273   -19/91    5/273 -319/273     3/13   59/273  215/273]
[   -5/91  -85/273    5/273    85/91    17/39   -31/21   -73/91  125/273   83/273  -115/91  -67/273   -25/39   -41/91 -457/273  -85/273]
[  -33/91   47/273 -193/273        0        0        0        0        0        0        0        0        0        0        0        0]
Testing obstruction for
m1: 2, m2: 46,a: 0
[      -1  -85/273  -67/273   -73/91    5/273   59/273   -19/91    29/39  293/273    71/91  509/273  635/273   197/91    71/21   155/39]
[  359/91 1445/273 1643/273   557/91 2075/273 2309/273   113/13 2813/273 3083/273   879/91 2567/273   179/21   639/91   269/39 1679/273]
[  435/91 1307/273 1139/273   267/91  839/273   101/39   135/91  479/273  383/273      3/7  227/273  167/273    -3/13   83/273   59/273]
[  -45/91   47/273   59/273   -33/91    17/39  167/273    15/91    23/21  383/273    99/91  587/273   101/39   219/91  983/273 1139/273]
[  375/91 1487/273 1679/273    81/13 2099/273   179/21   795/91 2819/273 3083/273   877/91   365/39 2309/273   631/91 1853/273 1643/273]
[  421/91 1259/273   155/39     19/7  773/273  635/273   109/91  395/273  293/273     1/13  125/273   59/273   -59/91  -37/273  -67/273]
[  -89/91     -1/3  -85/273   -83/91  -37/273    5/273   -41/91  125/273    29/39    37/91  395/273  509/273   151/91  773/273    71/21]
[   43/13 1259/273 1445/273   487/91 1853/273 2075/273   709/91   365/39 2813/273   967/91 2819/273 2567/273     55/7 2099/273   269/39]
[  499/91 1487/273 1307/273   319/91  983/273  839/273    25/13  587/273  479/273    67/91    23/21  227/273    -5/91    17/39   83/273]
[  -41/91   47/273   47/273   -41/91   83/273    17/39    -5/91  227/273    23/21    67/91  479/273  587/273    25/13  839/273  983/273]
[  319/91 1307/273 1487/273   499/91   269/39 2099/273     55/7 2567/273 2819/273   967/91 2813/273   365/39   709/91 2075/273 1853/273]
[  487/91 1445/273 1259/273    43/13    71/21  773/273   151/91  509/273  395/273    37/91    29/39  125/273   -41/91    5/273  -37/273]
[  -83/91  -85/273     -1/3   -89/91  -67/273  -37/273   -59/91   59/273  125/273     1/13  293/273  395/273   109/91  635/273  773/273]
[    19/7   155/39 1259/273   421/91 1643/273 1853/273   631/91 2309/273   365/39   877/91 3083/273 2819/273   795/91   179/21 2099/273]
[   81/13 1679/273 1487/273   375/91 1139/273  983/273   219/91   101/39  587/273    99/91  383/273    23/21    15/91  167/273    17/39]
[  -33/91   59/273   47/273   -45/91   59/273   83/273    -3/13  167/273  227/273      3/7  383/273  479/273   135/91   101/39  839/273]
[  267/91 1139/273 1307/273   435/91 1679/273   269/39   639/91   179/21 2567/273   879/91 3083/273 2813/273   113/13 2309/273 2075/273]
[  557/91 1643/273 1445/273   359/91   155/39    71/21   197/91  635/273  509/273    71/91  293/273    29/39   -19/91   59/273    5/273]
[  -73/91  -67/273  -85/273        0        0        0        0        0        0        0        0        0        0        0        0]
Unobstructed
4
---------------------------
---------------------------
13a1997
Correction terms
[      -1  101/329   75/329 -407/329  -29/329 -107/329   17/329   -45/47  213/329 -373/329  -99/329 -281/329 -261/329  -39/329   -39/47]
[-305/329 -135/329  237/329 -505/329  271/329  -67/329   -29/47 -137/329  131/329  -57/329  -43/329  173/329  -67/329   -15/47   59/329]
[-233/329  335/329 -211/329  103/329  -39/329     3/47 -375/329   89/329   97/329 -351/329   61/329   17/329    25/47 -123/329 -219/329]
[-113/329  195/329      1/7  101/329    51/47  157/329  159/329  363/329  111/329   61/329  213/329   -13/47 -193/329  -93/329  209/329]
[  55/329  103/329 -305/329    21/47  143/329 -317/329   83/329   27/329  173/329 -137/329    59/47 -151/329  145/329  -15/329   27/329]
[ 271/329   59/329     7/47  241/329  -23/329  -85/329   55/329  397/329 -375/329    53/47    3/329 -163/329 -127/329  111/329 -107/329]
[-123/329     9/47 -207/329  383/329     -3/7  195/329   75/329  157/329   -31/47  269/329  299/329 -127/329  307/329  285/329 -193/329]
[   27/47  115/329  243/329  -85/329 -211/329 -135/329  143/329    -5/47  -11/329  215/329  -15/329  -43/329  131/329 -151/329   -33/47]
[-109/329  215/329   83/329  153/329 -233/329  241/329    37/47 -179/329  243/329  209/329 -281/329   89/329    3/329    17/47 -221/329]
[ 299/329 -295/329  -29/329 -219/329 -207/329     1/47     -5/7 -275/329 -113/329  251/329 -499/329  269/329   -11/47 -221/329 -163/329]
[  97/329  -99/329  -93/329  115/329   -19/47 -179/329  -23/329 -323/329  237/329 -317/329  -11/329   -23/47 -109/329 -513/329  -57/329]
[ -57/329 -513/329 -109/329   -23/47  -11/329 -317/329  237/329 -323/329  -23/329 -179/329   -19/47  115/329  -93/329  -99/329   97/329]
[-163/329 -221/329   -11/47  269/329 -499/329  251/329 -113/329 -275/329     -5/7     1/47 -207/329 -219/329  -29/329 -295/329  299/329]
[-221/329    17/47    3/329   89/329 -281/329  209/329  243/329 -179/329    37/47  241/329 -233/329  153/329   83/329  215/329 -109/329]
[  -33/47 -151/329  131/329  -43/329  -15/329  215/329  -11/329    -5/47  143/329 -135/329 -211/329  -85/329  243/329  115/329    27/47]
[-193/329  285/329  307/329 -127/329  299/329  269/329   -31/47  157/329   75/329  195/329     -3/7  383/329 -207/329     9/47 -123/329]
[-107/329  111/329 -127/329 -163/329    3/329    53/47 -375/329  397/329   55/329  -85/329  -23/329  241/329     7/47   59/329  271/329]
[  27/329  -15/329  145/329 -151/329    59/47 -137/329  173/329   27/329   83/329 -317/329  143/329    21/47 -305/329  103/329   55/329]
[ 209/329  -93/329 -193/329   -13/47  213/329   61/329  111/329  363/329  159/329  157/329    51/47  101/329      1/7  195/329 -113/329]
[-219/329 -123/329    25/47   17/329   61/329 -351/329   97/329   89/329 -375/329     3/47  -39/329  103/329 -211/329  335/329 -233/329]
[  59/329   -15/47  -67/329  173/329  -43/329  -57/329  131/329 -137/329   -29/47  -67/329  271/329 -505/329  237/329 -135/329 -305/329]
[  -39/47  -39/329 -261/329 -281/329  -99/329 -373/329  213/329   -45/47   17/329 -107/329  -29/329 -407/329   75/329  101/329        0]
Testing obstruction for
m1: 4, m2: 24,a: 0
[      -1 -221/329  103/329  -15/329   83/329  397/329  269/329    51/47  661/329 1181/329 1259/329 1553/329 2063/329 1473/329   157/47]
[ 941/329  999/329  615/329  447/329  495/329  101/329   -11/47  -39/329  215/329   27/329   55/329  299/329  101/329    17/47  353/329]
[ 803/329  811/329 1035/329 1475/329 1473/329   241/47 1459/329 1447/329  993/329  755/329  733/329  269/329     3/47  -11/329  173/329]
[ -85/329 -127/329      1/7 -221/329   -39/47 -109/329  271/329  209/329  363/329  733/329  661/329   115/47 1165/329 1741/329 1875/329]
[1567/329 1475/329  941/329    89/47  521/329  635/329  307/329  195/329  299/329  -39/329   -23/47  -67/329  243/329  111/329  195/329]
[ 495/329  353/329    61/47  717/329 1223/329 1287/329 1567/329 2063/329 1459/329   153/47  899/329  943/329  545/329  363/329  397/329]
[ -11/329   -29/47 -179/329   61/329     -3/7 -127/329  103/329 -109/329   -15/47  115/329  551/329  545/329  755/329 1181/329 1165/329]
[  195/47 1781/329 1755/329 1287/329 1035/329  999/329  521/329    37/47  213/329  383/329  111/329   55/329  215/329  -67/329   -19/47]
[  17/329  383/329  307/329  447/329  803/329  717/329   121/47 1193/329 1755/329 1875/329 1553/329 1447/329  899/329    81/47  451/329]
[ 551/329  209/329   83/329  173/329 -179/329   -45/47     -5/7   61/329  -85/329  -15/329  271/329  115/329    25/47  451/329  943/329]
[ 993/329 1259/329 1741/329 1781/329   197/47 1193/329 1223/329  811/329  615/329  635/329  213/329     1/47   17/329  243/329   27/329]
[  27/329  243/329   17/329     1/47  213/329  635/329  615/329  811/329 1223/329 1193/329   197/47 1781/329 1741/329 1259/329  993/329]
[ 943/329  451/329    25/47  115/329  271/329  -15/329  -85/329   61/329     -5/7   -45/47 -179/329  173/329   83/329  209/329  551/329]
[ 451/329    81/47  899/329 1447/329 1553/329 1875/329 1755/329 1193/329   121/47  717/329  803/329  447/329  307/329  383/329   17/329]
[  -19/47  -67/329  215/329   55/329  111/329  383/329  213/329    37/47  521/329  999/329 1035/329 1287/329 1755/329 1781/329   195/47]
[1165/329 1181/329  755/329  545/329  551/329  115/329   -15/47 -109/329  103/329 -127/329     -3/7   61/329 -179/329   -29/47  -11/329]
[ 397/329  363/329  545/329  943/329  899/329   153/47 1459/329 2063/329 1567/329 1287/329 1223/329  717/329    61/47  353/329  495/329]
[ 195/329  111/329  243/329  -67/329   -23/47  -39/329  299/329  195/329  307/329  635/329  521/329    89/47  941/329 1475/329 1567/329]
[1875/329 1741/329 1165/329   115/47  661/329  733/329  363/329  209/329  271/329 -109/329   -39/47 -221/329      1/7 -127/329  -85/329]
[ 173/329  -11/329     3/47  269/329  733/329  755/329  993/329 1447/329 1459/329   241/47 1473/329 1475/329 1035/329  811/329  803/329]
[ 353/329    17/47  101/329  299/329   55/329   27/329  215/329  -39/329   -11/47  101/329  495/329  447/329  615/329  999/329  941/329]
[  157/47 1473/329 2063/329 1553/329 1259/329 1181/329  661/329    51/47  269/329  397/329   83/329  -15/329  103/329 -221/329        0]
Unobstructed
134
---------------------------
---------------------------
13a2025
H_1 not cyclic will skip for now
13a2030
Correction terms
[      -1  111/241 -279/241   35/241   89/241 -117/241 -101/241  137/241  115/241 -167/241  255/241  -65/241 -163/241  -39/241 -175/241]
[ -89/241 -263/241 -215/241   55/241   65/241 -185/241  269/241  -19/241  -85/241   71/241  -33/241   85/241  -57/241   23/241 -157/241]
[-115/241 -333/241  153/241 -103/241 -137/241   51/241  -21/241  129/241   19/241  131/241  -17/241   57/241 -129/241  -93/241 -317/241]
[-319/241  -99/241 -139/241   43/241  -35/241  109/241   -7/241   99/241  -55/241   13/241 -179/241 -149/241  103/241   95/241 -173/241]
[-219/241  -43/241 -127/241   11/241 -111/241  -11/241 -171/241 -109/241  175/241  199/241  -37/241  -51/241  157/241 -377/241 -207/241]
[-297/241 -165/241 -293/241 -199/241  117/241  173/241  -31/241  -13/241  227/241 -275/241  -73/241 -131/241   33/241  -63/241   63/241]
[ -71/241   17/241 -155/241 -105/241  167/241 -303/241  -69/241  -95/241  101/241   37/241  195/241   93/241 -269/241   73/241 -327/241]
[ -23/241 -461/241 -195/241 -189/241   39/241    7/241  197/241  127/241 -203/241  171/241 -197/241  139/241 -267/241   31/241   69/241]
[-153/241 -153/241   69/241   31/241 -267/241  139/241 -197/241  171/241 -203/241  127/241  197/241    7/241   39/241 -189/241 -195/241]
[-461/241  -23/241 -327/241   73/241 -269/241   93/241  195/241   37/241  101/241  -95/241  -69/241 -303/241  167/241 -105/241 -155/241]
[  17/241  -71/241   63/241  -63/241   33/241 -131/241  -73/241 -275/241  227/241  -13/241  -31/241  173/241  117/241 -199/241 -293/241]
[-165/241 -297/241 -207/241 -377/241  157/241  -51/241  -37/241  199/241  175/241 -109/241 -171/241  -11/241 -111/241   11/241 -127/241]
[ -43/241 -219/241 -173/241   95/241  103/241 -149/241 -179/241   13/241  -55/241   99/241   -7/241  109/241  -35/241   43/241 -139/241]
[ -99/241 -319/241 -317/241  -93/241 -129/241   57/241  -17/241  131/241   19/241  129/241  -21/241   51/241 -137/241 -103/241  153/241]
[-333/241 -115/241 -157/241   23/241  -57/241   85/241  -33/241   71/241  -85/241  -19/241  269/241 -185/241   65/241   55/241 -215/241]
[-263/241  -89/241 -175/241  -39/241 -163/241  -65/241  255/241 -167/241  115/241  137/241 -101/241 -117/241   89/241   35/241 -279/241]
[ 111/241        0        0        0        0        0        0        0        0        0        0        0        0        0        0]
Testing obstruction for
m1: 4, m2: 18,a: 1
[      -1 -227/241 -185/241 -115/241  -17/241  109/241  263/241  445/241  655/241  893/241  677/241  489/241  329/241  197/241   93/241]
[  17/241  -31/241  -51/241  -43/241   -7/241   57/241  149/241  269/241  417/241  593/241  797/241 1029/241  807/241  613/241  447/241]
[ 309/241  199/241  117/241   63/241   37/241   39/241   69/241  127/241  213/241  327/241  469/241  639/241  837/241 1063/241  835/241]
[ 635/241  463/241  319/241  203/241  115/241   55/241   23/241   19/241   43/241   95/241  175/241  283/241  419/241  583/241  775/241]
[ 995/241  761/241  555/241  377/241  227/241  105/241   11/241  -55/241  -93/241 -103/241  -85/241  -39/241   35/241  137/241  267/241]
[ 425/241  611/241  825/241 1067/241  855/241  671/241  515/241  387/241  287/241  215/241  171/241  155/241  167/241  207/241  275/241]
[ 371/241  495/241  647/241  827/241 1035/241  789/241  571/241  381/241  219/241   85/241  -21/241  -99/241 -149/241 -171/241 -165/241]
[-131/241  -69/241   21/241  139/241  285/241  459/241  661/241  891/241  667/241  471/241  303/241  163/241   51/241  -33/241  -89/241]
[-117/241 -117/241  -89/241  -33/241   51/241  163/241  303/241  471/241  667/241  891/241  661/241  459/241  285/241  139/241   21/241]
[ -69/241 -131/241 -165/241 -171/241 -149/241  -99/241  -21/241   85/241  219/241  381/241  571/241  789/241 1035/241  827/241  647/241]
[ 495/241  371/241  275/241  207/241  167/241  155/241  171/241  215/241  287/241  387/241  515/241  671/241  855/241 1067/241  825/241]
[ 611/241  425/241  267/241  137/241   35/241  -39/241  -85/241 -103/241  -93/241  -55/241   11/241  105/241  227/241  377/241  555/241]
[ 761/241  995/241  775/241  583/241  419/241  283/241  175/241   95/241   43/241   19/241   23/241   55/241  115/241  203/241  319/241]
[ 463/241  635/241  835/241 1063/241  837/241  639/241  469/241  327/241  213/241  127/241   69/241   39/241   37/241   63/241  117/241]
[ 199/241  309/241  447/241  613/241  807/241 1029/241  797/241  593/241  417/241  269/241  149/241   57/241   -7/241  -43/241  -51/241]
[ -31/241   17/241   93/241  197/241  329/241  489/241  677/241  893/241  655/241  445/241  263/241  109/241  -17/241 -115/241 -185/241]
[-227/241        0        0        0        0        0        0        0        0        0        0        0        0        0        0]
Testing obstruction for
m1: 6, m2: 16,a: 5
[      -1 -219/241 -153/241  -43/241  111/241  309/241  551/241  355/241  203/241   95/241   31/241   11/241   35/241  103/241  215/241]
[ 371/241  571/241  333/241  139/241  -11/241 -117/241 -179/241 -197/241 -171/241 -101/241   13/241  171/241  373/241  619/241  427/241]
[ 279/241  175/241  115/241   99/241  127/241  199/241  315/241  475/241  679/241  445/241  255/241  109/241    7/241  -51/241  -65/241]
[ -35/241   39/241  157/241  319/241  525/241  775/241  587/241  443/241  343/241  287/241  275/241  307/241  383/241  503/241  667/241]
[ 875/241  645/241  459/241  317/241  219/241  165/241  155/241  189/241  267/241  389/241  555/241  765/241  537/241  353/241  213/241]
[ 117/241   65/241   57/241   93/241  173/241  297/241  465/241  677/241  451/241  269/241  131/241   37/241  -13/241  -19/241   19/241]
[ 101/241  227/241  397/241  611/241  387/241  207/241   71/241  -21/241  -69/241  -73/241  -33/241   51/241  179/241  351/241  567/241]
[ 345/241  167/241   33/241  -57/241 -103/241 -105/241  -63/241   23/241  153/241  327/241  545/241  325/241  149/241   17/241  -71/241]
[-115/241 -115/241  -71/241   17/241  149/241  325/241  545/241  327/241  153/241   23/241  -63/241 -105/241 -103/241  -57/241   33/241]
[ 167/241  345/241  567/241  351/241  179/241   51/241  -33/241  -73/241  -69/241  -21/241   71/241  207/241  387/241  611/241  397/241]
[ 227/241  101/241   19/241  -19/241  -13/241   37/241  131/241  269/241  451/241  677/241  465/241  297/241  173/241   93/241   57/241]
[  65/241  117/241  213/241  353/241  537/241  765/241  555/241  389/241  267/241  189/241  155/241  165/241  219/241  317/241  459/241]
[ 645/241  875/241  667/241  503/241  383/241  307/241  275/241  287/241  343/241  443/241  587/241  775/241  525/241  319/241  157/241]
[  39/241  -35/241  -65/241  -51/241    7/241  109/241  255/241  445/241  679/241  475/241  315/241  199/241  127/241   99/241  115/241]
[ 175/241  279/241  427/241  619/241  373/241  171/241   13/241 -101/241 -171/241 -197/241 -179/241 -117/241  -11/241  139/241  333/241]
[ 571/241  371/241  215/241  103/241   35/241   11/241   31/241   95/241  203/241  355/241  551/241  309/241  111/241  -43/241 -153/241]
[-219/241        0        0        0        0        0        0        0        0        0        0        0        0        0        0]
Unobstructed
60
---------------------------
---------------------------
