13a4198
Correction terms
[      -1  207/325 -147/325  -87/325 -263/325    -1/13  -23/325  393/325  -77/325 -133/325     9/13  347/325  233/325    -9/25  -53/325]
[   17/13   17/325   23/325 -207/325  -23/325    -3/13  287/325 -237/325 -347/325  -43/325     1/13   -11/25  103/325  113/325 -113/325]
[    3/13   27/325  393/325 -127/325 -233/325     3/13  147/325  -17/325  233/325   -31/25     1/13  217/325  173/325 -107/325   27/325]
[   -3/13  237/325  313/325  153/325 -243/325    17/13  207/325    31/25 -287/325   87/325     9/13  127/325 -207/325 -127/325 -283/325]
[   -1/13   -3/325 -217/325  -17/325  -53/325       -1 -183/325  373/325   43/325  127/325    -1/13  237/325  263/325   53/325  257/325]
[    9/13  -43/325  103/325     1/25 -313/325    -9/13  277/325 -107/325  -77/325 -283/325    -3/13 -103/325  283/325 -217/325  347/325]
[    1/13     9/25  -27/325  243/325  277/325     3/13 -363/325  263/325    3/325  157/325     3/13 -243/325 -147/325  363/325    -1/25]
[    1/13 -173/325   43/325   23/325  417/325    -3/13 -153/325  183/325  283/325  147/325    -9/13 -183/325    21/25 -157/325 -173/325]
[    9/13 -263/325 -337/325    3/325  107/325    -1/13  257/325 -347/325  113/325  337/325        1   77/325  243/325  173/325  517/325]
[   -1/13 -153/325  133/325  183/325   -3/325     9/13 -433/325  -27/325    11/25   77/325    -9/13 -113/325 -237/325   53/325  107/325]
[   -3/13  157/325  153/325  -87/325   87/325     1/13    29/25 -157/325 -277/325   17/325     3/13 -103/325  133/325  133/325 -103/325]
[    3/13   17/325 -277/325 -157/325    29/25     1/13   87/325  -87/325  153/325  157/325    -3/13  107/325   53/325 -237/325 -113/325]
[   -9/13   77/325    11/25  -27/325 -433/325     9/13   -3/325  183/325  133/325 -153/325    -1/13  517/325  173/325  243/325   77/325]
[       1  337/325  113/325 -347/325  257/325    -1/13  107/325    3/325 -337/325 -263/325     9/13 -173/325 -157/325    21/25 -183/325]
[   -9/13  147/325  283/325  183/325 -153/325    -3/13  417/325   23/325   43/325 -173/325     1/13    -1/25  363/325 -147/325 -243/325]
[    3/13  157/325    3/325  263/325 -363/325     3/13  277/325  243/325  -27/325     9/25     1/13  347/325 -217/325  283/325 -103/325]
[   -3/13 -283/325  -77/325 -107/325  277/325    -9/13 -313/325     1/25  103/325  -43/325     9/13  257/325   53/325  263/325  237/325]
[   -1/13  127/325   43/325  373/325 -183/325       -1  -53/325  -17/325 -217/325   -3/325    -1/13 -283/325 -127/325 -207/325  127/325]
[    9/13   87/325 -287/325    31/25  207/325    17/13 -243/325  153/325  313/325  237/325    -3/13   27/325 -107/325  173/325  217/325]
[    1/13   -31/25  233/325  -17/325  147/325     3/13 -233/325 -127/325  393/325   27/325     3/13 -113/325  113/325  103/325   -11/25]
[    1/13  -43/325 -347/325 -237/325  287/325    -3/13  -23/325 -207/325   23/325   17/325    17/13  -53/325    -9/25  233/325  347/325]
[    9/13 -133/325  -77/325  393/325  -23/325    -1/13 -263/325  -87/325 -147/325  207/325        0        0        0        0        0]
Testing obstruction for
m1: 4, m2: 24,a: 1
[      -1 -311/325 -269/325 -199/325 -101/325     1/13  179/325  361/325  571/325  809/325    43/13 1369/325 1691/325   107/25 1119/325]
[   35/13  659/325  471/325  311/325  179/325     3/13   -1/325  -49/325  -69/325  -61/325    -1/13     3/25  131/325  251/325  399/325]
[   23/13  779/325 1011/325 1271/325 1559/325    75/13 1569/325 1291/325 1041/325    63/25    25/13  459/325  321/325  211/325  129/325]
[    3/13   49/325   51/325   81/325  139/325     9/13  339/325    37/25  651/325  849/325    43/13 1329/325 1611/325 1921/325 1609/325]
[   53/13 1069/325  841/325  641/325  469/325        1  209/325  121/325   61/325   29/325     1/13   49/325  101/325  181/325  289/325]
[   17/13  589/325  781/325    77/25 1249/325    61/13 1829/325 1511/325 1221/325  959/325    29/13  519/325  341/325  191/325   69/325]
[   -1/13    -7/25 -129/325 -139/325 -121/325    -3/13   -1/325  101/325  231/325  389/325    23/13  789/325 1031/325 1301/325   123/25]
[   77/13 1629/325 1361/325 1121/325  909/325    29/13  569/325  441/325  341/325  269/325     9/13  209/325    17/25  261/325  329/325]
[   17/13  549/325  701/325  881/325 1089/325    53/13 1589/325 1881/325 1551/325 1249/325        3  729/325  511/325  321/325  159/325]
[    1/13  -81/325 -159/325 -209/325 -231/325    -9/13 -191/325 -129/325    -3/25   79/325     9/13  399/325  601/325  831/325 1089/325]
[   55/13 1689/325 1381/325 1101/325  849/325    25/13    33/25  261/325  121/325    9/325    -3/13 -131/325 -159/325 -159/325 -131/325]
[   -3/13    9/325  121/325  261/325    33/25    25/13  849/325 1101/325 1381/325 1689/325    55/13 1089/325  831/325  601/325  399/325]
[    9/13   79/325    -3/25 -129/325 -191/325    -9/13 -231/325 -209/325 -159/325  -81/325     1/13  159/325  321/325  511/325  729/325]
[       3 1249/325 1551/325 1881/325 1589/325    53/13 1089/325  881/325  701/325  549/325    17/13  329/325  261/325    17/25  209/325]
[    9/13  269/325  341/325  441/325  569/325    29/13  909/325 1121/325 1361/325 1629/325    77/13   123/25 1301/325 1031/325  789/325]
[   23/13  389/325  231/325  101/325   -1/325    -3/13 -121/325 -139/325 -129/325    -7/25    -1/13   69/325  191/325  341/325  519/325]
[   29/13  959/325 1221/325 1511/325 1829/325    61/13 1249/325    77/25  781/325  589/325    17/13  289/325  181/325  101/325   49/325]
[    1/13   29/325   61/325  121/325  209/325        1  469/325  641/325  841/325 1069/325    53/13 1609/325 1921/325 1611/325 1329/325]
[   43/13  849/325  651/325    37/25  339/325     9/13  139/325   81/325   51/325   49/325     3/13  129/325  211/325  321/325  459/325]
[   25/13    63/25 1041/325 1291/325 1569/325    75/13 1559/325 1271/325 1011/325  779/325    23/13  399/325  251/325  131/325     3/25]
[   -1/13  -61/325  -69/325  -49/325   -1/325     3/13  179/325  311/325  471/325  659/325    35/13 1119/325   107/25 1691/325 1369/325]
[   43/13  809/325  571/325  361/325  179/325     1/13 -101/325 -199/325 -269/325 -311/325        0        0        0        0        0]
Testing obstruction for
m1: 6, m2: 16,a: 2
[      -1 -303/325 -237/325 -127/325   27/325     9/13  467/325  753/325 1083/325  807/325    23/13  387/325  243/325    11/25   87/325]
[    3/13  107/325  183/325  303/325  467/325    27/13  927/325 1223/325  913/325  647/325    17/13    19/25  113/325   23/325  -23/325]
[   -1/13   17/325  103/325  233/325  407/325    25/13  887/325 1193/325  893/325    49/25    17/13  257/325  133/325   53/325   17/325]
[    1/13   77/325  173/325  313/325  497/325    29/13  997/325   101/25 1023/325  777/325    23/13  417/325  303/325  233/325  207/325]
[    9/13  287/325  393/325  543/325  737/325        3 1257/325  933/325  653/325  417/325     9/13   77/325  -27/325  -87/325 -103/325]
[   -3/13   -3/325  113/325    21/25  477/325    29/13 1017/325  703/325  433/325  207/325     1/13 -113/325 -207/325 -257/325 -263/325]
[   -9/13   -11/25  -17/325  153/325  367/325    25/13  927/325 1273/325 1013/325  797/325    25/13  497/325  413/325  373/325    29/25]
[   17/13  517/325  653/325  833/325 1057/325    53/13  987/325  693/325  443/325  237/325     3/13  -43/325    -9/25 -147/325 -133/325]
[   -3/13   27/325  173/325  363/325  597/325    35/13 1197/325  913/325  673/325  477/325        1  217/325  153/325  133/325  157/325]
[    9/13  337/325  493/325  693/325  937/325    49/13  907/325  633/325    31/25  217/325     3/13  -23/325  -77/325  -87/325  -53/325]
[    1/13  147/325  313/325  523/325  777/325    43/13    59/25  503/325  283/325  107/325    -1/13 -113/325 -157/325 -157/325 -113/325]
[   -1/13  107/325  283/325  503/325    59/25    43/13  777/325  523/325  313/325  147/325     1/13  -53/325  -87/325  -77/325  -23/325]
[    3/13  217/325    31/25  633/325  907/325    49/13  937/325  693/325  493/325  337/325     9/13  157/325  133/325  153/325  217/325]
[       1  477/325  673/325  913/325 1197/325    35/13  597/325  363/325  173/325   27/325    -3/13 -133/325 -147/325    -9/25  -43/325]
[    3/13  237/325  443/325  693/325  987/325    53/13 1057/325  833/325  653/325  517/325    17/13    29/25  373/325  413/325  497/325]
[   25/13  797/325 1013/325 1273/325  927/325    25/13  367/325  153/325  -17/325   -11/25    -9/13 -263/325 -257/325 -207/325 -113/325]
[    1/13  207/325  433/325  703/325 1017/325    29/13  477/325    21/25  113/325   -3/325    -3/13 -103/325  -87/325  -27/325   77/325]
[    9/13  417/325  653/325  933/325 1257/325        3  737/325  543/325  393/325  287/325     9/13  207/325  233/325  303/325  417/325]
[   23/13  777/325 1023/325   101/25  997/325    29/13  497/325  313/325  173/325   77/325     1/13   17/325   53/325  133/325  257/325]
[   17/13    49/25  893/325 1193/325  887/325    25/13  407/325  233/325  103/325   17/325    -1/13  -23/325   23/325  113/325    19/25]
[   17/13  647/325  913/325 1223/325  927/325    27/13  467/325  303/325  183/325  107/325     3/13   87/325    11/25  243/325  387/325]
[   23/13  807/325 1083/325  753/325  467/325     9/13   27/325 -127/325 -237/325 -303/325        0        0        0        0        0]
Testing obstruction for
m1: 10, m2: 10,a: 3
[      -1 -287/325 -173/325   17/325  283/325    25/13  393/325  237/325  157/325  153/325     9/13  373/325  597/325    69/25  623/325]
[   17/13  303/325  257/325  287/325  393/325    23/13  833/325  517/325  277/325  113/325     1/13     1/25   77/325  217/325  433/325]
[   29/13  443/325  237/325  107/325   53/325     3/13  173/325  347/325  597/325    71/25    27/13  503/325  407/325  387/325  443/325]
[   23/13  783/325  417/325  127/325  -87/325    -9/13 -287/325   -21/25 -183/325  -17/325     9/13  543/325  287/325  107/325    3/325]
[   -1/13   23/325  147/325  347/325  623/325        3  753/325  607/325  537/325  543/325    25/13  783/325 1017/325  677/325  413/325]
[    9/13  113/325   77/325     9/25  233/325    17/13  693/325  387/325  157/325    3/325    -3/13  -77/325   -3/325  147/325  373/325]
[   27/13    81/25  857/325  737/325  693/325    29/13  833/325 1017/325  627/325  313/325     3/13  -87/325 -173/325 -183/325    -9/25]
[    1/13  243/325  537/325  257/325   53/325    -3/13 -127/325 -103/325   -3/325  173/325    17/13  753/325    39/25  337/325  243/325]
[    9/13  283/325  417/325  627/325  913/325    25/13  413/325  277/325  217/325  233/325        1  493/325  737/325  407/325  153/325]
[   -1/13 -127/325 -153/325 -103/325   23/325     9/13  503/325  857/325    49/25  493/325    17/13  433/325  517/325  677/325  913/325]
[   23/13  313/325  127/325   17/325  -17/325     1/13    11/25  337/325  607/325  303/325     3/13  -77/325 -153/325 -153/325  -77/325]
[    3/13  303/325  607/325  337/325    11/25     1/13  -17/325   17/325  127/325  313/325    23/13  913/325  677/325  517/325  433/325]
[   17/13  493/325    49/25  857/325  503/325     9/13   23/325 -103/325 -153/325 -127/325    -1/13  153/325  407/325  737/325  493/325]
[       1  233/325  217/325  277/325  413/325    25/13  913/325  627/325  417/325  283/325     9/13  243/325  337/325    39/25  753/325]
[   17/13  173/325   -3/325 -103/325 -127/325    -3/13   53/325  257/325  537/325  243/325     1/13    -9/25 -183/325 -173/325  -87/325]
[    3/13  313/325  627/325 1017/325  833/325    29/13  693/325  737/325  857/325    81/25    27/13  373/325  147/325   -3/325  -77/325]
[   -3/13    3/325  157/325  387/325  693/325    17/13  233/325     9/25   77/325  113/325     9/13  413/325  677/325 1017/325  783/325]
[   25/13  543/325  537/325  607/325  753/325        3  623/325  347/325  147/325   23/325    -1/13    3/325  107/325  287/325  543/325]
[    9/13  -17/325 -183/325   -21/25 -287/325    -9/13  -87/325  127/325  417/325  783/325    23/13  443/325  387/325  407/325  503/325]
[   27/13    71/25  597/325  347/325  173/325     3/13   53/325  107/325  237/325  443/325    29/13  433/325  217/325   77/325     1/25]
[    1/13  113/325  277/325  517/325  833/325    23/13  393/325  287/325  257/325  303/325    17/13  623/325    69/25  597/325  373/325]
[    9/13  153/325  157/325  237/325  393/325    25/13  283/325   17/325 -173/325 -287/325        0        0        0        0        0]
[-287/325, -173/325, 17/325, 283/325, 25/13, 393/325, 237/325, 157/325, 153/325, 9/13, 373/325, 597/325, 69/25, 623/325, 17/13, 303/325, 257/325, 287/325, 393/325, 23/13, 833/325, 517/325, 277/325, 113/325, 1/13, 1/25, 77/325, 217/325, 433/325, 29/13, 443/325, 237/325, 107/325, 53/325, 3/13, 173/325, 347/325, 597/325, 71/25, 27/13, 503/325, 407/325, 387/325, 443/325, 23/13, 783/325, 417/325, 127/325, -87/325, -9/13]
53 [-287/325, -173/325, 17/325, 283/325, -1/13, 393/325, 237/325, 157/325, 153/325, 9/13, 373/325, -53/325, -31/25, -27/325, -9/13, -347/325, 257/325, 287/325, 393/325, -3/13, 183/325, 517/325, 277/325, 113/325, 1/13, 1/25, 77/325, -433/325, -217/325, 3/13, -207/325, 237/325, 107/325, 53/325, 3/13, 173/325, 347/325, -53/325, 21/25, 1/13, -147/325, -243/325, -263/325, -207/325, -3/13, 133/325, 417/325, 127/325, -87/325, 17/13]
Testing obstruction for
m1: 18, m2: 18,a: 15
Obstructed by Z^n/Q not being cyclic
Testing obstruction for
m1: 82, m2: 82,a: 81
[      -1 -321/325 -309/325 -289/325 -261/325    -9/13 -181/325 -129/325  -69/325   -1/325     3/13  159/325  251/325    27/25  459/325]
[   23/13  699/325  831/325  971/325 1119/325    51/13 1439/325 1611/325 1791/325 1979/325    87/13   183/25 2591/325 2811/325 3039/325]
[  131/13 3519/325 3771/325 4031/325 4299/325   183/13 4859/325 5151/325 5451/325   443/25   243/13 6399/325 6081/325 5771/325 5469/325]
[  207/13 4889/325 4611/325 4341/325 4079/325   153/13 3579/325   257/25 3111/325 2889/325   107/13 2469/325 2271/325 2081/325 1899/325]
[   69/13 1559/325 1401/325 1251/325 1109/325        3  849/325  731/325  621/325  519/325    17/13  339/325  261/325  191/325  129/325]
[    3/13   29/325   -9/325    -3/25  -61/325    -3/13  -81/325  -79/325  -69/325  -51/325    -1/13    9/325   51/325  101/325  159/325]
[    9/13    23/25  381/325  471/325  569/325    27/13  789/325  911/325 1041/325 1179/325    53/13 1479/325 1641/325 1811/325   153/25]
[   87/13 2369/325 2571/325 2781/325 2999/325   129/13 3459/325 3701/325 3951/325 4209/325   179/13 4749/325   387/25 5321/325 5619/325]
[  237/13 6239/325 6561/325 6241/325 5929/325   225/13 5329/325 5041/325 4761/325 4489/325       13 3969/325 3721/325 3481/325 3249/325]
[  121/13 2809/325 2601/325 2401/325 2209/325    81/13 1849/325 1681/325   117/25 1369/325    49/13 1089/325  961/325  841/325  729/325]
[   25/13  529/325  441/325  361/325  289/325     9/13    13/25  121/325   81/325   49/325     1/13    9/325    1/325    1/325    9/325]
[    1/13   49/325   81/325  121/325    13/25     9/13  289/325  361/325  441/325  529/325    25/13  729/325  841/325  961/325 1089/325]
[   49/13 1369/325   117/25 1681/325 1849/325    81/13 2209/325 2401/325 2601/325 2809/325   121/13 3249/325 3481/325 3721/325 3969/325]
[      13 4489/325 4761/325 5041/325 5329/325   225/13 5929/325 6241/325 6561/325 6239/325   237/13 5619/325 5321/325   387/25 4749/325]
[  179/13 4209/325 3951/325 3701/325 3459/325   129/13 2999/325 2781/325 2571/325 2369/325    87/13   153/25 1811/325 1641/325 1479/325]
[   53/13 1179/325 1041/325  911/325  789/325    27/13  569/325  471/325  381/325    23/25     9/13  159/325  101/325   51/325    9/325]
[   -1/13  -51/325  -69/325  -79/325  -81/325    -3/13  -61/325    -3/25   -9/325   29/325     3/13  129/325  191/325  261/325  339/325]
[   17/13  519/325  621/325  731/325  849/325        3 1109/325 1251/325 1401/325 1559/325    69/13 1899/325 2081/325 2271/325 2469/325]
[  107/13 2889/325 3111/325   257/25 3579/325   153/13 4079/325 4341/325 4611/325 4889/325   207/13 5469/325 5771/325 6081/325 6399/325]
[  243/13   443/25 5451/325 5151/325 4859/325   183/13 4299/325 4031/325 3771/325 3519/325   131/13 3039/325 2811/325 2591/325   183/25]
[   87/13 1979/325 1791/325 1611/325 1439/325    51/13 1119/325  971/325  831/325  699/325    23/13  459/325    27/25  251/325  159/325]
[    3/13   -1/325  -69/325 -129/325 -181/325    -9/13 -261/325 -289/325 -309/325 -321/325        0        0        0        0        0]
---------------------------
SUCCESS for name = 13a4198
---------------------------
13a4200
Correction terms
[      -1  341/357  293/357   71/119  101/357  -43/357  -73/119    41/51   47/357  163/119  185/357 -151/357   65/119 -205/357    11/51]
[ 109/119 -169/357     1/21   57/119 -421/357  383/357    21/17 -247/357  461/357  -97/119 -361/357  251/357   39/119    -7/51  467/357]
[-159/119  -25/357  395/357   23/119    25/21     5/51 -129/119 -127/357  101/357   99/119  461/357 -121/357    -1/17   47/357   83/357]
[  29/119   59/357   -1/357  -31/119   -31/51  341/357      3/7  -67/357  395/357   37/119 -205/357    23/51  -73/119   83/357  353/357]
[ -41/119   83/357  257/357   -15/17  509/357 -127/357  -27/119  -67/357    -5/21  -45/119    71/51 -331/357   79/119   59/357 -151/357]
[ 107/119   47/357   -37/51   39/119 -253/357   59/357  113/119 -127/357   89/357    13/17   -17/21 -169/357  -27/119  -25/357   -1/357]
[  -3/119    -7/51 -121/357  -75/119  353/357  185/357   -5/119 -247/357    29/51  -31/119  293/357  -67/357      5/7 -169/357   89/357]
[   15/17 -205/357  -43/357   29/119  185/357  251/357   95/119   -61/51  257/357   65/119  101/357  -25/357  -61/119 -373/357      1/3]
[ -45/119  293/357  -25/357 -125/119  -43/357  257/357    -9/17   47/357  251/357  -97/119 -151/357  -43/357   11/119    11/51   89/357]
[  23/119     1/21  -67/357  -61/119  383/357    29/51   -3/119 -253/357  185/357  -41/119  251/357 -121/357     9/17 -247/357   -1/357]
[  71/119  395/357 -169/357     -1/7     5/51   89/357   37/119  101/357   59/357   -5/119 -121/357   -37/51   95/119   83/357 -151/357]
[  99/119   -1/357 -331/357     1/17  341/357    -5/21   57/119 -319/357 -127/357   11/119    23/51  257/357  107/119 -361/357 -361/357]
[ 107/119  257/357    23/51   11/119 -127/357 -319/357   57/119    -5/21  341/357     1/17 -331/357   -1/357   99/119 -151/357   83/357]
[  95/119   -37/51 -121/357   -5/119   59/357  101/357   37/119   89/357     5/51     -1/7 -169/357  395/357   71/119   -1/357 -247/357]
[    9/17 -121/357  251/357  -41/119  185/357 -253/357   -3/119    29/51  383/357  -61/119  -67/357     1/21   23/119   89/357    11/51]
[  11/119  -43/357 -151/357  -97/119  251/357   47/357    -9/17  257/357  -43/357 -125/119  -25/357  293/357  -45/119      1/3 -373/357]
[ -61/119  -25/357  101/357   65/119  257/357   -61/51   95/119  251/357  185/357   29/119  -43/357 -205/357    15/17   89/357 -169/357]
[     5/7  -67/357  293/357  -31/119    29/51 -247/357   -5/119  185/357  353/357  -75/119 -121/357    -7/51   -3/119   -1/357  -25/357]
[ -27/119 -169/357   -17/21    13/17   89/357 -127/357  113/119   59/357 -253/357   39/119   -37/51   47/357  107/119 -151/357   59/357]
[  79/119 -331/357    71/51  -45/119    -5/21  -67/357  -27/119 -127/357  509/357   -15/17  257/357   83/357  -41/119  353/357   83/357]
[ -73/119    23/51 -205/357   37/119  395/357  -67/357      3/7  341/357   -31/51  -31/119   -1/357   59/357   29/119   83/357   47/357]
[   -1/17 -121/357  461/357   99/119  101/357 -127/357 -129/119     5/51    25/21   23/119  395/357  -25/357 -159/119  467/357    -7/51]
[  39/119  251/357 -361/357  -97/119  461/357 -247/357    21/17  383/357 -421/357   57/119     1/21 -169/357  109/119    11/51 -205/357]
[  65/119 -151/357  185/357  163/119   47/357    41/51  -73/119  -43/357  101/357   71/119  293/357  341/357        0        0        0]
Testing obstruction for
m1: 2, m2: 60,a: 0
[      -1 -113/357  -95/357 -101/119  -23/357   31/357  -47/119    25/51  265/357   43/119  481/357  607/357  169/119  895/357   151/51]
[ 331/119 1417/357    95/21  529/119 2047/357 2281/357   109/17 2785/357 3055/357 1033/119 3631/357 3937/357 1339/119   655/51 4927/357]
[1681/119 4933/357 4597/357 1345/119   233/21   523/51 1045/119 3097/357 2833/357  781/119 2341/357 2113/357    79/17 1693/357 1501/357]
[ 361/119 1153/357  997/357  205/119   103/51  601/357      5/7  397/357  313/357    1/119  181/357    19/51  -47/119   73/357   61/357]
[ -59/119   73/357   97/357    -5/17  181/357  241/357   25/119  397/357    29/21  121/119   103/51  853/357  253/119 1153/357 1321/357]
[ 421/119 1693/357   271/51  625/119 2341/357 2581/357  865/119 3097/357 3373/357   163/17   233/21 4273/357 1453/119 4933/357 5281/357]
[1563/119   655/51 4255/357 1233/119 3631/357 3337/357  939/119 2785/357   361/51  681/119 2047/357 1825/357     27/7 1417/357 1231/357]
[   39/17  895/357  745/357  123/119  481/357  367/357    9/119    25/51   97/357  -69/119  -23/357  -65/357 -111/119 -113/357     -1/3]
[-117/119  -95/357  -65/357  -87/119   31/357   97/357    -3/17  265/357  367/357   81/119  607/357  745/357  219/119   151/51 1231/357]
[ 393/119    95/21 1825/357  603/119 2281/357   361/51  849/119 3055/357 3337/357 1131/119 3937/357 4255/357   207/17 4927/357 5281/357]
[1565/119 4597/357 4273/357     73/7   523/51 3373/357  953/119 2833/357 2581/357  701/119 2113/357   271/51  485/119 1501/357 1321/357]
[ 305/119  997/357  853/357    23/17  601/357    29/21   53/119  313/357  241/357  -19/119    19/51   97/357  -55/119   61/357   61/357]
[ -55/119   97/357    19/51  -19/119  241/357  313/357   53/119    29/21  601/357    23/17  853/357  997/357  305/119 1321/357 1501/357]
[ 485/119   271/51 2113/357  701/119 2581/357 2833/357  953/119 3373/357   523/51     73/7 4273/357 4597/357 1565/119 5281/357 4927/357]
[  207/17 4255/357 3937/357 1131/119 3337/357 3055/357  849/119   361/51 2281/357  603/119 1825/357    95/21  393/119 1231/357   151/51]
[ 219/119  745/357  607/357   81/119  367/357  265/357    -3/17   97/357   31/357  -87/119  -65/357  -95/357 -117/119     -1/3 -113/357]
[-111/119  -65/357  -23/357  -69/119   97/357    25/51    9/119  367/357  481/357  123/119  745/357  895/357    39/17 1231/357 1417/357]
[    27/7 1825/357 2047/357  681/119   361/51 2785/357  939/119 3337/357 3631/357 1233/119 4255/357   655/51 1563/119 5281/357 4933/357]
[1453/119 4273/357   233/21   163/17 3373/357 3097/357  865/119 2581/357 2341/357  625/119   271/51 1693/357  421/119 1321/357 1153/357]
[ 253/119  853/357   103/51  121/119    29/21  397/357   25/119  241/357  181/357    -5/17   97/357   73/357  -59/119   61/357   73/357]
[ -47/119    19/51  181/357    1/119  313/357  397/357      5/7  601/357   103/51  205/119  997/357 1153/357  361/119 1501/357 1693/357]
[   79/17 2113/357 2341/357  781/119 2833/357 3097/357 1045/119   523/51   233/21 1345/119 4597/357 4933/357 1681/119 4927/357   655/51]
[1339/119 3937/357 3631/357 1033/119 3055/357 2785/357   109/17 2281/357 2047/357  529/119    95/21 1417/357  331/119   151/51  895/357]
[ 169/119  607/357  481/357   43/119  265/357    25/51  -47/119   31/357  -23/357 -101/119  -95/357 -113/357        0        0        0]
Testing obstruction for
m1: 4, m2: 26,a: 0
[      -1 -241/357  107/357   -9/119   71/357  401/357   83/119    47/51  641/357  395/119 1247/357 1541/357  689/119 2111/357   239/51]
[ 489/119 1493/357    61/21  271/119  821/357  347/357     5/17   95/357  317/357   19/119   29/357  233/357  -15/119   -13/51   95/357]
[ 171/119  449/357  617/357  339/119    55/21   155/51  489/119 2081/357 2213/357  621/119 1745/357 1145/357    37/17  641/357  737/357]
[ 117/119  197/357  275/357  -43/119   -43/51 -241/357      1/7 -139/357  -97/357   59/119  -31/357    -1/51   83/119  737/357  743/357]
[ 327/119 1451/357 1439/357    79/17 2111/357 2081/357  523/119 1289/357    73/21  237/119    59/51  347/357  171/119  197/357  113/357]
[  87/119  -73/357   -25/51  -15/119  317/357  197/357  103/119  653/357  515/357    29/17    55/21 1493/357  523/119 1877/357 2417/357]
[ 587/119   191/51 1145/357  395/119  743/357  533/357  185/119   95/357   -19/51  -43/119  107/357 -139/357     -3/7   65/357 -199/357]
[  -11/17  -31/357  401/357  117/119  533/357  947/357  293/119   149/51 1439/357  689/119 2213/357 1877/357  591/119 1187/357      7/3]
[ 237/119  821/357  449/357  103/119  401/357   11/357    -7/17  -73/357  233/357   19/119  113/357  401/357   69/119    35/51  515/357]
[ 339/119    61/21 1289/357  591/119 1775/357   287/51  587/119 1745/357 1247/357  327/119  947/357  431/357     7/17   95/357  275/357]
[  -9/119  -97/357   65/357     -5/7   -49/51 -199/357   59/119   71/357  197/357  185/119  431/357    77/51  293/119 1451/357 1541/357]
[ 621/119 2417/357 1775/357    65/17 1187/357    73/21  271/119  617/357  653/357   69/119    -1/51   11/357   87/119   29/357   29/357]
[  87/119   11/357    -1/51   69/119  653/357  617/357  271/119    73/21 1187/357    65/17 1775/357 2417/357  621/119 1541/357 1451/357]
[ 293/119    77/51  431/357  185/119  197/357   71/357   59/119 -199/357   -49/51     -5/7   65/357  -97/357   -9/119  275/357   95/357]
[    7/17  431/357  947/357  327/119 1247/357 1745/357  587/119   287/51 1775/357  591/119 1289/357    61/21  339/119  515/357    35/51]
[  69/119  401/357  113/357   19/119  233/357  -73/357    -7/17   11/357  401/357  103/119  449/357  821/357  237/119      7/3 1187/357]
[ 591/119 1877/357 2213/357  689/119 1439/357   149/51  293/119  947/357  533/357  117/119  401/357  -31/357   -11/17 -199/357   65/357]
[    -3/7 -139/357  107/357  -43/119   -19/51   95/357  185/119  533/357  743/357  395/119 1145/357   191/51  587/119 2417/357 1877/357]
[ 523/119 1493/357    55/21    29/17  515/357  653/357  103/119  197/357  317/357  -15/119   -25/51  -73/357   87/119  113/357  197/357]
[ 171/119  347/357    59/51  237/119    73/21 1289/357  523/119 2081/357 2111/357    79/17 1439/357 1451/357  327/119  743/357  737/357]
[  83/119    -1/51  -31/357   59/119  -97/357 -139/357      1/7 -241/357   -43/51  -43/119  275/357  197/357  117/119  737/357  641/357]
[   37/17 1145/357 1745/357  621/119 2213/357 2081/357  489/119   155/51    55/21  339/119  617/357  449/357  171/119   95/357   -13/51]
[ -15/119  233/357   29/357   19/119  317/357   95/357     5/17  347/357  821/357  271/119    61/21 1493/357  489/119   239/51 2111/357]
[ 689/119 1541/357 1247/357  395/119  641/357    47/51   83/119  401/357   71/357   -9/119  107/357 -241/357        0        0        0]
Testing obstruction for
m1: 10, m2: 10,a: 1
[      -1 -319/357 -205/357   -5/119  251/357  593/357   99/119    11/51  -67/357  -45/119 -127/357  -43/357   39/119  353/357    95/51]
[ 113/119   89/357    -5/21  -61/119 -205/357 -151/357    -1/17  185/357  467/357  275/119  545/357  341/357   71/119    23/51  185/357]
[  95/119  461/357  713/357  347/119    43/21    71/51  113/119  257/357  251/357  107/119  467/357  689/357    47/17 1361/357 1097/357]
[ 303/119  797/357  761/357  267/119   131/51 1109/357     27/7 1007/357  713/357  165/119  353/357    41/51   99/119  383/357  545/357]
[ 261/119 1097/357  773/357    25/17  353/357  257/357   79/119  293/357    25/21  211/119   131/51  563/357   95/119   83/357  -43/357]
[ -31/119  -67/357     5/51   71/119  467/357  797/357  163/119  257/357  101/357     1/17     1/21   89/357   79/119  461/357  761/357]
[ 141/119    23/51  -25/357  -45/119 -169/357 -127/357   -3/119  185/357    65/51  267/119  509/357  293/357      3/7   89/357  101/357]
[    9/17  353/357  593/357  303/119  587/357  341/357   57/119    11/51   59/357   39/119  251/357  461/357  249/119 1109/357      7/3]
[ 211/119  509/357  461/357  163/119  593/357  773/357    49/17 1361/357 1055/357  275/119  671/357  593/357  197/119    95/51  815/357]
[ 347/119    79/21 1007/357  249/119  563/357    65/51  141/119  467/357  587/357  261/119 1055/357  689/357    19/17  185/357   47/357]
[  -5/119   -1/357   89/357      5/7    71/51  815/357  165/119  251/357   83/357   -3/119  -25/357     5/51   57/119  383/357  671/357]
[ 107/119   47/357 -151/357   -13/17 -319/357   -17/21  -61/119   -1/357  257/357  197/119    41/51   59/357  -31/119 -169/357 -169/357]
[ -31/119   59/357    41/51  197/119  257/357   -1/357  -61/119   -17/21 -319/357   -13/17 -151/357   47/357  107/119  671/357  383/357]
[  57/119     5/51  -25/357   -3/119   83/357  251/357  165/119  815/357    71/51      5/7   89/357   -1/357   -5/119   47/357  185/357]
[   19/17  689/357 1055/357  261/119  587/357  467/357  141/119    65/51  563/357  249/119 1007/357    79/21  347/119  815/357    95/51]
[ 197/119  593/357  671/357  275/119 1055/357 1361/357    49/17  773/357  593/357  163/119  461/357  509/357  211/119      7/3 1109/357]
[ 249/119  461/357  251/357   39/119   59/357    11/51   57/119  341/357  587/357  303/119  593/357  353/357     9/17  101/357   89/357]
[     3/7  293/357  509/357  267/119    65/51  185/357   -3/119 -127/357 -169/357  -45/119  -25/357    23/51  141/119  761/357  461/357]
[  79/119   89/357     1/21     1/17  101/357  257/357  163/119  797/357  467/357   71/119     5/51  -67/357  -31/119  -43/357   83/357]
[  95/119  563/357   131/51  211/119    25/21  293/357   79/119  257/357  353/357    25/17  773/357 1097/357  261/119  545/357  383/357]
[  99/119    41/51  353/357  165/119  713/357 1007/357     27/7 1109/357   131/51  267/119  761/357  797/357  303/119 1097/357 1361/357]
[   47/17  689/357  467/357  107/119  251/357  257/357  113/119    71/51    43/21  347/119  713/357  461/357   95/119  185/357    23/51]
[  71/119  341/357  545/357  275/119  467/357  185/357    -1/17 -151/357 -205/357  -61/119    -5/21   89/357  113/119    95/51  353/357]
[  39/119  -43/357 -127/357  -45/119  -67/357    11/51   99/119  593/357  251/357   -5/119 -205/357 -319/357        0        0        0]
[-319/357, -205/357, -5/119, 251/357, 593/357, 99/119, 11/51, -67/357, -45/119, -127/357, -43/357, 39/119, 353/357, 95/51, 113/119, 89/357, -5/21, -61/119, -205/357, -151/357, -1/17, 185/357, 467/357, 275/119, 545/357, 341/357, 71/119, 23/51, 185/357, 95/119, 461/357, 713/357, 347/119, 43/21, 71/51, 113/119, 257/357, 251/357, 107/119, 467/357, 689/357, 47/17, 1361/357, 1097/357, 303/119, 797/357, 761/357, 267/119, 131/51, 1109/357, 27/7, 1007/357, 713/357, 165/119, 353/357, 41/51, 99/119, 383/357, 545/357, 261/119, 1097/357, 773/357, 25/17, 353/357, 257/357, 79/119, 293/357, 25/21, 211/119, 131/51, 563/357, 95/119, 83/357, -43/357, -31/119, -67/357, 5/51, 71/119, 467/357, 797/357, 163/119, 257/357, 101/357, 1/17, 1/21, 89/357, 79/119, 461/357, 761/357, 141/119, 23/51, -25/357, -45/119, -169/357, -127/357, -3/119, 185/357, 65/51, 267/119, 509/357, 293/357, 3/7, 89/357, 101/357, 9/17, 353/357, 593/357, 303/119, 587/357, 341/357, 57/119, 11/51, 59/357, 39/119, 251/357, 461/357, 249/119, 1109/357, 7/3, 211/119, 509/357, 461/357, 163/119, 593/357, 773/357, 49/17, 1361/357, 1055/357, 275/119, 671/357, 593/357, 197/119, 95/51, 815/357, 347/119, 79/21, 1007/357, 249/119, 563/357, 65/51, 141/119, 467/357, 587/357, 261/119, 1055/357, 689/357, 19/17, 185/357, 47/357, -5/119, -1/357, 89/357, 5/7, 71/51, 815/357, 165/119, 251/357, 83/357, -3/119, -25/357, 5/51, 57/119, 383/357, 671/357, 107/119, 47/357, -151/357, -13/17]
172 [-319/357, -205/357, -5/119, 251/357, -121/357, 99/119, 11/51, -67/357, -45/119, -127/357, -43/357, 39/119, 353/357, -7/51, 113/119, 89/357, -5/21, -61/119, -205/357, -151/357, -1/17, 185/357, 467/357, 37/119, -169/357, 341/357, 71/119, 23/51, 185/357, 95/119, 461/357, -1/357, -129/119, 1/21, -31/51, -125/119, 257/357, 251/357, 107/119, -247/357, -25/357, 13/17, -67/357, -331/357, 65/119, 83/357, 47/357, 29/119, 29/51, 395/357, -1/7, -421/357, -1/357, -73/119, -361/357, 41/51, 99/119, 383/357, -169/357, 23/119, 383/357, 59/357, -9/17, 353/357, 257/357, 79/119, 293/357, -17/21, -27/119, 29/51, -151/357, 95/119, 83/357, -43/357, -31/119, -67/357, 5/51, 71/119, -247/357, 83/357, 163/119, 257/357, 101/357, 1/17, 1/21, 89/357, -159/119, -253/357, 47/357, -97/119, 23/51, -25/357, -45/119, -169/357, -127/357, -3/119, 185/357, -37/51, 29/119, 509/357, 293/357, 3/7, 89/357, 101/357, 9/17, -361/357, -121/357, 65/119, -127/357, 341/357, 57/119, 11/51, 59/357, 39/119, 251/357, 461/357, 11/119, 395/357, 1/3, -27/119, -205/357, -253/357, -75/119, -121/357, 59/357, 15/17, -67/357, -373/357, 37/119, -43/357, -121/357, -41/119, -7/51, 101/357, 109/119, -5/21, 293/357, 11/119, -151/357, -37/51, -97/119, -247/357, -127/357, 23/119, 341/357, -25/357, -15/17, 185/357, 47/357, -5/119, -1/357, 89/357, 5/7, 71/51, 101/357, -73/119, 251/357, 83/357, -3/119, -25/357, 5/51, 57/119, -331/357, -43/357, 107/119, 47/357, -151/357, 21/17]
Testing obstruction for
m1: 90, m2: 90,a: 89
[      -1 -353/357 -341/357 -107/119 -293/357 -257/357  -71/119   -23/51 -101/357  -11/119   43/357  127/357   73/119  319/357    61/51]
[ 181/119  667/357    47/21  313/119 1087/357 1243/357    67/17 1579/357 1759/357  649/119 2143/357 2347/357  853/119   397/51 3007/357]
[1081/119 3487/357 3739/357 1333/119   251/21   649/51 1609/119 5119/357 5419/357 1909/119 6043/357 6367/357   319/17 7039/357 7387/357]
[2581/119 7393/357 7051/357 2239/119   913/51 6073/357    113/7 5461/357 5167/357 1627/119 4603/357   619/51 1357/119 3817/357 3571/357]
[1111/119 3103/357 2881/357   127/17 2461/357 2263/357  691/119 1891/357   101/21  517/119   199/51 1243/357  367/119  967/357  841/357]
[ 241/119  613/357    73/51  139/119  331/357  253/357   61/119  121/357   67/357     1/17    -1/21  -47/357  -23/119  -83/357  -89/357]
[ -29/119   -11/51  -59/357  -11/119    1/357   43/357   31/119  151/357    31/51   97/119  373/357  463/357     11/7  667/357  781/357]
[   43/17 1033/357 1171/357  439/119 1471/357 1633/357  601/119   283/51 2167/357  787/119 2563/357 2773/357  997/119 3217/357     29/3]
[1231/119 3943/357 4201/357 1489/119 4741/357 5023/357   253/17 5611/357 5917/357 2077/119 6553/357 6883/357 2407/119  1081/51 7921/357]
[2523/119   425/21 6889/357 2187/119 6241/357   847/51 1875/119 5329/357 5041/357 1587/119 4489/357 4225/357   189/17 3721/357 3481/357]
[1083/119 3025/357 2809/357     51/7   343/51 2209/357  675/119 1849/357 1681/357  507/119 1369/357   175/51  363/119  961/357  841/357]
[ 243/119  625/357  529/357    21/17  361/357    17/21   75/119  169/357  121/357   27/119     7/51   25/357    3/119    1/357    1/357]
[   3/119   25/357     7/51   27/119  121/357  169/357   75/119    17/21  361/357    21/17  529/357  625/357  243/119  841/357  961/357]
[ 363/119   175/51 1369/357  507/119 1681/357 1849/357  675/119 2209/357   343/51     51/7 2809/357 3025/357 1083/119 3481/357 3721/357]
[  189/17 4225/357 4489/357 1587/119 5041/357 5329/357 1875/119   847/51 6241/357 2187/119 6889/357   425/21 2523/119 7921/357  1081/51]
[2407/119 6883/357 6553/357 2077/119 5917/357 5611/357   253/17 5023/357 4741/357 1489/119 4201/357 3943/357 1231/119     29/3 3217/357]
[ 997/119 2773/357 2563/357  787/119 2167/357   283/51  601/119 1633/357 1471/357  439/119 1171/357 1033/357    43/17  781/357  667/357]
[    11/7  463/357  373/357   97/119    31/51  151/357   31/119   43/357    1/357  -11/119  -59/357   -11/51  -29/119  -89/357  -83/357]
[ -23/119  -47/357    -1/21     1/17   67/357  121/357   61/119  253/357  331/357  139/119    73/51  613/357  241/119  841/357  967/357]
[ 367/119 1243/357   199/51  517/119   101/21 1891/357  691/119 2263/357 2461/357   127/17 2881/357 3103/357 1111/119 3571/357 3817/357]
[1357/119   619/51 4603/357 1627/119 5167/357 5461/357    113/7 6073/357   913/51 2239/119 7051/357 7393/357 2581/119 7387/357 7039/357]
[  319/17 6367/357 6043/357 1909/119 5419/357 5119/357 1609/119   649/51   251/21 1333/119 3739/357 3487/357 1081/119 3007/357   397/51]
[ 853/119 2347/357 2143/357  649/119 1759/357 1579/357    67/17 1243/357 1087/357  313/119    47/21  667/357  181/119    61/51  319/357]
[  73/119  127/357   43/357  -11/119 -101/357   -23/51  -71/119 -257/357 -293/357 -107/119 -341/357 -353/357        0        0        0]
---------------------------
SUCCESS for name = 13a4200
---------------------------
13a4202
Correction terms
[      -1 -257/221   77/221 -103/221   87/221 -237/221 -191/221 -217/221  127/221  -43/221 -285/221 -157/221 -101/221    -9/17  237/221]
[-365/221 -155/221    -1/13   49/221   43/221  -35/221 -185/221   35/221 -259/221  259/221 -179/221   -19/17   55/221 -157/221    1/221]
[  87/221 -341/221   43/221  -87/221     9/13 -121/221  -25/221   -1/221  -49/221   -13/17   81/221 -183/221  -77/221  -43/221  -81/221]
[-191/221   69/221 -185/221  -69/221  -25/221  -53/221    -9/13     9/17 -127/221   -1/221   53/221   35/221  -55/221 -217/221   -9/221]
[ 127/221 -251/221  183/221 -339/221  -49/221    13/17 -127/221  -53/221    -3/13 -121/221  179/221  -35/221  121/221 -237/221 -225/221]
[ 157/221   25/221 -179/221    -1/17 -361/221  103/221   53/221  -69/221 -263/221  -87/221     1/13   49/221    9/221 -103/221 -287/221]
[-101/221     1/17   55/221   25/221  -77/221 -251/221  -55/221   69/221  121/221 -341/221    9/221 -155/221     3/13  185/221   -15/17]
[-205/221 -287/221    1/221  217/221  -81/221   -9/221   -9/221  -81/221  217/221    1/221 -287/221 -205/221   -15/17  185/221     3/13]
[-155/221    9/221 -341/221  121/221   69/221  -55/221 -251/221  -77/221   25/221   55/221     1/17 -101/221 -287/221 -103/221    9/221]
[  49/221     1/13  -87/221 -263/221  -69/221   53/221  103/221 -361/221    -1/17 -179/221   25/221  157/221 -225/221 -237/221  121/221]
[ -35/221  179/221 -121/221    -3/13  -53/221 -127/221    13/17  -49/221 -339/221  183/221 -251/221  127/221   -9/221 -217/221  -55/221]
[  35/221   53/221   -1/221 -127/221     9/17    -9/13  -53/221  -25/221  -69/221 -185/221   69/221 -191/221  -81/221  -43/221  -77/221]
[-183/221   81/221   -13/17  -49/221   -1/221  -25/221 -121/221     9/13  -87/221   43/221 -341/221   87/221    1/221 -157/221   55/221]
[  -19/17 -179/221  259/221 -259/221   35/221 -185/221  -35/221   43/221   49/221    -1/13 -155/221 -365/221  237/221    -9/17 -101/221]
[-157/221 -285/221  -43/221  127/221 -217/221 -191/221 -237/221   87/221 -103/221   77/221 -257/221        0        0        0        0]
Testing obstruction for
m1: 2, m2: 38,a: 1
[      -1 -215/221 -197/221 -167/221 -125/221  -71/221   -5/221   73/221  163/221  265/221  379/221  505/221  643/221    61/17  955/221]
[1129/221 1315/221    89/13 1723/221 1945/221 1737/221 1541/221 1357/221 1185/221 1025/221  877/221    57/17  617/221  505/221  405/221]
[ 317/221  241/221  177/221  125/221     5/13   57/221   41/221   37/221   45/221     5/17   97/221  141/221  197/221  265/221  345/221]
[ 437/221  541/221  657/221  785/221  925/221 1077/221    73/13   109/17 1605/221 1805/221 2017/221 1799/221 1593/221 1399/221 1217/221]
[1047/221  889/221  743/221  609/221  487/221    29/17  279/221  193/221     7/13   57/221    7/221  -31/221  -57/221  -71/221  -73/221]
[ -63/221  -41/221   -7/221     3/17   97/221  167/221  249/221  343/221  449/221  567/221    41/13  839/221  993/221 1159/221 1337/221]
[1527/221   133/17 1943/221 1727/221 1523/221 1331/221 1151/221  983/221  827/221  683/221  551/221  431/221    19/13  227/221    11/17]
[  71/221   11/221  -37/221  -73/221  -97/221 -109/221 -109/221  -97/221  -73/221  -37/221   11/221   71/221    11/17  227/221    19/13]
[ 431/221  551/221  683/221  827/221  983/221 1151/221 1331/221 1523/221 1727/221 1943/221   133/17 1527/221 1337/221 1159/221  993/221]
[ 839/221    41/13  567/221  449/221  343/221  249/221  167/221   97/221     3/17   -7/221  -41/221  -63/221  -73/221  -71/221  -57/221]
[ -31/221    7/221   57/221     7/13  193/221  279/221    29/17  487/221  609/221  743/221  889/221 1047/221 1217/221 1399/221 1593/221]
[1799/221 2017/221 1805/221 1605/221   109/17    73/13 1077/221  925/221  785/221  657/221  541/221  437/221  345/221  265/221  197/221]
[ 141/221   97/221     5/17   45/221   37/221   41/221   57/221     5/13  125/221  177/221  241/221  317/221  405/221  505/221  617/221]
[   57/17  877/221 1025/221 1185/221 1357/221 1541/221 1737/221 1945/221 1723/221    89/13 1315/221 1129/221  955/221    61/17  643/221]
[ 505/221  379/221  265/221  163/221   73/221   -5/221  -71/221 -125/221 -167/221 -197/221 -215/221        0        0        0        0]
Testing obstruction for
m1: 8, m2: 8,a: 1
[      -1 -191/221 -101/221   49/221  259/221   87/221  -25/221  -77/221  -69/221   -1/221  127/221  315/221  121/221    -1/17  -87/221]
[-101/221  -55/221     3/13  217/221  443/221  287/221  191/221  155/221  179/221  263/221  407/221    47/17  433/221  315/221  257/221]
[ 259/221  321/221  443/221  625/221    25/13  285/221  205/221  185/221  225/221    25/17  485/221  263/221  101/221   -1/221  -43/221]
[ -25/221   53/221  191/221  389/221  205/221   81/221     1/13     1/17   69/221  185/221  361/221  155/221    9/221  -77/221 -103/221]
[ -69/221   25/221  179/221  393/221  225/221     9/17   69/221   81/221     9/13  285/221  477/221  287/221  157/221   87/221   77/221]
[ 127/221  237/221  407/221    49/17  485/221  393/221  361/221  389/221  477/221  625/221    23/13  217/221  103/221   49/221   55/221]
[ 121/221    19/17  433/221  237/221  101/221   25/221    9/221   53/221  157/221  321/221  103/221  -55/221    -9/13 -191/221   -13/17]
[ -87/221   55/221  257/221   77/221  -43/221 -103/221 -103/221  -43/221   77/221  257/221   55/221  -87/221   -13/17 -191/221    -9/13]
[ -55/221  103/221  321/221  157/221   53/221    9/221   25/221  101/221  237/221  433/221    19/17  121/221   55/221   49/221  103/221]
[ 217/221    23/13  625/221  477/221  389/221  361/221  393/221  485/221    49/17  407/221  237/221  127/221   77/221   87/221  157/221]
[ 287/221  477/221  285/221     9/13   81/221   69/221     9/17  225/221  393/221  179/221   25/221  -69/221 -103/221  -77/221    9/221]
[ 155/221  361/221  185/221   69/221     1/17     1/13   81/221  205/221  389/221  191/221   53/221  -25/221  -43/221   -1/221  101/221]
[ 263/221  485/221    25/17  225/221  185/221  205/221  285/221    25/13  625/221  443/221  321/221  259/221  257/221  315/221  433/221]
[   47/17  407/221  263/221  179/221  155/221  191/221  287/221  443/221  217/221     3/13  -55/221 -101/221  -87/221    -1/17  121/221]
[ 315/221  127/221   -1/221  -69/221  -77/221  -25/221   87/221  259/221   49/221 -101/221 -191/221        0        0        0        0]
Unobstructed
6
---------------------------
---------------------------
13a4203
Correction terms
[      -1  143/189    5/189   -25/21 -169/189  173/189     5/21   -25/27 -109/189     -5/7 -253/189  -85/189    -1/21  -25/189   -19/27]
[    5/21  131/189 -253/189      1/7 -163/189  -67/189     -1/3  227/189   47/189   -25/21 -211/189   89/189     -3/7     5/27   59/189]
[   -1/21 -169/189  -43/189    -1/21  -67/189   -31/27     -3/7  -37/189  -85/189    17/21  -79/189  -25/189     -1/3  185/189  -37/189]
[     1/7   -1/189 -121/189   -37/21    17/27  101/189    -1/21 -211/189 -127/189     -5/7 -235/189    -7/27     5/21   47/189  -43/189]
[   17/21 -121/189 -109/189       -1   17/189 -247/189    17/21   83/189  -79/189   -37/21    11/27   17/189     -5/7   -1/189   41/189]
[   -1/21 -151/189    -1/27     5/21    5/189 -127/189      1/7 -289/189   59/189     -1/3  101/189 -205/189    17/21   41/189 -163/189]
[    -3/7   -13/27 -193/189    -1/21   83/189   83/189    -1/21 -193/189   -13/27     -3/7 -163/189   41/189    17/21 -205/189  101/189]
[    -1/3   59/189 -289/189      1/7 -127/189    5/189     5/21    -1/27 -151/189    -1/21   41/189   -1/189     -5/7   17/189    11/27]
[  -37/21  -79/189   83/189    17/21 -247/189   17/189       -1 -109/189 -121/189    17/21  -43/189   47/189     5/21    -7/27 -235/189]
[    -5/7 -127/189 -211/189    -1/21  101/189    17/27   -37/21 -121/189   -1/189      1/7  -37/189  185/189     -1/3  -25/189  -79/189]
[   17/21  -85/189  -37/189     -3/7   -31/27  -67/189    -1/21  -43/189 -169/189    -1/21   59/189     5/27     -3/7   89/189 -211/189]
[  -25/21   47/189  227/189     -1/3  -67/189 -163/189      1/7 -253/189  131/189     5/21   -19/27  -25/189    -1/21  -85/189 -253/189]
[    -5/7 -109/189   -25/27     5/21  173/189 -169/189   -25/21    5/189  143/189        0        0        0        0        0        0]
Testing obstruction for
m1: 2, m2: 32,a: 0
Obstructed by Z^n/Q not being cyclic
Testing obstruction for
m1: 4, m2: 14,a: 0
[      -1 -121/189   83/189     5/21  143/189  377/189    41/21    71/27  383/189     15/7  185/189  101/189    17/21  -37/189   -13/27]
[   -1/21  209/189  185/189     11/7  545/189  551/189      5/3  215/189  251/189     5/21  -25/189   41/189     -5/7   -25/27  -79/189]
[   17/21  143/189  269/189    59/21  551/189    47/27      9/7  293/189  101/189     5/21  125/189  -37/189     -1/3   47/189  293/189]
[    11/7  437/189  713/189    41/21    23/27   89/189    17/21  -25/189  -67/189      1/7 -121/189   -19/27    -1/21  251/189  269/189]
[   47/21  713/189  383/189        1  131/189  209/189     5/21   17/189  125/189    -1/21    -1/27  131/189     15/7  437/189  605/189]
[   59/21  215/189     5/27    -1/21   83/189  -67/189     -3/7   41/189  -79/189     -1/3   89/189  377/189    47/21  605/189  545/189]
[     9/7    11/27   47/189    17/21   17/189   17/189    17/21   47/189    11/27      9/7  545/189  605/189    47/21  377/189   89/189]
[    -1/3  -79/189   41/189     -3/7  -67/189   83/189    -1/21     5/27  215/189    59/21  605/189  437/189     15/7  131/189    -1/27]
[   -1/21  125/189   17/189     5/21  209/189  131/189        1  383/189  713/189    47/21  269/189  251/189    -1/21   -19/27 -121/189]
[     1/7  -67/189  -25/189    17/21   89/189    23/27    41/21  713/189  437/189     11/7  293/189   47/189     -1/3  -37/189  125/189]
[    5/21  101/189  293/189      9/7    47/27  551/189    59/21  269/189  143/189    17/21  -79/189   -25/27     -5/7   41/189  -25/189]
[    5/21  251/189  215/189      5/3  551/189  545/189     11/7  185/189  209/189    -1/21   -13/27  -37/189    17/21  101/189  185/189]
[    15/7  383/189    71/27    41/21  377/189  143/189     5/21   83/189 -121/189        0        0        0        0        0        0]
Unobstructed
47
---------------------------
---------------------------
13a4207
Correction terms
[      -1  103/241  171/241  -37/241  -39/241  165/241   93/241  227/241   85/241 -333/241  -63/241  -69/241  131/241   55/241  185/241]
[  39/241   99/241 -117/241 -127/241   69/241  -11/241  115/241  -35/241   21/241 -199/241  269/241  -21/241 -105/241   17/241 -137/241]
[ -85/241  173/241  155/241 -139/241  255/241 -109/241  215/241 -219/241   35/241   13/241  197/241  105/241 -263/241   57/241  101/241]
[ 351/241 -157/241   23/241  -73/241   37/241 -129/241  -89/241  157/241  127/241  303/241 -279/241 -173/241  139/241  175/241  -65/241]
[ -99/241   73/241  -31/241   71/241 -103/241  -71/241  167/241  129/241 -185/241  189/241 -195/241  109/241  137/241 -111/241 -153/241]
[  11/241 -101/241   -7/241  293/241 -165/241   65/241   19/241  179/241   63/241  153/241  -33/241  -13/241  213/241 -319/241 -163/241]
[ 199/241  285/241   95/241  111/241 -149/241  279/241  -51/241 -175/241  -93/241  195/241  207/241  -57/241 -115/241   33/241  387/241]
[ -17/241 -215/241 -207/241    7/241  -55/241   89/241  -43/241   31/241  311/241 -167/241   43/241  -23/241  117/241  -19/241   51/241]
[-155/241 -155/241   51/241  -19/241  117/241  -23/241   43/241 -167/241  311/241   31/241  -43/241   89/241  -55/241    7/241 -207/241]
[-215/241  -17/241  387/241   33/241 -115/241  -57/241  207/241  195/241  -93/241 -175/241  -51/241  279/241 -149/241  111/241   95/241]
[ 285/241  199/241 -163/241 -319/241  213/241  -13/241  -33/241  153/241   63/241  179/241   19/241   65/241 -165/241  293/241   -7/241]
[-101/241   11/241 -153/241 -111/241  137/241  109/241 -195/241  189/241 -185/241  129/241  167/241  -71/241 -103/241   71/241  -31/241]
[  73/241  -99/241  -65/241  175/241  139/241 -173/241 -279/241  303/241  127/241  157/241  -89/241 -129/241   37/241  -73/241   23/241]
[-157/241  351/241  101/241   57/241 -263/241  105/241  197/241   13/241   35/241 -219/241  215/241 -109/241  255/241 -139/241  155/241]
[ 173/241  -85/241 -137/241   17/241 -105/241  -21/241  269/241 -199/241   21/241  -35/241  115/241  -11/241   69/241 -127/241 -117/241]
[  99/241   39/241  185/241   55/241  131/241  -69/241  -63/241 -333/241   85/241  227/241   93/241  165/241  -39/241  -37/241  171/241]
[ 103/241        0        0        0        0        0        0        0        0        0        0        0        0        0        0]
Testing obstruction for
m1: 4, m2: 18,a: 1
[      -1 -227/241 -185/241 -115/241  -17/241  109/241  263/241  445/241  655/241  893/241  677/241  489/241  329/241  197/241   93/241]
[  17/241  -31/241  -51/241  -43/241   -7/241   57/241  149/241  269/241  417/241  593/241  797/241 1029/241  807/241  613/241  447/241]
[ 309/241  199/241  117/241   63/241   37/241   39/241   69/241  127/241  213/241  327/241  469/241  639/241  837/241 1063/241  835/241]
[ 635/241  463/241  319/241  203/241  115/241   55/241   23/241   19/241   43/241   95/241  175/241  283/241  419/241  583/241  775/241]
[ 995/241  761/241  555/241  377/241  227/241  105/241   11/241  -55/241  -93/241 -103/241  -85/241  -39/241   35/241  137/241  267/241]
[ 425/241  611/241  825/241 1067/241  855/241  671/241  515/241  387/241  287/241  215/241  171/241  155/241  167/241  207/241  275/241]
[ 371/241  495/241  647/241  827/241 1035/241  789/241  571/241  381/241  219/241   85/241  -21/241  -99/241 -149/241 -171/241 -165/241]
[-131/241  -69/241   21/241  139/241  285/241  459/241  661/241  891/241  667/241  471/241  303/241  163/241   51/241  -33/241  -89/241]
[-117/241 -117/241  -89/241  -33/241   51/241  163/241  303/241  471/241  667/241  891/241  661/241  459/241  285/241  139/241   21/241]
[ -69/241 -131/241 -165/241 -171/241 -149/241  -99/241  -21/241   85/241  219/241  381/241  571/241  789/241 1035/241  827/241  647/241]
[ 495/241  371/241  275/241  207/241  167/241  155/241  171/241  215/241  287/241  387/241  515/241  671/241  855/241 1067/241  825/241]
[ 611/241  425/241  267/241  137/241   35/241  -39/241  -85/241 -103/241  -93/241  -55/241   11/241  105/241  227/241  377/241  555/241]
[ 761/241  995/241  775/241  583/241  419/241  283/241  175/241   95/241   43/241   19/241   23/241   55/241  115/241  203/241  319/241]
[ 463/241  635/241  835/241 1063/241  837/241  639/241  469/241  327/241  213/241  127/241   69/241   39/241   37/241   63/241  117/241]
[ 199/241  309/241  447/241  613/241  807/241 1029/241  797/241  593/241  417/241  269/241  149/241   57/241   -7/241  -43/241  -51/241]
[ -31/241   17/241   93/241  197/241  329/241  489/241  677/241  893/241  655/241  445/241  263/241  109/241  -17/241 -115/241 -185/241]
[-227/241        0        0        0        0        0        0        0        0        0        0        0        0        0        0]
Testing obstruction for
m1: 6, m2: 16,a: 5
[      -1 -219/241 -153/241  -43/241  111/241  309/241  551/241  355/241  203/241   95/241   31/241   11/241   35/241  103/241  215/241]
[ 371/241  571/241  333/241  139/241  -11/241 -117/241 -179/241 -197/241 -171/241 -101/241   13/241  171/241  373/241  619/241  427/241]
[ 279/241  175/241  115/241   99/241  127/241  199/241  315/241  475/241  679/241  445/241  255/241  109/241    7/241  -51/241  -65/241]
[ -35/241   39/241  157/241  319/241  525/241  775/241  587/241  443/241  343/241  287/241  275/241  307/241  383/241  503/241  667/241]
[ 875/241  645/241  459/241  317/241  219/241  165/241  155/241  189/241  267/241  389/241  555/241  765/241  537/241  353/241  213/241]
[ 117/241   65/241   57/241   93/241  173/241  297/241  465/241  677/241  451/241  269/241  131/241   37/241  -13/241  -19/241   19/241]
[ 101/241  227/241  397/241  611/241  387/241  207/241   71/241  -21/241  -69/241  -73/241  -33/241   51/241  179/241  351/241  567/241]
[ 345/241  167/241   33/241  -57/241 -103/241 -105/241  -63/241   23/241  153/241  327/241  545/241  325/241  149/241   17/241  -71/241]
[-115/241 -115/241  -71/241   17/241  149/241  325/241  545/241  327/241  153/241   23/241  -63/241 -105/241 -103/241  -57/241   33/241]
[ 167/241  345/241  567/241  351/241  179/241   51/241  -33/241  -73/241  -69/241  -21/241   71/241  207/241  387/241  611/241  397/241]
[ 227/241  101/241   19/241  -19/241  -13/241   37/241  131/241  269/241  451/241  677/241  465/241  297/241  173/241   93/241   57/241]
[  65/241  117/241  213/241  353/241  537/241  765/241  555/241  389/241  267/241  189/241  155/241  165/241  219/241  317/241  459/241]
[ 645/241  875/241  667/241  503/241  383/241  307/241  275/241  287/241  343/241  443/241  587/241  775/241  525/241  319/241  157/241]
[  39/241  -35/241  -65/241  -51/241    7/241  109/241  255/241  445/241  679/241  475/241  315/241  199/241  127/241   99/241  115/241]
[ 175/241  279/241  427/241  619/241  373/241  171/241   13/241 -101/241 -171/241 -197/241 -179/241 -117/241  -11/241  139/241  333/241]
[ 571/241  371/241  215/241  103/241   35/241   11/241   31/241   95/241  203/241  355/241  551/241  309/241  111/241  -43/241 -153/241]
[-219/241        0        0        0        0        0        0        0        0        0        0        0        0        0        0]
[-219/241, -153/241, -43/241, 111/241, 309/241, 551/241, 355/241, 203/241, 95/241, 31/241, 11/241, 35/241, 103/241, 215/241, 371/241, 571/241, 333/241, 139/241, -11/241, -117/241, -179/241]
37 [-219/241, -153/241, -43/241, 111/241, -173/241, 69/241, -127/241, -279/241, 95/241, 31/241, 11/241, 35/241, 103/241, 215/241, -111/241, 89/241, -149/241, 139/241, -11/241, -117/241, 303/241]
Testing obstruction for
m1: 10, m2: 12,a: 7
[      -1 -213/241 -129/241   11/241  207/241  459/241  285/241  167/241  105/241   99/241  149/241  255/241  417/241  635/241  427/241]
[ 275/241  179/241  139/241  155/241  227/241  355/241  539/241  297/241  111/241  -19/241  -93/241 -111/241  -73/241   21/241  171/241]
[ 377/241  639/241  475/241  367/241  315/241  319/241  379/241  495/241  667/241  413/241  215/241   73/241  -13/241  -43/241  -17/241]
[  65/241  203/241  397/241  165/241  -11/241 -131/241 -195/241 -203/241 -155/241  -51/241  109/241  325/241  597/241  443/241  345/241]
[ 303/241  317/241  387/241  513/241  695/241  451/241  263/241  131/241   55/241   35/241   71/241  163/241  311/241  515/241  293/241]
[ 127/241   17/241  -37/241  -35/241   23/241  137/241  307/241  533/241  333/241  189/241  101/241   69/241   93/241  173/241  309/241]
[ 501/241  267/241   89/241  -33/241  -99/241 -109/241  -63/241   39/241  197/241  411/241  199/241   43/241  -57/241 -101/241  -89/241]
[ -21/241  103/241  283/241  519/241  329/241  195/241  117/241   95/241  129/241  219/241  365/241  567/241  343/241  175/241   63/241]
[   7/241    7/241   63/241  175/241  343/241  567/241  365/241  219/241  129/241   95/241  117/241  195/241  329/241  519/241  283/241]
[ 103/241  -21/241  -89/241 -101/241  -57/241   43/241  199/241  411/241  197/241   39/241  -63/241 -109/241  -99/241  -33/241   89/241]
[ 267/241  501/241  309/241  173/241   93/241   69/241  101/241  189/241  333/241  533/241  307/241  137/241   23/241  -35/241  -37/241]
[  17/241  127/241  293/241  515/241  311/241  163/241   71/241   35/241   55/241  131/241  263/241  451/241  695/241  513/241  387/241]
[ 317/241  303/241  345/241  443/241  597/241  325/241  109/241  -51/241 -155/241 -203/241 -195/241 -131/241  -11/241  165/241  397/241]
[ 203/241   65/241  -17/241  -43/241  -13/241   73/241  215/241  413/241  667/241  495/241  379/241  319/241  315/241  367/241  475/241]
[ 639/241  377/241  171/241   21/241  -73/241 -111/241  -93/241  -19/241  111/241  297/241  539/241  355/241  227/241  155/241  139/241]
[ 179/241  275/241  427/241  635/241  417/241  255/241  149/241   99/241  105/241  167/241  285/241  459/241  207/241   11/241 -129/241]
[-213/241        0        0        0        0        0        0        0        0        0        0        0        0        0        0]
---------------------------
SUCCESS for name = 13a4207
---------------------------
