13a1580
Correction terms
[      -1   57/137   91/137  -35/137  -47/137   55/137   -3/137   53/137  -51/137  -41/137   83/137   47/137  125/137   43/137 -199/137]
[ -53/137  207/137   33/137  -27/137   27/137  -79/137  -71/137   51/137   13/137   89/137    5/137   35/137  179/137 -111/137  -13/137]
[ 199/137  -23/137 -131/137  149/137   -5/137  -45/137   29/137  -57/137  -29/137  113/137   95/137  191/137 -147/137  -97/137   67/137]
[  71/137  -85/137  147/137  -55/137 -143/137  157/137   23/137    3/137   97/137   31/137   79/137  -33/137  -31/137   85/137   41/137]
[-163/137   21/137   45/137  -91/137  161/137  -21/137  -89/137  -43/137  117/137  117/137  -43/137  -89/137  -21/137  161/137  -91/137]
[  45/137   21/137 -163/137   41/137   85/137  -31/137  -33/137   79/137   31/137   97/137    3/137   23/137  157/137 -143/137  -55/137]
[ 147/137  -85/137   71/137   67/137  -97/137 -147/137  191/137   95/137  113/137  -29/137  -57/137   29/137  -45/137   -5/137  149/137]
[-131/137  -23/137  199/137  -13/137 -111/137  179/137   35/137    5/137   89/137   13/137   51/137  -71/137  -79/137   27/137  -27/137]
[  33/137  207/137  -53/137 -199/137   43/137  125/137   47/137   83/137  -41/137  -51/137   53/137   -3/137   55/137  -47/137  -35/137]
[  91/137   57/137        0        0        0        0        0        0        0        0        0        0        0        0        0]
Testing obstruction for
m1: 2, m2: 24,a: 1
[      -1 -131/137 -113/137  -83/137  -41/137   13/137   79/137  157/137  247/137  349/137  463/137  589/137  727/137  603/137  491/137]
[ 391/137  303/137  227/137  163/137  111/137   71/137   43/137   27/137   23/137   31/137   51/137   83/137  127/137  183/137  251/137]
[ 331/137  423/137  527/137  643/137  771/137  637/137  515/137  405/137  307/137  221/137  147/137   85/137   35/137   -3/137  -29/137]
[ -43/137  -45/137  -35/137  -13/137   21/137   67/137  125/137  195/137  277/137  371/137  477/137  595/137  725/137  593/137  473/137]
[ 365/137  269/137  185/137  113/137   53/137    5/137  -31/137  -55/137  -67/137  -67/137  -55/137  -31/137    5/137   53/137  113/137]
[ 185/137  269/137  365/137  473/137  593/137  725/137  595/137  477/137  371/137  277/137  195/137  125/137   67/137   21/137  -13/137]
[ -35/137  -45/137  -43/137  -29/137   -3/137   35/137   85/137  147/137  221/137  307/137  405/137  515/137  637/137  771/137  643/137]
[ 527/137  423/137  331/137  251/137  183/137  127/137   83/137   51/137   31/137   23/137   27/137   43/137   71/137  111/137  163/137]
[ 227/137  303/137  391/137  491/137  603/137  727/137  589/137  463/137  349/137  247/137  157/137   79/137   13/137  -41/137  -83/137]
[-113/137 -131/137        0        0        0        0        0        0        0        0        0        0        0        0        0]
[-131/137, -113/137]
32 [-131/137, 161/137]
Testing obstruction for
m1: 12, m2: 14,a: 11
[      -1 -125/137  -89/137  -29/137   55/137  163/137  295/137  177/137   83/137   13/137  -33/137  -55/137  -53/137  -27/137   23/137]
[  97/137  195/137  317/137  189/137   85/137    5/137  -51/137  -83/137  -91/137  -75/137  -35/137   29/137  117/137  229/137  365/137]
[ 251/137  161/137   95/137   53/137   35/137   41/137   71/137  125/137  203/137  305/137  431/137  307/137  207/137  131/137   79/137]
[  51/137   47/137   67/137  111/137  179/137  271/137  387/137  253/137  143/137   57/137   -5/137  -43/137  -57/137  -47/137  -13/137]
[  45/137  127/137  233/137  363/137  243/137  147/137   75/137   27/137    3/137    3/137   27/137   75/137  147/137  243/137  363/137]
[ 233/137  127/137   45/137  -13/137  -47/137  -57/137  -43/137   -5/137   57/137  143/137  253/137  387/137  271/137  179/137  111/137]
[  67/137   47/137   51/137   79/137  131/137  207/137  307/137  431/137  305/137  203/137  125/137   71/137   41/137   35/137   53/137]
[  95/137  161/137  251/137  365/137  229/137  117/137   29/137  -35/137  -75/137  -91/137  -83/137  -51/137    5/137   85/137  189/137]
[ 317/137  195/137   97/137   23/137  -27/137  -53/137  -55/137  -33/137   13/137   83/137  177/137  295/137  163/137   55/137  -29/137]
[ -89/137 -125/137        0        0        0        0        0        0        0        0        0        0        0        0        0]
---------------------------
SUCCESS for name = 13a1580
---------------------------
13a1583
Correction terms
[      -1   79/145 -119/145  131/145  -41/145   -11/29 -201/145 -189/145  -19/145   19/145   -15/29  -11/145  -79/145   11/145  -31/145]
[   17/29   69/145  -79/145  -69/145 -191/145   -31/29   39/145 -189/145   31/145 -171/145    15/29 -101/145  171/145   21/145      1/5]
[  -19/29  -61/145 -159/145  -99/145 -171/145   -17/29 -131/145  -19/145  -39/145   99/145    21/29  -21/145   11/145  -89/145  -31/145]
[  -21/29  -21/145  -69/145 -249/145   19/145   -27/29  159/145   31/145   61/145  -41/145     3/29  -61/145   21/145     -1/5 -211/145]
[  -47/29 -101/145  -99/145   61/145   89/145    -3/29   39/145  -39/145   41/145  -11/145    19/29 -221/145  -89/145  -89/145 -221/145]
[   19/29  -11/145   41/145  -39/145   39/145    -3/29   89/145   61/145  -99/145 -101/145   -47/29 -211/145     -1/5   21/145  -61/145]
[    3/29  -41/145   61/145   31/145  159/145   -27/29   19/145 -249/145  -69/145  -21/145   -21/29  -31/145  -89/145   11/145  -21/145]
[   21/29   99/145  -39/145  -19/145 -131/145   -17/29 -171/145  -99/145 -159/145  -61/145   -19/29      1/5   21/145  171/145 -101/145]
[   15/29 -171/145   31/145 -189/145   39/145   -31/29 -191/145  -69/145  -79/145   69/145    17/29  -31/145   11/145  -79/145  -11/145]
[  -15/29   19/145  -19/145 -189/145 -201/145   -11/29  -41/145  131/145 -119/145   79/145        0        0        0        0        0]
Testing obstruction for
m1: 4, m2: 12,a: 2
[      -1 -131/145  -89/145  -19/145   79/145    41/29  359/145  251/145  171/145  119/145    19/29   99/145  131/145  191/145  279/145]
[   79/29  249/145  131/145   41/145  -21/145   -11/29  -61/145  -39/145   11/145   89/145    39/29  329/145  201/145  101/145      1/5]
[   -3/29  -31/145  -19/145   21/145   89/145    37/29  309/145  171/145   61/145  -21/145   -15/29 -101/145  -99/145  -69/145  -11/145]
[   15/29  189/145  331/145  211/145  119/145    11/29   19/145   11/145   31/145   79/145    31/29  259/145  391/145      9/5  159/145]
[   17/29   39/145   21/145   31/145   69/145    27/29  229/145  351/145  211/145   99/145     3/29  -41/145  -69/145  -69/145  -41/145]
[    3/29   99/145  211/145  351/145  229/145    27/29   69/145   31/145   21/145   39/145    17/29  159/145      9/5  391/145  259/145]
[   31/29   79/145   31/145   11/145   19/145    11/29  119/145  211/145  331/145  189/145    15/29  -11/145  -69/145  -99/145 -101/145]
[  -15/29  -21/145   61/145  171/145  309/145    37/29   89/145   21/145  -19/145  -31/145    -3/29      1/5  101/145  201/145  329/145]
[   39/29   89/145   11/145  -39/145  -61/145   -11/29  -21/145   41/145  131/145  249/145    79/29  279/145  191/145  131/145   99/145]
[   19/29  119/145  171/145  251/145  359/145    41/29   79/145  -19/145  -89/145 -131/145        0        0        0        0        0]
Unobstructed
36
---------------------------
---------------------------
13a1584
Correction terms
[      -1  101/165  -91/165   -27/55 -199/165   -23/33   -53/55   -1/165   29/165   -23/55     7/33     1/15    63/55  -91/165  161/165]
[   -3/11  -49/165 -181/165   -37/55 -169/165    -5/33    -3/55   -11/15  -31/165   -23/55    19/33 -199/165    13/55 -181/165 -199/165]
[   -1/11   41/165  -31/165      3/5  101/165    -5/33    17/55   -1/165  149/165   -53/55    13/33 -169/165   -67/55  -31/165     1/15]
[   -5/11   41/165   29/165   -37/55  -49/165   -23/33     7/55 -301/165  -91/165    -3/55     -1/3  101/165    43/55   29/165  131/165]
[    7/11  -49/165   -1/165   -27/55   41/165   -59/33     -3/5  -31/165  -91/165    17/55    13/33  -49/165    13/55   -1/165 -169/165]
[   -9/11 -229/165   -11/15   -47/55   41/165    19/33     7/55  149/165  149/165     7/55    19/33   41/165   -47/55   -11/15 -229/165]
[   -9/11 -169/165   -1/165    13/55  -49/165    13/33    17/55  -91/165  -31/165     -3/5   -59/33   41/165   -27/55   -1/165  -49/165]
[    7/11  131/165   29/165    43/55  101/165     -1/3    -3/55  -91/165 -301/165     7/55   -23/33  -49/165   -37/55   29/165   41/165]
[   -5/11     1/15  -31/165   -67/55 -169/165    13/33   -53/55  149/165   -1/165    17/55    -5/33  101/165      3/5  -31/165   41/165]
[   -1/11 -199/165 -181/165    13/55 -199/165    19/33   -23/55  -31/165   -11/15    -3/55    -5/33 -169/165   -37/55 -181/165  -49/165]
[   -3/11  161/165  -91/165    63/55     1/15     7/33   -23/55   29/165   -1/165   -53/55   -23/33 -199/165   -27/55  -91/165  101/165]
[       0        0        0        0        0        0        0        0        0        0        0        0        0        0        0]
Testing obstruction for
m1: 2, m2: 28,a: 0
[      -1  -49/165  -31/165   -37/55   41/165    19/33    17/55  239/165  329/165   107/55   109/33    61/15   233/55  959/165 1121/165]
[   57/11  821/165  689/165   153/55  461/165    73/33    57/55    19/15  149/165    -3/55    13/33   41/165   -27/55   29/165   41/165]
[   -3/11  101/165  149/165      3/5  281/165    73/33   117/55  569/165  689/165   237/55   193/33 1121/165   283/55  809/165    61/15]
[   29/11  431/165  329/165    43/55  161/165    19/33   -23/55   -1/165  -31/165   -53/55     -1/3  -49/165   -47/55   -1/165   41/165]
[   -1/11  161/165  239/165    73/55  431/165   109/33     17/5  809/165  959/165   337/55   193/33  821/165   193/55  569/165  461/165]
[   17/11  281/165    19/15    13/55  101/165    13/33   -23/55   29/165   29/165   -23/55    13/33  101/165    13/55    19/15  281/165]
[   17/11  461/165  569/165   193/55  821/165   193/33   337/55  959/165  809/165     17/5   109/33  431/165    73/55  239/165  161/165]
[   -1/11   41/165   -1/165   -47/55  -49/165     -1/3   -53/55  -31/165   -1/165   -23/55    19/33  161/165    43/55  329/165  431/165]
[   29/11    61/15  809/165   283/55 1121/165   193/33   237/55  689/165  569/165   117/55    73/33  281/165      3/5  149/165  101/165]
[   -3/11   41/165   29/165   -27/55   41/165    13/33    -3/55  149/165    19/15    57/55    73/33  461/165   153/55  689/165  821/165]
[   57/11 1121/165  959/165   233/55    61/15   109/33   107/55  329/165  239/165    17/55    19/33   41/165   -37/55  -31/165  -49/165]
[       0        0        0        0        0        0        0        0        0        0        0        0        0        0        0]
Unobstructed
16
---------------------------
---------------------------
13a1586
Correction terms
[      -1 -173/309  235/309   99/103   13/309    1/309 -119/103 -443/309 -257/309   67/103  313/309   79/309 -167/103 -191/309 -227/309]
[   3/103 -101/309   61/309  -41/103  -35/309 -293/309  -93/103    7/309  -53/309 -153/103   25/309  163/309  -15/103   19/309 -263/309]
[ -91/103  -11/309  -95/309   31/103  -65/309   49/309  -61/103 -143/309  169/309   45/103 -245/309 -353/309  -63/103 -371/309 -281/309]
[  27/103   97/309 -233/309  -97/103  -77/309 -209/309  -23/103 -275/309 -209/309   43/103  121/309 -233/309 -105/103 -125/309 -281/309]
[ -55/103  223/309  265/309  -13/103  -71/309 -449/309   21/103  229/309   49/309   47/103 -113/309  -95/309 -141/103  139/309  355/309]
[  75/103 -251/309 -455/309 -129/103  -47/309  -53/309   71/103  133/309 -293/309 -149/103 -329/309   61/309   35/103 -197/309 -227/309]
[   5/103  -89/309   79/309  -33/103   -5/309 -257/309  -79/103   55/309    1/309   73/103   91/309 -383/309   11/103      1/3 -173/309]
[ -59/103   91/309   13/309 -137/103   55/309  175/309  -17/103   -5/309 -305/309 -111/103  -89/309 -191/309   -7/103 -197/309 -101/309]
[-117/103 -329/309  -35/309  -29/103 -485/309    7/309   51/103  -47/309   25/309  -83/103 -251/309   19/309  -19/103  139/309  -11/309]
[  37/103 -113/309  -65/309   85/103  229/309 -143/309  -81/103  -71/309 -245/309  -49/103  223/309  247/309  -25/103 -125/309 -521/309]
[  -9/103  121/309  -77/309   -1/103 -275/309 -275/309   -1/103  -77/309  121/309   -9/103 -521/309 -125/309  -25/103  247/309  223/309]
[ -49/103 -245/309  -71/309  -81/103 -143/309  229/309   85/103  -65/309 -113/309   37/103  -11/309  139/309  -19/103   19/309 -251/309]
[ -83/103   25/309  -47/309   51/103    7/309 -485/309  -29/103  -35/309 -329/309 -117/103 -101/309 -197/309   -7/103 -191/309  -89/309]
[-111/103 -305/309   -5/309  -17/103  175/309   55/309 -137/103   13/309   91/309  -59/103 -173/309      1/3   11/103 -383/309   91/309]
[  73/103    1/309   55/309  -79/103 -257/309   -5/309  -33/103   79/309  -89/309    5/103 -227/309 -197/309   35/103   61/309 -329/309]
[-149/103 -293/309  133/309   71/103  -53/309  -47/309 -129/103 -455/309 -251/309   75/103  355/309  139/309 -141/103  -95/309 -113/309]
[  47/103   49/309  229/309   21/103 -449/309  -71/309  -13/103  265/309  223/309  -55/103 -281/309 -125/309 -105/103 -233/309  121/309]
[  43/103 -209/309 -275/309  -23/103 -209/309  -77/309  -97/103 -233/309   97/309   27/103 -281/309 -371/309  -63/103 -353/309 -245/309]
[  45/103  169/309 -143/309  -61/103   49/309  -65/309   31/103  -95/309  -11/309  -91/103 -263/309   19/309  -15/103  163/309   25/309]
[-153/103  -53/309    7/309  -93/103 -293/309  -35/309  -41/103   61/309 -101/309    3/103 -227/309 -191/309 -167/103   79/309  313/309]
[  67/103 -257/309 -443/309 -119/103    1/309   13/309   99/103  235/309 -173/309        0        0        0        0        0        0]
Testing obstruction for
m1: 2, m2: 52,a: 0
[      -1  -97/309  -79/309  -85/103   -7/309   47/309  -31/103  191/309  281/309   59/103  497/309  623/309  185/103  911/309 1073/309]
[ 347/103 1433/309 1631/309  545/103 2063/309 2297/309  779/103 2801/309 3071/309 1049/103 3647/309 3953/309 1149/103 3365/309 3089/309]
[ 873/103 2573/309 2333/309  633/103 1889/309 1685/309  429/103 1313/309 1145/309  261/103  845/309  713/309  129/103  485/309  389/309]
[  33/103  233/309  173/309  -27/103   89/309   65/309  -51/103   53/309   65/309  -39/103  125/309  173/309    9/103  305/309  389/309]
[  93/103  593/309  713/309  213/103  989/309 1145/309  369/103 1493/309 1685/309  561/103 2105/309 2333/309  789/103 2825/309 3089/309]
[1053/103 3653/309 3953/309 1147/103 3353/309 3071/309  865/103 2543/309 2297/309  619/103 1841/309 1631/309  409/103 1247/309 1073/309]
[ 235/103  761/309  623/309   97/103  383/309  281/309   -5/103  113/309   47/309  -71/103  -49/309  -79/309 -101/103     -1/3  -97/309]
[ -95/103  -49/309   -7/309  -53/103  113/309  191/309   25/103  383/309  497/309  139/103  761/309  911/309  289/103 1247/309 1433/309]
[ 475/103 1841/309 2063/309  697/103 2543/309 2801/309  955/103 3353/309 3647/309 1249/103 3653/309 3365/309  961/103 2825/309 2573/309]
[ 709/103 2105/309 1889/309  493/103 1493/309 1313/309  313/103  989/309  845/309  169/103  593/309  485/309   61/103  305/309  233/309]
[ -11/103  125/309   89/309  -47/103   53/309   53/309  -47/103   89/309  125/309  -11/103  233/309  305/309   61/103  485/309  593/309]
[ 169/103  845/309  989/309  313/103 1313/309 1493/309  493/103 1889/309 2105/309  709/103 2573/309 2825/309  961/103 3365/309 3653/309]
[1249/103 3647/309 3353/309  955/103 2801/309 2543/309  697/103 2063/309 1841/309  475/103 1433/309 1247/309  289/103  911/309  761/309]
[ 139/103  497/309  383/309   25/103  191/309  113/309  -53/103   -7/309  -49/309  -95/103  -97/309     -1/3 -101/103  -79/309  -49/309]
[ -71/103   47/309  113/309   -5/103  281/309  383/309   97/103  623/309  761/309  235/103 1073/309 1247/309  409/103 1631/309 1841/309]
[ 619/103 2297/309 2543/309  865/103 3071/309 3353/309 1147/103 3953/309 3653/309 1053/103 3089/309 2825/309  789/103 2333/309 2105/309]
[ 561/103 1685/309 1493/309  369/103 1145/309  989/309  213/103  713/309  593/309   93/103  389/309  305/309    9/103  173/309  125/309]
[ -39/103   65/309   53/309  -51/103   65/309   89/309  -27/103  173/309  233/309   33/103  389/309  485/309  129/103  713/309  845/309]
[ 261/103 1145/309 1313/309  429/103 1685/309 1889/309  633/103 2333/309 2573/309  873/103 3089/309 3365/309 1149/103 3953/309 3647/309]
[1049/103 3071/309 2801/309  779/103 2297/309 2063/309  545/103 1631/309 1433/309  347/103 1073/309  911/309  185/103  623/309  497/309]
[  59/103  281/309  191/309  -31/103   47/309   -7/309  -85/103  -79/309  -97/309        0        0        0        0        0        0]
Testing obstruction for
m1: 8, m2: 12,a: 3
[      -1 -263/309 -125/309   35/103  427/309  223/309   37/103   91/309  163/309  109/103  583/309  931/309  251/103  667/309  673/309]
[ 257/103  961/309  625/309  127/103  229/309  169/309   67/103  325/309  541/309   77/103   13/309 -113/309  -49/103  -89/309   61/309]
[ 101/103  637/309  445/309  115/103  337/309  421/309  199/103  865/309  607/309  147/103  367/309  385/309  165/103  697/309  373/309]
[  47/103    1/309  -47/309   -1/103  133/309  361/309   21/103 -143/309 -257/309  -93/103 -209/309  -47/309   69/103  553/309  373/309]
[  95/103  289/309  385/309  191/103  853/309  607/309  151/103  391/309  421/309  181/103  757/309  445/309   75/103   97/309   61/309]
[  39/103  265/309  505/309   73/103   25/309  -77/309  -29/103   -5/309  169/309  145/103  793/309  625/309  183/103  565/309  673/309]
[ 291/103  547/309  313/309   57/103  121/309  163/309   99/103  523/309  223/309    5/103 -101/309 -125/309  -19/103      1/3  355/309]
[  27/103 -101/309 -191/309  -63/103  -95/309   91/309  123/103  739/309  583/309  173/103  547/309  667/309  293/103  565/309  343/309]
[  71/103  175/309  229/309  125/103  613/309  325/309   43/103   25/309   13/309   31/103  265/309  529/309   89/103   97/309   19/309]
[  11/103  139/309  337/309  209/103 1009/309  865/309  271/103  853/309  985/309  197/103  289/309   79/309  -13/103  -65/309    1/309]
[  53/103  409/309  133/309  -17/103 -143/309 -143/309  -17/103  133/309  409/309   53/103    1/309  -65/309  -13/103   79/309  289/309]
[ 197/103  985/309  853/309  271/103  865/309 1009/309  209/103  337/309  139/309   11/103   19/309   97/309   89/103  529/309  265/309]
[  31/103   13/309   25/309   43/103  325/309  613/309  125/103  229/309  175/309   71/103  343/309  565/309  293/103  667/309  547/309]
[ 173/103  583/309  739/309  123/103   91/309  -95/309  -63/103 -191/309 -101/309   27/103  355/309      1/3  -19/103 -125/309 -101/309]
[   5/103  223/309  523/309   99/103  163/309  121/309   57/103  313/309  547/309  291/103  673/309  565/309  183/103  625/309  793/309]
[ 145/103  169/309   -5/309  -29/103  -77/309   25/309   73/103  505/309  265/309   39/103   61/309   97/309   75/103  445/309  757/309]
[ 181/103  421/309  391/309  151/103  607/309  853/309  191/103  385/309  289/309   95/103  373/309  553/309   69/103  -47/309 -209/309]
[ -93/103 -257/309 -143/309   21/103  361/309  133/309   -1/103  -47/309    1/309   47/103  373/309  697/309  165/103  385/309  367/309]
[ 147/103  607/309  865/309  199/103  421/309  337/309  115/103  445/309  637/309  101/103   61/309  -89/309  -49/103 -113/309   13/309]
[  77/103  541/309  325/309   67/103  169/309  229/309  127/103  625/309  961/309  257/103  673/309  667/309  251/103  931/309  583/309]
[ 109/103  163/309   91/309   37/103  223/309  427/309   35/103 -125/309 -263/309        0        0        0        0        0        0]
Unobstructed
29
---------------------------
---------------------------
13a1603
H_1 not cyclic will skip for now
