13a2894
Correction terms
[      -1 -265/397  131/397   -3/397  127/397 -273/397 -409/397 -281/397  111/397  -27/397   99/397 -305/397 -445/397 -321/397   67/397]
[ -75/397   47/397  433/397  289/397  409/397   -1/397 -147/397  -29/397  353/397  205/397  321/397  -93/397 -243/397 -129/397  249/397]
[  97/397  209/397 -209/397 -363/397 -253/397  121/397  -35/397   73/397  445/397  287/397  393/397  -31/397 -191/397  -87/397  281/397]
[ 119/397  221/397 -207/397 -371/397 -271/397   93/397  -73/397   25/397 -407/397 -575/397 -479/397 -119/397 -289/397 -195/397  163/397]
[  -9/397   83/397 -355/397 -529/397 -439/397  -85/397 -261/397 -173/397  179/397    1/397   87/397  437/397  257/397  341/397 -105/397]
[-287/397 -205/397  141/397  -43/397   37/397  381/397  195/397  273/397 -179/397 -367/397 -291/397   49/397 -141/397  -67/397  271/397]
[  79/397  151/397  487/397  293/397  363/397  -97/397 -293/397 -225/397  107/397  -91/397  -25/397  305/397  105/397  169/397 -297/397]
[-499/397 -437/397 -111/397 -315/397 -255/397   69/397 -137/397  -79/397  243/397   35/397   91/397 -383/397 -593/397 -539/397 -221/397]
[-433/397 -381/397  -65/397 -279/397 -229/397   85/397 -131/397  -83/397  229/397   11/397   57/397  367/397  147/397  191/397  499/397]
[ 277/397  319/397 -169/397 -393/397 -353/397  -49/397 -275/397 -237/397   65/397 -163/397 -127/397  173/397  -57/397  -23/397  275/397]
[  43/397   75/397  371/397  137/397  167/397  461/397  225/397  253/397 -249/397 -487/397 -461/397 -171/397 -411/397 -387/397  -99/397]
[-341/397 -319/397  -33/397 -277/397 -257/397   27/397 -219/397 -201/397   81/397 -167/397 -151/397  129/397 -121/397 -107/397  171/397]
[ -81/397  -69/397  207/397  -47/397  -37/397  237/397  -19/397  -11/397  261/397    3/397    9/397  279/397   19/397   23/397  291/397]
[  29/397   31/397  297/397   33/397   33/397  297/397   31/397   29/397  291/397   23/397   19/397  279/397    9/397    3/397  261/397]
[ -11/397  -19/397  237/397  -37/397  -47/397  207/397  -69/397  -81/397  171/397 -107/397 -121/397  129/397 -151/397 -167/397   81/397]
[-201/397 -219/397   27/397 -257/397 -277/397  -33/397 -319/397 -341/397  -99/397 -387/397 -411/397 -171/397 -461/397 -487/397 -249/397]
[ 253/397  225/397  461/397  167/397  137/397  371/397   75/397   43/397  275/397  -23/397  -57/397  173/397 -127/397 -163/397   65/397]
[-237/397 -275/397  -49/397 -353/397 -393/397 -169/397  319/397  277/397  499/397  191/397  147/397  367/397   57/397   11/397  229/397]
[ -83/397 -131/397   85/397 -229/397 -279/397  -65/397 -381/397 -433/397 -221/397 -539/397 -593/397 -383/397   91/397   35/397  243/397]
[ -79/397 -137/397   69/397 -255/397 -315/397 -111/397 -437/397 -499/397 -297/397  169/397  105/397  305/397  -25/397  -91/397  107/397]
[-225/397 -293/397  -97/397  363/397  293/397  487/397  151/397   79/397  271/397  -67/397 -141/397   49/397 -291/397 -367/397 -179/397]
[ 273/397  195/397  381/397   37/397  -43/397  141/397 -205/397 -287/397 -105/397  341/397  257/397  437/397   87/397    1/397  179/397]
[-173/397 -261/397  -85/397 -439/397 -529/397 -355/397   83/397   -9/397  163/397 -195/397 -289/397 -119/397 -479/397 -575/397 -407/397]
[  25/397  -73/397   93/397 -271/397 -371/397 -207/397  221/397  119/397  281/397  -87/397 -191/397  -31/397  393/397  287/397  445/397]
[  73/397  -35/397  121/397 -253/397 -363/397 -209/397  209/397   97/397  249/397 -129/397 -243/397  -93/397  321/397  205/397  353/397]
[ -29/397 -147/397   -1/397  409/397  289/397  433/397   47/397  -75/397   67/397 -321/397 -445/397 -305/397   99/397  -27/397  111/397]
[-281/397 -409/397 -273/397  127/397   -3/397  131/397 -265/397        0        0        0        0        0        0        0        0]
Testing obstruction for
m1: 4, m2: 30,a: 2
[      -1 -383/397 -341/397 -271/397 -173/397  -47/397  107/397  289/397  499/397  737/397 1003/397 1297/397 1619/397 1969/397 2347/397]
[2753/397 2393/397 2061/397 1757/397 1481/397 1233/397 1013/397  821/397  657/397  521/397  413/397  333/397  281/397  257/397  261/397]
[ 293/397  353/397  441/397  557/397  701/397  873/397 1073/397 1301/397 1557/397 1841/397 2153/397 2493/397 2861/397 2463/397 2093/397]
[1751/397 1437/397 1151/397  893/397  663/397  461/397  287/397  141/397   23/397  -67/397 -129/397 -163/397 -169/397 -147/397  -97/397]
[ -19/397   87/397  221/397  383/397  573/397  791/397 1037/397 1311/397 1613/397 1943/397 2301/397 2687/397 2307/397 1955/397 1631/397]
[1335/397 1067/397  827/397  615/397  431/397  275/397  147/397   47/397  -25/397  -69/397  -85/397  -73/397  -33/397   35/397  131/397]
[ 255/397  407/397  587/397  795/397 1031/397 1295/397 1587/397 1907/397 2255/397 2631/397 2241/397 1879/397 1545/397 1239/397  961/397]
[ 711/397  489/397  295/397  129/397   -9/397 -119/397 -201/397 -255/397 -281/397 -279/397 -249/397 -191/397 -105/397    9/397  151/397]
[ 321/397  519/397  745/397  999/397 1281/397 1591/397 1929/397 2295/397 2689/397 2317/397 1973/397 1657/397 1369/397 1109/397  877/397]
[ 673/397  497/397  349/397  229/397  137/397   73/397   37/397   29/397   49/397   97/397  173/397  277/397  409/397  569/397  757/397]
[ 973/397 1217/397 1489/397 1789/397 2117/397 2473/397 2857/397 2475/397 2121/397 1795/397 1497/397 1227/397  985/397  771/397  585/397]
[ 427/397  297/397  195/397  121/397   75/397   57/397   67/397  105/397  171/397  265/397  387/397  537/397  715/397  921/397 1155/397]
[1417/397 1707/397 2025/397 2371/397 2745/397 2353/397 1989/397 1653/397 1345/397 1065/397  813/397  589/397  393/397  225/397   85/397]
[ -27/397 -111/397 -167/397 -195/397 -195/397 -167/397 -111/397  -27/397   85/397  225/397  393/397  589/397  813/397 1065/397 1345/397]
[1653/397 1989/397 2353/397 2745/397 2371/397 2025/397 1707/397 1417/397 1155/397  921/397  715/397  537/397  387/397  265/397  171/397]
[ 105/397   67/397   57/397   75/397  121/397  195/397  297/397  427/397  585/397  771/397  985/397 1227/397 1497/397 1795/397 2121/397]
[2475/397 2857/397 2473/397 2117/397 1789/397 1489/397 1217/397  973/397  757/397  569/397  409/397  277/397  173/397   97/397   49/397]
[  29/397   37/397   73/397  137/397  229/397  349/397  497/397  673/397  877/397 1109/397 1369/397 1657/397 1973/397 2317/397 2689/397]
[2295/397 1929/397 1591/397 1281/397  999/397  745/397  519/397  321/397  151/397    9/397 -105/397 -191/397 -249/397 -279/397 -281/397]
[-255/397 -201/397 -119/397   -9/397  129/397  295/397  489/397  711/397  961/397 1239/397 1545/397 1879/397 2241/397 2631/397 2255/397]
[1907/397 1587/397 1295/397 1031/397  795/397  587/397  407/397  255/397  131/397   35/397  -33/397  -73/397  -85/397  -69/397  -25/397]
[  47/397  147/397  275/397  431/397  615/397  827/397 1067/397 1335/397 1631/397 1955/397 2307/397 2687/397 2301/397 1943/397 1613/397]
[1311/397 1037/397  791/397  573/397  383/397  221/397   87/397  -19/397  -97/397 -147/397 -169/397 -163/397 -129/397  -67/397   23/397]
[ 141/397  287/397  461/397  663/397  893/397 1151/397 1437/397 1751/397 2093/397 2463/397 2861/397 2493/397 2153/397 1841/397 1557/397]
[1301/397 1073/397  873/397  701/397  557/397  441/397  353/397  293/397  261/397  257/397  281/397  333/397  413/397  521/397  657/397]
[ 821/397 1013/397 1233/397 1481/397 1757/397 2061/397 2393/397 2753/397 2347/397 1969/397 1619/397 1297/397 1003/397  737/397  499/397]
[ 289/397  107/397  -47/397 -173/397 -271/397 -341/397 -383/397        0        0        0        0        0        0        0        0]
Unobstructed
116
---------------------------
---------------------------
13a2911
Correction terms
[      -1   87/217  131/217  -85/217 -127/217    5/217 -123/217   -11/31  143/217  103/217  237/217  111/217  159/217  -53/217    49/31]
[  45/217  -79/217  -29/217  195/217 -275/217 -137/217    25/31 -207/217   19/217  -15/217  125/217    5/217   59/217   -21/31  255/217]
[ -37/217     -5/7  -99/217  131/217  101/217   -27/31  129/217  187/217  -15/217  -43/217  103/217  -11/217     7/31 -151/217 -177/217]
[ -29/217 -141/217  -79/217  157/217    19/31 -151/217  173/217  237/217   41/217   19/217  171/217     9/31  129/217  -65/217  -85/217]
[  69/217  -37/217      1/7   -23/31  255/217  -23/217 -127/217  -57/217  187/217 -263/217   -15/31  227/217 -135/217  111/217   97/217]
[ 257/217  157/217    33/31   45/217   33/217  195/217   97/217 -261/217  -11/217    -3/31 -291/217   47/217  125/217  -57/217  -65/217]
[ 101/217     1/31   87/217     -3/7  -99/217   69/217  -23/217   59/217   -17/31  311/217   47/217  -43/217   41/217  299/217 -137/217]
[    5/31  -53/217   33/217 -141/217 -141/217   33/217  -53/217     5/31 -137/217  299/217   41/217  -43/217   47/217  311/217   -17/31]
[  59/217  -23/217   69/217  -99/217     -3/7   87/217     1/31  101/217  -65/217  -57/217  125/217   47/217 -291/217    -3/31  -11/217]
[-261/217   97/217  195/217   33/217   45/217    33/31  157/217  257/217   97/217  111/217 -135/217  227/217   -15/31 -263/217  187/217]
[ -57/217 -127/217  -23/217  255/217   -23/31      1/7  -37/217   69/217  -85/217  -65/217  129/217     9/31  171/217   19/217   41/217]
[ 237/217  173/217 -151/217    19/31  157/217  -79/217 -141/217  -29/217 -177/217 -151/217     7/31  -11/217  103/217  -43/217  -15/217]
[ 187/217  129/217   -27/31  101/217  131/217  -99/217     -5/7  -37/217  255/217   -21/31   59/217    5/217  125/217  -15/217   19/217]
[-207/217    25/31 -137/217 -275/217  195/217  -29/217  -79/217   45/217    49/31  -53/217  159/217  111/217  237/217  103/217  143/217]
[  -11/31 -123/217    5/217 -127/217  -85/217  131/217   87/217        0        0        0        0        0        0        0        0]
Testing obstruction for
m1: 4, m2: 16,a: 0
[      -1 -141/217   87/217   33/217  131/217  381/217  349/217    67/31  741/217  731/217  439/217  299/217  311/217   41/217   -11/31]
[ -43/217  143/217   47/217  103/217  311/217  237/217    45/31  545/217  927/217  593/217  411/217  381/217   69/217   -13/31  -99/217]
[  45/217     -3/7  -79/217   87/217  -29/217     1/31  195/217  535/217  593/217  803/217  731/217  377/217    25/31  125/217  227/217]
[  47/217   19/217  143/217  -15/217    -3/31  125/217  423/217  439/217  607/217  927/217  531/217    41/31  195/217  255/217   33/217]
[ -37/217   45/217     -5/7   -29/31  -99/217  157/217  131/217  257/217  535/217  531/217    97/31  545/217  563/217  299/217  187/217]
[ 227/217  -15/217   -15/31  -43/217  171/217  103/217  187/217  423/217  377/217    69/31  741/217  717/217  411/217  257/217  255/217]
[ -29/217   -23/31 -141/217      1/7  -79/217  -37/217  157/217   69/217    19/31  349/217  717/217  803/217  607/217  563/217  237/217]
[    9/31   41/217  171/217   19/217   19/217  171/217   41/217     9/31  237/217  563/217  607/217  803/217  717/217  349/217    19/31]
[  69/217  157/217  -37/217  -79/217      1/7 -141/217   -23/31  -29/217  255/217  257/217  411/217  717/217  741/217    69/31  377/217]
[ 423/217  187/217  103/217  171/217  -43/217   -15/31  -15/217  227/217  187/217  299/217  563/217  545/217    97/31  531/217  535/217]
[ 257/217  131/217  157/217  -99/217   -29/31     -5/7   45/217  -37/217   33/217  255/217  195/217    41/31  531/217  927/217  607/217]
[ 439/217  423/217  125/217    -3/31  -15/217  143/217   19/217   47/217  227/217  125/217    25/31  377/217  731/217  803/217  593/217]
[ 535/217  195/217     1/31  -29/217   87/217  -79/217     -3/7   45/217  -99/217   -13/31   69/217  381/217  411/217  593/217  927/217]
[ 545/217    45/31  237/217  311/217  103/217   47/217  143/217  -43/217   -11/31   41/217  311/217  299/217  439/217  731/217  741/217]
[   67/31  349/217  381/217  131/217   33/217   87/217 -141/217        0        0        0        0        0        0        0        0]
[-141/217, 87/217, 33/217, 131/217, 381/217, 349/217, 67/31, 741/217, 731/217, 439/217, 299/217, 311/217, 41/217, -11/31, -43/217, 143/217, 47/217, 103/217, 311/217, 237/217, 45/31, 545/217, 927/217, 593/217, 411/217, 381/217, 69/217, -13/31]
46 [-141/217, 87/217, 33/217, 131/217, -53/217, -85/217, 5/31, -127/217, -137/217, 5/217, -135/217, 311/217, 41/217, -11/31, -43/217, -291/217, 47/217, 103/217, -123/217, 237/217, -17/31, 111/217, 59/217, -275/217, -23/217, -53/217, 69/217, 49/31]
[-141/217, 87/217, 33/217, 131/217, 381/217, 349/217, 67/31, 741/217, 731/217, 439/217, 299/217, 311/217, 41/217, -11/31, -43/217, 143/217, 47/217, 103/217, 311/217, 237/217, 45/31, 545/217, 927/217, 593/217, 411/217, 381/217, 69/217, -13/31]
108 [-141/217, 87/217, 33/217, 131/217, -53/217, -85/217, 5/31, -127/217, -137/217, 5/217, 299/217, -123/217, 41/217, -11/31, -43/217, 143/217, 47/217, 103/217, 311/217, 237/217, -17/31, 111/217, 59/217, 159/217, -23/217, -53/217, 69/217, 49/31]
Testing obstruction for
m1: 6, m2: 12,a: 3
[      -1 -195/217 -129/217  -19/217  135/217  333/217  575/217    61/31  323/217  263/217  247/217  275/217  347/217  463/217    89/31]
[ 393/217  207/217   65/217  -33/217  -87/217  -97/217    -9/31   15/217  137/217  303/217  513/217  333/217  197/217    15/31   57/217]
[  53/217      3/7  177/217  305/217  477/217    37/31   85/217  -45/217 -131/217 -173/217 -171/217 -125/217    -5/31   99/217  277/217]
[ 499/217  331/217  207/217  127/217    13/31   99/217  151/217  247/217  387/217  571/217  365/217    29/31   85/217   11/217  -19/217]
[  -5/217   53/217      5/7    43/31  491/217  291/217  135/217   23/217  -45/217  -69/217    -7/31   15/217  123/217  275/217  471/217]
[ 277/217  127/217     3/31  -41/217  -59/217  -33/217   37/217  151/217  309/217    73/31  323/217  179/217   79/217   23/217   11/217]
[  43/217    17/31  239/217     13/7  611/217  429/217  291/217  197/217    21/31  141/217  179/217  261/217  387/217  557/217  337/217]
[   23/31   29/217  -59/217 -103/217 -103/217  -59/217   29/217    23/31  337/217  557/217  387/217  261/217  179/217  141/217    21/31]
[ 197/217  291/217  429/217  611/217     13/7  239/217    17/31   43/217   11/217   23/217   79/217  179/217  323/217    73/31  309/217]
[ 151/217   37/217  -33/217  -59/217  -41/217     3/31  127/217  277/217  471/217  275/217  123/217   15/217    -7/31  -69/217  -45/217]
[  23/217  135/217  291/217  491/217    43/31      5/7   53/217   -5/217  -19/217   11/217   85/217    29/31  365/217  571/217  387/217]
[ 247/217  151/217   99/217    13/31  127/217  207/217  331/217  499/217  277/217   99/217    -5/31 -125/217 -171/217 -173/217 -131/217]
[ -45/217   85/217    37/31  477/217  305/217  177/217      3/7   53/217   57/217    15/31  197/217  333/217  513/217  303/217  137/217]
[  15/217    -9/31  -97/217  -87/217  -33/217   65/217  207/217  393/217    89/31  463/217  347/217  275/217  247/217  263/217  323/217]
[   61/31  575/217  333/217  135/217  -19/217 -129/217 -195/217        0        0        0        0        0        0        0        0]
Testing obstruction for
m1: 10, m2: 10,a: 6
[      -1 -179/217  -65/217  125/217  391/217  299/217  283/217    49/31  479/217  257/217  111/217   41/217   47/217  129/217    41/31]
[  87/217  -37/217  -85/217  -57/217   47/217  227/217    69/31  381/217  355/217  405/217  531/217  299/217  143/217     9/31   59/217]
[ 131/217      9/7   69/217  -65/217 -123/217   -15/31  -11/217  159/217  405/217  293/217  257/217  297/217    59/31  171/217    5/217]
[ -85/217  -99/217  -37/217  101/217    45/31  171/217  103/217  111/217  195/217  355/217  157/217     5/31  -11/217   19/217  125/217]
[ 307/217  131/217      1/7     1/31   59/217  187/217  391/217  237/217  159/217  157/217    33/31  381/217  173/217   41/217  -15/217]
[   5/217  101/217    39/31   87/217  -23/217  -57/217  -15/217  103/217  297/217    81/31  479/217  467/217  531/217  237/217   19/217]
[-123/217   -27/31 -179/217     -3/7   69/217  307/217  187/217  143/217    25/31  283/217  467/217  293/217  195/217  173/217  227/217]
[   51/31  129/217  -23/217  -99/217  -99/217  -23/217  129/217    51/31  227/217  173/217  195/217  293/217  467/217  283/217    25/31]
[ 143/217  187/217  307/217   69/217     -3/7 -179/217   -27/31 -123/217   19/217  237/217  531/217  467/217  479/217    81/31  297/217]
[ 103/217  -15/217  -57/217  -23/217   87/217    39/31  101/217    5/217  -15/217   41/217  173/217  381/217    33/31  157/217  159/217]
[ 237/217  391/217  187/217   59/217     1/31      1/7  131/217  307/217  125/217   19/217  -11/217     5/31  157/217  355/217  195/217]
[ 111/217  103/217  171/217    45/31  101/217  -37/217  -99/217  -85/217    5/217  171/217    59/31  297/217  257/217  293/217  405/217]
[ 159/217  -11/217   -15/31 -123/217  -65/217   69/217      9/7  131/217   59/217     9/31  143/217  299/217  531/217  405/217  355/217]
[ 381/217    69/31  227/217   47/217  -57/217  -85/217  -37/217   87/217    41/31  129/217   47/217   41/217  111/217  257/217  479/217]
[   49/31  283/217  299/217  391/217  125/217  -65/217 -179/217        0        0        0        0        0        0        0        0]
---------------------------
SUCCESS for name = 13a2911
---------------------------
13a2927
Correction terms
[      -1 -241/229  181/229  121/229   37/229  -71/229 -203/229   99/229  -81/229 -285/229  -55/229  151/229 -125/229   33/229 -291/229]
[-181/229  -95/229  -33/229    5/229   19/229    9/229  -25/229  -83/229 -165/229  187/229   57/229  -97/229 -275/229  -19/229  213/229]
[ -37/229 -311/229 -151/229  -15/229   97/229  185/229 -209/229 -169/229 -153/229 -161/229 -193/229 -249/229  129/229   25/229 -103/229]
[-255/229   27/229 -173/229   61/229 -187/229   -1/229  161/229 -159/229  -45/229 -413/229  111/229  153/229  171/229 -293/229 -323/229]
[  81/229    3/229  -99/229 -225/229   83/229  -91/229  169/229  -53/229 -299/229 -111/229   53/229 -265/229 -149/229  -57/229   11/229]
[  55/229 -383/229   71/229   43/229   -9/229  -85/229 -185/229  149/229    1/229 -171/229 -367/229 -129/229   85/229  275/229  -17/229]
[-333/229 -215/229 -121/229  -51/229   -5/229   17/229   15/229  -11/229  -61/229 -135/229 -233/229  103/229  -43/229 -213/229   51/229]
[-167/229   49/229 -217/229  -49/229   95/229  215/229 -147/229  -75/229  -27/229   -3/229   -3/229  -27/229  -75/229 -147/229  215/229]
[  95/229  -49/229 -217/229   49/229 -167/229   51/229 -213/229  -43/229  103/229 -233/229 -135/229  -61/229  -11/229   15/229   17/229]
[  -5/229  -51/229 -121/229 -215/229 -333/229  -17/229  275/229   85/229 -129/229 -367/229 -171/229    1/229  149/229 -185/229  -85/229]
[  -9/229   43/229   71/229 -383/229   55/229   11/229  -57/229 -149/229 -265/229   53/229 -111/229 -299/229  -53/229  169/229  -91/229]
[  83/229 -225/229  -99/229    3/229   81/229 -323/229 -293/229  171/229  153/229  111/229 -413/229  -45/229 -159/229  161/229   -1/229]
[-187/229   61/229 -173/229   27/229 -255/229 -103/229   25/229  129/229 -249/229 -193/229 -161/229 -153/229 -169/229 -209/229  185/229]
[  97/229  -15/229 -151/229 -311/229  -37/229  213/229  -19/229 -275/229  -97/229   57/229  187/229 -165/229  -83/229  -25/229    9/229]
[  19/229    5/229  -33/229  -95/229 -181/229 -291/229   33/229 -125/229  151/229  -55/229 -285/229  -81/229   99/229 -203/229  -71/229]
[  37/229  121/229  181/229 -241/229        0        0        0        0        0        0        0        0        0        0        0]
Testing obstruction for
m1: 4, m2: 18,a: 2
[      -1 -215/229 -173/229 -103/229   -5/229  121/229  275/229  457/229  667/229  905/229  713/229  549/229  413/229  305/229  225/229]
[ 173/229  149/229  153/229  185/229  245/229  333/229  449/229  593/229  765/229  965/229  735/229  533/229  359/229  213/229   95/229]
[   5/229  -57/229  -91/229  -97/229  -75/229  -25/229   53/229  159/229  293/229  455/229  645/229  863/229  651/229  467/229  311/229]
[ 183/229   83/229   11/229  -33/229  -49/229  -37/229    3/229   71/229  167/229  291/229  443/229  623/229  831/229  609/229  415/229]
[ 249/229  111/229    1/229  -81/229 -135/229 -161/229 -159/229 -129/229  -71/229   15/229  129/229  271/229  441/229  639/229  865/229]
[ 661/229  485/229  337/229  217/229  125/229   61/229   25/229   17/229   37/229   85/229  161/229  265/229  397/229  557/229  745/229]
[ 961/229  747/229  561/229  403/229  273/229  171/229   97/229   51/229   33/229   43/229   81/229  147/229  241/229  363/229  513/229]
[ 691/229  897/229  673/229  477/229  309/229  169/229   57/229  -27/229  -83/229 -111/229 -111/229  -83/229  -27/229   57/229  169/229]
[ 309/229  477/229  673/229  897/229  691/229  513/229  363/229  241/229  147/229   81/229   43/229   33/229   51/229   97/229  171/229]
[ 273/229  403/229  561/229  747/229  961/229  745/229  557/229  397/229  265/229  161/229   85/229   37/229   17/229   25/229   61/229]
[ 125/229  217/229  337/229  485/229  661/229  865/229  639/229  441/229  271/229  129/229   15/229  -71/229 -129/229 -159/229 -161/229]
[-135/229  -81/229    1/229  111/229  249/229  415/229  609/229  831/229  623/229  443/229  291/229  167/229   71/229    3/229  -37/229]
[ -49/229  -33/229   11/229   83/229  183/229  311/229  467/229  651/229  863/229  645/229  455/229  293/229  159/229   53/229  -25/229]
[ -75/229  -97/229  -91/229  -57/229    5/229   95/229  213/229  359/229  533/229  735/229  965/229  765/229  593/229  449/229  333/229]
[ 245/229  185/229  153/229  149/229  173/229  225/229  305/229  413/229  549/229  713/229  905/229  667/229  457/229  275/229  121/229]
[  -5/229 -103/229 -173/229 -215/229        0        0        0        0        0        0        0        0        0        0        0]
Unobstructed
91
---------------------------
---------------------------
13a2931
Correction terms
[      -1 -145/253  179/253  213/253  -43/253  -83/253   93/253  -21/253   81/253 -107/253  -79/253    15/23  119/253 -217/253 -337/253]
[-241/253   71/253   93/253 -175/253 -227/253  -63/253 -189/253    -9/23   -13/11 -283/253  -51/253 -109/253   49/253  -83/253    1/253]
[-205/253 -195/253   31/253    -3/23  119/253  -19/253   59/253 -153/253 -149/253   71/253    1/253  147/253    3/253   75/253   -13/23]
[-145/253     3/11   -7/253  133/253  -17/253   49/253 -175/253 -183/253   25/253  -57/253     7/23  -79/253  -19/253 -249/253 -263/253]
[ -61/253 -149/253  -21/253 -183/253 -129/253 -365/253    11/23 -189/253 -283/253    -7/11 -329/253  225/253  -17/253  -43/253 -359/253]
[  47/253  163/253    -1/23   31/253 -217/253  257/253  -65/253 -171/253  -61/253 -241/253  301/253   47/253    9/253   -29/23   75/253]
[ 179/253   -7/253     1/11 -237/253  225/253 -109/253 -227/253 -129/253 -321/253    19/23  -57/253 -107/253 -447/253  -65/253   27/253]
[-171/253 -153/253 -425/253   25/253 -321/253     5/23 -365/253  -63/253  -51/253 -329/253     5/11 -237/253  133/253 -293/253    3/253]
[   9/253   -25/23  163/253 -195/253  169/253 -263/253   27/253   27/253 -263/253  169/253 -195/253  163/253   -25/23    9/253    3/253]
[-293/253  133/253 -237/253     5/11 -329/253  -51/253  -63/253 -365/253     5/23 -321/253   25/253 -425/253 -153/253 -171/253   27/253]
[ -65/253 -447/253 -107/253  -57/253    19/23 -321/253 -129/253 -227/253 -109/253  225/253 -237/253     1/11   -7/253  179/253   75/253]
[  -29/23    9/253   47/253  301/253 -241/253  -61/253 -171/253  -65/253  257/253 -217/253   31/253    -1/23  163/253   47/253 -359/253]
[ -43/253  -17/253  225/253 -329/253    -7/11 -283/253 -189/253    11/23 -365/253 -129/253 -183/253  -21/253 -149/253  -61/253 -263/253]
[-249/253  -19/253  -79/253     7/23  -57/253   25/253 -183/253 -175/253   49/253  -17/253  133/253   -7/253     3/11 -145/253   -13/23]
[  75/253    3/253  147/253    1/253   71/253 -149/253 -153/253   59/253  -19/253  119/253    -3/23   31/253 -195/253 -205/253    1/253]
[ -83/253   49/253 -109/253  -51/253 -283/253   -13/11    -9/23 -189/253  -63/253 -227/253 -175/253   93/253   71/253 -241/253 -337/253]
[-217/253  119/253    15/23  -79/253 -107/253   81/253  -21/253   93/253  -83/253  -43/253  213/253  179/253 -145/253        0        0]
Testing obstruction for
m1: 6, m2: 12,a: 0
[      -1 -185/253   19/253  359/253  329/253  435/253  677/253  549/253  557/253  195/253  -31/253   -11/23  -75/253  107/253  425/253]
[ 373/253  457/253  677/253  527/253  513/253  129/253 -119/253   -21/23    -9/11  -47/253  249/253  175/253  237/253  435/253  769/253]
[ 733/253  327/253   57/253    -7/23  -75/253   63/253  337/253  241/253  281/253  457/253  769/253  711/253  283/253   -9/253   -15/23]
[-185/253    -3/11  183/253   65/253   83/253  237/253  527/253  953/253  503/253  189/253     1/23  -31/253   63/253  293/253  153/253]
[ 149/253  281/253  549/253  953/253  481/253  145/253    -5/23 -119/253  -47/253     7/11   -1/253  -27/253   83/253  329/253  711/253]
[ 723/253  365/253    13/23   57/253  107/253  293/253  109/253   61/253  149/253  373/253  733/253  723/253  343/253     9/23   -9/253]
[  19/253  183/253    -1/11  -93/253  -27/253  175/253  513/253  481/253  585/253    29/23  189/253  195/253  337/253  109/253   17/253]
[  61/253  241/253  557/253  503/253  585/253    27/23  145/253  129/253  249/253   -1/253    -5/11  -93/253   65/253  359/253  283/253]
[ 343/253    49/23  365/253  327/253  425/253  153/253   17/253   17/253  153/253  425/253  327/253  365/253    49/23  343/253  283/253]
[ 359/253   65/253  -93/253    -5/11   -1/253  249/253  129/253  145/253    27/23  585/253  503/253  557/253  241/253   61/253   17/253]
[ 109/253  337/253  195/253  189/253    29/23  585/253  481/253  513/253  175/253  -27/253  -93/253    -1/11  183/253   19/253   -9/253]
[    9/23  343/253  723/253  733/253  373/253  149/253   61/253  109/253  293/253  107/253   57/253    13/23  365/253  723/253  711/253]
[ 329/253   83/253  -27/253   -1/253     7/11  -47/253 -119/253    -5/23  145/253  481/253  953/253  549/253  281/253  149/253  153/253]
[ 293/253   63/253  -31/253     1/23  189/253  503/253  953/253  527/253  237/253   83/253   65/253  183/253    -3/11 -185/253   -15/23]
[  -9/253  283/253  711/253  769/253  457/253  281/253  241/253  337/253   63/253  -75/253    -7/23   57/253  327/253  733/253  769/253]
[ 435/253  237/253  175/253  249/253  -47/253    -9/11   -21/23 -119/253  129/253  513/253  527/253  677/253  457/253  373/253  425/253]
[ 107/253  -75/253   -11/23  -31/253  195/253  557/253  549/253  677/253  435/253  329/253  359/253   19/253 -185/253        0        0]
Testing obstruction for
m1: 64, m2: 64,a: 63
[      -1 -249/253 -237/253 -217/253 -189/253 -153/253 -109/253  -57/253    3/253   71/253  147/253    21/23  323/253  423/253  531/253]
[ 647/253  771/253  903/253 1043/253 1191/253 1347/253 1511/253   153/23    81/11 2051/253 2247/253 2451/253 2663/253 2883/253 3111/253]
[3347/253 3591/253 3843/253   327/23 3359/253 3129/253 2907/253 2693/253 2487/253 2289/253 2099/253 1917/253 1743/253 1577/253   129/23]
[1269/253    49/11  993/253  867/253  749/253  639/253  537/253  443/253  357/253  279/253    19/23  147/253   93/253   47/253    9/253]
[ -21/253  -43/253  -57/253  -63/253  -61/253  -51/253    -3/23   -7/253   27/253     3/11  119/253  177/253  243/253  317/253  399/253]
[ 489/253  587/253    63/23  807/253  929/253 1059/253 1197/253 1343/253 1497/253 1659/253 1829/253 2007/253 2193/253   217/23 2589/253]
[2799/253 3017/253   141/11 3477/253 3719/253 3969/253 3721/253 3481/253 3249/253   275/23 2809/253 2601/253 2401/253 2209/253 2025/253]
[1849/253 1681/253 1521/253 1369/253 1225/253    99/23  961/253  841/253  729/253  625/253    23/11  441/253  361/253  289/253  225/253]
[ 169/253    11/23   81/253   49/253   25/253    9/253    1/253    1/253    9/253   25/253   49/253   81/253    11/23  169/253  225/253]
[ 289/253  361/253  441/253    23/11  625/253  729/253  841/253  961/253    99/23 1225/253 1369/253 1521/253 1681/253 1849/253 2025/253]
[2209/253 2401/253 2601/253 2809/253   275/23 3249/253 3481/253 3721/253 3969/253 3719/253 3477/253   141/11 3017/253 2799/253 2589/253]
[  217/23 2193/253 2007/253 1829/253 1659/253 1497/253 1343/253 1197/253 1059/253  929/253  807/253    63/23  587/253  489/253  399/253]
[ 317/253  243/253  177/253  119/253     3/11   27/253   -7/253    -3/23  -51/253  -61/253  -63/253  -57/253  -43/253  -21/253    9/253]
[  47/253   93/253  147/253    19/23  279/253  357/253  443/253  537/253  639/253  749/253  867/253  993/253    49/11 1269/253   129/23]
[1577/253 1743/253 1917/253 2099/253 2289/253 2487/253 2693/253 2907/253 3129/253 3359/253   327/23 3843/253 3591/253 3347/253 3111/253]
[2883/253 2663/253 2451/253 2247/253 2051/253    81/11   153/23 1511/253 1347/253 1191/253 1043/253  903/253  771/253  647/253  531/253]
[ 423/253  323/253    21/23  147/253   71/253    3/253  -57/253 -109/253 -153/253 -189/253 -217/253 -237/253 -249/253        0        0]
Unobstructed
58
---------------------------
---------------------------
13a2937
Correction terms
[      -1   17/113  -45/113  -73/113  -67/113  -27/113   47/113  -71/113 -155/113   21/113    5/113   23/113 -151/113  -65/113   55/113]
[ -17/113  -55/113  -59/113  -29/113   35/113  -93/113   39/113  -21/113  -47/113  -39/113    3/113   79/113  -37/113 -119/113   59/113]
[  45/113 -161/113 -107/113  -19/113  103/113 -193/113   -3/113   -5/113   27/113 -133/113  -33/113  101/113   43/113 -207/113   29/113]
[  73/113  -75/113 -189/113  -43/113  137/113 -101/113  -79/113  -23/113   67/113  -35/113 -103/113   89/113   89/113 -103/113  -35/113]
[  67/113  -23/113  -79/113 -101/113  137/113  -43/113 -189/113  -75/113   73/113   29/113 -207/113   43/113  101/113  -33/113 -133/113]
[  27/113   -5/113   -3/113 -193/113  103/113  -19/113 -107/113 -161/113   45/113   59/113 -119/113  -37/113   79/113    3/113  -39/113]
[ -47/113  -21/113   39/113  -93/113   35/113  -29/113  -59/113  -55/113  -17/113   55/113  -65/113 -151/113   23/113    5/113   21/113]
[-155/113  -71/113   47/113  -27/113  -67/113  -73/113  -45/113   17/113        0        0        0        0        0        0        0]
Testing obstruction for
m1: 2, m2: 20,a: 1
[      -1 -107/113  -89/113  -59/113  -17/113   37/113  103/113  181/113  271/113  373/113  487/113  387/113  299/113  223/113  159/113]
[ 107/113   67/113   39/113   23/113   19/113   27/113   47/113   79/113  123/113  179/113  247/113  327/113  419/113  523/113  413/113]
[ 315/113  229/113  155/113   93/113   43/113    5/113  -21/113  -35/113  -37/113  -27/113   -5/113   29/113   75/113  133/113  203/113]
[ 285/113  379/113  485/113  377/113  281/113  197/113  125/113   65/113   17/113  -19/113  -43/113  -55/113  -55/113  -43/113  -19/113]
[  17/113   65/113  125/113  197/113  281/113  377/113  485/113  379/113  285/113  203/113  133/113   75/113   29/113   -5/113  -27/113]
[ -37/113  -35/113  -21/113    5/113   43/113   93/113  155/113  229/113  315/113  413/113  523/113  419/113  327/113  247/113  179/113]
[ 123/113   79/113   47/113   27/113   19/113   23/113   39/113   67/113  107/113  159/113  223/113  299/113  387/113  487/113  373/113]
[ 271/113  181/113  103/113   37/113  -17/113  -59/113  -89/113 -107/113        0        0        0        0        0        0        0]
[-107/113, -89/113]
32 [-107/113, 137/113]
Testing obstruction for
m1: 10, m2: 12,a: 9
[      -1 -101/113  -65/113   -5/113   79/113  187/113   93/113   23/113  -23/113  -45/113  -43/113  -17/113   33/113  107/113  205/113]
[ 101/113   21/113  -35/113  -67/113  -75/113  -59/113  -19/113   45/113  133/113  245/113  155/113   89/113   47/113   29/113   35/113]
[  65/113  119/113  197/113  299/113  199/113  123/113   71/113   43/113   39/113   59/113  103/113  171/113  263/113  153/113   67/113]
[   5/113  -33/113  -47/113  -37/113   -3/113   55/113  137/113  243/113  147/113   75/113   27/113    3/113    3/113   27/113   75/113]
[ 147/113  243/113  137/113   55/113   -3/113  -37/113  -47/113  -33/113    5/113   67/113  153/113  263/113  171/113  103/113   59/113]
[  39/113   43/113   71/113  123/113  199/113  299/113  197/113  119/113   65/113   35/113   29/113   47/113   89/113  155/113  245/113]
[ 133/113   45/113  -19/113  -59/113  -75/113  -67/113  -35/113   21/113  101/113  205/113  107/113   33/113  -17/113  -43/113  -45/113]
[ -23/113   23/113   93/113  187/113   79/113   -5/113  -65/113 -101/113        0        0        0        0        0        0        0]
Unobstructed
50
---------------------------
---------------------------
