13a1224
Correction terms
[      -1   -7/149 -177/149  -63/149   37/149  123/149 -103/149  -45/149 -299/149 -269/149   45/149   47/149   35/149    9/149  -31/149]
[ -85/149 -153/149 -235/149  -33/149 -143/149   31/149 -107/149   39/149 -127/149   -9/149 -203/149 -113/149  -37/149   25/149   73/149]
[ 107/149 -171/149 -165/149 -173/149 -195/149   67/149   17/149  -47/149 -125/149   81/149  -25/149 -145/149 -279/149 -129/149    7/149]
[ 129/149  -61/149   33/149 -185/149 -119/149  -67/149  -29/149   -5/149    5/149    1/149  -17/149  -49/149  -95/149 -155/149 -229/149]
[ -19/149 -121/149   61/149  -69/149   85/149  -73/149 -245/149 -133/149  -35/149   49/149  119/149 -123/149  -81/149  -53/149  -39/149]
[ -39/149  -53/149  -81/149 -123/149  119/149   49/149  -35/149 -133/149 -245/149  -73/149   85/149  -69/149   61/149 -121/149  -19/149]
[-229/149 -155/149  -95/149  -49/149  -17/149    1/149    5/149   -5/149  -29/149  -67/149 -119/149 -185/149   33/149  -61/149  129/149]
[   7/149 -129/149 -279/149 -145/149  -25/149   81/149 -125/149  -47/149   17/149   67/149 -195/149 -173/149 -165/149 -171/149  107/149]
[  73/149   25/149  -37/149 -113/149 -203/149   -9/149 -127/149   39/149 -107/149   31/149 -143/149  -33/149 -235/149 -153/149  -85/149]
[ -31/149    9/149   35/149   47/149   45/149 -269/149 -299/149  -45/149 -103/149  123/149   37/149  -63/149 -177/149   -7/149        0]
Testing obstruction for
m1: 2, m2: 26,a: 1
[      -1 -143/149 -125/149  -95/149  -53/149    1/149   67/149  145/149  235/149  337/149  451/149  577/149  715/149  865/149  729/149]
[ 605/149  493/149  393/149  305/149  229/149  165/149  113/149   73/149   45/149   29/149   25/149   33/149   53/149   85/149  129/149]
[ 185/149  253/149  333/149  425/149  529/149  645/149  773/149  913/149  767/149  633/149  511/149  401/149  303/149  217/149  143/149]
[  81/149   31/149   -7/149  -33/149  -47/149  -49/149  -39/149  -17/149   17/149   63/149  121/149  191/149  273/149  367/149  473/149]
[ 591/149  721/149  863/149  719/149  587/149  467/149  359/149  263/149  179/149  107/149   47/149   -1/149  -37/149  -61/149  -73/149]
[ -73/149  -61/149  -37/149   -1/149   47/149  107/149  179/149  263/149  359/149  467/149  587/149  719/149  863/149  721/149  591/149]
[ 473/149  367/149  273/149  191/149  121/149   63/149   17/149  -17/149  -39/149  -49/149  -47/149  -33/149   -7/149   31/149   81/149]
[ 143/149  217/149  303/149  401/149  511/149  633/149  767/149  913/149  773/149  645/149  529/149  425/149  333/149  253/149  185/149]
[ 129/149   85/149   53/149   33/149   25/149   29/149   45/149   73/149  113/149  165/149  229/149  305/149  393/149  493/149  605/149]
[ 729/149  865/149  715/149  577/149  451/149  337/149  235/149  145/149   67/149    1/149  -53/149  -95/149 -125/149 -143/149        0]
Unobstructed
19
---------------------------
---------------------------
13a1229
Correction terms
[      -1  187/229   61/229 -149/229   15/229   95/229   91/229    3/229 -169/229   33/229  151/229  185/229 -323/229    1/229  241/229]
[ -61/229   11/229   -1/229  -97/229  181/229  -83/229   27/229   53/229   -5/229 -147/229   85/229  233/229 -161/229 -181/229  173/229]
[ -15/229  171/229 -185/229 -167/229  225/229   75/229 -159/229  -19/229   37/229    9/229 -103/229  159/229 -121/229  -27/229  -17/229]
[ -91/229  209/229  -33/229 -359/229  147/229  111/229   -9/229 -213/229  -43/229   43/229   45/229  -37/229 -203/229    5/229  129/229]
[-289/229  125/229   -3/229 -215/229  -53/229   25/229   19/229  -71/229 -245/229  -45/229   71/229  103/229 -407/229  -85/229  153/229]
[-151/229  -81/229  -95/229 -193/229   83/229 -183/229  -75/229  -51/229 -111/229 -255/229  -25/229  121/229 -275/229 -297/229   55/229]
[-135/229   49/229 -309/229 -293/229   97/229  -55/229 -291/229 -153/229  -99/229 -129/229 -243/229   17/229 -265/229 -173/229 -165/229]
[-241/229   57/229 -187/229  -57/229  -11/229  -49/229 -171/229 -377/229 -209/229 -125/229 -125/229 -209/229 -377/229 -171/229  -49/229]
[ -11/229  -57/229 -187/229   57/229 -241/229 -165/229 -173/229 -265/229   17/229 -243/229 -129/229  -99/229 -153/229 -291/229  -55/229]
[  97/229 -293/229 -309/229   49/229 -135/229   55/229 -297/229 -275/229  121/229  -25/229 -255/229 -111/229  -51/229  -75/229 -183/229]
[  83/229 -193/229  -95/229  -81/229 -151/229  153/229  -85/229 -407/229  103/229   71/229  -45/229 -245/229  -71/229   19/229   25/229]
[ -53/229 -215/229   -3/229  125/229 -289/229  129/229    5/229 -203/229  -37/229   45/229   43/229  -43/229 -213/229   -9/229  111/229]
[ 147/229 -359/229  -33/229  209/229  -91/229  -17/229  -27/229 -121/229  159/229 -103/229    9/229   37/229  -19/229 -159/229   75/229]
[ 225/229 -167/229 -185/229  171/229  -15/229  173/229 -181/229 -161/229  233/229   85/229 -147/229   -5/229   53/229   27/229  -83/229]
[ 181/229  -97/229   -1/229   11/229  -61/229  241/229    1/229 -323/229  185/229  151/229   33/229 -169/229    3/229   91/229   95/229]
[  15/229 -149/229   61/229  187/229        0        0        0        0        0        0        0        0        0        0        0]
Testing obstruction for
m1: 4, m2: 18,a: 2
[      -1 -215/229 -173/229 -103/229   -5/229  121/229  275/229  457/229  667/229  905/229  713/229  549/229  413/229  305/229  225/229]
[ 173/229  149/229  153/229  185/229  245/229  333/229  449/229  593/229  765/229  965/229  735/229  533/229  359/229  213/229   95/229]
[   5/229  -57/229  -91/229  -97/229  -75/229  -25/229   53/229  159/229  293/229  455/229  645/229  863/229  651/229  467/229  311/229]
[ 183/229   83/229   11/229  -33/229  -49/229  -37/229    3/229   71/229  167/229  291/229  443/229  623/229  831/229  609/229  415/229]
[ 249/229  111/229    1/229  -81/229 -135/229 -161/229 -159/229 -129/229  -71/229   15/229  129/229  271/229  441/229  639/229  865/229]
[ 661/229  485/229  337/229  217/229  125/229   61/229   25/229   17/229   37/229   85/229  161/229  265/229  397/229  557/229  745/229]
[ 961/229  747/229  561/229  403/229  273/229  171/229   97/229   51/229   33/229   43/229   81/229  147/229  241/229  363/229  513/229]
[ 691/229  897/229  673/229  477/229  309/229  169/229   57/229  -27/229  -83/229 -111/229 -111/229  -83/229  -27/229   57/229  169/229]
[ 309/229  477/229  673/229  897/229  691/229  513/229  363/229  241/229  147/229   81/229   43/229   33/229   51/229   97/229  171/229]
[ 273/229  403/229  561/229  747/229  961/229  745/229  557/229  397/229  265/229  161/229   85/229   37/229   17/229   25/229   61/229]
[ 125/229  217/229  337/229  485/229  661/229  865/229  639/229  441/229  271/229  129/229   15/229  -71/229 -129/229 -159/229 -161/229]
[-135/229  -81/229    1/229  111/229  249/229  415/229  609/229  831/229  623/229  443/229  291/229  167/229   71/229    3/229  -37/229]
[ -49/229  -33/229   11/229   83/229  183/229  311/229  467/229  651/229  863/229  645/229  455/229  293/229  159/229   53/229  -25/229]
[ -75/229  -97/229  -91/229  -57/229    5/229   95/229  213/229  359/229  533/229  735/229  965/229  765/229  593/229  449/229  333/229]
[ 245/229  185/229  153/229  149/229  173/229  225/229  305/229  413/229  549/229  713/229  905/229  667/229  457/229  275/229  121/229]
[  -5/229 -103/229 -173/229 -215/229        0        0        0        0        0        0        0        0        0        0        0]
Unobstructed
63
---------------------------
---------------------------
13a1233
Correction terms
[      -1  131/201  -79/201    -9/67 -115/201   59/201    31/67  -13/201  143/201    53/67   35/201  173/201    57/67   29/201  149/201]
[   43/67  -31/201   71/201    11/67 -145/201  -61/201   -39/67   89/201 -247/201    27/67 -133/201  -85/201   -59/67   -7/201   23/201]
[  -29/67   65/201   77/201   -17/67   83/201   77/201   -23/67   47/201   23/201   -47/67  -43/201  -85/201   -89/67 -187/201 -247/201]
[  -15/67 -385/201  -61/201   -93/67 -235/201 -331/201   -55/67 -139/201 -253/201   -35/67  -97/201 -229/201   -33/67 -109/201 -259/201]
[  -49/67 -175/201   59/201   -83/67  107/201  -79/201    -1/67     -1/3  131/201   -71/67  107/201 -115/201   -25/67 -175/201  -13/201]
[    3/67 -109/201   35/201    13/67  -97/201   29/201     5/67 -139/201  -31/201   -21/67  167/201 -145/201    69/67   17/201   89/201]
[    7/67  215/201 -133/201    61/67  -43/201   -7/201   -37/67   47/201   65/201   -19/67   83/201   83/201   -19/67   65/201   47/201]
[  -37/67   -7/201  -43/201    61/67 -133/201  215/201     7/67   89/201   17/201    69/67 -145/201  167/201   -21/67  -31/201 -139/201]
[    5/67   29/201  -97/201    13/67   35/201 -109/201     3/67  -13/201 -175/201   -25/67 -115/201  107/201   -71/67  131/201     -1/3]
[   -1/67  -79/201  107/201   -83/67   59/201 -175/201   -49/67 -259/201 -109/201   -33/67 -229/201  -97/201   -35/67 -253/201 -139/201]
[  -55/67 -331/201 -235/201   -93/67  -61/201 -385/201   -15/67 -247/201 -187/201   -89/67  -85/201  -43/201   -47/67   23/201   47/201]
[  -23/67   77/201   83/201   -17/67   77/201   65/201   -29/67   23/201   -7/201   -59/67  -85/201 -133/201    27/67 -247/201   89/201]
[  -39/67  -61/201 -145/201    11/67   71/201  -31/201    43/67  149/201   29/201    57/67  173/201   35/201    53/67  143/201  -13/201]
[   31/67   59/201 -115/201    -9/67  -79/201  131/201        0        0        0        0        0        0        0        0        0]
Testing obstruction for
m1: 2, m2: 34,a: 0
[      -1  -61/201  -43/201   -49/67   29/201   83/201     5/67  227/201  317/201    95/67  533/201  659/201   221/67  947/201 1109/201]
[  383/67 1469/201 1667/201   447/67 1295/201 1127/201   279/67  827/201  695/201   147/67  467/201  371/201    51/67  215/201  155/201]
[   -9/67   71/201   47/201   -33/67   35/201   47/201   -21/67  107/201  155/201    27/67  287/201  371/201   111/67  575/201  695/201]
[  231/67  971/201 1127/201   387/67 1475/201 1667/201   445/67 1283/201 1109/201   271/67  797/201  659/201   133/67  419/201  317/201]
[   31/67  149/201   83/201   -35/67  -13/201  -43/201   -65/67     -1/3  -61/201   -59/67  -13/201   29/201   -17/67  149/201  227/201]
[   61/67  419/201  533/201   175/67  797/201  947/201   325/67 1283/201 1469/201   511/67 1475/201 1295/201   331/67  971/201  827/201]
[  187/67  575/201  467/201    79/67  287/201  215/201     7/67  107/201   71/201   -29/67   35/201   35/201   -29/67   71/201  107/201]
[    7/67  215/201  287/201    79/67  467/201  575/201   187/67  827/201  971/201   331/67 1295/201 1475/201   511/67 1469/201 1283/201]
[  325/67  947/201  797/201   175/67  533/201  419/201    61/67  227/201  149/201   -17/67   29/201  -13/201   -59/67  -61/201     -1/3]
[  -65/67  -43/201  -13/201   -35/67   83/201  149/201    31/67  317/201  419/201   133/67  659/201  797/201   271/67 1109/201 1283/201]
[  445/67 1667/201 1475/201   387/67 1127/201  971/201   231/67  695/201  575/201   111/67  371/201  287/201    27/67  155/201  107/201]
[  -21/67   47/201   35/201   -33/67   47/201   71/201    -9/67  155/201  215/201    51/67  371/201  467/201   147/67  695/201  827/201]
[  279/67 1127/201 1295/201   447/67 1667/201 1469/201   383/67 1109/201  947/201   221/67  659/201  533/201    95/67  317/201  227/201]
[    5/67   83/201   29/201   -49/67  -43/201  -61/201        0        0        0        0        0        0        0        0        0]
[-61/201, -43/201, -49/67, 29/201, 83/201, 5/67, 227/201, 317/201, 95/67, 533/201, 659/201, 221/67, 947/201, 1109/201, 383/67, 1469/201, 1667/201, 447/67, 1295/201, 1127/201, 279/67, 827/201, 695/201, 147/67, 467/201, 371/201, 51/67, 215/201, 155/201, -9/67, 71/201, 47/201, -33/67, 35/201, 47/201, -21/67, 107/201, 155/201, 27/67, 287/201, 371/201, 111/67, 575/201, 695/201, 231/67, 971/201, 1127/201, 387/67, 1475/201, 1667/201, 445/67, 1283/201, 1109/201, 271/67, 797/201, 659/201, 133/67, 419/201, 317/201, 31/67, 149/201, 83/201, -35/67, -13/201, -43/201, -65/67]
20 [-61/201, -43/201, -49/67, 29/201, 83/201, 5/67, -175/201, -85/201, -39/67, 131/201, -145/201, -47/67, -259/201, -97/201, -19/67, -139/201, 59/201, -89/67, 89/201, -79/201, 11/67, 23/201, -109/201, 13/67, 65/201, -31/201, -83/67, -187/201, -247/201, -9/67, 71/201, 47/201, -33/67, 35/201, 47/201, -21/67, 107/201, -247/201, 27/67, -115/201, -31/201, -23/67, -229/201, -109/201, -37/67, 167/201, -79/201, -15/67, -133/201, 59/201, 43/67, 77/201, -97/201, 3/67, -7/201, -145/201, -1/67, -385/201, -85/201, 31/67, 149/201, 83/201, -35/67, -13/201, -43/201, 69/67]
[-61/201, -43/201, -49/67, 29/201, 83/201, 5/67, 227/201, 317/201, 95/67, 533/201, 659/201, 221/67, 947/201, 1109/201, 383/67, 1469/201, 1667/201, 447/67, 1295/201, 1127/201, 279/67, 827/201, 695/201, 147/67, 467/201, 371/201, 51/67, 215/201, 155/201, -9/67, 71/201, 47/201, -33/67, 35/201, 47/201, -21/67, 107/201, 155/201, 27/67, 287/201, 371/201, 111/67, 575/201, 695/201, 231/67, 971/201, 1127/201, 387/67, 1475/201, 1667/201, 445/67, 1283/201, 1109/201, 271/67, 797/201, 659/201, 133/67, 419/201, 317/201, 31/67, 149/201, 83/201, -35/67, -13/201, -43/201, -65/67]
47 [-61/201, -43/201, -49/67, 29/201, 83/201, 5/67, -175/201, -85/201, -39/67, 131/201, -145/201, -47/67, 143/201, -97/201, -19/67, -139/201, 59/201, -89/67, 89/201, -79/201, 11/67, 23/201, -109/201, 13/67, 65/201, -31/201, -83/67, 215/201, -247/201, -9/67, -331/201, 47/201, -33/67, 35/201, 47/201, -21/67, 107/201, -247/201, 27/67, -115/201, -31/201, -23/67, 173/201, -109/201, -37/67, -235/201, -79/201, -15/67, -133/201, 59/201, 43/67, 77/201, -97/201, 3/67, -7/201, -145/201, -1/67, 17/201, -85/201, 31/67, -253/201, 83/201, -35/67, -13/201, -43/201, 69/67]
Testing obstruction for
m1: 4, m2: 16,a: 2
[      -1 -187/201 -145/201   -25/67   23/201  149/201   101/67  485/201  695/201   177/67  395/201  287/201    69/67  155/201  131/201]
[   45/67  167/201  227/201   105/67  431/201  575/201   249/67  545/201  371/201    75/67  107/201   17/201   -15/67  -79/201  -85/201]
[  -21/67  -13/201   65/201    57/67  305/201  467/201   219/67  473/201  317/201    63/67   89/201   17/201    -9/67  -43/201  -31/201]
[    3/67   77/201  173/201    99/67  449/201  629/201   145/67  269/201  131/201     7/67  -61/201 -115/201   -47/67 -139/201 -109/201]
[  -17/67   35/201  149/201    97/67  461/201  659/201   161/67      5/3  215/201    41/67   59/201   23/201     5/67   35/201   83/201]
[   53/67  263/201  395/201   185/67  743/201  557/201   133/67  269/201  167/201    31/67   47/201   29/201    13/67   77/201  143/201]
[   79/67  359/201  509/201   229/67  491/201  323/201    61/67   71/201  -13/201   -23/67  -97/201  -97/201   -23/67  -13/201   71/201]
[   61/67  323/201  491/201   229/67  509/201  359/201    79/67  143/201   77/201    13/67   29/201   47/201    31/67  167/201  269/201]
[  133/67  557/201  743/201   185/67  395/201  263/201    53/67   83/201   35/201     5/67   23/201   59/201    41/67  215/201      5/3]
[  161/67  659/201  461/201    97/67  149/201   35/201   -17/67 -109/201 -139/201   -47/67 -115/201  -61/201     7/67  131/201  269/201]
[  145/67  629/201  449/201    99/67  173/201   77/201     3/67  -31/201  -43/201    -9/67   17/201   89/201    63/67  317/201  473/201]
[  219/67  467/201  305/201    57/67   65/201  -13/201   -21/67  -85/201  -79/201   -15/67   17/201  107/201    75/67  371/201  545/201]
[  249/67  575/201  431/201   105/67  227/201  167/201    45/67  131/201  155/201    69/67  287/201  395/201   177/67  695/201  485/201]
[  101/67  149/201   23/201   -25/67 -145/201 -187/201        0        0        0        0        0        0        0        0        0]
Unobstructed
43
---------------------------
---------------------------
13a1246
Correction terms
[      -1  247/201  -17/201    71/67  133/201 -257/201    83/67   43/201  -71/201   -31/67  -23/201  139/201    -3/67  -65/201  -29/201]
[   33/67  -83/201  229/201   -57/67  -77/201  109/201    -5/67  -47/201   13/201    55/67    7/201  -59/201   -11/67   85/201 -107/201]
[   65/67  187/201 -131/201    15/67  -89/201  271/201   -27/67   61/201  295/201   -61/67  235/201  -59/201    47/67   31/201   13/201]
[   29/67 -149/201  109/201    19/67   97/201 -173/201    17/67  -35/201  -29/201    23/67 -143/201  139/201    37/67  175/201  -71/201]
[  -75/67  115/201  145/201   -45/67   79/201  -17/201    -7/67      1/3 -155/201    39/67   79/201  133/201    93/67 -287/201   43/201]
[   21/67  175/201  -23/201   -43/67  259/201  -65/201    35/67  -35/201  -83/201   -13/67   97/201  -77/201   -53/67  253/201  -47/201]
[   49/67   31/201    7/201    25/67 -167/201   85/201     9/67   61/201  187/201     1/67  -89/201  -89/201     1/67  187/201   61/201]
[    9/67   85/201 -167/201    25/67    7/201   31/201    49/67  -47/201  253/201   -53/67  -77/201   97/201   -13/67  -83/201  -35/201]
[   35/67  -65/201  259/201   -43/67  -23/201  175/201    21/67   43/201 -287/201    93/67  133/201   79/201    39/67 -155/201      1/3]
[   -7/67  -17/201   79/201   -45/67  145/201  115/201   -75/67  -71/201  175/201    37/67  139/201 -143/201    23/67  -29/201  -35/201]
[   17/67 -173/201   97/201    19/67  109/201 -149/201    29/67   13/201   31/201    47/67  -59/201  235/201   -61/67  295/201   61/201]
[  -27/67  271/201  -89/201    15/67 -131/201  187/201    65/67 -107/201   85/201   -11/67  -59/201    7/201    55/67   13/201  -47/201]
[   -5/67  109/201  -77/201   -57/67  229/201  -83/201    33/67  -29/201  -65/201    -3/67  139/201  -23/201   -31/67  -71/201   43/201]
[   83/67 -257/201  133/201    71/67  -17/201  247/201        0        0        0        0        0        0        0        0        0]
Testing obstruction for
m1: 2, m2: 34,a: 0
[      -1  -61/201  -43/201   -49/67   29/201   83/201     5/67  227/201  317/201    95/67  533/201  659/201   221/67  947/201 1109/201]
[  383/67 1469/201 1667/201   447/67 1295/201 1127/201   279/67  827/201  695/201   147/67  467/201  371/201    51/67  215/201  155/201]
[   -9/67   71/201   47/201   -33/67   35/201   47/201   -21/67  107/201  155/201    27/67  287/201  371/201   111/67  575/201  695/201]
[  231/67  971/201 1127/201   387/67 1475/201 1667/201   445/67 1283/201 1109/201   271/67  797/201  659/201   133/67  419/201  317/201]
[   31/67  149/201   83/201   -35/67  -13/201  -43/201   -65/67     -1/3  -61/201   -59/67  -13/201   29/201   -17/67  149/201  227/201]
[   61/67  419/201  533/201   175/67  797/201  947/201   325/67 1283/201 1469/201   511/67 1475/201 1295/201   331/67  971/201  827/201]
[  187/67  575/201  467/201    79/67  287/201  215/201     7/67  107/201   71/201   -29/67   35/201   35/201   -29/67   71/201  107/201]
[    7/67  215/201  287/201    79/67  467/201  575/201   187/67  827/201  971/201   331/67 1295/201 1475/201   511/67 1469/201 1283/201]
[  325/67  947/201  797/201   175/67  533/201  419/201    61/67  227/201  149/201   -17/67   29/201  -13/201   -59/67  -61/201     -1/3]
[  -65/67  -43/201  -13/201   -35/67   83/201  149/201    31/67  317/201  419/201   133/67  659/201  797/201   271/67 1109/201 1283/201]
[  445/67 1667/201 1475/201   387/67 1127/201  971/201   231/67  695/201  575/201   111/67  371/201  287/201    27/67  155/201  107/201]
[  -21/67   47/201   35/201   -33/67   47/201   71/201    -9/67  155/201  215/201    51/67  371/201  467/201   147/67  695/201  827/201]
[  279/67 1127/201 1295/201   447/67 1667/201 1469/201   383/67 1109/201  947/201   221/67  659/201  533/201    95/67  317/201  227/201]
[    5/67   83/201   29/201   -49/67  -43/201  -61/201        0        0        0        0        0        0        0        0        0]
Testing obstruction for
m1: 4, m2: 16,a: 2
[      -1 -187/201 -145/201   -25/67   23/201  149/201   101/67  485/201  695/201   177/67  395/201  287/201    69/67  155/201  131/201]
[   45/67  167/201  227/201   105/67  431/201  575/201   249/67  545/201  371/201    75/67  107/201   17/201   -15/67  -79/201  -85/201]
[  -21/67  -13/201   65/201    57/67  305/201  467/201   219/67  473/201  317/201    63/67   89/201   17/201    -9/67  -43/201  -31/201]
[    3/67   77/201  173/201    99/67  449/201  629/201   145/67  269/201  131/201     7/67  -61/201 -115/201   -47/67 -139/201 -109/201]
[  -17/67   35/201  149/201    97/67  461/201  659/201   161/67      5/3  215/201    41/67   59/201   23/201     5/67   35/201   83/201]
[   53/67  263/201  395/201   185/67  743/201  557/201   133/67  269/201  167/201    31/67   47/201   29/201    13/67   77/201  143/201]
[   79/67  359/201  509/201   229/67  491/201  323/201    61/67   71/201  -13/201   -23/67  -97/201  -97/201   -23/67  -13/201   71/201]
[   61/67  323/201  491/201   229/67  509/201  359/201    79/67  143/201   77/201    13/67   29/201   47/201    31/67  167/201  269/201]
[  133/67  557/201  743/201   185/67  395/201  263/201    53/67   83/201   35/201     5/67   23/201   59/201    41/67  215/201      5/3]
[  161/67  659/201  461/201    97/67  149/201   35/201   -17/67 -109/201 -139/201   -47/67 -115/201  -61/201     7/67  131/201  269/201]
[  145/67  629/201  449/201    99/67  173/201   77/201     3/67  -31/201  -43/201    -9/67   17/201   89/201    63/67  317/201  473/201]
[  219/67  467/201  305/201    57/67   65/201  -13/201   -21/67  -85/201  -79/201   -15/67   17/201  107/201    75/67  371/201  545/201]
[  249/67  575/201  431/201   105/67  227/201  167/201    45/67  131/201  155/201    69/67  287/201  395/201   177/67  695/201  485/201]
[  101/67  149/201   23/201   -25/67 -145/201 -187/201        0        0        0        0        0        0        0        0        0]
Testing obstruction for
m1: 8, m2: 12,a: 6
[      -1 -173/201  -89/201    17/67  247/201   97/201     1/67  -35/201  -17/201    19/67  187/201  373/201    71/67  109/201   61/201]
[   23/67  133/201  253/201   143/67  259/201  145/201    29/67   85/201  139/201    83/67  415/201  235/201    37/67   43/201   31/201]
[   25/67  175/201  331/201    47/67    7/201  -71/201   -31/67  -59/201   31/201    59/67  379/201  235/201    49/67  115/201  139/201]
[   73/67  355/201  547/201   131/67  295/201  253/201    89/67  337/201  463/201    81/67   79/201  -29/201   -27/67  -77/201  -17/201]
[   33/67  271/201   97/201    -7/67  -83/201  -89/201   -13/67      1/3  229/201    15/67  -83/201 -155/201   -57/67 -131/201  -35/201]
[   39/67  325/201  187/201    35/67   79/201  109/201    65/67  337/201  535/201   129/67  295/201  259/201    93/67  355/201  487/201]
[   91/67  115/201   13/201   -11/67  -23/201   43/201    55/67  343/201  175/201    21/67    7/201    7/201    21/67  175/201  343/201]
[   55/67   43/201  -23/201   -11/67   13/201  115/201    91/67  487/201  355/201    93/67  259/201  295/201   129/67  535/201  337/201]
[   65/67  109/201   79/201    35/67  187/201  325/201    39/67  -35/201 -131/201   -57/67 -155/201  -83/201    15/67  229/201      1/3]
[  -13/67  -89/201  -83/201    -7/67   97/201  271/201    33/67  -17/201  -77/201   -27/67  -29/201   79/201    81/67  463/201  337/201]
[   89/67  253/201  295/201   131/67  547/201  355/201    73/67  139/201  115/201    49/67  235/201  379/201    59/67   31/201  -59/201]
[  -31/67  -71/201    7/201    47/67  331/201  175/201    25/67   31/201   43/201    37/67  235/201  415/201    83/67  139/201   85/201]
[   29/67  145/201  259/201   143/67  253/201  133/201    23/67   61/201  109/201    71/67  373/201  187/201    19/67  -17/201  -35/201]
[    1/67   97/201  247/201    17/67  -89/201 -173/201        0        0        0        0        0        0        0        0        0]
Unobstructed
50
---------------------------
---------------------------
13a1247
Correction terms
[      -1  -61/205  -39/205 -139/205   49/205    23/41   59/205 -119/205   -9/205  -21/205   -31/41   -1/205   31/205  -59/205 -271/205]
[  -39/41  169/205    1/205  121/205  119/205    -1/41 -251/205 -209/205  121/205  -81/205     1/41  -31/205 -189/205  -59/205  -51/205]
[   49/41    9/205   61/205   -9/205 -201/205   -21/41 -131/205  131/205 -139/205 -121/205   -45/41     -1/5   21/205  -39/205  189/205]
[  -23/41 -131/205 -269/205 -119/205  -91/205   -37/41    9/205   81/205   31/205 -141/205    -5/41  -31/205 -159/205    1/205   39/205]
[   -9/41 -251/205 -169/205 -209/205   39/205    33/41  169/205   51/205 -189/205 -141/205   -43/41   -1/205   91/205   61/205  -91/205]
[  -73/41   59/205  -49/205  131/205  189/205    25/41  -61/205     -9/5   21/205 -121/205     5/41   49/205  -49/205 -269/205 -201/205]
[   31/41  -21/205   91/205   81/205  -51/205   -61/41 -271/205   51/205 -159/205  -81/205   -25/41  119/205 -169/205 -169/205  119/205]
[  -25/41  -81/205 -159/205   51/205 -271/205   -61/41  -51/205   81/205   91/205  -21/205    31/41 -201/205 -269/205  -49/205   49/205]
[    5/41 -121/205   21/205     -9/5  -61/205    25/41  189/205  131/205  -49/205   59/205   -73/41  -91/205   61/205   91/205   -1/205]
[  -43/41 -141/205 -189/205   51/205  169/205    33/41   39/205 -209/205 -169/205 -251/205    -9/41   39/205    1/205 -159/205  -31/205]
[   -5/41 -141/205   31/205   81/205    9/205   -37/41  -91/205 -119/205 -269/205 -131/205   -23/41  189/205  -39/205   21/205     -1/5]
[  -45/41 -121/205 -139/205  131/205 -131/205   -21/41 -201/205   -9/205   61/205    9/205    49/41  -51/205  -59/205 -189/205  -31/205]
[    1/41  -81/205  121/205 -209/205 -251/205    -1/41  119/205  121/205    1/205  169/205   -39/41 -271/205  -59/205   31/205   -1/205]
[  -31/41  -21/205   -9/205 -119/205   59/205    23/41   49/205 -139/205  -39/205  -61/205        0        0        0        0        0]
Testing obstruction for
m1: 6, m2: 10,a: 1
[      -1 -183/205 -117/205   -7/205  147/205    69/41  177/205   53/205  -27/205  -63/205   -11/41   -3/205   93/205  233/205  417/205]
[   47/41   97/205    3/205  -47/205  -53/205    -3/41   67/205  193/205  363/205  577/205    85/41  317/205  253/205  233/205  257/205]
[   65/41  437/205  593/205  383/205  217/205    19/41   17/205  -17/205   -7/205   47/205    29/41      7/5  473/205  293/205  157/205]
[   13/41   17/205   13/205   53/205  137/205    53/41  437/205  243/205   93/205  -13/205   -15/41  -93/205  -67/205    3/205  117/205]
[   55/41  477/205  313/205  193/205  117/205    17/41   97/205  153/205  253/205  397/205   117/41  407/205  273/205  183/205  137/205]
[   27/41  177/205  263/205  393/205  567/205    75/41  227/205      3/5   63/205   47/205    15/41  147/205  263/205  423/205  217/205]
[   11/41  -63/205 -137/205 -167/205 -153/205   -19/41    7/205  153/205  343/205  167/205     7/41  -53/205  -97/205  -97/205  -53/205]
[    7/41  167/205  343/205  153/205    7/205   -19/41 -153/205 -167/205 -137/205  -63/205    11/41  217/205  423/205  263/205  147/205]
[   15/41   47/205   63/205      3/5  227/205    75/41  567/205  393/205  263/205  177/205    27/41  137/205  183/205  273/205  407/205]
[  117/41  397/205  253/205  153/205   97/205    17/41  117/205  193/205  313/205  477/205    55/41  117/205    3/205  -67/205  -93/205]
[  -15/41  -13/205   93/205  243/205  437/205    53/41  137/205   53/205   13/205   17/205    13/41  157/205  293/205  473/205      7/5]
[   29/41   47/205   -7/205  -17/205   17/205    19/41  217/205  383/205  593/205  437/205    65/41  257/205  233/205  253/205  317/205]
[   85/41  577/205  363/205  193/205   67/205    -3/41  -53/205  -47/205    3/205   97/205    47/41  417/205  233/205   93/205   -3/205]
[  -11/41  -63/205  -27/205   53/205  177/205    69/41  147/205   -7/205 -117/205 -183/205        0        0        0        0        0]
Testing obstruction for
m1: 12, m2: 12,a: 9
[      -1 -159/205  -21/205  209/205  121/205    25/41  221/205  409/205  279/205  241/205    59/41  441/205  269/205  189/205  201/205]
[   61/41   91/205  -31/205  -61/205    1/205    31/41   -9/205  -81/205  -61/205   51/205    51/41  141/205  119/205  189/205  351/205]
[  121/41  541/205  569/205  279/205   81/205    -5/41  -39/205   39/205  209/205   61/205     1/41      1/5  169/205  -21/205 -119/205]
[  -25/41  -39/205  139/205  409/205  361/205    81/41  541/205  359/205  269/205  271/205    73/41  141/205    9/205  -31/205   21/205]
[   33/41   -9/205  -91/205  -81/205   21/205    43/41   91/205   59/205  119/205  271/205   103/41  441/205  459/205  569/205  361/205]
[   49/41  221/205  289/205   39/205 -119/205   -37/41 -159/205     -1/5  169/205   61/205     9/41  121/205  289/205  139/205   81/205]
[   23/41  241/205  459/205  359/205  351/205    87/41  201/205   59/205    9/205   51/205    37/41    1/205  -91/205  -91/205    1/205]
[   37/41   51/205    9/205   59/205  201/205    87/41  351/205  359/205  459/205  241/205    23/41   81/205  139/205  289/205  121/205]
[    9/41   61/205  169/205     -1/5 -159/205   -37/41 -119/205   39/205  289/205  221/205    49/41  361/205  569/205  459/205  441/205]
[  103/41  271/205  119/205   59/205   91/205    43/41   21/205  -81/205  -91/205   -9/205    33/41   21/205  -31/205    9/205  141/205]
[   73/41  271/205  269/205  359/205  541/205    81/41  361/205  409/205  139/205  -39/205   -25/41 -119/205  -21/205  169/205      1/5]
[    1/41   61/205  209/205   39/205  -39/205    -5/41   81/205  279/205  569/205  541/205   121/41  351/205  189/205  119/205  141/205]
[   51/41   51/205  -61/205  -81/205   -9/205    31/41    1/205  -61/205  -31/205   91/205    61/41  201/205  189/205  269/205  441/205]
[   59/41  241/205  279/205  409/205  221/205    25/41  121/205  209/205  -21/205 -159/205        0        0        0        0        0]
Unobstructed
57
---------------------------
---------------------------
