13a1137
Correction terms
[      -1 -413/433 -353/433 -253/433 -113/433   67/433  287/433 -319/433  -19/433  321/433 -165/433  255/433 -151/433 -517/433   23/433]
[-263/433 -509/433  151/433  -15/433 -141/433 -227/433 -273/433 -279/433 -245/433 -171/433  -57/433   97/433  291/433 -341/433  -67/433]
[ 247/433 -265/433  129/433 -303/433  171/433 -181/433 -493/433  101/433 -131/433 -323/433  391/433  279/433  207/433  175/433  183/433]
[ 231/433  319/433  447/433 -251/433  -43/433  205/433 -373/433  -45/433  323/433 -135/433  313/433  -65/433  463/433  165/433  -93/433]
[ 555/433  377/433  239/433  141/433   83/433   65/433   87/433  149/433  251/433  393/433  575/433  -69/433  193/433  495/433  -29/433]
[ 353/433  -91/433  371/433    7/433 -317/433  265/433   21/433 -183/433  519/433  395/433  311/433  267/433  263/433  299/433  375/433]
[ 491/433 -219/433  -23/433  213/433 -377/433  -61/433  295/433 -175/433  261/433 -129/433  387/433   77/433 -193/433  443/433  253/433]
[ 103/433   -7/433  -77/433 -107/433  -97/433  -47/433   43/433  173/433  343/433 -313/433  -63/433  227/433 -309/433   61/433  471/433]
[  55/433  545/433  209/433  -87/433  523/433  307/433  131/433   -5/433 -101/433 -157/433 -173/433 -149/433  -85/433   19/433  163/433]
[ 347/433  571/433  -31/433  273/433  617/433  135/433  559/433  157/433 -205/433  339/433   57/433 -185/433  479/433  317/433  195/433]
[ 113/433   71/433   69/433  107/433  185/433  303/433  461/433 -207/433   31/433  309/433 -239/433  119/433  517/433   89/433  567/433]
[ 219/433  -89/433  509/433  281/433   93/433  -55/433 -163/433 -231/433 -259/433 -247/433 -195/433 -103/433   29/433  201/433  413/433]
[-201/433   91/433  423/433  -71/433  341/433  -73/433 -447/433   85/433 -209/433 -463/433  189/433   15/433 -119/433 -213/433 -267/433]
[-281/433 -255/433 -189/433  -83/433   63/433  249/433 -391/433 -125/433  181/433 -339/433   47/433 -393/433   73/433 -287/433 -607/433]
[ -21/433 -261/433 -461/433  245/433  125/433   45/433    5/433    5/433   45/433  125/433  245/433 -461/433 -261/433  -21/433 -607/433]
[-287/433   73/433 -393/433   47/433 -339/433  181/433 -125/433 -391/433  249/433   63/433  -83/433 -189/433 -255/433 -281/433 -267/433]
[-213/433 -119/433   15/433  189/433 -463/433 -209/433   85/433 -447/433  -73/433  341/433  -71/433  423/433   91/433 -201/433  413/433]
[ 201/433   29/433 -103/433 -195/433 -247/433 -259/433 -231/433 -163/433  -55/433   93/433  281/433  509/433  -89/433  219/433  567/433]
[  89/433  517/433  119/433 -239/433  309/433   31/433 -207/433  461/433  303/433  185/433  107/433   69/433   71/433  113/433  195/433]
[ 317/433  479/433 -185/433   57/433  339/433 -205/433  157/433  559/433  135/433  617/433  273/433  -31/433  571/433  347/433  163/433]
[  19/433  -85/433 -149/433 -173/433 -157/433 -101/433   -5/433  131/433  307/433  523/433  -87/433  209/433  545/433   55/433  471/433]
[  61/433 -309/433  227/433  -63/433 -313/433  343/433  173/433   43/433  -47/433  -97/433 -107/433  -77/433   -7/433  103/433  253/433]
[ 443/433 -193/433   77/433  387/433 -129/433  261/433 -175/433  295/433  -61/433 -377/433  213/433  -23/433 -219/433  491/433  375/433]
[ 299/433  263/433  267/433  311/433  395/433  519/433 -183/433   21/433  265/433 -317/433    7/433  371/433  -91/433  353/433  -29/433]
[ 495/433  193/433  -69/433  575/433  393/433  251/433  149/433   87/433   65/433   83/433  141/433  239/433  377/433  555/433  -93/433]
[ 165/433  463/433  -65/433  313/433 -135/433  323/433  -45/433 -373/433  205/433  -43/433 -251/433  447/433  319/433  231/433  183/433]
[ 175/433  207/433  279/433  391/433 -323/433 -131/433  101/433 -493/433 -181/433  171/433 -303/433  129/433 -265/433  247/433  -67/433]
[-341/433  291/433   97/433  -57/433 -171/433 -245/433 -279/433 -273/433 -227/433 -141/433  -15/433  151/433 -509/433 -263/433   23/433]
[-517/433 -151/433  255/433 -165/433  321/433  -19/433 -319/433  287/433   67/433 -113/433 -253/433 -353/433 -413/433        0        0]
Testing obstruction for
m1: 10, m2: 12,a: 1
[      -1 -395/433 -281/433  -91/433  175/433  517/433  935/433  563/433  267/433   47/433  -97/433 -165/433 -157/433  -73/433   87/433]
[ 323/433  635/433 1023/433  621/433  295/433   45/433 -129/433 -227/433 -249/433 -195/433  -65/433  141/433  423/433  781/433 1215/433]
[ 859/433  579/433  375/433  247/433  195/433  219/433  319/433  495/433  747/433 1075/433 1479/433 1093/433  783/433  549/433  391/433]
[ 309/433  303/433  373/433  519/433  741/433 1039/433 1413/433 1863/433 1523/433 1259/433 1071/433  959/433  923/433  963/433 1079/433]
[1271/433 1539/433 1883/433 1437/433 1067/433  773/433  555/433  413/433  347/433  357/433  443/433  605/433  843/433 1157/433 1547/433]
[1147/433  823/433  575/433  403/433  307/433  287/433  343/433  475/433  683/433  967/433 1327/433  897/433  543/433  265/433   63/433]
[ -63/433 -113/433  -87/433   15/433  193/433  447/433  777/433 1183/433  799/433  491/433  259/433  103/433   23/433   19/433   91/433]
[ 239/433  463/433  763/433 1139/433  725/433  387/433  125/433  -61/433 -171/433 -205/433 -163/433  -45/433  149/433  419/433  765/433]
[1187/433  819/433  527/433  311/433  171/433  107/433  119/433  207/433  371/433  611/433  927/433 1319/433  921/433  599/433  353/433]
[ 183/433   89/433   71/433  129/433  263/433  473/433  759/433 1121/433 1559/433 1207/433  931/433  731/433  607/433  559/433  587/433]
[ 691/433  871/433 1127/433 1459/433 1867/433 1485/433 1179/433  949/433  795/433  717/433  715/433  789/433  939/433 1165/433 1467/433]
[1845/433 1433/433 1097/433  837/433  653/433  545/433  513/433  557/433  677/433  873/433 1145/433 1493/433 1051/433  685/433  395/433]
[ 181/433   43/433  -19/433   -5/433   85/433  251/433  493/433  811/433 1205/433  809/433  489/433  245/433   77/433  -15/433  -31/433]
[  29/433  165/433  377/433  665/433 1029/433  603/433  253/433  -21/433 -219/433 -341/433 -387/433 -357/433 -251/433  -69/433  189/433]
[ 523/433  933/433  553/433  249/433   21/433 -131/433 -207/433 -207/433 -131/433   21/433  249/433  553/433  933/433  523/433  189/433]
[ -69/433 -251/433 -357/433 -387/433 -341/433 -219/433  -21/433  253/433  603/433 1029/433  665/433  377/433  165/433   29/433  -31/433]
[ -15/433   77/433  245/433  489/433  809/433 1205/433  811/433  493/433  251/433   85/433   -5/433  -19/433   43/433  181/433  395/433]
[ 685/433 1051/433 1493/433 1145/433  873/433  677/433  557/433  513/433  545/433  653/433  837/433 1097/433 1433/433 1845/433 1467/433]
[1165/433  939/433  789/433  715/433  717/433  795/433  949/433 1179/433 1485/433 1867/433 1459/433 1127/433  871/433  691/433  587/433]
[ 559/433  607/433  731/433  931/433 1207/433 1559/433 1121/433  759/433  473/433  263/433  129/433   71/433   89/433  183/433  353/433]
[ 599/433  921/433 1319/433  927/433  611/433  371/433  207/433  119/433  107/433  171/433  311/433  527/433  819/433 1187/433  765/433]
[ 419/433  149/433  -45/433 -163/433 -205/433 -171/433  -61/433  125/433  387/433  725/433 1139/433  763/433  463/433  239/433   91/433]
[  19/433   23/433  103/433  259/433  491/433  799/433 1183/433  777/433  447/433  193/433   15/433  -87/433 -113/433  -63/433   63/433]
[ 265/433  543/433  897/433 1327/433  967/433  683/433  475/433  343/433  287/433  307/433  403/433  575/433  823/433 1147/433 1547/433]
[1157/433  843/433  605/433  443/433  357/433  347/433  413/433  555/433  773/433 1067/433 1437/433 1883/433 1539/433 1271/433 1079/433]
[ 963/433  923/433  959/433 1071/433 1259/433 1523/433 1863/433 1413/433 1039/433  741/433  519/433  373/433  303/433  309/433  391/433]
[ 549/433  783/433 1093/433 1479/433 1075/433  747/433  495/433  319/433  219/433  195/433  247/433  375/433  579/433  859/433 1215/433]
[ 781/433  423/433  141/433  -65/433 -195/433 -249/433 -227/433 -129/433   45/433  295/433  621/433 1023/433  635/433  323/433   87/433]
[ -73/433 -157/433 -165/433  -97/433   47/433  267/433  563/433  935/433  517/433  175/433  -91/433 -281/433 -395/433        0        0]
Testing obstruction for
m1: 4, m2: 34,a: 3
[      -1 -419/433 -377/433 -307/433 -209/433  -83/433   71/433  253/433  463/433  701/433  967/433 1261/433 1583/433 1933/433 2311/433]
[2717/433 3151/433 2747/433 2371/433 2023/433 1703/433 1411/433 1147/433  911/433  703/433  523/433  371/433  247/433  151/433   83/433]
[  43/433   31/433   47/433   91/433  163/433  263/433  391/433  547/433  731/433  943/433 1183/433 1451/433 1747/433 2071/433 2423/433]
[2803/433 3211/433 2781/433 2379/433 2005/433 1659/433 1341/433 1051/433  789/433  555/433  349/433  171/433   21/433 -101/433 -195/433]
[-261/433 -299/433 -309/433 -291/433 -245/433 -171/433  -69/433   61/433  219/433  405/433  619/433  861/433 1131/433 1429/433 1755/433]
[2109/433 2491/433 2901/433 3339/433 2939/433 2567/433 2223/433 1907/433 1619/433 1359/433 1127/433  923/433  747/433  599/433  479/433]
[ 387/433  323/433  287/433  279/433  299/433  347/433  423/433  527/433  659/433  819/433 1007/433 1223/433 1467/433 1739/433 2039/433]
[2367/433 2723/433 3107/433 3519/433 3093/433 2695/433 2325/433 1983/433 1669/433 1383/433 1125/433  895/433  693/433  519/433  373/433]
[ 255/433  165/433  103/433   69/433   63/433   85/433  135/433  213/433  319/433  453/433  615/433  805/433 1023/433 1269/433 1543/433]
[1845/433 2175/433 2533/433 2919/433 3333/433 2909/433 2513/433 2145/433 1805/433 1493/433 1209/433  953/433  725/433  525/433  353/433]
[ 209/433   93/433    5/433  -55/433  -87/433  -91/433  -67/433  -15/433   65/433  173/433  309/433  473/433  665/433  885/433 1133/433]
[1409/433 1713/433 2045/433 2405/433 2793/433 3209/433 2787/433 2393/433 2027/433 1689/433 1379/433 1097/433  843/433  617/433  419/433]
[ 249/433  107/433   -7/433  -93/433 -151/433 -181/433 -183/433 -157/433 -103/433  -21/433   89/433  227/433  393/433  587/433  809/433]
[1059/433 1337/433 1643/433 1977/433 2339/433 2729/433 3147/433 2727/433 2335/433 1971/433 1635/433 1327/433 1047/433  795/433  571/433]
[ 375/433  207/433   67/433  -45/433 -129/433 -185/433 -213/433 -213/433 -185/433 -129/433  -45/433   67/433  207/433  375/433  571/433]
[ 795/433 1047/433 1327/433 1635/433 1971/433 2335/433 2727/433 3147/433 2729/433 2339/433 1977/433 1643/433 1337/433 1059/433  809/433]
[ 587/433  393/433  227/433   89/433  -21/433 -103/433 -157/433 -183/433 -181/433 -151/433  -93/433   -7/433  107/433  249/433  419/433]
[ 617/433  843/433 1097/433 1379/433 1689/433 2027/433 2393/433 2787/433 3209/433 2793/433 2405/433 2045/433 1713/433 1409/433 1133/433]
[ 885/433  665/433  473/433  309/433  173/433   65/433  -15/433  -67/433  -91/433  -87/433  -55/433    5/433   93/433  209/433  353/433]
[ 525/433  725/433  953/433 1209/433 1493/433 1805/433 2145/433 2513/433 2909/433 3333/433 2919/433 2533/433 2175/433 1845/433 1543/433]
[1269/433 1023/433  805/433  615/433  453/433  319/433  213/433  135/433   85/433   63/433   69/433  103/433  165/433  255/433  373/433]
[ 519/433  693/433  895/433 1125/433 1383/433 1669/433 1983/433 2325/433 2695/433 3093/433 3519/433 3107/433 2723/433 2367/433 2039/433]
[1739/433 1467/433 1223/433 1007/433  819/433  659/433  527/433  423/433  347/433  299/433  279/433  287/433  323/433  387/433  479/433]
[ 599/433  747/433  923/433 1127/433 1359/433 1619/433 1907/433 2223/433 2567/433 2939/433 3339/433 2901/433 2491/433 2109/433 1755/433]
[1429/433 1131/433  861/433  619/433  405/433  219/433   61/433  -69/433 -171/433 -245/433 -291/433 -309/433 -299/433 -261/433 -195/433]
[-101/433   21/433  171/433  349/433  555/433  789/433 1051/433 1341/433 1659/433 2005/433 2379/433 2781/433 3211/433 2803/433 2423/433]
[2071/433 1747/433 1451/433 1183/433  943/433  731/433  547/433  391/433  263/433  163/433   91/433   47/433   31/433   43/433   83/433]
[ 151/433  247/433  371/433  523/433  703/433  911/433 1147/433 1411/433 1703/433 2023/433 2371/433 2747/433 3151/433 2717/433 2311/433]
[1933/433 1583/433 1261/433  967/433  701/433  463/433  253/433   71/433  -83/433 -209/433 -307/433 -377/433 -419/433        0        0]
Testing obstruction for
m1: 16, m2: 22,a: 15
[      -1 -405/433 -321/433 -181/433   15/433  267/433  575/433  939/433 1359/433  969/433  635/433  357/433  135/433  -31/433 -141/433]
[-195/433 -193/433 -135/433  -21/433  149/433  375/433  657/433  995/433 1389/433  973/433  613/433  309/433   61/433 -131/433 -267/433]
[-347/433 -371/433 -339/433 -251/433 -107/433   93/433  349/433  661/433 1029/433 1453/433 1067/433  737/433  463/433  245/433   83/433]
[ -23/433  -73/433  -67/433   -5/433  113/433  287/433  517/433  803/433 1145/433 1543/433 1131/433  775/433  475/433  231/433   43/433]
[ -89/433 -165/433 -185/433 -149/433  -57/433   91/433  295/433  555/433  871/433 1243/433 1671/433 1289/433  963/433  693/433  479/433]
[ 321/433  219/433  173/433  183/433  249/433  371/433  549/433  783/433 1073/433 1419/433 1821/433 1413/433 1061/433  765/433  525/433]
[ 341/433  213/433  141/433  125/433  165/433  261/433  413/433  621/433  885/433 1205/433 1581/433 2013/433 1635/433 1313/433 1047/433]
[ 837/433  683/433  585/433  543/433  557/433  627/433  753/433  935/433 1173/433 1467/433 1817/433 2223/433 1819/433 1471/433 1179/433]
[ 943/433  763/433  639/433  571/433  559/433  603/433  703/433  859/433 1071/433 1339/433 1663/433 2043/433 1613/433 1239/433  921/433]
[ 659/433  453/433  303/433  209/433  171/433  189/433  263/433  393/433  579/433  821/433 1119/433 1473/433 1883/433 1483/433 1139/433]
[ 851/433  619/433  443/433  323/433  259/433  251/433  299/433  403/433  563/433  779/433 1051/433 1379/433 1763/433 1337/433  967/433]
[ 653/433  395/433  193/433   47/433  -43/433  -77/433  -55/433   23/433  157/433  347/433  593/433  895/433 1253/433 1667/433 1271/433]
[ 931/433  647/433  419/433  247/433  131/433   71/433   67/433  119/433  227/433  391/433  611/433  887/433 1219/433 1607/433 1185/433]
[ 819/433  509/433  255/433   57/433  -85/433 -171/433 -201/433 -175/433  -93/433   45/433  239/433  489/433  795/433 1157/433 1575/433]
[1183/433  847/433  567/433  343/433  175/433   63/433    7/433    7/433   63/433  175/433  343/433  567/433  847/433 1183/433 1575/433]
[1157/433  795/433  489/433  239/433   45/433  -93/433 -175/433 -201/433 -171/433  -85/433   57/433  255/433  509/433  819/433 1185/433]
[1607/433 1219/433  887/433  611/433  391/433  227/433  119/433   67/433   71/433  131/433  247/433  419/433  647/433  931/433 1271/433]
[1667/433 1253/433  895/433  593/433  347/433  157/433   23/433  -55/433  -77/433  -43/433   47/433  193/433  395/433  653/433  967/433]
[1337/433 1763/433 1379/433 1051/433  779/433  563/433  403/433  299/433  251/433  259/433  323/433  443/433  619/433  851/433 1139/433]
[1483/433 1883/433 1473/433 1119/433  821/433  579/433  393/433  263/433  189/433  171/433  209/433  303/433  453/433  659/433  921/433]
[1239/433 1613/433 2043/433 1663/433 1339/433 1071/433  859/433  703/433  603/433  559/433  571/433  639/433  763/433  943/433 1179/433]
[1471/433 1819/433 2223/433 1817/433 1467/433 1173/433  935/433  753/433  627/433  557/433  543/433  585/433  683/433  837/433 1047/433]
[1313/433 1635/433 2013/433 1581/433 1205/433  885/433  621/433  413/433  261/433  165/433  125/433  141/433  213/433  341/433  525/433]
[ 765/433 1061/433 1413/433 1821/433 1419/433 1073/433  783/433  549/433  371/433  249/433  183/433  173/433  219/433  321/433  479/433]
[ 693/433  963/433 1289/433 1671/433 1243/433  871/433  555/433  295/433   91/433  -57/433 -149/433 -185/433 -165/433  -89/433   43/433]
[ 231/433  475/433  775/433 1131/433 1543/433 1145/433  803/433  517/433  287/433  113/433   -5/433  -67/433  -73/433  -23/433   83/433]
[ 245/433  463/433  737/433 1067/433 1453/433 1029/433  661/433  349/433   93/433 -107/433 -251/433 -339/433 -371/433 -347/433 -267/433]
[-131/433   61/433  309/433  613/433  973/433 1389/433  995/433  657/433  375/433  149/433  -21/433 -135/433 -193/433 -195/433 -141/433]
[ -31/433  135/433  357/433  635/433  969/433 1359/433  939/433  575/433  267/433   15/433 -181/433 -321/433 -405/433        0        0]
---------------------------
SUCCESS for name = 13a1137
---------------------------
13a1140
Correction terms
[      -1 -135/421 -119/421  469/421  -55/421   -7/421 -229/421  121/421  201/421   11/421  393/421  505/421  347/421  -81/421   63/421]
[ -63/421  383/421 -283/421  465/421  101/421  309/421 -595/421  -85/421  155/421  125/421 -175/421   97/421   99/421 -169/421  135/421]
[ 169/421  -67/421  269/421  335/421  131/421 -343/421 -245/421  425/421  -17/421  113/421  -27/421  405/421 -275/421 -383/421   81/421]
[ 275/421  199/421 -147/421   79/421   35/421 -279/421  -21/421  -33/421  527/421  -25/421   -5/421 -255/421   67/421  119/421  -99/421]
[ 255/421  339/421  153/421 -303/421 -187/421  501/421   77/421  225/421  103/421 -289/421 -109/421 -199/421  283/421 -347/421  437/421]
[ 109/421  353/421 -515/421   31/421  307/421  313/421   49/421  357/421  395/421  163/421 -339/421  573/421  373/421  -97/421    5/421]
[-163/421  241/421 -467/421  239/421 -167/421   -1/421 -105/421  363/421 -281/421 -353/421  147/421  377/421  337/421   27/421  289/421]
[ 281/421    3/421  297/421  321/421   75/421  401/421 -385/421  243/421 -241/421 -153/421 -335/421   55/421  175/421   25/421 -395/421]
[-243/421  481/421   93/421  277/421  191/421 -165/421   51/421   -3/421  515/421  -79/421 -101/421  449/421 -113/421 -103/421 -363/421]
[ -51/421   -9/421 -237/421  107/421  181/421  -15/421 -481/421  467/421  303/421 -131/421    7/421 -125/421  315/421 -357/421  385/421]
[  15/421  217/421  149/421 -189/421   45/421    9/421 -297/421  -31/421  -35/421  533/421  -11/421   17/421 -225/421  105/421  165/421]
[ -45/421  317/421 -433/421  231/421 -217/421  -93/421 -239/421  187/421  343/421  229/421 -155/421   33/421  -49/421  441/421 -181/421]
[ 611/421  291/421 -299/421 -317/421  237/421  521/421 -307/421  279/421 -247/421 -201/421 -425/421  -77/421    1/421 -191/421  189/421]
[ 299/421  139/421 -291/421 -149/421  565/421  167/421  341/421  245/421 -121/421   85/421   21/421  529/421  -75/421 -107/421 -409/421]
[-139/421 -139/421 -409/421 -107/421  -75/421  529/421   21/421   85/421 -121/421  245/421  341/421  167/421  565/421 -149/421 -291/421]
[ 139/421  299/421  189/421 -191/421    1/421  -77/421 -425/421 -201/421 -247/421  279/421 -307/421  521/421  237/421 -317/421 -299/421]
[ 291/421  611/421 -181/421  441/421  -49/421   33/421 -155/421  229/421  343/421  187/421 -239/421  -93/421 -217/421  231/421 -433/421]
[ 317/421  -45/421  165/421  105/421 -225/421   17/421  -11/421  533/421  -35/421  -31/421 -297/421    9/421   45/421 -189/421  149/421]
[ 217/421   15/421  385/421 -357/421  315/421 -125/421    7/421 -131/421  303/421  467/421 -481/421  -15/421  181/421  107/421 -237/421]
[  -9/421  -51/421 -363/421 -103/421 -113/421  449/421 -101/421  -79/421  515/421   -3/421   51/421 -165/421  191/421  277/421   93/421]
[ 481/421 -243/421 -395/421   25/421  175/421   55/421 -335/421 -153/421 -241/421  243/421 -385/421  401/421   75/421  321/421  297/421]
[   3/421  281/421  289/421   27/421  337/421  377/421  147/421 -353/421 -281/421  363/421 -105/421   -1/421 -167/421  239/421 -467/421]
[ 241/421 -163/421    5/421  -97/421  373/421  573/421 -339/421  163/421  395/421  357/421   49/421  313/421  307/421   31/421 -515/421]
[ 353/421  109/421  437/421 -347/421  283/421 -199/421 -109/421 -289/421  103/421  225/421   77/421  501/421 -187/421 -303/421  153/421]
[ 339/421  255/421  -99/421  119/421   67/421 -255/421   -5/421  -25/421  527/421  -33/421  -21/421 -279/421   35/421   79/421 -147/421]
[ 199/421  275/421   81/421 -383/421 -275/421  405/421  -27/421  113/421  -17/421  425/421 -245/421 -343/421  131/421  335/421  269/421]
[ -67/421  169/421  135/421 -169/421   99/421   97/421 -175/421  125/421  155/421  -85/421 -595/421  309/421  101/421  465/421 -283/421]
[ 383/421  -63/421   63/421  -81/421  347/421  505/421  393/421   11/421  201/421  121/421 -229/421   -7/421  -55/421  469/421 -119/421]
[-135/421        0        0        0        0        0        0        0        0        0        0        0        0        0        0]
Testing obstruction for
m1: 10, m2: 12,a: 2
[      -1 -383/421 -269/421  -79/421  187/421  529/421  947/421  599/421  327/421  131/421   11/421  -33/421   -1/421  107/421  291/421]
[ 551/421  887/421 1299/421  945/421  667/421  465/421  339/421  289/421  315/421  417/421  595/421  849/421 1179/421 1585/421 1225/421]
[ 941/421  733/421  601/421  545/421  565/421  661/421  833/421 1081/421 1405/421  963/421  597/421  307/421   93/421  -45/421 -107/421]
[ -93/421   -3/421  163/421  405/421  723/421 1117/421  745/421  449/421  229/421   85/421   17/421   25/421  109/421  269/421  505/421]
[ 817/421 1205/421  827/421  525/421  299/421  149/421   75/421   77/421  155/421  309/421  539/421  845/421 1227/421 1685/421 1377/421]
[1145/421  989/421  909/421  905/421  977/421 1125/421 1349/421 1649/421 1183/421  793/421  479/421  241/421   79/421   -7/421  -17/421]
[  49/421  191/421  409/421  703/421 1073/421  677/421  357/421  113/421  -55/421 -147/421 -163/421 -103/421   33/421  245/421  533/421]
[ 897/421  495/421  169/421  -81/421 -255/421 -353/421 -375/421 -321/421 -191/421   15/421  297/421  655/421 1089/421  757/421  501/421]
[ 321/421  217/421  189/421  237/421  361/421  561/421  837/421 1189/421 1617/421 1279/421 1017/421  831/421  721/421  687/421  729/421]
[ 847/421 1041/421 1311/421 1657/421 1237/421  893/421  625/421  433/421  317/421  277/421  313/421  425/421  613/421  877/421 1217/421]
[ 791/421  441/421  167/421  -31/421 -153/421 -199/421 -169/421  -63/421  119/421  377/421  711/421 1121/421  765/421  485/421  281/421]
[ 153/421  101/421  125/421  225/421  401/421  653/421  981/421 1385/421 1023/421  737/421  527/421  393/421  335/421  353/421  447/421]
[ 617/421  863/421 1185/421 1583/421 1215/421  923/421  707/421  567/421  503/421  515/421  603/421  767/421 1007/421 1323/421  873/421]
[ 499/421  201/421  -21/421 -167/421 -237/421 -231/421 -149/421    9/421  243/421  553/421  939/421  559/421  255/421   27/421 -125/421]
[-201/421 -201/421 -125/421   27/421  255/421  559/421  939/421  553/421  243/421    9/421 -149/421 -231/421 -237/421 -167/421  -21/421]
[ 201/421  499/421  873/421 1323/421 1007/421  767/421  603/421  515/421  503/421  567/421  707/421  923/421 1215/421 1583/421 1185/421]
[ 863/421  617/421  447/421  353/421  335/421  393/421  527/421  737/421 1023/421 1385/421  981/421  653/421  401/421  225/421  125/421]
[ 101/421  153/421  281/421  485/421  765/421 1121/421  711/421  377/421  119/421  -63/421 -169/421 -199/421 -153/421  -31/421  167/421]
[ 441/421  791/421 1217/421  877/421  613/421  425/421  313/421  277/421  317/421  433/421  625/421  893/421 1237/421 1657/421 1311/421]
[1041/421  847/421  729/421  687/421  721/421  831/421 1017/421 1279/421 1617/421 1189/421  837/421  561/421  361/421  237/421  189/421]
[ 217/421  321/421  501/421  757/421 1089/421  655/421  297/421   15/421 -191/421 -321/421 -375/421 -353/421 -255/421  -81/421  169/421]
[ 495/421  897/421  533/421  245/421   33/421 -103/421 -163/421 -147/421  -55/421  113/421  357/421  677/421 1073/421  703/421  409/421]
[ 191/421   49/421  -17/421   -7/421   79/421  241/421  479/421  793/421 1183/421 1649/421 1349/421 1125/421  977/421  905/421  909/421]
[ 989/421 1145/421 1377/421 1685/421 1227/421  845/421  539/421  309/421  155/421   77/421   75/421  149/421  299/421  525/421  827/421]
[1205/421  817/421  505/421  269/421  109/421   25/421   17/421   85/421  229/421  449/421  745/421 1117/421  723/421  405/421  163/421]
[  -3/421  -93/421 -107/421  -45/421   93/421  307/421  597/421  963/421 1405/421 1081/421  833/421  661/421  565/421  545/421  601/421]
[ 733/421  941/421 1225/421 1585/421 1179/421  849/421  595/421  417/421  315/421  289/421  339/421  465/421  667/421  945/421 1299/421]
[ 887/421  551/421  291/421  107/421   -1/421  -33/421   11/421  131/421  327/421  599/421  947/421  529/421  187/421  -79/421 -269/421]
[-383/421        0        0        0        0        0        0        0        0        0        0        0        0        0        0]
[-383/421, -269/421]
43 [-383/421, 573/421]
Testing obstruction for
m1: 22, m2: 24,a: 20
[      -1 -401/421 -341/421 -241/421 -101/421   79/421  299/421  559/421  859/421 1199/421 1579/421 1999/421 1617/421 1275/421  973/421]
[ 711/421  489/421  307/421  165/421   63/421    1/421  -21/421   -3/421   55/421  153/421  291/421  469/421  687/421  945/421 1243/421]
[1581/421 1959/421 2377/421 1993/421 1649/421 1345/421 1081/421  857/421  673/421  529/421  425/421  361/421  337/421  353/421  409/421]
[ 505/421  641/421  817/421 1033/421 1289/421 1585/421 1921/421 2297/421 1871/421 1485/421 1139/421  833/421  567/421  341/421  155/421]
[   9/421  -97/421 -163/421 -189/421 -175/421 -121/421  -27/421  107/421  281/421  495/421  749/421 1043/421 1377/421 1751/421 2165/421]
[1777/421 1429/421 1121/421  853/421  625/421  437/421  289/421  181/421  113/421   85/421   97/421  149/421  241/421  373/421  545/421]
[ 757/421 1009/421 1301/421 1633/421 2005/421 2417/421 2027/421 1677/421 1367/421 1097/421  867/421  677/421  527/421  417/421  347/421]
[ 317/421  327/421  377/421  467/421  597/421  767/421  977/421 1227/421 1517/421 1847/421 2217/421 1785/421 1393/421 1041/421  729/421]
[ 457/421  225/421   33/421 -119/421 -231/421 -303/421 -335/421 -327/421 -279/421 -191/421  -63/421  105/421  313/421  561/421  849/421]
[1177/421 1545/421 1953/421 1559/421 1205/421  891/421  617/421  383/421  189/421   35/421  -79/421 -153/421 -187/421 -181/421 -135/421]
[ -49/421   77/421  243/421  449/421  695/421  981/421 1307/421 1673/421 2079/421 1683/421 1327/421 1011/421  735/421  499/421  303/421]
[ 147/421   31/421  -45/421  -81/421  -77/421  -33/421   51/421  175/421  339/421  543/421  787/421 1071/421 1395/421 1759/421 2163/421]
[1765/421 1407/421 1089/421  811/421  573/421  375/421  217/421   99/421   21/421  -17/421  -15/421   27/421  109/421  231/421  393/421]
[ 595/421  837/421 1119/421 1441/421 1803/421 2205/421 1805/421 1445/421 1125/421  845/421  605/421  405/421  245/421  125/421   45/421]
[   5/421    5/421   45/421  125/421  245/421  405/421  605/421  845/421 1125/421 1445/421 1805/421 2205/421 1803/421 1441/421 1119/421]
[ 837/421  595/421  393/421  231/421  109/421   27/421  -15/421  -17/421   21/421   99/421  217/421  375/421  573/421  811/421 1089/421]
[1407/421 1765/421 2163/421 1759/421 1395/421 1071/421  787/421  543/421  339/421  175/421   51/421  -33/421  -77/421  -81/421  -45/421]
[  31/421  147/421  303/421  499/421  735/421 1011/421 1327/421 1683/421 2079/421 1673/421 1307/421  981/421  695/421  449/421  243/421]
[  77/421  -49/421 -135/421 -181/421 -187/421 -153/421  -79/421   35/421  189/421  383/421  617/421  891/421 1205/421 1559/421 1953/421]
[1545/421 1177/421  849/421  561/421  313/421  105/421  -63/421 -191/421 -279/421 -327/421 -335/421 -303/421 -231/421 -119/421   33/421]
[ 225/421  457/421  729/421 1041/421 1393/421 1785/421 2217/421 1847/421 1517/421 1227/421  977/421  767/421  597/421  467/421  377/421]
[ 327/421  317/421  347/421  417/421  527/421  677/421  867/421 1097/421 1367/421 1677/421 2027/421 2417/421 2005/421 1633/421 1301/421]
[1009/421  757/421  545/421  373/421  241/421  149/421   97/421   85/421  113/421  181/421  289/421  437/421  625/421  853/421 1121/421]
[1429/421 1777/421 2165/421 1751/421 1377/421 1043/421  749/421  495/421  281/421  107/421  -27/421 -121/421 -175/421 -189/421 -163/421]
[ -97/421    9/421  155/421  341/421  567/421  833/421 1139/421 1485/421 1871/421 2297/421 1921/421 1585/421 1289/421 1033/421  817/421]
[ 641/421  505/421  409/421  353/421  337/421  361/421  425/421  529/421  673/421  857/421 1081/421 1345/421 1649/421 1993/421 2377/421]
[1959/421 1581/421 1243/421  945/421  687/421  469/421  291/421  153/421   55/421   -3/421  -21/421    1/421   63/421  165/421  307/421]
[ 489/421  711/421  973/421 1275/421 1617/421 1999/421 1579/421 1199/421  859/421  559/421  299/421   79/421 -101/421 -241/421 -341/421]
[-401/421        0        0        0        0        0        0        0        0        0        0        0        0        0        0]
Testing obstruction for
m1: 106, m2: 106,a: 105
[       -1  -417/421  -405/421  -385/421  -357/421  -321/421  -277/421  -225/421  -165/421   -97/421   -21/421    63/421   155/421   255/421   363/421]
[  479/421   603/421   735/421   875/421  1023/421  1179/421  1343/421  1515/421  1695/421  1883/421  2079/421  2283/421  2495/421  2715/421  2943/421]
[ 3179/421  3423/421  3675/421  3935/421  4203/421  4479/421  4763/421  5055/421  5355/421  5663/421  5979/421  6303/421  6635/421  6975/421  7323/421]
[ 7679/421  8043/421  8415/421  8795/421  9183/421  9579/421  9983/421 10395/421 10815/421 10401/421  9995/421  9597/421  9207/421  8825/421  8451/421]
[ 8085/421  7727/421  7377/421  7035/421  6701/421  6375/421  6057/421  5747/421  5445/421  5151/421  4865/421  4587/421  4317/421  4055/421  3801/421]
[ 3555/421  3317/421  3087/421  2865/421  2651/421  2445/421  2247/421  2057/421  1875/421  1701/421  1535/421  1377/421  1227/421  1085/421   951/421]
[  825/421   707/421   597/421   495/421   401/421   315/421   237/421   167/421   105/421    51/421     5/421   -33/421   -63/421   -85/421   -99/421]
[ -105/421  -103/421   -93/421   -75/421   -49/421   -15/421    27/421    77/421   135/421   201/421   275/421   357/421   447/421   545/421   651/421]
[  765/421   887/421  1017/421  1155/421  1301/421  1455/421  1617/421  1787/421  1965/421  2151/421  2345/421  2547/421  2757/421  2975/421  3201/421]
[ 3435/421  3677/421  3927/421  4185/421  4451/421  4725/421  5007/421  5297/421  5595/421  5901/421  6215/421  6537/421  6867/421  7205/421  7551/421]
[ 7905/421  8267/421  8637/421  9015/421  9401/421  9795/421 10197/421 10607/421 11025/421 10609/421 10201/421  9801/421  9409/421  9025/421  8649/421]
[ 8281/421  7921/421  7569/421  7225/421  6889/421  6561/421  6241/421  5929/421  5625/421  5329/421  5041/421  4761/421  4489/421  4225/421  3969/421]
[ 3721/421  3481/421  3249/421  3025/421  2809/421  2601/421  2401/421  2209/421  2025/421  1849/421  1681/421  1521/421  1369/421  1225/421  1089/421]
[  961/421   841/421   729/421   625/421   529/421   441/421   361/421   289/421   225/421   169/421   121/421    81/421    49/421    25/421     9/421]
[    1/421     1/421     9/421    25/421    49/421    81/421   121/421   169/421   225/421   289/421   361/421   441/421   529/421   625/421   729/421]
[  841/421   961/421  1089/421  1225/421  1369/421  1521/421  1681/421  1849/421  2025/421  2209/421  2401/421  2601/421  2809/421  3025/421  3249/421]
[ 3481/421  3721/421  3969/421  4225/421  4489/421  4761/421  5041/421  5329/421  5625/421  5929/421  6241/421  6561/421  6889/421  7225/421  7569/421]
[ 7921/421  8281/421  8649/421  9025/421  9409/421  9801/421 10201/421 10609/421 11025/421 10607/421 10197/421  9795/421  9401/421  9015/421  8637/421]
[ 8267/421  7905/421  7551/421  7205/421  6867/421  6537/421  6215/421  5901/421  5595/421  5297/421  5007/421  4725/421  4451/421  4185/421  3927/421]
[ 3677/421  3435/421  3201/421  2975/421  2757/421  2547/421  2345/421  2151/421  1965/421  1787/421  1617/421  1455/421  1301/421  1155/421  1017/421]
[  887/421   765/421   651/421   545/421   447/421   357/421   275/421   201/421   135/421    77/421    27/421   -15/421   -49/421   -75/421   -93/421]
[ -103/421  -105/421   -99/421   -85/421   -63/421   -33/421     5/421    51/421   105/421   167/421   237/421   315/421   401/421   495/421   597/421]
[  707/421   825/421   951/421  1085/421  1227/421  1377/421  1535/421  1701/421  1875/421  2057/421  2247/421  2445/421  2651/421  2865/421  3087/421]
[ 3317/421  3555/421  3801/421  4055/421  4317/421  4587/421  4865/421  5151/421  5445/421  5747/421  6057/421  6375/421  6701/421  7035/421  7377/421]
[ 7727/421  8085/421  8451/421  8825/421  9207/421  9597/421  9995/421 10401/421 10815/421 10395/421  9983/421  9579/421  9183/421  8795/421  8415/421]
[ 8043/421  7679/421  7323/421  6975/421  6635/421  6303/421  5979/421  5663/421  5355/421  5055/421  4763/421  4479/421  4203/421  3935/421  3675/421]
[ 3423/421  3179/421  2943/421  2715/421  2495/421  2283/421  2079/421  1883/421  1695/421  1515/421  1343/421  1179/421  1023/421   875/421   735/421]
[  603/421   479/421   363/421   255/421   155/421    63/421   -21/421   -97/421  -165/421  -225/421  -277/421  -321/421  -357/421  -385/421  -405/421]
[ -417/421         0         0         0         0         0         0         0         0         0         0         0         0         0         0]
---------------------------
SUCCESS for name = 13a1140
---------------------------
13a1147
Correction terms
[      -1  287/417 -103/417   27/139    5/417 -331/417  -31/139 -115/417  437/417  -35/139  -73/417 -301/417   15/139  131/417  -43/417]
[-159/139  497/417 -457/417   -1/139  191/417  125/417  -67/139   47/417   35/417  -79/139   65/417  107/417  -37/139  245/417 -493/417]
[  59/139 -247/417  -97/417  -69/139  257/417 -373/417  135/139   89/417  347/417 -163/139   83/417 -439/417  149/139  239/417 -229/417]
[ -41/139 -277/417  143/417  101/139  203/417 -157/417   19/139   11/417 -295/417   -9/139  -19/417 -271/417   17/139  113/417  -85/417]
[  97/139 -427/417  263/417  -47/139   29/417  -61/417  141/139 -187/417 -223/417  105/139 -241/417 -223/417  123/139 -133/417  -61/417]
[ -83/139  137/417  263/417   43/139 -265/417  -85/417  -55/139  329/417 -271/417  179/139 -583/417  539/417  -89/139  335/417 -157/417]
[ -25/139 -253/417  143/417   93/139  155/417 -229/417  -13/139 -109/417  395/417  -65/139 -211/417  347/417  -63/139 -151/417  461/417]
[  -7/139   71/417  -97/417  103/139 -379/417  341/417  -11/139  167/417  107/417  -71/139   41/417   35/417  -77/139   77/417  125/417]
[ -29/139  275/417  377/417   73/139 -199/417  -43/417  -49/139  323/417  533/417 -117/139  173/417 -397/417  147/139  185/417  503/417]
[ -91/139  359/417 -103/417    3/139     -1/3  287/417 -127/139  359/417    5/417   75/139  185/417 -115/417   53/139  173/417  -73/417]
[  85/139  323/417  131/417 -107/139  635/417 -337/417   33/139  275/417  191/417  -51/139   77/417   47/417  -81/139   41/417   65/417]
[ -57/139  167/417  245/417   21/139  455/417 -247/417  153/139   71/417  257/417   61/139 -151/417   89/417   23/139  623/417   83/417]
[  39/139 -109/417  239/417  109/139  155/417 -277/417  -45/139 -253/417  203/417  133/139  335/417   11/417   87/139  251/417  -19/417]
[  95/139  329/417  113/417  157/139 -265/417  407/417   -5/139  137/417   29/417  165/139 -133/417 -187/417  111/139 -241/417 -241/417]
[ 111/139 -187/417 -133/417  165/139   29/417  137/417   -5/139  407/417 -265/417  157/139  113/417  329/417   95/139  -19/417  251/417]
[  87/139   11/417  335/417  133/139  203/417 -253/417  -45/139 -277/417  155/417  109/139  239/417 -109/417   39/139   83/417  623/417]
[  23/139   89/417 -151/417   61/139  257/417   71/417  153/139 -247/417  455/417   21/139  245/417  167/417  -57/139   65/417   41/417]
[ -81/139   47/417   77/417  -51/139  191/417  275/417   33/139 -337/417  635/417 -107/139  131/417  323/417   85/139  -73/417  173/417]
[  53/139 -115/417  185/417   75/139    5/417  359/417 -127/139  287/417     -1/3    3/139 -103/417  359/417  -91/139  503/417  185/417]
[ 147/139 -397/417  173/417 -117/139  533/417  323/417  -49/139  -43/417 -199/417   73/139  377/417  275/417  -29/139  125/417   77/417]
[ -77/139   35/417   41/417  -71/139  107/417  167/417  -11/139  341/417 -379/417  103/139  -97/417   71/417   -7/139  461/417 -151/417]
[ -63/139  347/417 -211/417  -65/139  395/417 -109/417  -13/139 -229/417  155/417   93/139  143/417 -253/417  -25/139 -157/417  335/417]
[ -89/139  539/417 -583/417  179/139 -271/417  329/417  -55/139  -85/417 -265/417   43/139  263/417  137/417  -83/139  -61/417 -133/417]
[ 123/139 -223/417 -241/417  105/139 -223/417 -187/417  141/139  -61/417   29/417  -47/139  263/417 -427/417   97/139  -85/417  113/417]
[  17/139 -271/417  -19/417   -9/139 -295/417   11/417   19/139 -157/417  203/417  101/139  143/417 -277/417  -41/139 -229/417  239/417]
[ 149/139 -439/417   83/417 -163/139  347/417   89/417  135/139 -373/417  257/417  -69/139  -97/417 -247/417   59/139 -493/417  245/417]
[ -37/139  107/417   65/417  -79/139   35/417   47/417  -67/139  125/417  191/417   -1/139 -457/417  497/417 -159/139  -43/417  131/417]
[  15/139 -301/417  -73/417  -35/139  437/417 -115/417  -31/139 -331/417    5/417   27/139 -103/417  287/417        0        0        0]
Testing obstruction for
m1: 2, m2: 70,a: 0
[      -1 -133/417 -115/417 -121/139  -43/417   11/417  -67/139  155/417  245/417   23/139  461/417  587/417  149/139  875/417 1037/417]
[ 311/139 1397/417 1595/417  509/139 2027/417 2261/417  743/139 2765/417 3035/417 1013/139 3611/417 3917/417 1319/139 4565/417 4907/417]
[1661/139 5627/417 6005/417 2039/139 6797/417 7211/417 2175/139 6407/417 6023/417 1791/139 5291/417 4943/417 1443/139 4283/417 3971/417]
[1131/139 3383/417 3107/417  855/139 2591/417 2351/417  615/139 1907/417 1703/417  411/139 1331/417 1163/417  243/139  863/417  731/417]
[ 111/139  503/417  407/417   15/139  251/417  191/417  -45/139  107/417   83/417  -69/139   71/417   83/417  -57/139  143/417  191/417]
[  -9/139  323/417  407/417   75/139  611/417  731/417  195/139 1007/417 1163/417  351/139 1511/417 1703/417  543/139 2123/417 2351/417]
[ 771/139 2843/417 3107/417 1035/139 3671/417 3971/417 1335/139 4607/417 4943/417 1671/139 5651/417 6023/417 2043/139 6803/417 7211/417]
[2173/139 6395/417 6005/417 1783/139 5261/417 4907/417 1429/139 4235/417 3917/417 1111/139 3317/417 3035/417  829/139 2507/417 2261/417]
[ 583/139 1805/417 1595/417  373/139 1211/417 1037/417  199/139  725/417  587/417   61/139  347/417  245/417  -41/139   77/417   11/417]
[-107/139  -85/417 -115/417 -137/139     -1/3 -133/417 -131/139  -85/417  -43/417  -89/139   77/417  155/417  -11/139  347/417  461/417]
[ 103/139  725/417  875/417  253/139 1211/417 1397/417  439/139 1805/417 2027/417  661/139 2507/417 2765/417  919/139 3317/417 3611/417]
[1213/139 4235/417 4565/417 1543/139 5261/417 5627/417 1909/139 6395/417 6797/417 2311/139 6803/417 6407/417 1915/139 5651/417 5291/417]
[1555/139 4607/417 4283/417 1231/139 3671/417 3383/417  943/139 2843/417 2591/417  691/139 2123/417 1907/417  475/139 1511/417 1331/417]
[ 295/139 1007/417  863/417  151/139  611/417  503/417   43/139  323/417  251/417  -29/139  143/417  107/417  -65/139   71/417   71/417]
[ -65/139  107/417  143/417  -29/139  251/417  323/417   43/139  503/417  611/417  151/139  863/417 1007/417  295/139 1331/417 1511/417]
[ 475/139 1907/417 2123/417  691/139 2591/417 2843/417  943/139 3383/417 3671/417 1231/139 4283/417 4607/417 1555/139 5291/417 5651/417]
[1915/139 6407/417 6803/417 2311/139 6797/417 6395/417 1909/139 5627/417 5261/417 1543/139 4565/417 4235/417 1213/139 3611/417 3317/417]
[ 919/139 2765/417 2507/417  661/139 2027/417 1805/417  439/139 1397/417 1211/417  253/139  875/417  725/417  103/139  461/417  347/417]
[ -11/139  155/417   77/417  -89/139  -43/417  -85/417 -131/139 -133/417     -1/3 -137/139 -115/417  -85/417 -107/139   11/417   77/417]
[ -41/139  245/417  347/417   61/139  587/417  725/417  199/139 1037/417 1211/417  373/139 1595/417 1805/417  583/139 2261/417 2507/417]
[ 829/139 3035/417 3317/417 1111/139 3917/417 4235/417 1429/139 4907/417 5261/417 1783/139 6005/417 6395/417 2173/139 7211/417 6803/417]
[2043/139 6023/417 5651/417 1671/139 4943/417 4607/417 1335/139 3971/417 3671/417 1035/139 3107/417 2843/417  771/139 2351/417 2123/417]
[ 543/139 1703/417 1511/417  351/139 1163/417 1007/417  195/139  731/417  611/417   75/139  407/417  323/417   -9/139  191/417  143/417]
[ -57/139   83/417   71/417  -69/139   83/417  107/417  -45/139  191/417  251/417   15/139  407/417  503/417  111/139  731/417  863/417]
[ 243/139 1163/417 1331/417  411/139 1703/417 1907/417  615/139 2351/417 2591/417  855/139 3107/417 3383/417 1131/139 3971/417 4283/417]
[1443/139 4943/417 5291/417 1791/139 6023/417 6407/417 2175/139 7211/417 6797/417 2039/139 6005/417 5627/417 1661/139 4907/417 4565/417]
[1319/139 3917/417 3611/417 1013/139 3035/417 2765/417  743/139 2261/417 2027/417  509/139 1595/417 1397/417  311/139 1037/417  875/417]
[ 149/139  587/417  461/417   23/139  245/417  155/417  -67/139   11/417  -43/417 -121/139 -115/417 -133/417        0        0        0]
[-133/417, -115/417, -121/139]
73 [-133/417, -115/417, 157/139]
[-133/417, -115/417, -121/139]
205 [-133/417, -115/417, 157/139]
Testing obstruction for
m1: 6, m2: 24,a: 5
[      -1 -395/417 -329/417  -73/139  -65/417  133/417  125/139  661/417  991/417  455/139 1783/417 1411/417  361/139  799/417  559/417]
[ 121/139  211/417  103/417   13/139   19/417   43/417   37/139  223/417  379/417  193/139  823/417 1111/417  481/139 1819/417 1405/417]
[ 345/139  709/417  427/417   63/139   -5/417 -155/417  -87/139 -323/417 -341/417 -105/139 -245/417 -131/417    9/139  229/417  475/417]
[ 255/139 1099/417 1477/417  633/139 1531/417 1207/417  309/139  691/417  499/417  117/139  247/417  187/417   57/139  199/417  271/417]
[ 129/139  547/417  751/417  333/139 1291/417 1627/417  669/139 1597/417 1231/417  303/139  631/417  397/417   69/139   61/417  -41/417]
[ -33/139 -113/417  -83/417   -3/139  109/417  271/417  159/139  727/417 1021/417  453/139 1741/417 2167/417  601/139 1483/417 1207/417]
[ 325/139  787/417  643/417  181/139  487/417  475/417  169/139  583/417  703/417  289/139 1075/417 1327/417  541/139 1963/417 2347/417]
[ 647/139 1579/417 1261/417  329/139  757/417  571/417  143/139  331/417  277/417   89/139  301/417  379/417  167/139  667/417  877/417]
[ 377/139 1429/417 1771/417  719/139 1753/417 1393/417  359/139  805/417  577/417  131/139  253/417  157/417   35/139   97/417  133/417]
[  71/139  337/417  505/417  239/139      7/3 1273/417  539/139 2005/417 1603/417  415/139  931/417  661/417  145/139  253/417  115/417]
[   7/139  -29/417  -35/417    1/139   85/417  211/417  127/139  595/417  853/417  385/139 1501/417 1891/417  497/139 1135/417  823/417]
[ 185/139  331/417  151/417    5/139  -77/417 -125/417  -43/139  -89/417   -5/417   41/139  295/417  511/417  257/139 1075/417 1423/417]
[ 605/139 1417/417 1063/417  251/139  487/417  265/417   29/139  -47/417 -137/417  -61/139 -185/417 -143/417  -19/139   73/417  247/417]
[ 155/139  727/417 1033/417  461/139 1777/417 1381/417  343/139  721/417  457/417   79/139   61/417  -71/417  -53/139 -203/417 -203/417]
[ -53/139  -71/417   61/417   79/139  457/417  721/417  343/139 1381/417 1777/417  461/139 1033/417  727/417  155/139  247/417   73/417]
[ -19/139 -143/417 -185/417  -61/139 -137/417  -47/417   29/139  265/417  487/417  251/139 1063/417 1417/417  605/139 1423/417 1075/417]
[ 257/139  511/417  295/417   41/139   -5/417  -89/417  -43/139 -125/417  -77/417    5/139  151/417  331/417  185/139  823/417 1135/417]
[ 497/139 1891/417 1501/417  385/139  853/417  595/417  127/139  211/417   85/417    1/139  -35/417  -29/417    7/139  115/417  253/417]
[ 145/139  661/417  931/417  415/139 1603/417 2005/417  539/139 1273/417      7/3  239/139  505/417  337/417   71/139  133/417   97/417]
[  35/139  157/417  253/417  131/139  577/417  805/417  359/139 1393/417 1753/417  719/139 1771/417 1429/417  377/139  877/417  667/417]
[ 167/139  379/417  301/417   89/139  277/417  331/417  143/139  571/417  757/417  329/139 1261/417 1579/417  647/139 2347/417 1963/417]
[ 541/139 1327/417 1075/417  289/139  703/417  583/417  169/139  475/417  487/417  181/139  643/417  787/417  325/139 1207/417 1483/417]
[ 601/139 2167/417 1741/417  453/139 1021/417  727/417  159/139  271/417  109/417   -3/139  -83/417 -113/417  -33/139  -41/417   61/417]
[  69/139  397/417  631/417  303/139 1231/417 1597/417  669/139 1627/417 1291/417  333/139  751/417  547/417  129/139  271/417  199/417]
[  57/139  187/417  247/417  117/139  499/417  691/417  309/139 1207/417 1531/417  633/139 1477/417 1099/417  255/139  475/417  229/417]
[   9/139 -131/417 -245/417 -105/139 -341/417 -323/417  -87/139 -155/417   -5/417   63/139  427/417  709/417  345/139 1405/417 1819/417]
[ 481/139 1111/417  823/417  193/139  379/417  223/417   37/139   43/417   19/417   13/139  103/417  211/417  121/139  559/417  799/417]
[ 361/139 1411/417 1783/417  455/139  991/417  661/417  125/139  133/417  -65/417  -73/139 -329/417 -395/417        0        0        0]
Testing obstruction for
m1: 10, m2: 20,a: 9
[      -1 -379/417 -265/417  -25/139  191/417  533/417  317/139  611/417  347/417   53/139   47/417   11/417   17/139  167/417  359/417]
[ 209/139  971/417  557/417   73/139  -43/417 -229/417 -113/139 -373/417 -331/417  -71/139  -19/417  251/417  199/139 1019/417  683/417]
[ 141/139  239/417  131/417   33/139  143/417  263/417  153/139  731/417 1079/417  223/139  335/417   77/417  -35/139 -211/417 -241/417]
[ -65/139  -73/417  125/417  133/139  749/417 1175/417  281/139  587/417  407/417  101/139  275/417  323/417  149/139  647/417  923/417]
[ 425/139  869/417  539/417   95/139  107/417    5/417   -7/139   29/417  155/417  119/139  635/417  989/417  473/139 1091/417  839/417]
[ 221/139  563/417  539/417  197/139  719/417  923/417  401/139 1559/417 1157/417  277/139  581/417  407/417  103/139  287/417  341/417]
[ 157/139  677/417  959/417  439/139 1751/417 1427/417  393/139 1007/417  911/417  297/139  947/417 1079/417  429/139 1571/417 1931/417]
[ 511/139 1211/417  965/417  265/139  701/417  683/417  247/139  875/417 1085/417  457/139 1733/417 1337/417  339/139  773/417  605/417]
[ 171/139  497/417  557/417  231/139  905/417 1193/417  519/139 1163/417  845/417  201/139  437/417  347/417  111/139  395/417  533/417]
[ 249/139 1037/417 1403/417  337/139      5/3  455/417   97/139  203/417  191/417   85/139  395/417  611/417  301/139 1271/417  881/417]
[ 189/139  329/417  167/417   27/139   71/417  137/417   93/139  497/417  791/417  387/139  773/417  461/417   75/139   65/417  -19/417]
[  -9/139   41/417  185/417  135/139  701/417 1073/417  229/139  377/417  143/417   -5/139  -97/417 -103/417  -11/139  113/417  335/417]
[ 211/139 1007/417  623/417  105/139   83/417  -73/417  -51/139 -157/417  -85/417   21/139  287/417  587/417  321/139  581/417  275/417]
[  15/139 -109/417 -187/417  -63/139 -115/417   35/417   87/139  563/417  941/417  187/139  257/417   29/417  -41/139 -199/417 -199/417]
[ -41/139   29/417  257/417  187/139  941/417  563/417   87/139   35/417 -115/417  -63/139 -187/417 -109/417   15/139  275/417  581/417]
[ 321/139  587/417  287/417   21/139  -85/417 -157/417  -51/139  -73/417   83/417  105/139  623/417 1007/417  211/139  335/417  113/417]
[ -11/139 -103/417  -97/417   -5/139  143/417  377/417  229/139 1073/417  701/417  135/139  185/417   41/417   -9/139  -19/417   65/417]
[  75/139  461/417  773/417  387/139  791/417  497/417   93/139  137/417   71/417   27/139  167/417  329/417  189/139  881/417 1271/417]
[ 301/139  611/417  395/417   85/139  191/417  203/417   97/139  455/417      5/3  337/139 1403/417 1037/417  249/139  533/417  395/417]
[ 111/139  347/417  437/417  201/139  845/417 1163/417  519/139 1193/417  905/417  231/139  557/417  497/417  171/139  605/417  773/417]
[ 339/139 1337/417 1733/417  457/139 1085/417  875/417  247/139  683/417  701/417  265/139  965/417 1211/417  511/139 1931/417 1571/417]
[ 429/139 1079/417  947/417  297/139  911/417 1007/417  393/139 1427/417 1751/417  439/139  959/417  677/417  157/139  341/417  287/417]
[ 103/139  407/417  581/417  277/139 1157/417 1559/417  401/139  923/417  719/417  197/139  539/417  563/417  221/139  839/417 1091/417]
[ 473/139  989/417  635/417  119/139  155/417   29/417   -7/139    5/417  107/417   95/139  539/417  869/417  425/139  923/417  647/417]
[ 149/139  323/417  275/417  101/139  407/417  587/417  281/139 1175/417  749/417  133/139  125/417  -73/417  -65/139 -241/417 -211/417]
[ -35/139   77/417  335/417  223/139 1079/417  731/417  153/139  263/417  143/417   33/139  131/417  239/417  141/139  683/417 1019/417]
[ 199/139  251/417  -19/417  -71/139 -331/417 -373/417 -113/139 -229/417  -43/417   73/139  557/417  971/417  209/139  359/417  167/417]
[  17/139   11/417   47/417   53/139  347/417  611/417  317/139  533/417  191/417  -25/139 -265/417 -379/417        0        0        0]
[-379/417, -265/417, -25/139, 191/417, 533/417, 317/139, 611/417, 347/417, 53/139, 47/417, 11/417, 17/139, 167/417, 359/417, 209/139, 971/417, 557/417, 73/139, -43/417, -229/417, -113/139]
109 [-379/417, -265/417, -25/139, 191/417, 533/417, 39/139, -223/417, 347/417, 53/139, 47/417, 11/417, 17/139, 167/417, 359/417, -69/139, 137/417, -277/417, 73/139, -43/417, -229/417, 165/139]
Testing obstruction for
m1: 36, m2: 36,a: 34
[      -1 -275/417  151/417    9/139  187/417 -203/417 -103/139 -131/417  331/417   81/139  439/417   85/417    5/139  229/417  727/417]
[ 225/139  907/417  589/417  185/139  805/417 1339/417  441/139 1591/417 1309/417  437/139 1597/417 2167/417  729/139 2491/417 2245/417]
[ 761/139 2605/417 3211/417 1089/139 3607/417 3397/417 1157/139 2995/417 2803/417  965/139 2437/417 2263/417  791/139 1933/417 1777/417]
[ 635/139 1483/417 1345/417  497/139 1087/417  967/417  377/139  745/417  643/417  275/139  457/417  373/417  191/139  223/417  157/417]
[ 125/139   43/417   -5/417   77/139  -83/417 -113/417   47/139 -155/417 -167/417   35/139 -173/417 -167/417   41/139 -137/417 -113/417]
[  65/139  -47/417   -5/417  107/139   97/417  157/417  167/139  295/417  373/417  245/139  547/417  643/417  341/139  853/417  967/417]
[ 455/139 1213/417 1345/417  587/139 1627/417 1777/417  737/139 2095/417 2263/417  905/139 2617/417 2803/417 1091/139 3193/417 3397/417]
[1017/139 2989/417 3211/417  961/139 2839/417 2245/417  645/139 1909/417 2167/417  625/139 1867/417 1309/417  345/139 1045/417 1339/417]
[ 361/139 1111/417  589/417  117/139  397/417  727/417  169/139  571/417   85/417  -39/139  -35/417  331/417   49/139  247/417 -203/417]
[-123/139 -251/417  151/417    1/139      1/3 -275/417 -135/139 -251/417  187/417   25/139  247/417 -131/417  -75/139  -35/417  439/417]
[ 121/139  571/417  229/417   57/139  397/417  907/417  289/139 1111/417  805/417  261/139 1045/417 1591/417  529/139 1867/417 1597/417]
[ 537/139 1909/417 2491/417  841/139 2839/417 2605/417  885/139 2989/417 3607/417 1225/139 3193/417 2995/417 1027/139 2617/417 2437/417]
[ 847/139 2095/417 1933/417  685/139 1627/417 1483/417  541/139 1213/417 1087/417  415/139  853/417  745/417  307/139  547/417  457/417]
[ 217/139  295/417  223/417  145/139   97/417   43/417   91/139  -47/417  -83/417   55/139 -137/417 -155/417   37/139 -173/417 -173/417]
[  37/139 -155/417 -137/417   55/139  -83/417  -47/417   91/139   43/417   97/417  145/139  223/417  295/417  217/139  457/417  547/417]
[ 307/139  745/417  853/417  415/139 1087/417 1213/417  541/139 1483/417 1627/417  685/139 1933/417 2095/417  847/139 2437/417 2617/417]
[1027/139 2995/417 3193/417 1225/139 3607/417 2989/417  885/139 2605/417 2839/417  841/139 2491/417 1909/417  537/139 1597/417 1867/417]
[ 529/139 1591/417 1045/417  261/139  805/417 1111/417  289/139  907/417  397/417   57/139  229/417  571/417  121/139  439/417  -35/417]
[ -75/139 -131/417  247/417   25/139  187/417 -251/417 -135/139 -275/417      1/3    1/139  151/417 -251/417 -123/139 -203/417  247/417]
[  49/139  331/417  -35/417  -39/139   85/417  571/417  169/139  727/417  397/417  117/139  589/417 1111/417  361/139 1339/417 1045/417]
[ 345/139 1309/417 1867/417  625/139 2167/417 1909/417  645/139 2245/417 2839/417  961/139 3211/417 2989/417 1017/139 3397/417 3193/417]
[1091/139 2803/417 2617/417  905/139 2263/417 2095/417  737/139 1777/417 1627/417  587/139 1345/417 1213/417  455/139  967/417  853/417]
[ 341/139  643/417  547/417  245/139  373/417  295/417  167/139  157/417   97/417  107/139   -5/417  -47/417   65/139 -113/417 -137/417]
[  41/139 -167/417 -173/417   35/139 -167/417 -155/417   47/139 -113/417  -83/417   77/139   -5/417   43/417  125/139  157/417  223/417]
[ 191/139  373/417  457/417  275/139  643/417  745/417  377/139  967/417 1087/417  497/139 1345/417 1483/417  635/139 1777/417 1933/417]
[ 791/139 2263/417 2437/417  965/139 2803/417 2995/417 1157/139 3397/417 3607/417 1089/139 3211/417 2605/417  761/139 2245/417 2491/417]
[ 729/139 2167/417 1597/417  437/139 1309/417 1591/417  441/139 1339/417  805/417  185/139  589/417  907/417  225/139  727/417  229/417]
[   5/139   85/417  439/417   81/139  331/417 -131/417 -103/139 -203/417  187/417    9/139  151/417 -275/417        0        0        0]
---------------------------
SUCCESS for name = 13a1147
---------------------------
13a1148
Correction terms
[      -1  159/325  311/325  131/325  269/325     3/13  199/325   -9/325  101/325 -121/325    -1/13 -261/325 -179/325    17/25 -361/325]
[    1/13   79/325 -199/325 -159/325  199/325     9/13  -81/325  -69/325  261/325  259/325    -3/13    -7/25  211/325  181/325 -181/325]
[   17/13   49/325   -9/325  251/325  179/325    17/13 -311/325  -79/325 -179/325     3/25    -3/13  129/325    1/325 -459/325   49/325]
[    9/13   69/325  231/325   61/325  209/325     1/13  159/325    -3/25   81/325 -131/325    -1/13  399/325 -159/325  251/325  329/325]
[    3/13  139/325 -129/325  -79/325  289/325       -1   29/325   51/325 -259/325 -251/325     3/13   69/325 -269/325  361/325    9/325]
[   -1/13  259/325  211/325    37/25 -231/325     1/13  -51/325  191/325  101/325  329/325     9/13 -211/325  321/325 -129/325  389/325]
[   -3/13   -17/25  -49/325 -209/325  -51/325    -9/13  -81/325 -269/325 -139/325  309/325    -9/13  209/325  311/325   81/325    13/25]
[   -3/13   -1/325  391/325 -199/325  179/325     9/13  -61/325  -29/325  321/325  339/325     1/13   29/325   -23/25  341/325   -1/325]
[   -1/13  269/325 -419/325 -139/325 -191/325     3/13    9/325  261/325  181/325 -231/325        1 -101/325  441/325    1/325 -121/325]
[    3/13  -61/325  121/325  -29/325  139/325    -1/13  129/325  -49/325     7/25 -101/325     1/13 -181/325  -69/325 -289/325 -191/325]
[    9/13 -341/325   61/325  131/325 -131/325    -3/13    23/25  341/325   51/325   79/325    -9/13  439/325  121/325  121/325  439/325]
[   -9/13   79/325   51/325  341/325    23/25    -3/13 -131/325  131/325   61/325 -341/325     9/13 -191/325 -289/325  -69/325 -181/325]
[    1/13 -101/325     7/25  -49/325  129/325    -1/13  139/325  -29/325  121/325  -61/325     3/13 -121/325    1/325  441/325 -101/325]
[       1 -231/325  181/325  261/325    9/325     3/13 -191/325 -139/325 -419/325  269/325    -1/13   -1/325  341/325   -23/25   29/325]
[    1/13  339/325  321/325  -29/325  -61/325     9/13  179/325 -199/325  391/325   -1/325    -3/13    13/25   81/325  311/325  209/325]
[   -9/13  309/325 -139/325 -269/325  -81/325    -9/13  -51/325 -209/325  -49/325   -17/25    -3/13  389/325 -129/325  321/325 -211/325]
[    9/13  329/325  101/325  191/325  -51/325     1/13 -231/325    37/25  211/325  259/325    -1/13    9/325  361/325 -269/325   69/325]
[    3/13 -251/325 -259/325   51/325   29/325       -1  289/325  -79/325 -129/325  139/325     3/13  329/325  251/325 -159/325  399/325]
[   -1/13 -131/325   81/325    -3/25  159/325     1/13  209/325   61/325  231/325   69/325     9/13   49/325 -459/325    1/325  129/325]
[   -3/13     3/25 -179/325  -79/325 -311/325    17/13  179/325  251/325   -9/325   49/325    17/13 -181/325  181/325  211/325    -7/25]
[   -3/13  259/325  261/325  -69/325  -81/325     9/13  199/325 -159/325 -199/325   79/325     1/13 -361/325    17/25 -179/325 -261/325]
[   -1/13 -121/325  101/325   -9/325  199/325     3/13  269/325  131/325  311/325  159/325        0        0        0        0        0]
Testing obstruction for
m1: 4, m2: 24,a: 1
[      -1 -311/325 -269/325 -199/325 -101/325     1/13  179/325  361/325  571/325  809/325    43/13 1369/325 1691/325   107/25 1119/325]
[   35/13  659/325  471/325  311/325  179/325     3/13   -1/325  -49/325  -69/325  -61/325    -1/13     3/25  131/325  251/325  399/325]
[   23/13  779/325 1011/325 1271/325 1559/325    75/13 1569/325 1291/325 1041/325    63/25    25/13  459/325  321/325  211/325  129/325]
[    3/13   49/325   51/325   81/325  139/325     9/13  339/325    37/25  651/325  849/325    43/13 1329/325 1611/325 1921/325 1609/325]
[   53/13 1069/325  841/325  641/325  469/325        1  209/325  121/325   61/325   29/325     1/13   49/325  101/325  181/325  289/325]
[   17/13  589/325  781/325    77/25 1249/325    61/13 1829/325 1511/325 1221/325  959/325    29/13  519/325  341/325  191/325   69/325]
[   -1/13    -7/25 -129/325 -139/325 -121/325    -3/13   -1/325  101/325  231/325  389/325    23/13  789/325 1031/325 1301/325   123/25]
[   77/13 1629/325 1361/325 1121/325  909/325    29/13  569/325  441/325  341/325  269/325     9/13  209/325    17/25  261/325  329/325]
[   17/13  549/325  701/325  881/325 1089/325    53/13 1589/325 1881/325 1551/325 1249/325        3  729/325  511/325  321/325  159/325]
[    1/13  -81/325 -159/325 -209/325 -231/325    -9/13 -191/325 -129/325    -3/25   79/325     9/13  399/325  601/325  831/325 1089/325]
[   55/13 1689/325 1381/325 1101/325  849/325    25/13    33/25  261/325  121/325    9/325    -3/13 -131/325 -159/325 -159/325 -131/325]
[   -3/13    9/325  121/325  261/325    33/25    25/13  849/325 1101/325 1381/325 1689/325    55/13 1089/325  831/325  601/325  399/325]
[    9/13   79/325    -3/25 -129/325 -191/325    -9/13 -231/325 -209/325 -159/325  -81/325     1/13  159/325  321/325  511/325  729/325]
[       3 1249/325 1551/325 1881/325 1589/325    53/13 1089/325  881/325  701/325  549/325    17/13  329/325  261/325    17/25  209/325]
[    9/13  269/325  341/325  441/325  569/325    29/13  909/325 1121/325 1361/325 1629/325    77/13   123/25 1301/325 1031/325  789/325]
[   23/13  389/325  231/325  101/325   -1/325    -3/13 -121/325 -139/325 -129/325    -7/25    -1/13   69/325  191/325  341/325  519/325]
[   29/13  959/325 1221/325 1511/325 1829/325    61/13 1249/325    77/25  781/325  589/325    17/13  289/325  181/325  101/325   49/325]
[    1/13   29/325   61/325  121/325  209/325        1  469/325  641/325  841/325 1069/325    53/13 1609/325 1921/325 1611/325 1329/325]
[   43/13  849/325  651/325    37/25  339/325     9/13  139/325   81/325   51/325   49/325     3/13  129/325  211/325  321/325  459/325]
[   25/13    63/25 1041/325 1291/325 1569/325    75/13 1559/325 1271/325 1011/325  779/325    23/13  399/325  251/325  131/325     3/25]
[   -1/13  -61/325  -69/325  -49/325   -1/325     3/13  179/325  311/325  471/325  659/325    35/13 1119/325   107/25 1691/325 1369/325]
[   43/13  809/325  571/325  361/325  179/325     1/13 -101/325 -199/325 -269/325 -311/325        0        0        0        0        0]
Unobstructed
36
---------------------------
---------------------------
13a1149
Correction terms
[      -1  -69/257  -19/257 -107/257 -333/257 -183/257 -171/257 -297/257  -47/257   65/257   39/257 -125/257   87/257 -353/257   97/257]
[-105/257   69/257 -409/257    3/257 -237/257 -101/257 -103/257  271/257   -7/257   91/257   51/257 -127/257   71/257  131/257   53/257]
[-163/257   -3/257   19/257  -97/257  163/257  285/257 -245/257  115/257 -177/257  -93/257 -147/257  175/257 -155/257 -109/257 -201/257]
[  83/257 -285/257  237/257  107/257 -161/257  -53/257  -83/257 -251/257  -43/257   27/257  -41/257 -247/257  -77/257  -45/257 -151/257]
[ 119/257 -263/257 -269/257 -413/257 -181/257  -87/257 -131/257 -313/257 -119/257  -63/257 -145/257  149/257 -209/257 -191/257 -311/257]
[ -55/257 -451/257   43/257 -115/257  103/257 -331/257  125/257  -71/257  109/257  151/257   55/257 -179/257  -37/257  -33/257 -167/257]
[  75/257  179/257  145/257  -27/257  177/257 -271/257  171/257  -39/257  127/257 -359/257   45/257 -203/257  -75/257  -85/257  281/257]
[  -5/257   85/257   37/257 -149/257   41/257   93/257    7/257 -217/257  -65/257  -51/257 -175/257   77/257  191/257 -347/257    5/257]
[-295/257 -219/257 -281/257   33/257 -305/257 -267/257 -367/257  -91/257   47/257   47/257  -91/257 -367/257 -267/257 -305/257   33/257]
[-281/257 -219/257 -295/257    5/257 -347/257  191/257   77/257 -175/257  -51/257  -65/257 -217/257    7/257   93/257   41/257 -149/257]
[  37/257   85/257   -5/257  281/257  -85/257  -75/257 -203/257   45/257 -359/257  127/257  -39/257  171/257 -271/257  177/257  -27/257]
[ 145/257  179/257   75/257 -167/257  -33/257  -37/257 -179/257   55/257  151/257  109/257  -71/257  125/257 -331/257  103/257 -115/257]
[  43/257 -451/257  -55/257 -311/257 -191/257 -209/257  149/257 -145/257  -63/257 -119/257 -313/257 -131/257  -87/257 -181/257 -413/257]
[-269/257 -263/257  119/257 -151/257  -45/257  -77/257 -247/257  -41/257   27/257  -43/257 -251/257  -83/257  -53/257 -161/257  107/257]
[ 237/257 -285/257   83/257 -201/257 -109/257 -155/257  175/257 -147/257  -93/257 -177/257  115/257 -245/257  285/257  163/257  -97/257]
[  19/257   -3/257 -163/257   53/257  131/257   71/257 -127/257   51/257   91/257   -7/257  271/257 -103/257 -101/257 -237/257    3/257]
[-409/257   69/257 -105/257   97/257 -353/257   87/257 -125/257   39/257   65/257  -47/257 -297/257 -171/257 -183/257 -333/257 -107/257]
[ -19/257  -69/257        0        0        0        0        0        0        0        0        0        0        0        0        0]
Testing obstruction for
m1: 2, m2: 44,a: 1
[      -1 -251/257 -233/257 -203/257 -161/257 -107/257  -41/257   37/257  127/257  229/257  343/257  469/257  607/257  757/257  919/257]
[1093/257 1279/257 1477/257 1687/257 1909/257 2143/257 2389/257 2647/257 2403/257 2171/257 1951/257 1743/257 1547/257 1363/257 1191/257]
[1031/257  883/257  747/257  623/257  511/257  411/257  323/257  247/257  183/257  131/257   91/257   63/257   47/257   43/257   51/257]
[  71/257  103/257  147/257  203/257  271/257  351/257  443/257  547/257  663/257  791/257  931/257 1083/257 1247/257 1423/257 1611/257]
[1811/257 2023/257 2247/257 2483/257 2731/257 2477/257 2235/257 2005/257 1787/257 1581/257 1387/257 1205/257 1035/257  877/257  731/257]
[ 597/257  475/257  365/257  267/257  181/257  107/257   45/257   -5/257  -43/257  -69/257  -83/257  -85/257  -75/257  -53/257  -19/257]
[  27/257   85/257  155/257  237/257  331/257  437/257  555/257  685/257  827/257  981/257 1147/257 1325/257 1515/257 1717/257 1931/257]
[2157/257 2395/257 2645/257 2393/257 2153/257 1925/257 1709/257 1505/257 1313/257 1133/257  965/257  809/257  665/257  533/257  413/257]
[ 305/257  209/257  125/257   53/257   -7/257  -55/257  -91/257 -115/257 -127/257 -127/257 -115/257  -91/257  -55/257   -7/257   53/257]
[ 125/257  209/257  305/257  413/257  533/257  665/257  809/257  965/257 1133/257 1313/257 1505/257 1709/257 1925/257 2153/257 2393/257]
[2645/257 2395/257 2157/257 1931/257 1717/257 1515/257 1325/257 1147/257  981/257  827/257  685/257  555/257  437/257  331/257  237/257]
[ 155/257   85/257   27/257  -19/257  -53/257  -75/257  -85/257  -83/257  -69/257  -43/257   -5/257   45/257  107/257  181/257  267/257]
[ 365/257  475/257  597/257  731/257  877/257 1035/257 1205/257 1387/257 1581/257 1787/257 2005/257 2235/257 2477/257 2731/257 2483/257]
[2247/257 2023/257 1811/257 1611/257 1423/257 1247/257 1083/257  931/257  791/257  663/257  547/257  443/257  351/257  271/257  203/257]
[ 147/257  103/257   71/257   51/257   43/257   47/257   63/257   91/257  131/257  183/257  247/257  323/257  411/257  511/257  623/257]
[ 747/257  883/257 1031/257 1191/257 1363/257 1547/257 1743/257 1951/257 2171/257 2403/257 2647/257 2389/257 2143/257 1909/257 1687/257]
[1477/257 1279/257 1093/257  919/257  757/257  607/257  469/257  343/257  229/257  127/257   37/257  -41/257 -107/257 -161/257 -203/257]
[-233/257 -251/257        0        0        0        0        0        0        0        0        0        0        0        0        0]
[-251/257, -233/257]
52 [-251/257, 281/257]
Testing obstruction for
m1: 4, m2: 20,a: 2
[      -1 -243/257 -201/257 -131/257  -33/257   93/257  247/257  429/257  639/257  877/257 1143/257  923/257  731/257  567/257  431/257]
[ 323/257  243/257  191/257  167/257  171/257  203/257  263/257  351/257  467/257  611/257  783/257  983/257 1211/257  953/257  723/257]
[ 521/257  347/257  201/257   83/257   -7/257  -69/257 -103/257 -109/257  -87/257  -37/257   41/257  147/257  281/257  443/257  633/257]
[ 851/257 1097/257  857/257  645/257  461/257  305/257  177/257   77/257    5/257  -39/257  -55/257  -43/257   -3/257   65/257  161/257]
[ 285/257  437/257  617/257  825/257 1061/257  811/257  589/257  395/257  229/257   91/257  -19/257 -101/257 -155/257 -181/257 -179/257]
[-149/257  -91/257   -5/257  109/257  251/257  421/257  619/257  845/257 1099/257  867/257  663/257  487/257  339/257  219/257  127/257]
[  63/257   27/257   19/257   39/257   87/257  163/257  267/257  399/257  559/257  747/257  963/257 1207/257  965/257  751/257  565/257]
[ 407/257  277/257  175/257  101/257   55/257   37/257   47/257   85/257  151/257  245/257  367/257  517/257  695/257  901/257 1135/257]
[ 883/257  659/257  463/257  295/257  155/257   43/257  -41/257  -97/257 -125/257 -125/257  -97/257  -41/257   43/257  155/257  295/257]
[ 463/257  659/257  883/257 1135/257  901/257  695/257  517/257  367/257  245/257  151/257   85/257   47/257   37/257   55/257  101/257]
[ 175/257  277/257  407/257  565/257  751/257  965/257 1207/257  963/257  747/257  559/257  399/257  267/257  163/257   87/257   39/257]
[  19/257   27/257   63/257  127/257  219/257  339/257  487/257  663/257  867/257 1099/257  845/257  619/257  421/257  251/257  109/257]
[  -5/257  -91/257 -149/257 -179/257 -181/257 -155/257 -101/257  -19/257   91/257  229/257  395/257  589/257  811/257 1061/257  825/257]
[ 617/257  437/257  285/257  161/257   65/257   -3/257  -43/257  -55/257  -39/257    5/257   77/257  177/257  305/257  461/257  645/257]
[ 857/257 1097/257  851/257  633/257  443/257  281/257  147/257   41/257  -37/257  -87/257 -109/257 -103/257  -69/257   -7/257   83/257]
[ 201/257  347/257  521/257  723/257  953/257 1211/257  983/257  783/257  611/257  467/257  351/257  263/257  203/257  171/257  167/257]
[ 191/257  243/257  323/257  431/257  567/257  731/257  923/257 1143/257  877/257  639/257  429/257  247/257   93/257  -33/257 -131/257]
[-201/257 -243/257        0        0        0        0        0        0        0        0        0        0        0        0        0]
Testing obstruction for
m1: 10, m2: 14,a: 8
[      -1 -229/257 -145/257   -5/257  191/257  443/257  237/257   87/257   -7/257  -45/257  -27/257   47/257  177/257  363/257  605/257]
[ 389/257  229/257  125/257   77/257   85/257  149/257  269/257  445/257  677/257  451/257  281/257  167/257  109/257  107/257  161/257]
[ 271/257  437/257  659/257  423/257  243/257  119/257   51/257   39/257   83/257  183/257  339/257  551/257  305/257  115/257  -19/257]
[ -97/257 -119/257  -85/257    5/257  151/257  353/257  611/257  411/257  267/257  179/257  147/257  171/257  251/257  387/257  579/257]
[ 827/257  617/257  463/257  365/257  323/257  337/257  407/257  533/257  715/257  439/257  219/257   55/257  -53/257 -105/257 -101/257]
[ -41/257   75/257  247/257  475/257  245/257   71/257  -47/257 -109/257 -115/257  -65/257   41/257  203/257  421/257  181/257   -3/257]
[-131/257 -203/257 -219/257 -179/257  -83/257   69/257  277/257  541/257  347/257  209/257  127/257  101/257  131/257  217/257  359/257]
[ 557/257  811/257  607/257  459/257  367/257  331/257  351/257  427/257  559/257  747/257  477/257  263/257  105/257    3/257  -43/257]
[ -33/257   33/257  155/257  333/257  567/257  343/257  175/257   63/257    7/257    7/257   63/257  175/257  343/257  567/257  333/257]
[ 155/257   33/257  -33/257  -43/257    3/257  105/257  263/257  477/257  747/257  559/257  427/257  351/257  331/257  367/257  459/257]
[ 607/257  811/257  557/257  359/257  217/257  131/257  101/257  127/257  209/257  347/257  541/257  277/257   69/257  -83/257 -179/257]
[-219/257 -203/257 -131/257   -3/257  181/257  421/257  203/257   41/257  -65/257 -115/257 -109/257  -47/257   71/257  245/257  475/257]
[ 247/257   75/257  -41/257 -101/257 -105/257  -53/257   55/257  219/257  439/257  715/257  533/257  407/257  337/257  323/257  365/257]
[ 463/257  617/257  827/257  579/257  387/257  251/257  171/257  147/257  179/257  267/257  411/257  611/257  353/257  151/257    5/257]
[ -85/257 -119/257  -97/257  -19/257  115/257  305/257  551/257  339/257  183/257   83/257   39/257   51/257  119/257  243/257  423/257]
[ 659/257  437/257  271/257  161/257  107/257  109/257  167/257  281/257  451/257  677/257  445/257  269/257  149/257   85/257   77/257]
[ 125/257  229/257  389/257  605/257  363/257  177/257   47/257  -27/257  -45/257   -7/257   87/257  237/257  443/257  191/257   -5/257]
[-145/257 -229/257        0        0        0        0        0        0        0        0        0        0        0        0        0]
Testing obstruction for
m1: 22, m2: 24,a: 21
[      -1 -245/257 -209/257 -149/257  -65/257   43/257  175/257  331/257  511/257  715/257  943/257 1195/257  957/257  743/257  553/257]
[ 387/257  245/257  127/257   33/257  -37/257  -83/257 -105/257 -103/257  -77/257  -27/257   47/257  145/257  267/257  413/257  583/257]
[ 777/257  995/257 1237/257  989/257  765/257  565/257  389/257  237/257  109/257    5/257  -75/257 -131/257 -163/257 -171/257 -155/257]
[-115/257  -51/257   37/257  149/257  285/257  445/257  629/257  837/257 1069/257 1325/257 1091/257  881/257  695/257  533/257  395/257]
[ 281/257  191/257  125/257   83/257   65/257   71/257  101/257  155/257  233/257  335/257  461/257  611/257  785/257  983/257 1205/257]
[1451/257 1207/257  987/257  791/257  619/257  471/257  347/257  247/257  171/257  119/257   91/257   87/257  107/257  151/257  219/257]
[ 311/257  427/257  567/257  731/257  919/257 1131/257 1367/257 1113/257  883/257  677/257  495/257  337/257  203/257   93/257    7/257]
[ -55/257  -93/257 -107/257  -97/257  -63/257   -5/257   77/257  183/257  313/257  467/257  645/257  847/257 1073/257 1323/257 1083/257]
[ 867/257  675/257  507/257  363/257  243/257  147/257   75/257   27/257    3/257    3/257   27/257   75/257  147/257  243/257  363/257]
[ 507/257  675/257  867/257 1083/257 1323/257 1073/257  847/257  645/257  467/257  313/257  183/257   77/257   -5/257  -63/257  -97/257]
[-107/257  -93/257  -55/257    7/257   93/257  203/257  337/257  495/257  677/257  883/257 1113/257 1367/257 1131/257  919/257  731/257]
[ 567/257  427/257  311/257  219/257  151/257  107/257   87/257   91/257  119/257  171/257  247/257  347/257  471/257  619/257  791/257]
[ 987/257 1207/257 1451/257 1205/257  983/257  785/257  611/257  461/257  335/257  233/257  155/257  101/257   71/257   65/257   83/257]
[ 125/257  191/257  281/257  395/257  533/257  695/257  881/257 1091/257 1325/257 1069/257  837/257  629/257  445/257  285/257  149/257]
[  37/257  -51/257 -115/257 -155/257 -171/257 -163/257 -131/257  -75/257    5/257  109/257  237/257  389/257  565/257  765/257  989/257]
[1237/257  995/257  777/257  583/257  413/257  267/257  145/257   47/257  -27/257  -77/257 -103/257 -105/257  -83/257  -37/257   33/257]
[ 127/257  245/257  387/257  553/257  743/257  957/257 1195/257  943/257  715/257  511/257  331/257  175/257   43/257  -65/257 -149/257]
[-209/257 -245/257        0        0        0        0        0        0        0        0        0        0        0        0        0]
Unobstructed
36
---------------------------
---------------------------
