13a721
Correction terms
[      -1  -29/237  121/237    71/79 -227/237 -251/237  -111/79    1/237 -197/237     7/79  181/237 -191/237   -49/79 -161/237  241/237]
[   37/79  -77/237 -323/237   -51/79  -41/237   13/237     3/79  -53/237 -173/237  -117/79 -113/237   67/237    63/79 -221/237 -215/237]
[  -89/79   97/237  -71/237    59/79 -107/237   25/237  -125/79  115/237   73/237    -9/79 -185/237 -401/237   -67/79  -59/237   25/237]
[   17/79   19/237  -71/237   -73/79   49/237  259/237   -21/79   31/237 -407/237    15/79  -35/237 -173/237    35/79 -149/237   13/237]
[ -119/79  163/237  151/237    27/79  -47/237 -233/237    -1/79  169/237 -191/237   -45/79 -137/237 -197/237  -105/79  -17/237  223/237]
[  -23/79   55/237 -353/237    43/79      1/3  -29/237   -65/79   55/237 -227/237   -31/79  -17/237    1/237   -13/79 -137/237 -293/237]
[  -11/79  169/237 -161/237   -25/79  -47/237  -77/237   -55/79  163/237  -41/237    57/79 -149/237  -53/237    -5/79  -35/237 -113/237]
[  -83/79   31/237 -221/237   -19/79   49/237   97/237    29/79   19/237 -107/237    61/79  -59/237  115/237   -81/79 -185/237 -185/237]
[  -81/79  115/237  -59/237    61/79 -107/237   19/237    29/79   97/237   49/237   -19/79 -221/237   31/237   -83/79 -113/237  -35/237]
[   -5/79  -53/237 -149/237    57/79  -41/237  163/237   -55/79  -77/237  -47/237   -25/79 -161/237  169/237   -11/79 -293/237 -137/237]
[  -13/79    1/237  -17/237   -31/79 -227/237   55/237   -65/79  -29/237      1/3    43/79 -353/237   55/237   -23/79  223/237  -17/237]
[ -105/79 -197/237 -137/237   -45/79 -191/237  169/237    -1/79 -233/237  -47/237    27/79  151/237  163/237  -119/79   13/237 -149/237]
[   35/79 -173/237  -35/237    15/79 -407/237   31/237   -21/79  259/237   49/237   -73/79  -71/237   19/237    17/79   25/237  -59/237]
[  -67/79 -401/237 -185/237    -9/79   73/237  115/237  -125/79   25/237 -107/237    59/79  -71/237   97/237   -89/79 -215/237 -221/237]
[   63/79   67/237 -113/237  -117/79 -173/237  -53/237     3/79   13/237  -41/237   -51/79 -323/237  -77/237    37/79  241/237 -161/237]
[  -49/79 -191/237  181/237     7/79 -197/237    1/237  -111/79 -251/237 -227/237    71/79  121/237  -29/237        0        0        0]
Testing obstruction for
m1: 2, m2: 40,a: 0
[      -1  -73/237  -55/237   -61/79   17/237   71/237    -7/79  215/237  305/237    83/79  521/237  647/237   209/79  935/237 1097/237]
[  371/79 1457/237 1655/237   569/79 2087/237 2321/237   645/79 1877/237 1673/237   441/79 1301/237 1133/237   273/79  833/237  701/237]
[  141/79  473/237  377/237    45/79  221/237  161/237   -15/79   77/237   53/237   -39/79   41/237   53/237   -27/79  113/237  161/237]
[   21/79  293/237  377/237   105/79  581/237  701/237   225/79  977/237 1133/237   381/79 1481/237 1673/237   573/79 2093/237 2321/237]
[  643/79 1865/237 1655/237   433/79 1271/237 1097/237   259/79  785/237  647/237   121/79  407/237  305/237    19/79  137/237   71/237]
[  -47/79  -25/237  -55/237   -77/79     -1/3  -73/237   -71/79  -25/237   17/237   -29/79  137/237  215/237    49/79  407/237  521/237]
[  163/79  785/237  935/237   313/79 1271/237 1457/237   499/79 1865/237 2087/237   721/79 2093/237 1877/237   505/79 1481/237 1301/237]
[  325/79  977/237  833/237   181/79  581/237  473/237    73/79  293/237  221/237     1/79  113/237   77/237   -35/79   41/237   41/237]
[  -35/79   77/237  113/237     1/79  221/237  293/237    73/79  473/237  581/237   181/79  833/237  977/237   325/79 1301/237 1481/237]
[  505/79 1877/237 2093/237   721/79 2087/237 1865/237   499/79 1457/237 1271/237   313/79  935/237  785/237   163/79  521/237  407/237]
[   49/79  215/237  137/237   -29/79   17/237  -25/237   -71/79  -73/237     -1/3   -77/79  -55/237  -25/237   -47/79   71/237  137/237]
[   19/79  305/237  407/237   121/79  647/237  785/237   259/79 1097/237 1271/237   433/79 1655/237 1865/237   643/79 2321/237 2093/237]
[  573/79 1673/237 1481/237   381/79 1133/237  977/237   225/79  701/237  581/237   105/79  377/237  293/237    21/79  161/237  113/237]
[  -27/79   53/237   41/237   -39/79   53/237   77/237   -15/79  161/237  221/237    45/79  377/237  473/237   141/79  701/237  833/237]
[  273/79 1133/237 1301/237   441/79 1673/237 1877/237   645/79 2321/237 2087/237   569/79 1655/237 1457/237   371/79 1097/237  935/237]
[  209/79  647/237  521/237    83/79  305/237  215/237    -7/79   71/237   17/237   -61/79  -55/237  -73/237        0        0        0]
Testing obstruction for
m1: 6, m2: 12,a: 2
[      -1 -215/237 -149/237   -13/79  115/237  313/237   185/79  367/237  223/237    41/79   67/237   55/237    29/79  163/237  283/237]
[  149/79  655/237  433/237    85/79  121/237   31/237    -5/79  -17/237   25/237    37/79  241/237  415/237   211/79  421/237  253/237]
[   43/79   49/237   13/237     7/79   73/237  169/237   103/79  493/237  721/237   173/79  361/237  247/237    59/79  151/237  169/237]
[   77/79  337/237  487/237   227/79  445/237  253/237    35/79    1/237  -59/237   -25/79  -47/237   25/237    47/79  301/237  505/237]
[   93/79   97/237  -41/237   -45/79 -185/237 -191/237   -51/79  -71/237   55/237    75/79  439/237  697/237   175/79  397/237  313/237]
[   91/79  277/237  325/237   139/79      7/3  733/237   161/79  277/237  115/237    -1/79  -77/237 -107/237   -31/79  -35/237   67/237]
[   71/79  403/237  637/237   147/79  289/237  181/237    39/79   97/237  121/237    63/79  301/237  457/237   219/79  427/237  241/237]
[   33/79    1/237  -53/237   -21/79  -29/237   49/237    57/79  337/237  547/237   109/79  151/237   19/237   -23/79 -113/237 -113/237]
[  -23/79   19/237  151/237   109/79  547/237  337/237    57/79   49/237  -29/237   -21/79  -53/237    1/237    33/79  241/237  427/237]
[  219/79  457/237  301/237    63/79  121/237   97/237    39/79  181/237  289/237   147/79  637/237  403/237    71/79   67/237  -35/237]
[  -31/79 -107/237  -77/237    -1/79  115/237  277/237   161/79  733/237      7/3   139/79  325/237  277/237    91/79  313/237  397/237]
[  175/79  697/237  439/237    75/79   55/237  -71/237   -51/79 -191/237 -185/237   -45/79  -41/237   97/237    93/79  505/237  301/237]
[   47/79   25/237  -47/237   -25/79  -59/237    1/237    35/79  253/237  445/237   227/79  487/237  337/237    77/79  169/237  151/237]
[   59/79  247/237  361/237   173/79  721/237  493/237   103/79  169/237   73/237     7/79   13/237   49/237    43/79  253/237  421/237]
[  211/79  415/237  241/237    37/79   25/237  -17/237    -5/79   31/237  121/237    85/79  433/237  655/237   149/79  283/237  163/237]
[   29/79   55/237   67/237    41/79  223/237  367/237   185/79  313/237  115/237   -13/79 -149/237 -215/237        0        0        0]
Unobstructed
29
---------------------------
---------------------------
13a735
Correction terms
[      -1  -45/181    1/181  -43/181 -177/181  -39/181    9/181  -33/181  197/181  -25/181   25/181  -15/181 -145/181   -3/181   49/181]
[  11/181 -117/181   27/181 -281/181 -317/181  -81/181   65/181  121/181   87/181  -37/181 -251/181 -193/181  137/181   15/181  165/181]
[-137/181 -167/181 -287/181 -135/181  -73/181 -101/181  143/181  -65/181   -1/181  -27/181 -143/181   13/181   79/181   55/181  -59/181]
[  99/181 -195/181 -217/181   33/181 -169/181  -99/181 -119/181  133/181  -67/181    5/181  -13/181 -121/181   43/181  117/181  101/181]
[  -5/181 -201/181 -125/181 -139/181  119/181  -75/181    3/181   -9/181 -111/181 -303/181 -223/181  129/181   29/181  201/181  -79/181]
[ -87/181 -185/181  -11/181   73/181   67/181  -29/181 -215/181 -129/181 -133/181 -227/181  -49/181   39/181   37/181  -55/181  125/181]
[-147/181 -147/181  125/181  -55/181   37/181   39/181  -49/181 -227/181 -133/181 -129/181 -215/181  -29/181   67/181   73/181  -11/181]
[-185/181  -87/181  -79/181  201/181   29/181  129/181 -223/181 -303/181 -111/181   -9/181    3/181  -75/181  119/181 -139/181 -125/181]
[-201/181   -5/181  101/181  117/181   43/181 -121/181  -13/181    5/181  -67/181  133/181 -119/181  -99/181 -169/181   33/181 -217/181]
[-195/181   99/181  -59/181   55/181   79/181   13/181 -143/181  -27/181   -1/181  -65/181  143/181 -101/181  -73/181 -135/181 -287/181]
[-167/181 -137/181  165/181   15/181  137/181 -193/181 -251/181  -37/181   87/181  121/181   65/181  -81/181 -317/181 -281/181   27/181]
[-117/181   11/181   49/181   -3/181 -145/181  -15/181   25/181  -25/181  197/181  -33/181    9/181  -39/181 -177/181  -43/181    1/181]
[ -45/181        0        0        0        0        0        0        0        0        0        0        0        0        0        0]
Testing obstruction for
m1: 4, m2: 16,a: 3
[      -1 -167/181 -125/181  -55/181   43/181  169/181  323/181  505/181  353/181  229/181  133/181   65/181   25/181   13/181   29/181]
[  73/181  145/181  245/181  373/181  529/181  351/181  201/181   79/181  -15/181  -81/181 -119/181 -129/181 -111/181  -65/181    9/181]
[ 111/181  241/181  399/181  585/181  437/181  317/181  225/181  161/181  125/181  117/181  137/181  185/181  261/181  365/181  497/181]
[ 657/181  483/181  337/181  219/181  129/181   67/181   33/181   27/181   49/181   99/181  177/181  283/181  417/181  579/181  407/181]
[ 263/181  147/181   59/181   -1/181  -33/181  -37/181  -13/181   39/181  119/181  227/181  363/181  527/181  357/181  215/181  101/181]
[  15/181  -43/181  -73/181  -75/181  -49/181    5/181   87/181  197/181  335/181  501/181  333/181  193/181   81/181   -3/181  -59/181]
[ -87/181  -87/181  -59/181   -3/181   81/181  193/181  333/181  501/181  335/181  197/181   87/181    5/181  -49/181  -75/181  -73/181]
[ -43/181   15/181  101/181  215/181  357/181  527/181  363/181  227/181  119/181   39/181  -13/181  -37/181  -33/181   -1/181   59/181]
[ 147/181  263/181  407/181  579/181  417/181  283/181  177/181   99/181   49/181   27/181   33/181   67/181  129/181  219/181  337/181]
[ 483/181  657/181  497/181  365/181  261/181  185/181  137/181  117/181  125/181  161/181  225/181  317/181  437/181  585/181  399/181]
[ 241/181  111/181    9/181  -65/181 -111/181 -129/181 -119/181  -81/181  -15/181   79/181  201/181  351/181  529/181  373/181  245/181]
[ 145/181   73/181   29/181   13/181   25/181   65/181  133/181  229/181  353/181  505/181  323/181  169/181   43/181  -55/181 -125/181]
[-167/181        0        0        0        0        0        0        0        0        0        0        0        0        0        0]
Unobstructed
31
---------------------------
---------------------------
13a743
Correction terms
[      -1  -25/301  201/301 -225/301  -99/301  -23/301    3/301    -3/43  -95/301  383/301  209/301  -15/301 -289/301  -11/301   -55/43]
[-207/301  -79/301   -1/301   27/301    5/301  -67/301   -27/43  241/301   19/301  349/301   27/301 -345/301 -165/301    -5/43   45/301]
[  75/301   55/301  -15/301 -135/301 -305/301    11/43 -193/301   89/301  321/301  -99/301   33/301  115/301    21/43      3/7   61/301]
[ -57/301 -225/301 -443/301 -109/301    25/43 -193/301   -9/301  125/301  209/301 -359/301  227/301    23/43   45/301 -121/301 -337/301]
[  -1/301 -317/301  -81/301    15/43  241/301 -275/301 -239/301 -253/301 -317/301  171/301     1/43  395/301  131/301 -183/301   55/301]
[ 243/301 -221/301   -19/43  -95/301 -107/301 -169/301 -281/301  159/301  -53/301    41/43  -25/301      5/7 -197/301  -57/301   33/301]
[  73/301     9/43    3/301 -107/301 -267/301  125/301 -135/301  157/301   -29/43  -11/301  131/301 -379/301  265/301  257/301  199/301]
[   13/43  -67/301 -275/301   69/301 -239/301    5/301  199/301   -37/43 -165/301 -121/301 -127/301 -183/301  313/301  157/301    -7/43]
[-305/301   -9/301  237/301 -169/301  -23/301   73/301    17/43 -487/301   61/301     -1/7 -197/301  201/301  -53/301    35/43 -109/301]
[  89/301  237/301  335/301 -219/301 -221/301   -39/43 -375/301   75/301 -127/301  223/301  -79/301  171/301   -33/43  -81/301   19/301]
[  69/301   69/301   19/301  -81/301   -33/43  171/301  -79/301  223/301 -127/301   75/301 -375/301   -39/43 -221/301 -219/301  335/301]
[ 237/301   89/301 -109/301    35/43  -53/301  201/301 -197/301     -1/7   61/301 -487/301    17/43   73/301  -23/301 -169/301  237/301]
[  -9/301 -305/301    -7/43  157/301  313/301 -183/301 -127/301 -121/301 -165/301   -37/43  199/301    5/301 -239/301   69/301 -275/301]
[ -67/301    13/43  199/301  257/301  265/301 -379/301  131/301  -11/301   -29/43  157/301 -135/301  125/301 -267/301 -107/301    3/301]
[    9/43   73/301   33/301  -57/301 -197/301      5/7  -25/301    41/43  -53/301  159/301 -281/301 -169/301 -107/301  -95/301   -19/43]
[-221/301  243/301   55/301 -183/301  131/301  395/301     1/43  171/301 -317/301 -253/301 -239/301 -275/301  241/301    15/43  -81/301]
[-317/301   -1/301 -337/301 -121/301   45/301    23/43  227/301 -359/301  209/301  125/301   -9/301 -193/301    25/43 -109/301 -443/301]
[-225/301  -57/301   61/301      3/7    21/43  115/301   33/301  -99/301  321/301   89/301 -193/301    11/43 -305/301 -135/301  -15/301]
[  55/301   75/301   45/301    -5/43 -165/301 -345/301   27/301  349/301   19/301  241/301   -27/43  -67/301    5/301   27/301   -1/301]
[ -79/301 -207/301   -55/43  -11/301 -289/301  -15/301  209/301  383/301  -95/301    -3/43    3/301  -23/301  -99/301 -225/301  201/301]
[ -25/301        0        0        0        0        0        0        0        0        0        0        0        0        0        0]
Testing obstruction for
m1: 4, m2: 22,a: 0
[      -1 -201/301   99/301   -3/301   95/301  393/301  289/301    55/43  681/301 1177/301 1271/301 1565/301 1457/301  947/301    91/43]
[ 527/301  617/301  305/301  193/301  281/301  -33/301   -21/43  -61/301  225/301  109/301  193/301  477/301  359/301    63/43  723/301]
[1205/301 1285/301 1565/301 1443/301  919/301    85/43  471/301  547/301  221/301   95/301  169/301 -159/301   -41/43     -5/7   57/301]
[ -73/301   -3/301  267/301  135/301    29/43  471/301  939/301 1005/301 1271/301 1737/301 1199/301   123/43  723/301  785/301  445/301]
[ 305/301  365/301   23/301   -17/43  -61/301  197/301   53/301  109/301  365/301  219/301    39/43  527/301  981/301 1033/301 1285/301]
[1737/301 1185/301   119/43  681/301  729/301  375/301  221/301  267/301  -89/301   -35/43 -201/301      1/7 -115/301  -73/301  169/301]
[   9/301     7/43  289/301  729/301  767/301 1005/301 1443/301 1479/301   159/43  947/301  981/301  613/301  445/301  477/301  107/301]
[   -9/43  -33/301  197/301   25/301   53/301  281/301  107/301    19/43  359/301  785/301  809/301 1033/301 1457/301 1479/301   157/43]
[ 919/301  939/301  557/301  375/301  393/301    9/301   -25/43 -159/301   57/301     -3/7 -115/301   99/301  -89/301   -11/43  135/301]
[ 547/301  557/301  767/301 1177/301 1185/301   199/43 1199/301 1205/301  809/301  613/301  617/301  219/301     3/43   23/301  225/301]
[  25/301   25/301  225/301   23/301     3/43  219/301  617/301  613/301  809/301 1205/301 1199/301   199/43 1185/301 1177/301  767/301]
[ 557/301  547/301  135/301   -11/43  -89/301   99/301 -115/301     -3/7   57/301 -159/301   -25/43    9/301  393/301  375/301  557/301]
[ 939/301  919/301   157/43 1479/301 1457/301 1033/301  809/301  785/301  359/301    19/43  107/301  281/301   53/301   25/301  197/301]
[ -33/301    -9/43  107/301  477/301  445/301  613/301  981/301  947/301   159/43 1479/301 1443/301 1005/301  767/301  729/301  289/301]
[    7/43    9/301  169/301  -73/301 -115/301      1/7 -201/301   -35/43  -89/301  267/301  221/301  375/301  729/301  681/301   119/43]
[1185/301 1737/301 1285/301 1033/301  981/301  527/301    39/43  219/301  365/301  109/301   53/301  197/301  -61/301   -17/43   23/301]
[ 365/301  305/301  445/301  785/301  723/301   123/43 1199/301 1737/301 1271/301 1005/301  939/301  471/301    29/43  135/301  267/301]
[  -3/301  -73/301   57/301     -5/7   -41/43 -159/301  169/301   95/301  221/301  547/301  471/301    85/43  919/301 1443/301 1565/301]
[1285/301 1205/301  723/301    63/43  359/301  477/301  193/301  109/301  225/301  -61/301   -21/43  -33/301  281/301  193/301  305/301]
[ 617/301  527/301    91/43  947/301 1457/301 1565/301 1271/301 1177/301  681/301    55/43  289/301  393/301   95/301   -3/301   99/301]
[-201/301        0        0        0        0        0        0        0        0        0        0        0        0        0        0]
Testing obstruction for
m1: 16, m2: 18,a: 14
[      -1 -281/301 -221/301 -121/301   19/301  199/301  419/301    97/43  979/301  717/301  495/301  313/301  171/301   69/301     1/43]
[ -15/301    3/301   61/301  159/301  297/301  475/301    99/43  951/301 1249/301  985/301  761/301  577/301  433/301    47/43  265/301]
[ 241/301  257/301  313/301  409/301  545/301   103/43  937/301 1193/301  887/301  621/301  395/301  209/301     9/43     -1/7 -109/301]
[-135/301 -121/301  -67/301   27/301    23/43  335/301  549/301  803/301 1097/301  829/301  601/301    59/43  265/301  157/301   89/301]
[  61/301   73/301  125/301    31/43  349/301  521/301  733/301  985/301 1277/301 1007/301   111/43  587/301  437/301  327/301  257/301]
[ 227/301  237/301    41/43  377/301  507/301  677/301  887/301 1137/301  825/301    79/43  321/301      3/7  -23/301 -135/301 -207/301]
[-239/301   -33/43 -183/301  -95/301   33/301  201/301  409/301  657/301   135/43  671/301  437/301  243/301   89/301  -25/301  -99/301]
[  -19/43 -127/301  -81/301    5/301  131/301  297/301  503/301   107/43 1035/301  759/301  523/301  327/301  171/301   55/301    -3/43]
[ -57/301  -53/301   -9/301   75/301  199/301  363/301    81/43  811/301 1095/301     19/7  579/301  381/301  223/301    15/43   27/301]
[ -11/301   -9/301   33/301  115/301  237/301    57/43  601/301  843/301 1125/301  845/301  605/301  405/301    35/43  125/301   45/301]
[   5/301    5/301   45/301  125/301    35/43  405/301  605/301  845/301 1125/301  843/301  601/301    57/43  237/301  115/301   33/301]
[  -9/301  -11/301   27/301    15/43  223/301  381/301  579/301     19/7 1095/301  811/301    81/43  363/301  199/301   75/301   -9/301]
[ -53/301  -57/301    -3/43   55/301  171/301  327/301  523/301  759/301 1035/301   107/43  503/301  297/301  131/301    5/301  -81/301]
[-127/301   -19/43  -99/301  -25/301   89/301  243/301  437/301  671/301   135/43  657/301  409/301  201/301   33/301  -95/301 -183/301]
[  -33/43 -239/301 -207/301 -135/301  -23/301      3/7  321/301    79/43  825/301 1137/301  887/301  677/301  507/301  377/301    41/43]
[ 237/301  227/301  257/301  327/301  437/301  587/301   111/43 1007/301 1277/301  985/301  733/301  521/301  349/301    31/43  125/301]
[  73/301   61/301   89/301  157/301  265/301    59/43  601/301  829/301 1097/301  803/301  549/301  335/301    23/43   27/301  -67/301]
[-121/301 -135/301 -109/301     -1/7     9/43  209/301  395/301  621/301  887/301 1193/301  937/301   103/43  545/301  409/301  313/301]
[ 257/301  241/301  265/301    47/43  433/301  577/301  761/301  985/301 1249/301  951/301    99/43  475/301  297/301  159/301   61/301]
[   3/301  -15/301     1/43   69/301  171/301  313/301  495/301  717/301  979/301    97/43  419/301  199/301   19/301 -121/301 -221/301]
[-281/301        0        0        0        0        0        0        0        0        0        0        0        0        0        0]
Unobstructed
81
---------------------------
---------------------------
13a746
Correction terms
[      -1  149/333  263/333     1/37   53/333 -271/333   -33/37  -25/333 -121/333     9/37  -85/333   47/333   -21/37 -127/333  233/333]
[   25/37 -151/333 -229/333    -1/37 -157/333   -7/333   -25/37 -145/333  233/333    27/37 -115/333 -175/333     7/37  -67/333  101/333]
[  -11/37   -1/333 -271/333   -27/37   83/333   41/333    33/37      5/9 -295/333   -53/37  305/333   53/333    11/37 -223/333 -247/333]
[    3/37  -67/333  137/333    -3/37  107/333 -127/333    -7/37 -367/333  293/333    -9/37 -157/333   65/333    -9/37   71/333 -145/333]
[   -7/37 -349/333  329/333    -3/37  -85/333 -511/333     3/37  197/333   -1/333    11/37 -169/333 -139/333    21/37  149/333     -7/9]
[   33/37 -181/333 -361/333   -27/37  173/333  221/333   -11/37 -121/333  155/333     7/37  269/333  107/333   -47/37   11/333   77/333]
[  -25/37 -229/333   65/333    -1/37  215/333   71/333    25/37   11/333   95/333   -21/37 -175/333  137/333     9/37 -343/333 -469/333]
[   41/37  173/333  275/333     1/37   41/333 -295/333        1  -73/333 -181/333     1/37 -169/333  -49/333   -33/37  419/333  101/333]
[    9/37 -307/333  269/333   -21/37  317/333 -211/333   -49/37  293/333   -7/333    -1/37 -379/333  215/333   -25/37  299/333 -211/333]
[   27/37 -337/333   47/333     7/37 -289/333  323/333   -11/37 -223/333  -49/333    47/37 -139/333  263/333   -41/37     -1/9  -73/333]
[   21/37   83/333 -391/333    11/37  221/333  -25/333     3/37  377/333 -307/333    -3/37 -115/333   95/333    -7/37   77/333 -151/333]
[   -9/37  287/333  287/333    -9/37 -151/333   77/333    -7/37   95/333 -115/333    -3/37 -307/333  377/333     3/37  -25/333  221/333]
[   11/37 -391/333   83/333    21/37  -73/333     -1/9   -41/37  263/333 -139/333    47/37  -49/333 -223/333   -11/37  323/333 -289/333]
[    7/37   47/333 -337/333    27/37 -211/333  299/333   -25/37  215/333 -379/333    -1/37   -7/333  293/333   -49/37 -211/333  317/333]
[  -21/37  269/333 -307/333     9/37  101/333  419/333   -33/37  -49/333 -169/333     1/37 -181/333  -73/333        1 -295/333   41/333]
[    1/37  275/333  173/333    41/37 -469/333 -343/333     9/37  137/333 -175/333   -21/37   95/333   11/333    25/37   71/333  215/333]
[   -1/37   65/333 -229/333   -25/37   77/333   11/333   -47/37  107/333  269/333     7/37  155/333 -121/333   -11/37  221/333  173/333]
[  -27/37 -361/333 -181/333    33/37     -7/9  149/333    21/37 -139/333 -169/333    11/37   -1/333  197/333     3/37 -511/333  -85/333]
[   -3/37  329/333 -349/333    -7/37 -145/333   71/333    -9/37   65/333 -157/333    -9/37  293/333 -367/333    -7/37 -127/333  107/333]
[   -3/37  137/333  -67/333     3/37 -247/333 -223/333    11/37   53/333  305/333   -53/37 -295/333      5/9    33/37   41/333   83/333]
[  -27/37 -271/333   -1/333   -11/37  101/333  -67/333     7/37 -175/333 -115/333    27/37  233/333 -145/333   -25/37   -7/333 -157/333]
[   -1/37 -229/333 -151/333    25/37  233/333 -127/333   -21/37   47/333  -85/333     9/37 -121/333  -25/333   -33/37 -271/333   53/333]
[    1/37  263/333  149/333        0        0        0        0        0        0        0        0        0        0        0        0]
Testing obstruction for
m1: 2, m2: 56,a: 0
Obstructed by Z^n/Q not being cyclic
Testing obstruction for
m1: 12, m2: 12,a: 7
[      -1 -287/333 -149/333     9/37  403/333  817/333    73/37  589/333  613/333    81/37  937/333  571/333    33/37  115/333   25/333]
[    3/37  121/333  307/333    65/37  289/333   85/333    -3/37  -47/333   25/333    21/37  445/333  793/333    63/37  433/333  391/333]
[   49/37  583/333  817/333    53/37  229/333   73/333     1/37      1/9  157/333    41/37  673/333  403/333    25/37  139/333  145/333]
[   27/37  433/333  715/333    47/37  223/333  115/333    11/37  175/333  343/333    67/37  289/333   67/333    -7/37 -101/333  -47/333]
[   11/37  337/333  667/333   121/37  937/333  877/333   101/37 1033/333  583/333    25/37  -41/333 -215/333   -33/37 -287/333     -5/9]
[    1/37  295/333  673/333    53/37  373/333  361/333    49/37  613/333  877/333    63/37  349/333  223/333    21/37  247/333  397/333]
[   71/37  307/333   67/333    -9/37 -137/333 -101/333     3/37  247/333  559/333   107/37  793/333  715/333    81/37  835/333 1033/333]
[   73/37  373/333  181/333     9/37   73/333  157/333        1  601/333  295/333     9/37  -41/333  -71/333    -1/37  145/333  391/333]
[   81/37  493/333  349/333    33/37  337/333  469/333    77/37  343/333   85/333    -9/37 -155/333 -137/333    -3/37  175/333  469/333]
[   95/37  667/333  571/333    63/37  655/333  835/333    49/37  139/333  -71/333   -21/37 -215/333 -149/333     1/37      7/9  601/333]
[   41/37  229/333  181/333    25/37  361/333  589/333   101/37  655/333  493/333    47/37  445/333  559/333    85/37  397/333  121/333]
[   -7/37 -155/333 -155/333    -7/37  121/333  397/333    85/37  559/333  445/333    47/37  493/333  655/333   101/37  589/333  361/333]
[   25/37  181/333  229/333    41/37  601/333      7/9     1/37 -149/333 -215/333   -21/37  -71/333  139/333    49/37  835/333  655/333]
[   63/37  571/333  667/333    95/37  469/333  175/333    -3/37 -137/333 -155/333    -9/37   85/333  343/333    77/37  469/333  337/333]
[   33/37  349/333  493/333    81/37  391/333  145/333    -1/37  -71/333  -41/333     9/37  295/333  601/333        1  157/333   73/333]
[    9/37  181/333  373/333    73/37 1033/333  835/333    81/37  715/333  793/333   107/37  559/333  247/333     3/37 -101/333 -137/333]
[   -9/37   67/333  307/333    71/37  397/333  247/333    21/37  223/333  349/333    63/37  877/333  613/333    49/37  361/333  373/333]
[   53/37  673/333  295/333     1/37     -5/9 -287/333   -33/37 -215/333  -41/333    25/37  583/333 1033/333   101/37  877/333  937/333]
[  121/37  667/333  337/333    11/37  -47/333 -101/333    -7/37   67/333  289/333    67/37  343/333  175/333    11/37  115/333  223/333]
[   47/37  715/333  433/333    27/37  145/333  139/333    25/37  403/333  673/333    41/37  157/333      1/9     1/37   73/333  229/333]
[   53/37  817/333  583/333    49/37  391/333  433/333    63/37  793/333  445/333    21/37   25/333  -47/333    -3/37   85/333  289/333]
[   65/37  307/333  121/333     3/37   25/333  115/333    33/37  571/333  937/333    81/37  613/333  589/333    73/37  817/333  403/333]
[    9/37 -149/333 -287/333        0        0        0        0        0        0        0        0        0        0        0        0]
Testing obstruction for
m1: 10, m2: 16,a: 8
[      -1 -295/333 -181/333     1/37  275/333  617/333    41/37  197/333  101/333     9/37  137/333  269/333    53/37  761/333  455/333]
[   25/37   71/333   -7/333    -1/37   65/333  215/333    49/37  743/333 1121/333   101/37  773/333  713/333    81/37  821/333  989/333]
[  137/37  887/333  617/333    47/37  305/333  263/333    33/37     11/9  593/333    95/37  527/333  275/333    11/37   -1/333  -25/333]
[    3/37  155/333  359/333    71/37  329/333   95/333    -7/37 -145/333 -151/333    -9/37   65/333  287/333    65/37  293/333   77/333]
[   -7/37 -127/333 -115/333    -3/37  137/333  377/333    77/37  419/333  221/333    11/37   53/333   83/333    21/37  371/333     17/9]
[  107/37  707/333  527/333    47/37  395/333  443/333    63/37  767/333 1043/333    81/37  491/333  329/333    27/37  233/333  299/333]
[   49/37  659/333  953/333    73/37  437/333  293/333    25/37  233/333  317/333    53/37  713/333  359/333     9/37 -121/333 -247/333]
[  -33/37 -271/333 -169/333     1/37  263/333  593/333        1  149/333   41/333     1/37   53/333  173/333    41/37  641/333  323/333]
[    9/37  -85/333 -175/333   -21/37 -127/333   11/333    25/37  515/333  881/333    73/37  509/333  437/333    49/37  521/333  677/333]
[  101/37 1217/333  935/333    81/37  599/333  545/333    63/37  665/333  839/333   121/37  749/333  485/333    33/37      5/9  149/333]
[   21/37  305/333  497/333    85/37  443/333  197/333     3/37  -67/333  -85/333    -3/37  107/333  317/333    67/37  299/333   71/333]
[   -9/37 -157/333 -157/333    -9/37   71/333  299/333    67/37  317/333  107/333    -3/37  -85/333  -67/333     3/37  197/333  443/333]
[   85/37  497/333  305/333    21/37  149/333      5/9    33/37  485/333  749/333   121/37  839/333  665/333    63/37  545/333  599/333]
[   81/37  935/333 1217/333   101/37  677/333  521/333    49/37  437/333  509/333    73/37  881/333  515/333    25/37   11/333 -127/333]
[  -21/37 -175/333  -85/333     9/37  323/333  641/333    41/37  173/333   53/333     1/37   41/333  149/333        1  593/333  263/333]
[    1/37 -169/333 -271/333   -33/37 -247/333 -121/333     9/37  359/333  713/333    53/37  317/333  233/333    25/37  293/333  437/333]
[   73/37  953/333  659/333    49/37  299/333  233/333    27/37  329/333  491/333    81/37 1043/333  767/333    63/37  443/333  395/333]
[   47/37  527/333  707/333   107/37     17/9  371/333    21/37   83/333   53/333    11/37  221/333  419/333    77/37  377/333  137/333]
[   -3/37 -115/333 -127/333    -7/37   77/333  293/333    65/37  287/333   65/333    -9/37 -151/333 -145/333    -7/37   95/333  329/333]
[   71/37  359/333  155/333     3/37  -25/333   -1/333    11/37  275/333  527/333    95/37  593/333     11/9    33/37  263/333  305/333]
[   47/37  617/333  887/333   137/37  989/333  821/333    81/37  713/333  773/333   101/37 1121/333  743/333    49/37  215/333   65/333]
[   -1/37   -7/333   71/333    25/37  455/333  761/333    53/37  269/333  137/333     9/37  101/333  197/333    41/37  617/333  275/333]
[    1/37 -181/333 -295/333        0        0        0        0        0        0        0        0        0        0        0        0]
Unobstructed
38
---------------------------
---------------------------
13a796
Correction terms
[      -1 -287/437  163/437   39/437  215/437 -183/437 -281/437  -79/437  423/437  351/437  579/437  233/437  187/437  441/437  121/437]
[ 101/437  381/437   87/437   93/437    21/23  131/437  163/437  495/437    11/19  311/437  669/437  453/437  537/437   47/437 -143/437]
[ -33/437  377/437  213/437  349/437  -89/437 -227/437  -65/437  397/437    15/23  473/437   87/437    1/437  215/437 -145/437 -205/437]
[  35/437   -13/19 -333/437  -67/437 -375/437 -383/437  -91/437 -373/437 -355/437  -37/437 -293/437 -249/437     5/23 -135/437  -65/437]
[ 305/437  101/437  197/437 -281/437 -459/437 -337/437   85/437  -67/437   81/437   -15/19 -471/437 -297/437  177/437   77/437  277/437]
[ -97/437    -9/23   55/437 -293/437 -341/437  -89/437 -411/437 -433/437 -155/437 -451/437 -447/437 -143/437 -413/437 -383/437  -53/437]
[-297/437 -241/437     5/19 -103/437  -21/437    19/23  169/437  277/437 -189/437 -355/437 -221/437  213/437   73/437  233/437 -181/437]
[-295/437 -109/437  377/437  289/437  501/437  139/437   77/437  315/437  -21/437    -3/23     9/19 -103/437 -113/437  177/437 -107/437]
[ -91/437  225/437  -33/437    9/437  351/437  119/437  187/437  555/437  349/437  443/437  -37/437 -217/437  -97/437    17/23  169/437]
[ 315/437 -113/437 -241/437    -3/19  403/437  301/437  499/437  123/437   47/437  271/437  -79/437 -129/437  121/437 -203/437 -227/437]
[  49/437 -249/437   -13/23   55/437 -217/437 -189/437  139/437 -107/437  -53/437  301/437   81/437     7/19  541/437  347/437  453/437]
[ -15/437 -183/437  -51/437  381/437  239/437  397/437    -1/23 -135/437   49/437  533/437  443/437  653/437  289/437  225/437  461/437]
[ 123/437   85/437  347/437   35/437     1/19  311/437   25/437   39/437  353/437   93/437     7/23  473/437  239/437  305/437 -203/437]
[-411/437 -319/437   73/437 -109/437    9/437 -447/437 -603/437 -459/437  -15/437 -145/437   25/437 -379/437   -21/19 -287/437    11/23]
[ 131/437  353/437    1/437  -51/437  197/437 -129/437 -155/437  119/437 -181/437 -181/437  119/437 -155/437 -129/437  197/437  -51/437]
[   1/437  353/437  131/437    11/23 -287/437   -21/19 -379/437   25/437 -145/437  -15/437 -459/437 -603/437 -447/437    9/437 -109/437]
[  73/437 -319/437 -411/437 -203/437  305/437  239/437  473/437     7/23   93/437  353/437   39/437   25/437  311/437     1/19   35/437]
[ 347/437   85/437  123/437  461/437  225/437  289/437  653/437  443/437  533/437   49/437 -135/437    -1/23  397/437  239/437  381/437]
[ -51/437 -183/437  -15/437  453/437  347/437  541/437     7/19   81/437  301/437  -53/437 -107/437  139/437 -189/437 -217/437   55/437]
[  -13/23 -249/437   49/437 -227/437 -203/437  121/437 -129/437  -79/437  271/437   47/437  123/437  499/437  301/437  403/437    -3/19]
[-241/437 -113/437  315/437  169/437    17/23  -97/437 -217/437  -37/437  443/437  349/437  555/437  187/437  119/437  351/437    9/437]
[ -33/437  225/437  -91/437 -107/437  177/437 -113/437 -103/437     9/19    -3/23  -21/437  315/437   77/437  139/437  501/437  289/437]
[ 377/437 -109/437 -295/437 -181/437  233/437   73/437  213/437 -221/437 -355/437 -189/437  277/437  169/437    19/23  -21/437 -103/437]
[    5/19 -241/437 -297/437  -53/437 -383/437 -413/437 -143/437 -447/437 -451/437 -155/437 -433/437 -411/437  -89/437 -341/437 -293/437]
[  55/437    -9/23  -97/437  277/437   77/437  177/437 -297/437 -471/437   -15/19   81/437  -67/437   85/437 -337/437 -459/437 -281/437]
[ 197/437  101/437  305/437  -65/437 -135/437     5/23 -249/437 -293/437  -37/437 -355/437 -373/437  -91/437 -383/437 -375/437  -67/437]
[-333/437   -13/19   35/437 -205/437 -145/437  215/437    1/437   87/437  473/437    15/23  397/437  -65/437 -227/437  -89/437  349/437]
[ 213/437  377/437  -33/437 -143/437   47/437  537/437  453/437  669/437  311/437    11/19  495/437  163/437  131/437    21/23   93/437]
[  87/437  381/437  101/437  121/437  441/437  187/437  233/437  579/437  351/437  423/437  -79/437 -281/437 -183/437  215/437   39/437]
[ 163/437 -287/437        0        0        0        0        0        0        0        0        0        0        0        0        0]
Testing obstruction for
m1: 10, m2: 12,a: 0
[      -1 -353/437 -101/437  319/437  907/437 1663/437 1713/437 1057/437  569/437  249/437   97/437  113/437  297/437  649/437 1169/437]
[ 983/437  965/437 1115/437  559/437     9/23  -49/437 -101/437   15/437    13/19  751/437  497/437  411/437  493/437  743/437 1161/437]
[ 873/437  753/437  801/437 1017/437  527/437  205/437   51/437   65/437    13/23  597/437 1115/437  927/437  907/437 1055/437  497/437]
[ 107/437    -5/19 -169/437  -55/437  227/437  677/437 1295/437 2081/437 1287/437  661/437  203/437  -87/437   -11/23 -163/437   51/437]
[ 433/437  983/437 1701/437 1713/437 1019/437  493/437  135/437  -55/437  -77/437     3/19  383/437  865/437  641/437  585/437  697/437]
[ 977/437    29/23  293/437  203/437  281/437  527/437  941/437  649/437  525/437  569/437  781/437 1161/437  835/437  677/437  687/437]
[ 865/437  337/437    -1/19 -215/437 -239/437    -5/23  217/437  697/437 1345/437 1287/437 1397/437  801/437  373/437  113/437   21/437]
[  97/437  341/437  753/437 1333/437 2081/437 1249/437  585/437   89/437 -239/437   -21/23   -17/19 -215/437  129/437  641/437 1321/437]
[1295/437 1437/437  873/437  477/437  249/437  189/437  297/437  573/437 1017/437  755/437  661/437  735/437  977/437    27/23  217/437]
[  89/437  129/437  337/437    31/19  383/437  221/437  227/437  401/437  743/437 1253/437 1057/437 1029/437 1169/437  603/437  205/437]
[ -25/437  -87/437     1/23  293/437  735/437 1345/437 1249/437 1321/437  687/437  221/437  -77/437    -9/19 -169/437   37/437  411/437]
[ 953/437 1663/437 1667/437  965/437  431/437   65/437    -7/23 -163/437  -25/437  281/437  755/437 1397/437 1333/437 1437/437  835/437]
[ 401/437  135/437   37/437  107/437    15/19  751/437  451/437  319/437  355/437  559/437    49/23  597/437  431/437  433/437  603/437]
[ 941/437  573/437  373/437  341/437  477/437  781/437 1253/437 1019/437  953/437 1055/437  451/437   15/437   -11/19 -353/437   -15/23]
[ -49/437  355/437  927/437 1667/437 1701/437 1029/437  525/437  189/437   21/437   21/437  189/437  525/437 1029/437 1701/437 1667/437]
[ 927/437  355/437  -49/437   -15/23 -353/437   -11/19   15/437  451/437 1055/437  953/437 1019/437 1253/437  781/437  477/437  341/437]
[ 373/437  573/437  941/437  603/437  433/437  431/437  597/437    49/23  559/437  355/437  319/437  451/437  751/437    15/19  107/437]
[  37/437  135/437  401/437  835/437 1437/437 1333/437 1397/437  755/437  281/437  -25/437 -163/437    -7/23   65/437  431/437  965/437]
[1667/437 1663/437  953/437  411/437   37/437 -169/437    -9/19  -77/437  221/437  687/437 1321/437 1249/437 1345/437  735/437  293/437]
[    1/23  -87/437  -25/437  205/437  603/437 1169/437 1029/437 1057/437 1253/437  743/437  401/437  227/437  221/437  383/437    31/19]
[ 337/437  129/437   89/437  217/437    27/23  977/437  735/437  661/437  755/437 1017/437  573/437  297/437  189/437  249/437  477/437]
[ 873/437 1437/437 1295/437 1321/437  641/437  129/437 -215/437   -17/19   -21/23 -239/437   89/437  585/437 1249/437 2081/437 1333/437]
[ 753/437  341/437   97/437   21/437  113/437  373/437  801/437 1397/437 1287/437 1345/437  697/437  217/437    -5/23 -239/437 -215/437]
[   -1/19  337/437  865/437  687/437  677/437  835/437 1161/437  781/437  569/437  525/437  649/437  941/437  527/437  281/437  203/437]
[ 293/437    29/23  977/437  697/437  585/437  641/437  865/437  383/437     3/19  -77/437  -55/437  135/437  493/437 1019/437 1713/437]
[1701/437  983/437  433/437   51/437 -163/437   -11/23  -87/437  203/437  661/437 1287/437 2081/437 1295/437  677/437  227/437  -55/437]
[-169/437    -5/19  107/437  497/437 1055/437  907/437  927/437 1115/437  597/437    13/23   65/437   51/437  205/437  527/437 1017/437]
[ 801/437  753/437  873/437 1161/437  743/437  493/437  411/437  497/437  751/437    13/19   15/437 -101/437  -49/437     9/23  559/437]
[1115/437  965/437  983/437 1169/437  649/437  297/437  113/437   97/437  249/437  569/437 1057/437 1713/437 1663/437  907/437  319/437]
[-101/437 -353/437        0        0        0        0        0        0        0        0        0        0        0        0        0]
Testing obstruction for
m1: 2, m2: 74,a: 1
[      -1 -431/437 -413/437 -383/437 -341/437 -287/437 -221/437 -143/437  -53/437   49/437  163/437  289/437  427/437  577/437  739/437]
[ 913/437 1099/437 1297/437 1507/437    91/23 1963/437 2209/437 2467/437   119/19 3019/437 3313/437 3619/437 3937/437 4267/437 4609/437]
[4963/437 5329/437 5707/437 6097/437 6499/437 6913/437 7339/437 7777/437   387/23 6941/437 6541/437 6153/437 5777/437 5413/437 5061/437]
[4721/437   191/19 4077/437 3773/437 3481/437 3201/437 2933/437 2677/437 2433/437 2201/437 1981/437 1773/437    83/23 1393/437 1221/437]
[1061/437  913/437  777/437  653/437  541/437  441/437  353/437  277/437  213/437     7/19  121/437   93/437   77/437   73/437   81/437]
[ 101/437     7/23  177/437  233/437  301/437  381/437  473/437  577/437  693/437  821/437  961/437 1113/437 1277/437 1453/437 1641/437]
[1841/437 2053/437    99/19 2513/437 2761/437   159/23 3293/437 3577/437 3873/437 4181/437 4501/437 4833/437 5177/437 5533/437 5901/437]
[6281/437 6673/437 7077/437 7493/437 7921/437 7487/437 7065/437 6655/437 6257/437   309/23   239/19 5135/437 4785/437 4447/437 4121/437]
[3807/437 3505/437 3215/437 2937/437 2671/437 2417/437 2175/437 1945/437 1727/437 1521/437 1327/437 1145/437  975/437    43/23  671/437]
[ 537/437  415/437  305/437     9/19  121/437   47/437  -15/437  -65/437 -103/437 -129/437 -143/437 -145/437 -135/437 -113/437  -79/437]
[ -33/437   25/437     5/23  177/437  271/437  377/437  495/437  625/437  767/437  921/437 1087/437    55/19 1455/437 1657/437 1871/437]
[2097/437 2335/437 2585/437 2847/437 3121/437 3407/437   195/23 4015/437 4337/437 4671/437 5017/437 5375/437 5745/437 6127/437 6521/437]
[6927/437 7345/437 7775/437 7343/437   301/19 6515/437 6119/437 5735/437 5363/437 5003/437   245/23 4319/437 3995/437 3683/437 3383/437]
[3095/437 2819/437 2555/437 2303/437 2063/437 1835/437 1619/437 1415/437 1223/437 1043/437  875/437  719/437    25/19  443/437    17/23]
[ 215/437  119/437   35/437  -37/437  -97/437 -145/437 -181/437 -205/437 -217/437 -217/437 -205/437 -181/437 -145/437  -97/437  -37/437]
[  35/437  119/437  215/437    17/23  443/437    25/19  719/437  875/437 1043/437 1223/437 1415/437 1619/437 1835/437 2063/437 2303/437]
[2555/437 2819/437 3095/437 3383/437 3683/437 3995/437 4319/437   245/23 5003/437 5363/437 5735/437 6119/437 6515/437   301/19 7343/437]
[7775/437 7345/437 6927/437 6521/437 6127/437 5745/437 5375/437 5017/437 4671/437 4337/437 4015/437   195/23 3407/437 3121/437 2847/437]
[2585/437 2335/437 2097/437 1871/437 1657/437 1455/437    55/19 1087/437  921/437  767/437  625/437  495/437  377/437  271/437  177/437]
[    5/23   25/437  -33/437  -79/437 -113/437 -135/437 -145/437 -143/437 -129/437 -103/437  -65/437  -15/437   47/437  121/437     9/19]
[ 305/437  415/437  537/437  671/437    43/23  975/437 1145/437 1327/437 1521/437 1727/437 1945/437 2175/437 2417/437 2671/437 2937/437]
[3215/437 3505/437 3807/437 4121/437 4447/437 4785/437 5135/437   239/19   309/23 6257/437 6655/437 7065/437 7487/437 7921/437 7493/437]
[7077/437 6673/437 6281/437 5901/437 5533/437 5177/437 4833/437 4501/437 4181/437 3873/437 3577/437 3293/437   159/23 2761/437 2513/437]
[   99/19 2053/437 1841/437 1641/437 1453/437 1277/437 1113/437  961/437  821/437  693/437  577/437  473/437  381/437  301/437  233/437]
[ 177/437     7/23  101/437   81/437   73/437   77/437   93/437  121/437     7/19  213/437  277/437  353/437  441/437  541/437  653/437]
[ 777/437  913/437 1061/437 1221/437 1393/437    83/23 1773/437 1981/437 2201/437 2433/437 2677/437 2933/437 3201/437 3481/437 3773/437]
[4077/437   191/19 4721/437 5061/437 5413/437 5777/437 6153/437 6541/437 6941/437   387/23 7777/437 7339/437 6913/437 6499/437 6097/437]
[5707/437 5329/437 4963/437 4609/437 4267/437 3937/437 3619/437 3313/437 3019/437   119/19 2467/437 2209/437 1963/437    91/23 1507/437]
[1297/437 1099/437  913/437  739/437  577/437  427/437  289/437  163/437   49/437  -53/437 -143/437 -221/437 -287/437 -341/437 -383/437]
[-413/437 -431/437        0        0        0        0        0        0        0        0        0        0        0        0        0]
Testing obstruction for
m1: 4, m2: 32,a: 1
[      -1 -423/437 -381/437 -311/437 -213/437  -87/437   67/437  249/437  459/437  697/437  963/437 1257/437 1579/437 1929/437 2307/437]
[2713/437 3147/437 2735/437 2351/437   105/23 1667/437 1367/437 1095/437    37/19  635/437  447/437  287/437  155/437   51/437  -25/437]
[ -73/437  -93/437  -85/437  -49/437   15/437  107/437  227/437  375/437    29/23  755/437  987/437 1247/437 1535/437 1851/437 2195/437]
[2567/437   129/19 3395/437 2977/437 2587/437 2225/437 1891/437 1585/437 1307/437 1057/437  835/437  641/437    25/23  337/437  227/437]
[ 145/437   91/437   65/437   67/437   97/437  155/437  241/437  355/437  497/437    29/19  865/437 1091/437 1345/437 1627/437 1937/437]
[2275/437   139/23 3035/437 3457/437 3033/437 2637/437 2269/437 1929/437 1617/437 1333/437 1077/437  849/437  649/437  477/437  333/437]
[ 217/437  129/437     3/19   37/437   33/437     3/23  109/437  189/437  297/437  433/437  597/437  789/437 1009/437 1257/437 1533/437]
[1837/437 2169/437 2529/437 2917/437 3333/437 2903/437 2501/437 2127/437 1781/437    77/23    51/19  911/437  677/437  471/437  293/437]
[ 143/437   21/437  -73/437 -139/437 -177/437 -187/437 -169/437 -123/437  -49/437   53/437  183/437  341/437  527/437    39/23  983/437]
[1253/437 1551/437 1877/437    97/19 2613/437 3023/437 3461/437 3053/437 2673/437 2321/437 1997/437 1701/437 1433/437 1193/437  981/437]
[ 797/437  641/437    27/23  413/437  341/437  297/437  281/437  293/437  333/437  401/437  497/437    27/19  773/437  953/437 1161/437]
[1397/437 1661/437 1953/437 2273/437 2621/437 2997/437   179/23 2959/437 2545/437 2159/437 1801/437 1471/437 1169/437  895/437  649/437]
[ 431/437  241/437   79/437  -55/437    -7/19 -239/437 -289/437 -311/437 -305/437 -271/437   -11/23 -119/437   -1/437  145/437  319/437]
[ 521/437  751/437 1009/437 1295/437 1609/437 1951/437 2321/437 2719/437 3145/437 2725/437 2333/437 1969/437    71/19 1325/437    55/23]
[ 793/437  569/437  373/437  205/437   65/437  -47/437 -131/437 -187/437 -215/437 -215/437 -187/437 -131/437  -47/437   65/437  205/437]
[ 373/437  569/437  793/437    55/23 1325/437    71/19 1969/437 2333/437 2725/437 3145/437 2719/437 2321/437 1951/437 1609/437 1295/437]
[1009/437  751/437  521/437  319/437  145/437   -1/437 -119/437   -11/23 -271/437 -305/437 -311/437 -289/437 -239/437    -7/19  -55/437]
[  79/437  241/437  431/437  649/437  895/437 1169/437 1471/437 1801/437 2159/437 2545/437 2959/437   179/23 2997/437 2621/437 2273/437]
[1953/437 1661/437 1397/437 1161/437  953/437  773/437    27/19  497/437  401/437  333/437  293/437  281/437  297/437  341/437  413/437]
[   27/23  641/437  797/437  981/437 1193/437 1433/437 1701/437 1997/437 2321/437 2673/437 3053/437 3461/437 3023/437 2613/437    97/19]
[1877/437 1551/437 1253/437  983/437    39/23  527/437  341/437  183/437   53/437  -49/437 -123/437 -169/437 -187/437 -177/437 -139/437]
[ -73/437   21/437  143/437  293/437  471/437  677/437  911/437    51/19    77/23 1781/437 2127/437 2501/437 2903/437 3333/437 2917/437]
[2529/437 2169/437 1837/437 1533/437 1257/437 1009/437  789/437  597/437  433/437  297/437  189/437  109/437     3/23   33/437   37/437]
[    3/19  129/437  217/437  333/437  477/437  649/437  849/437 1077/437 1333/437 1617/437 1929/437 2269/437 2637/437 3033/437 3457/437]
[3035/437   139/23 2275/437 1937/437 1627/437 1345/437 1091/437  865/437    29/19  497/437  355/437  241/437  155/437   97/437   67/437]
[  65/437   91/437  145/437  227/437  337/437    25/23  641/437  835/437 1057/437 1307/437 1585/437 1891/437 2225/437 2587/437 2977/437]
[3395/437   129/19 2567/437 2195/437 1851/437 1535/437 1247/437  987/437  755/437    29/23  375/437  227/437  107/437   15/437  -49/437]
[ -85/437  -93/437  -73/437  -25/437   51/437  155/437  287/437  447/437  635/437    37/19 1095/437 1367/437 1667/437   105/23 2351/437]
[2735/437 3147/437 2713/437 2307/437 1929/437 1579/437 1257/437  963/437  697/437  459/437  249/437   67/437  -87/437 -213/437 -311/437]
[-381/437 -423/437        0        0        0        0        0        0        0        0        0        0        0        0        0]
Testing obstruction for
m1: 6, m2: 22,a: 3
[      -1 -415/437 -349/437 -239/437  -85/437  113/437  355/437  641/437  971/437 1345/437 1763/437 2225/437 1857/437 1533/437 1253/437]
[1017/437  825/437  677/437  573/437    27/23  497/437  525/437  597/437    31/19  873/437 1077/437 1325/437 1617/437 1953/437 2333/437]
[1883/437 1477/437 1115/437  797/437  523/437  293/437  107/437  -35/437    -7/23 -187/437 -197/437 -163/437  -85/437   37/437  203/437]
[ 413/437    29/19  965/437 1307/437 1693/437 2123/437 1723/437 1367/437 1055/437  787/437  563/437  383/437    13/23  155/437  107/437]
[ 103/437  143/437  227/437  355/437  527/437  743/437 1003/437 1307/437 1655/437    89/19 1609/437 1215/437  865/437  559/437  297/437]
[  79/437    -5/23 -225/437 -311/437 -353/437 -351/437 -305/437 -215/437  -81/437   97/437  319/437  585/437  895/437 1249/437 1647/437]
[2089/437 1701/437    59/19 1057/437  801/437    31/23  421/437  297/437  217/437  181/437  189/437  241/437  337/437  477/437  661/437]
[ 889/437 1161/437 1477/437 1837/437 2241/437 1815/437 1433/437 1095/437  801/437    29/23    15/19  183/437   65/437   -9/437  -39/437]
[ -25/437   33/437  135/437  281/437  471/437  705/437  983/437 1305/437 1671/437 2081/437 1661/437 1285/437  953/437    35/23  421/437]
[ 221/437   65/437  -47/437    -5/19 -139/437 -119/437  -55/437   53/437  205/437  401/437  641/437  925/437 1253/437 1625/437 2041/437]
[1627/437 1257/437    49/23  649/437  411/437  217/437   67/437  -39/437 -101/437 -119/437  -93/437    -1/19   91/437  249/437  451/437]
[ 697/437  987/437 1321/437 1699/437 2121/437 1713/437    71/23 1029/437  753/437  521/437  333/437  189/437   89/437   33/437   21/437]
[  53/437  129/437  249/437  413/437    27/19  873/437 1169/437 1509/437 1893/437 2321/437   101/23 1561/437 1247/437  977/437  751/437]
[ 569/437  431/437  337/437  287/437  281/437  319/437  401/437  527/437  697/437  911/437 1169/437 1471/437    79/19 2207/437    93/23]
[1371/437 1019/437  711/437  447/437  227/437   51/437  -81/437 -169/437 -213/437 -213/437 -169/437  -81/437   51/437  227/437  447/437]
[ 711/437 1019/437 1371/437    93/23 2207/437    79/19 1471/437 1169/437  911/437  697/437  527/437  401/437  319/437  281/437  287/437]
[ 337/437  431/437  569/437  751/437  977/437 1247/437 1561/437   101/23 2321/437 1893/437 1509/437 1169/437  873/437    27/19  413/437]
[ 249/437  129/437   53/437   21/437   33/437   89/437  189/437  333/437  521/437  753/437 1029/437    71/23 1713/437 2121/437 1699/437]
[1321/437  987/437  697/437  451/437  249/437   91/437    -1/19  -93/437 -119/437 -101/437  -39/437   67/437  217/437  411/437  649/437]
[   49/23 1257/437 1627/437 2041/437 1625/437 1253/437  925/437  641/437  401/437  205/437   53/437  -55/437 -119/437 -139/437    -5/19]
[ -47/437   65/437  221/437  421/437    35/23  953/437 1285/437 1661/437 2081/437 1671/437 1305/437  983/437  705/437  471/437  281/437]
[ 135/437   33/437  -25/437  -39/437   -9/437   65/437  183/437    15/19    29/23  801/437 1095/437 1433/437 1815/437 2241/437 1837/437]
[1477/437 1161/437  889/437  661/437  477/437  337/437  241/437  189/437  181/437  217/437  297/437  421/437    31/23  801/437 1057/437]
[   59/19 1701/437 2089/437 1647/437 1249/437  895/437  585/437  319/437   97/437  -81/437 -215/437 -305/437 -351/437 -353/437 -311/437]
[-225/437    -5/23   79/437  297/437  559/437  865/437 1215/437 1609/437    89/19 1655/437 1307/437 1003/437  743/437  527/437  355/437]
[ 227/437  143/437  103/437  107/437  155/437    13/23  383/437  563/437  787/437 1055/437 1367/437 1723/437 2123/437 1693/437 1307/437]
[ 965/437    29/19  413/437  203/437   37/437  -85/437 -163/437 -197/437 -187/437    -7/23  -35/437  107/437  293/437  523/437  797/437]
[1115/437 1477/437 1883/437 2333/437 1953/437 1617/437 1325/437 1077/437  873/437    31/19  597/437  525/437  497/437    27/23  573/437]
[ 677/437  825/437 1017/437 1253/437 1533/437 1857/437 2225/437 1763/437 1345/437  971/437  641/437  355/437  113/437  -85/437 -239/437]
[-349/437 -415/437        0        0        0        0        0        0        0        0        0        0        0        0        0]
Testing obstruction for
m1: 14, m2: 16,a: 10
[      -1 -401/437 -293/437 -113/437  139/437  463/437  859/437 1327/437  993/437  731/437  541/437  423/437  377/437  403/437  501/437]
[ 671/437  913/437 1227/437 1613/437    63/23  853/437  581/437  381/437    11/19  197/437  213/437  301/437  461/437  693/437  997/437]
[1373/437  947/437  593/437  311/437  101/437  -37/437 -103/437  -97/437    -1/23  131/437  353/437  647/437 1013/437 1451/437 1087/437]
[ 795/437    25/19  427/437  351/437  347/437  415/437  555/437  767/437 1051/437 1407/437  961/437  587/437    15/23   55/437 -103/437]
[-189/437 -203/437 -145/437  -15/437  187/437  461/437  807/437 1225/437  841/437    23/19  289/437  121/437   25/437    1/437   49/437]
[ 169/437    19/23  625/437  961/437 1369/437  975/437  653/437  403/437  225/437  119/437   85/437  123/437  233/437  415/437  669/437]
[ 995/437 1393/437    43/19  657/437  397/437    11/23   93/437   49/437   77/437  177/437  349/437  593/437  909/437 1297/437 1757/437]
[1415/437 1145/437  947/437  821/437  767/437  785/437  875/437 1037/437 1271/437    83/23    47/19  657/437  305/437   25/437 -183/437]
[-319/437 -383/437 -375/437 -295/437 -143/437   81/437  377/437  745/437 1185/437  823/437  533/437  315/437  169/437     5/23   93/437]
[ 163/437  305/437  519/437    35/19 1163/437 1593/437 1221/437  921/437  693/437  537/437  453/437  441/437  501/437  633/437  837/437]
[1113/437 1461/437    53/23  625/437  315/437   77/437  -89/437 -183/437 -205/437 -155/437  -33/437     7/19  427/437  765/437 1175/437]
[1657/437 1337/437 1089/437  913/437  809/437  777/437    43/23  929/437 1113/437 1369/437 1697/437 1223/437  821/437  491/437  233/437]
[  47/437  -67/437 -109/437  -79/437     1/19  197/437  443/437  761/437 1151/437  739/437    21/23  131/437  -65/437 -189/437 -241/437]
[-221/437 -129/437   35/437  271/437  579/437  959/437 1411/437 1061/437  783/437  577/437  443/437  381/437    17/19  473/437    33/23]
[ 853/437 1151/437 1521/437 1089/437  729/437  441/437  225/437   81/437    9/437    9/437   81/437  225/437  441/437  729/437 1089/437]
[1521/437 1151/437  853/437    33/23  473/437    17/19  381/437  443/437  577/437  783/437 1061/437 1411/437  959/437  579/437  271/437]
[  35/437 -129/437 -221/437 -241/437 -189/437  -65/437  131/437    21/23  739/437 1151/437  761/437  443/437  197/437     1/19  -79/437]
[-109/437  -67/437   47/437  233/437  491/437  821/437 1223/437 1697/437 1369/437 1113/437  929/437    43/23  777/437  809/437  913/437]
[1089/437 1337/437 1657/437 1175/437  765/437  427/437     7/19  -33/437 -155/437 -205/437 -183/437  -89/437   77/437  315/437  625/437]
[   53/23 1461/437 1113/437  837/437  633/437  501/437  441/437  453/437  537/437  693/437  921/437 1221/437 1593/437 1163/437    35/19]
[ 519/437  305/437  163/437   93/437     5/23  169/437  315/437  533/437  823/437 1185/437  745/437  377/437   81/437 -143/437 -295/437]
[-375/437 -383/437 -319/437 -183/437   25/437  305/437  657/437    47/19    83/23 1271/437 1037/437  875/437  785/437  767/437  821/437]
[ 947/437 1145/437 1415/437 1757/437 1297/437  909/437  593/437  349/437  177/437   77/437   49/437   93/437    11/23  397/437  657/437]
[   43/19 1393/437  995/437  669/437  415/437  233/437  123/437   85/437  119/437  225/437  403/437  653/437  975/437 1369/437  961/437]
[ 625/437    19/23  169/437   49/437    1/437   25/437  121/437  289/437    23/19  841/437 1225/437  807/437  461/437  187/437  -15/437]
[-145/437 -203/437 -189/437 -103/437   55/437    15/23  587/437  961/437 1407/437 1051/437  767/437  555/437  415/437  347/437  351/437]
[ 427/437    25/19  795/437 1087/437 1451/437 1013/437  647/437  353/437  131/437    -1/23  -97/437 -103/437  -37/437  101/437  311/437]
[ 593/437  947/437 1373/437  997/437  693/437  461/437  301/437  213/437  197/437    11/19  381/437  581/437  853/437    63/23 1613/437]
[1227/437  913/437  671/437  501/437  403/437  377/437  423/437  541/437  731/437  993/437 1327/437  859/437  463/437  139/437 -113/437]
[-293/437 -401/437        0        0        0        0        0        0        0        0        0        0        0        0        0]
Testing obstruction for
m1: 110, m2: 110,a: 109
[       -1  -433/437  -421/437  -401/437  -373/437  -337/437  -293/437  -241/437  -181/437  -113/437   -37/437    47/437   139/437   239/437   347/437]
[  463/437   587/437   719/437   859/437     53/23  1163/437  1327/437  1499/437     73/19  1867/437  2063/437  2267/437  2479/437  2699/437  2927/437]
[ 3163/437  3407/437  3659/437  3919/437  4187/437  4463/437  4747/437  5039/437    281/23  5647/437  5963/437  6287/437  6619/437  6959/437  7307/437]
[ 7663/437    349/19  8399/437  8779/437  9167/437  9563/437  9967/437 10379/437 10799/437 11227/437 11663/437 11233/437    569/23 10397/437  9991/437]
[ 9593/437  9203/437  8821/437  8447/437  8081/437  7723/437  7373/437  7031/437  6697/437    277/19  6053/437  5743/437  5441/437  5147/437  4861/437]
[ 4583/437    227/23  4051/437  3797/437  3551/437  3313/437  3083/437  2861/437  2647/437  2441/437  2243/437  2053/437  1871/437  1697/437  1531/437]
[ 1373/437  1223/437     47/19   947/437   821/437     37/23   593/437   491/437   397/437   311/437   233/437   163/437   101/437    47/437     1/437]
[  -37/437   -67/437   -89/437  -103/437  -109/437  -107/437   -97/437   -79/437   -53/437     -1/23      1/19    73/437   131/437   197/437   271/437]
[  353/437   443/437   541/437   647/437   761/437   883/437  1013/437  1151/437  1297/437  1451/437  1613/437  1783/437  1961/437    113/23  2341/437]
[ 2543/437  2753/437  2971/437    139/19  3431/437  3673/437  3923/437  4181/437  4447/437  4721/437  5003/437  5293/437  5591/437  5897/437  6211/437]
[ 6533/437  6863/437    379/23  7547/437  7901/437  8263/437  8633/437  9011/437  9397/437  9791/437 10193/437    461/19 11021/437 11447/437 11881/437]
[11449/437 11025/437 10609/437 10201/437  9801/437  9409/437    475/23  8649/437  8281/437  7921/437  7569/437  7225/437  6889/437  6561/437  6241/437]
[ 5929/437  5625/437  5329/437  5041/437    207/19  4489/437  4225/437  3969/437  3721/437  3481/437    171/23  3025/437  2809/437  2601/437  2401/437]
[ 2209/437  2025/437  1849/437  1681/437  1521/437  1369/437  1225/437  1089/437   961/437   841/437   729/437   625/437     23/19   441/437     19/23]
[  289/437   225/437   169/437   121/437    81/437    49/437    25/437     9/437     1/437     1/437     9/437    25/437    49/437    81/437   121/437]
[  169/437   225/437   289/437     19/23   441/437     23/19   625/437   729/437   841/437   961/437  1089/437  1225/437  1369/437  1521/437  1681/437]
[ 1849/437  2025/437  2209/437  2401/437  2601/437  2809/437  3025/437    171/23  3481/437  3721/437  3969/437  4225/437  4489/437    207/19  5041/437]
[ 5329/437  5625/437  5929/437  6241/437  6561/437  6889/437  7225/437  7569/437  7921/437  8281/437  8649/437    475/23  9409/437  9801/437 10201/437]
[10609/437 11025/437 11449/437 11881/437 11447/437 11021/437    461/19 10193/437  9791/437  9397/437  9011/437  8633/437  8263/437  7901/437  7547/437]
[   379/23  6863/437  6533/437  6211/437  5897/437  5591/437  5293/437  5003/437  4721/437  4447/437  4181/437  3923/437  3673/437  3431/437    139/19]
[ 2971/437  2753/437  2543/437  2341/437    113/23  1961/437  1783/437  1613/437  1451/437  1297/437  1151/437  1013/437   883/437   761/437   647/437]
[  541/437   443/437   353/437   271/437   197/437   131/437    73/437      1/19     -1/23   -53/437   -79/437   -97/437  -107/437  -109/437  -103/437]
[  -89/437   -67/437   -37/437     1/437    47/437   101/437   163/437   233/437   311/437   397/437   491/437   593/437     37/23   821/437   947/437]
[    47/19  1223/437  1373/437  1531/437  1697/437  1871/437  2053/437  2243/437  2441/437  2647/437  2861/437  3083/437  3313/437  3551/437  3797/437]
[ 4051/437    227/23  4583/437  4861/437  5147/437  5441/437  5743/437  6053/437    277/19  6697/437  7031/437  7373/437  7723/437  8081/437  8447/437]
[ 8821/437  9203/437  9593/437  9991/437 10397/437    569/23 11233/437 11663/437 11227/437 10799/437 10379/437  9967/437  9563/437  9167/437  8779/437]
[ 8399/437    349/19  7663/437  7307/437  6959/437  6619/437  6287/437  5963/437  5647/437    281/23  5039/437  4747/437  4463/437  4187/437  3919/437]
[ 3659/437  3407/437  3163/437  2927/437  2699/437  2479/437  2267/437  2063/437  1867/437     73/19  1499/437  1327/437  1163/437     53/23   859/437]
[  719/437   587/437   463/437   347/437   239/437   139/437    47/437   -37/437  -113/437  -181/437  -241/437  -293/437  -337/437  -373/437  -401/437]
[ -421/437  -433/437         0         0         0         0         0         0         0         0         0         0         0         0         0]
[-433/437, -421/437]
82 [-433/437, 453/437]
---------------------------
SUCCESS for name = 13a796
---------------------------
