13a3100
Correction terms
[      -1   21/145  -61/145  189/145  191/145    47/29   31/145  159/145   39/145  -39/145   -15/29  -69/145  -21/145   69/145  201/145]
[   17/29   11/145  -21/145  -11/145   41/145    27/29  -19/145  159/145   89/145   61/145    15/29  131/145  -61/145   79/145     -1/5]
[   39/29  171/145  189/145  -41/145   61/145   -17/29  101/145   39/145   19/145   41/145    21/29  211/145   69/145  -31/145  -89/145]
[  -21/29  -79/145  -11/145   99/145  251/145    31/29  101/145   89/145  119/145  -99/145     3/29 -119/145   79/145      1/5  311/145]
[   11/29  131/145  -41/145  119/145   31/145    -3/29  -19/145   19/145   99/145  221/145    19/29   11/145  -31/145  -31/145   11/145]
[   19/29  221/145   99/145   19/145  -19/145    -3/29   31/145  119/145  -41/145  131/145    11/29  311/145      1/5   79/145 -119/145]
[    3/29  -99/145  119/145   89/145  101/145    31/29  251/145   99/145  -11/145  -79/145   -21/29  -89/145  -31/145   69/145  211/145]
[   21/29   41/145   19/145   39/145  101/145   -17/29   61/145  -41/145  189/145  171/145    39/29     -1/5   79/145  -61/145  131/145]
[   15/29   61/145   89/145  159/145  -19/145    27/29   41/145  -11/145  -21/145   11/145    17/29  201/145   69/145  -21/145  -69/145]
[  -15/29  -39/145   39/145  159/145   31/145    47/29  191/145  189/145  -61/145   21/145        0        0        0        0        0]
Testing obstruction for
m1: 4, m2: 12,a: 2
[      -1 -131/145  -89/145  -19/145   79/145    41/29  359/145  251/145  171/145  119/145    19/29   99/145  131/145  191/145  279/145]
[   79/29  249/145  131/145   41/145  -21/145   -11/29  -61/145  -39/145   11/145   89/145    39/29  329/145  201/145  101/145      1/5]
[   -3/29  -31/145  -19/145   21/145   89/145    37/29  309/145  171/145   61/145  -21/145   -15/29 -101/145  -99/145  -69/145  -11/145]
[   15/29  189/145  331/145  211/145  119/145    11/29   19/145   11/145   31/145   79/145    31/29  259/145  391/145      9/5  159/145]
[   17/29   39/145   21/145   31/145   69/145    27/29  229/145  351/145  211/145   99/145     3/29  -41/145  -69/145  -69/145  -41/145]
[    3/29   99/145  211/145  351/145  229/145    27/29   69/145   31/145   21/145   39/145    17/29  159/145      9/5  391/145  259/145]
[   31/29   79/145   31/145   11/145   19/145    11/29  119/145  211/145  331/145  189/145    15/29  -11/145  -69/145  -99/145 -101/145]
[  -15/29  -21/145   61/145  171/145  309/145    37/29   89/145   21/145  -19/145  -31/145    -3/29      1/5  101/145  201/145  329/145]
[   39/29   89/145   11/145  -39/145  -61/145   -11/29  -21/145   41/145  131/145  249/145    79/29  279/145  191/145  131/145   99/145]
[   19/29  119/145  171/145  251/145  359/145    41/29   79/145  -19/145  -89/145 -131/145        0        0        0        0        0]
Testing obstruction for
m1: 6, m2: 10,a: 4
[      -1 -123/145  -57/145   53/145  207/145    23/29   67/145   63/145  103/145  187/145    63/29  197/145  123/145   93/145  107/145]
[   33/29  267/145  123/145   23/145  -33/145    -9/29  -13/145   63/145  183/145   57/145    -5/29  -63/145  -57/145   -7/145      3/5]
[   45/29  117/145   53/145   33/145   57/145    25/29  237/145  103/145   13/145  -33/145    -7/29    7/145   93/145  223/145  107/145]
[    7/29    7/145   23/145   83/145  187/145     9/29  -53/145 -107/145 -117/145  -83/145    -1/29  117/145  283/145      7/5  167/145]
[   35/29  227/145  323/145  173/145   67/145     1/29  -13/145   13/145   83/145  197/145    13/29  -23/145  -67/145  -67/145  -23/145]
[   13/29  197/145   83/145   13/145  -13/145     1/29   67/145  173/145  323/145  227/145    35/29  167/145      7/5  283/145  117/145]
[   -1/29  -83/145 -117/145 -107/145  -53/145     9/29  187/145   83/145   23/145    7/145     7/29  107/145  223/145   93/145    7/145]
[   -7/29  -33/145   13/145  103/145  237/145    25/29   57/145   33/145   53/145  117/145    45/29      3/5   -7/145  -57/145  -63/145]
[   -5/29   57/145  183/145   63/145  -13/145    -9/29  -33/145   23/145  123/145  267/145    33/29  107/145   93/145  123/145  197/145]
[   63/29  187/145  103/145   63/145   67/145    23/29  207/145   53/145  -57/145 -123/145        0        0        0        0        0]
---------------------------
SUCCESS for name = 13a3100
---------------------------
13a3109
Correction terms
[      -1 -529/357 -331/357 -159/119 -253/357 -373/357  -41/119   -31/51   59/357   -3/119 -421/357 -463/357  -45/119 -151/357   -73/51]
[-167/119 -121/357    -5/21 -131/119 -331/357  101/357     9/17  -67/357   47/357  -61/119  -43/357 -247/357  -27/119   -37/51  -67/357]
[ -73/119   -1/357 -127/357   39/119     1/21    41/51   71/119 -205/357 -253/357   23/119   47/357 -319/357   -15/17   59/357   89/357]
[ -75/119 -169/357  257/357  113/119    11/51  185/357     -1/7   83/357 -127/357   11/119 -151/357     5/51  -41/119   89/357  -43/357]
[  65/119   89/357  353/357    13/17 -151/357 -205/357   37/119   83/357   -17/21  -97/119    11/51  101/357  -73/119 -169/357  251/357]
[ 109/119   59/357    23/51  -27/119   47/357 -169/357   -5/119 -205/357  -25/357    -9/17     1/21 -121/357   37/119   -1/357  257/357]
[  57/119   -37/51 -319/357   -3/119  -43/357 -421/357 -143/119  -67/357    -7/51 -125/119 -331/357   83/357      3/7 -121/357  -25/357]
[  -13/17 -151/357 -373/357  -75/119 -421/357 -247/357 -139/119   -31/51 -361/357  -45/119 -253/357   -1/357  -31/119 -529/357     -5/3]
[ -97/119 -331/357   -1/357   -5/119 -373/357 -361/357     1/17   59/357 -247/357  -61/119 -463/357 -373/357 -209/119   -73/51  -25/357]
[  39/119    -5/21   83/357  -31/119  101/357    -7/51   57/119   47/357 -421/357 -173/119 -247/357 -319/357    -1/17  -67/357  257/357]
[  79/119 -127/357 -121/357      5/7    41/51  -25/357   11/119 -253/357 -169/357 -143/119 -319/357    23/51   99/119   89/357  251/357]
[  23/119  257/357  101/357    15/17  185/357   -17/21 -131/119 -127/357 -205/357   29/119     5/51  353/357  109/119  -43/357  -43/357]
[ 109/119  353/357     5/51   29/119 -205/357 -127/357 -131/119   -17/21  185/357    15/17  101/357  257/357   23/119  251/357   89/357]
[  99/119    23/51 -319/357 -143/119 -169/357 -253/357   11/119  -25/357    41/51      5/7 -121/357 -127/357   79/119  257/357  -67/357]
[   -1/17 -319/357 -247/357 -173/119 -421/357   47/357   57/119    -7/51  101/357  -31/119   83/357    -5/21   39/119  -25/357   -73/51]
[-209/119 -373/357 -463/357  -61/119 -247/357   59/357     1/17 -361/357 -373/357   -5/119   -1/357 -331/357  -97/119     -5/3 -529/357]
[ -31/119   -1/357 -253/357  -45/119 -361/357   -31/51 -139/119 -247/357 -421/357  -75/119 -373/357 -151/357   -13/17  -25/357 -121/357]
[     3/7   83/357 -331/357 -125/119    -7/51  -67/357 -143/119 -421/357  -43/357   -3/119 -319/357   -37/51   57/119  257/357   -1/357]
[  37/119 -121/357     1/21    -9/17  -25/357 -205/357   -5/119 -169/357   47/357  -27/119    23/51   59/357  109/119  251/357 -169/357]
[ -73/119  101/357    11/51  -97/119   -17/21   83/357   37/119 -205/357 -151/357    13/17  353/357   89/357   65/119  -43/357   89/357]
[ -41/119     5/51 -151/357   11/119 -127/357   83/357     -1/7  185/357    11/51  113/119  257/357 -169/357  -75/119   89/357   59/357]
[  -15/17 -319/357   47/357   23/119 -253/357 -205/357   71/119    41/51     1/21   39/119 -127/357   -1/357  -73/119  -67/357   -37/51]
[ -27/119 -247/357  -43/357  -61/119   47/357  -67/357     9/17  101/357 -331/357 -131/119    -5/21 -121/357 -167/119   -73/51 -151/357]
[ -45/119 -463/357 -421/357   -3/119   59/357   -31/51  -41/119 -373/357 -253/357 -159/119 -331/357 -529/357        0        0        0]
Testing obstruction for
m1: 2, m2: 60,a: 0
[      -1 -113/357  -95/357 -101/119  -23/357   31/357  -47/119    25/51  265/357   43/119  481/357  607/357  169/119  895/357   151/51]
[ 331/119 1417/357    95/21  529/119 2047/357 2281/357   109/17 2785/357 3055/357 1033/119 3631/357 3937/357 1339/119   655/51 4927/357]
[1681/119 4933/357 4597/357 1345/119   233/21   523/51 1045/119 3097/357 2833/357  781/119 2341/357 2113/357    79/17 1693/357 1501/357]
[ 361/119 1153/357  997/357  205/119   103/51  601/357      5/7  397/357  313/357    1/119  181/357    19/51  -47/119   73/357   61/357]
[ -59/119   73/357   97/357    -5/17  181/357  241/357   25/119  397/357    29/21  121/119   103/51  853/357  253/119 1153/357 1321/357]
[ 421/119 1693/357   271/51  625/119 2341/357 2581/357  865/119 3097/357 3373/357   163/17   233/21 4273/357 1453/119 4933/357 5281/357]
[1563/119   655/51 4255/357 1233/119 3631/357 3337/357  939/119 2785/357   361/51  681/119 2047/357 1825/357     27/7 1417/357 1231/357]
[   39/17  895/357  745/357  123/119  481/357  367/357    9/119    25/51   97/357  -69/119  -23/357  -65/357 -111/119 -113/357     -1/3]
[-117/119  -95/357  -65/357  -87/119   31/357   97/357    -3/17  265/357  367/357   81/119  607/357  745/357  219/119   151/51 1231/357]
[ 393/119    95/21 1825/357  603/119 2281/357   361/51  849/119 3055/357 3337/357 1131/119 3937/357 4255/357   207/17 4927/357 5281/357]
[1565/119 4597/357 4273/357     73/7   523/51 3373/357  953/119 2833/357 2581/357  701/119 2113/357   271/51  485/119 1501/357 1321/357]
[ 305/119  997/357  853/357    23/17  601/357    29/21   53/119  313/357  241/357  -19/119    19/51   97/357  -55/119   61/357   61/357]
[ -55/119   97/357    19/51  -19/119  241/357  313/357   53/119    29/21  601/357    23/17  853/357  997/357  305/119 1321/357 1501/357]
[ 485/119   271/51 2113/357  701/119 2581/357 2833/357  953/119 3373/357   523/51     73/7 4273/357 4597/357 1565/119 5281/357 4927/357]
[  207/17 4255/357 3937/357 1131/119 3337/357 3055/357  849/119   361/51 2281/357  603/119 1825/357    95/21  393/119 1231/357   151/51]
[ 219/119  745/357  607/357   81/119  367/357  265/357    -3/17   97/357   31/357  -87/119  -65/357  -95/357 -117/119     -1/3 -113/357]
[-111/119  -65/357  -23/357  -69/119   97/357    25/51    9/119  367/357  481/357  123/119  745/357  895/357    39/17 1231/357 1417/357]
[    27/7 1825/357 2047/357  681/119   361/51 2785/357  939/119 3337/357 3631/357 1233/119 4255/357   655/51 1563/119 5281/357 4933/357]
[1453/119 4273/357   233/21   163/17 3373/357 3097/357  865/119 2581/357 2341/357  625/119   271/51 1693/357  421/119 1321/357 1153/357]
[ 253/119  853/357   103/51  121/119    29/21  397/357   25/119  241/357  181/357    -5/17   97/357   73/357  -59/119   61/357   73/357]
[ -47/119    19/51  181/357    1/119  313/357  397/357      5/7  601/357   103/51  205/119  997/357 1153/357  361/119 1501/357 1693/357]
[   79/17 2113/357 2341/357  781/119 2833/357 3097/357 1045/119   523/51   233/21 1345/119 4597/357 4933/357 1681/119 4927/357   655/51]
[1339/119 3937/357 3631/357 1033/119 3055/357 2785/357   109/17 2281/357 2047/357  529/119    95/21 1417/357  331/119   151/51  895/357]
[ 169/119  607/357  481/357   43/119  265/357    25/51  -47/119   31/357  -23/357 -101/119  -95/357 -113/357        0        0        0]
Testing obstruction for
m1: 4, m2: 26,a: 0
[      -1 -241/357  107/357   -9/119   71/357  401/357   83/119    47/51  641/357  395/119 1247/357 1541/357  689/119 2111/357   239/51]
[ 489/119 1493/357    61/21  271/119  821/357  347/357     5/17   95/357  317/357   19/119   29/357  233/357  -15/119   -13/51   95/357]
[ 171/119  449/357  617/357  339/119    55/21   155/51  489/119 2081/357 2213/357  621/119 1745/357 1145/357    37/17  641/357  737/357]
[ 117/119  197/357  275/357  -43/119   -43/51 -241/357      1/7 -139/357  -97/357   59/119  -31/357    -1/51   83/119  737/357  743/357]
[ 327/119 1451/357 1439/357    79/17 2111/357 2081/357  523/119 1289/357    73/21  237/119    59/51  347/357  171/119  197/357  113/357]
[  87/119  -73/357   -25/51  -15/119  317/357  197/357  103/119  653/357  515/357    29/17    55/21 1493/357  523/119 1877/357 2417/357]
[ 587/119   191/51 1145/357  395/119  743/357  533/357  185/119   95/357   -19/51  -43/119  107/357 -139/357     -3/7   65/357 -199/357]
[  -11/17  -31/357  401/357  117/119  533/357  947/357  293/119   149/51 1439/357  689/119 2213/357 1877/357  591/119 1187/357      7/3]
[ 237/119  821/357  449/357  103/119  401/357   11/357    -7/17  -73/357  233/357   19/119  113/357  401/357   69/119    35/51  515/357]
[ 339/119    61/21 1289/357  591/119 1775/357   287/51  587/119 1745/357 1247/357  327/119  947/357  431/357     7/17   95/357  275/357]
[  -9/119  -97/357   65/357     -5/7   -49/51 -199/357   59/119   71/357  197/357  185/119  431/357    77/51  293/119 1451/357 1541/357]
[ 621/119 2417/357 1775/357    65/17 1187/357    73/21  271/119  617/357  653/357   69/119    -1/51   11/357   87/119   29/357   29/357]
[  87/119   11/357    -1/51   69/119  653/357  617/357  271/119    73/21 1187/357    65/17 1775/357 2417/357  621/119 1541/357 1451/357]
[ 293/119    77/51  431/357  185/119  197/357   71/357   59/119 -199/357   -49/51     -5/7   65/357  -97/357   -9/119  275/357   95/357]
[    7/17  431/357  947/357  327/119 1247/357 1745/357  587/119   287/51 1775/357  591/119 1289/357    61/21  339/119  515/357    35/51]
[  69/119  401/357  113/357   19/119  233/357  -73/357    -7/17   11/357  401/357  103/119  449/357  821/357  237/119      7/3 1187/357]
[ 591/119 1877/357 2213/357  689/119 1439/357   149/51  293/119  947/357  533/357  117/119  401/357  -31/357   -11/17 -199/357   65/357]
[    -3/7 -139/357  107/357  -43/119   -19/51   95/357  185/119  533/357  743/357  395/119 1145/357   191/51  587/119 2417/357 1877/357]
[ 523/119 1493/357    55/21    29/17  515/357  653/357  103/119  197/357  317/357  -15/119   -25/51  -73/357   87/119  113/357  197/357]
[ 171/119  347/357    59/51  237/119    73/21 1289/357  523/119 2081/357 2111/357    79/17 1439/357 1451/357  327/119  743/357  737/357]
[  83/119    -1/51  -31/357   59/119  -97/357 -139/357      1/7 -241/357   -43/51  -43/119  275/357  197/357  117/119  737/357  641/357]
[   37/17 1145/357 1745/357  621/119 2213/357 2081/357  489/119   155/51    55/21  339/119  617/357  449/357  171/119   95/357   -13/51]
[ -15/119  233/357   29/357   19/119  317/357   95/357     5/17  347/357  821/357  271/119    61/21 1493/357  489/119   239/51 2111/357]
[ 689/119 1541/357 1247/357  395/119  641/357    47/51   83/119  401/357   71/357   -9/119  107/357 -241/357        0        0        0]
Testing obstruction for
m1: 10, m2: 10,a: 1
[      -1 -319/357 -205/357   -5/119  251/357  593/357   99/119    11/51  -67/357  -45/119 -127/357  -43/357   39/119  353/357    95/51]
[ 113/119   89/357    -5/21  -61/119 -205/357 -151/357    -1/17  185/357  467/357  275/119  545/357  341/357   71/119    23/51  185/357]
[  95/119  461/357  713/357  347/119    43/21    71/51  113/119  257/357  251/357  107/119  467/357  689/357    47/17 1361/357 1097/357]
[ 303/119  797/357  761/357  267/119   131/51 1109/357     27/7 1007/357  713/357  165/119  353/357    41/51   99/119  383/357  545/357]
[ 261/119 1097/357  773/357    25/17  353/357  257/357   79/119  293/357    25/21  211/119   131/51  563/357   95/119   83/357  -43/357]
[ -31/119  -67/357     5/51   71/119  467/357  797/357  163/119  257/357  101/357     1/17     1/21   89/357   79/119  461/357  761/357]
[ 141/119    23/51  -25/357  -45/119 -169/357 -127/357   -3/119  185/357    65/51  267/119  509/357  293/357      3/7   89/357  101/357]
[    9/17  353/357  593/357  303/119  587/357  341/357   57/119    11/51   59/357   39/119  251/357  461/357  249/119 1109/357      7/3]
[ 211/119  509/357  461/357  163/119  593/357  773/357    49/17 1361/357 1055/357  275/119  671/357  593/357  197/119    95/51  815/357]
[ 347/119    79/21 1007/357  249/119  563/357    65/51  141/119  467/357  587/357  261/119 1055/357  689/357    19/17  185/357   47/357]
[  -5/119   -1/357   89/357      5/7    71/51  815/357  165/119  251/357   83/357   -3/119  -25/357     5/51   57/119  383/357  671/357]
[ 107/119   47/357 -151/357   -13/17 -319/357   -17/21  -61/119   -1/357  257/357  197/119    41/51   59/357  -31/119 -169/357 -169/357]
[ -31/119   59/357    41/51  197/119  257/357   -1/357  -61/119   -17/21 -319/357   -13/17 -151/357   47/357  107/119  671/357  383/357]
[  57/119     5/51  -25/357   -3/119   83/357  251/357  165/119  815/357    71/51      5/7   89/357   -1/357   -5/119   47/357  185/357]
[   19/17  689/357 1055/357  261/119  587/357  467/357  141/119    65/51  563/357  249/119 1007/357    79/21  347/119  815/357    95/51]
[ 197/119  593/357  671/357  275/119 1055/357 1361/357    49/17  773/357  593/357  163/119  461/357  509/357  211/119      7/3 1109/357]
[ 249/119  461/357  251/357   39/119   59/357    11/51   57/119  341/357  587/357  303/119  593/357  353/357     9/17  101/357   89/357]
[     3/7  293/357  509/357  267/119    65/51  185/357   -3/119 -127/357 -169/357  -45/119  -25/357    23/51  141/119  761/357  461/357]
[  79/119   89/357     1/21     1/17  101/357  257/357  163/119  797/357  467/357   71/119     5/51  -67/357  -31/119  -43/357   83/357]
[  95/119  563/357   131/51  211/119    25/21  293/357   79/119  257/357  353/357    25/17  773/357 1097/357  261/119  545/357  383/357]
[  99/119    41/51  353/357  165/119  713/357 1007/357     27/7 1109/357   131/51  267/119  761/357  797/357  303/119 1097/357 1361/357]
[   47/17  689/357  467/357  107/119  251/357  257/357  113/119    71/51    43/21  347/119  713/357  461/357   95/119  185/357    23/51]
[  71/119  341/357  545/357  275/119  467/357  185/357    -1/17 -151/357 -205/357  -61/119    -5/21   89/357  113/119    95/51  353/357]
[  39/119  -43/357 -127/357  -45/119  -67/357    11/51   99/119  593/357  251/357   -5/119 -205/357 -319/357        0        0        0]
Unobstructed
41
---------------------------
---------------------------
13a3121
H_1 not cyclic will skip for now
13a3146
H_1 not cyclic will skip for now
13a3156
Correction terms
[      -1 -205/249  -73/249    49/83  -43/249 -145/249   -53/83  -85/249   77/249   -57/83  167/249   95/249    37/83 -283/249  -91/249]
[   63/83   59/249   17/249    21/83  197/249  -79/249   -89/83 -367/249  119/249    65/83 -139/249 -385/249   -15/83 -115/249  -97/249]
[    3/83 -295/249  -13/249   -47/83 -181/249 -133/249     1/83  227/249   41/249   -19/83  -67/249   11/249    59/83  -67/249 -223/249]
[   69/83  227/249 -163/249  -155/83 -181/249  191/249    51/83 -295/249 -157/249    23/83 -115/249 -211/249   -73/83 -139/249   29/249]
[  -71/83 -367/249   65/249    29/83  197/249 -103/249  -105/83   59/249   23/249    25/83 -283/249  -55/249    87/83  167/249 -337/249]
[  -85/83  -85/249  173/249     7/83  -43/249  -19/249    31/83 -205/249     -5/3   -13/83  -73/249  -19/249  -125/83 -145/249  173/249]
[   27/83   77/249 -337/249   -55/83   95/249  -55/249   -39/83  -91/249   23/249    75/83   17/249 -103/249   -45/83  -79/249   65/249]
[  -67/83  119/249   29/249     9/83 -385/249 -211/249    17/83  -97/249 -157/249   -43/83  -13/249  191/249    -5/83 -133/249 -163/249]
[  -35/83   41/249 -223/249    33/83   11/249   11/249    33/83 -223/249   41/249   -35/83 -163/249 -133/249    -5/83  191/249  -13/249]
[  -43/83 -157/249  -97/249    17/83 -211/249 -385/249     9/83   29/249  119/249   -67/83   65/249  -79/249   -45/83 -103/249   17/249]
[   75/83   23/249  -91/249   -39/83  -55/249   95/249   -55/83 -337/249   77/249    27/83  173/249 -145/249  -125/83  -19/249  -73/249]
[  -13/83     -5/3 -205/249    31/83  -19/249  -43/249     7/83  173/249  -85/249   -85/83 -337/249  167/249    87/83  -55/249 -283/249]
[   25/83   23/249   59/249  -105/83 -103/249  197/249    29/83   65/249 -367/249   -71/83   29/249 -139/249   -73/83 -211/249 -115/249]
[   23/83 -157/249 -295/249    51/83  191/249 -181/249  -155/83 -163/249  227/249    69/83 -223/249  -67/249    59/83   11/249  -67/249]
[  -19/83   41/249  227/249     1/83 -133/249 -181/249   -47/83  -13/249 -295/249     3/83  -97/249 -115/249   -15/83 -385/249 -139/249]
[   65/83  119/249 -367/249   -89/83  -79/249  197/249    21/83   17/249   59/249    63/83  -91/249 -283/249    37/83   95/249  167/249]
[  -57/83   77/249  -85/249   -53/83 -145/249  -43/249    49/83  -73/249 -205/249        0        0        0        0        0        0]
Testing obstruction for
m1: 2, m2: 42,a: 0
[      -1  -77/249  -59/249   -65/83   13/249   67/249   -11/83  211/249  301/249    79/83  517/249  643/249   205/83  931/249 1093/249]
[  367/83 1453/249 1651/249   565/83 2083/249 2317/249   799/83 2323/249 2095/249   571/83 1675/249 1483/249   379/83 1135/249  979/249]
[  223/83  703/249  583/249   103/83  379/249  295/249    19/83  163/249  115/249   -29/83   55/249   43/249   -41/83   55/249   79/249]
[  -17/83  163/249  223/249    43/83  379/249  475/249   139/83  703/249  835/249   271/83 1135/249 1303/249   439/83 1675/249 1879/249]
[  643/83 2323/249 2563/249   717/83 2083/249 1861/249   495/83 1453/249 1267/249   309/83  931/249  781/249   159/83  517/249  403/249]
[   45/83  211/249  133/249   -33/83   13/249  -29/249   -75/83  -77/249     -1/3   -81/83  -59/249  -29/249   -51/83   67/249  133/249]
[   15/83  301/249  403/249   117/83  643/249  781/249   255/83 1093/249 1267/249   429/83 1651/249 1861/249   639/83 2317/249 2563/249]
[  719/83 2095/249 1879/249   503/83 1483/249 1303/249   323/83  979/249  835/249   179/83  583/249  475/249    71/83  295/249  223/249]
[   -1/83  115/249   79/249   -37/83   43/249   43/249   -37/83   79/249  115/249    -1/83  223/249  295/249    71/83  475/249  583/249]
[  179/83  835/249  979/249   323/83 1303/249 1483/249   503/83 1879/249 2095/249   719/83 2563/249 2317/249   639/83 1861/249 1651/249]
[  429/83 1267/249 1093/249   255/83  781/249  643/249   117/83  403/249  301/249    15/83  133/249   67/249   -51/83  -29/249  -59/249]
[  -81/83     -1/3  -77/249   -75/83  -29/249   13/249   -33/83  133/249  211/249    45/83  403/249  517/249   159/83  781/249  931/249]
[  309/83 1267/249 1453/249   495/83 1861/249 2083/249   717/83 2563/249 2323/249   643/83 1879/249 1675/249   439/83 1303/249 1135/249]
[  271/83  835/249  703/249   139/83  475/249  379/249    43/83  223/249  163/249   -17/83   79/249   55/249   -41/83   43/249   55/249]
[  -29/83  115/249  163/249    19/83  295/249  379/249   103/83  583/249  703/249   223/83  979/249 1135/249   379/83 1483/249 1675/249]
[  571/83 2095/249 2323/249   799/83 2317/249 2083/249   565/83 1651/249 1453/249   367/83 1093/249  931/249   205/83  643/249  517/249]
[   79/83  301/249  211/249   -11/83   67/249   13/249   -65/83  -59/249  -77/249        0        0        0        0        0        0]
Testing obstruction for
m1: 6, m2: 12,a: 1
[      -1 -227/249 -161/249   -17/83  103/249  301/249   181/83  331/249  163/249    13/83  -41/249  -77/249   -23/83  -17/249   79/249]
[   73/83  403/249  631/249   135/83  223/249   85/249    -3/83  -59/249  -65/249    -9/83   55/249  181/249   117/83  565/249  823/249]
[  209/83  475/249  367/249   101/83  283/249  307/249   125/83  487/249  643/249   281/83  589/249  379/249    71/83   91/249   13/249]
[   -7/83  -11/249   43/249    47/83  283/249  469/249   233/83  475/249  295/249    53/83   67/249   19/249     5/83   55/249  139/249]
[   89/83  439/249  655/249   139/83  223/249   73/249   -11/83  -95/249 -113/249   -29/83  -17/249   97/249    85/83  457/249  703/249]
[  165/83  331/249  211/249    45/83  103/249  115/249    57/83  271/249      5/3   201/83  835/249  613/249   145/83  301/249  211/249]
[   55/83  163/249  205/249    97/83  421/249  595/249   271/83  577/249  385/249    79/83  133/249   73/249    19/83   85/249  157/249]
[   91/83  433/249  637/249   129/83  181/249   19/249   -33/83 -173/249 -203/249   -63/83 -131/249  -29/249    39/83  307/249  541/249]
[  107/83  145/249   13/249   -25/83 -119/249 -119/249   -25/83   13/249  145/249   107/83  541/249  307/249    39/83  -29/249 -131/249]
[  -63/83 -203/249 -173/249   -33/83   19/249  181/249   129/83  637/249  433/249    91/83  157/249   85/249    19/83   73/249  133/249]
[   79/83  385/249  577/249   271/83  595/249  421/249    97/83  205/249  163/249    55/83  211/249  301/249   145/83  613/249  835/249]
[  201/83      5/3  271/249    57/83  115/249  103/249    45/83  211/249  331/249   165/83  703/249  457/249    85/83   97/249  -17/249]
[  -29/83 -113/249  -95/249   -11/83   73/249  223/249   139/83  655/249  439/249    89/83  139/249   55/249     5/83   19/249   67/249]
[   53/83  295/249  475/249   233/83  469/249  283/249    47/83   43/249  -11/249    -7/83   13/249   91/249    71/83  379/249  589/249]
[  281/83  643/249  487/249   125/83  307/249  283/249   101/83  367/249  475/249   209/83  823/249  565/249   117/83  181/249   55/249]
[   -9/83  -65/249  -59/249    -3/83   85/249  223/249   135/83  631/249  403/249    73/83   79/249  -17/249   -23/83  -77/249  -41/249]
[   13/83  163/249  331/249   181/83  301/249  103/249   -17/83 -161/249 -227/249        0        0        0        0        0        0]
Testing obstruction for
m1: 8, m2: 10,a: 3
[      -1 -211/249  -97/249    31/83  359/249  203/249    41/83  119/249  191/249   113/83  563/249  365/249    81/83  197/249  227/249]
[  111/83  515/249  275/249    37/83   23/249   11/249    25/83  215/249  431/249    75/83   95/249   41/249    21/83  161/249  335/249]
[  195/83  413/249  317/249    99/83  353/249  485/249    65/83  -19/249 -157/249   -73/83 -205/249 -115/249    17/83  293/249  113/249]
[    3/83  -19/249   29/249    51/83  353/249  629/249   161/83  413/249  419/249   167/83  659/249  395/249    69/83   95/249   59/249]
[   33/83  215/249  407/249    59/83   23/249  -55/249   -19/83   17/249  167/249   131/83  695/249  575/249   177/83  563/249  671/249]
[  119/83  119/249  -43/249   -43/83 -139/249  -73/249    23/83  287/249      1/3   -15/83  -97/249  -73/249     9/83  203/249  455/249]
[   95/83  191/249  173/249    77/83  365/249  575/249   121/83  227/249  167/249    61/83  275/249  443/249    63/83   11/249  -91/249]
[  -39/83  -67/249   59/249    87/83  539/249  395/249   109/83  335/249  419/249   193/83  317/249  131/249     7/83  -13/249   29/249]
[   49/83  341/249  113/249   -13/83 -115/249 -115/249   -13/83  113/249  341/249    49/83   29/249  -13/249     7/83  131/249  317/249]
[  193/83  419/249  335/249   109/83  395/249  539/249    87/83   59/249  -67/249   -39/83  -91/249   11/249    63/83  443/249  275/249]
[   61/83  167/249  227/249   121/83  575/249  365/249    77/83  173/249  191/249    95/83  455/249  203/249     9/83  -73/249  -97/249]
[  -15/83      1/3  287/249    23/83  -73/249 -139/249   -43/83  -43/249  119/249   119/83  671/249  563/249   177/83  575/249  695/249]
[  131/83  167/249   17/249   -19/83  -55/249   23/249    59/83  407/249  215/249    33/83   59/249   95/249    69/83  395/249  659/249]
[  167/83  419/249  413/249   161/83  629/249  353/249    51/83   29/249  -19/249     3/83  113/249  293/249    17/83 -115/249 -205/249]
[  -73/83 -157/249  -19/249    65/83  485/249  353/249    99/83  317/249  413/249   195/83  335/249  161/249    21/83   41/249   95/249]
[   75/83  431/249  215/249    25/83   11/249   23/249    37/83  275/249  515/249   111/83  227/249  197/249    81/83  365/249  563/249]
[  113/83  191/249  119/249    41/83  203/249  359/249    31/83  -97/249 -211/249        0        0        0        0        0        0]
Unobstructed
56
---------------------------
---------------------------
