13a3265
Correction terms
[      -1   91/249  115/249   -59/83 -287/249 -215/249    13/83 -521/249   97/249   -33/83 -113/249   55/249   -31/83  -59/249 -341/249]
[   19/83  139/249  -95/249   -49/83  -17/249 -203/249   -69/83  -29/249 -167/249   -41/83  103/249   13/249    35/83 -119/249 -161/249]
[   -7/83 -197/249 -191/249    -1/83 -131/249  -77/249  -113/83   79/249 -317/249   -11/83  -65/249   85/249   -27/83  -65/249  133/249]
[    5/83 -419/249 -173/249   -81/83 -131/249 -335/249    47/83 -197/249 -353/249    57/83 -119/249 -227/249   -51/83  103/249   43/249]
[ -111/83  -29/249  -41/249  -123/83  -17/249   19/249   -87/83 -359/249  223/249    -3/83  -59/249   73/249   -37/83 -113/249 -431/249]
[  -23/83  -23/249 -293/249    39/83 -287/249  -11/249   -17/83   91/249     -1/3   -25/83  115/249  -11/249    15/83 -215/249 -293/249]
[  -63/83 -401/249   67/249   -93/83   55/249   73/249   -75/83  157/249 -275/249    -9/83  -95/249   19/249   -61/83 -203/249  -41/249]
[  -65/83 -167/249   43/249   -21/83   13/249 -227/249    71/83 -161/249 -353/249    45/83 -191/249 -335/249   -99/83  -77/249 -173/249]
[  -29/83  181/249 -365/249   -77/83   85/249   85/249   -77/83 -365/249  181/249   -29/83 -173/249  -77/249   -99/83 -335/249 -191/249]
[   45/83 -353/249 -161/249    71/83 -227/249   13/249   -21/83   43/249 -167/249   -65/83  -41/249 -203/249   -61/83   19/249  -95/249]
[   -9/83 -275/249  157/249   -75/83   73/249   55/249   -93/83   67/249 -401/249   -63/83 -293/249 -215/249    15/83  -11/249  115/249]
[  -25/83     -1/3   91/249   -17/83  -11/249 -287/249    39/83 -293/249  -23/249   -23/83 -431/249 -113/249   -37/83   73/249  -59/249]
[   -3/83  223/249 -359/249   -87/83   19/249  -17/249  -123/83  -41/249  -29/249  -111/83   43/249  103/249   -51/83 -227/249 -119/249]
[   57/83 -353/249 -197/249    47/83 -335/249 -131/249   -81/83 -173/249 -419/249     5/83  133/249  -65/249   -27/83   85/249  -65/249]
[  -11/83 -317/249   79/249  -113/83  -77/249 -131/249    -1/83 -191/249 -197/249    -7/83 -161/249 -119/249    35/83   13/249  103/249]
[  -41/83 -167/249  -29/249   -69/83 -203/249  -17/249   -49/83  -95/249  139/249    19/83 -341/249  -59/249   -31/83   55/249 -113/249]
[  -33/83   97/249 -521/249    13/83 -215/249 -287/249   -59/83  115/249   91/249        0        0        0        0        0        0]
Testing obstruction for
m1: 2, m2: 42,a: 0
[      -1  -77/249  -59/249   -65/83   13/249   67/249   -11/83  211/249  301/249    79/83  517/249  643/249   205/83  931/249 1093/249]
[  367/83 1453/249 1651/249   565/83 2083/249 2317/249   799/83 2323/249 2095/249   571/83 1675/249 1483/249   379/83 1135/249  979/249]
[  223/83  703/249  583/249   103/83  379/249  295/249    19/83  163/249  115/249   -29/83   55/249   43/249   -41/83   55/249   79/249]
[  -17/83  163/249  223/249    43/83  379/249  475/249   139/83  703/249  835/249   271/83 1135/249 1303/249   439/83 1675/249 1879/249]
[  643/83 2323/249 2563/249   717/83 2083/249 1861/249   495/83 1453/249 1267/249   309/83  931/249  781/249   159/83  517/249  403/249]
[   45/83  211/249  133/249   -33/83   13/249  -29/249   -75/83  -77/249     -1/3   -81/83  -59/249  -29/249   -51/83   67/249  133/249]
[   15/83  301/249  403/249   117/83  643/249  781/249   255/83 1093/249 1267/249   429/83 1651/249 1861/249   639/83 2317/249 2563/249]
[  719/83 2095/249 1879/249   503/83 1483/249 1303/249   323/83  979/249  835/249   179/83  583/249  475/249    71/83  295/249  223/249]
[   -1/83  115/249   79/249   -37/83   43/249   43/249   -37/83   79/249  115/249    -1/83  223/249  295/249    71/83  475/249  583/249]
[  179/83  835/249  979/249   323/83 1303/249 1483/249   503/83 1879/249 2095/249   719/83 2563/249 2317/249   639/83 1861/249 1651/249]
[  429/83 1267/249 1093/249   255/83  781/249  643/249   117/83  403/249  301/249    15/83  133/249   67/249   -51/83  -29/249  -59/249]
[  -81/83     -1/3  -77/249   -75/83  -29/249   13/249   -33/83  133/249  211/249    45/83  403/249  517/249   159/83  781/249  931/249]
[  309/83 1267/249 1453/249   495/83 1861/249 2083/249   717/83 2563/249 2323/249   643/83 1879/249 1675/249   439/83 1303/249 1135/249]
[  271/83  835/249  703/249   139/83  475/249  379/249    43/83  223/249  163/249   -17/83   79/249   55/249   -41/83   43/249   55/249]
[  -29/83  115/249  163/249    19/83  295/249  379/249   103/83  583/249  703/249   223/83  979/249 1135/249   379/83 1483/249 1675/249]
[  571/83 2095/249 2323/249   799/83 2317/249 2083/249   565/83 1651/249 1453/249   367/83 1093/249  931/249   205/83  643/249  517/249]
[   79/83  301/249  211/249   -11/83   67/249   13/249   -65/83  -59/249  -77/249        0        0        0        0        0        0]
Unobstructed
35
---------------------------
---------------------------
13a3270
Correction terms
[      -1   43/109   63/109  -49/109  -75/109  -15/109  -87/109  -73/109   27/109   -5/109   49/109  -29/109  -21/109   73/109 -183/109]
[-135/109   -1/109    1/109 -129/109   45/109   87/109   -3/109   -7/109 -143/109   25/109 -157/109  -35/109  -45/109   31/109  -25/109]
[   5/109  121/109 -113/109  -43/109 -105/109  -81/109 -189/109    7/109   71/109    3/109   21/109  -93/109   97/109  -63/109 -137/109]
[-125/109  -27/109  -61/109   -9/109  129/109  -83/109    9/109  -31/109   15/109  -71/109  -71/109   15/109  -31/109    9/109  -83/109]
[ 129/109   -9/109  -61/109  -27/109 -125/109 -137/109  -63/109   97/109  -93/109   21/109    3/109   71/109    7/109 -189/109  -81/109]
[-105/109  -43/109 -113/109  121/109    5/109  -25/109   31/109  -45/109  -35/109 -157/109   25/109 -143/109   -7/109   -3/109   87/109]
[  45/109 -129/109    1/109   -1/109 -135/109 -183/109   73/109  -21/109  -29/109   49/109   -5/109   27/109  -73/109  -87/109  -15/109]
[ -75/109  -49/109   63/109   43/109        0        0        0        0        0        0        0        0        0        0        0]
Testing obstruction for
m1: 6, m2: 10,a: 5
[     -1 -89/109 -29/109  71/109  -7/109 -45/109 -43/109  -1/109  81/109 -15/109 -71/109 -87/109 -63/109   1/109 105/109]
[ 31/109  -3/109   3/109  49/109 135/109  43/109  -9/109 -21/109   7/109  75/109 183/109 113/109  83/109  93/109 143/109]
[233/109 145/109  97/109  89/109 121/109 193/109  87/109  21/109  -5/109   9/109  63/109 157/109  73/109  29/109  25/109]
[ 61/109 137/109  35/109 -27/109 -49/109 -31/109  27/109 125/109  45/109   5/109   5/109  45/109 125/109  27/109 -31/109]
[-49/109 -27/109  35/109 137/109  61/109  25/109  29/109  73/109 157/109  63/109   9/109  -5/109  21/109  87/109 193/109]
[121/109  89/109  97/109 145/109 233/109 143/109  93/109  83/109 113/109 183/109  75/109   7/109 -21/109  -9/109  43/109]
[135/109  49/109   3/109  -3/109  31/109 105/109   1/109 -63/109 -87/109 -71/109 -15/109  81/109  -1/109 -43/109 -45/109]
[ -7/109  71/109 -29/109 -89/109       0       0       0       0       0       0       0       0       0       0       0]
Testing obstruction for
m1: 28, m2: 28,a: 27
[      -1 -105/109  -93/109  -73/109  -45/109   -9/109   35/109   87/109  147/109  215/109  291/109  375/109  467/109  567/109  675/109]
[ 573/109  479/109  393/109  315/109  245/109  183/109  129/109   83/109   45/109   15/109   -7/109  -21/109  -27/109  -25/109  -15/109]
[   3/109   29/109   63/109  105/109  155/109  213/109  279/109  353/109  435/109  525/109  623/109  729/109  625/109  529/109  441/109]
[ 361/109  289/109  225/109  169/109  121/109   81/109   49/109   25/109    9/109    1/109    1/109    9/109   25/109   49/109   81/109]
[ 121/109  169/109  225/109  289/109  361/109  441/109  529/109  625/109  729/109  623/109  525/109  435/109  353/109  279/109  213/109]
[ 155/109  105/109   63/109   29/109    3/109  -15/109  -25/109  -27/109  -21/109   -7/109   15/109   45/109   83/109  129/109  183/109]
[ 245/109  315/109  393/109  479/109  573/109  675/109  567/109  467/109  375/109  291/109  215/109  147/109   87/109   35/109   -9/109]
[ -45/109  -73/109  -93/109 -105/109        0        0        0        0        0        0        0        0        0        0        0]
Unobstructed
34
---------------------------
---------------------------
13a3277
Correction terms
[      -1  -41/249   85/249  -123/83   91/249  -29/249   -77/83  -17/249  115/249  -111/83  133/249   19/249   -59/83   43/249 -317/249]
[  -87/83 -287/249  103/249   -29/83  139/249 -215/249   -51/83 -173/249 -275/249    13/83 -227/249  -77/249    -3/83  -23/249 -119/249]
[  -99/83  -59/249 -401/249    57/83 -335/249   73/249   -33/83 -353/249 -191/249   -37/83 -113/249 -197/249    45/83 -113/249   55/249]
[   47/83 -353/249   67/249   -31/83 -335/249 -161/249   -23/83  -59/249 -131/249    71/83 -521/249  157/249   -81/83 -227/249 -293/249]
[   19/83 -173/249   13/249    39/83 -359/249   79/249   -21/83 -287/249  -95/249     5/83   43/249  -11/249   -49/83 -365/249 -167/249]
[  -17/83  -17/249  -65/249   -65/83   91/249 -203/249   -27/83  -41/249     -1/3   -69/83   85/249 -203/249   -25/83  -29/249  -65/249]
[  -61/83  115/249 -167/249   -11/83   19/249  -11/249   -41/83  181/249  -95/249    15/83  103/249 -419/249    -9/83 -215/249   13/249]
[ -113/83  223/249 -293/249    35/83  -77/249 -341/249   -63/83 -119/249 -131/249   -75/83   97/249 -161/249    -1/83   73/249 -431/249]
[   -7/83 -191/249   55/249   -93/83 -197/249 -197/249   -93/83   55/249 -191/249    -7/83 -431/249   73/249    -1/83 -161/249   97/249]
[  -75/83 -131/249 -119/249   -63/83 -341/249  -77/249    35/83 -293/249  223/249  -113/83   13/249 -215/249    -9/83 -419/249  103/249]
[   15/83  -95/249  181/249   -41/83  -11/249   19/249   -11/83 -167/249  115/249   -61/83  -65/249  -29/249   -25/83 -203/249   85/249]
[  -69/83     -1/3  -41/249   -27/83 -203/249   91/249   -65/83  -65/249  -17/249   -17/83 -167/249 -365/249   -49/83  -11/249   43/249]
[    5/83  -95/249 -287/249   -21/83   79/249 -359/249    39/83   13/249 -173/249    19/83 -293/249 -227/249   -81/83  157/249 -521/249]
[   71/83 -131/249  -59/249   -23/83 -161/249 -335/249   -31/83   67/249 -353/249    47/83   55/249 -113/249    45/83 -197/249 -113/249]
[  -37/83 -191/249 -353/249   -33/83   73/249 -335/249    57/83 -401/249  -59/249   -99/83 -119/249  -23/249    -3/83  -77/249 -227/249]
[   13/83 -275/249 -173/249   -51/83 -215/249  139/249   -29/83  103/249 -287/249   -87/83 -317/249   43/249   -59/83   19/249  133/249]
[ -111/83  115/249  -17/249   -77/83  -29/249   91/249  -123/83   85/249  -41/249        0        0        0        0        0        0]
Testing obstruction for
m1: 2, m2: 42,a: 0
[      -1  -77/249  -59/249   -65/83   13/249   67/249   -11/83  211/249  301/249    79/83  517/249  643/249   205/83  931/249 1093/249]
[  367/83 1453/249 1651/249   565/83 2083/249 2317/249   799/83 2323/249 2095/249   571/83 1675/249 1483/249   379/83 1135/249  979/249]
[  223/83  703/249  583/249   103/83  379/249  295/249    19/83  163/249  115/249   -29/83   55/249   43/249   -41/83   55/249   79/249]
[  -17/83  163/249  223/249    43/83  379/249  475/249   139/83  703/249  835/249   271/83 1135/249 1303/249   439/83 1675/249 1879/249]
[  643/83 2323/249 2563/249   717/83 2083/249 1861/249   495/83 1453/249 1267/249   309/83  931/249  781/249   159/83  517/249  403/249]
[   45/83  211/249  133/249   -33/83   13/249  -29/249   -75/83  -77/249     -1/3   -81/83  -59/249  -29/249   -51/83   67/249  133/249]
[   15/83  301/249  403/249   117/83  643/249  781/249   255/83 1093/249 1267/249   429/83 1651/249 1861/249   639/83 2317/249 2563/249]
[  719/83 2095/249 1879/249   503/83 1483/249 1303/249   323/83  979/249  835/249   179/83  583/249  475/249    71/83  295/249  223/249]
[   -1/83  115/249   79/249   -37/83   43/249   43/249   -37/83   79/249  115/249    -1/83  223/249  295/249    71/83  475/249  583/249]
[  179/83  835/249  979/249   323/83 1303/249 1483/249   503/83 1879/249 2095/249   719/83 2563/249 2317/249   639/83 1861/249 1651/249]
[  429/83 1267/249 1093/249   255/83  781/249  643/249   117/83  403/249  301/249    15/83  133/249   67/249   -51/83  -29/249  -59/249]
[  -81/83     -1/3  -77/249   -75/83  -29/249   13/249   -33/83  133/249  211/249    45/83  403/249  517/249   159/83  781/249  931/249]
[  309/83 1267/249 1453/249   495/83 1861/249 2083/249   717/83 2563/249 2323/249   643/83 1879/249 1675/249   439/83 1303/249 1135/249]
[  271/83  835/249  703/249   139/83  475/249  379/249    43/83  223/249  163/249   -17/83   79/249   55/249   -41/83   43/249   55/249]
[  -29/83  115/249  163/249    19/83  295/249  379/249   103/83  583/249  703/249   223/83  979/249 1135/249   379/83 1483/249 1675/249]
[  571/83 2095/249 2323/249   799/83 2317/249 2083/249   565/83 1651/249 1453/249   367/83 1093/249  931/249   205/83  643/249  517/249]
[   79/83  301/249  211/249   -11/83   67/249   13/249   -65/83  -59/249  -77/249        0        0        0        0        0        0]
Unobstructed
26
---------------------------
---------------------------
13a3297
Correction terms
[      -1  -29/217  101/217 -261/217 -247/217  143/217 -393/217   -17/31   97/217 -179/217  -79/217  -37/217  -53/217 -127/217   -37/31]
[ -15/217 -263/217 -135/217  -65/217  -53/217  -99/217   -29/31   69/217 -151/217    5/217  103/217 -291/217  125/217     7/31  -85/217]
[ 157/217     -3/7   33/217  101/217 -323/217     9/31  -43/217 -207/217    5/217 -275/217 -179/217 -141/217   -23/31 -239/217   59/217]
[-135/217 -387/217  171/217 -197/217   -27/31  195/217 -347/217  -79/217  131/217 -151/217  -57/217    -3/31  -43/217 -123/217 -261/217]
[ -23/217 -277/217     -5/7   -13/31  -85/217 -137/217 -247/217   19/217 -207/217  -57/217     5/31 -365/217   45/217  -37/217 -177/217]
[  59/217 -197/217   -11/31  -15/217  -11/217  -65/217 -177/217   87/217 -141/217     1/31   97/217 -305/217  103/217   19/217 -123/217]
[ 111/217   -21/31  -29/217      1/7 -401/217  -23/217 -137/217 -309/217   -15/31   41/217 -305/217 -275/217  131/217 -389/217  -99/217]
[   19/31 -127/217  -11/217   47/217   47/217  -11/217 -127/217    19/31  -99/217 -389/217  131/217 -275/217 -305/217   41/217   -15/31]
[-309/217 -137/217  -23/217 -401/217      1/7  -29/217   -21/31  111/217 -123/217   19/217  103/217 -305/217   97/217     1/31 -141/217]
[  87/217 -177/217  -65/217  -11/217  -15/217   -11/31 -197/217   59/217 -177/217  -37/217   45/217 -365/217     5/31  -57/217 -207/217]
[  19/217 -247/217 -137/217  -85/217   -13/31     -5/7 -277/217  -23/217 -261/217 -123/217  -43/217    -3/31  -57/217 -151/217  131/217]
[ -79/217 -347/217  195/217   -27/31 -197/217  171/217 -387/217 -135/217   59/217 -239/217   -23/31 -141/217 -179/217 -275/217    5/217]
[-207/217  -43/217     9/31 -323/217  101/217   33/217     -3/7  157/217  -85/217     7/31  125/217 -291/217  103/217    5/217 -151/217]
[  69/217   -29/31  -99/217  -53/217  -65/217 -135/217 -263/217  -15/217   -37/31 -127/217  -53/217  -37/217  -79/217 -179/217   97/217]
[  -17/31 -393/217  143/217 -247/217 -261/217  101/217  -29/217        0        0        0        0        0        0        0        0]
Testing obstruction for
m1: 4, m2: 16,a: 0
[      -1 -141/217   87/217   33/217  131/217  381/217  349/217    67/31  741/217  731/217  439/217  299/217  311/217   41/217   -11/31]
[ -43/217  143/217   47/217  103/217  311/217  237/217    45/31  545/217  927/217  593/217  411/217  381/217   69/217   -13/31  -99/217]
[  45/217     -3/7  -79/217   87/217  -29/217     1/31  195/217  535/217  593/217  803/217  731/217  377/217    25/31  125/217  227/217]
[  47/217   19/217  143/217  -15/217    -3/31  125/217  423/217  439/217  607/217  927/217  531/217    41/31  195/217  255/217   33/217]
[ -37/217   45/217     -5/7   -29/31  -99/217  157/217  131/217  257/217  535/217  531/217    97/31  545/217  563/217  299/217  187/217]
[ 227/217  -15/217   -15/31  -43/217  171/217  103/217  187/217  423/217  377/217    69/31  741/217  717/217  411/217  257/217  255/217]
[ -29/217   -23/31 -141/217      1/7  -79/217  -37/217  157/217   69/217    19/31  349/217  717/217  803/217  607/217  563/217  237/217]
[    9/31   41/217  171/217   19/217   19/217  171/217   41/217     9/31  237/217  563/217  607/217  803/217  717/217  349/217    19/31]
[  69/217  157/217  -37/217  -79/217      1/7 -141/217   -23/31  -29/217  255/217  257/217  411/217  717/217  741/217    69/31  377/217]
[ 423/217  187/217  103/217  171/217  -43/217   -15/31  -15/217  227/217  187/217  299/217  563/217  545/217    97/31  531/217  535/217]
[ 257/217  131/217  157/217  -99/217   -29/31     -5/7   45/217  -37/217   33/217  255/217  195/217    41/31  531/217  927/217  607/217]
[ 439/217  423/217  125/217    -3/31  -15/217  143/217   19/217   47/217  227/217  125/217    25/31  377/217  731/217  803/217  593/217]
[ 535/217  195/217     1/31  -29/217   87/217  -79/217     -3/7   45/217  -99/217   -13/31   69/217  381/217  411/217  593/217  927/217]
[ 545/217    45/31  237/217  311/217  103/217   47/217  143/217  -43/217   -11/31   41/217  311/217  299/217  439/217  731/217  741/217]
[   67/31  349/217  381/217  131/217   33/217   87/217 -141/217        0        0        0        0        0        0        0        0]
Unobstructed
41
---------------------------
---------------------------
13a3308
Correction terms
[      -1 -239/233  209/233  179/233  137/233   83/233   17/233  -61/233 -151/233  213/233   99/233  -27/233 -165/233  151/233  -11/233]
[-185/233   95/233 -103/233  153/233  -69/233  163/233  -83/233 -341/233 -145/233   39/233  211/233  -95/233   53/233 -277/233 -153/233]
[ -41/233   59/233  147/233 -243/233 -179/233 -127/233  -87/233  -59/233  -43/233  -39/233  -47/233  -67/233  -99/233 -143/233 -199/233]
[-267/233  119/233   27/233  -77/233 -193/233 -321/233    5/233 -147/233  155/233  -21/233 -209/233 -409/233 -155/233   87/233 -149/233]
[  69/233 -191/233    3/233 -281/233 -111/233   47/233 -273/233 -139/233  -17/233   93/233 -275/233 -189/233 -115/233  -53/233   -3/233]
[  35/233   61/233 -391/233 -389/233   67/233   45/233   11/233  -35/233  -93/233 -163/233 -245/233  127/233   21/233  -97/233 -227/233]
[  97/233  -57/233 -223/233   65/233 -125/233  139/233  -75/233  165/233  -73/233 -323/233 -119/233   73/233  253/233  -45/233  111/233]
[-211/233  -79/233   41/233  149/233  245/233 -137/233  -65/233   -5/233   43/233   79/233  103/233  115/233  115/233  103/233   79/233]
[  43/233   -5/233  -65/233 -137/233  245/233  149/233   41/233  -79/233 -211/233  111/233  -45/233  253/233   73/233 -119/233 -323/233]
[ -73/233  165/233  -75/233  139/233 -125/233   65/233 -223/233  -57/233   97/233 -227/233  -97/233   21/233  127/233 -245/233 -163/233]
[ -93/233  -35/233   11/233   45/233   67/233 -389/233 -391/233   61/233   35/233   -3/233  -53/233 -115/233 -189/233 -275/233   93/233]
[ -17/233 -139/233 -273/233   47/233 -111/233 -281/233    3/233 -191/233   69/233 -149/233   87/233 -155/233 -409/233 -209/233  -21/233]
[ 155/233 -147/233    5/233 -321/233 -193/233  -77/233   27/233  119/233 -267/233 -199/233 -143/233  -99/233  -67/233  -47/233  -39/233]
[ -43/233  -59/233  -87/233 -127/233 -179/233 -243/233  147/233   59/233  -41/233 -153/233 -277/233   53/233  -95/233  211/233   39/233]
[-145/233 -341/233  -83/233  163/233  -69/233  153/233 -103/233   95/233 -185/233  -11/233  151/233 -165/233  -27/233   99/233  213/233]
[-151/233  -61/233   17/233   83/233  137/233  179/233  209/233 -239/233        0        0        0        0        0        0        0]
Testing obstruction for
m1: 2, m2: 40,a: 1
[      -1 -227/233 -209/233 -179/233 -137/233  -83/233  -17/233   61/233  151/233  253/233  367/233  493/233  631/233  781/233  943/233]
[1117/233 1303/233 1501/233 1711/233 1933/233 2167/233 1947/233 1739/233 1543/233 1359/233 1187/233 1027/233  879/233  743/233  619/233]
[ 507/233  407/233  319/233  243/233  179/233  127/233   87/233   59/233   43/233   39/233   47/233   67/233   99/233  143/233  199/233]
[ 267/233  347/233  439/233  543/233  659/233  787/233  927/233 1079/233 1243/233 1419/233 1607/233 1807/233 2019/233 2243/233 2013/233]
[1795/233 1589/233 1395/233 1213/233 1043/233  885/233  739/233  605/233  483/233  373/233  275/233  189/233  115/233   53/233    3/233]
[ -35/233  -61/233  -75/233  -77/233  -67/233  -45/233  -11/233   35/233   93/233  163/233  245/233  339/233  445/233  563/233  693/233]
[ 835/233  989/233 1155/233 1333/233 1523/233 1725/233 1939/233 2165/233 1937/233 1721/233 1517/233 1325/233 1145/233  977/233  821/233]
[ 677/233  545/233  425/233  317/233  221/233  137/233   65/233    5/233  -43/233  -79/233 -103/233 -115/233 -115/233 -103/233  -79/233]
[ -43/233    5/233   65/233  137/233  221/233  317/233  425/233  545/233  677/233  821/233  977/233 1145/233 1325/233 1517/233 1721/233]
[1937/233 2165/233 1939/233 1725/233 1523/233 1333/233 1155/233  989/233  835/233  693/233  563/233  445/233  339/233  245/233  163/233]
[  93/233   35/233  -11/233  -45/233  -67/233  -77/233  -75/233  -61/233  -35/233    3/233   53/233  115/233  189/233  275/233  373/233]
[ 483/233  605/233  739/233  885/233 1043/233 1213/233 1395/233 1589/233 1795/233 2013/233 2243/233 2019/233 1807/233 1607/233 1419/233]
[1243/233 1079/233  927/233  787/233  659/233  543/233  439/233  347/233  267/233  199/233  143/233   99/233   67/233   47/233   39/233]
[  43/233   59/233   87/233  127/233  179/233  243/233  319/233  407/233  507/233  619/233  743/233  879/233 1027/233 1187/233 1359/233]
[1543/233 1739/233 1947/233 2167/233 1933/233 1711/233 1501/233 1303/233 1117/233  943/233  781/233  631/233  493/233  367/233  253/233]
[ 151/233   61/233  -17/233  -83/233 -137/233 -179/233 -209/233 -227/233        0        0        0        0        0        0        0]
Unobstructed
89
---------------------------
---------------------------
