12a798
Correction terms
[      -1 -109/213  203/213    99/71  173/213 -169/213  -101/71 -229/213   53/213    39/71  -37/213   17/213   -49/71 -103/213  149/213]
[   61/71   -1/213   23/213   -57/71 -157/213   65/213    23/71 -145/213 -151/213    17/71   35/213  227/213    67/71  -43/213  -79/213]
[   31/71   47/213  209/213    51/71 -121/213 -187/213   -15/71 -121/213   11/213   -25/71   47/213  -49/213    21/71  -43/213   59/213]
[  -19/71   35/213  -91/213    -3/71 -145/213  -73/213   -73/71 -157/213  113/213    55/71   -1/213   41/213   -45/71 -103/213  137/213]
[   53/71  -37/213  -25/213   -77/71 -229/213  -19/213    -9/71  173/213  155/213   -27/71 -109/213      1/3    11/71  203/213  155/213]
[  -37/71 -169/213  -19/213   -29/71   53/213  -25/213    35/71   17/213  137/213    13/71  149/213   41/213    47/71   23/213  113/213]
[   -5/71   65/213  -73/213    -1/71 -151/213  -91/213    59/71  227/213   59/213    33/71  -79/213  -49/213    63/71  209/213   11/213]
[    7/71 -187/213 -187/213     7/71   11/213  209/213    63/71  -49/213  -79/213    33/71   59/213  227/213    59/71  -91/213 -151/213]
[   -1/71  -73/213   65/213    -5/71  113/213   23/213    47/71   41/213  149/213    13/71  137/213   17/213    35/71  -25/213   53/213]
[  -29/71  -19/213 -169/213   -37/71  155/213  203/213    11/71      1/3 -109/213   -27/71  155/213  173/213    -9/71  -19/213 -229/213]
[  -77/71  -25/213  -37/213    53/71  137/213 -103/213   -45/71   41/213   -1/213    55/71  113/213 -157/213   -73/71  -73/213 -145/213]
[   -3/71  -91/213   35/213   -19/71   59/213  -43/213    21/71  -49/213   47/213   -25/71   11/213 -121/213   -15/71 -187/213 -121/213]
[   51/71  209/213   47/213    31/71  -79/213  -43/213    67/71  227/213   35/213    17/71 -151/213 -145/213    23/71   65/213 -157/213]
[  -57/71   23/213   -1/213    61/71  149/213 -103/213   -49/71   17/213  -37/213    39/71   53/213 -229/213  -101/71 -169/213  173/213]
[   99/71  203/213 -109/213        0        0        0        0        0        0        0        0        0        0        0        0]
Testing obstruction for
m1: 2, m2: 36,a: 0
[      -1  -65/213  -47/213   -53/71   25/213   79/213     1/71  223/213  313/213    91/71  529/213  655/213   217/71  943/213 1105/213]
[  379/71 1465/213 1663/213   577/71 1669/213 1477/213   385/71 1129/213  973/213   229/71  697/213  577/213   109/71  373/213  289/213]
[   25/71  157/213  109/213   -23/71   49/213   37/213   -35/71   49/213   73/213   -11/71  157/213  217/213    49/71  373/213  469/213]
[  145/71  697/213  829/213   277/71 1129/213 1297/213   445/71 1669/213 1873/213   507/71 1465/213 1279/213   321/71  943/213  793/213]
[  171/71  529/213  415/213    57/71  223/213  145/213   -21/71   25/213  -17/213   -63/71  -65/213     -1/3   -69/71  -47/213  -17/213]
[  -39/71   79/213  145/213    27/71  313/213  415/213   129/71  655/213  793/213   267/71 1105/213 1279/213   441/71 1663/213 1873/213]
[  509/71 1477/213 1297/213   329/71  973/213  829/213   185/71  577/213  469/213    77/71  289/213  217/213     5/71  109/213   73/213]
[  -31/71   37/213   37/213   -31/71   73/213  109/213     5/71  217/213  289/213    77/71  469/213  577/213   185/71  829/213  973/213]
[  329/71 1297/213 1477/213   509/71 1873/213 1663/213   441/71 1279/213 1105/213   267/71  793/213  655/213   129/71  415/213  313/213]
[   27/71  145/213   79/213   -39/71  -17/213  -47/213   -69/71     -1/3  -65/213   -63/71  -17/213   25/213   -21/71  145/213  223/213]
[   57/71  415/213  529/213   171/71  793/213  943/213   321/71 1279/213 1465/213   507/71 1873/213 1669/213   445/71 1297/213 1129/213]
[  277/71  829/213  697/213   145/71  469/213  373/213    49/71  217/213  157/213   -11/71   73/213   49/213   -35/71   37/213   49/213]
[  -23/71  109/213  157/213    25/71  289/213  373/213   109/71  577/213  697/213   229/71  973/213 1129/213   385/71 1477/213 1669/213]
[  577/71 1663/213 1465/213   379/71 1105/213  943/213   217/71  655/213  529/213    91/71  313/213  223/213     1/71   79/213   25/213]
[  -53/71  -47/213  -65/213        0        0        0        0        0        0        0        0        0        0        0        0]
Testing obstruction for
m1: 4, m2: 16,a: 1
[      -1 -199/213 -157/213   -29/71   11/213  137/213    97/71  473/213  683/213   165/71  335/213  203/213    33/71   23/213  -25/213]
[  -15/71  -37/213   -1/213    21/71  155/213  275/213   141/71  599/213  803/213   203/71  443/213  305/213    65/71  113/213   59/213]
[   11/71   35/213   65/213    41/71  209/213  323/213   155/71  635/213  833/213   211/71  461/213  317/213    67/71  113/213   53/213]
[    7/71   17/213   41/213    31/71  173/213  281/213   139/71  581/213  773/213   189/71  389/213  239/213    39/71   23/213  -43/213]
[  -27/71  -91/213  -73/213    -9/71   47/213  149/213    93/71  437/213  623/213   279/71  653/213      7/3   123/71  269/213  197/213]
[   51/71  137/213  149/213    63/71  257/213  353/213   159/71  629/213  809/213   197/71  401/213  239/213    35/71   -1/213  -79/213]
[  -43/71 -151/213 -145/213   -37/71  -49/213   41/213    53/71  305/213  479/213   227/71  485/213  317/213    59/71   65/213  -19/213]
[  -25/71 -103/213 -103/213   -25/71  -19/213   65/213    59/71  317/213  485/213   227/71  479/213  305/213    53/71   41/213  -49/213]
[  -37/71 -145/213 -151/213   -43/71  -79/213   -1/213    35/71  239/213  401/213   197/71  809/213  629/213   159/71  353/213  257/213]
[   63/71  149/213  137/213    51/71  197/213  269/213   123/71      7/3  653/213   279/71  623/213  437/213    93/71  149/213   47/213]
[   -9/71  -73/213  -91/213   -27/71  -43/213   23/213    39/71  239/213  389/213   189/71  773/213  581/213   139/71  281/213  173/213]
[   31/71   41/213   17/213     7/71   53/213  113/213    67/71  317/213  461/213   211/71  833/213  635/213   155/71  323/213  209/213]
[   41/71   65/213   35/213    11/71   59/213  113/213    65/71  305/213  443/213   203/71  803/213  599/213   141/71  275/213  155/213]
[   21/71   -1/213  -37/213   -15/71  -25/213   23/213    33/71  203/213  335/213   165/71  683/213  473/213    97/71  137/213   11/213]
[  -29/71 -157/213 -199/213        0        0        0        0        0        0        0        0        0        0        0        0]
Testing obstruction for
m1: 54, m2: 54,a: 53
[      -1 -209/213 -197/213   -59/71 -149/213 -113/213   -23/71  -17/213   43/213    37/71  187/213  271/213   121/71  463/213  571/213]
[  229/71  811/213  943/213   361/71 1231/213 1387/213   517/71 1723/213 1903/213   697/71 2287/213 2491/213   901/71 2497/213 2299/213]
[  703/71 1927/213 1753/213   529/71 1429/213 1279/213   379/71 1003/213  877/213   253/71  649/213  547/213   151/71  367/213  289/213]
[   73/71  157/213  103/213    19/71   19/213  -11/213   -11/71  -47/213  -53/213   -17/71  -41/213  -23/213     1/71   37/213   79/213]
[   43/71  187/213  253/213   109/71  409/213  499/213   199/71  703/213  817/213   313/71 1069/213     17/3   451/71 1507/213 1669/213]
[  613/71 2017/213 2203/213   799/71 2599/213 2809/213   867/71 2401/213 2209/213   675/71 1849/213 1681/213   507/71 1369/213 1225/213]
[  363/71  961/213  841/213   243/71  625/213  529/213   147/71  361/213  289/213    75/71  169/213  121/213    27/71   49/213   25/213]
[    3/71    1/213    1/213     3/71   25/213   49/213    27/71  121/213  169/213    75/71  289/213  361/213   147/71  529/213  625/213]
[  243/71  841/213  961/213   363/71 1225/213 1369/213   507/71 1681/213 1849/213   675/71 2209/213 2401/213   867/71 2809/213 2599/213]
[  799/71 2203/213 2017/213   613/71 1669/213 1507/213   451/71     17/3 1069/213   313/71  817/213  703/213   199/71  499/213  409/213]
[  109/71  253/213  187/213    43/71   79/213   37/213     1/71  -23/213  -41/213   -17/71  -53/213  -47/213   -11/71  -11/213   19/213]
[   19/71  103/213  157/213    73/71  289/213  367/213   151/71  547/213  649/213   253/71  877/213 1003/213   379/71 1279/213 1429/213]
[  529/71 1753/213 1927/213   703/71 2299/213 2497/213   901/71 2491/213 2287/213   697/71 1903/213 1723/213   517/71 1387/213 1231/213]
[  361/71  943/213  811/213   229/71  571/213  463/213   121/71  271/213  187/213    37/71   43/213  -17/213   -23/71 -113/213 -149/213]
[  -59/71 -197/213 -209/213        0        0        0        0        0        0        0        0        0        0        0        0]
---------------------------
SUCCESS for name = 12a798
---------------------------
12a800
Correction terms
[    -1 -11/93  49/93 -33/31 103/93  97/93  23/31  19/93 -53/93  13/31 -77/93 -29/93  -1/31   1/93 -17/93]
[ 43/31  67/93 -17/93  21/31 -65/93 -29/93  -5/31 -23/93 -53/93  27/31   7/93  97/93  -7/31  25/93  49/93]
[-45/31    1/3 -11/93 -25/31  25/93 103/93  -9/31   7/93  19/93   3/31 -23/93 -77/93  11/31 -65/93   1/93]
[ 15/31  67/93  67/93  15/31   1/93 -65/93  11/31 -77/93 -23/93   3/31  19/93   7/93  -9/31 103/93  25/93]
[-25/31 -11/93    1/3 -45/31  49/93  25/93  -7/31  97/93   7/93  27/31 -53/93 -23/93  -5/31 -29/93 -65/93]
[ 21/31 -17/93  67/93  43/31 -17/93   1/93  -1/31 -29/93 -77/93  13/31 -53/93  19/93  23/31  97/93 103/93]
[-33/31  49/93 -11/93      0      0      0      0      0      0      0      0      0      0      0      0]
Testing obstruction for
m1: 2, m2: 16,a: 0
[    -1 -25/93  -7/93 -13/31  65/93 119/93  41/31 263/93 353/93  69/31 197/93 137/93   9/31  53/93  29/93]
[-15/31  17/93  29/93  -3/31  89/93 137/93  45/31 269/93 353/93  67/31 185/93 119/93   1/31  23/93  -7/93]
[-29/31   -1/3 -25/93 -23/31  23/93  65/93  19/31 185/93 263/93  97/31 269/93 197/93  25/31  89/93  53/93]
[-11/31  17/93  17/93 -11/31  53/93  89/93  25/31 197/93 269/93  97/31 263/93 185/93  19/31  65/93  23/93]
[-23/31 -25/93   -1/3 -29/31  -7/93  23/93   1/31 119/93 185/93  67/31 353/93 269/93  45/31 137/93  89/93]
[ -3/31  29/93  17/93 -15/31  29/93  53/93   9/31 137/93 197/93  69/31 353/93 263/93  41/31 119/93  65/93]
[-13/31  -7/93 -25/93      0      0      0      0      0      0      0      0      0      0      0      0]
Testing obstruction for
m1: 24, m2: 24,a: 23
[    -1 -89/93 -77/93 -19/31 -29/93   7/93  17/31 103/93 163/93  77/31 307/93 391/93 161/31 397/93 319/93]
[ 83/31 187/93 133/93  29/31  49/93  19/93  -1/31 -17/93 -23/93  -7/31 -11/93   7/93  11/31  67/93 109/93]
[ 53/31    7/3 283/93 119/31 439/93 529/93 147/31 361/93 289/93  75/31 169/93 121/93  27/31  49/93  25/93]
[  3/31   1/93   1/93   3/31  25/93  49/93  27/31 121/93 169/93  75/31 289/93 361/93 147/31 529/93 439/93]
[119/31 283/93    7/3  53/31 109/93  67/93  11/31   7/93 -11/93  -7/31 -23/93 -17/93  -1/31  19/93  49/93]
[ 29/31 133/93 187/93  83/31 319/93 397/93 161/31 391/93 307/93  77/31 163/93 103/93  17/31   7/93 -29/93]
[-19/31 -77/93 -89/93      0      0      0      0      0      0      0      0      0      0      0      0]
---------------------------
SUCCESS for name = 12a800
---------------------------
12a812
Correction terms
[      -1  -43/201   29/201     5/67  -85/201  131/201    87/67  -97/201 -139/201    45/67  -79/201   23/201    13/67  -31/201  215/201]
[   -9/67   47/201   35/201   -21/67 -247/201 -115/201   -23/67 -109/201  167/201   -15/67   59/201   77/201     3/67 -145/201   17/201]
[   31/67   83/201  -13/201    69/67  -61/201  -13/201   -17/67 -175/201   17/201   -93/67  143/201   77/201   -25/67   89/201  167/201]
[   53/67   65/201 -115/201     7/67   71/201   35/201   -29/67  107/201  215/201   -55/67  173/201   23/201   -71/67 -133/201 -139/201]
[   57/67   -7/201  131/201    61/67  149/201   29/201   -59/67     -1/3  -43/201   -35/67  149/201  -85/201    -1/67   -7/201  -97/201]
[   43/67 -133/201  -79/201   -37/67  173/201  -31/201    27/67  107/201   47/201   -33/67   71/201 -247/201    51/67   65/201 -109/201]
[   11/67   89/201   59/201   -19/67  143/201 -145/201   -39/67 -175/201   83/201    85/67  -61/201  -61/201    85/67   83/201 -175/201]
[  -39/67 -145/201  143/201   -19/67   59/201   89/201    11/67 -109/201   65/201    51/67 -247/201   71/201   -33/67   47/201  107/201]
[   27/67  -31/201  173/201   -37/67  -79/201 -133/201    43/67  -97/201   -7/201    -1/67  -85/201  149/201   -35/67  -43/201     -1/3]
[  -59/67   29/201  149/201    61/67  131/201   -7/201    57/67 -139/201 -133/201   -71/67   23/201  173/201   -55/67  215/201  107/201]
[  -29/67   35/201   71/201     7/67 -115/201   65/201    53/67  167/201   89/201   -25/67   77/201  143/201   -93/67   17/201 -175/201]
[  -17/67  -13/201  -61/201    69/67  -13/201   83/201    31/67   17/201 -145/201     3/67   77/201   59/201   -15/67  167/201 -109/201]
[  -23/67 -115/201 -247/201   -21/67   35/201   47/201    -9/67  215/201  -31/201    13/67   23/201  -79/201    45/67 -139/201  -97/201]
[   87/67  131/201  -85/201     5/67   29/201  -43/201        0        0        0        0        0        0        0        0        0]
Testing obstruction for
m1: 2, m2: 34,a: 0
[      -1  -61/201  -43/201   -49/67   29/201   83/201     5/67  227/201  317/201    95/67  533/201  659/201   221/67  947/201 1109/201]
[  383/67 1469/201 1667/201   447/67 1295/201 1127/201   279/67  827/201  695/201   147/67  467/201  371/201    51/67  215/201  155/201]
[   -9/67   71/201   47/201   -33/67   35/201   47/201   -21/67  107/201  155/201    27/67  287/201  371/201   111/67  575/201  695/201]
[  231/67  971/201 1127/201   387/67 1475/201 1667/201   445/67 1283/201 1109/201   271/67  797/201  659/201   133/67  419/201  317/201]
[   31/67  149/201   83/201   -35/67  -13/201  -43/201   -65/67     -1/3  -61/201   -59/67  -13/201   29/201   -17/67  149/201  227/201]
[   61/67  419/201  533/201   175/67  797/201  947/201   325/67 1283/201 1469/201   511/67 1475/201 1295/201   331/67  971/201  827/201]
[  187/67  575/201  467/201    79/67  287/201  215/201     7/67  107/201   71/201   -29/67   35/201   35/201   -29/67   71/201  107/201]
[    7/67  215/201  287/201    79/67  467/201  575/201   187/67  827/201  971/201   331/67 1295/201 1475/201   511/67 1469/201 1283/201]
[  325/67  947/201  797/201   175/67  533/201  419/201    61/67  227/201  149/201   -17/67   29/201  -13/201   -59/67  -61/201     -1/3]
[  -65/67  -43/201  -13/201   -35/67   83/201  149/201    31/67  317/201  419/201   133/67  659/201  797/201   271/67 1109/201 1283/201]
[  445/67 1667/201 1475/201   387/67 1127/201  971/201   231/67  695/201  575/201   111/67  371/201  287/201    27/67  155/201  107/201]
[  -21/67   47/201   35/201   -33/67   47/201   71/201    -9/67  155/201  215/201    51/67  371/201  467/201   147/67  695/201  827/201]
[  279/67 1127/201 1295/201   447/67 1667/201 1469/201   383/67 1109/201  947/201   221/67  659/201  533/201    95/67  317/201  227/201]
[    5/67   83/201   29/201   -49/67  -43/201  -61/201        0        0        0        0        0        0        0        0        0]
[-61/201, -43/201, -49/67]
34 [-61/201, -43/201, 85/67]
[-61/201, -43/201, -49/67]
100 [-61/201, -43/201, 85/67]
Testing obstruction for
m1: 4, m2: 16,a: 2
[      -1 -187/201 -145/201   -25/67   23/201  149/201   101/67  485/201  695/201   177/67  395/201  287/201    69/67  155/201  131/201]
[   45/67  167/201  227/201   105/67  431/201  575/201   249/67  545/201  371/201    75/67  107/201   17/201   -15/67  -79/201  -85/201]
[  -21/67  -13/201   65/201    57/67  305/201  467/201   219/67  473/201  317/201    63/67   89/201   17/201    -9/67  -43/201  -31/201]
[    3/67   77/201  173/201    99/67  449/201  629/201   145/67  269/201  131/201     7/67  -61/201 -115/201   -47/67 -139/201 -109/201]
[  -17/67   35/201  149/201    97/67  461/201  659/201   161/67      5/3  215/201    41/67   59/201   23/201     5/67   35/201   83/201]
[   53/67  263/201  395/201   185/67  743/201  557/201   133/67  269/201  167/201    31/67   47/201   29/201    13/67   77/201  143/201]
[   79/67  359/201  509/201   229/67  491/201  323/201    61/67   71/201  -13/201   -23/67  -97/201  -97/201   -23/67  -13/201   71/201]
[   61/67  323/201  491/201   229/67  509/201  359/201    79/67  143/201   77/201    13/67   29/201   47/201    31/67  167/201  269/201]
[  133/67  557/201  743/201   185/67  395/201  263/201    53/67   83/201   35/201     5/67   23/201   59/201    41/67  215/201      5/3]
[  161/67  659/201  461/201    97/67  149/201   35/201   -17/67 -109/201 -139/201   -47/67 -115/201  -61/201     7/67  131/201  269/201]
[  145/67  629/201  449/201    99/67  173/201   77/201     3/67  -31/201  -43/201    -9/67   17/201   89/201    63/67  317/201  473/201]
[  219/67  467/201  305/201    57/67   65/201  -13/201   -21/67  -85/201  -79/201   -15/67   17/201  107/201    75/67  371/201  545/201]
[  249/67  575/201  431/201   105/67  227/201  167/201    45/67  131/201  155/201    69/67  287/201  395/201   177/67  695/201  485/201]
[  101/67  149/201   23/201   -25/67 -145/201 -187/201        0        0        0        0        0        0        0        0        0]
Testing obstruction for
m1: 8, m2: 12,a: 6
[      -1 -173/201  -89/201    17/67  247/201   97/201     1/67  -35/201  -17/201    19/67  187/201  373/201    71/67  109/201   61/201]
[   23/67  133/201  253/201   143/67  259/201  145/201    29/67   85/201  139/201    83/67  415/201  235/201    37/67   43/201   31/201]
[   25/67  175/201  331/201    47/67    7/201  -71/201   -31/67  -59/201   31/201    59/67  379/201  235/201    49/67  115/201  139/201]
[   73/67  355/201  547/201   131/67  295/201  253/201    89/67  337/201  463/201    81/67   79/201  -29/201   -27/67  -77/201  -17/201]
[   33/67  271/201   97/201    -7/67  -83/201  -89/201   -13/67      1/3  229/201    15/67  -83/201 -155/201   -57/67 -131/201  -35/201]
[   39/67  325/201  187/201    35/67   79/201  109/201    65/67  337/201  535/201   129/67  295/201  259/201    93/67  355/201  487/201]
[   91/67  115/201   13/201   -11/67  -23/201   43/201    55/67  343/201  175/201    21/67    7/201    7/201    21/67  175/201  343/201]
[   55/67   43/201  -23/201   -11/67   13/201  115/201    91/67  487/201  355/201    93/67  259/201  295/201   129/67  535/201  337/201]
[   65/67  109/201   79/201    35/67  187/201  325/201    39/67  -35/201 -131/201   -57/67 -155/201  -83/201    15/67  229/201      1/3]
[  -13/67  -89/201  -83/201    -7/67   97/201  271/201    33/67  -17/201  -77/201   -27/67  -29/201   79/201    81/67  463/201  337/201]
[   89/67  253/201  295/201   131/67  547/201  355/201    73/67  139/201  115/201    49/67  235/201  379/201    59/67   31/201  -59/201]
[  -31/67  -71/201    7/201    47/67  331/201  175/201    25/67   31/201   43/201    37/67  235/201  415/201    83/67  139/201   85/201]
[   29/67  145/201  259/201   143/67  253/201  133/201    23/67   61/201  109/201    71/67  373/201  187/201    19/67  -17/201  -35/201]
[    1/67   97/201  247/201    17/67  -89/201 -173/201        0        0        0        0        0        0        0        0        0]
Testing obstruction for
m1: 18, m2: 18,a: 16
[      -1 -131/201   79/201     9/67  115/201  -59/201   -31/67   13/201  259/201    81/67  367/201  229/201    77/67  373/201  655/201]
[  225/67  835/201  733/201   257/67  547/201  463/201   173/67  313/201  247/201   107/67  133/201   85/201    59/67    7/201  -23/201]
[   29/67  -65/201  -77/201    17/67  -83/201  -77/201    23/67  -47/201  -23/201    47/67   43/201   85/201    89/67  187/201  247/201]
[  149/67  385/201  463/201   227/67  637/201  733/201   189/67  541/201  655/201   169/67  499/201  229/201    33/67  109/201  259/201]
[   49/67  175/201  -59/201   -51/67 -107/201   79/201     1/67      1/3 -131/201   -63/67 -107/201  115/201    25/67  175/201   13/201]
[   -3/67  109/201  367/201   121/67  499/201  373/201   129/67  541/201  835/201   289/67  637/201  547/201   199/67  385/201  313/201]
[  127/67  187/201  133/201    73/67   43/201    7/201    37/67  -47/201  -65/201    19/67  -83/201  -83/201    19/67  -65/201  -47/201]
[   37/67    7/201   43/201    73/67  133/201  187/201   127/67  313/201  385/201   199/67  547/201  637/201   289/67  835/201  541/201]
[  129/67  373/201  499/201   121/67  367/201  109/201    -3/67   13/201  175/201    25/67  115/201 -107/201   -63/67 -131/201      1/3]
[    1/67   79/201 -107/201   -51/67  -59/201  175/201    49/67  259/201  109/201    33/67  229/201  499/201   169/67  655/201  541/201]
[  189/67  733/201  637/201   227/67  463/201  385/201   149/67  247/201  187/201    89/67   85/201   43/201    47/67  -23/201  -47/201]
[   23/67  -77/201  -83/201    17/67  -77/201  -65/201    29/67  -23/201    7/201    59/67   85/201  133/201   107/67  247/201  313/201]
[  173/67  463/201  547/201   257/67  733/201  835/201   225/67  655/201  373/201    77/67  229/201  367/201    81/67  259/201   13/201]
[  -31/67  -59/201  115/201     9/67   79/201 -131/201        0        0        0        0        0        0        0        0        0]
---------------------------
SUCCESS for name = 12a812
---------------------------
12a841
Correction terms
[      -1   47/129   59/129    55/43 -151/129 -115/129     5/43  -19/129   41/129   -21/43  -73/129   11/129   -23/43  -55/129   53/129]
[   -1/43   35/129  -91/129    45/43  -61/129   95/129   -57/43  -85/129   95/129    37/43  -37/129  -91/129   -17/43   83/129   53/129]
[  -47/43   17/129   11/129    33/43   23/129   41/129   -35/43  101/129 -115/129     7/43   -7/129   59/129   -13/43     -1/3   47/129]
[   -9/43   -7/129 -151/129    19/43  101/129  -19/129   -15/43   23/129  -73/129    61/43   17/129  -55/129   -11/43   83/129   35/129]
[   27/43  -37/129  -61/129     3/43  -85/129  -85/129     3/43  -61/129  -37/129    27/43   35/129   83/129   -11/43  -55/129   17/129]
[   61/43  -73/129   23/129   -15/43  -19/129  101/129    19/43 -151/129   -7/129    -9/43   47/129     -1/3   -13/43   59/129   -7/129]
[    7/43 -115/129  101/129   -35/43   41/129   23/129    33/43   11/129   17/129   -47/43   53/129   83/129   -17/43  -91/129  -37/129]
[   37/43   95/129  -85/129   -57/43   95/129  -61/129    45/43  -91/129   35/129    -1/43   53/129  -55/129   -23/43   11/129  -73/129]
[  -21/43   41/129  -19/129     5/43 -115/129 -151/129    55/43   59/129   47/129        0        0        0        0        0        0]
Testing obstruction for
m1: 2, m2: 22,a: 0
[     -1 -37/129 -19/129  -25/43  53/129 107/129   29/43 251/129 341/129  119/43 557/129 683/129  159/43 455/129 359/129]
[  63/43 203/129 143/129    3/43  59/129  35/129  -21/43  23/129  35/129   -9/43  95/129 143/129   39/43 275/129 359/129]
[ 123/43 563/129 683/129  157/43 443/129 341/129   55/43 173/129 107/129  -11/43  11/129 -19/129  -41/43    -1/3 -37/129]
[ -35/43  11/129  53/129    7/43 173/129 251/129   85/43 443/129 557/129  199/43 563/129 455/129   91/43 275/129 203/129]
[  19/43  95/129  59/129  -17/43  23/129  23/129  -17/43  59/129  95/129   19/43 203/129 275/129   91/43 455/129 563/129]
[ 199/43 557/129 443/129   85/43 251/129 173/129    7/43  53/129  11/129  -35/43 -37/129    -1/3  -41/43 -19/129  11/129]
[ -11/43 107/129 173/129   55/43 341/129 443/129  157/43 683/129 563/129  123/43 359/129 275/129   39/43 143/129  95/129]
[  -9/43  35/129  23/129  -21/43  35/129  59/129    3/43 143/129 203/129   63/43 359/129 455/129  159/43 683/129 557/129]
[ 119/43 341/129 251/129   29/43 107/129  53/129  -25/43 -19/129 -37/129       0       0       0       0       0       0]
[-37/129, -19/129, -25/43]
25 [-37/129, -19/129, 61/43]
[-37/129, -19/129, -25/43]
61 [-37/129, -19/129, 61/43]
Testing obstruction for
m1: 4, m2: 10,a: 1
[      -1 -115/129  -73/129    -1/43   95/129  221/129    39/43   41/129   -7/129    -9/43  -19/129   17/129    27/43  173/129  293/129]
[   61/43  101/129   47/129     7/43   23/129   53/129    37/43  197/129  311/129    65/43  107/129   47/129     5/43   11/129   35/129]
[   29/43  167/129  275/129    51/43   59/129   -7/129   -15/43  -55/129  -37/129     3/43   83/129  185/129   105/43      5/3  143/129]
[   33/43   83/129   95/129    45/43  203/129  299/129    55/43   59/129  -19/129   -23/43  -91/129  -85/129   -17/43   11/129  101/129]
[   73/43  107/129   23/129   -11/43  -61/129  -61/129   -11/43   23/129  107/129    73/43  101/129   11/129   -17/43  -85/129  -91/129]
[  -23/43  -19/129   59/129    55/43  299/129  203/129    45/43   95/129   83/129    33/43  143/129      5/3   105/43  185/129   83/129]
[    3/43  -37/129  -55/129   -15/43   -7/129   59/129    51/43  275/129  167/129    29/43   35/129   11/129     5/43   47/129  107/129]
[   65/43  311/129  197/129    37/43   53/129   23/129     7/43   47/129  101/129    61/43  293/129  173/129    27/43   17/129  -19/129]
[   -9/43   -7/129   41/129    39/43  221/129   95/129    -1/43  -73/129 -115/129        0        0        0        0        0        0]
Unobstructed
5
---------------------------
---------------------------
12a869
Correction terms
[      -1   55/161   59/161 -149/161   75/161 -235/161 -113/161    17/23 -183/161  -53/161 -135/161 -107/161   31/161  -43/161    -1/23]
[-183/161 -249/161  117/161  -51/161 -109/161  -57/161   -31/23   55/161      5/7  -37/161  -79/161  -11/161 -155/161    19/23 -113/161]
[-249/161   47/161 -191/161    3/161  -15/161   -35/23  -43/161  -53/161   47/161  -65/161  -67/161   41/161    -9/23  -57/161   59/161]
[ -37/161     -1/7  101/161   13/161     5/23 -155/161 -235/161  117/161  -65/161 -137/161  -99/161   -39/23  -15/161   31/161 -135/161]
[-191/161 -137/161   27/161    -3/23   41/161 -109/161 -149/161  -79/161  101/161      3/7   -25/23   13/161  -11/161   75/161  -51/161]
[ -67/161   27/161   -13/23  -99/161    3/161 -107/161 -107/161    3/161  -99/161   -13/23   27/161  -67/161  -51/161   75/161  -11/161]
[  13/161   -25/23      3/7  101/161  -79/161 -149/161 -109/161   41/161    -3/23   27/161 -137/161 -191/161 -135/161   31/161  -15/161]
[  -39/23  -99/161 -137/161  -65/161  117/161 -235/161 -155/161     5/23   13/161  101/161     -1/7  -37/161   59/161  -57/161    -9/23]
[  41/161  -67/161  -65/161   47/161  -53/161  -43/161   -35/23  -15/161    3/161 -191/161   47/161 -249/161 -113/161    19/23 -155/161]
[ -11/161  -79/161  -37/161      5/7   55/161   -31/23  -57/161 -109/161  -51/161  117/161 -249/161 -183/161    -1/23  -43/161   31/161]
[-107/161 -135/161  -53/161 -183/161    17/23 -113/161 -235/161   75/161 -149/161   59/161   55/161        0        0        0        0]
Testing obstruction for
m1: 4, m2: 12,a: 0
[      -1 -101/161   79/161   57/161  155/161  373/161  389/161    29/23  137/161  191/161   43/161   15/161  107/161   -3/161     1/23]
[ 137/161  387/161  435/161  281/161  247/161   11/161   -15/23 -101/161      1/7  -55/161  -13/161  149/161  109/161    27/23  389/161]
[ 387/161  183/161   99/161  135/161  -31/161   -11/23   -3/161  191/161  183/161  295/161  527/161  235/161     9/23   11/161   79/161]
[ -55/161     -3/7   37/161  -59/161    -5/23  109/161  373/161  435/161  295/161  275/161   53/161    -7/23  -31/161  107/161   43/161]
[  99/161  275/161  249/161    49/23  235/161  247/161   57/161  -13/161   37/161     -5/7   -21/23  -59/161  149/161  155/161  281/161]
[ 527/161  249/161    13/23   53/161  135/161   15/161   15/161  135/161   53/161    13/23  249/161  527/161  281/161  155/161  149/161]
[ -59/161   -21/23     -5/7   37/161  -13/161   57/161  247/161  235/161    49/23  249/161  275/161   99/161   43/161  107/161  -31/161]
[   -7/23   53/161  275/161  295/161  435/161  373/161  109/161    -5/23  -59/161   37/161     -3/7  -55/161   79/161   11/161     9/23]
[ 235/161  527/161  295/161  183/161  191/161   -3/161   -11/23  -31/161  135/161   99/161  183/161  387/161  389/161    27/23  109/161]
[ 149/161  -13/161  -55/161      1/7 -101/161   -15/23   11/161  247/161  281/161  435/161  387/161  137/161     1/23   -3/161  107/161]
[  15/161   43/161  191/161  137/161    29/23  389/161  373/161  155/161   57/161   79/161 -101/161        0        0        0        0]
Testing obstruction for
m1: 2, m2: 28,a: 1
[      -1 -155/161 -137/161 -107/161  -65/161  -11/161   55/161    19/23  223/161  325/161  439/161  565/161  703/161  853/161   145/23]
[ 867/161  731/161  607/161  495/161  395/161  307/161    33/23  167/161      5/7   75/161   47/161   31/161   27/161     5/23   55/161]
[  87/161  131/161  187/161  255/161  335/161    61/23  531/161  647/161  775/161  915/161 1067/161  909/161   109/23  629/161  507/161]
[ 397/161     13/7  213/161  139/161    11/23   27/161  -11/161  -37/161  -51/161  -53/161  -43/161    -3/23   13/161   59/161  117/161]
[ 187/161  269/161  363/161    67/23  587/161  717/161  859/161 1013/161  857/161     31/7    83/23  461/161  353/161  257/161  173/161]
[ 101/161   41/161    -1/23  -43/161  -67/161  -79/161  -79/161  -67/161  -43/161    -1/23   41/161  101/161  173/161  257/161  353/161]
[ 461/161    83/23     31/7  857/161 1013/161  859/161  717/161  587/161    67/23  363/161  269/161  187/161  117/161   59/161   13/161]
[   -3/23  -43/161  -53/161  -51/161  -37/161  -11/161   27/161    11/23  139/161  213/161     13/7  397/161  507/161  629/161   109/23]
[ 909/161 1067/161  915/161  775/161  647/161  531/161    61/23  335/161  255/161  187/161  131/161   87/161   55/161     5/23   27/161]
[  31/161   47/161   75/161      5/7  167/161    33/23  307/161  395/161  495/161  607/161  731/161  867/161   145/23  853/161  703/161]
[ 565/161  439/161  325/161  223/161    19/23   55/161  -11/161  -65/161 -107/161 -137/161 -155/161        0        0        0        0]
Unobstructed
27
---------------------------
---------------------------
