13a1452
Correction terms
[      -1   35/177  -37/177   -13/59   29/177  167/177     7/59  -55/177  -61/177     1/59 -217/177  -13/177   -31/59 -103/177  -43/177]
[   29/59  -67/177 -151/177   -55/59 -109/177 -337/177   -47/59 -229/177 -247/177   -65/59  -73/177 -235/177     9/59    5/177 -301/177]
[  -61/59    5/177  -91/177   -39/59  -73/177   41/177   -43/59  125/177   95/177   -73/59 -109/177   71/177   -11/59  -67/177  -31/177]
[   25/59 -103/177  143/177    35/59 -217/177 -115/177    19/59  -55/177  -97/177   -23/59   29/177 -157/177    27/59   35/177     -5/3]
[  -67/59  -37/177 -157/177   -69/59 -187/177  -97/177   -97/59  -61/177 -115/177   -33/59  -13/177 -211/177  -113/59  -43/177  -31/177]
[ -101/59 -151/177   71/177     3/59   17/177   95/177   -37/59 -247/177   41/177    15/59 -235/177  -91/177    41/59   53/177   53/177]
[   41/59  -91/177 -235/177    15/59   41/177 -247/177   -37/59   95/177   17/177     3/59   71/177 -151/177  -101/59  -31/177  -43/177]
[ -113/59 -211/177  -13/177   -33/59 -115/177  -61/177   -97/59  -97/177 -187/177   -69/59 -157/177  -37/177   -67/59     -5/3   35/177]
[   27/59 -157/177   29/177   -23/59  -97/177  -55/177    19/59 -115/177 -217/177    35/59  143/177 -103/177    25/59  -31/177  -67/177]
[  -11/59   71/177 -109/177   -73/59   95/177  125/177   -43/59   41/177  -73/177   -39/59  -91/177    5/177   -61/59 -301/177    5/177]
[    9/59 -235/177  -73/177   -65/59 -247/177 -229/177   -47/59 -337/177 -109/177   -55/59 -151/177  -67/177    29/59  -43/177 -103/177]
[  -31/59  -13/177 -217/177     1/59  -61/177  -55/177     7/59  167/177   29/177   -13/59  -37/177   35/177        0        0        0]
Testing obstruction for
m1: 2, m2: 30,a: 0
[      -1  -53/177  -35/177   -41/59   37/177   91/177    13/59  235/177  325/177   103/59  541/177  667/177   229/59  955/177 1117/177]
[  391/59 1123/177  967/177   235/59  691/177  571/177   115/59  367/177  283/177    31/59  151/177  103/177   -17/59   43/177   31/177]
[  -29/59   43/177   67/177    -5/59  151/177  211/177    55/59  367/177  463/177   151/59  691/177  823/177   283/59 1123/177 1291/177]
[  333/59  955/177  805/177   183/59  541/177  427/177    69/59  235/177  157/177    -9/59   37/177   -5/177   -51/59  -53/177     -1/3]
[  -57/59  -35/177   -5/177   -27/59   91/177  157/177    39/59  325/177  427/177   141/59  667/177  805/177   279/59 1117/177 1291/177]
[  335/59  967/177  823/177   191/59  571/177  463/177    83/59  283/177  211/177    11/59  103/177   67/177   -25/59   31/177   31/177]
[  -25/59   67/177  103/177    11/59  211/177  283/177    83/59  463/177  571/177   191/59  823/177  967/177   335/59 1291/177 1117/177]
[  279/59  805/177  667/177   141/59  427/177  325/177    39/59  157/177   91/177   -27/59   -5/177  -35/177   -57/59     -1/3  -53/177]
[  -51/59   -5/177   37/177    -9/59  157/177  235/177    69/59  427/177  541/177   183/59  805/177  955/177   333/59 1291/177 1123/177]
[  283/59  823/177  691/177   151/59  463/177  367/177    55/59  211/177  151/177    -5/59   67/177   43/177   -29/59   31/177   43/177]
[  -17/59  103/177  151/177    31/59  283/177  367/177   115/59  571/177  691/177   235/59  967/177 1123/177   391/59 1117/177  955/177]
[  229/59  667/177  541/177   103/59  325/177  235/177    13/59   91/177   37/177   -41/59  -35/177  -53/177        0        0        0]
Testing obstruction for
m1: 16, m2: 16,a: 14
[      -1 -115/177   71/177     9/59  107/177  -43/177   -23/59   29/177  251/177    81/59  359/177  245/177    85/59  389/177  647/177]
[  225/59  473/177  395/177   147/59  257/177  197/177    87/59   95/177   53/177    45/59  -13/177  -37/177    21/59  -67/177  -73/177]
[   15/59  -67/177  -55/177    27/59  -13/177   17/177    57/59   95/177  143/177   105/59  257/177  323/177   171/59  473/177  557/177]
[  137/59  389/177  491/177   121/59  359/177  125/177     5/59   29/177  167/177    25/59  107/177  -91/177   -55/59 -115/177      1/3]
[    1/59   71/177  -91/177   -43/59  -43/177  167/177    49/59  251/177  125/177    41/59  245/177  491/177   169/59  647/177  557/177]
[  197/59  395/177  323/177   125/59  197/177  143/177    71/59   53/177   17/177    35/59  -37/177  -55/177    17/59  -73/177  -73/177]
[   17/59  -55/177  -37/177    35/59   17/177   53/177    71/59  143/177  197/177   125/59  323/177  395/177   197/59  557/177  647/177]
[  169/59  491/177  245/177    41/59  125/177  251/177    49/59  167/177  -43/177   -43/59  -91/177   71/177     1/59      1/3 -115/177]
[  -55/59  -91/177  107/177    25/59  167/177   29/177     5/59  125/177  359/177   121/59  491/177  389/177   137/59  557/177  473/177]
[  171/59  323/177  257/177   105/59  143/177   95/177    57/59   17/177  -13/177    27/59  -55/177  -67/177    15/59  -73/177  -67/177]
[   21/59  -37/177  -13/177    45/59   53/177   95/177    87/59  197/177  257/177   147/59  395/177  473/177   225/59  647/177  389/177]
[   85/59  245/177  359/177    81/59  251/177   29/177   -23/59  -43/177  107/177     9/59   71/177 -115/177        0        0        0]
Unobstructed
50
---------------------------
---------------------------
13a1461
Correction terms
[     -1   13/89  -37/89  -61/89  -59/89  -31/89   23/89  -75/89 -147/89  -15/89  -35/89  -29/89    3/89 -117/89  -33/89]
[-101/89   35/89   19/89 -149/89 -113/89  -51/89   37/89  -27/89  -65/89  -77/89  -63/89  -23/89   43/89  -43/89 -103/89]
[-137/89   33/89   51/89  -83/89 -191/89  -95/89   27/89   -3/89   -7/89 -163/89 -115/89  -41/89   59/89    7/89 -197/89]
[-197/89    7/89   59/89  -41/89 -115/89 -163/89   -7/89   -3/89   27/89  -95/89 -191/89  -83/89   51/89   33/89 -137/89]
[-103/89  -43/89   43/89  -23/89  -63/89  -77/89  -65/89  -27/89   37/89  -51/89 -113/89 -149/89   19/89   35/89 -101/89]
[ -33/89 -117/89    3/89  -29/89  -35/89  -15/89 -147/89  -75/89   23/89  -31/89  -59/89  -61/89  -37/89   13/89       0]
Testing obstruction for
m1: 2, m2: 16,a: 1
[    -1 -83/89 -65/89 -35/89   7/89  61/89 127/89 205/89 295/89 219/89 155/89 103/89  63/89  35/89  19/89]
[ 15/89  23/89  43/89  75/89 119/89 175/89 243/89 323/89 237/89 163/89 101/89  51/89  13/89 -13/89 -27/89]
[-29/89 -19/89   3/89  37/89  83/89 141/89 211/89 293/89 209/89 137/89  77/89  29/89  -7/89 -31/89 -43/89]
[-43/89 -31/89  -7/89  29/89  77/89 137/89 209/89 293/89 211/89 141/89  83/89  37/89   3/89 -19/89 -29/89]
[-27/89 -13/89  13/89  51/89 101/89 163/89 237/89 323/89 243/89 175/89 119/89  75/89  43/89  23/89  15/89]
[ 19/89  35/89  63/89 103/89 155/89 219/89 295/89 205/89 127/89  61/89   7/89 -35/89 -65/89 -83/89      0]
Unobstructed
33
---------------------------
---------------------------
13a1462
Correction terms
[      -1  -49/165  -31/165   -37/55   41/165   -47/33    17/55  -91/165   -1/165    -3/55   -23/33     1/15   -97/55  -31/165 -199/165]
[   -9/11 -169/165 -301/165   -67/55 -199/165   -59/33   -53/55   -11/15 -181/165    -3/55   -53/33   41/165   -27/55   29/165   41/165]
[   -3/11  101/165 -181/165      3/5  -49/165     7/33     7/55  -91/165   29/165    17/55    -5/33  131/165   -47/55  149/165     1/15]
[    7/11  101/165   -1/165    43/55 -169/165    19/33   -23/55   -1/165  -31/165   -53/55     -1/3  -49/165   -47/55   -1/165 -289/165]
[   -1/11 -169/165  -91/165   -37/55 -229/165   -23/33     -3/5 -181/165  -31/165  -103/55    -5/33 -169/165   -27/55  -91/165 -199/165]
[   -5/11  -49/165   -11/15    13/55 -229/165    13/33   -23/55   29/165   29/165   -23/55    13/33 -229/165    13/55   -11/15  -49/165]
[   -5/11 -199/165  -91/165   -27/55 -169/165    -5/33  -103/55  -31/165 -181/165     -3/5   -23/33 -229/165   -37/55  -91/165 -169/165]
[   -1/11 -289/165   -1/165   -47/55  -49/165     -1/3   -53/55  -31/165   -1/165   -23/55    19/33 -169/165    43/55   -1/165  101/165]
[    7/11     1/15  149/165   -47/55  131/165    -5/33    17/55   29/165  -91/165     7/55     7/33  -49/165      3/5 -181/165  101/165]
[   -3/11   41/165   29/165   -27/55   41/165   -53/33    -3/55 -181/165   -11/15   -53/55   -59/33 -199/165   -67/55 -301/165 -169/165]
[   -9/11 -199/165  -31/165   -97/55     1/15   -23/33    -3/55   -1/165  -91/165    17/55   -47/33   41/165   -37/55  -31/165  -49/165]
[       0        0        0        0        0        0        0        0        0        0        0        0        0        0        0]
Testing obstruction for
m1: 2, m2: 28,a: 0
[      -1  -49/165  -31/165   -37/55   41/165    19/33    17/55  239/165  329/165   107/55   109/33    61/15   233/55  959/165 1121/165]
[   57/11  821/165  689/165   153/55  461/165    73/33    57/55    19/15  149/165    -3/55    13/33   41/165   -27/55   29/165   41/165]
[   -3/11  101/165  149/165      3/5  281/165    73/33   117/55  569/165  689/165   237/55   193/33 1121/165   283/55  809/165    61/15]
[   29/11  431/165  329/165    43/55  161/165    19/33   -23/55   -1/165  -31/165   -53/55     -1/3  -49/165   -47/55   -1/165   41/165]
[   -1/11  161/165  239/165    73/55  431/165   109/33     17/5  809/165  959/165   337/55   193/33  821/165   193/55  569/165  461/165]
[   17/11  281/165    19/15    13/55  101/165    13/33   -23/55   29/165   29/165   -23/55    13/33  101/165    13/55    19/15  281/165]
[   17/11  461/165  569/165   193/55  821/165   193/33   337/55  959/165  809/165     17/5   109/33  431/165    73/55  239/165  161/165]
[   -1/11   41/165   -1/165   -47/55  -49/165     -1/3   -53/55  -31/165   -1/165   -23/55    19/33  161/165    43/55  329/165  431/165]
[   29/11    61/15  809/165   283/55 1121/165   193/33   237/55  689/165  569/165   117/55    73/33  281/165      3/5  149/165  101/165]
[   -3/11   41/165   29/165   -27/55   41/165    13/33    -3/55  149/165    19/15    57/55    73/33  461/165   153/55  689/165  821/165]
[   57/11 1121/165  959/165   233/55    61/15   109/33   107/55  329/165  239/165    17/55    19/33   41/165   -37/55  -31/165  -49/165]
[       0        0        0        0        0        0        0        0        0        0        0        0        0        0        0]
Unobstructed
1
---------------------------
---------------------------
13a1465
Correction terms
[      -1  101/241  163/241  -55/241  -71/241  115/241   21/241  129/241  -43/241  -13/241  219/241  171/241 -157/241 -283/241 -207/241]
[  71/241   69/241  269/241  189/241  311/241  153/241 -285/241  -39/241  -73/241   95/241  -17/241   73/241 -117/241 -105/241  109/241]
[  43/241  179/241   35/241   93/241 -129/241 -149/241   33/241  -65/241   39/241 -137/241 -111/241  117/241   65/241  215/241   85/241]
[ 157/241  -51/241  -57/241 -343/241   55/241  173/241   11/241   51/241  293/241  255/241  -63/241 -179/241  -93/241  195/241  203/241]
[ -69/241 -139/241   -7/241 -155/241 -101/241  155/241  131/241  309/241  207/241 -175/241  127/241  149/241 -109/241 -165/241  -19/241]
[-153/241  -85/241  185/241  175/241  367/241  279/241  -89/241 -255/241 -219/241   19/241  -23/241  137/241   17/241   99/241  -99/241]
[ -95/241  111/241   37/241  165/241   13/241   63/241 -167/241 -195/241  -21/241 -127/241  -31/241  267/241  285/241   23/241  -37/241]
[ 105/241  -33/241   31/241 -185/241 -199/241  -11/241 -103/241    7/241  319/241  351/241  103/241   57/241 -269/241   89/241  167/241]
[ -35/241  -35/241  167/241   89/241 -269/241   57/241  103/241  351/241  319/241    7/241 -103/241  -11/241 -199/241 -185/241   31/241]
[ -33/241  105/241  -37/241   23/241  285/241  267/241  -31/241 -127/241  -21/241 -195/241 -167/241   63/241   13/241  165/241   37/241]
[ 111/241  -95/241  -99/241   99/241   17/241  137/241  -23/241   19/241 -219/241 -255/241  -89/241  279/241  367/241  175/241  185/241]
[ -85/241 -153/241  -19/241 -165/241 -109/241  149/241  127/241 -175/241  207/241  309/241  131/241  155/241 -101/241 -155/241   -7/241]
[-139/241  -69/241  203/241  195/241  -93/241 -179/241  -63/241  255/241  293/241   51/241   11/241  173/241   55/241 -343/241  -57/241]
[ -51/241  157/241   85/241  215/241   65/241  117/241 -111/241 -137/241   39/241  -65/241   33/241 -149/241 -129/241   93/241   35/241]
[ 179/241   43/241  109/241 -105/241 -117/241   73/241  -17/241   95/241  -73/241  -39/241 -285/241  153/241  311/241  189/241  269/241]
[  69/241   71/241 -207/241 -283/241 -157/241  171/241  219/241  -13/241  -43/241  129/241   21/241  115/241  -71/241  -55/241  163/241]
[ 101/241        0        0        0        0        0        0        0        0        0        0        0        0        0        0]
Testing obstruction for
m1: 4, m2: 18,a: 1
[      -1 -227/241 -185/241 -115/241  -17/241  109/241  263/241  445/241  655/241  893/241  677/241  489/241  329/241  197/241   93/241]
[  17/241  -31/241  -51/241  -43/241   -7/241   57/241  149/241  269/241  417/241  593/241  797/241 1029/241  807/241  613/241  447/241]
[ 309/241  199/241  117/241   63/241   37/241   39/241   69/241  127/241  213/241  327/241  469/241  639/241  837/241 1063/241  835/241]
[ 635/241  463/241  319/241  203/241  115/241   55/241   23/241   19/241   43/241   95/241  175/241  283/241  419/241  583/241  775/241]
[ 995/241  761/241  555/241  377/241  227/241  105/241   11/241  -55/241  -93/241 -103/241  -85/241  -39/241   35/241  137/241  267/241]
[ 425/241  611/241  825/241 1067/241  855/241  671/241  515/241  387/241  287/241  215/241  171/241  155/241  167/241  207/241  275/241]
[ 371/241  495/241  647/241  827/241 1035/241  789/241  571/241  381/241  219/241   85/241  -21/241  -99/241 -149/241 -171/241 -165/241]
[-131/241  -69/241   21/241  139/241  285/241  459/241  661/241  891/241  667/241  471/241  303/241  163/241   51/241  -33/241  -89/241]
[-117/241 -117/241  -89/241  -33/241   51/241  163/241  303/241  471/241  667/241  891/241  661/241  459/241  285/241  139/241   21/241]
[ -69/241 -131/241 -165/241 -171/241 -149/241  -99/241  -21/241   85/241  219/241  381/241  571/241  789/241 1035/241  827/241  647/241]
[ 495/241  371/241  275/241  207/241  167/241  155/241  171/241  215/241  287/241  387/241  515/241  671/241  855/241 1067/241  825/241]
[ 611/241  425/241  267/241  137/241   35/241  -39/241  -85/241 -103/241  -93/241  -55/241   11/241  105/241  227/241  377/241  555/241]
[ 761/241  995/241  775/241  583/241  419/241  283/241  175/241   95/241   43/241   19/241   23/241   55/241  115/241  203/241  319/241]
[ 463/241  635/241  835/241 1063/241  837/241  639/241  469/241  327/241  213/241  127/241   69/241   39/241   37/241   63/241  117/241]
[ 199/241  309/241  447/241  613/241  807/241 1029/241  797/241  593/241  417/241  269/241  149/241   57/241   -7/241  -43/241  -51/241]
[ -31/241   17/241   93/241  197/241  329/241  489/241  677/241  893/241  655/241  445/241  263/241  109/241  -17/241 -115/241 -185/241]
[-227/241        0        0        0        0        0        0        0        0        0        0        0        0        0        0]
Testing obstruction for
m1: 6, m2: 16,a: 5
[      -1 -219/241 -153/241  -43/241  111/241  309/241  551/241  355/241  203/241   95/241   31/241   11/241   35/241  103/241  215/241]
[ 371/241  571/241  333/241  139/241  -11/241 -117/241 -179/241 -197/241 -171/241 -101/241   13/241  171/241  373/241  619/241  427/241]
[ 279/241  175/241  115/241   99/241  127/241  199/241  315/241  475/241  679/241  445/241  255/241  109/241    7/241  -51/241  -65/241]
[ -35/241   39/241  157/241  319/241  525/241  775/241  587/241  443/241  343/241  287/241  275/241  307/241  383/241  503/241  667/241]
[ 875/241  645/241  459/241  317/241  219/241  165/241  155/241  189/241  267/241  389/241  555/241  765/241  537/241  353/241  213/241]
[ 117/241   65/241   57/241   93/241  173/241  297/241  465/241  677/241  451/241  269/241  131/241   37/241  -13/241  -19/241   19/241]
[ 101/241  227/241  397/241  611/241  387/241  207/241   71/241  -21/241  -69/241  -73/241  -33/241   51/241  179/241  351/241  567/241]
[ 345/241  167/241   33/241  -57/241 -103/241 -105/241  -63/241   23/241  153/241  327/241  545/241  325/241  149/241   17/241  -71/241]
[-115/241 -115/241  -71/241   17/241  149/241  325/241  545/241  327/241  153/241   23/241  -63/241 -105/241 -103/241  -57/241   33/241]
[ 167/241  345/241  567/241  351/241  179/241   51/241  -33/241  -73/241  -69/241  -21/241   71/241  207/241  387/241  611/241  397/241]
[ 227/241  101/241   19/241  -19/241  -13/241   37/241  131/241  269/241  451/241  677/241  465/241  297/241  173/241   93/241   57/241]
[  65/241  117/241  213/241  353/241  537/241  765/241  555/241  389/241  267/241  189/241  155/241  165/241  219/241  317/241  459/241]
[ 645/241  875/241  667/241  503/241  383/241  307/241  275/241  287/241  343/241  443/241  587/241  775/241  525/241  319/241  157/241]
[  39/241  -35/241  -65/241  -51/241    7/241  109/241  255/241  445/241  679/241  475/241  315/241  199/241  127/241   99/241  115/241]
[ 175/241  279/241  427/241  619/241  373/241  171/241   13/241 -101/241 -171/241 -197/241 -179/241 -117/241  -11/241  139/241  333/241]
[ 571/241  371/241  215/241  103/241   35/241   11/241   31/241   95/241  203/241  355/241  551/241  309/241  111/241  -43/241 -153/241]
[-219/241        0        0        0        0        0        0        0        0        0        0        0        0        0        0]
[-219/241, -153/241, -43/241, 111/241, 309/241, 551/241, 355/241, 203/241, 95/241, 31/241, 11/241, 35/241, 103/241, 215/241, 371/241, 571/241, 333/241, 139/241, -11/241, -117/241, -179/241, -197/241]
83 [-219/241, -153/241, -43/241, 111/241, 309/241, 69/241, -127/241, 203/241, 95/241, 31/241, 11/241, 35/241, 103/241, 215/241, -111/241, 89/241, -149/241, -343/241, -11/241, -117/241, -179/241, 285/241]
Testing obstruction for
m1: 10, m2: 12,a: 7
[      -1 -213/241 -129/241   11/241  207/241  459/241  285/241  167/241  105/241   99/241  149/241  255/241  417/241  635/241  427/241]
[ 275/241  179/241  139/241  155/241  227/241  355/241  539/241  297/241  111/241  -19/241  -93/241 -111/241  -73/241   21/241  171/241]
[ 377/241  639/241  475/241  367/241  315/241  319/241  379/241  495/241  667/241  413/241  215/241   73/241  -13/241  -43/241  -17/241]
[  65/241  203/241  397/241  165/241  -11/241 -131/241 -195/241 -203/241 -155/241  -51/241  109/241  325/241  597/241  443/241  345/241]
[ 303/241  317/241  387/241  513/241  695/241  451/241  263/241  131/241   55/241   35/241   71/241  163/241  311/241  515/241  293/241]
[ 127/241   17/241  -37/241  -35/241   23/241  137/241  307/241  533/241  333/241  189/241  101/241   69/241   93/241  173/241  309/241]
[ 501/241  267/241   89/241  -33/241  -99/241 -109/241  -63/241   39/241  197/241  411/241  199/241   43/241  -57/241 -101/241  -89/241]
[ -21/241  103/241  283/241  519/241  329/241  195/241  117/241   95/241  129/241  219/241  365/241  567/241  343/241  175/241   63/241]
[   7/241    7/241   63/241  175/241  343/241  567/241  365/241  219/241  129/241   95/241  117/241  195/241  329/241  519/241  283/241]
[ 103/241  -21/241  -89/241 -101/241  -57/241   43/241  199/241  411/241  197/241   39/241  -63/241 -109/241  -99/241  -33/241   89/241]
[ 267/241  501/241  309/241  173/241   93/241   69/241  101/241  189/241  333/241  533/241  307/241  137/241   23/241  -35/241  -37/241]
[  17/241  127/241  293/241  515/241  311/241  163/241   71/241   35/241   55/241  131/241  263/241  451/241  695/241  513/241  387/241]
[ 317/241  303/241  345/241  443/241  597/241  325/241  109/241  -51/241 -155/241 -203/241 -195/241 -131/241  -11/241  165/241  397/241]
[ 203/241   65/241  -17/241  -43/241  -13/241   73/241  215/241  413/241  667/241  495/241  379/241  319/241  315/241  367/241  475/241]
[ 639/241  377/241  171/241   21/241  -73/241 -111/241  -93/241  -19/241  111/241  297/241  539/241  355/241  227/241  155/241  139/241]
[ 179/241  275/241  427/241  635/241  417/241  255/241  149/241   99/241  105/241  167/241  285/241  459/241  207/241   11/241 -129/241]
[-213/241        0        0        0        0        0        0        0        0        0        0        0        0        0        0]
---------------------------
SUCCESS for name = 13a1465
---------------------------
13a1469
Correction terms
[      -1 -237/221  157/221   77/221  -35/221 -179/221   87/221 -121/221   81/221 -191/221  -53/221   53/221  127/221    13/17  179/221]
[ 157/221  103/221     1/13  341/221  191/221    9/221 -205/221   -9/221  155/221 -155/221  -55/221     1/17   49/221   53/221   25/221]
[ -35/221 -127/221 -251/221   35/221    -9/13   69/221 -183/221  -25/221  101/221    15/17 -185/221 -155/221 -157/221  251/221  185/221]
[  87/221  -43/221  237/221   43/221  259/221    1/221     9/13   -13/17  -81/221  -25/221   -1/221   -9/221  -49/221 -121/221  217/221]
[  81/221  -87/221 -287/221  -77/221  101/221   -15/17  -81/221    1/221     3/13   69/221   55/221    9/221  -69/221 -179/221  121/221]
[ -53/221  183/221  -55/221     9/17  257/221  365/221   -1/221   43/221   55/221   35/221    -1/13 -101/221 -217/221   77/221 -103/221]
[ 127/221    -9/17   49/221 -259/221 -157/221  -87/221  -49/221  -43/221  -69/221 -127/221  225/221  103/221    -3/13 -237/221    -1/17]
[ 179/221 -103/221   25/221  121/221  185/221  217/221  217/221  185/221  121/221   25/221 -103/221  179/221    -1/17 -237/221    -3/13]
[ 103/221  225/221 -127/221  -69/221  -43/221  -49/221  -87/221 -157/221 -259/221   49/221    -9/17  127/221 -103/221   77/221 -217/221]
[-101/221    -1/13   35/221   55/221   43/221   -1/221  365/221  257/221     9/17  -55/221  183/221  -53/221  121/221 -179/221  -69/221]
[   9/221   55/221   69/221     3/13    1/221  -81/221   -15/17  101/221  -77/221 -287/221  -87/221   81/221  217/221 -121/221  -49/221]
[  -9/221   -1/221  -25/221  -81/221   -13/17     9/13    1/221  259/221   43/221  237/221  -43/221   87/221  185/221  251/221 -157/221]
[-155/221 -185/221    15/17  101/221  -25/221 -183/221   69/221    -9/13   35/221 -251/221 -127/221  -35/221   25/221   53/221   49/221]
[    1/17  -55/221 -155/221  155/221   -9/221 -205/221    9/221  191/221  341/221     1/13  103/221  157/221  179/221    13/17  127/221]
[  53/221  -53/221 -191/221   81/221 -121/221   87/221 -179/221  -35/221   77/221  157/221 -237/221        0        0        0        0]
Testing obstruction for
m1: 2, m2: 38,a: 1
[      -1 -215/221 -197/221 -167/221 -125/221  -71/221   -5/221   73/221  163/221  265/221  379/221  505/221  643/221    61/17  955/221]
[1129/221 1315/221    89/13 1723/221 1945/221 1737/221 1541/221 1357/221 1185/221 1025/221  877/221    57/17  617/221  505/221  405/221]
[ 317/221  241/221  177/221  125/221     5/13   57/221   41/221   37/221   45/221     5/17   97/221  141/221  197/221  265/221  345/221]
[ 437/221  541/221  657/221  785/221  925/221 1077/221    73/13   109/17 1605/221 1805/221 2017/221 1799/221 1593/221 1399/221 1217/221]
[1047/221  889/221  743/221  609/221  487/221    29/17  279/221  193/221     7/13   57/221    7/221  -31/221  -57/221  -71/221  -73/221]
[ -63/221  -41/221   -7/221     3/17   97/221  167/221  249/221  343/221  449/221  567/221    41/13  839/221  993/221 1159/221 1337/221]
[1527/221   133/17 1943/221 1727/221 1523/221 1331/221 1151/221  983/221  827/221  683/221  551/221  431/221    19/13  227/221    11/17]
[  71/221   11/221  -37/221  -73/221  -97/221 -109/221 -109/221  -97/221  -73/221  -37/221   11/221   71/221    11/17  227/221    19/13]
[ 431/221  551/221  683/221  827/221  983/221 1151/221 1331/221 1523/221 1727/221 1943/221   133/17 1527/221 1337/221 1159/221  993/221]
[ 839/221    41/13  567/221  449/221  343/221  249/221  167/221   97/221     3/17   -7/221  -41/221  -63/221  -73/221  -71/221  -57/221]
[ -31/221    7/221   57/221     7/13  193/221  279/221    29/17  487/221  609/221  743/221  889/221 1047/221 1217/221 1399/221 1593/221]
[1799/221 2017/221 1805/221 1605/221   109/17    73/13 1077/221  925/221  785/221  657/221  541/221  437/221  345/221  265/221  197/221]
[ 141/221   97/221     5/17   45/221   37/221   41/221   57/221     5/13  125/221  177/221  241/221  317/221  405/221  505/221  617/221]
[   57/17  877/221 1025/221 1185/221 1357/221 1541/221 1737/221 1945/221 1723/221    89/13 1315/221 1129/221  955/221    61/17  643/221]
[ 505/221  379/221  265/221  163/221   73/221   -5/221  -71/221 -125/221 -167/221 -197/221 -215/221        0        0        0        0]
Testing obstruction for
m1: 8, m2: 8,a: 1
[      -1 -191/221 -101/221   49/221  259/221   87/221  -25/221  -77/221  -69/221   -1/221  127/221  315/221  121/221    -1/17  -87/221]
[-101/221  -55/221     3/13  217/221  443/221  287/221  191/221  155/221  179/221  263/221  407/221    47/17  433/221  315/221  257/221]
[ 259/221  321/221  443/221  625/221    25/13  285/221  205/221  185/221  225/221    25/17  485/221  263/221  101/221   -1/221  -43/221]
[ -25/221   53/221  191/221  389/221  205/221   81/221     1/13     1/17   69/221  185/221  361/221  155/221    9/221  -77/221 -103/221]
[ -69/221   25/221  179/221  393/221  225/221     9/17   69/221   81/221     9/13  285/221  477/221  287/221  157/221   87/221   77/221]
[ 127/221  237/221  407/221    49/17  485/221  393/221  361/221  389/221  477/221  625/221    23/13  217/221  103/221   49/221   55/221]
[ 121/221    19/17  433/221  237/221  101/221   25/221    9/221   53/221  157/221  321/221  103/221  -55/221    -9/13 -191/221   -13/17]
[ -87/221   55/221  257/221   77/221  -43/221 -103/221 -103/221  -43/221   77/221  257/221   55/221  -87/221   -13/17 -191/221    -9/13]
[ -55/221  103/221  321/221  157/221   53/221    9/221   25/221  101/221  237/221  433/221    19/17  121/221   55/221   49/221  103/221]
[ 217/221    23/13  625/221  477/221  389/221  361/221  393/221  485/221    49/17  407/221  237/221  127/221   77/221   87/221  157/221]
[ 287/221  477/221  285/221     9/13   81/221   69/221     9/17  225/221  393/221  179/221   25/221  -69/221 -103/221  -77/221    9/221]
[ 155/221  361/221  185/221   69/221     1/17     1/13   81/221  205/221  389/221  191/221   53/221  -25/221  -43/221   -1/221  101/221]
[ 263/221  485/221    25/17  225/221  185/221  205/221  285/221    25/13  625/221  443/221  321/221  259/221  257/221  315/221  433/221]
[   47/17  407/221  263/221  179/221  155/221  191/221  287/221  443/221  217/221     3/13  -55/221 -101/221  -87/221    -1/17  121/221]
[ 315/221  127/221   -1/221  -69/221  -77/221  -25/221   87/221  259/221   49/221 -101/221 -191/221        0        0        0        0]
[-191/221, -101/221]
9 [-191/221, 341/221]
Testing obstruction for
m1: 8, m2: 10,a: 4
[      -1 -191/221 -101/221   49/221  259/221  529/221  417/221  365/221  373/221  441/221  569/221  315/221  121/221    -1/17  -87/221]
[-101/221  -55/221     3/13  217/221  443/221  287/221  191/221  155/221  179/221  263/221  407/221    13/17   -9/221 -127/221 -185/221]
[-183/221 -121/221    1/221  183/221    25/13  285/221  205/221  185/221  225/221    25/17  485/221  263/221  101/221   -1/221  -43/221]
[ -25/221   53/221  191/221  389/221  205/221   81/221     1/13     1/17   69/221  185/221  361/221  155/221    9/221  -77/221 -103/221]
[ -69/221   25/221  179/221  393/221  225/221     9/17   69/221   81/221     9/13  285/221  477/221  287/221  157/221   87/221   77/221]
[ 127/221  237/221  407/221    15/17   43/221  -49/221  -81/221  -53/221   35/221  183/221    23/13  217/221  103/221   49/221   55/221]
[ 121/221    19/17  433/221  237/221  101/221   25/221    9/221   53/221  157/221  321/221  545/221  387/221    17/13  251/221    21/17]
[ 355/221  497/221  257/221   77/221  -43/221 -103/221 -103/221  -43/221   77/221  257/221  497/221  355/221    21/17  251/221    17/13]
[ 387/221  545/221  321/221  157/221   53/221    9/221   25/221  101/221  237/221  433/221    19/17  121/221   55/221   49/221  103/221]
[ 217/221    23/13  183/221   35/221  -53/221  -81/221  -49/221   43/221    15/17  407/221  237/221  127/221   77/221   87/221  157/221]
[ 287/221  477/221  285/221     9/13   81/221   69/221     9/17  225/221  393/221  179/221   25/221  -69/221 -103/221  -77/221    9/221]
[ 155/221  361/221  185/221   69/221     1/17     1/13   81/221  205/221  389/221  191/221   53/221  -25/221  -43/221   -1/221  101/221]
[ 263/221  485/221    25/17  225/221  185/221  205/221  285/221    25/13  183/221    1/221 -121/221 -183/221 -185/221 -127/221   -9/221]
[   13/17  407/221  263/221  179/221  155/221  191/221  287/221  443/221  217/221     3/13  -55/221 -101/221  -87/221    -1/17  121/221]
[ 315/221  569/221  441/221  373/221  365/221  417/221  529/221  259/221   49/221 -101/221 -191/221        0        0        0        0]
[-191/221, -101/221]
9 [-191/221, 341/221]
Testing obstruction for
m1: 12, m2: 14,a: 10
[      -1 -201/221 -141/221  -41/221   99/221  279/221  499/221  317/221  175/221   73/221   11/221  -11/221    7/221     5/17  163/221]
[ 301/221  479/221    41/13  513/221  369/221  265/221  201/221  177/221  193/221  249/221  345/221    37/17  657/221  431/221  245/221]
[  99/221   -7/221  -73/221  -99/221    -5/13  -31/221   63/221  197/221  371/221    45/17  397/221  249/221  141/221   73/221   45/221]
[  57/221  109/221  201/221  333/221  505/221  717/221    31/13    29/17  267/221  197/221  167/221  177/221  227/221  317/221  447/221]
[ 617/221  385/221  193/221   41/221  -71/221   -11/17 -175/221 -167/221    -7/13  -31/221   97/221  265/221  473/221  279/221  125/221]
[  11/221  -63/221  -97/221    -7/17  -45/221   41/221  167/221  333/221  539/221  343/221    11/13   71/221   -5/221  -41/221  -37/221]
[   7/221     7/17  215/221  379/221  583/221  385/221  227/221  109/221   31/221   -7/221   -5/221   37/221     7/13  241/221    31/17]
[ 605/221  405/221  245/221  125/221   45/221    5/221    5/221   45/221  125/221  245/221  405/221  605/221    31/17  241/221     7/13]
[  37/221   -5/221   -7/221   31/221  109/221  227/221  385/221  583/221  379/221  215/221     7/17    7/221  -37/221  -41/221   -5/221]
[  71/221    11/13  343/221  539/221  333/221  167/221   41/221  -45/221    -7/17  -97/221  -63/221   11/221  125/221  279/221  473/221]
[ 265/221   97/221  -31/221    -7/13 -167/221 -175/221   -11/17  -71/221   41/221  193/221  385/221  617/221  447/221  317/221  227/221]
[ 177/221  167/221  197/221  267/221    29/17    31/13  717/221  505/221  333/221  201/221  109/221   57/221   45/221   73/221  141/221]
[ 249/221  397/221    45/17  371/221  197/221   63/221  -31/221    -5/13  -99/221  -73/221   -7/221   99/221  245/221  431/221  657/221]
[   37/17  345/221  249/221  193/221  177/221  201/221  265/221  369/221  513/221    41/13  479/221  301/221  163/221     5/17    7/221]
[ -11/221   11/221   73/221  175/221  317/221  499/221  279/221   99/221  -41/221 -141/221 -201/221        0        0        0        0]
Testing obstruction for
m1: 56, m2: 56,a: 55
[      -1 -217/221 -205/221 -185/221 -157/221 -121/221  -77/221  -25/221   35/221  103/221  179/221  263/221  355/221    35/17  563/221]
[ 679/221  803/221    55/13 1075/221 1223/221 1379/221 1543/221 1715/221 1895/221 2083/221 2279/221   191/17 2695/221 2915/221 2701/221]
[2495/221 2297/221 2107/221 1925/221   103/13 1585/221 1427/221 1277/221 1135/221    77/17  875/221  757/221  647/221  545/221  451/221]
[ 365/221  287/221  217/221  155/221  101/221   55/221     1/13    -1/17  -35/221  -49/221  -55/221  -53/221  -43/221  -25/221    1/221]
[  35/221   77/221  127/221  185/221  251/221    25/17  407/221  497/221    35/13  701/221  815/221  937/221 1067/221 1205/221 1351/221]
[1505/221 1667/221 1837/221   155/17 2201/221 2395/221 2597/221 2807/221 3025/221 2809/221   153/13 2401/221 2209/221 2025/221 1849/221]
[1681/221   117/17 1369/221 1225/221 1089/221  961/221  841/221  729/221  625/221  529/221  441/221  361/221    17/13  225/221    13/17]
[ 121/221   81/221   49/221   25/221    9/221    1/221    1/221    9/221   25/221   49/221   81/221  121/221    13/17  225/221    17/13]
[ 361/221  441/221  529/221  625/221  729/221  841/221  961/221 1089/221 1225/221 1369/221   117/17 1681/221 1849/221 2025/221 2209/221]
[2401/221   153/13 2809/221 3025/221 2807/221 2597/221 2395/221 2201/221   155/17 1837/221 1667/221 1505/221 1351/221 1205/221 1067/221]
[ 937/221  815/221  701/221    35/13  497/221  407/221    25/17  251/221  185/221  127/221   77/221   35/221    1/221  -25/221  -43/221]
[ -53/221  -55/221  -49/221  -35/221    -1/17     1/13   55/221  101/221  155/221  217/221  287/221  365/221  451/221  545/221  647/221]
[ 757/221  875/221    77/17 1135/221 1277/221 1427/221 1585/221   103/13 1925/221 2107/221 2297/221 2495/221 2701/221 2915/221 2695/221]
[  191/17 2279/221 2083/221 1895/221 1715/221 1543/221 1379/221 1223/221 1075/221    55/13  803/221  679/221  563/221    35/17  355/221]
[ 263/221  179/221  103/221   35/221  -25/221  -77/221 -121/221 -157/221 -185/221 -205/221 -217/221        0        0        0        0]
[-217/221, -205/221]
87 [-217/221, 237/221]
---------------------------
SUCCESS for name = 13a1469
---------------------------
