13a2794
Correction terms
[      -1   13/261 -209/261   -45/29  -53/261 -197/261   -35/29  115/261   49/261     1/29   -5/261    7/261     5/29  109/261  199/261]
[  -23/29  -65/261  103/261   -25/29   -5/261  241/261    -1/29  289/261   91/261    -9/29  295/261  175/261     9/29   13/261     -1/9]
[   -5/29  -35/261    1/261     7/29  151/261  265/261   -13/29   49/261  241/261    -7/29  181/261  -71/261    25/29   25/261 -149/261]
[   25/29  103/261    7/261    -7/29 -107/261 -125/261   -13/29  -83/261  -23/261     7/29  175/261 -209/261    -5/29      5/9 -161/261]
[    9/29 -173/261 -401/261    -9/29 -257/261 -407/261    -1/29 -107/261 -179/261   -25/29 -245/261 -239/261   -23/29 -149/261  -65/261]
[    5/29  181/261 -179/261     1/29  223/261  -59/261    23/29  -23/261 -227/261    13/29  -35/261 -161/261        1  187/261  139/261]
[   13/29  121/261  151/261    23/29  289/261 -125/261     1/29  169/261 -167/261     5/29  283/261   25/261    35/29  109/261  -71/261]
[   33/29  169/261   67/261    -1/29  -59/261  -83/261    -9/29  -53/261    1/261     9/29  187/261     -7/9    -5/29  139/261 -173/261]
[    7/29 -197/261   91/261   -13/29 -299/261   67/261    -7/29 -167/261 -245/261   -33/29 -323/261 -323/261   -33/29 -245/261 -167/261]
[   -7/29   67/261 -299/261   -13/29   91/261 -197/261     7/29 -173/261  139/261    -5/29     -7/9  187/261     9/29    1/261  -53/261]
[   -9/29  -83/261  -59/261    -1/29   67/261  169/261    33/29  -71/261  109/261    35/29   25/261  283/261     5/29 -167/261  169/261]
[    1/29 -125/261  289/261    23/29  151/261  121/261    13/29  139/261  187/261        1 -161/261  -35/261    13/29 -227/261  -23/261]
[   23/29  -59/261  223/261     1/29 -179/261  181/261     5/29  -65/261 -149/261   -23/29 -239/261 -245/261   -25/29 -179/261 -107/261]
[   -1/29 -407/261 -257/261    -9/29 -401/261 -173/261     9/29 -161/261      5/9    -5/29 -209/261  175/261     7/29  -23/261  -83/261]
[  -13/29 -125/261 -107/261    -7/29    7/261  103/261    25/29 -149/261   25/261    25/29  -71/261  181/261    -7/29  241/261   49/261]
[  -13/29  265/261  151/261     7/29    1/261  -35/261    -5/29     -1/9   13/261     9/29  175/261  295/261    -9/29   91/261  289/261]
[   -1/29  241/261   -5/261   -25/29  103/261  -65/261   -23/29  199/261  109/261     5/29    7/261   -5/261     1/29   49/261  115/261]
[  -35/29 -197/261  -53/261   -45/29 -209/261   13/261        0        0        0        0        0        0        0        0        0]
Testing obstruction for
m1: 2, m2: 44,a: 0
Obstructed by Z^n/Q not being cyclic
Testing obstruction for
m1: 6, m2: 14,a: 3
[      -1 -239/261 -173/261    -7/29   91/261  289/261    59/29  817/261  625/261    53/29  373/261  313/261    33/29  325/261  397/261]
[   57/29  673/261  877/261    67/29  373/261  187/261     5/29  -53/261 -107/261   -13/29  -83/261   -5/261    13/29  283/261     17/9]
[   83/29  523/261  343/261    23/29  115/261   67/261     7/29  103/261  187/261    35/29  487/261  703/261    49/29  223/261   49/261]
[   -9/29 -167/261 -209/261   -23/29 -161/261  -71/261     7/29  241/261  463/261    81/29  517/261  349/261    25/29      5/9  109/261]
[   13/29  169/261  265/261    45/29  589/261  817/261    63/29  361/261  199/261     9/29    7/261  -23/261    -1/29   49/261  151/261]
[   33/29  487/261  721/261    53/29  277/261  121/261     1/29  -59/261  -83/261    -7/29    1/261  109/261        1  457/261  697/261]
[   51/29  265/261  115/261     1/29  -53/261  -71/261    -5/29   25/261  139/261    33/29  499/261  745/261    57/29  325/261  181/261]
[    9/29   25/261   13/261     5/29  121/261  241/261    45/29  613/261  865/261    71/29  457/261     11/9    25/29  175/261  169/261]
[   23/29  289/261  415/261    65/29  799/261  535/261    35/29  139/261    7/261    -9/29 -125/261 -125/261    -9/29    7/261  139/261]
[   35/29  535/261  799/261    65/29  415/261  289/261    23/29  169/261  175/261    25/29     11/9  457/261    71/29  865/261  613/261]
[   45/29  241/261  121/261     5/29   13/261   25/261     9/29  181/261  325/261    57/29  745/261  499/261    33/29  139/261   25/261]
[   -5/29  -71/261  -53/261     1/29  115/261  265/261    51/29  697/261  457/261        1  109/261    1/261    -7/29  -83/261  -59/261]
[    1/29  121/261  277/261    53/29  721/261  487/261    33/29  151/261   49/261    -1/29  -23/261    7/261     9/29  199/261  361/261]
[   63/29  817/261  589/261    45/29  265/261  169/261    13/29  109/261      5/9    25/29  349/261  517/261    81/29  463/261  241/261]
[    7/29  -71/261 -161/261   -23/29 -209/261 -167/261    -9/29   49/261  223/261    49/29  703/261  487/261    35/29  187/261  103/261]
[    7/29   67/261  115/261    23/29  343/261  523/261    83/29     17/9  283/261    13/29   -5/261  -83/261   -13/29 -107/261  -53/261]
[    5/29  187/261  373/261    67/29  877/261  673/261    57/29  397/261  325/261    33/29  313/261  373/261    53/29  625/261  817/261]
[   59/29  289/261   91/261    -7/29 -173/261 -239/261        0        0        0        0        0        0        0        0        0]
Unobstructed
71
---------------------------
---------------------------
13a2805
Correction terms
[      -1   13/181  233/181  117/181   27/181  -37/181  -75/181  275/181  289/181  329/181   33/181  125/181  243/181   25/181  195/181]
[  29/181 -111/181  137/181   49/181  -13/181  -49/181  -59/181  -43/181   -1/181   67/181  161/181  -81/181   65/181  237/181   73/181]
[ 297/181  185/181   99/181   39/181    5/181   -3/181   15/181   59/181  129/181 -137/181  -15/181  133/181  -55/181  145/181    9/181]
[-101/181  177/181  119/181   87/181   81/181  101/181  147/181  219/181  317/181   79/181 -133/181   43/181  245/181  111/181    3/181]
[ -79/181 -135/181  197/181  193/181  215/181  -99/181  -25/181   75/181  201/181  353/181  169/181   11/181  241/181  135/181   55/181]
[   1/181  -27/181  -29/181   -5/181   45/181  121/181 -139/181  -11/181  143/181  -39/181  167/181   37/181  -67/181  217/181  165/181]
[ 139/181  139/181  165/181  217/181  -67/181   37/181  167/181  -39/181  143/181  -11/181 -139/181  121/181   45/181   -5/181  -29/181]
[ -27/181    1/181   55/181  135/181  241/181   11/181  169/181  353/181  201/181   75/181  -25/181  -99/181  215/181  193/181  197/181]
[-135/181  -79/181    3/181  111/181  245/181   43/181 -133/181   79/181  317/181  219/181  147/181  101/181   81/181   87/181  119/181]
[ 177/181 -101/181    9/181  145/181  -55/181  133/181  -15/181 -137/181  129/181   59/181   15/181   -3/181    5/181   39/181   99/181]
[ 185/181  297/181   73/181  237/181   65/181  -81/181  161/181   67/181   -1/181  -43/181  -59/181  -49/181  -13/181   49/181  137/181]
[-111/181   29/181  195/181   25/181  243/181  125/181   33/181  329/181  289/181  275/181  -75/181  -37/181   27/181  117/181  233/181]
[  13/181        0        0        0        0        0        0        0        0        0        0        0        0        0        0]
Testing obstruction for
m1: 4, m2: 16,a: 3
[      -1 -167/181 -125/181  -55/181   43/181  169/181  323/181  505/181  353/181  229/181  133/181   65/181   25/181   13/181   29/181]
[  73/181  145/181  245/181  373/181  529/181  351/181  201/181   79/181  -15/181  -81/181 -119/181 -129/181 -111/181  -65/181    9/181]
[ 111/181  241/181  399/181  585/181  437/181  317/181  225/181  161/181  125/181  117/181  137/181  185/181  261/181  365/181  497/181]
[ 657/181  483/181  337/181  219/181  129/181   67/181   33/181   27/181   49/181   99/181  177/181  283/181  417/181  579/181  407/181]
[ 263/181  147/181   59/181   -1/181  -33/181  -37/181  -13/181   39/181  119/181  227/181  363/181  527/181  357/181  215/181  101/181]
[  15/181  -43/181  -73/181  -75/181  -49/181    5/181   87/181  197/181  335/181  501/181  333/181  193/181   81/181   -3/181  -59/181]
[ -87/181  -87/181  -59/181   -3/181   81/181  193/181  333/181  501/181  335/181  197/181   87/181    5/181  -49/181  -75/181  -73/181]
[ -43/181   15/181  101/181  215/181  357/181  527/181  363/181  227/181  119/181   39/181  -13/181  -37/181  -33/181   -1/181   59/181]
[ 147/181  263/181  407/181  579/181  417/181  283/181  177/181   99/181   49/181   27/181   33/181   67/181  129/181  219/181  337/181]
[ 483/181  657/181  497/181  365/181  261/181  185/181  137/181  117/181  125/181  161/181  225/181  317/181  437/181  585/181  399/181]
[ 241/181  111/181    9/181  -65/181 -111/181 -129/181 -119/181  -81/181  -15/181   79/181  201/181  351/181  529/181  373/181  245/181]
[ 145/181   73/181   29/181   13/181   25/181   65/181  133/181  229/181  353/181  505/181  323/181  169/181   43/181  -55/181 -125/181]
[-167/181        0        0        0        0        0        0        0        0        0        0        0        0        0        0]
Testing obstruction for
m1: 10, m2: 12,a: 8
[      -1 -161/181 -101/181   -1/181  139/181  319/181  177/181   75/181   13/181   -9/181    9/181   67/181  165/181  303/181  481/181]
[ 337/181  233/181  169/181  145/181  161/181  217/181  313/181  449/181  263/181  117/181   11/181  -55/181  -81/181  -67/181  -13/181]
[  81/181  215/181  389/181  241/181  133/181   65/181   37/181   49/181  101/181  193/181  325/181  497/181  347/181  237/181  167/181]
[ 137/181  147/181  197/181  287/181  417/181  225/181   73/181  -39/181 -111/181 -143/181 -135/181  -87/181    1/181  129/181  297/181]
[ 143/181   29/181  -45/181  -79/181  -73/181  -27/181   59/181  185/181  351/181  195/181   79/181    3/181  -33/181  -29/181   15/181]
[  99/181  223/181  387/181  229/181  111/181   33/181   -5/181   -3/181   39/181  121/181  243/181  405/181  245/181  125/181   45/181]
[   5/181    5/181   45/181  125/181  245/181  405/181  243/181  121/181   39/181   -3/181   -5/181   33/181  111/181  229/181  387/181]
[ 223/181   99/181   15/181  -29/181  -33/181    3/181   79/181  195/181  351/181  185/181   59/181  -27/181  -73/181  -79/181  -45/181]
[  29/181  143/181  297/181  129/181    1/181  -87/181 -135/181 -143/181 -111/181  -39/181   73/181  225/181  417/181  287/181  197/181]
[ 147/181  137/181  167/181  237/181  347/181  497/181  325/181  193/181  101/181   49/181   37/181   65/181  133/181  241/181  389/181]
[ 215/181   81/181  -13/181  -67/181  -81/181  -55/181   11/181  117/181  263/181  449/181  313/181  217/181  161/181  145/181  169/181]
[ 233/181  337/181  481/181  303/181  165/181   67/181    9/181   -9/181   13/181   75/181  177/181  319/181  139/181   -1/181 -101/181]
[-161/181        0        0        0        0        0        0        0        0        0        0        0        0        0        0]
Testing obstruction for
m1: 46, m2: 46,a: 45
[      -1 -177/181 -165/181 -145/181 -117/181  -81/181  -37/181   15/181   75/181  143/181  219/181  303/181  395/181  495/181  603/181]
[ 719/181  843/181  975/181 1115/181 1263/181 1419/181 1583/181 1755/181 1935/181 1761/181 1595/181 1437/181 1287/181 1145/181 1011/181]
[ 885/181  767/181  657/181  555/181  461/181  375/181  297/181  227/181  165/181  111/181   65/181   27/181   -3/181  -25/181  -39/181]
[ -45/181  -43/181  -33/181  -15/181   11/181   45/181   87/181  137/181  195/181  261/181  335/181  417/181  507/181  605/181  711/181]
[ 825/181  947/181 1077/181 1215/181 1361/181 1515/181 1677/181 1847/181 2025/181 1849/181 1681/181 1521/181 1369/181 1225/181 1089/181]
[ 961/181  841/181  729/181  625/181  529/181  441/181  361/181  289/181  225/181  169/181  121/181   81/181   49/181   25/181    9/181]
[   1/181    1/181    9/181   25/181   49/181   81/181  121/181  169/181  225/181  289/181  361/181  441/181  529/181  625/181  729/181]
[ 841/181  961/181 1089/181 1225/181 1369/181 1521/181 1681/181 1849/181 2025/181 1847/181 1677/181 1515/181 1361/181 1215/181 1077/181]
[ 947/181  825/181  711/181  605/181  507/181  417/181  335/181  261/181  195/181  137/181   87/181   45/181   11/181  -15/181  -33/181]
[ -43/181  -45/181  -39/181  -25/181   -3/181   27/181   65/181  111/181  165/181  227/181  297/181  375/181  461/181  555/181  657/181]
[ 767/181  885/181 1011/181 1145/181 1287/181 1437/181 1595/181 1761/181 1935/181 1755/181 1583/181 1419/181 1263/181 1115/181  975/181]
[ 843/181  719/181  603/181  495/181  395/181  303/181  219/181  143/181   75/181   15/181  -37/181  -81/181 -117/181 -145/181 -165/181]
[-177/181        0        0        0        0        0        0        0        0        0        0        0        0        0        0]
---------------------------
SUCCESS for name = 13a2805
---------------------------
13a2809
H_1 not cyclic will skip for now
13a2814
Correction terms
[      -1  -35/393  253/393 -105/131 -167/393  -89/393  -27/131 -143/393 -275/393  103/131   37/393 -305/393   23/131 -413/393 -179/393]
[  -5/131   79/393  103/393   19/131  -59/393 -245/393   95/131  -41/393  349/393  -39/131  133/393 -473/393 -121/131  463/393 -353/393]
[ 111/131  163/393  -77/393 -129/131   19/393  355/393  -55/131   31/393  157/393   71/131 -587/393  115/393  -13/131 -263/393  229/393]
[ -45/131  217/393 -287/393  -25/131   67/393  139/393   47/131   73/393  -65/393  -91/131  235/393 -113/393   85/131 -233/393   -5/393]
[  51/131  241/393  259/393   69/131   85/393 -107/393 -123/131   85/393  469/393   -1/131  241/393 -371/393  -89/131 -233/393 -269/393]
[ 137/131  235/393  -11/393 -109/131   73/393 -383/393  -41/131   67/393  187/393   79/131 -569/393  127/393  -11/131 -263/393  223/393]
[ -49/131  199/393 -311/393  -35/131   31/393   97/393   31/131   19/393 -125/393 -113/131  163/393 -191/393   57/131 -323/393 -101/393]
[  17/131  133/393  145/393   29/131  -41/393 -239/393 -169/131  -59/393  319/393  -53/131   79/393  247/393 -147/131 -413/393  331/393]
[  73/131   37/393 -215/393   83/131 -143/393 -605/393  145/131 -167/393  -53/393   -3/131  -35/393     -1/3  -99/131  253/393  -53/393]
[ 119/131  -89/393  181/393 -135/131 -275/393 -215/393  -75/131  481/393 -455/393   37/131 -179/393  247/393  -61/131  103/393  319/393]
[-107/131 -245/393 -239/393  161/131 -437/393  145/393  -43/131 -473/393 -101/393   67/131  433/393 -191/393  -33/131  -77/393 -125/393]
[ -81/131  355/393   97/393  -77/131  157/393 -311/393  -21/131  115/393  223/393   87/131  229/393  127/393  -15/131 -287/393  187/393]
[ -65/131  139/393  403/393  -63/131  -65/393  -11/393   -9/131 -113/393 -269/393   97/131   -5/393 -371/393   -7/131  259/393 -317/393]
[ -59/131 -107/393 -107/393  -59/131 -317/393  259/393   -7/131 -371/393   -5/393   97/131 -269/393 -113/393   -9/131  -11/393  -65/393]
[ -63/131  403/393  139/393  -65/131  187/393 -287/393  -15/131  127/393  229/393   87/131  223/393  115/393  -21/131 -311/393  157/393]
[ -77/131   97/393  355/393  -81/131 -125/393  -77/393  -33/131 -191/393  433/393   67/131 -101/393 -473/393  -43/131  145/393 -437/393]
[ 161/131 -239/393 -245/393 -107/131  319/393  103/393  -61/131  247/393 -179/393   37/131 -455/393  481/393  -75/131 -215/393 -275/393]
[-135/131  181/393  -89/393  119/131  -53/393  253/393  -99/131     -1/3  -35/393   -3/131  -53/393 -167/393  145/131 -605/393 -143/393]
[  83/131 -215/393   37/393   73/131  331/393 -413/393 -147/131  247/393   79/393  -53/131  319/393  -59/393 -169/131 -239/393  -41/393]
[  29/131  145/393  133/393   17/131 -101/393 -323/393   57/131 -191/393  163/393 -113/131 -125/393   19/393   31/131   97/393   31/393]
[ -35/131 -311/393  199/393  -49/131  223/393 -263/393  -11/131  127/393 -569/393   79/131  187/393   67/393  -41/131 -383/393   73/393]
[-109/131  -11/393  235/393  137/131 -269/393 -233/393  -89/131 -371/393  241/393   -1/131  469/393   85/393 -123/131 -107/393   85/393]
[  69/131  259/393  241/393   51/131   -5/393 -233/393   85/131 -113/393  235/393  -91/131  -65/393   73/393   47/131  139/393   67/393]
[ -25/131 -287/393  217/393  -45/131  229/393 -263/393  -13/131  115/393 -587/393   71/131  157/393   31/393  -55/131  355/393   19/393]
[-129/131  -77/393  163/393  111/131 -353/393  463/393 -121/131 -473/393  133/393  -39/131  349/393  -41/393   95/131 -245/393  -59/393]
[  19/131  103/393   79/393   -5/131 -179/393 -413/393   23/131 -305/393   37/393  103/131 -275/393 -143/393  -27/131  -89/393 -167/393]
[-105/131  253/393  -35/393        0        0        0        0        0        0        0        0        0        0        0        0]
Testing obstruction for
m1: 2, m2: 66,a: 0
[      -1 -125/393 -107/393 -113/131  -35/393   19/393  -59/131  163/393  253/393   31/131  469/393  595/393  157/131  883/393 1045/393]
[ 319/131 1405/393 1603/393  517/131 2035/393 2269/393  751/131 2773/393 3043/393 1021/131 3619/393 3925/393 1327/131 4573/393 4915/393]
[1669/131 5635/393 6013/393 2047/131 6019/393 5647/393 1675/131 4939/393 4603/393 1339/131 3967/393 3667/393 1039/131 3103/393 2839/393]
[ 775/131 2347/393 2119/393  547/131 1699/393 1507/393  355/131 1159/393 1003/393  199/131  727/393  607/393   79/131  403/393  319/393]
[  -5/131  187/393  139/393  -53/131   79/393   67/393  -65/131   79/393  103/393  -41/131  187/393  247/393   19/131  403/393  499/393]
[ 115/131  727/393  859/393  247/131 1159/393 1327/393  415/131 1699/393 1903/393  619/131 2347/393 2587/393  859/131 3103/393 3379/393]
[1135/131 3967/393 4279/393 1447/131 4939/393 5287/393 1795/131 6019/393 6403/393 1917/131 5635/393 5269/393 1551/131 4573/393 4243/393]
[1221/131 3619/393 3325/393  927/131 2773/393 2515/393  669/131 2035/393 1813/393  447/131 1405/393 1219/393  261/131  883/393  733/393]
[ 111/131  469/393  355/393   -3/131  163/393   85/393  -81/131  -35/393  -77/393 -123/131 -125/393     -1/3 -129/131 -107/393  -77/393]
[ -99/131   19/393   85/393  -33/131  253/393  355/393   69/131  595/393  733/393  207/131 1045/393 1219/393  381/131 1603/393 1813/393]
[ 591/131 2269/393 2515/393  837/131 3043/393 3325/393 1119/131 3925/393 4243/393 1437/131 4915/393 5269/393 1791/131 6013/393 6403/393]
[1919/131 5647/393 5287/393 1559/131 4603/393 4279/393 1235/131 3667/393 3379/393  947/131 2839/393 2587/393  695/131 2119/393 1903/393]
[ 479/131 1507/393 1327/393  299/131 1003/393  859/393  155/131  607/393  499/393   47/131  319/393  247/393  -25/131  139/393  103/393]
[ -61/131   67/393   67/393  -61/131  103/393  139/393  -25/131  247/393  319/393   47/131  499/393  607/393  155/131  859/393 1003/393]
[ 299/131 1327/393 1507/393  479/131 1903/393 2119/393  695/131 2587/393 2839/393  947/131 3379/393 3667/393 1235/131 4279/393 4603/393]
[1559/131 5287/393 5647/393 1919/131 6403/393 6013/393 1791/131 5269/393 4915/393 1437/131 4243/393 3925/393 1119/131 3325/393 3043/393]
[ 837/131 2515/393 2269/393  591/131 1813/393 1603/393  381/131 1219/393 1045/393  207/131  733/393  595/393   69/131  355/393  253/393]
[ -33/131   85/393   19/393  -99/131  -77/393 -107/393 -129/131     -1/3 -125/393 -123/131  -77/393  -35/393  -81/131   85/393  163/393]
[  -3/131  355/393  469/393  111/131  733/393  883/393  261/131 1219/393 1405/393  447/131 1813/393 2035/393  669/131 2515/393 2773/393]
[ 927/131 3325/393 3619/393 1221/131 4243/393 4573/393 1551/131 5269/393 5635/393 1917/131 6403/393 6019/393 1795/131 5287/393 4939/393]
[1447/131 4279/393 3967/393 1135/131 3379/393 3103/393  859/131 2587/393 2347/393  619/131 1903/393 1699/393  415/131 1327/393 1159/393]
[ 247/131  859/393  727/393  115/131  499/393  403/393   19/131  247/393  187/393  -41/131  103/393   79/393  -65/131   67/393   79/393]
[ -53/131  139/393  187/393   -5/131  319/393  403/393   79/131  607/393  727/393  199/131 1003/393 1159/393  355/131 1507/393 1699/393]
[ 547/131 2119/393 2347/393  775/131 2839/393 3103/393 1039/131 3667/393 3967/393 1339/131 4603/393 4939/393 1675/131 5647/393 6019/393]
[2047/131 6013/393 5635/393 1669/131 4915/393 4573/393 1327/131 3925/393 3619/393 1021/131 3043/393 2773/393  751/131 2269/393 2035/393]
[ 517/131 1603/393 1405/393  319/131 1045/393  883/393  157/131  595/393  469/393   31/131  253/393  163/393  -59/131   19/393  -35/393]
[-113/131 -107/393 -125/393        0        0        0        0        0        0        0        0        0        0        0        0]
Unobstructed
98
---------------------------
---------------------------
13a2821
Correction terms
[      -1  -73/177 -115/177    17/59   71/177  -55/177     9/59  -37/177 -247/177    35/59  -43/177   17/177   -23/59   53/177   29/177]
[  -47/59 -103/177  143/177   -37/59 -157/177    5/177     7/59 -109/177  -31/177   -33/59   41/177   35/177   -39/59  -61/177 -151/177]
[  -11/59  -61/177 -235/177    51/59   41/177 -217/177    29/59 -109/177  -97/177    41/59 -157/177  125/177   -31/59 -103/177   95/177]
[  -69/59   53/177  167/177   -73/59  -43/177  -13/177   -43/59  -37/177  -91/177    21/59   71/177  -67/177     1/59  -73/177     -5/3]
[   15/59 -115/177  -67/177    63/59  -55/177  -91/177    27/59 -247/177  -13/177    25/59   17/177  167/177   -61/59   29/177   95/177]
[ -113/59  143/177  125/177   -13/59    5/177  -97/177     3/59  -31/177 -217/177    53/59   35/177 -235/177    19/59 -151/177 -151/177]
[   19/59 -235/177   35/177    53/59 -217/177  -31/177     3/59  -97/177    5/177   -13/59  125/177  143/177  -113/59   95/177   29/177]
[  -61/59  167/177   17/177    25/59  -13/177 -247/177    27/59  -91/177  -55/177    63/59  -67/177 -115/177    15/59     -5/3  -73/177]
[    1/59  -67/177   71/177    21/59  -91/177  -37/177   -43/59  -13/177  -43/177   -73/59  167/177   53/177   -69/59   95/177 -103/177]
[  -31/59  125/177 -157/177    41/59  -97/177 -109/177    29/59 -217/177   41/177    51/59 -235/177  -61/177   -11/59 -151/177  -61/177]
[  -39/59   35/177   41/177   -33/59  -31/177 -109/177     7/59    5/177 -157/177   -37/59  143/177 -103/177   -47/59   29/177   53/177]
[  -23/59   17/177  -43/177    35/59 -247/177  -37/177     9/59  -55/177   71/177    17/59 -115/177  -73/177        0        0        0]
Testing obstruction for
m1: 2, m2: 30,a: 0
[      -1  -53/177  -35/177   -41/59   37/177   91/177    13/59  235/177  325/177   103/59  541/177  667/177   229/59  955/177 1117/177]
[  391/59 1123/177  967/177   235/59  691/177  571/177   115/59  367/177  283/177    31/59  151/177  103/177   -17/59   43/177   31/177]
[  -29/59   43/177   67/177    -5/59  151/177  211/177    55/59  367/177  463/177   151/59  691/177  823/177   283/59 1123/177 1291/177]
[  333/59  955/177  805/177   183/59  541/177  427/177    69/59  235/177  157/177    -9/59   37/177   -5/177   -51/59  -53/177     -1/3]
[  -57/59  -35/177   -5/177   -27/59   91/177  157/177    39/59  325/177  427/177   141/59  667/177  805/177   279/59 1117/177 1291/177]
[  335/59  967/177  823/177   191/59  571/177  463/177    83/59  283/177  211/177    11/59  103/177   67/177   -25/59   31/177   31/177]
[  -25/59   67/177  103/177    11/59  211/177  283/177    83/59  463/177  571/177   191/59  823/177  967/177   335/59 1291/177 1117/177]
[  279/59  805/177  667/177   141/59  427/177  325/177    39/59  157/177   91/177   -27/59   -5/177  -35/177   -57/59     -1/3  -53/177]
[  -51/59   -5/177   37/177    -9/59  157/177  235/177    69/59  427/177  541/177   183/59  805/177  955/177   333/59 1291/177 1123/177]
[  283/59  823/177  691/177   151/59  463/177  367/177    55/59  211/177  151/177    -5/59   67/177   43/177   -29/59   31/177   43/177]
[  -17/59  103/177  151/177    31/59  283/177  367/177   115/59  571/177  691/177   235/59  967/177 1123/177   391/59 1117/177  955/177]
[  229/59  667/177  541/177   103/59  325/177  235/177    13/59   91/177   37/177   -41/59  -35/177  -53/177        0        0        0]
Testing obstruction for
m1: 16, m2: 16,a: 14
[      -1 -115/177   71/177     9/59  107/177  -43/177   -23/59   29/177  251/177    81/59  359/177  245/177    85/59  389/177  647/177]
[  225/59  473/177  395/177   147/59  257/177  197/177    87/59   95/177   53/177    45/59  -13/177  -37/177    21/59  -67/177  -73/177]
[   15/59  -67/177  -55/177    27/59  -13/177   17/177    57/59   95/177  143/177   105/59  257/177  323/177   171/59  473/177  557/177]
[  137/59  389/177  491/177   121/59  359/177  125/177     5/59   29/177  167/177    25/59  107/177  -91/177   -55/59 -115/177      1/3]
[    1/59   71/177  -91/177   -43/59  -43/177  167/177    49/59  251/177  125/177    41/59  245/177  491/177   169/59  647/177  557/177]
[  197/59  395/177  323/177   125/59  197/177  143/177    71/59   53/177   17/177    35/59  -37/177  -55/177    17/59  -73/177  -73/177]
[   17/59  -55/177  -37/177    35/59   17/177   53/177    71/59  143/177  197/177   125/59  323/177  395/177   197/59  557/177  647/177]
[  169/59  491/177  245/177    41/59  125/177  251/177    49/59  167/177  -43/177   -43/59  -91/177   71/177     1/59      1/3 -115/177]
[  -55/59  -91/177  107/177    25/59  167/177   29/177     5/59  125/177  359/177   121/59  491/177  389/177   137/59  557/177  473/177]
[  171/59  323/177  257/177   105/59  143/177   95/177    57/59   17/177  -13/177    27/59  -55/177  -67/177    15/59  -73/177  -67/177]
[   21/59  -37/177  -13/177    45/59   53/177   95/177    87/59  197/177  257/177   147/59  395/177  473/177   225/59  647/177  389/177]
[   85/59  245/177  359/177    81/59  251/177   29/177   -23/59  -43/177  107/177     9/59   71/177 -115/177        0        0        0]
[-115/177, 71/177, 9/59, 107/177, -43/177, -23/59, 29/177, 251/177, 81/59, 359/177, 245/177, 85/59, 389/177, 647/177, 225/59, 473/177, 395/177, 147/59, 257/177, 197/177, 87/59, 95/177, 53/177, 45/59, -13/177, -37/177, 21/59, -67/177, -73/177, 15/59, -67/177, -55/177, 27/59, -13/177, 17/177, 57/59, 95/177, 143/177, 105/59, 257/177, 323/177, 171/59, 473/177, 557/177, 137/59, 389/177, 491/177, 121/59, 359/177, 125/177, 5/59, 29/177, 167/177, 25/59, 107/177, -91/177, -55/59]
2 [-115/177, 71/177, 9/59, -247/177, -43/177, -23/59, 29/177, -103/177, -37/59, 5/177, -109/177, -33/59, 35/177, -61/177, -11/59, -235/177, 41/177, 29/59, -97/177, -157/177, -31/59, 95/177, 53/177, -73/59, -13/177, -37/177, 21/59, -67/177, -73/177, 15/59, -67/177, -55/177, 27/59, -13/177, 17/177, -61/59, 95/177, 143/177, -13/59, -97/177, -31/177, 53/59, -235/177, -151/177, 19/59, 35/177, -217/177, 3/59, 5/177, 125/177, -113/59, 29/177, 167/177, 25/59, -247/177, -91/177, 63/59]
[-115/177, 71/177, 9/59, 107/177, -43/177, -23/59, 29/177, 251/177, 81/59, 359/177, 245/177, 85/59, 389/177, 647/177, 225/59, 473/177, 395/177, 147/59, 257/177, 197/177, 87/59, 95/177, 53/177, 45/59, -13/177, -37/177, 21/59, -67/177, -73/177, 15/59, -67/177, -55/177, 27/59, -13/177, 17/177, 57/59, 95/177, 143/177, 105/59, 257/177, 323/177, 171/59, 473/177, 557/177, 137/59, 389/177, 491/177, 121/59, 359/177, 125/177, 5/59, 29/177, 167/177, 25/59, 107/177, -91/177, -55/59]
61 [-115/177, 71/177, 9/59, -247/177, -43/177, -23/59, 29/177, -103/177, -37/59, 5/177, -109/177, -33/59, 35/177, -61/177, -11/59, -235/177, 41/177, 29/59, -97/177, -157/177, -31/59, 95/177, 53/177, -73/59, -13/177, -37/177, 21/59, -67/177, -73/177, 15/59, -67/177, -55/177, 27/59, -13/177, 17/177, -61/59, 95/177, 143/177, -13/59, -97/177, -31/177, 53/59, -235/177, -151/177, 19/59, 35/177, -217/177, 3/59, 5/177, 125/177, -113/59, 29/177, 167/177, 25/59, -247/177, -91/177, 63/59]
---------------------------
SUCCESS for name = 13a2821
---------------------------
