13a2295
Correction terms
[      -1 -193/277   59/277  -75/277  -41/277  161/277  -23/277  -39/277  113/277 -121/277 -187/277  -85/277  185/277   69/277  121/277]
[ 341/277  175/277  177/277  347/277  131/277   83/277  203/277  -63/277 -161/277  -91/277  147/277   -1/277   19/277  207/277    9/277]
[ -21/277  117/277 -131/277 -211/277 -123/277  133/277    3/277   41/277  247/277   67/277   55/277  211/277  -19/277  -81/277   25/277]
[ 299/277  187/277  243/277  -87/277 -249/277 -243/277  -69/277 -281/277 -325/277 -201/277   91/277   -3/277   71/277  313/277  169/277]
[ 193/277  385/277  191/277  165/277  307/277   63/277  -13/277   79/277  339/277  213/277  255/277  -89/277 -265/277 -273/277 -113/277]
[-339/277 -397/277 -287/277   -9/277 -117/277  -57/277  171/277   13/277   23/277  201/277   -7/277  -47/277   81/277  377/277  287/277]
[ 365/277   57/277  -83/277  -55/277  141/277  -49/277  -71/277   75/277 -165/277 -237/277 -141/277  123/277    1/277   47/277  261/277]
[  89/277   85/277  249/277   27/277  -27/277   87/277  369/277  265/277  329/277    7/277 -147/277 -133/277   49/277 -155/277 -191/277]
[ -59/277  241/277  155/277  237/277  -67/277 -203/277 -171/277   29/277 -157/277 -175/277  -25/277  293/277  225/277  325/277   39/277]
[ -79/277  -29/277  189/277   21/277   21/277  189/277  -29/277  -79/277   39/277  325/277  225/277  293/277  -25/277 -175/277 -157/277]
[  29/277 -171/277 -203/277  -67/277  237/277  155/277  241/277  -59/277 -191/277 -155/277   49/277 -133/277 -147/277    7/277  329/277]
[ 265/277  369/277   87/277  -27/277   27/277  249/277   85/277   89/277  261/277   47/277    1/277  123/277 -141/277 -237/277 -165/277]
[  75/277  -71/277  -49/277  141/277  -55/277  -83/277   57/277  365/277  287/277  377/277   81/277  -47/277   -7/277  201/277   23/277]
[  13/277  171/277  -57/277 -117/277   -9/277 -287/277 -397/277 -339/277 -113/277 -273/277 -265/277  -89/277  255/277  213/277  339/277]
[  79/277  -13/277   63/277  307/277  165/277  191/277  385/277  193/277  169/277  313/277   71/277   -3/277   91/277 -201/277 -325/277]
[-281/277  -69/277 -243/277 -249/277  -87/277  243/277  187/277  299/277   25/277  -81/277  -19/277  211/277   55/277   67/277  247/277]
[  41/277    3/277  133/277 -123/277 -211/277 -131/277  117/277  -21/277    9/277  207/277   19/277   -1/277  147/277  -91/277 -161/277]
[ -63/277  203/277   83/277  131/277  347/277  177/277  175/277  341/277  121/277   69/277  185/277  -85/277 -187/277 -121/277  113/277]
[ -39/277  -23/277  161/277  -41/277  -75/277   59/277 -193/277        0        0        0        0        0        0        0        0]
Testing obstruction for
m1: 6, m2: 16,a: 4
[      -1 -255/277 -189/277  -79/277   75/277  273/277  515/277  801/277  577/277  397/277  261/277  169/277  121/277  117/277  157/277]
[ 241/277  369/277  541/277  757/277 1017/277  767/277  561/277  399/277  281/277  207/277  177/277  191/277  249/277  351/277  497/277]
[ 687/277  921/277  645/277  413/277  225/277   81/277  -19/277  -75/277  -87/277  -55/277   21/277  141/277  305/277  513/277  765/277]
[ 507/277  293/277  123/277   -3/277  -85/277 -123/277 -117/277  -67/277   27/277  165/277  347/277  573/277  843/277  603/277  407/277]
[ 255/277  147/277   83/277   63/277   87/277  155/277  267/277  423/277  623/277  867/277  601/277  379/277  201/277   67/277  -23/277]
[ -69/277  -71/277  -29/277   57/277  187/277  361/277  579/277  841/277  593/277  389/277  229/277  113/277   41/277   13/277   29/277]
[  89/277  193/277  341/277  533/277  769/277  495/277  265/277   79/277  -63/277 -161/277 -215/277 -225/277 -191/277 -113/277    9/277]
[ 175/277  385/277  639/277  937/277  725/277  557/277  433/277  353/277  317/277  325/277  377/277  473/277  613/277  797/277 1025/277]
[ 743/277  505/277  311/277  161/277   55/277   -7/277  -25/277    1/277   71/277  185/277  343/277  545/277  791/277  527/277  307/277]
[ 131/277   -1/277  -89/277 -133/277 -133/277  -89/277   -1/277  131/277  307/277  527/277  791/277  545/277  343/277  185/277   71/277]
[   1/277  -25/277   -7/277   55/277  161/277  311/277  505/277  743/277 1025/277  797/277  613/277  473/277  377/277  325/277  317/277]
[ 353/277  433/277  557/277  725/277  937/277  639/277  385/277  175/277    9/277 -113/277 -191/277 -225/277 -215/277 -161/277  -63/277]
[  79/277  265/277  495/277  769/277  533/277  341/277  193/277   89/277   29/277   13/277   41/277  113/277  229/277  389/277  593/277]
[ 841/277  579/277  361/277  187/277   57/277  -29/277  -71/277  -69/277  -23/277   67/277  201/277  379/277  601/277  867/277  623/277]
[ 423/277  267/277  155/277   87/277   63/277   83/277  147/277  255/277  407/277  603/277  843/277  573/277  347/277  165/277   27/277]
[ -67/277 -117/277 -123/277  -85/277   -3/277  123/277  293/277  507/277  765/277  513/277  305/277  141/277   21/277  -55/277  -87/277]
[ -75/277  -19/277   81/277  225/277  413/277  645/277  921/277  687/277  497/277  351/277  249/277  191/277  177/277  207/277  281/277]
[ 399/277  561/277  767/277 1017/277  757/277  541/277  369/277  241/277  157/277  117/277  121/277  169/277  261/277  397/277  577/277]
[ 801/277  515/277  273/277   75/277  -79/277 -189/277 -255/277        0        0        0        0        0        0        0        0]
Testing obstruction for
m1: 70, m2: 70,a: 69
[      -1 -273/277 -261/277 -241/277 -213/277 -177/277 -133/277  -81/277  -21/277   47/277  123/277  207/277  299/277  399/277  507/277]
[ 623/277  747/277  879/277 1019/277 1167/277 1323/277 1487/277 1659/277 1839/277 2027/277 2223/277 2427/277 2639/277 2859/277 3087/277]
[3323/277 3567/277 3819/277 4079/277 4347/277 4623/277 4353/277 4091/277 3837/277 3591/277 3353/277 3123/277 2901/277 2687/277 2481/277]
[2283/277 2093/277 1911/277 1737/277 1571/277 1413/277 1263/277 1121/277  987/277  861/277  743/277  633/277  531/277  437/277  351/277]
[ 273/277  203/277  141/277   87/277   41/277    3/277  -27/277  -49/277  -63/277  -69/277  -67/277  -57/277  -39/277  -13/277   21/277]
[  63/277  113/277  171/277  237/277  311/277  393/277  483/277  581/277  687/277  801/277  923/277 1053/277 1191/277 1337/277 1491/277]
[1653/277 1823/277 2001/277 2187/277 2381/277 2583/277 2793/277 3011/277 3237/277 3471/277 3713/277 3963/277 4221/277 4487/277 4761/277]
[4489/277 4225/277 3969/277 3721/277 3481/277 3249/277 3025/277 2809/277 2601/277 2401/277 2209/277 2025/277 1849/277 1681/277 1521/277]
[1369/277 1225/277 1089/277  961/277  841/277  729/277  625/277  529/277  441/277  361/277  289/277  225/277  169/277  121/277   81/277]
[  49/277   25/277    9/277    1/277    1/277    9/277   25/277   49/277   81/277  121/277  169/277  225/277  289/277  361/277  441/277]
[ 529/277  625/277  729/277  841/277  961/277 1089/277 1225/277 1369/277 1521/277 1681/277 1849/277 2025/277 2209/277 2401/277 2601/277]
[2809/277 3025/277 3249/277 3481/277 3721/277 3969/277 4225/277 4489/277 4761/277 4487/277 4221/277 3963/277 3713/277 3471/277 3237/277]
[3011/277 2793/277 2583/277 2381/277 2187/277 2001/277 1823/277 1653/277 1491/277 1337/277 1191/277 1053/277  923/277  801/277  687/277]
[ 581/277  483/277  393/277  311/277  237/277  171/277  113/277   63/277   21/277  -13/277  -39/277  -57/277  -67/277  -69/277  -63/277]
[ -49/277  -27/277    3/277   41/277   87/277  141/277  203/277  273/277  351/277  437/277  531/277  633/277  743/277  861/277  987/277]
[1121/277 1263/277 1413/277 1571/277 1737/277 1911/277 2093/277 2283/277 2481/277 2687/277 2901/277 3123/277 3353/277 3591/277 3837/277]
[4091/277 4353/277 4623/277 4347/277 4079/277 3819/277 3567/277 3323/277 3087/277 2859/277 2639/277 2427/277 2223/277 2027/277 1839/277]
[1659/277 1487/277 1323/277 1167/277 1019/277  879/277  747/277  623/277  507/277  399/277  299/277  207/277  123/277   47/277  -21/277]
[ -81/277 -133/277 -177/277 -213/277 -241/277 -261/277 -273/277        0        0        0        0        0        0        0        0]
[-273/277, -261/277]
73 [-273/277, 293/277]
---------------------------
SUCCESS for name = 13a2295
---------------------------
13a2310
Correction terms
[      -1 -205/297   71/297    -7/33  -13/297  221/297     5/33   53/297  245/297     1/11   -7/297    13/27   -13/33 -193/297  -85/297]
[   23/33   89/297  155/297    -7/11  245/297 -325/297   -13/33    25/27  257/297    47/33  179/297  119/297   -13/11  -43/297 -145/297]
[   -7/33  203/297   59/297      1/3 -271/297  137/297     5/11  317/297   89/297     5/33  185/297  -85/297    47/33  -73/297    19/27]
[    3/11  137/297 -217/297   -43/33  221/297 -175/297    23/33  179/297  335/297     3/11     1/27  125/297   -19/33  311/297 -211/297]
[    5/33 -109/297  -79/297     5/11  -61/297  -73/297      1/3 -139/297 -193/297    -7/33  251/297  155/297     9/11  -79/297 -217/297]
[  -19/33   59/297   -11/27   -13/33   71/297 -151/297    -7/11  -43/297  287/297    23/33  311/297    5/297   -13/33    -5/27  191/297]
[    1/11   47/297  251/297     5/33   23/297 -409/297    -7/33 -127/297   -7/297        1  191/297  269/297    -7/33  383/297 -175/297]
[    5/33 -145/297 -151/297     1/11 -205/297    31/27   -13/33  203/297  113/297    23/33 -109/297 -241/297    15/11   47/297  467/297]
[  -13/33     7/27 -139/297   -19/33  -19/297 -277/297     9/11 -241/297   53/297    -7/33    5/297  257/297      1/3  125/297 -259/297]
[    5/11  119/297  287/297     5/33  -13/297  113/297   -19/33 -271/297   -17/27     3/11  -61/297  -19/297    23/33   23/297   23/297]
[   23/33  -19/297  -61/297     3/11   -17/27 -271/297   -19/33  113/297  -13/297     5/33  287/297  119/297     5/11 -259/297  125/297]
[     1/3  257/297    5/297    -7/33   53/297 -241/297     9/11 -277/297  -19/297   -19/33 -139/297     7/27   -13/33  467/297   47/297]
[   15/11 -241/297 -109/297    23/33  113/297  203/297   -13/33    31/27 -205/297     1/11 -151/297 -145/297     5/33 -175/297  383/297]
[   -7/33  269/297  191/297        1   -7/297 -127/297    -7/33 -409/297   23/297     5/33  251/297   47/297     1/11  191/297    -5/27]
[  -13/33    5/297  311/297    23/33  287/297  -43/297    -7/11 -151/297   71/297   -13/33   -11/27   59/297   -19/33 -217/297  -79/297]
[    9/11  155/297  251/297    -7/33 -193/297 -139/297      1/3  -73/297  -61/297     5/11  -79/297 -109/297     5/33 -211/297  311/297]
[  -19/33  125/297     1/27     3/11  335/297  179/297    23/33 -175/297  221/297   -43/33 -217/297  137/297     3/11    19/27  -73/297]
[   47/33  -85/297  185/297     5/33   89/297  317/297     5/11  137/297 -271/297      1/3   59/297  203/297    -7/33 -145/297  -43/297]
[  -13/11  119/297  179/297    47/33  257/297    25/27   -13/33 -325/297  245/297    -7/11  155/297   89/297    23/33  -85/297 -193/297]
[  -13/33    13/27   -7/297     1/11  245/297   53/297     5/33  221/297  -13/297    -7/33   71/297 -205/297        0        0        0]
Testing obstruction for
m1: 2, m2: 50,a: 0
Obstructed by Z^n/Q not being cyclic
Testing obstruction for
m1: 6, m2: 14,a: 0
[      -1 -221/297    7/297    43/33  325/297  415/297    73/33 1051/297 1003/297    19/11  175/297    -1/27    -5/33   73/297  343/297]
[   19/33  151/297  283/297    21/11 1003/297  997/297    61/33    23/27  109/297    13/33  277/297   -5/297    -5/11 -113/297   61/297]
[   43/33  271/297  307/297      5/3  835/297  733/297    29/11  391/297  151/297     7/33  127/297  343/297    13/33   43/297    11/27]
[   13/11  733/297 1267/297    85/33  415/297  217/297    19/33  277/297  -59/297    -9/11   -25/27 -155/297    13/33  541/297  523/297]
[   73/33  943/297  787/297    29/11  337/297   43/297     -1/3  -89/297   73/297    43/33  259/297  283/297    17/11  787/297 1267/297]
[   79/33  307/297     5/27    -5/33    7/297  211/297    -1/11 -113/297  -47/297    19/33  541/297  469/297    61/33    71/27  571/297]
[   19/11  607/297  259/297     7/33   19/297  127/297    43/33  205/297  175/297        1  571/297  997/297   109/33  523/297  217/297]
[    7/33   61/297  211/297    -3/11 -221/297   -19/27    -5/33  271/297  739/297    85/33  943/297  679/297    21/11  607/297  205/297]
[   -5/33   -13/27  -89/297    13/33  475/297  391/297    17/11  679/297 1051/297   109/33  469/297  109/297     -1/3 -155/297  -59/297]
[    7/11   -5/297  -47/297     7/33  325/297  739/297    79/33  835/297    47/27    13/11  337/297  475/297    19/33   19/297   19/297]
[   19/33  475/297  337/297    13/11    47/27  835/297    79/33  739/297  325/297     7/33  -47/297   -5/297     7/11  -59/297 -155/297]
[    -1/3  109/297  469/297   109/33 1051/297  679/297    17/11  391/297  475/297    13/33  -89/297   -13/27    -5/33  205/297  607/297]
[   21/11  679/297  943/297    85/33  739/297  271/297    -5/33   -19/27 -221/297    -3/11  211/297   61/297     7/33  217/297  523/297]
[  109/33  997/297  571/297        1  175/297  205/297    43/33  127/297   19/297     7/33  259/297  607/297    19/11  571/297    71/27]
[   61/33  469/297  541/297    19/33  -47/297 -113/297    -1/11  211/297    7/297    -5/33     5/27  307/297    79/33 1267/297  787/297]
[   17/11  283/297  259/297    43/33   73/297  -89/297     -1/3   43/297  337/297    29/11  787/297  943/297    73/33  523/297  541/297]
[   13/33 -155/297   -25/27    -9/11  -59/297  277/297    19/33  217/297  415/297    85/33 1267/297  733/297    13/11    11/27   43/297]
[   13/33  343/297  127/297     7/33  151/297  391/297    29/11  733/297  835/297      5/3  307/297  271/297    43/33   61/297 -113/297]
[   -5/11   -5/297  277/297    13/33  109/297    23/27    61/33  997/297 1003/297    21/11  283/297  151/297    19/33  343/297   73/297]
[   -5/33    -1/27  175/297    19/11 1003/297 1051/297    73/33  415/297  325/297    43/33    7/297 -221/297        0        0        0]
Testing obstruction for
m1: 4, m2: 22,a: 1
[      -1 -283/297 -241/297   -19/33  -73/297   53/297    23/33  389/297  599/297    31/11 1103/297   127/27   125/33  881/297  665/297]
[   53/33  317/297  185/297     3/11    5/297  -43/297    -7/33    -5/27  -19/297     5/33  137/297  257/297    15/11  581/297  785/297]
[  113/33 1277/297 1565/297     13/3 1037/297  815/297    23/11  455/297  317/297    23/33  125/297   71/297     5/33   47/297     7/27]
[    5/11  221/297  335/297    53/33  647/297  845/297   119/33 1325/297 1607/297    49/11    97/27  839/297    71/33  467/297  323/297]
[   23/33  119/297   59/297     1/11   23/297   47/297      1/3  179/297  287/297    47/33  587/297  779/297    37/11 1247/297 1523/297]
[  137/33  971/297    67/27    59/33  353/297  203/297     3/11  -13/297  -79/297   -13/33 -127/297 -109/297    -7/33     1/27  113/297]
[    9/11  401/297  587/297    89/33 1043/297 1313/297   179/33 1343/297 1103/297        3  707/297  551/297    47/33  323/297  251/297]
[   23/33  191/297  203/297     9/11  311/297    37/27    59/33  683/297  863/297   119/33 1307/297 1571/297    47/11  995/297  749/297]
[   59/33    31/27  179/297     5/33  -61/297 -139/297    -7/11 -211/297 -205/297   -19/33 -109/297  -19/297      1/3  245/297  419/297]
[   23/11  851/297 1109/297   155/33 1115/297  863/297    71/33  443/297    25/27     5/11   23/297  -61/297   -13/33 -145/297 -145/297]
[  -13/33  -61/297   23/297     5/11    25/27  443/297    71/33  863/297 1115/297   155/33 1109/297  851/297    23/11  419/297  245/297]
[     1/3  -19/297 -109/297   -19/33 -205/297 -211/297    -7/11 -139/297  -61/297     5/33  179/297    31/27    59/33  749/297  995/297]
[   47/11 1571/297 1307/297   119/33  863/297  683/297    59/33    37/27  311/297     9/11  203/297  191/297    23/33  251/297  323/297]
[   47/33  551/297  707/297        3 1103/297 1343/297   179/33 1313/297 1043/297    89/33  587/297  401/297     9/11  113/297     1/27]
[   -7/33 -109/297 -127/297   -13/33  -79/297  -13/297     3/11  203/297  353/297    59/33    67/27  971/297   137/33 1523/297 1247/297]
[   37/11  779/297  587/297    47/33  287/297  179/297      1/3   47/297   23/297     1/11   59/297  119/297    23/33  323/297  467/297]
[   71/33  839/297    97/27    49/11 1607/297 1325/297   119/33  845/297  647/297    53/33  335/297  221/297     5/11     7/27   47/297]
[    5/33   71/297  125/297    23/33  317/297  455/297    23/11  815/297 1037/297     13/3 1565/297 1277/297   113/33  785/297  581/297]
[   15/11  257/297  137/297     5/33  -19/297    -5/27    -7/33  -43/297    5/297     3/11  185/297  317/297    53/33  665/297  881/297]
[  125/33   127/27 1103/297    31/11  599/297  389/297    23/33   53/297  -73/297   -19/33 -241/297 -283/297        0        0        0]
Testing obstruction for
m1: 10, m2: 10,a: 4
[      -1 -259/297 -145/297     5/33  311/297  653/297    53/33  377/297  353/297    15/11  533/297    67/27    47/33  185/297   23/297]
[   -7/33  -73/297   -7/297     5/11  353/297  647/297    47/33    25/27  203/297    23/33  287/297  443/297    25/11  389/297  179/297]
[    5/33  -13/297    5/297      1/3  269/297  515/297     9/11   47/297  -73/297   -13/33  -85/297   23/297    23/33  467/297    73/27]
[   23/11  515/297  485/297    59/33  653/297  851/297    59/33  287/297  119/297     1/11     1/27   71/297    23/33  419/297  707/297]
[   53/33  323/297  245/297     9/11  317/297  467/297      7/3  401/297  185/297     5/33  -19/297   -7/297     3/11  245/297  485/297]
[   23/33    5/297   -11/27   -19/33 -145/297  -43/297     5/11  389/297  719/297    59/33  419/297  383/297    47/33    49/27  731/297]
[   15/11  155/297  -19/297   -13/33 -139/297  -85/297     5/33  251/297  533/297        3  731/297  647/297    71/33  707/297  851/297]
[   53/33  179/297  -43/297    -7/11 -259/297   -23/27   -19/33  -13/297  221/297    59/33  323/297  191/297     5/11  155/297  251/297]
[   47/33    61/27  401/297    23/33   89/297   47/297     3/11  191/297  377/297    71/33  383/297  203/297      1/3   71/297  119/297]
[    9/11  443/297  719/297    53/33  311/297  221/297    23/33  269/297    37/27    23/11  317/297   89/297    -7/33 -139/297 -139/297]
[   -7/33   89/297  317/297    23/11    37/27  269/297    23/33  221/297  311/297    53/33  719/297  443/297     9/11  119/297   71/297]
[     1/3  203/297  383/297    71/33  377/297  191/297     3/11   47/297   89/297    23/33  401/297    61/27    47/33  251/297  155/297]
[    5/11  191/297  323/297    59/33  221/297  -13/297   -19/33   -23/27 -259/297    -7/11  -43/297  179/297    53/33  851/297  707/297]
[   71/33  647/297  731/297        3  533/297  251/297     5/33  -85/297 -139/297   -13/33  -19/297  155/297    15/11  731/297    49/27]
[   47/33  383/297  419/297    59/33  719/297  389/297     5/11  -43/297 -145/297   -19/33   -11/27    5/297    23/33  485/297  245/297]
[    3/11   -7/297  -19/297     5/33  185/297  401/297      7/3  467/297  317/297     9/11  245/297  323/297    53/33  707/297  419/297]
[   23/33   71/297     1/27     1/11  119/297  287/297    59/33  851/297  653/297    59/33  485/297  515/297    23/11    73/27  467/297]
[   23/33   23/297  -85/297   -13/33  -73/297   47/297     9/11  515/297  269/297      1/3    5/297  -13/297     5/33  179/297  389/297]
[   25/11  443/297  287/297    23/33  203/297    25/27    47/33  647/297  353/297     5/11   -7/297  -73/297    -7/33   23/297  185/297]
[   47/33    67/27  533/297    15/11  353/297  377/297    53/33  653/297  311/297     5/33 -145/297 -259/297        0        0        0]
[-259/297, -145/297, 5/33, 311/297, 653/297, 53/33, 377/297, 353/297, 15/11, 533/297, 67/27, 47/33, 185/297, 23/297, -7/33, -73/297, -7/297, 5/11, 353/297, 647/297, 47/33, 25/27, 203/297, 23/33, 287/297, 443/297, 25/11, 389/297, 179/297, 5/33, -13/297, 5/297, 1/3, 269/297, 515/297, 9/11, 47/297, -73/297, -13/33, -85/297, 23/297, 23/33, 467/297, 73/27, 23/11, 515/297, 485/297, 59/33, 653/297, 851/297, 59/33, 287/297, 119/297, 1/11, 1/27, 71/297, 23/33, 419/297, 707/297, 53/33, 323/297, 245/297, 9/11, 317/297, 467/297, 7/3, 401/297, 185/297, 5/33, -19/297, -7/297, 3/11, 245/297, 485/297, 23/33, 5/297, -11/27, -19/33, -145/297, -43/297, 5/11, 389/297, 719/297, 59/33, 419/297, 383/297, 47/33, 49/27, 731/297, 15/11, 155/297, -19/297, -13/33, -139/297, -85/297, 5/33, 251/297, 533/297, 3, 731/297, 647/297, 71/33, 707/297, 851/297, 53/33, 179/297, -43/297, -7/11, -259/297]
134 [-259/297, -145/297, 5/33, 311/297, 59/297, -13/33, -217/297, -241/297, -7/11, -61/297, 13/27, -19/33, 185/297, 23/297, -7/33, -73/297, -7/297, 5/11, -241/297, 53/297, -19/33, 25/27, 203/297, 23/33, 287/297, -151/297, 3/11, -205/297, 179/297, 5/33, -13/297, 5/297, 1/3, 269/297, -79/297, 9/11, 47/297, -73/297, -13/33, -85/297, 23/297, 23/33, 467/297, 19/27, 1/11, -79/297, -109/297, -7/33, 59/297, 257/297, -7/33, 287/297, 119/297, 1/11, 1/27, 71/297, 23/33, -175/297, 113/297, -13/33, -271/297, 245/297, 9/11, 317/297, -127/297, 1/3, -193/297, -409/297, 5/33, -19/297, -7/297, 3/11, 245/297, -109/297, -43/33, 5/297, -11/27, -19/33, -145/297, -43/297, 5/11, -205/297, 125/297, -7/33, -175/297, -211/297, -19/33, -5/27, 137/297, 15/11, 155/297, -19/297, -13/33, -139/297, -85/297, 5/33, 251/297, -61/297, 1, 137/297, 53/297, 5/33, 113/297, 257/297, -13/33, 179/297, -43/297, -7/11, 335/297]
Testing obstruction for
m1: 12, m2: 14,a: 9
[      -1 -269/297 -185/297    -5/33  151/297  403/297    79/33  481/297  307/297     7/11  127/297    11/27    19/33  277/297  439/297]
[   73/33  931/297  667/297    17/11  307/297  211/297    19/33    17/27  259/297    43/33  571/297  811/297    19/11  271/297   85/297]
[   -5/33 -119/297 -137/297     -1/3   -5/297  145/297    13/11  613/297  931/297    79/33  547/297  439/297    43/33  391/297    41/27]
[   21/11  739/297  967/297    73/33  403/297  205/297     7/33  -23/297  -53/297    -1/11     5/27  193/297    43/33  637/297  349/297]
[   13/33  -59/297 -179/297    -9/11 -251/297 -203/297     -1/3   61/297  277/297    61/33  877/297  667/297    19/11  415/297  373/297]
[   43/33  457/297    53/27    85/33 1003/297  703/297    17/11  271/297  139/297     7/33   43/297   79/297    19/33    29/27  523/297]
[   29/11  505/297  283/297    13/33    7/297  -47/297    -5/33   13/297  127/297        1  523/297  805/297    61/33  349/297  205/297]
[   13/33   85/297  109/297     7/11  325/297    47/27    85/33  475/297  241/297     7/33  -59/297 -125/297    -5/11  -89/297   13/297]
[   19/33    35/27  655/297    43/33  175/297   19/297    -3/11 -125/297 -113/297    -5/33   79/297  259/297      5/3  787/297  541/297]
[   13/11  217/297  139/297    13/33  151/297  241/297    43/33  589/297    77/27    21/11  343/297  175/297     7/33    7/297    7/297]
[    7/33  175/297  343/297    21/11    77/27  589/297    43/33  241/297  151/297    13/33  139/297  217/297    13/11  541/297  787/297]
[     5/3  259/297   79/297    -5/33 -113/297 -125/297    -3/11   19/297  175/297    43/33  655/297    35/27    19/33   13/297  -89/297]
[   -5/11 -125/297  -59/297     7/33  241/297  475/297    85/33    47/27  325/297     7/11  109/297   85/297    13/33  205/297  349/297]
[   61/33  805/297  523/297        1  127/297   13/297    -5/33  -47/297    7/297    13/33  283/297  505/297    29/11  523/297    29/27]
[   19/33   79/297   43/297     7/33  139/297  271/297    17/11  703/297 1003/297    85/33    53/27  457/297    43/33  373/297  415/297]
[   19/11  667/297  877/297    61/33  277/297   61/297     -1/3 -203/297 -251/297    -9/11 -179/297  -59/297    13/33  349/297  637/297]
[   43/33  193/297     5/27    -1/11  -53/297  -23/297     7/33  205/297  403/297    73/33  967/297  739/297    21/11    41/27  391/297]
[   43/33  439/297  547/297    79/33  931/297  613/297    13/11  145/297   -5/297     -1/3 -137/297 -119/297    -5/33   85/297  271/297]
[   19/11  811/297  571/297    43/33  259/297    17/27    19/33  211/297  307/297    17/11  667/297  931/297    73/33  439/297  277/297]
[   19/33    11/27  127/297     7/11  307/297  481/297    79/33  403/297  151/297    -5/33 -185/297 -269/297        0        0        0]
Testing obstruction for
m1: 26, m2: 26,a: 24
Obstructed by Z^n/Q not being cyclic
---------------------------
SUCCESS for name = 13a2310
---------------------------
13a2317
Correction terms
[      -1   35/141   -1/141    11/47 -145/141   29/141    -3/47   23/141  125/141     5/47  -25/141    5/141    35/47   -7/141  -49/141]
[   -7/47   77/141  -37/141   -27/47  -55/141   41/141   -25/47 -121/141  -97/141    -1/47  161/141  113/141    45/47  -55/141  107/141]
[   19/47   77/141 -115/141    15/47   -7/141   11/141   -61/47  -25/141  -79/141   -21/47   23/141 -103/141    41/47  137/141  221/141]
[   31/47   35/141      1/3    43/47   -1/141  -61/141   -17/47   29/141 -103/141   -55/47 -157/141  -79/141    23/47    5/141   11/141]
[   29/47  233/141  167/141    57/47  -37/141  107/141    13/47   41/141 -169/141    -9/47  -97/141  -97/141    -9/47 -169/141   41/141]
[   13/47  107/141  -37/141    57/47  167/141  233/141    29/47   11/141    5/141    23/47  -79/141 -157/141   -55/47 -103/141   29/141]
[  -17/47  -61/141   -1/141    43/47      1/3   35/141    31/47  221/141  137/141    41/47 -103/141   23/141   -21/47  -79/141  -25/141]
[  -61/47   11/141   -7/141    15/47 -115/141   77/141    19/47  107/141  -55/141    45/47  113/141  161/141    -1/47  -97/141 -121/141]
[  -25/47   41/141  -55/141   -27/47  -37/141   77/141    -7/47  -49/141   -7/141    35/47    5/141  -25/141     5/47  125/141   23/141]
[   -3/47   29/141 -145/141    11/47   -1/141   35/141        0        0        0        0        0        0        0        0        0]
Testing obstruction for
m1: 2, m2: 24,a: 0
[     -1 -41/141 -23/141  -29/47  49/141 103/141   25/47 247/141 337/141  115/47 553/141 679/141  241/47 685/141 565/141]
[ 121/47 361/141 277/141   37/47 145/141  97/141  -11/47  37/141  25/141  -23/47  37/141  61/141    1/47 145/141 205/141]
[  61/47 361/141 457/141  157/47 685/141 817/141  195/47 553/141 439/141   81/47 247/141 169/141    3/47  49/141   7/141]
[ -39/47 -41/141    -1/3  -45/47 -23/141   7/141  -15/47 103/141 169/141   51/47 337/141 439/141  153/47 679/141 817/141]
[ 197/47 565/141 457/141   89/47 277/141 205/141   17/47  97/141  61/141  -19/47  25/141  25/141  -19/47  61/141  97/141]
[  17/47 205/141 277/141   89/47 457/141 565/141  197/47 817/141 679/141  153/47 439/141 337/141   51/47 169/141 103/141]
[ -15/47   7/141 -23/141  -45/47    -1/3 -41/141  -39/47   7/141  49/141    3/47 169/141 247/141   81/47 439/141 553/141]
[ 195/47 817/141 685/141  157/47 457/141 361/141   61/47 205/141 145/141    1/47  61/141  37/141  -23/47  25/141  37/141]
[ -11/47  97/141 145/141   37/47 277/141 361/141  121/47 565/141 685/141  241/47 679/141 553/141  115/47 337/141 247/141]
[  25/47 103/141  49/141  -29/47 -23/141 -41/141       0       0       0       0       0       0       0       0       0]
Testing obstruction for
m1: 8, m2: 10,a: 6
[      -1 -121/141  -61/141    13/47  179/141   77/141     5/47   -7/141   11/141    23/47  167/141  305/141    67/47  137/141  113/141]
[   43/47  185/141  281/141    45/47   29/141  -37/141   -21/47  -49/141    5/141    33/47  233/141  125/141    19/47   29/141   41/141]
[   31/47  185/141  317/141    69/47  137/141  107/141    39/47  167/141  257/141    35/47   -7/141  -79/141   -37/47 -103/141  -55/141]
[   11/47  161/141      1/3    -9/47  -61/141  -55/141    -3/47   77/141  203/141    29/47   11/141  -25/141    -7/47   23/141  107/141]
[   77/47  113/141   35/141    -1/47   -1/141   41/141    41/47  245/141  125/141    15/47    5/141    5/141    15/47  125/141  245/141]
[   41/47   41/141   -1/141    -1/47   35/141  113/141    77/47  107/141   23/141    -7/47  -25/141   11/141    29/47  203/141   77/141]
[   -3/47  -55/141  -61/141    -9/47      1/3  161/141    11/47  -55/141 -103/141   -37/47  -79/141   -7/141    35/47  257/141  167/141]
[   39/47  107/141  137/141    69/47  317/141  185/141    31/47   41/141   29/141    19/47  125/141  233/141    33/47    5/141  -49/141]
[  -21/47  -37/141   29/141    45/47  281/141  185/141    43/47  113/141  137/141    67/47  305/141  167/141    23/47   11/141   -7/141]
[    5/47   77/141  179/141    13/47  -61/141 -121/141        0        0        0        0        0        0        0        0        0]
[-121/141, -61/141]
22 [-121/141, 221/141]
Testing obstruction for
m1: 36, m2: 36,a: 35
[      -1 -137/141 -125/141   -35/47  -77/141  -41/141     1/47   55/141  115/141    61/47  259/141  343/141   145/47  535/141  643/141]
[  253/47  883/141 1015/141   385/47 1021/141  895/141   259/47  667/141  565/141   157/47  385/141  307/141    79/47  175/141  121/141]
[   25/47   37/141    7/141    -5/47  -29/141  -35/141   -11/47  -23/141   -5/141     7/47   55/141   97/141    49/47  205/141  271/141]
[  115/47  427/141     11/3   205/47  721/141  835/141   319/47 1087/141 1225/141   363/47  961/141  841/141   243/47  625/141  529/141]
[  147/47  361/141  289/141    75/47  169/141  121/141    27/47   49/141   25/141     3/47    1/141    1/141     3/47   25/141   49/141]
[   27/47  121/141  169/141    75/47  289/141  361/141   147/47  529/141  625/141   243/47  841/141  961/141   363/47 1225/141 1087/141]
[  319/47  835/141  721/141   205/47     11/3  427/141   115/47  271/141  205/141    49/47   97/141   55/141     7/47   -5/141  -23/141]
[  -11/47  -35/141  -29/141    -5/47    7/141   37/141    25/47  121/141  175/141    79/47  307/141  385/141   157/47  565/141  667/141]
[  259/47  895/141 1021/141   385/47 1015/141  883/141   253/47  643/141  535/141   145/47  343/141  259/141    61/47  115/141   55/141]
[    1/47  -41/141  -77/141   -35/47 -125/141 -137/141        0        0        0        0        0        0        0        0        0]
---------------------------
SUCCESS for name = 13a2317
---------------------------
13a2326
Correction terms
[      -1  117/193 -111/193 -105/193  135/193 -163/193  159/193  -57/193  -39/193 -173/193  -73/193 -125/193 -329/193   87/193  -35/193]
[  77/193   37/193 -155/193 -113/193 -223/193  -99/193 -127/193   79/193  133/193   35/193  171/193 -231/193  -13/193   53/193  -33/193]
[ 115/193 -275/193  -45/193   33/193  -41/193  119/193 -259/193  -17/193 -313/193   11/193 -203/193 -183/193   71/193 -213/193  123/193]
[ -79/193  -47/193 -167/193  -53/193  -91/193 -281/193  149/193   41/193  167/193  141/193  -37/193   19/193  -77/193   61/193   47/193]
[-119/193  -51/193 -135/193   15/193   13/193 -141/193  -61/193 -133/193   29/193 -347/193 -103/193  -11/193  -71/193  103/193 -261/193]
[  -5/193 -287/193   51/193 -149/193 -115/193  153/193 -117/193  233/193   45/193   91/193  -15/193 -273/193   89/193  -87/193  -29/193]
[-123/193   17/193    5/193 -159/193  -89/193 -171/193  -19/193  -19/193 -171/193  -89/193 -159/193    5/193   17/193 -123/193  -29/193]
[ -87/193   89/193 -273/193  -15/193   91/193   45/193  233/193 -117/193  153/193 -115/193 -149/193   51/193 -287/193   -5/193 -261/193]
[ 103/193  -71/193  -11/193 -103/193 -347/193   29/193 -133/193  -61/193 -141/193   13/193   15/193 -135/193  -51/193 -119/193   47/193]
[  61/193  -77/193   19/193  -37/193  141/193  167/193   41/193  149/193 -281/193  -91/193  -53/193 -167/193  -47/193  -79/193  123/193]
[-213/193   71/193 -183/193 -203/193   11/193 -313/193  -17/193 -259/193  119/193  -41/193   33/193  -45/193 -275/193  115/193  -33/193]
[  53/193  -13/193 -231/193  171/193   35/193  133/193   79/193 -127/193  -99/193 -223/193 -113/193 -155/193   37/193   77/193  -35/193]
[  87/193 -329/193 -125/193  -73/193 -173/193  -39/193  -57/193  159/193 -163/193  135/193 -105/193 -111/193  117/193        0        0]
Testing obstruction for
m1: 6, m2: 10,a: 2
[      -1 -171/193 -105/193    5/193  159/193  357/193  213/193  113/193   57/193   45/193   77/193  153/193  273/193  437/193  259/193]
[ 125/193   35/193  -11/193  -13/193   29/193  115/193  245/193  419/193  251/193  127/193   47/193   11/193   19/193   71/193  167/193]
[ 307/193  491/193  333/193  219/193  149/193  123/193  141/193  203/193  309/193  459/193  267/193  119/193   15/193  -45/193  -61/193]
[ -33/193   39/193  155/193  315/193  133/193   -5/193  -99/193 -149/193 -155/193 -117/193  -35/193   91/193  261/193  475/193  347/193]
[ 263/193  223/193  227/193  275/193  367/193  503/193  297/193  135/193   17/193  -57/193  -87/193  -73/193  -15/193   87/193  233/193]
[ 423/193  271/193  163/193   99/193   79/193  103/193  171/193  283/193  439/193  253/193  111/193   13/193  -41/193  -51/193  -17/193]
[  61/193  183/193  349/193  173/193   41/193  -47/193  -91/193  -91/193  -47/193   41/193  173/193  349/193  183/193   61/193  -17/193]
[ -51/193  -41/193   13/193  111/193  253/193  439/193  283/193  171/193  103/193   79/193   99/193  163/193  271/193  423/193  233/193]
[  87/193  -15/193  -73/193  -87/193  -57/193   17/193  135/193  297/193  503/193  367/193  275/193  227/193  223/193  263/193  347/193]
[ 475/193  261/193   91/193  -35/193 -117/193 -155/193 -149/193  -99/193   -5/193  133/193  315/193  155/193   39/193  -33/193  -61/193]
[ -45/193   15/193  119/193  267/193  459/193  309/193  203/193  141/193  123/193  149/193  219/193  333/193  491/193  307/193  167/193]
[  71/193   19/193   11/193   47/193  127/193  251/193  419/193  245/193  115/193   29/193  -13/193  -11/193   35/193  125/193  259/193]
[ 437/193  273/193  153/193   77/193   45/193   57/193  113/193  213/193  357/193  159/193    5/193 -105/193 -171/193        0        0]
Unobstructed
95
---------------------------
---------------------------
13a2334
Correction terms
[      -1 -119/177   55/177    -3/59   43/177  211/177    47/59  187/177   -5/177   -27/59  -41/177  115/177    11/59   67/177  217/177]
[   43/59  157/177  -53/177   -49/59 -125/177   13/177   -29/59  -71/177   61/177   103/59  319/177   91/177    -7/59  -17/177  103/177]
[   -5/59  -17/177   97/177   109/59  319/177   73/177   -19/59  -71/177   31/177   -35/59 -125/177  -29/177    61/59  157/177  247/177]
[   33/59   67/177  151/177    -1/59  -41/177   37/177    77/59  187/177  259/177    31/59   43/177  109/177   -21/59 -119/177     -1/3]
[   39/59   55/177  109/177    93/59  211/177  259/177    23/59   -5/177   37/177    65/59  115/177  151/177   101/59  217/177  247/177]
[   13/59  -53/177  -29/177    37/59   13/177   31/177    55/59   61/177   73/177    67/59   91/177   97/177    73/59  103/177  103/177]
[   73/59   97/177   91/177    67/59   73/177   61/177    55/59   31/177   13/177    37/59  -29/177  -53/177    13/59  247/177  217/177]
[  101/59  151/177  115/177    65/59   37/177   -5/177    23/59  259/177  211/177    93/59  109/177   55/177    39/59     -1/3 -119/177]
[  -21/59  109/177   43/177    31/59  259/177  187/177    77/59   37/177  -41/177    -1/59  151/177   67/177    33/59  247/177  157/177]
[   61/59  -29/177 -125/177   -35/59   31/177  -71/177   -19/59   73/177  319/177   109/59   97/177  -17/177    -5/59  103/177  -17/177]
[   -7/59   91/177  319/177   103/59   61/177  -71/177   -29/59   13/177 -125/177   -49/59  -53/177  157/177    43/59  217/177   67/177]
[   11/59  115/177  -41/177   -27/59   -5/177  187/177    47/59  211/177   43/177    -3/59   55/177 -119/177        0        0        0]
Testing obstruction for
m1: 2, m2: 30,a: 0
[      -1  -53/177  -35/177   -41/59   37/177   91/177    13/59  235/177  325/177   103/59  541/177  667/177   229/59  955/177 1117/177]
[  391/59 1123/177  967/177   235/59  691/177  571/177   115/59  367/177  283/177    31/59  151/177  103/177   -17/59   43/177   31/177]
[  -29/59   43/177   67/177    -5/59  151/177  211/177    55/59  367/177  463/177   151/59  691/177  823/177   283/59 1123/177 1291/177]
[  333/59  955/177  805/177   183/59  541/177  427/177    69/59  235/177  157/177    -9/59   37/177   -5/177   -51/59  -53/177     -1/3]
[  -57/59  -35/177   -5/177   -27/59   91/177  157/177    39/59  325/177  427/177   141/59  667/177  805/177   279/59 1117/177 1291/177]
[  335/59  967/177  823/177   191/59  571/177  463/177    83/59  283/177  211/177    11/59  103/177   67/177   -25/59   31/177   31/177]
[  -25/59   67/177  103/177    11/59  211/177  283/177    83/59  463/177  571/177   191/59  823/177  967/177   335/59 1291/177 1117/177]
[  279/59  805/177  667/177   141/59  427/177  325/177    39/59  157/177   91/177   -27/59   -5/177  -35/177   -57/59     -1/3  -53/177]
[  -51/59   -5/177   37/177    -9/59  157/177  235/177    69/59  427/177  541/177   183/59  805/177  955/177   333/59 1291/177 1123/177]
[  283/59  823/177  691/177   151/59  463/177  367/177    55/59  211/177  151/177    -5/59   67/177   43/177   -29/59   31/177   43/177]
[  -17/59  103/177  151/177    31/59  283/177  367/177   115/59  571/177  691/177   235/59  967/177 1123/177   391/59 1117/177  955/177]
[  229/59  667/177  541/177   103/59  325/177  235/177    13/59   91/177   37/177   -41/59  -35/177  -53/177        0        0        0]
[-53/177, -35/177]
17 [-53/177, 319/177]
[-53/177, -35/177]
76 [-53/177, 319/177]
Testing obstruction for
m1: 16, m2: 16,a: 14
[      -1 -115/177   71/177     9/59  107/177  -43/177   -23/59   29/177  251/177    81/59  359/177  245/177    85/59  389/177  647/177]
[  225/59  473/177  395/177   147/59  257/177  197/177    87/59   95/177   53/177    45/59  -13/177  -37/177    21/59  -67/177  -73/177]
[   15/59  -67/177  -55/177    27/59  -13/177   17/177    57/59   95/177  143/177   105/59  257/177  323/177   171/59  473/177  557/177]
[  137/59  389/177  491/177   121/59  359/177  125/177     5/59   29/177  167/177    25/59  107/177  -91/177   -55/59 -115/177      1/3]
[    1/59   71/177  -91/177   -43/59  -43/177  167/177    49/59  251/177  125/177    41/59  245/177  491/177   169/59  647/177  557/177]
[  197/59  395/177  323/177   125/59  197/177  143/177    71/59   53/177   17/177    35/59  -37/177  -55/177    17/59  -73/177  -73/177]
[   17/59  -55/177  -37/177    35/59   17/177   53/177    71/59  143/177  197/177   125/59  323/177  395/177   197/59  557/177  647/177]
[  169/59  491/177  245/177    41/59  125/177  251/177    49/59  167/177  -43/177   -43/59  -91/177   71/177     1/59      1/3 -115/177]
[  -55/59  -91/177  107/177    25/59  167/177   29/177     5/59  125/177  359/177   121/59  491/177  389/177   137/59  557/177  473/177]
[  171/59  323/177  257/177   105/59  143/177   95/177    57/59   17/177  -13/177    27/59  -55/177  -67/177    15/59  -73/177  -67/177]
[   21/59  -37/177  -13/177    45/59   53/177   95/177    87/59  197/177  257/177   147/59  395/177  473/177   225/59  647/177  389/177]
[   85/59  245/177  359/177    81/59  251/177   29/177   -23/59  -43/177  107/177     9/59   71/177 -115/177        0        0        0]
---------------------------
SUCCESS for name = 13a2334
---------------------------
