13a4120
Correction terms
[      -1    5/153 -133/153   -29/17  -73/153 -181/153     3/17  -61/153 -139/153    11/17   41/153 -313/153    -5/17  -73/153  -91/153]
[  -11/17  -97/153     -5/9    -7/17  -31/153   11/153   -27/17 -181/153 -109/153    -3/17   65/153 -139/153    -3/17   95/153  -79/153]
[  -27/17  -91/153 -235/153    -7/17    -11/9    5/153   -11/17 -193/153   29/153    -5/17 -109/153 -163/153   -23/17   65/153   41/153]
[  -31/17   23/153   29/153   -29/17 -235/153 -199/153       -1  -97/153  -31/153     5/17 -175/153  -79/153     3/17 -163/153  -37/153]
[  -23/17  -61/153   95/153    -5/17 -175/153   11/153   -11/17 -199/153    -17/9    -7/17 -133/153 -193/153     7/17   23/153 -313/153]
[   -3/17  -37/153  -37/153    -3/17 -313/153   23/153     7/17 -193/153 -133/153    -7/17    -17/9 -199/153   -11/17   11/153 -175/153]
[   -5/17   95/153  -61/153   -23/17  -37/153 -163/153     3/17  -79/153 -175/153     5/17  -31/153  -97/153       -1 -199/153 -235/153]
[  -29/17   29/153   23/153   -31/17   41/153   65/153   -23/17 -163/153 -109/153    -5/17   29/153 -193/153   -11/17    5/153    -11/9]
[   -7/17 -235/153  -91/153   -27/17  -79/153   95/153    -3/17 -139/153   65/153    -3/17 -109/153 -181/153   -27/17   11/153  -31/153]
[   -7/17     -5/9  -97/153   -11/17  -91/153  -73/153    -5/17 -313/153   41/153    11/17 -139/153  -61/153     3/17 -181/153  -73/153]
[  -29/17 -133/153    5/153        0        0        0        0        0        0        0        0        0        0        0        0]
Testing obstruction for
m1: 2, m2: 26,a: 0
Obstructed by Z^n/Q not being cyclic
Testing obstruction for
m1: 4, m2: 14,a: 3
[      -1 -139/153  -97/153    -3/17   71/153  197/153    39/17  227/153  131/153     7/17   23/153   11/153     3/17   71/153  143/153]
[   27/17  371/153     13/9    11/17    5/153  -61/153   -11/17 -109/153  -91/153    -5/17   29/153  131/153    29/17  419/153  299/153]
[   23/17  143/153  107/153    11/17      7/9  167/153    27/17  347/153  479/153    37/17  215/153  125/153     7/17   29/153   23/153]
[    5/17   95/153  173/153    31/17  413/153  269/153        1   65/153    5/153    -3/17  -31/153   -7/153     5/17  125/153  233/153]
[   41/17  227/153  113/153     3/17  -31/153  -61/153    -7/17  -37/153      1/9    11/17  209/153  347/153    23/17   95/153   11/153]
[   -5/17  -73/153  -73/153    -5/17   11/153   95/153    23/17  347/153  209/153    11/17      1/9  -37/153    -7/17  -61/153  -31/153]
[    3/17  113/153  227/153    41/17  233/153  125/153     5/17   -7/153  -31/153    -3/17    5/153   65/153        1  269/153  413/153]
[   31/17  173/153   95/153     5/17   23/153   29/153     7/17  125/153  215/153    37/17  479/153  347/153    27/17  167/153      7/9]
[   11/17  107/153  143/153    23/17  299/153  419/153    29/17  131/153   29/153    -5/17  -91/153 -109/153   -11/17  -61/153    5/153]
[   11/17     13/9  371/153    27/17  143/153   71/153     3/17   11/153   23/153     7/17  131/153  227/153    39/17  197/153   71/153]
[   -3/17  -97/153 -139/153        0        0        0        0        0        0        0        0        0        0        0        0]
Unobstructed
8
---------------------------
---------------------------
13a4123
Correction terms
[      -1  -59/273   37/273     5/91 -125/273 -383/273   -71/91   -23/39 -227/273  -137/91 -167/273  -41/273   -11/91   -11/21   -53/39]
[  -57/91  -89/273 -125/273   -93/91   -5/273  151/273     9/13  109/273  -89/273  -135/91 -293/273   -23/21  -141/91   -17/39   67/273]
[   45/91   85/273  -83/273  -123/91 -227/273   -29/39   -99/91 -509/273 -293/273     -5/7 -215/273 -353/273    -3/13  109/273  163/273]
[   33/91  -83/273 -383/273   -85/91   -35/39 -353/273   -11/91    13/21  253/273    73/91   67/273   -29/39   -15/91   -5/273  -83/273]
[  -93/91  -47/273   67/273     3/13  -59/273   -23/21   -37/91  -41/273  -89/273   -85/91   -77/39 -395/273  -123/91 -461/273 -125/273]
[   31/91  193/273    25/39      1/7 -215/273  -41/273     5/91  -47/273 -227/273     1/13  151/273  163/273    19/91 -167/273   37/273]
[   41/91      1/3  -59/273  -109/91 -167/273 -125/273   -67/91 -395/273   -23/39   -15/91  -47/273 -167/273  -135/91 -215/273   -11/21]
[   -9/13 -353/273  -89/273    19/91   85/273   -5/273   -71/91     1/39  109/273    31/91  -41/273 -293/273     -3/7  -59/273   -17/39]
[  -99/91  -47/273   85/273    33/91   -5/273 -227/273    -1/13   67/273   37/273   -37/91   -29/21 -215/273   -57/91   -35/39 -437/273]
[  -67/91  -83/273  -83/273   -67/91 -437/273   -35/39   -57/91 -215/273   -29/21   -37/91   37/273   67/273    -1/13 -227/273   -5/273]
[   33/91   85/273  -47/273   -99/91   -17/39  -59/273     -3/7 -293/273  -41/273    31/91  109/273     1/39   -71/91   -5/273   85/273]
[   19/91  -89/273 -353/273    -9/13   -11/21 -215/273  -135/91 -167/273  -47/273   -15/91   -23/39 -395/273   -67/91 -125/273 -167/273]
[ -109/91  -59/273      1/3    41/91   37/273 -167/273    19/91  163/273  151/273     1/13 -227/273  -47/273     5/91  -41/273 -215/273]
[     1/7    25/39  193/273    31/91 -125/273 -461/273  -123/91 -395/273   -77/39   -85/91  -89/273  -41/273   -37/91   -23/21  -59/273]
[    3/13   67/273  -47/273   -93/91  -83/273   -5/273   -15/91   -29/39   67/273    73/91  253/273    13/21   -11/91 -353/273   -35/39]
[  -85/91 -383/273  -83/273    33/91  163/273  109/273    -3/13 -353/273 -215/273     -5/7 -293/273 -509/273   -99/91   -29/39 -227/273]
[ -123/91  -83/273   85/273    45/91   67/273   -17/39  -141/91   -23/21 -293/273  -135/91  -89/273  109/273     9/13  151/273   -5/273]
[  -93/91 -125/273  -89/273   -57/91   -53/39   -11/21   -11/91  -41/273 -167/273  -137/91 -227/273   -23/39   -71/91 -383/273 -125/273]
[    5/91   37/273  -59/273        0        0        0        0        0        0        0        0        0        0        0        0]
Testing obstruction for
m1: 2, m2: 46,a: 0
[      -1  -85/273  -67/273   -73/91    5/273   59/273   -19/91    29/39  293/273    71/91  509/273  635/273   197/91    71/21   155/39]
[  359/91 1445/273 1643/273   557/91 2075/273 2309/273   113/13 2813/273 3083/273   879/91 2567/273   179/21   639/91   269/39 1679/273]
[  435/91 1307/273 1139/273   267/91  839/273   101/39   135/91  479/273  383/273      3/7  227/273  167/273    -3/13   83/273   59/273]
[  -45/91   47/273   59/273   -33/91    17/39  167/273    15/91    23/21  383/273    99/91  587/273   101/39   219/91  983/273 1139/273]
[  375/91 1487/273 1679/273    81/13 2099/273   179/21   795/91 2819/273 3083/273   877/91   365/39 2309/273   631/91 1853/273 1643/273]
[  421/91 1259/273   155/39     19/7  773/273  635/273   109/91  395/273  293/273     1/13  125/273   59/273   -59/91  -37/273  -67/273]
[  -89/91     -1/3  -85/273   -83/91  -37/273    5/273   -41/91  125/273    29/39    37/91  395/273  509/273   151/91  773/273    71/21]
[   43/13 1259/273 1445/273   487/91 1853/273 2075/273   709/91   365/39 2813/273   967/91 2819/273 2567/273     55/7 2099/273   269/39]
[  499/91 1487/273 1307/273   319/91  983/273  839/273    25/13  587/273  479/273    67/91    23/21  227/273    -5/91    17/39   83/273]
[  -41/91   47/273   47/273   -41/91   83/273    17/39    -5/91  227/273    23/21    67/91  479/273  587/273    25/13  839/273  983/273]
[  319/91 1307/273 1487/273   499/91   269/39 2099/273     55/7 2567/273 2819/273   967/91 2813/273   365/39   709/91 2075/273 1853/273]
[  487/91 1445/273 1259/273    43/13    71/21  773/273   151/91  509/273  395/273    37/91    29/39  125/273   -41/91    5/273  -37/273]
[  -83/91  -85/273     -1/3   -89/91  -67/273  -37/273   -59/91   59/273  125/273     1/13  293/273  395/273   109/91  635/273  773/273]
[    19/7   155/39 1259/273   421/91 1643/273 1853/273   631/91 2309/273   365/39   877/91 3083/273 2819/273   795/91   179/21 2099/273]
[   81/13 1679/273 1487/273   375/91 1139/273  983/273   219/91   101/39  587/273    99/91  383/273    23/21    15/91  167/273    17/39]
[  -33/91   59/273   47/273   -45/91   59/273   83/273    -3/13  167/273  227/273      3/7  383/273  479/273   135/91   101/39  839/273]
[  267/91 1139/273 1307/273   435/91 1679/273   269/39   639/91   179/21 2567/273   879/91 3083/273 2813/273   113/13 2309/273 2075/273]
[  557/91 1643/273 1445/273   359/91   155/39    71/21   197/91  635/273  509/273    71/91  293/273    29/39   -19/91   59/273    5/273]
[  -73/91  -67/273  -85/273        0        0        0        0        0        0        0        0        0        0        0        0]
Testing obstruction for
m1: 4, m2: 20,a: 0
[      -1 -181/273   95/273     3/91  107/273  389/273   103/91    59/39  701/273   391/91 1283/273 1031/273   321/91    41/21    41/39]
[   75/91  347/273  107/273    17/91  179/273  -55/273    -5/13   29/273  347/273   101/91  443/273    59/21   243/91   125/39 1205/273]
[  391/91  779/273  569/273   181/91  155/273    -7/39   -23/91   95/273 -103/273     -3/7   53/273 -139/273    -7/13   29/273  389/273]
[  129/91  569/273  935/273   313/91   161/39  953/273   321/91    47/21  443/273   153/91  113/273    -7/39    -9/91  179/273   23/273]
[   17/91  263/273  113/273     7/13  365/273    59/21   269/91 1031/273 1439/273   313/91    89/39  491/273   181/91  233/273  107/273]
[   55/91 -139/273   -37/39     -5/7   53/273  -61/273     3/91  263/273  155/273    11/13  491/273  935/273   339/91 1283/273 1187/273]
[  243/91      5/3  365/273   153/91  191/273  107/273    69/91  -55/273   -19/39    -9/91  263/273  191/273   101/91  599/273    41/21]
[   31/13  953/273 1439/273   339/91  779/273  725/273   103/91    11/39   29/273    55/91  -61/273 -103/273      1/7 -181/273   -31/39]
[  -23/91  263/273  233/273   129/91  725/273  701/273    41/13 1205/273 1187/273   269/91    47/21  599/273    75/91     5/39   29/273]
[   69/91   23/273   23/273    69/91   29/273     5/39    75/91  599/273    47/21   269/91 1187/273 1205/273    41/13  701/273  725/273]
[  129/91  233/273  263/273   -23/91   -31/39 -181/273      1/7 -103/273  -61/273    55/91   29/273    11/39   103/91  725/273  779/273]
[  339/91 1439/273  953/273    31/13    41/21  599/273   101/91  191/273  263/273    -9/91   -19/39  -55/273    69/91  107/273  191/273]
[  153/91  365/273      5/3   243/91 1187/273 1283/273   339/91  935/273  491/273    11/13  155/273  263/273     3/91  -61/273   53/273]
[    -5/7   -37/39 -139/273    55/91  107/273  233/273   181/91  491/273    89/39   313/91 1439/273 1031/273   269/91    59/21  365/273]
[    7/13  113/273  263/273    17/91   23/273  179/273    -9/91    -7/39  113/273   153/91  443/273    47/21   321/91  953/273   161/39]
[  313/91  935/273  569/273   129/91  389/273   29/273    -7/13 -139/273   53/273     -3/7 -103/273   95/273   -23/91    -7/39  155/273]
[  181/91  569/273  779/273   391/91 1205/273   125/39   243/91    59/21  443/273   101/91  347/273   29/273    -5/13  -55/273  179/273]
[   17/91  107/273  347/273    75/91    41/39    41/21   321/91 1031/273 1283/273   391/91  701/273    59/39   103/91  389/273  107/273]
[    3/91   95/273 -181/273        0        0        0        0        0        0        0        0        0        0        0        0]
Testing obstruction for
m1: 12, m2: 12,a: 8
[      -1 -227/273  -89/273    47/91  463/273  331/273    97/91    49/39  487/273   241/91  505/273  379/273   115/91    31/21    79/39]
[   83/91   37/273  -83/273   -37/91  -47/273  109/273    17/13  151/273   37/273     5/91   85/273    19/21   167/91   121/39  739/273]
[  241/91  799/273  421/273    45/91  -59/273   -23/39   -57/91  -89/273   85/273      9/7  163/273   67/273     3/13  151/273  331/273]
[  201/91  421/273  331/273   111/91    61/39  613/273   115/91    13/21   85/273    31/91  193/273    55/39    41/91  -47/273 -125/273]
[  -37/91   -5/273  193/273    23/13  319/273    19/21    89/91  379/273  583/273   111/91    25/39  109/273    45/91  253/273  463/273]
[   73/91   67/273     1/39      1/7  163/273  379/273    47/91   -5/273  -59/273    -1/13  109/273  331/273   215/91  505/273  457/273]
[  167/91      7/3  319/273    31/91  -41/273  -83/273   -11/91  109/273    49/39    41/91   -5/273  -41/273     5/91  163/273    31/21]
[   35/13  613/273  583/273   215/91  799/273  499/273    97/91    25/39  151/273    73/91  379/273   85/273     -3/7 -227/273   -35/39]
[  -57/91   -5/273  253/273   201/91  499/273  487/273    27/13  739/273  457/273    89/91    13/21  163/273    83/91    61/39  151/273]
[  -11/91 -125/273 -125/273   -11/91  151/273    61/39    83/91  163/273    13/21    89/91  457/273  739/273    27/13  487/273  499/273]
[  201/91  253/273   -5/273   -57/91   -35/39 -227/273     -3/7   85/273  379/273    73/91  151/273    25/39    97/91  499/273  799/273]
[  215/91  583/273  613/273    35/13    31/21  163/273     5/91  -41/273   -5/273    41/91    49/39  109/273   -11/91  -83/273  -41/273]
[   31/91  319/273      7/3   167/91  457/273  505/273   215/91  331/273  109/273    -1/13  -59/273   -5/273    47/91  379/273  163/273]
[     1/7     1/39   67/273    73/91  463/273  253/273    45/91  109/273    25/39   111/91  583/273  379/273    89/91    19/21  319/273]
[   23/13  193/273   -5/273   -37/91 -125/273  -47/273    41/91    55/39  193/273    31/91   85/273    13/21   115/91  613/273    61/39]
[  111/91  331/273  421/273   201/91  331/273  151/273     3/13   67/273  163/273      9/7   85/273  -89/273   -57/91   -23/39  -59/273]
[   45/91  421/273  799/273   241/91  739/273   121/39   167/91    19/21   85/273     5/91   37/273  151/273    17/13  109/273  -47/273]
[  -37/91  -83/273   37/273    83/91    79/39    31/21   115/91  379/273  505/273   241/91  487/273    49/39    97/91  331/273  463/273]
[   47/91  -89/273 -227/273        0        0        0        0        0        0        0        0        0        0        0        0]
Unobstructed
8
---------------------------
---------------------------
13a4134
Correction terms
[      -1   43/297 -125/297   -23/33 -203/297 -113/297     7/33 -269/297   79/297    -3/11 -155/297   -13/27    -5/33  139/297 -185/297]
[  -47/33   19/297  -47/297    -1/11   79/297 -323/297    -5/33   -25/27  175/297    13/33 -449/297 -335/297    -5/11  151/297  -71/297]
[  -23/33 -257/297 -221/297     -1/3 -485/297 -191/297   -15/11   61/297   19/297   -59/33 -401/297 -185/297    13/33  -89/297   -19/27]
[   -9/11 -191/297  -53/297    19/33 -113/297 -311/297   -47/33  145/297  205/297    -9/11    -1/27 -287/297    13/33   13/297   -5/297]
[    7/33 -377/297 -137/297   -15/11    7/297  -89/297     -1/3  -23/297 -455/297   -23/33 -467/297  -47/297    -5/11 -137/297  -53/297]
[  -53/33 -221/297    11/27    -5/33 -125/297 -119/297    -1/11  151/297 -179/297    19/33   13/297  -59/297    -5/33     5/27  241/297]
[   -3/11 -317/297 -467/297     7/33   85/297 -401/297   -23/33 -521/297 -155/297       -1 -353/297 -323/297   -23/33   -5/297 -311/297]
[  -59/33  -71/297 -119/297    -3/11   43/297   -31/27    -5/33 -257/297  211/297    19/33 -377/297 -245/297    -1/11  277/297   73/297]
[   -5/33    -7/27  -23/297    13/33 -251/297   61/297    -5/11 -245/297 -269/297   -23/33  -59/297 -419/297     -1/3 -287/297 -389/297]
[  -15/11 -335/297 -179/297     7/33 -203/297 -383/297   -53/33  109/297    17/27    -9/11    7/297 -251/297    19/33   85/297   85/297]
[   19/33 -251/297    7/297    -9/11    17/27  109/297   -53/33 -383/297 -203/297     7/33 -179/297 -335/297   -15/11 -389/297 -287/297]
[    -1/3 -419/297  -59/297   -23/33 -269/297 -245/297    -5/11   61/297 -251/297    13/33  -23/297    -7/27    -5/33   73/297  277/297]
[   -1/11 -245/297 -377/297    19/33  211/297 -257/297    -5/33   -31/27   43/297    -3/11 -119/297  -71/297   -59/33 -311/297   -5/297]
[  -23/33 -323/297 -353/297       -1 -155/297 -521/297   -23/33 -401/297   85/297     7/33 -467/297 -317/297    -3/11  241/297     5/27]
[   -5/33  -59/297   13/297    19/33 -179/297  151/297    -1/11 -119/297 -125/297    -5/33    11/27 -221/297   -53/33  -53/297 -137/297]
[   -5/11  -47/297 -467/297   -23/33 -455/297  -23/297     -1/3  -89/297    7/297   -15/11 -137/297 -377/297     7/33   -5/297   13/297]
[   13/33 -287/297    -1/27    -9/11  205/297  145/297   -47/33 -311/297 -113/297    19/33  -53/297 -191/297    -9/11   -19/27  -89/297]
[   13/33 -185/297 -401/297   -59/33   19/297   61/297   -15/11 -191/297 -485/297     -1/3 -221/297 -257/297   -23/33  -71/297  151/297]
[   -5/11 -335/297 -449/297    13/33  175/297   -25/27    -5/33 -323/297   79/297    -1/11  -47/297   19/297   -47/33 -185/297  139/297]
[   -5/33   -13/27 -155/297    -3/11   79/297 -269/297     7/33 -113/297 -203/297   -23/33 -125/297   43/297        0        0        0]
Testing obstruction for
m1: 2, m2: 50,a: 0
Obstructed by Z^n/Q not being cyclic
Testing obstruction for
m1: 6, m2: 14,a: 0
[      -1 -221/297    7/297    43/33  325/297  415/297    73/33 1051/297 1003/297    19/11  175/297    -1/27    -5/33   73/297  343/297]
[   19/33  151/297  283/297    21/11 1003/297  997/297    61/33    23/27  109/297    13/33  277/297   -5/297    -5/11 -113/297   61/297]
[   43/33  271/297  307/297      5/3  835/297  733/297    29/11  391/297  151/297     7/33  127/297  343/297    13/33   43/297    11/27]
[   13/11  733/297 1267/297    85/33  415/297  217/297    19/33  277/297  -59/297    -9/11   -25/27 -155/297    13/33  541/297  523/297]
[   73/33  943/297  787/297    29/11  337/297   43/297     -1/3  -89/297   73/297    43/33  259/297  283/297    17/11  787/297 1267/297]
[   79/33  307/297     5/27    -5/33    7/297  211/297    -1/11 -113/297  -47/297    19/33  541/297  469/297    61/33    71/27  571/297]
[   19/11  607/297  259/297     7/33   19/297  127/297    43/33  205/297  175/297        1  571/297  997/297   109/33  523/297  217/297]
[    7/33   61/297  211/297    -3/11 -221/297   -19/27    -5/33  271/297  739/297    85/33  943/297  679/297    21/11  607/297  205/297]
[   -5/33   -13/27  -89/297    13/33  475/297  391/297    17/11  679/297 1051/297   109/33  469/297  109/297     -1/3 -155/297  -59/297]
[    7/11   -5/297  -47/297     7/33  325/297  739/297    79/33  835/297    47/27    13/11  337/297  475/297    19/33   19/297   19/297]
[   19/33  475/297  337/297    13/11    47/27  835/297    79/33  739/297  325/297     7/33  -47/297   -5/297     7/11  -59/297 -155/297]
[    -1/3  109/297  469/297   109/33 1051/297  679/297    17/11  391/297  475/297    13/33  -89/297   -13/27    -5/33  205/297  607/297]
[   21/11  679/297  943/297    85/33  739/297  271/297    -5/33   -19/27 -221/297    -3/11  211/297   61/297     7/33  217/297  523/297]
[  109/33  997/297  571/297        1  175/297  205/297    43/33  127/297   19/297     7/33  259/297  607/297    19/11  571/297    71/27]
[   61/33  469/297  541/297    19/33  -47/297 -113/297    -1/11  211/297    7/297    -5/33     5/27  307/297    79/33 1267/297  787/297]
[   17/11  283/297  259/297    43/33   73/297  -89/297     -1/3   43/297  337/297    29/11  787/297  943/297    73/33  523/297  541/297]
[   13/33 -155/297   -25/27    -9/11  -59/297  277/297    19/33  217/297  415/297    85/33 1267/297  733/297    13/11    11/27   43/297]
[   13/33  343/297  127/297     7/33  151/297  391/297    29/11  733/297  835/297      5/3  307/297  271/297    43/33   61/297 -113/297]
[   -5/11   -5/297  277/297    13/33  109/297    23/27    61/33  997/297 1003/297    21/11  283/297  151/297    19/33  343/297   73/297]
[   -5/33    -1/27  175/297    19/11 1003/297 1051/297    73/33  415/297  325/297    43/33    7/297 -221/297        0        0        0]
Unobstructed
32
---------------------------
---------------------------
13a4153
Correction terms
[      -1  -19/409 -485/409 -171/409  105/409 -475/409 -275/409 -113/409   11/409   97/409  145/409  155/409  127/409   61/409  -43/409]
[-185/409 -365/409  235/409  -21/409 -315/409  171/409 -199/409  211/409 -235/409   99/409 -423/409 -165/409   55/409 -581/409 -437/409]
[-331/409 -263/409 -233/409 -241/409 -287/409 -371/409  325/409  165/409  -33/409 -269/409  275/409  -37/409 -387/409   43/409 -383/409]
[ -29/409  287/409 -253/409  -13/409 -629/409  353/409 -339/409 -251/409 -201/409 -189/409 -215/409 -279/409 -381/409 -521/409  119/409]
[ -97/409 -351/409  175/409 -155/409  295/409 -111/409  263/409 -219/409   79/409  339/409 -257/409  -73/409   73/409  181/409  251/409]
[-535/409  277/409 -585/409  151/409   31/409 -127/409 -323/409 -557/409  -11/409 -321/409  149/409 -237/409  157/409 -305/409   13/409]
[ 293/409 -283/409  -79/409   87/409  215/409  305/409 -461/409  371/409 -471/409  285/409  185/409   47/409 -129/409 -343/409  223/409]
[ -67/409 -395/409   57/409 -347/409   29/409 -451/409 -151/409 -707/409  335/409 -297/409 -149/409  -39/409   33/409   67/409   63/409]
[  21/409  -59/409 -177/409  485/409 -527/409   59/409 -211/409  299/409  -47/409 -431/409  -35/409 -495/409 -175/409  107/409 -467/409]
[-261/409  -93/409   37/409 -689/409  183/409 -619/409  177/409  117/409   19/409 -117/409 -291/409  315/409   65/409 -223/409  269/409]
[ -95/409  321/409 -119/409  221/409 -295/409  -31/409  195/409 -435/409 -285/409 -173/409  -99/409  -63/409  -65/409 -105/409 -183/409]
[-299/409 -453/409  173/409  -57/409 -325/409  187/409 -157/409  279/409 -141/409  219/409 -277/409    7/409  253/409 -357/409 -187/409]
[ -55/409   39/409   95/409  113/409   93/409   35/409  -61/409 -195/409 -367/409 -577/409   -7/409 -293/409 -617/409 -161/409 -561/409]
[-181/409  161/409 -353/409  -87/409  141/409  331/409 -335/409 -221/409 -145/409 -107/409 -107/409 -145/409 -221/409 -335/409  331/409]
[ 141/409  -87/409 -353/409  161/409 -181/409 -561/409 -161/409 -617/409 -293/409   -7/409 -577/409 -367/409 -195/409  -61/409   35/409]
[  93/409  113/409   95/409   39/409  -55/409 -187/409 -357/409  253/409    7/409 -277/409  219/409 -141/409  279/409 -157/409  187/409]
[-325/409  -57/409  173/409 -453/409 -299/409 -183/409 -105/409  -65/409  -63/409  -99/409 -173/409 -285/409 -435/409  195/409  -31/409]
[-295/409  221/409 -119/409  321/409  -95/409  269/409 -223/409   65/409  315/409 -291/409 -117/409   19/409  117/409  177/409 -619/409]
[ 183/409 -689/409   37/409  -93/409 -261/409 -467/409  107/409 -175/409 -495/409  -35/409 -431/409  -47/409  299/409 -211/409   59/409]
[-527/409  485/409 -177/409  -59/409   21/409   63/409   67/409   33/409  -39/409 -149/409 -297/409  335/409 -707/409 -151/409 -451/409]
[  29/409 -347/409   57/409 -395/409  -67/409  223/409 -343/409 -129/409   47/409  185/409  285/409 -471/409  371/409 -461/409  305/409]
[ 215/409   87/409  -79/409 -283/409  293/409   13/409 -305/409  157/409 -237/409  149/409 -321/409  -11/409 -557/409 -323/409 -127/409]
[  31/409  151/409 -585/409  277/409 -535/409  251/409  181/409   73/409  -73/409 -257/409  339/409   79/409 -219/409  263/409 -111/409]
[ 295/409 -155/409  175/409 -351/409  -97/409  119/409 -521/409 -381/409 -279/409 -215/409 -189/409 -201/409 -251/409 -339/409  353/409]
[-629/409  -13/409 -253/409  287/409  -29/409 -383/409   43/409 -387/409  -37/409  275/409 -269/409  -33/409  165/409  325/409 -371/409]
[-287/409 -241/409 -233/409 -263/409 -331/409 -437/409 -581/409   55/409 -165/409 -423/409   99/409 -235/409  211/409 -199/409  171/409]
[-315/409  -21/409  235/409 -365/409 -185/409  -43/409   61/409  127/409  155/409  145/409   97/409   11/409 -113/409 -275/409 -475/409]
[ 105/409 -171/409 -485/409  -19/409        0        0        0        0        0        0        0        0        0        0        0]
Testing obstruction for
m1: 4, m2: 30,a: 1
[      -1 -395/409 -353/409 -283/409 -185/409  -59/409   95/409  277/409  487/409  725/409  991/409 1285/409 1607/409 1957/409 2335/409]
[2741/409 2357/409 2001/409 1673/409 1373/409 1101/409  857/409  641/409  453/409  293/409  161/409   57/409  -19/409  -67/409  -87/409]
[ -79/409  -43/409   21/409  113/409  233/409  381/409  557/409  761/409  993/409 1253/409 1541/409 1857/409 2201/409 2573/409 2973/409]
[2583/409 2221/409 1887/409 1581/409 1303/409 1053/409  831/409  637/409  471/409  333/409  223/409  141/409   87/409   61/409   63/409]
[  93/409  151/409  237/409  351/409  493/409  663/409  861/409 1087/409 1341/409 1623/409 1933/409 2271/409 2637/409 3031/409 2635/409]
[2267/409 1927/409 1615/409 1331/409 1075/409  847/409  647/409  475/409  331/409  215/409  127/409   67/409   35/409   31/409   55/409]
[ 107/409  187/409  295/409  431/409  595/409  787/409 1007/409 1255/409 1531/409 1835/409 2167/409 2527/409 2915/409 2513/409 2139/409]
[1793/409 1475/409 1185/409  923/409  689/409  483/409  305/409  155/409   33/409  -61/409 -127/409 -165/409 -175/409 -157/409 -111/409]
[ -37/409   65/409  195/409  353/409  539/409  753/409  995/409 1265/409 1563/409 1889/409 2243/409 2625/409 3035/409 2655/409 2303/409]
[1979/409 1683/409 1415/409 1175/409  963/409  779/409  623/409  495/409  395/409  323/409  279/409  263/409  275/409  315/409  383/409]
[ 479/409  603/409  755/409  935/409 1143/409 1379/409 1643/409 1935/409 2255/409 2603/409 2979/409 2565/409 2179/409 1821/409 1491/409]
[1189/409  915/409  669/409  451/409  261/409   99/409  -35/409 -141/409 -219/409 -269/409 -291/409 -285/409 -251/409 -189/409  -99/409]
[  19/409  165/409  339/409  541/409  771/409 1029/409 1315/409 1629/409 1971/409 2341/409 2739/409 2347/409 1983/409 1647/409 1339/409]
[1059/409  807/409  583/409  387/409  219/409   79/409  -33/409 -117/409 -173/409 -201/409 -201/409 -173/409 -117/409  -33/409   79/409]
[ 219/409  387/409  583/409  807/409 1059/409 1339/409 1647/409 1983/409 2347/409 2739/409 2341/409 1971/409 1629/409 1315/409 1029/409]
[ 771/409  541/409  339/409  165/409   19/409  -99/409 -189/409 -251/409 -285/409 -291/409 -269/409 -219/409 -141/409  -35/409   99/409]
[ 261/409  451/409  669/409  915/409 1189/409 1491/409 1821/409 2179/409 2565/409 2979/409 2603/409 2255/409 1935/409 1643/409 1379/409]
[1143/409  935/409  755/409  603/409  479/409  383/409  315/409  275/409  263/409  279/409  323/409  395/409  495/409  623/409  779/409]
[ 963/409 1175/409 1415/409 1683/409 1979/409 2303/409 2655/409 3035/409 2625/409 2243/409 1889/409 1563/409 1265/409  995/409  753/409]
[ 539/409  353/409  195/409   65/409  -37/409 -111/409 -157/409 -175/409 -165/409 -127/409  -61/409   33/409  155/409  305/409  483/409]
[ 689/409  923/409 1185/409 1475/409 1793/409 2139/409 2513/409 2915/409 2527/409 2167/409 1835/409 1531/409 1255/409 1007/409  787/409]
[ 595/409  431/409  295/409  187/409  107/409   55/409   31/409   35/409   67/409  127/409  215/409  331/409  475/409  647/409  847/409]
[1075/409 1331/409 1615/409 1927/409 2267/409 2635/409 3031/409 2637/409 2271/409 1933/409 1623/409 1341/409 1087/409  861/409  663/409]
[ 493/409  351/409  237/409  151/409   93/409   63/409   61/409   87/409  141/409  223/409  333/409  471/409  637/409  831/409 1053/409]
[1303/409 1581/409 1887/409 2221/409 2583/409 2973/409 2573/409 2201/409 1857/409 1541/409 1253/409  993/409  761/409  557/409  381/409]
[ 233/409  113/409   21/409  -43/409  -79/409  -87/409  -67/409  -19/409   57/409  161/409  293/409  453/409  641/409  857/409 1101/409]
[1373/409 1673/409 2001/409 2357/409 2741/409 2335/409 1957/409 1607/409 1285/409  991/409  725/409  487/409  277/409   95/409  -59/409]
[-185/409 -283/409 -353/409 -395/409        0        0        0        0        0        0        0        0        0        0        0]
Unobstructed
106
---------------------------
---------------------------
13a4155
Correction terms
[      -1 -179/273 -443/273     9/91  139/273 -107/273   -55/91    -5/39 -263/273  -101/91 -155/273 -365/273  -129/91   -17/21    19/39]
[   43/91 -233/273  139/273    51/91 -191/273 -347/273   -15/13  -95/273 -233/273   -61/91   55/273    -5/21     1/91    37/39  157/273]
[ -101/91  -29/273 -113/273    -3/91 -263/273   -47/39   -69/91 -443/273   55/273      5/7  -23/273  -53/273     5/13  -95/273 -107/273]
[ -159/91 -113/273 -107/273  -153/91   -11/39  -53/273  -129/91     1/21   55/273   -87/91 -389/273   -47/39   -27/91 -191/273 -113/273]
[   51/91   61/273 -389/273    -5/13 -179/273    -5/21  -103/91 -365/273 -233/273  -153/91     7/39  199/273    -3/91  -29/273  139/273]
[  -17/91  -53/273   -59/39     -1/7  -23/273 -365/273     9/91   61/273 -263/273     7/13  199/273 -107/273   -75/91 -155/273  103/273]
[    1/91     -5/3 -179/273   -87/91 -155/273  139/273    25/91 -347/273    -5/39   -27/91   61/273 -155/273   -61/91  -23/273   -17/21]
[  -11/13  -53/273 -233/273   -75/91  -29/273 -191/273   -55/91   -71/39  -95/273   -17/91 -365/273   55/273      3/7 -179/273   -41/39]
[  -69/91   61/273  -29/273  -159/91 -191/273 -263/273    -7/13  157/273  103/273  -103/91     1/21  -23/273    43/91   -11/39  -95/273]
[   25/91 -113/273 -113/273    25/91  -95/273   -11/39    43/91  -23/273     1/21  -103/91  103/273  157/273    -7/13 -263/273 -191/273]
[ -159/91  -29/273   61/273   -69/91   -41/39 -179/273      3/7   55/273 -365/273   -17/91  -95/273   -71/39   -55/91 -191/273  -29/273]
[  -75/91 -233/273  -53/273   -11/13   -17/21  -23/273   -61/91 -155/273   61/273   -27/91    -5/39 -347/273    25/91  139/273 -155/273]
[  -87/91 -179/273     -5/3     1/91  103/273 -155/273   -75/91 -107/273  199/273     7/13 -263/273   61/273     9/91 -365/273  -23/273]
[    -1/7   -59/39  -53/273   -17/91  139/273  -29/273    -3/91  199/273     7/39  -153/91 -233/273 -365/273  -103/91    -5/21 -179/273]
[   -5/13 -389/273   61/273    51/91 -113/273 -191/273   -27/91   -47/39 -389/273   -87/91   55/273     1/21  -129/91  -53/273   -11/39]
[ -153/91 -107/273 -113/273  -159/91 -107/273  -95/273     5/13  -53/273  -23/273      5/7   55/273 -443/273   -69/91   -47/39 -263/273]
[   -3/91 -113/273  -29/273  -101/91  157/273    37/39     1/91    -5/21   55/273   -61/91 -233/273  -95/273   -15/13 -347/273 -191/273]
[   51/91  139/273 -233/273    43/91    19/39   -17/21  -129/91 -365/273 -155/273  -101/91 -263/273    -5/39   -55/91 -107/273  139/273]
[    9/91 -443/273 -179/273        0        0        0        0        0        0        0        0        0        0        0        0]
Testing obstruction for
m1: 2, m2: 46,a: 0
[      -1  -85/273  -67/273   -73/91    5/273   59/273   -19/91    29/39  293/273    71/91  509/273  635/273   197/91    71/21   155/39]
[  359/91 1445/273 1643/273   557/91 2075/273 2309/273   113/13 2813/273 3083/273   879/91 2567/273   179/21   639/91   269/39 1679/273]
[  435/91 1307/273 1139/273   267/91  839/273   101/39   135/91  479/273  383/273      3/7  227/273  167/273    -3/13   83/273   59/273]
[  -45/91   47/273   59/273   -33/91    17/39  167/273    15/91    23/21  383/273    99/91  587/273   101/39   219/91  983/273 1139/273]
[  375/91 1487/273 1679/273    81/13 2099/273   179/21   795/91 2819/273 3083/273   877/91   365/39 2309/273   631/91 1853/273 1643/273]
[  421/91 1259/273   155/39     19/7  773/273  635/273   109/91  395/273  293/273     1/13  125/273   59/273   -59/91  -37/273  -67/273]
[  -89/91     -1/3  -85/273   -83/91  -37/273    5/273   -41/91  125/273    29/39    37/91  395/273  509/273   151/91  773/273    71/21]
[   43/13 1259/273 1445/273   487/91 1853/273 2075/273   709/91   365/39 2813/273   967/91 2819/273 2567/273     55/7 2099/273   269/39]
[  499/91 1487/273 1307/273   319/91  983/273  839/273    25/13  587/273  479/273    67/91    23/21  227/273    -5/91    17/39   83/273]
[  -41/91   47/273   47/273   -41/91   83/273    17/39    -5/91  227/273    23/21    67/91  479/273  587/273    25/13  839/273  983/273]
[  319/91 1307/273 1487/273   499/91   269/39 2099/273     55/7 2567/273 2819/273   967/91 2813/273   365/39   709/91 2075/273 1853/273]
[  487/91 1445/273 1259/273    43/13    71/21  773/273   151/91  509/273  395/273    37/91    29/39  125/273   -41/91    5/273  -37/273]
[  -83/91  -85/273     -1/3   -89/91  -67/273  -37/273   -59/91   59/273  125/273     1/13  293/273  395/273   109/91  635/273  773/273]
[    19/7   155/39 1259/273   421/91 1643/273 1853/273   631/91 2309/273   365/39   877/91 3083/273 2819/273   795/91   179/21 2099/273]
[   81/13 1679/273 1487/273   375/91 1139/273  983/273   219/91   101/39  587/273    99/91  383/273    23/21    15/91  167/273    17/39]
[  -33/91   59/273   47/273   -45/91   59/273   83/273    -3/13  167/273  227/273      3/7  383/273  479/273   135/91   101/39  839/273]
[  267/91 1139/273 1307/273   435/91 1679/273   269/39   639/91   179/21 2567/273   879/91 3083/273 2813/273   113/13 2309/273 2075/273]
[  557/91 1643/273 1445/273   359/91   155/39    71/21   197/91  635/273  509/273    71/91  293/273    29/39   -19/91   59/273    5/273]
[  -73/91  -67/273  -85/273        0        0        0        0        0        0        0        0        0        0        0        0]
Testing obstruction for
m1: 4, m2: 20,a: 0
[      -1 -181/273   95/273     3/91  107/273  389/273   103/91    59/39  701/273   391/91 1283/273 1031/273   321/91    41/21    41/39]
[   75/91  347/273  107/273    17/91  179/273  -55/273    -5/13   29/273  347/273   101/91  443/273    59/21   243/91   125/39 1205/273]
[  391/91  779/273  569/273   181/91  155/273    -7/39   -23/91   95/273 -103/273     -3/7   53/273 -139/273    -7/13   29/273  389/273]
[  129/91  569/273  935/273   313/91   161/39  953/273   321/91    47/21  443/273   153/91  113/273    -7/39    -9/91  179/273   23/273]
[   17/91  263/273  113/273     7/13  365/273    59/21   269/91 1031/273 1439/273   313/91    89/39  491/273   181/91  233/273  107/273]
[   55/91 -139/273   -37/39     -5/7   53/273  -61/273     3/91  263/273  155/273    11/13  491/273  935/273   339/91 1283/273 1187/273]
[  243/91      5/3  365/273   153/91  191/273  107/273    69/91  -55/273   -19/39    -9/91  263/273  191/273   101/91  599/273    41/21]
[   31/13  953/273 1439/273   339/91  779/273  725/273   103/91    11/39   29/273    55/91  -61/273 -103/273      1/7 -181/273   -31/39]
[  -23/91  263/273  233/273   129/91  725/273  701/273    41/13 1205/273 1187/273   269/91    47/21  599/273    75/91     5/39   29/273]
[   69/91   23/273   23/273    69/91   29/273     5/39    75/91  599/273    47/21   269/91 1187/273 1205/273    41/13  701/273  725/273]
[  129/91  233/273  263/273   -23/91   -31/39 -181/273      1/7 -103/273  -61/273    55/91   29/273    11/39   103/91  725/273  779/273]
[  339/91 1439/273  953/273    31/13    41/21  599/273   101/91  191/273  263/273    -9/91   -19/39  -55/273    69/91  107/273  191/273]
[  153/91  365/273      5/3   243/91 1187/273 1283/273   339/91  935/273  491/273    11/13  155/273  263/273     3/91  -61/273   53/273]
[    -5/7   -37/39 -139/273    55/91  107/273  233/273   181/91  491/273    89/39   313/91 1439/273 1031/273   269/91    59/21  365/273]
[    7/13  113/273  263/273    17/91   23/273  179/273    -9/91    -7/39  113/273   153/91  443/273    47/21   321/91  953/273   161/39]
[  313/91  935/273  569/273   129/91  389/273   29/273    -7/13 -139/273   53/273     -3/7 -103/273   95/273   -23/91    -7/39  155/273]
[  181/91  569/273  779/273   391/91 1205/273   125/39   243/91    59/21  443/273   101/91  347/273   29/273    -5/13  -55/273  179/273]
[   17/91  107/273  347/273    75/91    41/39    41/21   321/91 1031/273 1283/273   391/91  701/273    59/39   103/91  389/273  107/273]
[    3/91   95/273 -181/273        0        0        0        0        0        0        0        0        0        0        0        0]
Testing obstruction for
m1: 12, m2: 12,a: 8
[      -1 -227/273  -89/273    47/91  463/273  331/273    97/91    49/39  487/273   241/91  505/273  379/273   115/91    31/21    79/39]
[   83/91   37/273  -83/273   -37/91  -47/273  109/273    17/13  151/273   37/273     5/91   85/273    19/21   167/91   121/39  739/273]
[  241/91  799/273  421/273    45/91  -59/273   -23/39   -57/91  -89/273   85/273      9/7  163/273   67/273     3/13  151/273  331/273]
[  201/91  421/273  331/273   111/91    61/39  613/273   115/91    13/21   85/273    31/91  193/273    55/39    41/91  -47/273 -125/273]
[  -37/91   -5/273  193/273    23/13  319/273    19/21    89/91  379/273  583/273   111/91    25/39  109/273    45/91  253/273  463/273]
[   73/91   67/273     1/39      1/7  163/273  379/273    47/91   -5/273  -59/273    -1/13  109/273  331/273   215/91  505/273  457/273]
[  167/91      7/3  319/273    31/91  -41/273  -83/273   -11/91  109/273    49/39    41/91   -5/273  -41/273     5/91  163/273    31/21]
[   35/13  613/273  583/273   215/91  799/273  499/273    97/91    25/39  151/273    73/91  379/273   85/273     -3/7 -227/273   -35/39]
[  -57/91   -5/273  253/273   201/91  499/273  487/273    27/13  739/273  457/273    89/91    13/21  163/273    83/91    61/39  151/273]
[  -11/91 -125/273 -125/273   -11/91  151/273    61/39    83/91  163/273    13/21    89/91  457/273  739/273    27/13  487/273  499/273]
[  201/91  253/273   -5/273   -57/91   -35/39 -227/273     -3/7   85/273  379/273    73/91  151/273    25/39    97/91  499/273  799/273]
[  215/91  583/273  613/273    35/13    31/21  163/273     5/91  -41/273   -5/273    41/91    49/39  109/273   -11/91  -83/273  -41/273]
[   31/91  319/273      7/3   167/91  457/273  505/273   215/91  331/273  109/273    -1/13  -59/273   -5/273    47/91  379/273  163/273]
[     1/7     1/39   67/273    73/91  463/273  253/273    45/91  109/273    25/39   111/91  583/273  379/273    89/91    19/21  319/273]
[   23/13  193/273   -5/273   -37/91 -125/273  -47/273    41/91    55/39  193/273    31/91   85/273    13/21   115/91  613/273    61/39]
[  111/91  331/273  421/273   201/91  331/273  151/273     3/13   67/273  163/273      9/7   85/273  -89/273   -57/91   -23/39  -59/273]
[   45/91  421/273  799/273   241/91  739/273   121/39   167/91    19/21   85/273     5/91   37/273  151/273    17/13  109/273  -47/273]
[  -37/91  -83/273   37/273    83/91    79/39    31/21   115/91  379/273  505/273   241/91  487/273    49/39    97/91  331/273  463/273]
[   47/91  -89/273 -227/273        0        0        0        0        0        0        0        0        0        0        0        0]
Testing obstruction for
m1: 24, m2: 24,a: 22
[      -1 -179/273  103/273     9/91  139/273 -107/273   -55/91    -5/39  283/273    81/91  391/273  181/273    53/91    25/21    97/39]
[  225/91  859/273  685/273   233/91  901/273 1291/273    63/13 1543/273 1405/273   485/91 1147/273    79/21   365/91   115/39  703/273]
[  263/91  517/273  433/273   179/91  283/273    31/39   113/91  103/273   55/273      5/7  -23/273  -53/273     5/13  -95/273 -107/273]
[   23/91 -113/273 -107/273    29/91   -11/39  -53/273    53/91     1/21   55/273    95/91  157/273    31/39   155/91  355/273  433/273]
[  233/91  607/273  703/273    47/13  913/273    79/21   443/91 1273/273 1405/273   393/91   163/39 1291/273   361/91 1063/273  685/273]
[  165/91  493/273    97/39     13/7  523/273  181/273     9/91   61/273  283/273     7/13  199/273 -107/273   -75/91 -155/273  103/273]
[    1/91      1/3 -179/273   -87/91 -155/273  139/273    25/91  199/273    -5/39   -27/91   61/273  391/273   121/91  523/273    25/21]
[   15/13  493/273  859/273   289/91 1063/273  901/273   309/91   163/39 1543/273   529/91 1273/273 1147/273     31/7  913/273   115/39]
[  295/91  607/273  517/273   205/91  355/273  283/273    19/13  157/273  103/273    79/91     1/21  -23/273    43/91   -11/39  -95/273]
[   25/91 -113/273 -113/273    25/91  -95/273   -11/39    43/91  -23/273     1/21    79/91  103/273  157/273    19/13  283/273  355/273]
[  205/91  517/273  607/273   295/91   115/39  913/273     31/7 1147/273 1273/273   529/91 1543/273   163/39   309/91  901/273 1063/273]
[  289/91  859/273  493/273    15/13    25/21  523/273   121/91  391/273   61/273   -27/91    -5/39  199/273    25/91  139/273 -155/273]
[  -87/91 -179/273      1/3     1/91  103/273 -155/273   -75/91 -107/273  199/273     7/13  283/273   61/273     9/91  181/273  523/273]
[    13/7    97/39  493/273   165/91  685/273 1063/273   361/91 1291/273   163/39   393/91 1405/273 1273/273   443/91    79/21  913/273]
[   47/13  703/273  607/273   233/91  433/273  355/273   155/91    31/39  157/273    95/91   55/273     1/21    53/91  -53/273   -11/39]
[   29/91 -107/273 -113/273    23/91 -107/273  -95/273     5/13  -53/273  -23/273      5/7   55/273  103/273   113/91    31/39  283/273]
[  179/91  433/273  517/273   263/91  703/273   115/39   365/91    79/21 1147/273   485/91 1405/273 1543/273    63/13 1291/273  901/273]
[  233/91  685/273  859/273   225/91    97/39    25/21    53/91  181/273  391/273    81/91  283/273    -5/39   -55/91 -107/273  139/273]
[    9/91  103/273 -179/273        0        0        0        0        0        0        0        0        0        0        0        0]
Unobstructed
1
---------------------------
---------------------------
