11a64
Correction terms
[     -1  -23/97    5/97  -13/97  -77/97    7/97   45/97   37/97  -17/97   77/97  -69/97  -67/97   83/97   -7/97   51/97]
[-131/97   29/97  -51/97   17/97   39/97   15/97  -55/97   23/97   55/97   41/97  -19/97 -125/97  111/97  -87/97   57/97]
[ -39/97   13/97   19/97  -21/97   87/97  -45/97  -29/97  -59/97   59/97  -63/97  -37/97  -57/97   71/97  -41/97   -5/97]
[ -15/97  -71/97   21/97   67/97   67/97   21/97  -71/97  -15/97   -5/97  -41/97   71/97  -57/97  -37/97  -63/97   59/97]
[ -59/97  -29/97  -45/97   87/97  -21/97   19/97   13/97  -39/97   57/97  -87/97  111/97 -125/97  -19/97   41/97   55/97]
[  23/97  -55/97   15/97   39/97   17/97  -51/97   29/97 -131/97   51/97   -7/97   83/97  -67/97  -69/97   77/97  -17/97]
[  37/97   45/97    7/97  -77/97  -13/97    5/97  -23/97       0       0       0       0       0       0       0       0]
Testing obstruction for
m1: 4, m2: 10,a: 3
[    -1 -83/97 -41/97  29/97 127/97  59/97  19/97   7/97  23/97  67/97 139/97  45/97 -21/97 -59/97 -69/97]
[-51/97  -5/97  69/97 171/97 107/97  71/97  63/97  83/97 131/97 207/97 117/97  55/97  21/97  15/97  37/97]
[ 87/97 165/97  77/97  17/97 -15/97 -19/97   5/97  57/97 137/97  51/97  -7/97 -37/97 -39/97 -13/97  41/97]
[123/97  39/97 -17/97 -45/97 -45/97 -17/97  39/97 123/97  41/97 -13/97 -39/97 -37/97  -7/97  51/97 137/97]
[ 57/97   5/97 -19/97 -15/97  17/97  77/97 165/97  87/97  37/97  15/97  21/97  55/97 117/97 207/97 131/97]
[ 83/97  63/97  71/97 107/97 171/97  69/97  -5/97 -51/97 -69/97 -59/97 -21/97  45/97 139/97  67/97  23/97]
[  7/97  19/97  59/97 127/97  29/97 -41/97 -83/97      0      0      0      0      0      0      0      0]
---------------------------
SUCCESS for name = 11a64
---------------------------
11a105
Correction terms
[      -1  105/109 -125/109   73/109   45/109    9/109  -35/109  -87/109   71/109    3/109  -73/109   61/109  -31/109   87/109  -21/109]
[  81/109  -43/109   43/109  -97/109  -27/109   35/109   89/109  -83/109  -45/109  -15/109    7/109   21/109   27/109   25/109   15/109]
[  -3/109  -29/109  -63/109  113/109 -155/109    5/109  -61/109   83/109    1/109  -89/109   31/109  -75/109   29/109  -93/109   -5/109]
[  75/109  -71/109   -7/109   49/109   97/109  -81/109  -49/109  -25/109   -9/109   -1/109   -1/109   -9/109  -25/109  -49/109  -81/109]
[  97/109   49/109   -7/109  -71/109   75/109   -5/109  -93/109   29/109  -75/109   31/109  -89/109    1/109   83/109  -61/109    5/109]
[-155/109  113/109  -63/109  -29/109   -3/109   15/109   25/109   27/109   21/109    7/109  -15/109  -45/109  -83/109   89/109   35/109]
[ -27/109  -97/109   43/109  -43/109   81/109  -21/109   87/109  -31/109   61/109  -73/109    3/109   71/109  -87/109  -35/109    9/109]
[  45/109   73/109 -125/109  105/109        0        0        0        0        0        0        0        0        0        0        0]
Testing obstruction for
m1: 6, m2: 10,a: 5
[     -1 -89/109 -29/109  71/109  -7/109 -45/109 -43/109  -1/109  81/109 -15/109 -71/109 -87/109 -63/109   1/109 105/109]
[ 31/109  -3/109   3/109  49/109 135/109  43/109  -9/109 -21/109   7/109  75/109 183/109 113/109  83/109  93/109 143/109]
[233/109 145/109  97/109  89/109 121/109 193/109  87/109  21/109  -5/109   9/109  63/109 157/109  73/109  29/109  25/109]
[ 61/109 137/109  35/109 -27/109 -49/109 -31/109  27/109 125/109  45/109   5/109   5/109  45/109 125/109  27/109 -31/109]
[-49/109 -27/109  35/109 137/109  61/109  25/109  29/109  73/109 157/109  63/109   9/109  -5/109  21/109  87/109 193/109]
[121/109  89/109  97/109 145/109 233/109 143/109  93/109  83/109 113/109 183/109  75/109   7/109 -21/109  -9/109  43/109]
[135/109  49/109   3/109  -3/109  31/109 105/109   1/109 -63/109 -87/109 -71/109 -15/109  81/109  -1/109 -43/109 -45/109]
[ -7/109  71/109 -29/109 -89/109       0       0       0       0       0       0       0       0       0       0       0]
Unobstructed
39
---------------------------
---------------------------
11a144
Correction terms
[    -1  53/73  -7/73  39/73  45/73  11/73 -63/73 -31/73 -39/73  59/73 -29/73 -11/73 -33/73 -95/73 -51/73]
[-47/73  63/73 -13/73  17/73   7/73 -43/73  13/73  29/73   5/73  87/73 -17/73 -15/73 -53/73  15/73  43/73]
[ 31/73 -21/73  33/73 -99/73  21/73 -45/73  -5/73  -5/73 -45/73  21/73 -99/73  33/73 -21/73  31/73  43/73]
[ 15/73 -53/73 -15/73 -17/73  87/73   5/73  29/73  13/73 -43/73   7/73  17/73 -13/73  63/73 -47/73 -51/73]
[-95/73 -33/73 -11/73 -29/73  59/73 -39/73 -31/73 -63/73  11/73  45/73  39/73  -7/73  53/73      0      0]
Testing obstruction for
m1: 4, m2: 6,a: 1
[    -1 -59/73 -17/73  53/73   5/73 -15/73  -7/73  29/73  93/73  39/73  13/73  15/73  45/73 103/73  43/73]
[ 11/73   7/73  31/73  83/73  17/73 -21/73 -31/73 -13/73  33/73 107/73  63/73  47/73  59/73  99/73  21/73]
[-29/73 -51/73 -45/73 -11/73  51/73  -5/73 -33/73 -33/73  -5/73  51/73 -11/73 -45/73 -51/73 -29/73  21/73]
[ 99/73  59/73  47/73  63/73 107/73  33/73 -13/73 -31/73 -21/73  17/73  83/73  31/73   7/73  11/73  43/73]
[103/73  45/73  15/73  13/73  39/73  93/73  29/73  -7/73 -15/73   5/73  53/73 -17/73 -59/73      0      0]
---------------------------
SUCCESS for name = 11a144
---------------------------
11a161
Correction terms
[    -1 -31/57 -67/57 -17/19 -97/57 -91/57 -11/19 -37/57  11/57  -1/19  35/57  11/57  13/19   5/57  23/57]
[ -7/19 -13/57 -67/57 -23/19   -1/3 -31/57   3/19 -13/57  17/57  -5/19   5/57 -37/57  -9/19 -79/57 -79/57]
[ -9/19 -37/57   5/57  -5/19  17/57 -13/57   3/19 -31/57   -1/3 -23/19 -67/57 -13/57  -7/19  23/57   5/57]
[ 13/19  11/57  35/57  -1/19  11/57 -37/57 -11/19 -91/57 -97/57 -17/19 -67/57 -31/57      0      0      0]
Testing obstruction for
m1: 2, m2: 10,a: 0
[    -1 -13/57   5/57  -1/19  77/57 131/57  15/19  47/57  23/57  -9/19  11/57  23/57   3/19  83/57 131/57]
[ 13/19  35/57   5/57 -17/19   -1/3 -13/57 -11/19  35/57  77/57  31/19  83/57  47/57  -5/19  11/57  11/57]
[ -5/19  47/57  83/57  31/19  77/57  35/57 -11/19 -13/57   -1/3 -17/19   5/57  35/57  13/19 131/57  83/57]
[  3/19  23/57  11/57  -9/19  23/57  47/57  15/19 131/57  77/57  -1/19   5/57 -13/57      0      0      0]
Unobstructed
16
---------------------------
---------------------------
11a293
H_1 not cyclic will skip for now
