13a2832
Correction terms
[      -1  151/213  -35/213    27/71   73/213  -59/213    37/71  157/213   79/213   -41/71  -23/213  -47/213    77/71  -41/213  -11/213]
[  -35/71  103/213  187/213   -93/71  -17/213  121/213    45/71   25/213 -209/213   -47/71  229/213   49/213   -85/71  169/213   43/213]
[   73/71 -155/213 -227/213     1/71  109/213   91/213   -17/71  109/213  145/213    19/71 -155/213  -65/213   -33/71  169/213 -113/213]
[  -31/71  229/213    1/213    25/71   25/213 -149/213    -7/71  -17/213 -137/213    15/71  103/213   37/213    91/71  -41/213  -53/213]
[  -63/71  -23/213   19/213   -21/71  157/213 -173/213    75/71   73/213 -203/213   -59/71  151/213     -1/3     3/71  -35/213 -203/213]
[  119/71  -59/213 -173/213     5/71   79/213   19/213   -55/71  -47/213  -53/213    81/71  -11/213   37/213   -13/71  187/213 -137/213]
[  -53/71  121/213 -149/213   103/71 -209/213    1/213    29/71   49/213 -113/213     9/71   43/213  -65/213    43/71 -227/213  145/213]
[  -11/71   91/213   91/213   -11/71  145/213 -227/213    43/71  -65/213   43/213     9/71 -113/213   49/213    29/71    1/213 -209/213]
[  103/71 -149/213  121/213   -53/71 -137/213  187/213   -13/71   37/213  -11/213    81/71  -53/213  -47/213   -55/71   19/213   79/213]
[    5/71 -173/213  -59/213   119/71 -203/213  -35/213     3/71     -1/3  151/213   -59/71 -203/213   73/213    75/71 -173/213  157/213]
[  -21/71   19/213  -23/213   -63/71  -53/213  -41/213    91/71   37/213  103/213    15/71 -137/213  -17/213    -7/71 -149/213   25/213]
[   25/71    1/213  229/213   -31/71 -113/213  169/213   -33/71  -65/213 -155/213    19/71  145/213  109/213   -17/71   91/213  109/213]
[    1/71 -227/213 -155/213    73/71   43/213  169/213   -85/71   49/213  229/213   -47/71 -209/213   25/213    45/71  121/213  -17/213]
[  -93/71  187/213  103/213   -35/71  -11/213  -41/213    77/71  -47/213  -23/213   -41/71   79/213  157/213    37/71  -59/213   73/213]
[   27/71  -35/213  151/213        0        0        0        0        0        0        0        0        0        0        0        0]
Testing obstruction for
m1: 2, m2: 36,a: 0
[      -1  -65/213  -47/213   -53/71   25/213   79/213     1/71  223/213  313/213    91/71  529/213  655/213   217/71  943/213 1105/213]
[  379/71 1465/213 1663/213   577/71 1669/213 1477/213   385/71 1129/213  973/213   229/71  697/213  577/213   109/71  373/213  289/213]
[   25/71  157/213  109/213   -23/71   49/213   37/213   -35/71   49/213   73/213   -11/71  157/213  217/213    49/71  373/213  469/213]
[  145/71  697/213  829/213   277/71 1129/213 1297/213   445/71 1669/213 1873/213   507/71 1465/213 1279/213   321/71  943/213  793/213]
[  171/71  529/213  415/213    57/71  223/213  145/213   -21/71   25/213  -17/213   -63/71  -65/213     -1/3   -69/71  -47/213  -17/213]
[  -39/71   79/213  145/213    27/71  313/213  415/213   129/71  655/213  793/213   267/71 1105/213 1279/213   441/71 1663/213 1873/213]
[  509/71 1477/213 1297/213   329/71  973/213  829/213   185/71  577/213  469/213    77/71  289/213  217/213     5/71  109/213   73/213]
[  -31/71   37/213   37/213   -31/71   73/213  109/213     5/71  217/213  289/213    77/71  469/213  577/213   185/71  829/213  973/213]
[  329/71 1297/213 1477/213   509/71 1873/213 1663/213   441/71 1279/213 1105/213   267/71  793/213  655/213   129/71  415/213  313/213]
[   27/71  145/213   79/213   -39/71  -17/213  -47/213   -69/71     -1/3  -65/213   -63/71  -17/213   25/213   -21/71  145/213  223/213]
[   57/71  415/213  529/213   171/71  793/213  943/213   321/71 1279/213 1465/213   507/71 1873/213 1669/213   445/71 1297/213 1129/213]
[  277/71  829/213  697/213   145/71  469/213  373/213    49/71  217/213  157/213   -11/71   73/213   49/213   -35/71   37/213   49/213]
[  -23/71  109/213  157/213    25/71  289/213  373/213   109/71  577/213  697/213   229/71  973/213 1129/213   385/71 1477/213 1669/213]
[  577/71 1663/213 1465/213   379/71 1105/213  943/213   217/71  655/213  529/213    91/71  313/213  223/213     1/71   79/213   25/213]
[  -53/71  -47/213  -65/213        0        0        0        0        0        0        0        0        0        0        0        0]
[-65/213, -47/213, -53/71, 25/213, 79/213, 1/71, 223/213, 313/213, 91/71, 529/213, 655/213, 217/71, 943/213, 1105/213, 379/71, 1465/213, 1663/213, 577/71, 1669/213, 1477/213, 385/71, 1129/213, 973/213, 229/71, 697/213, 577/213, 109/71, 373/213, 289/213, 25/71, 157/213, 109/213, -23/71]
41 [-65/213, -47/213, -53/71, 25/213, 79/213, 1/71, -203/213, -113/213, 91/71, 103/213, 229/213, 75/71, 91/213, -173/213, -47/71, 187/213, -41/213, 9/71, -35/213, -227/213, -41/71, -149/213, 121/213, -55/71, -155/213, 151/213, -33/71, -53/213, -137/213, 25/71, 157/213, 109/213, 119/71]
[-65/213, -47/213, -53/71, 25/213, 79/213, 1/71, 223/213, 313/213, 91/71, 529/213, 655/213, 217/71, 943/213, 1105/213, 379/71, 1465/213, 1663/213, 577/71, 1669/213, 1477/213, 385/71, 1129/213, 973/213, 229/71, 697/213, 577/213, 109/71, 373/213, 289/213, 25/71, 157/213, 109/213, -23/71]
101 [-65/213, -47/213, -53/71, 25/213, 79/213, 1/71, -203/213, -113/213, 91/71, 103/213, 229/213, 75/71, 91/213, -173/213, -47/71, 187/213, -41/213, 9/71, -35/213, -227/213, -41/71, -149/213, 121/213, -55/71, -155/213, 151/213, -33/71, -53/213, -137/213, 25/71, 157/213, 109/213, 119/71]
Testing obstruction for
m1: 4, m2: 16,a: 1
[      -1 -199/213 -157/213   -29/71   11/213  137/213    97/71  473/213  683/213   165/71  335/213  203/213    33/71   23/213  -25/213]
[  -15/71  -37/213   -1/213    21/71  155/213  275/213   141/71  599/213  803/213   203/71  443/213  305/213    65/71  113/213   59/213]
[   11/71   35/213   65/213    41/71  209/213  323/213   155/71  635/213  833/213   211/71  461/213  317/213    67/71  113/213   53/213]
[    7/71   17/213   41/213    31/71  173/213  281/213   139/71  581/213  773/213   189/71  389/213  239/213    39/71   23/213  -43/213]
[  -27/71  -91/213  -73/213    -9/71   47/213  149/213    93/71  437/213  623/213   279/71  653/213      7/3   123/71  269/213  197/213]
[   51/71  137/213  149/213    63/71  257/213  353/213   159/71  629/213  809/213   197/71  401/213  239/213    35/71   -1/213  -79/213]
[  -43/71 -151/213 -145/213   -37/71  -49/213   41/213    53/71  305/213  479/213   227/71  485/213  317/213    59/71   65/213  -19/213]
[  -25/71 -103/213 -103/213   -25/71  -19/213   65/213    59/71  317/213  485/213   227/71  479/213  305/213    53/71   41/213  -49/213]
[  -37/71 -145/213 -151/213   -43/71  -79/213   -1/213    35/71  239/213  401/213   197/71  809/213  629/213   159/71  353/213  257/213]
[   63/71  149/213  137/213    51/71  197/213  269/213   123/71      7/3  653/213   279/71  623/213  437/213    93/71  149/213   47/213]
[   -9/71  -73/213  -91/213   -27/71  -43/213   23/213    39/71  239/213  389/213   189/71  773/213  581/213   139/71  281/213  173/213]
[   31/71   41/213   17/213     7/71   53/213  113/213    67/71  317/213  461/213   211/71  833/213  635/213   155/71  323/213  209/213]
[   41/71   65/213   35/213    11/71   59/213  113/213    65/71  305/213  443/213   203/71  803/213  599/213   141/71  275/213  155/213]
[   21/71   -1/213  -37/213   -15/71  -25/213   23/213    33/71  203/213  335/213   165/71  683/213  473/213    97/71  137/213   11/213]
[  -29/71 -157/213 -199/213        0        0        0        0        0        0        0        0        0        0        0        0]
Testing obstruction for
m1: 54, m2: 54,a: 53
[      -1 -209/213 -197/213   -59/71 -149/213 -113/213   -23/71  -17/213   43/213    37/71  187/213  271/213   121/71  463/213  571/213]
[  229/71  811/213  943/213   361/71 1231/213 1387/213   517/71 1723/213 1903/213   697/71 2287/213 2491/213   901/71 2497/213 2299/213]
[  703/71 1927/213 1753/213   529/71 1429/213 1279/213   379/71 1003/213  877/213   253/71  649/213  547/213   151/71  367/213  289/213]
[   73/71  157/213  103/213    19/71   19/213  -11/213   -11/71  -47/213  -53/213   -17/71  -41/213  -23/213     1/71   37/213   79/213]
[   43/71  187/213  253/213   109/71  409/213  499/213   199/71  703/213  817/213   313/71 1069/213     17/3   451/71 1507/213 1669/213]
[  613/71 2017/213 2203/213   799/71 2599/213 2809/213   867/71 2401/213 2209/213   675/71 1849/213 1681/213   507/71 1369/213 1225/213]
[  363/71  961/213  841/213   243/71  625/213  529/213   147/71  361/213  289/213    75/71  169/213  121/213    27/71   49/213   25/213]
[    3/71    1/213    1/213     3/71   25/213   49/213    27/71  121/213  169/213    75/71  289/213  361/213   147/71  529/213  625/213]
[  243/71  841/213  961/213   363/71 1225/213 1369/213   507/71 1681/213 1849/213   675/71 2209/213 2401/213   867/71 2809/213 2599/213]
[  799/71 2203/213 2017/213   613/71 1669/213 1507/213   451/71     17/3 1069/213   313/71  817/213  703/213   199/71  499/213  409/213]
[  109/71  253/213  187/213    43/71   79/213   37/213     1/71  -23/213  -41/213   -17/71  -53/213  -47/213   -11/71  -11/213   19/213]
[   19/71  103/213  157/213    73/71  289/213  367/213   151/71  547/213  649/213   253/71  877/213 1003/213   379/71 1279/213 1429/213]
[  529/71 1753/213 1927/213   703/71 2299/213 2497/213   901/71 2491/213 2287/213   697/71 1903/213 1723/213   517/71 1387/213 1231/213]
[  361/71  943/213  811/213   229/71  571/213  463/213   121/71  271/213  187/213    37/71   43/213  -17/213   -23/71 -113/213 -149/213]
[  -59/71 -197/213 -209/213        0        0        0        0        0        0        0        0        0        0        0        0]
[-209/213, -197/213]
23 [-209/213, 229/213]
[-209/213, -197/213]
94 [-209/213, 229/213]
---------------------------
SUCCESS for name = 13a2832
---------------------------
13a2834
Correction terms
[      -1  -25/253  153/253 -225/253 -147/253 -119/253  365/253 -213/253 -335/253   -1/253  283/253     1/23 -311/253 -177/253  413/253]
[ -59/253  -75/253 -141/253  249/253   83/253 -133/253  107/253    27/23    -3/11   21/253   61/253   51/253   -9/253 -119/253  227/253]
[  17/253 -243/253  -47/253     9/23  195/253 -265/253 -269/253  183/253   79/253  -75/253 -279/253  -27/253  175/253 -179/253    -7/23]
[ -25/253    -1/11  -71/253 -169/253  189/253   -9/253 -257/253  -49/253  109/253  217/253   -21/23 -223/253  241/253  149/253    7/253]
[-185/253   79/253  293/253  -49/253   65/253  129/253    13/23  107/253   21/253    -5/11  205/253  -31/253  189/253 -147/253  -27/253]
[  43/253   63/253     3/23  -47/253 -177/253  149/253  -81/253  145/253 -185/253  -59/253   17/253   43/253   19/253    -5/23 -179/253]
[ 153/253  -71/253     7/11 -163/253  -31/253   51/253   83/253   65/253   -3/253   -11/23  217/253   -1/253  237/253  -81/253   57/253]
[ 145/253  183/253  171/253  109/253   -3/253    31/23  129/253 -133/253   61/253  205/253    13/11 -163/253 -169/253  281/253  175/253]
[  19/253   -17/23   63/253  263/253  -93/253    7/253   57/253   57/253    7/253  -93/253  263/253   63/253   -17/23   19/253  175/253]
[ 281/253 -169/253 -163/253    13/11  205/253   61/253 -133/253  129/253    31/23   -3/253  109/253  171/253  183/253  145/253   57/253]
[ -81/253  237/253   -1/253  217/253   -11/23   -3/253   65/253   83/253   51/253  -31/253 -163/253     7/11  -71/253  153/253 -179/253]
[   -5/23   19/253   43/253   17/253  -59/253 -185/253  145/253  -81/253  149/253 -177/253  -47/253     3/23   63/253   43/253  -27/253]
[-147/253  189/253  -31/253  205/253    -5/11   21/253  107/253    13/23  129/253   65/253  -49/253  293/253   79/253 -185/253    7/253]
[ 149/253  241/253 -223/253   -21/23  217/253  109/253  -49/253 -257/253   -9/253  189/253 -169/253  -71/253    -1/11  -25/253    -7/23]
[-179/253  175/253  -27/253 -279/253  -75/253   79/253  183/253 -269/253 -265/253  195/253     9/23  -47/253 -243/253   17/253  227/253]
[-119/253   -9/253   51/253   61/253   21/253    -3/11    27/23  107/253 -133/253   83/253  249/253 -141/253  -75/253  -59/253  413/253]
[-177/253 -311/253     1/23  283/253   -1/253 -335/253 -213/253  365/253 -119/253 -147/253 -225/253  153/253  -25/253        0        0]
Testing obstruction for
m1: 6, m2: 12,a: 0
[      -1 -185/253   19/253  359/253  329/253  435/253  677/253  549/253  557/253  195/253  -31/253   -11/23  -75/253  107/253  425/253]
[ 373/253  457/253  677/253  527/253  513/253  129/253 -119/253   -21/23    -9/11  -47/253  249/253  175/253  237/253  435/253  769/253]
[ 733/253  327/253   57/253    -7/23  -75/253   63/253  337/253  241/253  281/253  457/253  769/253  711/253  283/253   -9/253   -15/23]
[-185/253    -3/11  183/253   65/253   83/253  237/253  527/253  953/253  503/253  189/253     1/23  -31/253   63/253  293/253  153/253]
[ 149/253  281/253  549/253  953/253  481/253  145/253    -5/23 -119/253  -47/253     7/11   -1/253  -27/253   83/253  329/253  711/253]
[ 723/253  365/253    13/23   57/253  107/253  293/253  109/253   61/253  149/253  373/253  733/253  723/253  343/253     9/23   -9/253]
[  19/253  183/253    -1/11  -93/253  -27/253  175/253  513/253  481/253  585/253    29/23  189/253  195/253  337/253  109/253   17/253]
[  61/253  241/253  557/253  503/253  585/253    27/23  145/253  129/253  249/253   -1/253    -5/11  -93/253   65/253  359/253  283/253]
[ 343/253    49/23  365/253  327/253  425/253  153/253   17/253   17/253  153/253  425/253  327/253  365/253    49/23  343/253  283/253]
[ 359/253   65/253  -93/253    -5/11   -1/253  249/253  129/253  145/253    27/23  585/253  503/253  557/253  241/253   61/253   17/253]
[ 109/253  337/253  195/253  189/253    29/23  585/253  481/253  513/253  175/253  -27/253  -93/253    -1/11  183/253   19/253   -9/253]
[    9/23  343/253  723/253  733/253  373/253  149/253   61/253  109/253  293/253  107/253   57/253    13/23  365/253  723/253  711/253]
[ 329/253   83/253  -27/253   -1/253     7/11  -47/253 -119/253    -5/23  145/253  481/253  953/253  549/253  281/253  149/253  153/253]
[ 293/253   63/253  -31/253     1/23  189/253  503/253  953/253  527/253  237/253   83/253   65/253  183/253    -3/11 -185/253   -15/23]
[  -9/253  283/253  711/253  769/253  457/253  281/253  241/253  337/253   63/253  -75/253    -7/23   57/253  327/253  733/253  769/253]
[ 435/253  237/253  175/253  249/253  -47/253    -9/11   -21/23 -119/253  129/253  513/253  527/253  677/253  457/253  373/253  425/253]
[ 107/253  -75/253   -11/23  -31/253  195/253  557/253  549/253  677/253  435/253  329/253  359/253   19/253 -185/253        0        0]
[-185/253, 19/253, 359/253, 329/253, 435/253, 677/253, 549/253, 557/253, 195/253, -31/253, -11/23, -75/253, 107/253, 425/253, 373/253, 457/253, 677/253, 527/253, 513/253, 129/253, -119/253, -21/23, -9/11]
60 [-185/253, 19/253, -147/253, -177/253, -71/253, 171/253, 43/253, 51/253, 195/253, -31/253, -11/23, -75/253, 107/253, -81/253, -133/253, -49/253, -335/253, 21/253, 7/253, 129/253, -119/253, -21/23, 13/11]
[-185/253, 19/253, 359/253, 329/253, 435/253, 677/253, 549/253, 557/253, 195/253, -31/253, -11/23, -75/253, 107/253, 425/253, 373/253, 457/253, 677/253, 527/253, 513/253, 129/253, -119/253, -21/23, -9/11]
83 [-185/253, 19/253, -147/253, -177/253, -71/253, -335/253, 43/253, 51/253, -311/253, -31/253, -11/23, -75/253, 107/253, -81/253, -133/253, -49/253, 171/253, 21/253, 7/253, 129/253, -119/253, -21/23, 13/11]
Testing obstruction for
m1: 64, m2: 64,a: 63
[      -1 -249/253 -237/253 -217/253 -189/253 -153/253 -109/253  -57/253    3/253   71/253  147/253    21/23  323/253  423/253  531/253]
[ 647/253  771/253  903/253 1043/253 1191/253 1347/253 1511/253   153/23    81/11 2051/253 2247/253 2451/253 2663/253 2883/253 3111/253]
[3347/253 3591/253 3843/253   327/23 3359/253 3129/253 2907/253 2693/253 2487/253 2289/253 2099/253 1917/253 1743/253 1577/253   129/23]
[1269/253    49/11  993/253  867/253  749/253  639/253  537/253  443/253  357/253  279/253    19/23  147/253   93/253   47/253    9/253]
[ -21/253  -43/253  -57/253  -63/253  -61/253  -51/253    -3/23   -7/253   27/253     3/11  119/253  177/253  243/253  317/253  399/253]
[ 489/253  587/253    63/23  807/253  929/253 1059/253 1197/253 1343/253 1497/253 1659/253 1829/253 2007/253 2193/253   217/23 2589/253]
[2799/253 3017/253   141/11 3477/253 3719/253 3969/253 3721/253 3481/253 3249/253   275/23 2809/253 2601/253 2401/253 2209/253 2025/253]
[1849/253 1681/253 1521/253 1369/253 1225/253    99/23  961/253  841/253  729/253  625/253    23/11  441/253  361/253  289/253  225/253]
[ 169/253    11/23   81/253   49/253   25/253    9/253    1/253    1/253    9/253   25/253   49/253   81/253    11/23  169/253  225/253]
[ 289/253  361/253  441/253    23/11  625/253  729/253  841/253  961/253    99/23 1225/253 1369/253 1521/253 1681/253 1849/253 2025/253]
[2209/253 2401/253 2601/253 2809/253   275/23 3249/253 3481/253 3721/253 3969/253 3719/253 3477/253   141/11 3017/253 2799/253 2589/253]
[  217/23 2193/253 2007/253 1829/253 1659/253 1497/253 1343/253 1197/253 1059/253  929/253  807/253    63/23  587/253  489/253  399/253]
[ 317/253  243/253  177/253  119/253     3/11   27/253   -7/253    -3/23  -51/253  -61/253  -63/253  -57/253  -43/253  -21/253    9/253]
[  47/253   93/253  147/253    19/23  279/253  357/253  443/253  537/253  639/253  749/253  867/253  993/253    49/11 1269/253   129/23]
[1577/253 1743/253 1917/253 2099/253 2289/253 2487/253 2693/253 2907/253 3129/253 3359/253   327/23 3843/253 3591/253 3347/253 3111/253]
[2883/253 2663/253 2451/253 2247/253 2051/253    81/11   153/23 1511/253 1347/253 1191/253 1043/253  903/253  771/253  647/253  531/253]
[ 423/253  323/253    21/23  147/253   71/253    3/253  -57/253 -109/253 -153/253 -189/253 -217/253 -237/253 -249/253        0        0]
---------------------------
SUCCESS for name = 13a2834
---------------------------
13a2841
Correction terms
[      -1  113/237 -259/237    23/79  149/237  -19/237    13/79 -151/237 -115/237    49/79  161/237  -73/237   131/79  137/237  107/237]
[  101/79 -223/237  -49/237   -41/79   29/237  -67/237    21/79  -55/237   53/237   -29/79   -1/237 -163/237   -33/79  191/237 -241/237]
[    9/79   47/237 -181/237    97/79   41/237   17/237    73/79  173/237 -121/237    95/79  -31/237 -121/237     5/79  -97/237   17/237]
[  -39/79  -25/237 -181/237   -37/79  185/237 -241/237    11/79   59/237 -163/237   -53/79   71/237   53/237    87/79  221/237  -67/237]
[  115/79   35/237  -49/237    31/79  -13/237  107/237    -7/79   77/237  -73/237     1/79 -169/237 -115/237  -103/79  197/237  -19/237]
[   -3/79  227/237 -259/237   -15/79     -1/3  113/237    19/79  227/237  149/237    99/79  197/237 -151/237    67/79 -169/237  161/237]
[  -77/79   77/237  137/237   -17/79  -13/237 -223/237   -69/79   35/237   29/237   -75/79  221/237  -55/237   -35/79   71/237   -1/237]
[   51/79   59/237  191/237    25/79  185/237   47/237    45/79  -25/237   41/237   -47/79  -97/237  173/237   -93/79  -31/237  -31/237]
[  -93/79  173/237  -97/237   -47/79   41/237  -25/237    45/79   47/237  185/237    25/79  191/237   59/237    51/79   -1/237   71/237]
[  -35/79  -55/237  221/237   -75/79   29/237   35/237   -69/79 -223/237  -13/237   -17/79  137/237   77/237   -77/79  161/237 -169/237]
[   67/79 -151/237  197/237    99/79  149/237  227/237    19/79  113/237     -1/3   -15/79 -259/237  227/237    -3/79  -19/237  197/237]
[ -103/79 -115/237 -169/237     1/79  -73/237   77/237    -7/79  107/237  -13/237    31/79  -49/237   35/237   115/79  -67/237  221/237]
[   87/79   53/237   71/237   -53/79 -163/237   59/237    11/79 -241/237  185/237   -37/79 -181/237  -25/237   -39/79   17/237  -97/237]
[    5/79 -121/237  -31/237    95/79 -121/237  173/237    73/79   17/237   41/237    97/79 -181/237   47/237     9/79 -241/237  191/237]
[  -33/79 -163/237   -1/237   -29/79   53/237  -55/237    21/79  -67/237   29/237   -41/79  -49/237 -223/237   101/79  107/237  137/237]
[  131/79  -73/237  161/237    49/79 -115/237 -151/237    13/79  -19/237  149/237    23/79 -259/237  113/237        0        0        0]
Testing obstruction for
m1: 2, m2: 40,a: 0
[      -1  -73/237  -55/237   -61/79   17/237   71/237    -7/79  215/237  305/237    83/79  521/237  647/237   209/79  935/237 1097/237]
[  371/79 1457/237 1655/237   569/79 2087/237 2321/237   645/79 1877/237 1673/237   441/79 1301/237 1133/237   273/79  833/237  701/237]
[  141/79  473/237  377/237    45/79  221/237  161/237   -15/79   77/237   53/237   -39/79   41/237   53/237   -27/79  113/237  161/237]
[   21/79  293/237  377/237   105/79  581/237  701/237   225/79  977/237 1133/237   381/79 1481/237 1673/237   573/79 2093/237 2321/237]
[  643/79 1865/237 1655/237   433/79 1271/237 1097/237   259/79  785/237  647/237   121/79  407/237  305/237    19/79  137/237   71/237]
[  -47/79  -25/237  -55/237   -77/79     -1/3  -73/237   -71/79  -25/237   17/237   -29/79  137/237  215/237    49/79  407/237  521/237]
[  163/79  785/237  935/237   313/79 1271/237 1457/237   499/79 1865/237 2087/237   721/79 2093/237 1877/237   505/79 1481/237 1301/237]
[  325/79  977/237  833/237   181/79  581/237  473/237    73/79  293/237  221/237     1/79  113/237   77/237   -35/79   41/237   41/237]
[  -35/79   77/237  113/237     1/79  221/237  293/237    73/79  473/237  581/237   181/79  833/237  977/237   325/79 1301/237 1481/237]
[  505/79 1877/237 2093/237   721/79 2087/237 1865/237   499/79 1457/237 1271/237   313/79  935/237  785/237   163/79  521/237  407/237]
[   49/79  215/237  137/237   -29/79   17/237  -25/237   -71/79  -73/237     -1/3   -77/79  -55/237  -25/237   -47/79   71/237  137/237]
[   19/79  305/237  407/237   121/79  647/237  785/237   259/79 1097/237 1271/237   433/79 1655/237 1865/237   643/79 2321/237 2093/237]
[  573/79 1673/237 1481/237   381/79 1133/237  977/237   225/79  701/237  581/237   105/79  377/237  293/237    21/79  161/237  113/237]
[  -27/79   53/237   41/237   -39/79   53/237   77/237   -15/79  161/237  221/237    45/79  377/237  473/237   141/79  701/237  833/237]
[  273/79 1133/237 1301/237   441/79 1673/237 1877/237   645/79 2321/237 2087/237   569/79 1655/237 1457/237   371/79 1097/237  935/237]
[  209/79  647/237  521/237    83/79  305/237  215/237    -7/79   71/237   17/237   -61/79  -55/237  -73/237        0        0        0]
[-73/237, -55/237, -61/79]
11 [-73/237, -55/237, 97/79]
[-73/237, -55/237, -61/79]
68 [-73/237, -55/237, 97/79]
Testing obstruction for
m1: 6, m2: 12,a: 2
[      -1 -215/237 -149/237   -13/79  115/237  313/237   185/79  367/237  223/237    41/79   67/237   55/237    29/79  163/237  283/237]
[  149/79  655/237  433/237    85/79  121/237   31/237    -5/79  -17/237   25/237    37/79  241/237  415/237   211/79  421/237  253/237]
[   43/79   49/237   13/237     7/79   73/237  169/237   103/79  493/237  721/237   173/79  361/237  247/237    59/79  151/237  169/237]
[   77/79  337/237  487/237   227/79  445/237  253/237    35/79    1/237  -59/237   -25/79  -47/237   25/237    47/79  301/237  505/237]
[   93/79   97/237  -41/237   -45/79 -185/237 -191/237   -51/79  -71/237   55/237    75/79  439/237  697/237   175/79  397/237  313/237]
[   91/79  277/237  325/237   139/79      7/3  733/237   161/79  277/237  115/237    -1/79  -77/237 -107/237   -31/79  -35/237   67/237]
[   71/79  403/237  637/237   147/79  289/237  181/237    39/79   97/237  121/237    63/79  301/237  457/237   219/79  427/237  241/237]
[   33/79    1/237  -53/237   -21/79  -29/237   49/237    57/79  337/237  547/237   109/79  151/237   19/237   -23/79 -113/237 -113/237]
[  -23/79   19/237  151/237   109/79  547/237  337/237    57/79   49/237  -29/237   -21/79  -53/237    1/237    33/79  241/237  427/237]
[  219/79  457/237  301/237    63/79  121/237   97/237    39/79  181/237  289/237   147/79  637/237  403/237    71/79   67/237  -35/237]
[  -31/79 -107/237  -77/237    -1/79  115/237  277/237   161/79  733/237      7/3   139/79  325/237  277/237    91/79  313/237  397/237]
[  175/79  697/237  439/237    75/79   55/237  -71/237   -51/79 -191/237 -185/237   -45/79  -41/237   97/237    93/79  505/237  301/237]
[   47/79   25/237  -47/237   -25/79  -59/237    1/237    35/79  253/237  445/237   227/79  487/237  337/237    77/79  169/237  151/237]
[   59/79  247/237  361/237   173/79  721/237  493/237   103/79  169/237   73/237     7/79   13/237   49/237    43/79  253/237  421/237]
[  211/79  415/237  241/237    37/79   25/237  -17/237    -5/79   31/237  121/237    85/79  433/237  655/237   149/79  283/237  163/237]
[   29/79   55/237   67/237    41/79  223/237  367/237   185/79  313/237  115/237   -13/79 -149/237 -215/237        0        0        0]
Testing obstruction for
m1: 4, m2: 20,a: 3
[      -1 -223/237 -181/237   -37/79  -13/237  113/237    89/79  449/237  659/237   299/79  689/237  509/237   119/79  233/237  137/237]
[   23/79   29/237   17/237    11/79   77/237  149/237    83/79  377/237  533/237   239/79  929/237  695/237   163/79  311/237  161/237]
[   13/79  -55/237 -121/237   -53/79 -169/237 -151/237   -35/79  -31/237   71/237    67/79  359/237  545/237   253/79 1001/237  797/237]
[  207/79  473/237  353/237    87/79  197/237  161/237    51/79  173/237  221/237    99/79  401/237  533/237   231/79  881/237 1097/237]
[  289/79  665/237  491/237   115/79  227/237  137/237    25/79   41/237   35/237    19/79  107/237  185/237    97/79  425/237  587/237]
[  259/79  995/237  767/237   189/79      5/3  251/237    45/79   47/237  -13/237   -15/79  -49/237  -25/237     9/79  107/237  215/237]
[  117/79  515/237  707/237   309/79  701/237  503/237   111/79  191/237   77/237    -3/79  -67/237  -97/237   -33/79  -73/237  -19/237]
[   21/79  173/237  311/237   159/79  671/237  893/237   223/79  473/237  305/237    55/79   53/237  -31/237   -29/79 -115/237 -115/237]
[  -29/79  -31/237   53/237    55/79  305/237  473/237   223/79  893/237  671/237   159/79  311/237  173/237    21/79  -19/237  -73/237]
[  -33/79  -97/237  -67/237    -3/79   77/237  191/237   111/79  503/237  701/237   309/79  707/237  515/237   117/79  215/237  107/237]
[    9/79  -25/237  -49/237   -15/79  -13/237   47/237    45/79  251/237      5/3   189/79  767/237  995/237   259/79  587/237  425/237]
[   97/79  185/237  107/237    19/79   35/237   41/237    25/79  137/237  227/237   115/79  491/237  665/237   289/79 1097/237  881/237]
[  231/79  533/237  401/237    99/79  221/237  173/237    51/79  161/237  197/237    87/79  353/237  473/237   207/79  797/237 1001/237]
[  253/79  545/237  359/237    67/79   71/237  -31/237   -35/79 -151/237 -169/237   -53/79 -121/237  -55/237    13/79  161/237  311/237]
[  163/79  695/237  929/237   239/79  533/237  377/237    83/79  149/237   77/237    11/79   17/237   29/237    23/79  137/237  233/237]
[  119/79  509/237  689/237   299/79  659/237  449/237    89/79  113/237  -13/237   -37/79 -181/237 -223/237        0        0        0]
Unobstructed
16
---------------------------
---------------------------
13a2843
Correction terms
[      -1   75/137 -111/137  127/137  -33/137  231/137   97/137  113/137    5/137   47/137  -35/137   33/137  -23/137   71/137   41/137]
[ 161/137  157/137   29/137   51/137  -51/137   -3/137  -79/137   -5/137  -55/137   45/137   21/137  147/137  149/137   27/137   55/137]
[ -41/137   13/137  -57/137   23/137  -21/137   85/137   67/137  199/137  -67/137   91/137 -149/137   35/137 -179/137   31/137 -157/137]
[  79/137  -83/137  179/137   43/137   57/137  -53/137  -13/137  -97/137  -31/137  -89/137    3/137  -29/137   89/137   83/137  -47/137]
[ -27/137 -131/137  -85/137 -163/137  -91/137 -143/137  -45/137  -71/137   53/137   53/137  -71/137  -45/137 -143/137  -91/137 -163/137]
[ -85/137 -131/137  -27/137  -47/137   83/137   89/137  -29/137    3/137  -89/137  -31/137  -97/137  -13/137  -53/137   57/137   43/137]
[ 179/137  -83/137   79/137 -157/137   31/137 -179/137   35/137 -149/137   91/137  -67/137  199/137   67/137   85/137  -21/137   23/137]
[ -57/137   13/137  -41/137   55/137   27/137  149/137  147/137   21/137   45/137  -55/137   -5/137  -79/137   -3/137  -51/137   51/137]
[  29/137  157/137  161/137   41/137   71/137  -23/137   33/137  -35/137   47/137    5/137  113/137   97/137  231/137  -33/137  127/137]
[-111/137   75/137        0        0        0        0        0        0        0        0        0        0        0        0        0]
Testing obstruction for
m1: 2, m2: 24,a: 1
[      -1 -131/137 -113/137  -83/137  -41/137   13/137   79/137  157/137  247/137  349/137  463/137  589/137  727/137  603/137  491/137]
[ 391/137  303/137  227/137  163/137  111/137   71/137   43/137   27/137   23/137   31/137   51/137   83/137  127/137  183/137  251/137]
[ 331/137  423/137  527/137  643/137  771/137  637/137  515/137  405/137  307/137  221/137  147/137   85/137   35/137   -3/137  -29/137]
[ -43/137  -45/137  -35/137  -13/137   21/137   67/137  125/137  195/137  277/137  371/137  477/137  595/137  725/137  593/137  473/137]
[ 365/137  269/137  185/137  113/137   53/137    5/137  -31/137  -55/137  -67/137  -67/137  -55/137  -31/137    5/137   53/137  113/137]
[ 185/137  269/137  365/137  473/137  593/137  725/137  595/137  477/137  371/137  277/137  195/137  125/137   67/137   21/137  -13/137]
[ -35/137  -45/137  -43/137  -29/137   -3/137   35/137   85/137  147/137  221/137  307/137  405/137  515/137  637/137  771/137  643/137]
[ 527/137  423/137  331/137  251/137  183/137  127/137   83/137   51/137   31/137   23/137   27/137   43/137   71/137  111/137  163/137]
[ 227/137  303/137  391/137  491/137  603/137  727/137  589/137  463/137  349/137  247/137  157/137   79/137   13/137  -41/137  -83/137]
[-113/137 -131/137        0        0        0        0        0        0        0        0        0        0        0        0        0]
[-131/137, -113/137]
61 [-131/137, 161/137]
Testing obstruction for
m1: 12, m2: 14,a: 11
[      -1 -125/137  -89/137  -29/137   55/137  163/137  295/137  177/137   83/137   13/137  -33/137  -55/137  -53/137  -27/137   23/137]
[  97/137  195/137  317/137  189/137   85/137    5/137  -51/137  -83/137  -91/137  -75/137  -35/137   29/137  117/137  229/137  365/137]
[ 251/137  161/137   95/137   53/137   35/137   41/137   71/137  125/137  203/137  305/137  431/137  307/137  207/137  131/137   79/137]
[  51/137   47/137   67/137  111/137  179/137  271/137  387/137  253/137  143/137   57/137   -5/137  -43/137  -57/137  -47/137  -13/137]
[  45/137  127/137  233/137  363/137  243/137  147/137   75/137   27/137    3/137    3/137   27/137   75/137  147/137  243/137  363/137]
[ 233/137  127/137   45/137  -13/137  -47/137  -57/137  -43/137   -5/137   57/137  143/137  253/137  387/137  271/137  179/137  111/137]
[  67/137   47/137   51/137   79/137  131/137  207/137  307/137  431/137  305/137  203/137  125/137   71/137   41/137   35/137   53/137]
[  95/137  161/137  251/137  365/137  229/137  117/137   29/137  -35/137  -75/137  -91/137  -83/137  -51/137    5/137   85/137  189/137]
[ 317/137  195/137   97/137   23/137  -27/137  -53/137  -55/137  -33/137   13/137   83/137  177/137  295/137  163/137   55/137  -29/137]
[ -89/137 -125/137        0        0        0        0        0        0        0        0        0        0        0        0        0]
---------------------------
SUCCESS for name = 13a2843
---------------------------
13a2859
Correction terms
[      -1   19/157  -81/157  171/157  147/157  161/157  213/157  -11/157  117/157  -31/157  173/157  101/157   67/157   71/157  113/157]
[ 193/157   -3/157  153/157   33/157  -49/157  -93/157  -99/157  -67/157    3/157  111/157  257/157  127/157   35/157  -19/157  -35/157]
[ -13/157   47/157  145/157  281/157  141/157   39/157  -25/157  -51/157  -39/157   11/157   99/157  -89/157   75/157  -37/157  203/157]
[ 167/157  169/157  209/157  -27/157   89/157  -71/157  121/157   37/157  305/157  297/157   13/157   81/157 -127/157   17/157 -115/157]
[ 105/157   49/157   31/157   51/157  109/157  205/157   25/157  197/157   93/157   27/157   -1/157    9/157   57/157  143/157  267/157]
[ 115/157    1/157  -75/157 -113/157 -113/157  -75/157    1/157  115/157  267/157  143/157   57/157    9/157   -1/157   27/157   93/157]
[ 197/157   25/157  205/157  109/157   51/157   31/157   49/157  105/157 -115/157   17/157 -127/157   81/157   13/157  297/157  305/157]
[  37/157  121/157  -71/157   89/157  -27/157  209/157  169/157  167/157  203/157  -37/157   75/157  -89/157   99/157   11/157  -39/157]
[ -51/157  -25/157   39/157  141/157  281/157  145/157   47/157  -13/157  -35/157  -19/157   35/157  127/157  257/157  111/157    3/157]
[ -67/157  -99/157  -93/157  -49/157   33/157  153/157   -3/157  193/157  113/157   71/157   67/157  101/157  173/157  -31/157  117/157]
[ -11/157  213/157  161/157  147/157  171/157  -81/157   19/157        0        0        0        0        0        0        0        0]
Testing obstruction for
m1: 4, m2: 12,a: 1
[      -1 -143/157 -101/157  -31/157   67/157  193/157  347/157  215/157  111/157   35/157  -13/157  -33/157  -25/157   11/157   75/157]
[ 167/157  287/157  435/157  297/157  187/157  105/157   51/157   25/157   27/157   57/157  115/157  201/157  315/157  457/157  313/157]
[ 197/157  109/157   49/157   17/157   13/157   37/157   89/157  169/157  277/157  413/157  263/157  141/157   47/157  -19/157  -57/157]
[ -67/157  -49/157   -3/157   71/157  173/157  303/157  461/157  333/157  233/157  161/157  117/157  101/157  113/157  153/157  221/157]
[ 317/157  441/157  279/157  145/157   39/157  -39/157  -89/157 -111/157 -105/157  -71/157   -9/157   81/157  199/157  345/157  205/157]
[  93/157    9/157  -47/157  -75/157  -75/157  -47/157    9/157   93/157  205/157  345/157  199/157   81/157   -9/157  -71/157 -105/157]
[-111/157  -89/157  -39/157   39/157  145/157  279/157  441/157  317/157  221/157  153/157  113/157  101/157  117/157  161/157  233/157]
[ 333/157  461/157  303/157  173/157   71/157   -3/157  -49/157  -67/157  -57/157  -19/157   47/157  141/157  263/157  413/157  277/157]
[ 169/157   89/157   37/157   13/157   17/157   49/157  109/157  197/157  313/157  457/157  315/157  201/157  115/157   57/157   27/157]
[  25/157   51/157  105/157  187/157  297/157  435/157  287/157  167/157   75/157   11/157  -25/157  -33/157  -13/157   35/157  111/157]
[ 215/157  347/157  193/157   67/157  -31/157 -101/157 -143/157        0        0        0        0        0        0        0        0]
Testing obstruction for
m1: 40, m2: 40,a: 39
[      -1 -153/157 -141/157 -121/157  -93/157  -57/157  -13/157   39/157   99/157  167/157  243/157  327/157  419/157  519/157  627/157]
[ 743/157  867/157  999/157 1139/157 1287/157 1443/157 1293/157 1151/157 1017/157  891/157  773/157  663/157  561/157  467/157  381/157]
[ 303/157  233/157  171/157  117/157   71/157   33/157    3/157  -19/157  -33/157  -39/157  -37/157  -27/157   -9/157   17/157   51/157]
[  93/157  143/157  201/157  267/157  341/157  423/157  513/157  611/157  717/157  831/157  953/157 1083/157 1221/157 1367/157 1521/157]
[1369/157 1225/157 1089/157  961/157  841/157  729/157  625/157  529/157  441/157  361/157  289/157  225/157  169/157  121/157   81/157]
[  49/157   25/157    9/157    1/157    1/157    9/157   25/157   49/157   81/157  121/157  169/157  225/157  289/157  361/157  441/157]
[ 529/157  625/157  729/157  841/157  961/157 1089/157 1225/157 1369/157 1521/157 1367/157 1221/157 1083/157  953/157  831/157  717/157]
[ 611/157  513/157  423/157  341/157  267/157  201/157  143/157   93/157   51/157   17/157   -9/157  -27/157  -37/157  -39/157  -33/157]
[ -19/157    3/157   33/157   71/157  117/157  171/157  233/157  303/157  381/157  467/157  561/157  663/157  773/157  891/157 1017/157]
[1151/157 1293/157 1443/157 1287/157 1139/157  999/157  867/157  743/157  627/157  519/157  419/157  327/157  243/157  167/157   99/157]
[  39/157  -13/157  -57/157  -93/157 -121/157 -141/157 -153/157        0        0        0        0        0        0        0        0]
---------------------------
SUCCESS for name = 13a2859
---------------------------
