12a199
Correction terms
[      -1   -9/245  209/245  -81/245  101/245   -45/49  -79/245      1/5  159/245  251/245   -33/49 -109/245  -71/245  -51/245     -1/5]
[  -13/49  -99/245 -151/245  269/245  181/245    15/49     -1/5 -191/245  139/245  -39/245    51/49   41/245 -191/245      1/5 -219/245]
[   -3/49  171/245 -151/245   -1/245  131/245        1 -149/245  -71/245  -11/245   31/245    11/49   61/245      1/5   19/245  -29/245]
[  -19/49 -179/245  209/245   89/245     -1/5    57/49  111/245  -81/245 -291/245  -29/245    43/49     -1/5  159/245 -141/245   31/245]
[   37/49 -169/245  -51/245      1/5  131/245    39/49  241/245  269/245 -211/245 -219/245       -1  201/245  139/245   59/245  -39/245]
[  -31/49  201/245      1/5 -121/245  181/245    -5/49  241/245   -1/245  229/245     -1/5   -69/49 -169/245  -11/245  129/245  251/245]
[  -27/49     -1/5   19/245   69/245  101/245    23/49  111/245   89/245      1/5   -9/245   -17/49 -179/245 -291/245   69/245  -79/245]
[       1   61/245 -141/245  129/245 -109/245    25/49 -149/245      1/5  229/245  -99/245     9/49  171/245 -211/245 -121/245     -1/5]
[    1/49   41/245   59/245   59/245   41/245     1/49     -1/5 -121/245 -211/245  171/245     9/49  -99/245  229/245      1/5 -149/245]
[   25/49 -109/245  129/245 -141/245   61/245        1  -79/245   69/245 -291/245 -179/245   -17/49   -9/245      1/5   89/245  111/245]
[   23/49  101/245   69/245   19/245     -1/5   -27/49  251/245  129/245  -11/245 -169/245   -69/49     -1/5  229/245   -1/245  241/245]
[   -5/49  181/245 -121/245      1/5  201/245   -31/49  -39/245   59/245  139/245  201/245       -1 -219/245 -211/245  269/245  241/245]
[   39/49  131/245      1/5  -51/245 -169/245    37/49   31/245 -141/245  159/245     -1/5    43/49  -29/245 -291/245  -81/245  111/245]
[   57/49     -1/5   89/245  209/245 -179/245   -19/49  -29/245   19/245      1/5   61/245    11/49   31/245  -11/245  -71/245 -149/245]
[       1  131/245   -1/245 -151/245  171/245    -3/49 -219/245      1/5 -191/245   41/245    51/49  -39/245  139/245 -191/245     -1/5]
[   15/49  181/245  269/245 -151/245  -99/245   -13/49     -1/5  -51/245  -71/245 -109/245   -33/49  251/245  159/245      1/5  -79/245]
[  -45/49  101/245  -81/245  209/245   -9/245        0        0        0        0        0        0        0        0        0        0]
Testing obstruction for
m1: 4, m2: 18,a: 0
Obstructed by Z^n/Q not being cyclic
Testing obstruction for
m1: 2, m2: 42,a: 1
[      -1 -239/245 -221/245 -191/245 -149/245   -19/49  -29/245      1/5  139/245  241/245    71/49  481/245  619/245  769/245     19/5]
[  221/49 1291/245 1489/245 1699/245 1921/245   431/49     49/5 2169/245 1949/245 1741/245   309/49 1361/245 1189/245     21/5  881/245]
[  149/49  621/245  509/245  409/245  321/245        1  181/245  129/245   89/245   61/245     9/49   41/245      1/5   69/245  101/245]
[   29/49  201/245  269/245  349/245      9/5   109/49  661/245  789/245  929/245 1081/245   249/49     29/5 1609/245 1809/245 2021/245]
[  449/49 2481/245 2239/245     41/5 1791/245   317/49 1391/245 1209/245 1039/245  881/245        3  601/245  479/245  369/245  271/245]
[   37/49  111/245      1/5   -1/245  -39/245   -13/49  -79/245  -81/245  -71/245     -1/5    -3/49   31/245   89/245  159/245  241/245]
[   67/49      9/5  559/245  689/245  831/245   197/49 1151/245 1329/245     31/5 1721/245   387/49 2161/245 2399/245 2159/245 1931/245]
[       7 1511/245 1319/245 1139/245  971/245   163/49  671/245     11/5  419/245  311/245    43/49  131/245   59/245   -1/245     -1/5]
[  -17/49 -109/245 -121/245 -121/245 -109/245   -17/49     -1/5   -1/245   59/245  131/245    43/49  311/245  419/245     11/5  671/245]
[  163/49  971/245 1139/245 1319/245 1511/245        7 1931/245 2159/245 2399/245 2161/245   387/49 1721/245     31/5 1329/245 1151/245]
[  197/49  831/245  689/245  559/245      9/5    67/49  241/245  159/245   89/245   31/245    -3/49     -1/5  -71/245  -81/245  -79/245]
[  -13/49  -39/245   -1/245      1/5  111/245    37/49  271/245  369/245  479/245  601/245        3  881/245 1039/245 1209/245 1391/245]
[  317/49 1791/245     41/5 2239/245 2481/245   449/49 2021/245 1809/245 1609/245     29/5   249/49 1081/245  929/245  789/245  661/245]
[  109/49      9/5  349/245  269/245  201/245    29/49  101/245   69/245      1/5   41/245     9/49   61/245   89/245  129/245  181/245]
[       1  321/245  409/245  509/245  621/245   149/49  881/245     21/5 1189/245 1361/245   309/49 1741/245 1949/245 2169/245     49/5]
[  431/49 1921/245 1699/245 1489/245 1291/245   221/49     19/5  769/245  619/245  481/245    71/49  241/245  139/245      1/5  -29/245]
[  -19/49 -149/245 -191/245 -221/245 -239/245        0        0        0        0        0        0        0        0        0        0]
Testing obstruction for
m1: 8, m2: 12,a: 5
[      -1 -209/245 -101/245   79/245  331/245    33/49   71/245      1/5   99/245  221/245    83/49  681/245  529/245  449/245      9/5]
[  101/49  641/245  359/245  149/245   11/245   -11/49     -1/5   29/245  179/245  401/245    41/49   81/245   29/245      1/5  141/245]
[   61/49  541/245  359/245  249/245  211/245        1  351/245  529/245  289/245  121/245     5/49    1/245      1/5  169/245  361/245]
[   27/49  -19/245 -101/245 -111/245     -1/5    17/49  291/245   79/245  -61/245 -129/245   -25/49     -1/5   99/245  319/245  611/245]
[   97/49  431/245  449/245     11/5  701/245    89/49  261/245  149/245  109/245  141/245        1  421/245  179/245    9/245  -89/245]
[  -23/49  -69/245      1/5  239/245  501/245    69/49  261/245  249/245  309/245      9/5   129/49  431/245  289/245  219/245  221/245]
[   59/49      9/5  169/245  -31/245 -159/245   -43/49 -199/245 -111/245      1/5  281/245    19/49  -19/245  -61/245  -31/245   71/245]
[       1  491/245  319/245  219/245  191/245    47/49  351/245     11/5  309/245  151/245    13/49   51/245  109/245  239/245      9/5]
[   45/49   81/245    9/245    9/245   81/245    45/49      9/5  239/245  109/245   51/245    13/49  151/245  309/245     11/5  351/245]
[   47/49  191/245  219/245  319/245  491/245        1   71/245  -31/245  -61/245  -19/245    19/49  281/245      1/5 -111/245 -199/245]
[  -43/49 -159/245  -31/245  169/245      9/5    59/49  221/245  219/245  289/245  431/245   129/49      9/5  309/245  249/245  261/245]
[   69/49  501/245  239/245      1/5  -69/245   -23/49  -89/245    9/245  179/245  421/245        1  141/245  109/245  149/245  261/245]
[   89/49  701/245     11/5  449/245  431/245    97/49  611/245  319/245   99/245     -1/5   -25/49 -129/245  -61/245   79/245  291/245]
[   17/49     -1/5 -111/245 -101/245  -19/245    27/49  361/245  169/245      1/5    1/245     5/49  121/245  289/245  529/245  351/245]
[       1  211/245  249/245  359/245  541/245    61/49  141/245      1/5   29/245   81/245    41/49  401/245  179/245   29/245     -1/5]
[  -11/49   11/245  149/245  359/245  641/245   101/49      9/5  449/245  529/245  681/245    83/49  221/245   99/245      1/5   71/245]
[   33/49  331/245   79/245 -101/245 -209/245        0        0        0        0        0        0        0        0        0        0]
Testing obstruction for
m1: 14, m2: 14,a: 11
[      -1 -191/245  -29/245  241/245  129/245    25/49  229/245      9/5  271/245  209/245    51/49  409/245  671/245  551/245     11/5]
[  127/49  349/245  171/245  101/245  139/245    57/49      1/5  -79/245  -99/245  -11/245    37/49   -1/245  -79/245     -1/5   89/245]
[   67/49  199/245  171/245  251/245  439/245        3  649/245  671/245  801/245  549/245    81/49  369/245      9/5  131/245  -71/245]
[  -33/49 -151/245  -29/245  201/245      1/5     1/49   69/245  241/245   31/245  -71/245   -13/49      1/5  271/245  601/245  549/245]
[  121/49  769/245  551/245      9/5  439/245   109/49  269/245  101/245   41/245   89/245        1   19/245  -99/245 -109/245  -11/245]
[   39/49   19/245     -1/5   -9/245  139/245    79/49  269/245  251/245  341/245     11/5   169/49  769/245  801/245  451/245  209/245]
[   15/49      1/5  131/245  321/245  129/245     9/49   69/245  201/245     -1/5 -191/245   -45/49 -151/245   31/245  321/245  229/245]
[       1  369/245  601/245  451/245  409/245    95/49  649/245      9/5  341/245  349/245    93/49  199/245   41/245   -9/245      1/5]
[   43/49   -1/245 -109/245 -109/245   -1/245    43/49      1/5   -9/245   41/245  199/245    93/49  349/245  341/245      9/5  649/245]
[   95/49  409/245  451/245  601/245  369/245        1  229/245  321/245   31/245 -151/245   -45/49 -191/245     -1/5  201/245   69/245]
[    9/49  129/245  321/245  131/245      1/5    15/49  209/245  451/245  801/245  769/245   169/49     11/5  341/245  251/245  269/245]
[   79/49  139/245   -9/245     -1/5   19/245    39/49  -11/245 -109/245  -99/245   19/245        1   89/245   41/245  101/245  269/245]
[  109/49  439/245      9/5  551/245  769/245   121/49  549/245  601/245  271/245      1/5   -13/49  -71/245   31/245  241/245   69/245]
[    1/49      1/5  201/245  -29/245 -151/245   -33/49  -71/245  131/245      9/5  369/245    81/49  549/245  801/245  671/245  649/245]
[       3  439/245  251/245  171/245  199/245    67/49   89/245     -1/5  -79/245   -1/245    37/49  -11/245  -99/245  -79/245      1/5]
[   57/49  139/245  101/245  171/245  349/245   127/49     11/5  551/245  671/245  409/245    51/49  209/245  271/245      9/5  229/245]
[   25/49  129/245  241/245  -29/245 -191/245        0        0        0        0        0        0        0        0        0        0]
Unobstructed
22
---------------------------
---------------------------
12a231
Correction terms
[      -1   19/213 -137/213    57/71   91/213   49/213    15/71   79/213  151/213    87/71  -17/213  169/213   -11/71  229/213  103/213]
[    5/71  -35/213  -47/213    -7/71   43/213  145/213   -47/71   37/213 -173/213    27/71  -53/213 -149/213   -69/71 -227/213 -209/213]
[  -51/71  -59/213   73/213   -61/71   25/213 -155/213    43/71   25/213  -41/213   -23/71  -59/213  -11/213    25/71 -227/213  -65/213]
[  -97/71  -53/213 -203/213    37/71   37/213    1/213     1/71   43/213  121/213    79/71  -35/213  157/213   -13/71  229/213  109/213]
[    9/71  -17/213  -23/213     3/71   79/213  187/213   -31/71   91/213 -113/213    49/71   19/213     -1/3   -41/71 -137/213 -113/213]
[  -17/71   49/213  187/213   -21/71  151/213  -23/213    89/71  169/213  109/213    29/71  103/213  157/213    83/71  -47/213  121/213]
[  -33/71  145/213    1/213   -35/71 -173/213 -203/213   -65/71 -149/213  -65/213    19/71 -209/213  -11/213   -67/71   73/213  -41/213]
[  -39/71 -155/213 -155/213   -39/71  -41/213   73/213   -67/71  -11/213 -209/213    19/71  -65/213 -149/213   -65/71 -203/213 -173/213]
[  -35/71    1/213  145/213   -33/71  121/213  -47/213    83/71  157/213  103/213    29/71  109/213  169/213    89/71  -23/213  151/213]
[  -21/71  187/213   49/213   -17/71 -113/213 -137/213   -41/71     -1/3   19/213    49/71 -113/213   91/213   -31/71  187/213   79/213]
[    3/71  -23/213  -17/213     9/71  109/213  229/213   -13/71  157/213  -35/213    79/71  121/213   43/213     1/71    1/213   37/213]
[   37/71 -203/213  -53/213   -97/71  -65/213 -227/213    25/71  -11/213  -59/213   -23/71  -41/213   25/213    43/71 -155/213   25/213]
[  -61/71   73/213  -59/213   -51/71 -209/213 -227/213   -69/71 -149/213  -53/213    27/71 -173/213   37/213   -47/71  145/213   43/213]
[   -7/71  -47/213  -35/213     5/71  103/213  229/213   -11/71  169/213  -17/213    87/71  151/213   79/213    15/71   49/213   91/213]
[   57/71 -137/213   19/213        0        0        0        0        0        0        0        0        0        0        0        0]
Testing obstruction for
m1: 2, m2: 36,a: 0
[      -1  -65/213  -47/213   -53/71   25/213   79/213     1/71  223/213  313/213    91/71  529/213  655/213   217/71  943/213 1105/213]
[  379/71 1465/213 1663/213   577/71 1669/213 1477/213   385/71 1129/213  973/213   229/71  697/213  577/213   109/71  373/213  289/213]
[   25/71  157/213  109/213   -23/71   49/213   37/213   -35/71   49/213   73/213   -11/71  157/213  217/213    49/71  373/213  469/213]
[  145/71  697/213  829/213   277/71 1129/213 1297/213   445/71 1669/213 1873/213   507/71 1465/213 1279/213   321/71  943/213  793/213]
[  171/71  529/213  415/213    57/71  223/213  145/213   -21/71   25/213  -17/213   -63/71  -65/213     -1/3   -69/71  -47/213  -17/213]
[  -39/71   79/213  145/213    27/71  313/213  415/213   129/71  655/213  793/213   267/71 1105/213 1279/213   441/71 1663/213 1873/213]
[  509/71 1477/213 1297/213   329/71  973/213  829/213   185/71  577/213  469/213    77/71  289/213  217/213     5/71  109/213   73/213]
[  -31/71   37/213   37/213   -31/71   73/213  109/213     5/71  217/213  289/213    77/71  469/213  577/213   185/71  829/213  973/213]
[  329/71 1297/213 1477/213   509/71 1873/213 1663/213   441/71 1279/213 1105/213   267/71  793/213  655/213   129/71  415/213  313/213]
[   27/71  145/213   79/213   -39/71  -17/213  -47/213   -69/71     -1/3  -65/213   -63/71  -17/213   25/213   -21/71  145/213  223/213]
[   57/71  415/213  529/213   171/71  793/213  943/213   321/71 1279/213 1465/213   507/71 1873/213 1669/213   445/71 1297/213 1129/213]
[  277/71  829/213  697/213   145/71  469/213  373/213    49/71  217/213  157/213   -11/71   73/213   49/213   -35/71   37/213   49/213]
[  -23/71  109/213  157/213    25/71  289/213  373/213   109/71  577/213  697/213   229/71  973/213 1129/213   385/71 1477/213 1669/213]
[  577/71 1663/213 1465/213   379/71 1105/213  943/213   217/71  655/213  529/213    91/71  313/213  223/213     1/71   79/213   25/213]
[  -53/71  -47/213  -65/213        0        0        0        0        0        0        0        0        0        0        0        0]
[-65/213, -47/213, -53/71]
44 [-65/213, -47/213, 89/71]
[-65/213, -47/213, -53/71]
98 [-65/213, -47/213, 89/71]
Testing obstruction for
m1: 4, m2: 16,a: 1
[      -1 -199/213 -157/213   -29/71   11/213  137/213    97/71  473/213  683/213   165/71  335/213  203/213    33/71   23/213  -25/213]
[  -15/71  -37/213   -1/213    21/71  155/213  275/213   141/71  599/213  803/213   203/71  443/213  305/213    65/71  113/213   59/213]
[   11/71   35/213   65/213    41/71  209/213  323/213   155/71  635/213  833/213   211/71  461/213  317/213    67/71  113/213   53/213]
[    7/71   17/213   41/213    31/71  173/213  281/213   139/71  581/213  773/213   189/71  389/213  239/213    39/71   23/213  -43/213]
[  -27/71  -91/213  -73/213    -9/71   47/213  149/213    93/71  437/213  623/213   279/71  653/213      7/3   123/71  269/213  197/213]
[   51/71  137/213  149/213    63/71  257/213  353/213   159/71  629/213  809/213   197/71  401/213  239/213    35/71   -1/213  -79/213]
[  -43/71 -151/213 -145/213   -37/71  -49/213   41/213    53/71  305/213  479/213   227/71  485/213  317/213    59/71   65/213  -19/213]
[  -25/71 -103/213 -103/213   -25/71  -19/213   65/213    59/71  317/213  485/213   227/71  479/213  305/213    53/71   41/213  -49/213]
[  -37/71 -145/213 -151/213   -43/71  -79/213   -1/213    35/71  239/213  401/213   197/71  809/213  629/213   159/71  353/213  257/213]
[   63/71  149/213  137/213    51/71  197/213  269/213   123/71      7/3  653/213   279/71  623/213  437/213    93/71  149/213   47/213]
[   -9/71  -73/213  -91/213   -27/71  -43/213   23/213    39/71  239/213  389/213   189/71  773/213  581/213   139/71  281/213  173/213]
[   31/71   41/213   17/213     7/71   53/213  113/213    67/71  317/213  461/213   211/71  833/213  635/213   155/71  323/213  209/213]
[   41/71   65/213   35/213    11/71   59/213  113/213    65/71  305/213  443/213   203/71  803/213  599/213   141/71  275/213  155/213]
[   21/71   -1/213  -37/213   -15/71  -25/213   23/213    33/71  203/213  335/213   165/71  683/213  473/213    97/71  137/213   11/213]
[  -29/71 -157/213 -199/213        0        0        0        0        0        0        0        0        0        0        0        0]
Testing obstruction for
m1: 54, m2: 54,a: 53
[      -1 -209/213 -197/213   -59/71 -149/213 -113/213   -23/71  -17/213   43/213    37/71  187/213  271/213   121/71  463/213  571/213]
[  229/71  811/213  943/213   361/71 1231/213 1387/213   517/71 1723/213 1903/213   697/71 2287/213 2491/213   901/71 2497/213 2299/213]
[  703/71 1927/213 1753/213   529/71 1429/213 1279/213   379/71 1003/213  877/213   253/71  649/213  547/213   151/71  367/213  289/213]
[   73/71  157/213  103/213    19/71   19/213  -11/213   -11/71  -47/213  -53/213   -17/71  -41/213  -23/213     1/71   37/213   79/213]
[   43/71  187/213  253/213   109/71  409/213  499/213   199/71  703/213  817/213   313/71 1069/213     17/3   451/71 1507/213 1669/213]
[  613/71 2017/213 2203/213   799/71 2599/213 2809/213   867/71 2401/213 2209/213   675/71 1849/213 1681/213   507/71 1369/213 1225/213]
[  363/71  961/213  841/213   243/71  625/213  529/213   147/71  361/213  289/213    75/71  169/213  121/213    27/71   49/213   25/213]
[    3/71    1/213    1/213     3/71   25/213   49/213    27/71  121/213  169/213    75/71  289/213  361/213   147/71  529/213  625/213]
[  243/71  841/213  961/213   363/71 1225/213 1369/213   507/71 1681/213 1849/213   675/71 2209/213 2401/213   867/71 2809/213 2599/213]
[  799/71 2203/213 2017/213   613/71 1669/213 1507/213   451/71     17/3 1069/213   313/71  817/213  703/213   199/71  499/213  409/213]
[  109/71  253/213  187/213    43/71   79/213   37/213     1/71  -23/213  -41/213   -17/71  -53/213  -47/213   -11/71  -11/213   19/213]
[   19/71  103/213  157/213    73/71  289/213  367/213   151/71  547/213  649/213   253/71  877/213 1003/213   379/71 1279/213 1429/213]
[  529/71 1753/213 1927/213   703/71 2299/213 2497/213   901/71 2491/213 2287/213   697/71 1903/213 1723/213   517/71 1387/213 1231/213]
[  361/71  943/213  811/213   229/71  571/213  463/213   121/71  271/213  187/213    37/71   43/213  -17/213   -23/71 -113/213 -149/213]
[  -59/71 -197/213 -209/213        0        0        0        0        0        0        0        0        0        0        0        0]
[-209/213, -197/213]
29 [-209/213, 229/213]
[-209/213, -197/213]
100 [-209/213, 229/213]
---------------------------
SUCCESS for name = 12a231
---------------------------
12a238
Correction terms
[      -1   37/149   -1/149   35/149  145/149   31/149   -9/149   25/149  133/149   17/149  -25/149    7/149  113/149   -5/149  -49/149]
[ -19/149 -213/149  -35/149  -81/149  -53/149   49/149  -73/149 -121/149  -95/149    5/149 -119/149  129/149  153/149  -47/149  125/149]
[  73/149   95/149 -107/149   63/149    9/149   29/149  123/149   -7/149  -63/149  -45/149   47/149  -85/149  155/149  171/149  -37/149]
[ 127/149   67/149   81/149 -129/149   33/149  -29/149  -17/149   69/149  -69/149 -133/149 -123/149  -39/149 -179/149   53/149   61/149]
[-155/149    1/149  -67/149  -61/149   19/149  173/149  103/149  107/149  185/149   39/149  -33/149  -31/149   45/149 -103/149  121/149]
[ 121/149 -103/149   45/149  -31/149  -33/149   39/149  185/149  107/149  103/149  173/149   19/149  -61/149  -67/149    1/149 -155/149]
[  61/149   53/149 -179/149  -39/149 -123/149 -133/149  -69/149   69/149  -17/149  -29/149   33/149 -129/149   81/149   67/149  127/149]
[ -37/149  171/149  155/149  -85/149   47/149  -45/149  -63/149   -7/149  123/149   29/149    9/149   63/149 -107/149   95/149   73/149]
[ 125/149  -47/149  153/149  129/149 -119/149    5/149  -95/149 -121/149  -73/149   49/149  -53/149  -81/149  -35/149 -213/149  -19/149]
[ -49/149   -5/149  113/149    7/149  -25/149   17/149  133/149   25/149   -9/149   31/149  145/149   35/149   -1/149   37/149        0]
Testing obstruction for
m1: 2, m2: 26,a: 1
[      -1 -143/149 -125/149  -95/149  -53/149    1/149   67/149  145/149  235/149  337/149  451/149  577/149  715/149  865/149  729/149]
[ 605/149  493/149  393/149  305/149  229/149  165/149  113/149   73/149   45/149   29/149   25/149   33/149   53/149   85/149  129/149]
[ 185/149  253/149  333/149  425/149  529/149  645/149  773/149  913/149  767/149  633/149  511/149  401/149  303/149  217/149  143/149]
[  81/149   31/149   -7/149  -33/149  -47/149  -49/149  -39/149  -17/149   17/149   63/149  121/149  191/149  273/149  367/149  473/149]
[ 591/149  721/149  863/149  719/149  587/149  467/149  359/149  263/149  179/149  107/149   47/149   -1/149  -37/149  -61/149  -73/149]
[ -73/149  -61/149  -37/149   -1/149   47/149  107/149  179/149  263/149  359/149  467/149  587/149  719/149  863/149  721/149  591/149]
[ 473/149  367/149  273/149  191/149  121/149   63/149   17/149  -17/149  -39/149  -49/149  -47/149  -33/149   -7/149   31/149   81/149]
[ 143/149  217/149  303/149  401/149  511/149  633/149  767/149  913/149  773/149  645/149  529/149  425/149  333/149  253/149  185/149]
[ 129/149   85/149   53/149   33/149   25/149   29/149   45/149   73/149  113/149  165/149  229/149  305/149  393/149  493/149  605/149]
[ 729/149  865/149  715/149  577/149  451/149  337/149  235/149  145/149   67/149    1/149  -53/149  -95/149 -125/149 -143/149        0]
Testing obstruction for
m1: 6, m2: 8,a: 2
[      -1 -127/149  -61/149   49/149  203/149  103/149   47/149   35/149   67/149  143/149  263/149  129/149   39/149   -7/149   -9/149]
[  33/149  119/149  249/149  125/149   45/149    9/149   17/149   69/149  165/149  305/149  191/149  121/149   95/149  113/149  175/149]
[ 281/149  133/149   29/149  -31/149  -47/149  -19/149   53/149  169/149   31/149  -63/149 -113/149 -119/149  -81/149    1/149  127/149]
[ 297/149  213/149  173/149  177/149  225/149  317/149  155/149   37/149  -37/149  -67/149  -53/149    5/149  107/149  253/149  145/149]
[  81/149   61/149   85/149  153/149  265/149  123/149   25/149  -29/149  -39/149   -5/149   73/149  195/149   63/149  -25/149  -69/149]
[ -69/149  -25/149   63/149  195/149   73/149   -5/149  -39/149  -29/149   25/149  123/149  265/149  153/149   85/149   61/149   81/149]
[ 145/149  253/149  107/149    5/149  -53/149  -67/149  -37/149   37/149  155/149  317/149  225/149  177/149  173/149  213/149  297/149]
[ 127/149    1/149  -81/149 -119/149 -113/149  -63/149   31/149  169/149   53/149  -19/149  -47/149  -31/149   29/149  133/149  281/149]
[ 175/149  113/149   95/149  121/149  191/149  305/149  165/149   69/149   17/149    9/149   45/149  125/149  249/149  119/149   33/149]
[  -9/149   -7/149   39/149  129/149  263/149  143/149   67/149   35/149   47/149  103/149  203/149   49/149  -61/149 -127/149        0]
Testing obstruction for
m1: 8, m2: 12,a: 7
[      -1 -129/149  -69/149   31/149  171/149   53/149  -25/149  -63/149  -61/149  -19/149   63/149  185/149   49/149  -47/149 -103/149]
[-119/149  -95/149  -31/149   73/149  217/149  103/149   29/149   -5/149    1/149   47/149  133/149  259/149  127/149   35/149  -17/149]
[ -29/149   -1/149   67/149  175/149  323/149  213/149  143/149  113/149  123/149  173/149  263/149  393/149  265/149  177/149  129/149]
[ 121/149  153/149  225/149  337/149  191/149   85/149   19/149   -7/149    7/149   61/149  155/149  289/149  165/149   81/149   37/149]
[  33/149   69/149  145/149  261/149  119/149   17/149  -45/149  -67/149  -49/149    9/149  107/149  245/149  125/149   45/149    5/149]
[   5/149   45/149  125/149  245/149  107/149    9/149  -49/149  -67/149  -45/149   17/149  119/149  261/149  145/149   69/149   33/149]
[  37/149   81/149  165/149  289/149  155/149   61/149    7/149   -7/149   19/149   85/149  191/149  337/149  225/149  153/149  121/149]
[ 129/149  177/149  265/149  393/149  263/149  173/149  123/149  113/149  143/149  213/149  323/149  175/149   67/149   -1/149  -29/149]
[ -17/149   35/149  127/149  259/149  133/149   47/149    1/149   -5/149   29/149  103/149  217/149   73/149  -31/149  -95/149 -119/149]
[-103/149  -47/149   49/149  185/149   63/149  -19/149  -61/149  -63/149  -25/149   53/149  171/149   31/149  -69/149 -129/149        0]
Unobstructed
48
---------------------------
---------------------------
12a254
Correction terms
[     -1  -59/97   55/97   51/97  -71/97   77/97  107/97   19/97    7/97 -123/97   17/97   39/97  -57/97  -77/97  -21/97]
[ 111/97  125/97   21/97   -7/97   41/97  -29/97  -23/97 -135/97   23/97   63/97  -15/97  -17/97   57/97   13/97   45/97]
[ -41/97  -51/97   15/97  -37/97  -13/97 -107/97   69/97  127/97   67/97   83/97  -19/97  -45/97    5/97  -63/97  -55/97]
[  29/97   -5/97   37/97  -39/97  -39/97   37/97   -5/97   29/97  -55/97  -63/97    5/97  -45/97  -19/97   83/97   67/97]
[ 127/97   69/97 -107/97  -13/97  -37/97   15/97  -51/97  -41/97   45/97   13/97   57/97  -17/97  -15/97   63/97   23/97]
[-135/97  -23/97  -29/97   41/97   -7/97   21/97  125/97  111/97  -21/97  -77/97  -57/97   39/97   17/97 -123/97    7/97]
[  19/97  107/97   77/97  -71/97   51/97   55/97  -59/97       0       0       0       0       0       0       0       0]
Testing obstruction for
m1: 4, m2: 10,a: 3
[    -1 -83/97 -41/97  29/97 127/97  59/97  19/97   7/97  23/97  67/97 139/97  45/97 -21/97 -59/97 -69/97]
[-51/97  -5/97  69/97 171/97 107/97  71/97  63/97  83/97 131/97 207/97 117/97  55/97  21/97  15/97  37/97]
[ 87/97 165/97  77/97  17/97 -15/97 -19/97   5/97  57/97 137/97  51/97  -7/97 -37/97 -39/97 -13/97  41/97]
[123/97  39/97 -17/97 -45/97 -45/97 -17/97  39/97 123/97  41/97 -13/97 -39/97 -37/97  -7/97  51/97 137/97]
[ 57/97   5/97 -19/97 -15/97  17/97  77/97 165/97  87/97  37/97  15/97  21/97  55/97 117/97 207/97 131/97]
[ 83/97  63/97  71/97 107/97 171/97  69/97  -5/97 -51/97 -69/97 -59/97 -21/97  45/97 139/97  67/97  23/97]
[  7/97  19/97  59/97 127/97  29/97 -41/97 -83/97      0      0      0      0      0      0      0      0]
---------------------------
SUCCESS for name = 12a254
---------------------------
12a269
Correction terms
[      -1  -29/153   37/153     5/17   -5/153 -113/153     3/17 -197/153  133/153    11/17    7/153 -143/153    -5/17   -5/153  -23/153]
[  -11/17   73/153     -7/9    -7/17  -65/153  181/153     7/17 -113/153  -41/153    -3/17  -71/153  133/153    -3/17   61/153 -215/153]
[    7/17  -23/153  139/153    -7/17     -1/9  -29/153   -11/17   79/153  199/153    -5/17  -41/153  -95/153    11/17  -71/153    7/153]
[    3/17  -11/153 -107/153     5/17  139/153  175/153       -1   73/153  -65/153     5/17   97/153   91/153     3/17  -95/153   31/153]
[   11/17  109/153   61/153    -5/17   97/153 -125/153   -11/17  175/153      5/9    -7/17   37/153   79/153     7/17  -11/153  163/153]
[   -3/17   31/153   31/153    -3/17  163/153  -11/153     7/17   79/153   37/153    -7/17      5/9  175/153   -11/17 -125/153   97/153]
[   -5/17   61/153  109/153    11/17   31/153  -95/153     3/17   91/153   97/153     5/17  -65/153   73/153       -1  175/153  139/153]
[    5/17 -107/153  -11/153     3/17    7/153  -71/153    11/17  -95/153  -41/153    -5/17  199/153   79/153   -11/17  -29/153     -1/9]
[   -7/17  139/153  -23/153     7/17 -215/153   61/153    -3/17  133/153  -71/153    -3/17  -41/153 -113/153     7/17  181/153  -65/153]
[   -7/17     -7/9   73/153   -11/17  -23/153   -5/153    -5/17 -143/153    7/153    11/17  133/153 -197/153     3/17 -113/153   -5/153]
[    5/17   37/153  -29/153        0        0        0        0        0        0        0        0        0        0        0        0]
Testing obstruction for
m1: 2, m2: 26,a: 0
Obstructed by Z^n/Q not being cyclic
Testing obstruction for
m1: 4, m2: 14,a: 3
[      -1 -139/153  -97/153    -3/17   71/153  197/153    39/17  227/153  131/153     7/17   23/153   11/153     3/17   71/153  143/153]
[   27/17  371/153     13/9    11/17    5/153  -61/153   -11/17 -109/153  -91/153    -5/17   29/153  131/153    29/17  419/153  299/153]
[   23/17  143/153  107/153    11/17      7/9  167/153    27/17  347/153  479/153    37/17  215/153  125/153     7/17   29/153   23/153]
[    5/17   95/153  173/153    31/17  413/153  269/153        1   65/153    5/153    -3/17  -31/153   -7/153     5/17  125/153  233/153]
[   41/17  227/153  113/153     3/17  -31/153  -61/153    -7/17  -37/153      1/9    11/17  209/153  347/153    23/17   95/153   11/153]
[   -5/17  -73/153  -73/153    -5/17   11/153   95/153    23/17  347/153  209/153    11/17      1/9  -37/153    -7/17  -61/153  -31/153]
[    3/17  113/153  227/153    41/17  233/153  125/153     5/17   -7/153  -31/153    -3/17    5/153   65/153        1  269/153  413/153]
[   31/17  173/153   95/153     5/17   23/153   29/153     7/17  125/153  215/153    37/17  479/153  347/153    27/17  167/153      7/9]
[   11/17  107/153  143/153    23/17  299/153  419/153    29/17  131/153   29/153    -5/17  -91/153 -109/153   -11/17  -61/153    5/153]
[   11/17     13/9  371/153    27/17  143/153   71/153     3/17   11/153   23/153     7/17  131/153  227/153    39/17  197/153   71/153]
[   -3/17  -97/153 -139/153        0        0        0        0        0        0        0        0        0        0        0        0]
Testing obstruction for
m1: 6, m2: 12,a: 5
[      -1 -131/153  -65/153     5/17  199/153   91/153     3/17    7/153   31/153    11/17  211/153   61/153    -5/17 -107/153 -125/153]
[  -11/17  -29/153      5/9    27/17  139/153   79/153     7/17   91/153  163/153    31/17  133/153   31/153    -3/17  -41/153  -11/153]
[    7/17  181/153  343/153    27/17     11/9  175/153    23/17  283/153  403/153    29/17  163/153  109/153    11/17  133/153  211/153]
[   37/17  193/153   97/153     5/17   37/153   73/153        1  277/153  139/153     5/17   -5/153  -11/153     3/17  109/153  235/153]
[   11/17    7/153  -41/153    -5/17   -5/153   79/153    23/17   73/153     -1/9    -7/17  -65/153  -23/153     7/17  193/153   61/153]
[   -3/17  -71/153  -71/153    -3/17   61/153  193/153     7/17  -23/153  -65/153    -7/17     -1/9   73/153    23/17   79/153   -5/153]
[   -5/17  -41/153    7/153    11/17  235/153  109/153     3/17  -11/153   -5/153     5/17  139/153  277/153        1   73/153   37/153]
[    5/17   97/153  193/153    37/17  211/153  133/153    11/17  109/153  163/153    29/17  403/153  283/153    23/17  175/153     11/9]
[   27/17  343/153  181/153     7/17  -11/153  -41/153    -3/17   31/153  133/153    31/17  163/153   91/153     7/17   79/153  139/153]
[   27/17      5/9  -29/153   -11/17 -125/153 -107/153    -5/17   61/153  211/153    11/17   31/153    7/153     3/17   91/153  199/153]
[    5/17  -65/153 -131/153        0        0        0        0        0        0        0        0        0        0        0        0]
Testing obstruction for
m1: 14, m2: 14,a: 12
Obstructed by Z^n/Q not being cyclic
---------------------------
SUCCESS for name = 12a269
---------------------------
