13a4617
Correction terms
[      -1   -9/221 -257/221  -81/221   77/221  217/221 -103/221    1/221   87/221  155/221 -237/221 -205/221 -191/221   -15/17 -217/221]
[-257/221  127/221     3/13  -43/221 -155/221  157/221    9/221 -157/221  101/221 -101/221 -321/221    -9/17   69/221 -205/221  -55/221]
[  77/221 -251/221 -155/221  -77/221    -1/13   25/221   49/221   55/221   43/221     1/17  -35/221 -101/221 -185/221 -287/221   35/221]
[-103/221 -259/221    9/221  259/221   49/221 -179/221     1/13    15/17  -87/221 -387/221 -263/221 -157/221  -69/221    1/221   53/221]
[  87/221  103/221  101/221   81/221   43/221    -1/17  -87/221 -179/221   -17/13   25/221 -121/221 -285/221  -25/221  217/221   -1/221]
[-237/221  -49/221  121/221   -13/17  -35/221   81/221 -263/221 -183/221 -121/221  -77/221    -3/13  -43/221  -53/221  -81/221 -127/221]
[-191/221    13/17   69/221  -49/221 -185/221  103/221  -69/221 -259/221  -25/221 -251/221  -53/221  127/221    -9/13   -9/221     9/17]
[ 225/221 -127/221  -55/221   -1/221   35/221 -389/221 -389/221   35/221   -1/221  -55/221 -127/221  225/221     9/17   -9/221    -9/13]
[ 127/221  -53/221 -251/221  -25/221 -259/221  -69/221  103/221 -185/221  -49/221   69/221    13/17 -191/221 -127/221  -81/221  -53/221]
[ -43/221    -3/13  -77/221 -121/221 -183/221 -263/221   81/221  -35/221   -13/17  121/221  -49/221 -237/221   -1/221  217/221  -25/221]
[-285/221 -121/221   25/221   -17/13 -179/221  -87/221    -1/17   43/221   81/221  101/221  103/221   87/221   53/221    1/221  -69/221]
[-157/221 -263/221 -387/221  -87/221    15/17     1/13 -179/221   49/221  259/221    9/221 -259/221 -103/221   35/221 -287/221 -185/221]
[-101/221  -35/221     1/17   43/221   55/221   49/221   25/221    -1/13  -77/221 -155/221 -251/221   77/221  -55/221 -205/221   69/221]
[   -9/17 -321/221 -101/221  101/221 -157/221    9/221  157/221 -155/221  -43/221     3/13  127/221 -257/221 -217/221   -15/17 -191/221]
[-205/221 -237/221  155/221   87/221    1/221 -103/221  217/221   77/221  -81/221 -257/221   -9/221        0        0        0        0]
Testing obstruction for
m1: 2, m2: 38,a: 1
[      -1 -215/221 -197/221 -167/221 -125/221  -71/221   -5/221   73/221  163/221  265/221  379/221  505/221  643/221    61/17  955/221]
[1129/221 1315/221    89/13 1723/221 1945/221 1737/221 1541/221 1357/221 1185/221 1025/221  877/221    57/17  617/221  505/221  405/221]
[ 317/221  241/221  177/221  125/221     5/13   57/221   41/221   37/221   45/221     5/17   97/221  141/221  197/221  265/221  345/221]
[ 437/221  541/221  657/221  785/221  925/221 1077/221    73/13   109/17 1605/221 1805/221 2017/221 1799/221 1593/221 1399/221 1217/221]
[1047/221  889/221  743/221  609/221  487/221    29/17  279/221  193/221     7/13   57/221    7/221  -31/221  -57/221  -71/221  -73/221]
[ -63/221  -41/221   -7/221     3/17   97/221  167/221  249/221  343/221  449/221  567/221    41/13  839/221  993/221 1159/221 1337/221]
[1527/221   133/17 1943/221 1727/221 1523/221 1331/221 1151/221  983/221  827/221  683/221  551/221  431/221    19/13  227/221    11/17]
[  71/221   11/221  -37/221  -73/221  -97/221 -109/221 -109/221  -97/221  -73/221  -37/221   11/221   71/221    11/17  227/221    19/13]
[ 431/221  551/221  683/221  827/221  983/221 1151/221 1331/221 1523/221 1727/221 1943/221   133/17 1527/221 1337/221 1159/221  993/221]
[ 839/221    41/13  567/221  449/221  343/221  249/221  167/221   97/221     3/17   -7/221  -41/221  -63/221  -73/221  -71/221  -57/221]
[ -31/221    7/221   57/221     7/13  193/221  279/221    29/17  487/221  609/221  743/221  889/221 1047/221 1217/221 1399/221 1593/221]
[1799/221 2017/221 1805/221 1605/221   109/17    73/13 1077/221  925/221  785/221  657/221  541/221  437/221  345/221  265/221  197/221]
[ 141/221   97/221     5/17   45/221   37/221   41/221   57/221     5/13  125/221  177/221  241/221  317/221  405/221  505/221  617/221]
[   57/17  877/221 1025/221 1185/221 1357/221 1541/221 1737/221 1945/221 1723/221    89/13 1315/221 1129/221  955/221    61/17  643/221]
[ 505/221  379/221  265/221  163/221   73/221   -5/221  -71/221 -125/221 -167/221 -197/221 -215/221        0        0        0        0]
Testing obstruction for
m1: 8, m2: 8,a: 1
[      -1 -191/221 -101/221   49/221  259/221   87/221  -25/221  -77/221  -69/221   -1/221  127/221  315/221  121/221    -1/17  -87/221]
[-101/221  -55/221     3/13  217/221  443/221  287/221  191/221  155/221  179/221  263/221  407/221    47/17  433/221  315/221  257/221]
[ 259/221  321/221  443/221  625/221    25/13  285/221  205/221  185/221  225/221    25/17  485/221  263/221  101/221   -1/221  -43/221]
[ -25/221   53/221  191/221  389/221  205/221   81/221     1/13     1/17   69/221  185/221  361/221  155/221    9/221  -77/221 -103/221]
[ -69/221   25/221  179/221  393/221  225/221     9/17   69/221   81/221     9/13  285/221  477/221  287/221  157/221   87/221   77/221]
[ 127/221  237/221  407/221    49/17  485/221  393/221  361/221  389/221  477/221  625/221    23/13  217/221  103/221   49/221   55/221]
[ 121/221    19/17  433/221  237/221  101/221   25/221    9/221   53/221  157/221  321/221  103/221  -55/221    -9/13 -191/221   -13/17]
[ -87/221   55/221  257/221   77/221  -43/221 -103/221 -103/221  -43/221   77/221  257/221   55/221  -87/221   -13/17 -191/221    -9/13]
[ -55/221  103/221  321/221  157/221   53/221    9/221   25/221  101/221  237/221  433/221    19/17  121/221   55/221   49/221  103/221]
[ 217/221    23/13  625/221  477/221  389/221  361/221  393/221  485/221    49/17  407/221  237/221  127/221   77/221   87/221  157/221]
[ 287/221  477/221  285/221     9/13   81/221   69/221     9/17  225/221  393/221  179/221   25/221  -69/221 -103/221  -77/221    9/221]
[ 155/221  361/221  185/221   69/221     1/17     1/13   81/221  205/221  389/221  191/221   53/221  -25/221  -43/221   -1/221  101/221]
[ 263/221  485/221    25/17  225/221  185/221  205/221  285/221    25/13  625/221  443/221  321/221  259/221  257/221  315/221  433/221]
[   47/17  407/221  263/221  179/221  155/221  191/221  287/221  443/221  217/221     3/13  -55/221 -101/221  -87/221    -1/17  121/221]
[ 315/221  127/221   -1/221  -69/221  -77/221  -25/221   87/221  259/221   49/221 -101/221 -191/221        0        0        0        0]
Unobstructed
12
---------------------------
---------------------------
13a4624
Correction terms
[      -1  415/281  255/281 -199/281  177/281  259/281   47/281  103/281  427/281 -105/281  193/281  197/281  -93/281 -115/281  131/281]
[  83/281 -259/281  229/281 -139/281 -239/281  -71/281 -197/281  -55/281 -207/281  -91/281 -269/281 -179/281  179/281 -319/281   13/281]
[  51/281 -205/281 -193/281   87/281   73/281 -235/281  287/281  -47/281 -113/281   89/281   -3/281  173/281   55/281  205/281   61/281]
[ 185/281   15/281  113/281  -83/281  -11/281  329/281 -187/281  127/281  147/281 -127/281 -133/281  129/281   97/281 -229/281  275/281]
[ -77/281 -161/281   23/281  -87/281   71/281  -65/281   67/281  -95/281   11/281 -177/281  -97/281  251/281 -257/281   65/281   93/281]
[-173/281 -171/281   99/281   75/281 -243/281  269/281  -75/281 -151/281   41/281  -61/281  105/281  -23/281  117/281  -37/281   77/281]
[-103/281  -15/281  341/281 -159/281  171/281  207/281  -51/281  -41/281  237/281  221/281  -89/281  431/281   95/281   27/281  227/281]
[ 133/281 -255/281  187/281  335/281 -373/281  311/281  139/281 -327/281   37/281  107/281 -117/281  -73/281  239/281 -305/281  -19/281]
[ -27/281 -329/281  199/281 -129/281 -189/281   19/281  -67/281  115/281    3/281  159/281   21/281  151/281  -13/281   91/281  -99/281]
[ -21/281  325/281 -185/281  135/281  161/281 -107/281 -107/281  161/281  135/281 -185/281  325/281  -21/281  -99/281   91/281  -13/281]
[ 151/281   21/281  159/281    3/281  115/281  -67/281   19/281 -189/281 -129/281  199/281 -329/281  -27/281  -19/281 -305/281  239/281]
[ -73/281 -117/281  107/281   37/281 -327/281  139/281  311/281 -373/281  335/281  187/281 -255/281  133/281  227/281   27/281   95/281]
[ 431/281  -89/281  221/281  237/281  -41/281  -51/281  207/281  171/281 -159/281  341/281  -15/281 -103/281   77/281  -37/281  117/281]
[ -23/281  105/281  -61/281   41/281 -151/281  -75/281  269/281 -243/281   75/281   99/281 -171/281 -173/281   93/281   65/281 -257/281]
[ 251/281  -97/281 -177/281   11/281  -95/281   67/281  -65/281   71/281  -87/281   23/281 -161/281  -77/281  275/281 -229/281   97/281]
[ 129/281 -133/281 -127/281  147/281  127/281 -187/281  329/281  -11/281  -83/281  113/281   15/281  185/281   61/281  205/281   55/281]
[ 173/281   -3/281   89/281 -113/281  -47/281  287/281 -235/281   73/281   87/281 -193/281 -205/281   51/281   13/281 -319/281  179/281]
[-179/281 -269/281  -91/281 -207/281  -55/281 -197/281  -71/281 -239/281 -139/281  229/281 -259/281   83/281  131/281 -115/281  -93/281]
[ 197/281  193/281 -105/281  427/281  103/281   47/281  259/281  177/281 -199/281  255/281  415/281        0        0        0        0]
Testing obstruction for
m1: 2, m2: 48,a: 1
[      -1 -275/281 -257/281 -227/281 -185/281 -131/281  -65/281   13/281  103/281  205/281  319/281  445/281  583/281  733/281  895/281]
[1069/281 1255/281 1453/281 1663/281 1885/281 2119/281 2365/281 2623/281 2893/281 3175/281 2907/281 2651/281 2407/281 2175/281 1955/281]
[1747/281 1551/281 1367/281 1195/281 1035/281  887/281  751/281  627/281  515/281  415/281  327/281  251/281  187/281  135/281   95/281]
[  67/281   51/281   47/281   55/281   75/281  107/281  151/281  207/281  275/281  355/281  447/281  551/281  667/281  795/281  935/281]
[1087/281 1251/281 1427/281 1615/281 1815/281 2027/281 2251/281 2487/281 2735/281 2995/281 3267/281 2989/281 2723/281 2469/281 2227/281]
[1997/281 1779/281 1573/281 1379/281 1197/281 1027/281  869/281  723/281  589/281  467/281  357/281  259/281  173/281   99/281   37/281]
[ -13/281  -51/281  -77/281  -91/281  -93/281  -83/281  -61/281  -27/281   19/281   77/281  147/281  229/281  323/281  429/281  547/281]
[ 677/281  819/281  973/281 1139/281 1317/281 1507/281 1709/281 1923/281 2149/281 2387/281 2637/281 2899/281 3173/281 2897/281 2633/281]
[2381/281 2141/281 1913/281 1697/281 1493/281 1301/281 1121/281  953/281  797/281  653/281  521/281  401/281  293/281  197/281  113/281]
[  41/281  -19/281  -67/281 -103/281 -127/281 -139/281 -139/281 -127/281 -103/281  -67/281  -19/281   41/281  113/281  197/281  293/281]
[ 401/281  521/281  653/281  797/281  953/281 1121/281 1301/281 1493/281 1697/281 1913/281 2141/281 2381/281 2633/281 2897/281 3173/281]
[2899/281 2637/281 2387/281 2149/281 1923/281 1709/281 1507/281 1317/281 1139/281  973/281  819/281  677/281  547/281  429/281  323/281]
[ 229/281  147/281   77/281   19/281  -27/281  -61/281  -83/281  -93/281  -91/281  -77/281  -51/281  -13/281   37/281   99/281  173/281]
[ 259/281  357/281  467/281  589/281  723/281  869/281 1027/281 1197/281 1379/281 1573/281 1779/281 1997/281 2227/281 2469/281 2723/281]
[2989/281 3267/281 2995/281 2735/281 2487/281 2251/281 2027/281 1815/281 1615/281 1427/281 1251/281 1087/281  935/281  795/281  667/281]
[ 551/281  447/281  355/281  275/281  207/281  151/281  107/281   75/281   55/281   47/281   51/281   67/281   95/281  135/281  187/281]
[ 251/281  327/281  415/281  515/281  627/281  751/281  887/281 1035/281 1195/281 1367/281 1551/281 1747/281 1955/281 2175/281 2407/281]
[2651/281 2907/281 3175/281 2893/281 2623/281 2365/281 2119/281 1885/281 1663/281 1453/281 1255/281 1069/281  895/281  733/281  583/281]
[ 445/281  319/281  205/281  103/281   13/281  -65/281 -131/281 -185/281 -227/281 -257/281 -275/281        0        0        0        0]
Testing obstruction for
m1: 8, m2: 10,a: 1
[      -1 -251/281 -161/281  -11/281  199/281  469/281  237/281   65/281  -47/281  -99/281  -91/281  -23/281  105/281  293/281  541/281]
[ 287/281   93/281  -41/281 -115/281 -129/281  -83/281   23/281  189/281  415/281  701/281  485/281  329/281  233/281  197/281  221/281]
[ 305/281  449/281  653/281  917/281  679/281  501/281  383/281  325/281  327/281  389/281  511/281  693/281  935/281  675/281  475/281]
[ 335/281  255/281  235/281  275/281  375/281  535/281  755/281  473/281  251/281   89/281  -13/281  -55/281  -37/281   41/281  179/281]
[ 377/281  635/281  391/281  207/281   83/281   19/281   15/281   71/281  187/281  363/281  599/281  333/281  127/281  -19/281 -105/281]
[-131/281  -97/281   -3/281  151/281  365/281  639/281  411/281  243/281  135/281   87/281   99/281  171/281  303/281  495/281  747/281]
[ 497/281  307/281  177/281  107/281   97/281  147/281  257/281  427/281  657/281  947/281  735/281  583/281  491/281  459/281  487/281]
[ 575/281  723/281  931/281  637/281  403/281  229/281  115/281   61/281   67/281  133/281  259/281  445/281  691/281  435/281  239/281]
[ 103/281   27/281   11/281   55/281  159/281  323/281  547/281  269/281   51/281 -107/281 -205/281 -243/281 -221/281 -139/281    3/281]
[ 205/281  467/281  227/281   47/281  -73/281 -133/281 -133/281  -73/281   47/281  227/281  467/281  205/281    3/281 -139/281 -221/281]
[-243/281 -205/281 -107/281   51/281  269/281  547/281  323/281  159/281   55/281   11/281   27/281  103/281  239/281  435/281  691/281]
[ 445/281  259/281  133/281   67/281   61/281  115/281  229/281  403/281  637/281  931/281  723/281  575/281  487/281  459/281  491/281]
[ 583/281  735/281  947/281  657/281  427/281  257/281  147/281   97/281  107/281  177/281  307/281  497/281  747/281  495/281  303/281]
[ 171/281   99/281   87/281  135/281  243/281  411/281  639/281  365/281  151/281   -3/281  -97/281 -131/281 -105/281  -19/281  127/281]
[ 333/281  599/281  363/281  187/281   71/281   15/281   19/281   83/281  207/281  391/281  635/281  377/281  179/281   41/281  -37/281]
[ -55/281  -13/281   89/281  251/281  473/281  755/281  535/281  375/281  275/281  235/281  255/281  335/281  475/281  675/281  935/281]
[ 693/281  511/281  389/281  327/281  325/281  383/281  501/281  679/281  917/281  653/281  449/281  305/281  221/281  197/281  233/281]
[ 329/281  485/281  701/281  415/281  189/281   23/281  -83/281 -129/281 -115/281  -41/281   93/281  287/281  541/281  293/281  105/281]
[ -23/281  -91/281  -99/281  -47/281   65/281  237/281  469/281  199/281  -11/281 -161/281 -251/281        0        0        0        0]
Testing obstruction for
m1: 6, m2: 14,a: 2
[      -1 -259/281 -193/281  -83/281   71/281  269/281  511/281  797/281  565/281  377/281  233/281  133/281   77/281   65/281   97/281]
[ 173/281  293/281  457/281  665/281  917/281  651/281  429/281  251/281  117/281   27/281  -19/281  -21/281   21/281  107/281  237/281]
[ 411/281  629/281  891/281  635/281  423/281  255/281  131/281   51/281   15/281   23/281   75/281  171/281  311/281  495/281  723/281]
[ 995/281  749/281  547/281  389/281  275/281  205/281  179/281  197/281  259/281  365/281  515/281  709/281  947/281  667/281  431/281]
[ 239/281   91/281  -13/281  -73/281  -89/281  -61/281   11/281  127/281  287/281  491/281  739/281  469/281  243/281   61/281  -77/281]
[-171/281 -221/281 -227/281 -189/281 -107/281   19/281  189/281  403/281  661/281  963/281  747/281  575/281  447/281  363/281  323/281]
[ 327/281  375/281  467/281  603/281  783/281 1007/281  713/281  463/281  257/281   95/281  -23/281  -97/281 -127/281 -113/281  -55/281]
[  47/281  193/281  383/281  617/281  895/281  655/281  459/281  307/281  199/281  135/281  115/281  139/281  207/281  319/281  475/281]
[ 675/281  919/281  645/281  415/281  229/281   87/281  -11/281  -65/281  -75/281  -41/281   37/281  159/281  325/281  535/281  789/281]
[ 525/281  305/281  129/281   -3/281  -91/281 -135/281 -135/281  -91/281   -3/281  129/281  305/281  525/281  789/281  535/281  325/281]
[ 159/281   37/281  -41/281  -75/281  -65/281  -11/281   87/281  229/281  415/281  645/281  919/281  675/281  475/281  319/281  207/281]
[ 139/281  115/281  135/281  199/281  307/281  459/281  655/281  895/281  617/281  383/281  193/281   47/281  -55/281 -113/281 -127/281]
[ -97/281  -23/281   95/281  257/281  463/281  713/281 1007/281  783/281  603/281  467/281  375/281  327/281  323/281  363/281  447/281]
[ 575/281  747/281  963/281  661/281  403/281  189/281   19/281 -107/281 -189/281 -227/281 -221/281 -171/281  -77/281   61/281  243/281]
[ 469/281  739/281  491/281  287/281  127/281   11/281  -61/281  -89/281  -73/281  -13/281   91/281  239/281  431/281  667/281  947/281]
[ 709/281  515/281  365/281  259/281  197/281  179/281  205/281  275/281  389/281  547/281  749/281  995/281  723/281  495/281  311/281]
[ 171/281   75/281   23/281   15/281   51/281  131/281  255/281  423/281  635/281  891/281  629/281  411/281  237/281  107/281   21/281]
[ -21/281  -19/281   27/281  117/281  251/281  429/281  651/281  917/281  665/281  457/281  293/281  173/281   97/281   65/281   77/281]
[ 133/281  233/281  377/281  565/281  797/281  511/281  269/281   71/281  -83/281 -193/281 -259/281        0        0        0        0]
[-259/281, -193/281, -83/281, 71/281, 269/281, 511/281, 797/281, 565/281, 377/281, 233/281, 133/281, 77/281, 65/281, 97/281, 173/281, 293/281, 457/281, 665/281, 917/281, 651/281, 429/281, 251/281, 117/281, 27/281, -19/281, -21/281, 21/281, 107/281, 237/281, 411/281, 629/281, 891/281, 635/281, 423/281, 255/281, 131/281, 51/281, 15/281, 23/281, 75/281, 171/281, 311/281, 495/281, 723/281, 995/281, 749/281, 547/281, 389/281, 275/281, 205/281, 179/281, 197/281, 259/281, 365/281, 515/281, 709/281, 947/281, 667/281, 431/281, 239/281, 91/281, -13/281, -73/281, -89/281, -61/281, 11/281, 127/281, 287/281, 491/281, 739/281, 469/281, 243/281, 61/281, -77/281, -171/281, -221/281]
16 [-259/281, -193/281, -83/281, 71/281, 269/281, -51/281, -327/281, 3/281, -185/281, -329/281, 133/281, 77/281, 65/281, 97/281, 173/281, -269/281, -105/281, 103/281, -207/281, 89/281, -133/281, 251/281, 117/281, 27/281, -19/281, -21/281, 21/281, 107/281, 237/281, -151/281, 67/281, 329/281, 73/281, -139/281, 255/281, 131/281, 51/281, 15/281, 23/281, 75/281, 171/281, 311/281, -67/281, 161/281, -129/281, 187/281, -15/281, -173/281, 275/281, 205/281, 179/281, 197/281, 259/281, -197/281, -47/281, 147/281, -177/281, 105/281, 431/281, 239/281, 91/281, -13/281, -73/281, -89/281, -61/281, 11/281, 127/281, 287/281, -71/281, 177/281, -93/281, -319/281, 61/281, -77/281, -171/281, 341/281]
Testing obstruction for
m1: 8, m2: 12,a: 4
[      -1 -251/281 -161/281  -11/281  199/281  469/281  799/281  627/281  515/281  463/281  471/281  539/281  667/281  855/281  541/281]
[ 287/281   93/281  -41/281 -115/281 -129/281  -83/281   23/281  189/281  415/281  701/281  485/281  329/281  233/281  197/281  221/281]
[ 305/281  449/281  653/281  355/281  117/281  -61/281 -179/281 -237/281 -235/281 -173/281  -51/281  131/281  373/281  675/281  475/281]
[ 335/281  255/281  235/281  275/281  375/281  535/281  755/281  473/281  251/281   89/281  -13/281  -55/281  -37/281   41/281  179/281]
[ 377/281  635/281  391/281  207/281   83/281   19/281   15/281   71/281  187/281  363/281  599/281  333/281  127/281  -19/281 -105/281]
[-131/281  -97/281   -3/281  151/281  365/281  639/281  411/281  243/281  135/281   87/281   99/281  171/281  303/281  495/281  747/281]
[ 497/281  307/281  177/281  107/281   97/281  147/281  257/281  427/281  657/281  385/281  173/281   21/281  -71/281 -103/281  -75/281]
[  13/281  161/281  369/281  637/281  403/281  229/281  115/281   61/281   67/281  133/281  259/281  445/281  691/281  435/281  239/281]
[ 103/281   27/281   11/281   55/281  159/281  323/281  547/281  831/281  613/281  455/281  357/281  319/281  341/281  423/281  565/281]
[ 767/281  467/281  227/281   47/281  -73/281 -133/281 -133/281  -73/281   47/281  227/281  467/281  767/281  565/281  423/281  341/281]
[ 319/281  357/281  455/281  613/281  831/281  547/281  323/281  159/281   55/281   11/281   27/281  103/281  239/281  435/281  691/281]
[ 445/281  259/281  133/281   67/281   61/281  115/281  229/281  403/281  637/281  369/281  161/281   13/281  -75/281 -103/281  -71/281]
[  21/281  173/281  385/281  657/281  427/281  257/281  147/281   97/281  107/281  177/281  307/281  497/281  747/281  495/281  303/281]
[ 171/281   99/281   87/281  135/281  243/281  411/281  639/281  365/281  151/281   -3/281  -97/281 -131/281 -105/281  -19/281  127/281]
[ 333/281  599/281  363/281  187/281   71/281   15/281   19/281   83/281  207/281  391/281  635/281  377/281  179/281   41/281  -37/281]
[ -55/281  -13/281   89/281  251/281  473/281  755/281  535/281  375/281  275/281  235/281  255/281  335/281  475/281  675/281  373/281]
[ 131/281  -51/281 -173/281 -235/281 -237/281 -179/281  -61/281  117/281  355/281  653/281  449/281  305/281  221/281  197/281  233/281]
[ 329/281  485/281  701/281  415/281  189/281   23/281  -83/281 -129/281 -115/281  -41/281   93/281  287/281  541/281  855/281  667/281]
[ 539/281  471/281  463/281  515/281  627/281  799/281  469/281  199/281  -11/281 -161/281 -251/281        0        0        0        0]
Testing obstruction for
m1: 24, m2: 26,a: 23
[      -1 -269/281 -233/281 -173/281  -89/281   19/281  151/281  307/281  487/281  691/281  919/281 1171/281 1447/281 1185/281  947/281]
[ 733/281  543/281  377/281  235/281  117/281   23/281  -47/281  -93/281 -115/281 -113/281  -87/281  -37/281   37/281  135/281  257/281]
[ 403/281  573/281  767/281  985/281 1227/281 1493/281 1221/281  973/281  749/281  549/281  373/281  221/281   93/281  -11/281  -91/281]
[-147/281 -179/281 -187/281 -171/281 -131/281  -67/281   21/281  133/281  269/281  429/281  613/281  821/281 1053/281 1309/281 1589/281]
[1331/281 1097/281  887/281  701/281  539/281  401/281  287/281  197/281  131/281   89/281   71/281   77/281  107/281  161/281  239/281]
[ 341/281  467/281  617/281  791/281  989/281 1211/281 1457/281 1727/281 1459/281 1215/281  995/281  799/281  627/281  479/281  355/281]
[ 255/281  179/281  127/281   99/281   95/281  115/281  159/281  227/281  319/281  435/281  575/281  739/281  927/281 1139/281 1375/281]
[1635/281 1357/281 1103/281  873/281  667/281  485/281  327/281  193/281   83/281   -3/281  -65/281 -103/281 -117/281 -107/281  -73/281]
[ -15/281   67/281  173/281  303/281  457/281  635/281  837/281 1063/281 1313/281 1587/281 1323/281 1083/281  867/281  675/281  507/281]
[ 363/281  243/281  147/281   75/281   27/281    3/281    3/281   27/281   75/281  147/281  243/281  363/281  507/281  675/281  867/281]
[1083/281 1323/281 1587/281 1313/281 1063/281  837/281  635/281  457/281  303/281  173/281   67/281  -15/281  -73/281 -107/281 -117/281]
[-103/281  -65/281   -3/281   83/281  193/281  327/281  485/281  667/281  873/281 1103/281 1357/281 1635/281 1375/281 1139/281  927/281]
[ 739/281  575/281  435/281  319/281  227/281  159/281  115/281   95/281   99/281  127/281  179/281  255/281  355/281  479/281  627/281]
[ 799/281  995/281 1215/281 1459/281 1727/281 1457/281 1211/281  989/281  791/281  617/281  467/281  341/281  239/281  161/281  107/281]
[  77/281   71/281   89/281  131/281  197/281  287/281  401/281  539/281  701/281  887/281 1097/281 1331/281 1589/281 1309/281 1053/281]
[ 821/281  613/281  429/281  269/281  133/281   21/281  -67/281 -131/281 -171/281 -187/281 -179/281 -147/281  -91/281  -11/281   93/281]
[ 221/281  373/281  549/281  749/281  973/281 1221/281 1493/281 1227/281  985/281  767/281  573/281  403/281  257/281  135/281   37/281]
[ -37/281  -87/281 -113/281 -115/281  -93/281  -47/281   23/281  117/281  235/281  377/281  543/281  733/281  947/281 1185/281 1447/281]
[1171/281  919/281  691/281  487/281  307/281  151/281   19/281  -89/281 -173/281 -233/281 -269/281        0        0        0        0]
[-269/281, -233/281]
25 [-269/281, 329/281]
---------------------------
SUCCESS for name = 13a4624
---------------------------
13a4626
Correction terms
[      -1 -299/261 -413/261    -9/29 -347/261 -167/261    -7/29  -35/261  -83/261   -23/29  115/261 -161/261     1/29 -419/261  121/261]
[    7/29  -71/261 -281/261    -5/29  115/261 -323/261   -35/29 -383/261   -5/261   -25/29    1/261 -371/261   -33/29 -299/261      5/9]
[   -1/29 -239/261  -23/261    13/29  181/261 -353/261     9/29  -83/261  199/261   -13/29   13/261   67/261     5/29  -53/261 -227/261]
[    5/29 -281/261 -161/261   -13/29 -149/261 -257/261     9/29 -179/261    7/261   -45/29  151/261  109/261    -1/29     -7/9   49/261]
[   25/29 -197/261 -173/261   -25/29  169/261  -35/261   -35/29 -149/261  -59/261    -5/29 -107/261 -245/261   -51/29 -227/261  -71/261]
[    1/29 -509/261  -59/261   -23/29   91/261 -209/261    -7/29    7/261    1/261    -9/29 -239/261   49/261       -1 -125/261  -65/261]
[   -9/29 -173/261 -341/261    -7/29 -383/261 -257/261   -23/29 -233/261 -335/261     1/29 -245/261  -53/261   -51/29  103/261   67/261]
[   -5/29 -233/261   25/261    23/29 -209/261 -179/261   -25/29  175/261  -23/261   -33/29 -125/261     -1/9    -1/29  -65/261 -197/261]
[  -45/29 -167/261   -5/261     9/29 -431/261   25/261   -13/29  187/261 -107/261     5/29  121/261  121/261     5/29 -107/261  187/261]
[  -13/29   25/261 -431/261     9/29   -5/261 -167/261   -45/29 -197/261  -65/261    -1/29     -1/9 -125/261   -33/29  -23/261  175/261]
[  -25/29 -179/261 -209/261    23/29   25/261 -233/261    -5/29   67/261  103/261   -51/29  -53/261 -245/261     1/29 -335/261 -233/261]
[  -23/29 -257/261 -383/261    -7/29 -341/261 -173/261    -9/29  -65/261 -125/261       -1   49/261 -239/261    -9/29    1/261    7/261]
[   -7/29 -209/261   91/261   -23/29  -59/261 -509/261     1/29  -71/261 -227/261   -51/29 -245/261 -107/261    -5/29  -59/261 -149/261]
[  -35/29  -35/261  169/261   -25/29 -173/261 -197/261    25/29   49/261     -7/9    -1/29  109/261  151/261   -45/29    7/261 -179/261]
[    9/29 -257/261 -149/261   -13/29 -161/261 -281/261     5/29 -227/261  -53/261     5/29   67/261   13/261   -13/29  199/261  -83/261]
[    9/29 -353/261  181/261    13/29  -23/261 -239/261    -1/29      5/9 -299/261   -33/29 -371/261    1/261   -25/29   -5/261 -383/261]
[  -35/29 -323/261  115/261    -5/29 -281/261  -71/261     7/29  121/261 -419/261     1/29 -161/261  115/261   -23/29  -83/261  -35/261]
[   -7/29 -167/261 -347/261    -9/29 -413/261 -299/261        0        0        0        0        0        0        0        0        0]
Testing obstruction for
m1: 2, m2: 44,a: 0
Obstructed by Z^n/Q not being cyclic
Testing obstruction for
m1: 6, m2: 14,a: 3
[      -1 -239/261 -173/261    -7/29   91/261  289/261    59/29  817/261  625/261    53/29  373/261  313/261    33/29  325/261  397/261]
[   57/29  673/261  877/261    67/29  373/261  187/261     5/29  -53/261 -107/261   -13/29  -83/261   -5/261    13/29  283/261     17/9]
[   83/29  523/261  343/261    23/29  115/261   67/261     7/29  103/261  187/261    35/29  487/261  703/261    49/29  223/261   49/261]
[   -9/29 -167/261 -209/261   -23/29 -161/261  -71/261     7/29  241/261  463/261    81/29  517/261  349/261    25/29      5/9  109/261]
[   13/29  169/261  265/261    45/29  589/261  817/261    63/29  361/261  199/261     9/29    7/261  -23/261    -1/29   49/261  151/261]
[   33/29  487/261  721/261    53/29  277/261  121/261     1/29  -59/261  -83/261    -7/29    1/261  109/261        1  457/261  697/261]
[   51/29  265/261  115/261     1/29  -53/261  -71/261    -5/29   25/261  139/261    33/29  499/261  745/261    57/29  325/261  181/261]
[    9/29   25/261   13/261     5/29  121/261  241/261    45/29  613/261  865/261    71/29  457/261     11/9    25/29  175/261  169/261]
[   23/29  289/261  415/261    65/29  799/261  535/261    35/29  139/261    7/261    -9/29 -125/261 -125/261    -9/29    7/261  139/261]
[   35/29  535/261  799/261    65/29  415/261  289/261    23/29  169/261  175/261    25/29     11/9  457/261    71/29  865/261  613/261]
[   45/29  241/261  121/261     5/29   13/261   25/261     9/29  181/261  325/261    57/29  745/261  499/261    33/29  139/261   25/261]
[   -5/29  -71/261  -53/261     1/29  115/261  265/261    51/29  697/261  457/261        1  109/261    1/261    -7/29  -83/261  -59/261]
[    1/29  121/261  277/261    53/29  721/261  487/261    33/29  151/261   49/261    -1/29  -23/261    7/261     9/29  199/261  361/261]
[   63/29  817/261  589/261    45/29  265/261  169/261    13/29  109/261      5/9    25/29  349/261  517/261    81/29  463/261  241/261]
[    7/29  -71/261 -161/261   -23/29 -209/261 -167/261    -9/29   49/261  223/261    49/29  703/261  487/261    35/29  187/261  103/261]
[    7/29   67/261  115/261    23/29  343/261  523/261    83/29     17/9  283/261    13/29   -5/261  -83/261   -13/29 -107/261  -53/261]
[    5/29  187/261  373/261    67/29  877/261  673/261    57/29  397/261  325/261    33/29  313/261  373/261    53/29  625/261  817/261]
[   59/29  289/261   91/261    -7/29 -173/261 -239/261        0        0        0        0        0        0        0        0        0]
Unobstructed
31
---------------------------
---------------------------
13a4633
Correction terms
[      -1   47/333 -145/333   -27/37 -247/333 -157/333     3/37  305/333   11/333   -21/37 -295/333 -307/333   -25/37  -49/333 -445/333]
[   -9/37  377/333  263/333    27/37 -349/333 -181/333     9/37 -229/333 -445/333    11/37   71/333  137/333    33/37 -115/333  233/333]
[    1/37 -121/333 -157/333   -11/37   53/333  299/333    -3/37     -7/9  269/333    25/37  275/333 -247/333    -1/37  323/333   83/333]
[   -7/37 -115/333  -73/333     7/37  293/333  -49/333   -33/37  215/333  155/333    21/37 -349/333 -127/333    21/37  -67/333 -229/333]
[  -33/37 -271/333 -151/333     7/37 -295/333  107/333    -7/37 -139/333 -121/333    -1/37 -469/333 -169/333    25/37   47/333     -1/9]
[   -3/37   77/333  275/333   -11/37 -379/333  101/333     1/37   11/333  107/333   -41/37  -85/333  293/333    11/37   -1/333   -7/333]
[    9/37  263/333 -127/333   -47/37   41/333  -67/333    -9/37   -1/333  173/333    49/37  137/333  -73/333   -21/37 -211/333 -139/333]
[    3/37 -379/333  -25/333    47/37  299/333  269/333       -1 -175/333   77/333   -27/37 -469/333   65/333     3/37   83/333  233/333]
[  -21/37  149/333  -85/333   -25/37 -271/333 -223/333    -9/37  155/333 -181/333   -47/37   95/333   41/333     9/37  215/333 -223/333]
[   11/37 -151/333 -307/333   -41/37 -337/333 -211/333     1/37  323/333   65/333   -11/37 -169/333 -145/333    -3/37    -13/9 -175/333]
[   25/37   53/333  -25/333    -1/37  101/333  305/333    -7/37 -337/333  149/333     7/37   71/333  173/333   -33/37   -7/333  377/333]
[   21/37   95/333   95/333    21/37  377/333   -7/333   -33/37  173/333   71/333     7/37  149/333 -337/333    -7/37  305/333  101/333]
[   -1/37  -25/333   53/333    25/37 -175/333    -13/9    -3/37 -145/333 -169/333   -11/37   65/333  323/333     1/37 -211/333 -337/333]
[  -41/37 -307/333 -151/333    11/37 -223/333  215/333     9/37   41/333   95/333   -47/37 -181/333  155/333    -9/37 -223/333 -271/333]
[  -25/37  -85/333  149/333   -21/37  233/333   83/333     3/37   65/333 -469/333   -27/37   77/333 -175/333       -1  269/333  299/333]
[   47/37  -25/333 -379/333     3/37 -139/333 -211/333   -21/37  -73/333  137/333    49/37  173/333   -1/333    -9/37  -67/333   41/333]
[  -47/37 -127/333  263/333     9/37   -7/333   -1/333    11/37  293/333  -85/333   -41/37  107/333   11/333     1/37  101/333 -379/333]
[  -11/37  275/333   77/333    -3/37     -1/9   47/333    25/37 -169/333 -469/333    -1/37 -121/333 -139/333    -7/37  107/333 -295/333]
[    7/37 -151/333 -271/333   -33/37 -229/333  -67/333    21/37 -127/333 -349/333    21/37  155/333  215/333   -33/37  -49/333  293/333]
[    7/37  -73/333 -115/333    -7/37   83/333  323/333    -1/37 -247/333  275/333    25/37  269/333     -7/9    -3/37  299/333   53/333]
[  -11/37 -157/333 -121/333     1/37  233/333 -115/333    33/37  137/333   71/333    11/37 -445/333 -229/333     9/37 -181/333 -349/333]
[   27/37  263/333  377/333    -9/37 -445/333  -49/333   -25/37 -307/333 -295/333   -21/37   11/333  305/333     3/37 -157/333 -247/333]
[  -27/37 -145/333   47/333        0        0        0        0        0        0        0        0        0        0        0        0]
Testing obstruction for
m1: 2, m2: 56,a: 0
Obstructed by Z^n/Q not being cyclic
Testing obstruction for
m1: 12, m2: 12,a: 7
[      -1 -287/333 -149/333     9/37  403/333  817/333    73/37  589/333  613/333    81/37  937/333  571/333    33/37  115/333   25/333]
[    3/37  121/333  307/333    65/37  289/333   85/333    -3/37  -47/333   25/333    21/37  445/333  793/333    63/37  433/333  391/333]
[   49/37  583/333  817/333    53/37  229/333   73/333     1/37      1/9  157/333    41/37  673/333  403/333    25/37  139/333  145/333]
[   27/37  433/333  715/333    47/37  223/333  115/333    11/37  175/333  343/333    67/37  289/333   67/333    -7/37 -101/333  -47/333]
[   11/37  337/333  667/333   121/37  937/333  877/333   101/37 1033/333  583/333    25/37  -41/333 -215/333   -33/37 -287/333     -5/9]
[    1/37  295/333  673/333    53/37  373/333  361/333    49/37  613/333  877/333    63/37  349/333  223/333    21/37  247/333  397/333]
[   71/37  307/333   67/333    -9/37 -137/333 -101/333     3/37  247/333  559/333   107/37  793/333  715/333    81/37  835/333 1033/333]
[   73/37  373/333  181/333     9/37   73/333  157/333        1  601/333  295/333     9/37  -41/333  -71/333    -1/37  145/333  391/333]
[   81/37  493/333  349/333    33/37  337/333  469/333    77/37  343/333   85/333    -9/37 -155/333 -137/333    -3/37  175/333  469/333]
[   95/37  667/333  571/333    63/37  655/333  835/333    49/37  139/333  -71/333   -21/37 -215/333 -149/333     1/37      7/9  601/333]
[   41/37  229/333  181/333    25/37  361/333  589/333   101/37  655/333  493/333    47/37  445/333  559/333    85/37  397/333  121/333]
[   -7/37 -155/333 -155/333    -7/37  121/333  397/333    85/37  559/333  445/333    47/37  493/333  655/333   101/37  589/333  361/333]
[   25/37  181/333  229/333    41/37  601/333      7/9     1/37 -149/333 -215/333   -21/37  -71/333  139/333    49/37  835/333  655/333]
[   63/37  571/333  667/333    95/37  469/333  175/333    -3/37 -137/333 -155/333    -9/37   85/333  343/333    77/37  469/333  337/333]
[   33/37  349/333  493/333    81/37  391/333  145/333    -1/37  -71/333  -41/333     9/37  295/333  601/333        1  157/333   73/333]
[    9/37  181/333  373/333    73/37 1033/333  835/333    81/37  715/333  793/333   107/37  559/333  247/333     3/37 -101/333 -137/333]
[   -9/37   67/333  307/333    71/37  397/333  247/333    21/37  223/333  349/333    63/37  877/333  613/333    49/37  361/333  373/333]
[   53/37  673/333  295/333     1/37     -5/9 -287/333   -33/37 -215/333  -41/333    25/37  583/333 1033/333   101/37  877/333  937/333]
[  121/37  667/333  337/333    11/37  -47/333 -101/333    -7/37   67/333  289/333    67/37  343/333  175/333    11/37  115/333  223/333]
[   47/37  715/333  433/333    27/37  145/333  139/333    25/37  403/333  673/333    41/37  157/333      1/9     1/37   73/333  229/333]
[   53/37  817/333  583/333    49/37  391/333  433/333    63/37  793/333  445/333    21/37   25/333  -47/333    -3/37   85/333  289/333]
[   65/37  307/333  121/333     3/37   25/333  115/333    33/37  571/333  937/333    81/37  613/333  589/333    73/37  817/333  403/333]
[    9/37 -149/333 -287/333        0        0        0        0        0        0        0        0        0        0        0        0]
Testing obstruction for
m1: 10, m2: 16,a: 8
[      -1 -295/333 -181/333     1/37  275/333  617/333    41/37  197/333  101/333     9/37  137/333  269/333    53/37  761/333  455/333]
[   25/37   71/333   -7/333    -1/37   65/333  215/333    49/37  743/333 1121/333   101/37  773/333  713/333    81/37  821/333  989/333]
[  137/37  887/333  617/333    47/37  305/333  263/333    33/37     11/9  593/333    95/37  527/333  275/333    11/37   -1/333  -25/333]
[    3/37  155/333  359/333    71/37  329/333   95/333    -7/37 -145/333 -151/333    -9/37   65/333  287/333    65/37  293/333   77/333]
[   -7/37 -127/333 -115/333    -3/37  137/333  377/333    77/37  419/333  221/333    11/37   53/333   83/333    21/37  371/333     17/9]
[  107/37  707/333  527/333    47/37  395/333  443/333    63/37  767/333 1043/333    81/37  491/333  329/333    27/37  233/333  299/333]
[   49/37  659/333  953/333    73/37  437/333  293/333    25/37  233/333  317/333    53/37  713/333  359/333     9/37 -121/333 -247/333]
[  -33/37 -271/333 -169/333     1/37  263/333  593/333        1  149/333   41/333     1/37   53/333  173/333    41/37  641/333  323/333]
[    9/37  -85/333 -175/333   -21/37 -127/333   11/333    25/37  515/333  881/333    73/37  509/333  437/333    49/37  521/333  677/333]
[  101/37 1217/333  935/333    81/37  599/333  545/333    63/37  665/333  839/333   121/37  749/333  485/333    33/37      5/9  149/333]
[   21/37  305/333  497/333    85/37  443/333  197/333     3/37  -67/333  -85/333    -3/37  107/333  317/333    67/37  299/333   71/333]
[   -9/37 -157/333 -157/333    -9/37   71/333  299/333    67/37  317/333  107/333    -3/37  -85/333  -67/333     3/37  197/333  443/333]
[   85/37  497/333  305/333    21/37  149/333      5/9    33/37  485/333  749/333   121/37  839/333  665/333    63/37  545/333  599/333]
[   81/37  935/333 1217/333   101/37  677/333  521/333    49/37  437/333  509/333    73/37  881/333  515/333    25/37   11/333 -127/333]
[  -21/37 -175/333  -85/333     9/37  323/333  641/333    41/37  173/333   53/333     1/37   41/333  149/333        1  593/333  263/333]
[    1/37 -169/333 -271/333   -33/37 -247/333 -121/333     9/37  359/333  713/333    53/37  317/333  233/333    25/37  293/333  437/333]
[   73/37  953/333  659/333    49/37  299/333  233/333    27/37  329/333  491/333    81/37 1043/333  767/333    63/37  443/333  395/333]
[   47/37  527/333  707/333   107/37     17/9  371/333    21/37   83/333   53/333    11/37  221/333  419/333    77/37  377/333  137/333]
[   -3/37 -115/333 -127/333    -7/37   77/333  293/333    65/37  287/333   65/333    -9/37 -151/333 -145/333    -7/37   95/333  329/333]
[   71/37  359/333  155/333     3/37  -25/333   -1/333    11/37  275/333  527/333    95/37  593/333     11/9    33/37  263/333  305/333]
[   47/37  617/333  887/333   137/37  989/333  821/333    81/37  713/333  773/333   101/37 1121/333  743/333    49/37  215/333   65/333]
[   -1/37   -7/333   71/333    25/37  455/333  761/333    53/37  269/333  137/333     9/37  101/333  197/333    41/37  617/333  275/333]
[    1/37 -181/333 -295/333        0        0        0        0        0        0        0        0        0        0        0        0]
Unobstructed
10
---------------------------
---------------------------
13a4636
Correction terms
[      -1 -139/281 -275/281 -127/281 -257/281 -103/281 -227/281  -67/281 -185/281  -19/281 -131/281   41/281  -65/281 -449/281   13/281]
[-365/281  103/281 -269/281  205/281 -161/281 -243/281  -41/281 -117/281   91/281   21/281  235/281 -391/281 -171/281 -229/281   -3/281]
[ -55/281  177/281  131/281 -193/281 -233/281   11/281  -23/281 -335/281  199/281 -107/281 -129/281 -429/281  117/281 -177/281 -187/281]
[  87/281 -479/281 -199/281 -197/281   89/281 -465/281 -173/281 -159/281 -423/281 -403/281  -99/281  -73/281 -325/281 -293/281   23/281]
[-501/281 -179/281 -135/281 -369/281 -319/281   15/281   71/281 -151/281  -89/281 -305/281 -237/281 -447/281  189/281  -15/281   65/281]
[-133/281  -47/281 -239/281 -147/281  229/281 -235/281  147/281 -311/281   77/281 -375/281   19/281  135/281  -27/281   95/281  -61/281]
[  67/281  -83/281   51/281  -93/281   47/281  -91/281   55/281  -77/281   75/281  -51/281 -455/281  -13/281 -411/281   37/281 -355/281]
[  99/281 -287/281 -389/281 -207/281 -303/281 -115/281 -205/281  -11/281  -95/281 -457/281   27/281 -329/281 -401/281 -189/281 -255/281]
[ -37/281  -97/281  127/281 -489/281 -259/281 -307/281  -71/281 -113/281  129/281   93/281 -221/281 -251/281    3/281  -21/281 -323/281]
[ 221/281  -75/281  -87/281 -377/281  179/281 -105/281 -105/281  179/281 -377/281  -87/281  -75/281  221/281 -323/281  -21/281    3/281]
[-251/281 -221/281   93/281  129/281 -113/281  -71/281 -307/281 -259/281 -489/281  127/281  -97/281  -37/281 -255/281 -189/281 -401/281]
[-329/281   27/281 -457/281  -95/281  -11/281 -205/281 -115/281 -303/281 -207/281 -389/281 -287/281   99/281 -355/281   37/281 -411/281]
[ -13/281 -455/281  -51/281   75/281  -77/281   55/281  -91/281   47/281  -93/281   51/281  -83/281   67/281  -61/281   95/281  -27/281]
[ 135/281   19/281 -375/281   77/281 -311/281  147/281 -235/281  229/281 -147/281 -239/281  -47/281 -133/281   65/281  -15/281  189/281]
[-447/281 -237/281 -305/281  -89/281 -151/281   71/281   15/281 -319/281 -369/281 -135/281 -179/281 -501/281   23/281 -293/281 -325/281]
[ -73/281  -99/281 -403/281 -423/281 -159/281 -173/281 -465/281   89/281 -197/281 -199/281 -479/281   87/281 -187/281 -177/281  117/281]
[-429/281 -129/281 -107/281  199/281 -335/281  -23/281   11/281 -233/281 -193/281  131/281  177/281  -55/281   -3/281 -229/281 -171/281]
[-391/281  235/281   21/281   91/281 -117/281  -41/281 -243/281 -161/281  205/281 -269/281  103/281 -365/281   13/281 -449/281  -65/281]
[  41/281 -131/281  -19/281 -185/281  -67/281 -227/281 -103/281 -257/281 -127/281 -275/281 -139/281        0        0        0        0]
Testing obstruction for
m1: 2, m2: 48,a: 1
[      -1 -275/281 -257/281 -227/281 -185/281 -131/281  -65/281   13/281  103/281  205/281  319/281  445/281  583/281  733/281  895/281]
[1069/281 1255/281 1453/281 1663/281 1885/281 2119/281 2365/281 2623/281 2893/281 3175/281 2907/281 2651/281 2407/281 2175/281 1955/281]
[1747/281 1551/281 1367/281 1195/281 1035/281  887/281  751/281  627/281  515/281  415/281  327/281  251/281  187/281  135/281   95/281]
[  67/281   51/281   47/281   55/281   75/281  107/281  151/281  207/281  275/281  355/281  447/281  551/281  667/281  795/281  935/281]
[1087/281 1251/281 1427/281 1615/281 1815/281 2027/281 2251/281 2487/281 2735/281 2995/281 3267/281 2989/281 2723/281 2469/281 2227/281]
[1997/281 1779/281 1573/281 1379/281 1197/281 1027/281  869/281  723/281  589/281  467/281  357/281  259/281  173/281   99/281   37/281]
[ -13/281  -51/281  -77/281  -91/281  -93/281  -83/281  -61/281  -27/281   19/281   77/281  147/281  229/281  323/281  429/281  547/281]
[ 677/281  819/281  973/281 1139/281 1317/281 1507/281 1709/281 1923/281 2149/281 2387/281 2637/281 2899/281 3173/281 2897/281 2633/281]
[2381/281 2141/281 1913/281 1697/281 1493/281 1301/281 1121/281  953/281  797/281  653/281  521/281  401/281  293/281  197/281  113/281]
[  41/281  -19/281  -67/281 -103/281 -127/281 -139/281 -139/281 -127/281 -103/281  -67/281  -19/281   41/281  113/281  197/281  293/281]
[ 401/281  521/281  653/281  797/281  953/281 1121/281 1301/281 1493/281 1697/281 1913/281 2141/281 2381/281 2633/281 2897/281 3173/281]
[2899/281 2637/281 2387/281 2149/281 1923/281 1709/281 1507/281 1317/281 1139/281  973/281  819/281  677/281  547/281  429/281  323/281]
[ 229/281  147/281   77/281   19/281  -27/281  -61/281  -83/281  -93/281  -91/281  -77/281  -51/281  -13/281   37/281   99/281  173/281]
[ 259/281  357/281  467/281  589/281  723/281  869/281 1027/281 1197/281 1379/281 1573/281 1779/281 1997/281 2227/281 2469/281 2723/281]
[2989/281 3267/281 2995/281 2735/281 2487/281 2251/281 2027/281 1815/281 1615/281 1427/281 1251/281 1087/281  935/281  795/281  667/281]
[ 551/281  447/281  355/281  275/281  207/281  151/281  107/281   75/281   55/281   47/281   51/281   67/281   95/281  135/281  187/281]
[ 251/281  327/281  415/281  515/281  627/281  751/281  887/281 1035/281 1195/281 1367/281 1551/281 1747/281 1955/281 2175/281 2407/281]
[2651/281 2907/281 3175/281 2893/281 2623/281 2365/281 2119/281 1885/281 1663/281 1453/281 1255/281 1069/281  895/281  733/281  583/281]
[ 445/281  319/281  205/281  103/281   13/281  -65/281 -131/281 -185/281 -227/281 -257/281 -275/281        0        0        0        0]
Unobstructed
2
---------------------------
---------------------------
