13a2037
Correction terms
[      -1   97/265  123/265 -187/265  227/265    61/53   47/265  -17/265  113/265  -93/265   -21/53   77/265  -77/265  -37/265  197/265]
[   19/53  187/265  -57/265 -107/265   37/265   -31/53 -153/265   43/265  -97/265  -43/265    41/53  117/265  223/265   -7/265  -43/265]
[   23/53  -63/265  -47/265  163/265   37/265    21/53  367/265  293/265 -117/265  197/265    35/53 -183/265  183/265  213/265  -93/265]
[   65/53  407/265  153/265   93/265  227/265     5/53   17/265  203/265      1/5   97/265    67/53  237/265  333/265   93/265   47/265]
[   39/53    7/265   13/265  213/265   77/265    27/53  387/265  303/265 -117/265  187/265    31/53 -213/265  143/265  163/265 -153/265]
[   51/53  327/265   63/265   -7/265  117/265   -19/53 -113/265   63/265  -97/265  -63/265    33/53   57/265  143/265 -107/265 -163/265]
[   -5/53 -223/265 -227/265  -37/265 -183/265   -27/53  107/265   13/265  113/265 -123/265   -33/53  -13/265 -197/265 -187/265   17/265]
[  -23/53     -1/5  203/265  123/265 -293/265     3/53  -13/265 -377/265  -17/265    7/265   -61/53  107/265  183/265  -77/265 -143/265]
[   -3/53 -223/265 -237/265  -57/265 -213/265   -35/53   57/265  -47/265   43/265 -203/265   -51/53 -113/265 -307/265 -307/265 -113/265]
[  -51/53 -203/265   43/265  -47/265   57/265   -35/53 -213/265  -57/265 -237/265 -223/265    -3/53 -143/265  -77/265  183/265  107/265]
[  -61/53    7/265  -17/265 -377/265  -13/265     3/53 -293/265  123/265  203/265     -1/5   -23/53   17/265 -187/265 -197/265  -13/265]
[  -33/53 -123/265  113/265   13/265  107/265   -27/53 -183/265  -37/265 -227/265 -223/265    -5/53 -163/265 -107/265  143/265   57/265]
[   33/53  -63/265  -97/265   63/265 -113/265   -19/53  117/265   -7/265   63/265  327/265    51/53 -153/265  163/265  143/265 -213/265]
[   31/53  187/265 -117/265  303/265  387/265    27/53   77/265  213/265   13/265    7/265    39/53   47/265   93/265  333/265  237/265]
[   67/53   97/265      1/5  203/265   17/265     5/53  227/265   93/265  153/265  407/265    65/53  -93/265  213/265  183/265 -183/265]
[   35/53  197/265 -117/265  293/265  367/265    21/53   37/265  163/265  -47/265  -63/265    23/53  -43/265   -7/265  223/265  117/265]
[   41/53  -43/265  -97/265   43/265 -153/265   -31/53   37/265 -107/265  -57/265  187/265    19/53  197/265  -37/265  -77/265   77/265]
[  -21/53  -93/265  113/265  -17/265   47/265    61/53  227/265 -187/265  123/265   97/265        0        0        0        0        0]
Testing obstruction for
m1: 4, m2: 22,a: 3
[      -1 -251/265 -209/265 -139/265  -41/265    17/53  239/265  421/265  631/265  869/265   227/53  899/265  691/265  511/265  359/265]
[   47/53  139/265   71/265   31/265   19/265     7/53   79/265  151/265  251/265  379/265   107/53  719/265  931/265 1171/265  909/265]
[  135/53  469/265  291/265  141/265   19/265   -15/53 -141/265 -179/265 -189/265 -171/265   -25/53  -51/265   51/265  181/265  339/265]
[  105/53  739/265  981/265 1251/265 1019/265   163/53  639/265  491/265      7/5  279/265    43/53  179/265  171/265  191/265  239/265]
[   63/53  419/265  551/265  711/265  899/265   223/53 1359/265 1101/265  871/265  669/265    99/53  349/265  231/265  141/265   79/265]
[    9/53   39/265   61/265  111/265  189/265    59/53  429/265  591/265  781/265  999/265   249/53  989/265  761/265  561/265  389/265]
[   49/53  129/265   41/265  -19/265  -51/265   -11/53  -31/265   21/265  101/265  209/265    69/53  509/265  701/265  921/265 1169/265]
[  183/53     13/5  491/265  321/265  179/265    13/53  -21/265  -79/265 -109/265 -111/265   -17/53  -31/265   51/265  161/265  299/265]
[   93/53  659/265  881/265 1131/265  879/265   131/53  459/265  291/265  151/265   39/265    -9/53 -101/265 -129/265 -129/265 -101/265]
[   -9/53   39/265  151/265  291/265  459/265   131/53  879/265 1131/265  881/265  659/265    93/53  299/265  161/265   51/265  -31/265]
[  -17/53 -111/265 -109/265  -79/265  -21/265    13/53  179/265  321/265  491/265     13/5   183/53 1169/265  921/265  701/265  509/265]
[   69/53  209/265  101/265   21/265  -31/265   -11/53  -51/265  -19/265   41/265  129/265    49/53  389/265  561/265  761/265  989/265]
[  249/53  999/265  781/265  591/265  429/265    59/53  189/265  111/265   61/265   39/265     9/53   79/265  141/265  231/265  349/265]
[   99/53  669/265  871/265 1101/265 1359/265   223/53  899/265  711/265  551/265  419/265    63/53  239/265  191/265  171/265  179/265]
[   43/53  279/265      7/5  491/265  639/265   163/53 1019/265 1251/265  981/265  739/265   105/53  339/265  181/265   51/265  -51/265]
[  -25/53 -171/265 -189/265 -179/265 -141/265   -15/53   19/265  141/265  291/265  469/265   135/53  909/265 1171/265  931/265  719/265]
[  107/53  379/265  251/265  151/265   79/265     7/53   19/265   31/265   71/265  139/265    47/53  359/265  511/265  691/265  899/265]
[  227/53  869/265  631/265  421/265  239/265    17/53  -41/265 -139/265 -209/265 -251/265        0        0        0        0        0]
Testing obstruction for
m1: 10, m2: 16,a: 9
[      -1 -237/265 -153/265  -13/265  183/265    87/53  213/265   47/265  -63/265 -117/265   -23/53  -57/265   57/265  227/265  453/265]
[   41/53   13/265 -123/265 -203/265 -227/265   -39/53 -107/265   37/265  237/265  493/265    55/53  113/265    7/265  -43/265  -37/265]
[    5/53  143/265  317/265  547/265  303/265    23/53  -17/265  -93/265 -113/265  -77/265     3/53  163/265  367/265  627/265  413/265]
[   51/53  153/265  107/265  117/265  183/265    61/53  483/265  717/265      9/5  293/265    33/53   93/265   77/265  117/265  213/265]
[   73/53  573/265  837/265  627/265  473/265    75/53  333/265  347/265  417/265  543/265   145/53  963/265  727/265  547/265  423/265]
[   71/53  343/265  387/265  487/265  643/265   171/53  593/265  387/265  237/265  143/265    21/53  123/265  197/265  327/265  513/265]
[  151/53  523/265  347/265  227/265  163/265    31/53  203/265  307/265  467/265  683/265    85/53  223/265   77/265  -13/265  -47/265]
[   -5/53      1/5  187/265  377/265  623/265    79/53  223/265  107/265   47/265   43/265    19/53  203/265  367/265  587/265  333/265]
[   27/53   -7/265  -93/265 -123/265  -97/265    -3/53  123/265  317/265  567/265  343/265    35/53   63/265    7/265    7/265   63/265]
[   35/53  343/265  567/265  317/265  123/265    -3/53  -97/265 -123/265  -93/265   -7/265    27/53  333/265  587/265  367/265  203/265]
[   19/53   43/265   47/265  107/265  223/265    79/53  623/265  377/265  187/265      1/5    -5/53  -47/265  -13/265   77/265  223/265]
[   85/53  683/265  467/265  307/265  203/265    31/53  163/265  227/265  347/265  523/265   151/53  513/265  327/265  197/265  123/265]
[   21/53  143/265  237/265  387/265  593/265   171/53  643/265  487/265  387/265  343/265    71/53  423/265  547/265  727/265  963/265]
[  145/53  543/265  417/265  347/265  333/265    75/53  473/265  627/265  837/265  573/265    73/53  213/265  117/265   77/265   93/265]
[   33/53  293/265      9/5  717/265  483/265    61/53  183/265  117/265  107/265  153/265    51/53  413/265  627/265  367/265  163/265]
[    3/53  -77/265 -113/265  -93/265  -17/265    23/53  303/265  547/265  317/265  143/265     5/53  -37/265  -43/265    7/265  113/265]
[   55/53  493/265  237/265   37/265 -107/265   -39/53 -227/265 -203/265 -123/265   13/265    41/53  453/265  227/265   57/265  -57/265]
[  -23/53 -117/265  -63/265   47/265  213/265    87/53  183/265  -13/265 -153/265 -237/265        0        0        0        0        0]
[-237/265, -153/265, -13/265, 183/265, 87/53, 213/265, 47/265, -63/265, -117/265, -23/53, -57/265, 57/265, 227/265, 453/265, 41/53, 13/265, -123/265]
122 [-237/265, -153/265, -13/265, 183/265, -19/53, 213/265, 47/265, -63/265, -117/265, -23/53, -57/265, 57/265, 227/265, -77/265, 41/53, 13/265, 407/265]
---------------------------
SUCCESS for name = 13a2037
---------------------------
13a2042
Correction terms
[      -1 -193/153   -7/153   -23/17  125/153   71/153    -7/17   29/153 -265/153    -3/17 -175/153  -97/153   -11/17  125/153  -37/153]
[    3/17   11/153     -5/9     5/17 -211/153 -241/153    -5/17   71/153 -199/153     7/17  -61/153   41/153     7/17 -301/153 -133/153]
[   -5/17  -37/153 -109/153     5/17    -11/9  113/153     3/17 -139/153  -79/153   -11/17 -199/153  -73/153    -3/17  -61/153  131/153]
[   -7/17  -31/153  -79/153   -23/17 -109/153  -91/153       -1   11/153   95/153   -23/17   23/153 -133/153    -7/17  -73/153 -163/153]
[   -3/17   29/153    5/153   -11/17   23/153 -241/153     3/17  -91/153    -17/9     5/17   -7/153 -139/153    -5/17  -31/153  -97/153]
[    7/17 -163/153 -163/153     7/17  -97/153  -31/153    -5/17 -139/153   -7/153     5/17    -17/9  -91/153     3/17 -241/153   23/153]
[  -11/17    5/153   29/153    -3/17 -163/153  -73/153    -7/17 -133/153   23/153   -23/17   95/153   11/153       -1  -91/153 -109/153]
[  -23/17  -79/153  -31/153    -7/17  131/153  -61/153    -3/17  -73/153 -199/153   -11/17  -79/153 -139/153     3/17  113/153    -11/9]
[    5/17 -109/153  -37/153    -5/17 -133/153 -301/153     7/17   41/153  -61/153     7/17 -199/153   71/153    -5/17 -241/153 -211/153]
[    5/17     -5/9   11/153     3/17  -37/153  125/153   -11/17  -97/153 -175/153    -3/17 -265/153   29/153    -7/17   71/153  125/153]
[  -23/17   -7/153 -193/153        0        0        0        0        0        0        0        0        0        0        0        0]
Testing obstruction for
m1: 2, m2: 26,a: 0
Obstructed by Z^n/Q not being cyclic
Testing obstruction for
m1: 4, m2: 14,a: 3
[      -1 -139/153  -97/153    -3/17   71/153  197/153    39/17  227/153  131/153     7/17   23/153   11/153     3/17   71/153  143/153]
[   27/17  371/153     13/9    11/17    5/153  -61/153   -11/17 -109/153  -91/153    -5/17   29/153  131/153    29/17  419/153  299/153]
[   23/17  143/153  107/153    11/17      7/9  167/153    27/17  347/153  479/153    37/17  215/153  125/153     7/17   29/153   23/153]
[    5/17   95/153  173/153    31/17  413/153  269/153        1   65/153    5/153    -3/17  -31/153   -7/153     5/17  125/153  233/153]
[   41/17  227/153  113/153     3/17  -31/153  -61/153    -7/17  -37/153      1/9    11/17  209/153  347/153    23/17   95/153   11/153]
[   -5/17  -73/153  -73/153    -5/17   11/153   95/153    23/17  347/153  209/153    11/17      1/9  -37/153    -7/17  -61/153  -31/153]
[    3/17  113/153  227/153    41/17  233/153  125/153     5/17   -7/153  -31/153    -3/17    5/153   65/153        1  269/153  413/153]
[   31/17  173/153   95/153     5/17   23/153   29/153     7/17  125/153  215/153    37/17  479/153  347/153    27/17  167/153      7/9]
[   11/17  107/153  143/153    23/17  299/153  419/153    29/17  131/153   29/153    -5/17  -91/153 -109/153   -11/17  -61/153    5/153]
[   11/17     13/9  371/153    27/17  143/153   71/153     3/17   11/153   23/153     7/17  131/153  227/153    39/17  197/153   71/153]
[   -3/17  -97/153 -139/153        0        0        0        0        0        0        0        0        0        0        0        0]
Unobstructed
37
---------------------------
---------------------------
13a2069
Correction terms
[      -1  -67/157 -111/157   25/157   27/157 -105/157  -57/157  171/157  -49/157  -89/157 -263/157   57/157  -71/157  -19/157 -101/157]
[  -3/157  -39/157  105/157  115/157   -9/157   47/157  -31/157   71/157 -275/157 -127/157 -113/157   81/157 -173/157   67/157 -141/157]
[ 145/157  -17/157    1/157 -115/157  -51/157 -121/157  -11/157  -35/157 -193/157 -171/157   31/157   99/157   33/157 -167/157  127/157]
[ -27/157   -1/157 -109/157  -37/157  -99/157   19/157    3/157 -147/157 -117/157   93/157  169/157 -203/157  -81/157  -93/157   75/157]
[-205/157    9/157 -225/157   35/157 -153/157  153/157   11/157   49/157  -47/157   37/157  -13/157 -197/157 -201/157  -25/157   17/157]
[ -75/157   13/157  -33/157  101/157  101/157  -33/157   13/157  -75/157   17/157  -25/157 -201/157 -197/157  -13/157   37/157  -47/157]
[  49/157   11/157  153/157 -153/157   35/157 -225/157    9/157 -205/157   75/157  -93/157  -81/157 -203/157  169/157   93/157 -117/157]
[-147/157    3/157   19/157  -99/157  -37/157 -109/157   -1/157  -27/157  127/157 -167/157   33/157   99/157   31/157 -171/157 -193/157]
[ -35/157  -11/157 -121/157  -51/157 -115/157    1/157  -17/157  145/157 -141/157   67/157 -173/157   81/157 -113/157 -127/157 -275/157]
[  71/157  -31/157   47/157   -9/157  115/157  105/157  -39/157   -3/157 -101/157  -19/157  -71/157   57/157 -263/157  -89/157  -49/157]
[ 171/157  -57/157 -105/157   27/157   25/157 -111/157  -67/157        0        0        0        0        0        0        0        0]
Testing obstruction for
m1: 4, m2: 12,a: 1
[      -1 -143/157 -101/157  -31/157   67/157  193/157  347/157  215/157  111/157   35/157  -13/157  -33/157  -25/157   11/157   75/157]
[ 167/157  287/157  435/157  297/157  187/157  105/157   51/157   25/157   27/157   57/157  115/157  201/157  315/157  457/157  313/157]
[ 197/157  109/157   49/157   17/157   13/157   37/157   89/157  169/157  277/157  413/157  263/157  141/157   47/157  -19/157  -57/157]
[ -67/157  -49/157   -3/157   71/157  173/157  303/157  461/157  333/157  233/157  161/157  117/157  101/157  113/157  153/157  221/157]
[ 317/157  441/157  279/157  145/157   39/157  -39/157  -89/157 -111/157 -105/157  -71/157   -9/157   81/157  199/157  345/157  205/157]
[  93/157    9/157  -47/157  -75/157  -75/157  -47/157    9/157   93/157  205/157  345/157  199/157   81/157   -9/157  -71/157 -105/157]
[-111/157  -89/157  -39/157   39/157  145/157  279/157  441/157  317/157  221/157  153/157  113/157  101/157  117/157  161/157  233/157]
[ 333/157  461/157  303/157  173/157   71/157   -3/157  -49/157  -67/157  -57/157  -19/157   47/157  141/157  263/157  413/157  277/157]
[ 169/157   89/157   37/157   13/157   17/157   49/157  109/157  197/157  313/157  457/157  315/157  201/157  115/157   57/157   27/157]
[  25/157   51/157  105/157  187/157  297/157  435/157  287/157  167/157   75/157   11/157  -25/157  -33/157  -13/157   35/157  111/157]
[ 215/157  347/157  193/157   67/157  -31/157 -101/157 -143/157        0        0        0        0        0        0        0        0]
Testing obstruction for
m1: 40, m2: 40,a: 39
[      -1 -153/157 -141/157 -121/157  -93/157  -57/157  -13/157   39/157   99/157  167/157  243/157  327/157  419/157  519/157  627/157]
[ 743/157  867/157  999/157 1139/157 1287/157 1443/157 1293/157 1151/157 1017/157  891/157  773/157  663/157  561/157  467/157  381/157]
[ 303/157  233/157  171/157  117/157   71/157   33/157    3/157  -19/157  -33/157  -39/157  -37/157  -27/157   -9/157   17/157   51/157]
[  93/157  143/157  201/157  267/157  341/157  423/157  513/157  611/157  717/157  831/157  953/157 1083/157 1221/157 1367/157 1521/157]
[1369/157 1225/157 1089/157  961/157  841/157  729/157  625/157  529/157  441/157  361/157  289/157  225/157  169/157  121/157   81/157]
[  49/157   25/157    9/157    1/157    1/157    9/157   25/157   49/157   81/157  121/157  169/157  225/157  289/157  361/157  441/157]
[ 529/157  625/157  729/157  841/157  961/157 1089/157 1225/157 1369/157 1521/157 1367/157 1221/157 1083/157  953/157  831/157  717/157]
[ 611/157  513/157  423/157  341/157  267/157  201/157  143/157   93/157   51/157   17/157   -9/157  -27/157  -37/157  -39/157  -33/157]
[ -19/157    3/157   33/157   71/157  117/157  171/157  233/157  303/157  381/157  467/157  561/157  663/157  773/157  891/157 1017/157]
[1151/157 1293/157 1443/157 1287/157 1139/157  999/157  867/157  743/157  627/157  519/157  419/157  327/157  243/157  167/157   99/157]
[  39/157  -13/157  -57/157  -93/157 -121/157 -141/157 -153/157        0        0        0        0        0        0        0        0]
Unobstructed
64
---------------------------
---------------------------
13a2098
Correction terms
[      -1  -97/221 -167/221   11/221   -5/221 -215/221  265/221  109/221  201/221   99/221 -197/221  197/221  -45/221    -3/17 -227/221]
[-167/221  141/221   -11/13  175/221  -99/221 -125/221   97/221  125/221  -41/221   41/221  -71/221     5/17    7/221 -245/221 -249/221]
[  -5/221   45/221  -99/221    5/221    -5/13   73/221   37/221  249/221 -175/221     7/17  163/221   41/221  167/221 -343/221 -163/221]
[-177/221   57/221   97/221  -57/221   37/221  -63/221     5/13     3/17 -201/221  249/221   63/221  125/221   -7/221 -333/221   31/221]
[-241/221  177/221  -41/221  -11/221  267/221    -7/17  241/221  -63/221    -7/13   73/221   71/221 -125/221  -73/221 -215/221 -109/221]
[-197/221  -37/221  -71/221    11/17  163/221  -11/221   63/221  -57/221   71/221    5/221    11/13 -267/221  -31/221   11/221 -141/221]
[ -45/221   -11/17    7/221  -37/221  167/221  177/221   -7/221   57/221  -73/221   45/221  -31/221 -301/221     7/13  -97/221    -5/17]
[-227/221 -141/221  193/221 -109/221  279/221   31/221   31/221  279/221 -109/221  193/221 -141/221 -227/221    -5/17  -97/221     7/13]
[-301/221  -31/221   45/221  -73/221   57/221   -7/221  177/221  167/221  -37/221    7/221   -11/17  -45/221 -141/221   11/221  -31/221]
[-267/221    11/13    5/221   71/221  -57/221   63/221  -11/221  163/221    11/17  -71/221  -37/221 -197/221 -109/221 -215/221  -73/221]
[-125/221   71/221   73/221    -7/13  -63/221  241/221    -7/17  267/221  -11/221  -41/221  177/221 -241/221   31/221 -333/221   -7/221]
[ 125/221   63/221  249/221 -201/221     3/17     5/13  -63/221   37/221  -57/221   97/221   57/221 -177/221 -163/221 -343/221  167/221]
[  41/221  163/221     7/17 -175/221  249/221   37/221   73/221    -5/13    5/221  -99/221   45/221   -5/221 -249/221 -245/221    7/221]
[    5/17  -71/221   41/221  -41/221  125/221   97/221 -125/221  -99/221  175/221   -11/13  141/221 -167/221 -227/221    -3/17  -45/221]
[ 197/221 -197/221   99/221  201/221  109/221  265/221 -215/221   -5/221   11/221 -167/221  -97/221        0        0        0        0]
Testing obstruction for
m1: 2, m2: 38,a: 1
[      -1 -215/221 -197/221 -167/221 -125/221  -71/221   -5/221   73/221  163/221  265/221  379/221  505/221  643/221    61/17  955/221]
[1129/221 1315/221    89/13 1723/221 1945/221 1737/221 1541/221 1357/221 1185/221 1025/221  877/221    57/17  617/221  505/221  405/221]
[ 317/221  241/221  177/221  125/221     5/13   57/221   41/221   37/221   45/221     5/17   97/221  141/221  197/221  265/221  345/221]
[ 437/221  541/221  657/221  785/221  925/221 1077/221    73/13   109/17 1605/221 1805/221 2017/221 1799/221 1593/221 1399/221 1217/221]
[1047/221  889/221  743/221  609/221  487/221    29/17  279/221  193/221     7/13   57/221    7/221  -31/221  -57/221  -71/221  -73/221]
[ -63/221  -41/221   -7/221     3/17   97/221  167/221  249/221  343/221  449/221  567/221    41/13  839/221  993/221 1159/221 1337/221]
[1527/221   133/17 1943/221 1727/221 1523/221 1331/221 1151/221  983/221  827/221  683/221  551/221  431/221    19/13  227/221    11/17]
[  71/221   11/221  -37/221  -73/221  -97/221 -109/221 -109/221  -97/221  -73/221  -37/221   11/221   71/221    11/17  227/221    19/13]
[ 431/221  551/221  683/221  827/221  983/221 1151/221 1331/221 1523/221 1727/221 1943/221   133/17 1527/221 1337/221 1159/221  993/221]
[ 839/221    41/13  567/221  449/221  343/221  249/221  167/221   97/221     3/17   -7/221  -41/221  -63/221  -73/221  -71/221  -57/221]
[ -31/221    7/221   57/221     7/13  193/221  279/221    29/17  487/221  609/221  743/221  889/221 1047/221 1217/221 1399/221 1593/221]
[1799/221 2017/221 1805/221 1605/221   109/17    73/13 1077/221  925/221  785/221  657/221  541/221  437/221  345/221  265/221  197/221]
[ 141/221   97/221     5/17   45/221   37/221   41/221   57/221     5/13  125/221  177/221  241/221  317/221  405/221  505/221  617/221]
[   57/17  877/221 1025/221 1185/221 1357/221 1541/221 1737/221 1945/221 1723/221    89/13 1315/221 1129/221  955/221    61/17  643/221]
[ 505/221  379/221  265/221  163/221   73/221   -5/221  -71/221 -125/221 -167/221 -197/221 -215/221        0        0        0        0]
Unobstructed
5
---------------------------
---------------------------
13a2119
Correction terms
[      -1  -31/321  197/321  -93/107  467/321 -133/321  -51/107  407/321 -379/321   19/107 -211/321  101/321  117/107 -103/321   23/321]
[  29/107   89/321   29/321  -31/107 -277/321  119/321  -63/107   83/321  293/321  -67/107 -115/321  -91/321  -43/107 -229/321  251/321]
[   9/107  383/321   35/321 -125/107  437/321  -97/321  -17/107  -67/321 -145/321  119/107  155/321 -109/321   69/107 -181/321   11/321]
[  47/107 -433/321  215/321   53/107   41/321  503/321 -127/107  -43/321  233/321  -65/107  -43/321   47/321   25/107   41/321  -55/321]
[ -71/107  209/321  -73/321   75/107 -181/321   -7/321   35/107  155/321  143/321   23/107  -67/321 -265/321   39/107 -205/321   53/321]
[  83/107 -259/321  455/321  -59/107 -229/321  299/321   41/107 -115/321  227/321  -45/107   83/321  239/321 -103/107  365/321 -307/321]
[  81/107   89/321 -127/321   79/107 -103/321  137/321  105/107 -211/321 -157/321  -55/107 -235/321  275/321   27/107 -175/321  149/321]
[ -77/107  -31/321      1/3   61/107  197/321  149/321   13/107 -133/321  275/321   -7/107  263/321 -157/321    1/107  101/321  137/321]
[  37/107   23/321 -127/321  101/107   29/321 -307/321  -21/107  119/321  239/321   99/107 -349/321  227/321   33/107  -91/321  299/321]
[  -5/107  251/321 -187/321  -15/107   35/321   53/321    3/107  -97/321 -265/321   49/107 -145/321  143/321  123/107 -109/321   -7/321]
[  11/107   11/321  -73/321  -73/107  215/321  -55/321   85/107 -139/321   47/321   57/107  233/321  233/321   57/107   47/321 -139/321]
[  85/107  -55/321  215/321  -73/107  -73/321   11/321   11/107   -7/321 -109/321  123/107  143/321 -145/321   49/107 -265/321  -97/321]
[   3/107   53/321   35/321  -15/107 -187/321  251/321   -5/107  299/321  -91/321   33/107  227/321 -349/321   99/107  239/321  119/321]
[ -21/107 -307/321   29/321  101/107 -127/321   23/321   37/107  137/321  101/321    1/107 -157/321  263/321   -7/107  275/321 -133/321]
[  13/107  149/321  197/321   61/107      1/3  -31/321  -77/107  149/321 -175/321   27/107  275/321 -235/321  -55/107 -157/321 -211/321]
[ 105/107  137/321 -103/321   79/107 -127/321   89/321   81/107 -307/321  365/321 -103/107  239/321   83/321  -45/107  227/321 -115/321]
[  41/107  299/321 -229/321  -59/107  455/321 -259/321   83/107   53/321 -205/321   39/107 -265/321  -67/321   23/107  143/321  155/321]
[  35/107   -7/321 -181/321   75/107  -73/321  209/321  -71/107  -55/321   41/321   25/107   47/321  -43/321  -65/107  233/321  -43/321]
[-127/107  503/321   41/321   53/107  215/321 -433/321   47/107   11/321 -181/321   69/107 -109/321  155/321  119/107 -145/321  -67/321]
[ -17/107  -97/321  437/321 -125/107   35/321  383/321    9/107  251/321 -229/321  -43/107  -91/321 -115/321  -67/107  293/321   83/321]
[ -63/107  119/321 -277/321  -31/107   29/321   89/321   29/107   23/321 -103/321  117/107  101/321 -211/321   19/107 -379/321  407/321]
[ -51/107 -133/321  467/321  -93/107  197/321  -31/321        0        0        0        0        0        0        0        0        0]
Testing obstruction for
m1: 2, m2: 54,a: 0
[      -1 -101/321  -83/321  -89/107  -11/321   43/321  -35/107  187/321  277/321   55/107  493/321  619/321  181/107  907/321 1069/321]
[ 343/107 1429/321 1627/321  541/107 2059/321 2293/321  775/107 2797/321 3067/321 1045/107 3643/321 3949/321 1351/107 3955/321 3655/321]
[1051/107 3091/321 2827/321  787/107 2335/321 2107/321  559/107 1687/321 1495/321  367/107 1147/321  991/321  211/107  715/321  595/321]
[  91/107  391/321  307/321    7/107  175/321  127/321  -41/107   67/321   55/321  -53/107   67/321   91/321  -29/107  175/321  235/321]
[  31/107  391/321  487/321  127/107  715/321  847/321  259/107 1147/321 1315/321  427/107 1687/321 1891/321  631/107 2335/321 2575/321]
[ 871/107 3091/321 3367/321 1147/107 3955/321 4267/321 1245/107 3643/321 3349/321  951/107 2797/321 2539/321  693/107 2059/321 1837/321]
[ 471/107 1429/321 1243/321  285/107  907/321  757/321  135/107  493/321  379/321   21/107  187/321  109/321  -57/107  -11/321  -53/321]
[ -99/107 -101/321     -1/3 -105/107  -83/321  -53/321  -75/107   43/321  109/321   -9/107  277/321  379/321   93/107  619/321  757/321]
[ 231/107 1069/321 1243/321  405/107 1627/321 1837/321  615/107 2293/321 2539/321  861/107 3067/321 3349/321 1143/107 3949/321 4267/321]
[1247/107 3655/321 3367/321  959/107 2827/321 2575/321  707/107 2107/321 1891/321  491/107 1495/321 1315/321  311/107  991/321  847/321]
[ 167/107  595/321  487/321   59/107  307/321  235/321  -13/107  127/321   91/321  -49/107   55/321   55/321  -49/107   91/321  127/321]
[ -13/107  235/321  307/321   59/107  487/321  595/321  167/107  847/321  991/321  311/107 1315/321 1495/321  491/107 1891/321 2107/321]
[ 707/107 2575/321 2827/321  959/107 3367/321 3655/321 1247/107 4267/321 3949/321 1143/107 3349/321 3067/321  861/107 2539/321 2293/321]
[ 615/107 1837/321 1627/321  405/107 1243/321 1069/321  231/107  757/321  619/321   93/107  379/321  277/321   -9/107  109/321   43/321]
[ -75/107  -53/321  -83/321 -105/107     -1/3 -101/321  -99/107  -53/321  -11/321  -57/107  109/321  187/321   21/107  379/321  493/321]
[ 135/107  757/321  907/321  285/107 1243/321 1429/321  471/107 1837/321 2059/321  693/107 2539/321 2797/321  951/107 3349/321 3643/321]
[1245/107 4267/321 3955/321 1147/107 3367/321 3091/321  871/107 2575/321 2335/321  631/107 1891/321 1687/321  427/107 1315/321 1147/321]
[ 259/107  847/321  715/321  127/107  487/321  391/321   31/107  235/321  175/321  -29/107   91/321   67/321  -53/107   55/321   67/321]
[ -41/107  127/321  175/321    7/107  307/321  391/321   91/107  595/321  715/321  211/107  991/321 1147/321  367/107 1495/321 1687/321]
[ 559/107 2107/321 2335/321  787/107 2827/321 3091/321 1051/107 3655/321 3955/321 1351/107 3949/321 3643/321 1045/107 3067/321 2797/321]
[ 775/107 2293/321 2059/321  541/107 1627/321 1429/321  343/107 1069/321  907/321  181/107  619/321  493/321   55/107  277/321  187/321]
[ -35/107   43/321  -11/321  -89/107  -83/321 -101/321        0        0        0        0        0        0        0        0        0]
Testing obstruction for
m1: 4, m2: 26,a: 3
[      -1 -307/321 -265/321  -65/107  -97/321   29/321   61/107  365/321  575/321  271/107 1079/321 1373/321  565/107 1403/321 1139/321]
[ 301/107  695/321  515/321  121/107  239/321  143/321   25/107   35/321   23/321   13/107   83/321  155/321   85/107  383/321  539/321]
[ 241/107  935/321 1175/321  481/107 1739/321 1421/321  377/107  869/321  635/321  143/107  251/321  101/321   -7/107 -115/321 -181/321]
[ -73/107 -229/321 -211/321  -55/107  -91/321   11/321   47/107  299/321  485/321  233/107  941/321 1211/321  503/107 1835/321 1547/321]
[ 429/107 1055/321  851/321  225/107  527/321  407/321  105/107  251/321  215/321   69/107  227/321  275/321  117/107  455/321  587/321]
[ 249/107  935/321 1151/321  465/107 1667/321 1967/321  551/107 1367/321 1109/321  293/107  677/321  503/321  119/107  239/321  149/321]
[  29/107   53/321   47/321   23/107  119/321  197/321  101/107  437/321  599/321  263/107 1007/321 1253/321  509/107 1829/321 1517/321]
[ 411/107  977/321      7/3  183/107  377/321  233/321   39/107   29/321  -31/321  -21/107  -67/321  -43/321    3/107   89/321  197/321]
[ 111/107  497/321  689/321  303/107 1157/321 1433/321  579/107 1427/321 1145/321  297/107  665/321  467/321   99/107  155/321   41/321]
[ -15/107 -103/321 -133/321  -45/107 -109/321  -55/321    9/107  137/321  275/321  147/107  635/321  857/321  369/107 1385/321 1691/321]
[ 461/107 1103/321  851/321  209/107  431/321  263/321   41/107   11/321  -73/321  -43/107 -157/321 -157/321  -43/107  -73/321   11/321]
[  41/107  263/321  431/321  209/107  851/321 1103/321  461/107 1691/321 1385/321  369/107  857/321  635/321  147/107  275/321  137/321]
[   9/107  -55/321 -109/321  -45/107 -133/321 -103/321  -15/107   41/321  155/321   99/107  467/321  665/321  297/107 1145/321 1427/321]
[ 579/107 1433/321 1157/321  303/107  689/321  497/321  111/107  197/321   89/321    3/107  -43/321  -67/321  -21/107  -31/321   29/321]
[  39/107  233/321  377/321  183/107      7/3  977/321  411/107 1517/321 1829/321  509/107 1253/321 1007/321  263/107  599/321  437/321]
[ 101/107  197/321  119/321   23/107   47/321   53/321   29/107  149/321  239/321  119/107  503/321  677/321  293/107 1109/321 1367/321]
[ 551/107 1967/321 1667/321  465/107 1151/321  935/321  249/107  587/321  455/321  117/107  275/321  227/321   69/107  215/321  251/321]
[ 105/107  407/321  527/321  225/107  851/321 1055/321  429/107 1547/321 1835/321  503/107 1211/321  941/321  233/107  485/321  299/321]
[  47/107   11/321  -91/321  -55/107 -211/321 -229/321  -73/107 -181/321 -115/321   -7/107  101/321  251/321  143/107  635/321  869/321]
[ 377/107 1421/321 1739/321  481/107 1175/321  935/321  241/107  539/321  383/321   85/107  155/321   83/321   13/107   23/321   35/321]
[  25/107  143/321  239/321  121/107  515/321  695/321  301/107 1139/321 1403/321  565/107 1373/321 1079/321  271/107  575/321  365/321]
[  61/107   29/321  -97/321  -65/107 -265/321 -307/321        0        0        0        0        0        0        0        0        0]
Unobstructed
89
---------------------------
---------------------------
