13a1615
Correction terms
[      -1 -249/389  171/389   93/389  295/389   -1/389  -17/389  247/389   13/389   59/389  385/389  213/389  321/389  -69/389 -179/389]
[  -9/389 -337/389 -385/389 -153/389 -419/389 -405/389 -111/389 -315/389 -239/389  117/389  -25/389  113/389 -247/389 -327/389 -127/389]
[ 353/389  335/389  597/389  361/389  405/389  -49/389 -223/389 -117/389  269/389  157/389  325/389   -5/389  -55/389  175/389  -93/389]
[ -81/389  211/389    5/389   79/389  433/389  289/389  425/389   63/389  -19/389  179/389 -121/389 -141/389  119/389 -119/389  -77/389]
[ 245/389   69/389  173/389 -221/389 -335/389 -169/389  277/389  225/389  453/389  183/389  193/389  483/389  275/389  347/389  -79/389]
[-225/389  -91/389  323/389  239/389  435/389  133/389  111/389  369/389  129/389  169/389  489/389  311/389  413/389   17/389  -99/389]
[  65/389 -269/389 -323/389  -97/389 -369/389 -361/389  -73/389 -283/389 -213/389  137/389  -11/389  121/389 -245/389 -331/389 -137/389]
[ 337/389  313/389  569/389  327/389  365/389  -95/389 -275/389 -175/389  205/389   87/389  249/389  -87/389 -143/389   81/389 -193/389]
[-187/389   99/389 -113/389  -45/389  303/389  153/389  283/389  -85/389 -173/389   19/389 -287/389 -313/389  -59/389 -303/389 -267/389]
[  49/389 -133/389  -35/389 -435/389 -555/389 -395/389   45/389  -13/389  209/389  -67/389  -63/389  221/389    7/389   73/389  419/389]
[ 267/389  395/389   25/389  -65/389  125/389 -183/389 -211/389   41/389 -205/389 -171/389  143/389  -41/389   55/389  431/389  309/389]
[ 467/389  127/389   67/389  287/389    9/389   11/389  293/389   77/389  141/389 -293/389 -447/389 -321/389   85/389   -7/389  181/389]
[-129/389 -159/389   91/389 -157/389 -125/389  187/389    1/389   95/389  469/389  345/389  501/389  159/389   97/389  315/389   35/389]
[  35/389  315/389   97/389  159/389  501/389  345/389  469/389   95/389    1/389  187/389 -125/389 -157/389   91/389 -159/389 -129/389]
[ 181/389   -7/389   85/389 -321/389 -447/389 -293/389  141/389   77/389  293/389   11/389    9/389  287/389   67/389  127/389  467/389]
[ 309/389  431/389   55/389  -41/389  143/389 -171/389 -205/389   41/389 -211/389 -183/389  125/389  -65/389   25/389  395/389  267/389]
[ 419/389   73/389    7/389  221/389  -63/389  -67/389  209/389  -13/389   45/389 -395/389 -555/389 -435/389  -35/389 -133/389   49/389]
[-267/389 -303/389  -59/389 -313/389 -287/389   19/389 -173/389  -85/389  283/389  153/389  303/389  -45/389 -113/389   99/389 -187/389]
[-193/389   81/389 -143/389  -87/389  249/389   87/389  205/389 -175/389 -275/389  -95/389  365/389  327/389  569/389  313/389  337/389]
[-137/389 -331/389 -245/389  121/389  -11/389  137/389 -213/389 -283/389  -73/389 -361/389 -369/389  -97/389 -323/389 -269/389   65/389]
[ -99/389   17/389  413/389  311/389  489/389  169/389  129/389  369/389  111/389  133/389  435/389  239/389  323/389  -91/389 -225/389]
[ -79/389  347/389  275/389  483/389  193/389  183/389  453/389  225/389  277/389 -169/389 -335/389 -221/389  173/389   69/389  245/389]
[ -77/389 -119/389  119/389 -141/389 -121/389  179/389  -19/389   63/389  425/389  289/389  433/389   79/389    5/389  211/389  -81/389]
[ -93/389  175/389  -55/389   -5/389  325/389  157/389  269/389 -117/389 -223/389  -49/389  405/389  361/389  597/389  335/389  353/389]
[-127/389 -327/389 -247/389  113/389  -25/389  117/389 -239/389 -315/389 -111/389 -405/389 -419/389 -153/389 -385/389 -337/389   -9/389]
[-179/389  -69/389  321/389  213/389  385/389   59/389   13/389  247/389  -17/389   -1/389  295/389   93/389  171/389 -249/389        0]
Testing obstruction for
m1: 2, m2: 66,a: 1
[      -1 -383/389 -365/389 -335/389 -293/389 -239/389 -173/389  -95/389   -5/389   97/389  211/389  337/389  475/389  625/389  787/389]
[ 961/389 1147/389 1345/389 1555/389 1777/389 2011/389 2257/389 2515/389 2785/389 3067/389 3361/389 3667/389 3985/389 4315/389 4657/389]
[5011/389 5377/389 5755/389 6145/389 5769/389 5405/389 5053/389 4713/389 4385/389 4069/389 3765/389 3473/389 3193/389 2925/389 2669/389]
[2425/389 2193/389 1973/389 1765/389 1569/389 1385/389 1213/389 1053/389  905/389  769/389  645/389  533/389  433/389  345/389  269/389]
[ 205/389  153/389  113/389   85/389   69/389   65/389   73/389   93/389  125/389  169/389  225/389  293/389  373/389  465/389  569/389]
[ 685/389  813/389  953/389 1105/389 1269/389 1445/389 1633/389 1833/389 2045/389 2269/389 2505/389 2753/389 3013/389 3285/389 3569/389]
[3865/389 4173/389 4493/389 4825/389 5169/389 5525/389 5893/389 6273/389 5887/389 5513/389 5151/389 4801/389 4463/389 4137/389 3823/389]
[3521/389 3231/389 2953/389 2687/389 2433/389 2191/389 1961/389 1743/389 1537/389 1343/389 1161/389  991/389  833/389  687/389  553/389]
[ 431/389  321/389  223/389  137/389   63/389    1/389  -49/389  -87/389 -113/389 -127/389 -129/389 -119/389  -97/389  -63/389  -17/389]
[  41/389  111/389  193/389  287/389  393/389  511/389  641/389  783/389  937/389 1103/389 1281/389 1471/389 1673/389 1887/389 2113/389]
[2351/389 2601/389 2863/389 3137/389 3423/389 3721/389 4031/389 4353/389 4687/389 5033/389 5391/389 5761/389 6143/389 5759/389 5387/389]
[5027/389 4679/389 4343/389 4019/389 3707/389 3407/389 3119/389 2843/389 2579/389 2327/389 2087/389 1859/389 1643/389 1439/389 1247/389]
[1067/389  899/389  743/389  599/389  467/389  347/389  239/389  143/389   59/389  -13/389  -73/389 -121/389 -157/389 -181/389 -193/389]
[-193/389 -181/389 -157/389 -121/389  -73/389  -13/389   59/389  143/389  239/389  347/389  467/389  599/389  743/389  899/389 1067/389]
[1247/389 1439/389 1643/389 1859/389 2087/389 2327/389 2579/389 2843/389 3119/389 3407/389 3707/389 4019/389 4343/389 4679/389 5027/389]
[5387/389 5759/389 6143/389 5761/389 5391/389 5033/389 4687/389 4353/389 4031/389 3721/389 3423/389 3137/389 2863/389 2601/389 2351/389]
[2113/389 1887/389 1673/389 1471/389 1281/389 1103/389  937/389  783/389  641/389  511/389  393/389  287/389  193/389  111/389   41/389]
[ -17/389  -63/389  -97/389 -119/389 -129/389 -127/389 -113/389  -87/389  -49/389    1/389   63/389  137/389  223/389  321/389  431/389]
[ 553/389  687/389  833/389  991/389 1161/389 1343/389 1537/389 1743/389 1961/389 2191/389 2433/389 2687/389 2953/389 3231/389 3521/389]
[3823/389 4137/389 4463/389 4801/389 5151/389 5513/389 5887/389 6273/389 5893/389 5525/389 5169/389 4825/389 4493/389 4173/389 3865/389]
[3569/389 3285/389 3013/389 2753/389 2505/389 2269/389 2045/389 1833/389 1633/389 1445/389 1269/389 1105/389  953/389  813/389  685/389]
[ 569/389  465/389  373/389  293/389  225/389  169/389  125/389   93/389   73/389   65/389   69/389   85/389  113/389  153/389  205/389]
[ 269/389  345/389  433/389  533/389  645/389  769/389  905/389 1053/389 1213/389 1385/389 1569/389 1765/389 1973/389 2193/389 2425/389]
[2669/389 2925/389 3193/389 3473/389 3765/389 4069/389 4385/389 4713/389 5053/389 5405/389 5769/389 6145/389 5755/389 5377/389 5011/389]
[4657/389 4315/389 3985/389 3667/389 3361/389 3067/389 2785/389 2515/389 2257/389 2011/389 1777/389 1555/389 1345/389 1147/389  961/389]
[ 787/389  625/389  475/389  337/389  211/389   97/389   -5/389  -95/389 -173/389 -239/389 -293/389 -335/389 -365/389 -383/389        0]
Testing obstruction for
m1: 8, m2: 14,a: 2
[      -1 -359/389 -269/389 -119/389   91/389  361/389  691/389 1081/389  753/389  485/389  277/389  129/389   41/389   13/389   45/389]
[ 137/389  289/389  501/389  773/389 1105/389 1497/389 1171/389  905/389  699/389  553/389  467/389  441/389  475/389  569/389  723/389]
[ 937/389 1211/389 1545/389 1161/389  837/389  573/389  369/389  225/389  141/389  117/389  153/389  249/389  405/389  621/389  897/389]
[1233/389  851/389  529/389  267/389   65/389  -77/389 -159/389 -181/389 -143/389  -45/389  113/389  331/389  609/389  947/389 1345/389]
[1025/389  765/389  565/389  425/389  345/389  325/389  365/389  465/389  625/389  845/389 1125/389 1465/389 1087/389  769/389  511/389]
[ 313/389  175/389   97/389   79/389  121/389  223/389  385/389  607/389  889/389 1231/389  855/389  539/389  283/389   87/389  -49/389]
[-125/389 -141/389  -97/389    7/389  171/389  395/389  679/389 1023/389  649/389  335/389   81/389 -113/389 -247/389 -321/389 -335/389]
[-289/389 -183/389  -17/389  209/389  495/389  841/389 1247/389  935/389  683/389  491/389  359/389  287/389  275/389  323/389  431/389]
[ 599/389  827/389 1115/389 1463/389 1093/389  783/389  533/389  343/389  213/389  143/389  133/389  183/389  293/389  463/389  693/389]
[ 983/389 1333/389  965/389  657/389  409/389  221/389   93/389   25/389   17/389   69/389  181/389  353/389  585/389  877/389 1229/389]
[ 863/389  557/389  311/389  125/389   -1/389  -67/389  -73/389  -19/389   95/389  269/389  503/389  797/389 1151/389 1565/389 1261/389]
[1017/389  833/389  709/389  645/389  641/389  697/389  813/389  989/389 1225/389 1521/389 1099/389  737/389  435/389  193/389   11/389]
[-111/389 -173/389 -175/389 -117/389    1/389  179/389  417/389  715/389 1073/389  713/389  413/389  173/389   -7/389 -127/389 -187/389]
[-187/389 -127/389   -7/389  173/389  413/389  713/389 1073/389  715/389  417/389  179/389    1/389 -117/389 -175/389 -173/389 -111/389]
[  11/389  193/389  435/389  737/389 1099/389 1521/389 1225/389  989/389  813/389  697/389  641/389  645/389  709/389  833/389 1017/389]
[1261/389 1565/389 1151/389  797/389  503/389  269/389   95/389  -19/389  -73/389  -67/389   -1/389  125/389  311/389  557/389  863/389]
[1229/389  877/389  585/389  353/389  181/389   69/389   17/389   25/389   93/389  221/389  409/389  657/389  965/389 1333/389  983/389]
[ 693/389  463/389  293/389  183/389  133/389  143/389  213/389  343/389  533/389  783/389 1093/389 1463/389 1115/389  827/389  599/389]
[ 431/389  323/389  275/389  287/389  359/389  491/389  683/389  935/389 1247/389  841/389  495/389  209/389  -17/389 -183/389 -289/389]
[-335/389 -321/389 -247/389 -113/389   81/389  335/389  649/389 1023/389  679/389  395/389  171/389    7/389  -97/389 -141/389 -125/389]
[ -49/389   87/389  283/389  539/389  855/389 1231/389  889/389  607/389  385/389  223/389  121/389   79/389   97/389  175/389  313/389]
[ 511/389  769/389 1087/389 1465/389 1125/389  845/389  625/389  465/389  365/389  325/389  345/389  425/389  565/389  765/389 1025/389]
[1345/389  947/389  609/389  331/389  113/389  -45/389 -143/389 -181/389 -159/389  -77/389   65/389  267/389  529/389  851/389 1233/389]
[ 897/389  621/389  405/389  249/389  153/389  117/389  141/389  225/389  369/389  573/389  837/389 1161/389 1545/389 1211/389  937/389]
[ 723/389  569/389  475/389  441/389  467/389  553/389  699/389  905/389 1171/389 1497/389 1105/389  773/389  501/389  289/389  137/389]
[  45/389   13/389   41/389  129/389  277/389  485/389  753/389 1081/389  691/389  361/389   91/389 -119/389 -269/389 -359/389        0]
Testing obstruction for
m1: 8, m2: 20,a: 7
[      -1 -359/389 -269/389 -119/389   91/389  361/389  691/389 1081/389  753/389  485/389  277/389  129/389   41/389   13/389   45/389]
[ 137/389  289/389  501/389  773/389 1105/389  719/389  393/389  127/389  -79/389 -225/389 -311/389 -337/389 -303/389 -209/389  -55/389]
[ 159/389  433/389  767/389 1161/389  837/389  573/389  369/389  225/389  141/389  117/389  153/389  249/389  405/389  621/389  897/389]
[1233/389  851/389  529/389  267/389   65/389  -77/389 -159/389 -181/389 -143/389  -45/389  113/389  331/389  609/389  947/389 1345/389]
[1025/389  765/389  565/389  425/389  345/389  325/389  365/389  465/389  625/389  845/389 1125/389 1465/389 1087/389  769/389  511/389]
[ 313/389  175/389   97/389   79/389  121/389  223/389  385/389  607/389  889/389 1231/389 1633/389 1317/389 1061/389  865/389  729/389]
[ 653/389  637/389  681/389  785/389  949/389 1173/389 1457/389 1801/389 1427/389 1113/389  859/389  665/389  531/389  457/389  443/389]
[ 489/389  595/389  761/389  987/389 1273/389 1619/389 1247/389  935/389  683/389  491/389  359/389  287/389  275/389  323/389  431/389]
[ 599/389  827/389 1115/389 1463/389 1093/389  783/389  533/389  343/389  213/389  143/389  133/389  183/389  293/389  463/389  693/389]
[ 983/389 1333/389  965/389  657/389  409/389  221/389   93/389   25/389   17/389   69/389  181/389  353/389  585/389  877/389 1229/389]
[ 863/389  557/389  311/389  125/389   -1/389  -67/389  -73/389  -19/389   95/389  269/389  503/389  797/389 1151/389  787/389  483/389]
[ 239/389   55/389  -69/389 -133/389 -137/389  -81/389   35/389  211/389  447/389  743/389 1099/389  737/389  435/389  193/389   11/389]
[-111/389 -173/389 -175/389 -117/389    1/389  179/389  417/389  715/389 1073/389  713/389  413/389  173/389   -7/389 -127/389 -187/389]
[-187/389 -127/389   -7/389  173/389  413/389  713/389 1073/389  715/389  417/389  179/389    1/389 -117/389 -175/389 -173/389 -111/389]
[  11/389  193/389  435/389  737/389 1099/389  743/389  447/389  211/389   35/389  -81/389 -137/389 -133/389  -69/389   55/389  239/389]
[ 483/389  787/389 1151/389  797/389  503/389  269/389   95/389  -19/389  -73/389  -67/389   -1/389  125/389  311/389  557/389  863/389]
[1229/389  877/389  585/389  353/389  181/389   69/389   17/389   25/389   93/389  221/389  409/389  657/389  965/389 1333/389  983/389]
[ 693/389  463/389  293/389  183/389  133/389  143/389  213/389  343/389  533/389  783/389 1093/389 1463/389 1115/389  827/389  599/389]
[ 431/389  323/389  275/389  287/389  359/389  491/389  683/389  935/389 1247/389 1619/389 1273/389  987/389  761/389  595/389  489/389]
[ 443/389  457/389  531/389  665/389  859/389 1113/389 1427/389 1801/389 1457/389 1173/389  949/389  785/389  681/389  637/389  653/389]
[ 729/389  865/389 1061/389 1317/389 1633/389 1231/389  889/389  607/389  385/389  223/389  121/389   79/389   97/389  175/389  313/389]
[ 511/389  769/389 1087/389 1465/389 1125/389  845/389  625/389  465/389  365/389  325/389  345/389  425/389  565/389  765/389 1025/389]
[1345/389  947/389  609/389  331/389  113/389  -45/389 -143/389 -181/389 -159/389  -77/389   65/389  267/389  529/389  851/389 1233/389]
[ 897/389  621/389  405/389  249/389  153/389  117/389  141/389  225/389  369/389  573/389  837/389 1161/389  767/389  433/389  159/389]
[ -55/389 -209/389 -303/389 -337/389 -311/389 -225/389  -79/389  127/389  393/389  719/389 1105/389  773/389  501/389  289/389  137/389]
[  45/389   13/389   41/389  129/389  277/389  485/389  753/389 1081/389  691/389  361/389   91/389 -119/389 -269/389 -359/389        0]
Testing obstruction for
m1: 12, m2: 16,a: 9
[      -1 -353/389 -245/389  -65/389  187/389  511/389  907/389  597/389  359/389  193/389   99/389   77/389  127/389  249/389  443/389]
[ 709/389 1047/389 1457/389 1161/389  937/389  785/389  705/389  697/389  761/389  897/389 1105/389 1385/389  959/389  605/389  323/389]
[ 113/389  -25/389  -91/389  -85/389   -7/389  143/389  365/389  659/389 1025/389  685/389  417/389  221/389   97/389   45/389   65/389]
[ 157/389  321/389  557/389  865/389 1245/389  919/389  665/389  483/389  373/389  335/389  369/389  475/389  653/389  903/389 1225/389]
[ 841/389  529/389  289/389  121/389   25/389    1/389   49/389  169/389  361/389  625/389  961/389  591/389  293/389   67/389  -87/389]
[-169/389 -179/389 -117/389   17/389  223/389  501/389  851/389  495/389  211/389   -1/389 -141/389 -209/389 -205/389 -129/389   19/389]
[ 239/389  531/389  895/389 1331/389 1061/389  863/389  737/389  683/389  701/389  791/389  953/389 1187/389 1493/389 1093/389  765/389]
[ 509/389  325/389  213/389  173/389  205/389  309/389  485/389  733/389 1053/389  667/389  353/389  111/389  -59/389 -157/389 -183/389]
[-137/389  -19/389  171/389  433/389  767/389 1173/389  873/389  645/389  489/389  405/389  393/389  453/389  585/389  789/389 1065/389]
[1413/389 1055/389  769/389  555/389  413/389  343/389  345/389  419/389  565/389  783/389 1073/389  657/389  313/389   41/389 -159/389]
[-287/389 -343/389 -327/389 -239/389  -79/389  153/389  457/389  833/389  503/389  245/389   59/389  -55/389  -97/389  -67/389   35/389]
[ 209/389  455/389  773/389 1163/389  847/389  603/389  431/389  331/389  303/389  347/389  463/389  651/389  911/389 1243/389  869/389]
[ 567/389  337/389  179/389   93/389   79/389  137/389  267/389  469/389  743/389 1089/389  729/389  441/389  225/389   81/389    9/389]
[   9/389   81/389  225/389  441/389  729/389 1089/389  743/389  469/389  267/389  137/389   79/389   93/389  179/389  337/389  567/389]
[ 869/389 1243/389  911/389  651/389  463/389  347/389  303/389  331/389  431/389  603/389  847/389 1163/389  773/389  455/389  209/389]
[  35/389  -67/389  -97/389  -55/389   59/389  245/389  503/389  833/389  457/389  153/389  -79/389 -239/389 -327/389 -343/389 -287/389]
[-159/389   41/389  313/389  657/389 1073/389  783/389  565/389  419/389  345/389  343/389  413/389  555/389  769/389 1055/389 1413/389]
[1065/389  789/389  585/389  453/389  393/389  405/389  489/389  645/389  873/389 1173/389  767/389  433/389  171/389  -19/389 -137/389]
[-183/389 -157/389  -59/389  111/389  353/389  667/389 1053/389  733/389  485/389  309/389  205/389  173/389  213/389  325/389  509/389]
[ 765/389 1093/389 1493/389 1187/389  953/389  791/389  701/389  683/389  737/389  863/389 1061/389 1331/389  895/389  531/389  239/389]
[  19/389 -129/389 -205/389 -209/389 -141/389   -1/389  211/389  495/389  851/389  501/389  223/389   17/389 -117/389 -179/389 -169/389]
[ -87/389   67/389  293/389  591/389  961/389  625/389  361/389  169/389   49/389    1/389   25/389  121/389  289/389  529/389  841/389]
[1225/389  903/389  653/389  475/389  369/389  335/389  373/389  483/389  665/389  919/389 1245/389  865/389  557/389  321/389  157/389]
[  65/389   45/389   97/389  221/389  417/389  685/389 1025/389  659/389  365/389  143/389   -7/389  -85/389  -91/389  -25/389  113/389]
[ 323/389  605/389  959/389 1385/389 1105/389  897/389  761/389  697/389  705/389  785/389  937/389 1161/389 1457/389 1047/389  709/389]
[ 443/389  249/389  127/389   77/389   99/389  193/389  359/389  597/389  907/389  511/389  187/389  -65/389 -245/389 -353/389        0]
Testing obstruction for
m1: 20, m2: 24,a: 19
[      -1 -369/389 -309/389 -209/389  -69/389  111/389  331/389  591/389  891/389 1231/389 1611/389 1253/389  935/389  657/389  419/389]
[ 221/389   63/389  -55/389 -133/389 -171/389 -169/389 -127/389  -45/389   77/389  239/389  441/389  683/389  965/389 1287/389 1649/389]
[1273/389  937/389  641/389  385/389  169/389   -7/389 -143/389 -239/389 -295/389 -311/389 -287/389 -223/389 -119/389   25/389  209/389]
[ 433/389  697/389 1001/389 1345/389 1729/389 1375/389 1061/389  787/389  553/389  359/389  205/389   91/389   17/389  -17/389  -11/389]
[  35/389  121/389  247/389  413/389  619/389  865/389 1151/389 1477/389 1843/389 1471/389 1139/389  847/389  595/389  383/389  211/389]
[  79/389  -13/389  -65/389  -77/389  -49/389   19/389  127/389  275/389  463/389  691/389  959/389 1267/389 1615/389 2003/389 1653/389]
[1343/389 1073/389  843/389  653/389  503/389  393/389  323/389  293/389  303/389  353/389  443/389  573/389  743/389  953/389 1203/389]
[1493/389 1823/389 2193/389 1825/389 1497/389 1209/389  961/389  753/389  585/389  457/389  369/389  321/389  313/389  345/389  417/389]
[ 529/389  681/389  873/389 1105/389 1377/389 1689/389 2041/389 1655/389 1309/389 1003/389  737/389  511/389  325/389  179/389   73/389]
[   7/389  -19/389   -5/389   49/389  143/389  277/389  451/389  665/389  919/389 1213/389 1547/389 1921/389 1557/389 1233/389  949/389]
[ 705/389  501/389  337/389  213/389  129/389   85/389   81/389  117/389  193/389  309/389  465/389  661/389  897/389 1173/389 1489/389]
[1845/389 1463/389 1121/389  819/389  557/389  335/389  153/389   11/389  -91/389 -153/389 -175/389 -157/389  -99/389   -1/389  137/389]
[ 315/389  533/389  791/389 1089/389 1427/389 1805/389 1445/389 1125/389  845/389  605/389  405/389  245/389  125/389   45/389    5/389]
[   5/389   45/389  125/389  245/389  405/389  605/389  845/389 1125/389 1445/389 1805/389 1427/389 1089/389  791/389  533/389  315/389]
[ 137/389   -1/389  -99/389 -157/389 -175/389 -153/389  -91/389   11/389  153/389  335/389  557/389  819/389 1121/389 1463/389 1845/389]
[1489/389 1173/389  897/389  661/389  465/389  309/389  193/389  117/389   81/389   85/389  129/389  213/389  337/389  501/389  705/389]
[ 949/389 1233/389 1557/389 1921/389 1547/389 1213/389  919/389  665/389  451/389  277/389  143/389   49/389   -5/389  -19/389    7/389]
[  73/389  179/389  325/389  511/389  737/389 1003/389 1309/389 1655/389 2041/389 1689/389 1377/389 1105/389  873/389  681/389  529/389]
[ 417/389  345/389  313/389  321/389  369/389  457/389  585/389  753/389  961/389 1209/389 1497/389 1825/389 2193/389 1823/389 1493/389]
[1203/389  953/389  743/389  573/389  443/389  353/389  303/389  293/389  323/389  393/389  503/389  653/389  843/389 1073/389 1343/389]
[1653/389 2003/389 1615/389 1267/389  959/389  691/389  463/389  275/389  127/389   19/389  -49/389  -77/389  -65/389  -13/389   79/389]
[ 211/389  383/389  595/389  847/389 1139/389 1471/389 1843/389 1477/389 1151/389  865/389  619/389  413/389  247/389  121/389   35/389]
[ -11/389  -17/389   17/389   91/389  205/389  359/389  553/389  787/389 1061/389 1375/389 1729/389 1345/389 1001/389  697/389  433/389]
[ 209/389   25/389 -119/389 -223/389 -287/389 -311/389 -295/389 -239/389 -143/389   -7/389  169/389  385/389  641/389  937/389 1273/389]
[1649/389 1287/389  965/389  683/389  441/389  239/389   77/389  -45/389 -127/389 -169/389 -171/389 -133/389  -55/389   63/389  221/389]
[ 419/389  657/389  935/389 1253/389 1611/389 1231/389  891/389  591/389  331/389  111/389  -69/389 -209/389 -309/389 -369/389        0]
[-369/389, -309/389]
94 [-369/389, 469/389]
Testing obstruction for
m1: 98, m2: 98,a: 97
[      -1 -385/389 -373/389 -353/389 -325/389 -289/389 -245/389 -193/389 -133/389  -65/389   11/389   95/389  187/389  287/389  395/389]
[ 511/389  635/389  767/389  907/389 1055/389 1211/389 1375/389 1547/389 1727/389 1915/389 2111/389 2315/389 2527/389 2747/389 2975/389]
[3211/389 3455/389 3707/389 3967/389 4235/389 4511/389 4795/389 5087/389 5387/389 5695/389 6011/389 6335/389 6667/389 7007/389 7355/389]
[7711/389 8075/389 8447/389 8827/389 9215/389 8833/389 8459/389 8093/389 7735/389 7385/389 7043/389 6709/389 6383/389 6065/389 5755/389]
[5453/389 5159/389 4873/389 4595/389 4325/389 4063/389 3809/389 3563/389 3325/389 3095/389 2873/389 2659/389 2453/389 2255/389 2065/389]
[1883/389 1709/389 1543/389 1385/389 1235/389 1093/389  959/389  833/389  715/389  605/389  503/389  409/389  323/389  245/389  175/389]
[ 113/389   59/389   13/389  -25/389  -55/389  -77/389  -91/389  -97/389  -95/389  -85/389  -67/389  -41/389   -7/389   35/389   85/389]
[ 143/389  209/389  283/389  365/389  455/389  553/389  659/389  773/389  895/389 1025/389 1163/389 1309/389 1463/389 1625/389 1795/389]
[1973/389 2159/389 2353/389 2555/389 2765/389 2983/389 3209/389 3443/389 3685/389 3935/389 4193/389 4459/389 4733/389 5015/389 5305/389]
[5603/389 5909/389 6223/389 6545/389 6875/389 7213/389 7559/389 7913/389 8275/389 8645/389 9023/389 9409/389 9025/389 8649/389 8281/389]
[7921/389 7569/389 7225/389 6889/389 6561/389 6241/389 5929/389 5625/389 5329/389 5041/389 4761/389 4489/389 4225/389 3969/389 3721/389]
[3481/389 3249/389 3025/389 2809/389 2601/389 2401/389 2209/389 2025/389 1849/389 1681/389 1521/389 1369/389 1225/389 1089/389  961/389]
[ 841/389  729/389  625/389  529/389  441/389  361/389  289/389  225/389  169/389  121/389   81/389   49/389   25/389    9/389    1/389]
[   1/389    9/389   25/389   49/389   81/389  121/389  169/389  225/389  289/389  361/389  441/389  529/389  625/389  729/389  841/389]
[ 961/389 1089/389 1225/389 1369/389 1521/389 1681/389 1849/389 2025/389 2209/389 2401/389 2601/389 2809/389 3025/389 3249/389 3481/389]
[3721/389 3969/389 4225/389 4489/389 4761/389 5041/389 5329/389 5625/389 5929/389 6241/389 6561/389 6889/389 7225/389 7569/389 7921/389]
[8281/389 8649/389 9025/389 9409/389 9023/389 8645/389 8275/389 7913/389 7559/389 7213/389 6875/389 6545/389 6223/389 5909/389 5603/389]
[5305/389 5015/389 4733/389 4459/389 4193/389 3935/389 3685/389 3443/389 3209/389 2983/389 2765/389 2555/389 2353/389 2159/389 1973/389]
[1795/389 1625/389 1463/389 1309/389 1163/389 1025/389  895/389  773/389  659/389  553/389  455/389  365/389  283/389  209/389  143/389]
[  85/389   35/389   -7/389  -41/389  -67/389  -85/389  -95/389  -97/389  -91/389  -77/389  -55/389  -25/389   13/389   59/389  113/389]
[ 175/389  245/389  323/389  409/389  503/389  605/389  715/389  833/389  959/389 1093/389 1235/389 1385/389 1543/389 1709/389 1883/389]
[2065/389 2255/389 2453/389 2659/389 2873/389 3095/389 3325/389 3563/389 3809/389 4063/389 4325/389 4595/389 4873/389 5159/389 5453/389]
[5755/389 6065/389 6383/389 6709/389 7043/389 7385/389 7735/389 8093/389 8459/389 8833/389 9215/389 8827/389 8447/389 8075/389 7711/389]
[7355/389 7007/389 6667/389 6335/389 6011/389 5695/389 5387/389 5087/389 4795/389 4511/389 4235/389 3967/389 3707/389 3455/389 3211/389]
[2975/389 2747/389 2527/389 2315/389 2111/389 1915/389 1727/389 1547/389 1375/389 1211/389 1055/389  907/389  767/389  635/389  511/389]
[ 395/389  287/389  187/389   95/389   11/389  -65/389 -133/389 -193/389 -245/389 -289/389 -325/389 -353/389 -373/389 -385/389        0]
[-385/389, -373/389]
17 [-385/389, 405/389]
---------------------------
SUCCESS for name = 13a1615
---------------------------
13a1616
Correction terms
[      -1  135/293  247/293   43/293  109/293 -141/293 -121/293  169/293  143/293 -199/293  315/293  -73/293 -191/293  -39/293 -203/293]
[ -97/293  279/293  339/293   83/293   97/293 -205/293 -237/293    1/293  -77/293  115/293   -9/293  137/293  -33/293   67/293 -149/293]
[ -95/293  229/293  237/293  -71/293 -109/293  123/293   39/293  225/293   95/293 -351/293   59/293  153/293  -69/293  -21/293  297/293]
[ 299/293  -15/293  -59/293 -419/293   77/293  257/293  121/293  255/293   73/293  161/293  -67/293  -25/293 -299/293  283/293  -37/293]
[ -87/293  133/293   37/293  211/293   69/293  197/293    9/293   91/293 -143/293 -107/293  199/293  189/293 -137/293 -193/293   21/293]
[ -81/293   87/293  -61/293   61/293  453/293  -57/293 -297/293 -267/293   33/293   17/293  271/293  209/293 -169/293  309/293 -115/293]
[-269/293 -153/293  233/293  303/293   57/293   81/293 -211/293  353/293   15/293  -53/293  149/293   35/293  191/293   31/293  141/293]
[ -65/293   -1/293 -253/293 -235/293   53/293   25/293  267/293  193/293  389/293  269/293 -167/293 -333/293 -229/293  145/293  203/293]
[ -55/293  -43/293  239/293  205/293 -145/293 -225/293  -35/293  425/293  -17/293 -189/293  -91/293  277/293  329/293   65/293   71/293]
[-239/293  307/293  -49/293 -135/293   49/293  -83/293   55/293 -123/293  -31/293 -255/293  377/293  107/293  107/293  377/293 -255/293]
[ -31/293 -123/293   55/293  -83/293   49/293 -135/293  -49/293  307/293 -239/293   71/293   65/293  329/293  277/293  -91/293 -189/293]
[ -17/293  425/293  -35/293 -225/293 -145/293  205/293  239/293  -43/293  -55/293  203/293  145/293 -229/293 -333/293 -167/293  269/293]
[ 389/293  193/293  267/293   25/293   53/293 -235/293 -253/293   -1/293  -65/293  141/293   31/293  191/293   35/293  149/293  -53/293]
[  15/293  353/293 -211/293   81/293   57/293  303/293  233/293 -153/293 -269/293 -115/293  309/293 -169/293  209/293  271/293   17/293]
[  33/293 -267/293 -297/293  -57/293  453/293   61/293  -61/293   87/293  -81/293   21/293 -193/293 -137/293  189/293  199/293 -107/293]
[-143/293   91/293    9/293  197/293   69/293  211/293   37/293  133/293  -87/293  -37/293  283/293 -299/293  -25/293  -67/293  161/293]
[  73/293  255/293  121/293  257/293   77/293 -419/293  -59/293  -15/293  299/293  297/293  -21/293  -69/293  153/293   59/293 -351/293]
[  95/293  225/293   39/293  123/293 -109/293  -71/293  237/293  229/293  -95/293 -149/293   67/293  -33/293  137/293   -9/293  115/293]
[ -77/293    1/293 -237/293 -205/293   97/293   83/293  339/293  279/293  -97/293 -203/293  -39/293 -191/293  -73/293  315/293 -199/293]
[ 143/293  169/293 -121/293 -141/293  109/293   43/293  247/293  135/293        0        0        0        0        0        0        0]
Testing obstruction for
m1: 2, m2: 50,a: 1
[      -1 -287/293 -269/293 -239/293 -197/293 -143/293  -77/293    1/293   91/293  193/293  307/293  433/293  571/293  721/293  883/293]
[1057/293 1243/293 1441/293 1651/293 1873/293 2107/293 2353/293 2611/293 2881/293 3163/293 3457/293 3177/293 2909/293 2653/293 2409/293]
[2177/293 1957/293 1749/293 1553/293 1369/293 1197/293 1037/293  889/293  753/293  629/293  517/293  417/293  329/293  253/293  189/293]
[ 137/293   97/293   69/293   53/293   49/293   57/293   77/293  109/293  153/293  209/293  277/293  357/293  449/293  553/293  669/293]
[ 797/293  937/293 1089/293 1253/293 1429/293 1617/293 1817/293 2029/293 2253/293 2489/293 2737/293 2997/293 3269/293 3553/293 3263/293]
[2985/293 2719/293 2465/293 2223/293 1993/293 1775/293 1569/293 1375/293 1193/293 1023/293  865/293  719/293  585/293  463/293  353/293]
[ 255/293  169/293   95/293   33/293  -17/293  -55/293  -81/293  -95/293  -97/293  -87/293  -65/293  -31/293   15/293   73/293  143/293]
[ 225/293  319/293  425/293  543/293  673/293  815/293  969/293 1135/293 1313/293 1503/293 1705/293 1919/293 2145/293 2383/293 2633/293]
[2895/293 3169/293 3455/293 3167/293 2891/293 2627/293 2375/293 2135/293 1907/293 1691/293 1487/293 1295/293 1115/293  947/293  791/293]
[ 647/293  515/293  395/293  287/293  191/293  107/293   35/293  -25/293  -73/293 -109/293 -133/293 -145/293 -145/293 -133/293 -109/293]
[ -73/293  -25/293   35/293  107/293  191/293  287/293  395/293  515/293  647/293  791/293  947/293 1115/293 1295/293 1487/293 1691/293]
[1907/293 2135/293 2375/293 2627/293 2891/293 3167/293 3455/293 3169/293 2895/293 2633/293 2383/293 2145/293 1919/293 1705/293 1503/293]
[1313/293 1135/293  969/293  815/293  673/293  543/293  425/293  319/293  225/293  143/293   73/293   15/293  -31/293  -65/293  -87/293]
[ -97/293  -95/293  -81/293  -55/293  -17/293   33/293   95/293  169/293  255/293  353/293  463/293  585/293  719/293  865/293 1023/293]
[1193/293 1375/293 1569/293 1775/293 1993/293 2223/293 2465/293 2719/293 2985/293 3263/293 3553/293 3269/293 2997/293 2737/293 2489/293]
[2253/293 2029/293 1817/293 1617/293 1429/293 1253/293 1089/293  937/293  797/293  669/293  553/293  449/293  357/293  277/293  209/293]
[ 153/293  109/293   77/293   57/293   49/293   53/293   69/293   97/293  137/293  189/293  253/293  329/293  417/293  517/293  629/293]
[ 753/293  889/293 1037/293 1197/293 1369/293 1553/293 1749/293 1957/293 2177/293 2409/293 2653/293 2909/293 3177/293 3457/293 3163/293]
[2881/293 2611/293 2353/293 2107/293 1873/293 1651/293 1441/293 1243/293 1057/293  883/293  721/293  571/293  433/293  307/293  193/293]
[  91/293    1/293  -77/293 -143/293 -197/293 -239/293 -269/293 -287/293        0        0        0        0        0        0        0]
Testing obstruction for
m1: 6, m2: 14,a: 1
[      -1 -271/293 -205/293  -95/293   59/293  257/293  499/293  785/293  529/293  317/293  149/293   25/293  -55/293  -91/293  -83/293]
[ -31/293   65/293  205/293  389/293  617/293  889/293  619/293  393/293  211/293   73/293  -21/293  -71/293  -77/293  -39/293   43/293]
[ 169/293  339/293  553/293  811/293 1113/293  873/293  677/293  525/293  417/293  353/293  333/293  357/293  425/293  537/293  693/293]
[ 893/293 1137/293  839/293  585/293  375/293  209/293   87/293    9/293  -25/293  -15/293   39/293  137/293  279/293  465/293  695/293]
[ 969/293  701/293  477/293  297/293  161/293   69/293   21/293   17/293   57/293  141/293  269/293  441/293  657/293  917/293  635/293]
[ 397/293  203/293   53/293  -53/293 -115/293 -133/293 -107/293  -37/293   77/293  235/293  437/293  683/293  973/293  721/293  513/293]
[ 349/293  229/293  153/293  121/293  133/293  189/293  289/293  433/293  621/293  853/293 1129/293  863/293  641/293  463/293  329/293]
[ 239/293  193/293  191/293  233/293  319/293  449/293  623/293  841/293 1103/293  823/293  587/293  395/293  247/293  143/293   83/293]
[  67/293   95/293  167/293  283/293  443/293  647/293  895/293  601/293  351/293  145/293  -17/293 -135/293 -209/293 -239/293 -225/293]
[-167/293  -65/293   81/293  271/293  505/293  783/293  519/293  299/293  123/293   -9/293  -97/293 -141/293 -141/293  -97/293   -9/293]
[ 123/293  299/293  519/293  783/293  505/293  271/293   81/293  -65/293 -167/293 -225/293 -239/293 -209/293 -135/293  -17/293  145/293]
[ 351/293  601/293  895/293  647/293  443/293  283/293  167/293   95/293   67/293   83/293  143/293  247/293  395/293  587/293  823/293]
[1103/293  841/293  623/293  449/293  319/293  233/293  191/293  193/293  239/293  329/293  463/293  641/293  863/293 1129/293  853/293]
[ 621/293  433/293  289/293  189/293  133/293  121/293  153/293  229/293  349/293  513/293  721/293  973/293  683/293  437/293  235/293]
[  77/293  -37/293 -107/293 -133/293 -115/293  -53/293   53/293  203/293  397/293  635/293  917/293  657/293  441/293  269/293  141/293]
[  57/293   17/293   21/293   69/293  161/293  297/293  477/293  701/293  969/293  695/293  465/293  279/293  137/293   39/293  -15/293]
[ -25/293    9/293   87/293  209/293  375/293  585/293  839/293 1137/293  893/293  693/293  537/293  425/293  357/293  333/293  353/293]
[ 417/293  525/293  677/293  873/293 1113/293  811/293  553/293  339/293  169/293   43/293  -39/293  -77/293  -71/293  -21/293   73/293]
[ 211/293  393/293  619/293  889/293  617/293  389/293  205/293   65/293  -31/293  -83/293  -91/293  -55/293   25/293  149/293  317/293]
[ 529/293  785/293  499/293  257/293   59/293  -95/293 -205/293 -271/293        0        0        0        0        0        0        0]
Testing obstruction for
m1: 4, m2: 24,a: 3
[      -1 -279/293 -237/293 -167/293  -69/293   57/293  211/293  393/293  603/293  841/293 1107/293 1401/293 1137/293  901/293  693/293]
[ 513/293  361/293  237/293  141/293   73/293   33/293   21/293   37/293   81/293  153/293  253/293  381/293  537/293  721/293  933/293]
[1173/293 1441/293 1151/293  889/293  655/293  449/293  271/293  121/293   -1/293  -95/293 -161/293 -199/293 -209/293 -191/293 -145/293]
[ -71/293   31/293  161/293  319/293  505/293  719/293  961/293 1231/293 1529/293 1269/293 1037/293  833/293  657/293  509/293  389/293]
[ 297/293  233/293  197/293  189/293  209/293  257/293  333/293  437/293  569/293  729/293  917/293 1133/293 1377/293 1649/293 1363/293]
[1105/293  875/293  673/293  499/293  353/293  235/293  145/293   83/293   49/293   43/293   65/293  115/293  193/293  299/293  433/293]
[ 595/293  785/293 1003/293 1249/293 1523/293 1239/293  983/293  755/293  555/293  383/293  239/293  123/293   35/293  -25/293  -57/293]
[ -61/293  -37/293   15/293   95/293  203/293  339/293  503/293  695/293  915/293 1163/293 1439/293 1157/293  903/293  677/293  479/293]
[ 309/293  167/293   53/293  -33/293  -91/293 -121/293 -123/293  -97/293  -43/293   39/293  149/293  287/293  453/293  647/293  869/293]
[1119/293 1397/293 1117/293  865/293  641/293  445/293  277/293  137/293   25/293  -59/293 -115/293 -143/293 -143/293 -115/293  -59/293]
[  25/293  137/293  277/293  445/293  641/293  865/293 1117/293 1397/293 1119/293  869/293  647/293  453/293  287/293  149/293   39/293]
[ -43/293  -97/293 -123/293 -121/293  -91/293  -33/293   53/293  167/293  309/293  479/293  677/293  903/293 1157/293 1439/293 1163/293]
[ 915/293  695/293  503/293  339/293  203/293   95/293   15/293  -37/293  -61/293  -57/293  -25/293   35/293  123/293  239/293  383/293]
[ 555/293  755/293  983/293 1239/293 1523/293 1249/293 1003/293  785/293  595/293  433/293  299/293  193/293  115/293   65/293   43/293]
[  49/293   83/293  145/293  235/293  353/293  499/293  673/293  875/293 1105/293 1363/293 1649/293 1377/293 1133/293  917/293  729/293]
[ 569/293  437/293  333/293  257/293  209/293  189/293  197/293  233/293  297/293  389/293  509/293  657/293  833/293 1037/293 1269/293]
[1529/293 1231/293  961/293  719/293  505/293  319/293  161/293   31/293  -71/293 -145/293 -191/293 -209/293 -199/293 -161/293  -95/293]
[  -1/293  121/293  271/293  449/293  655/293  889/293 1151/293 1441/293 1173/293  933/293  721/293  537/293  381/293  253/293  153/293]
[  81/293   37/293   21/293   33/293   73/293  141/293  237/293  361/293  513/293  693/293  901/293 1137/293 1401/293 1107/293  841/293]
[ 603/293  393/293  211/293   57/293  -69/293 -167/293 -237/293 -279/293        0        0        0        0        0        0        0]
Testing obstruction for
m1: 10, m2: 12,a: 6
[      -1 -257/293 -149/293   31/293  283/293  607/293  417/293  299/293  253/293  279/293  377/293  547/293  789/293  517/293  317/293]
[ 189/293  133/293  149/293  237/293  397/293  629/293  347/293  137/293   -1/293  -67/293  -61/293   17/293  167/293  389/293  683/293]
[ 463/293  315/293  239/293  235/293  303/293  443/293  655/293  353/293  123/293  -35/293 -121/293 -135/293  -77/293   53/293  255/293]
[ 529/293  289/293  121/293   25/293    1/293   49/293  169/293  361/293  625/293  375/293  197/293   91/293   57/293   95/293  205/293]
[ 387/293  641/293  381/293  193/293   77/293   33/293   61/293  161/293  333/293  577/293  893/293  695/293  569/293  515/293  533/293]
[ 623/293  785/293  433/293  153/293  -55/293 -191/293 -255/293 -247/293 -167/293  -15/293  209/293  505/293  287/293  141/293   67/293]
[  65/293  135/293  277/293  491/293  777/293  549/293  393/293  309/293  297/293  357/293  489/293  693/293  383/293  145/293  -21/293]
[-115/293 -137/293  -87/293   35/293  229/293  495/293  833/293  657/293  553/293  521/293  561/293  673/293  857/293  527/293  269/293]
[  83/293  -31/293  -73/293  -43/293   59/293  233/293  479/293  211/293   15/293 -109/293 -161/293 -141/293  -49/293  115/293  351/293]
[ 659/293  453/293  319/293  257/293  267/293  349/293  503/293  729/293  441/293  225/293   81/293    9/293    9/293   81/293  225/293]
[ 441/293  729/293  503/293  349/293  267/293  257/293  319/293  453/293  659/293  351/293  115/293  -49/293 -141/293 -161/293 -109/293]
[  15/293  211/293  479/293  233/293   59/293  -43/293  -73/293  -31/293   83/293  269/293  527/293  857/293  673/293  561/293  521/293]
[ 553/293  657/293  833/293  495/293  229/293   35/293  -87/293 -137/293 -115/293  -21/293  145/293  383/293  693/293  489/293  357/293]
[ 297/293  309/293  393/293  549/293  777/293  491/293  277/293  135/293   65/293   67/293  141/293  287/293  505/293  209/293  -15/293]
[-167/293 -247/293 -255/293 -191/293  -55/293  153/293  433/293  785/293  623/293  533/293  515/293  569/293  695/293  893/293  577/293]
[ 333/293  161/293   61/293   33/293   77/293  193/293  381/293  641/293  387/293  205/293   95/293   57/293   91/293  197/293  375/293]
[ 625/293  361/293  169/293   49/293    1/293   25/293  121/293  289/293  529/293  255/293   53/293  -77/293 -135/293 -121/293  -35/293]
[ 123/293  353/293  655/293  443/293  303/293  235/293  239/293  315/293  463/293  683/293  389/293  167/293   17/293  -61/293  -67/293]
[  -1/293  137/293  347/293  629/293  397/293  237/293  149/293  133/293  189/293  317/293  517/293  789/293  547/293  377/293  279/293]
[ 253/293  299/293  417/293  607/293  283/293   31/293 -149/293 -257/293        0        0        0        0        0        0        0]
Testing obstruction for
m1: 74, m2: 74,a: 73
[      -1 -289/293 -277/293 -257/293 -229/293 -193/293 -149/293  -97/293  -37/293   31/293  107/293  191/293  283/293  383/293  491/293]
[ 607/293  731/293  863/293 1003/293 1151/293 1307/293 1471/293 1643/293 1823/293 2011/293 2207/293 2411/293 2623/293 2843/293 3071/293]
[3307/293 3551/293 3803/293 4063/293 4331/293 4607/293 4891/293 5183/293 4897/293 4619/293 4349/293 4087/293 3833/293 3587/293 3349/293]
[3119/293 2897/293 2683/293 2477/293 2279/293 2089/293 1907/293 1733/293 1567/293 1409/293 1259/293 1117/293  983/293  857/293  739/293]
[ 629/293  527/293  433/293  347/293  269/293  199/293  137/293   83/293   37/293   -1/293  -31/293  -53/293  -67/293  -73/293  -71/293]
[ -61/293  -43/293  -17/293   17/293   59/293  109/293  167/293  233/293  307/293  389/293  479/293  577/293  683/293  797/293  919/293]
[1049/293 1187/293 1333/293 1487/293 1649/293 1819/293 1997/293 2183/293 2377/293 2579/293 2789/293 3007/293 3233/293 3467/293 3709/293]
[3959/293 4217/293 4483/293 4757/293 5039/293 5329/293 5041/293 4761/293 4489/293 4225/293 3969/293 3721/293 3481/293 3249/293 3025/293]
[2809/293 2601/293 2401/293 2209/293 2025/293 1849/293 1681/293 1521/293 1369/293 1225/293 1089/293  961/293  841/293  729/293  625/293]
[ 529/293  441/293  361/293  289/293  225/293  169/293  121/293   81/293   49/293   25/293    9/293    1/293    1/293    9/293   25/293]
[  49/293   81/293  121/293  169/293  225/293  289/293  361/293  441/293  529/293  625/293  729/293  841/293  961/293 1089/293 1225/293]
[1369/293 1521/293 1681/293 1849/293 2025/293 2209/293 2401/293 2601/293 2809/293 3025/293 3249/293 3481/293 3721/293 3969/293 4225/293]
[4489/293 4761/293 5041/293 5329/293 5039/293 4757/293 4483/293 4217/293 3959/293 3709/293 3467/293 3233/293 3007/293 2789/293 2579/293]
[2377/293 2183/293 1997/293 1819/293 1649/293 1487/293 1333/293 1187/293 1049/293  919/293  797/293  683/293  577/293  479/293  389/293]
[ 307/293  233/293  167/293  109/293   59/293   17/293  -17/293  -43/293  -61/293  -71/293  -73/293  -67/293  -53/293  -31/293   -1/293]
[  37/293   83/293  137/293  199/293  269/293  347/293  433/293  527/293  629/293  739/293  857/293  983/293 1117/293 1259/293 1409/293]
[1567/293 1733/293 1907/293 2089/293 2279/293 2477/293 2683/293 2897/293 3119/293 3349/293 3587/293 3833/293 4087/293 4349/293 4619/293]
[4897/293 5183/293 4891/293 4607/293 4331/293 4063/293 3803/293 3551/293 3307/293 3071/293 2843/293 2623/293 2411/293 2207/293 2011/293]
[1823/293 1643/293 1471/293 1307/293 1151/293 1003/293  863/293  731/293  607/293  491/293  383/293  283/293  191/293  107/293   31/293]
[ -37/293  -97/293 -149/293 -193/293 -229/293 -257/293 -277/293 -289/293        0        0        0        0        0        0        0]
---------------------------
SUCCESS for name = 13a1616
---------------------------
13a1617
H_1 not cyclic will skip for now
13a1618
Correction terms
[      -1  -57/217  -11/217  -79/217 -261/217 -123/217  -99/217   -27/31   41/217 -277/217  159/217   47/217 -179/217  -85/217   -15/31]
[-239/217  -53/217   19/217  -23/217  255/217  -15/217     5/31  -29/217 -207/217  -65/217  -37/217 -123/217  111/217    33/31 -197/217]
[ 129/217     -3/7    5/217  -11/217 -141/217     7/31  125/217   87/217  -65/217  103/217 -277/217   97/217   -11/31 -365/217  101/217]
[  19/217 -177/217  -53/217  -43/217   -21/31   69/217 -263/217 -275/217   33/217 -207/217 -127/217   -23/31  125/217 -137/217  -79/217]
[-135/217 -305/217     -5/7   -17/31 -197/217   45/217  173/217 -247/217   87/217 -127/217    -3/31  -29/217 -151/217   47/217  131/217]
[ 101/217  -43/217    19/31 -239/217  143/217  -23/217 -303/217  171/217   97/217   -13/31   41/217   59/217  -37/217  187/217 -137/217]
[-141/217    25/31  -57/217      1/7    5/217 -135/217   45/217  111/217   -53/31  -99/217   59/217 -331/217   33/217 -151/217  -15/217]
[    1/31  -85/217 -291/217 -177/217 -177/217 -291/217  -85/217     1/31  -15/217 -151/217   33/217 -331/217   59/217  -99/217   -53/31]
[ 111/217   45/217 -135/217    5/217      1/7  -57/217    25/31 -141/217 -137/217  187/217  -37/217   59/217   41/217   -13/31   97/217]
[ 171/217 -303/217  -23/217  143/217 -239/217    19/31  -43/217  101/217  131/217   47/217 -151/217  -29/217    -3/31 -127/217   87/217]
[-247/217  173/217   45/217 -197/217   -17/31     -5/7 -305/217 -135/217  -79/217 -137/217  125/217   -23/31 -127/217 -207/217   33/217]
[-275/217 -263/217   69/217   -21/31  -43/217  -53/217 -177/217   19/217  101/217 -365/217   -11/31   97/217 -277/217  103/217  -65/217]
[  87/217  125/217     7/31 -141/217  -11/217    5/217     -3/7  129/217 -197/217    33/31  111/217 -123/217  -37/217  -65/217 -207/217]
[ -29/217     5/31  -15/217  255/217  -23/217   19/217  -53/217 -239/217   -15/31  -85/217 -179/217   47/217  159/217 -277/217   41/217]
[  -27/31  -99/217 -123/217 -261/217  -79/217  -11/217  -57/217        0        0        0        0        0        0        0        0]
Testing obstruction for
m1: 4, m2: 16,a: 0
[      -1 -141/217   87/217   33/217  131/217  381/217  349/217    67/31  741/217  731/217  439/217  299/217  311/217   41/217   -11/31]
[ -43/217  143/217   47/217  103/217  311/217  237/217    45/31  545/217  927/217  593/217  411/217  381/217   69/217   -13/31  -99/217]
[  45/217     -3/7  -79/217   87/217  -29/217     1/31  195/217  535/217  593/217  803/217  731/217  377/217    25/31  125/217  227/217]
[  47/217   19/217  143/217  -15/217    -3/31  125/217  423/217  439/217  607/217  927/217  531/217    41/31  195/217  255/217   33/217]
[ -37/217   45/217     -5/7   -29/31  -99/217  157/217  131/217  257/217  535/217  531/217    97/31  545/217  563/217  299/217  187/217]
[ 227/217  -15/217   -15/31  -43/217  171/217  103/217  187/217  423/217  377/217    69/31  741/217  717/217  411/217  257/217  255/217]
[ -29/217   -23/31 -141/217      1/7  -79/217  -37/217  157/217   69/217    19/31  349/217  717/217  803/217  607/217  563/217  237/217]
[    9/31   41/217  171/217   19/217   19/217  171/217   41/217     9/31  237/217  563/217  607/217  803/217  717/217  349/217    19/31]
[  69/217  157/217  -37/217  -79/217      1/7 -141/217   -23/31  -29/217  255/217  257/217  411/217  717/217  741/217    69/31  377/217]
[ 423/217  187/217  103/217  171/217  -43/217   -15/31  -15/217  227/217  187/217  299/217  563/217  545/217    97/31  531/217  535/217]
[ 257/217  131/217  157/217  -99/217   -29/31     -5/7   45/217  -37/217   33/217  255/217  195/217    41/31  531/217  927/217  607/217]
[ 439/217  423/217  125/217    -3/31  -15/217  143/217   19/217   47/217  227/217  125/217    25/31  377/217  731/217  803/217  593/217]
[ 535/217  195/217     1/31  -29/217   87/217  -79/217     -3/7   45/217  -99/217   -13/31   69/217  381/217  411/217  593/217  927/217]
[ 545/217    45/31  237/217  311/217  103/217   47/217  143/217  -43/217   -11/31   41/217  311/217  299/217  439/217  731/217  741/217]
[   67/31  349/217  381/217  131/217   33/217   87/217 -141/217        0        0        0        0        0        0        0        0]
[-141/217, 87/217, 33/217, 131/217, 381/217, 349/217, 67/31, 741/217, 731/217, 439/217, 299/217, 311/217, 41/217, -11/31, -43/217, 143/217, 47/217, 103/217, 311/217, 237/217, 45/31, 545/217, 927/217, 593/217, 411/217, 381/217, 69/217, -13/31, -99/217, 45/217, -3/7, -79/217, 87/217, -29/217, 1/31, 195/217, 535/217, 593/217, 803/217, 731/217, 377/217, 25/31, 125/217, 227/217, 47/217, 19/217, 143/217, -15/217, -3/31, 125/217, 423/217, 439/217, 607/217, 927/217, 531/217, 41/31, 195/217, 255/217, 33/217, -37/217, 45/217, -5/7, -29/31]
34 [-141/217, 87/217, 33/217, -303/217, -53/217, -85/217, 5/31, -127/217, -137/217, 5/217, -135/217, -123/217, 41/217, -11/31, -43/217, -291/217, 47/217, 103/217, -123/217, -197/217, -17/31, 111/217, 59/217, -275/217, -23/217, -53/217, 69/217, -13/31, -99/217, 45/217, -3/7, -79/217, 87/217, -29/217, 1/31, -239/217, 101/217, 159/217, -65/217, -137/217, -57/217, 25/31, 125/217, -207/217, 47/217, 19/217, 143/217, -15/217, -3/31, 125/217, -11/217, 5/217, 173/217, 59/217, 97/217, -21/31, -239/217, 255/217, 33/217, -37/217, 45/217, -5/7, 33/31]
[-141/217, 87/217, 33/217, 131/217, 381/217, 349/217, 67/31, 741/217, 731/217, 439/217, 299/217, 311/217, 41/217, -11/31, -43/217, 143/217, 47/217, 103/217, 311/217, 237/217, 45/31, 545/217, 927/217, 593/217, 411/217, 381/217, 69/217, -13/31, -99/217, 45/217, -3/7, -79/217, 87/217, -29/217, 1/31, 195/217, 535/217, 593/217, 803/217, 731/217, 377/217, 25/31, 125/217, 227/217, 47/217, 19/217, 143/217, -15/217, -3/31, 125/217, 423/217, 439/217, 607/217, 927/217, 531/217, 41/31, 195/217, 255/217, 33/217, -37/217, 45/217, -5/7, -29/31]
90 [-141/217, 87/217, 33/217, 131/217, -53/217, -85/217, 5/31, -127/217, -137/217, 5/217, -135/217, -123/217, 41/217, -11/31, -43/217, 143/217, 47/217, -331/217, -123/217, -197/217, -17/31, 111/217, 59/217, 159/217, -23/217, -53/217, -365/217, -13/31, -99/217, 45/217, -3/7, -79/217, 87/217, -29/217, 1/31, -239/217, 101/217, -275/217, -65/217, -137/217, -57/217, 25/31, 125/217, -207/217, 47/217, 19/217, -291/217, -15/217, -3/31, 125/217, -11/217, 5/217, -261/217, 59/217, 97/217, -21/31, -239/217, -179/217, 33/217, -37/217, 45/217, -5/7, 33/31]
Testing obstruction for
m1: 6, m2: 12,a: 3
[      -1 -195/217 -129/217  -19/217  135/217  333/217  575/217    61/31  323/217  263/217  247/217  275/217  347/217  463/217    89/31]
[ 393/217  207/217   65/217  -33/217  -87/217  -97/217    -9/31   15/217  137/217  303/217  513/217  333/217  197/217    15/31   57/217]
[  53/217      3/7  177/217  305/217  477/217    37/31   85/217  -45/217 -131/217 -173/217 -171/217 -125/217    -5/31   99/217  277/217]
[ 499/217  331/217  207/217  127/217    13/31   99/217  151/217  247/217  387/217  571/217  365/217    29/31   85/217   11/217  -19/217]
[  -5/217   53/217      5/7    43/31  491/217  291/217  135/217   23/217  -45/217  -69/217    -7/31   15/217  123/217  275/217  471/217]
[ 277/217  127/217     3/31  -41/217  -59/217  -33/217   37/217  151/217  309/217    73/31  323/217  179/217   79/217   23/217   11/217]
[  43/217    17/31  239/217     13/7  611/217  429/217  291/217  197/217    21/31  141/217  179/217  261/217  387/217  557/217  337/217]
[   23/31   29/217  -59/217 -103/217 -103/217  -59/217   29/217    23/31  337/217  557/217  387/217  261/217  179/217  141/217    21/31]
[ 197/217  291/217  429/217  611/217     13/7  239/217    17/31   43/217   11/217   23/217   79/217  179/217  323/217    73/31  309/217]
[ 151/217   37/217  -33/217  -59/217  -41/217     3/31  127/217  277/217  471/217  275/217  123/217   15/217    -7/31  -69/217  -45/217]
[  23/217  135/217  291/217  491/217    43/31      5/7   53/217   -5/217  -19/217   11/217   85/217    29/31  365/217  571/217  387/217]
[ 247/217  151/217   99/217    13/31  127/217  207/217  331/217  499/217  277/217   99/217    -5/31 -125/217 -171/217 -173/217 -131/217]
[ -45/217   85/217    37/31  477/217  305/217  177/217      3/7   53/217   57/217    15/31  197/217  333/217  513/217  303/217  137/217]
[  15/217    -9/31  -97/217  -87/217  -33/217   65/217  207/217  393/217    89/31  463/217  347/217  275/217  247/217  263/217  323/217]
[   61/31  575/217  333/217  135/217  -19/217 -129/217 -195/217        0        0        0        0        0        0        0        0]
Testing obstruction for
m1: 10, m2: 10,a: 6
[      -1 -179/217  -65/217  125/217  391/217  299/217  283/217    49/31  479/217  257/217  111/217   41/217   47/217  129/217    41/31]
[  87/217  -37/217  -85/217  -57/217   47/217  227/217    69/31  381/217  355/217  405/217  531/217  299/217  143/217     9/31   59/217]
[ 131/217      9/7   69/217  -65/217 -123/217   -15/31  -11/217  159/217  405/217  293/217  257/217  297/217    59/31  171/217    5/217]
[ -85/217  -99/217  -37/217  101/217    45/31  171/217  103/217  111/217  195/217  355/217  157/217     5/31  -11/217   19/217  125/217]
[ 307/217  131/217      1/7     1/31   59/217  187/217  391/217  237/217  159/217  157/217    33/31  381/217  173/217   41/217  -15/217]
[   5/217  101/217    39/31   87/217  -23/217  -57/217  -15/217  103/217  297/217    81/31  479/217  467/217  531/217  237/217   19/217]
[-123/217   -27/31 -179/217     -3/7   69/217  307/217  187/217  143/217    25/31  283/217  467/217  293/217  195/217  173/217  227/217]
[   51/31  129/217  -23/217  -99/217  -99/217  -23/217  129/217    51/31  227/217  173/217  195/217  293/217  467/217  283/217    25/31]
[ 143/217  187/217  307/217   69/217     -3/7 -179/217   -27/31 -123/217   19/217  237/217  531/217  467/217  479/217    81/31  297/217]
[ 103/217  -15/217  -57/217  -23/217   87/217    39/31  101/217    5/217  -15/217   41/217  173/217  381/217    33/31  157/217  159/217]
[ 237/217  391/217  187/217   59/217     1/31      1/7  131/217  307/217  125/217   19/217  -11/217     5/31  157/217  355/217  195/217]
[ 111/217  103/217  171/217    45/31  101/217  -37/217  -99/217  -85/217    5/217  171/217    59/31  297/217  257/217  293/217  405/217]
[ 159/217  -11/217   -15/31 -123/217  -65/217   69/217      9/7  131/217   59/217     9/31  143/217  299/217  531/217  405/217  355/217]
[ 381/217    69/31  227/217   47/217  -57/217  -85/217  -37/217   87/217    41/31  129/217   47/217   41/217  111/217  257/217  479/217]
[   49/31  283/217  299/217  391/217  125/217  -65/217 -179/217        0        0        0        0        0        0        0        0]
[-179/217, -65/217, 125/217, 391/217, 299/217, 283/217, 49/31, 479/217, 257/217, 111/217, 41/217, 47/217, 129/217, 41/31, 87/217, -37/217, -85/217, -57/217, 47/217, 227/217, 69/31, 381/217, 355/217, 405/217, 531/217, 299/217, 143/217, 9/31, 59/217, 131/217, 9/7, 69/217, -65/217, -123/217, -15/31, -11/217, 159/217, 405/217, 293/217, 257/217, 297/217, 59/31, 171/217, 5/217, -85/217, -99/217, -37/217, 101/217, 45/31, 171/217, 103/217, 111/217, 195/217, 355/217, 157/217, 5/31, -11/217, 19/217, 125/217, 307/217, 131/217, 1/7, 1/31, 59/217, 187/217, 391/217, 237/217, 159/217, 157/217, 33/31, 381/217, 173/217, 41/217, -15/217, 5/217, 101/217, 39/31, 87/217, -23/217, -57/217, -15/217, 103/217, 297/217, 81/31, 479/217, 467/217, 531/217, 237/217, 19/217, -123/217, -27/31, -179/217]
12 [-179/217, -65/217, 125/217, -43/217, -135/217, -151/217, -13/31, 45/217, -177/217, 111/217, 41/217, 47/217, -305/217, -21/31, 87/217, -37/217, -85/217, -57/217, 47/217, -207/217, 7/31, -53/217, -79/217, -29/217, 97/217, -135/217, -291/217, -53/31, 59/217, 131/217, -5/7, 69/217, -65/217, -123/217, -15/31, -11/217, 159/217, -29/217, -141/217, -177/217, -137/217, -3/31, 171/217, 5/217, -85/217, -99/217, -37/217, 101/217, -17/31, -263/217, 103/217, 111/217, -239/217, -79/217, -277/217, 5/31, -11/217, 19/217, 125/217, -127/217, -303/217, 1/7, 1/31, 59/217, 187/217, -43/217, -197/217, -275/217, -277/217, 33/31, -53/217, -261/217, 41/217, -15/217, 5/217, 101/217, -23/31, 87/217, -23/217, -57/217, -15/217, -331/217, -137/217, 19/31, 45/217, 33/217, 97/217, -197/217, 19/217, -123/217, -27/31, 255/217]
---------------------------
SUCCESS for name = 13a1618
---------------------------
13a1630
Correction terms
[      -1   11/193 -149/193 -287/193  -17/193 -111/193 -183/193 -233/193  125/193 -267/193  135/193 -213/193 -153/193  -71/193   33/193]
[-227/193  -79/193   91/193 -103/193  111/193  -39/193 -167/193  113/193   29/193  -33/193  -73/193  -91/193  -87/193  -61/193  -13/193]
[-329/193  149/193 -123/193   13/193 -215/193  -35/193 -219/193    5/193 -135/193 -253/193   37/193  -37/193  -89/193 -119/193 -127/193]
[-113/193  -77/193  -19/193 -325/193  163/193  -99/193   47/193 -171/193   19/193 -155/193   79/193  -51/193 -159/193  141/193 -309/193]
[  35/193   15/193   17/193   41/193   87/193 -231/193 -141/193  -29/193 -281/193 -125/193   53/193 -133/193   89/193  -53/193 -173/193]
[-271/193   39/193 -401/193  -47/193  -57/193  -45/193  -11/193   45/193 -263/193 -163/193  -41/193 -283/193 -117/193   71/193 -105/193]
[ 127/193   -5/193 -115/193 -203/193  117/193 -313/193   51/193   51/193 -313/193  117/193 -203/193 -115/193   -5/193  127/193 -105/193]
[  71/193 -117/193 -283/193  -41/193 -163/193 -263/193   45/193  -11/193  -45/193  -57/193  -47/193 -401/193   39/193 -271/193 -173/193]
[ -53/193   89/193 -133/193   53/193 -125/193 -281/193  -29/193 -141/193 -231/193   87/193   41/193   17/193   15/193   35/193 -309/193]
[ 141/193 -159/193  -51/193   79/193 -155/193   19/193 -171/193   47/193  -99/193  163/193 -325/193  -19/193  -77/193 -113/193 -127/193]
[-119/193  -89/193  -37/193   37/193 -253/193 -135/193    5/193 -219/193  -35/193 -215/193   13/193 -123/193  149/193 -329/193  -13/193]
[ -61/193  -87/193  -91/193  -73/193  -33/193   29/193  113/193 -167/193  -39/193  111/193 -103/193   91/193  -79/193 -227/193   33/193]
[ -71/193 -153/193 -213/193  135/193 -267/193  125/193 -233/193 -183/193 -111/193  -17/193 -287/193 -149/193   11/193        0        0]
Testing obstruction for
m1: 6, m2: 10,a: 2
[      -1 -171/193 -105/193    5/193  159/193  357/193  213/193  113/193   57/193   45/193   77/193  153/193  273/193  437/193  259/193]
[ 125/193   35/193  -11/193  -13/193   29/193  115/193  245/193  419/193  251/193  127/193   47/193   11/193   19/193   71/193  167/193]
[ 307/193  491/193  333/193  219/193  149/193  123/193  141/193  203/193  309/193  459/193  267/193  119/193   15/193  -45/193  -61/193]
[ -33/193   39/193  155/193  315/193  133/193   -5/193  -99/193 -149/193 -155/193 -117/193  -35/193   91/193  261/193  475/193  347/193]
[ 263/193  223/193  227/193  275/193  367/193  503/193  297/193  135/193   17/193  -57/193  -87/193  -73/193  -15/193   87/193  233/193]
[ 423/193  271/193  163/193   99/193   79/193  103/193  171/193  283/193  439/193  253/193  111/193   13/193  -41/193  -51/193  -17/193]
[  61/193  183/193  349/193  173/193   41/193  -47/193  -91/193  -91/193  -47/193   41/193  173/193  349/193  183/193   61/193  -17/193]
[ -51/193  -41/193   13/193  111/193  253/193  439/193  283/193  171/193  103/193   79/193   99/193  163/193  271/193  423/193  233/193]
[  87/193  -15/193  -73/193  -87/193  -57/193   17/193  135/193  297/193  503/193  367/193  275/193  227/193  223/193  263/193  347/193]
[ 475/193  261/193   91/193  -35/193 -117/193 -155/193 -149/193  -99/193   -5/193  133/193  315/193  155/193   39/193  -33/193  -61/193]
[ -45/193   15/193  119/193  267/193  459/193  309/193  203/193  141/193  123/193  149/193  219/193  333/193  491/193  307/193  167/193]
[  71/193   19/193   11/193   47/193  127/193  251/193  419/193  245/193  115/193   29/193  -13/193  -11/193   35/193  125/193  259/193]
[ 437/193  273/193  153/193   77/193   45/193   57/193  113/193  213/193  357/193  159/193    5/193 -105/193 -171/193        0        0]
Unobstructed
52
---------------------------
---------------------------
