13a653
Correction terms
[      -1   -9/149  113/149  -81/149    5/149   73/149  123/149  155/149 -129/149 -133/149 -155/149  103/149   45/149  -31/149 -125/149]
[  61/149  229/149   81/149  -85/149   29/149  125/149  -95/149  -35/149    7/149   31/149   37/149   25/149   -5/149  -53/149  179/149]
[  95/149   -7/149 -127/149   33/149  175/149    1/149 -191/149 -103/149  -33/149   19/149   53/149   69/149   67/149   47/149    9/149]
[ -47/149 -121/149   85/149  -25/149 -153/149   -1/149  133/149  249/149   49/149 -169/149 -107/149  -63/149  -37/149  -29/149  -39/149]
[ -67/149  185/149  121/149   39/149  -61/149  119/149  -17/149 -171/149  -45/149   63/149  153/149  -73/149  -19/149   17/149   35/149]
[  35/149   17/149  -19/149  -73/149  153/149   63/149  -45/149 -171/149  -17/149  119/149  -61/149   39/149  121/149  185/149  -67/149]
[ -39/149  -29/149  -37/149  -63/149 -107/149 -169/149   49/149  249/149  133/149   -1/149 -153/149  -25/149   85/149 -121/149  -47/149]
[   9/149   47/149   67/149   69/149   53/149   19/149  -33/149 -103/149 -191/149    1/149  175/149   33/149 -127/149   -7/149   95/149]
[ 179/149  -53/149   -5/149   25/149   37/149   31/149    7/149  -35/149  -95/149  125/149   29/149  -85/149   81/149  229/149   61/149]
[-125/149  -31/149   45/149  103/149 -155/149 -133/149 -129/149  155/149  123/149   73/149    5/149  -81/149  113/149   -9/149        0]
Testing obstruction for
m1: 2, m2: 26,a: 1
[      -1 -143/149 -125/149  -95/149  -53/149    1/149   67/149  145/149  235/149  337/149  451/149  577/149  715/149  865/149  729/149]
[ 605/149  493/149  393/149  305/149  229/149  165/149  113/149   73/149   45/149   29/149   25/149   33/149   53/149   85/149  129/149]
[ 185/149  253/149  333/149  425/149  529/149  645/149  773/149  913/149  767/149  633/149  511/149  401/149  303/149  217/149  143/149]
[  81/149   31/149   -7/149  -33/149  -47/149  -49/149  -39/149  -17/149   17/149   63/149  121/149  191/149  273/149  367/149  473/149]
[ 591/149  721/149  863/149  719/149  587/149  467/149  359/149  263/149  179/149  107/149   47/149   -1/149  -37/149  -61/149  -73/149]
[ -73/149  -61/149  -37/149   -1/149   47/149  107/149  179/149  263/149  359/149  467/149  587/149  719/149  863/149  721/149  591/149]
[ 473/149  367/149  273/149  191/149  121/149   63/149   17/149  -17/149  -39/149  -49/149  -47/149  -33/149   -7/149   31/149   81/149]
[ 143/149  217/149  303/149  401/149  511/149  633/149  767/149  913/149  773/149  645/149  529/149  425/149  333/149  253/149  185/149]
[ 129/149   85/149   53/149   33/149   25/149   29/149   45/149   73/149  113/149  165/149  229/149  305/149  393/149  493/149  605/149]
[ 729/149  865/149  715/149  577/149  451/149  337/149  235/149  145/149   67/149    1/149  -53/149  -95/149 -125/149 -143/149        0]
Testing obstruction for
m1: 6, m2: 8,a: 2
[      -1 -127/149  -61/149   49/149  203/149  103/149   47/149   35/149   67/149  143/149  263/149  129/149   39/149   -7/149   -9/149]
[  33/149  119/149  249/149  125/149   45/149    9/149   17/149   69/149  165/149  305/149  191/149  121/149   95/149  113/149  175/149]
[ 281/149  133/149   29/149  -31/149  -47/149  -19/149   53/149  169/149   31/149  -63/149 -113/149 -119/149  -81/149    1/149  127/149]
[ 297/149  213/149  173/149  177/149  225/149  317/149  155/149   37/149  -37/149  -67/149  -53/149    5/149  107/149  253/149  145/149]
[  81/149   61/149   85/149  153/149  265/149  123/149   25/149  -29/149  -39/149   -5/149   73/149  195/149   63/149  -25/149  -69/149]
[ -69/149  -25/149   63/149  195/149   73/149   -5/149  -39/149  -29/149   25/149  123/149  265/149  153/149   85/149   61/149   81/149]
[ 145/149  253/149  107/149    5/149  -53/149  -67/149  -37/149   37/149  155/149  317/149  225/149  177/149  173/149  213/149  297/149]
[ 127/149    1/149  -81/149 -119/149 -113/149  -63/149   31/149  169/149   53/149  -19/149  -47/149  -31/149   29/149  133/149  281/149]
[ 175/149  113/149   95/149  121/149  191/149  305/149  165/149   69/149   17/149    9/149   45/149  125/149  249/149  119/149   33/149]
[  -9/149   -7/149   39/149  129/149  263/149  143/149   67/149   35/149   47/149  103/149  203/149   49/149  -61/149 -127/149        0]
[-127/149, -61/149, 49/149, 203/149, 103/149, 47/149, 35/149, 67/149, 143/149, 263/149, 129/149, 39/149, -7/149, -9/149, 33/149, 119/149, 249/149, 125/149, 45/149, 9/149, 17/149, 69/149, 165/149, 305/149, 191/149, 121/149, 95/149, 113/149, 175/149, 281/149, 133/149, 29/149, -31/149, -47/149, -19/149, 53/149, 169/149, 31/149, -63/149, -113/149]
32 [-127/149, -61/149, 49/149, -95/149, 103/149, 47/149, 35/149, 67/149, -155/149, -35/149, -169/149, 39/149, -7/149, -9/149, 33/149, 119/149, 249/149, 125/149, 45/149, 9/149, 17/149, 69/149, -133/149, 7/149, -107/149, 121/149, 95/149, 113/149, 175/149, -17/149, 133/149, 29/149, -31/149, -47/149, -19/149, 53/149, -129/149, 31/149, -63/149, 185/149]
Testing obstruction for
m1: 8, m2: 12,a: 7
[      -1 -129/149  -69/149   31/149  171/149   53/149  -25/149  -63/149  -61/149  -19/149   63/149  185/149   49/149  -47/149 -103/149]
[-119/149  -95/149  -31/149   73/149  217/149  103/149   29/149   -5/149    1/149   47/149  133/149  259/149  127/149   35/149  -17/149]
[ -29/149   -1/149   67/149  175/149  323/149  213/149  143/149  113/149  123/149  173/149  263/149  393/149  265/149  177/149  129/149]
[ 121/149  153/149  225/149  337/149  191/149   85/149   19/149   -7/149    7/149   61/149  155/149  289/149  165/149   81/149   37/149]
[  33/149   69/149  145/149  261/149  119/149   17/149  -45/149  -67/149  -49/149    9/149  107/149  245/149  125/149   45/149    5/149]
[   5/149   45/149  125/149  245/149  107/149    9/149  -49/149  -67/149  -45/149   17/149  119/149  261/149  145/149   69/149   33/149]
[  37/149   81/149  165/149  289/149  155/149   61/149    7/149   -7/149   19/149   85/149  191/149  337/149  225/149  153/149  121/149]
[ 129/149  177/149  265/149  393/149  263/149  173/149  123/149  113/149  143/149  213/149  323/149  175/149   67/149   -1/149  -29/149]
[ -17/149   35/149  127/149  259/149  133/149   47/149    1/149   -5/149   29/149  103/149  217/149   73/149  -31/149  -95/149 -119/149]
[-103/149  -47/149   49/149  185/149   63/149  -19/149  -61/149  -63/149  -25/149   53/149  171/149   31/149  -69/149 -129/149        0]
[-129/149, -69/149]
8 [-129/149, 229/149]
Testing obstruction for
m1: 38, m2: 38,a: 37
[      -1 -145/149 -133/149 -113/149  -85/149  -49/149   -5/149   47/149  107/149  175/149  251/149  335/149  427/149  527/149  635/149]
[ 751/149  875/149 1007/149 1147/149 1295/149 1153/149 1019/149  893/149  775/149  665/149  563/149  469/149  383/149  305/149  235/149]
[ 173/149  119/149   73/149   35/149    5/149  -17/149  -31/149  -37/149  -35/149  -25/149   -7/149   19/149   53/149   95/149  145/149]
[ 203/149  269/149  343/149  425/149  515/149  613/149  719/149  833/149  955/149 1085/149 1223/149 1369/149 1225/149 1089/149  961/149]
[ 841/149  729/149  625/149  529/149  441/149  361/149  289/149  225/149  169/149  121/149   81/149   49/149   25/149    9/149    1/149]
[   1/149    9/149   25/149   49/149   81/149  121/149  169/149  225/149  289/149  361/149  441/149  529/149  625/149  729/149  841/149]
[ 961/149 1089/149 1225/149 1369/149 1223/149 1085/149  955/149  833/149  719/149  613/149  515/149  425/149  343/149  269/149  203/149]
[ 145/149   95/149   53/149   19/149   -7/149  -25/149  -35/149  -37/149  -31/149  -17/149    5/149   35/149   73/149  119/149  173/149]
[ 235/149  305/149  383/149  469/149  563/149  665/149  775/149  893/149 1019/149 1153/149 1295/149 1147/149 1007/149  875/149  751/149]
[ 635/149  527/149  427/149  335/149  251/149  175/149  107/149   47/149   -5/149  -49/149  -85/149 -113/149 -133/149 -145/149        0]
---------------------------
SUCCESS for name = 13a653
---------------------------
13a658
Correction terms
[      -1  -39/185   29/185   19/185  -69/185   -47/37 -109/185  -61/185  -91/185 -199/185    -3/37   91/185 -251/185   69/185  -59/185]
[   21/37  191/185 -171/185  129/185  -19/185    25/37  191/185 -191/185   89/185  -79/185     9/37   91/185 -311/185  -51/185 -239/185]
[  -27/37 -109/185 -161/185   79/185 -129/185    -9/37  -39/185     -3/5  109/185 -119/185   -11/37  -69/185 -161/185   39/185 -209/185]
[  -33/37 -199/185   59/185 -131/185  -29/185    -1/37  -59/185  179/185  -31/185   51/185    11/37  -19/185  199/185  -31/185   31/185]
[    3/37  -79/185  119/185 -131/185  -89/185   -25/37 -239/185  -61/185 -331/185   61/185     1/37 -129/185   29/185 -261/185      3/5]
[    7/37 -119/185   19/185 -291/185   61/185    -7/37 -209/185  -91/185  -51/185  -89/185   -41/37  -29/185   69/185   89/185   31/185]
[  -21/37   51/185  129/185  129/185   51/185   -21/37   31/185   89/185   69/185  -29/185   -41/37  -89/185  -51/185  -91/185 -209/185]
[   -7/37   61/185 -291/185   19/185 -119/185     7/37      3/5 -261/185   29/185 -129/185     1/37   61/185 -331/185  -61/185 -239/185]
[  -25/37  -89/185 -131/185  119/185  -79/185     3/37   31/185  -31/185  199/185  -19/185    11/37   51/185  -31/185  179/185  -59/185]
[   -1/37  -29/185 -131/185   59/185 -199/185   -33/37 -209/185   39/185 -161/185  -69/185   -11/37 -119/185  109/185     -3/5  -39/185]
[   -9/37 -129/185   79/185 -161/185 -109/185   -27/37 -239/185  -51/185 -311/185   91/185     9/37  -79/185   89/185 -191/185  191/185]
[   25/37  -19/185  129/185 -171/185  191/185    21/37  -59/185   69/185 -251/185   91/185    -3/37 -199/185  -91/185  -61/185 -109/185]
[  -47/37  -69/185   19/185   29/185  -39/185        0        0        0        0        0        0        0        0        0        0]
Testing obstruction for
m1: 2, m2: 32,a: 1
[      -1 -179/185 -161/185 -131/185  -89/185    -7/37   31/185  109/185  199/185  301/185    83/37  541/185  679/185  829/185  991/185]
[  233/37 1351/185 1179/185 1019/185  871/185   147/37  611/185  499/185  399/185  311/185    47/37  171/185  119/185   79/185   51/185]
[    7/37   31/185   39/185   59/185   91/185    27/37  191/185      7/5  339/185  431/185   107/37  651/185  779/185  919/185 1071/185]
[  247/37 1411/185 1229/185 1059/185  901/185   151/37  621/185  499/185  389/185  291/185    41/37  131/185   69/185   19/185  -19/185]
[   -9/37  -59/185  -61/185  -51/185  -29/185     1/37   51/185  109/185  179/185  261/185    71/37  461/185  579/185  709/185     23/5]
[  201/37 1171/185 1349/185 1169/185 1001/185   169/37  701/185  569/185  449/185  341/185    49/37  161/185   89/185   29/185  -19/185]
[  -11/37  -79/185  -91/185  -91/185  -79/185   -11/37  -19/185   29/185   89/185  161/185    49/37  341/185  449/185  569/185  701/185]
[  169/37 1001/185 1169/185 1349/185 1171/185   201/37     23/5  709/185  579/185  461/185    71/37  261/185  179/185  109/185   51/185]
[    1/37  -29/185  -51/185  -61/185  -59/185    -9/37  -19/185   19/185   69/185  131/185    41/37  291/185  389/185  499/185  621/185]
[  151/37  901/185 1059/185 1229/185 1411/185   247/37 1071/185  919/185  779/185  651/185   107/37  431/185  339/185      7/5  191/185]
[   27/37   91/185   59/185   39/185   31/185     7/37   51/185   79/185  119/185  171/185    47/37  311/185  399/185  499/185  611/185]
[  147/37  871/185 1019/185 1179/185 1351/185   233/37  991/185  829/185  679/185  541/185    83/37  301/185  199/185  109/185   31/185]
[   -7/37  -89/185 -131/185 -161/185 -179/185        0        0        0        0        0        0        0        0        0        0]
Testing obstruction for
m1: 4, m2: 14,a: 1
[      -1 -171/185 -129/185  -59/185   39/185    33/37  319/185  501/185  341/185  209/185    21/37   29/185  -19/185  -39/185  -31/185]
[    1/37   69/185  161/185  281/185  429/185   121/37  439/185  301/185  191/185  109/185    11/37   29/185   31/185   61/185  119/185]
[   41/37  319/185  461/185  631/185  459/185    63/37  199/185      3/5   51/185   19/185     3/37   39/185   91/185  171/185  279/185]
[   83/37  579/185  401/185  251/185  129/185     7/37  -31/185  -69/185  -79/185  -61/185    -3/37   59/185  161/185  291/185  449/185]
[  127/37  479/185  351/185  251/185  179/185    27/37  119/185  131/185  171/185  239/185    67/37  459/185  611/185  421/185      7/5]
[   25/37   19/185  -59/185 -109/185 -131/185   -25/37  -91/185  -29/185   61/185  179/185    65/37  499/185  331/185  191/185   79/185]
[   -1/37  -61/185  -89/185  -89/185  -61/185    -1/37   79/185  191/185  331/185  499/185    65/37  179/185   61/185  -29/185  -91/185]
[  -25/37 -131/185 -109/185  -59/185   19/185    25/37      7/5  421/185  611/185  459/185    67/37  239/185  171/185  131/185  119/185]
[   27/37  179/185  251/185  351/185  479/185   127/37  449/185  291/185  161/185   59/185    -3/37  -61/185  -79/185  -69/185  -31/185]
[    7/37  129/185  251/185  401/185  579/185    83/37  279/185  171/185   91/185   39/185     3/37   19/185   51/185      3/5  199/185]
[   63/37  459/185  631/185  461/185  319/185    41/37  119/185   61/185   31/185   29/185    11/37  109/185  191/185  301/185  439/185]
[  121/37  429/185  281/185  161/185   69/185     1/37  -31/185  -39/185  -19/185   29/185    21/37  209/185  341/185  501/185  319/185]
[   33/37   39/185  -59/185 -129/185 -171/185        0        0        0        0        0        0        0        0        0        0]
Unobstructed
17
---------------------------
---------------------------
13a661
Correction terms
[      -1   45/233  -53/233  -61/233   21/233  193/233  -11/233 -125/233 -149/233  383/233   73/233 -147/233  189/233  149/233  199/233]
[-127/233  103/233  -43/233  -99/233  -65/233   59/233 -193/233  111/233   39/233   57/233 -301/233 -103/233  185/233   97/233   99/233]
[ 191/233  -93/233  179/233   75/233   61/233  137/233 -163/233   93/233  -27/233  -57/233    3/233  153/233  -73/233 -209/233 -255/233]
[ 255/233  -77/233  147/233   -5/233  -67/233  -39/233   79/233  287/233  119/233   41/233   53/233  155/233 -119/233  163/233   69/233]
[  65/233 -315/233 -139/233  127/233   17/233   -3/233   67/233 -239/233   11/233 -115/233  315/233  -97/233   47/233  281/233  139/233]
[  87/233  125/233  253/233    5/233 -153/233 -221/233  267/233  -87/233  115/233  -59/233 -143/233 -137/233  -41/233  145/233  -45/233]
[-145/233  311/233  -75/233   95/233 -111/233  239/233  213/233 -189/233  -35/233  209/233   77/233   35/233   83/233 -245/233  -17/233]
[-165/233  243/233 -191/233  -69/233  143/233  -21/233  -95/233  -79/233   27/233  223/233   43/233  -47/233  -47/233   43/233  223/233]
[  27/233  -79/233  -95/233  -21/233  143/233  -69/233 -191/233  243/233 -165/233  -17/233 -245/233   83/233   35/233   77/233  209/233]
[ -35/233 -189/233  213/233  239/233 -111/233   95/233  -75/233  311/233 -145/233  -45/233  145/233  -41/233 -137/233 -143/233  -59/233]
[ 115/233  -87/233  267/233 -221/233 -153/233    5/233  253/233  125/233   87/233  139/233  281/233   47/233  -97/233  315/233 -115/233]
[  11/233 -239/233   67/233   -3/233   17/233  127/233 -139/233 -315/233   65/233   69/233  163/233 -119/233  155/233   53/233   41/233]
[ 119/233  287/233   79/233  -39/233  -67/233   -5/233  147/233  -77/233  255/233 -255/233 -209/233  -73/233  153/233    3/233  -57/233]
[ -27/233   93/233 -163/233  137/233   61/233   75/233  179/233  -93/233  191/233   99/233   97/233  185/233 -103/233 -301/233   57/233]
[  39/233  111/233 -193/233   59/233  -65/233  -99/233  -43/233  103/233 -127/233  199/233  149/233  189/233 -147/233   73/233  383/233]
[-149/233 -125/233  -11/233  193/233   21/233  -61/233  -53/233   45/233        0        0        0        0        0        0        0]
Testing obstruction for
m1: 2, m2: 40,a: 1
[      -1 -227/233 -209/233 -179/233 -137/233  -83/233  -17/233   61/233  151/233  253/233  367/233  493/233  631/233  781/233  943/233]
[1117/233 1303/233 1501/233 1711/233 1933/233 2167/233 1947/233 1739/233 1543/233 1359/233 1187/233 1027/233  879/233  743/233  619/233]
[ 507/233  407/233  319/233  243/233  179/233  127/233   87/233   59/233   43/233   39/233   47/233   67/233   99/233  143/233  199/233]
[ 267/233  347/233  439/233  543/233  659/233  787/233  927/233 1079/233 1243/233 1419/233 1607/233 1807/233 2019/233 2243/233 2013/233]
[1795/233 1589/233 1395/233 1213/233 1043/233  885/233  739/233  605/233  483/233  373/233  275/233  189/233  115/233   53/233    3/233]
[ -35/233  -61/233  -75/233  -77/233  -67/233  -45/233  -11/233   35/233   93/233  163/233  245/233  339/233  445/233  563/233  693/233]
[ 835/233  989/233 1155/233 1333/233 1523/233 1725/233 1939/233 2165/233 1937/233 1721/233 1517/233 1325/233 1145/233  977/233  821/233]
[ 677/233  545/233  425/233  317/233  221/233  137/233   65/233    5/233  -43/233  -79/233 -103/233 -115/233 -115/233 -103/233  -79/233]
[ -43/233    5/233   65/233  137/233  221/233  317/233  425/233  545/233  677/233  821/233  977/233 1145/233 1325/233 1517/233 1721/233]
[1937/233 2165/233 1939/233 1725/233 1523/233 1333/233 1155/233  989/233  835/233  693/233  563/233  445/233  339/233  245/233  163/233]
[  93/233   35/233  -11/233  -45/233  -67/233  -77/233  -75/233  -61/233  -35/233    3/233   53/233  115/233  189/233  275/233  373/233]
[ 483/233  605/233  739/233  885/233 1043/233 1213/233 1395/233 1589/233 1795/233 2013/233 2243/233 2019/233 1807/233 1607/233 1419/233]
[1243/233 1079/233  927/233  787/233  659/233  543/233  439/233  347/233  267/233  199/233  143/233   99/233   67/233   47/233   39/233]
[  43/233   59/233   87/233  127/233  179/233  243/233  319/233  407/233  507/233  619/233  743/233  879/233 1027/233 1187/233 1359/233]
[1543/233 1739/233 1947/233 2167/233 1933/233 1711/233 1501/233 1303/233 1117/233  943/233  781/233  631/233  493/233  367/233  253/233]
[ 151/233   61/233  -17/233  -83/233 -137/233 -179/233 -209/233 -227/233        0        0        0        0        0        0        0]
Testing obstruction for
m1: 6, m2: 14,a: 4
[      -1 -211/233 -145/233  -35/233  119/233  317/233  559/233  379/233  243/233  151/233  103/233   99/233  139/233  223/233  351/233]
[ 523/233  739/233  533/233  371/233  253/233  179/233  149/233  163/233  221/233  323/233  469/233  659/233  427/233  239/233   95/233]
[  -5/233  -61/233  -73/233  -41/233   35/233  155/233  319/233  527/233  313/233  143/233   17/233  -65/233 -103/233  -97/233  -47/233]
[  47/233  185/233  367/233  593/233  397/233  245/233  137/233   73/233   53/233   77/233  145/233  257/233  413/233  613/233  391/233]
[ 213/233   79/233  -11/233  -57/233  -59/233  -17/233   69/233  199/233  373/233  591/233  387/233  227/233  111/233   39/233   11/233]
[  27/233   87/233  191/233  339/233  531/233  301/233  115/233  -27/233 -125/233 -179/233 -189/233 -155/233  -77/233   45/233  211/233]
[ 421/233  675/233  507/233  383/233  303/233  267/233  275/233  327/233  423/233  563/233  747/233  509/233  315/233  165/233   59/233]
[  -3/233  -21/233    5/233   75/233  189/233  347/233  549/233  329/233  153/233   21/233  -67/233 -111/233 -111/233  -67/233   21/233]
[ 153/233  329/233  549/233  347/233  189/233   75/233    5/233  -21/233   -3/233   59/233  165/233  315/233  509/233  747/233  563/233]
[ 423/233  327/233  275/233  267/233  303/233  383/233  507/233  675/233  421/233  211/233   45/233  -77/233 -155/233 -189/233 -179/233]
[-125/233  -27/233  115/233  301/233  531/233  339/233  191/233   87/233   27/233   11/233   39/233  111/233  227/233  387/233  591/233]
[ 373/233  199/233   69/233  -17/233  -59/233  -57/233  -11/233   79/233  213/233  391/233  613/233  413/233  257/233  145/233   77/233]
[  53/233   73/233  137/233  245/233  397/233  593/233  367/233  185/233   47/233  -47/233  -97/233 -103/233  -65/233   17/233  143/233]
[ 313/233  527/233  319/233  155/233   35/233  -41/233  -73/233  -61/233   -5/233   95/233  239/233  427/233  659/233  469/233  323/233]
[ 221/233  163/233  149/233  179/233  253/233  371/233  533/233  739/233  523/233  351/233  223/233  139/233   99/233  103/233  151/233]
[ 243/233  379/233  559/233  317/233  119/233  -35/233 -145/233 -211/233        0        0        0        0        0        0        0]
Testing obstruction for
m1: 20, m2: 22,a: 19
[      -1 -221/233 -185/233 -125/233  -41/233   67/233  199/233  355/233  535/233  739/233  967/233  753/233  563/233  397/233  255/233]
[ 137/233   43/233  -27/233  -73/233  -95/233  -93/233  -67/233  -17/233   57/233  155/233  277/233  423/233  593/233  787/233 1005/233]
[ 781/233  581/233  405/233  253/233  125/233   21/233  -59/233 -115/233 -147/233 -155/233 -139/233  -99/233  -35/233   53/233  165/233]
[ 301/233  461/233  645/233  853/233 1085/233  875/233  689/233  527/233  389/233  275/233  185/233  119/233   77/233   59/233   65/233]
[  95/233  149/233  227/233  329/233  455/233  605/233  779/233  977/233 1199/233  979/233  783/233  611/233  463/233  339/233  239/233]
[ 163/233  111/233   83/233   79/233   99/233  143/233  211/233  303/233  419/233  559/233  723/233  911/233 1123/233  893/233  687/233]
[ 505/233  347/233  213/233  103/233   17/233  -45/233  -83/233  -97/233  -87/233  -53/233    5/233   87/233  193/233  323/233  477/233]
[ 655/233  857/233 1083/233  867/233  675/233  507/233  363/233  243/233  147/233   75/233   27/233    3/233    3/233   27/233   75/233]
[ 147/233  243/233  363/233  507/233  675/233  867/233 1083/233  857/233  655/233  477/233  323/233  193/233   87/233    5/233  -53/233]
[ -87/233  -97/233  -83/233  -45/233   17/233  103/233  213/233  347/233  505/233  687/233  893/233 1123/233  911/233  723/233  559/233]
[ 419/233  303/233  211/233  143/233   99/233   79/233   83/233  111/233  163/233  239/233  339/233  463/233  611/233  783/233  979/233]
[1199/233  977/233  779/233  605/233  455/233  329/233  227/233  149/233   95/233   65/233   59/233   77/233  119/233  185/233  275/233]
[ 389/233  527/233  689/233  875/233 1085/233  853/233  645/233  461/233  301/233  165/233   53/233  -35/233  -99/233 -139/233 -155/233]
[-147/233 -115/233  -59/233   21/233  125/233  253/233  405/233  581/233  781/233 1005/233  787/233  593/233  423/233  277/233  155/233]
[  57/233  -17/233  -67/233  -93/233  -95/233  -73/233  -27/233   43/233  137/233  255/233  397/233  563/233  753/233  967/233  739/233]
[ 535/233  355/233  199/233   67/233  -41/233 -125/233 -185/233 -221/233        0        0        0        0        0        0        0]
[-221/233, -185/233]
80 [-221/233, 281/233]
---------------------------
SUCCESS for name = 13a661
---------------------------
13a666
Correction terms
[      -1  -67/157  203/157   25/157   27/157 -105/157  257/157 -143/157  -49/157  -89/157   51/157   57/157  -71/157  -19/157  213/157]
[  -3/157  -39/157 -209/157  115/157   -9/157   47/157  -31/157   71/157   39/157 -127/157 -113/157   81/157  141/157   67/157 -141/157]
[ 145/157  -17/157    1/157 -115/157  -51/157  193/157  -11/157  -35/157  121/157  143/157   31/157 -215/157   33/157  147/157  127/157]
[ -27/157   -1/157  205/157  -37/157  -99/157   19/157    3/157  167/157 -117/157   93/157  169/157  111/157  -81/157  -93/157   75/157]
[ 109/157    9/157   89/157   35/157  161/157 -161/157   11/157   49/157  -47/157   37/157  -13/157  117/157  113/157  -25/157   17/157]
[ -75/157   13/157  -33/157  101/157  101/157  -33/157   13/157  -75/157   17/157  -25/157  113/157  117/157  -13/157   37/157  -47/157]
[  49/157   11/157 -161/157  161/157   35/157   89/157    9/157  109/157   75/157  -93/157  -81/157  111/157  169/157   93/157 -117/157]
[ 167/157    3/157   19/157  -99/157  -37/157  205/157   -1/157  -27/157  127/157  147/157   33/157 -215/157   31/157  143/157  121/157]
[ -35/157  -11/157  193/157  -51/157 -115/157    1/157  -17/157  145/157 -141/157   67/157  141/157   81/157 -113/157 -127/157   39/157]
[  71/157  -31/157   47/157   -9/157  115/157 -209/157  -39/157   -3/157  213/157  -19/157  -71/157   57/157   51/157  -89/157  -49/157]
[-143/157  257/157 -105/157   27/157   25/157  203/157  -67/157        0        0        0        0        0        0        0        0]
Testing obstruction for
m1: 4, m2: 12,a: 1
[      -1 -143/157 -101/157  -31/157   67/157  193/157  347/157  215/157  111/157   35/157  -13/157  -33/157  -25/157   11/157   75/157]
[ 167/157  287/157  435/157  297/157  187/157  105/157   51/157   25/157   27/157   57/157  115/157  201/157  315/157  457/157  313/157]
[ 197/157  109/157   49/157   17/157   13/157   37/157   89/157  169/157  277/157  413/157  263/157  141/157   47/157  -19/157  -57/157]
[ -67/157  -49/157   -3/157   71/157  173/157  303/157  461/157  333/157  233/157  161/157  117/157  101/157  113/157  153/157  221/157]
[ 317/157  441/157  279/157  145/157   39/157  -39/157  -89/157 -111/157 -105/157  -71/157   -9/157   81/157  199/157  345/157  205/157]
[  93/157    9/157  -47/157  -75/157  -75/157  -47/157    9/157   93/157  205/157  345/157  199/157   81/157   -9/157  -71/157 -105/157]
[-111/157  -89/157  -39/157   39/157  145/157  279/157  441/157  317/157  221/157  153/157  113/157  101/157  117/157  161/157  233/157]
[ 333/157  461/157  303/157  173/157   71/157   -3/157  -49/157  -67/157  -57/157  -19/157   47/157  141/157  263/157  413/157  277/157]
[ 169/157   89/157   37/157   13/157   17/157   49/157  109/157  197/157  313/157  457/157  315/157  201/157  115/157   57/157   27/157]
[  25/157   51/157  105/157  187/157  297/157  435/157  287/157  167/157   75/157   11/157  -25/157  -33/157  -13/157   35/157  111/157]
[ 215/157  347/157  193/157   67/157  -31/157 -101/157 -143/157        0        0        0        0        0        0        0        0]
[-143/157, -101/157]
7 [-143/157, 213/157]
Testing obstruction for
m1: 40, m2: 40,a: 39
[      -1 -153/157 -141/157 -121/157  -93/157  -57/157  -13/157   39/157   99/157  167/157  243/157  327/157  419/157  519/157  627/157]
[ 743/157  867/157  999/157 1139/157 1287/157 1443/157 1293/157 1151/157 1017/157  891/157  773/157  663/157  561/157  467/157  381/157]
[ 303/157  233/157  171/157  117/157   71/157   33/157    3/157  -19/157  -33/157  -39/157  -37/157  -27/157   -9/157   17/157   51/157]
[  93/157  143/157  201/157  267/157  341/157  423/157  513/157  611/157  717/157  831/157  953/157 1083/157 1221/157 1367/157 1521/157]
[1369/157 1225/157 1089/157  961/157  841/157  729/157  625/157  529/157  441/157  361/157  289/157  225/157  169/157  121/157   81/157]
[  49/157   25/157    9/157    1/157    1/157    9/157   25/157   49/157   81/157  121/157  169/157  225/157  289/157  361/157  441/157]
[ 529/157  625/157  729/157  841/157  961/157 1089/157 1225/157 1369/157 1521/157 1367/157 1221/157 1083/157  953/157  831/157  717/157]
[ 611/157  513/157  423/157  341/157  267/157  201/157  143/157   93/157   51/157   17/157   -9/157  -27/157  -37/157  -39/157  -33/157]
[ -19/157    3/157   33/157   71/157  117/157  171/157  233/157  303/157  381/157  467/157  561/157  663/157  773/157  891/157 1017/157]
[1151/157 1293/157 1443/157 1287/157 1139/157  999/157  867/157  743/157  627/157  519/157  419/157  327/157  243/157  167/157   99/157]
[  39/157  -13/157  -57/157  -93/157 -121/157 -141/157 -153/157        0        0        0        0        0        0        0        0]
---------------------------
SUCCESS for name = 13a666
---------------------------
13a670
Correction terms
[      -1 -119/177   55/177    -3/59   43/177 -143/177    47/59 -167/177   -5/177   -27/59  -41/177  115/177    11/59   67/177 -137/177]
[   43/59 -197/177  -53/177   -49/59 -125/177   13/177   -29/59  -71/177 -293/177   -15/59  -35/177   91/177    -7/59  -17/177  103/177]
[   -5/59  -17/177 -257/177    -9/59  -35/177   73/177   -19/59  -71/177   31/177   -35/59 -125/177  -29/177   -57/59  157/177 -107/177]
[   33/59 -287/177  151/177    -1/59  -41/177   37/177   -41/59  187/177  -95/177    31/59 -311/177  109/177   -21/59 -119/177     -1/3]
[  -79/59   55/177 -245/177   -25/59 -143/177  -95/177    23/59   -5/177   37/177   -53/59  115/177 -203/177   -17/59 -137/177 -107/177]
[   13/59  -53/177  -29/177   -81/59   13/177   31/177   -63/59   61/177 -281/177    67/59 -263/177   97/177   -45/59  103/177  103/177]
[  -45/59   97/177 -263/177    67/59 -281/177   61/177   -63/59   31/177   13/177   -81/59  -29/177  -53/177    13/59 -107/177 -137/177]
[  -17/59 -203/177  115/177   -53/59   37/177   -5/177    23/59  -95/177 -143/177   -25/59 -245/177   55/177   -79/59     -1/3 -119/177]
[  -21/59  109/177 -311/177    31/59  -95/177  187/177   -41/59   37/177  -41/177    -1/59  151/177 -287/177    33/59 -107/177  157/177]
[  -57/59  -29/177 -125/177   -35/59   31/177  -71/177   -19/59   73/177  -35/177    -9/59 -257/177  -17/177    -5/59  103/177  -17/177]
[   -7/59   91/177  -35/177   -15/59 -293/177  -71/177   -29/59   13/177 -125/177   -49/59  -53/177 -197/177    43/59 -137/177   67/177]
[   11/59  115/177  -41/177   -27/59   -5/177 -167/177    47/59 -143/177   43/177    -3/59   55/177 -119/177        0        0        0]
Testing obstruction for
m1: 2, m2: 30,a: 0
[      -1  -53/177  -35/177   -41/59   37/177   91/177    13/59  235/177  325/177   103/59  541/177  667/177   229/59  955/177 1117/177]
[  391/59 1123/177  967/177   235/59  691/177  571/177   115/59  367/177  283/177    31/59  151/177  103/177   -17/59   43/177   31/177]
[  -29/59   43/177   67/177    -5/59  151/177  211/177    55/59  367/177  463/177   151/59  691/177  823/177   283/59 1123/177 1291/177]
[  333/59  955/177  805/177   183/59  541/177  427/177    69/59  235/177  157/177    -9/59   37/177   -5/177   -51/59  -53/177     -1/3]
[  -57/59  -35/177   -5/177   -27/59   91/177  157/177    39/59  325/177  427/177   141/59  667/177  805/177   279/59 1117/177 1291/177]
[  335/59  967/177  823/177   191/59  571/177  463/177    83/59  283/177  211/177    11/59  103/177   67/177   -25/59   31/177   31/177]
[  -25/59   67/177  103/177    11/59  211/177  283/177    83/59  463/177  571/177   191/59  823/177  967/177   335/59 1291/177 1117/177]
[  279/59  805/177  667/177   141/59  427/177  325/177    39/59  157/177   91/177   -27/59   -5/177  -35/177   -57/59     -1/3  -53/177]
[  -51/59   -5/177   37/177    -9/59  157/177  235/177    69/59  427/177  541/177   183/59  805/177  955/177   333/59 1291/177 1123/177]
[  283/59  823/177  691/177   151/59  463/177  367/177    55/59  211/177  151/177    -5/59   67/177   43/177   -29/59   31/177   43/177]
[  -17/59  103/177  151/177    31/59  283/177  367/177   115/59  571/177  691/177   235/59  967/177 1123/177   391/59 1117/177  955/177]
[  229/59  667/177  541/177   103/59  325/177  235/177    13/59   91/177   37/177   -41/59  -35/177  -53/177        0        0        0]
[-53/177, -35/177, -41/59, 37/177, 91/177, 13/59, 235/177, 325/177, 103/59, 541/177, 667/177, 229/59, 955/177, 1117/177, 391/59, 1123/177, 967/177, 235/59, 691/177, 571/177, 115/59, 367/177, 283/177, 31/59, 151/177, 103/177, -17/59, 43/177, 31/177, -29/59, 43/177, 67/177, -5/59, 151/177, 211/177, 55/59, 367/177, 463/177, 151/59, 691/177, 823/177, 283/59, 1123/177, 1291/177, 333/59, 955/177, 805/177, 183/59, 541/177, 427/177, 69/59, 235/177, 157/177, -9/59, 37/177, -5/177, -51/59]
17 [-53/177, -35/177, -41/59, 37/177, -263/177, 13/59, -119/177, -29/177, -15/59, -167/177, -41/177, -7/59, -107/177, 55/177, -81/59, 61/177, -95/177, -1/59, -17/177, -137/177, -3/59, 13/177, -71/177, 31/59, -203/177, 103/177, -17/59, -311/177, 31/177, -29/59, 43/177, 67/177, -5/59, 151/177, -143/177, -63/59, 13/177, -245/177, 33/59, -17/177, 115/177, 47/59, -293/177, -125/177, -21/59, -107/177, 97/177, -53/59, 187/177, 73/177, -49/59, -119/177, -197/177, -9/59, 37/177, -5/177, 67/59]
[-53/177, -35/177, -41/59, 37/177, 91/177, 13/59, 235/177, 325/177, 103/59, 541/177, 667/177, 229/59, 955/177, 1117/177, 391/59, 1123/177, 967/177, 235/59, 691/177, 571/177, 115/59, 367/177, 283/177, 31/59, 151/177, 103/177, -17/59, 43/177, 31/177, -29/59, 43/177, 67/177, -5/59, 151/177, 211/177, 55/59, 367/177, 463/177, 151/59, 691/177, 823/177, 283/59, 1123/177, 1291/177, 333/59, 955/177, 805/177, 183/59, 541/177, 427/177, 69/59, 235/177, 157/177, -9/59, 37/177, -5/177, -51/59]
76 [-53/177, -35/177, -41/59, 37/177, 91/177, 13/59, -119/177, -29/177, -15/59, 187/177, -41/177, -7/59, -107/177, 55/177, -81/59, -293/177, -95/177, -1/59, -17/177, -137/177, -3/59, 13/177, -71/177, 31/59, 151/177, 103/177, -17/59, 43/177, 31/177, -29/59, -311/177, -287/177, -5/59, -203/177, -143/177, -63/59, 13/177, 109/177, 33/59, -17/177, 115/177, 47/59, 61/177, -125/177, -21/59, -107/177, -257/177, -53/59, -167/177, -281/177, -49/59, -119/177, 157/177, -9/59, 37/177, -5/177, 67/59]
Testing obstruction for
m1: 16, m2: 16,a: 14
[      -1 -115/177   71/177     9/59  107/177  -43/177   -23/59   29/177  251/177    81/59  359/177  245/177    85/59  389/177  647/177]
[  225/59  473/177  395/177   147/59  257/177  197/177    87/59   95/177   53/177    45/59  -13/177  -37/177    21/59  -67/177  -73/177]
[   15/59  -67/177  -55/177    27/59  -13/177   17/177    57/59   95/177  143/177   105/59  257/177  323/177   171/59  473/177  557/177]
[  137/59  389/177  491/177   121/59  359/177  125/177     5/59   29/177  167/177    25/59  107/177  -91/177   -55/59 -115/177      1/3]
[    1/59   71/177  -91/177   -43/59  -43/177  167/177    49/59  251/177  125/177    41/59  245/177  491/177   169/59  647/177  557/177]
[  197/59  395/177  323/177   125/59  197/177  143/177    71/59   53/177   17/177    35/59  -37/177  -55/177    17/59  -73/177  -73/177]
[   17/59  -55/177  -37/177    35/59   17/177   53/177    71/59  143/177  197/177   125/59  323/177  395/177   197/59  557/177  647/177]
[  169/59  491/177  245/177    41/59  125/177  251/177    49/59  167/177  -43/177   -43/59  -91/177   71/177     1/59      1/3 -115/177]
[  -55/59  -91/177  107/177    25/59  167/177   29/177     5/59  125/177  359/177   121/59  491/177  389/177   137/59  557/177  473/177]
[  171/59  323/177  257/177   105/59  143/177   95/177    57/59   17/177  -13/177    27/59  -55/177  -67/177    15/59  -73/177  -67/177]
[   21/59  -37/177  -13/177    45/59   53/177   95/177    87/59  197/177  257/177   147/59  395/177  473/177   225/59  647/177  389/177]
[   85/59  245/177  359/177    81/59  251/177   29/177   -23/59  -43/177  107/177     9/59   71/177 -115/177        0        0        0]
---------------------------
SUCCESS for name = 13a670
---------------------------
