13a4281
Correction terms
[      -1  -71/457  173/457  275/457  235/457   53/457 -271/457  177/457 -431/457 -267/457 -245/457 -365/457  287/457 -117/457  251/457]
[-437/457 -353/457 -411/457 -611/457  -39/457 -523/457 -235/457  -89/457  -85/457 -223/457  411/457  -11/457  339/457 -367/457 -301/457]
[-377/457 -595/457  -41/457 -543/457 -273/457 -145/457 -159/457 -315/457 -613/457 -139/457  193/457  383/457  431/457  337/457  101/457]
[-277/457  117/457 -545/457 -435/457 -467/457 -641/457  -43/457 -501/457 -187/457  -15/457   15/457  -97/457 -351/457  167/457 -371/457]
[-137/457  -45/457  -95/457 -287/457  293/457 -183/457  113/457 -647/457 -635/457  149/457 -123/457  377/457 -179/457   37/457  111/457]
[  43/457 -167/457 -519/457  -99/457  179/457  315/457  309/457  161/457 -129/457 -561/457 -221/457  -23/457   33/457  -53/457 -281/457]
[ 263/457 -249/457   11/457  129/457  105/457  -61/457 -369/457   95/457 -497/457 -317/457 -279/457 -383/457 -629/457 -103/457 -633/457]
[-391/457 -291/457 -333/457  397/457   71/457  517/457  -93/457   69/457   89/457  -33/457 -297/457 -703/457 -337/457 -113/457  -31/457]
[ -91/457 -293/457 -637/457 -209/457   77/457  221/457  223/457   83/457 -199/457  291/457 -275/457  -69/457   -5/457  -83/457 -303/457]
[-665/457 -255/457   13/457  139/457  123/457  -35/457 -335/457  137/457 -447/457 -259/457 -213/457 -309/457  367/457  -13/457  379/457]
[-285/457 -177/457 -211/457 -387/457  209/457 -251/457   61/457  231/457  259/457  145/457 -111/457 -509/457 -135/457   97/457  187/457]
[ 135/457  -59/457 -395/457   41/457 -579/457 -427/457 -417/457 -549/457   91/457 -325/457   31/457  245/457  317/457  247/457   35/457]
[-319/457   99/457 -539/457 -405/457 -413/457 -563/457   59/457 -375/457  -37/457 -755/457 -701/457  125/457 -105/457  437/457  -77/457]
[ 181/457  297/457  271/457  103/457 -207/457 -659/457 -339/457 -161/457 -125/457 -231/457 -479/457   45/457 -487/457 -247/457 -149/457]
[-193/457 -379/457  207/457 -263/457   39/457  199/457  217/457   93/457 -173/457 -581/457 -217/457    5/457   85/457   23/457 -181/457]
[ 387/457 -101/457  183/457 -589/457 -589/457  183/457 -101/457  387/457 -181/457   23/457   85/457    5/457 -217/457 -581/457 -173/457]
[  93/457  217/457  199/457   39/457 -263/457  207/457 -379/457 -193/457 -149/457 -247/457 -487/457   45/457 -479/457 -231/457 -125/457]
[-161/457 -339/457 -659/457 -207/457  103/457  271/457  297/457  181/457  -77/457  437/457 -105/457  125/457 -701/457 -755/457  -37/457]
[-375/457   59/457 -563/457 -413/457 -405/457 -539/457   99/457 -319/457   35/457  247/457  317/457  245/457   31/457 -325/457   91/457]
[-549/457 -417/457 -427/457 -579/457   41/457 -395/457  -59/457  135/457  187/457   97/457 -135/457 -509/457 -111/457  145/457  259/457]
[ 231/457   61/457 -251/457  209/457 -387/457 -211/457 -177/457 -285/457  379/457  -13/457  367/457 -309/457 -213/457 -259/457 -447/457]
[ 137/457 -335/457  -35/457  123/457  139/457   13/457 -255/457 -665/457 -303/457  -83/457   -5/457  -69/457 -275/457  291/457 -199/457]
[  83/457  223/457  221/457   77/457 -209/457 -637/457 -293/457  -91/457  -31/457 -113/457 -337/457 -703/457 -297/457  -33/457   89/457]
[  69/457  -93/457  517/457   71/457  397/457 -333/457 -291/457 -391/457 -633/457 -103/457 -629/457 -383/457 -279/457 -317/457 -497/457]
[  95/457 -369/457  -61/457  105/457  129/457   11/457 -249/457  263/457 -281/457  -53/457   33/457  -23/457 -221/457 -561/457 -129/457]
[ 161/457  309/457  315/457  179/457  -99/457 -519/457 -167/457   43/457  111/457   37/457 -179/457  377/457 -123/457  149/457 -635/457]
[-647/457  113/457 -183/457  293/457 -287/457  -95/457  -45/457 -137/457 -371/457  167/457 -351/457  -97/457   15/457  -15/457 -187/457]
[-501/457  -43/457 -641/457 -467/457 -435/457 -545/457  117/457 -277/457  101/457  337/457  431/457  383/457  193/457 -139/457 -613/457]
[-315/457 -159/457 -145/457 -273/457 -543/457  -41/457 -595/457 -377/457 -301/457 -367/457  339/457  -11/457  411/457 -223/457  -85/457]
[ -89/457 -235/457 -523/457  -39/457 -611/457 -411/457 -353/457 -437/457  251/457 -117/457  287/457 -365/457 -245/457 -267/457 -431/457]
[ 177/457 -271/457   53/457  235/457  275/457  173/457  -71/457        0        0        0        0        0        0        0        0]
Testing obstruction for
m1: 6, m2: 22,a: 2
[      -1 -435/457 -369/457 -259/457 -105/457   93/457  335/457  621/457  951/457 1325/457 1743/457 2205/457 1797/457 1433/457 1113/457]
[ 837/457  605/457  417/457  273/457  173/457  117/457  105/457  137/457  213/457  333/457  497/457  705/457  957/457 1253/457 1593/457]
[1977/457 2405/457 1963/457 1565/457 1211/457  901/457  635/457  413/457  235/457  101/457   11/457  -35/457  -37/457    5/457   91/457]
[ 221/457  395/457  613/457  875/457 1181/457 1531/457 1925/457 2363/457 1931/457 1543/457 1199/457  899/457  643/457  431/457  263/457]
[ 139/457   59/457   23/457   31/457   83/457  179/457  319/457  503/457  731/457 1003/457 1319/457 1679/457 2083/457 2531/457 2109/457]
[1731/457 1397/457 1107/457  861/457  659/457  501/457  387/457  317/457  291/457  309/457  371/457  477/457  627/457  821/457 1059/457]
[1341/457 1667/457 2037/457 2451/457 1995/457 1583/457 1215/457  891/457  611/457  375/457  183/457   35/457  -69/457 -129/457 -145/457]
[-117/457  -45/457   71/457  231/457  435/457  683/457  975/457 1311/457 1691/457 2115/457 1669/457 1267/457  909/457  595/457  325/457]
[  99/457  -83/457 -221/457 -315/457 -365/457 -371/457 -333/457 -251/457 -125/457   45/457  259/457  517/457  819/457 1165/457 1555/457]
[1989/457 2467/457 2075/457 1727/457 1423/457 1163/457  947/457  775/457  647/457  563/457  523/457  527/457  575/457  667/457  803/457]
[ 983/457 1207/457 1475/457 1787/457 2143/457 2543/457 2073/457 1647/457 1265/457  927/457  633/457  383/457  177/457   15/457 -103/457]
[-177/457 -207/457 -193/457 -135/457  -33/457  113/457  303/457  537/457  815/457 1137/457 1503/457 1913/457 2367/457 1951/457 1579/457]
[1251/457  967/457  727/457  531/457  379/457  271/457  207/457  187/457  211/457  279/457  391/457  547/457  747/457  991/457 1279/457]
[1611/457 1987/457 2407/457 1957/457 1551/457 1189/457  871/457  597/457  367/457  181/457   39/457  -59/457 -113/457 -123/457  -89/457]
[ -11/457  111/457  277/457  487/457  741/457 1039/457 1381/457 1767/457 2197/457 1757/457 1361/457 1009/457  701/457  437/457  217/457]
[  41/457  -91/457 -179/457 -223/457 -223/457 -179/457  -91/457   41/457  217/457  437/457  701/457 1009/457 1361/457 1757/457 2197/457]
[1767/457 1381/457 1039/457  741/457  487/457  277/457  111/457  -11/457  -89/457 -123/457 -113/457  -59/457   39/457  181/457  367/457]
[ 597/457  871/457 1189/457 1551/457 1957/457 2407/457 1987/457 1611/457 1279/457  991/457  747/457  547/457  391/457  279/457  211/457]
[ 187/457  207/457  271/457  379/457  531/457  727/457  967/457 1251/457 1579/457 1951/457 2367/457 1913/457 1503/457 1137/457  815/457]
[ 537/457  303/457  113/457  -33/457 -135/457 -193/457 -207/457 -177/457 -103/457   15/457  177/457  383/457  633/457  927/457 1265/457]
[1647/457 2073/457 2543/457 2143/457 1787/457 1475/457 1207/457  983/457  803/457  667/457  575/457  527/457  523/457  563/457  647/457]
[ 775/457  947/457 1163/457 1423/457 1727/457 2075/457 2467/457 1989/457 1555/457 1165/457  819/457  517/457  259/457   45/457 -125/457]
[-251/457 -333/457 -371/457 -365/457 -315/457 -221/457  -83/457   99/457  325/457  595/457  909/457 1267/457 1669/457 2115/457 1691/457]
[1311/457  975/457  683/457  435/457  231/457   71/457  -45/457 -117/457 -145/457 -129/457  -69/457   35/457  183/457  375/457  611/457]
[ 891/457 1215/457 1583/457 1995/457 2451/457 2037/457 1667/457 1341/457 1059/457  821/457  627/457  477/457  371/457  309/457  291/457]
[ 317/457  387/457  501/457  659/457  861/457 1107/457 1397/457 1731/457 2109/457 2531/457 2083/457 1679/457 1319/457 1003/457  731/457]
[ 503/457  319/457  179/457   83/457   31/457   23/457   59/457  139/457  263/457  431/457  643/457  899/457 1199/457 1543/457 1931/457]
[2363/457 1925/457 1531/457 1181/457  875/457  613/457  395/457  221/457   91/457    5/457  -37/457  -35/457   11/457  101/457  235/457]
[ 413/457  635/457  901/457 1211/457 1565/457 1963/457 2405/457 1977/457 1593/457 1253/457  957/457  705/457  497/457  333/457  213/457]
[ 137/457  105/457  117/457  173/457  273/457  417/457  605/457  837/457 1113/457 1433/457 1797/457 2205/457 1743/457 1325/457  951/457]
[ 621/457  335/457   93/457 -105/457 -259/457 -369/457 -435/457        0        0        0        0        0        0        0        0]
Unobstructed
48
---------------------------
---------------------------
13a4293
Correction terms
[      -1 -103/217  239/217  -59/217 -129/217   29/217  -19/217    23/31  135/217  -97/217 -101/217  123/217 -293/217  -47/217    -1/31]
[ 261/217 -111/217 -255/217 -171/217  141/217  247/217    21/31 -159/217 -237/217  -87/217 -143/217   29/217   -5/217    27/31 -257/217]
[ -41/217     -1/7  207/217  239/217   65/217   -45/31  -33/217   43/217  -87/217   11/217  -97/217   23/217    -9/31   79/217   15/217]
[ 179/217  137/217 -111/217 -131/217    11/31   79/217 -125/217 -101/217 -283/217  197/217   37/217    15/31  -33/217   57/217  -59/217]
[  53/217  -41/217      3/7     3/31 -257/217 -307/217 -129/217  277/217   43/217   37/217   -25/31 -159/217   85/217  123/217  -45/217]
[  15/217 -131/217    -7/31 -173/217  -69/217  263/217  -45/217 -125/217   23/217    -5/31  135/217   99/217 -143/217 -157/217   57/217]
[  65/217   -19/31 -103/217      5/7 -227/217   53/217  127/217   -5/217    13/31  -19/217 -335/217   11/217  151/217   85/217 -187/217]
[  -33/31  -47/217  -69/217  137/217  137/217  -69/217  -47/217   -33/31 -187/217   85/217  151/217   11/217 -335/217  -19/217    13/31]
[  -5/217  127/217   53/217 -227/217      5/7 -103/217   -19/31   65/217   57/217 -157/217 -143/217   99/217  135/217    -5/31   23/217]
[-125/217  -45/217  263/217  -69/217 -173/217    -7/31 -131/217   15/217  -45/217  123/217   85/217 -159/217   -25/31   37/217   43/217]
[ 277/217 -129/217 -307/217 -257/217     3/31      3/7  -41/217   53/217  -59/217   57/217  -33/217    15/31   37/217  197/217 -283/217]
[-101/217 -125/217   79/217    11/31 -131/217 -111/217  137/217  179/217   15/217   79/217    -9/31   23/217  -97/217   11/217  -87/217]
[  43/217  -33/217   -45/31   65/217  239/217  207/217     -1/7  -41/217 -257/217    27/31   -5/217   29/217 -143/217  -87/217 -237/217]
[-159/217    21/31  247/217  141/217 -171/217 -255/217 -111/217  261/217    -1/31  -47/217 -293/217  123/217 -101/217  -97/217  135/217]
[   23/31  -19/217   29/217 -129/217  -59/217  239/217 -103/217        0        0        0        0        0        0        0        0]
Testing obstruction for
m1: 4, m2: 16,a: 0
[      -1 -141/217   87/217   33/217  131/217  381/217  349/217    67/31  741/217  731/217  439/217  299/217  311/217   41/217   -11/31]
[ -43/217  143/217   47/217  103/217  311/217  237/217    45/31  545/217  927/217  593/217  411/217  381/217   69/217   -13/31  -99/217]
[  45/217     -3/7  -79/217   87/217  -29/217     1/31  195/217  535/217  593/217  803/217  731/217  377/217    25/31  125/217  227/217]
[  47/217   19/217  143/217  -15/217    -3/31  125/217  423/217  439/217  607/217  927/217  531/217    41/31  195/217  255/217   33/217]
[ -37/217   45/217     -5/7   -29/31  -99/217  157/217  131/217  257/217  535/217  531/217    97/31  545/217  563/217  299/217  187/217]
[ 227/217  -15/217   -15/31  -43/217  171/217  103/217  187/217  423/217  377/217    69/31  741/217  717/217  411/217  257/217  255/217]
[ -29/217   -23/31 -141/217      1/7  -79/217  -37/217  157/217   69/217    19/31  349/217  717/217  803/217  607/217  563/217  237/217]
[    9/31   41/217  171/217   19/217   19/217  171/217   41/217     9/31  237/217  563/217  607/217  803/217  717/217  349/217    19/31]
[  69/217  157/217  -37/217  -79/217      1/7 -141/217   -23/31  -29/217  255/217  257/217  411/217  717/217  741/217    69/31  377/217]
[ 423/217  187/217  103/217  171/217  -43/217   -15/31  -15/217  227/217  187/217  299/217  563/217  545/217    97/31  531/217  535/217]
[ 257/217  131/217  157/217  -99/217   -29/31     -5/7   45/217  -37/217   33/217  255/217  195/217    41/31  531/217  927/217  607/217]
[ 439/217  423/217  125/217    -3/31  -15/217  143/217   19/217   47/217  227/217  125/217    25/31  377/217  731/217  803/217  593/217]
[ 535/217  195/217     1/31  -29/217   87/217  -79/217     -3/7   45/217  -99/217   -13/31   69/217  381/217  411/217  593/217  927/217]
[ 545/217    45/31  237/217  311/217  103/217   47/217  143/217  -43/217   -11/31   41/217  311/217  299/217  439/217  731/217  741/217]
[   67/31  349/217  381/217  131/217   33/217   87/217 -141/217        0        0        0        0        0        0        0        0]
Testing obstruction for
m1: 6, m2: 12,a: 3
[      -1 -195/217 -129/217  -19/217  135/217  333/217  575/217    61/31  323/217  263/217  247/217  275/217  347/217  463/217    89/31]
[ 393/217  207/217   65/217  -33/217  -87/217  -97/217    -9/31   15/217  137/217  303/217  513/217  333/217  197/217    15/31   57/217]
[  53/217      3/7  177/217  305/217  477/217    37/31   85/217  -45/217 -131/217 -173/217 -171/217 -125/217    -5/31   99/217  277/217]
[ 499/217  331/217  207/217  127/217    13/31   99/217  151/217  247/217  387/217  571/217  365/217    29/31   85/217   11/217  -19/217]
[  -5/217   53/217      5/7    43/31  491/217  291/217  135/217   23/217  -45/217  -69/217    -7/31   15/217  123/217  275/217  471/217]
[ 277/217  127/217     3/31  -41/217  -59/217  -33/217   37/217  151/217  309/217    73/31  323/217  179/217   79/217   23/217   11/217]
[  43/217    17/31  239/217     13/7  611/217  429/217  291/217  197/217    21/31  141/217  179/217  261/217  387/217  557/217  337/217]
[   23/31   29/217  -59/217 -103/217 -103/217  -59/217   29/217    23/31  337/217  557/217  387/217  261/217  179/217  141/217    21/31]
[ 197/217  291/217  429/217  611/217     13/7  239/217    17/31   43/217   11/217   23/217   79/217  179/217  323/217    73/31  309/217]
[ 151/217   37/217  -33/217  -59/217  -41/217     3/31  127/217  277/217  471/217  275/217  123/217   15/217    -7/31  -69/217  -45/217]
[  23/217  135/217  291/217  491/217    43/31      5/7   53/217   -5/217  -19/217   11/217   85/217    29/31  365/217  571/217  387/217]
[ 247/217  151/217   99/217    13/31  127/217  207/217  331/217  499/217  277/217   99/217    -5/31 -125/217 -171/217 -173/217 -131/217]
[ -45/217   85/217    37/31  477/217  305/217  177/217      3/7   53/217   57/217    15/31  197/217  333/217  513/217  303/217  137/217]
[  15/217    -9/31  -97/217  -87/217  -33/217   65/217  207/217  393/217    89/31  463/217  347/217  275/217  247/217  263/217  323/217]
[   61/31  575/217  333/217  135/217  -19/217 -129/217 -195/217        0        0        0        0        0        0        0        0]
Testing obstruction for
m1: 10, m2: 10,a: 6
[      -1 -179/217  -65/217  125/217  391/217  299/217  283/217    49/31  479/217  257/217  111/217   41/217   47/217  129/217    41/31]
[  87/217  -37/217  -85/217  -57/217   47/217  227/217    69/31  381/217  355/217  405/217  531/217  299/217  143/217     9/31   59/217]
[ 131/217      9/7   69/217  -65/217 -123/217   -15/31  -11/217  159/217  405/217  293/217  257/217  297/217    59/31  171/217    5/217]
[ -85/217  -99/217  -37/217  101/217    45/31  171/217  103/217  111/217  195/217  355/217  157/217     5/31  -11/217   19/217  125/217]
[ 307/217  131/217      1/7     1/31   59/217  187/217  391/217  237/217  159/217  157/217    33/31  381/217  173/217   41/217  -15/217]
[   5/217  101/217    39/31   87/217  -23/217  -57/217  -15/217  103/217  297/217    81/31  479/217  467/217  531/217  237/217   19/217]
[-123/217   -27/31 -179/217     -3/7   69/217  307/217  187/217  143/217    25/31  283/217  467/217  293/217  195/217  173/217  227/217]
[   51/31  129/217  -23/217  -99/217  -99/217  -23/217  129/217    51/31  227/217  173/217  195/217  293/217  467/217  283/217    25/31]
[ 143/217  187/217  307/217   69/217     -3/7 -179/217   -27/31 -123/217   19/217  237/217  531/217  467/217  479/217    81/31  297/217]
[ 103/217  -15/217  -57/217  -23/217   87/217    39/31  101/217    5/217  -15/217   41/217  173/217  381/217    33/31  157/217  159/217]
[ 237/217  391/217  187/217   59/217     1/31      1/7  131/217  307/217  125/217   19/217  -11/217     5/31  157/217  355/217  195/217]
[ 111/217  103/217  171/217    45/31  101/217  -37/217  -99/217  -85/217    5/217  171/217    59/31  297/217  257/217  293/217  405/217]
[ 159/217  -11/217   -15/31 -123/217  -65/217   69/217      9/7  131/217   59/217     9/31  143/217  299/217  531/217  405/217  355/217]
[ 381/217    69/31  227/217   47/217  -57/217  -85/217  -37/217   87/217    41/31  129/217   47/217   41/217  111/217  257/217  479/217]
[   49/31  283/217  299/217  391/217  125/217  -65/217 -179/217        0        0        0        0        0        0        0        0]
---------------------------
SUCCESS for name = 13a4293
---------------------------
13a4310
Correction terms
[      -1  -69/217  -59/217 -187/217  -19/217   11/217  -97/217    13/31 -293/217   53/217 -173/217 -103/217 -171/217   57/217   -41/31]
[  99/217  -87/217   23/217   -5/217 -171/217  -41/217    -7/31 -195/217  -45/217  -33/217 -159/217   11/217   43/217    -9/31  127/217]
[-255/217      3/7 -131/217  -59/217 -125/217    15/31 -237/217  151/217  -33/217   79/217   53/217 -111/217     3/31   15/217 -129/217]
[  23/217   37/217  -87/217   85/217   -45/31   15/217 -227/217 -173/217 -257/217  -45/217 -405/217    -5/31 -237/217 -143/217 -187/217]
[  65/217 -255/217      5/7   -63/31  127/217 -311/217  -19/217 -299/217  151/217 -405/217    29/31 -195/217  137/217 -103/217  -47/217]
[-129/217   85/217   -39/31   99/217 -101/217   -5/217  -47/217 -227/217 -111/217   -19/31 -293/217 -157/217 -159/217 -299/217 -143/217]
[-125/217   -35/31  -69/217     -1/7 -131/217   65/217 -311/217   43/217   -25/31  -97/217 -157/217   79/217 -257/217  137/217  -41/217]
[   11/31   57/217 -101/217   37/217   37/217 -101/217   57/217    11/31  -41/217  137/217 -257/217   79/217 -157/217  -97/217   -25/31]
[  43/217 -311/217   65/217 -131/217     -1/7  -69/217   -35/31 -125/217 -143/217 -299/217 -159/217 -157/217 -293/217   -19/31 -111/217]
[-227/217  -47/217   -5/217 -101/217   99/217   -39/31   85/217 -129/217  -47/217 -103/217  137/217 -195/217    29/31 -405/217  151/217]
[-299/217  -19/217 -311/217  127/217   -63/31      5/7 -255/217   65/217 -187/217 -143/217 -237/217    -5/31 -405/217  -45/217 -257/217]
[-173/217 -227/217   15/217   -45/31   85/217  -87/217   37/217   23/217 -129/217   15/217     3/31 -111/217   53/217   79/217  -33/217]
[ 151/217 -237/217    15/31 -125/217  -59/217 -131/217      3/7 -255/217  127/217    -9/31   43/217   11/217 -159/217  -33/217  -45/217]
[-195/217    -7/31  -41/217 -171/217   -5/217   23/217  -87/217   99/217   -41/31   57/217 -171/217 -103/217 -173/217   53/217 -293/217]
[   13/31  -97/217   11/217  -19/217 -187/217  -59/217  -69/217        0        0        0        0        0        0        0        0]
Testing obstruction for
m1: 4, m2: 16,a: 0
[      -1 -141/217   87/217   33/217  131/217  381/217  349/217    67/31  741/217  731/217  439/217  299/217  311/217   41/217   -11/31]
[ -43/217  143/217   47/217  103/217  311/217  237/217    45/31  545/217  927/217  593/217  411/217  381/217   69/217   -13/31  -99/217]
[  45/217     -3/7  -79/217   87/217  -29/217     1/31  195/217  535/217  593/217  803/217  731/217  377/217    25/31  125/217  227/217]
[  47/217   19/217  143/217  -15/217    -3/31  125/217  423/217  439/217  607/217  927/217  531/217    41/31  195/217  255/217   33/217]
[ -37/217   45/217     -5/7   -29/31  -99/217  157/217  131/217  257/217  535/217  531/217    97/31  545/217  563/217  299/217  187/217]
[ 227/217  -15/217   -15/31  -43/217  171/217  103/217  187/217  423/217  377/217    69/31  741/217  717/217  411/217  257/217  255/217]
[ -29/217   -23/31 -141/217      1/7  -79/217  -37/217  157/217   69/217    19/31  349/217  717/217  803/217  607/217  563/217  237/217]
[    9/31   41/217  171/217   19/217   19/217  171/217   41/217     9/31  237/217  563/217  607/217  803/217  717/217  349/217    19/31]
[  69/217  157/217  -37/217  -79/217      1/7 -141/217   -23/31  -29/217  255/217  257/217  411/217  717/217  741/217    69/31  377/217]
[ 423/217  187/217  103/217  171/217  -43/217   -15/31  -15/217  227/217  187/217  299/217  563/217  545/217    97/31  531/217  535/217]
[ 257/217  131/217  157/217  -99/217   -29/31     -5/7   45/217  -37/217   33/217  255/217  195/217    41/31  531/217  927/217  607/217]
[ 439/217  423/217  125/217    -3/31  -15/217  143/217   19/217   47/217  227/217  125/217    25/31  377/217  731/217  803/217  593/217]
[ 535/217  195/217     1/31  -29/217   87/217  -79/217     -3/7   45/217  -99/217   -13/31   69/217  381/217  411/217  593/217  927/217]
[ 545/217    45/31  237/217  311/217  103/217   47/217  143/217  -43/217   -11/31   41/217  311/217  299/217  439/217  731/217  741/217]
[   67/31  349/217  381/217  131/217   33/217   87/217 -141/217        0        0        0        0        0        0        0        0]
Testing obstruction for
m1: 6, m2: 12,a: 3
[      -1 -195/217 -129/217  -19/217  135/217  333/217  575/217    61/31  323/217  263/217  247/217  275/217  347/217  463/217    89/31]
[ 393/217  207/217   65/217  -33/217  -87/217  -97/217    -9/31   15/217  137/217  303/217  513/217  333/217  197/217    15/31   57/217]
[  53/217      3/7  177/217  305/217  477/217    37/31   85/217  -45/217 -131/217 -173/217 -171/217 -125/217    -5/31   99/217  277/217]
[ 499/217  331/217  207/217  127/217    13/31   99/217  151/217  247/217  387/217  571/217  365/217    29/31   85/217   11/217  -19/217]
[  -5/217   53/217      5/7    43/31  491/217  291/217  135/217   23/217  -45/217  -69/217    -7/31   15/217  123/217  275/217  471/217]
[ 277/217  127/217     3/31  -41/217  -59/217  -33/217   37/217  151/217  309/217    73/31  323/217  179/217   79/217   23/217   11/217]
[  43/217    17/31  239/217     13/7  611/217  429/217  291/217  197/217    21/31  141/217  179/217  261/217  387/217  557/217  337/217]
[   23/31   29/217  -59/217 -103/217 -103/217  -59/217   29/217    23/31  337/217  557/217  387/217  261/217  179/217  141/217    21/31]
[ 197/217  291/217  429/217  611/217     13/7  239/217    17/31   43/217   11/217   23/217   79/217  179/217  323/217    73/31  309/217]
[ 151/217   37/217  -33/217  -59/217  -41/217     3/31  127/217  277/217  471/217  275/217  123/217   15/217    -7/31  -69/217  -45/217]
[  23/217  135/217  291/217  491/217    43/31      5/7   53/217   -5/217  -19/217   11/217   85/217    29/31  365/217  571/217  387/217]
[ 247/217  151/217   99/217    13/31  127/217  207/217  331/217  499/217  277/217   99/217    -5/31 -125/217 -171/217 -173/217 -131/217]
[ -45/217   85/217    37/31  477/217  305/217  177/217      3/7   53/217   57/217    15/31  197/217  333/217  513/217  303/217  137/217]
[  15/217    -9/31  -97/217  -87/217  -33/217   65/217  207/217  393/217    89/31  463/217  347/217  275/217  247/217  263/217  323/217]
[   61/31  575/217  333/217  135/217  -19/217 -129/217 -195/217        0        0        0        0        0        0        0        0]
Unobstructed
22
---------------------------
---------------------------
13a4320
Correction terms
[      -1  -41/145  -19/145  211/145   69/145   -31/29 -171/145   21/145  131/145  159/145    21/29  -31/145   41/145   31/145  -61/145]
[   11/29   89/145   41/145  -89/145  -11/145    -3/29 -101/145   21/145   61/145   19/145   -21/29  -21/145  -19/145  191/145      1/5]
[   15/29   39/145  -79/145   11/145   19/145    47/29   79/145 -159/145 -189/145  -11/145    17/29   99/145   31/145 -119/145  -61/145]
[  -17/29   99/145  201/145  -69/145 -131/145     3/29   79/145   61/145  -39/145   69/145    19/29   39/145  -99/145     -1/5  -41/145]
[   31/29  -21/145   11/145  -39/145 -171/145   -19/29  189/145  101/145  -69/145  -31/145   -15/29   89/145  171/145  171/145   89/145]
[  -15/29  -31/145  -69/145  101/145  189/145   -19/29 -171/145  -39/145   11/145  -21/145    31/29  -41/145     -1/5  -99/145   39/145]
[   19/29   69/145  -39/145   61/145   79/145     3/29 -131/145  -69/145  201/145   99/145   -17/29  -61/145 -119/145   31/145   99/145]
[   17/29  -11/145 -189/145 -159/145   79/145    47/29   19/145   11/145  -79/145   39/145    15/29      1/5  191/145  -19/145  -21/145]
[  -21/29   19/145   61/145   21/145 -101/145    -3/29  -11/145  -89/145   41/145   89/145    11/29  -61/145   31/145   41/145  -31/145]
[   21/29  159/145  131/145   21/145 -171/145   -31/29   69/145  211/145  -19/145  -41/145        0        0        0        0        0]
Testing obstruction for
m1: 4, m2: 12,a: 2
[      -1 -131/145  -89/145  -19/145   79/145    41/29  359/145  251/145  171/145  119/145    19/29   99/145  131/145  191/145  279/145]
[   79/29  249/145  131/145   41/145  -21/145   -11/29  -61/145  -39/145   11/145   89/145    39/29  329/145  201/145  101/145      1/5]
[   -3/29  -31/145  -19/145   21/145   89/145    37/29  309/145  171/145   61/145  -21/145   -15/29 -101/145  -99/145  -69/145  -11/145]
[   15/29  189/145  331/145  211/145  119/145    11/29   19/145   11/145   31/145   79/145    31/29  259/145  391/145      9/5  159/145]
[   17/29   39/145   21/145   31/145   69/145    27/29  229/145  351/145  211/145   99/145     3/29  -41/145  -69/145  -69/145  -41/145]
[    3/29   99/145  211/145  351/145  229/145    27/29   69/145   31/145   21/145   39/145    17/29  159/145      9/5  391/145  259/145]
[   31/29   79/145   31/145   11/145   19/145    11/29  119/145  211/145  331/145  189/145    15/29  -11/145  -69/145  -99/145 -101/145]
[  -15/29  -21/145   61/145  171/145  309/145    37/29   89/145   21/145  -19/145  -31/145    -3/29      1/5  101/145  201/145  329/145]
[   39/29   89/145   11/145  -39/145  -61/145   -11/29  -21/145   41/145  131/145  249/145    79/29  279/145  191/145  131/145   99/145]
[   19/29  119/145  171/145  251/145  359/145    41/29   79/145  -19/145  -89/145 -131/145        0        0        0        0        0]
[-131/145, -89/145]
49 [-131/145, 201/145]
Testing obstruction for
m1: 6, m2: 10,a: 4
[      -1 -123/145  -57/145   53/145  207/145    23/29   67/145   63/145  103/145  187/145    63/29  197/145  123/145   93/145  107/145]
[   33/29  267/145  123/145   23/145  -33/145    -9/29  -13/145   63/145  183/145   57/145    -5/29  -63/145  -57/145   -7/145      3/5]
[   45/29  117/145   53/145   33/145   57/145    25/29  237/145  103/145   13/145  -33/145    -7/29    7/145   93/145  223/145  107/145]
[    7/29    7/145   23/145   83/145  187/145     9/29  -53/145 -107/145 -117/145  -83/145    -1/29  117/145  283/145      7/5  167/145]
[   35/29  227/145  323/145  173/145   67/145     1/29  -13/145   13/145   83/145  197/145    13/29  -23/145  -67/145  -67/145  -23/145]
[   13/29  197/145   83/145   13/145  -13/145     1/29   67/145  173/145  323/145  227/145    35/29  167/145      7/5  283/145  117/145]
[   -1/29  -83/145 -117/145 -107/145  -53/145     9/29  187/145   83/145   23/145    7/145     7/29  107/145  223/145   93/145    7/145]
[   -7/29  -33/145   13/145  103/145  237/145    25/29   57/145   33/145   53/145  117/145    45/29      3/5   -7/145  -57/145  -63/145]
[   -5/29   57/145  183/145   63/145  -13/145    -9/29  -33/145   23/145  123/145  267/145    33/29  107/145   93/145  123/145  197/145]
[   63/29  187/145  103/145   63/145   67/145    23/29  207/145   53/145  -57/145 -123/145        0        0        0        0        0]
---------------------------
SUCCESS for name = 13a4320
---------------------------
13a4322
Correction terms
[      -1  235/321  -23/321   63/107  229/321   97/321  -69/107  -41/321  -47/321  139/107   67/321  187/321   45/107  -89/321  157/321]
[  77/107  133/321 -137/321   21/107   91/321  -53/321   91/107 -215/321 -233/321   73/107 -143/321  -35/321  -33/107 -335/321 -101/321]
[ -13/107 -149/321  211/321  -81/107 -227/321 -383/321  -23/107   73/321   43/321  -53/107  109/321 -437/321   43/107 -119/321  103/321]
[  51/107   31/321 -263/321  -29/107  -83/321  391/321   17/107  181/321  139/321  -25/107  181/321  265/321   59/107  -83/321  127/321]
[  55/107   31/321  367/321  -37/107 -119/321  343/321   -3/107  109/321   55/321  -57/107   73/321  145/321   15/107  415/321  -29/321]
[  -1/107 -149/321  175/321  109/107  307/321  115/321  -83/107 -143/321 -209/321   65/107  427/321 -155/321  -89/107   91/321 -365/321]
[  97/107  133/321 -197/321  -19/107  -89/321 -293/321   -9/107   67/321  -11/321  -87/107  -41/321    7/321  -39/107  229/321 -239/321]
[ -79/107  235/321     -1/3    7/107  -23/321 -239/321    5/107   97/321    7/321  129/107  -47/321  -11/321  -49/107  187/321  349/321]
[ 113/107  157/321 -197/321  -27/107 -137/321  277/321  173/107  -53/321 -155/321   71/107 -233/321  433/321   95/107  -35/321  115/321]
[  31/107 -101/321  175/321   93/107  211/321  -29/321   67/107  259/321  145/321  -47/107   43/321   55/321  -35/107  205/321  343/321]
[-111/107  103/321 -275/321  -61/107  379/321  127/321  -99/107 -251/321 -377/321  -11/107  139/321  139/321  -11/107 -377/321 -251/321]
[ -99/107  127/321  379/321  -61/107 -275/321  103/321 -111/107  343/321  205/321  -35/107   55/321   43/321  -47/107  145/321  259/321]
[  67/107  -29/321  211/321   93/107  175/321 -101/321   31/107  115/321  -35/321   95/107  433/321 -233/321   71/107 -155/321  -53/321]
[ 173/107  277/321 -137/321  -27/107 -197/321  157/321  113/107  349/321  187/321  -49/107  -11/321  -47/321  129/107    7/321   97/321]
[   5/107 -239/321  -23/321    7/107     -1/3  235/321  -79/107 -239/321  229/321  -39/107    7/321  -41/321  -87/107  -11/321   67/321]
[  -9/107 -293/321  -89/321  -19/107 -197/321  133/321   97/107 -365/321   91/321  -89/107 -155/321  427/321   65/107 -209/321 -143/321]
[ -83/107  115/321  307/321  109/107  175/321 -149/321   -1/107  -29/321  415/321   15/107  145/321   73/321  -57/107   55/321  109/321]
[  -3/107  343/321 -119/321  -37/107  367/321   31/321   55/107  127/321  -83/321   59/107  265/321  181/321  -25/107  139/321  181/321]
[  17/107  391/321  -83/321  -29/107 -263/321   31/321   51/107  103/321 -119/321   43/107 -437/321  109/321  -53/107   43/321   73/321]
[ -23/107 -383/321 -227/321  -81/107  211/321 -149/321  -13/107 -101/321 -335/321  -33/107  -35/321 -143/321   73/107 -233/321 -215/321]
[  91/107  -53/321   91/321   21/107 -137/321  133/321   77/107  157/321  -89/321   45/107  187/321   67/321  139/107  -47/321  -41/321]
[ -69/107   97/321  229/321   63/107  -23/321  235/321        0        0        0        0        0        0        0        0        0]
Testing obstruction for
m1: 2, m2: 54,a: 0
[      -1 -101/321  -83/321  -89/107  -11/321   43/321  -35/107  187/321  277/321   55/107  493/321  619/321  181/107  907/321 1069/321]
[ 343/107 1429/321 1627/321  541/107 2059/321 2293/321  775/107 2797/321 3067/321 1045/107 3643/321 3949/321 1351/107 3955/321 3655/321]
[1051/107 3091/321 2827/321  787/107 2335/321 2107/321  559/107 1687/321 1495/321  367/107 1147/321  991/321  211/107  715/321  595/321]
[  91/107  391/321  307/321    7/107  175/321  127/321  -41/107   67/321   55/321  -53/107   67/321   91/321  -29/107  175/321  235/321]
[  31/107  391/321  487/321  127/107  715/321  847/321  259/107 1147/321 1315/321  427/107 1687/321 1891/321  631/107 2335/321 2575/321]
[ 871/107 3091/321 3367/321 1147/107 3955/321 4267/321 1245/107 3643/321 3349/321  951/107 2797/321 2539/321  693/107 2059/321 1837/321]
[ 471/107 1429/321 1243/321  285/107  907/321  757/321  135/107  493/321  379/321   21/107  187/321  109/321  -57/107  -11/321  -53/321]
[ -99/107 -101/321     -1/3 -105/107  -83/321  -53/321  -75/107   43/321  109/321   -9/107  277/321  379/321   93/107  619/321  757/321]
[ 231/107 1069/321 1243/321  405/107 1627/321 1837/321  615/107 2293/321 2539/321  861/107 3067/321 3349/321 1143/107 3949/321 4267/321]
[1247/107 3655/321 3367/321  959/107 2827/321 2575/321  707/107 2107/321 1891/321  491/107 1495/321 1315/321  311/107  991/321  847/321]
[ 167/107  595/321  487/321   59/107  307/321  235/321  -13/107  127/321   91/321  -49/107   55/321   55/321  -49/107   91/321  127/321]
[ -13/107  235/321  307/321   59/107  487/321  595/321  167/107  847/321  991/321  311/107 1315/321 1495/321  491/107 1891/321 2107/321]
[ 707/107 2575/321 2827/321  959/107 3367/321 3655/321 1247/107 4267/321 3949/321 1143/107 3349/321 3067/321  861/107 2539/321 2293/321]
[ 615/107 1837/321 1627/321  405/107 1243/321 1069/321  231/107  757/321  619/321   93/107  379/321  277/321   -9/107  109/321   43/321]
[ -75/107  -53/321  -83/321 -105/107     -1/3 -101/321  -99/107  -53/321  -11/321  -57/107  109/321  187/321   21/107  379/321  493/321]
[ 135/107  757/321  907/321  285/107 1243/321 1429/321  471/107 1837/321 2059/321  693/107 2539/321 2797/321  951/107 3349/321 3643/321]
[1245/107 4267/321 3955/321 1147/107 3367/321 3091/321  871/107 2575/321 2335/321  631/107 1891/321 1687/321  427/107 1315/321 1147/321]
[ 259/107  847/321  715/321  127/107  487/321  391/321   31/107  235/321  175/321  -29/107   91/321   67/321  -53/107   55/321   67/321]
[ -41/107  127/321  175/321    7/107  307/321  391/321   91/107  595/321  715/321  211/107  991/321 1147/321  367/107 1495/321 1687/321]
[ 559/107 2107/321 2335/321  787/107 2827/321 3091/321 1051/107 3655/321 3955/321 1351/107 3949/321 3643/321 1045/107 3067/321 2797/321]
[ 775/107 2293/321 2059/321  541/107 1627/321 1429/321  343/107 1069/321  907/321  181/107  619/321  493/321   55/107  277/321  187/321]
[ -35/107   43/321  -11/321  -89/107  -83/321 -101/321        0        0        0        0        0        0        0        0        0]
[-101/321, -83/321, -89/107, -11/321, 43/321, -35/107, 187/321, 277/321, 55/107, 493/321, 619/321, 181/107, 907/321, 1069/321, 343/107, 1429/321, 1627/321, 541/107, 2059/321, 2293/321, 775/107, 2797/321, 3067/321, 1045/107, 3643/321, 3949/321, 1351/107, 3955/321, 3655/321, 1051/107, 3091/321, 2827/321, 787/107, 2335/321, 2107/321, 559/107, 1687/321, 1495/321, 367/107, 1147/321, 991/321, 211/107, 715/321, 595/321, 91/107, 391/321, 307/321, 7/107, 175/321, 127/321, -41/107]
29 [-101/321, -83/321, -89/107, -11/321, 43/321, -35/107, 187/321, -365/321, 55/107, -149/321, -23/321, -33/107, 265/321, 427/321, 129/107, 145/321, 343/321, 113/107, 133/321, 367/321, -81/107, 229/321, -143/321, -25/107, -209/321, 97/321, 67/107, 103/321, -197/321, -19/107, -119/321, -383/321, -69/107, -233/321, 181/321, -83/107, -239/321, 211/321, -61/107, -137/321, -293/321, -3/107, 73/321, -47/321, 91/107, 391/321, 307/321, 7/107, 175/321, 127/321, 173/107]
[-101/321, -83/321, -89/107, -11/321, 43/321, -35/107, 187/321, 277/321, 55/107, 493/321, 619/321, 181/107, 907/321, 1069/321, 343/107, 1429/321, 1627/321, 541/107, 2059/321, 2293/321, 775/107, 2797/321, 3067/321, 1045/107, 3643/321, 3949/321, 1351/107, 3955/321, 3655/321, 1051/107, 3091/321, 2827/321, 787/107, 2335/321, 2107/321, 559/107, 1687/321, 1495/321, 367/107, 1147/321, 991/321, 211/107, 715/321, 595/321, 91/107, 391/321, 307/321, 7/107, 175/321, 127/321, -41/107]
136 [-101/321, -83/321, -89/107, -11/321, 43/321, -35/107, 187/321, 277/321, 55/107, -149/321, -23/321, -33/107, -377/321, -215/321, 129/107, 145/321, 343/321, 113/107, 133/321, -275/321, -81/107, 229/321, -143/321, -25/107, 433/321, 97/321, 67/107, 103/321, -197/321, -19/107, -119/321, 259/321, -69/107, -233/321, 181/321, -83/107, -239/321, 211/321, -61/107, -137/321, 349/321, -3/107, 73/321, -47/321, 91/107, -251/321, -335/321, 7/107, 175/321, 127/321, 173/107]
Testing obstruction for
m1: 4, m2: 26,a: 3
[      -1 -307/321 -265/321  -65/107  -97/321   29/321   61/107  365/321  575/321  271/107 1079/321 1373/321  565/107 1403/321 1139/321]
[ 301/107  695/321  515/321  121/107  239/321  143/321   25/107   35/321   23/321   13/107   83/321  155/321   85/107  383/321  539/321]
[ 241/107  935/321 1175/321  481/107 1739/321 1421/321  377/107  869/321  635/321  143/107  251/321  101/321   -7/107 -115/321 -181/321]
[ -73/107 -229/321 -211/321  -55/107  -91/321   11/321   47/107  299/321  485/321  233/107  941/321 1211/321  503/107 1835/321 1547/321]
[ 429/107 1055/321  851/321  225/107  527/321  407/321  105/107  251/321  215/321   69/107  227/321  275/321  117/107  455/321  587/321]
[ 249/107  935/321 1151/321  465/107 1667/321 1967/321  551/107 1367/321 1109/321  293/107  677/321  503/321  119/107  239/321  149/321]
[  29/107   53/321   47/321   23/107  119/321  197/321  101/107  437/321  599/321  263/107 1007/321 1253/321  509/107 1829/321 1517/321]
[ 411/107  977/321      7/3  183/107  377/321  233/321   39/107   29/321  -31/321  -21/107  -67/321  -43/321    3/107   89/321  197/321]
[ 111/107  497/321  689/321  303/107 1157/321 1433/321  579/107 1427/321 1145/321  297/107  665/321  467/321   99/107  155/321   41/321]
[ -15/107 -103/321 -133/321  -45/107 -109/321  -55/321    9/107  137/321  275/321  147/107  635/321  857/321  369/107 1385/321 1691/321]
[ 461/107 1103/321  851/321  209/107  431/321  263/321   41/107   11/321  -73/321  -43/107 -157/321 -157/321  -43/107  -73/321   11/321]
[  41/107  263/321  431/321  209/107  851/321 1103/321  461/107 1691/321 1385/321  369/107  857/321  635/321  147/107  275/321  137/321]
[   9/107  -55/321 -109/321  -45/107 -133/321 -103/321  -15/107   41/321  155/321   99/107  467/321  665/321  297/107 1145/321 1427/321]
[ 579/107 1433/321 1157/321  303/107  689/321  497/321  111/107  197/321   89/321    3/107  -43/321  -67/321  -21/107  -31/321   29/321]
[  39/107  233/321  377/321  183/107      7/3  977/321  411/107 1517/321 1829/321  509/107 1253/321 1007/321  263/107  599/321  437/321]
[ 101/107  197/321  119/321   23/107   47/321   53/321   29/107  149/321  239/321  119/107  503/321  677/321  293/107 1109/321 1367/321]
[ 551/107 1967/321 1667/321  465/107 1151/321  935/321  249/107  587/321  455/321  117/107  275/321  227/321   69/107  215/321  251/321]
[ 105/107  407/321  527/321  225/107  851/321 1055/321  429/107 1547/321 1835/321  503/107 1211/321  941/321  233/107  485/321  299/321]
[  47/107   11/321  -91/321  -55/107 -211/321 -229/321  -73/107 -181/321 -115/321   -7/107  101/321  251/321  143/107  635/321  869/321]
[ 377/107 1421/321 1739/321  481/107 1175/321  935/321  241/107  539/321  383/321   85/107  155/321   83/321   13/107   23/321   35/321]
[  25/107  143/321  239/321  121/107  515/321  695/321  301/107 1139/321 1403/321  565/107 1373/321 1079/321  271/107  575/321  365/321]
[  61/107   29/321  -97/321  -65/107 -265/321 -307/321        0        0        0        0        0        0        0        0        0]
Testing obstruction for
m1: 6, m2: 18,a: 4
[      -1 -299/321 -233/321  -41/107   31/321  229/321  157/107  757/321 1087/321  273/107  595/321  415/321   93/107  187/321  139/321]
[  45/107  175/321  259/321  129/107  559/321  775/321  345/107 1339/321 1045/321  265/107  589/321  427/321  103/107  235/321  205/321]
[  73/107  277/321  379/321  175/107  715/321  949/321  409/107  907/321  631/321  133/107  211/321   67/321  -11/107  -89/321 -101/321]
[ -23/107    7/321  127/321   97/107  499/321  751/321  349/107  745/321  487/321   91/107  103/321  -23/321  -35/107 -143/321 -137/321]
[ -29/107    7/321  145/321  109/107  553/321  823/321  379/107  853/321  613/321  139/107  265/321  157/321   31/107   73/321   97/321]
[  55/107  277/321  433/321  211/107  877/321 1165/321  285/107  589/321  367/321   63/107   55/321  -35/321  -27/107  -83/321  -41/321]
[  15/107  175/321  349/321  189/107  829/321 1135/321  281/107  595/321  391/321   77/107  115/321   43/321    5/107   31/321   91/321]
[  65/107  343/321      5/3  257/107 1051/321  733/321  153/107  229/321   43/321  -33/107 -197/321 -251/321  -87/107 -227/321 -149/321]
[  -9/107  139/321  349/321  201/107  901/321 1243/321  329/107  775/321  607/321  161/107  403/321  367/321  125/107  427/321  523/321]
[ 221/107  847/321 1075/321  449/107 1021/321  739/321  167/107  307/321  157/321   17/107  -11/321  -29/321   -1/107   67/321  181/321]
[ 113/107  541/321  787/321  359/107  769/321  505/321   95/107  109/321  -23/321  -37/107 -155/321 -155/321  -37/107  -23/321  109/321]
[  95/107  505/321  769/321  359/107  787/321  541/321  113/107  181/321   67/321   -1/107  -29/321  -11/321   17/107  157/321  307/321]
[ 167/107  739/321 1021/321  449/107 1075/321  847/321  221/107  523/321  427/321  125/107  367/321  403/321  161/107  607/321  775/321]
[ 329/107 1243/321  901/321  201/107  349/321  139/321   -9/107 -149/321 -227/321  -87/107 -251/321 -197/321  -33/107   43/321  229/321]
[ 153/107  733/321 1051/321  257/107      5/3  343/321   65/107   91/321   31/321    5/107   43/321  115/321   77/107  391/321  595/321]
[ 281/107 1135/321  829/321  189/107  349/321  175/321   15/107  -41/321  -83/321  -27/107  -35/321   55/321   63/107  367/321  589/321]
[ 285/107 1165/321  877/321  211/107  433/321  277/321   55/107   97/321   73/321   31/107  157/321  265/321  139/107  613/321  853/321]
[ 379/107  823/321  553/321  109/107  145/321    7/321  -29/107 -137/321 -143/321  -35/107  -23/321  103/321   91/107  487/321  745/321]
[ 349/107  751/321  499/321   97/107  127/321    7/321  -23/107 -101/321  -89/321  -11/107   67/321  211/321  133/107  631/321  907/321]
[ 409/107  949/321  715/321  175/107  379/321  277/321   73/107  205/321  235/321  103/107  427/321  589/321  265/107 1045/321 1339/321]
[ 345/107  775/321  559/321  129/107  259/321  175/321   45/107  139/321  187/321   93/107  415/321  595/321  273/107 1087/321  757/321]
[ 157/107  229/321   31/321  -41/107 -233/321 -299/321        0        0        0        0        0        0        0        0        0]
Testing obstruction for
m1: 8, m2: 16,a: 6
[      -1 -277/321 -145/321   25/107  383/321  137/321   -7/107  -91/321  -73/321   11/107  227/321  509/321   79/107   53/321  -43/321]
[ -17/107   29/321  197/321  151/107  797/321  587/321  155/107  431/321  485/321  209/107  857/321 1175/321  313/107  791/321  731/321]
[ 253/107  875/321 1079/321  243/107  467/321  293/321   69/107  209/321  299/321  159/107  743/321  455/321   85/107  143/321  119/321]
[  61/107  335/321  575/321   87/107   35/321 -103/321  -51/107 -115/321   11/321   75/107  527/321  275/321   37/107   35/321   47/321]
[  49/107  335/321  611/321  111/107  143/321   41/321    9/107  101/321  263/321  171/107  851/321  635/321  169/107  467/321  515/321]
[ 217/107  875/321 1187/321  315/107  791/321  725/321  249/107  857/321 1055/321  233/107  431/321  251/321   53/107  155/321  239/321]
[ 137/107  671/321  377/321   57/107   53/321   23/321   27/107  227/321  461/321   47/107  -91/321 -235/321  -97/107 -259/321 -139/321]
[  23/107  365/321      1/3  -21/107 -145/321 -139/321  -15/107  137/321  407/321   41/107  -73/321 -181/321  -67/107 -133/321   23/321]
[  89/107  599/321  377/321   81/107  197/321  239/321  123/107  587/321  893/321  215/107  485/321  413/321  143/107  533/321  725/321]
[ 335/107  731/321  545/321  149/107  437/321  515/321  227/107  935/321  635/321  141/107  299/321  263/321  105/107  455/321  683/321]
[ 119/107  119/321  -31/321  -31/107  -67/321   47/321   83/107  539/321  275/321   33/107   11/321   11/321   33/107  275/321  539/321]
[  83/107   47/321  -67/321  -31/107  -31/321  119/321  119/107  683/321  455/321  105/107  263/321  299/321  141/107  635/321  935/321]
[ 227/107  515/321  437/321  149/107  545/321  731/321  335/107  725/321  533/321  143/107  413/321  485/321  215/107  893/321  587/321]
[ 123/107  239/321  197/321   81/107  377/321  599/321   89/107   23/321 -133/321  -67/107 -181/321  -73/321   41/107  407/321  137/321]
[ -15/107 -139/321 -145/321  -21/107      1/3  365/321   23/107 -139/321 -259/321  -97/107 -235/321  -91/321   47/107  461/321  227/321]
[  27/107   23/321   53/321   57/107  377/321  671/321  137/107  239/321  155/321   53/107  251/321  431/321  233/107 1055/321  857/321]
[ 249/107  725/321  791/321  315/107 1187/321  875/321  217/107  515/321  467/321  169/107  635/321  851/321  171/107  263/321  101/321]
[   9/107   41/321  143/321  111/107  611/321  335/321   49/107   47/321   35/321   37/107  275/321  527/321   75/107   11/321 -115/321]
[ -51/107 -103/321   35/321   87/107  575/321  335/321   61/107  119/321  143/321   85/107  455/321  743/321  159/107  299/321  209/321]
[  69/107  293/321  467/321  243/107 1079/321  875/321  253/107  731/321  791/321  313/107 1175/321  857/321  209/107  485/321  431/321]
[ 155/107  587/321  797/321  151/107  197/321   29/321  -17/107  -43/321   53/321   79/107  509/321  227/321   11/107  -73/321  -91/321]
[  -7/107  137/321  383/321   25/107 -145/321 -277/321        0        0        0        0        0        0        0        0        0]
Testing obstruction for
m1: 12, m2: 18,a: 11
[      -1 -293/321 -209/321  -23/107  127/321  379/321  229/107  409/321  187/321    7/107  -89/321 -143/321  -47/107  -83/321   31/321]
[  67/107  427/321  709/321  135/107  157/321  -35/321  -57/107 -251/321 -275/321  -81/107 -155/321  -11/321   63/107  445/321  757/321]
[ 161/107  265/321  103/321   -1/107  -53/321  -47/321    5/107  133/321  307/321  179/107  823/321  523/321   93/107   91/321  -41/321]
[ -39/107 -137/321 -101/321   -3/107  139/321  343/321  201/107  919/321  649/321  145/107  277/321  175/321   43/107  139/321  205/321]
[ 109/107  505/321  739/321  343/107  733/321  493/321  103/107  181/321  109/321   31/107  133/321  229/321  127/107  589/321  853/321]
[ 391/107  907/321  697/321  181/107  445/321  403/321  139/107  487/321  613/321  265/107 1033/321 1327/321  345/107  799/321  619/321]
[ 165/107  427/321  415/321  153/107  559/321  715/321  309/107 1195/321  877/321  205/107  409/321  259/321   55/107  127/321  145/321]
[  73/107  349/321      5/3  259/107 1075/321  787/321  185/107  379/321  259/321   65/107  187/321  235/321  113/107  499/321  715/321]
[ 329/107  673/321  415/321   71/107   67/321  -23/321  -19/107  -35/321   43/321   59/107  367/321  613/321  305/107  631/321  403/321]
[  77/107  115/321   55/321   17/107  103/321  211/321  125/107  595/321  871/321  187/107  307/321  109/321  -11/107 -119/321 -149/321]
[ -41/107  -41/321   97/321   97/107  541/321  847/321  189/107  343/321  175/321   21/107    7/321    7/321   21/107  175/321  343/321]
[ 189/107  847/321  541/321   97/107   97/321  -41/321  -41/107 -149/321 -119/321  -11/107  109/321  307/321  187/107  871/321  595/321]
[ 125/107  211/321  103/321   17/107   55/321  115/321   77/107  403/321  631/321  305/107  613/321  367/321   59/107   43/321  -35/321]
[ -19/107  -23/321   67/321   71/107  415/321  673/321  329/107  715/321  499/321  113/107  235/321  187/321   65/107  259/321  379/321]
[ 185/107  787/321 1075/321  259/107      5/3  349/321   73/107  145/321  127/321   55/107  259/321  409/321  205/107  877/321 1195/321]
[ 309/107  715/321  559/321  153/107  415/321  427/321  165/107  619/321  799/321  345/107 1327/321 1033/321  265/107  613/321  487/321]
[ 139/107  403/321  445/321  181/107  697/321  907/321  391/107  853/321  589/321  127/107  229/321  133/321   31/107  109/321  181/321]
[ 103/107  493/321  733/321  343/107  739/321  505/321  109/107  205/321  139/321   43/107  175/321  277/321  145/107  649/321  919/321]
[ 201/107  343/321  139/321   -3/107 -101/321 -137/321  -39/107  -41/321   91/321   93/107  523/321  823/321  179/107  307/321  133/321]
[   5/107  -47/321  -53/321   -1/107  103/321  265/321  161/107  757/321  445/321   63/107  -11/321 -155/321  -81/107 -275/321 -251/321]
[ -57/107  -35/321  157/321  135/107  709/321  427/321   67/107   31/321  -83/321  -47/107 -143/321  -89/321    7/107  187/321  409/321]
[ 229/107  379/321  127/321  -23/107 -209/321 -293/321        0        0        0        0        0        0        0        0        0]
[-293/321, -209/321]
95 [-293/321, 433/321]
Testing obstruction for
m1: 28, m2: 28,a: 26
[      -1 -211/321  119/321    9/107  155/321 -139/321  -71/107  -67/321  299/321   81/107  407/321  149/321   37/107  293/321  695/321]
[ 225/107  875/321  653/321  217/107  869/321 1307/321  441/107 1559/321 1373/321  469/107 1661/321 2135/321  729/107 1817/321 1667/321]
[ 579/107 1385/321 1253/321  447/107 1007/321  893/321  333/107  683/321  587/321  237/107  413/321  335/321  159/107  197/321  137/321]
[  99/107   35/321   -7/321   57/107  -73/321  -97/321   33/107 -127/321 -133/321   27/107 -127/321 -115/321   39/107  -73/321  -43/321]
[  69/107   35/321   83/321  117/107  197/321  263/321  183/107  413/321  497/321  267/107  683/321  785/321  369/107 1007/321 1127/321]
[ 489/107 1385/321 1523/321  627/107 1817/321 1973/321  569/107 1661/321 1835/321  529/107 1559/321 1109/321  293/107  869/321 1079/321]
[ 289/107  875/321  461/321   89/107  293/321  539/321  121/107  407/321   29/321  -43/107  -67/321  215/321   25/107  155/321 -187/321]
[-103/107 -211/321      1/3    1/107  119/321 -187/321  -91/107 -139/321  215/321   49/107  299/321   29/321   -7/107  149/321  539/321]
[ 169/107  695/321  461/321  149/107  653/321 1079/321  361/107 1307/321 1109/321  377/107 1373/321 1835/321  625/107 2135/321 1973/321]
[ 677/107 1667/321 1523/321  533/107 1253/321 1127/321  407/107  893/321  785/321  299/107  587/321  497/321  209/107  335/321  263/321]
[ 137/107  137/321   83/321   83/107   -7/321  -43/321   47/107  -97/321 -115/321   29/107 -133/321 -133/321   29/107 -115/321  -97/321]
[  47/107  -43/321   -7/321   83/107   83/321  137/321  137/107  263/321  335/321  209/107  497/321  587/321  299/107  785/321  893/321]
[ 407/107 1127/321 1253/321  533/107 1523/321 1667/321  677/107 1973/321 2135/321  625/107 1835/321 1373/321  377/107 1109/321 1307/321]
[ 361/107 1079/321  653/321  149/107  461/321  695/321  169/107  539/321  149/321   -7/107   29/321  299/321   49/107  215/321 -139/321]
[ -91/107 -187/321  119/321    1/107      1/3 -211/321 -103/107 -187/321  155/321   25/107  215/321  -67/321  -43/107   29/321  407/321]
[ 121/107  539/321  293/321   89/107  461/321  875/321  289/107 1079/321  869/321  293/107 1109/321 1559/321  529/107 1835/321 1661/321]
[ 569/107 1973/321 1817/321  627/107 1523/321 1385/321  489/107 1127/321 1007/321  369/107  785/321  683/321  267/107  497/321  413/321]
[ 183/107  263/321  197/321  117/107   83/321   35/321   69/107  -43/321  -73/321   39/107 -115/321 -127/321   27/107 -133/321 -127/321]
[  33/107  -97/321  -73/321   57/107   -7/321   35/321   99/107  137/321  197/321  159/107  335/321  413/321  237/107  587/321  683/321]
[ 333/107  893/321 1007/321  447/107 1253/321 1385/321  579/107 1667/321 1817/321  729/107 2135/321 1661/321  469/107 1373/321 1559/321]
[ 441/107 1307/321  869/321  217/107  653/321  875/321  225/107  695/321  293/321   37/107  149/321  407/321   81/107  299/321  -67/321]
[ -71/107 -139/321  155/321    9/107  119/321 -211/321        0        0        0        0        0        0        0        0        0]
---------------------------
SUCCESS for name = 13a4322
---------------------------
