12a996
Correction terms
[      -1  -53/193  -19/193  -91/193  117/193  219/193  215/193  105/193  275/193  -47/193  -89/193  149/193 -105/193  -79/193  227/193]
[  41/193  135/193  123/193    5/193  167/193  223/193  173/193   17/193  141/193  159/193   71/193  263/193  -37/193  -57/193  203/193]
[ -29/193   19/193  -39/193  183/193  -87/193  -77/193  213/193   11/193   89/193   61/193  -73/193   73/193  113/193   47/193 -125/193]
[ -17/193  -15/193 -119/193   57/193  127/193   91/193  335/193   87/193  119/193   45/193  251/193  -35/193  -41/193  233/193   15/193]
[  77/193   33/193 -117/193   13/193   37/193  -45/193  153/193  245/193  231/193  111/193  271/193  -61/193 -113/193  115/193 -149/193]
[-133/193  163/193  -33/193   51/193   29/193  287/193   53/193   99/193   39/193 -127/193  -13/193   -5/193 -103/193   79/193  155/193]
[ 125/193  -11/193  133/193  171/193  103/193  315/193   35/193   35/193  315/193  103/193  171/193  133/193  -11/193  125/193  155/193]
[  79/193 -103/193   -5/193  -13/193 -127/193   39/193   99/193   53/193  287/193   29/193   51/193  -33/193  163/193 -133/193 -149/193]
[ 115/193 -113/193  -61/193  271/193  111/193  231/193  245/193  153/193  -45/193   37/193   13/193 -117/193   33/193   77/193   15/193]
[ 233/193  -41/193  -35/193  251/193   45/193  119/193   87/193  335/193   91/193  127/193   57/193 -119/193  -15/193  -17/193 -125/193]
[  47/193  113/193   73/193  -73/193   61/193   89/193   11/193  213/193  -77/193  -87/193  183/193  -39/193   19/193  -29/193  203/193]
[ -57/193  -37/193  263/193   71/193  159/193  141/193   17/193  173/193  223/193  167/193    5/193  123/193  135/193   41/193  227/193]
[ -79/193 -105/193  149/193  -89/193  -47/193  275/193  105/193  215/193  219/193  117/193  -91/193  -19/193  -53/193        0        0]
Testing obstruction for
m1: 6, m2: 10,a: 2
[      -1 -171/193 -105/193    5/193  159/193  357/193  213/193  113/193   57/193   45/193   77/193  153/193  273/193  437/193  259/193]
[ 125/193   35/193  -11/193  -13/193   29/193  115/193  245/193  419/193  251/193  127/193   47/193   11/193   19/193   71/193  167/193]
[ 307/193  491/193  333/193  219/193  149/193  123/193  141/193  203/193  309/193  459/193  267/193  119/193   15/193  -45/193  -61/193]
[ -33/193   39/193  155/193  315/193  133/193   -5/193  -99/193 -149/193 -155/193 -117/193  -35/193   91/193  261/193  475/193  347/193]
[ 263/193  223/193  227/193  275/193  367/193  503/193  297/193  135/193   17/193  -57/193  -87/193  -73/193  -15/193   87/193  233/193]
[ 423/193  271/193  163/193   99/193   79/193  103/193  171/193  283/193  439/193  253/193  111/193   13/193  -41/193  -51/193  -17/193]
[  61/193  183/193  349/193  173/193   41/193  -47/193  -91/193  -91/193  -47/193   41/193  173/193  349/193  183/193   61/193  -17/193]
[ -51/193  -41/193   13/193  111/193  253/193  439/193  283/193  171/193  103/193   79/193   99/193  163/193  271/193  423/193  233/193]
[  87/193  -15/193  -73/193  -87/193  -57/193   17/193  135/193  297/193  503/193  367/193  275/193  227/193  223/193  263/193  347/193]
[ 475/193  261/193   91/193  -35/193 -117/193 -155/193 -149/193  -99/193   -5/193  133/193  315/193  155/193   39/193  -33/193  -61/193]
[ -45/193   15/193  119/193  267/193  459/193  309/193  203/193  141/193  123/193  149/193  219/193  333/193  491/193  307/193  167/193]
[  71/193   19/193   11/193   47/193  127/193  251/193  419/193  245/193  115/193   29/193  -13/193  -11/193   35/193  125/193  259/193]
[ 437/193  273/193  153/193   77/193   45/193   57/193  113/193  213/193  357/193  159/193    5/193 -105/193 -171/193        0        0]
---------------------------
SUCCESS for name = 12a996
---------------------------
12a1009
Correction terms
[      -1 -149/137   89/137   29/137  -55/137  111/137  -21/137 -177/137  -83/137  -13/137   33/137   55/137   53/137   27/137  -23/137]
[ -97/137 -195/137  -43/137   85/137  -85/137   -5/137   51/137 -191/137 -183/137   75/137   35/137  -29/137  157/137   45/137  -91/137]
[  23/137 -161/137  -95/137  -53/137  -35/137  -41/137  -71/137 -125/137 -203/137  -31/137  117/137  -33/137   67/137  143/137  -79/137]
[ -51/137  -47/137  -67/137 -111/137   95/137    3/137 -113/137   21/137 -143/137  -57/137    5/137   43/137   57/137   47/137   13/137]
[ -45/137 -127/137   41/137  -89/137   31/137  127/137  -75/137  -27/137   -3/137   -3/137  -27/137  -75/137  127/137   31/137  -89/137]
[  41/137 -127/137  -45/137   13/137   47/137   57/137   43/137    5/137  -57/137 -143/137   21/137 -113/137    3/137   95/137 -111/137]
[ -67/137  -47/137  -51/137  -79/137  143/137   67/137  -33/137  117/137  -31/137 -203/137 -125/137  -71/137  -41/137  -35/137  -53/137]
[ -95/137 -161/137   23/137  -91/137   45/137  157/137  -29/137   35/137   75/137 -183/137 -191/137   51/137   -5/137  -85/137   85/137]
[ -43/137 -195/137  -97/137  -23/137   27/137   53/137   55/137   33/137  -13/137  -83/137 -177/137  -21/137  111/137  -55/137   29/137]
[  89/137 -149/137        0        0        0        0        0        0        0        0        0        0        0        0        0]
Testing obstruction for
m1: 2, m2: 24,a: 1
[      -1 -131/137 -113/137  -83/137  -41/137   13/137   79/137  157/137  247/137  349/137  463/137  589/137  727/137  603/137  491/137]
[ 391/137  303/137  227/137  163/137  111/137   71/137   43/137   27/137   23/137   31/137   51/137   83/137  127/137  183/137  251/137]
[ 331/137  423/137  527/137  643/137  771/137  637/137  515/137  405/137  307/137  221/137  147/137   85/137   35/137   -3/137  -29/137]
[ -43/137  -45/137  -35/137  -13/137   21/137   67/137  125/137  195/137  277/137  371/137  477/137  595/137  725/137  593/137  473/137]
[ 365/137  269/137  185/137  113/137   53/137    5/137  -31/137  -55/137  -67/137  -67/137  -55/137  -31/137    5/137   53/137  113/137]
[ 185/137  269/137  365/137  473/137  593/137  725/137  595/137  477/137  371/137  277/137  195/137  125/137   67/137   21/137  -13/137]
[ -35/137  -45/137  -43/137  -29/137   -3/137   35/137   85/137  147/137  221/137  307/137  405/137  515/137  637/137  771/137  643/137]
[ 527/137  423/137  331/137  251/137  183/137  127/137   83/137   51/137   31/137   23/137   27/137   43/137   71/137  111/137  163/137]
[ 227/137  303/137  391/137  491/137  603/137  727/137  589/137  463/137  349/137  247/137  157/137   79/137   13/137  -41/137  -83/137]
[-113/137 -131/137        0        0        0        0        0        0        0        0        0        0        0        0        0]
Testing obstruction for
m1: 12, m2: 14,a: 11
[      -1 -125/137  -89/137  -29/137   55/137  163/137  295/137  177/137   83/137   13/137  -33/137  -55/137  -53/137  -27/137   23/137]
[  97/137  195/137  317/137  189/137   85/137    5/137  -51/137  -83/137  -91/137  -75/137  -35/137   29/137  117/137  229/137  365/137]
[ 251/137  161/137   95/137   53/137   35/137   41/137   71/137  125/137  203/137  305/137  431/137  307/137  207/137  131/137   79/137]
[  51/137   47/137   67/137  111/137  179/137  271/137  387/137  253/137  143/137   57/137   -5/137  -43/137  -57/137  -47/137  -13/137]
[  45/137  127/137  233/137  363/137  243/137  147/137   75/137   27/137    3/137    3/137   27/137   75/137  147/137  243/137  363/137]
[ 233/137  127/137   45/137  -13/137  -47/137  -57/137  -43/137   -5/137   57/137  143/137  253/137  387/137  271/137  179/137  111/137]
[  67/137   47/137   51/137   79/137  131/137  207/137  307/137  431/137  305/137  203/137  125/137   71/137   41/137   35/137   53/137]
[  95/137  161/137  251/137  365/137  229/137  117/137   29/137  -35/137  -75/137  -91/137  -83/137  -51/137    5/137   85/137  189/137]
[ 317/137  195/137   97/137   23/137  -27/137  -53/137  -55/137  -33/137   13/137   83/137  177/137  295/137  163/137   55/137  -29/137]
[ -89/137 -125/137        0        0        0        0        0        0        0        0        0        0        0        0        0]
Unobstructed
37
---------------------------
---------------------------
12a1017
Correction terms
[      -1  -21/109   25/109   29/109   -9/109  -89/109    7/109   61/109   73/109   43/109  -29/109 -143/109  -81/109  -61/109  -83/109]
[-147/109  -35/109   35/109   63/109   49/109   -7/109 -105/109  -27/109    9/109    3/109  -45/109 -135/109  -49/109   -5/109   -3/109]
[ -43/109 -125/109  -31/109   21/109   31/109   -1/109  -75/109 -191/109 -131/109 -113/109 -137/109 -203/109  -93/109  -25/109    1/109]
[ -15/109  -73/109 -173/109  -97/109  -63/109  -71/109 -121/109 -213/109 -129/109  -87/109  -87/109 -129/109 -213/109 -121/109  -71/109]
[ -63/109  -97/109 -173/109  -73/109  -15/109    1/109  -25/109  -93/109 -203/109 -137/109 -113/109 -131/109 -191/109  -75/109   -1/109]
[  31/109   21/109  -31/109 -125/109  -43/109   -3/109   -5/109  -49/109 -135/109  -45/109    3/109    9/109  -27/109 -105/109   -7/109]
[  49/109   63/109   35/109  -35/109 -147/109  -83/109  -61/109  -81/109 -143/109  -29/109   43/109   73/109   61/109    7/109  -89/109]
[  -9/109   29/109   25/109  -21/109        0        0        0        0        0        0        0        0        0        0        0]
Testing obstruction for
m1: 6, m2: 10,a: 5
[     -1 -89/109 -29/109  71/109  -7/109 -45/109 -43/109  -1/109  81/109 -15/109 -71/109 -87/109 -63/109   1/109 105/109]
[ 31/109  -3/109   3/109  49/109 135/109  43/109  -9/109 -21/109   7/109  75/109 183/109 113/109  83/109  93/109 143/109]
[233/109 145/109  97/109  89/109 121/109 193/109  87/109  21/109  -5/109   9/109  63/109 157/109  73/109  29/109  25/109]
[ 61/109 137/109  35/109 -27/109 -49/109 -31/109  27/109 125/109  45/109   5/109   5/109  45/109 125/109  27/109 -31/109]
[-49/109 -27/109  35/109 137/109  61/109  25/109  29/109  73/109 157/109  63/109   9/109  -5/109  21/109  87/109 193/109]
[121/109  89/109  97/109 145/109 233/109 143/109  93/109  83/109 113/109 183/109  75/109   7/109 -21/109  -9/109  43/109]
[135/109  49/109   3/109  -3/109  31/109 105/109   1/109 -63/109 -87/109 -71/109 -15/109  81/109  -1/109 -43/109 -45/109]
[ -7/109  71/109 -29/109 -89/109       0       0       0       0       0       0       0       0       0       0       0]
Unobstructed
5
---------------------------
---------------------------
12a1031
Correction terms
[     -1  -67/97   23/97  -21/97   -5/97 -123/97   13/97   15/97 -117/97    5/97 -201/97   41/97  -45/97  -71/97  -37/97]
[-137/97   17/97   37/97  -77/97 -131/97 -125/97  -59/97   67/97 -135/97  -83/97 -165/97    7/97   45/97  -51/97  -87/97]
[ -63/97   21/97  -29/97  -19/97 -143/97  -13/97  -17/97   39/97  -39/97  -57/97  -15/97 -107/97   55/97 -111/97  -23/97]
[ -69/97  -55/97   19/97  -41/97  -41/97   19/97  -55/97  -69/97  -23/97 -111/97   55/97 -107/97  -15/97  -57/97  -39/97]
[  39/97  -17/97  -13/97 -143/97  -19/97  -29/97   21/97  -63/97  -87/97  -51/97   45/97    7/97 -165/97  -83/97 -135/97]
[  67/97  -59/97 -125/97 -131/97  -77/97   37/97   17/97 -137/97  -37/97  -71/97  -45/97   41/97 -201/97    5/97 -117/97]
[  15/97   13/97 -123/97   -5/97  -21/97   23/97  -67/97       0       0       0       0       0       0       0       0]
Testing obstruction for
m1: 4, m2: 10,a: 3
[    -1 -83/97 -41/97  29/97 127/97  59/97  19/97   7/97  23/97  67/97 139/97  45/97 -21/97 -59/97 -69/97]
[-51/97  -5/97  69/97 171/97 107/97  71/97  63/97  83/97 131/97 207/97 117/97  55/97  21/97  15/97  37/97]
[ 87/97 165/97  77/97  17/97 -15/97 -19/97   5/97  57/97 137/97  51/97  -7/97 -37/97 -39/97 -13/97  41/97]
[123/97  39/97 -17/97 -45/97 -45/97 -17/97  39/97 123/97  41/97 -13/97 -39/97 -37/97  -7/97  51/97 137/97]
[ 57/97   5/97 -19/97 -15/97  17/97  77/97 165/97  87/97  37/97  15/97  21/97  55/97 117/97 207/97 131/97]
[ 83/97  63/97  71/97 107/97 171/97  69/97  -5/97 -51/97 -69/97 -59/97 -21/97  45/97 139/97  67/97  23/97]
[  7/97  19/97  59/97 127/97  29/97 -41/97 -83/97      0      0      0      0      0      0      0      0]
Unobstructed
24
---------------------------
---------------------------
12a1080
Correction terms
[      -1 -257/201  -23/201    33/67  109/201    7/201   -69/67 -131/201 -167/201  -105/67 -173/201 -143/201   -75/67  -17/201   79/201]
[   21/67  -65/201   97/201    49/67   85/201  -89/201     9/67   31/201  -77/201   -99/67 -227/201 -269/201    -7/67  115/201  139/201]
[   17/67 -149/201  -59/201   -27/67 -215/201  -59/201    -5/67  -83/201 -263/201   -51/67 -155/201 -269/201   -31/67  -29/201  -77/201]
[  -79/67 -107/201  -89/201   -61/67   13/201   97/201    23/67  -71/201   79/201    39/67   43/201 -143/201   -13/67  -47/201 -167/201]
[    1/67   61/201    7/201   -53/67  -35/201  -23/201   -41/67      1/3  145/201    37/67  -35/201 -293/201   -87/67 -341/201 -131/201]
[  -11/67  -47/201 -173/201    -3/67   43/201  -17/201   -63/67  -71/201  -65/201   -57/67   13/201   85/201    15/67 -107/201   31/201]
[   19/67  -29/201 -227/201   -45/67 -155/201 -287/201   -43/67  -83/201 -149/201    25/67  187/201  187/201    25/67 -149/201  -83/201]
[  -43/67 -287/201 -155/201   -45/67 -227/201  -29/201    19/67   31/201 -107/201    15/67   85/201   13/201   -57/67  -65/201  -71/201]
[  -63/67  -17/201   43/201    -3/67 -173/201  -47/201   -11/67 -131/201 -341/201   -87/67 -293/201  -35/201    37/67  145/201      1/3]
[  -41/67  -23/201  -35/201   -53/67    7/201   61/201     1/67 -167/201  -47/201   -13/67 -143/201   43/201    39/67   79/201  -71/201]
[   23/67   97/201   13/201   -61/67  -89/201 -107/201   -79/67  -77/201  -29/201   -31/67 -269/201 -155/201   -51/67 -263/201  -83/201]
[   -5/67  -59/201 -215/201   -27/67  -59/201 -149/201    17/67  139/201  115/201    -7/67 -269/201 -227/201   -99/67  -77/201   31/201]
[    9/67  -89/201   85/201    49/67   97/201  -65/201    21/67   79/201  -17/201   -75/67 -143/201 -173/201  -105/67 -167/201 -131/201]
[  -69/67    7/201  109/201    33/67  -23/201 -257/201        0        0        0        0        0        0        0        0        0]
Testing obstruction for
m1: 2, m2: 34,a: 0
[      -1  -61/201  -43/201   -49/67   29/201   83/201     5/67  227/201  317/201    95/67  533/201  659/201   221/67  947/201 1109/201]
[  383/67 1469/201 1667/201   447/67 1295/201 1127/201   279/67  827/201  695/201   147/67  467/201  371/201    51/67  215/201  155/201]
[   -9/67   71/201   47/201   -33/67   35/201   47/201   -21/67  107/201  155/201    27/67  287/201  371/201   111/67  575/201  695/201]
[  231/67  971/201 1127/201   387/67 1475/201 1667/201   445/67 1283/201 1109/201   271/67  797/201  659/201   133/67  419/201  317/201]
[   31/67  149/201   83/201   -35/67  -13/201  -43/201   -65/67     -1/3  -61/201   -59/67  -13/201   29/201   -17/67  149/201  227/201]
[   61/67  419/201  533/201   175/67  797/201  947/201   325/67 1283/201 1469/201   511/67 1475/201 1295/201   331/67  971/201  827/201]
[  187/67  575/201  467/201    79/67  287/201  215/201     7/67  107/201   71/201   -29/67   35/201   35/201   -29/67   71/201  107/201]
[    7/67  215/201  287/201    79/67  467/201  575/201   187/67  827/201  971/201   331/67 1295/201 1475/201   511/67 1469/201 1283/201]
[  325/67  947/201  797/201   175/67  533/201  419/201    61/67  227/201  149/201   -17/67   29/201  -13/201   -59/67  -61/201     -1/3]
[  -65/67  -43/201  -13/201   -35/67   83/201  149/201    31/67  317/201  419/201   133/67  659/201  797/201   271/67 1109/201 1283/201]
[  445/67 1667/201 1475/201   387/67 1127/201  971/201   231/67  695/201  575/201   111/67  371/201  287/201    27/67  155/201  107/201]
[  -21/67   47/201   35/201   -33/67   47/201   71/201    -9/67  155/201  215/201    51/67  371/201  467/201   147/67  695/201  827/201]
[  279/67 1127/201 1295/201   447/67 1667/201 1469/201   383/67 1109/201  947/201   221/67  659/201  533/201    95/67  317/201  227/201]
[    5/67   83/201   29/201   -49/67  -43/201  -61/201        0        0        0        0        0        0        0        0        0]
Testing obstruction for
m1: 4, m2: 16,a: 2
[      -1 -187/201 -145/201   -25/67   23/201  149/201   101/67  485/201  695/201   177/67  395/201  287/201    69/67  155/201  131/201]
[   45/67  167/201  227/201   105/67  431/201  575/201   249/67  545/201  371/201    75/67  107/201   17/201   -15/67  -79/201  -85/201]
[  -21/67  -13/201   65/201    57/67  305/201  467/201   219/67  473/201  317/201    63/67   89/201   17/201    -9/67  -43/201  -31/201]
[    3/67   77/201  173/201    99/67  449/201  629/201   145/67  269/201  131/201     7/67  -61/201 -115/201   -47/67 -139/201 -109/201]
[  -17/67   35/201  149/201    97/67  461/201  659/201   161/67      5/3  215/201    41/67   59/201   23/201     5/67   35/201   83/201]
[   53/67  263/201  395/201   185/67  743/201  557/201   133/67  269/201  167/201    31/67   47/201   29/201    13/67   77/201  143/201]
[   79/67  359/201  509/201   229/67  491/201  323/201    61/67   71/201  -13/201   -23/67  -97/201  -97/201   -23/67  -13/201   71/201]
[   61/67  323/201  491/201   229/67  509/201  359/201    79/67  143/201   77/201    13/67   29/201   47/201    31/67  167/201  269/201]
[  133/67  557/201  743/201   185/67  395/201  263/201    53/67   83/201   35/201     5/67   23/201   59/201    41/67  215/201      5/3]
[  161/67  659/201  461/201    97/67  149/201   35/201   -17/67 -109/201 -139/201   -47/67 -115/201  -61/201     7/67  131/201  269/201]
[  145/67  629/201  449/201    99/67  173/201   77/201     3/67  -31/201  -43/201    -9/67   17/201   89/201    63/67  317/201  473/201]
[  219/67  467/201  305/201    57/67   65/201  -13/201   -21/67  -85/201  -79/201   -15/67   17/201  107/201    75/67  371/201  545/201]
[  249/67  575/201  431/201   105/67  227/201  167/201    45/67  131/201  155/201    69/67  287/201  395/201   177/67  695/201  485/201]
[  101/67  149/201   23/201   -25/67 -145/201 -187/201        0        0        0        0        0        0        0        0        0]
Testing obstruction for
m1: 8, m2: 12,a: 6
[      -1 -173/201  -89/201    17/67  247/201   97/201     1/67  -35/201  -17/201    19/67  187/201  373/201    71/67  109/201   61/201]
[   23/67  133/201  253/201   143/67  259/201  145/201    29/67   85/201  139/201    83/67  415/201  235/201    37/67   43/201   31/201]
[   25/67  175/201  331/201    47/67    7/201  -71/201   -31/67  -59/201   31/201    59/67  379/201  235/201    49/67  115/201  139/201]
[   73/67  355/201  547/201   131/67  295/201  253/201    89/67  337/201  463/201    81/67   79/201  -29/201   -27/67  -77/201  -17/201]
[   33/67  271/201   97/201    -7/67  -83/201  -89/201   -13/67      1/3  229/201    15/67  -83/201 -155/201   -57/67 -131/201  -35/201]
[   39/67  325/201  187/201    35/67   79/201  109/201    65/67  337/201  535/201   129/67  295/201  259/201    93/67  355/201  487/201]
[   91/67  115/201   13/201   -11/67  -23/201   43/201    55/67  343/201  175/201    21/67    7/201    7/201    21/67  175/201  343/201]
[   55/67   43/201  -23/201   -11/67   13/201  115/201    91/67  487/201  355/201    93/67  259/201  295/201   129/67  535/201  337/201]
[   65/67  109/201   79/201    35/67  187/201  325/201    39/67  -35/201 -131/201   -57/67 -155/201  -83/201    15/67  229/201      1/3]
[  -13/67  -89/201  -83/201    -7/67   97/201  271/201    33/67  -17/201  -77/201   -27/67  -29/201   79/201    81/67  463/201  337/201]
[   89/67  253/201  295/201   131/67  547/201  355/201    73/67  139/201  115/201    49/67  235/201  379/201    59/67   31/201  -59/201]
[  -31/67  -71/201    7/201    47/67  331/201  175/201    25/67   31/201   43/201    37/67  235/201  415/201    83/67  139/201   85/201]
[   29/67  145/201  259/201   143/67  253/201  133/201    23/67   61/201  109/201    71/67  373/201  187/201    19/67  -17/201  -35/201]
[    1/67   97/201  247/201    17/67  -89/201 -173/201        0        0        0        0        0        0        0        0        0]
Unobstructed
10
---------------------------
---------------------------
