13a1403
Correction terms
[      -1  -73/333   41/333     1/37 -169/333  173/333    41/37  419/333  323/333     9/37 -307/333 -175/333   -21/37  317/333   11/333]
[   25/37  293/333  215/333    -1/37 -379/333 -229/333   -25/37  299/333   11/333    27/37  329/333  269/333     7/37  377/333 -121/333]
[  -11/37 -223/333  173/333   -27/37 -139/333 -181/333    33/37     -1/9  149/333    21/37   83/333 -169/333    11/37  221/333  197/333]
[    3/37  377/333  -85/333    -3/37 -115/333 -349/333    -7/37   77/333   71/333    -9/37  287/333 -157/333    -9/37 -151/333  299/333]
[   -7/37   95/333  107/333    -3/37 -307/333  -67/333     3/37  -25/333 -223/333    11/37  275/333  305/333    21/37  -73/333      5/9]
[   33/37  263/333   83/333   -27/37  -49/333   -1/333   -11/37  323/333  -67/333     7/37   47/333 -115/333   -47/37 -211/333 -145/333]
[   49/37  215/333  509/333    -1/37   -7/333 -151/333    25/37 -211/333 -127/333   -21/37  269/333  -85/333     9/37  101/333  -25/333]
[   41/37  -49/333   53/333     1/37 -181/333  149/333        1  371/333  263/333     1/37  275/333 -271/333   -33/37 -469/333 -121/333]
[    9/37  137/333   47/333    53/37   95/333  233/333    25/37   71/333 -229/333    -1/37   65/333   -7/333   -25/37   77/333  233/333]
[   27/37  107/333 -175/333     7/37  155/333  101/333   -11/37  221/333  395/333    47/37  305/333   41/333   -41/37     -7/9 -295/333]
[   21/37 -139/333   53/333    11/37   -1/333 -247/333     3/37  155/333  137/333    -3/37  329/333 -127/333    -7/37 -145/333  293/333]
[   -9/37   65/333   65/333    -9/37  293/333 -145/333    -7/37 -127/333  329/333    -3/37  137/333  155/333     3/37 -247/333   -1/333]
[   11/37   53/333 -139/333    21/37 -295/333     -7/9   -41/37   41/333  305/333    47/37  395/333  221/333   -11/37  101/333  155/333]
[    7/37 -175/333  107/333    27/37  233/333   77/333   -25/37   -7/333   65/333    -1/37 -229/333   71/333    25/37  233/333   95/333]
[   53/37   47/333  137/333     9/37 -121/333 -469/333   -33/37 -271/333  275/333     1/37  263/333  371/333        1  149/333 -181/333]
[    1/37   53/333  -49/333    41/37  -25/333  101/333     9/37  -85/333  269/333   -21/37 -127/333 -211/333    25/37 -151/333   -7/333]
[   -1/37  509/333  215/333    49/37 -145/333 -211/333   -47/37 -115/333   47/333     7/37  -67/333  323/333   -11/37   -1/333  -49/333]
[  -27/37   83/333  263/333    33/37      5/9  -73/333    21/37  305/333  275/333    11/37 -223/333  -25/333     3/37  -67/333 -307/333]
[   -3/37  107/333   95/333    -7/37  299/333 -151/333    -9/37 -157/333  287/333    -9/37   71/333   77/333    -7/37 -349/333 -115/333]
[   -3/37  -85/333  377/333     3/37  197/333  221/333    11/37 -169/333   83/333    21/37  149/333     -1/9    33/37 -181/333 -139/333]
[  -27/37  173/333 -223/333   -11/37 -121/333  377/333     7/37  269/333  329/333    27/37   11/333  299/333   -25/37 -229/333 -379/333]
[   -1/37  215/333  293/333    25/37   11/333  317/333   -21/37 -175/333 -307/333     9/37  323/333  419/333    41/37  173/333 -169/333]
[    1/37   41/333  -73/333        0        0        0        0        0        0        0        0        0        0        0        0]
Testing obstruction for
m1: 2, m2: 56,a: 0
Obstructed by Z^n/Q not being cyclic
Testing obstruction for
m1: 12, m2: 12,a: 7
[      -1 -287/333 -149/333     9/37  403/333  817/333    73/37  589/333  613/333    81/37  937/333  571/333    33/37  115/333   25/333]
[    3/37  121/333  307/333    65/37  289/333   85/333    -3/37  -47/333   25/333    21/37  445/333  793/333    63/37  433/333  391/333]
[   49/37  583/333  817/333    53/37  229/333   73/333     1/37      1/9  157/333    41/37  673/333  403/333    25/37  139/333  145/333]
[   27/37  433/333  715/333    47/37  223/333  115/333    11/37  175/333  343/333    67/37  289/333   67/333    -7/37 -101/333  -47/333]
[   11/37  337/333  667/333   121/37  937/333  877/333   101/37 1033/333  583/333    25/37  -41/333 -215/333   -33/37 -287/333     -5/9]
[    1/37  295/333  673/333    53/37  373/333  361/333    49/37  613/333  877/333    63/37  349/333  223/333    21/37  247/333  397/333]
[   71/37  307/333   67/333    -9/37 -137/333 -101/333     3/37  247/333  559/333   107/37  793/333  715/333    81/37  835/333 1033/333]
[   73/37  373/333  181/333     9/37   73/333  157/333        1  601/333  295/333     9/37  -41/333  -71/333    -1/37  145/333  391/333]
[   81/37  493/333  349/333    33/37  337/333  469/333    77/37  343/333   85/333    -9/37 -155/333 -137/333    -3/37  175/333  469/333]
[   95/37  667/333  571/333    63/37  655/333  835/333    49/37  139/333  -71/333   -21/37 -215/333 -149/333     1/37      7/9  601/333]
[   41/37  229/333  181/333    25/37  361/333  589/333   101/37  655/333  493/333    47/37  445/333  559/333    85/37  397/333  121/333]
[   -7/37 -155/333 -155/333    -7/37  121/333  397/333    85/37  559/333  445/333    47/37  493/333  655/333   101/37  589/333  361/333]
[   25/37  181/333  229/333    41/37  601/333      7/9     1/37 -149/333 -215/333   -21/37  -71/333  139/333    49/37  835/333  655/333]
[   63/37  571/333  667/333    95/37  469/333  175/333    -3/37 -137/333 -155/333    -9/37   85/333  343/333    77/37  469/333  337/333]
[   33/37  349/333  493/333    81/37  391/333  145/333    -1/37  -71/333  -41/333     9/37  295/333  601/333        1  157/333   73/333]
[    9/37  181/333  373/333    73/37 1033/333  835/333    81/37  715/333  793/333   107/37  559/333  247/333     3/37 -101/333 -137/333]
[   -9/37   67/333  307/333    71/37  397/333  247/333    21/37  223/333  349/333    63/37  877/333  613/333    49/37  361/333  373/333]
[   53/37  673/333  295/333     1/37     -5/9 -287/333   -33/37 -215/333  -41/333    25/37  583/333 1033/333   101/37  877/333  937/333]
[  121/37  667/333  337/333    11/37  -47/333 -101/333    -7/37   67/333  289/333    67/37  343/333  175/333    11/37  115/333  223/333]
[   47/37  715/333  433/333    27/37  145/333  139/333    25/37  403/333  673/333    41/37  157/333      1/9     1/37   73/333  229/333]
[   53/37  817/333  583/333    49/37  391/333  433/333    63/37  793/333  445/333    21/37   25/333  -47/333    -3/37   85/333  289/333]
[   65/37  307/333  121/333     3/37   25/333  115/333    33/37  571/333  937/333    81/37  613/333  589/333    73/37  817/333  403/333]
[    9/37 -149/333 -287/333        0        0        0        0        0        0        0        0        0        0        0        0]
Testing obstruction for
m1: 10, m2: 16,a: 8
[      -1 -295/333 -181/333     1/37  275/333  617/333    41/37  197/333  101/333     9/37  137/333  269/333    53/37  761/333  455/333]
[   25/37   71/333   -7/333    -1/37   65/333  215/333    49/37  743/333 1121/333   101/37  773/333  713/333    81/37  821/333  989/333]
[  137/37  887/333  617/333    47/37  305/333  263/333    33/37     11/9  593/333    95/37  527/333  275/333    11/37   -1/333  -25/333]
[    3/37  155/333  359/333    71/37  329/333   95/333    -7/37 -145/333 -151/333    -9/37   65/333  287/333    65/37  293/333   77/333]
[   -7/37 -127/333 -115/333    -3/37  137/333  377/333    77/37  419/333  221/333    11/37   53/333   83/333    21/37  371/333     17/9]
[  107/37  707/333  527/333    47/37  395/333  443/333    63/37  767/333 1043/333    81/37  491/333  329/333    27/37  233/333  299/333]
[   49/37  659/333  953/333    73/37  437/333  293/333    25/37  233/333  317/333    53/37  713/333  359/333     9/37 -121/333 -247/333]
[  -33/37 -271/333 -169/333     1/37  263/333  593/333        1  149/333   41/333     1/37   53/333  173/333    41/37  641/333  323/333]
[    9/37  -85/333 -175/333   -21/37 -127/333   11/333    25/37  515/333  881/333    73/37  509/333  437/333    49/37  521/333  677/333]
[  101/37 1217/333  935/333    81/37  599/333  545/333    63/37  665/333  839/333   121/37  749/333  485/333    33/37      5/9  149/333]
[   21/37  305/333  497/333    85/37  443/333  197/333     3/37  -67/333  -85/333    -3/37  107/333  317/333    67/37  299/333   71/333]
[   -9/37 -157/333 -157/333    -9/37   71/333  299/333    67/37  317/333  107/333    -3/37  -85/333  -67/333     3/37  197/333  443/333]
[   85/37  497/333  305/333    21/37  149/333      5/9    33/37  485/333  749/333   121/37  839/333  665/333    63/37  545/333  599/333]
[   81/37  935/333 1217/333   101/37  677/333  521/333    49/37  437/333  509/333    73/37  881/333  515/333    25/37   11/333 -127/333]
[  -21/37 -175/333  -85/333     9/37  323/333  641/333    41/37  173/333   53/333     1/37   41/333  149/333        1  593/333  263/333]
[    1/37 -169/333 -271/333   -33/37 -247/333 -121/333     9/37  359/333  713/333    53/37  317/333  233/333    25/37  293/333  437/333]
[   73/37  953/333  659/333    49/37  299/333  233/333    27/37  329/333  491/333    81/37 1043/333  767/333    63/37  443/333  395/333]
[   47/37  527/333  707/333   107/37     17/9  371/333    21/37   83/333   53/333    11/37  221/333  419/333    77/37  377/333  137/333]
[   -3/37 -115/333 -127/333    -7/37   77/333  293/333    65/37  287/333   65/333    -9/37 -151/333 -145/333    -7/37   95/333  329/333]
[   71/37  359/333  155/333     3/37  -25/333   -1/333    11/37  275/333  527/333    95/37  593/333     11/9    33/37  263/333  305/333]
[   47/37  617/333  887/333   137/37  989/333  821/333    81/37  713/333  773/333   101/37 1121/333  743/333    49/37  215/333   65/333]
[   -1/37   -7/333   71/333    25/37  455/333  761/333    53/37  269/333  137/333     9/37  101/333  197/333    41/37  617/333  275/333]
[    1/37 -181/333 -295/333        0        0        0        0        0        0        0        0        0        0        0        0]
[-295/333, -181/333, 1/37, 275/333, 617/333, 41/37, 197/333, 101/333, 9/37, 137/333, 269/333, 53/37, 761/333, 455/333, 25/37, 71/333, -7/333, -1/37, 65/333, 215/333, 49/37, 743/333, 1121/333, 101/37, 773/333, 713/333, 81/37, 821/333, 989/333, 137/37, 887/333, 617/333, 47/37, 305/333, 263/333, 33/37, 11/9, 593/333, 95/37, 527/333, 275/333, 11/37, -1/333, -25/333, 3/37, 155/333, 359/333, 71/37, 329/333, 95/333, -7/37, -145/333, -151/333, -9/37, 65/333, 287/333, 65/37, 293/333, 77/333, -7/37, -127/333, -115/333, -3/37, 137/333, 377/333, 77/37, 419/333, 221/333, 11/37, 53/333, 83/333, 21/37, 371/333, 17/9, 107/37, 707/333, 527/333, 47/37, 395/333, 443/333, 63/37, 767/333, 1043/333, 81/37, 491/333, 329/333, 27/37, 233/333, 299/333, 49/37, 659/333, 953/333, 73/37, 437/333, 293/333, 25/37, 233/333, 317/333, 53/37, 713/333, 359/333, 9/37, -121/333, -247/333, -33/37]
149 [-295/333, -181/333, 1/37, 275/333, -49/333, 41/37, 197/333, 101/333, 9/37, 137/333, 269/333, 53/37, 95/333, -211/333, 25/37, 71/333, -7/333, -1/37, 65/333, 215/333, -25/37, 77/333, -211/333, -47/37, 107/333, 47/333, 7/37, 155/333, 323/333, -11/37, 221/333, -49/333, -27/37, 305/333, 263/333, 33/37, -7/9, -73/333, 21/37, -139/333, 275/333, 11/37, -1/333, -25/333, 3/37, 155/333, -307/333, -3/37, 329/333, 95/333, -7/37, -145/333, -151/333, -9/37, 65/333, -379/333, -9/37, 293/333, 77/333, -7/37, -127/333, -115/333, -3/37, 137/333, 377/333, 3/37, 419/333, 221/333, 11/37, 53/333, 83/333, 21/37, 371/333, -1/9, -41/37, 41/333, -139/333, -27/37, -271/333, -223/333, -11/37, 101/333, 377/333, 7/37, -175/333, 329/333, 27/37, 233/333, 299/333, 49/37, -7/333, 287/333, -1/37, -229/333, 293/333, 25/37, 233/333, -349/333, -21/37, 47/333, -307/333, 9/37, -121/333, -247/333, 41/37]
Testing obstruction for
m1: 84, m2: 84,a: 83
[      -1 -329/333 -317/333   -33/37 -269/333 -233/333   -21/37 -137/333  -77/333    -1/37   67/333  151/333    27/37  343/333  451/333]
[   63/37  691/333  823/333   107/37 1111/333 1267/333   159/37 1603/333 1783/333   219/37 2167/333 2371/333   287/37 2803/333 3031/333]
[  363/37 3511/333 3763/333   447/37 4291/333 4567/333   539/37    139/9 5443/333   639/37 6067/333 6391/333   747/37 6397/333 6079/333]
[  641/37 5467/333 5173/333   543/37 4609/333 4339/333   453/37 3823/333 3577/333   371/37 3109/333 2887/333   297/37 2467/333 2269/333]
[  231/37 1897/333 1723/333   173/37 1399/333 1249/333   123/37  973/333  847/333    81/37  619/333  517/333    47/37  337/333      7/9]
[   21/37  127/333   73/333     3/37  -11/333  -41/333    -7/37  -77/333  -83/333    -9/37  -71/333  -53/333    -3/37    7/333   49/333]
[   11/37  157/333  223/333    33/37  379/333  469/333    63/37  673/333  787/333   101/37 1039/333 1177/333   147/37 1477/333 1639/333]
[  201/37 1987/333 2173/333   263/37 2569/333 2779/333        9 3223/333 3457/333   411/37 3949/333 4207/333   497/37 4747/333 5029/333]
[  591/37 5617/333 5923/333   693/37 6559/333 6889/333   729/37 6241/333 5929/333   625/37 5329/333 5041/333   529/37 4489/333 4225/333]
[  441/37 3721/333 3481/333   361/37 3025/333 2809/333   289/37 2401/333 2209/333   225/37 1849/333 1681/333   169/37     37/9 1225/333]
[  121/37  961/333  841/333    81/37  625/333  529/333    49/37  361/333  289/333    25/37  169/333  121/333     9/37   49/333   25/333]
[    1/37    1/333    1/333     1/37   25/333   49/333     9/37  121/333  169/333    25/37  289/333  361/333    49/37  529/333  625/333]
[   81/37  841/333  961/333   121/37 1225/333     37/9   169/37 1681/333 1849/333   225/37 2209/333 2401/333   289/37 2809/333 3025/333]
[  361/37 3481/333 3721/333   441/37 4225/333 4489/333   529/37 5041/333 5329/333   625/37 5929/333 6241/333   729/37 6889/333 6559/333]
[  693/37 5923/333 5617/333   591/37 5029/333 4747/333   497/37 4207/333 3949/333   411/37 3457/333 3223/333        9 2779/333 2569/333]
[  263/37 2173/333 1987/333   201/37 1639/333 1477/333   147/37 1177/333 1039/333   101/37  787/333  673/333    63/37  469/333  379/333]
[   33/37  223/333  157/333    11/37   49/333    7/333    -3/37  -53/333  -71/333    -9/37  -83/333  -77/333    -7/37  -41/333  -11/333]
[    3/37   73/333  127/333    21/37      7/9  337/333    47/37  517/333  619/333    81/37  847/333  973/333   123/37 1249/333 1399/333]
[  173/37 1723/333 1897/333   231/37 2269/333 2467/333   297/37 2887/333 3109/333   371/37 3577/333 3823/333   453/37 4339/333 4609/333]
[  543/37 5173/333 5467/333   641/37 6079/333 6397/333   747/37 6391/333 6067/333   639/37 5443/333    139/9   539/37 4567/333 4291/333]
[  447/37 3763/333 3511/333   363/37 3031/333 2803/333   287/37 2371/333 2167/333   219/37 1783/333 1603/333   159/37 1267/333 1111/333]
[  107/37  823/333  691/333    63/37  451/333  343/333    27/37  151/333   67/333    -1/37  -77/333 -137/333   -21/37 -233/333 -269/333]
[  -33/37 -317/333 -329/333        0        0        0        0        0        0        0        0        0        0        0        0]
---------------------------
SUCCESS for name = 13a1403
---------------------------
13a1404
Correction terms
[      -1  287/353   89/353 -241/353    3/353  115/353   95/353  -57/353 -341/353  -51/353  107/353  133/353   27/353 -211/353  125/353]
[-377/353 -305/353 -365/353  149/353 -175/353   75/353  193/353  179/353   33/353  461/353   51/353  215/353  247/353  147/353  -85/353]
[-449/353 -239/353 -161/353 -215/353 -401/353  -13/353  243/353 -339/353 -347/353  219/353  -53/353  249/353 -287/353 -249/353  363/353]
[ 137/353 -221/353   -5/353   79/353   31/353 -149/353  245/353 -199/353  -69/353  -71/353 -205/353  235/353 -163/353   13/353   57/353]
[ -31/353 -251/353  103/353 -381/353 -291/353 -333/353  199/353 -107/353  161/353  297/353  301/353  173/353  -87/353  227/353  409/353]
[-247/353 -329/353  163/353 -183/353   45/353 -565/353  105/353  -63/353 -363/353  -89/353   53/353   63/353  -59/353 -313/353    7/353]
[ 195/353  251/353  175/353  -33/353  333/353 -139/353  -37/353  -67/353 -229/353  183/353 -243/353  -95/353  -79/353 -195/353  263/353]
[-117/353   77/353  139/353   69/353 -133/353 -467/353 -227/353 -119/353 -143/353 -299/353  119/353  405/353 -147/353 -125/353  471/353]
[ 229/353 -145/353   55/353  123/353   59/353 -137/353 -465/353 -219/353 -105/353 -123/353 -273/353  151/353 -263/353 -103/353  -75/353]
[-179/353  291/353  -77/353  129/353  203/353  145/353  -45/353  339/353 -115/353    5/353   -7/353 -151/353 -427/353 -129/353   37/353]
[  71/353  -27/353 -257/353   87/353  299/353 -327/353 -379/353  143/353 -173/353   85/353 -495/353  205/353   67/353 -203/353  101/353]
[ 273/353  313/353  221/353   -3/353  347/353 -141/353  -55/353 -101/353 -279/353  117/353 -325/353 -193/353 -193/353 -325/353  117/353]
[-279/353 -101/353  -55/353 -141/353  347/353   -3/353  221/353  313/353  273/353  101/353 -203/353   67/353  205/353 -495/353   85/353]
[-173/353  143/353 -379/353 -327/353  299/353   87/353 -257/353  -27/353   71/353   37/353 -129/353 -427/353 -151/353   -7/353    5/353]
[-115/353  339/353  -45/353  145/353  203/353  129/353  -77/353  291/353 -179/353  -75/353 -103/353 -263/353  151/353 -273/353 -123/353]
[-105/353 -219/353 -465/353 -137/353   59/353  123/353   55/353 -145/353  229/353  471/353 -125/353 -147/353  405/353  119/353 -299/353]
[-143/353 -119/353 -227/353 -467/353 -133/353   69/353  139/353   77/353 -117/353  263/353 -195/353  -79/353  -95/353 -243/353  183/353]
[-229/353  -67/353  -37/353 -139/353  333/353  -33/353  175/353  251/353  195/353    7/353 -313/353  -59/353   63/353   53/353  -89/353]
[-363/353  -63/353  105/353 -565/353   45/353 -183/353  163/353 -329/353 -247/353  409/353  227/353  -87/353  173/353  301/353  297/353]
[ 161/353 -107/353  199/353 -333/353 -291/353 -381/353  103/353 -251/353  -31/353   57/353   13/353 -163/353  235/353 -205/353  -71/353]
[ -69/353 -199/353  245/353 -149/353   31/353   79/353   -5/353 -221/353  137/353  363/353 -249/353 -287/353  249/353  -53/353  219/353]
[-347/353 -339/353  243/353  -13/353 -401/353 -215/353 -161/353 -239/353 -449/353  -85/353  147/353  247/353  215/353   51/353  461/353]
[  33/353  179/353  193/353   75/353 -175/353  149/353 -365/353 -305/353 -377/353  125/353 -211/353   27/353  133/353  107/353  -51/353]
[-341/353  -57/353   95/353  115/353    3/353 -241/353   89/353  287/353        0        0        0        0        0        0        0]
Testing obstruction for
m1: 2, m2: 60,a: 1
[      -1 -347/353 -329/353 -299/353 -257/353 -203/353 -137/353  -59/353   31/353  133/353  247/353  373/353  511/353  661/353  823/353]
[ 997/353 1183/353 1381/353 1591/353 1813/353 2047/353 2293/353 2551/353 2821/353 3103/353 3397/353 3703/353 4021/353 4351/353 4693/353]
[5047/353 4707/353 4379/353 4063/353 3759/353 3467/353 3187/353 2919/353 2663/353 2419/353 2187/353 1967/353 1759/353 1563/353 1379/353]
[1207/353 1047/353  899/353  763/353  639/353  527/353  427/353  339/353  263/353  199/353  147/353  107/353   79/353   63/353   59/353]
[  67/353   87/353  119/353  163/353  219/353  287/353  367/353  459/353  563/353  679/353  807/353  947/353 1099/353 1263/353 1439/353]
[1627/353 1827/353 2039/353 2263/353 2499/353 2747/353 3007/353 3279/353 3563/353 3859/353 4167/353 4487/353 4819/353 5163/353 4813/353]
[4475/353 4149/353 3835/353 3533/353 3243/353 2965/353 2699/353 2445/353 2203/353 1973/353 1755/353 1549/353 1355/353 1173/353 1003/353]
[ 845/353  699/353  565/353  443/353  333/353  235/353  149/353   75/353   13/353  -37/353  -75/353 -101/353 -115/353 -117/353 -107/353]
[ -85/353  -51/353   -5/353   53/353  123/353  205/353  299/353  405/353  523/353  653/353  795/353  949/353 1115/353 1293/353 1483/353]
[1685/353 1899/353 2125/353 2363/353 2613/353 2875/353 3149/353 3435/353 3733/353 4043/353 4365/353 4699/353 5045/353 4697/353 4361/353]
[4037/353 3725/353 3425/353 3137/353 2861/353 2597/353 2345/353 2105/353 1877/353 1661/353 1457/353 1265/353 1085/353  917/353  761/353]
[ 617/353  485/353  365/353  257/353  161/353   77/353    5/353  -55/353 -103/353 -139/353 -163/353 -175/353 -175/353 -163/353 -139/353]
[-103/353  -55/353    5/353   77/353  161/353  257/353  365/353  485/353  617/353  761/353  917/353 1085/353 1265/353 1457/353 1661/353]
[1877/353 2105/353 2345/353 2597/353 2861/353 3137/353 3425/353 3725/353 4037/353 4361/353 4697/353 5045/353 4699/353 4365/353 4043/353]
[3733/353 3435/353 3149/353 2875/353 2613/353 2363/353 2125/353 1899/353 1685/353 1483/353 1293/353 1115/353  949/353  795/353  653/353]
[ 523/353  405/353  299/353  205/353  123/353   53/353   -5/353  -51/353  -85/353 -107/353 -117/353 -115/353 -101/353  -75/353  -37/353]
[  13/353   75/353  149/353  235/353  333/353  443/353  565/353  699/353  845/353 1003/353 1173/353 1355/353 1549/353 1755/353 1973/353]
[2203/353 2445/353 2699/353 2965/353 3243/353 3533/353 3835/353 4149/353 4475/353 4813/353 5163/353 4819/353 4487/353 4167/353 3859/353]
[3563/353 3279/353 3007/353 2747/353 2499/353 2263/353 2039/353 1827/353 1627/353 1439/353 1263/353 1099/353  947/353  807/353  679/353]
[ 563/353  459/353  367/353  287/353  219/353  163/353  119/353   87/353   67/353   59/353   63/353   79/353  107/353  147/353  199/353]
[ 263/353  339/353  427/353  527/353  639/353  763/353  899/353 1047/353 1207/353 1379/353 1563/353 1759/353 1967/353 2187/353 2419/353]
[2663/353 2919/353 3187/353 3467/353 3759/353 4063/353 4379/353 4707/353 5047/353 4693/353 4351/353 4021/353 3703/353 3397/353 3103/353]
[2821/353 2551/353 2293/353 2047/353 1813/353 1591/353 1381/353 1183/353  997/353  823/353  661/353  511/353  373/353  247/353  133/353]
[  31/353  -59/353 -137/353 -203/353 -257/353 -299/353 -329/353 -347/353        0        0        0        0        0        0        0]
Unobstructed
38
---------------------------
---------------------------
13a1413
Correction terms
[      -1  121/173  -35/173   51/173   33/173  -89/173   31/173   47/173  -41/173  113/173 -183/173  109/173  -49/173   35/173   15/173]
[-109/173    9/173   23/173  -67/173   85/173  133/173   77/173  -83/173   -1/173  -23/173 -149/173  -33/173  -21/173 -113/173   37/173]
[  83/173   25/173  209/173  -57/173  -81/173  137/173  -95/173  -85/173  167/173  -31/173   13/173  -47/173  135/173 -133/173  187/173]
[  57/173 -177/173  177/173   81/173 -119/173  269/173 -139/173   41/173  117/173   89/173  -43/173   67/173   73/173  -25/173  119/173]
[ 159/173 -251/173  273/173    1/173  -29/173  183/173  -55/173  -51/173  195/173   -9/173   29/173  -37/173  139/173 -135/173  179/173]
[  43/173 -197/173  151/173   49/173 -157/173  225/173  157/173  -15/173   55/173   21/173 -117/173  -13/173  -13/173 -117/173   21/173]
[  55/173  -15/173  157/173  225/173 -157/173   49/173  151/173 -197/173   43/173  179/173 -135/173  139/173  -37/173   29/173   -9/173]
[ 195/173  -51/173  -55/173  183/173  -29/173    1/173  273/173 -251/173  159/173  119/173  -25/173   73/173   67/173  -43/173   89/173]
[ 117/173   41/173 -139/173  269/173 -119/173   81/173  177/173 -177/173   57/173  187/173 -133/173  135/173  -47/173   13/173  -31/173]
[ 167/173  -85/173  -95/173  137/173  -81/173  -57/173  209/173   25/173   83/173   37/173 -113/173  -21/173  -33/173 -149/173  -23/173]
[  -1/173  -83/173   77/173  133/173   85/173  -67/173   23/173    9/173 -109/173   15/173   35/173  -49/173  109/173 -183/173  113/173]
[ -41/173   47/173   31/173  -89/173   33/173   51/173  -35/173  121/173        0        0        0        0        0        0        0]
Testing obstruction for
m1: 2, m2: 30,a: 1
[      -1 -167/173 -149/173 -119/173  -77/173  -23/173   43/173  121/173  211/173  313/173  427/173  553/173  691/173  841/173 1003/173]
[1177/173 1017/173  869/173  733/173  609/173  497/173  397/173  309/173  233/173  169/173  117/173   77/173   49/173   33/173   29/173]
[  37/173   57/173   89/173  133/173  189/173  257/173  337/173  429/173  533/173  649/173  777/173  917/173 1069/173 1233/173 1063/173]
[ 905/173  759/173  625/173  503/173  393/173  295/173  209/173  135/173   73/173   23/173  -15/173  -41/173  -55/173  -57/173  -47/173]
[ -25/173    9/173   55/173  113/173  183/173  265/173  359/173  465/173  583/173  713/173  855/173 1009/173 1175/173 1007/173  851/173]
[ 707/173  575/173  455/173  347/173  251/173  167/173   95/173   35/173  -13/173  -49/173  -73/173  -85/173  -85/173  -73/173  -49/173]
[ -13/173   35/173   95/173  167/173  251/173  347/173  455/173  575/173  707/173  851/173 1007/173 1175/173 1009/173  855/173  713/173]
[ 583/173  465/173  359/173  265/173  183/173  113/173   55/173    9/173  -25/173  -47/173  -57/173  -55/173  -41/173  -15/173   23/173]
[  73/173  135/173  209/173  295/173  393/173  503/173  625/173  759/173  905/173 1063/173 1233/173 1069/173  917/173  777/173  649/173]
[ 533/173  429/173  337/173  257/173  189/173  133/173   89/173   57/173   37/173   29/173   33/173   49/173   77/173  117/173  169/173]
[ 233/173  309/173  397/173  497/173  609/173  733/173  869/173 1017/173 1177/173 1003/173  841/173  691/173  553/173  427/173  313/173]
[ 211/173  121/173   43/173  -23/173  -77/173 -119/173 -149/173 -167/173        0        0        0        0        0        0        0]
Testing obstruction for
m1: 4, m2: 14,a: 2
[      -1 -159/173 -117/173  -47/173   51/173  177/173  331/173  513/173  377/173  269/173  189/173  137/173  113/173  117/173  149/173]
[ 209/173  297/173  413/173  557/173  383/173  237/173  119/173   29/173  -33/173  -67/173  -73/173  -51/173   -1/173   77/173  183/173]
[ 317/173  479/173  323/173  195/173   95/173   23/173  -21/173  -37/173  -25/173   15/173   83/173  179/173  303/173  455/173  289/173]
[ 151/173   41/173  -41/173  -95/173 -121/173 -119/173  -89/173  -31/173   55/173  169/173  311/173  481/173  333/173  213/173  121/173]
[  57/173   21/173   13/173   33/173   81/173  157/173  261/173  393/173  553/173  395/173  265/173  163/173   89/173   43/173   25/173]
[  35/173   73/173  139/173  233/173  355/173  505/173  337/173  197/173   85/173    1/173  -55/173  -83/173  -83/173  -55/173    1/173]
[  85/173  197/173  337/173  505/173  355/173  233/173  139/173   73/173   35/173   25/173   43/173   89/173  163/173  265/173  395/173]
[ 553/173  393/173  261/173  157/173   81/173   33/173   13/173   21/173   57/173  121/173  213/173  333/173  481/173  311/173  169/173]
[  55/173  -31/173  -89/173 -119/173 -121/173  -95/173  -41/173   41/173  151/173  289/173  455/173  303/173  179/173   83/173   15/173]
[ -25/173  -37/173  -21/173   23/173   95/173  195/173  323/173  479/173  317/173  183/173   77/173   -1/173  -51/173  -73/173  -67/173]
[ -33/173   29/173  119/173  237/173  383/173  557/173  413/173  297/173  209/173  149/173  117/173  113/173  137/173  189/173  269/173]
[ 377/173  513/173  331/173  177/173   51/173  -47/173 -117/173 -159/173        0        0        0        0        0        0        0]
Testing obstruction for
m1: 6, m2: 10,a: 3
[      -1 -151/173  -85/173   25/173  179/173  377/173  273/173  213/173  197/173  225/173  297/173  413/173  227/173   85/173  -13/173]
[ -67/173  -77/173  -43/173   35/173  157/173  323/173  187/173   95/173   47/173   43/173   83/173  167/173  295/173  121/173   -9/173]
[ -95/173 -137/173 -135/173  -89/173    1/173  135/173  313/173  189/173  109/173   73/173   81/173  133/173  229/173  369/173  207/173]
[  89/173   15/173  -15/173   -1/173   57/173  159/173  305/173  149/173   37/173  -31/173  -55/173  -35/173   29/173  137/173  289/173]
[ 139/173   33/173  -29/173  -47/173  -21/173   49/173  163/173  321/173  177/173   77/173   21/173    9/173   41/173  117/173  237/173]
[ 401/173  263/173  169/173  119/173  113/173  151/173  233/173  359/173  183/173   51/173  -37/173  -81/173  -81/173  -37/173   51/173]
[ 183/173  359/173  233/173  151/173  113/173  119/173  169/173  263/173  401/173  237/173  117/173   41/173    9/173   21/173   77/173]
[ 177/173  321/173  163/173   49/173  -21/173  -47/173  -29/173   33/173  139/173  289/173  137/173   29/173  -35/173  -55/173  -31/173]
[  37/173  149/173  305/173  159/173   57/173   -1/173  -15/173   15/173   89/173  207/173  369/173  229/173  133/173   81/173   73/173]
[ 109/173  189/173  313/173  135/173    1/173  -89/173 -135/173 -137/173  -95/173   -9/173  121/173  295/173  167/173   83/173   43/173]
[  47/173   95/173  187/173  323/173  157/173   35/173  -43/173  -77/173  -67/173  -13/173   85/173  227/173  413/173  297/173  225/173]
[ 197/173  213/173  273/173  377/173  179/173   25/173  -85/173 -151/173        0        0        0        0        0        0        0]
Testing obstruction for
m1: 44, m2: 44,a: 43
[      -1 -169/173 -157/173 -137/173 -109/173  -73/173  -29/173   23/173   83/173  151/173  227/173  311/173  403/173  503/173  611/173]
[ 727/173  851/173  983/173 1123/173 1271/173 1427/173 1591/173 1763/173 1597/173 1439/173 1289/173 1147/173 1013/173  887/173  769/173]
[ 659/173  557/173  463/173  377/173  299/173  229/173  167/173  113/173   67/173   29/173   -1/173  -23/173  -37/173  -43/173  -41/173]
[ -31/173  -13/173   13/173   47/173   89/173  139/173  197/173  263/173  337/173  419/173  509/173  607/173  713/173  827/173  949/173]
[1079/173 1217/173 1363/173 1517/173 1679/173 1849/173 1681/173 1521/173 1369/173 1225/173 1089/173  961/173  841/173  729/173  625/173]
[ 529/173  441/173  361/173  289/173  225/173  169/173  121/173   81/173   49/173   25/173    9/173    1/173    1/173    9/173   25/173]
[  49/173   81/173  121/173  169/173  225/173  289/173  361/173  441/173  529/173  625/173  729/173  841/173  961/173 1089/173 1225/173]
[1369/173 1521/173 1681/173 1849/173 1679/173 1517/173 1363/173 1217/173 1079/173  949/173  827/173  713/173  607/173  509/173  419/173]
[ 337/173  263/173  197/173  139/173   89/173   47/173   13/173  -13/173  -31/173  -41/173  -43/173  -37/173  -23/173   -1/173   29/173]
[  67/173  113/173  167/173  229/173  299/173  377/173  463/173  557/173  659/173  769/173  887/173 1013/173 1147/173 1289/173 1439/173]
[1597/173 1763/173 1591/173 1427/173 1271/173 1123/173  983/173  851/173  727/173  611/173  503/173  403/173  311/173  227/173  151/173]
[  83/173   23/173  -29/173  -73/173 -109/173 -137/173 -157/173 -169/173        0        0        0        0        0        0        0]
---------------------------
SUCCESS for name = 13a1413
---------------------------
13a1432
Correction terms
[      -1  -43/221   49/221   55/221  -25/221 -191/221   -1/221  103/221  121/221   53/221 -101/221  101/221 -225/221   -15/17  191/221]
[  49/221 -179/221    -3/13   -9/221  -53/221  259/221   43/221  183/221 -205/221 -237/221   87/221    -9/17   35/221  101/221 -361/221]
[ -25/221  225/221  -53/221   25/221     1/13  -77/221  185/221  -81/221    9/221     1/17  -69/221 -237/221  -49/221   53/221   69/221]
[  -1/221 -157/221   43/221  157/221  185/221  127/221    -1/13   -19/17 -121/221  -81/221 -127/221  183/221  -35/221 -339/221  155/221]
[ 121/221    1/221  237/221  -55/221    9/221    -1/17 -121/221  127/221    -9/13  -77/221  -87/221 -183/221   77/221  251/221 -103/221]
[-101/221 -185/221   87/221    21/17  -69/221  -55/221 -127/221 -285/221  -87/221   25/221     3/13   -9/221 -155/221   55/221  179/221]
[ 217/221    13/17   35/221 -185/221  -49/221    1/221  -35/221 -157/221   77/221 -217/221 -155/221  263/221     9/13  -43/221     9/17]
[-251/221  179/221   81/221 -103/221   69/221 -287/221 -287/221   69/221 -103/221   81/221  179/221 -251/221     9/17  -43/221     9/13]
[ 263/221 -155/221 -217/221   77/221 -157/221  -35/221    1/221  -49/221 -185/221   35/221    13/17  217/221  179/221   55/221 -155/221]
[  -9/221     3/13   25/221  -87/221 -285/221 -127/221  -55/221  -69/221    21/17   87/221 -185/221 -101/221 -103/221  251/221   77/221]
[-183/221  -87/221  -77/221    -9/13  127/221 -121/221    -1/17    9/221  -55/221  237/221    1/221  121/221  155/221 -339/221  -35/221]
[ 183/221 -127/221  -81/221 -121/221   -19/17    -1/13  127/221  185/221  157/221   43/221 -157/221   -1/221   69/221   53/221  -49/221]
[-237/221  -69/221     1/17    9/221  -81/221  185/221  -77/221     1/13   25/221  -53/221  225/221  -25/221 -361/221  101/221   35/221]
[   -9/17   87/221 -237/221 -205/221  183/221   43/221  259/221  -53/221   -9/221    -3/13 -179/221   49/221  191/221   -15/17 -225/221]
[ 101/221 -101/221   53/221  121/221  103/221   -1/221 -191/221  -25/221   55/221   49/221  -43/221        0        0        0        0]
Testing obstruction for
m1: 2, m2: 38,a: 1
[      -1 -215/221 -197/221 -167/221 -125/221  -71/221   -5/221   73/221  163/221  265/221  379/221  505/221  643/221    61/17  955/221]
[1129/221 1315/221    89/13 1723/221 1945/221 1737/221 1541/221 1357/221 1185/221 1025/221  877/221    57/17  617/221  505/221  405/221]
[ 317/221  241/221  177/221  125/221     5/13   57/221   41/221   37/221   45/221     5/17   97/221  141/221  197/221  265/221  345/221]
[ 437/221  541/221  657/221  785/221  925/221 1077/221    73/13   109/17 1605/221 1805/221 2017/221 1799/221 1593/221 1399/221 1217/221]
[1047/221  889/221  743/221  609/221  487/221    29/17  279/221  193/221     7/13   57/221    7/221  -31/221  -57/221  -71/221  -73/221]
[ -63/221  -41/221   -7/221     3/17   97/221  167/221  249/221  343/221  449/221  567/221    41/13  839/221  993/221 1159/221 1337/221]
[1527/221   133/17 1943/221 1727/221 1523/221 1331/221 1151/221  983/221  827/221  683/221  551/221  431/221    19/13  227/221    11/17]
[  71/221   11/221  -37/221  -73/221  -97/221 -109/221 -109/221  -97/221  -73/221  -37/221   11/221   71/221    11/17  227/221    19/13]
[ 431/221  551/221  683/221  827/221  983/221 1151/221 1331/221 1523/221 1727/221 1943/221   133/17 1527/221 1337/221 1159/221  993/221]
[ 839/221    41/13  567/221  449/221  343/221  249/221  167/221   97/221     3/17   -7/221  -41/221  -63/221  -73/221  -71/221  -57/221]
[ -31/221    7/221   57/221     7/13  193/221  279/221    29/17  487/221  609/221  743/221  889/221 1047/221 1217/221 1399/221 1593/221]
[1799/221 2017/221 1805/221 1605/221   109/17    73/13 1077/221  925/221  785/221  657/221  541/221  437/221  345/221  265/221  197/221]
[ 141/221   97/221     5/17   45/221   37/221   41/221   57/221     5/13  125/221  177/221  241/221  317/221  405/221  505/221  617/221]
[   57/17  877/221 1025/221 1185/221 1357/221 1541/221 1737/221 1945/221 1723/221    89/13 1315/221 1129/221  955/221    61/17  643/221]
[ 505/221  379/221  265/221  163/221   73/221   -5/221  -71/221 -125/221 -167/221 -197/221 -215/221        0        0        0        0]
Testing obstruction for
m1: 8, m2: 8,a: 1
[      -1 -191/221 -101/221   49/221  259/221   87/221  -25/221  -77/221  -69/221   -1/221  127/221  315/221  121/221    -1/17  -87/221]
[-101/221  -55/221     3/13  217/221  443/221  287/221  191/221  155/221  179/221  263/221  407/221    47/17  433/221  315/221  257/221]
[ 259/221  321/221  443/221  625/221    25/13  285/221  205/221  185/221  225/221    25/17  485/221  263/221  101/221   -1/221  -43/221]
[ -25/221   53/221  191/221  389/221  205/221   81/221     1/13     1/17   69/221  185/221  361/221  155/221    9/221  -77/221 -103/221]
[ -69/221   25/221  179/221  393/221  225/221     9/17   69/221   81/221     9/13  285/221  477/221  287/221  157/221   87/221   77/221]
[ 127/221  237/221  407/221    49/17  485/221  393/221  361/221  389/221  477/221  625/221    23/13  217/221  103/221   49/221   55/221]
[ 121/221    19/17  433/221  237/221  101/221   25/221    9/221   53/221  157/221  321/221  103/221  -55/221    -9/13 -191/221   -13/17]
[ -87/221   55/221  257/221   77/221  -43/221 -103/221 -103/221  -43/221   77/221  257/221   55/221  -87/221   -13/17 -191/221    -9/13]
[ -55/221  103/221  321/221  157/221   53/221    9/221   25/221  101/221  237/221  433/221    19/17  121/221   55/221   49/221  103/221]
[ 217/221    23/13  625/221  477/221  389/221  361/221  393/221  485/221    49/17  407/221  237/221  127/221   77/221   87/221  157/221]
[ 287/221  477/221  285/221     9/13   81/221   69/221     9/17  225/221  393/221  179/221   25/221  -69/221 -103/221  -77/221    9/221]
[ 155/221  361/221  185/221   69/221     1/17     1/13   81/221  205/221  389/221  191/221   53/221  -25/221  -43/221   -1/221  101/221]
[ 263/221  485/221    25/17  225/221  185/221  205/221  285/221    25/13  625/221  443/221  321/221  259/221  257/221  315/221  433/221]
[   47/17  407/221  263/221  179/221  155/221  191/221  287/221  443/221  217/221     3/13  -55/221 -101/221  -87/221    -1/17  121/221]
[ 315/221  127/221   -1/221  -69/221  -77/221  -25/221   87/221  259/221   49/221 -101/221 -191/221        0        0        0        0]
[-191/221, -101/221, 49/221, 259/221, 87/221, -25/221, -77/221, -69/221, -1/221, 127/221, 315/221, 121/221, -1/17, -87/221, -101/221, -55/221, 3/13, 217/221, 443/221, 287/221, 191/221, 155/221, 179/221, 263/221, 407/221, 47/17, 433/221, 315/221, 257/221, 259/221, 321/221, 443/221, 625/221, 25/13, 285/221, 205/221, 185/221, 225/221, 25/17, 485/221, 263/221, 101/221, -1/221, -43/221, -25/221, 53/221, 191/221, 389/221, 205/221, 81/221, 1/13, 1/17, 69/221, 185/221, 361/221, 155/221, 9/221, -77/221, -103/221, -69/221, 25/221, 179/221, 393/221, 225/221, 9/17, 69/221, 81/221, 9/13, 285/221, 477/221, 287/221, 157/221, 87/221, 77/221, 127/221, 237/221, 407/221, 49/17, 485/221, 393/221, 361/221, 389/221, 477/221, 625/221, 23/13, 217/221, 103/221, 49/221, 55/221, 121/221, 19/17, 433/221, 237/221, 101/221, 25/221, 9/221, 53/221, 157/221, 321/221, 103/221, -55/221, -9/13, -191/221]
5 [-191/221, -101/221, 49/221, 259/221, 87/221, -25/221, -77/221, -69/221, -1/221, 127/221, -127/221, 121/221, -1/17, -87/221, -101/221, -55/221, 3/13, 217/221, 1/221, -155/221, -251/221, -287/221, 179/221, 263/221, -35/221, 13/17, -9/221, -127/221, -185/221, -183/221, -121/221, 1/221, 183/221, -1/13, -157/221, -237/221, 185/221, 225/221, -9/17, 43/221, -179/221, 101/221, -1/221, -43/221, -25/221, 53/221, 191/221, -53/221, -237/221, -361/221, 1/13, 1/17, 69/221, 185/221, -81/221, 155/221, 9/221, -77/221, -103/221, -69/221, 25/221, 179/221, -49/221, -217/221, 9/17, 69/221, 81/221, 9/13, -157/221, 35/221, -155/221, -285/221, 87/221, 77/221, 127/221, 237/221, -35/221, -19/17, 43/221, -49/221, -81/221, -53/221, 35/221, 183/221, -3/13, -225/221, 103/221, 49/221, 55/221, 121/221, -15/17, -9/221, -205/221, 101/221, 25/221, 9/221, 53/221, 157/221, -121/221, -339/221, -55/221, -9/13, 251/221]
Testing obstruction for
m1: 8, m2: 10,a: 4
[      -1 -191/221 -101/221   49/221  259/221  529/221  417/221  365/221  373/221  441/221  569/221  315/221  121/221    -1/17  -87/221]
[-101/221  -55/221     3/13  217/221  443/221  287/221  191/221  155/221  179/221  263/221  407/221    13/17   -9/221 -127/221 -185/221]
[-183/221 -121/221    1/221  183/221    25/13  285/221  205/221  185/221  225/221    25/17  485/221  263/221  101/221   -1/221  -43/221]
[ -25/221   53/221  191/221  389/221  205/221   81/221     1/13     1/17   69/221  185/221  361/221  155/221    9/221  -77/221 -103/221]
[ -69/221   25/221  179/221  393/221  225/221     9/17   69/221   81/221     9/13  285/221  477/221  287/221  157/221   87/221   77/221]
[ 127/221  237/221  407/221    15/17   43/221  -49/221  -81/221  -53/221   35/221  183/221    23/13  217/221  103/221   49/221   55/221]
[ 121/221    19/17  433/221  237/221  101/221   25/221    9/221   53/221  157/221  321/221  545/221  387/221    17/13  251/221    21/17]
[ 355/221  497/221  257/221   77/221  -43/221 -103/221 -103/221  -43/221   77/221  257/221  497/221  355/221    21/17  251/221    17/13]
[ 387/221  545/221  321/221  157/221   53/221    9/221   25/221  101/221  237/221  433/221    19/17  121/221   55/221   49/221  103/221]
[ 217/221    23/13  183/221   35/221  -53/221  -81/221  -49/221   43/221    15/17  407/221  237/221  127/221   77/221   87/221  157/221]
[ 287/221  477/221  285/221     9/13   81/221   69/221     9/17  225/221  393/221  179/221   25/221  -69/221 -103/221  -77/221    9/221]
[ 155/221  361/221  185/221   69/221     1/17     1/13   81/221  205/221  389/221  191/221   53/221  -25/221  -43/221   -1/221  101/221]
[ 263/221  485/221    25/17  225/221  185/221  205/221  285/221    25/13  183/221    1/221 -121/221 -183/221 -185/221 -127/221   -9/221]
[   13/17  407/221  263/221  179/221  155/221  191/221  287/221  443/221  217/221     3/13  -55/221 -101/221  -87/221    -1/17  121/221]
[ 315/221  569/221  441/221  373/221  365/221  417/221  529/221  259/221   49/221 -101/221 -191/221        0        0        0        0]
Unobstructed
5
---------------------------
---------------------------
13a1440
Correction terms
[      -1  -27/185   77/185  127/185  123/185    13/37  -47/185  157/185  -63/185   33/185    15/37   63/185   -3/185 -123/185   73/185]
[   43/37  -67/185  -33/185  -53/185 -127/185    23/37  -67/185   67/185  147/185  173/185    29/37   63/185  -73/185  107/185 -137/185]
[  -13/37  -47/185  -83/185  197/185   53/185   -29/37  -27/185      1/5   47/185    3/185   -19/37  123/185  287/185   27/185   83/185]
[   17/37   33/185  -73/185 -233/185  -77/185     5/37   73/185   67/185    7/185 -107/185    19/37 -127/185  -33/185    7/185   -7/185]
[   59/37  173/185   -3/185  137/185 -147/185   -23/37 -137/185 -213/185   27/185  213/185    -5/37   53/185   77/185   47/185     -1/5]
[  -35/37    3/185  127/185  197/185  213/185    35/37   83/185  -63/185 -263/185 -147/185   -17/37  -77/185  247/185  147/185   -7/185]
[   31/37 -107/185  -53/185  -53/185 -107/185    31/37   -7/185  147/185  247/185  -77/185   -17/37 -147/185 -263/185  -63/185   83/185]
[   35/37  213/185  197/185  127/185    3/185   -35/37     -1/5   47/185   77/185   53/185    -5/37  213/185   27/185 -213/185 -137/185]
[  -23/37 -147/185  137/185   -3/185  173/185    59/37   -7/185    7/185  -33/185 -127/185    19/37 -107/185    7/185   67/185   73/185]
[    5/37  -77/185 -233/185  -73/185   33/185    17/37   83/185   27/185  287/185  123/185   -19/37    3/185   47/185      1/5  -27/185]
[  -29/37   53/185  197/185  -83/185  -47/185   -13/37 -137/185  107/185  -73/185   63/185    29/37  173/185  147/185   67/185  -67/185]
[   23/37 -127/185  -53/185  -33/185  -67/185    43/37   73/185 -123/185   -3/185   63/185    15/37   33/185  -63/185  157/185  -47/185]
[   13/37  123/185  127/185   77/185  -27/185        0        0        0        0        0        0        0        0        0        0]
Testing obstruction for
m1: 2, m2: 32,a: 1
[      -1 -179/185 -161/185 -131/185  -89/185    -7/37   31/185  109/185  199/185  301/185    83/37  541/185  679/185  829/185  991/185]
[  233/37 1351/185 1179/185 1019/185  871/185   147/37  611/185  499/185  399/185  311/185    47/37  171/185  119/185   79/185   51/185]
[    7/37   31/185   39/185   59/185   91/185    27/37  191/185      7/5  339/185  431/185   107/37  651/185  779/185  919/185 1071/185]
[  247/37 1411/185 1229/185 1059/185  901/185   151/37  621/185  499/185  389/185  291/185    41/37  131/185   69/185   19/185  -19/185]
[   -9/37  -59/185  -61/185  -51/185  -29/185     1/37   51/185  109/185  179/185  261/185    71/37  461/185  579/185  709/185     23/5]
[  201/37 1171/185 1349/185 1169/185 1001/185   169/37  701/185  569/185  449/185  341/185    49/37  161/185   89/185   29/185  -19/185]
[  -11/37  -79/185  -91/185  -91/185  -79/185   -11/37  -19/185   29/185   89/185  161/185    49/37  341/185  449/185  569/185  701/185]
[  169/37 1001/185 1169/185 1349/185 1171/185   201/37     23/5  709/185  579/185  461/185    71/37  261/185  179/185  109/185   51/185]
[    1/37  -29/185  -51/185  -61/185  -59/185    -9/37  -19/185   19/185   69/185  131/185    41/37  291/185  389/185  499/185  621/185]
[  151/37  901/185 1059/185 1229/185 1411/185   247/37 1071/185  919/185  779/185  651/185   107/37  431/185  339/185      7/5  191/185]
[   27/37   91/185   59/185   39/185   31/185     7/37   51/185   79/185  119/185  171/185    47/37  311/185  399/185  499/185  611/185]
[  147/37  871/185 1019/185 1179/185 1351/185   233/37  991/185  829/185  679/185  541/185    83/37  301/185  199/185  109/185   31/185]
[   -7/37  -89/185 -131/185 -161/185 -179/185        0        0        0        0        0        0        0        0        0        0]
Testing obstruction for
m1: 4, m2: 14,a: 1
[      -1 -171/185 -129/185  -59/185   39/185    33/37  319/185  501/185  341/185  209/185    21/37   29/185  -19/185  -39/185  -31/185]
[    1/37   69/185  161/185  281/185  429/185   121/37  439/185  301/185  191/185  109/185    11/37   29/185   31/185   61/185  119/185]
[   41/37  319/185  461/185  631/185  459/185    63/37  199/185      3/5   51/185   19/185     3/37   39/185   91/185  171/185  279/185]
[   83/37  579/185  401/185  251/185  129/185     7/37  -31/185  -69/185  -79/185  -61/185    -3/37   59/185  161/185  291/185  449/185]
[  127/37  479/185  351/185  251/185  179/185    27/37  119/185  131/185  171/185  239/185    67/37  459/185  611/185  421/185      7/5]
[   25/37   19/185  -59/185 -109/185 -131/185   -25/37  -91/185  -29/185   61/185  179/185    65/37  499/185  331/185  191/185   79/185]
[   -1/37  -61/185  -89/185  -89/185  -61/185    -1/37   79/185  191/185  331/185  499/185    65/37  179/185   61/185  -29/185  -91/185]
[  -25/37 -131/185 -109/185  -59/185   19/185    25/37      7/5  421/185  611/185  459/185    67/37  239/185  171/185  131/185  119/185]
[   27/37  179/185  251/185  351/185  479/185   127/37  449/185  291/185  161/185   59/185    -3/37  -61/185  -79/185  -69/185  -31/185]
[    7/37  129/185  251/185  401/185  579/185    83/37  279/185  171/185   91/185   39/185     3/37   19/185   51/185      3/5  199/185]
[   63/37  459/185  631/185  461/185  319/185    41/37  119/185   61/185   31/185   29/185    11/37  109/185  191/185  301/185  439/185]
[  121/37  429/185  281/185  161/185   69/185     1/37  -31/185  -39/185  -19/185   29/185    21/37  209/185  341/185  501/185  319/185]
[   33/37   39/185  -59/185 -129/185 -171/185        0        0        0        0        0        0        0        0        0        0]
Testing obstruction for
m1: 8, m2: 10,a: 5
[      -1 -157/185  -73/185   67/185  263/185    29/37   83/185   77/185  127/185  233/185    79/37  243/185  147/185  107/185  123/185]
[   39/37  323/185  137/185    7/185  -67/185   -17/37  -47/185   47/185  197/185  403/185    59/37  243/185  247/185  307/185  423/185]
[   45/37   83/185   -3/185  -33/185   -7/185    15/37  213/185      1/5  -83/185 -147/185   -31/37 -107/185   -3/185  157/185  373/185]
[   55/37  233/185  247/185  317/185  443/185    51/37  123/185   47/185   27/185   63/185    31/37  303/185  137/185   27/185  -27/185]
[   -5/37   33/185  147/185  317/185  173/185    17/37   53/185   77/185  157/185  293/185    23/37   -7/185  -73/185  -83/185     -1/5]
[   13/37  223/185   67/185  -33/185  -77/185   -13/37    3/185  127/185  307/185  173/185    19/37   73/185  107/185  197/185  343/185]
[   35/37   63/185    7/185    7/185   63/185    35/37  343/185  197/185  107/185   73/185    19/37  173/185  307/185  127/185    3/185]
[  -13/37  -77/185  -33/185   67/185  223/185    13/37     -1/5  -83/185  -73/185   -7/185    23/37  293/185  157/185   77/185   53/185]
[   17/37  173/185  317/185  147/185   33/185    -5/37  -27/185   27/185  137/185  303/185    31/37   63/185   27/185   47/185  123/185]
[   51/37  443/185  317/185  247/185  233/185    55/37  373/185  157/185   -3/185 -107/185   -31/37 -147/185  -83/185      1/5  213/185]
[   15/37   -7/185  -33/185   -3/185   83/185    45/37  423/185  307/185  247/185  243/185    59/37  403/185  197/185   47/185  -47/185]
[  -17/37  -67/185    7/185  137/185  323/185    39/37  123/185  107/185  147/185  243/185    79/37  233/185  127/185   77/185   83/185]
[   29/37  263/185   67/185  -73/185 -157/185        0        0        0        0        0        0        0        0        0        0]
Testing obstruction for
m1: 16, m2: 18,a: 15
[      -1 -173/185 -137/185  -77/185    7/185    23/37  247/185  403/185  583/185  417/185    55/37  157/185   63/185   -7/185  -53/185]
[  -15/37  -73/185  -47/185    3/185   77/185    35/37  297/185  443/185  613/185  437/185    57/37  157/185   53/185  -27/185  -83/185]
[  -23/37 -123/185 -107/185  -67/185   -3/185    17/37  197/185      9/5  493/185  677/185   103/37  377/185  263/185  173/185  107/185]
[   13/37   47/185   53/185   83/185  137/185    43/37  317/185  443/185  593/185  767/185   119/37  447/185  323/185  223/185  147/185]
[   19/37   67/185   63/185   83/185  127/185    39/37  287/185  403/185  543/185  707/185   105/37  367/185  233/185  123/185      1/5]
[   -5/37  -63/185  -77/185  -67/185  -33/185     5/37  107/185  213/185  343/185  497/185   135/37  507/185  363/185  243/185  147/185]
[   15/37   27/185    3/185    3/185   27/185    15/37  147/185  243/185  363/185  507/185   135/37  497/185  343/185  213/185  107/185]
[    5/37  -33/185  -67/185  -77/185  -63/185    -5/37      1/5  123/185  233/185  367/185   105/37  707/185  543/185  403/185  287/185]
[   39/37  127/185   83/185   63/185   67/185    19/37  147/185  223/185  323/185  447/185   119/37  767/185  593/185  443/185  317/185]
[   43/37  137/185   83/185   53/185   47/185    13/37  107/185  173/185  263/185  377/185   103/37  677/185  493/185      9/5  197/185]
[   17/37   -3/185  -67/185 -107/185 -123/185   -23/37  -83/185  -27/185   53/185  157/185    57/37  437/185  613/185  443/185  297/185]
[   35/37   77/185    3/185  -47/185  -73/185   -15/37  -53/185   -7/185   63/185  157/185    55/37  417/185  583/185  403/185  247/185]
[   23/37    7/185  -77/185 -137/185 -173/185        0        0        0        0        0        0        0        0        0        0]
---------------------------
SUCCESS for name = 13a1440
---------------------------
