13a2412
Correction terms
[      -1   71/253   31/253  133/253  377/253 -249/253 -227/253  -63/253 -263/253  185/253  269/253    -1/23 -149/253 -145/253    1/253]
[-217/253  213/253  279/253  -19/253 -175/253 -189/253  -61/253    19/23     5/11  163/253 -153/253 -327/253  147/253 -249/253    3/253]
[ 397/253  -79/253   93/253    -9/23 -149/253  -57/253  177/253   47/253   59/253 -293/253    3/253  -65/253    9/253  225/253     7/23]
[  71/253   -13/11  -21/253 -107/253  -51/253  147/253  -19/253  -43/253   75/253 -171/253    21/23  269/253  -57/253  265/253 -283/253]
[-183/253   59/253  -63/253  -43/253  119/253  -83/253   -13/23  -61/253  163/253     1/11   25/253  169/253  -51/253 -129/253  -65/253]
[ 141/253  -17/253    -3/23   93/253 -145/253 -241/253  311/253   -7/253 -183/253  289/253 -109/253  141/253   27/253     5/23  225/253]
[  31/253  -21/253     3/11 -205/253  169/253  179/253 -175/253  119/253   49/253    11/23 -171/253  185/253  177/253 -195/253   81/253]
[  -7/253   47/253  243/253   75/253   49/253    15/23  -83/253  317/253 -153/253   25/253    15/11 -205/253 -107/253  133/253    9/253]
[  27/253    17/23  -17/253  -79/253    1/253  223/253   81/253   81/253  223/253    1/253  -79/253  -17/253    17/23   27/253    9/253]
[ 133/253 -107/253 -205/253    15/11   25/253 -153/253  317/253  -83/253    15/23   49/253   75/253  243/253   47/253   -7/253   81/253]
[-195/253  177/253  185/253 -171/253    11/23   49/253  119/253 -175/253  179/253  169/253 -205/253     3/11  -21/253   31/253  225/253]
[    5/23   27/253  141/253 -109/253  289/253 -183/253   -7/253  311/253 -241/253 -145/253   93/253    -3/23  -17/253  141/253  -65/253]
[-129/253  -51/253  169/253   25/253     1/11  163/253  -61/253   -13/23  -83/253  119/253  -43/253  -63/253   59/253 -183/253 -283/253]
[ 265/253  -57/253  269/253    21/23 -171/253   75/253  -43/253  -19/253  147/253  -51/253 -107/253  -21/253   -13/11   71/253     7/23]
[ 225/253    9/253  -65/253    3/253 -293/253   59/253   47/253  177/253  -57/253 -149/253    -9/23   93/253  -79/253  397/253    3/253]
[-249/253  147/253 -327/253 -153/253  163/253     5/11    19/23  -61/253 -189/253 -175/253  -19/253  279/253  213/253 -217/253    1/253]
[-145/253 -149/253    -1/23  269/253  185/253 -263/253  -63/253 -227/253 -249/253  377/253  133/253   31/253   71/253        0        0]
Testing obstruction for
m1: 6, m2: 12,a: 0
[      -1 -185/253   19/253  359/253  329/253  435/253  677/253  549/253  557/253  195/253  -31/253   -11/23  -75/253  107/253  425/253]
[ 373/253  457/253  677/253  527/253  513/253  129/253 -119/253   -21/23    -9/11  -47/253  249/253  175/253  237/253  435/253  769/253]
[ 733/253  327/253   57/253    -7/23  -75/253   63/253  337/253  241/253  281/253  457/253  769/253  711/253  283/253   -9/253   -15/23]
[-185/253    -3/11  183/253   65/253   83/253  237/253  527/253  953/253  503/253  189/253     1/23  -31/253   63/253  293/253  153/253]
[ 149/253  281/253  549/253  953/253  481/253  145/253    -5/23 -119/253  -47/253     7/11   -1/253  -27/253   83/253  329/253  711/253]
[ 723/253  365/253    13/23   57/253  107/253  293/253  109/253   61/253  149/253  373/253  733/253  723/253  343/253     9/23   -9/253]
[  19/253  183/253    -1/11  -93/253  -27/253  175/253  513/253  481/253  585/253    29/23  189/253  195/253  337/253  109/253   17/253]
[  61/253  241/253  557/253  503/253  585/253    27/23  145/253  129/253  249/253   -1/253    -5/11  -93/253   65/253  359/253  283/253]
[ 343/253    49/23  365/253  327/253  425/253  153/253   17/253   17/253  153/253  425/253  327/253  365/253    49/23  343/253  283/253]
[ 359/253   65/253  -93/253    -5/11   -1/253  249/253  129/253  145/253    27/23  585/253  503/253  557/253  241/253   61/253   17/253]
[ 109/253  337/253  195/253  189/253    29/23  585/253  481/253  513/253  175/253  -27/253  -93/253    -1/11  183/253   19/253   -9/253]
[    9/23  343/253  723/253  733/253  373/253  149/253   61/253  109/253  293/253  107/253   57/253    13/23  365/253  723/253  711/253]
[ 329/253   83/253  -27/253   -1/253     7/11  -47/253 -119/253    -5/23  145/253  481/253  953/253  549/253  281/253  149/253  153/253]
[ 293/253   63/253  -31/253     1/23  189/253  503/253  953/253  527/253  237/253   83/253   65/253  183/253    -3/11 -185/253   -15/23]
[  -9/253  283/253  711/253  769/253  457/253  281/253  241/253  337/253   63/253  -75/253    -7/23   57/253  327/253  733/253  769/253]
[ 435/253  237/253  175/253  249/253  -47/253    -9/11   -21/23 -119/253  129/253  513/253  527/253  677/253  457/253  373/253  425/253]
[ 107/253  -75/253   -11/23  -31/253  195/253  557/253  549/253  677/253  435/253  329/253  359/253   19/253 -185/253        0        0]
Testing obstruction for
m1: 64, m2: 64,a: 63
[      -1 -249/253 -237/253 -217/253 -189/253 -153/253 -109/253  -57/253    3/253   71/253  147/253    21/23  323/253  423/253  531/253]
[ 647/253  771/253  903/253 1043/253 1191/253 1347/253 1511/253   153/23    81/11 2051/253 2247/253 2451/253 2663/253 2883/253 3111/253]
[3347/253 3591/253 3843/253   327/23 3359/253 3129/253 2907/253 2693/253 2487/253 2289/253 2099/253 1917/253 1743/253 1577/253   129/23]
[1269/253    49/11  993/253  867/253  749/253  639/253  537/253  443/253  357/253  279/253    19/23  147/253   93/253   47/253    9/253]
[ -21/253  -43/253  -57/253  -63/253  -61/253  -51/253    -3/23   -7/253   27/253     3/11  119/253  177/253  243/253  317/253  399/253]
[ 489/253  587/253    63/23  807/253  929/253 1059/253 1197/253 1343/253 1497/253 1659/253 1829/253 2007/253 2193/253   217/23 2589/253]
[2799/253 3017/253   141/11 3477/253 3719/253 3969/253 3721/253 3481/253 3249/253   275/23 2809/253 2601/253 2401/253 2209/253 2025/253]
[1849/253 1681/253 1521/253 1369/253 1225/253    99/23  961/253  841/253  729/253  625/253    23/11  441/253  361/253  289/253  225/253]
[ 169/253    11/23   81/253   49/253   25/253    9/253    1/253    1/253    9/253   25/253   49/253   81/253    11/23  169/253  225/253]
[ 289/253  361/253  441/253    23/11  625/253  729/253  841/253  961/253    99/23 1225/253 1369/253 1521/253 1681/253 1849/253 2025/253]
[2209/253 2401/253 2601/253 2809/253   275/23 3249/253 3481/253 3721/253 3969/253 3719/253 3477/253   141/11 3017/253 2799/253 2589/253]
[  217/23 2193/253 2007/253 1829/253 1659/253 1497/253 1343/253 1197/253 1059/253  929/253  807/253    63/23  587/253  489/253  399/253]
[ 317/253  243/253  177/253  119/253     3/11   27/253   -7/253    -3/23  -51/253  -61/253  -63/253  -57/253  -43/253  -21/253    9/253]
[  47/253   93/253  147/253    19/23  279/253  357/253  443/253  537/253  639/253  749/253  867/253  993/253    49/11 1269/253   129/23]
[1577/253 1743/253 1917/253 2099/253 2289/253 2487/253 2693/253 2907/253 3129/253 3359/253   327/23 3843/253 3591/253 3347/253 3111/253]
[2883/253 2663/253 2451/253 2247/253 2051/253    81/11   153/23 1511/253 1347/253 1191/253 1043/253  903/253  771/253  647/253  531/253]
[ 423/253  323/253    21/23  147/253   71/253    3/253  -57/253 -109/253 -153/253 -189/253 -217/253 -237/253 -249/253        0        0]
[-249/253, -237/253]
5 [-249/253, 269/253]
[-249/253, -237/253]
28 [-249/253, 269/253]
---------------------------
SUCCESS for name = 13a2412
---------------------------
13a2417
Correction terms
[      -1 -327/385 -153/385  137/385 -227/385   -95/77  163/385    21/55 -523/385 -307/385     5/77   -27/35  267/385  177/385    29/55]
[   69/77 -167/385  207/385  -73/385 -237/385   -57/77   -31/55    -3/35  267/385  -87/385   -65/77  323/385 -453/385   -49/55 -117/385]
[ -109/77  -87/385 -283/385   -33/35 -327/385    -5/11   93/385 -293/385 -563/385   53/385     3/77   93/385    41/55 -173/385    23/35]
[    5/77  -87/385  -83/385   37/385   -71/55   -29/77  323/385  137/385   67/385  113/385      5/7   -31/55 -593/385  -83/385 -227/385]
[  -51/77 -167/385   37/385   -59/55   23/385   -39/77   -27/35 -283/385 -153/385   93/385    -9/11  163/385  -13/385  -73/385  -17/385]
[   31/77 -327/385      1/5 -173/385 -307/385    89/77 -227/385  -13/385  317/385    -1/55   -43/77 -307/385 -283/385   -13/35  113/385]
[  -57/77    29/55   37/385  -13/385   53/385  -107/77 -237/385 -593/385    -9/55   -17/35   -39/77  -87/385  137/385 -293/385  163/385]
[   -1/11 -117/385  -83/385   67/385  333/385     -1/7 -327/385    41/55  247/385 -447/385   -51/77   53/385 -293/385  247/385    19/55]
[   27/77    23/35 -283/385   67/385 -237/385   -85/77   -71/55 -453/385 -293/385  -17/385   -79/77  113/385    -3/35    -9/55   23/385]
[ -109/77 -227/385  207/385  -13/385 -117/385    -3/11   23/385  267/385   -13/35 -437/385    31/77   93/385    21/55  317/385 -167/385]
[   47/77  -17/385 -153/385 -173/385     -1/5  -127/77 -307/385  137/385  -73/385 -167/385   -29/77    -1/55 -523/385 -153/385 -437/385]
[   -11/7  113/385  177/385   -59/55 -117/385    59/77   53/385  -73/385  -83/385   23/385     7/11   -17/35  267/385   67/385  -17/385]
[    3/77  163/385   -49/55   37/385 -237/385   -79/77  333/385   -33/35 -173/385    19/55   -43/77 -447/385 -563/385 -563/385 -447/385]
[  -43/77    19/55 -173/385   -33/35  333/385   -79/77 -237/385   37/385   -49/55  163/385     3/77  -17/385   67/385  267/385   -17/35]
[    7/11   23/385  -83/385  -73/385   53/385    59/77 -117/385   -59/55  177/385  113/385    -11/7 -437/385 -153/385 -523/385    -1/55]
[  -29/77 -167/385  -73/385  137/385 -307/385  -127/77     -1/5 -173/385 -153/385  -17/385    47/77 -167/385  317/385    21/55   93/385]
[   31/77 -437/385   -13/35  267/385   23/385    -3/11 -117/385  -13/385  207/385 -227/385  -109/77   23/385    -9/55    -3/35  113/385]
[  -79/77  -17/385 -293/385 -453/385   -71/55   -85/77 -237/385   67/385 -283/385    23/35    27/77    19/55  247/385 -293/385   53/385]
[  -51/77 -447/385  247/385    41/55 -327/385     -1/7  333/385   67/385  -83/385 -117/385    -1/11  163/385 -293/385  137/385  -87/385]
[  -39/77   -17/35    -9/55 -593/385 -237/385  -107/77   53/385  -13/385   37/385    29/55   -57/77  113/385   -13/35 -283/385 -307/385]
[  -43/77    -1/55  317/385  -13/385 -227/385    89/77 -307/385 -173/385      1/5 -327/385    31/77  -17/385  -73/385  -13/385  163/385]
[   -9/11   93/385 -153/385 -283/385   -27/35   -39/77   23/385   -59/55   37/385 -167/385   -51/77 -227/385  -83/385 -593/385   -31/55]
[     5/7  113/385   67/385  137/385  323/385   -29/77   -71/55   37/385  -83/385  -87/385     5/77    23/35 -173/385    41/55   93/385]
[    3/77   53/385 -563/385 -293/385   93/385    -5/11 -327/385   -33/35 -283/385  -87/385  -109/77 -117/385   -49/55 -453/385  323/385]
[  -65/77  -87/385  267/385    -3/35   -31/55   -57/77 -237/385  -73/385  207/385 -167/385    69/77    29/55  177/385  267/385   -27/35]
[    5/77 -307/385 -523/385    21/55  163/385   -95/77 -227/385  137/385 -153/385 -327/385        0        0        0        0        0]
Testing obstruction for
m1: 4, m2: 28,a: 0
[      -1 -261/385  111/385  -39/385   59/385    81/77  229/385    43/55  621/385 1189/385   247/77   139/35 2071/385 2091/385   337/55]
[  421/77 2099/385 1571/385 1291/385 1259/385   141/77    57/55    31/35  531/385  199/385    23/77  279/385  -79/385   -27/55  -51/385]
[   67/77  199/385  311/385    61/35  509/385    17/11  929/385 1511/385 1571/385 1879/385   487/77 2469/385   283/55 1741/385   159/35]
[  247/77  969/385  951/385  411/385    17/55    15/77  279/385  -39/385 -109/385   69/385     -5/7   -53/55 -219/385  181/385   59/385]
[   37/77  559/385  411/385    73/55  859/385   291/77   139/35 1851/385 2421/385 2469/385    57/11 1769/385 1791/385 1291/385 1039/385]
[  207/77  509/385      3/5  201/385  419/385    23/77   59/385  251/385  -79/385   -23/55     1/77  419/385  311/385    41/35  839/385]
[  141/77   117/55 1181/385 1791/385 1879/385   443/77 2799/385 2091/385   233/55   129/35   291/77  969/385  731/385  741/385  229/385]
[   -1/11  -51/385  181/385 -109/385 -151/385      1/7 -261/385   -47/55 -149/385  279/385    37/77  339/385  741/385  621/385   107/55]
[  225/77   159/35 1851/385 2201/385 2799/385   421/77   237/55 1461/385 1511/385 1039/385   163/77  839/385    31/35    13/55   89/385]
[   67/77   59/385   31/385  251/385  -51/385    -3/11   89/385  531/385    41/35  619/385   207/77  929/385   153/55 1461/385 2099/385]
[  443/77 2579/385 2421/385 1741/385     17/5   225/77 1189/385  731/385  521/385  559/385    15/77   -23/55 -149/385  111/385 -151/385]
[    -3/7   69/385 -219/385   -37/55  -51/385    81/77  339/385  521/385  951/385  859/385    29/11   129/35 2071/385 2201/385 2579/385]
[  487/77 1769/385   193/55 1181/385 1259/385   163/77  619/385    61/35  201/385    -3/55     1/77  279/385   31/385   31/385  279/385]
[    1/77    -3/55  201/385    61/35  619/385   163/77 1259/385 1181/385   193/55 1769/385   487/77 2579/385 2201/385 2071/385   129/35]
[   29/11  859/385  951/385  521/385  339/385    81/77  -51/385   -37/55 -219/385   69/385     -3/7 -151/385  111/385 -149/385   -23/55]
[   15/77  559/385  521/385  731/385 1189/385   225/77     17/5 1741/385 2421/385 2579/385   443/77 2099/385 1461/385   153/55  929/385]
[  207/77  619/385    41/35  531/385   89/385    -3/11  -51/385  251/385   31/385   59/385    67/77   89/385    13/55    31/35  839/385]
[  163/77 1039/385 1511/385 1461/385   237/55   421/77 2799/385 2201/385 1851/385   159/35   225/77   107/55  621/385  741/385  339/385]
[   37/77  279/385 -149/385   -47/55 -261/385      1/7 -151/385 -109/385  181/385  -51/385    -1/11  229/385  741/385  731/385  969/385]
[  291/77   129/35   233/55 2091/385 2799/385   443/77 1879/385 1791/385 1181/385   117/55   141/77  839/385    41/35  311/385  419/385]
[    1/77   -23/55  -79/385  251/385   59/385    23/77  419/385  201/385      3/5  509/385   207/77 1039/385 1291/385 1791/385 1769/385]
[   57/11 2469/385 2421/385 1851/385   139/35   291/77  859/385    73/55  411/385  559/385    37/77   59/385  181/385 -219/385   -53/55]
[    -5/7   69/385 -109/385  -39/385  279/385    15/77    17/55  411/385  951/385  969/385   247/77   159/35 1741/385   283/55 2469/385]
[  487/77 1879/385 1571/385 1511/385  929/385    17/11  509/385    61/35  311/385  199/385    67/77  -51/385   -27/55  -79/385  279/385]
[   23/77  199/385  531/385    31/35    57/55   141/77 1259/385 1291/385 1571/385 2099/385   421/77   337/55 2091/385 2071/385   139/35]
[  247/77 1189/385  621/385    43/55  229/385    81/77   59/385  -39/385  111/385 -261/385        0        0        0        0        0]
Testing obstruction for
m1: 6, m2: 18,a: 0
[      -1 -293/385  -17/385  443/385  317/385    75/77  617/385   149/55 1653/385 1677/385   223/77    67/35  543/385  533/385   101/55]
[   59/77   67/385   23/385  163/385  487/385    45/77    21/55    23/35  543/385 1017/385   335/77 1747/385 1233/385   129/55  757/385]
[  159/77  247/385 -117/385   -27/35 -293/385    -3/11  267/385   53/385   23/385  177/385   103/77 1037/385   139/55 1093/385   127/35]
[  223/77 1017/385 1103/385  603/385    41/55    31/77  207/385  443/385   93/385  -73/385     -1/7    21/55  533/385 1103/385 1087/385]
[  251/77 1607/385 1373/385   189/55  687/385    47/77    -3/35 -117/385  -17/385  267/385    -1/11 -153/385  -87/385  163/385  597/385]
[   89/77  477/385      9/5 1093/385 1677/385   335/77 1087/385  683/385  463/385    61/55   115/77  137/385 -117/385   -17/35  -73/385]
[   45/77   101/55  603/385  683/385  947/385   279/77 2027/385 1303/385   109/55    37/35    47/77  247/385  443/385   53/385 -153/385]
[   -5/11  -13/385  333/385   93/385   37/385      3/7  477/385   139/55 1653/385 1747/385   251/77  947/385  823/385  883/385    51/55]
[    3/77   -13/35 -117/385   93/385  487/385    59/77    41/55  463/385  823/385 1367/385   265/77 1467/385    93/35   109/55  687/385]
[  159/77  317/385   23/385  -87/385  -13/385     7/11  -83/385 -227/385   -17/35   37/385    89/77 1037/385   149/55 1233/385 1607/385]
[  279/77 1367/385  753/385  323/385      1/5     3/77  137/385  443/385  163/385   67/385    31/77    61/55  883/385  753/385  807/385]
[    19/7 1467/385 1303/385   189/55  757/385    75/77  177/385  163/385  333/385  -83/385    -9/11   -33/35 -227/385   93/385  597/385]
[  103/77  617/385   129/55 1373/385 2027/385   265/77  807/385    43/35  323/385    51/55   115/77  207/385   23/385   23/385  207/385]
[  115/77    51/55  323/385    43/35  807/385   265/77 2027/385 1373/385   129/55  617/385   103/77  597/385   93/385 -227/385   -33/35]
[   -9/11  -83/385  333/385  163/385  177/385    75/77  757/385   189/55 1303/385 1467/385     19/7  807/385  753/385  883/385    61/55]
[   31/77   67/385  163/385  443/385  137/385     3/77      1/5  323/385  753/385 1367/385   279/77 1607/385 1233/385   149/55 1037/385]
[   89/77   37/385   -17/35 -227/385  -83/385     7/11  -13/385  -87/385   23/385  317/385   159/77  687/385   109/55    93/35 1467/385]
[  265/77 1367/385  823/385  463/385    41/55    59/77  487/385   93/385 -117/385   -13/35     3/77    51/55  883/385  823/385  947/385]
[  251/77 1747/385 1653/385   139/55  477/385      3/7   37/385   93/385  333/385  -13/385    -5/11 -153/385   53/385  443/385  247/385]
[   47/77    37/35   109/55 1303/385 2027/385   279/77  947/385  683/385  603/385   101/55    45/77  -73/385   -17/35 -117/385  137/385]
[  115/77    61/55  463/385  683/385 1087/385   335/77 1677/385 1093/385      9/5  477/385    89/77  597/385  163/385  -87/385 -153/385]
[   -1/11  267/385  -17/385 -117/385    -3/35    47/77  687/385   189/55 1373/385 1607/385   251/77 1087/385 1103/385  533/385    21/55]
[    -1/7  -73/385   93/385  443/385  207/385    31/77    41/55  603/385 1103/385 1017/385   223/77   127/35 1093/385   139/55 1037/385]
[  103/77  177/385   23/385   53/385  267/385    -3/11 -293/385   -27/35 -117/385  247/385   159/77  757/385   129/55 1233/385 1747/385]
[  335/77 1017/385  543/385    23/35    21/55    45/77  487/385  163/385   23/385   67/385    59/77   101/55  533/385  543/385    67/35]
[  223/77 1677/385 1653/385   149/55  617/385    75/77  317/385  443/385  -17/385 -293/385        0        0        0        0        0]
Unobstructed
37
---------------------------
---------------------------
13a2421
Correction terms
[      -1   91/313   51/313 -433/313 -109/313 -229/313 -167/313   77/313 -123/313 -141/313   23/313 -257/313 -355/313 -271/313   -5/313]
[-183/313 -179/313    7/313 -251/313 -327/313 -221/313   67/313  -89/313  -63/313  145/313  -91/313 -145/313  -17/313 -333/313  159/313]
[ 207/313 -189/313  223/313  191/313 -285/313   47/313  -65/313    5/313  257/313   65/313   55/313  227/313  -45/313 -135/313  -43/313]
[ 231/313   61/313   73/313  267/313   17/313  -51/313   63/313 -267/313  211/313 -381/313 -165/313  233/313 -439/313 -303/313   15/313]
[-111/313  -55/313 -443/313  -23/313  -47/313 -515/313 -175/313 -279/313 -201/313   59/313 -125/313 -127/313   53/313 -211/313 -293/313]
[-193/313   89/313  -73/313  -53/313  149/313  -93/313 -153/313  -31/313 -353/313  133/313 -451/313 -227/313  179/313 -485/313 -341/313]
[ -15/313 -133/313  -69/313 -449/313  -21/313  -37/313 -497/313 -149/313 -245/313 -159/313  109/313  -67/313  -61/313  127/313 -129/313]
[-203/313  -95/313  195/313   41/313   69/313  279/313   45/313   -7/313  123/313 -191/313  303/313 -273/313  -41/313  373/313 -283/313]
[-131/313  203/313   93/313  165/313 -207/313  229/313  221/313 -231/313  125/313   37/313  131/313 -219/313 -387/313  253/313 -177/313]
[-425/313  135/313 -375/313  -77/313 -223/313 -187/313   31/313 -195/313 -239/313 -101/313 -407/313   95/313 -473/313 -233/313  189/313]
[-459/313 -299/313   43/313  -59/313   21/313 -343/313  101/313  101/313 -343/313   21/313  -59/313   43/313 -299/313 -459/313  189/313]
[-233/313 -473/313   95/313 -407/313 -101/313 -239/313 -195/313   31/313 -187/313 -223/313  -77/313 -375/313  135/313 -425/313 -177/313]
[ 253/313 -387/313 -219/313  131/313   37/313  125/313 -231/313  221/313  229/313 -207/313  165/313   93/313  203/313 -131/313 -283/313]
[ 373/313  -41/313 -273/313  303/313 -191/313  123/313   -7/313   45/313  279/313   69/313   41/313  195/313  -95/313 -203/313 -129/313]
[ 127/313  -61/313  -67/313  109/313 -159/313 -245/313 -149/313 -497/313  -37/313  -21/313 -449/313  -69/313 -133/313  -15/313 -341/313]
[-485/313  179/313 -227/313 -451/313  133/313 -353/313  -31/313 -153/313  -93/313  149/313  -53/313  -73/313   89/313 -193/313 -293/313]
[-211/313   53/313 -127/313 -125/313   59/313 -201/313 -279/313 -175/313 -515/313  -47/313  -23/313 -443/313  -55/313 -111/313   15/313]
[-303/313 -439/313  233/313 -165/313 -381/313  211/313 -267/313   63/313  -51/313   17/313  267/313   73/313   61/313  231/313  -43/313]
[-135/313  -45/313  227/313   55/313   65/313  257/313    5/313  -65/313   47/313 -285/313  191/313  223/313 -189/313  207/313  159/313]
[-333/313  -17/313 -145/313  -91/313  145/313  -63/313  -89/313   67/313 -221/313 -327/313 -251/313    7/313 -179/313 -183/313   -5/313]
[-271/313 -355/313 -257/313   23/313 -141/313 -123/313   77/313 -167/313 -229/313 -109/313 -433/313   51/313   91/313        0        0]
Testing obstruction for
m1: 4, m2: 24,a: 2
[      -1 -299/313 -257/313 -187/313  -89/313   37/313  191/313  373/313  583/313  821/313 1087/313 1381/313 1703/313 1427/313 1179/313]
[ 959/313  767/313  603/313  467/313  359/313  279/313  227/313  203/313  207/313  239/313  299/313  387/313  503/313  647/313  819/313]
[1019/313 1247/313 1503/313 1787/313 1473/313 1187/313  929/313  699/313  497/313  323/313  177/313   59/313  -31/313  -93/313 -127/313]
[-133/313 -111/313  -61/313   17/313  123/313  257/313  419/313  609/313  827/313 1073/313 1347/313 1649/313 1353/313 1085/313  845/313]
[ 633/313  449/313  293/313  165/313   65/313   -7/313  -51/313  -67/313  -55/313  -15/313   53/313  149/313  273/313  425/313  605/313]
[ 813/313 1049/313 1313/313 1605/313 1299/313 1021/313  771/313  549/313  355/313  189/313   51/313  -59/313 -141/313 -195/313 -221/313]
[-219/313 -189/313 -131/313  -45/313   69/313  211/313  381/313  579/313  805/313 1059/313 1341/313 1651/313 1363/313 1103/313  871/313]
[ 667/313  491/313  343/313  223/313  131/313   67/313   31/313   23/313   43/313   91/313  167/313  271/313  403/313  563/313  751/313]
[ 967/313 1211/313 1483/313 1783/313 1485/313 1215/313  973/313  759/313  573/313  415/313  285/313  183/313  109/313   63/313   45/313]
[  55/313   93/313  159/313  253/313  375/313  525/313  703/313  909/313 1143/313 1405/313 1695/313 1387/313 1107/313  855/313  631/313]
[ 435/313  267/313  127/313   15/313  -69/313 -125/313 -153/313 -153/313 -125/313  -69/313   15/313  127/313  267/313  435/313  631/313]
[ 855/313 1107/313 1387/313 1695/313 1405/313 1143/313  909/313  703/313  525/313  375/313  253/313  159/313   93/313   55/313   45/313]
[  63/313  109/313  183/313  285/313  415/313  573/313  759/313  973/313 1215/313 1485/313 1783/313 1483/313 1211/313  967/313  751/313]
[ 563/313  403/313  271/313  167/313   91/313   43/313   23/313   31/313   67/313  131/313  223/313  343/313  491/313  667/313  871/313]
[1103/313 1363/313 1651/313 1341/313 1059/313  805/313  579/313  381/313  211/313   69/313  -45/313 -131/313 -189/313 -219/313 -221/313]
[-195/313 -141/313  -59/313   51/313  189/313  355/313  549/313  771/313 1021/313 1299/313 1605/313 1313/313 1049/313  813/313  605/313]
[ 425/313  273/313  149/313   53/313  -15/313  -55/313  -67/313  -51/313   -7/313   65/313  165/313  293/313  449/313  633/313  845/313]
[1085/313 1353/313 1649/313 1347/313 1073/313  827/313  609/313  419/313  257/313  123/313   17/313  -61/313 -111/313 -133/313 -127/313]
[ -93/313  -31/313   59/313  177/313  323/313  497/313  699/313  929/313 1187/313 1473/313 1787/313 1503/313 1247/313 1019/313  819/313]
[ 647/313  503/313  387/313  299/313  239/313  207/313  203/313  227/313  279/313  359/313  467/313  603/313  767/313  959/313 1179/313]
[1427/313 1703/313 1381/313 1087/313  821/313  583/313  373/313  191/313   37/313  -89/313 -187/313 -257/313 -299/313        0        0]
Unobstructed
151
---------------------------
---------------------------
13a2434
Correction terms
[      -1 -109/201  167/201    75/67   65/201   89/201   -35/67 -115/201   59/201     5/67 -247/201   77/201    61/67   71/201  143/201]
[   -1/67   35/201 -145/201   -47/67   47/201   17/201    57/67  107/201 -175/201    43/67  215/201   83/201   -89/67  -31/201  -13/201]
[   63/67  173/201  -61/201   -37/67   23/201  -61/201    13/67  -79/201  -13/201    79/67 -133/201   83/201    27/67 -139/201 -175/201]
[   -9/67  -97/201   17/201   105/67   -7/201 -145/201   -33/67  131/201  143/201   -21/67  -85/201   77/201     7/67  149/201   59/201]
[  -83/67   29/201   89/201   -23/67  -43/201  167/201    53/67     -1/3 -109/201    11/67  -43/201   65/201   -15/67   29/201 -115/201]
[  109/67  149/201 -247/201   -19/67  -85/201   71/201     3/67  131/201   35/201    41/67   -7/201   47/201   -39/67  -97/201  107/201]
[   31/67 -139/201  215/201   -17/67 -133/201  -31/201   -49/67  -79/201  173/201    69/67   23/201   23/201    69/67  173/201  -79/201]
[  -49/67  -31/201 -133/201   -17/67  215/201 -139/201    31/67  107/201  -97/201   -39/67   47/201   -7/201    41/67   35/201  131/201]
[    3/67   71/201  -85/201   -19/67 -247/201  149/201   109/67 -115/201   29/201   -15/67   65/201  -43/201    11/67 -109/201     -1/3]
[   53/67  167/201  -43/201   -23/67   89/201   29/201   -83/67   59/201  149/201     7/67   77/201  -85/201   -21/67  143/201  131/201]
[  -33/67 -145/201   -7/201   105/67   17/201  -97/201    -9/67 -175/201 -139/201    27/67   83/201 -133/201    79/67  -13/201  -79/201]
[   13/67  -61/201   23/201   -37/67  -61/201  173/201    63/67  -13/201  -31/201   -89/67   83/201  215/201    43/67 -175/201  107/201]
[   57/67   17/201   47/201   -47/67 -145/201   35/201    -1/67  143/201   71/201    61/67   77/201 -247/201     5/67   59/201 -115/201]
[  -35/67   89/201   65/201    75/67  167/201 -109/201        0        0        0        0        0        0        0        0        0]
Testing obstruction for
m1: 2, m2: 34,a: 0
[      -1  -61/201  -43/201   -49/67   29/201   83/201     5/67  227/201  317/201    95/67  533/201  659/201   221/67  947/201 1109/201]
[  383/67 1469/201 1667/201   447/67 1295/201 1127/201   279/67  827/201  695/201   147/67  467/201  371/201    51/67  215/201  155/201]
[   -9/67   71/201   47/201   -33/67   35/201   47/201   -21/67  107/201  155/201    27/67  287/201  371/201   111/67  575/201  695/201]
[  231/67  971/201 1127/201   387/67 1475/201 1667/201   445/67 1283/201 1109/201   271/67  797/201  659/201   133/67  419/201  317/201]
[   31/67  149/201   83/201   -35/67  -13/201  -43/201   -65/67     -1/3  -61/201   -59/67  -13/201   29/201   -17/67  149/201  227/201]
[   61/67  419/201  533/201   175/67  797/201  947/201   325/67 1283/201 1469/201   511/67 1475/201 1295/201   331/67  971/201  827/201]
[  187/67  575/201  467/201    79/67  287/201  215/201     7/67  107/201   71/201   -29/67   35/201   35/201   -29/67   71/201  107/201]
[    7/67  215/201  287/201    79/67  467/201  575/201   187/67  827/201  971/201   331/67 1295/201 1475/201   511/67 1469/201 1283/201]
[  325/67  947/201  797/201   175/67  533/201  419/201    61/67  227/201  149/201   -17/67   29/201  -13/201   -59/67  -61/201     -1/3]
[  -65/67  -43/201  -13/201   -35/67   83/201  149/201    31/67  317/201  419/201   133/67  659/201  797/201   271/67 1109/201 1283/201]
[  445/67 1667/201 1475/201   387/67 1127/201  971/201   231/67  695/201  575/201   111/67  371/201  287/201    27/67  155/201  107/201]
[  -21/67   47/201   35/201   -33/67   47/201   71/201    -9/67  155/201  215/201    51/67  371/201  467/201   147/67  695/201  827/201]
[  279/67 1127/201 1295/201   447/67 1667/201 1469/201   383/67 1109/201  947/201   221/67  659/201  533/201    95/67  317/201  227/201]
[    5/67   83/201   29/201   -49/67  -43/201  -61/201        0        0        0        0        0        0        0        0        0]
[-61/201, -43/201, -49/67, 29/201, 83/201, 5/67, 227/201, 317/201, 95/67, 533/201, 659/201, 221/67, 947/201, 1109/201, 383/67, 1469/201, 1667/201, 447/67, 1295/201, 1127/201, 279/67, 827/201, 695/201, 147/67, 467/201, 371/201, 51/67, 215/201, 155/201, -9/67, 71/201, 47/201, -33/67, 35/201, 47/201, -21/67, 107/201, 155/201, 27/67, 287/201, 371/201, 111/67, 575/201, 695/201, 231/67, 971/201, 1127/201, 387/67, 1475/201, 1667/201, 445/67, 1283/201, 1109/201, 271/67, 797/201, 659/201, 133/67, 419/201, 317/201, 31/67, 149/201, 83/201, -35/67, -13/201, -43/201, -65/67]
32 [-61/201, -43/201, -49/67, 29/201, 83/201, 5/67, -175/201, -85/201, -39/67, 131/201, -145/201, -47/67, 143/201, -97/201, -19/67, -139/201, 59/201, -89/67, 89/201, -79/201, 11/67, 23/201, -109/201, 13/67, 65/201, -31/201, -83/67, 215/201, -247/201, -9/67, 71/201, 47/201, -33/67, 35/201, 47/201, -21/67, 107/201, -247/201, 27/67, -115/201, -31/201, -23/67, 173/201, -109/201, -37/67, 167/201, -79/201, -15/67, -133/201, 59/201, 43/67, 77/201, -97/201, 3/67, -7/201, -145/201, -1/67, 17/201, -85/201, 31/67, 149/201, 83/201, -35/67, -13/201, -43/201, 69/67]
[-61/201, -43/201, -49/67, 29/201, 83/201, 5/67, 227/201, 317/201, 95/67, 533/201, 659/201, 221/67, 947/201, 1109/201, 383/67, 1469/201, 1667/201, 447/67, 1295/201, 1127/201, 279/67, 827/201, 695/201, 147/67, 467/201, 371/201, 51/67, 215/201, 155/201, -9/67, 71/201, 47/201, -33/67, 35/201, 47/201, -21/67, 107/201, 155/201, 27/67, 287/201, 371/201, 111/67, 575/201, 695/201, 231/67, 971/201, 1127/201, 387/67, 1475/201, 1667/201, 445/67, 1283/201, 1109/201, 271/67, 797/201, 659/201, 133/67, 419/201, 317/201, 31/67, 149/201, 83/201, -35/67, -13/201, -43/201, -65/67]
35 [-61/201, -43/201, -49/67, 29/201, 83/201, 5/67, -175/201, -85/201, -39/67, 131/201, -145/201, -47/67, 143/201, -97/201, -19/67, -139/201, 59/201, -89/67, 89/201, -79/201, 11/67, 23/201, -109/201, 13/67, 65/201, -31/201, -83/67, 215/201, -247/201, -9/67, 71/201, 47/201, -33/67, 35/201, 47/201, -21/67, 107/201, -247/201, 27/67, -115/201, -31/201, -23/67, 173/201, -109/201, -37/67, 167/201, -79/201, -15/67, -133/201, 59/201, 43/67, 77/201, -97/201, 3/67, -7/201, -145/201, -1/67, 17/201, -85/201, 31/67, 149/201, 83/201, -35/67, -13/201, -43/201, 69/67]
Testing obstruction for
m1: 4, m2: 16,a: 2
[      -1 -187/201 -145/201   -25/67   23/201  149/201   101/67  485/201  695/201   177/67  395/201  287/201    69/67  155/201  131/201]
[   45/67  167/201  227/201   105/67  431/201  575/201   249/67  545/201  371/201    75/67  107/201   17/201   -15/67  -79/201  -85/201]
[  -21/67  -13/201   65/201    57/67  305/201  467/201   219/67  473/201  317/201    63/67   89/201   17/201    -9/67  -43/201  -31/201]
[    3/67   77/201  173/201    99/67  449/201  629/201   145/67  269/201  131/201     7/67  -61/201 -115/201   -47/67 -139/201 -109/201]
[  -17/67   35/201  149/201    97/67  461/201  659/201   161/67      5/3  215/201    41/67   59/201   23/201     5/67   35/201   83/201]
[   53/67  263/201  395/201   185/67  743/201  557/201   133/67  269/201  167/201    31/67   47/201   29/201    13/67   77/201  143/201]
[   79/67  359/201  509/201   229/67  491/201  323/201    61/67   71/201  -13/201   -23/67  -97/201  -97/201   -23/67  -13/201   71/201]
[   61/67  323/201  491/201   229/67  509/201  359/201    79/67  143/201   77/201    13/67   29/201   47/201    31/67  167/201  269/201]
[  133/67  557/201  743/201   185/67  395/201  263/201    53/67   83/201   35/201     5/67   23/201   59/201    41/67  215/201      5/3]
[  161/67  659/201  461/201    97/67  149/201   35/201   -17/67 -109/201 -139/201   -47/67 -115/201  -61/201     7/67  131/201  269/201]
[  145/67  629/201  449/201    99/67  173/201   77/201     3/67  -31/201  -43/201    -9/67   17/201   89/201    63/67  317/201  473/201]
[  219/67  467/201  305/201    57/67   65/201  -13/201   -21/67  -85/201  -79/201   -15/67   17/201  107/201    75/67  371/201  545/201]
[  249/67  575/201  431/201   105/67  227/201  167/201    45/67  131/201  155/201    69/67  287/201  395/201   177/67  695/201  485/201]
[  101/67  149/201   23/201   -25/67 -145/201 -187/201        0        0        0        0        0        0        0        0        0]
Testing obstruction for
m1: 8, m2: 12,a: 6
[      -1 -173/201  -89/201    17/67  247/201   97/201     1/67  -35/201  -17/201    19/67  187/201  373/201    71/67  109/201   61/201]
[   23/67  133/201  253/201   143/67  259/201  145/201    29/67   85/201  139/201    83/67  415/201  235/201    37/67   43/201   31/201]
[   25/67  175/201  331/201    47/67    7/201  -71/201   -31/67  -59/201   31/201    59/67  379/201  235/201    49/67  115/201  139/201]
[   73/67  355/201  547/201   131/67  295/201  253/201    89/67  337/201  463/201    81/67   79/201  -29/201   -27/67  -77/201  -17/201]
[   33/67  271/201   97/201    -7/67  -83/201  -89/201   -13/67      1/3  229/201    15/67  -83/201 -155/201   -57/67 -131/201  -35/201]
[   39/67  325/201  187/201    35/67   79/201  109/201    65/67  337/201  535/201   129/67  295/201  259/201    93/67  355/201  487/201]
[   91/67  115/201   13/201   -11/67  -23/201   43/201    55/67  343/201  175/201    21/67    7/201    7/201    21/67  175/201  343/201]
[   55/67   43/201  -23/201   -11/67   13/201  115/201    91/67  487/201  355/201    93/67  259/201  295/201   129/67  535/201  337/201]
[   65/67  109/201   79/201    35/67  187/201  325/201    39/67  -35/201 -131/201   -57/67 -155/201  -83/201    15/67  229/201      1/3]
[  -13/67  -89/201  -83/201    -7/67   97/201  271/201    33/67  -17/201  -77/201   -27/67  -29/201   79/201    81/67  463/201  337/201]
[   89/67  253/201  295/201   131/67  547/201  355/201    73/67  139/201  115/201    49/67  235/201  379/201    59/67   31/201  -59/201]
[  -31/67  -71/201    7/201    47/67  331/201  175/201    25/67   31/201   43/201    37/67  235/201  415/201    83/67  139/201   85/201]
[   29/67  145/201  259/201   143/67  253/201  133/201    23/67   61/201  109/201    71/67  373/201  187/201    19/67  -17/201  -35/201]
[    1/67   97/201  247/201    17/67  -89/201 -173/201        0        0        0        0        0        0        0        0        0]
Testing obstruction for
m1: 18, m2: 18,a: 16
[      -1 -131/201   79/201     9/67  115/201  -59/201   -31/67   13/201  259/201    81/67  367/201  229/201    77/67  373/201  655/201]
[  225/67  835/201  733/201   257/67  547/201  463/201   173/67  313/201  247/201   107/67  133/201   85/201    59/67    7/201  -23/201]
[   29/67  -65/201  -77/201    17/67  -83/201  -77/201    23/67  -47/201  -23/201    47/67   43/201   85/201    89/67  187/201  247/201]
[  149/67  385/201  463/201   227/67  637/201  733/201   189/67  541/201  655/201   169/67  499/201  229/201    33/67  109/201  259/201]
[   49/67  175/201  -59/201   -51/67 -107/201   79/201     1/67      1/3 -131/201   -63/67 -107/201  115/201    25/67  175/201   13/201]
[   -3/67  109/201  367/201   121/67  499/201  373/201   129/67  541/201  835/201   289/67  637/201  547/201   199/67  385/201  313/201]
[  127/67  187/201  133/201    73/67   43/201    7/201    37/67  -47/201  -65/201    19/67  -83/201  -83/201    19/67  -65/201  -47/201]
[   37/67    7/201   43/201    73/67  133/201  187/201   127/67  313/201  385/201   199/67  547/201  637/201   289/67  835/201  541/201]
[  129/67  373/201  499/201   121/67  367/201  109/201    -3/67   13/201  175/201    25/67  115/201 -107/201   -63/67 -131/201      1/3]
[    1/67   79/201 -107/201   -51/67  -59/201  175/201    49/67  259/201  109/201    33/67  229/201  499/201   169/67  655/201  541/201]
[  189/67  733/201  637/201   227/67  463/201  385/201   149/67  247/201  187/201    89/67   85/201   43/201    47/67  -23/201  -47/201]
[   23/67  -77/201  -83/201    17/67  -77/201  -65/201    29/67  -23/201    7/201    59/67   85/201  133/201   107/67  247/201  313/201]
[  173/67  463/201  547/201   257/67  733/201  835/201   225/67  655/201  373/201    77/67  229/201  367/201    81/67  259/201   13/201]
[  -31/67  -59/201  115/201     9/67   79/201 -131/201        0        0        0        0        0        0        0        0        0]
---------------------------
SUCCESS for name = 13a2434
---------------------------
13a2438
Correction terms
[      -1 -293/313 -233/313 -133/313    7/313  187/313 -219/313   41/313 -285/313   55/313 -191/313 -397/313   63/313  -63/313 -149/313]
[-195/313 -201/313 -167/313  -93/313   21/313  175/313 -257/313  -23/313 -375/313  -61/313 -333/313   61/313 -131/313 -283/313 -395/313]
[-467/313  127/313  135/313  183/313  271/313 -227/313  -59/313 -477/313 -229/313   59/313 -239/313  129/313  -89/313 -267/313 -405/313]
[ 123/313   65/313   47/313   69/313  131/313 -393/313 -251/313  -69/313  153/313 -211/313   91/313 -193/313 -437/313  -15/313 -179/313]
[ 323/313  239/313  195/313  191/313 -399/313 -323/313 -207/313  -51/313  145/313 -245/313   31/313 -279/313   77/313 -153/313  283/313]
[ 133/313   23/313  -47/313  -77/313  -67/313  -17/313   73/313  203/313 -253/313  -43/313 -419/313 -129/313  201/313  -55/313  355/313]
[ 179/313   43/313  -53/313 -109/313 -125/313 -101/313  -37/313   67/313 -415/313 -231/313   -7/313  257/313  -65/313  279/313   37/313]
[-165/313 -327/313 -449/313   95/313   53/313   51/313   89/313 -459/313 -341/313 -183/313   15/313  253/313  -95/313  223/313  -45/313]
[-273/313 -461/313   17/313  -91/313 -159/313 -187/313 -175/313 -123/313  -31/313  101/313  273/313 -141/313  111/313 -223/313 -517/313]
[-145/313 -359/313   93/313  -41/313 -135/313 -189/313 -203/313 -177/313 -111/313   -5/313  141/313 -299/313  -73/313 -433/313 -127/313]
[-407/313  -21/313 -221/313 -381/313  125/313   45/313    5/313    5/313   45/313  125/313 -381/313 -221/313  -21/313 -407/313 -127/313]
[-433/313  -73/313 -299/313  141/313   -5/313 -111/313 -177/313 -203/313 -189/313 -135/313  -41/313   93/313 -359/313 -145/313 -517/313]
[-223/313  111/313 -141/313  273/313  101/313  -31/313 -123/313 -175/313 -187/313 -159/313  -91/313   17/313 -461/313 -273/313  -45/313]
[ 223/313  -95/313  253/313   15/313 -183/313 -341/313 -459/313   89/313   51/313   53/313   95/313 -449/313 -327/313 -165/313   37/313]
[ 279/313  -65/313  257/313   -7/313 -231/313 -415/313   67/313  -37/313 -101/313 -125/313 -109/313  -53/313   43/313  179/313  355/313]
[ -55/313  201/313 -129/313 -419/313  -43/313 -253/313  203/313   73/313  -17/313  -67/313  -77/313  -47/313   23/313  133/313  283/313]
[-153/313   77/313 -279/313   31/313 -245/313  145/313  -51/313 -207/313 -323/313 -399/313  191/313  195/313  239/313  323/313 -179/313]
[ -15/313 -437/313 -193/313   91/313 -211/313  153/313  -69/313 -251/313 -393/313  131/313   69/313   47/313   65/313  123/313 -405/313]
[-267/313  -89/313  129/313 -239/313   59/313 -229/313 -477/313  -59/313 -227/313  271/313  183/313  135/313  127/313 -467/313 -395/313]
[-283/313 -131/313   61/313 -333/313  -61/313 -375/313  -23/313 -257/313  175/313   21/313  -93/313 -167/313 -201/313 -195/313 -149/313]
[ -63/313   63/313 -397/313 -191/313   55/313 -285/313   41/313 -219/313  187/313    7/313 -133/313 -233/313 -293/313        0        0]
Testing obstruction for
m1: 4, m2: 24,a: 2
[      -1 -299/313 -257/313 -187/313  -89/313   37/313  191/313  373/313  583/313  821/313 1087/313 1381/313 1703/313 1427/313 1179/313]
[ 959/313  767/313  603/313  467/313  359/313  279/313  227/313  203/313  207/313  239/313  299/313  387/313  503/313  647/313  819/313]
[1019/313 1247/313 1503/313 1787/313 1473/313 1187/313  929/313  699/313  497/313  323/313  177/313   59/313  -31/313  -93/313 -127/313]
[-133/313 -111/313  -61/313   17/313  123/313  257/313  419/313  609/313  827/313 1073/313 1347/313 1649/313 1353/313 1085/313  845/313]
[ 633/313  449/313  293/313  165/313   65/313   -7/313  -51/313  -67/313  -55/313  -15/313   53/313  149/313  273/313  425/313  605/313]
[ 813/313 1049/313 1313/313 1605/313 1299/313 1021/313  771/313  549/313  355/313  189/313   51/313  -59/313 -141/313 -195/313 -221/313]
[-219/313 -189/313 -131/313  -45/313   69/313  211/313  381/313  579/313  805/313 1059/313 1341/313 1651/313 1363/313 1103/313  871/313]
[ 667/313  491/313  343/313  223/313  131/313   67/313   31/313   23/313   43/313   91/313  167/313  271/313  403/313  563/313  751/313]
[ 967/313 1211/313 1483/313 1783/313 1485/313 1215/313  973/313  759/313  573/313  415/313  285/313  183/313  109/313   63/313   45/313]
[  55/313   93/313  159/313  253/313  375/313  525/313  703/313  909/313 1143/313 1405/313 1695/313 1387/313 1107/313  855/313  631/313]
[ 435/313  267/313  127/313   15/313  -69/313 -125/313 -153/313 -153/313 -125/313  -69/313   15/313  127/313  267/313  435/313  631/313]
[ 855/313 1107/313 1387/313 1695/313 1405/313 1143/313  909/313  703/313  525/313  375/313  253/313  159/313   93/313   55/313   45/313]
[  63/313  109/313  183/313  285/313  415/313  573/313  759/313  973/313 1215/313 1485/313 1783/313 1483/313 1211/313  967/313  751/313]
[ 563/313  403/313  271/313  167/313   91/313   43/313   23/313   31/313   67/313  131/313  223/313  343/313  491/313  667/313  871/313]
[1103/313 1363/313 1651/313 1341/313 1059/313  805/313  579/313  381/313  211/313   69/313  -45/313 -131/313 -189/313 -219/313 -221/313]
[-195/313 -141/313  -59/313   51/313  189/313  355/313  549/313  771/313 1021/313 1299/313 1605/313 1313/313 1049/313  813/313  605/313]
[ 425/313  273/313  149/313   53/313  -15/313  -55/313  -67/313  -51/313   -7/313   65/313  165/313  293/313  449/313  633/313  845/313]
[1085/313 1353/313 1649/313 1347/313 1073/313  827/313  609/313  419/313  257/313  123/313   17/313  -61/313 -111/313 -133/313 -127/313]
[ -93/313  -31/313   59/313  177/313  323/313  497/313  699/313  929/313 1187/313 1473/313 1787/313 1503/313 1247/313 1019/313  819/313]
[ 647/313  503/313  387/313  299/313  239/313  207/313  203/313  227/313  279/313  359/313  467/313  603/313  767/313  959/313 1179/313]
[1427/313 1703/313 1381/313 1087/313  821/313  583/313  373/313  191/313   37/313  -89/313 -187/313 -257/313 -299/313        0        0]
Unobstructed
146
---------------------------
---------------------------
