12a1084
Correction terms
[      -1 -191/145  -39/145   21/145  -11/145   -27/29  -61/145  -79/145 -189/145 -101/145   -21/29 -201/145  -99/145  -89/145 -171/145]
[  -11/29  -31/145  -99/145   31/145   69/145     3/29 -131/145  -79/145 -119/145 -251/145   -37/29 -211/145  -39/145   41/145      1/5]
[  -15/29   19/145   21/145  -69/145   39/145    11/29  -21/145 -189/145 -159/145 -221/145   -17/29  -41/145  -89/145   61/145  119/145]
[   17/29  -41/145   31/145   11/145 -101/145    -3/29  -21/145 -119/145  -19/145  -11/145   -19/29   19/145   41/145     -1/5   99/145]
[   27/29   79/145  -69/145  -19/145  -61/145   -39/29 -131/145 -159/145   11/145   89/145    15/29  -31/145   61/145   61/145  -31/145]
[   15/29   89/145   11/145 -159/145 -131/145   -39/29  -61/145  -19/145  -69/145   79/145    27/29   99/145     -1/5   41/145   19/145]
[  -19/29  -11/145  -19/145 -119/145  -21/145    -3/29 -101/145   11/145   31/145  -41/145    17/29  119/145   61/145  -89/145  -41/145]
[  -17/29 -221/145 -159/145 -189/145  -21/145    11/29   39/145  -69/145   21/145   19/145   -15/29      1/5   41/145  -39/145 -211/145]
[  -37/29 -251/145 -119/145  -79/145 -131/145     3/29   69/145   31/145  -99/145  -31/145   -11/29 -171/145  -89/145  -99/145 -201/145]
[  -21/29 -101/145 -189/145  -79/145  -61/145   -27/29  -11/145   21/145  -39/145 -191/145        0        0        0        0        0]
Testing obstruction for
m1: 4, m2: 12,a: 2
[      -1 -131/145  -89/145  -19/145   79/145    41/29  359/145  251/145  171/145  119/145    19/29   99/145  131/145  191/145  279/145]
[   79/29  249/145  131/145   41/145  -21/145   -11/29  -61/145  -39/145   11/145   89/145    39/29  329/145  201/145  101/145      1/5]
[   -3/29  -31/145  -19/145   21/145   89/145    37/29  309/145  171/145   61/145  -21/145   -15/29 -101/145  -99/145  -69/145  -11/145]
[   15/29  189/145  331/145  211/145  119/145    11/29   19/145   11/145   31/145   79/145    31/29  259/145  391/145      9/5  159/145]
[   17/29   39/145   21/145   31/145   69/145    27/29  229/145  351/145  211/145   99/145     3/29  -41/145  -69/145  -69/145  -41/145]
[    3/29   99/145  211/145  351/145  229/145    27/29   69/145   31/145   21/145   39/145    17/29  159/145      9/5  391/145  259/145]
[   31/29   79/145   31/145   11/145   19/145    11/29  119/145  211/145  331/145  189/145    15/29  -11/145  -69/145  -99/145 -101/145]
[  -15/29  -21/145   61/145  171/145  309/145    37/29   89/145   21/145  -19/145  -31/145    -3/29      1/5  101/145  201/145  329/145]
[   39/29   89/145   11/145  -39/145  -61/145   -11/29  -21/145   41/145  131/145  249/145    79/29  279/145  191/145  131/145   99/145]
[   19/29  119/145  171/145  251/145  359/145    41/29   79/145  -19/145  -89/145 -131/145        0        0        0        0        0]
Unobstructed
21
---------------------------
---------------------------
12a1089
Correction terms
[      -1 -287/157  -49/157  -71/157  -39/157   47/157 -127/157   67/157    1/157  -11/157   31/157 -187/157  -37/157 -147/157 -203/157]
[-205/157 -153/157  -47/157 -201/157   13/157  -33/157  -25/157   37/157 -161/157    9/157  -81/157 -117/157  -99/157  -27/157 -215/157]
[ -35/157 -115/157 -141/157 -113/157  -31/157 -209/157  -19/157  -89/157 -105/157  -67/157   25/157 -143/157   57/157   -3/157   -9/157]
[  39/157 -173/157  -17/157 -121/157 -171/157 -167/157 -109/157    3/157 -145/157   75/157   35/157   49/157  117/157  -75/157  101/157]
[  17/157  -13/157   11/157 -225/157  -93/157 -221/157   19/157   -1/157   33/157  121/157  -51/157  145/157   81/157   71/157  115/157]
[-101/157   51/157  -57/157 -111/157 -111/157  -57/157   51/157 -101/157  115/157   71/157   81/157  145/157  -51/157  121/157   33/157]
[  -1/157   19/157 -221/157  -93/157 -225/157   11/157  -13/157   17/157  101/157  -75/157  117/157   49/157   35/157   75/157 -145/157]
[   3/157 -109/157 -167/157 -171/157 -121/157  -17/157 -173/157   39/157   -9/157   -3/157   57/157 -143/157   25/157  -67/157 -105/157]
[ -89/157  -19/157 -209/157  -31/157 -113/157 -141/157 -115/157  -35/157 -215/157  -27/157  -99/157 -117/157  -81/157    9/157 -161/157]
[  37/157  -25/157  -33/157   13/157 -201/157  -47/157 -153/157 -205/157 -203/157 -147/157  -37/157 -187/157   31/157  -11/157    1/157]
[  67/157 -127/157   47/157  -39/157  -71/157  -49/157 -287/157        0        0        0        0        0        0        0        0]
Testing obstruction for
m1: 4, m2: 12,a: 1
[      -1 -143/157 -101/157  -31/157   67/157  193/157  347/157  215/157  111/157   35/157  -13/157  -33/157  -25/157   11/157   75/157]
[ 167/157  287/157  435/157  297/157  187/157  105/157   51/157   25/157   27/157   57/157  115/157  201/157  315/157  457/157  313/157]
[ 197/157  109/157   49/157   17/157   13/157   37/157   89/157  169/157  277/157  413/157  263/157  141/157   47/157  -19/157  -57/157]
[ -67/157  -49/157   -3/157   71/157  173/157  303/157  461/157  333/157  233/157  161/157  117/157  101/157  113/157  153/157  221/157]
[ 317/157  441/157  279/157  145/157   39/157  -39/157  -89/157 -111/157 -105/157  -71/157   -9/157   81/157  199/157  345/157  205/157]
[  93/157    9/157  -47/157  -75/157  -75/157  -47/157    9/157   93/157  205/157  345/157  199/157   81/157   -9/157  -71/157 -105/157]
[-111/157  -89/157  -39/157   39/157  145/157  279/157  441/157  317/157  221/157  153/157  113/157  101/157  117/157  161/157  233/157]
[ 333/157  461/157  303/157  173/157   71/157   -3/157  -49/157  -67/157  -57/157  -19/157   47/157  141/157  263/157  413/157  277/157]
[ 169/157   89/157   37/157   13/157   17/157   49/157  109/157  197/157  313/157  457/157  315/157  201/157  115/157   57/157   27/157]
[  25/157   51/157  105/157  187/157  297/157  435/157  287/157  167/157   75/157   11/157  -25/157  -33/157  -13/157   35/157  111/157]
[ 215/157  347/157  193/157   67/157  -31/157 -101/157 -143/157        0        0        0        0        0        0        0        0]
Unobstructed
41
---------------------------
---------------------------
12a1099
Correction terms
[      -1 -207/217 -177/217 -127/217  -57/217   33/217  143/217   -23/31  -11/217  159/217  -85/217  125/217  -79/217  171/217     1/31]
[-137/217  173/217   69/217  -15/217  -79/217 -123/217   -21/31 -151/217 -135/217  -99/217  -43/217   33/217 -305/217   -27/31  -53/217]
[ 103/217     -5/7   41/217  257/217   59/217   -17/31  157/217   19/217  -99/217 -197/217  159/217  101/217     9/31   45/217   47/217]
[  69/217 -323/217 -261/217 -179/217   -11/31   45/217 -247/217  -85/217   97/217 -135/217   87/217   -15/31  157/217    5/217 -127/217]
[ 195/217  103/217      1/7    -3/31  -53/217  -65/217  -57/217  -29/217   19/217   87/217   -37/31 -151/217  -23/217 -309/217 -141/217]
[  47/217 -179/217     7/31 -137/217  131/217  -15/217 -141/217  187/217  101/217     5/31  -11/217  -37/217  -43/217  -29/217    5/217]
[  59/217    19/31 -207/217     -3/7   41/217 -239/217  -65/217 -305/217   -13/31  143/217  -37/217 -197/217   97/217  -23/217 -123/217]
[  -29/31  171/217  131/217  111/217  111/217  131/217  171/217   -29/31 -123/217  -23/217   97/217 -197/217  -37/217  143/217   -13/31]
[-305/217  -65/217 -239/217   41/217     -3/7 -207/217    19/31   59/217    5/217  -29/217  -43/217  -37/217  -11/217     5/31  101/217]
[ 187/217 -141/217  -15/217  131/217 -137/217     7/31 -179/217   47/217 -141/217 -309/217  -23/217 -151/217   -37/31   87/217   19/217]
[ -29/217  -57/217  -65/217  -53/217    -3/31      1/7  103/217  195/217 -127/217    5/217  157/217   -15/31   87/217 -135/217   97/217]
[ -85/217 -247/217   45/217   -11/31 -179/217 -261/217 -323/217   69/217   47/217   45/217     9/31  101/217  159/217 -197/217  -99/217]
[  19/217  157/217   -17/31   59/217  257/217   41/217     -5/7  103/217  -53/217   -27/31 -305/217   33/217  -43/217  -99/217 -135/217]
[-151/217   -21/31 -123/217  -79/217  -15/217   69/217  173/217 -137/217     1/31  171/217  -79/217  125/217  -85/217  159/217  -11/217]
[  -23/31  143/217   33/217  -57/217 -127/217 -177/217 -207/217        0        0        0        0        0        0        0        0]
Testing obstruction for
m1: 4, m2: 16,a: 0
[      -1 -141/217   87/217   33/217  131/217  381/217  349/217    67/31  741/217  731/217  439/217  299/217  311/217   41/217   -11/31]
[ -43/217  143/217   47/217  103/217  311/217  237/217    45/31  545/217  927/217  593/217  411/217  381/217   69/217   -13/31  -99/217]
[  45/217     -3/7  -79/217   87/217  -29/217     1/31  195/217  535/217  593/217  803/217  731/217  377/217    25/31  125/217  227/217]
[  47/217   19/217  143/217  -15/217    -3/31  125/217  423/217  439/217  607/217  927/217  531/217    41/31  195/217  255/217   33/217]
[ -37/217   45/217     -5/7   -29/31  -99/217  157/217  131/217  257/217  535/217  531/217    97/31  545/217  563/217  299/217  187/217]
[ 227/217  -15/217   -15/31  -43/217  171/217  103/217  187/217  423/217  377/217    69/31  741/217  717/217  411/217  257/217  255/217]
[ -29/217   -23/31 -141/217      1/7  -79/217  -37/217  157/217   69/217    19/31  349/217  717/217  803/217  607/217  563/217  237/217]
[    9/31   41/217  171/217   19/217   19/217  171/217   41/217     9/31  237/217  563/217  607/217  803/217  717/217  349/217    19/31]
[  69/217  157/217  -37/217  -79/217      1/7 -141/217   -23/31  -29/217  255/217  257/217  411/217  717/217  741/217    69/31  377/217]
[ 423/217  187/217  103/217  171/217  -43/217   -15/31  -15/217  227/217  187/217  299/217  563/217  545/217    97/31  531/217  535/217]
[ 257/217  131/217  157/217  -99/217   -29/31     -5/7   45/217  -37/217   33/217  255/217  195/217    41/31  531/217  927/217  607/217]
[ 439/217  423/217  125/217    -3/31  -15/217  143/217   19/217   47/217  227/217  125/217    25/31  377/217  731/217  803/217  593/217]
[ 535/217  195/217     1/31  -29/217   87/217  -79/217     -3/7   45/217  -99/217   -13/31   69/217  381/217  411/217  593/217  927/217]
[ 545/217    45/31  237/217  311/217  103/217   47/217  143/217  -43/217   -11/31   41/217  311/217  299/217  439/217  731/217  741/217]
[   67/31  349/217  381/217  131/217   33/217   87/217 -141/217        0        0        0        0        0        0        0        0]
Unobstructed
74
---------------------------
---------------------------
12a1107
Correction terms
[      -1   39/113   43/113 -101/113 -167/113 -155/113  -65/113 -123/113 -103/113   -5/113  -55/113  -27/113   79/113   37/113 -153/113]
[ -39/113  -73/113  -29/113 -133/113 -159/113 -107/113 -203/113    5/113   65/113  -23/113  -33/113   35/113  -45/113  -47/113 -197/113]
[ -43/113  -37/113 -179/113  -17/113   -3/113 -137/113   33/113   55/113  -71/113 -119/113  -89/113   19/113  -21/113 -209/113  -93/113]
[-125/113  -79/113   45/113   21/113 -151/113  -19/113  -35/113   27/113  -59/113  -67/113    3/113  -75/113  -75/113    3/113  -67/113]
[ -59/113   27/113  -35/113  -19/113 -151/113   21/113   45/113  -79/113 -125/113  -93/113 -209/113  -21/113   19/113  -89/113 -119/113]
[ -71/113   55/113   33/113 -137/113   -3/113  -17/113 -179/113  -37/113  -43/113 -197/113  -47/113  -45/113   35/113  -33/113  -23/113]
[  65/113    5/113 -203/113 -107/113 -159/113 -133/113  -29/113  -73/113  -39/113 -153/113   37/113   79/113  -27/113  -55/113   -5/113]
[-103/113 -123/113  -65/113 -155/113 -167/113 -101/113   43/113   39/113        0        0        0        0        0        0        0]
Testing obstruction for
m1: 2, m2: 20,a: 1
[      -1 -107/113  -89/113  -59/113  -17/113   37/113  103/113  181/113  271/113  373/113  487/113  387/113  299/113  223/113  159/113]
[ 107/113   67/113   39/113   23/113   19/113   27/113   47/113   79/113  123/113  179/113  247/113  327/113  419/113  523/113  413/113]
[ 315/113  229/113  155/113   93/113   43/113    5/113  -21/113  -35/113  -37/113  -27/113   -5/113   29/113   75/113  133/113  203/113]
[ 285/113  379/113  485/113  377/113  281/113  197/113  125/113   65/113   17/113  -19/113  -43/113  -55/113  -55/113  -43/113  -19/113]
[  17/113   65/113  125/113  197/113  281/113  377/113  485/113  379/113  285/113  203/113  133/113   75/113   29/113   -5/113  -27/113]
[ -37/113  -35/113  -21/113    5/113   43/113   93/113  155/113  229/113  315/113  413/113  523/113  419/113  327/113  247/113  179/113]
[ 123/113   79/113   47/113   27/113   19/113   23/113   39/113   67/113  107/113  159/113  223/113  299/113  387/113  487/113  373/113]
[ 271/113  181/113  103/113   37/113  -17/113  -59/113  -89/113 -107/113        0        0        0        0        0        0        0]
Unobstructed
20
---------------------------
---------------------------
12a1159
Correction terms
[      -1   37/113   35/113  107/113   27/113   21/113 -137/113    5/113   -5/113   59/113  -29/113  -43/113 -209/113  -75/113  -93/113]
[ -37/113 -133/113 -155/113 -103/113   23/113   -3/113   45/113  -59/113  -89/113  -45/113   73/113   39/113   79/113  -33/113  -71/113]
[ -35/113   75/113   33/113   65/113  -55/113 -101/113  -73/113   29/113  -21/113    3/113 -125/113 -179/113 -159/113  -65/113 -123/113]
[-107/113  -17/113  -79/113  -67/113   19/113  -47/113  -39/113   43/113  -27/113  -23/113   55/113  -19/113  -19/113   55/113  -23/113]
[ -27/113   43/113  -39/113  -47/113   19/113  -67/113  -79/113  -17/113 -107/113 -123/113  -65/113 -159/113 -179/113 -125/113    3/113]
[ -21/113   29/113  -73/113 -101/113  -55/113   65/113   33/113   75/113  -35/113  -71/113  -33/113   79/113   39/113   73/113  -45/113]
[ -89/113  -59/113   45/113   -3/113   23/113 -103/113 -155/113 -133/113  -37/113  -93/113  -75/113 -209/113  -43/113  -29/113   59/113]
[  -5/113    5/113 -137/113   21/113   27/113  107/113   35/113   37/113        0        0        0        0        0        0        0]
Testing obstruction for
m1: 2, m2: 20,a: 1
[      -1 -107/113  -89/113  -59/113  -17/113   37/113  103/113  181/113  271/113  373/113  487/113  387/113  299/113  223/113  159/113]
[ 107/113   67/113   39/113   23/113   19/113   27/113   47/113   79/113  123/113  179/113  247/113  327/113  419/113  523/113  413/113]
[ 315/113  229/113  155/113   93/113   43/113    5/113  -21/113  -35/113  -37/113  -27/113   -5/113   29/113   75/113  133/113  203/113]
[ 285/113  379/113  485/113  377/113  281/113  197/113  125/113   65/113   17/113  -19/113  -43/113  -55/113  -55/113  -43/113  -19/113]
[  17/113   65/113  125/113  197/113  281/113  377/113  485/113  379/113  285/113  203/113  133/113   75/113   29/113   -5/113  -27/113]
[ -37/113  -35/113  -21/113    5/113   43/113   93/113  155/113  229/113  315/113  413/113  523/113  419/113  327/113  247/113  179/113]
[ 123/113   79/113   47/113   27/113   19/113   23/113   39/113   67/113  107/113  159/113  223/113  299/113  387/113  487/113  373/113]
[ 271/113  181/113  103/113   37/113  -17/113  -59/113  -89/113 -107/113        0        0        0        0        0        0        0]
Unobstructed
45
---------------------------
---------------------------
