13a629
Correction terms
[      -1 -591/449 -119/449   69/449  -27/449 -407/449 -173/449 -223/449 -557/449 -277/449 -281/449 -569/449 -243/449 -201/449 -443/449]
[ -71/449   17/449 -179/449  239/449 -525/449 -675/449 -211/449  -31/449 -135/449  375/449 -297/449 -355/449  201/449 -425/449 -437/449]
[ 165/449 -415/449 -381/449  267/449 -267/449 -187/449  507/449   19/449  145/449  -13/449 -455/449 -283/449  503/449  107/449  325/449]
[ 259/449  -91/449  173/449  153/449 -151/449  159/449  185/449  -73/449  283/449  355/449  143/449  545/449 -235/449 -401/449   47/449]
[ 211/449   91/449  585/449 -103/449 -177/449  363/449 -279/449 -307/449  279/449 -317/449 -299/449  333/449 -217/449 -153/449  525/449]
[  21/449  131/449  -43/449 -501/449 -345/449  425/449   13/449  215/449  133/449 -233/449   15/449  -21/449 -341/449  -47/449  -37/449]
[-311/449   29/449   85/449 -143/449  243/449  345/449  163/449 -303/449 -155/449 -291/449  187/449  381/449  291/449  -83/449  157/449]
[ 113/449 -215/449   71/449   73/449 -209/449  123/449  171/449  -65/449  313/449  407/449  217/449 -257/449 -117/449 -261/449  209/449]
[ 395/449  297/449  -85/449  147/449   95/449 -241/449   37/449   31/449 -259/449   65/449  105/449 -139/449  231/449  317/449  119/449]
[-363/449 -231/449 -383/449   79/449  257/449  151/449 -239/449  -15/449  -75/449 -419/449 -149/449 -163/449 -461/449 -145/449 -113/449]
[-365/449   -3/449   75/449 -131/449  277/449 -497/449 -657/449 -203/449  -33/449 -147/449  353/449 -329/449 -397/449  149/449 -487/449]
[-509/449   83/449 -507/449 -483/449  155/449 -389/449 -319/449  365/449 -133/449  -17/449 -185/449 -637/449 -475/449  301/449 -105/449]
[ 103/449   27/449 -333/449  -79/449 -109/449 -423/449 -123/449 -107/449 -375/449  -29/449   33/449 -189/449  203/449  311/449  135/449]
[-325/449 -171/449 -301/449  183/449  383/449  299/449  -69/449  177/449  139/449 -183/449  109/449  117/449 -159/449  179/449  233/449]
[   3/449  387/449  487/449  303/449 -165/449  -19/449 -157/449  319/449  511/449  419/449   43/449  281/449  235/449  -95/449  189/449]
[ 189/449  -95/449  235/449  281/449   43/449  419/449  511/449  319/449 -157/449  -19/449 -165/449  303/449  487/449  387/449    3/449]
[ 233/449  179/449 -159/449  117/449  109/449 -183/449  139/449  177/449  -69/449  299/449  383/449  183/449 -301/449 -171/449 -325/449]
[ 135/449  311/449  203/449 -189/449   33/449  -29/449 -375/449 -107/449 -123/449 -423/449 -109/449  -79/449 -333/449   27/449  103/449]
[-105/449  301/449 -475/449 -637/449 -185/449  -17/449 -133/449  365/449 -319/449 -389/449  155/449 -483/449 -507/449   83/449 -509/449]
[-487/449  149/449 -397/449 -329/449  353/449 -147/449  -33/449 -203/449 -657/449 -497/449  277/449 -131/449   75/449   -3/449 -365/449]
[-113/449 -145/449 -461/449 -163/449 -149/449 -419/449  -75/449  -15/449 -239/449  151/449  257/449   79/449 -383/449 -231/449 -363/449]
[ 119/449  317/449  231/449 -139/449  105/449   65/449 -259/449   31/449   37/449 -241/449   95/449  147/449  -85/449  297/449  395/449]
[ 209/449 -261/449 -117/449 -257/449  217/449  407/449  313/449  -65/449  171/449  123/449 -209/449   73/449   71/449 -215/449  113/449]
[ 157/449  -83/449  291/449  381/449  187/449 -291/449 -155/449 -303/449  163/449  345/449  243/449 -143/449   85/449   29/449 -311/449]
[ -37/449  -47/449 -341/449  -21/449   15/449 -233/449  133/449  215/449   13/449  425/449 -345/449 -501/449  -43/449  131/449   21/449]
[ 525/449 -153/449 -217/449  333/449 -299/449 -317/449  279/449 -307/449 -279/449  363/449 -177/449 -103/449  585/449   91/449  211/449]
[  47/449 -401/449 -235/449  545/449  143/449  355/449  283/449  -73/449  185/449  159/449 -151/449  153/449  173/449  -91/449  259/449]
[ 325/449  107/449  503/449 -283/449 -455/449  -13/449  145/449   19/449  507/449 -187/449 -267/449  267/449 -381/449 -415/449  165/449]
[-437/449 -425/449  201/449 -355/449 -297/449  375/449 -135/449  -31/449 -211/449 -675/449 -525/449  239/449 -179/449   17/449  -71/449]
[-443/449 -201/449 -243/449 -569/449 -281/449 -277/449 -557/449 -223/449 -173/449 -407/449  -27/449   69/449 -119/449 -591/449        0]
Testing obstruction for
m1: 2, m2: 76,a: 1
[      -1 -443/449 -425/449 -395/449 -353/449 -299/449 -233/449 -155/449  -65/449   37/449  151/449  277/449  415/449  565/449  727/449]
[ 901/449 1087/449 1285/449 1495/449 1717/449 1951/449 2197/449 2455/449 2725/449 3007/449 3301/449 3607/449 3925/449 4255/449 4597/449]
[4951/449 5317/449 5695/449 6085/449 6487/449 6901/449 7327/449 7765/449 8215/449 7779/449 7355/449 6943/449 6543/449 6155/449 5779/449]
[5415/449 5063/449 4723/449 4395/449 4079/449 3775/449 3483/449 3203/449 2935/449 2679/449 2435/449 2203/449 1983/449 1775/449 1579/449]
[1395/449 1223/449 1063/449  915/449  779/449  655/449  543/449  443/449  355/449  279/449  215/449  163/449  123/449   95/449   79/449]
[  75/449   83/449  103/449  135/449  179/449  235/449  303/449  383/449  475/449  579/449  695/449  823/449  963/449 1115/449 1279/449]
[1455/449 1643/449 1843/449 2055/449 2279/449 2515/449 2763/449 3023/449 3295/449 3579/449 3875/449 4183/449 4503/449 4835/449 5179/449]
[5535/449 5903/449 6283/449 6675/449 7079/449 7495/449 7923/449 8363/449 7917/449 7483/449 7061/449 6651/449 6253/449 5867/449 5493/449]
[5131/449 4781/449 4443/449 4117/449 3803/449 3501/449 3211/449 2933/449 2667/449 2413/449 2171/449 1941/449 1723/449 1517/449 1323/449]
[1141/449  971/449  813/449  667/449  533/449  411/449  301/449  203/449  117/449   43/449  -19/449  -69/449 -107/449 -133/449 -147/449]
[-149/449 -139/449 -117/449  -83/449  -37/449   21/449   91/449  173/449  267/449  373/449  491/449  621/449  763/449  917/449 1083/449]
[1261/449 1451/449 1653/449 1867/449 2093/449 2331/449 2581/449 2843/449 3117/449 3403/449 3701/449 4011/449 4333/449 4667/449 5013/449]
[5371/449 5741/449 6123/449 6517/449 6923/449 7341/449 7771/449 8213/449 7769/449 7337/449 6917/449 6509/449 6113/449 5729/449 5357/449]
[4997/449 4649/449 4313/449 3989/449 3677/449 3377/449 3089/449 2813/449 2549/449 2297/449 2057/449 1829/449 1613/449 1409/449 1217/449]
[1037/449  869/449  713/449  569/449  437/449  317/449  209/449  113/449   29/449  -43/449 -103/449 -151/449 -187/449 -211/449 -223/449]
[-223/449 -211/449 -187/449 -151/449 -103/449  -43/449   29/449  113/449  209/449  317/449  437/449  569/449  713/449  869/449 1037/449]
[1217/449 1409/449 1613/449 1829/449 2057/449 2297/449 2549/449 2813/449 3089/449 3377/449 3677/449 3989/449 4313/449 4649/449 4997/449]
[5357/449 5729/449 6113/449 6509/449 6917/449 7337/449 7769/449 8213/449 7771/449 7341/449 6923/449 6517/449 6123/449 5741/449 5371/449]
[5013/449 4667/449 4333/449 4011/449 3701/449 3403/449 3117/449 2843/449 2581/449 2331/449 2093/449 1867/449 1653/449 1451/449 1261/449]
[1083/449  917/449  763/449  621/449  491/449  373/449  267/449  173/449   91/449   21/449  -37/449  -83/449 -117/449 -139/449 -149/449]
[-147/449 -133/449 -107/449  -69/449  -19/449   43/449  117/449  203/449  301/449  411/449  533/449  667/449  813/449  971/449 1141/449]
[1323/449 1517/449 1723/449 1941/449 2171/449 2413/449 2667/449 2933/449 3211/449 3501/449 3803/449 4117/449 4443/449 4781/449 5131/449]
[5493/449 5867/449 6253/449 6651/449 7061/449 7483/449 7917/449 8363/449 7923/449 7495/449 7079/449 6675/449 6283/449 5903/449 5535/449]
[5179/449 4835/449 4503/449 4183/449 3875/449 3579/449 3295/449 3023/449 2763/449 2515/449 2279/449 2055/449 1843/449 1643/449 1455/449]
[1279/449 1115/449  963/449  823/449  695/449  579/449  475/449  383/449  303/449  235/449  179/449  135/449  103/449   83/449   75/449]
[  79/449   95/449  123/449  163/449  215/449  279/449  355/449  443/449  543/449  655/449  779/449  915/449 1063/449 1223/449 1395/449]
[1579/449 1775/449 1983/449 2203/449 2435/449 2679/449 2935/449 3203/449 3483/449 3775/449 4079/449 4395/449 4723/449 5063/449 5415/449]
[5779/449 6155/449 6543/449 6943/449 7355/449 7779/449 8215/449 7765/449 7327/449 6901/449 6487/449 6085/449 5695/449 5317/449 4951/449]
[4597/449 4255/449 3925/449 3607/449 3301/449 3007/449 2725/449 2455/449 2197/449 1951/449 1717/449 1495/449 1285/449 1087/449  901/449]
[ 727/449  565/449  415/449  277/449  151/449   37/449  -65/449 -155/449 -233/449 -299/449 -353/449 -395/449 -425/449 -443/449        0]
[-443/449, -425/449, -395/449]
14 [-443/449, -425/449, 503/449]
Testing obstruction for
m1: 8, m2: 16,a: 2
[      -1 -419/449 -329/449 -179/449   31/449  301/449  631/449 1021/449 1471/449 1083/449  755/449  487/449  279/449  131/449   43/449]
[  15/449   47/449  139/449  291/449  503/449  775/449 1107/449 1499/449 1951/449 1565/449 1239/449  973/449  767/449  621/449  535/449]
[ 509/449  543/449  637/449  791/449 1005/449 1279/449 1613/449 2007/449 1563/449 1179/449  855/449  591/449  387/449  243/449  159/449]
[ 135/449  171/449  267/449  423/449  639/449  915/449 1251/449 1647/449 1205/449  823/449  501/449  239/449   37/449 -105/449 -187/449]
[-209/449 -171/449  -73/449   85/449  303/449  581/449  919/449 1317/449 1775/449 1395/449 1075/449  815/449  615/449  475/449  395/449]
[ 375/449  415/449  515/449  675/449  895/449 1175/449 1515/449 1915/449 1477/449 1099/449  781/449  523/449  325/449  187/449  109/449]
[  91/449  133/449  235/449  397/449  619/449  901/449 1243/449 1645/449 1209/449  833/449  517/449  261/449   65/449  -71/449 -147/449]
[-163/449 -119/449  -15/449  149/449  373/449  657/449 1001/449 1405/449  971/449  597/449  283/449   29/449 -165/449 -299/449 -373/449]
[-387/449 -341/449 -235/449  -69/449  157/449  443/449  789/449 1195/449 1661/449 1289/449  977/449  725/449  533/449  401/449  329/449]
[ 317/449  365/449  473/449  641/449  869/449 1157/449 1505/449 1913/449 1483/449 1113/449  803/449  553/449  363/449  233/449  163/449]
[ 153/449  203/449  313/449  483/449  713/449 1003/449 1353/449 1763/449 1335/449  967/449  659/449  411/449  223/449   95/449   27/449]
[  19/449   71/449  183/449  355/449  587/449  879/449 1231/449 1643/449 1217/449  851/449  545/449  299/449  113/449  -13/449  -79/449]
[ -85/449  -31/449   83/449  257/449  491/449  785/449 1139/449 1553/449 2027/449 1663/449 1359/449 1115/449  931/449  807/449  743/449]
[ 739/449  795/449  911/449 1087/449 1323/449 1619/449 1975/449 1493/449 1071/449  709/449  407/449  165/449  -17/449 -139/449 -201/449]
[-203/449 -145/449  -27/449  151/449  389/449  687/449 1045/449 1463/449 1043/449  683/449  383/449  143/449  -37/449 -157/449 -217/449]
[-217/449 -157/449  -37/449  143/449  383/449  683/449 1043/449 1463/449 1045/449  687/449  389/449  151/449  -27/449 -145/449 -203/449]
[-201/449 -139/449  -17/449  165/449  407/449  709/449 1071/449 1493/449 1975/449 1619/449 1323/449 1087/449  911/449  795/449  739/449]
[ 743/449  807/449  931/449 1115/449 1359/449 1663/449 2027/449 1553/449 1139/449  785/449  491/449  257/449   83/449  -31/449  -85/449]
[ -79/449  -13/449  113/449  299/449  545/449  851/449 1217/449 1643/449 1231/449  879/449  587/449  355/449  183/449   71/449   19/449]
[  27/449   95/449  223/449  411/449  659/449  967/449 1335/449 1763/449 1353/449 1003/449  713/449  483/449  313/449  203/449  153/449]
[ 163/449  233/449  363/449  553/449  803/449 1113/449 1483/449 1913/449 1505/449 1157/449  869/449  641/449  473/449  365/449  317/449]
[ 329/449  401/449  533/449  725/449  977/449 1289/449 1661/449 1195/449  789/449  443/449  157/449  -69/449 -235/449 -341/449 -387/449]
[-373/449 -299/449 -165/449   29/449  283/449  597/449  971/449 1405/449 1001/449  657/449  373/449  149/449  -15/449 -119/449 -163/449]
[-147/449  -71/449   65/449  261/449  517/449  833/449 1209/449 1645/449 1243/449  901/449  619/449  397/449  235/449  133/449   91/449]
[ 109/449  187/449  325/449  523/449  781/449 1099/449 1477/449 1915/449 1515/449 1175/449  895/449  675/449  515/449  415/449  375/449]
[ 395/449  475/449  615/449  815/449 1075/449 1395/449 1775/449 1317/449  919/449  581/449  303/449   85/449  -73/449 -171/449 -209/449]
[-187/449 -105/449   37/449  239/449  501/449  823/449 1205/449 1647/449 1251/449  915/449  639/449  423/449  267/449  171/449  135/449]
[ 159/449  243/449  387/449  591/449  855/449 1179/449 1563/449 2007/449 1613/449 1279/449 1005/449  791/449  637/449  543/449  509/449]
[ 535/449  621/449  767/449  973/449 1239/449 1565/449 1951/449 1499/449 1107/449  775/449  503/449  291/449  139/449   47/449   15/449]
[  43/449  131/449  279/449  487/449  755/449 1083/449 1471/449 1021/449  631/449  301/449   31/449 -179/449 -329/449 -419/449        0]
[-419/449, -329/449, -179/449, 31/449, 301/449, 631/449, 1021/449, 1471/449, 1083/449, 755/449, 487/449, 279/449, 131/449, 43/449, 15/449, 47/449, 139/449, 291/449, 503/449, 775/449, 1107/449, 1499/449, 1951/449, 1565/449, 1239/449, 973/449, 767/449, 621/449, 535/449, 509/449, 543/449, 637/449, 791/449, 1005/449, 1279/449, 1613/449, 2007/449, 1563/449, 1179/449, 855/449, 591/449, 387/449, 243/449, 159/449, 135/449, 171/449, 267/449, 423/449, 639/449, 915/449, 1251/449, 1647/449, 1205/449, 823/449, 501/449, 239/449, 37/449, -105/449, -187/449, -209/449, -171/449, -73/449, 85/449, 303/449, 581/449, 919/449, 1317/449, 1775/449, 1395/449, 1075/449, 815/449, 615/449, 475/449, 395/449, 375/449, 415/449, 515/449, 675/449, 895/449, 1175/449, 1515/449, 1915/449, 1477/449, 1099/449, 781/449, 523/449, 325/449, 187/449, 109/449, 91/449, 133/449, 235/449, 397/449, 619/449, 901/449, 1243/449, 1645/449, 1209/449, 833/449, 517/449, 261/449, 65/449, -71/449, -147/449, -163/449, -119/449, -15/449, 149/449, 373/449, 657/449, 1001/449, 1405/449, 971/449, 597/449, 283/449, 29/449, -165/449, -299/449, -373/449]
144 [-419/449, -329/449, -179/449, 31/449, 301/449, -267/449, 123/449, -325/449, 185/449, -143/449, 487/449, 279/449, 131/449, 43/449, 15/449, 47/449, 139/449, 291/449, 503/449, -123/449, 209/449, -297/449, 155/449, -231/449, -557/449, 75/449, -131/449, -277/449, -363/449, -389/449, -355/449, -261/449, -107/449, 107/449, 381/449, -183/449, 211/449, -233/449, 281/449, -43/449, -307/449, 387/449, 243/449, 159/449, 135/449, 171/449, 267/449, -475/449, -259/449, 17/449, 353/449, -149/449, -591/449, -75/449, -397/449, 239/449, 37/449, -105/449, -187/449, -209/449, -171/449, -73/449, 85/449, 303/449, -317/449, 21/449, 419/449, -21/449, -401/449, 177/449, -83/449, -283/449, -423/449, 395/449, 375/449, -483/449, -383/449, -223/449, -3/449, 277/449, -281/449, 119/449, -319/449, 201/449, -117/449, -375/449, 325/449, 187/449, 109/449, 91/449, 133/449, 235/449, -501/449, -279/449, 3/449, 345/449, -151/449, 311/449, -65/449, -381/449, -637/449, 65/449, -71/449, -147/449, -163/449, -119/449, -15/449, 149/449, -525/449, -241/449, 103/449, 507/449, 73/449, -301/449, 283/449, 29/449, -165/449, -299/449, 525/449]
Testing obstruction for
m1: 10, m2: 14,a: 4
[      -1 -411/449 -297/449 -107/449  159/449  501/449  919/449 1413/449 1085/449  833/449  657/449  557/449  533/449  585/449  713/449]
[ 917/449 1197/449 1553/449 1087/449  697/449  383/449  145/449  -17/449 -103/449 -113/449  -47/449   95/449  313/449  607/449  977/449]
[1423/449 1047/449  747/449  523/449  375/449  303/449  307/449  387/449  543/449  775/449 1083/449 1467/449 1029/449  667/449  381/449]
[ 171/449   37/449  -21/449   -3/449   91/449  261/449  507/449  829/449 1227/449  803/449  455/449  183/449  -13/449 -133/449 -177/449]
[-145/449  -37/449  147/449  407/449  743/449 1155/449 1643/449 1309/449 1051/449  869/449  763/449  733/449  779/449  901/449 1099/449]
[1373/449 1723/449 1251/449  855/449  535/449  291/449  123/449   31/449   15/449   75/449  211/449  423/449  711/449 1075/449 1515/449]
[1133/449  827/449  597/449  443/449  365/449  363/449  437/449  587/449  813/449 1115/449 1493/449 1049/449  681/449  389/449  173/449]
[  33/449  -31/449  -19/449   69/449  233/449  473/449  789/449 1181/449  751/449  397/449  119/449  -83/449 -209/449 -259/449 -233/449]
[-131/449   47/449  301/449  631/449 1037/449 1519/449 1179/449  915/449  727/449  615/449  579/449  619/449  735/449  927/449 1195/449]
[1539/449 1061/449  659/449  333/449   83/449  -91/449 -189/449 -211/449 -157/449  -27/449  179/449  461/449  819/449 1253/449 1763/449]
[1451/449 1215/449 1055/449  971/449  963/449 1031/449 1175/449 1395/449 1691/449 1165/449  715/449  341/449   43/449 -179/449 -325/449]
[-395/449 -389/449 -307/449 -149/449   85/449  395/449  781/449 1243/449  883/449  599/449  391/449  259/449  203/449  223/449  319/449]
[ 491/449  739/449 1063/449 1463/449 1041/449  695/449  425/449  231/449  113/449   71/449  105/449  215/449  401/449  663/449 1001/449]
[1415/449 1007/449  675/449  419/449  239/449  135/449  107/449  155/449  279/449  479/449  755/449 1107/449 1535/449 1141/449  823/449]
[ 581/449  415/449  325/449  311/449  373/449  511/449  725/449 1015/449 1381/449  925/449  545/449  241/449   13/449 -139/449 -215/449]
[-215/449 -139/449   13/449  241/449  545/449  925/449 1381/449 1015/449  725/449  511/449  373/449  311/449  325/449  415/449  581/449]
[ 823/449 1141/449 1535/449 1107/449  755/449  479/449  279/449  155/449  107/449  135/449  239/449  419/449  675/449 1007/449 1415/449]
[1001/449  663/449  401/449  215/449  105/449   71/449  113/449  231/449  425/449  695/449 1041/449 1463/449 1063/449  739/449  491/449]
[ 319/449  223/449  203/449  259/449  391/449  599/449  883/449 1243/449  781/449  395/449   85/449 -149/449 -307/449 -389/449 -395/449]
[-325/449 -179/449   43/449  341/449  715/449 1165/449 1691/449 1395/449 1175/449 1031/449  963/449  971/449 1055/449 1215/449 1451/449]
[1763/449 1253/449  819/449  461/449  179/449  -27/449 -157/449 -211/449 -189/449  -91/449   83/449  333/449  659/449 1061/449 1539/449]
[1195/449  927/449  735/449  619/449  579/449  615/449  727/449  915/449 1179/449 1519/449 1037/449  631/449  301/449   47/449 -131/449]
[-233/449 -259/449 -209/449  -83/449  119/449  397/449  751/449 1181/449  789/449  473/449  233/449   69/449  -19/449  -31/449   33/449]
[ 173/449  389/449  681/449 1049/449 1493/449 1115/449  813/449  587/449  437/449  363/449  365/449  443/449  597/449  827/449 1133/449]
[1515/449 1075/449  711/449  423/449  211/449   75/449   15/449   31/449  123/449  291/449  535/449  855/449 1251/449 1723/449 1373/449]
[1099/449  901/449  779/449  733/449  763/449  869/449 1051/449 1309/449 1643/449 1155/449  743/449  407/449  147/449  -37/449 -145/449]
[-177/449 -133/449  -13/449  183/449  455/449  803/449 1227/449  829/449  507/449  261/449   91/449   -3/449  -21/449   37/449  171/449]
[ 381/449  667/449 1029/449 1467/449 1083/449  775/449  543/449  387/449  307/449  303/449  375/449  523/449  747/449 1047/449 1423/449]
[ 977/449  607/449  313/449   95/449  -47/449 -113/449 -103/449  -17/449  145/449  383/449  697/449 1087/449 1553/449 1197/449  917/449]
[ 713/449  585/449  533/449  557/449  657/449  833/449 1085/449 1413/449  919/449  501/449  159/449 -107/449 -297/449 -411/449        0]
Testing obstruction for
m1: 8, m2: 22,a: 7
[      -1 -419/449 -329/449 -179/449   31/449  301/449  631/449 1021/449 1471/449 1083/449  755/449  487/449  279/449  131/449   43/449]
[  15/449   47/449  139/449  291/449  503/449  775/449 1107/449 1499/449 1053/449  667/449  341/449   75/449 -131/449 -277/449 -363/449]
[-389/449 -355/449 -261/449 -107/449  107/449  381/449  715/449 1109/449 1563/449 1179/449  855/449  591/449  387/449  243/449  159/449]
[ 135/449  171/449  267/449  423/449  639/449  915/449 1251/449 1647/449 1205/449  823/449  501/449  239/449   37/449 -105/449 -187/449]
[-209/449 -171/449  -73/449   85/449  303/449  581/449  919/449 1317/449 1775/449 1395/449 1075/449  815/449  615/449  475/449  395/449]
[ 375/449  415/449  515/449  675/449  895/449 1175/449 1515/449 1915/449 1477/449 1099/449  781/449  523/449  325/449  187/449  109/449]
[  91/449  133/449  235/449  397/449  619/449  901/449 1243/449 1645/449 2107/449 1731/449 1415/449 1159/449  963/449  827/449  751/449]
[ 735/449  779/449  883/449 1047/449 1271/449 1555/449 1899/449 2303/449 1869/449 1495/449 1181/449  927/449  733/449  599/449  525/449]
[ 511/449  557/449  663/449  829/449 1055/449 1341/449 1687/449 2093/449 1661/449 1289/449  977/449  725/449  533/449  401/449  329/449]
[ 317/449  365/449  473/449  641/449  869/449 1157/449 1505/449 1913/449 1483/449 1113/449  803/449  553/449  363/449  233/449  163/449]
[ 153/449  203/449  313/449  483/449  713/449 1003/449 1353/449 1763/449 1335/449  967/449  659/449  411/449  223/449   95/449   27/449]
[  19/449   71/449  183/449  355/449  587/449  879/449 1231/449 1643/449 1217/449  851/449  545/449  299/449  113/449  -13/449  -79/449]
[ -85/449  -31/449   83/449  257/449  491/449  785/449 1139/449 1553/449 1129/449  765/449  461/449  217/449   33/449  -91/449 -155/449]
[-159/449 -103/449   13/449  189/449  425/449  721/449 1077/449 1493/449 1071/449  709/449  407/449  165/449  -17/449 -139/449 -201/449]
[-203/449 -145/449  -27/449  151/449  389/449  687/449 1045/449 1463/449 1043/449  683/449  383/449  143/449  -37/449 -157/449 -217/449]
[-217/449 -157/449  -37/449  143/449  383/449  683/449 1043/449 1463/449 1045/449  687/449  389/449  151/449  -27/449 -145/449 -203/449]
[-201/449 -139/449  -17/449  165/449  407/449  709/449 1071/449 1493/449 1077/449  721/449  425/449  189/449   13/449 -103/449 -159/449]
[-155/449  -91/449   33/449  217/449  461/449  765/449 1129/449 1553/449 1139/449  785/449  491/449  257/449   83/449  -31/449  -85/449]
[ -79/449  -13/449  113/449  299/449  545/449  851/449 1217/449 1643/449 1231/449  879/449  587/449  355/449  183/449   71/449   19/449]
[  27/449   95/449  223/449  411/449  659/449  967/449 1335/449 1763/449 1353/449 1003/449  713/449  483/449  313/449  203/449  153/449]
[ 163/449  233/449  363/449  553/449  803/449 1113/449 1483/449 1913/449 1505/449 1157/449  869/449  641/449  473/449  365/449  317/449]
[ 329/449  401/449  533/449  725/449  977/449 1289/449 1661/449 2093/449 1687/449 1341/449 1055/449  829/449  663/449  557/449  511/449]
[ 525/449  599/449  733/449  927/449 1181/449 1495/449 1869/449 2303/449 1899/449 1555/449 1271/449 1047/449  883/449  779/449  735/449]
[ 751/449  827/449  963/449 1159/449 1415/449 1731/449 2107/449 1645/449 1243/449  901/449  619/449  397/449  235/449  133/449   91/449]
[ 109/449  187/449  325/449  523/449  781/449 1099/449 1477/449 1915/449 1515/449 1175/449  895/449  675/449  515/449  415/449  375/449]
[ 395/449  475/449  615/449  815/449 1075/449 1395/449 1775/449 1317/449  919/449  581/449  303/449   85/449  -73/449 -171/449 -209/449]
[-187/449 -105/449   37/449  239/449  501/449  823/449 1205/449 1647/449 1251/449  915/449  639/449  423/449  267/449  171/449  135/449]
[ 159/449  243/449  387/449  591/449  855/449 1179/449 1563/449 1109/449  715/449  381/449  107/449 -107/449 -261/449 -355/449 -389/449]
[-363/449 -277/449 -131/449   75/449  341/449  667/449 1053/449 1499/449 1107/449  775/449  503/449  291/449  139/449   47/449   15/449]
[  43/449  131/449  279/449  487/449  755/449 1083/449 1471/449 1021/449  631/449  301/449   31/449 -179/449 -329/449 -419/449        0]
Unobstructed
144
---------------------------
---------------------------
13a631
Correction terms
[      -1   73/153 -167/153     5/17 -209/153  -11/153     3/17  -95/153  -71/153   -23/17  109/153  -41/153    -5/17 -209/153   79/153]
[  -11/17 -131/153     -1/9    -7/17   37/153 -329/153     7/17  -11/153   61/153    -3/17   31/153  -71/153    -3/17 -143/153 -113/153]
[    7/17 -227/153  -65/153    -7/17      5/9   73/153   -11/17 -125/153   -5/153    -5/17 -245/153    7/153   -23/17   31/153 -197/153]
[    3/17   91/153   -5/153     5/17  -65/153  -29/153       -1 -131/153 -269/153     5/17 -107/153 -113/153     3/17    7/153  133/153]
[  -23/17  -95/153 -143/153    -5/17 -107/153  -23/153   -11/17  -29/153     -7/9    -7/17  139/153 -125/153     7/17 -215/153  -41/153]
[   -3/17 -173/153 -173/153    -3/17  -41/153 -215/153     7/17 -125/153  139/153    -7/17     -7/9  -29/153   -11/17  -23/153 -107/153]
[   -5/17 -143/153  -95/153   -23/17  133/153    7/153     3/17 -113/153 -107/153     5/17 -269/153 -131/153       -1  -29/153  -65/153]
[    5/17   -5/153   91/153     3/17 -197/153   31/153   -23/17    7/153 -245/153    -5/17   -5/153 -125/153   -11/17   73/153      5/9]
[   -7/17  -65/153 -227/153     7/17 -113/153 -143/153    -3/17  -71/153   31/153    -3/17   61/153  -11/153     7/17 -329/153   37/153]
[   -7/17     -1/9 -131/153   -11/17   79/153 -209/153    -5/17  -41/153  109/153   -23/17  -71/153  -95/153     3/17  -11/153 -209/153]
[    5/17 -167/153   73/153        0        0        0        0        0        0        0        0        0        0        0        0]
Testing obstruction for
m1: 2, m2: 26,a: 0
Obstructed by Z^n/Q not being cyclic
Testing obstruction for
m1: 4, m2: 14,a: 3
[      -1 -139/153  -97/153    -3/17   71/153  197/153    39/17  227/153  131/153     7/17   23/153   11/153     3/17   71/153  143/153]
[   27/17  371/153     13/9    11/17    5/153  -61/153   -11/17 -109/153  -91/153    -5/17   29/153  131/153    29/17  419/153  299/153]
[   23/17  143/153  107/153    11/17      7/9  167/153    27/17  347/153  479/153    37/17  215/153  125/153     7/17   29/153   23/153]
[    5/17   95/153  173/153    31/17  413/153  269/153        1   65/153    5/153    -3/17  -31/153   -7/153     5/17  125/153  233/153]
[   41/17  227/153  113/153     3/17  -31/153  -61/153    -7/17  -37/153      1/9    11/17  209/153  347/153    23/17   95/153   11/153]
[   -5/17  -73/153  -73/153    -5/17   11/153   95/153    23/17  347/153  209/153    11/17      1/9  -37/153    -7/17  -61/153  -31/153]
[    3/17  113/153  227/153    41/17  233/153  125/153     5/17   -7/153  -31/153    -3/17    5/153   65/153        1  269/153  413/153]
[   31/17  173/153   95/153     5/17   23/153   29/153     7/17  125/153  215/153    37/17  479/153  347/153    27/17  167/153      7/9]
[   11/17  107/153  143/153    23/17  299/153  419/153    29/17  131/153   29/153    -5/17  -91/153 -109/153   -11/17  -61/153    5/153]
[   11/17     13/9  371/153    27/17  143/153   71/153     3/17   11/153   23/153     7/17  131/153  227/153    39/17  197/153   71/153]
[   -3/17  -97/153 -139/153        0        0        0        0        0        0        0        0        0        0        0        0]
Testing obstruction for
m1: 6, m2: 12,a: 5
[      -1 -131/153  -65/153     5/17  199/153   91/153     3/17    7/153   31/153    11/17  211/153   61/153    -5/17 -107/153 -125/153]
[  -11/17  -29/153      5/9    27/17  139/153   79/153     7/17   91/153  163/153    31/17  133/153   31/153    -3/17  -41/153  -11/153]
[    7/17  181/153  343/153    27/17     11/9  175/153    23/17  283/153  403/153    29/17  163/153  109/153    11/17  133/153  211/153]
[   37/17  193/153   97/153     5/17   37/153   73/153        1  277/153  139/153     5/17   -5/153  -11/153     3/17  109/153  235/153]
[   11/17    7/153  -41/153    -5/17   -5/153   79/153    23/17   73/153     -1/9    -7/17  -65/153  -23/153     7/17  193/153   61/153]
[   -3/17  -71/153  -71/153    -3/17   61/153  193/153     7/17  -23/153  -65/153    -7/17     -1/9   73/153    23/17   79/153   -5/153]
[   -5/17  -41/153    7/153    11/17  235/153  109/153     3/17  -11/153   -5/153     5/17  139/153  277/153        1   73/153   37/153]
[    5/17   97/153  193/153    37/17  211/153  133/153    11/17  109/153  163/153    29/17  403/153  283/153    23/17  175/153     11/9]
[   27/17  343/153  181/153     7/17  -11/153  -41/153    -3/17   31/153  133/153    31/17  163/153   91/153     7/17   79/153  139/153]
[   27/17      5/9  -29/153   -11/17 -125/153 -107/153    -5/17   61/153  211/153    11/17   31/153    7/153     3/17   91/153  199/153]
[    5/17  -65/153 -131/153        0        0        0        0        0        0        0        0        0        0        0        0]
Unobstructed
16
---------------------------
---------------------------
13a636
Correction terms
[      -1  -29/153 -269/153     5/17   -5/153 -113/153     3/17 -197/153  133/153   -23/17    7/153 -143/153    -5/17   -5/153  -23/153]
[  -11/17   73/153     -7/9    -7/17  -65/153 -125/153     7/17 -113/153  -41/153    -3/17  -71/153 -173/153    -3/17   61/153 -215/153]
[    7/17 -329/153  139/153    -7/17     -1/9  -29/153   -11/17   79/153 -107/153    -5/17  -41/153  -95/153   -23/17  -71/153    7/153]
[    3/17  -11/153 -107/153     5/17 -167/153 -131/153       -1   73/153  -65/153     5/17 -209/153   91/153     3/17  -95/153   31/153]
[  -23/17  109/153 -245/153    -5/17 -209/153 -125/153   -11/17 -131/153      5/9    -7/17   37/153 -227/153     7/17  -11/153 -143/153]
[   -3/17   31/153   31/153    -3/17 -143/153  -11/153     7/17 -227/153   37/153    -7/17      5/9 -131/153   -11/17 -125/153 -209/153]
[   -5/17 -245/153  109/153   -23/17   31/153  -95/153     3/17   91/153 -209/153     5/17  -65/153   73/153       -1 -131/153 -167/153]
[    5/17 -107/153  -11/153     3/17    7/153  -71/153   -23/17  -95/153  -41/153    -5/17 -107/153   79/153   -11/17  -29/153     -1/9]
[   -7/17  139/153 -329/153     7/17 -215/153   61/153    -3/17 -173/153  -71/153    -3/17  -41/153 -113/153     7/17 -125/153  -65/153]
[   -7/17     -7/9   73/153   -11/17  -23/153   -5/153    -5/17 -143/153    7/153   -23/17  133/153 -197/153     3/17 -113/153   -5/153]
[    5/17 -269/153  -29/153        0        0        0        0        0        0        0        0        0        0        0        0]
Testing obstruction for
m1: 2, m2: 26,a: 0
Obstructed by Z^n/Q not being cyclic
Testing obstruction for
m1: 4, m2: 14,a: 3
[      -1 -139/153  -97/153    -3/17   71/153  197/153    39/17  227/153  131/153     7/17   23/153   11/153     3/17   71/153  143/153]
[   27/17  371/153     13/9    11/17    5/153  -61/153   -11/17 -109/153  -91/153    -5/17   29/153  131/153    29/17  419/153  299/153]
[   23/17  143/153  107/153    11/17      7/9  167/153    27/17  347/153  479/153    37/17  215/153  125/153     7/17   29/153   23/153]
[    5/17   95/153  173/153    31/17  413/153  269/153        1   65/153    5/153    -3/17  -31/153   -7/153     5/17  125/153  233/153]
[   41/17  227/153  113/153     3/17  -31/153  -61/153    -7/17  -37/153      1/9    11/17  209/153  347/153    23/17   95/153   11/153]
[   -5/17  -73/153  -73/153    -5/17   11/153   95/153    23/17  347/153  209/153    11/17      1/9  -37/153    -7/17  -61/153  -31/153]
[    3/17  113/153  227/153    41/17  233/153  125/153     5/17   -7/153  -31/153    -3/17    5/153   65/153        1  269/153  413/153]
[   31/17  173/153   95/153     5/17   23/153   29/153     7/17  125/153  215/153    37/17  479/153  347/153    27/17  167/153      7/9]
[   11/17  107/153  143/153    23/17  299/153  419/153    29/17  131/153   29/153    -5/17  -91/153 -109/153   -11/17  -61/153    5/153]
[   11/17     13/9  371/153    27/17  143/153   71/153     3/17   11/153   23/153     7/17  131/153  227/153    39/17  197/153   71/153]
[   -3/17  -97/153 -139/153        0        0        0        0        0        0        0        0        0        0        0        0]
Testing obstruction for
m1: 6, m2: 12,a: 5
[      -1 -131/153  -65/153     5/17  199/153   91/153     3/17    7/153   31/153    11/17  211/153   61/153    -5/17 -107/153 -125/153]
[  -11/17  -29/153      5/9    27/17  139/153   79/153     7/17   91/153  163/153    31/17  133/153   31/153    -3/17  -41/153  -11/153]
[    7/17  181/153  343/153    27/17     11/9  175/153    23/17  283/153  403/153    29/17  163/153  109/153    11/17  133/153  211/153]
[   37/17  193/153   97/153     5/17   37/153   73/153        1  277/153  139/153     5/17   -5/153  -11/153     3/17  109/153  235/153]
[   11/17    7/153  -41/153    -5/17   -5/153   79/153    23/17   73/153     -1/9    -7/17  -65/153  -23/153     7/17  193/153   61/153]
[   -3/17  -71/153  -71/153    -3/17   61/153  193/153     7/17  -23/153  -65/153    -7/17     -1/9   73/153    23/17   79/153   -5/153]
[   -5/17  -41/153    7/153    11/17  235/153  109/153     3/17  -11/153   -5/153     5/17  139/153  277/153        1   73/153   37/153]
[    5/17   97/153  193/153    37/17  211/153  133/153    11/17  109/153  163/153    29/17  403/153  283/153    23/17  175/153     11/9]
[   27/17  343/153  181/153     7/17  -11/153  -41/153    -3/17   31/153  133/153    31/17  163/153   91/153     7/17   79/153  139/153]
[   27/17      5/9  -29/153   -11/17 -125/153 -107/153    -5/17   61/153  211/153    11/17   31/153    7/153     3/17   91/153  199/153]
[    5/17  -65/153 -131/153        0        0        0        0        0        0        0        0        0        0        0        0]
Unobstructed
50
---------------------------
---------------------------
13a644
Correction terms
[      -1  101/217 -247/217   41/217   97/217  -79/217  -53/217   -37/31  171/217  -65/217  335/217   69/217    5/217  143/217     7/31]
[ 157/217   33/217  111/217  -43/217    5/217 -179/217   -23/31   59/217   47/217  237/217 -239/217  -79/217 -151/217    -3/31 -123/217]
[ -23/217      9/7  -85/217  187/217 -207/217     5/31   45/217  257/217  237/217  -15/217  -65/217   87/217     1/31  129/217   19/217]
[ 111/217  -29/217   33/217 -137/217   -15/31  129/217  131/217  -99/217 -127/217   47/217  -11/217    19/31   45/217  159/217   41/217]
[ 125/217  -23/217      1/7   -21/31  311/217  103/217   97/217 -141/217 -177/217  -11/217   -11/31   59/217  -37/217   69/217  -57/217]
[  19/217 -137/217   -13/31  157/217  173/217  -43/217  -57/217  131/217   87/217    35/31  171/217 -135/217  195/217 -141/217  159/217]
[-207/217     9/31  101/217     -3/7  -85/217 -309/217  103/217 -151/217    33/31  -53/217 -135/217  -15/217 -127/217  -37/217 -179/217]
[   45/31  143/217  173/217  -29/217  -29/217  173/217  143/217    45/31 -179/217  -37/217 -127/217  -15/217 -135/217  -53/217    33/31]
[-151/217  103/217 -309/217  -85/217     -3/7  101/217     9/31 -207/217  159/217 -141/217  195/217 -135/217  171/217    35/31   87/217]
[ 131/217  -57/217  -43/217  173/217  157/217   -13/31 -137/217   19/217  -57/217   69/217  -37/217   59/217   -11/31  -11/217 -177/217]
[-141/217   97/217  103/217  311/217   -21/31      1/7  -23/217  125/217   41/217  159/217   45/217    19/31  -11/217   47/217 -127/217]
[ -99/217  131/217  129/217   -15/31 -137/217   33/217  -29/217  111/217   19/217  129/217     1/31   87/217  -65/217  -15/217  237/217]
[ 257/217   45/217     5/31 -207/217  187/217  -85/217      9/7  -23/217 -123/217    -3/31 -151/217  -79/217 -239/217  237/217   47/217]
[  59/217   -23/31 -179/217    5/217  -43/217  111/217   33/217  157/217     7/31  143/217    5/217   69/217  335/217  -65/217  171/217]
[  -37/31  -53/217  -79/217   97/217   41/217 -247/217  101/217        0        0        0        0        0        0        0        0]
Testing obstruction for
m1: 4, m2: 16,a: 0
[      -1 -141/217   87/217   33/217  131/217  381/217  349/217    67/31  741/217  731/217  439/217  299/217  311/217   41/217   -11/31]
[ -43/217  143/217   47/217  103/217  311/217  237/217    45/31  545/217  927/217  593/217  411/217  381/217   69/217   -13/31  -99/217]
[  45/217     -3/7  -79/217   87/217  -29/217     1/31  195/217  535/217  593/217  803/217  731/217  377/217    25/31  125/217  227/217]
[  47/217   19/217  143/217  -15/217    -3/31  125/217  423/217  439/217  607/217  927/217  531/217    41/31  195/217  255/217   33/217]
[ -37/217   45/217     -5/7   -29/31  -99/217  157/217  131/217  257/217  535/217  531/217    97/31  545/217  563/217  299/217  187/217]
[ 227/217  -15/217   -15/31  -43/217  171/217  103/217  187/217  423/217  377/217    69/31  741/217  717/217  411/217  257/217  255/217]
[ -29/217   -23/31 -141/217      1/7  -79/217  -37/217  157/217   69/217    19/31  349/217  717/217  803/217  607/217  563/217  237/217]
[    9/31   41/217  171/217   19/217   19/217  171/217   41/217     9/31  237/217  563/217  607/217  803/217  717/217  349/217    19/31]
[  69/217  157/217  -37/217  -79/217      1/7 -141/217   -23/31  -29/217  255/217  257/217  411/217  717/217  741/217    69/31  377/217]
[ 423/217  187/217  103/217  171/217  -43/217   -15/31  -15/217  227/217  187/217  299/217  563/217  545/217    97/31  531/217  535/217]
[ 257/217  131/217  157/217  -99/217   -29/31     -5/7   45/217  -37/217   33/217  255/217  195/217    41/31  531/217  927/217  607/217]
[ 439/217  423/217  125/217    -3/31  -15/217  143/217   19/217   47/217  227/217  125/217    25/31  377/217  731/217  803/217  593/217]
[ 535/217  195/217     1/31  -29/217   87/217  -79/217     -3/7   45/217  -99/217   -13/31   69/217  381/217  411/217  593/217  927/217]
[ 545/217    45/31  237/217  311/217  103/217   47/217  143/217  -43/217   -11/31   41/217  311/217  299/217  439/217  731/217  741/217]
[   67/31  349/217  381/217  131/217   33/217   87/217 -141/217        0        0        0        0        0        0        0        0]
[-141/217, 87/217, 33/217, 131/217, 381/217, 349/217, 67/31, 741/217, 731/217, 439/217, 299/217, 311/217, 41/217, -11/31, -43/217, 143/217, 47/217, 103/217, 311/217, 237/217, 45/31, 545/217, 927/217, 593/217, 411/217, 381/217, 69/217, -13/31, -99/217]
67 [-141/217, 87/217, 33/217, 131/217, -53/217, -85/217, 5/31, -127/217, -137/217, 5/217, -135/217, 311/217, 41/217, -11/31, -43/217, 143/217, 47/217, 103/217, -123/217, 237/217, 45/31, 111/217, 59/217, 159/217, -23/217, -53/217, 69/217, -13/31, 335/217]
[-141/217, 87/217, 33/217, 131/217, 381/217, 349/217, 67/31, 741/217, 731/217, 439/217, 299/217, 311/217, 41/217, -11/31, -43/217, 143/217, 47/217, 103/217, 311/217, 237/217, 45/31, 545/217, 927/217, 593/217, 411/217, 381/217, 69/217, -13/31, -99/217, 45/217, -3/7, -79/217, 87/217, -29/217, 1/31, 195/217, 535/217, 593/217, 803/217, 731/217, 377/217, 25/31, 125/217, 227/217, 47/217, 19/217, 143/217, -15/217, -3/31, 125/217, 423/217, 439/217, 607/217, 927/217, 531/217, 41/31, 195/217, 255/217, 33/217, -37/217, 45/217, -5/7]
88 [-141/217, 87/217, 33/217, 131/217, -53/217, -85/217, 5/31, -127/217, -137/217, 5/217, -135/217, -123/217, 41/217, -11/31, -43/217, 143/217, 47/217, 103/217, 311/217, 237/217, 45/31, 111/217, 59/217, 159/217, -23/217, -53/217, 69/217, -13/31, -99/217, 45/217, -3/7, -79/217, 87/217, -29/217, 1/31, 195/217, 101/217, 159/217, -65/217, -137/217, -57/217, -37/31, -309/217, -207/217, 47/217, 19/217, 143/217, -15/217, -3/31, 125/217, -11/217, 5/217, 173/217, 59/217, 97/217, -21/31, -239/217, -179/217, 33/217, -37/217, 45/217, 9/7]
Testing obstruction for
m1: 6, m2: 12,a: 3
[      -1 -195/217 -129/217  -19/217  135/217  333/217  575/217    61/31  323/217  263/217  247/217  275/217  347/217  463/217    89/31]
[ 393/217  207/217   65/217  -33/217  -87/217  -97/217    -9/31   15/217  137/217  303/217  513/217  333/217  197/217    15/31   57/217]
[  53/217      3/7  177/217  305/217  477/217    37/31   85/217  -45/217 -131/217 -173/217 -171/217 -125/217    -5/31   99/217  277/217]
[ 499/217  331/217  207/217  127/217    13/31   99/217  151/217  247/217  387/217  571/217  365/217    29/31   85/217   11/217  -19/217]
[  -5/217   53/217      5/7    43/31  491/217  291/217  135/217   23/217  -45/217  -69/217    -7/31   15/217  123/217  275/217  471/217]
[ 277/217  127/217     3/31  -41/217  -59/217  -33/217   37/217  151/217  309/217    73/31  323/217  179/217   79/217   23/217   11/217]
[  43/217    17/31  239/217     13/7  611/217  429/217  291/217  197/217    21/31  141/217  179/217  261/217  387/217  557/217  337/217]
[   23/31   29/217  -59/217 -103/217 -103/217  -59/217   29/217    23/31  337/217  557/217  387/217  261/217  179/217  141/217    21/31]
[ 197/217  291/217  429/217  611/217     13/7  239/217    17/31   43/217   11/217   23/217   79/217  179/217  323/217    73/31  309/217]
[ 151/217   37/217  -33/217  -59/217  -41/217     3/31  127/217  277/217  471/217  275/217  123/217   15/217    -7/31  -69/217  -45/217]
[  23/217  135/217  291/217  491/217    43/31      5/7   53/217   -5/217  -19/217   11/217   85/217    29/31  365/217  571/217  387/217]
[ 247/217  151/217   99/217    13/31  127/217  207/217  331/217  499/217  277/217   99/217    -5/31 -125/217 -171/217 -173/217 -131/217]
[ -45/217   85/217    37/31  477/217  305/217  177/217      3/7   53/217   57/217    15/31  197/217  333/217  513/217  303/217  137/217]
[  15/217    -9/31  -97/217  -87/217  -33/217   65/217  207/217  393/217    89/31  463/217  347/217  275/217  247/217  263/217  323/217]
[   61/31  575/217  333/217  135/217  -19/217 -129/217 -195/217        0        0        0        0        0        0        0        0]
Testing obstruction for
m1: 10, m2: 10,a: 6
[      -1 -179/217  -65/217  125/217  391/217  299/217  283/217    49/31  479/217  257/217  111/217   41/217   47/217  129/217    41/31]
[  87/217  -37/217  -85/217  -57/217   47/217  227/217    69/31  381/217  355/217  405/217  531/217  299/217  143/217     9/31   59/217]
[ 131/217      9/7   69/217  -65/217 -123/217   -15/31  -11/217  159/217  405/217  293/217  257/217  297/217    59/31  171/217    5/217]
[ -85/217  -99/217  -37/217  101/217    45/31  171/217  103/217  111/217  195/217  355/217  157/217     5/31  -11/217   19/217  125/217]
[ 307/217  131/217      1/7     1/31   59/217  187/217  391/217  237/217  159/217  157/217    33/31  381/217  173/217   41/217  -15/217]
[   5/217  101/217    39/31   87/217  -23/217  -57/217  -15/217  103/217  297/217    81/31  479/217  467/217  531/217  237/217   19/217]
[-123/217   -27/31 -179/217     -3/7   69/217  307/217  187/217  143/217    25/31  283/217  467/217  293/217  195/217  173/217  227/217]
[   51/31  129/217  -23/217  -99/217  -99/217  -23/217  129/217    51/31  227/217  173/217  195/217  293/217  467/217  283/217    25/31]
[ 143/217  187/217  307/217   69/217     -3/7 -179/217   -27/31 -123/217   19/217  237/217  531/217  467/217  479/217    81/31  297/217]
[ 103/217  -15/217  -57/217  -23/217   87/217    39/31  101/217    5/217  -15/217   41/217  173/217  381/217    33/31  157/217  159/217]
[ 237/217  391/217  187/217   59/217     1/31      1/7  131/217  307/217  125/217   19/217  -11/217     5/31  157/217  355/217  195/217]
[ 111/217  103/217  171/217    45/31  101/217  -37/217  -99/217  -85/217    5/217  171/217    59/31  297/217  257/217  293/217  405/217]
[ 159/217  -11/217   -15/31 -123/217  -65/217   69/217      9/7  131/217   59/217     9/31  143/217  299/217  531/217  405/217  355/217]
[ 381/217    69/31  227/217   47/217  -57/217  -85/217  -37/217   87/217    41/31  129/217   47/217   41/217  111/217  257/217  479/217]
[   49/31  283/217  299/217  391/217  125/217  -65/217 -179/217        0        0        0        0        0        0        0        0]
[-179/217, -65/217, 125/217, 391/217, 299/217, 283/217, 49/31, 479/217, 257/217, 111/217, 41/217, 47/217, 129/217, 41/31, 87/217, -37/217, -85/217, -57/217, 47/217, 227/217, 69/31, 381/217, 355/217, 405/217, 531/217, 299/217, 143/217, 9/31, 59/217, 131/217, 9/7, 69/217, -65/217, -123/217, -15/31, -11/217, 159/217, 405/217, 293/217, 257/217, 297/217, 59/31, 171/217, 5/217, -85/217, -99/217, -37/217, 101/217, 45/31, 171/217, 103/217, 111/217, 195/217, 355/217, 157/217, 5/31, -11/217, 19/217, 125/217, 307/217, 131/217, 1/7, 1/31, 59/217, 187/217, 391/217, 237/217, 159/217, 157/217, 33/31, 381/217, 173/217, 41/217, -15/217, 5/217, 101/217, 39/31, 87/217, -23/217, -57/217, -15/217, 103/217, 297/217, 81/31, 479/217, 467/217, 531/217, 237/217, 19/217, -123/217]
20 [-179/217, -65/217, 125/217, -43/217, -135/217, -151/217, -13/31, 45/217, 257/217, 111/217, 41/217, 47/217, 129/217, -21/31, 87/217, -37/217, -85/217, -57/217, 47/217, -207/217, 7/31, -53/217, -79/217, -29/217, 97/217, -135/217, 143/217, 9/31, 59/217, 131/217, 9/7, 69/217, -65/217, -123/217, -15/31, -11/217, 159/217, -29/217, -141/217, -177/217, -137/217, -3/31, 171/217, 5/217, -85/217, -99/217, -37/217, 101/217, 45/31, 171/217, 103/217, 111/217, -239/217, -79/217, 157/217, 5/31, -11/217, 19/217, -309/217, -127/217, 131/217, 1/7, 1/31, 59/217, -247/217, -43/217, 237/217, 159/217, 157/217, 33/31, -53/217, 173/217, 41/217, -15/217, 5/217, 101/217, -23/31, 87/217, -23/217, -57/217, -15/217, 103/217, -137/217, 19/31, 45/217, 33/217, 97/217, 237/217, 19/217, 311/217]
[-179/217, -65/217, 125/217, 391/217, 299/217, 283/217, 49/31, 479/217, 257/217, 111/217, 41/217, 47/217, 129/217, 41/31, 87/217, -37/217, -85/217, -57/217, 47/217, 227/217, 69/31, 381/217, 355/217, 405/217, 531/217, 299/217, 143/217, 9/31, 59/217, 131/217, 9/7, 69/217, -65/217, -123/217]
104 [-179/217, -65/217, -309/217, -43/217, -135/217, -151/217, -13/31, 45/217, -177/217, 111/217, 41/217, 47/217, 129/217, -21/31, 87/217, -37/217, -85/217, -57/217, 47/217, -207/217, 7/31, -53/217, -79/217, -29/217, 97/217, -135/217, 143/217, 9/31, 59/217, 131/217, 9/7, 69/217, -65/217, 311/217]
---------------------------
SUCCESS for name = 13a644
---------------------------
13a645
Correction terms
[      -1  183/253  -27/253  129/253 -361/253   21/253 -243/253  365/253 -179/253  149/253 -169/253    35/23 -213/253   61/253 -311/253]
[ 189/253   43/253  263/253 -163/253  283/253   83/253  249/253   -21/23     7/11  -93/253   19/253   -9/253  329/253   21/253   79/253]
[  -3/253  281/253  -81/253    -7/23 -213/253   17/253  107/253   57/253 -133/253   43/253   79/253  -25/253 -269/253 -147/253   -15/23]
[ 183/253    -5/11  -47/253 -119/253  175/253 -177/253 -163/253 -289/253  -49/253   51/253     1/23 -169/253   17/253   63/253  -31/253]
[-265/253 -133/253 -141/253  217/253  -71/253    7/253    -5/23  249/253  -93/253    -3/11 -185/253   65/253  175/253  145/253  -25/253]
[ 171/253  227/253    13/23  -81/253   61/253   63/253  -75/253  153/253  241/253  189/253   -3/253  171/253  205/253     9/23 -147/253]
[ -27/253  -47/253    13/11   -1/253   65/253   -9/253  283/253  -71/253  -59/253   -17/23   51/253  149/253  107/253  -75/253  109/253]
[ 153/253   57/253 -179/253  -49/253  -59/253    27/23    7/253   83/253   19/253  321/253    -1/11   -1/253 -119/253  129/253  237/253]
[ 205/253     3/23  227/253  281/253  195/253  -31/253  109/253  109/253  -31/253  195/253  281/253  227/253     3/23  205/253  237/253]
[ 129/253 -119/253   -1/253    -1/11  321/253   19/253   83/253    7/253    27/23  -59/253  -49/253 -179/253   57/253  153/253  109/253]
[ -75/253  107/253  149/253   51/253   -17/23  -59/253  -71/253  283/253   -9/253   65/253   -1/253    13/11  -47/253  -27/253 -147/253]
[    9/23  205/253  171/253   -3/253  189/253  241/253  153/253  -75/253   63/253   61/253  -81/253    13/23  227/253  171/253  -25/253]
[ 145/253  175/253   65/253 -185/253    -3/11  -93/253  249/253    -5/23    7/253  -71/253  217/253 -141/253 -133/253 -265/253  -31/253]
[  63/253   17/253 -169/253     1/23   51/253  -49/253 -289/253 -163/253 -177/253  175/253 -119/253  -47/253    -5/11  183/253   -15/23]
[-147/253 -269/253  -25/253   79/253   43/253 -133/253   57/253  107/253   17/253 -213/253    -7/23  -81/253  281/253   -3/253   79/253]
[  21/253  329/253   -9/253   19/253  -93/253     7/11   -21/23  249/253   83/253  283/253 -163/253  263/253   43/253  189/253 -311/253]
[  61/253 -213/253    35/23 -169/253  149/253 -179/253  365/253 -243/253   21/253 -361/253  129/253  -27/253  183/253        0        0]
Testing obstruction for
m1: 6, m2: 12,a: 0
[      -1 -185/253   19/253  359/253  329/253  435/253  677/253  549/253  557/253  195/253  -31/253   -11/23  -75/253  107/253  425/253]
[ 373/253  457/253  677/253  527/253  513/253  129/253 -119/253   -21/23    -9/11  -47/253  249/253  175/253  237/253  435/253  769/253]
[ 733/253  327/253   57/253    -7/23  -75/253   63/253  337/253  241/253  281/253  457/253  769/253  711/253  283/253   -9/253   -15/23]
[-185/253    -3/11  183/253   65/253   83/253  237/253  527/253  953/253  503/253  189/253     1/23  -31/253   63/253  293/253  153/253]
[ 149/253  281/253  549/253  953/253  481/253  145/253    -5/23 -119/253  -47/253     7/11   -1/253  -27/253   83/253  329/253  711/253]
[ 723/253  365/253    13/23   57/253  107/253  293/253  109/253   61/253  149/253  373/253  733/253  723/253  343/253     9/23   -9/253]
[  19/253  183/253    -1/11  -93/253  -27/253  175/253  513/253  481/253  585/253    29/23  189/253  195/253  337/253  109/253   17/253]
[  61/253  241/253  557/253  503/253  585/253    27/23  145/253  129/253  249/253   -1/253    -5/11  -93/253   65/253  359/253  283/253]
[ 343/253    49/23  365/253  327/253  425/253  153/253   17/253   17/253  153/253  425/253  327/253  365/253    49/23  343/253  283/253]
[ 359/253   65/253  -93/253    -5/11   -1/253  249/253  129/253  145/253    27/23  585/253  503/253  557/253  241/253   61/253   17/253]
[ 109/253  337/253  195/253  189/253    29/23  585/253  481/253  513/253  175/253  -27/253  -93/253    -1/11  183/253   19/253   -9/253]
[    9/23  343/253  723/253  733/253  373/253  149/253   61/253  109/253  293/253  107/253   57/253    13/23  365/253  723/253  711/253]
[ 329/253   83/253  -27/253   -1/253     7/11  -47/253 -119/253    -5/23  145/253  481/253  953/253  549/253  281/253  149/253  153/253]
[ 293/253   63/253  -31/253     1/23  189/253  503/253  953/253  527/253  237/253   83/253   65/253  183/253    -3/11 -185/253   -15/23]
[  -9/253  283/253  711/253  769/253  457/253  281/253  241/253  337/253   63/253  -75/253    -7/23   57/253  327/253  733/253  769/253]
[ 435/253  237/253  175/253  249/253  -47/253    -9/11   -21/23 -119/253  129/253  513/253  527/253  677/253  457/253  373/253  425/253]
[ 107/253  -75/253   -11/23  -31/253  195/253  557/253  549/253  677/253  435/253  329/253  359/253   19/253 -185/253        0        0]
[-185/253, 19/253, 359/253, 329/253, 435/253, 677/253, 549/253, 557/253, 195/253, -31/253, -11/23]
70 [-185/253, 19/253, -147/253, 329/253, -71/253, 171/253, 43/253, 51/253, 195/253, -31/253, 35/23]
Testing obstruction for
m1: 64, m2: 64,a: 63
[      -1 -249/253 -237/253 -217/253 -189/253 -153/253 -109/253  -57/253    3/253   71/253  147/253    21/23  323/253  423/253  531/253]
[ 647/253  771/253  903/253 1043/253 1191/253 1347/253 1511/253   153/23    81/11 2051/253 2247/253 2451/253 2663/253 2883/253 3111/253]
[3347/253 3591/253 3843/253   327/23 3359/253 3129/253 2907/253 2693/253 2487/253 2289/253 2099/253 1917/253 1743/253 1577/253   129/23]
[1269/253    49/11  993/253  867/253  749/253  639/253  537/253  443/253  357/253  279/253    19/23  147/253   93/253   47/253    9/253]
[ -21/253  -43/253  -57/253  -63/253  -61/253  -51/253    -3/23   -7/253   27/253     3/11  119/253  177/253  243/253  317/253  399/253]
[ 489/253  587/253    63/23  807/253  929/253 1059/253 1197/253 1343/253 1497/253 1659/253 1829/253 2007/253 2193/253   217/23 2589/253]
[2799/253 3017/253   141/11 3477/253 3719/253 3969/253 3721/253 3481/253 3249/253   275/23 2809/253 2601/253 2401/253 2209/253 2025/253]
[1849/253 1681/253 1521/253 1369/253 1225/253    99/23  961/253  841/253  729/253  625/253    23/11  441/253  361/253  289/253  225/253]
[ 169/253    11/23   81/253   49/253   25/253    9/253    1/253    1/253    9/253   25/253   49/253   81/253    11/23  169/253  225/253]
[ 289/253  361/253  441/253    23/11  625/253  729/253  841/253  961/253    99/23 1225/253 1369/253 1521/253 1681/253 1849/253 2025/253]
[2209/253 2401/253 2601/253 2809/253   275/23 3249/253 3481/253 3721/253 3969/253 3719/253 3477/253   141/11 3017/253 2799/253 2589/253]
[  217/23 2193/253 2007/253 1829/253 1659/253 1497/253 1343/253 1197/253 1059/253  929/253  807/253    63/23  587/253  489/253  399/253]
[ 317/253  243/253  177/253  119/253     3/11   27/253   -7/253    -3/23  -51/253  -61/253  -63/253  -57/253  -43/253  -21/253    9/253]
[  47/253   93/253  147/253    19/23  279/253  357/253  443/253  537/253  639/253  749/253  867/253  993/253    49/11 1269/253   129/23]
[1577/253 1743/253 1917/253 2099/253 2289/253 2487/253 2693/253 2907/253 3129/253 3359/253   327/23 3843/253 3591/253 3347/253 3111/253]
[2883/253 2663/253 2451/253 2247/253 2051/253    81/11   153/23 1511/253 1347/253 1191/253 1043/253  903/253  771/253  647/253  531/253]
[ 423/253  323/253    21/23  147/253   71/253    3/253  -57/253 -109/253 -153/253 -189/253 -217/253 -237/253 -249/253        0        0]
---------------------------
SUCCESS for name = 13a645
---------------------------
