13a2697
Correction terms
[      -1  263/193 -299/193   51/193 -231/193   13/193   11/193  149/193   41/193   73/193 -141/193  171/193 -149/193   57/193   17/193]
[ 117/193  -29/193  -35/193   99/193  -13/193   15/193 -203/193  105/193 -219/193  -17/193  -61/193   35/193 -115/193 -125/193    5/193]
[-111/193  -87/193   77/193   -5/193   53/193 -135/193 -183/193  -91/193 -245/193  127/193 -133/193  133/193 -233/193  -73/193 -159/193]
[-105/193   89/193   37/193  125/193  -33/193  -51/193   71/193  -53/193  -37/193  119/193   29/193   79/193 -117/193  213/193  -89/193]
[ 135/193 -273/193  231/193 -283/193  115/193 -119/193  173/193 -167/193   19/193  -41/193   39/193 -127/193  233/193  -39/193  215/193]
[-163/193  -15/193 -113/193  -71/193  111/193   47/193  123/193  -47/193  -77/193   33/193 -103/193  -99/193   45/193  -57/193  -19/193]
[-227/193   91/193 -223/193  -11/193  -45/193   61/193  -79/193  -79/193   61/193  -45/193  -11/193 -223/193   91/193 -227/193  -19/193]
[ -57/193   45/193  -99/193 -103/193   33/193  -77/193  -47/193  123/193   47/193  111/193  -71/193 -113/193  -15/193 -163/193  215/193]
[ -39/193  233/193 -127/193   39/193  -41/193   19/193 -167/193  173/193 -119/193  115/193 -283/193  231/193 -273/193  135/193  -89/193]
[ 213/193 -117/193   79/193   29/193  119/193  -37/193  -53/193   71/193  -51/193  -33/193  125/193   37/193   89/193 -105/193 -159/193]
[ -73/193 -233/193  133/193 -133/193  127/193 -245/193  -91/193 -183/193 -135/193   53/193   -5/193   77/193  -87/193 -111/193    5/193]
[-125/193 -115/193   35/193  -61/193  -17/193 -219/193  105/193 -203/193   15/193  -13/193   99/193  -35/193  -29/193  117/193   17/193]
[  57/193 -149/193  171/193 -141/193   73/193   41/193  149/193   11/193   13/193 -231/193   51/193 -299/193  263/193        0        0]
Testing obstruction for
m1: 6, m2: 10,a: 2
[      -1 -171/193 -105/193    5/193  159/193  357/193  213/193  113/193   57/193   45/193   77/193  153/193  273/193  437/193  259/193]
[ 125/193   35/193  -11/193  -13/193   29/193  115/193  245/193  419/193  251/193  127/193   47/193   11/193   19/193   71/193  167/193]
[ 307/193  491/193  333/193  219/193  149/193  123/193  141/193  203/193  309/193  459/193  267/193  119/193   15/193  -45/193  -61/193]
[ -33/193   39/193  155/193  315/193  133/193   -5/193  -99/193 -149/193 -155/193 -117/193  -35/193   91/193  261/193  475/193  347/193]
[ 263/193  223/193  227/193  275/193  367/193  503/193  297/193  135/193   17/193  -57/193  -87/193  -73/193  -15/193   87/193  233/193]
[ 423/193  271/193  163/193   99/193   79/193  103/193  171/193  283/193  439/193  253/193  111/193   13/193  -41/193  -51/193  -17/193]
[  61/193  183/193  349/193  173/193   41/193  -47/193  -91/193  -91/193  -47/193   41/193  173/193  349/193  183/193   61/193  -17/193]
[ -51/193  -41/193   13/193  111/193  253/193  439/193  283/193  171/193  103/193   79/193   99/193  163/193  271/193  423/193  233/193]
[  87/193  -15/193  -73/193  -87/193  -57/193   17/193  135/193  297/193  503/193  367/193  275/193  227/193  223/193  263/193  347/193]
[ 475/193  261/193   91/193  -35/193 -117/193 -155/193 -149/193  -99/193   -5/193  133/193  315/193  155/193   39/193  -33/193  -61/193]
[ -45/193   15/193  119/193  267/193  459/193  309/193  203/193  141/193  123/193  149/193  219/193  333/193  491/193  307/193  167/193]
[  71/193   19/193   11/193   47/193  127/193  251/193  419/193  245/193  115/193   29/193  -13/193  -11/193   35/193  125/193  259/193]
[ 437/193  273/193  153/193   77/193   45/193   57/193  113/193  213/193  357/193  159/193    5/193 -105/193 -171/193        0        0]
---------------------------
SUCCESS for name = 13a2697
---------------------------
13a2698
Correction terms
[      -1  377/277 -431/277   69/277 -339/277    7/277   -1/277  191/277   29/277   67/277 -249/277  189/277 -281/277    3/277  -67/277]
[  63/277 -161/277 -185/277   -9/277 -187/277 -165/277   57/277  -75/277   -7/277 -293/277  175/277 -265/277   49/277    9/277  169/277]
[ -25/277  -19/277  187/277   39/277   91/277 -211/277  241/277 -215/277   83/277   27/277  171/277  -39/277  -49/277  141/277  -23/277]
[  13/277  249/277  131/277  213/277  -59/277 -131/277   -3/277 -229/277  299/277  -81/277  293/277 -241/277  -21/277 -155/277  -89/277]
[ 177/277   89/277  201/277  -41/277  -83/277   75/277 -121/277 -117/277   87/277  -63/277  -13/277 -317/277  133/277 -325/277  -29/277]
[ -87/277   55/277 -157/277 -169/277   19/277 -147/277 -113/277  121/277    1/277   81/277 -193/277  287/277 -141/277  185/277 -397/277]
[ 329/277 -407/277  165/277 -171/277  247/277 -243/277   21/277  -69/277   41/277 -203/277  307/277  -91/277  265/277 -287/277  -85/277]
[-237/277 -189/277   59/277  -47/277   47/277 -213/277 -273/277 -133/277 -347/277  193/277 -175/277  211/277 -311/277  -79/277 -201/277]
[-123/277  155/277   79/277  203/277  -27/277  -57/277  113/277  -71/277  -55/277  161/277   23/277   85/277 -207/277  255/277 -191/277]
[ 117/277   71/277  225/277   25/277   25/277  225/277   71/277  117/277 -191/277  255/277 -207/277   85/277   23/277  161/277  -55/277]
[ -71/277  113/277  -57/277  -27/277  203/277   79/277  155/277 -123/277 -201/277  -79/277 -311/277  211/277 -175/277  193/277 -347/277]
[-133/277 -273/277 -213/277   47/277  -47/277   59/277 -189/277 -237/277  -85/277 -287/277  265/277  -91/277  307/277 -203/277   41/277]
[ -69/277   21/277 -243/277  247/277 -171/277  165/277 -407/277  329/277 -397/277  185/277 -141/277  287/277 -193/277   81/277    1/277]
[ 121/277 -113/277 -147/277   19/277 -169/277 -157/277   55/277  -87/277  -29/277 -325/277  133/277 -317/277  -13/277  -63/277   87/277]
[-117/277 -121/277   75/277  -83/277  -41/277  201/277   89/277  177/277  -89/277 -155/277  -21/277 -241/277  293/277  -81/277  299/277]
[-229/277   -3/277 -131/277  -59/277  213/277  131/277  249/277   13/277  -23/277  141/277  -49/277  -39/277  171/277   27/277   83/277]
[-215/277  241/277 -211/277   91/277   39/277  187/277  -19/277  -25/277  169/277    9/277   49/277 -265/277  175/277 -293/277   -7/277]
[ -75/277   57/277 -165/277 -187/277   -9/277 -185/277 -161/277   63/277  -67/277    3/277 -281/277  189/277 -249/277   67/277   29/277]
[ 191/277   -1/277    7/277 -339/277   69/277 -431/277  377/277        0        0        0        0        0        0        0        0]
Testing obstruction for
m1: 6, m2: 16,a: 4
[      -1 -255/277 -189/277  -79/277   75/277  273/277  515/277  801/277  577/277  397/277  261/277  169/277  121/277  117/277  157/277]
[ 241/277  369/277  541/277  757/277 1017/277  767/277  561/277  399/277  281/277  207/277  177/277  191/277  249/277  351/277  497/277]
[ 687/277  921/277  645/277  413/277  225/277   81/277  -19/277  -75/277  -87/277  -55/277   21/277  141/277  305/277  513/277  765/277]
[ 507/277  293/277  123/277   -3/277  -85/277 -123/277 -117/277  -67/277   27/277  165/277  347/277  573/277  843/277  603/277  407/277]
[ 255/277  147/277   83/277   63/277   87/277  155/277  267/277  423/277  623/277  867/277  601/277  379/277  201/277   67/277  -23/277]
[ -69/277  -71/277  -29/277   57/277  187/277  361/277  579/277  841/277  593/277  389/277  229/277  113/277   41/277   13/277   29/277]
[  89/277  193/277  341/277  533/277  769/277  495/277  265/277   79/277  -63/277 -161/277 -215/277 -225/277 -191/277 -113/277    9/277]
[ 175/277  385/277  639/277  937/277  725/277  557/277  433/277  353/277  317/277  325/277  377/277  473/277  613/277  797/277 1025/277]
[ 743/277  505/277  311/277  161/277   55/277   -7/277  -25/277    1/277   71/277  185/277  343/277  545/277  791/277  527/277  307/277]
[ 131/277   -1/277  -89/277 -133/277 -133/277  -89/277   -1/277  131/277  307/277  527/277  791/277  545/277  343/277  185/277   71/277]
[   1/277  -25/277   -7/277   55/277  161/277  311/277  505/277  743/277 1025/277  797/277  613/277  473/277  377/277  325/277  317/277]
[ 353/277  433/277  557/277  725/277  937/277  639/277  385/277  175/277    9/277 -113/277 -191/277 -225/277 -215/277 -161/277  -63/277]
[  79/277  265/277  495/277  769/277  533/277  341/277  193/277   89/277   29/277   13/277   41/277  113/277  229/277  389/277  593/277]
[ 841/277  579/277  361/277  187/277   57/277  -29/277  -71/277  -69/277  -23/277   67/277  201/277  379/277  601/277  867/277  623/277]
[ 423/277  267/277  155/277   87/277   63/277   83/277  147/277  255/277  407/277  603/277  843/277  573/277  347/277  165/277   27/277]
[ -67/277 -117/277 -123/277  -85/277   -3/277  123/277  293/277  507/277  765/277  513/277  305/277  141/277   21/277  -55/277  -87/277]
[ -75/277  -19/277   81/277  225/277  413/277  645/277  921/277  687/277  497/277  351/277  249/277  191/277  177/277  207/277  281/277]
[ 399/277  561/277  767/277 1017/277  757/277  541/277  369/277  241/277  157/277  117/277  121/277  169/277  261/277  397/277  577/277]
[ 801/277  515/277  273/277   75/277  -79/277 -189/277 -255/277        0        0        0        0        0        0        0        0]
Testing obstruction for
m1: 70, m2: 70,a: 69
[      -1 -273/277 -261/277 -241/277 -213/277 -177/277 -133/277  -81/277  -21/277   47/277  123/277  207/277  299/277  399/277  507/277]
[ 623/277  747/277  879/277 1019/277 1167/277 1323/277 1487/277 1659/277 1839/277 2027/277 2223/277 2427/277 2639/277 2859/277 3087/277]
[3323/277 3567/277 3819/277 4079/277 4347/277 4623/277 4353/277 4091/277 3837/277 3591/277 3353/277 3123/277 2901/277 2687/277 2481/277]
[2283/277 2093/277 1911/277 1737/277 1571/277 1413/277 1263/277 1121/277  987/277  861/277  743/277  633/277  531/277  437/277  351/277]
[ 273/277  203/277  141/277   87/277   41/277    3/277  -27/277  -49/277  -63/277  -69/277  -67/277  -57/277  -39/277  -13/277   21/277]
[  63/277  113/277  171/277  237/277  311/277  393/277  483/277  581/277  687/277  801/277  923/277 1053/277 1191/277 1337/277 1491/277]
[1653/277 1823/277 2001/277 2187/277 2381/277 2583/277 2793/277 3011/277 3237/277 3471/277 3713/277 3963/277 4221/277 4487/277 4761/277]
[4489/277 4225/277 3969/277 3721/277 3481/277 3249/277 3025/277 2809/277 2601/277 2401/277 2209/277 2025/277 1849/277 1681/277 1521/277]
[1369/277 1225/277 1089/277  961/277  841/277  729/277  625/277  529/277  441/277  361/277  289/277  225/277  169/277  121/277   81/277]
[  49/277   25/277    9/277    1/277    1/277    9/277   25/277   49/277   81/277  121/277  169/277  225/277  289/277  361/277  441/277]
[ 529/277  625/277  729/277  841/277  961/277 1089/277 1225/277 1369/277 1521/277 1681/277 1849/277 2025/277 2209/277 2401/277 2601/277]
[2809/277 3025/277 3249/277 3481/277 3721/277 3969/277 4225/277 4489/277 4761/277 4487/277 4221/277 3963/277 3713/277 3471/277 3237/277]
[3011/277 2793/277 2583/277 2381/277 2187/277 2001/277 1823/277 1653/277 1491/277 1337/277 1191/277 1053/277  923/277  801/277  687/277]
[ 581/277  483/277  393/277  311/277  237/277  171/277  113/277   63/277   21/277  -13/277  -39/277  -57/277  -67/277  -69/277  -63/277]
[ -49/277  -27/277    3/277   41/277   87/277  141/277  203/277  273/277  351/277  437/277  531/277  633/277  743/277  861/277  987/277]
[1121/277 1263/277 1413/277 1571/277 1737/277 1911/277 2093/277 2283/277 2481/277 2687/277 2901/277 3123/277 3353/277 3591/277 3837/277]
[4091/277 4353/277 4623/277 4347/277 4079/277 3819/277 3567/277 3323/277 3087/277 2859/277 2639/277 2427/277 2223/277 2027/277 1839/277]
[1659/277 1487/277 1323/277 1167/277 1019/277  879/277  747/277  623/277  507/277  399/277  299/277  207/277  123/277   47/277  -21/277]
[ -81/277 -133/277 -177/277 -213/277 -241/277 -261/277 -273/277        0        0        0        0        0        0        0        0]
[-273/277, -261/277]
111 [-273/277, 293/277]
---------------------------
SUCCESS for name = 13a2698
---------------------------
13a2709
Correction terms
[     -1  -41/97  -67/97   19/97   23/97  -55/97 -215/97  -69/97   -5/97  -23/97 -123/97 -111/97   13/97   55/97   15/97]
[-107/97 -117/97  -15/97    5/97  -57/97   -7/97  -39/97 -153/97 -155/97  -45/97  -17/97  -71/97 -207/97  -37/97   51/97]
[  57/97  -19/97 -177/97  -29/97   37/97   21/97  -77/97  -63/97 -131/97  -87/97 -125/97  -51/97  -59/97 -149/97 -127/97]
[   7/97   59/97   29/97  -83/97  -83/97   29/97   59/97    7/97 -127/97 -149/97  -59/97  -51/97 -125/97  -87/97 -131/97]
[ -63/97  -77/97   21/97   37/97  -29/97 -177/97  -19/97   57/97   51/97  -37/97 -207/97  -71/97  -17/97  -45/97 -155/97]
[-153/97  -39/97   -7/97  -57/97    5/97  -15/97 -117/97 -107/97   15/97   55/97   13/97 -111/97 -123/97  -23/97   -5/97]
[ -69/97 -215/97  -55/97   23/97   19/97  -67/97  -41/97       0       0       0       0       0       0       0       0]
Testing obstruction for
m1: 4, m2: 10,a: 3
[    -1 -83/97 -41/97  29/97 127/97  59/97  19/97   7/97  23/97  67/97 139/97  45/97 -21/97 -59/97 -69/97]
[-51/97  -5/97  69/97 171/97 107/97  71/97  63/97  83/97 131/97 207/97 117/97  55/97  21/97  15/97  37/97]
[ 87/97 165/97  77/97  17/97 -15/97 -19/97   5/97  57/97 137/97  51/97  -7/97 -37/97 -39/97 -13/97  41/97]
[123/97  39/97 -17/97 -45/97 -45/97 -17/97  39/97 123/97  41/97 -13/97 -39/97 -37/97  -7/97  51/97 137/97]
[ 57/97   5/97 -19/97 -15/97  17/97  77/97 165/97  87/97  37/97  15/97  21/97  55/97 117/97 207/97 131/97]
[ 83/97  63/97  71/97 107/97 171/97  69/97  -5/97 -51/97 -69/97 -59/97 -21/97  45/97 139/97  67/97  23/97]
[  7/97  19/97  59/97 127/97  29/97 -41/97 -83/97      0      0      0      0      0      0      0      0]
Unobstructed
48
---------------------------
---------------------------
13a2753
Correction terms
[      -1   29/177  -61/177   -31/59  -67/177 -337/177   -65/59 -349/177  -91/177   -43/59 -109/177  -31/177   -83/59  -55/177 -157/177]
[  -67/59 -187/177 -115/177     5/59 -151/177   95/177    15/59   53/177  119/177   -37/59   71/177  -43/177   -33/59  -97/177  -37/177]
[   27/59  -97/177  137/177    25/59   71/177  125/177   -39/59   53/177  -73/177   -47/59 -151/177 -103/177     1/59 -187/177   35/177]
[  -13/59  -55/177  -13/177   -89/59 -109/177 -247/177     9/59    5/177   41/177    45/59  -67/177  143/177    19/59   29/177      1/3]
[  -69/59  -61/177 -211/177    17/59   17/177   41/177    41/59  -91/177  107/177     3/59  -31/177  -13/177   -97/59 -157/177 -319/177]
[  -23/59 -115/177 -103/177   -11/59 -259/177  -73/177   -61/59 -235/177 -229/177   -55/59  -43/177 -217/177     7/59  -37/177  -37/177]
[    7/59 -217/177  -43/177   -55/59 -229/177 -235/177   -61/59  -73/177 -259/177   -11/59 -103/177 -115/177   -23/59 -319/177 -157/177]
[  -97/59  -13/177  -31/177     3/59  107/177  -91/177    41/59   41/177   17/177    17/59 -211/177  -61/177   -69/59      1/3   29/177]
[   19/59  143/177  -67/177    45/59   41/177    5/177     9/59 -247/177 -109/177   -89/59  -13/177  -55/177   -13/59   35/177 -187/177]
[    1/59 -103/177 -151/177   -47/59  -73/177   53/177   -39/59  125/177   71/177    25/59  137/177  -97/177    27/59  -37/177  -97/177]
[  -33/59  -43/177   71/177   -37/59  119/177   53/177    15/59   95/177 -151/177     5/59 -115/177 -187/177   -67/59 -157/177  -55/177]
[  -83/59  -31/177 -109/177   -43/59  -91/177 -349/177   -65/59 -337/177  -67/177   -31/59  -61/177   29/177        0        0        0]
Testing obstruction for
m1: 2, m2: 30,a: 0
[      -1  -53/177  -35/177   -41/59   37/177   91/177    13/59  235/177  325/177   103/59  541/177  667/177   229/59  955/177 1117/177]
[  391/59 1123/177  967/177   235/59  691/177  571/177   115/59  367/177  283/177    31/59  151/177  103/177   -17/59   43/177   31/177]
[  -29/59   43/177   67/177    -5/59  151/177  211/177    55/59  367/177  463/177   151/59  691/177  823/177   283/59 1123/177 1291/177]
[  333/59  955/177  805/177   183/59  541/177  427/177    69/59  235/177  157/177    -9/59   37/177   -5/177   -51/59  -53/177     -1/3]
[  -57/59  -35/177   -5/177   -27/59   91/177  157/177    39/59  325/177  427/177   141/59  667/177  805/177   279/59 1117/177 1291/177]
[  335/59  967/177  823/177   191/59  571/177  463/177    83/59  283/177  211/177    11/59  103/177   67/177   -25/59   31/177   31/177]
[  -25/59   67/177  103/177    11/59  211/177  283/177    83/59  463/177  571/177   191/59  823/177  967/177   335/59 1291/177 1117/177]
[  279/59  805/177  667/177   141/59  427/177  325/177    39/59  157/177   91/177   -27/59   -5/177  -35/177   -57/59     -1/3  -53/177]
[  -51/59   -5/177   37/177    -9/59  157/177  235/177    69/59  427/177  541/177   183/59  805/177  955/177   333/59 1291/177 1123/177]
[  283/59  823/177  691/177   151/59  463/177  367/177    55/59  211/177  151/177    -5/59   67/177   43/177   -29/59   31/177   43/177]
[  -17/59  103/177  151/177    31/59  283/177  367/177   115/59  571/177  691/177   235/59  967/177 1123/177   391/59 1117/177  955/177]
[  229/59  667/177  541/177   103/59  325/177  235/177    13/59   91/177   37/177   -41/59  -35/177  -53/177        0        0        0]
Testing obstruction for
m1: 16, m2: 16,a: 14
[      -1 -115/177   71/177     9/59  107/177  -43/177   -23/59   29/177  251/177    81/59  359/177  245/177    85/59  389/177  647/177]
[  225/59  473/177  395/177   147/59  257/177  197/177    87/59   95/177   53/177    45/59  -13/177  -37/177    21/59  -67/177  -73/177]
[   15/59  -67/177  -55/177    27/59  -13/177   17/177    57/59   95/177  143/177   105/59  257/177  323/177   171/59  473/177  557/177]
[  137/59  389/177  491/177   121/59  359/177  125/177     5/59   29/177  167/177    25/59  107/177  -91/177   -55/59 -115/177      1/3]
[    1/59   71/177  -91/177   -43/59  -43/177  167/177    49/59  251/177  125/177    41/59  245/177  491/177   169/59  647/177  557/177]
[  197/59  395/177  323/177   125/59  197/177  143/177    71/59   53/177   17/177    35/59  -37/177  -55/177    17/59  -73/177  -73/177]
[   17/59  -55/177  -37/177    35/59   17/177   53/177    71/59  143/177  197/177   125/59  323/177  395/177   197/59  557/177  647/177]
[  169/59  491/177  245/177    41/59  125/177  251/177    49/59  167/177  -43/177   -43/59  -91/177   71/177     1/59      1/3 -115/177]
[  -55/59  -91/177  107/177    25/59  167/177   29/177     5/59  125/177  359/177   121/59  491/177  389/177   137/59  557/177  473/177]
[  171/59  323/177  257/177   105/59  143/177   95/177    57/59   17/177  -13/177    27/59  -55/177  -67/177    15/59  -73/177  -67/177]
[   21/59  -37/177  -13/177    45/59   53/177   95/177    87/59  197/177  257/177   147/59  395/177  473/177   225/59  647/177  389/177]
[   85/59  245/177  359/177    81/59  251/177   29/177   -23/59  -43/177  107/177     9/59   71/177 -115/177        0        0        0]
Unobstructed
17
---------------------------
---------------------------
13a2761
Correction terms
[      -1 -167/153   97/153     3/17  -71/153  109/153    -5/17   79/153  175/153    -7/17  -23/153  -11/153    -3/17  -71/153 -143/153]
[  -27/17  -65/153      5/9   -11/17   -5/153   61/153    11/17  109/153   91/153     5/17  -29/153  175/153     5/17 -113/153    7/153]
[  -23/17 -143/153 -107/153   -11/17     -7/9  139/153     7/17  -41/153  133/153    -3/17   91/153  181/153    -7/17  -29/153  -23/153]
[   -5/17  -95/153 -173/153     3/17 -107/153   37/153        1  -65/153   -5/153     3/17   31/153    7/153    -5/17 -125/153   73/153]
[   -7/17 -227/153 -113/153    -3/17   31/153   61/153     7/17   37/153     -1/9    23/17   97/153  -41/153    11/17  -95/153  -11/153]
[    5/17 -233/153 -233/153     5/17  -11/153  -95/153    11/17  -41/153   97/153    23/17     -1/9   37/153     7/17   61/153   31/153]
[   -3/17 -113/153 -227/153    -7/17   73/153 -125/153    -5/17    7/153   31/153     3/17   -5/153  -65/153        1   37/153 -107/153]
[    3/17 -173/153  -95/153    -5/17  -23/153  -29/153    -7/17  181/153   91/153    -3/17  133/153  -41/153     7/17  139/153     -7/9]
[  -11/17 -107/153 -143/153   -23/17    7/153 -113/153     5/17  175/153  -29/153     5/17   91/153  109/153    11/17   61/153   -5/153]
[  -11/17      5/9  -65/153   -27/17 -143/153  -71/153    -3/17  -11/153  -23/153    -7/17  175/153   79/153    -5/17  109/153  -71/153]
[    3/17   97/153 -167/153        0        0        0        0        0        0        0        0        0        0        0        0]
Testing obstruction for
m1: 2, m2: 26,a: 0
Obstructed by Z^n/Q not being cyclic
Testing obstruction for
m1: 4, m2: 14,a: 3
[      -1 -139/153  -97/153    -3/17   71/153  197/153    39/17  227/153  131/153     7/17   23/153   11/153     3/17   71/153  143/153]
[   27/17  371/153     13/9    11/17    5/153  -61/153   -11/17 -109/153  -91/153    -5/17   29/153  131/153    29/17  419/153  299/153]
[   23/17  143/153  107/153    11/17      7/9  167/153    27/17  347/153  479/153    37/17  215/153  125/153     7/17   29/153   23/153]
[    5/17   95/153  173/153    31/17  413/153  269/153        1   65/153    5/153    -3/17  -31/153   -7/153     5/17  125/153  233/153]
[   41/17  227/153  113/153     3/17  -31/153  -61/153    -7/17  -37/153      1/9    11/17  209/153  347/153    23/17   95/153   11/153]
[   -5/17  -73/153  -73/153    -5/17   11/153   95/153    23/17  347/153  209/153    11/17      1/9  -37/153    -7/17  -61/153  -31/153]
[    3/17  113/153  227/153    41/17  233/153  125/153     5/17   -7/153  -31/153    -3/17    5/153   65/153        1  269/153  413/153]
[   31/17  173/153   95/153     5/17   23/153   29/153     7/17  125/153  215/153    37/17  479/153  347/153    27/17  167/153      7/9]
[   11/17  107/153  143/153    23/17  299/153  419/153    29/17  131/153   29/153    -5/17  -91/153 -109/153   -11/17  -61/153    5/153]
[   11/17     13/9  371/153    27/17  143/153   71/153     3/17   11/153   23/153     7/17  131/153  227/153    39/17  197/153   71/153]
[   -3/17  -97/153 -139/153        0        0        0        0        0        0        0        0        0        0        0        0]
Testing obstruction for
m1: 6, m2: 12,a: 5
[      -1 -131/153  -65/153     5/17  199/153   91/153     3/17    7/153   31/153    11/17  211/153   61/153    -5/17 -107/153 -125/153]
[  -11/17  -29/153      5/9    27/17  139/153   79/153     7/17   91/153  163/153    31/17  133/153   31/153    -3/17  -41/153  -11/153]
[    7/17  181/153  343/153    27/17     11/9  175/153    23/17  283/153  403/153    29/17  163/153  109/153    11/17  133/153  211/153]
[   37/17  193/153   97/153     5/17   37/153   73/153        1  277/153  139/153     5/17   -5/153  -11/153     3/17  109/153  235/153]
[   11/17    7/153  -41/153    -5/17   -5/153   79/153    23/17   73/153     -1/9    -7/17  -65/153  -23/153     7/17  193/153   61/153]
[   -3/17  -71/153  -71/153    -3/17   61/153  193/153     7/17  -23/153  -65/153    -7/17     -1/9   73/153    23/17   79/153   -5/153]
[   -5/17  -41/153    7/153    11/17  235/153  109/153     3/17  -11/153   -5/153     5/17  139/153  277/153        1   73/153   37/153]
[    5/17   97/153  193/153    37/17  211/153  133/153    11/17  109/153  163/153    29/17  403/153  283/153    23/17  175/153     11/9]
[   27/17  343/153  181/153     7/17  -11/153  -41/153    -3/17   31/153  133/153    31/17  163/153   91/153     7/17   79/153  139/153]
[   27/17      5/9  -29/153   -11/17 -125/153 -107/153    -5/17   61/153  211/153    11/17   31/153    7/153     3/17   91/153  199/153]
[    5/17  -65/153 -131/153        0        0        0        0        0        0        0        0        0        0        0        0]
Testing obstruction for
m1: 14, m2: 14,a: 12
Obstructed by Z^n/Q not being cyclic
---------------------------
SUCCESS for name = 13a2761
---------------------------
