12a320
Correction terms
[      -1  197/157    3/157 -111/157  169/157  -99/157   27/157  233/157 -109/157  257/157   75/157  -27/157  265/157    9/157  147/157]
[  51/157   35/157   99/157  -71/157  153/157  143/157 -101/157   49/157  -35/157  -39/157   37/157 -121/157  115/157  117/157 -115/157]
[  47/157  -25/157  -17/157   71/157  -75/157  173/157  187/157  -33/157  141/157   81/157  101/157  201/157   67/157   13/157   39/157]
[ 145/157   17/157  -31/157    1/157  113/157   -9/157  -51/157  -13/157  105/157  -11/157  -47/157   -3/157  121/157   11/157  -19/157]
[  31/157  161/157   57/157   33/157   89/157  225/157  127/157  109/157  171/157   -1/157  221/157  209/157  -37/157  111/157   25/157]
[  19/157   93/157  -67/157  167/157  167/157  -67/157   93/157   19/157   25/157  111/157  -37/157  209/157  221/157   -1/157  171/157]
[ 109/157  127/157  225/157   89/157   33/157   57/157  161/157   31/157  -19/157   11/157  121/157   -3/157  -47/157  -11/157  105/157]
[ -13/157  -51/157   -9/157  113/157    1/157  -31/157   17/157  145/157   39/157   13/157   67/157  201/157  101/157   81/157  141/157]
[ -33/157  187/157  173/157  -75/157   71/157  -17/157  -25/157   47/157 -115/157  117/157  115/157 -121/157   37/157  -39/157  -35/157]
[  49/157 -101/157  143/157  153/157  -71/157   99/157   35/157   51/157  147/157    9/157  265/157  -27/157   75/157  257/157 -109/157]
[ 233/157   27/157  -99/157  169/157 -111/157    3/157  197/157        0        0        0        0        0        0        0        0]
Testing obstruction for
m1: 4, m2: 12,a: 1
[      -1 -143/157 -101/157  -31/157   67/157  193/157  347/157  215/157  111/157   35/157  -13/157  -33/157  -25/157   11/157   75/157]
[ 167/157  287/157  435/157  297/157  187/157  105/157   51/157   25/157   27/157   57/157  115/157  201/157  315/157  457/157  313/157]
[ 197/157  109/157   49/157   17/157   13/157   37/157   89/157  169/157  277/157  413/157  263/157  141/157   47/157  -19/157  -57/157]
[ -67/157  -49/157   -3/157   71/157  173/157  303/157  461/157  333/157  233/157  161/157  117/157  101/157  113/157  153/157  221/157]
[ 317/157  441/157  279/157  145/157   39/157  -39/157  -89/157 -111/157 -105/157  -71/157   -9/157   81/157  199/157  345/157  205/157]
[  93/157    9/157  -47/157  -75/157  -75/157  -47/157    9/157   93/157  205/157  345/157  199/157   81/157   -9/157  -71/157 -105/157]
[-111/157  -89/157  -39/157   39/157  145/157  279/157  441/157  317/157  221/157  153/157  113/157  101/157  117/157  161/157  233/157]
[ 333/157  461/157  303/157  173/157   71/157   -3/157  -49/157  -67/157  -57/157  -19/157   47/157  141/157  263/157  413/157  277/157]
[ 169/157   89/157   37/157   13/157   17/157   49/157  109/157  197/157  313/157  457/157  315/157  201/157  115/157   57/157   27/157]
[  25/157   51/157  105/157  187/157  297/157  435/157  287/157  167/157   75/157   11/157  -25/157  -33/157  -13/157   35/157  111/157]
[ 215/157  347/157  193/157   67/157  -31/157 -101/157 -143/157        0        0        0        0        0        0        0        0]
Testing obstruction for
m1: 40, m2: 40,a: 39
[      -1 -153/157 -141/157 -121/157  -93/157  -57/157  -13/157   39/157   99/157  167/157  243/157  327/157  419/157  519/157  627/157]
[ 743/157  867/157  999/157 1139/157 1287/157 1443/157 1293/157 1151/157 1017/157  891/157  773/157  663/157  561/157  467/157  381/157]
[ 303/157  233/157  171/157  117/157   71/157   33/157    3/157  -19/157  -33/157  -39/157  -37/157  -27/157   -9/157   17/157   51/157]
[  93/157  143/157  201/157  267/157  341/157  423/157  513/157  611/157  717/157  831/157  953/157 1083/157 1221/157 1367/157 1521/157]
[1369/157 1225/157 1089/157  961/157  841/157  729/157  625/157  529/157  441/157  361/157  289/157  225/157  169/157  121/157   81/157]
[  49/157   25/157    9/157    1/157    1/157    9/157   25/157   49/157   81/157  121/157  169/157  225/157  289/157  361/157  441/157]
[ 529/157  625/157  729/157  841/157  961/157 1089/157 1225/157 1369/157 1521/157 1367/157 1221/157 1083/157  953/157  831/157  717/157]
[ 611/157  513/157  423/157  341/157  267/157  201/157  143/157   93/157   51/157   17/157   -9/157  -27/157  -37/157  -39/157  -33/157]
[ -19/157    3/157   33/157   71/157  117/157  171/157  233/157  303/157  381/157  467/157  561/157  663/157  773/157  891/157 1017/157]
[1151/157 1293/157 1443/157 1287/157 1139/157  999/157  867/157  743/157  627/157  519/157  419/157  327/157  243/157  167/157   99/157]
[  39/157  -13/157  -57/157  -93/157 -121/157 -141/157 -153/157        0        0        0        0        0        0        0        0]
---------------------------
SUCCESS for name = 12a320
---------------------------
12a329
Correction terms
[      -1   97/141  -35/141     9/47    1/141  169/141   -11/47  -41/141 -137/141   -13/47  -29/141 -107/141     3/47   37/141  -23/141]
[   37/47  157/141  115/141    -5/47   49/141   25/141   -29/47   -5/141  -11/141    59/47   -5/141    7/141   -23/47   49/141 -203/141]
[    7/47 -125/141  -77/141   -39/47   37/141  103/141    27/47  -29/141   55/141    17/47  -41/141   61/141    25/47    1/141  121/141]
[   51/47   97/141     -1/3     1/47  -35/141 -161/141   -31/47 -113/141   61/141   -45/47  145/141   55/141    53/47 -107/141  103/141]
[  -19/47  -23/141  -77/141    21/47  115/141   79/141   -15/47   25/141    7/141   -33/47  -11/141  -11/141   -33/47    7/141   25/141]
[  -15/47   79/141  115/141    21/47  -77/141  -23/141   -19/47  103/141 -107/141    53/47   55/141  145/141   -45/47   61/141 -113/141]
[  -31/47 -161/141  -35/141     1/47     -1/3   97/141    51/47  121/141    1/141    25/47   61/141  -41/141    17/47   55/141  -29/141]
[   27/47  103/141   37/141   -39/47  -77/141 -125/141     7/47 -203/141   49/141   -23/47    7/141   -5/141    59/47  -11/141   -5/141]
[  -29/47   25/141   49/141    -5/47  115/141  157/141    37/47  -23/141   37/141     3/47 -107/141  -29/141   -13/47 -137/141  -41/141]
[  -11/47  169/141    1/141     9/47  -35/141   97/141        0        0        0        0        0        0        0        0        0]
Testing obstruction for
m1: 2, m2: 24,a: 0
[     -1 -41/141 -23/141  -29/47  49/141 103/141   25/47 247/141 337/141  115/47 553/141 679/141  241/47 685/141 565/141]
[ 121/47 361/141 277/141   37/47 145/141  97/141  -11/47  37/141  25/141  -23/47  37/141  61/141    1/47 145/141 205/141]
[  61/47 361/141 457/141  157/47 685/141 817/141  195/47 553/141 439/141   81/47 247/141 169/141    3/47  49/141   7/141]
[ -39/47 -41/141    -1/3  -45/47 -23/141   7/141  -15/47 103/141 169/141   51/47 337/141 439/141  153/47 679/141 817/141]
[ 197/47 565/141 457/141   89/47 277/141 205/141   17/47  97/141  61/141  -19/47  25/141  25/141  -19/47  61/141  97/141]
[  17/47 205/141 277/141   89/47 457/141 565/141  197/47 817/141 679/141  153/47 439/141 337/141   51/47 169/141 103/141]
[ -15/47   7/141 -23/141  -45/47    -1/3 -41/141  -39/47   7/141  49/141    3/47 169/141 247/141   81/47 439/141 553/141]
[ 195/47 817/141 685/141  157/47 457/141 361/141   61/47 205/141 145/141    1/47  61/141  37/141  -23/47  25/141  37/141]
[ -11/47  97/141 145/141   37/47 277/141 361/141  121/47 565/141 685/141  241/47 679/141 553/141  115/47 337/141 247/141]
[  25/47 103/141  49/141  -29/47 -23/141 -41/141       0       0       0       0       0       0       0       0       0]
Unobstructed
7
---------------------------
---------------------------
12a331
Correction terms
[      -1   -5/177 -197/177   -15/59   97/177 -125/177    -1/59  109/177 -143/177   -17/59   31/177 -251/177   -63/59 -137/177  -95/177]
[  -21/59  -41/177  -29/177    -9/59  -35/177  -53/177   -27/59 -119/177 -167/177   -75/59   61/177  -17/177   -35/59  151/177   43/177]
[  -25/59  151/177   13/177   -45/59   61/177 -107/177    23/59 -119/177   37/177    61/59  -35/177   91/177    69/59  -41/177   55/177]
[   47/59 -137/177  -71/177    -5/59   31/177   67/177    31/59  109/177  115/177    37/59   97/177   73/177    13/59   -5/177     -1/3]
[  -41/59 -197/177   73/177    -7/59 -125/177  115/177    -3/59 -143/177   67/177   -29/59 -251/177  -71/177   -85/59  -95/177   55/177]
[  -53/59  -29/177   91/177   -51/59  -53/177   37/177   -79/59 -167/177 -107/177   -19/59  -17/177   13/177    11/59   43/177   43/177]
[   11/59   13/177  -17/177   -19/59 -107/177 -167/177   -79/59   37/177  -53/177   -51/59   91/177  -29/177   -53/59   55/177  -95/177]
[  -85/59  -71/177 -251/177   -29/59   67/177 -143/177    -3/59  115/177 -125/177    -7/59   73/177 -197/177   -41/59     -1/3   -5/177]
[   13/59   73/177   97/177    37/59  115/177  109/177    31/59   67/177   31/177    -5/59  -71/177 -137/177    47/59   55/177  -41/177]
[   69/59   91/177  -35/177    61/59   37/177 -119/177    23/59 -107/177   61/177   -45/59   13/177  151/177   -25/59   43/177  151/177]
[  -35/59  -17/177   61/177   -75/59 -167/177 -119/177   -27/59  -53/177  -35/177    -9/59  -29/177  -41/177   -21/59  -95/177 -137/177]
[  -63/59 -251/177   31/177   -17/59 -143/177  109/177    -1/59 -125/177   97/177   -15/59 -197/177   -5/177        0        0        0]
Testing obstruction for
m1: 2, m2: 30,a: 0
[      -1  -53/177  -35/177   -41/59   37/177   91/177    13/59  235/177  325/177   103/59  541/177  667/177   229/59  955/177 1117/177]
[  391/59 1123/177  967/177   235/59  691/177  571/177   115/59  367/177  283/177    31/59  151/177  103/177   -17/59   43/177   31/177]
[  -29/59   43/177   67/177    -5/59  151/177  211/177    55/59  367/177  463/177   151/59  691/177  823/177   283/59 1123/177 1291/177]
[  333/59  955/177  805/177   183/59  541/177  427/177    69/59  235/177  157/177    -9/59   37/177   -5/177   -51/59  -53/177     -1/3]
[  -57/59  -35/177   -5/177   -27/59   91/177  157/177    39/59  325/177  427/177   141/59  667/177  805/177   279/59 1117/177 1291/177]
[  335/59  967/177  823/177   191/59  571/177  463/177    83/59  283/177  211/177    11/59  103/177   67/177   -25/59   31/177   31/177]
[  -25/59   67/177  103/177    11/59  211/177  283/177    83/59  463/177  571/177   191/59  823/177  967/177   335/59 1291/177 1117/177]
[  279/59  805/177  667/177   141/59  427/177  325/177    39/59  157/177   91/177   -27/59   -5/177  -35/177   -57/59     -1/3  -53/177]
[  -51/59   -5/177   37/177    -9/59  157/177  235/177    69/59  427/177  541/177   183/59  805/177  955/177   333/59 1291/177 1123/177]
[  283/59  823/177  691/177   151/59  463/177  367/177    55/59  211/177  151/177    -5/59   67/177   43/177   -29/59   31/177   43/177]
[  -17/59  103/177  151/177    31/59  283/177  367/177   115/59  571/177  691/177   235/59  967/177 1123/177   391/59 1117/177  955/177]
[  229/59  667/177  541/177   103/59  325/177  235/177    13/59   91/177   37/177   -41/59  -35/177  -53/177        0        0        0]
[-53/177, -35/177, -41/59, 37/177, 91/177, 13/59, 235/177, 325/177, 103/59, 541/177, 667/177, 229/59, 955/177, 1117/177, 391/59, 1123/177, 967/177, 235/59, 691/177, 571/177, 115/59, 367/177, 283/177, 31/59, 151/177, 103/177, -17/59, 43/177, 31/177, -29/59, 43/177, 67/177, -5/59, 151/177, 211/177, 55/59, 367/177, 463/177, 151/59, 691/177, 823/177, 283/59, 1123/177, 1291/177, 333/59, 955/177, 805/177, 183/59, 541/177, 427/177, 69/59, 235/177, 157/177, -9/59, 37/177, -5/177, -51/59, -53/177, -1/3, -57/59]
20 [-53/177, -35/177, -41/59, 37/177, 91/177, 13/59, -119/177, -29/177, -15/59, -167/177, -41/177, -7/59, -107/177, 55/177, 37/59, 61/177, -95/177, -1/59, -17/177, -137/177, -3/59, 13/177, -71/177, 31/59, 151/177, -251/177, -17/59, 43/177, 31/177, -29/59, 43/177, 67/177, -5/59, 151/177, -143/177, -63/59, 13/177, 109/177, -85/59, -17/177, 115/177, 47/59, 61/177, -125/177, -21/59, -107/177, 97/177, -53/59, -167/177, 73/177, 69/59, -119/177, -197/177, -9/59, 37/177, -5/177, -51/59, -53/177, -1/3, 61/59]
[-53/177, -35/177, -41/59, 37/177, 91/177, 13/59, 235/177, 325/177, 103/59, 541/177, 667/177, 229/59, 955/177, 1117/177, 391/59, 1123/177, 967/177, 235/59, 691/177, 571/177, 115/59, 367/177, 283/177, 31/59, 151/177, 103/177, -17/59, 43/177, 31/177, -29/59, 43/177, 67/177, -5/59, 151/177, 211/177, 55/59, 367/177, 463/177, 151/59, 691/177, 823/177, 283/59, 1123/177, 1291/177, 333/59, 955/177, 805/177, 183/59, 541/177, 427/177, 69/59, 235/177, 157/177, -9/59, 37/177, -5/177, -51/59, -53/177, -1/3, -57/59]
79 [-53/177, -35/177, -41/59, 37/177, 91/177, 13/59, -119/177, -29/177, -15/59, -167/177, -41/177, -7/59, -107/177, 55/177, 37/59, 61/177, -95/177, -1/59, -17/177, -137/177, -3/59, 13/177, -71/177, 31/59, 151/177, -251/177, -17/59, 43/177, 31/177, -29/59, 43/177, 67/177, -5/59, 151/177, -143/177, -63/59, 13/177, 109/177, -85/59, -17/177, 115/177, 47/59, 61/177, -125/177, -21/59, -107/177, 97/177, -53/59, -167/177, 73/177, 69/59, -119/177, -197/177, -9/59, 37/177, -5/177, -51/59, -53/177, -1/3, 61/59]
Testing obstruction for
m1: 16, m2: 16,a: 14
[      -1 -115/177   71/177     9/59  107/177  -43/177   -23/59   29/177  251/177    81/59  359/177  245/177    85/59  389/177  647/177]
[  225/59  473/177  395/177   147/59  257/177  197/177    87/59   95/177   53/177    45/59  -13/177  -37/177    21/59  -67/177  -73/177]
[   15/59  -67/177  -55/177    27/59  -13/177   17/177    57/59   95/177  143/177   105/59  257/177  323/177   171/59  473/177  557/177]
[  137/59  389/177  491/177   121/59  359/177  125/177     5/59   29/177  167/177    25/59  107/177  -91/177   -55/59 -115/177      1/3]
[    1/59   71/177  -91/177   -43/59  -43/177  167/177    49/59  251/177  125/177    41/59  245/177  491/177   169/59  647/177  557/177]
[  197/59  395/177  323/177   125/59  197/177  143/177    71/59   53/177   17/177    35/59  -37/177  -55/177    17/59  -73/177  -73/177]
[   17/59  -55/177  -37/177    35/59   17/177   53/177    71/59  143/177  197/177   125/59  323/177  395/177   197/59  557/177  647/177]
[  169/59  491/177  245/177    41/59  125/177  251/177    49/59  167/177  -43/177   -43/59  -91/177   71/177     1/59      1/3 -115/177]
[  -55/59  -91/177  107/177    25/59  167/177   29/177     5/59  125/177  359/177   121/59  491/177  389/177   137/59  557/177  473/177]
[  171/59  323/177  257/177   105/59  143/177   95/177    57/59   17/177  -13/177    27/59  -55/177  -67/177    15/59  -73/177  -67/177]
[   21/59  -37/177  -13/177    45/59   53/177   95/177    87/59  197/177  257/177   147/59  395/177  473/177   225/59  647/177  389/177]
[   85/59  245/177  359/177    81/59  251/177   29/177   -23/59  -43/177  107/177     9/59   71/177 -115/177        0        0        0]
---------------------------
SUCCESS for name = 12a331
---------------------------
12a350
Correction terms
[      -1   25/229 -129/229  225/229  171/229  167/229  213/229 -149/229   -3/229 -265/229  -19/229 -181/229  165/229  103/229   91/229]
[ 129/229  217/229 -103/229   85/229 -135/229  153/229   33/229  -37/229  -57/229  -27/229   53/229 -275/229  -95/229 -323/229  -43/229]
[-171/229  209/229  181/229  203/229  275/229  -61/229  111/229 -125/229  147/229   11/229  -75/229 -111/229  -97/229  -33/229   81/229]
[-213/229    1/229 -193/229  121/229   27/229  -17/229  -11/229   45/229  151/229 -151/229   55/229 -147/229  159/229   57/229    5/229]
[   3/229   51/229  149/229 -161/229   37/229 -173/229  125/229   15/229  -45/229  -55/229  -15/229   75/229  215/229  -53/229  187/229]
[  19/229  -99/229 -167/229 -185/229 -153/229  -71/229   61/229 -215/229   17/229 -159/229  173/229   97/229   71/229   95/229  169/229]
[ 293/229    9/229  233/229   49/229  -85/229 -169/229 -203/229 -187/229 -121/229   -5/229  161/229  -81/229  185/229   43/229  -49/229]
[ -91/229  -83/229  -25/229   83/229  241/229   -9/229  249/229   99/229   -1/229  -51/229  -51/229   -1/229   99/229  249/229   -9/229]
[ 241/229   83/229  -25/229  -83/229  -91/229  -49/229   43/229  185/229  -81/229  161/229   -5/229 -121/229 -187/229 -203/229 -169/229]
[ -85/229   49/229  233/229    9/229  293/229  169/229   95/229   71/229   97/229  173/229 -159/229   17/229 -215/229   61/229  -71/229]
[-153/229 -185/229 -167/229  -99/229   19/229  187/229  -53/229  215/229   75/229  -15/229  -55/229  -45/229   15/229  125/229 -173/229]
[  37/229 -161/229  149/229   51/229    3/229    5/229   57/229  159/229 -147/229   55/229 -151/229  151/229   45/229  -11/229  -17/229]
[  27/229  121/229 -193/229    1/229 -213/229   81/229  -33/229  -97/229 -111/229  -75/229   11/229  147/229 -125/229  111/229  -61/229]
[ 275/229  203/229  181/229  209/229 -171/229  -43/229 -323/229  -95/229 -275/229   53/229  -27/229  -57/229  -37/229   33/229  153/229]
[-135/229   85/229 -103/229  217/229  129/229   91/229  103/229  165/229 -181/229  -19/229 -265/229   -3/229 -149/229  213/229  167/229]
[ 171/229  225/229 -129/229   25/229        0        0        0        0        0        0        0        0        0        0        0]
Testing obstruction for
m1: 4, m2: 18,a: 2
[      -1 -215/229 -173/229 -103/229   -5/229  121/229  275/229  457/229  667/229  905/229  713/229  549/229  413/229  305/229  225/229]
[ 173/229  149/229  153/229  185/229  245/229  333/229  449/229  593/229  765/229  965/229  735/229  533/229  359/229  213/229   95/229]
[   5/229  -57/229  -91/229  -97/229  -75/229  -25/229   53/229  159/229  293/229  455/229  645/229  863/229  651/229  467/229  311/229]
[ 183/229   83/229   11/229  -33/229  -49/229  -37/229    3/229   71/229  167/229  291/229  443/229  623/229  831/229  609/229  415/229]
[ 249/229  111/229    1/229  -81/229 -135/229 -161/229 -159/229 -129/229  -71/229   15/229  129/229  271/229  441/229  639/229  865/229]
[ 661/229  485/229  337/229  217/229  125/229   61/229   25/229   17/229   37/229   85/229  161/229  265/229  397/229  557/229  745/229]
[ 961/229  747/229  561/229  403/229  273/229  171/229   97/229   51/229   33/229   43/229   81/229  147/229  241/229  363/229  513/229]
[ 691/229  897/229  673/229  477/229  309/229  169/229   57/229  -27/229  -83/229 -111/229 -111/229  -83/229  -27/229   57/229  169/229]
[ 309/229  477/229  673/229  897/229  691/229  513/229  363/229  241/229  147/229   81/229   43/229   33/229   51/229   97/229  171/229]
[ 273/229  403/229  561/229  747/229  961/229  745/229  557/229  397/229  265/229  161/229   85/229   37/229   17/229   25/229   61/229]
[ 125/229  217/229  337/229  485/229  661/229  865/229  639/229  441/229  271/229  129/229   15/229  -71/229 -129/229 -159/229 -161/229]
[-135/229  -81/229    1/229  111/229  249/229  415/229  609/229  831/229  623/229  443/229  291/229  167/229   71/229    3/229  -37/229]
[ -49/229  -33/229   11/229   83/229  183/229  311/229  467/229  651/229  863/229  645/229  455/229  293/229  159/229   53/229  -25/229]
[ -75/229  -97/229  -91/229  -57/229    5/229   95/229  213/229  359/229  533/229  735/229  965/229  765/229  593/229  449/229  333/229]
[ 245/229  185/229  153/229  149/229  173/229  225/229  305/229  413/229  549/229  713/229  905/229  667/229  457/229  275/229  121/229]
[  -5/229 -103/229 -173/229 -215/229        0        0        0        0        0        0        0        0        0        0        0]
Unobstructed
82
---------------------------
---------------------------
12a370
Correction terms
[      -1  -73/113 -179/113   21/113 -151/113  -17/113  -29/113   39/113  -39/113  -37/113   45/113  -19/113   -3/113 -133/113   43/113]
[-153/113  -43/113  -79/113  -35/113 -137/113   67/113 -101/113   37/113   29/113  101/113   27/113   33/113  119/113   59/113   79/113]
[ -47/113  133/113  -59/113   55/113   23/113   71/113  -27/113  -45/113   17/113  -67/113  -71/113    5/113  -65/113  -55/113   35/113]
[ -21/113    3/113 -119/113   65/113 -123/113   -5/113  -33/113   19/113  -75/113  -89/113  -23/113 -103/113 -103/113  -23/113  -89/113]
[ -75/113   19/113  -33/113   -5/113 -123/113   65/113 -119/113    3/113  -21/113   35/113  -55/113  -65/113    5/113  -71/113  -67/113]
[  17/113  -45/113  -27/113   71/113   23/113   55/113  -59/113  133/113  -47/113   79/113   59/113  119/113   33/113   27/113  101/113]
[  29/113   37/113 -101/113   67/113 -137/113  -35/113  -79/113  -43/113 -153/113   43/113 -133/113   -3/113  -19/113   45/113  -37/113]
[ -39/113   39/113  -29/113  -17/113 -151/113   21/113 -179/113  -73/113        0        0        0        0        0        0        0]
Testing obstruction for
m1: 2, m2: 20,a: 1
[      -1 -107/113  -89/113  -59/113  -17/113   37/113  103/113  181/113  271/113  373/113  487/113  387/113  299/113  223/113  159/113]
[ 107/113   67/113   39/113   23/113   19/113   27/113   47/113   79/113  123/113  179/113  247/113  327/113  419/113  523/113  413/113]
[ 315/113  229/113  155/113   93/113   43/113    5/113  -21/113  -35/113  -37/113  -27/113   -5/113   29/113   75/113  133/113  203/113]
[ 285/113  379/113  485/113  377/113  281/113  197/113  125/113   65/113   17/113  -19/113  -43/113  -55/113  -55/113  -43/113  -19/113]
[  17/113   65/113  125/113  197/113  281/113  377/113  485/113  379/113  285/113  203/113  133/113   75/113   29/113   -5/113  -27/113]
[ -37/113  -35/113  -21/113    5/113   43/113   93/113  155/113  229/113  315/113  413/113  523/113  419/113  327/113  247/113  179/113]
[ 123/113   79/113   47/113   27/113   19/113   23/113   39/113   67/113  107/113  159/113  223/113  299/113  387/113  487/113  373/113]
[ 271/113  181/113  103/113   37/113  -17/113  -59/113  -89/113 -107/113        0        0        0        0        0        0        0]
Testing obstruction for
m1: 10, m2: 12,a: 9
[      -1 -101/113  -65/113   -5/113   79/113  187/113   93/113   23/113  -23/113  -45/113  -43/113  -17/113   33/113  107/113  205/113]
[ 101/113   21/113  -35/113  -67/113  -75/113  -59/113  -19/113   45/113  133/113  245/113  155/113   89/113   47/113   29/113   35/113]
[  65/113  119/113  197/113  299/113  199/113  123/113   71/113   43/113   39/113   59/113  103/113  171/113  263/113  153/113   67/113]
[   5/113  -33/113  -47/113  -37/113   -3/113   55/113  137/113  243/113  147/113   75/113   27/113    3/113    3/113   27/113   75/113]
[ 147/113  243/113  137/113   55/113   -3/113  -37/113  -47/113  -33/113    5/113   67/113  153/113  263/113  171/113  103/113   59/113]
[  39/113   43/113   71/113  123/113  199/113  299/113  197/113  119/113   65/113   35/113   29/113   47/113   89/113  155/113  245/113]
[ 133/113   45/113  -19/113  -59/113  -75/113  -67/113  -35/113   21/113  101/113  205/113  107/113   33/113  -17/113  -43/113  -45/113]
[ -23/113   23/113   93/113  187/113   79/113   -5/113  -65/113 -101/113        0        0        0        0        0        0        0]
Unobstructed
21
---------------------------
---------------------------
