13a4510
Correction terms
[      -1  203/293  -67/293   69/293   25/293 -199/293  -17/293  -15/293 -193/293   35/293   83/293  -49/293  225/293 -267/293  233/293]
[ -33/293  107/293   67/293 -153/293   33/293   39/293 -135/293   97/293  149/293   21/293  299/293 -189/293  315/293   53/293  197/293]
[ 161/293  -55/293  135/293  145/293  -25/293  211/293  267/293  143/293  425/293  -59/293 -137/293  191/293 -247/293  307/293   95/293]
[ 289/293  303/293  137/293 -209/293 -149/293 -269/293   17/293  123/293   49/293  381/293  -53/293  -81/293 -289/293  -91/293  -73/293]
[-235/293    9/293   73/293  -43/293  247/293 -229/293 -299/293   37/293 -393/293  169/293  -35/293  167/293  189/293   31/293 -307/293]
[-239/293 -351/293  -57/293   57/293   -9/293  331/293  -95/293 -115/293 -315/293 -109/293  -83/293 -237/293   15/293   87/293  -21/293]
[ 277/293 -191/293 -253/293   91/293 -331/293  239/293   43/293  253/293  283/293  133/293 -197/293 -121/293 -225/293   77/293  199/293]
[ 141/293  489/293   71/293   59/293 -133/293   81/293  115/293  -31/293  229/293  309/293  209/293  -71/293   55/293    1/293  353/293]
[ -61/293  -69/293  329/293  -39/293   -1/293 -143/293  121/293  205/293  109/293 -167/293  -37/293  -87/293  269/293 -141/293 -145/293]
[ 257/293 -107/293  -65/293 -203/293   65/293  153/293   61/293 -211/293  -77/293 -123/293  237/293 -169/293 -169/293  237/293 -123/293]
[ -77/293 -211/293   61/293  153/293   65/293 -203/293  -65/293 -107/293  257/293 -145/293 -141/293  269/293  -87/293  -37/293 -167/293]
[ 109/293  205/293  121/293 -143/293   -1/293  -39/293  329/293  -69/293  -61/293  353/293    1/293   55/293  -71/293  209/293  309/293]
[ 229/293  -31/293  115/293   81/293 -133/293   59/293   71/293  489/293  141/293  199/293   77/293 -225/293 -121/293 -197/293  133/293]
[ 283/293  253/293   43/293  239/293 -331/293   91/293 -253/293 -191/293  277/293  -21/293   87/293   15/293 -237/293  -83/293 -109/293]
[-315/293 -115/293  -95/293  331/293   -9/293   57/293  -57/293 -351/293 -239/293 -307/293   31/293  189/293  167/293  -35/293  169/293]
[-393/293   37/293 -299/293 -229/293  247/293  -43/293   73/293    9/293 -235/293  -73/293  -91/293 -289/293  -81/293  -53/293  381/293]
[  49/293  123/293   17/293 -269/293 -149/293 -209/293  137/293  303/293  289/293   95/293  307/293 -247/293  191/293 -137/293  -59/293]
[ 425/293  143/293  267/293  211/293  -25/293  145/293  135/293  -55/293  161/293  197/293   53/293  315/293 -189/293  299/293   21/293]
[ 149/293   97/293 -135/293   39/293   33/293 -153/293   67/293  107/293  -33/293  233/293 -267/293  225/293  -49/293   83/293   35/293]
[-193/293  -15/293  -17/293 -199/293   25/293   69/293  -67/293  203/293        0        0        0        0        0        0        0]
Testing obstruction for
m1: 2, m2: 50,a: 1
[      -1 -287/293 -269/293 -239/293 -197/293 -143/293  -77/293    1/293   91/293  193/293  307/293  433/293  571/293  721/293  883/293]
[1057/293 1243/293 1441/293 1651/293 1873/293 2107/293 2353/293 2611/293 2881/293 3163/293 3457/293 3177/293 2909/293 2653/293 2409/293]
[2177/293 1957/293 1749/293 1553/293 1369/293 1197/293 1037/293  889/293  753/293  629/293  517/293  417/293  329/293  253/293  189/293]
[ 137/293   97/293   69/293   53/293   49/293   57/293   77/293  109/293  153/293  209/293  277/293  357/293  449/293  553/293  669/293]
[ 797/293  937/293 1089/293 1253/293 1429/293 1617/293 1817/293 2029/293 2253/293 2489/293 2737/293 2997/293 3269/293 3553/293 3263/293]
[2985/293 2719/293 2465/293 2223/293 1993/293 1775/293 1569/293 1375/293 1193/293 1023/293  865/293  719/293  585/293  463/293  353/293]
[ 255/293  169/293   95/293   33/293  -17/293  -55/293  -81/293  -95/293  -97/293  -87/293  -65/293  -31/293   15/293   73/293  143/293]
[ 225/293  319/293  425/293  543/293  673/293  815/293  969/293 1135/293 1313/293 1503/293 1705/293 1919/293 2145/293 2383/293 2633/293]
[2895/293 3169/293 3455/293 3167/293 2891/293 2627/293 2375/293 2135/293 1907/293 1691/293 1487/293 1295/293 1115/293  947/293  791/293]
[ 647/293  515/293  395/293  287/293  191/293  107/293   35/293  -25/293  -73/293 -109/293 -133/293 -145/293 -145/293 -133/293 -109/293]
[ -73/293  -25/293   35/293  107/293  191/293  287/293  395/293  515/293  647/293  791/293  947/293 1115/293 1295/293 1487/293 1691/293]
[1907/293 2135/293 2375/293 2627/293 2891/293 3167/293 3455/293 3169/293 2895/293 2633/293 2383/293 2145/293 1919/293 1705/293 1503/293]
[1313/293 1135/293  969/293  815/293  673/293  543/293  425/293  319/293  225/293  143/293   73/293   15/293  -31/293  -65/293  -87/293]
[ -97/293  -95/293  -81/293  -55/293  -17/293   33/293   95/293  169/293  255/293  353/293  463/293  585/293  719/293  865/293 1023/293]
[1193/293 1375/293 1569/293 1775/293 1993/293 2223/293 2465/293 2719/293 2985/293 3263/293 3553/293 3269/293 2997/293 2737/293 2489/293]
[2253/293 2029/293 1817/293 1617/293 1429/293 1253/293 1089/293  937/293  797/293  669/293  553/293  449/293  357/293  277/293  209/293]
[ 153/293  109/293   77/293   57/293   49/293   53/293   69/293   97/293  137/293  189/293  253/293  329/293  417/293  517/293  629/293]
[ 753/293  889/293 1037/293 1197/293 1369/293 1553/293 1749/293 1957/293 2177/293 2409/293 2653/293 2909/293 3177/293 3457/293 3163/293]
[2881/293 2611/293 2353/293 2107/293 1873/293 1651/293 1441/293 1243/293 1057/293  883/293  721/293  571/293  433/293  307/293  193/293]
[  91/293    1/293  -77/293 -143/293 -197/293 -239/293 -269/293 -287/293        0        0        0        0        0        0        0]
Testing obstruction for
m1: 6, m2: 14,a: 1
[      -1 -271/293 -205/293  -95/293   59/293  257/293  499/293  785/293  529/293  317/293  149/293   25/293  -55/293  -91/293  -83/293]
[ -31/293   65/293  205/293  389/293  617/293  889/293  619/293  393/293  211/293   73/293  -21/293  -71/293  -77/293  -39/293   43/293]
[ 169/293  339/293  553/293  811/293 1113/293  873/293  677/293  525/293  417/293  353/293  333/293  357/293  425/293  537/293  693/293]
[ 893/293 1137/293  839/293  585/293  375/293  209/293   87/293    9/293  -25/293  -15/293   39/293  137/293  279/293  465/293  695/293]
[ 969/293  701/293  477/293  297/293  161/293   69/293   21/293   17/293   57/293  141/293  269/293  441/293  657/293  917/293  635/293]
[ 397/293  203/293   53/293  -53/293 -115/293 -133/293 -107/293  -37/293   77/293  235/293  437/293  683/293  973/293  721/293  513/293]
[ 349/293  229/293  153/293  121/293  133/293  189/293  289/293  433/293  621/293  853/293 1129/293  863/293  641/293  463/293  329/293]
[ 239/293  193/293  191/293  233/293  319/293  449/293  623/293  841/293 1103/293  823/293  587/293  395/293  247/293  143/293   83/293]
[  67/293   95/293  167/293  283/293  443/293  647/293  895/293  601/293  351/293  145/293  -17/293 -135/293 -209/293 -239/293 -225/293]
[-167/293  -65/293   81/293  271/293  505/293  783/293  519/293  299/293  123/293   -9/293  -97/293 -141/293 -141/293  -97/293   -9/293]
[ 123/293  299/293  519/293  783/293  505/293  271/293   81/293  -65/293 -167/293 -225/293 -239/293 -209/293 -135/293  -17/293  145/293]
[ 351/293  601/293  895/293  647/293  443/293  283/293  167/293   95/293   67/293   83/293  143/293  247/293  395/293  587/293  823/293]
[1103/293  841/293  623/293  449/293  319/293  233/293  191/293  193/293  239/293  329/293  463/293  641/293  863/293 1129/293  853/293]
[ 621/293  433/293  289/293  189/293  133/293  121/293  153/293  229/293  349/293  513/293  721/293  973/293  683/293  437/293  235/293]
[  77/293  -37/293 -107/293 -133/293 -115/293  -53/293   53/293  203/293  397/293  635/293  917/293  657/293  441/293  269/293  141/293]
[  57/293   17/293   21/293   69/293  161/293  297/293  477/293  701/293  969/293  695/293  465/293  279/293  137/293   39/293  -15/293]
[ -25/293    9/293   87/293  209/293  375/293  585/293  839/293 1137/293  893/293  693/293  537/293  425/293  357/293  333/293  353/293]
[ 417/293  525/293  677/293  873/293 1113/293  811/293  553/293  339/293  169/293   43/293  -39/293  -77/293  -71/293  -21/293   73/293]
[ 211/293  393/293  619/293  889/293  617/293  389/293  205/293   65/293  -31/293  -83/293  -91/293  -55/293   25/293  149/293  317/293]
[ 529/293  785/293  499/293  257/293   59/293  -95/293 -205/293 -271/293        0        0        0        0        0        0        0]
Testing obstruction for
m1: 4, m2: 24,a: 3
[      -1 -279/293 -237/293 -167/293  -69/293   57/293  211/293  393/293  603/293  841/293 1107/293 1401/293 1137/293  901/293  693/293]
[ 513/293  361/293  237/293  141/293   73/293   33/293   21/293   37/293   81/293  153/293  253/293  381/293  537/293  721/293  933/293]
[1173/293 1441/293 1151/293  889/293  655/293  449/293  271/293  121/293   -1/293  -95/293 -161/293 -199/293 -209/293 -191/293 -145/293]
[ -71/293   31/293  161/293  319/293  505/293  719/293  961/293 1231/293 1529/293 1269/293 1037/293  833/293  657/293  509/293  389/293]
[ 297/293  233/293  197/293  189/293  209/293  257/293  333/293  437/293  569/293  729/293  917/293 1133/293 1377/293 1649/293 1363/293]
[1105/293  875/293  673/293  499/293  353/293  235/293  145/293   83/293   49/293   43/293   65/293  115/293  193/293  299/293  433/293]
[ 595/293  785/293 1003/293 1249/293 1523/293 1239/293  983/293  755/293  555/293  383/293  239/293  123/293   35/293  -25/293  -57/293]
[ -61/293  -37/293   15/293   95/293  203/293  339/293  503/293  695/293  915/293 1163/293 1439/293 1157/293  903/293  677/293  479/293]
[ 309/293  167/293   53/293  -33/293  -91/293 -121/293 -123/293  -97/293  -43/293   39/293  149/293  287/293  453/293  647/293  869/293]
[1119/293 1397/293 1117/293  865/293  641/293  445/293  277/293  137/293   25/293  -59/293 -115/293 -143/293 -143/293 -115/293  -59/293]
[  25/293  137/293  277/293  445/293  641/293  865/293 1117/293 1397/293 1119/293  869/293  647/293  453/293  287/293  149/293   39/293]
[ -43/293  -97/293 -123/293 -121/293  -91/293  -33/293   53/293  167/293  309/293  479/293  677/293  903/293 1157/293 1439/293 1163/293]
[ 915/293  695/293  503/293  339/293  203/293   95/293   15/293  -37/293  -61/293  -57/293  -25/293   35/293  123/293  239/293  383/293]
[ 555/293  755/293  983/293 1239/293 1523/293 1249/293 1003/293  785/293  595/293  433/293  299/293  193/293  115/293   65/293   43/293]
[  49/293   83/293  145/293  235/293  353/293  499/293  673/293  875/293 1105/293 1363/293 1649/293 1377/293 1133/293  917/293  729/293]
[ 569/293  437/293  333/293  257/293  209/293  189/293  197/293  233/293  297/293  389/293  509/293  657/293  833/293 1037/293 1269/293]
[1529/293 1231/293  961/293  719/293  505/293  319/293  161/293   31/293  -71/293 -145/293 -191/293 -209/293 -199/293 -161/293  -95/293]
[  -1/293  121/293  271/293  449/293  655/293  889/293 1151/293 1441/293 1173/293  933/293  721/293  537/293  381/293  253/293  153/293]
[  81/293   37/293   21/293   33/293   73/293  141/293  237/293  361/293  513/293  693/293  901/293 1137/293 1401/293 1107/293  841/293]
[ 603/293  393/293  211/293   57/293  -69/293 -167/293 -237/293 -279/293        0        0        0        0        0        0        0]
Testing obstruction for
m1: 10, m2: 12,a: 6
[      -1 -257/293 -149/293   31/293  283/293  607/293  417/293  299/293  253/293  279/293  377/293  547/293  789/293  517/293  317/293]
[ 189/293  133/293  149/293  237/293  397/293  629/293  347/293  137/293   -1/293  -67/293  -61/293   17/293  167/293  389/293  683/293]
[ 463/293  315/293  239/293  235/293  303/293  443/293  655/293  353/293  123/293  -35/293 -121/293 -135/293  -77/293   53/293  255/293]
[ 529/293  289/293  121/293   25/293    1/293   49/293  169/293  361/293  625/293  375/293  197/293   91/293   57/293   95/293  205/293]
[ 387/293  641/293  381/293  193/293   77/293   33/293   61/293  161/293  333/293  577/293  893/293  695/293  569/293  515/293  533/293]
[ 623/293  785/293  433/293  153/293  -55/293 -191/293 -255/293 -247/293 -167/293  -15/293  209/293  505/293  287/293  141/293   67/293]
[  65/293  135/293  277/293  491/293  777/293  549/293  393/293  309/293  297/293  357/293  489/293  693/293  383/293  145/293  -21/293]
[-115/293 -137/293  -87/293   35/293  229/293  495/293  833/293  657/293  553/293  521/293  561/293  673/293  857/293  527/293  269/293]
[  83/293  -31/293  -73/293  -43/293   59/293  233/293  479/293  211/293   15/293 -109/293 -161/293 -141/293  -49/293  115/293  351/293]
[ 659/293  453/293  319/293  257/293  267/293  349/293  503/293  729/293  441/293  225/293   81/293    9/293    9/293   81/293  225/293]
[ 441/293  729/293  503/293  349/293  267/293  257/293  319/293  453/293  659/293  351/293  115/293  -49/293 -141/293 -161/293 -109/293]
[  15/293  211/293  479/293  233/293   59/293  -43/293  -73/293  -31/293   83/293  269/293  527/293  857/293  673/293  561/293  521/293]
[ 553/293  657/293  833/293  495/293  229/293   35/293  -87/293 -137/293 -115/293  -21/293  145/293  383/293  693/293  489/293  357/293]
[ 297/293  309/293  393/293  549/293  777/293  491/293  277/293  135/293   65/293   67/293  141/293  287/293  505/293  209/293  -15/293]
[-167/293 -247/293 -255/293 -191/293  -55/293  153/293  433/293  785/293  623/293  533/293  515/293  569/293  695/293  893/293  577/293]
[ 333/293  161/293   61/293   33/293   77/293  193/293  381/293  641/293  387/293  205/293   95/293   57/293   91/293  197/293  375/293]
[ 625/293  361/293  169/293   49/293    1/293   25/293  121/293  289/293  529/293  255/293   53/293  -77/293 -135/293 -121/293  -35/293]
[ 123/293  353/293  655/293  443/293  303/293  235/293  239/293  315/293  463/293  683/293  389/293  167/293   17/293  -61/293  -67/293]
[  -1/293  137/293  347/293  629/293  397/293  237/293  149/293  133/293  189/293  317/293  517/293  789/293  547/293  377/293  279/293]
[ 253/293  299/293  417/293  607/293  283/293   31/293 -149/293 -257/293        0        0        0        0        0        0        0]
Testing obstruction for
m1: 74, m2: 74,a: 73
[      -1 -289/293 -277/293 -257/293 -229/293 -193/293 -149/293  -97/293  -37/293   31/293  107/293  191/293  283/293  383/293  491/293]
[ 607/293  731/293  863/293 1003/293 1151/293 1307/293 1471/293 1643/293 1823/293 2011/293 2207/293 2411/293 2623/293 2843/293 3071/293]
[3307/293 3551/293 3803/293 4063/293 4331/293 4607/293 4891/293 5183/293 4897/293 4619/293 4349/293 4087/293 3833/293 3587/293 3349/293]
[3119/293 2897/293 2683/293 2477/293 2279/293 2089/293 1907/293 1733/293 1567/293 1409/293 1259/293 1117/293  983/293  857/293  739/293]
[ 629/293  527/293  433/293  347/293  269/293  199/293  137/293   83/293   37/293   -1/293  -31/293  -53/293  -67/293  -73/293  -71/293]
[ -61/293  -43/293  -17/293   17/293   59/293  109/293  167/293  233/293  307/293  389/293  479/293  577/293  683/293  797/293  919/293]
[1049/293 1187/293 1333/293 1487/293 1649/293 1819/293 1997/293 2183/293 2377/293 2579/293 2789/293 3007/293 3233/293 3467/293 3709/293]
[3959/293 4217/293 4483/293 4757/293 5039/293 5329/293 5041/293 4761/293 4489/293 4225/293 3969/293 3721/293 3481/293 3249/293 3025/293]
[2809/293 2601/293 2401/293 2209/293 2025/293 1849/293 1681/293 1521/293 1369/293 1225/293 1089/293  961/293  841/293  729/293  625/293]
[ 529/293  441/293  361/293  289/293  225/293  169/293  121/293   81/293   49/293   25/293    9/293    1/293    1/293    9/293   25/293]
[  49/293   81/293  121/293  169/293  225/293  289/293  361/293  441/293  529/293  625/293  729/293  841/293  961/293 1089/293 1225/293]
[1369/293 1521/293 1681/293 1849/293 2025/293 2209/293 2401/293 2601/293 2809/293 3025/293 3249/293 3481/293 3721/293 3969/293 4225/293]
[4489/293 4761/293 5041/293 5329/293 5039/293 4757/293 4483/293 4217/293 3959/293 3709/293 3467/293 3233/293 3007/293 2789/293 2579/293]
[2377/293 2183/293 1997/293 1819/293 1649/293 1487/293 1333/293 1187/293 1049/293  919/293  797/293  683/293  577/293  479/293  389/293]
[ 307/293  233/293  167/293  109/293   59/293   17/293  -17/293  -43/293  -61/293  -71/293  -73/293  -67/293  -53/293  -31/293   -1/293]
[  37/293   83/293  137/293  199/293  269/293  347/293  433/293  527/293  629/293  739/293  857/293  983/293 1117/293 1259/293 1409/293]
[1567/293 1733/293 1907/293 2089/293 2279/293 2477/293 2683/293 2897/293 3119/293 3349/293 3587/293 3833/293 4087/293 4349/293 4619/293]
[4897/293 5183/293 4891/293 4607/293 4331/293 4063/293 3803/293 3551/293 3307/293 3071/293 2843/293 2623/293 2411/293 2207/293 2011/293]
[1823/293 1643/293 1471/293 1307/293 1151/293 1003/293  863/293  731/293  607/293  491/293  383/293  283/293  191/293  107/293   31/293]
[ -37/293  -97/293 -149/293 -193/293 -229/293 -257/293 -277/293 -289/293        0        0        0        0        0        0        0]
[-289/293, -277/293]
57 [-289/293, 309/293]
---------------------------
SUCCESS for name = 13a4510
---------------------------
13a4521
Correction terms
[      -1 -281/349  -77/349  263/349   41/349  -45/349    5/349  191/349 -185/349 -425/349  169/349 -497/349 -329/349  -25/349  415/349]
[-405/349 -391/349 -241/349   45/349 -231/349 -371/349  323/349 -243/349   25/349 -269/349  271/349 -449/349 -335/349  -85/349 -397/349]
[ 125/349   85/349  181/349 -285/349   83/349 -111/349 -169/349  -91/349  123/349 -225/349 -437/349  185/349  245/349 -257/349 -623/349]
[-155/349 -249/349 -207/349  -29/349  285/349   37/349  -75/349  -51/349  109/349 -293/349 -559/349    9/349   15/349  157/349 -263/349]
[ 151/349    3/349   -9/349  115/349 -323/349   73/349  -93/349 -123/349  -17/349  225/349  -95/349 -279/349 -327/349 -239/349  -15/349]
[-353/349  143/349   77/349  147/349 -345/349   -3/349 -223/349 -307/349 -255/349  -67/349  257/349   19/349  -83/349  -49/349  121/349]
[-271/349  171/349   51/349   67/349 -479/349 -191/349  233/349   95/349   93/349 -471/349 -201/349 -493/349   49/349   29/349  145/349]
[-301/349   87/349  -87/349 -125/349  -27/349 -491/349 -121/349 -313/349  329/349 -289/349  -73/349 -419/349   69/349   -5/349   57/349]
[ 255/349 -109/349 -337/349 -429/349  313/349 -205/349  111/349 -135/349 -245/349 -219/349  -57/349  241/349  -23/349 -151/349 -143/349]
[   1/349 -417/349   -1/349 -147/349 -157/349  -31/349  231/349  -69/349 -233/349 -261/349 -153/349   91/349 -227/349  289/349 -455/349]
[-365/349 -139/349  223/349   23/349  -41/349   31/349 -459/349 -115/349 -333/349  283/349 -361/349 -171/349  155/349  -81/349 -181/349]
[-145/349   27/349 -363/349   81/349  -37/349  -19/349 -563/349 -273/349  153/349   17/349   17/349  153/349 -273/349 -563/349  -19/349]
[ -37/349   81/349 -363/349   27/349 -145/349 -181/349  -81/349  155/349 -171/349 -361/349  283/349 -333/349 -115/349 -459/349   31/349]
[ -41/349   23/349  223/349 -139/349 -365/349 -455/349  289/349 -227/349   91/349 -153/349 -261/349 -233/349  -69/349  231/349  -31/349]
[-157/349 -147/349   -1/349 -417/349    1/349 -143/349 -151/349  -23/349  241/349  -57/349 -219/349 -245/349 -135/349  111/349 -205/349]
[ 313/349 -429/349 -337/349 -109/349  255/349   57/349   -5/349   69/349 -419/349  -73/349 -289/349  329/349 -313/349 -121/349 -491/349]
[ -27/349 -125/349  -87/349   87/349 -301/349  145/349   29/349   49/349 -493/349 -201/349 -471/349   93/349   95/349  233/349 -191/349]
[-479/349   67/349   51/349  171/349 -271/349  121/349  -49/349  -83/349   19/349  257/349  -67/349 -255/349 -307/349 -223/349   -3/349]
[-345/349  147/349   77/349  143/349 -353/349  -15/349 -239/349 -327/349 -279/349  -95/349  225/349  -17/349 -123/349  -93/349   73/349]
[-323/349  115/349   -9/349    3/349  151/349 -263/349  157/349   15/349    9/349 -559/349 -293/349  109/349  -51/349  -75/349   37/349]
[ 285/349  -29/349 -207/349 -249/349 -155/349 -623/349 -257/349  245/349  185/349 -437/349 -225/349  123/349  -91/349 -169/349 -111/349]
[  83/349 -285/349  181/349   85/349  125/349 -397/349  -85/349 -335/349 -449/349  271/349 -269/349   25/349 -243/349  323/349 -371/349]
[-231/349   45/349 -241/349 -391/349 -405/349  415/349  -25/349 -329/349 -497/349  169/349 -425/349 -185/349  191/349    5/349  -45/349]
[  41/349  263/349  -77/349 -281/349        0        0        0        0        0        0        0        0        0        0        0]
Testing obstruction for
m1: 4, m2: 28,a: 3
[      -1 -335/349 -293/349 -223/349 -125/349    1/349  155/349  337/349  547/349  785/349 1051/349 1345/349 1667/349 2017/349 1697/349]
[1405/349 1141/349  905/349  697/349  517/349  365/349  241/349  145/349   77/349   37/349   25/349   41/349   85/349  157/349  257/349]
[ 385/349  541/349  725/349  937/349 1177/349 1445/349 1741/349 2065/349 1719/349 1401/349 1111/349  849/349  615/349  409/349  231/349]
[  81/349  -41/349 -135/349 -201/349 -239/349 -249/349 -231/349 -185/349 -111/349   -9/349  121/349  279/349  465/349  679/349  921/349]
[1191/349 1489/349 1815/349 2169/349 1853/349 1565/349 1305/349 1073/349  869/349  693/349  545/349  425/349  333/349  269/349  233/349]
[ 225/349  245/349  293/349  369/349  473/349  605/349  765/349  953/349 1169/349 1413/349 1685/349 1985/349 2313/349 1971/349 1657/349]
[1371/349 1113/349  883/349  681/349  507/349  361/349  243/349  153/349   91/349   57/349   51/349   73/349  123/349  201/349  307/349]
[ 441/349  603/349  793/349 1011/349 1257/349 1531/349 1833/349 2163/349 1823/349 1511/349 1227/349  971/349  743/349  543/349  371/349]
[ 227/349  111/349   23/349  -37/349  -69/349  -73/349  -49/349    3/349   83/349  191/349  327/349  491/349  683/349  903/349 1151/349]
[1427/349 1731/349 2063/349 1725/349 1415/349 1133/349  879/349  653/349  455/349  285/349  143/349   29/349  -57/349 -115/349 -145/349]
[-147/349 -121/349  -67/349   15/349  125/349  263/349  429/349  623/349  845/349 1095/349 1373/349 1679/349 2013/349 1677/349 1369/349]
[1089/349  837/349  613/349  417/349  249/349  109/349   -3/349  -87/349 -143/349 -171/349 -171/349 -143/349  -87/349   -3/349  109/349]
[ 249/349  417/349  613/349  837/349 1089/349 1369/349 1677/349 2013/349 1679/349 1373/349 1095/349  845/349  623/349  429/349  263/349]
[ 125/349   15/349  -67/349 -121/349 -147/349 -145/349 -115/349  -57/349   29/349  143/349  285/349  455/349  653/349  879/349 1133/349]
[1415/349 1725/349 2063/349 1731/349 1427/349 1151/349  903/349  683/349  491/349  327/349  191/349   83/349    3/349  -49/349  -73/349]
[ -69/349  -37/349   23/349  111/349  227/349  371/349  543/349  743/349  971/349 1227/349 1511/349 1823/349 2163/349 1833/349 1531/349]
[1257/349 1011/349  793/349  603/349  441/349  307/349  201/349  123/349   73/349   51/349   57/349   91/349  153/349  243/349  361/349]
[ 507/349  681/349  883/349 1113/349 1371/349 1657/349 1971/349 2313/349 1985/349 1685/349 1413/349 1169/349  953/349  765/349  605/349]
[ 473/349  369/349  293/349  245/349  225/349  233/349  269/349  333/349  425/349  545/349  693/349  869/349 1073/349 1305/349 1565/349]
[1853/349 2169/349 1815/349 1489/349 1191/349  921/349  679/349  465/349  279/349  121/349   -9/349 -111/349 -185/349 -231/349 -249/349]
[-239/349 -201/349 -135/349  -41/349   81/349  231/349  409/349  615/349  849/349 1111/349 1401/349 1719/349 2065/349 1741/349 1445/349]
[1177/349  937/349  725/349  541/349  385/349  257/349  157/349   85/349   41/349   25/349   37/349   77/349  145/349  241/349  365/349]
[ 517/349  697/349  905/349 1141/349 1405/349 1697/349 2017/349 1667/349 1345/349 1051/349  785/349  547/349  337/349  155/349    1/349]
[-125/349 -223/349 -293/349 -335/349        0        0        0        0        0        0        0        0        0        0        0]
Unobstructed
27
---------------------------
---------------------------
13a4556
Correction terms
[      -1    5/141  161/141    15/47  -61/141  125/141    13/47  -37/141  179/141    41/47   77/141   41/141    99/47   -1/141   -7/141]
[   -1/47   11/141   35/141    23/47  113/141 -115/141   -17/47   23/141  107/141   -27/47   23/141  137/141    -7/47  113/141  257/141]
[   43/47   11/141  185/141    29/47   -1/141  -79/141    45/47   77/141   29/141    -3/47  -37/141  -55/141   -21/47  221/141  -49/141]
[   -9/47    5/141      1/3    33/47  161/141  233/141    11/47  125/141  227/141    19/47 -103/141   29/141    57/47   41/141  -79/141]
[   31/47   -7/141  -97/141    35/47   35/141  -25/141   -25/47  167/141  137/141    39/47  107/141  107/141    39/47  137/141  167/141]
[  -25/47  -25/141   35/141    35/47  -97/141   -7/141    31/47  -79/141   41/141    57/47   29/141 -103/141    19/47  227/141  125/141]
[   11/47  233/141  161/141    33/47      1/3    5/141    -9/47  -49/141  221/141   -21/47  -55/141  -37/141    -3/47   29/141   77/141]
[   45/47  -79/141   -1/141    29/47  185/141   11/141    43/47  257/141  113/141    -7/47  137/141   23/141   -27/47  107/141   23/141]
[  -17/47 -115/141  113/141    23/47   35/141   11/141    -1/47   -7/141   -1/141    99/47   41/141   77/141    41/47  179/141  -37/141]
[   13/47  125/141  -61/141    15/47  161/141    5/141        0        0        0        0        0        0        0        0        0]
Testing obstruction for
m1: 2, m2: 24,a: 0
[     -1 -41/141 -23/141  -29/47  49/141 103/141   25/47 247/141 337/141  115/47 553/141 679/141  241/47 685/141 565/141]
[ 121/47 361/141 277/141   37/47 145/141  97/141  -11/47  37/141  25/141  -23/47  37/141  61/141    1/47 145/141 205/141]
[  61/47 361/141 457/141  157/47 685/141 817/141  195/47 553/141 439/141   81/47 247/141 169/141    3/47  49/141   7/141]
[ -39/47 -41/141    -1/3  -45/47 -23/141   7/141  -15/47 103/141 169/141   51/47 337/141 439/141  153/47 679/141 817/141]
[ 197/47 565/141 457/141   89/47 277/141 205/141   17/47  97/141  61/141  -19/47  25/141  25/141  -19/47  61/141  97/141]
[  17/47 205/141 277/141   89/47 457/141 565/141  197/47 817/141 679/141  153/47 439/141 337/141   51/47 169/141 103/141]
[ -15/47   7/141 -23/141  -45/47    -1/3 -41/141  -39/47   7/141  49/141    3/47 169/141 247/141   81/47 439/141 553/141]
[ 195/47 817/141 685/141  157/47 457/141 361/141   61/47 205/141 145/141    1/47  61/141  37/141  -23/47  25/141  37/141]
[ -11/47  97/141 145/141   37/47 277/141 361/141  121/47 565/141 685/141  241/47 679/141 553/141  115/47 337/141 247/141]
[  25/47 103/141  49/141  -29/47 -23/141 -41/141       0       0       0       0       0       0       0       0       0]
Testing obstruction for
m1: 8, m2: 10,a: 6
[      -1 -121/141  -61/141    13/47  179/141   77/141     5/47   -7/141   11/141    23/47  167/141  305/141    67/47  137/141  113/141]
[   43/47  185/141  281/141    45/47   29/141  -37/141   -21/47  -49/141    5/141    33/47  233/141  125/141    19/47   29/141   41/141]
[   31/47  185/141  317/141    69/47  137/141  107/141    39/47  167/141  257/141    35/47   -7/141  -79/141   -37/47 -103/141  -55/141]
[   11/47  161/141      1/3    -9/47  -61/141  -55/141    -3/47   77/141  203/141    29/47   11/141  -25/141    -7/47   23/141  107/141]
[   77/47  113/141   35/141    -1/47   -1/141   41/141    41/47  245/141  125/141    15/47    5/141    5/141    15/47  125/141  245/141]
[   41/47   41/141   -1/141    -1/47   35/141  113/141    77/47  107/141   23/141    -7/47  -25/141   11/141    29/47  203/141   77/141]
[   -3/47  -55/141  -61/141    -9/47      1/3  161/141    11/47  -55/141 -103/141   -37/47  -79/141   -7/141    35/47  257/141  167/141]
[   39/47  107/141  137/141    69/47  317/141  185/141    31/47   41/141   29/141    19/47  125/141  233/141    33/47    5/141  -49/141]
[  -21/47  -37/141   29/141    45/47  281/141  185/141    43/47  113/141  137/141    67/47  305/141  167/141    23/47   11/141   -7/141]
[    5/47   77/141  179/141    13/47  -61/141 -121/141        0        0        0        0        0        0        0        0        0]
Testing obstruction for
m1: 36, m2: 36,a: 35
[      -1 -137/141 -125/141   -35/47  -77/141  -41/141     1/47   55/141  115/141    61/47  259/141  343/141   145/47  535/141  643/141]
[  253/47  883/141 1015/141   385/47 1021/141  895/141   259/47  667/141  565/141   157/47  385/141  307/141    79/47  175/141  121/141]
[   25/47   37/141    7/141    -5/47  -29/141  -35/141   -11/47  -23/141   -5/141     7/47   55/141   97/141    49/47  205/141  271/141]
[  115/47  427/141     11/3   205/47  721/141  835/141   319/47 1087/141 1225/141   363/47  961/141  841/141   243/47  625/141  529/141]
[  147/47  361/141  289/141    75/47  169/141  121/141    27/47   49/141   25/141     3/47    1/141    1/141     3/47   25/141   49/141]
[   27/47  121/141  169/141    75/47  289/141  361/141   147/47  529/141  625/141   243/47  841/141  961/141   363/47 1225/141 1087/141]
[  319/47  835/141  721/141   205/47     11/3  427/141   115/47  271/141  205/141    49/47   97/141   55/141     7/47   -5/141  -23/141]
[  -11/47  -35/141  -29/141    -5/47    7/141   37/141    25/47  121/141  175/141    79/47  307/141  385/141   157/47  565/141  667/141]
[  259/47  895/141 1021/141   385/47 1015/141  883/141   253/47  643/141  535/141   145/47  343/141  259/141    61/47  115/141   55/141]
[    1/47  -41/141  -77/141   -35/47 -125/141 -137/141        0        0        0        0        0        0        0        0        0]
---------------------------
SUCCESS for name = 13a4556
---------------------------
13a4565
Correction terms
[      -1    7/145  173/145   63/145  -33/145    35/29  107/145   53/145  303/145  -13/145    -5/29  -23/145   -7/145   23/145   67/145]
[   25/29  -93/145   -7/145   93/145  207/145     9/29  187/145   53/145  -67/145  117/145     5/29  -53/145 -117/145  123/145      3/5]
[   13/29   57/145   63/145   83/145  117/145    33/29  -63/145   13/145  103/145  -83/145     7/29  167/145   23/145 -107/145   67/145]
[   51/29  167/145   93/145   33/145  -13/145    -9/29  227/145  -67/145  -57/145  -33/145     1/29   57/145  123/145      7/5    7/145]
[   23/29  237/145   83/145  -57/145  107/145    -1/29 -103/145  103/145   33/145  -23/145   -13/29  197/145  183/145  183/145  197/145]
[  -13/29  -23/145   33/145  103/145 -103/145    -1/29  107/145  -57/145   83/145  237/145    23/29    7/145      7/5  123/145   57/145]
[    1/29  -33/145  -57/145  -67/145  227/145    -9/29  -13/145   33/145   93/145  167/145    51/29   67/145 -107/145   23/145  167/145]
[    7/29  -83/145  103/145   13/145  -63/145    33/29  117/145   83/145   63/145   57/145    13/29      3/5  123/145 -117/145  -53/145]
[    5/29  117/145  -67/145   53/145  187/145     9/29  207/145   93/145   -7/145  -93/145    25/29   67/145   23/145   -7/145  -23/145]
[   -5/29  -13/145  303/145   53/145  107/145    35/29  -33/145   63/145  173/145    7/145        0        0        0        0        0]
Testing obstruction for
m1: 4, m2: 12,a: 2
[      -1 -131/145  -89/145  -19/145   79/145    41/29  359/145  251/145  171/145  119/145    19/29   99/145  131/145  191/145  279/145]
[   79/29  249/145  131/145   41/145  -21/145   -11/29  -61/145  -39/145   11/145   89/145    39/29  329/145  201/145  101/145      1/5]
[   -3/29  -31/145  -19/145   21/145   89/145    37/29  309/145  171/145   61/145  -21/145   -15/29 -101/145  -99/145  -69/145  -11/145]
[   15/29  189/145  331/145  211/145  119/145    11/29   19/145   11/145   31/145   79/145    31/29  259/145  391/145      9/5  159/145]
[   17/29   39/145   21/145   31/145   69/145    27/29  229/145  351/145  211/145   99/145     3/29  -41/145  -69/145  -69/145  -41/145]
[    3/29   99/145  211/145  351/145  229/145    27/29   69/145   31/145   21/145   39/145    17/29  159/145      9/5  391/145  259/145]
[   31/29   79/145   31/145   11/145   19/145    11/29  119/145  211/145  331/145  189/145    15/29  -11/145  -69/145  -99/145 -101/145]
[  -15/29  -21/145   61/145  171/145  309/145    37/29   89/145   21/145  -19/145  -31/145    -3/29      1/5  101/145  201/145  329/145]
[   39/29   89/145   11/145  -39/145  -61/145   -11/29  -21/145   41/145  131/145  249/145    79/29  279/145  191/145  131/145   99/145]
[   19/29  119/145  171/145  251/145  359/145    41/29   79/145  -19/145  -89/145 -131/145        0        0        0        0        0]
Testing obstruction for
m1: 6, m2: 10,a: 4
[      -1 -123/145  -57/145   53/145  207/145    23/29   67/145   63/145  103/145  187/145    63/29  197/145  123/145   93/145  107/145]
[   33/29  267/145  123/145   23/145  -33/145    -9/29  -13/145   63/145  183/145   57/145    -5/29  -63/145  -57/145   -7/145      3/5]
[   45/29  117/145   53/145   33/145   57/145    25/29  237/145  103/145   13/145  -33/145    -7/29    7/145   93/145  223/145  107/145]
[    7/29    7/145   23/145   83/145  187/145     9/29  -53/145 -107/145 -117/145  -83/145    -1/29  117/145  283/145      7/5  167/145]
[   35/29  227/145  323/145  173/145   67/145     1/29  -13/145   13/145   83/145  197/145    13/29  -23/145  -67/145  -67/145  -23/145]
[   13/29  197/145   83/145   13/145  -13/145     1/29   67/145  173/145  323/145  227/145    35/29  167/145      7/5  283/145  117/145]
[   -1/29  -83/145 -117/145 -107/145  -53/145     9/29  187/145   83/145   23/145    7/145     7/29  107/145  223/145   93/145    7/145]
[   -7/29  -33/145   13/145  103/145  237/145    25/29   57/145   33/145   53/145  117/145    45/29      3/5   -7/145  -57/145  -63/145]
[   -5/29   57/145  183/145   63/145  -13/145    -9/29  -33/145   23/145  123/145  267/145    33/29  107/145   93/145  123/145  197/145]
[   63/29  187/145  103/145   63/145   67/145    23/29  207/145   53/145  -57/145 -123/145        0        0        0        0        0]
---------------------------
SUCCESS for name = 13a4565
---------------------------
13a4571
Correction terms
[    -1 -27/85 -23/85 -73/85  -7/85   1/17 -37/85  37/85  57/85  23/85  21/17 133/85 107/85  27/85  63/85]
[  9/17 -27/85    1/5   7/85 -57/85  -1/17  -7/85 -63/85  -3/85   3/85  -9/17  23/85  37/85  -3/85  73/85]
[ 19/17  63/85 147/85 177/85    9/5  15/17 113/85  97/85  27/85  73/85  13/17   3/85  57/85  57/85   3/85]
[ 13/17  73/85  27/85  97/85 113/85  15/17    9/5 177/85 147/85  63/85  19/17  73/85  -3/85  37/85  23/85]
[ -9/17   3/85  -3/85 -63/85  -7/85  -1/17 -57/85   7/85    1/5 -27/85   9/17  63/85  27/85 107/85 133/85]
[ 21/17  23/85  57/85  37/85 -37/85   1/17  -7/85 -73/85 -23/85 -27/85      0      0      0      0      0]
Testing obstruction for
m1: 6, m2: 6,a: 3
[    -1 -63/85   3/85 113/85  97/85  25/17  27/85 -27/85 -37/85  -3/85  15/17  27/85  23/85  63/85 -23/85]
[-13/17 -63/85   -1/5  73/85  37/85   9/17  97/85  23/85  -7/85   7/85  13/17  -3/85 -27/85  -7/85  57/85]
[ -1/17 -23/85   3/85  73/85    1/5   1/17  37/85 113/85  63/85  57/85  19/17   7/85 -37/85 -37/85   7/85]
[ 19/17  57/85  63/85 113/85  37/85   1/17    1/5  73/85   3/85 -23/85  -1/17  57/85  -7/85 -27/85  -3/85]
[ 13/17   7/85  -7/85  23/85  97/85   9/17  37/85  73/85   -1/5 -63/85 -13/17 -23/85  63/85  23/85  27/85]
[ 15/17  -3/85 -37/85 -27/85  27/85  25/17  97/85 113/85   3/85 -63/85      0      0      0      0      0]
[-63/85, 3/85, 113/85, 97/85, 25/17, 27/85, -27/85, -37/85, -3/85, 15/17, 27/85, 23/85, 63/85, -23/85]
22 [-63/85, 3/85, -57/85, -73/85, -9/17, 27/85, -27/85, -37/85, -3/85, 15/17, 27/85, 23/85, 63/85, 147/85]
Testing obstruction for
m1: 22, m2: 22,a: 21
[    -1 -81/85 -69/85 -49/85 -21/85   3/17  59/85 111/85 171/85 239/85  63/17 399/85 321/85 251/85 189/85]
[ 27/17  89/85    3/5  21/85  -1/85  -3/17 -21/85 -19/85  -9/85   9/85   7/17  69/85 111/85 161/85 219/85]
[ 57/17 359/85 441/85 361/85   17/5  45/17 169/85 121/85  81/85  49/85   5/17   9/85   1/85   1/85   9/85]
[  5/17  49/85  81/85 121/85 169/85  45/17   17/5 361/85 441/85 359/85  57/17 219/85 161/85 111/85  69/85]
[  7/17   9/85  -9/85 -19/85 -21/85  -3/17  -1/85  21/85    3/5  89/85  27/17 189/85 251/85 321/85 399/85]
[ 63/17 239/85 171/85 111/85  59/85   3/17 -21/85 -49/85 -69/85 -81/85      0      0      0      0      0]
---------------------------
SUCCESS for name = 13a4571
---------------------------
