13a1757
Correction terms
[      -1 -125/193   79/193 -353/193  123/193  -37/193  -61/193   51/193  -87/193  -89/193 -341/193  -71/193  -51/193 -281/193   11/193]
[  53/193 -155/193  159/193 -163/193   37/193  -13/193 -313/193  -91/193 -119/193  -11/193 -153/193 -159/193  -29/193 -149/193 -133/193]
[  19/193  -79/193  -41/193  133/193 -329/193  117/193  -73/193 -127/193  -45/193 -213/193 -245/193 -141/193 -287/193   89/193 -171/193]
[  91/193  103/193 -135/193  149/193 -203/193  -33/193 -113/193  -57/193 -251/193   77/193 -231/193  -17/193  -53/193   47/193 -103/193]
[-117/193    5/193 -123/193 -115/193   29/193  -77/193  -47/193  119/193 -351/193   87/193 -111/193 -173/193  -99/193 -275/193   71/193]
[-219/193   13/193   -5/193 -273/193  -19/193  -15/193 -261/193   15/193   41/193 -183/193  115/193 -223/193  -39/193 -105/193  -35/193]
[-215/193 -259/193 -167/193   61/193 -347/193  153/193   17/193   17/193  153/193 -347/193   61/193 -167/193 -259/193 -215/193  -35/193]
[-105/193  -39/193 -223/193  115/193 -183/193   41/193   15/193 -261/193  -15/193  -19/193 -273/193   -5/193   13/193 -219/193   71/193]
[-275/193  -99/193 -173/193 -111/193   87/193 -351/193  119/193  -47/193  -77/193   29/193 -115/193 -123/193    5/193 -117/193 -103/193]
[  47/193  -53/193  -17/193 -231/193   77/193 -251/193  -57/193 -113/193  -33/193 -203/193  149/193 -135/193  103/193   91/193 -171/193]
[  89/193 -287/193 -141/193 -245/193 -213/193  -45/193 -127/193  -73/193  117/193 -329/193  133/193  -41/193  -79/193   19/193 -133/193]
[-149/193  -29/193 -159/193 -153/193  -11/193 -119/193  -91/193 -313/193  -13/193   37/193 -163/193  159/193 -155/193   53/193   11/193]
[-281/193  -51/193  -71/193 -341/193  -89/193  -87/193   51/193  -61/193  -37/193  123/193 -353/193   79/193 -125/193        0        0]
Testing obstruction for
m1: 6, m2: 10,a: 2
[      -1 -171/193 -105/193    5/193  159/193  357/193  213/193  113/193   57/193   45/193   77/193  153/193  273/193  437/193  259/193]
[ 125/193   35/193  -11/193  -13/193   29/193  115/193  245/193  419/193  251/193  127/193   47/193   11/193   19/193   71/193  167/193]
[ 307/193  491/193  333/193  219/193  149/193  123/193  141/193  203/193  309/193  459/193  267/193  119/193   15/193  -45/193  -61/193]
[ -33/193   39/193  155/193  315/193  133/193   -5/193  -99/193 -149/193 -155/193 -117/193  -35/193   91/193  261/193  475/193  347/193]
[ 263/193  223/193  227/193  275/193  367/193  503/193  297/193  135/193   17/193  -57/193  -87/193  -73/193  -15/193   87/193  233/193]
[ 423/193  271/193  163/193   99/193   79/193  103/193  171/193  283/193  439/193  253/193  111/193   13/193  -41/193  -51/193  -17/193]
[  61/193  183/193  349/193  173/193   41/193  -47/193  -91/193  -91/193  -47/193   41/193  173/193  349/193  183/193   61/193  -17/193]
[ -51/193  -41/193   13/193  111/193  253/193  439/193  283/193  171/193  103/193   79/193   99/193  163/193  271/193  423/193  233/193]
[  87/193  -15/193  -73/193  -87/193  -57/193   17/193  135/193  297/193  503/193  367/193  275/193  227/193  223/193  263/193  347/193]
[ 475/193  261/193   91/193  -35/193 -117/193 -155/193 -149/193  -99/193   -5/193  133/193  315/193  155/193   39/193  -33/193  -61/193]
[ -45/193   15/193  119/193  267/193  459/193  309/193  203/193  141/193  123/193  149/193  219/193  333/193  491/193  307/193  167/193]
[  71/193   19/193   11/193   47/193  127/193  251/193  419/193  245/193  115/193   29/193  -13/193  -11/193   35/193  125/193  259/193]
[ 437/193  273/193  153/193   77/193   45/193   57/193  113/193  213/193  357/193  159/193    5/193 -105/193 -171/193        0        0]
Unobstructed
44
---------------------------
---------------------------
13a1772
Correction terms
[      -1  -61/317   73/317   85/317  -25/317 -257/317   23/317 -453/317  217/317  131/317  -77/317  227/317 -225/317 -165/317 -227/317]
[ 223/317  -83/317  123/317  207/317  169/317    9/317 -273/317  -43/317   65/317   51/317  -85/317  291/317  -89/317   43/317   53/317]
[ -59/317 -293/317  -15/317  141/317  175/317   87/317 -123/317 -455/317 -275/317 -217/317  353/317  167/317 -141/317   63/317 -489/317]
[ 105/317  -57/317  293/317 -113/317   -7/317  -23/317 -161/317  213/317 -169/317  -39/317  -31/317 -145/317  253/317 -105/317   49/317]
[  81/317   -9/317 -221/317   79/317  257/317 -321/317  247/317   59/317 -251/317  -49/317   31/317  -11/317 -175/317  173/317 -235/317]
[-131/317 -149/317  345/317   83/317 -301/317 -173/317 -167/317 -283/317  113/317  387/317  -95/317  -65/317 -157/317 -371/317  -73/317]
[ 103/317  157/317   89/317 -101/317  221/317 -213/317 -135/317 -179/317  289/317    1/317  225/317  327/317 -327/317  165/317  -99/317]
[ 149/317 -359/317  279/317  161/317  -79/317  193/317 -291/317 -263/317 -357/317   61/317  357/317 -103/317  -51/317 -121/317 -313/317]
[   7/317  205/317  281/317 -399/317   67/317 -223/317   -1/317   99/317   77/317  -67/317 -333/317  -87/317   37/317   39/317  -81/317]
[ 311/317  -53/317   95/317  121/317   25/317 -193/317  101/317  273/317 -311/317  251/317   57/317 -259/317  -63/317   11/317  -37/317]
[-207/317  135/317  355/317 -181/317 -205/317 -351/317   15/317 -375/317  381/317  381/317 -375/317   15/317 -351/317 -205/317 -181/317]
[ 355/317  135/317 -207/317  -37/317   11/317  -63/317 -259/317   57/317  251/317 -311/317  273/317  101/317 -193/317   25/317  121/317]
[  95/317  -53/317  311/317  -81/317   39/317   37/317  -87/317 -333/317  -67/317   77/317   99/317   -1/317 -223/317   67/317 -399/317]
[ 281/317  205/317    7/317 -313/317 -121/317  -51/317 -103/317  357/317   61/317 -357/317 -263/317 -291/317  193/317  -79/317  161/317]
[ 279/317 -359/317  149/317  -99/317  165/317 -327/317  327/317  225/317    1/317  289/317 -179/317 -135/317 -213/317  221/317 -101/317]
[  89/317  157/317  103/317  -73/317 -371/317 -157/317  -65/317  -95/317  387/317  113/317 -283/317 -167/317 -173/317 -301/317   83/317]
[ 345/317 -149/317 -131/317 -235/317  173/317 -175/317  -11/317   31/317  -49/317 -251/317   59/317  247/317 -321/317  257/317   79/317]
[-221/317   -9/317   81/317   49/317 -105/317  253/317 -145/317  -31/317  -39/317 -169/317  213/317 -161/317  -23/317   -7/317 -113/317]
[ 293/317  -57/317  105/317 -489/317   63/317 -141/317  167/317  353/317 -217/317 -275/317 -455/317 -123/317   87/317  175/317  141/317]
[ -15/317 -293/317  -59/317   53/317   43/317  -89/317  291/317  -85/317   51/317   65/317  -43/317 -273/317    9/317  169/317  207/317]
[ 123/317  -83/317  223/317 -227/317 -165/317 -225/317  227/317  -77/317  131/317  217/317 -453/317   23/317 -257/317  -25/317   85/317]
[  73/317  -61/317        0        0        0        0        0        0        0        0        0        0        0        0        0]
Testing obstruction for
m1: 2, m2: 54,a: 1
[      -1 -311/317 -293/317 -263/317 -221/317 -167/317 -101/317  -23/317   67/317  169/317  283/317  409/317  547/317  697/317  859/317]
[1033/317 1219/317 1417/317 1627/317 1849/317 2083/317 2329/317 2587/317 2857/317 3139/317 3433/317 3739/317 4057/317 3753/317 3461/317]
[3181/317 2913/317 2657/317 2413/317 2181/317 1961/317 1753/317 1557/317 1373/317 1201/317 1041/317  893/317  757/317  633/317  521/317]
[ 421/317  333/317  257/317  193/317  141/317  101/317   73/317   57/317   53/317   61/317   81/317  113/317  157/317  213/317  281/317]
[ 361/317  453/317  557/317  673/317  801/317  941/317 1093/317 1257/317 1433/317 1621/317 1821/317 2033/317 2257/317 2493/317 2741/317]
[3001/317 3273/317 3557/317 3853/317 4161/317 3847/317 3545/317 3255/317 2977/317 2711/317 2457/317 2215/317 1985/317 1767/317 1561/317]
[1367/317 1185/317 1015/317  857/317  711/317  577/317  455/317  345/317  247/317  161/317   87/317   25/317  -25/317  -63/317  -89/317]
[-103/317 -105/317  -95/317  -73/317  -39/317    7/317   65/317  135/317  217/317  311/317  417/317  535/317  665/317  807/317  961/317]
[1127/317 1305/317 1495/317 1697/317 1911/317 2137/317 2375/317 2625/317 2887/317 3161/317 3447/317 3745/317 4055/317 3743/317 3443/317]
[3155/317 2879/317 2615/317 2363/317 2123/317 1895/317 1679/317 1475/317 1283/317 1103/317  935/317  779/317  635/317  503/317  383/317]
[ 275/317  179/317   95/317   23/317  -37/317  -85/317 -121/317 -145/317 -157/317 -157/317 -145/317 -121/317  -85/317  -37/317   23/317]
[  95/317  179/317  275/317  383/317  503/317  635/317  779/317  935/317 1103/317 1283/317 1475/317 1679/317 1895/317 2123/317 2363/317]
[2615/317 2879/317 3155/317 3443/317 3743/317 4055/317 3745/317 3447/317 3161/317 2887/317 2625/317 2375/317 2137/317 1911/317 1697/317]
[1495/317 1305/317 1127/317  961/317  807/317  665/317  535/317  417/317  311/317  217/317  135/317   65/317    7/317  -39/317  -73/317]
[ -95/317 -105/317 -103/317  -89/317  -63/317  -25/317   25/317   87/317  161/317  247/317  345/317  455/317  577/317  711/317  857/317]
[1015/317 1185/317 1367/317 1561/317 1767/317 1985/317 2215/317 2457/317 2711/317 2977/317 3255/317 3545/317 3847/317 4161/317 3853/317]
[3557/317 3273/317 3001/317 2741/317 2493/317 2257/317 2033/317 1821/317 1621/317 1433/317 1257/317 1093/317  941/317  801/317  673/317]
[ 557/317  453/317  361/317  281/317  213/317  157/317  113/317   81/317   61/317   53/317   57/317   73/317  101/317  141/317  193/317]
[ 257/317  333/317  421/317  521/317  633/317  757/317  893/317 1041/317 1201/317 1373/317 1557/317 1753/317 1961/317 2181/317 2413/317]
[2657/317 2913/317 3181/317 3461/317 3753/317 4057/317 3739/317 3433/317 3139/317 2857/317 2587/317 2329/317 2083/317 1849/317 1627/317]
[1417/317 1219/317 1033/317  859/317  697/317  547/317  409/317  283/317  169/317   67/317  -23/317 -101/317 -167/317 -221/317 -263/317]
[-293/317 -311/317        0        0        0        0        0        0        0        0        0        0        0        0        0]
Unobstructed
143
---------------------------
---------------------------
13a1811
Correction terms
[      -1  -23/113   21/113   19/113  -29/113 -123/113  -37/113    3/113   -3/113  -55/113 -153/113  -71/113  -35/113  -45/113 -101/113]
[-203/113 -125/113  -93/113 -107/113 -167/113  -47/113   27/113   55/113   37/113  -27/113 -137/113  -67/113  -43/113  -65/113 -133/113]
[ -21/113   45/113   65/113   39/113  -33/113 -151/113  -89/113  -73/113 -103/113 -179/113  -75/113  -17/113   -5/113  -39/113 -119/113]
[-245/113 -191/113 -183/113 -221/113  -79/113   17/113   67/113   71/113   29/113  -59/113 -193/113 -147/113 -147/113 -193/113  -59/113]
[  29/113   71/113   67/113   17/113  -79/113 -221/113 -183/113 -191/113 -245/113 -119/113  -39/113   -5/113  -17/113  -75/113 -179/113]
[-103/113  -73/113  -89/113 -151/113  -33/113   39/113   65/113   45/113  -21/113 -133/113  -65/113  -43/113  -67/113 -137/113  -27/113]
[  37/113   55/113   27/113  -47/113 -167/113 -107/113  -93/113 -125/113 -203/113 -101/113  -45/113  -35/113  -71/113 -153/113  -55/113]
[  -3/113    3/113  -37/113 -123/113  -29/113   19/113   21/113  -23/113        0        0        0        0        0        0        0]
Testing obstruction for
m1: 2, m2: 20,a: 1
[      -1 -107/113  -89/113  -59/113  -17/113   37/113  103/113  181/113  271/113  373/113  487/113  387/113  299/113  223/113  159/113]
[ 107/113   67/113   39/113   23/113   19/113   27/113   47/113   79/113  123/113  179/113  247/113  327/113  419/113  523/113  413/113]
[ 315/113  229/113  155/113   93/113   43/113    5/113  -21/113  -35/113  -37/113  -27/113   -5/113   29/113   75/113  133/113  203/113]
[ 285/113  379/113  485/113  377/113  281/113  197/113  125/113   65/113   17/113  -19/113  -43/113  -55/113  -55/113  -43/113  -19/113]
[  17/113   65/113  125/113  197/113  281/113  377/113  485/113  379/113  285/113  203/113  133/113   75/113   29/113   -5/113  -27/113]
[ -37/113  -35/113  -21/113    5/113   43/113   93/113  155/113  229/113  315/113  413/113  523/113  419/113  327/113  247/113  179/113]
[ 123/113   79/113   47/113   27/113   19/113   23/113   39/113   67/113  107/113  159/113  223/113  299/113  387/113  487/113  373/113]
[ 271/113  181/113  103/113   37/113  -17/113  -59/113  -89/113 -107/113        0        0        0        0        0        0        0]
Unobstructed
18
---------------------------
---------------------------
13a1826
H_1 not cyclic will skip for now
13a1865
Correction terms
[      -1 -171/265  111/265   51/265  179/265    -7/53  -61/265  101/265  -79/265  -71/265   -81/53  -21/265   21/265  251/265  139/265]
[   43/53  -51/265 -129/265  -19/265 -251/265   -59/53 -151/265  181/265  171/265  349/265    37/53 -321/265 -109/265 -239/265 -181/265]
[   13/53  -31/265   61/265  341/265  279/265   -25/53 -341/265 -369/265 -209/265  139/265    29/53 -191/265  191/265  231/265  -71/265]
[  -37/53 -111/265 -379/265   71/265  179/265   -11/53 -101/265   41/265     -3/5 -171/265     1/53 -161/265 -139/265   71/265  -61/265]
[   -1/53  239/265  141/265 -299/265  -21/265   -17/53   39/265 -179/265 -209/265  -51/265    59/53  299/265  -39/265 -189/265 -151/265]
[   15/53  -41/265   31/265 -239/265  209/265    63/53   79/265   31/265 -359/265  -31/265    -9/53  129/265  -39/265  -19/265  189/265]
[   11/53  109/265 -179/265 -279/265 -191/265    17/53   19/265  141/265  -79/265 -111/265     9/53 -141/265 -139/265   51/265 -101/265]
[  -13/53      3/5   41/265  111/265 -161/265   -49/53 -141/265  151/265  101/265 -291/265     7/53   19/265  191/265   21/265   39/265]
[  -57/53  109/265  161/265 -129/265 -231/265   -29/53  129/265   61/265  181/265  -41/265   -15/53   79/265 -109/265 -109/265   79/265]
[  -15/53  -41/265  181/265   61/265  129/265   -29/53 -231/265 -129/265  161/265  109/265   -57/53   39/265   21/265  191/265   19/265]
[    7/53 -291/265  101/265  151/265 -141/265   -49/53 -161/265  111/265   41/265      3/5   -13/53 -101/265   51/265 -139/265 -141/265]
[    9/53 -111/265  -79/265  141/265   19/265    17/53 -191/265 -279/265 -179/265  109/265    11/53  189/265  -19/265  -39/265  129/265]
[   -9/53  -31/265 -359/265   31/265   79/265    63/53  209/265 -239/265   31/265  -41/265    15/53 -151/265 -189/265  -39/265  299/265]
[   59/53  -51/265 -209/265 -179/265   39/265   -17/53  -21/265 -299/265  141/265  239/265    -1/53  -61/265   71/265 -139/265 -161/265]
[    1/53 -171/265     -3/5   41/265 -101/265   -11/53  179/265   71/265 -379/265 -111/265   -37/53  -71/265  231/265  191/265 -191/265]
[   29/53  139/265 -209/265 -369/265 -341/265   -25/53  279/265  341/265   61/265  -31/265    13/53 -181/265 -239/265 -109/265 -321/265]
[   37/53  349/265  171/265  181/265 -151/265   -59/53 -251/265  -19/265 -129/265  -51/265    43/53  139/265  251/265   21/265  -21/265]
[  -81/53  -71/265  -79/265  101/265  -61/265    -7/53  179/265   51/265  111/265 -171/265        0        0        0        0        0]
Testing obstruction for
m1: 4, m2: 22,a: 3
[      -1 -251/265 -209/265 -139/265  -41/265    17/53  239/265  421/265  631/265  869/265   227/53  899/265  691/265  511/265  359/265]
[   47/53  139/265   71/265   31/265   19/265     7/53   79/265  151/265  251/265  379/265   107/53  719/265  931/265 1171/265  909/265]
[  135/53  469/265  291/265  141/265   19/265   -15/53 -141/265 -179/265 -189/265 -171/265   -25/53  -51/265   51/265  181/265  339/265]
[  105/53  739/265  981/265 1251/265 1019/265   163/53  639/265  491/265      7/5  279/265    43/53  179/265  171/265  191/265  239/265]
[   63/53  419/265  551/265  711/265  899/265   223/53 1359/265 1101/265  871/265  669/265    99/53  349/265  231/265  141/265   79/265]
[    9/53   39/265   61/265  111/265  189/265    59/53  429/265  591/265  781/265  999/265   249/53  989/265  761/265  561/265  389/265]
[   49/53  129/265   41/265  -19/265  -51/265   -11/53  -31/265   21/265  101/265  209/265    69/53  509/265  701/265  921/265 1169/265]
[  183/53     13/5  491/265  321/265  179/265    13/53  -21/265  -79/265 -109/265 -111/265   -17/53  -31/265   51/265  161/265  299/265]
[   93/53  659/265  881/265 1131/265  879/265   131/53  459/265  291/265  151/265   39/265    -9/53 -101/265 -129/265 -129/265 -101/265]
[   -9/53   39/265  151/265  291/265  459/265   131/53  879/265 1131/265  881/265  659/265    93/53  299/265  161/265   51/265  -31/265]
[  -17/53 -111/265 -109/265  -79/265  -21/265    13/53  179/265  321/265  491/265     13/5   183/53 1169/265  921/265  701/265  509/265]
[   69/53  209/265  101/265   21/265  -31/265   -11/53  -51/265  -19/265   41/265  129/265    49/53  389/265  561/265  761/265  989/265]
[  249/53  999/265  781/265  591/265  429/265    59/53  189/265  111/265   61/265   39/265     9/53   79/265  141/265  231/265  349/265]
[   99/53  669/265  871/265 1101/265 1359/265   223/53  899/265  711/265  551/265  419/265    63/53  239/265  191/265  171/265  179/265]
[   43/53  279/265      7/5  491/265  639/265   163/53 1019/265 1251/265  981/265  739/265   105/53  339/265  181/265   51/265  -51/265]
[  -25/53 -171/265 -189/265 -179/265 -141/265   -15/53   19/265  141/265  291/265  469/265   135/53  909/265 1171/265  931/265  719/265]
[  107/53  379/265  251/265  151/265   79/265     7/53   19/265   31/265   71/265  139/265    47/53  359/265  511/265  691/265  899/265]
[  227/53  869/265  631/265  421/265  239/265    17/53  -41/265 -139/265 -209/265 -251/265        0        0        0        0        0]
Unobstructed
19
---------------------------
---------------------------
