13a1051
Correction terms
[      -1   97/357   31/357   53/119 -233/357  283/357 -145/119    67/51  139/357    1/119   61/357  313/357   15/119  -29/357    13/51]
[-103/119  199/357    11/21 -115/119   31/357 -113/357    -3/17  181/357  -95/357  -59/119  -65/357  241/357    9/119     1/51  181/357]
[ -55/119  397/357 -275/357  -13/119   -19/21    43/51  135/119  -11/357 -233/357  -87/119  -95/357  265/357     5/17  139/357 -347/357]
[  25/119  -23/357   73/357  121/119    19/51   97/357      5/7 -107/357 -275/357  155/119  -29/357   -47/51   93/119 -347/357  -65/357]
[ 137/119 -347/357 -197/357     7/17  -29/357  -11/357   67/119 -107/357   -13/21  191/119    19/51 -113/357  -55/119  -23/357  313/357]
[  43/119  139/357   -53/51    9/119  -95/357  -23/357   81/119  -11/357  -71/357     3/17   -19/21  199/357   67/119  397/357   73/357]
[ -19/119     1/51  265/357    1/119  -65/357   61/357 -111/119  181/357    25/51 -117/119   31/357 -107/357     -1/7  199/357  -71/357]
[   -7/17  -29/357  283/357   25/119   61/357  241/357  -33/119    67/51 -197/357   15/119 -233/357  397/357  -69/119   97/357     -1/3]
[ -47/119   31/357  397/357 -157/119  283/357 -197/357    11/17  139/357  241/357  -59/119  313/357  283/357  -89/119    13/51  -71/357]
[ -13/119    11/21 -107/357  -69/119 -113/357    25/51  -19/119  -95/357   61/357 -101/119  241/357  265/357   -11/17  181/357   73/357]
[  53/119 -275/357  199/357      3/7    43/51  -71/357  -83/119 -233/357  -23/357  127/119  265/357   -53/51  -33/119 -347/357  313/357]
[ 151/119   73/357 -113/357    -5/17   97/357   -13/21  123/119 -275/357  -11/357  149/119   -47/51 -197/357   43/119  -65/357  -65/357]
[  43/119 -197/357   -47/51  149/119  -11/357 -275/357  123/119   -13/21   97/357    -5/17 -113/357   73/357  151/119  313/357 -347/357]
[ -33/119   -53/51  265/357  127/119  -23/357 -233/357  -83/119  -71/357    43/51      3/7  199/357 -275/357   53/119   73/357  181/357]
[  -11/17  265/357  241/357 -101/119   61/357  -95/357  -19/119    25/51 -113/357  -69/119 -107/357    11/21  -13/119  -71/357    13/51]
[ -89/119  283/357  313/357  -59/119  241/357  139/357    11/17 -197/357  283/357 -157/119  397/357   31/357  -47/119     -1/3   97/357]
[ -69/119  397/357 -233/357   15/119 -197/357    67/51  -33/119  241/357   61/357   25/119  283/357  -29/357    -7/17  -71/357  199/357]
[    -1/7 -107/357   31/357 -117/119    25/51  181/357 -111/119   61/357  -65/357    1/119  265/357     1/51  -19/119   73/357  397/357]
[  67/119  199/357   -19/21     3/17  -71/357  -11/357   81/119  -23/357  -95/357    9/119   -53/51  139/357   43/119  313/357  -23/357]
[ -55/119 -113/357    19/51  191/119   -13/21 -107/357   67/119  -11/357  -29/357     7/17 -197/357 -347/357  137/119  -65/357 -347/357]
[  93/119   -47/51  -29/357  155/119 -275/357 -107/357      5/7   97/357    19/51  121/119   73/357  -23/357   25/119 -347/357  139/357]
[    5/17  265/357  -95/357  -87/119 -233/357  -11/357  135/119    43/51   -19/21  -13/119 -275/357  397/357  -55/119  181/357     1/51]
[   9/119  241/357  -65/357  -59/119  -95/357  181/357    -3/17 -113/357   31/357 -115/119    11/21  199/357 -103/119    13/51  -29/357]
[  15/119  313/357   61/357    1/119  139/357    67/51 -145/119  283/357 -233/357   53/119   31/357   97/357        0        0        0]
Testing obstruction for
m1: 2, m2: 60,a: 0
[      -1 -113/357  -95/357 -101/119  -23/357   31/357  -47/119    25/51  265/357   43/119  481/357  607/357  169/119  895/357   151/51]
[ 331/119 1417/357    95/21  529/119 2047/357 2281/357   109/17 2785/357 3055/357 1033/119 3631/357 3937/357 1339/119   655/51 4927/357]
[1681/119 4933/357 4597/357 1345/119   233/21   523/51 1045/119 3097/357 2833/357  781/119 2341/357 2113/357    79/17 1693/357 1501/357]
[ 361/119 1153/357  997/357  205/119   103/51  601/357      5/7  397/357  313/357    1/119  181/357    19/51  -47/119   73/357   61/357]
[ -59/119   73/357   97/357    -5/17  181/357  241/357   25/119  397/357    29/21  121/119   103/51  853/357  253/119 1153/357 1321/357]
[ 421/119 1693/357   271/51  625/119 2341/357 2581/357  865/119 3097/357 3373/357   163/17   233/21 4273/357 1453/119 4933/357 5281/357]
[1563/119   655/51 4255/357 1233/119 3631/357 3337/357  939/119 2785/357   361/51  681/119 2047/357 1825/357     27/7 1417/357 1231/357]
[   39/17  895/357  745/357  123/119  481/357  367/357    9/119    25/51   97/357  -69/119  -23/357  -65/357 -111/119 -113/357     -1/3]
[-117/119  -95/357  -65/357  -87/119   31/357   97/357    -3/17  265/357  367/357   81/119  607/357  745/357  219/119   151/51 1231/357]
[ 393/119    95/21 1825/357  603/119 2281/357   361/51  849/119 3055/357 3337/357 1131/119 3937/357 4255/357   207/17 4927/357 5281/357]
[1565/119 4597/357 4273/357     73/7   523/51 3373/357  953/119 2833/357 2581/357  701/119 2113/357   271/51  485/119 1501/357 1321/357]
[ 305/119  997/357  853/357    23/17  601/357    29/21   53/119  313/357  241/357  -19/119    19/51   97/357  -55/119   61/357   61/357]
[ -55/119   97/357    19/51  -19/119  241/357  313/357   53/119    29/21  601/357    23/17  853/357  997/357  305/119 1321/357 1501/357]
[ 485/119   271/51 2113/357  701/119 2581/357 2833/357  953/119 3373/357   523/51     73/7 4273/357 4597/357 1565/119 5281/357 4927/357]
[  207/17 4255/357 3937/357 1131/119 3337/357 3055/357  849/119   361/51 2281/357  603/119 1825/357    95/21  393/119 1231/357   151/51]
[ 219/119  745/357  607/357   81/119  367/357  265/357    -3/17   97/357   31/357  -87/119  -65/357  -95/357 -117/119     -1/3 -113/357]
[-111/119  -65/357  -23/357  -69/119   97/357    25/51    9/119  367/357  481/357  123/119  745/357  895/357    39/17 1231/357 1417/357]
[    27/7 1825/357 2047/357  681/119   361/51 2785/357  939/119 3337/357 3631/357 1233/119 4255/357   655/51 1563/119 5281/357 4933/357]
[1453/119 4273/357   233/21   163/17 3373/357 3097/357  865/119 2581/357 2341/357  625/119   271/51 1693/357  421/119 1321/357 1153/357]
[ 253/119  853/357   103/51  121/119    29/21  397/357   25/119  241/357  181/357    -5/17   97/357   73/357  -59/119   61/357   73/357]
[ -47/119    19/51  181/357    1/119  313/357  397/357      5/7  601/357   103/51  205/119  997/357 1153/357  361/119 1501/357 1693/357]
[   79/17 2113/357 2341/357  781/119 2833/357 3097/357 1045/119   523/51   233/21 1345/119 4597/357 4933/357 1681/119 4927/357   655/51]
[1339/119 3937/357 3631/357 1033/119 3055/357 2785/357   109/17 2281/357 2047/357  529/119    95/21 1417/357  331/119   151/51  895/357]
[ 169/119  607/357  481/357   43/119  265/357    25/51  -47/119   31/357  -23/357 -101/119  -95/357 -113/357        0        0        0]
[-113/357, -95/357, -101/119]
20 [-113/357, -95/357, 137/119]
[-113/357, -95/357, -101/119, -23/357, 31/357, -47/119]
71 [-113/357, -95/357, -101/119, -23/357, 31/357, 191/119]
[-113/357, -95/357, -101/119]
139 [-113/357, -95/357, 137/119]
[-113/357, -95/357, -101/119, -23/357, 31/357, -47/119]
167 [-113/357, -95/357, -101/119, -23/357, 31/357, 191/119]
Testing obstruction for
m1: 4, m2: 26,a: 0
[      -1 -241/357  107/357   -9/119   71/357  401/357   83/119    47/51  641/357  395/119 1247/357 1541/357  689/119 2111/357   239/51]
[ 489/119 1493/357    61/21  271/119  821/357  347/357     5/17   95/357  317/357   19/119   29/357  233/357  -15/119   -13/51   95/357]
[ 171/119  449/357  617/357  339/119    55/21   155/51  489/119 2081/357 2213/357  621/119 1745/357 1145/357    37/17  641/357  737/357]
[ 117/119  197/357  275/357  -43/119   -43/51 -241/357      1/7 -139/357  -97/357   59/119  -31/357    -1/51   83/119  737/357  743/357]
[ 327/119 1451/357 1439/357    79/17 2111/357 2081/357  523/119 1289/357    73/21  237/119    59/51  347/357  171/119  197/357  113/357]
[  87/119  -73/357   -25/51  -15/119  317/357  197/357  103/119  653/357  515/357    29/17    55/21 1493/357  523/119 1877/357 2417/357]
[ 587/119   191/51 1145/357  395/119  743/357  533/357  185/119   95/357   -19/51  -43/119  107/357 -139/357     -3/7   65/357 -199/357]
[  -11/17  -31/357  401/357  117/119  533/357  947/357  293/119   149/51 1439/357  689/119 2213/357 1877/357  591/119 1187/357      7/3]
[ 237/119  821/357  449/357  103/119  401/357   11/357    -7/17  -73/357  233/357   19/119  113/357  401/357   69/119    35/51  515/357]
[ 339/119    61/21 1289/357  591/119 1775/357   287/51  587/119 1745/357 1247/357  327/119  947/357  431/357     7/17   95/357  275/357]
[  -9/119  -97/357   65/357     -5/7   -49/51 -199/357   59/119   71/357  197/357  185/119  431/357    77/51  293/119 1451/357 1541/357]
[ 621/119 2417/357 1775/357    65/17 1187/357    73/21  271/119  617/357  653/357   69/119    -1/51   11/357   87/119   29/357   29/357]
[  87/119   11/357    -1/51   69/119  653/357  617/357  271/119    73/21 1187/357    65/17 1775/357 2417/357  621/119 1541/357 1451/357]
[ 293/119    77/51  431/357  185/119  197/357   71/357   59/119 -199/357   -49/51     -5/7   65/357  -97/357   -9/119  275/357   95/357]
[    7/17  431/357  947/357  327/119 1247/357 1745/357  587/119   287/51 1775/357  591/119 1289/357    61/21  339/119  515/357    35/51]
[  69/119  401/357  113/357   19/119  233/357  -73/357    -7/17   11/357  401/357  103/119  449/357  821/357  237/119      7/3 1187/357]
[ 591/119 1877/357 2213/357  689/119 1439/357   149/51  293/119  947/357  533/357  117/119  401/357  -31/357   -11/17 -199/357   65/357]
[    -3/7 -139/357  107/357  -43/119   -19/51   95/357  185/119  533/357  743/357  395/119 1145/357   191/51  587/119 2417/357 1877/357]
[ 523/119 1493/357    55/21    29/17  515/357  653/357  103/119  197/357  317/357  -15/119   -25/51  -73/357   87/119  113/357  197/357]
[ 171/119  347/357    59/51  237/119    73/21 1289/357  523/119 2081/357 2111/357    79/17 1439/357 1451/357  327/119  743/357  737/357]
[  83/119    -1/51  -31/357   59/119  -97/357 -139/357      1/7 -241/357   -43/51  -43/119  275/357  197/357  117/119  737/357  641/357]
[   37/17 1145/357 1745/357  621/119 2213/357 2081/357  489/119   155/51    55/21  339/119  617/357  449/357  171/119   95/357   -13/51]
[ -15/119  233/357   29/357   19/119  317/357   95/357     5/17  347/357  821/357  271/119    61/21 1493/357  489/119   239/51 2111/357]
[ 689/119 1541/357 1247/357  395/119  641/357    47/51   83/119  401/357   71/357   -9/119  107/357 -241/357        0        0        0]
Testing obstruction for
m1: 10, m2: 10,a: 1
[      -1 -319/357 -205/357   -5/119  251/357  593/357   99/119    11/51  -67/357  -45/119 -127/357  -43/357   39/119  353/357    95/51]
[ 113/119   89/357    -5/21  -61/119 -205/357 -151/357    -1/17  185/357  467/357  275/119  545/357  341/357   71/119    23/51  185/357]
[  95/119  461/357  713/357  347/119    43/21    71/51  113/119  257/357  251/357  107/119  467/357  689/357    47/17 1361/357 1097/357]
[ 303/119  797/357  761/357  267/119   131/51 1109/357     27/7 1007/357  713/357  165/119  353/357    41/51   99/119  383/357  545/357]
[ 261/119 1097/357  773/357    25/17  353/357  257/357   79/119  293/357    25/21  211/119   131/51  563/357   95/119   83/357  -43/357]
[ -31/119  -67/357     5/51   71/119  467/357  797/357  163/119  257/357  101/357     1/17     1/21   89/357   79/119  461/357  761/357]
[ 141/119    23/51  -25/357  -45/119 -169/357 -127/357   -3/119  185/357    65/51  267/119  509/357  293/357      3/7   89/357  101/357]
[    9/17  353/357  593/357  303/119  587/357  341/357   57/119    11/51   59/357   39/119  251/357  461/357  249/119 1109/357      7/3]
[ 211/119  509/357  461/357  163/119  593/357  773/357    49/17 1361/357 1055/357  275/119  671/357  593/357  197/119    95/51  815/357]
[ 347/119    79/21 1007/357  249/119  563/357    65/51  141/119  467/357  587/357  261/119 1055/357  689/357    19/17  185/357   47/357]
[  -5/119   -1/357   89/357      5/7    71/51  815/357  165/119  251/357   83/357   -3/119  -25/357     5/51   57/119  383/357  671/357]
[ 107/119   47/357 -151/357   -13/17 -319/357   -17/21  -61/119   -1/357  257/357  197/119    41/51   59/357  -31/119 -169/357 -169/357]
[ -31/119   59/357    41/51  197/119  257/357   -1/357  -61/119   -17/21 -319/357   -13/17 -151/357   47/357  107/119  671/357  383/357]
[  57/119     5/51  -25/357   -3/119   83/357  251/357  165/119  815/357    71/51      5/7   89/357   -1/357   -5/119   47/357  185/357]
[   19/17  689/357 1055/357  261/119  587/357  467/357  141/119    65/51  563/357  249/119 1007/357    79/21  347/119  815/357    95/51]
[ 197/119  593/357  671/357  275/119 1055/357 1361/357    49/17  773/357  593/357  163/119  461/357  509/357  211/119      7/3 1109/357]
[ 249/119  461/357  251/357   39/119   59/357    11/51   57/119  341/357  587/357  303/119  593/357  353/357     9/17  101/357   89/357]
[     3/7  293/357  509/357  267/119    65/51  185/357   -3/119 -127/357 -169/357  -45/119  -25/357    23/51  141/119  761/357  461/357]
[  79/119   89/357     1/21     1/17  101/357  257/357  163/119  797/357  467/357   71/119     5/51  -67/357  -31/119  -43/357   83/357]
[  95/119  563/357   131/51  211/119    25/21  293/357   79/119  257/357  353/357    25/17  773/357 1097/357  261/119  545/357  383/357]
[  99/119    41/51  353/357  165/119  713/357 1007/357     27/7 1109/357   131/51  267/119  761/357  797/357  303/119 1097/357 1361/357]
[   47/17  689/357  467/357  107/119  251/357  257/357  113/119    71/51    43/21  347/119  713/357  461/357   95/119  185/357    23/51]
[  71/119  341/357  545/357  275/119  467/357  185/357    -1/17 -151/357 -205/357  -61/119    -5/21   89/357  113/119    95/51  353/357]
[  39/119  -43/357 -127/357  -45/119  -67/357    11/51   99/119  593/357  251/357   -5/119 -205/357 -319/357        0        0        0]
Testing obstruction for
m1: 90, m2: 90,a: 89
[      -1 -353/357 -341/357 -107/119 -293/357 -257/357  -71/119   -23/51 -101/357  -11/119   43/357  127/357   73/119  319/357    61/51]
[ 181/119  667/357    47/21  313/119 1087/357 1243/357    67/17 1579/357 1759/357  649/119 2143/357 2347/357  853/119   397/51 3007/357]
[1081/119 3487/357 3739/357 1333/119   251/21   649/51 1609/119 5119/357 5419/357 1909/119 6043/357 6367/357   319/17 7039/357 7387/357]
[2581/119 7393/357 7051/357 2239/119   913/51 6073/357    113/7 5461/357 5167/357 1627/119 4603/357   619/51 1357/119 3817/357 3571/357]
[1111/119 3103/357 2881/357   127/17 2461/357 2263/357  691/119 1891/357   101/21  517/119   199/51 1243/357  367/119  967/357  841/357]
[ 241/119  613/357    73/51  139/119  331/357  253/357   61/119  121/357   67/357     1/17    -1/21  -47/357  -23/119  -83/357  -89/357]
[ -29/119   -11/51  -59/357  -11/119    1/357   43/357   31/119  151/357    31/51   97/119  373/357  463/357     11/7  667/357  781/357]
[   43/17 1033/357 1171/357  439/119 1471/357 1633/357  601/119   283/51 2167/357  787/119 2563/357 2773/357  997/119 3217/357     29/3]
[1231/119 3943/357 4201/357 1489/119 4741/357 5023/357   253/17 5611/357 5917/357 2077/119 6553/357 6883/357 2407/119  1081/51 7921/357]
[2523/119   425/21 6889/357 2187/119 6241/357   847/51 1875/119 5329/357 5041/357 1587/119 4489/357 4225/357   189/17 3721/357 3481/357]
[1083/119 3025/357 2809/357     51/7   343/51 2209/357  675/119 1849/357 1681/357  507/119 1369/357   175/51  363/119  961/357  841/357]
[ 243/119  625/357  529/357    21/17  361/357    17/21   75/119  169/357  121/357   27/119     7/51   25/357    3/119    1/357    1/357]
[   3/119   25/357     7/51   27/119  121/357  169/357   75/119    17/21  361/357    21/17  529/357  625/357  243/119  841/357  961/357]
[ 363/119   175/51 1369/357  507/119 1681/357 1849/357  675/119 2209/357   343/51     51/7 2809/357 3025/357 1083/119 3481/357 3721/357]
[  189/17 4225/357 4489/357 1587/119 5041/357 5329/357 1875/119   847/51 6241/357 2187/119 6889/357   425/21 2523/119 7921/357  1081/51]
[2407/119 6883/357 6553/357 2077/119 5917/357 5611/357   253/17 5023/357 4741/357 1489/119 4201/357 3943/357 1231/119     29/3 3217/357]
[ 997/119 2773/357 2563/357  787/119 2167/357   283/51  601/119 1633/357 1471/357  439/119 1171/357 1033/357    43/17  781/357  667/357]
[    11/7  463/357  373/357   97/119    31/51  151/357   31/119   43/357    1/357  -11/119  -59/357   -11/51  -29/119  -89/357  -83/357]
[ -23/119  -47/357    -1/21     1/17   67/357  121/357   61/119  253/357  331/357  139/119    73/51  613/357  241/119  841/357  967/357]
[ 367/119 1243/357   199/51  517/119   101/21 1891/357  691/119 2263/357 2461/357   127/17 2881/357 3103/357 1111/119 3571/357 3817/357]
[1357/119   619/51 4603/357 1627/119 5167/357 5461/357    113/7 6073/357   913/51 2239/119 7051/357 7393/357 2581/119 7387/357 7039/357]
[  319/17 6367/357 6043/357 1909/119 5419/357 5119/357 1609/119   649/51   251/21 1333/119 3739/357 3487/357 1081/119 3007/357   397/51]
[ 853/119 2347/357 2143/357  649/119 1759/357 1579/357    67/17 1243/357 1087/357  313/119    47/21  667/357  181/119    61/51  319/357]
[  73/119  127/357   43/357  -11/119 -101/357   -23/51  -71/119 -257/357 -293/357 -107/119 -341/357 -353/357        0        0        0]
---------------------------
SUCCESS for name = 13a1051
---------------------------
13a1062
Correction terms
[      -1    1/189  193/189     1/21  205/189   25/189    25/21     7/27  253/189      3/7  -89/189  121/189    -5/21  169/189     1/27]
[  -17/21   67/189  289/189      5/7  361/189  211/189      1/3  -83/189  151/189     1/21 -131/189  109/189     -1/7    31/27   85/189]
[   -5/21  205/189   79/189    37/21  211/189    13/27     -1/7 -143/189  121/189     1/21 -101/189  169/189      1/3  337/189  235/189]
[     5/7   37/189  -59/189    25/21    19/27   43/189    -5/21 -131/189  163/189      3/7    1/189    43/27    25/21  151/189   79/189]
[    1/21  -59/189 -125/189        1  127/189   67/189     1/21  -47/189  277/189    25/21    25/27  127/189      3/7   37/189   -5/189]
[   -5/21  -83/189   -17/27    25/21  193/189  163/189      5/7  109/189   85/189      1/3   43/189   25/189     1/21   -5/189  -17/189]
[    -1/7    -5/27  -41/189    37/21  331/189  331/189    37/21  -41/189    -5/27     -1/7  -17/189   -5/189     1/21   25/189   43/189]
[     1/3   85/189  109/189      5/7  163/189  193/189    25/21   -17/27  -83/189    -5/21   -5/189   37/189      3/7  127/189    25/27]
[   25/21  277/189  -47/189     1/21   67/189  127/189        1 -125/189  -59/189     1/21   79/189  151/189    25/21    43/27    1/189]
[     3/7  163/189 -131/189    -5/21   43/189    19/27    25/21  -59/189   37/189      5/7  235/189  337/189      1/3  169/189 -101/189]
[    1/21  121/189 -143/189     -1/7    13/27  211/189    37/21   79/189  205/189    -5/21   85/189    31/27     -1/7  109/189 -131/189]
[    1/21  151/189  -83/189      1/3  211/189  361/189      5/7  289/189   67/189   -17/21     1/27  169/189    -5/21  121/189  -89/189]
[     3/7  253/189     7/27    25/21   25/189  205/189     1/21  193/189    1/189        0        0        0        0        0        0]
Testing obstruction for
m1: 2, m2: 32,a: 0
Obstructed by Z^n/Q not being cyclic
Testing obstruction for
m1: 4, m2: 14,a: 0
[      -1 -121/189   83/189     5/21  143/189  377/189    41/21    71/27  383/189     15/7  185/189  101/189    17/21  -37/189   -13/27]
[   -1/21  209/189  185/189     11/7  545/189  551/189      5/3  215/189  251/189     5/21  -25/189   41/189     -5/7   -25/27  -79/189]
[   17/21  143/189  269/189    59/21  551/189    47/27      9/7  293/189  101/189     5/21  125/189  -37/189     -1/3   47/189  293/189]
[    11/7  437/189  713/189    41/21    23/27   89/189    17/21  -25/189  -67/189      1/7 -121/189   -19/27    -1/21  251/189  269/189]
[   47/21  713/189  383/189        1  131/189  209/189     5/21   17/189  125/189    -1/21    -1/27  131/189     15/7  437/189  605/189]
[   59/21  215/189     5/27    -1/21   83/189  -67/189     -3/7   41/189  -79/189     -1/3   89/189  377/189    47/21  605/189  545/189]
[     9/7    11/27   47/189    17/21   17/189   17/189    17/21   47/189    11/27      9/7  545/189  605/189    47/21  377/189   89/189]
[    -1/3  -79/189   41/189     -3/7  -67/189   83/189    -1/21     5/27  215/189    59/21  605/189  437/189     15/7  131/189    -1/27]
[   -1/21  125/189   17/189     5/21  209/189  131/189        1  383/189  713/189    47/21  269/189  251/189    -1/21   -19/27 -121/189]
[     1/7  -67/189  -25/189    17/21   89/189    23/27    41/21  713/189  437/189     11/7  293/189   47/189     -1/3  -37/189  125/189]
[    5/21  101/189  293/189      9/7    47/27  551/189    59/21  269/189  143/189    17/21  -79/189   -25/27     -5/7   41/189  -25/189]
[    5/21  251/189  215/189      5/3  551/189  545/189     11/7  185/189  209/189    -1/21   -13/27  -37/189    17/21  101/189  185/189]
[    15/7  383/189    71/27    41/21  377/189  143/189     5/21   83/189 -121/189        0        0        0        0        0        0]
Testing obstruction for
m1: 8, m2: 8,a: 3
Obstructed by Z^n/Q not being cyclic
Testing obstruction for
m1: 6, m2: 12,a: 4
[      -1 -167/189 -101/189     1/21  163/189  361/189    25/21    19/27   85/189      3/7  121/189  205/189    37/21  505/189    49/27]
[   25/21  151/189  121/189      5/7  193/189  295/189      7/3  253/189  109/189     1/21  -47/189  -59/189     -1/7     7/27  169/189]
[   37/21  163/189   37/189    -5/21  -83/189   -11/27     -1/7   67/189  205/189    43/21  235/189  127/189      1/3   43/189   67/189]
[     5/7  247/189  403/189    25/21    13/27    1/189    -5/21  -47/189   -5/189      3/7  211/189    55/27    25/21  109/189   37/189]
[    1/21   25/189   85/189        1  337/189  151/189     1/21  -89/189 -143/189   -17/21   -17/27  -41/189      3/7  247/189  457/189]
[   37/21  253/189    31/27    25/21  277/189  373/189     19/7  319/189  169/189      1/3    1/189  -17/189     1/21   79/189  193/189]
[    13/7    25/27   43/189    -5/21  -89/189  -89/189    -5/21   43/189    25/27     13/7  193/189   79/189     1/21  -17/189    1/189]
[     1/3  169/189  319/189     19/7  373/189  277/189    25/21    31/27  253/189    37/21  457/189  247/189      3/7  -41/189   -17/27]
[  -17/21 -143/189  -89/189     1/21  151/189  337/189        1   85/189   25/189     1/21   37/189  109/189    25/21    55/27  211/189]
[     3/7   -5/189  -47/189    -5/21    1/189    13/27    25/21  403/189  247/189      5/7   67/189   43/189      1/3  127/189  235/189]
[   43/21  205/189   67/189     -1/7   -11/27  -83/189    -5/21   37/189  163/189    37/21  169/189     7/27     -1/7  -59/189  -47/189]
[    1/21  109/189  253/189      7/3  295/189  193/189      5/7  121/189  151/189    25/21    49/27  505/189    37/21  205/189  121/189]
[     3/7   85/189    19/27    25/21  361/189  163/189     1/21 -101/189 -167/189        0        0        0        0        0        0]
Testing obstruction for
m1: 10, m2: 14,a: 9
[      -1 -169/189 -109/189    -1/21  131/189  311/189    17/21     5/27  -43/189     -3/7  -79/189  -37/189     5/21  167/189    47/27]
[   17/21   17/189  -79/189     -5/7 -151/189 -127/189     -1/3   41/189  185/189    41/21  215/189  101/189      1/7    -1/27   -1/189]
[    5/21  131/189  257/189    47/21  251/189    17/27      1/7  -25/189  -37/189    -1/21   59/189  167/189      5/3  503/189  353/189]
[     9/7  173/189  143/189    17/21    29/27  293/189    47/21  593/189  425/189     11/7  209/189    23/27    17/21  185/189  257/189]
[   41/21  521/189  335/189        1   83/189   17/189    -1/21    5/189   59/189    17/21    41/27  461/189     11/7  173/189   89/189]
[    5/21   41/189    11/27    17/21  269/189  425/189      9/7  101/189   -1/189     -1/3  -85/189  -67/189    -1/21   89/189  227/189]
[    15/7    35/27  125/189     5/21    5/189    5/189     5/21  125/189    35/27     15/7  227/189   89/189    -1/21  -67/189  -85/189]
[    -1/3   -1/189  101/189      9/7  425/189  269/189    17/21    11/27   41/189     5/21   89/189  173/189     11/7  461/189    41/27]
[   17/21   59/189    5/189    -1/21   17/189   83/189        1  335/189  521/189    41/21  257/189  185/189    17/21    23/27  209/189]
[    11/7  425/189  593/189    47/21  293/189    29/27    17/21  143/189  173/189      9/7  353/189  503/189      5/3  167/189   59/189]
[   -1/21  -37/189  -25/189      1/7    17/27  251/189    47/21  257/189  131/189     5/21   -1/189    -1/27      1/7  101/189  215/189]
[   41/21  185/189   41/189     -1/3 -127/189 -151/189     -5/7  -79/189   17/189    17/21    47/27  167/189     5/21  -37/189  -79/189]
[    -3/7  -43/189     5/27    17/21  311/189  131/189    -1/21 -109/189 -169/189        0        0        0        0        0        0]
Testing obstruction for
m1: 48, m2: 48,a: 47
[      -1 -185/189 -173/189   -17/21 -125/189  -89/189    -5/21     1/27   67/189      5/7  211/189  295/189    43/21  487/189    85/27]
[   79/21  835/189  967/189     41/7 1255/189 1411/189     25/3 1747/189 1927/189   235/21 1933/189 1759/189     59/7   205/27 1285/189]
[  127/21 1009/189  883/189    85/21  655/189    79/27     17/7  373/189  295/189    25/21  163/189  109/189      1/3   25/189   -5/189]
[    -1/7  -41/189  -47/189    -5/21    -5/27  -17/189     1/21   43/189   85/189      5/7  193/189    37/27    37/21  415/189  505/189]
[   67/21  709/189  823/189        5 1075/189 1213/189   151/21 1513/189 1675/189   205/21   289/27 2209/189     75/7 1849/189 1681/189]
[  169/21 1369/189   175/27   121/21  961/189  841/189     27/7  625/189  529/189      7/3  361/189  289/189    25/21  169/189  121/189]
[     3/7     7/27   25/189     1/21    1/189    1/189     1/21   25/189     7/27      3/7  121/189  169/189    25/21  289/189  361/189]
[     7/3  529/189  625/189     27/7  841/189  961/189   121/21   175/27 1369/189   169/21 1681/189 1849/189     75/7 2209/189   289/27]
[  205/21 1675/189 1513/189   151/21 1213/189 1075/189        5  823/189  709/189    67/21  505/189  415/189    37/21    37/27  193/189]
[     5/7   85/189   43/189     1/21  -17/189    -5/27    -5/21  -47/189  -41/189     -1/7   -5/189   25/189      1/3  109/189  163/189]
[   25/21  295/189  373/189     17/7    79/27  655/189    85/21  883/189 1009/189   127/21 1285/189   205/27     59/7 1759/189 1933/189]
[  235/21 1927/189 1747/189     25/3 1411/189 1255/189     41/7  967/189  835/189    79/21    85/27  487/189    43/21  295/189  211/189]
[     5/7   67/189     1/27    -5/21  -89/189 -125/189   -17/21 -173/189 -185/189        0        0        0        0        0        0]
---------------------------
SUCCESS for name = 13a1062
---------------------------
13a1077
Correction terms
[      -1 -333/397 -141/397  179/397 -167/397 -385/397  319/397 -437/397 -271/397   23/397 -349/397  201/397   85/397   97/397  237/397]
[-289/397  107/397 -163/397 -305/397 -319/397 -205/397   37/397 -387/397  111/397  -57/397  -97/397   -9/397 -587/397 -243/397 -565/397]
[  35/397  -31/397   31/397  221/397 -255/397  191/397  -29/397 -121/397  -85/397   79/397  371/397   -3/397 -249/397  427/397 -357/397]
[-219/397   47/397 -353/397  169/397   25/397    9/397  121/397 -433/397  -65/397 -363/397 -533/397 -575/397 -489/397 -275/397   67/397]
[-257/397 -453/397  273/397 -461/397 -273/397   43/397 -307/397  265/397  171/397  205/397  367/397 -137/397  281/397   33/397  -87/397]
[ -79/397   57/397  321/397  -81/397 -355/397  293/397 -519/397 -409/397 -171/397 -599/397 -105/397 -277/397 -321/397 -237/397  -25/397]
[-479/397  -11/397 -209/397 -279/397 -221/397  -35/397  279/397  -73/397 -297/397  401/397 -361/397 -201/397   87/397 -291/397  253/397]
[ 131/397  137/397  271/397 -261/397  129/397 -147/397 -295/397 -315/397 -207/397   29/397 -401/397   91/397  -83/397 -129/397  -47/397]
[-631/397 -293/397  173/397  -27/397  -99/397  -43/397  141/397 -341/397   99/397 -127/397 -225/397 -195/397  -37/397  249/397 -131/397]
[-383/397  287/397 -503/397 -371/397 -111/397 -517/397   -1/397 -151/397 -173/397  -67/397  167/397 -265/397 -569/397   49/397    1/397]
[  81/397  289/397 -169/397  295/397   93/397   19/397   73/397 -539/397 -229/397  209/397  -19/397 -119/397  -91/397   65/397 -445/397]
[ -33/397 -287/397 -413/397 -411/397 -281/397  -23/397 -431/397   83/397  -69/397  -93/397   11/397 -551/397 -191/397  297/397  119/397]
[  69/397  147/397  353/397 -107/397 -439/397  151/397   75/397  127/397  307/397 -179/397  257/397   27/397  -75/397  -49/397 -689/397]
[-407/397    3/397 -253/397 -381/397 -381/397 -253/397    3/397 -407/397 -689/397  -49/397  -75/397   27/397  257/397 -179/397  307/397]
[ 127/397   75/397  151/397 -439/397 -107/397  353/397  147/397   69/397  119/397  297/397 -191/397 -551/397   11/397  -93/397  -69/397]
[  83/397 -431/397  -23/397 -281/397 -411/397 -413/397 -287/397  -33/397 -445/397   65/397  -91/397 -119/397  -19/397  209/397 -229/397]
[-539/397   73/397   19/397   93/397  295/397 -169/397  289/397   81/397    1/397   49/397 -569/397 -265/397  167/397  -67/397 -173/397]
[-151/397   -1/397 -517/397 -111/397 -371/397 -503/397  287/397 -383/397 -131/397  249/397  -37/397 -195/397 -225/397 -127/397   99/397]
[-341/397  141/397  -43/397  -99/397  -27/397  173/397 -293/397 -631/397  -47/397 -129/397  -83/397   91/397 -401/397   29/397 -207/397]
[-315/397 -295/397 -147/397  129/397 -261/397  271/397  137/397  131/397  253/397 -291/397   87/397 -201/397 -361/397  401/397 -297/397]
[ -73/397  279/397  -35/397 -221/397 -279/397 -209/397  -11/397 -479/397  -25/397 -237/397 -321/397 -277/397 -105/397 -599/397 -171/397]
[-409/397 -519/397  293/397 -355/397  -81/397  321/397   57/397  -79/397  -87/397   33/397  281/397 -137/397  367/397  205/397  171/397]
[ 265/397 -307/397   43/397 -273/397 -461/397  273/397 -453/397 -257/397   67/397 -275/397 -489/397 -575/397 -533/397 -363/397  -65/397]
[-433/397  121/397    9/397   25/397  169/397 -353/397   47/397 -219/397 -357/397  427/397 -249/397   -3/397  371/397   79/397  -85/397]
[-121/397  -29/397  191/397 -255/397  221/397   31/397  -31/397   35/397 -565/397 -243/397 -587/397   -9/397  -97/397  -57/397  111/397]
[-387/397   37/397 -205/397 -319/397 -305/397 -163/397  107/397 -289/397  237/397   97/397   85/397  201/397 -349/397   23/397 -271/397]
[-437/397  319/397 -385/397 -167/397  179/397 -141/397 -333/397        0        0        0        0        0        0        0        0]
Testing obstruction for
m1: 4, m2: 30,a: 2
[      -1 -383/397 -341/397 -271/397 -173/397  -47/397  107/397  289/397  499/397  737/397 1003/397 1297/397 1619/397 1969/397 2347/397]
[2753/397 2393/397 2061/397 1757/397 1481/397 1233/397 1013/397  821/397  657/397  521/397  413/397  333/397  281/397  257/397  261/397]
[ 293/397  353/397  441/397  557/397  701/397  873/397 1073/397 1301/397 1557/397 1841/397 2153/397 2493/397 2861/397 2463/397 2093/397]
[1751/397 1437/397 1151/397  893/397  663/397  461/397  287/397  141/397   23/397  -67/397 -129/397 -163/397 -169/397 -147/397  -97/397]
[ -19/397   87/397  221/397  383/397  573/397  791/397 1037/397 1311/397 1613/397 1943/397 2301/397 2687/397 2307/397 1955/397 1631/397]
[1335/397 1067/397  827/397  615/397  431/397  275/397  147/397   47/397  -25/397  -69/397  -85/397  -73/397  -33/397   35/397  131/397]
[ 255/397  407/397  587/397  795/397 1031/397 1295/397 1587/397 1907/397 2255/397 2631/397 2241/397 1879/397 1545/397 1239/397  961/397]
[ 711/397  489/397  295/397  129/397   -9/397 -119/397 -201/397 -255/397 -281/397 -279/397 -249/397 -191/397 -105/397    9/397  151/397]
[ 321/397  519/397  745/397  999/397 1281/397 1591/397 1929/397 2295/397 2689/397 2317/397 1973/397 1657/397 1369/397 1109/397  877/397]
[ 673/397  497/397  349/397  229/397  137/397   73/397   37/397   29/397   49/397   97/397  173/397  277/397  409/397  569/397  757/397]
[ 973/397 1217/397 1489/397 1789/397 2117/397 2473/397 2857/397 2475/397 2121/397 1795/397 1497/397 1227/397  985/397  771/397  585/397]
[ 427/397  297/397  195/397  121/397   75/397   57/397   67/397  105/397  171/397  265/397  387/397  537/397  715/397  921/397 1155/397]
[1417/397 1707/397 2025/397 2371/397 2745/397 2353/397 1989/397 1653/397 1345/397 1065/397  813/397  589/397  393/397  225/397   85/397]
[ -27/397 -111/397 -167/397 -195/397 -195/397 -167/397 -111/397  -27/397   85/397  225/397  393/397  589/397  813/397 1065/397 1345/397]
[1653/397 1989/397 2353/397 2745/397 2371/397 2025/397 1707/397 1417/397 1155/397  921/397  715/397  537/397  387/397  265/397  171/397]
[ 105/397   67/397   57/397   75/397  121/397  195/397  297/397  427/397  585/397  771/397  985/397 1227/397 1497/397 1795/397 2121/397]
[2475/397 2857/397 2473/397 2117/397 1789/397 1489/397 1217/397  973/397  757/397  569/397  409/397  277/397  173/397   97/397   49/397]
[  29/397   37/397   73/397  137/397  229/397  349/397  497/397  673/397  877/397 1109/397 1369/397 1657/397 1973/397 2317/397 2689/397]
[2295/397 1929/397 1591/397 1281/397  999/397  745/397  519/397  321/397  151/397    9/397 -105/397 -191/397 -249/397 -279/397 -281/397]
[-255/397 -201/397 -119/397   -9/397  129/397  295/397  489/397  711/397  961/397 1239/397 1545/397 1879/397 2241/397 2631/397 2255/397]
[1907/397 1587/397 1295/397 1031/397  795/397  587/397  407/397  255/397  131/397   35/397  -33/397  -73/397  -85/397  -69/397  -25/397]
[  47/397  147/397  275/397  431/397  615/397  827/397 1067/397 1335/397 1631/397 1955/397 2307/397 2687/397 2301/397 1943/397 1613/397]
[1311/397 1037/397  791/397  573/397  383/397  221/397   87/397  -19/397  -97/397 -147/397 -169/397 -163/397 -129/397  -67/397   23/397]
[ 141/397  287/397  461/397  663/397  893/397 1151/397 1437/397 1751/397 2093/397 2463/397 2861/397 2493/397 2153/397 1841/397 1557/397]
[1301/397 1073/397  873/397  701/397  557/397  441/397  353/397  293/397  261/397  257/397  281/397  333/397  413/397  521/397  657/397]
[ 821/397 1013/397 1233/397 1481/397 1757/397 2061/397 2393/397 2753/397 2347/397 1969/397 1619/397 1297/397 1003/397  737/397  499/397]
[ 289/397  107/397  -47/397 -173/397 -271/397 -341/397 -383/397        0        0        0        0        0        0        0        0]
Unobstructed
135
---------------------------
---------------------------
13a1102
Correction terms
[      -1  251/305   89/305 -181/305   51/305   -87/61  191/305   99/305 -101/305  201/305   -43/61 -129/305 -151/305 -281/305   91/305]
[   71/61  -99/305  -51/305 -111/305 -279/305    11/61 -329/305 -211/305  409/305 -299/305    21/61 -209/305  -21/305   59/305   31/305]
[  -21/61  261/305  -91/305   59/305  101/305     7/61 -139/305  189/305 -201/305  -89/305   -17/61 -189/305  209/305 -111/305   71/305]
[   29/61  111/305  -31/305 -281/305  -29/305    23/61  151/305   79/305 -101/305  221/305   -35/61  -69/305  -71/305 -181/305  211/305]
[  -23/61      1/5  129/305   89/305  -59/305   -63/61  -69/305   69/305   99/305   21/305   -33/61  151/305 -251/305 -151/305 -159/305]
[   67/61  111/305 -221/305  -51/305   11/305    -7/61 -189/305 -451/305  399/305  -79/305   -11/61 -139/305 -331/305  -21/305  181/305]
[  -67/61  261/305  139/305  -91/305  181/305   -53/61 -209/305  349/305 -421/305  -79/305    31/61 -329/305  299/305 -401/305   11/305]
[   63/61  -99/305  -11/305  -31/305 -159/305    43/61 -129/305   29/305   79/305   21/305   -29/61  191/305 -191/305  -71/305  -59/305]
[  -31/61  251/305     -1/5  129/305  211/305   -85/61   51/305 -191/305   69/305  221/305   -69/61  201/305   29/305 -251/305  -29/305]
[   17/61   91/305  -11/305 -221/305   71/305    51/61 -279/305 -311/305  159/305  -89/305    33/61 -299/305 -261/305  279/305  101/305]
[  -37/61   31/305  139/305  139/305   31/305   -37/61  101/305  279/305 -261/305 -299/305    33/61  -89/305  159/305 -311/305 -279/305]
[   51/61   71/305 -221/305  -11/305   91/305    17/61  -29/305 -251/305   29/305  201/305   -69/61  221/305   69/305 -191/305   51/305]
[  -85/61  211/305  129/305     -1/5  251/305   -31/61  -59/305  -71/305 -191/305  191/305   -29/61   21/305   79/305   29/305 -129/305]
[   43/61 -159/305  -31/305  -11/305  -99/305    63/61   11/305 -401/305  299/305 -329/305    31/61  -79/305 -421/305  349/305 -209/305]
[  -53/61  181/305  -91/305  139/305  261/305   -67/61  181/305  -21/305 -331/305 -139/305   -11/61  -79/305  399/305 -451/305 -189/305]
[   -7/61   11/305  -51/305 -221/305  111/305    67/61 -159/305 -151/305 -251/305  151/305   -33/61   21/305   99/305   69/305  -69/305]
[  -63/61  -59/305   89/305  129/305      1/5   -23/61  211/305 -181/305  -71/305  -69/305   -35/61  221/305 -101/305   79/305  151/305]
[   23/61  -29/305 -281/305  -31/305  111/305    29/61   71/305 -111/305  209/305 -189/305   -17/61  -89/305 -201/305  189/305 -139/305]
[    7/61  101/305   59/305  -91/305  261/305   -21/61   31/305   59/305  -21/305 -209/305    21/61 -299/305  409/305 -211/305 -329/305]
[   11/61 -279/305 -111/305  -51/305  -99/305    71/61   91/305 -281/305 -151/305 -129/305   -43/61  201/305 -101/305   99/305  191/305]
[  -87/61   51/305 -181/305   89/305  251/305        0        0        0        0        0        0        0        0        0        0]
Testing obstruction for
m1: 2, m2: 52,a: 1
[      -1 -299/305 -281/305 -251/305 -209/305   -31/61  -89/305  -11/305   79/305  181/305    59/61  421/305  559/305  709/305  871/305]
[  209/61 1231/305 1429/305 1639/305 1861/305   419/61 2341/305 2599/305 2869/305 3151/305   689/61 3751/305 3459/305 3179/305 2911/305]
[  531/61 2411/305 2179/305 1959/305 1751/305   311/61 1371/305 1199/305 1039/305  891/305   151/61  631/305  519/305  419/305  331/305]
[   51/61  191/305  139/305   99/305   71/305    11/61   51/305   59/305   79/305  111/305    31/61  211/305  279/305  359/305  451/305]
[  111/61     11/5  799/305  939/305 1091/305   251/61 1431/305 1619/305 1819/305 2031/305   451/61 2491/305 2739/305 2999/305 3271/305]
[  711/61 3851/305 3549/305 3259/305 2981/305   543/61 2461/305 2219/305 1989/305 1771/305   313/61 1371/305 1189/305 1019/305  861/305]
[  143/61  581/305  459/305  349/305  251/305    33/61   91/305   29/305  -21/305  -59/305   -17/61  -99/305 -101/305  -91/305  -69/305]
[   -7/61   11/305   69/305  139/305  221/305    63/61  421/305  539/305  669/305  811/305   193/61 1131/305 1309/305 1499/305 1701/305]
[  383/61 2141/305     39/5 2629/305 2891/305   633/61 3451/305 3749/305 3449/305 3161/305   577/61 2621/305 2369/305 2129/305 1901/305]
[  337/61 1481/305 1289/305 1109/305  941/305   157/61  641/305  509/305  389/305  281/305    37/61  101/305   29/305  -31/305  -79/305]
[  -23/61 -139/305 -151/305 -151/305 -139/305   -23/61  -79/305  -31/305   29/305  101/305    37/61  281/305  389/305  509/305  641/305]
[  157/61  941/305 1109/305 1289/305 1481/305   337/61 1901/305 2129/305 2369/305 2621/305   577/61 3161/305 3449/305 3749/305 3451/305]
[  633/61 2891/305 2629/305     39/5 2141/305   383/61 1701/305 1499/305 1309/305 1131/305   193/61  811/305  669/305  539/305  421/305]
[   63/61  221/305  139/305   69/305   11/305    -7/61  -69/305  -91/305 -101/305  -99/305   -17/61  -59/305  -21/305   29/305   91/305]
[   33/61  251/305  349/305  459/305  581/305   143/61  861/305 1019/305 1189/305 1371/305   313/61 1771/305 1989/305 2219/305 2461/305]
[  543/61 2981/305 3259/305 3549/305 3851/305   711/61 3271/305 2999/305 2739/305 2491/305   451/61 2031/305 1819/305 1619/305 1431/305]
[  251/61 1091/305  939/305  799/305     11/5   111/61  451/305  359/305  279/305  211/305    31/61  111/305   79/305   59/305   51/305]
[   11/61   71/305   99/305  139/305  191/305    51/61  331/305  419/305  519/305  631/305   151/61  891/305 1039/305 1199/305 1371/305]
[  311/61 1751/305 1959/305 2179/305 2411/305   531/61 2911/305 3179/305 3459/305 3751/305   689/61 3151/305 2869/305 2599/305 2341/305]
[  419/61 1861/305 1639/305 1429/305 1231/305   209/61  871/305  709/305  559/305  421/305    59/61  181/305   79/305  -11/305  -89/305]
[  -31/61 -209/305 -251/305 -281/305 -299/305        0        0        0        0        0        0        0        0        0        0]
Unobstructed
24
---------------------------
---------------------------
13a1112
Correction terms
[      -1 -209/205 -221/205  169/205 -269/205   -61/41   61/205    9/205  -51/205 -119/205   -39/41 -279/205   39/205  -61/205 -169/205]
[   25/41    1/205 -131/205 -271/205   -9/205   -33/41   81/205  -91/205 -271/205  -49/205    33/41  -39/205 -251/205  -61/205 -289/205]
[  -23/41   51/205 -201/205  -51/205   91/205   -37/41  -59/205   59/205 -241/205 -139/205    -9/41     -9/5 -291/205  189/205 -159/205]
[  -21/41  -59/205  -21/205    9/205   31/205   -73/41 -359/205   49/205   39/205   21/205    -1/41  -39/205  -81/205 -131/205 -189/205]
[  -51/41   81/205   -1/205  -91/205 -189/205    23/41    1/205 -121/205 -251/205 -389/205   -25/41  131/205  -31/205 -201/205   31/205]
[  -31/41   61/205 -141/205 -351/205 -159/205     5/41 -209/205     -1/5  119/205 -139/205     1/41 -269/205 -141/205  -21/205   91/205]
[  -43/41 -119/205  -31/205   49/205  121/205   -45/41 -169/205 -121/205  -81/205  -49/205    -5/41   -9/205   -1/205   -1/205   -9/205]
[   -5/41  -49/205  -81/205 -121/205 -169/205   -45/41  121/205   49/205  -31/205 -119/205   -43/41   91/205  -21/205 -141/205 -269/205]
[    1/41 -139/205  119/205     -1/5 -209/205     5/41 -159/205 -351/205 -141/205   61/205   -31/41   31/205 -201/205  -31/205  131/205]
[  -25/41 -389/205 -251/205 -121/205    1/205    23/41 -189/205  -91/205   -1/205   81/205   -51/41 -189/205 -131/205  -81/205  -39/205]
[   -1/41   21/205   39/205   49/205 -359/205   -73/41   31/205    9/205  -21/205  -59/205   -21/41 -159/205  189/205 -291/205     -9/5]
[   -9/41 -139/205 -241/205   59/205  -59/205   -37/41   91/205  -51/205 -201/205   51/205   -23/41 -289/205  -61/205 -251/205  -39/205]
[   33/41  -49/205 -271/205  -91/205   81/205   -33/41   -9/205 -271/205 -131/205    1/205    25/41 -169/205  -61/205   39/205 -279/205]
[  -39/41 -119/205  -51/205    9/205   61/205   -61/41 -269/205  169/205 -221/205 -209/205        0        0        0        0        0]
Testing obstruction for
m1: 6, m2: 10,a: 1
[      -1 -183/205 -117/205   -7/205  147/205    69/41  177/205   53/205  -27/205  -63/205   -11/41   -3/205   93/205  233/205  417/205]
[   47/41   97/205    3/205  -47/205  -53/205    -3/41   67/205  193/205  363/205  577/205    85/41  317/205  253/205  233/205  257/205]
[   65/41  437/205  593/205  383/205  217/205    19/41   17/205  -17/205   -7/205   47/205    29/41      7/5  473/205  293/205  157/205]
[   13/41   17/205   13/205   53/205  137/205    53/41  437/205  243/205   93/205  -13/205   -15/41  -93/205  -67/205    3/205  117/205]
[   55/41  477/205  313/205  193/205  117/205    17/41   97/205  153/205  253/205  397/205   117/41  407/205  273/205  183/205  137/205]
[   27/41  177/205  263/205  393/205  567/205    75/41  227/205      3/5   63/205   47/205    15/41  147/205  263/205  423/205  217/205]
[   11/41  -63/205 -137/205 -167/205 -153/205   -19/41    7/205  153/205  343/205  167/205     7/41  -53/205  -97/205  -97/205  -53/205]
[    7/41  167/205  343/205  153/205    7/205   -19/41 -153/205 -167/205 -137/205  -63/205    11/41  217/205  423/205  263/205  147/205]
[   15/41   47/205   63/205      3/5  227/205    75/41  567/205  393/205  263/205  177/205    27/41  137/205  183/205  273/205  407/205]
[  117/41  397/205  253/205  153/205   97/205    17/41  117/205  193/205  313/205  477/205    55/41  117/205    3/205  -67/205  -93/205]
[  -15/41  -13/205   93/205  243/205  437/205    53/41  137/205   53/205   13/205   17/205    13/41  157/205  293/205  473/205      7/5]
[   29/41   47/205   -7/205  -17/205   17/205    19/41  217/205  383/205  593/205  437/205    65/41  257/205  233/205  253/205  317/205]
[   85/41  577/205  363/205  193/205   67/205    -3/41  -53/205  -47/205    3/205   97/205    47/41  417/205  233/205   93/205   -3/205]
[  -11/41  -63/205  -27/205   53/205  177/205    69/41  147/205   -7/205 -117/205 -183/205        0        0        0        0        0]
Testing obstruction for
m1: 12, m2: 12,a: 9
[      -1 -159/205  -21/205  209/205  121/205    25/41  221/205  409/205  279/205  241/205    59/41  441/205  269/205  189/205  201/205]
[   61/41   91/205  -31/205  -61/205    1/205    31/41   -9/205  -81/205  -61/205   51/205    51/41  141/205  119/205  189/205  351/205]
[  121/41  541/205  569/205  279/205   81/205    -5/41  -39/205   39/205  209/205   61/205     1/41      1/5  169/205  -21/205 -119/205]
[  -25/41  -39/205  139/205  409/205  361/205    81/41  541/205  359/205  269/205  271/205    73/41  141/205    9/205  -31/205   21/205]
[   33/41   -9/205  -91/205  -81/205   21/205    43/41   91/205   59/205  119/205  271/205   103/41  441/205  459/205  569/205  361/205]
[   49/41  221/205  289/205   39/205 -119/205   -37/41 -159/205     -1/5  169/205   61/205     9/41  121/205  289/205  139/205   81/205]
[   23/41  241/205  459/205  359/205  351/205    87/41  201/205   59/205    9/205   51/205    37/41    1/205  -91/205  -91/205    1/205]
[   37/41   51/205    9/205   59/205  201/205    87/41  351/205  359/205  459/205  241/205    23/41   81/205  139/205  289/205  121/205]
[    9/41   61/205  169/205     -1/5 -159/205   -37/41 -119/205   39/205  289/205  221/205    49/41  361/205  569/205  459/205  441/205]
[  103/41  271/205  119/205   59/205   91/205    43/41   21/205  -81/205  -91/205   -9/205    33/41   21/205  -31/205    9/205  141/205]
[   73/41  271/205  269/205  359/205  541/205    81/41  361/205  409/205  139/205  -39/205   -25/41 -119/205  -21/205  169/205      1/5]
[    1/41   61/205  209/205   39/205  -39/205    -5/41   81/205  279/205  569/205  541/205   121/41  351/205  189/205  119/205  141/205]
[   51/41   51/205  -61/205  -81/205   -9/205    31/41    1/205  -61/205  -31/205   91/205    61/41  201/205  189/205  269/205  441/205]
[   59/41  241/205  279/205  409/205  221/205    25/41  121/205  209/205  -21/205 -159/205        0        0        0        0        0]
Unobstructed
44
---------------------------
---------------------------
