13a154
Correction terms
[      -1  -19/297 -373/297   -19/33   -7/297  119/297    23/33  257/297  269/297     9/11  179/297     7/27    -7/33 -241/297  137/297]
[  -13/33  185/297 -145/297     3/11  269/297 -175/297    -7/33     1/27   47/297     5/33    5/297  -73/297    -7/11 -343/297   59/297]
[  -19/33  155/297 -151/297      1/3  311/297 -109/297     1/11  125/297  185/297    23/33  191/297  137/297     5/33  -85/297    31/27]
[    5/11 -109/297  203/297   -13/33  119/297 -277/297   -13/33    5/297   89/297     5/11    13/27  113/297     5/33  -61/297  389/297]
[   23/33  -13/297  323/297     1/11  287/297  -85/297      1/3  245/297 -241/297   -19/33 -139/297 -145/297    -7/11 -271/297  203/297]
[    5/33 -151/297    19/27    -7/33  221/297 -127/297     3/11  251/297 -211/297   -13/33  -61/297  -43/297    -7/33   -11/27  377/297]
[    9/11   71/297  455/297    23/33  -79/297  191/297   -19/33   23/297 -415/297       -1 -217/297 -175/297   -19/33 -205/297  317/297]
[   23/33   59/297  467/297     9/11  -19/297    25/27    -7/33  155/297 -259/297   -13/33  -13/297   53/297     3/11   71/297   23/297]
[   -7/33   -17/27  245/297     5/33 -193/297  125/297    -7/11   53/297 -337/297   -19/33  -43/297   47/297      1/3  113/297   89/297]
[    1/11  -73/297  383/297    23/33   -7/297  335/297     5/33  311/297    -5/27     5/11  287/297 -193/297   -13/33  -79/297  -79/297]
[  -13/33 -193/297  287/297     5/11    -5/27  311/297     5/33  335/297   -7/297    23/33  383/297  -73/297     1/11   89/297  113/297]
[     1/3   47/297  -43/297   -19/33 -337/297   53/297    -7/11  125/297 -193/297     5/33  245/297   -17/27    -7/33   23/297   71/297]
[    3/11   53/297  -13/297   -13/33 -259/297  155/297    -7/33    25/27  -19/297     9/11  467/297   59/297    23/33  317/297 -205/297]
[  -19/33 -175/297 -217/297       -1 -415/297   23/297   -19/33  191/297  -79/297    23/33  455/297   71/297     9/11  377/297   -11/27]
[   -7/33  -43/297  -61/297   -13/33 -211/297  251/297     3/11 -127/297  221/297    -7/33    19/27 -151/297     5/33  203/297 -271/297]
[   -7/11 -145/297 -139/297   -19/33 -241/297  245/297      1/3  -85/297  287/297     1/11  323/297  -13/297    23/33  389/297  -61/297]
[    5/33  113/297    13/27     5/11   89/297    5/297   -13/33 -277/297  119/297   -13/33  203/297 -109/297     5/11    31/27  -85/297]
[    5/33  137/297  191/297    23/33  185/297  125/297     1/11 -109/297  311/297      1/3 -151/297  155/297   -19/33   59/297 -343/297]
[   -7/11  -73/297    5/297     5/33   47/297     1/27    -7/33 -175/297  269/297     3/11 -145/297  185/297   -13/33  137/297 -241/297]
[   -7/33     7/27  179/297     9/11  269/297  257/297    23/33  119/297   -7/297   -19/33 -373/297  -19/297        0        0        0]
Testing obstruction for
m1: 2, m2: 50,a: 0
Obstructed by Z^n/Q not being cyclic
Testing obstruction for
m1: 6, m2: 14,a: 0
[      -1 -221/297    7/297    43/33  325/297  415/297    73/33 1051/297 1003/297    19/11  175/297    -1/27    -5/33   73/297  343/297]
[   19/33  151/297  283/297    21/11 1003/297  997/297    61/33    23/27  109/297    13/33  277/297   -5/297    -5/11 -113/297   61/297]
[   43/33  271/297  307/297      5/3  835/297  733/297    29/11  391/297  151/297     7/33  127/297  343/297    13/33   43/297    11/27]
[   13/11  733/297 1267/297    85/33  415/297  217/297    19/33  277/297  -59/297    -9/11   -25/27 -155/297    13/33  541/297  523/297]
[   73/33  943/297  787/297    29/11  337/297   43/297     -1/3  -89/297   73/297    43/33  259/297  283/297    17/11  787/297 1267/297]
[   79/33  307/297     5/27    -5/33    7/297  211/297    -1/11 -113/297  -47/297    19/33  541/297  469/297    61/33    71/27  571/297]
[   19/11  607/297  259/297     7/33   19/297  127/297    43/33  205/297  175/297        1  571/297  997/297   109/33  523/297  217/297]
[    7/33   61/297  211/297    -3/11 -221/297   -19/27    -5/33  271/297  739/297    85/33  943/297  679/297    21/11  607/297  205/297]
[   -5/33   -13/27  -89/297    13/33  475/297  391/297    17/11  679/297 1051/297   109/33  469/297  109/297     -1/3 -155/297  -59/297]
[    7/11   -5/297  -47/297     7/33  325/297  739/297    79/33  835/297    47/27    13/11  337/297  475/297    19/33   19/297   19/297]
[   19/33  475/297  337/297    13/11    47/27  835/297    79/33  739/297  325/297     7/33  -47/297   -5/297     7/11  -59/297 -155/297]
[    -1/3  109/297  469/297   109/33 1051/297  679/297    17/11  391/297  475/297    13/33  -89/297   -13/27    -5/33  205/297  607/297]
[   21/11  679/297  943/297    85/33  739/297  271/297    -5/33   -19/27 -221/297    -3/11  211/297   61/297     7/33  217/297  523/297]
[  109/33  997/297  571/297        1  175/297  205/297    43/33  127/297   19/297     7/33  259/297  607/297    19/11  571/297    71/27]
[   61/33  469/297  541/297    19/33  -47/297 -113/297    -1/11  211/297    7/297    -5/33     5/27  307/297    79/33 1267/297  787/297]
[   17/11  283/297  259/297    43/33   73/297  -89/297     -1/3   43/297  337/297    29/11  787/297  943/297    73/33  523/297  541/297]
[   13/33 -155/297   -25/27    -9/11  -59/297  277/297    19/33  217/297  415/297    85/33 1267/297  733/297    13/11    11/27   43/297]
[   13/33  343/297  127/297     7/33  151/297  391/297    29/11  733/297  835/297      5/3  307/297  271/297    43/33   61/297 -113/297]
[   -5/11   -5/297  277/297    13/33  109/297    23/27    61/33  997/297 1003/297    21/11  283/297  151/297    19/33  343/297   73/297]
[   -5/33    -1/27  175/297    19/11 1003/297 1051/297    73/33  415/297  325/297    43/33    7/297 -221/297        0        0        0]
Testing obstruction for
m1: 4, m2: 22,a: 1
[      -1 -283/297 -241/297   -19/33  -73/297   53/297    23/33  389/297  599/297    31/11 1103/297   127/27   125/33  881/297  665/297]
[   53/33  317/297  185/297     3/11    5/297  -43/297    -7/33    -5/27  -19/297     5/33  137/297  257/297    15/11  581/297  785/297]
[  113/33 1277/297 1565/297     13/3 1037/297  815/297    23/11  455/297  317/297    23/33  125/297   71/297     5/33   47/297     7/27]
[    5/11  221/297  335/297    53/33  647/297  845/297   119/33 1325/297 1607/297    49/11    97/27  839/297    71/33  467/297  323/297]
[   23/33  119/297   59/297     1/11   23/297   47/297      1/3  179/297  287/297    47/33  587/297  779/297    37/11 1247/297 1523/297]
[  137/33  971/297    67/27    59/33  353/297  203/297     3/11  -13/297  -79/297   -13/33 -127/297 -109/297    -7/33     1/27  113/297]
[    9/11  401/297  587/297    89/33 1043/297 1313/297   179/33 1343/297 1103/297        3  707/297  551/297    47/33  323/297  251/297]
[   23/33  191/297  203/297     9/11  311/297    37/27    59/33  683/297  863/297   119/33 1307/297 1571/297    47/11  995/297  749/297]
[   59/33    31/27  179/297     5/33  -61/297 -139/297    -7/11 -211/297 -205/297   -19/33 -109/297  -19/297      1/3  245/297  419/297]
[   23/11  851/297 1109/297   155/33 1115/297  863/297    71/33  443/297    25/27     5/11   23/297  -61/297   -13/33 -145/297 -145/297]
[  -13/33  -61/297   23/297     5/11    25/27  443/297    71/33  863/297 1115/297   155/33 1109/297  851/297    23/11  419/297  245/297]
[     1/3  -19/297 -109/297   -19/33 -205/297 -211/297    -7/11 -139/297  -61/297     5/33  179/297    31/27    59/33  749/297  995/297]
[   47/11 1571/297 1307/297   119/33  863/297  683/297    59/33    37/27  311/297     9/11  203/297  191/297    23/33  251/297  323/297]
[   47/33  551/297  707/297        3 1103/297 1343/297   179/33 1313/297 1043/297    89/33  587/297  401/297     9/11  113/297     1/27]
[   -7/33 -109/297 -127/297   -13/33  -79/297  -13/297     3/11  203/297  353/297    59/33    67/27  971/297   137/33 1523/297 1247/297]
[   37/11  779/297  587/297    47/33  287/297  179/297      1/3   47/297   23/297     1/11   59/297  119/297    23/33  323/297  467/297]
[   71/33  839/297    97/27    49/11 1607/297 1325/297   119/33  845/297  647/297    53/33  335/297  221/297     5/11     7/27   47/297]
[    5/33   71/297  125/297    23/33  317/297  455/297    23/11  815/297 1037/297     13/3 1565/297 1277/297   113/33  785/297  581/297]
[   15/11  257/297  137/297     5/33  -19/297    -5/27    -7/33  -43/297    5/297     3/11  185/297  317/297    53/33  665/297  881/297]
[  125/33   127/27 1103/297    31/11  599/297  389/297    23/33   53/297  -73/297   -19/33 -241/297 -283/297        0        0        0]
Testing obstruction for
m1: 10, m2: 10,a: 4
[      -1 -259/297 -145/297     5/33  311/297  653/297    53/33  377/297  353/297    15/11  533/297    67/27    47/33  185/297   23/297]
[   -7/33  -73/297   -7/297     5/11  353/297  647/297    47/33    25/27  203/297    23/33  287/297  443/297    25/11  389/297  179/297]
[    5/33  -13/297    5/297      1/3  269/297  515/297     9/11   47/297  -73/297   -13/33  -85/297   23/297    23/33  467/297    73/27]
[   23/11  515/297  485/297    59/33  653/297  851/297    59/33  287/297  119/297     1/11     1/27   71/297    23/33  419/297  707/297]
[   53/33  323/297  245/297     9/11  317/297  467/297      7/3  401/297  185/297     5/33  -19/297   -7/297     3/11  245/297  485/297]
[   23/33    5/297   -11/27   -19/33 -145/297  -43/297     5/11  389/297  719/297    59/33  419/297  383/297    47/33    49/27  731/297]
[   15/11  155/297  -19/297   -13/33 -139/297  -85/297     5/33  251/297  533/297        3  731/297  647/297    71/33  707/297  851/297]
[   53/33  179/297  -43/297    -7/11 -259/297   -23/27   -19/33  -13/297  221/297    59/33  323/297  191/297     5/11  155/297  251/297]
[   47/33    61/27  401/297    23/33   89/297   47/297     3/11  191/297  377/297    71/33  383/297  203/297      1/3   71/297  119/297]
[    9/11  443/297  719/297    53/33  311/297  221/297    23/33  269/297    37/27    23/11  317/297   89/297    -7/33 -139/297 -139/297]
[   -7/33   89/297  317/297    23/11    37/27  269/297    23/33  221/297  311/297    53/33  719/297  443/297     9/11  119/297   71/297]
[     1/3  203/297  383/297    71/33  377/297  191/297     3/11   47/297   89/297    23/33  401/297    61/27    47/33  251/297  155/297]
[    5/11  191/297  323/297    59/33  221/297  -13/297   -19/33   -23/27 -259/297    -7/11  -43/297  179/297    53/33  851/297  707/297]
[   71/33  647/297  731/297        3  533/297  251/297     5/33  -85/297 -139/297   -13/33  -19/297  155/297    15/11  731/297    49/27]
[   47/33  383/297  419/297    59/33  719/297  389/297     5/11  -43/297 -145/297   -19/33   -11/27    5/297    23/33  485/297  245/297]
[    3/11   -7/297  -19/297     5/33  185/297  401/297      7/3  467/297  317/297     9/11  245/297  323/297    53/33  707/297  419/297]
[   23/33   71/297     1/27     1/11  119/297  287/297    59/33  851/297  653/297    59/33  485/297  515/297    23/11    73/27  467/297]
[   23/33   23/297  -85/297   -13/33  -73/297   47/297     9/11  515/297  269/297      1/3    5/297  -13/297     5/33  179/297  389/297]
[   25/11  443/297  287/297    23/33  203/297    25/27    47/33  647/297  353/297     5/11   -7/297  -73/297    -7/33   23/297  185/297]
[   47/33    67/27  533/297    15/11  353/297  377/297    53/33  653/297  311/297     5/33 -145/297 -259/297        0        0        0]
[-259/297, -145/297, 5/33, 311/297, 653/297, 53/33, 377/297, 353/297, 15/11, 533/297, 67/27, 47/33, 185/297, 23/297, -7/33, -73/297, -7/297, 5/11, 353/297, 647/297, 47/33, 25/27, 203/297, 23/33, 287/297, 443/297, 25/11, 389/297, 179/297, 5/33, -13/297, 5/297, 1/3, 269/297, 515/297, 9/11, 47/297, -73/297, -13/33, -85/297, 23/297, 23/33, 467/297, 73/27, 23/11, 515/297, 485/297, 59/33, 653/297, 851/297, 59/33, 287/297, 119/297, 1/11, 1/27, 71/297, 23/33, 419/297, 707/297, 53/33, 323/297, 245/297, 9/11, 317/297, 467/297, 7/3, 401/297, 185/297, 5/33, -19/297, -7/297, 3/11, 245/297, 485/297, 23/33, 5/297, -11/27, -19/33, -145/297, -43/297, 5/11, 389/297, 719/297, 59/33, 419/297, 383/297, 47/33, 49/27, 731/297, 15/11, 155/297, -19/297, -13/33, -139/297, -85/297, 5/33, 251/297, 533/297, 3, 731/297, 647/297, 71/33, 707/297, 851/297, 53/33, 179/297, -43/297, -7/11, -259/297]
113 [-259/297, -145/297, 5/33, 311/297, 59/297, -13/33, -217/297, -241/297, -7/11, -61/297, 13/27, -19/33, 185/297, 23/297, -7/33, -73/297, -7/297, 5/11, -241/297, 53/297, -19/33, 25/27, 203/297, 23/33, 287/297, -151/297, 3/11, -205/297, 179/297, 5/33, -13/297, 5/297, 1/3, 269/297, -79/297, 9/11, 47/297, -73/297, -13/33, -85/297, 23/297, 23/33, 467/297, 19/27, 1/11, -79/297, -109/297, -7/33, 59/297, 257/297, -7/33, 287/297, 119/297, 1/11, 1/27, 71/297, 23/33, -175/297, 113/297, -13/33, 323/297, 245/297, 9/11, 317/297, -127/297, 1/3, -193/297, 185/297, 5/33, -19/297, -7/297, 3/11, 245/297, -109/297, 23/33, 5/297, -11/27, -19/33, -145/297, -43/297, 5/11, 389/297, 125/297, -7/33, -175/297, -211/297, -19/33, -5/27, 137/297, -7/11, 155/297, -19/297, -13/33, -139/297, -85/297, 5/33, -343/297, -61/297, -1, 137/297, 53/297, 5/33, 113/297, -337/297, -13/33, -415/297, -43/297, -7/11, 335/297]
Testing obstruction for
m1: 12, m2: 14,a: 9
[      -1 -269/297 -185/297    -5/33  151/297  403/297    79/33  481/297  307/297     7/11  127/297    11/27    19/33  277/297  439/297]
[   73/33  931/297  667/297    17/11  307/297  211/297    19/33    17/27  259/297    43/33  571/297  811/297    19/11  271/297   85/297]
[   -5/33 -119/297 -137/297     -1/3   -5/297  145/297    13/11  613/297  931/297    79/33  547/297  439/297    43/33  391/297    41/27]
[   21/11  739/297  967/297    73/33  403/297  205/297     7/33  -23/297  -53/297    -1/11     5/27  193/297    43/33  637/297  349/297]
[   13/33  -59/297 -179/297    -9/11 -251/297 -203/297     -1/3   61/297  277/297    61/33  877/297  667/297    19/11  415/297  373/297]
[   43/33  457/297    53/27    85/33 1003/297  703/297    17/11  271/297  139/297     7/33   43/297   79/297    19/33    29/27  523/297]
[   29/11  505/297  283/297    13/33    7/297  -47/297    -5/33   13/297  127/297        1  523/297  805/297    61/33  349/297  205/297]
[   13/33   85/297  109/297     7/11  325/297    47/27    85/33  475/297  241/297     7/33  -59/297 -125/297    -5/11  -89/297   13/297]
[   19/33    35/27  655/297    43/33  175/297   19/297    -3/11 -125/297 -113/297    -5/33   79/297  259/297      5/3  787/297  541/297]
[   13/11  217/297  139/297    13/33  151/297  241/297    43/33  589/297    77/27    21/11  343/297  175/297     7/33    7/297    7/297]
[    7/33  175/297  343/297    21/11    77/27  589/297    43/33  241/297  151/297    13/33  139/297  217/297    13/11  541/297  787/297]
[     5/3  259/297   79/297    -5/33 -113/297 -125/297    -3/11   19/297  175/297    43/33  655/297    35/27    19/33   13/297  -89/297]
[   -5/11 -125/297  -59/297     7/33  241/297  475/297    85/33    47/27  325/297     7/11  109/297   85/297    13/33  205/297  349/297]
[   61/33  805/297  523/297        1  127/297   13/297    -5/33  -47/297    7/297    13/33  283/297  505/297    29/11  523/297    29/27]
[   19/33   79/297   43/297     7/33  139/297  271/297    17/11  703/297 1003/297    85/33    53/27  457/297    43/33  373/297  415/297]
[   19/11  667/297  877/297    61/33  277/297   61/297     -1/3 -203/297 -251/297    -9/11 -179/297  -59/297    13/33  349/297  637/297]
[   43/33  193/297     5/27    -1/11  -53/297  -23/297     7/33  205/297  403/297    73/33  967/297  739/297    21/11    41/27  391/297]
[   43/33  439/297  547/297    79/33  931/297  613/297    13/11  145/297   -5/297     -1/3 -137/297 -119/297    -5/33   85/297  271/297]
[   19/11  811/297  571/297    43/33  259/297    17/27    19/33  211/297  307/297    17/11  667/297  931/297    73/33  439/297  277/297]
[   19/33    11/27  127/297     7/11  307/297  481/297    79/33  403/297  151/297    -5/33 -185/297 -269/297        0        0        0]
Testing obstruction for
m1: 26, m2: 26,a: 24
Obstructed by Z^n/Q not being cyclic
---------------------------
SUCCESS for name = 13a154
---------------------------
13a157
Correction terms
[      -1 -241/297  -73/297    23/33    5/297  -85/297    -7/33   71/297  317/297     3/11  -43/297    -5/27     5/33  257/297  -13/297]
[  -19/33 -217/297 -151/297     1/11 -277/297  125/297     5/33     7/27  221/297   -13/33  251/297  137/297     5/11  245/297 -127/297]
[   23/33   59/297   23/297      1/3 -307/297   -7/297    -7/11 -259/297 -217/297    -7/33  203/297  -13/297   -13/33 -109/297     1/27]
[    9/11   -7/297 -145/297   -19/33  -85/297  113/297   -19/33 -343/297 -403/297     9/11   -17/27   89/297   -13/33 -211/297  401/297]
[   -7/33  179/297  -61/297    -7/11  389/297 -109/297      1/3 -175/297 -337/297    23/33 -325/297 -151/297     5/11  -61/297 -145/297]
[  -13/33   23/297    25/27     5/33  -73/297  -79/297     1/11  245/297  -19/297   -19/33 -211/297 -139/297     5/33   -23/27 -439/297]
[    3/11  119/297  269/297    -7/33 -283/297  203/297    23/33  323/297  -43/297       -1  155/297  125/297    23/33 -193/297 -481/297]
[   -7/33 -127/297  -79/297     3/11 -241/297    13/27     5/33   59/297  185/297   -19/33  179/297   47/297     1/11  119/297 -271/297]
[    5/33   -11/27 -175/297   -13/33   53/297 -259/297     5/11   47/297   71/297    23/33 -139/297  221/297      1/3   89/297  191/297]
[   -7/11  137/297  -19/297    -7/33    5/297 -409/297   -13/33 -307/297    19/27     9/11 -205/297   53/297   -19/33  311/297  311/297]
[  -19/33   53/297 -205/297     9/11    19/27 -307/297   -13/33 -409/297    5/297    -7/33  -19/297  137/297    -7/11  191/297   89/297]
[     1/3  221/297 -139/297    23/33   71/297   47/297     5/11 -259/297   53/297   -13/33 -175/297   -11/27     5/33 -271/297  119/297]
[    1/11   47/297  179/297   -19/33  185/297   59/297     5/33    13/27 -241/297     3/11  -79/297 -127/297    -7/33 -481/297 -193/297]
[   23/33  125/297  155/297       -1  -43/297  323/297    23/33  203/297 -283/297    -7/33  269/297  119/297     3/11 -439/297   -23/27]
[    5/33 -139/297 -211/297   -19/33  -19/297  245/297     1/11  -79/297  -73/297     5/33    25/27   23/297   -13/33 -145/297  -61/297]
[    5/11 -151/297 -325/297    23/33 -337/297 -175/297      1/3 -109/297  389/297    -7/11  -61/297  179/297    -7/33  401/297 -211/297]
[  -13/33   89/297   -17/27     9/11 -403/297 -343/297   -19/33  113/297  -85/297   -19/33 -145/297   -7/297     9/11     1/27 -109/297]
[  -13/33  -13/297  203/297    -7/33 -217/297 -259/297    -7/11   -7/297 -307/297      1/3   23/297   59/297    23/33 -127/297  245/297]
[    5/11  137/297  251/297   -13/33  221/297     7/27     5/33  125/297 -277/297     1/11 -151/297 -217/297   -19/33  -13/297  257/297]
[    5/33    -5/27  -43/297     3/11  317/297   71/297    -7/33  -85/297    5/297    23/33  -73/297 -241/297        0        0        0]
Testing obstruction for
m1: 2, m2: 50,a: 0
Obstructed by Z^n/Q not being cyclic
Testing obstruction for
m1: 6, m2: 14,a: 0
[      -1 -221/297    7/297    43/33  325/297  415/297    73/33 1051/297 1003/297    19/11  175/297    -1/27    -5/33   73/297  343/297]
[   19/33  151/297  283/297    21/11 1003/297  997/297    61/33    23/27  109/297    13/33  277/297   -5/297    -5/11 -113/297   61/297]
[   43/33  271/297  307/297      5/3  835/297  733/297    29/11  391/297  151/297     7/33  127/297  343/297    13/33   43/297    11/27]
[   13/11  733/297 1267/297    85/33  415/297  217/297    19/33  277/297  -59/297    -9/11   -25/27 -155/297    13/33  541/297  523/297]
[   73/33  943/297  787/297    29/11  337/297   43/297     -1/3  -89/297   73/297    43/33  259/297  283/297    17/11  787/297 1267/297]
[   79/33  307/297     5/27    -5/33    7/297  211/297    -1/11 -113/297  -47/297    19/33  541/297  469/297    61/33    71/27  571/297]
[   19/11  607/297  259/297     7/33   19/297  127/297    43/33  205/297  175/297        1  571/297  997/297   109/33  523/297  217/297]
[    7/33   61/297  211/297    -3/11 -221/297   -19/27    -5/33  271/297  739/297    85/33  943/297  679/297    21/11  607/297  205/297]
[   -5/33   -13/27  -89/297    13/33  475/297  391/297    17/11  679/297 1051/297   109/33  469/297  109/297     -1/3 -155/297  -59/297]
[    7/11   -5/297  -47/297     7/33  325/297  739/297    79/33  835/297    47/27    13/11  337/297  475/297    19/33   19/297   19/297]
[   19/33  475/297  337/297    13/11    47/27  835/297    79/33  739/297  325/297     7/33  -47/297   -5/297     7/11  -59/297 -155/297]
[    -1/3  109/297  469/297   109/33 1051/297  679/297    17/11  391/297  475/297    13/33  -89/297   -13/27    -5/33  205/297  607/297]
[   21/11  679/297  943/297    85/33  739/297  271/297    -5/33   -19/27 -221/297    -3/11  211/297   61/297     7/33  217/297  523/297]
[  109/33  997/297  571/297        1  175/297  205/297    43/33  127/297   19/297     7/33  259/297  607/297    19/11  571/297    71/27]
[   61/33  469/297  541/297    19/33  -47/297 -113/297    -1/11  211/297    7/297    -5/33     5/27  307/297    79/33 1267/297  787/297]
[   17/11  283/297  259/297    43/33   73/297  -89/297     -1/3   43/297  337/297    29/11  787/297  943/297    73/33  523/297  541/297]
[   13/33 -155/297   -25/27    -9/11  -59/297  277/297    19/33  217/297  415/297    85/33 1267/297  733/297    13/11    11/27   43/297]
[   13/33  343/297  127/297     7/33  151/297  391/297    29/11  733/297  835/297      5/3  307/297  271/297    43/33   61/297 -113/297]
[   -5/11   -5/297  277/297    13/33  109/297    23/27    61/33  997/297 1003/297    21/11  283/297  151/297    19/33  343/297   73/297]
[   -5/33    -1/27  175/297    19/11 1003/297 1051/297    73/33  415/297  325/297    43/33    7/297 -221/297        0        0        0]
Testing obstruction for
m1: 4, m2: 22,a: 1
[      -1 -283/297 -241/297   -19/33  -73/297   53/297    23/33  389/297  599/297    31/11 1103/297   127/27   125/33  881/297  665/297]
[   53/33  317/297  185/297     3/11    5/297  -43/297    -7/33    -5/27  -19/297     5/33  137/297  257/297    15/11  581/297  785/297]
[  113/33 1277/297 1565/297     13/3 1037/297  815/297    23/11  455/297  317/297    23/33  125/297   71/297     5/33   47/297     7/27]
[    5/11  221/297  335/297    53/33  647/297  845/297   119/33 1325/297 1607/297    49/11    97/27  839/297    71/33  467/297  323/297]
[   23/33  119/297   59/297     1/11   23/297   47/297      1/3  179/297  287/297    47/33  587/297  779/297    37/11 1247/297 1523/297]
[  137/33  971/297    67/27    59/33  353/297  203/297     3/11  -13/297  -79/297   -13/33 -127/297 -109/297    -7/33     1/27  113/297]
[    9/11  401/297  587/297    89/33 1043/297 1313/297   179/33 1343/297 1103/297        3  707/297  551/297    47/33  323/297  251/297]
[   23/33  191/297  203/297     9/11  311/297    37/27    59/33  683/297  863/297   119/33 1307/297 1571/297    47/11  995/297  749/297]
[   59/33    31/27  179/297     5/33  -61/297 -139/297    -7/11 -211/297 -205/297   -19/33 -109/297  -19/297      1/3  245/297  419/297]
[   23/11  851/297 1109/297   155/33 1115/297  863/297    71/33  443/297    25/27     5/11   23/297  -61/297   -13/33 -145/297 -145/297]
[  -13/33  -61/297   23/297     5/11    25/27  443/297    71/33  863/297 1115/297   155/33 1109/297  851/297    23/11  419/297  245/297]
[     1/3  -19/297 -109/297   -19/33 -205/297 -211/297    -7/11 -139/297  -61/297     5/33  179/297    31/27    59/33  749/297  995/297]
[   47/11 1571/297 1307/297   119/33  863/297  683/297    59/33    37/27  311/297     9/11  203/297  191/297    23/33  251/297  323/297]
[   47/33  551/297  707/297        3 1103/297 1343/297   179/33 1313/297 1043/297    89/33  587/297  401/297     9/11  113/297     1/27]
[   -7/33 -109/297 -127/297   -13/33  -79/297  -13/297     3/11  203/297  353/297    59/33    67/27  971/297   137/33 1523/297 1247/297]
[   37/11  779/297  587/297    47/33  287/297  179/297      1/3   47/297   23/297     1/11   59/297  119/297    23/33  323/297  467/297]
[   71/33  839/297    97/27    49/11 1607/297 1325/297   119/33  845/297  647/297    53/33  335/297  221/297     5/11     7/27   47/297]
[    5/33   71/297  125/297    23/33  317/297  455/297    23/11  815/297 1037/297     13/3 1565/297 1277/297   113/33  785/297  581/297]
[   15/11  257/297  137/297     5/33  -19/297    -5/27    -7/33  -43/297    5/297     3/11  185/297  317/297    53/33  665/297  881/297]
[  125/33   127/27 1103/297    31/11  599/297  389/297    23/33   53/297  -73/297   -19/33 -241/297 -283/297        0        0        0]
Unobstructed
94
---------------------------
---------------------------
13a160
Correction terms
[      -1  125/297  203/297    -7/33  -79/297 -439/297     5/33  185/297  -19/297     1/11 -271/297    25/27   -13/33 -259/297 -151/297]
[   23/33  221/297 -109/297    -7/11  -19/297  401/297   -13/33    19/27 -403/297   -19/33  311/297 -145/297     9/11 -307/297  -13/297]
[   -7/33  137/297   -7/297      1/3 -139/297 -127/297     5/11   53/297  221/297     5/33  119/297 -151/297   -19/33   59/297    -5/27]
[    3/11 -127/297  -85/297    23/33  155/297 -241/297    23/33 -283/297   71/297     3/11   -23/27  257/297   -19/33  245/297 -277/297]
[    5/33   23/297  251/297     5/11 -325/297   59/297      1/3  389/297 -259/297    -7/33 -211/297 -109/297     9/11 -343/297  -85/297]
[  -19/33   -7/297   -17/27   -13/33  203/297  179/297    -7/11 -307/297 -175/297    23/33  245/297  -61/297   -13/33     7/27  -73/297]
[    1/11 -217/297 -211/297     5/33  -43/297  119/297    -7/33    5/297  323/297       -1  -73/297 -193/297    -7/33  317/297 -241/297]
[    5/33  -13/297  179/297     1/11  125/297   -11/27   -13/33  137/297   47/297    23/33   23/297   89/297    -7/11 -217/297    5/297]
[  -13/33     1/27 -205/297   -19/33  113/297   53/297     9/11   89/297 -409/297    -7/33  -61/297  191/297      1/3 -337/297   71/297]
[    5/11 -145/297 -175/297     5/33  -79/297   47/297   -19/33 -139/297    13/27     3/11  269/297 -481/297    23/33  -43/297  -43/297]
[   23/33 -481/297  269/297     3/11    13/27 -139/297   -19/33   47/297  -79/297     5/33 -175/297 -145/297     5/11   71/297 -337/297]
[     1/3  191/297  -61/297    -7/33 -409/297   89/297     9/11   53/297  113/297   -19/33 -205/297     1/27   -13/33    5/297 -217/297]
[   -7/11   89/297   23/297    23/33   47/297  137/297   -13/33   -11/27  125/297     1/11  179/297  -13/297     5/33 -241/297  317/297]
[   -7/33 -193/297  -73/297       -1  323/297    5/297    -7/33  119/297  -43/297     5/33 -211/297 -217/297     1/11  -73/297     7/27]
[  -13/33  -61/297  245/297    23/33 -175/297 -307/297    -7/11  179/297  203/297   -13/33   -17/27   -7/297   -19/33  -85/297 -343/297]
[    9/11 -109/297 -211/297    -7/33 -259/297  389/297      1/3   59/297 -325/297     5/11  251/297   23/297     5/33 -277/297  245/297]
[  -19/33  257/297   -23/27     3/11   71/297 -283/297    23/33 -241/297  155/297    23/33  -85/297 -127/297     3/11    -5/27   59/297]
[  -19/33 -151/297  119/297     5/33  221/297   53/297     5/11 -127/297 -139/297      1/3   -7/297  137/297    -7/33  -13/297 -307/297]
[    9/11 -145/297  311/297   -19/33 -403/297    19/27   -13/33  401/297  -19/297    -7/11 -109/297  221/297    23/33 -151/297 -259/297]
[  -13/33    25/27 -271/297     1/11  -19/297  185/297     5/33 -439/297  -79/297    -7/33  203/297  125/297        0        0        0]
Testing obstruction for
m1: 2, m2: 50,a: 0
Obstructed by Z^n/Q not being cyclic
Testing obstruction for
m1: 6, m2: 14,a: 0
[      -1 -221/297    7/297    43/33  325/297  415/297    73/33 1051/297 1003/297    19/11  175/297    -1/27    -5/33   73/297  343/297]
[   19/33  151/297  283/297    21/11 1003/297  997/297    61/33    23/27  109/297    13/33  277/297   -5/297    -5/11 -113/297   61/297]
[   43/33  271/297  307/297      5/3  835/297  733/297    29/11  391/297  151/297     7/33  127/297  343/297    13/33   43/297    11/27]
[   13/11  733/297 1267/297    85/33  415/297  217/297    19/33  277/297  -59/297    -9/11   -25/27 -155/297    13/33  541/297  523/297]
[   73/33  943/297  787/297    29/11  337/297   43/297     -1/3  -89/297   73/297    43/33  259/297  283/297    17/11  787/297 1267/297]
[   79/33  307/297     5/27    -5/33    7/297  211/297    -1/11 -113/297  -47/297    19/33  541/297  469/297    61/33    71/27  571/297]
[   19/11  607/297  259/297     7/33   19/297  127/297    43/33  205/297  175/297        1  571/297  997/297   109/33  523/297  217/297]
[    7/33   61/297  211/297    -3/11 -221/297   -19/27    -5/33  271/297  739/297    85/33  943/297  679/297    21/11  607/297  205/297]
[   -5/33   -13/27  -89/297    13/33  475/297  391/297    17/11  679/297 1051/297   109/33  469/297  109/297     -1/3 -155/297  -59/297]
[    7/11   -5/297  -47/297     7/33  325/297  739/297    79/33  835/297    47/27    13/11  337/297  475/297    19/33   19/297   19/297]
[   19/33  475/297  337/297    13/11    47/27  835/297    79/33  739/297  325/297     7/33  -47/297   -5/297     7/11  -59/297 -155/297]
[    -1/3  109/297  469/297   109/33 1051/297  679/297    17/11  391/297  475/297    13/33  -89/297   -13/27    -5/33  205/297  607/297]
[   21/11  679/297  943/297    85/33  739/297  271/297    -5/33   -19/27 -221/297    -3/11  211/297   61/297     7/33  217/297  523/297]
[  109/33  997/297  571/297        1  175/297  205/297    43/33  127/297   19/297     7/33  259/297  607/297    19/11  571/297    71/27]
[   61/33  469/297  541/297    19/33  -47/297 -113/297    -1/11  211/297    7/297    -5/33     5/27  307/297    79/33 1267/297  787/297]
[   17/11  283/297  259/297    43/33   73/297  -89/297     -1/3   43/297  337/297    29/11  787/297  943/297    73/33  523/297  541/297]
[   13/33 -155/297   -25/27    -9/11  -59/297  277/297    19/33  217/297  415/297    85/33 1267/297  733/297    13/11    11/27   43/297]
[   13/33  343/297  127/297     7/33  151/297  391/297    29/11  733/297  835/297      5/3  307/297  271/297    43/33   61/297 -113/297]
[   -5/11   -5/297  277/297    13/33  109/297    23/27    61/33  997/297 1003/297    21/11  283/297  151/297    19/33  343/297   73/297]
[   -5/33    -1/27  175/297    19/11 1003/297 1051/297    73/33  415/297  325/297    43/33    7/297 -221/297        0        0        0]
Testing obstruction for
m1: 4, m2: 22,a: 1
[      -1 -283/297 -241/297   -19/33  -73/297   53/297    23/33  389/297  599/297    31/11 1103/297   127/27   125/33  881/297  665/297]
[   53/33  317/297  185/297     3/11    5/297  -43/297    -7/33    -5/27  -19/297     5/33  137/297  257/297    15/11  581/297  785/297]
[  113/33 1277/297 1565/297     13/3 1037/297  815/297    23/11  455/297  317/297    23/33  125/297   71/297     5/33   47/297     7/27]
[    5/11  221/297  335/297    53/33  647/297  845/297   119/33 1325/297 1607/297    49/11    97/27  839/297    71/33  467/297  323/297]
[   23/33  119/297   59/297     1/11   23/297   47/297      1/3  179/297  287/297    47/33  587/297  779/297    37/11 1247/297 1523/297]
[  137/33  971/297    67/27    59/33  353/297  203/297     3/11  -13/297  -79/297   -13/33 -127/297 -109/297    -7/33     1/27  113/297]
[    9/11  401/297  587/297    89/33 1043/297 1313/297   179/33 1343/297 1103/297        3  707/297  551/297    47/33  323/297  251/297]
[   23/33  191/297  203/297     9/11  311/297    37/27    59/33  683/297  863/297   119/33 1307/297 1571/297    47/11  995/297  749/297]
[   59/33    31/27  179/297     5/33  -61/297 -139/297    -7/11 -211/297 -205/297   -19/33 -109/297  -19/297      1/3  245/297  419/297]
[   23/11  851/297 1109/297   155/33 1115/297  863/297    71/33  443/297    25/27     5/11   23/297  -61/297   -13/33 -145/297 -145/297]
[  -13/33  -61/297   23/297     5/11    25/27  443/297    71/33  863/297 1115/297   155/33 1109/297  851/297    23/11  419/297  245/297]
[     1/3  -19/297 -109/297   -19/33 -205/297 -211/297    -7/11 -139/297  -61/297     5/33  179/297    31/27    59/33  749/297  995/297]
[   47/11 1571/297 1307/297   119/33  863/297  683/297    59/33    37/27  311/297     9/11  203/297  191/297    23/33  251/297  323/297]
[   47/33  551/297  707/297        3 1103/297 1343/297   179/33 1313/297 1043/297    89/33  587/297  401/297     9/11  113/297     1/27]
[   -7/33 -109/297 -127/297   -13/33  -79/297  -13/297     3/11  203/297  353/297    59/33    67/27  971/297   137/33 1523/297 1247/297]
[   37/11  779/297  587/297    47/33  287/297  179/297      1/3   47/297   23/297     1/11   59/297  119/297    23/33  323/297  467/297]
[   71/33  839/297    97/27    49/11 1607/297 1325/297   119/33  845/297  647/297    53/33  335/297  221/297     5/11     7/27   47/297]
[    5/33   71/297  125/297    23/33  317/297  455/297    23/11  815/297 1037/297     13/3 1565/297 1277/297   113/33  785/297  581/297]
[   15/11  257/297  137/297     5/33  -19/297    -5/27    -7/33  -43/297    5/297     3/11  185/297  317/297    53/33  665/297  881/297]
[  125/33   127/27 1103/297    31/11  599/297  389/297    23/33   53/297  -73/297   -19/33 -241/297 -283/297        0        0        0]
Unobstructed
52
---------------------------
---------------------------
13a162
Correction terms
[      -1   11/281 -237/281   99/281 -105/281 -287/281  115/281  -23/281 -139/281 -233/281  257/281 -355/281  179/281  173/281  189/281]
[ 227/281 -275/281  369/281  -89/281   37/281  185/281 -207/281  -15/281  199/281 -127/281  131/281 -151/281  151/281  -87/281 -303/281]
[  65/281 -107/281 -257/281  177/281   71/281  -13/281  -75/281 -115/281 -133/281 -129/281 -103/281  -55/281   15/281  107/281  221/281]
[-205/281  -47/281  133/281 -227/281   -3/281  243/281  -51/281  239/281  -11/281  323/281  117/281  -67/281  333/281 -369/281   75/281]
[ -21/281  -95/281 -147/281 -177/281 -185/281 -171/281 -135/281  -77/281    3/281 -457/281  229/281 -187/281  -19/281  171/281 -179/281]
[  55/281 -251/281   27/281 -235/281   87/281 -131/281  235/281   61/281  -91/281  341/281 -329/281  147/281   83/281   41/281   21/281]
[  23/281   47/281   93/281  161/281  251/281 -199/281  -65/281   91/281 -293/281  -93/281  129/281 -189/281   77/281 -197/281  113/281]
[-117/281 -325/281   51/281 -113/281 -255/281  187/281   89/281   13/281  -41/281  -73/281  -83/281  -71/281  -37/281   19/281   97/281]
[ 197/281  319/281  -99/281   67/281  255/281  -97/281  135/281 -173/281  103/281 -161/281  159/281  -61/281 -259/281  127/281  -27/281]
[-159/281 -269/281  205/281 -423/281   95/281   73/281   73/281   95/281 -423/281  205/281 -269/281 -159/281  -27/281  127/281 -259/281]
[ -61/281  159/281 -161/281  103/281 -173/281  135/281  -97/281  255/281   67/281  -99/281  319/281  197/281   97/281   19/281  -37/281]
[ -71/281  -83/281  -73/281  -41/281   13/281   89/281  187/281 -255/281 -113/281   51/281 -325/281 -117/281  113/281 -197/281   77/281]
[-189/281  129/281  -93/281 -293/281   91/281  -65/281 -199/281  251/281  161/281   93/281   47/281   23/281   21/281   41/281   83/281]
[ 147/281 -329/281  341/281  -91/281   61/281  235/281 -131/281   87/281 -235/281   27/281 -251/281   55/281 -179/281  171/281  -19/281]
[-187/281  229/281 -457/281    3/281  -77/281 -135/281 -171/281 -185/281 -177/281 -147/281  -95/281  -21/281   75/281 -369/281  333/281]
[ -67/281  117/281  323/281  -11/281  239/281  -51/281  243/281   -3/281 -227/281  133/281  -47/281 -205/281  221/281  107/281   15/281]
[ -55/281 -103/281 -129/281 -133/281 -115/281  -75/281  -13/281   71/281  177/281 -257/281 -107/281   65/281 -303/281  -87/281  151/281]
[-151/281  131/281 -127/281  199/281  -15/281 -207/281  185/281   37/281  -89/281  369/281 -275/281  227/281  189/281  173/281  179/281]
[-355/281  257/281 -233/281 -139/281  -23/281  115/281 -287/281 -105/281   99/281 -237/281   11/281        0        0        0        0]
Testing obstruction for
m1: 2, m2: 48,a: 1
[      -1 -275/281 -257/281 -227/281 -185/281 -131/281  -65/281   13/281  103/281  205/281  319/281  445/281  583/281  733/281  895/281]
[1069/281 1255/281 1453/281 1663/281 1885/281 2119/281 2365/281 2623/281 2893/281 3175/281 2907/281 2651/281 2407/281 2175/281 1955/281]
[1747/281 1551/281 1367/281 1195/281 1035/281  887/281  751/281  627/281  515/281  415/281  327/281  251/281  187/281  135/281   95/281]
[  67/281   51/281   47/281   55/281   75/281  107/281  151/281  207/281  275/281  355/281  447/281  551/281  667/281  795/281  935/281]
[1087/281 1251/281 1427/281 1615/281 1815/281 2027/281 2251/281 2487/281 2735/281 2995/281 3267/281 2989/281 2723/281 2469/281 2227/281]
[1997/281 1779/281 1573/281 1379/281 1197/281 1027/281  869/281  723/281  589/281  467/281  357/281  259/281  173/281   99/281   37/281]
[ -13/281  -51/281  -77/281  -91/281  -93/281  -83/281  -61/281  -27/281   19/281   77/281  147/281  229/281  323/281  429/281  547/281]
[ 677/281  819/281  973/281 1139/281 1317/281 1507/281 1709/281 1923/281 2149/281 2387/281 2637/281 2899/281 3173/281 2897/281 2633/281]
[2381/281 2141/281 1913/281 1697/281 1493/281 1301/281 1121/281  953/281  797/281  653/281  521/281  401/281  293/281  197/281  113/281]
[  41/281  -19/281  -67/281 -103/281 -127/281 -139/281 -139/281 -127/281 -103/281  -67/281  -19/281   41/281  113/281  197/281  293/281]
[ 401/281  521/281  653/281  797/281  953/281 1121/281 1301/281 1493/281 1697/281 1913/281 2141/281 2381/281 2633/281 2897/281 3173/281]
[2899/281 2637/281 2387/281 2149/281 1923/281 1709/281 1507/281 1317/281 1139/281  973/281  819/281  677/281  547/281  429/281  323/281]
[ 229/281  147/281   77/281   19/281  -27/281  -61/281  -83/281  -93/281  -91/281  -77/281  -51/281  -13/281   37/281   99/281  173/281]
[ 259/281  357/281  467/281  589/281  723/281  869/281 1027/281 1197/281 1379/281 1573/281 1779/281 1997/281 2227/281 2469/281 2723/281]
[2989/281 3267/281 2995/281 2735/281 2487/281 2251/281 2027/281 1815/281 1615/281 1427/281 1251/281 1087/281  935/281  795/281  667/281]
[ 551/281  447/281  355/281  275/281  207/281  151/281  107/281   75/281   55/281   47/281   51/281   67/281   95/281  135/281  187/281]
[ 251/281  327/281  415/281  515/281  627/281  751/281  887/281 1035/281 1195/281 1367/281 1551/281 1747/281 1955/281 2175/281 2407/281]
[2651/281 2907/281 3175/281 2893/281 2623/281 2365/281 2119/281 1885/281 1663/281 1453/281 1255/281 1069/281  895/281  733/281  583/281]
[ 445/281  319/281  205/281  103/281   13/281  -65/281 -131/281 -185/281 -227/281 -257/281 -275/281        0        0        0        0]
Unobstructed
16
---------------------------
---------------------------
13a170
Correction terms
[      -1  -85/273  -67/273   -73/91    5/273   59/273   -19/91    29/39  293/273    71/91  -37/273   89/273    15/91   -13/21    -1/39]
[   -5/91 -193/273    5/273    11/91 -109/273  125/273     9/13   83/273 -193/273   -31/91 -163/273    11/21    93/91    35/39   41/273]
[   71/91  215/273   47/273    85/91 -253/273   -55/39   -47/91  -67/273 -163/273      3/7  227/273  167/273    -3/13   83/273   59/273]
[  -45/91   47/273   59/273   -33/91    17/39  167/273    15/91    23/21 -163/273   -83/91   41/273    23/39    37/91 -109/273   47/273]
[   11/91 -151/273   41/273     3/13  -85/273    11/21    67/91   89/273  353/273   -33/91   -25/39  125/273   -97/91 -331/273    5/273]
[   57/91  167/273    -1/39      5/7  227/273   89/273   109/91 -151/273 -253/273     1/13  125/273   59/273   123/91  -37/273  -67/273]
[   93/91     -1/3  -85/273   -83/91  -37/273    5/273   -41/91  125/273    29/39    37/91  395/273  -37/273   -31/91  227/273   -13/21]
[   -9/13  167/273 -193/273   -59/91  215/273 -109/273   -19/91   -25/39   83/273    57/91   89/273  383/273     -1/7  -85/273    35/39]
[  -47/91 -151/273  215/273   -45/91 -109/273  293/273    -1/13   41/273  -67/273    67/91   -19/21 -319/273    -5/91    17/39   83/273]
[  141/91   47/273   47/273   141/91   83/273    17/39    -5/91 -319/273   -19/21    67/91  -67/273   41/273    -1/13  293/273 -109/273]
[  -45/91  215/273 -151/273   -47/91    35/39  -85/273     -1/7  383/273   89/273    57/91   83/273   -25/39   -19/91 -109/273  215/273]
[  -59/91 -193/273  167/273    -9/13   -13/21  227/273   -31/91  -37/273  395/273    37/91    29/39  125/273   -41/91    5/273  -37/273]
[  -83/91  -85/273     -1/3    93/91  -67/273  -37/273   123/91   59/273  125/273     1/13 -253/273 -151/273   109/91   89/273  227/273]
[     5/7    -1/39  167/273    57/91    5/273 -331/273   -97/91  125/273   -25/39   -33/91  353/273   89/273    67/91    11/21  -85/273]
[    3/13   41/273 -151/273    11/91   47/273 -109/273    37/91    23/39   41/273   -83/91 -163/273    23/21    15/91  167/273    17/39]
[  -33/91   59/273   47/273   -45/91   59/273   83/273    -3/13  167/273  227/273      3/7 -163/273  -67/273   -47/91   -55/39 -253/273]
[   85/91   47/273  215/273    71/91   41/273    35/39    93/91    11/21 -163/273   -31/91 -193/273   83/273     9/13  125/273 -109/273]
[   11/91    5/273 -193/273    -5/91    -1/39   -13/21    15/91   89/273  -37/273    71/91  293/273    29/39   -19/91   59/273    5/273]
[  -73/91  -67/273  -85/273        0        0        0        0        0        0        0        0        0        0        0        0]
Testing obstruction for
m1: 2, m2: 46,a: 0
[      -1  -85/273  -67/273   -73/91    5/273   59/273   -19/91    29/39  293/273    71/91  509/273  635/273   197/91    71/21   155/39]
[  359/91 1445/273 1643/273   557/91 2075/273 2309/273   113/13 2813/273 3083/273   879/91 2567/273   179/21   639/91   269/39 1679/273]
[  435/91 1307/273 1139/273   267/91  839/273   101/39   135/91  479/273  383/273      3/7  227/273  167/273    -3/13   83/273   59/273]
[  -45/91   47/273   59/273   -33/91    17/39  167/273    15/91    23/21  383/273    99/91  587/273   101/39   219/91  983/273 1139/273]
[  375/91 1487/273 1679/273    81/13 2099/273   179/21   795/91 2819/273 3083/273   877/91   365/39 2309/273   631/91 1853/273 1643/273]
[  421/91 1259/273   155/39     19/7  773/273  635/273   109/91  395/273  293/273     1/13  125/273   59/273   -59/91  -37/273  -67/273]
[  -89/91     -1/3  -85/273   -83/91  -37/273    5/273   -41/91  125/273    29/39    37/91  395/273  509/273   151/91  773/273    71/21]
[   43/13 1259/273 1445/273   487/91 1853/273 2075/273   709/91   365/39 2813/273   967/91 2819/273 2567/273     55/7 2099/273   269/39]
[  499/91 1487/273 1307/273   319/91  983/273  839/273    25/13  587/273  479/273    67/91    23/21  227/273    -5/91    17/39   83/273]
[  -41/91   47/273   47/273   -41/91   83/273    17/39    -5/91  227/273    23/21    67/91  479/273  587/273    25/13  839/273  983/273]
[  319/91 1307/273 1487/273   499/91   269/39 2099/273     55/7 2567/273 2819/273   967/91 2813/273   365/39   709/91 2075/273 1853/273]
[  487/91 1445/273 1259/273    43/13    71/21  773/273   151/91  509/273  395/273    37/91    29/39  125/273   -41/91    5/273  -37/273]
[  -83/91  -85/273     -1/3   -89/91  -67/273  -37/273   -59/91   59/273  125/273     1/13  293/273  395/273   109/91  635/273  773/273]
[    19/7   155/39 1259/273   421/91 1643/273 1853/273   631/91 2309/273   365/39   877/91 3083/273 2819/273   795/91   179/21 2099/273]
[   81/13 1679/273 1487/273   375/91 1139/273  983/273   219/91   101/39  587/273    99/91  383/273    23/21    15/91  167/273    17/39]
[  -33/91   59/273   47/273   -45/91   59/273   83/273    -3/13  167/273  227/273      3/7  383/273  479/273   135/91   101/39  839/273]
[  267/91 1139/273 1307/273   435/91 1679/273   269/39   639/91   179/21 2567/273   879/91 3083/273 2813/273   113/13 2309/273 2075/273]
[  557/91 1643/273 1445/273   359/91   155/39    71/21   197/91  635/273  509/273    71/91  293/273    29/39   -19/91   59/273    5/273]
[  -73/91  -67/273  -85/273        0        0        0        0        0        0        0        0        0        0        0        0]
[-85/273, -67/273, -73/91, 5/273, 59/273, -19/91, 29/39, 293/273, 71/91, 509/273, 635/273, 197/91, 71/21, 155/39, 359/91, 1445/273, 1643/273, 557/91, 2075/273, 2309/273, 113/13, 2813/273, 3083/273, 879/91, 2567/273, 179/21, 639/91, 269/39, 1679/273, 435/91, 1307/273, 1139/273, 267/91, 839/273, 101/39, 135/91, 479/273, 383/273, 3/7, 227/273, 167/273, -3/13, 83/273, 59/273, -45/91, 47/273, 59/273, -33/91, 17/39, 167/273, 15/91, 23/21, 383/273, 99/91, 587/273, 101/39, 219/91, 983/273, 1139/273, 375/91, 1487/273, 1679/273, 81/13, 2099/273, 179/21, 795/91, 2819/273, 3083/273, 877/91, 365/39, 2309/273, 631/91, 1853/273, 1643/273, 421/91, 1259/273, 155/39, 19/7, 773/273, 635/273, 109/91, 395/273, 293/273, 1/13, 125/273, 59/273, -59/91]
1 [-85/273, -67/273, -73/91, 5/273, 59/273, -19/91, 29/39, 293/273, 71/91, -37/273, 89/273, 15/91, -13/21, -1/39, -5/91, -193/273, 5/273, 11/91, -109/273, 125/273, 9/13, 83/273, -193/273, -31/91, -163/273, 11/21, 93/91, 35/39, 41/273, 71/91, 215/273, 47/273, 85/91, -253/273, -55/39, -47/91, -67/273, -163/273, 3/7, 227/273, 167/273, -3/13, 83/273, 59/273, -45/91, 47/273, 59/273, -33/91, 17/39, 167/273, 15/91, 23/21, -163/273, -83/91, 41/273, 23/39, 37/91, -109/273, 47/273, 11/91, -151/273, 41/273, 3/13, -85/273, 11/21, 67/91, 89/273, 353/273, -33/91, -25/39, 125/273, -97/91, -331/273, 5/273, 57/91, 167/273, -1/39, 5/7, 227/273, 89/273, 109/91, -151/273, -253/273, 1/13, 125/273, 59/273, 123/91]
[-85/273, -67/273, -73/91]
64 [-85/273, -67/273, 109/91]
[-85/273, -67/273, -73/91, 5/273, 59/273, -19/91, 29/39, 293/273, 71/91, 509/273, 635/273, 197/91, 71/21, 155/39, 359/91, 1445/273, 1643/273, 557/91, 2075/273, 2309/273, 113/13, 2813/273, 3083/273, 879/91, 2567/273, 179/21, 639/91, 269/39, 1679/273, 435/91, 1307/273, 1139/273, 267/91, 839/273, 101/39, 135/91, 479/273, 383/273, 3/7, 227/273, 167/273, -3/13, 83/273, 59/273, -45/91, 47/273, 59/273, -33/91, 17/39, 167/273, 15/91, 23/21, 383/273, 99/91, 587/273, 101/39, 219/91, 983/273, 1139/273, 375/91, 1487/273, 1679/273, 81/13, 2099/273, 179/21, 795/91, 2819/273, 3083/273, 877/91, 365/39, 2309/273, 631/91, 1853/273, 1643/273, 421/91, 1259/273, 155/39, 19/7, 773/273, 635/273, 109/91, 395/273, 293/273, 1/13, 125/273, 59/273, -59/91]
92 [-85/273, -67/273, -73/91, 5/273, 59/273, -19/91, 29/39, -253/273, 71/91, -37/273, 89/273, 15/91, -13/21, -1/39, -5/91, -193/273, 5/273, 11/91, -109/273, 125/273, 9/13, 83/273, 353/273, -31/91, 383/273, 11/21, 93/91, 35/39, 41/273, 71/91, 215/273, 47/273, 85/91, 293/273, 23/39, -47/91, -67/273, -163/273, 3/7, -319/273, 167/273, -3/13, 83/273, 59/273, -45/91, 47/273, 59/273, -33/91, 17/39, 167/273, 15/91, -19/21, -163/273, -83/91, 41/273, -55/39, 37/91, -109/273, 47/273, 11/91, -151/273, 41/273, 3/13, -85/273, 11/21, 67/91, 89/273, -193/273, -33/91, -25/39, 125/273, -97/91, 215/273, 5/273, 57/91, 167/273, -1/39, 5/7, 227/273, 89/273, 109/91, 395/273, 293/273, 1/13, 125/273, 59/273, 123/91]
[-85/273, -67/273, -73/91]
118 [-85/273, -67/273, 109/91]
Testing obstruction for
m1: 4, m2: 20,a: 0
[      -1 -181/273   95/273     3/91  107/273  389/273   103/91    59/39  701/273   391/91 1283/273 1031/273   321/91    41/21    41/39]
[   75/91  347/273  107/273    17/91  179/273  -55/273    -5/13   29/273  347/273   101/91  443/273    59/21   243/91   125/39 1205/273]
[  391/91  779/273  569/273   181/91  155/273    -7/39   -23/91   95/273 -103/273     -3/7   53/273 -139/273    -7/13   29/273  389/273]
[  129/91  569/273  935/273   313/91   161/39  953/273   321/91    47/21  443/273   153/91  113/273    -7/39    -9/91  179/273   23/273]
[   17/91  263/273  113/273     7/13  365/273    59/21   269/91 1031/273 1439/273   313/91    89/39  491/273   181/91  233/273  107/273]
[   55/91 -139/273   -37/39     -5/7   53/273  -61/273     3/91  263/273  155/273    11/13  491/273  935/273   339/91 1283/273 1187/273]
[  243/91      5/3  365/273   153/91  191/273  107/273    69/91  -55/273   -19/39    -9/91  263/273  191/273   101/91  599/273    41/21]
[   31/13  953/273 1439/273   339/91  779/273  725/273   103/91    11/39   29/273    55/91  -61/273 -103/273      1/7 -181/273   -31/39]
[  -23/91  263/273  233/273   129/91  725/273  701/273    41/13 1205/273 1187/273   269/91    47/21  599/273    75/91     5/39   29/273]
[   69/91   23/273   23/273    69/91   29/273     5/39    75/91  599/273    47/21   269/91 1187/273 1205/273    41/13  701/273  725/273]
[  129/91  233/273  263/273   -23/91   -31/39 -181/273      1/7 -103/273  -61/273    55/91   29/273    11/39   103/91  725/273  779/273]
[  339/91 1439/273  953/273    31/13    41/21  599/273   101/91  191/273  263/273    -9/91   -19/39  -55/273    69/91  107/273  191/273]
[  153/91  365/273      5/3   243/91 1187/273 1283/273   339/91  935/273  491/273    11/13  155/273  263/273     3/91  -61/273   53/273]
[    -5/7   -37/39 -139/273    55/91  107/273  233/273   181/91  491/273    89/39   313/91 1439/273 1031/273   269/91    59/21  365/273]
[    7/13  113/273  263/273    17/91   23/273  179/273    -9/91    -7/39  113/273   153/91  443/273    47/21   321/91  953/273   161/39]
[  313/91  935/273  569/273   129/91  389/273   29/273    -7/13 -139/273   53/273     -3/7 -103/273   95/273   -23/91    -7/39  155/273]
[  181/91  569/273  779/273   391/91 1205/273   125/39   243/91    59/21  443/273   101/91  347/273   29/273    -5/13  -55/273  179/273]
[   17/91  107/273  347/273    75/91    41/39    41/21   321/91 1031/273 1283/273   391/91  701/273    59/39   103/91  389/273  107/273]
[    3/91   95/273 -181/273        0        0        0        0        0        0        0        0        0        0        0        0]
Testing obstruction for
m1: 12, m2: 12,a: 8
[      -1 -227/273  -89/273    47/91  463/273  331/273    97/91    49/39  487/273   241/91  505/273  379/273   115/91    31/21    79/39]
[   83/91   37/273  -83/273   -37/91  -47/273  109/273    17/13  151/273   37/273     5/91   85/273    19/21   167/91   121/39  739/273]
[  241/91  799/273  421/273    45/91  -59/273   -23/39   -57/91  -89/273   85/273      9/7  163/273   67/273     3/13  151/273  331/273]
[  201/91  421/273  331/273   111/91    61/39  613/273   115/91    13/21   85/273    31/91  193/273    55/39    41/91  -47/273 -125/273]
[  -37/91   -5/273  193/273    23/13  319/273    19/21    89/91  379/273  583/273   111/91    25/39  109/273    45/91  253/273  463/273]
[   73/91   67/273     1/39      1/7  163/273  379/273    47/91   -5/273  -59/273    -1/13  109/273  331/273   215/91  505/273  457/273]
[  167/91      7/3  319/273    31/91  -41/273  -83/273   -11/91  109/273    49/39    41/91   -5/273  -41/273     5/91  163/273    31/21]
[   35/13  613/273  583/273   215/91  799/273  499/273    97/91    25/39  151/273    73/91  379/273   85/273     -3/7 -227/273   -35/39]
[  -57/91   -5/273  253/273   201/91  499/273  487/273    27/13  739/273  457/273    89/91    13/21  163/273    83/91    61/39  151/273]
[  -11/91 -125/273 -125/273   -11/91  151/273    61/39    83/91  163/273    13/21    89/91  457/273  739/273    27/13  487/273  499/273]
[  201/91  253/273   -5/273   -57/91   -35/39 -227/273     -3/7   85/273  379/273    73/91  151/273    25/39    97/91  499/273  799/273]
[  215/91  583/273  613/273    35/13    31/21  163/273     5/91  -41/273   -5/273    41/91    49/39  109/273   -11/91  -83/273  -41/273]
[   31/91  319/273      7/3   167/91  457/273  505/273   215/91  331/273  109/273    -1/13  -59/273   -5/273    47/91  379/273  163/273]
[     1/7     1/39   67/273    73/91  463/273  253/273    45/91  109/273    25/39   111/91  583/273  379/273    89/91    19/21  319/273]
[   23/13  193/273   -5/273   -37/91 -125/273  -47/273    41/91    55/39  193/273    31/91   85/273    13/21   115/91  613/273    61/39]
[  111/91  331/273  421/273   201/91  331/273  151/273     3/13   67/273  163/273      9/7   85/273  -89/273   -57/91   -23/39  -59/273]
[   45/91  421/273  799/273   241/91  739/273   121/39   167/91    19/21   85/273     5/91   37/273  151/273    17/13  109/273  -47/273]
[  -37/91  -83/273   37/273    83/91    79/39    31/21   115/91  379/273  505/273   241/91  487/273    49/39    97/91  331/273  463/273]
[   47/91  -89/273 -227/273        0        0        0        0        0        0        0        0        0        0        0        0]
Testing obstruction for
m1: 24, m2: 24,a: 22
[      -1 -179/273  103/273     9/91  139/273 -107/273   -55/91    -5/39  283/273    81/91  391/273  181/273    53/91    25/21    97/39]
[  225/91  859/273  685/273   233/91  901/273 1291/273    63/13 1543/273 1405/273   485/91 1147/273    79/21   365/91   115/39  703/273]
[  263/91  517/273  433/273   179/91  283/273    31/39   113/91  103/273   55/273      5/7  -23/273  -53/273     5/13  -95/273 -107/273]
[   23/91 -113/273 -107/273    29/91   -11/39  -53/273    53/91     1/21   55/273    95/91  157/273    31/39   155/91  355/273  433/273]
[  233/91  607/273  703/273    47/13  913/273    79/21   443/91 1273/273 1405/273   393/91   163/39 1291/273   361/91 1063/273  685/273]
[  165/91  493/273    97/39     13/7  523/273  181/273     9/91   61/273  283/273     7/13  199/273 -107/273   -75/91 -155/273  103/273]
[    1/91      1/3 -179/273   -87/91 -155/273  139/273    25/91  199/273    -5/39   -27/91   61/273  391/273   121/91  523/273    25/21]
[   15/13  493/273  859/273   289/91 1063/273  901/273   309/91   163/39 1543/273   529/91 1273/273 1147/273     31/7  913/273   115/39]
[  295/91  607/273  517/273   205/91  355/273  283/273    19/13  157/273  103/273    79/91     1/21  -23/273    43/91   -11/39  -95/273]
[   25/91 -113/273 -113/273    25/91  -95/273   -11/39    43/91  -23/273     1/21    79/91  103/273  157/273    19/13  283/273  355/273]
[  205/91  517/273  607/273   295/91   115/39  913/273     31/7 1147/273 1273/273   529/91 1543/273   163/39   309/91  901/273 1063/273]
[  289/91  859/273  493/273    15/13    25/21  523/273   121/91  391/273   61/273   -27/91    -5/39  199/273    25/91  139/273 -155/273]
[  -87/91 -179/273      1/3     1/91  103/273 -155/273   -75/91 -107/273  199/273     7/13  283/273   61/273     9/91  181/273  523/273]
[    13/7    97/39  493/273   165/91  685/273 1063/273   361/91 1291/273   163/39   393/91 1405/273 1273/273   443/91    79/21  913/273]
[   47/13  703/273  607/273   233/91  433/273  355/273   155/91    31/39  157/273    95/91   55/273     1/21    53/91  -53/273   -11/39]
[   29/91 -107/273 -113/273    23/91 -107/273  -95/273     5/13  -53/273  -23/273      5/7   55/273  103/273   113/91    31/39  283/273]
[  179/91  433/273  517/273   263/91  703/273   115/39   365/91    79/21 1147/273   485/91 1405/273 1543/273    63/13 1291/273  901/273]
[  233/91  685/273  859/273   225/91    97/39    25/21    53/91  181/273  391/273    81/91  283/273    -5/39   -55/91 -107/273  139/273]
[    9/91  103/273 -179/273        0        0        0        0        0        0        0        0        0        0        0        0]
---------------------------
SUCCESS for name = 13a170
---------------------------
