13a571
Correction terms
[      -1  -55/249   29/249     1/83 -133/249  119/249    87/83 -205/249  215/249     9/83  227/249 -181/249   -67/83  167/249  -73/249]
[   25/83  113/249   41/249   -47/83   65/249  161/249    49/83   23/249 -211/249   -19/83  -13/249  -79/249    81/83  -43/249   59/249]
[   17/83  -67/249  203/249   -45/83  -85/249 -145/249    61/83  -97/249   11/249     3/83 -103/249  173/249   -53/83  395/249 -157/249]
[   59/83  -97/249   17/249     7/83  -85/249  197/249   -43/83  -67/249 -115/249    75/83  -43/249   77/249    29/83  -13/249 -223/249]
[  -15/83   23/249  -19/249   -57/83   65/249  191/249    69/83  113/249  -91/249    31/83 -331/249  131/249    -5/83  227/249 -139/249]
[  -39/83  293/249   95/249    95/83 -133/249  335/249  -101/83  -55/249      1/3    37/83   29/249 -163/249    11/83  119/249   95/249]
[  -13/83  215/249 -139/249   -35/83 -181/249  131/249   -55/83  -73/249  -91/249    93/83   41/249  191/249    77/83  161/249  -19/249]
[ -103/83  287/249 -223/249    51/83  -79/249   77/249    41/83   59/249  383/249    33/83  203/249 -301/249    27/83 -145/249   17/249]
[   23/83   11/249 -157/249    21/83  173/249  173/249    21/83 -157/249   11/249    23/83   17/249 -145/249    27/83 -301/249  203/249]
[   33/83  383/249   59/249    41/83   77/249  -79/249    51/83 -223/249  287/249  -103/83  -19/249  161/249    77/83  191/249   41/249]
[   93/83  -91/249  -73/249   -55/83  131/249 -181/249   -35/83 -139/249  215/249   -13/83   95/249  119/249    11/83 -163/249   29/249]
[   37/83      1/3  -55/249  -101/83  335/249 -133/249    95/83   95/249  293/249   -39/83 -139/249  227/249    -5/83  131/249 -331/249]
[   31/83  -91/249  113/249    69/83  191/249   65/249   -57/83  -19/249   23/249   -15/83 -223/249  -13/249    29/83   77/249  -43/249]
[   75/83 -115/249  -67/249   -43/83  197/249  -85/249     7/83   17/249  -97/249    59/83 -157/249  395/249   -53/83  173/249 -103/249]
[    3/83   11/249  -97/249    61/83 -145/249  -85/249   -45/83  203/249  -67/249    17/83   59/249  -43/249    81/83  -79/249  -13/249]
[  -19/83 -211/249   23/249    49/83  161/249   65/249   -47/83   41/249  113/249    25/83  -73/249  167/249   -67/83 -181/249  227/249]
[    9/83  215/249 -205/249    87/83  119/249 -133/249     1/83   29/249  -55/249        0        0        0        0        0        0]
Testing obstruction for
m1: 2, m2: 42,a: 0
[      -1  -77/249  -59/249   -65/83   13/249   67/249   -11/83  211/249  301/249    79/83  517/249  643/249   205/83  931/249 1093/249]
[  367/83 1453/249 1651/249   565/83 2083/249 2317/249   799/83 2323/249 2095/249   571/83 1675/249 1483/249   379/83 1135/249  979/249]
[  223/83  703/249  583/249   103/83  379/249  295/249    19/83  163/249  115/249   -29/83   55/249   43/249   -41/83   55/249   79/249]
[  -17/83  163/249  223/249    43/83  379/249  475/249   139/83  703/249  835/249   271/83 1135/249 1303/249   439/83 1675/249 1879/249]
[  643/83 2323/249 2563/249   717/83 2083/249 1861/249   495/83 1453/249 1267/249   309/83  931/249  781/249   159/83  517/249  403/249]
[   45/83  211/249  133/249   -33/83   13/249  -29/249   -75/83  -77/249     -1/3   -81/83  -59/249  -29/249   -51/83   67/249  133/249]
[   15/83  301/249  403/249   117/83  643/249  781/249   255/83 1093/249 1267/249   429/83 1651/249 1861/249   639/83 2317/249 2563/249]
[  719/83 2095/249 1879/249   503/83 1483/249 1303/249   323/83  979/249  835/249   179/83  583/249  475/249    71/83  295/249  223/249]
[   -1/83  115/249   79/249   -37/83   43/249   43/249   -37/83   79/249  115/249    -1/83  223/249  295/249    71/83  475/249  583/249]
[  179/83  835/249  979/249   323/83 1303/249 1483/249   503/83 1879/249 2095/249   719/83 2563/249 2317/249   639/83 1861/249 1651/249]
[  429/83 1267/249 1093/249   255/83  781/249  643/249   117/83  403/249  301/249    15/83  133/249   67/249   -51/83  -29/249  -59/249]
[  -81/83     -1/3  -77/249   -75/83  -29/249   13/249   -33/83  133/249  211/249    45/83  403/249  517/249   159/83  781/249  931/249]
[  309/83 1267/249 1453/249   495/83 1861/249 2083/249   717/83 2563/249 2323/249   643/83 1879/249 1675/249   439/83 1303/249 1135/249]
[  271/83  835/249  703/249   139/83  475/249  379/249    43/83  223/249  163/249   -17/83   79/249   55/249   -41/83   43/249   55/249]
[  -29/83  115/249  163/249    19/83  295/249  379/249   103/83  583/249  703/249   223/83  979/249 1135/249   379/83 1483/249 1675/249]
[  571/83 2095/249 2323/249   799/83 2317/249 2083/249   565/83 1651/249 1453/249   367/83 1093/249  931/249   205/83  643/249  517/249]
[   79/83  301/249  211/249   -11/83   67/249   13/249   -65/83  -59/249  -77/249        0        0        0        0        0        0]
Testing obstruction for
m1: 6, m2: 12,a: 1
[      -1 -227/249 -161/249   -17/83  103/249  301/249   181/83  331/249  163/249    13/83  -41/249  -77/249   -23/83  -17/249   79/249]
[   73/83  403/249  631/249   135/83  223/249   85/249    -3/83  -59/249  -65/249    -9/83   55/249  181/249   117/83  565/249  823/249]
[  209/83  475/249  367/249   101/83  283/249  307/249   125/83  487/249  643/249   281/83  589/249  379/249    71/83   91/249   13/249]
[   -7/83  -11/249   43/249    47/83  283/249  469/249   233/83  475/249  295/249    53/83   67/249   19/249     5/83   55/249  139/249]
[   89/83  439/249  655/249   139/83  223/249   73/249   -11/83  -95/249 -113/249   -29/83  -17/249   97/249    85/83  457/249  703/249]
[  165/83  331/249  211/249    45/83  103/249  115/249    57/83  271/249      5/3   201/83  835/249  613/249   145/83  301/249  211/249]
[   55/83  163/249  205/249    97/83  421/249  595/249   271/83  577/249  385/249    79/83  133/249   73/249    19/83   85/249  157/249]
[   91/83  433/249  637/249   129/83  181/249   19/249   -33/83 -173/249 -203/249   -63/83 -131/249  -29/249    39/83  307/249  541/249]
[  107/83  145/249   13/249   -25/83 -119/249 -119/249   -25/83   13/249  145/249   107/83  541/249  307/249    39/83  -29/249 -131/249]
[  -63/83 -203/249 -173/249   -33/83   19/249  181/249   129/83  637/249  433/249    91/83  157/249   85/249    19/83   73/249  133/249]
[   79/83  385/249  577/249   271/83  595/249  421/249    97/83  205/249  163/249    55/83  211/249  301/249   145/83  613/249  835/249]
[  201/83      5/3  271/249    57/83  115/249  103/249    45/83  211/249  331/249   165/83  703/249  457/249    85/83   97/249  -17/249]
[  -29/83 -113/249  -95/249   -11/83   73/249  223/249   139/83  655/249  439/249    89/83  139/249   55/249     5/83   19/249   67/249]
[   53/83  295/249  475/249   233/83  469/249  283/249    47/83   43/249  -11/249    -7/83   13/249   91/249    71/83  379/249  589/249]
[  281/83  643/249  487/249   125/83  307/249  283/249   101/83  367/249  475/249   209/83  823/249  565/249   117/83  181/249   55/249]
[   -9/83  -65/249  -59/249    -3/83   85/249  223/249   135/83  631/249  403/249    73/83   79/249  -17/249   -23/83  -77/249  -41/249]
[   13/83  163/249  331/249   181/83  301/249  103/249   -17/83 -161/249 -227/249        0        0        0        0        0        0]
Testing obstruction for
m1: 8, m2: 10,a: 3
[      -1 -211/249  -97/249    31/83  359/249  203/249    41/83  119/249  191/249   113/83  563/249  365/249    81/83  197/249  227/249]
[  111/83  515/249  275/249    37/83   23/249   11/249    25/83  215/249  431/249    75/83   95/249   41/249    21/83  161/249  335/249]
[  195/83  413/249  317/249    99/83  353/249  485/249    65/83  -19/249 -157/249   -73/83 -205/249 -115/249    17/83  293/249  113/249]
[    3/83  -19/249   29/249    51/83  353/249  629/249   161/83  413/249  419/249   167/83  659/249  395/249    69/83   95/249   59/249]
[   33/83  215/249  407/249    59/83   23/249  -55/249   -19/83   17/249  167/249   131/83  695/249  575/249   177/83  563/249  671/249]
[  119/83  119/249  -43/249   -43/83 -139/249  -73/249    23/83  287/249      1/3   -15/83  -97/249  -73/249     9/83  203/249  455/249]
[   95/83  191/249  173/249    77/83  365/249  575/249   121/83  227/249  167/249    61/83  275/249  443/249    63/83   11/249  -91/249]
[  -39/83  -67/249   59/249    87/83  539/249  395/249   109/83  335/249  419/249   193/83  317/249  131/249     7/83  -13/249   29/249]
[   49/83  341/249  113/249   -13/83 -115/249 -115/249   -13/83  113/249  341/249    49/83   29/249  -13/249     7/83  131/249  317/249]
[  193/83  419/249  335/249   109/83  395/249  539/249    87/83   59/249  -67/249   -39/83  -91/249   11/249    63/83  443/249  275/249]
[   61/83  167/249  227/249   121/83  575/249  365/249    77/83  173/249  191/249    95/83  455/249  203/249     9/83  -73/249  -97/249]
[  -15/83      1/3  287/249    23/83  -73/249 -139/249   -43/83  -43/249  119/249   119/83  671/249  563/249   177/83  575/249  695/249]
[  131/83  167/249   17/249   -19/83  -55/249   23/249    59/83  407/249  215/249    33/83   59/249   95/249    69/83  395/249  659/249]
[  167/83  419/249  413/249   161/83  629/249  353/249    51/83   29/249  -19/249     3/83  113/249  293/249    17/83 -115/249 -205/249]
[  -73/83 -157/249  -19/249    65/83  485/249  353/249    99/83  317/249  413/249   195/83  335/249  161/249    21/83   41/249   95/249]
[   75/83  431/249  215/249    25/83   11/249   23/249    37/83  275/249  515/249   111/83  227/249  197/249    81/83  365/249  563/249]
[  113/83  191/249  119/249    41/83  203/249  359/249    31/83  -97/249 -211/249        0        0        0        0        0        0]
[-211/249, -97/249, 31/83, 359/249, 203/249, 41/83, 119/249, 191/249, 113/83, 563/249, 365/249, 81/83, 197/249, 227/249, 111/83, 515/249, 275/249, 37/83, 23/249, 11/249, 25/83, 215/249, 431/249, 75/83, 95/249, 41/249, 21/83, 161/249, 335/249, 195/83, 413/249, 317/249, 99/83, 353/249, 485/249, 65/83, -19/249, -157/249, -73/83]
23 [-211/249, -97/249, 31/83, -139/249, 203/249, 41/83, 119/249, 191/249, -53/83, 65/249, -133/249, 81/83, 197/249, 227/249, -55/83, 17/249, -223/249, 37/83, 23/249, 11/249, 25/83, 215/249, -67/249, 75/83, 95/249, 41/249, 21/83, 161/249, 335/249, 29/83, -85/249, -181/249, -67/83, -145/249, -13/249, -101/83, -19/249, -157/249, 93/83]
Testing obstruction for
m1: 22, m2: 22,a: 20
[      -1 -163/249   95/249     9/83  131/249  -91/249   -47/83  -19/249  275/249    81/83  383/249  197/249    61/83  341/249  671/249]
[  225/83  851/249  701/249   241/83  917/249 1283/249   441/83 1037/249  923/249   327/83  713/249  617/249   231/83  443/249  365/249]
[  153/83  227/249  167/249    93/83   65/249   23/249    51/83  -43/249  -67/249    27/83  -97/249 -103/249    21/83  -97/249  -85/249]
[   33/83  -43/249  -13/249    63/83   65/249  113/249   111/83  227/249  293/249   177/83  443/249  527/249   261/83  713/249  815/249]
[  363/83 1037/249 1157/249   317/83  917/249 1055/249   289/83  851/249  509/249   113/83  341/249  515/249   121/83  383/249   77/249]
[  -19/83  -19/249  191/249    25/83  131/249 -139/249   -79/83 -163/249      1/3     1/83   95/249 -139/249   -67/83  -91/249  191/249]
[   49/83  275/249   77/249    17/83  197/249  515/249   169/83  671/249  509/249   173/83  701/249 1055/249   361/83 1283/249 1157/249]
[  401/83  923/249  815/249   293/83  617/249  527/249   203/83  365/249  293/249   131/83  167/249  113/249    77/83   23/249  -13/249]
[   41/83  -67/249  -85/249    23/83 -103/249 -103/249    23/83  -85/249  -67/249    41/83  -13/249   23/249    77/83  113/249  167/249]
[  131/83  293/249  365/249   203/83  527/249  617/249   293/83  815/249  923/249   401/83 1157/249 1283/249   361/83 1055/249  701/249]
[  173/83  509/249  671/249   169/83  515/249  197/249    17/83   77/249  275/249    49/83  191/249  -91/249   -67/83 -139/249   95/249]
[    1/83      1/3 -163/249   -79/83 -139/249  131/249    25/83  191/249  -19/249   -19/83   77/249  383/249   121/83  515/249  341/249]
[  113/83  509/249  851/249   289/83 1055/249  917/249   317/83 1157/249 1037/249   363/83  815/249  713/249   261/83  527/249  443/249]
[  177/83  293/249  227/249   111/83  113/249   65/249    63/83  -13/249  -43/249    33/83  -85/249  -97/249    21/83 -103/249  -97/249]
[   27/83  -67/249  -43/249    51/83   23/249   65/249    93/83  167/249  227/249   153/83  365/249  443/249   231/83  617/249  713/249]
[  327/83  923/249 1037/249   441/83 1283/249  917/249   241/83  701/249  851/249   225/83  671/249  341/249    61/83  197/249  383/249]
[   81/83  275/249  -19/249   -47/83  -91/249  131/249     9/83   95/249 -163/249        0        0        0        0        0        0]
[-163/249, 95/249, 9/83, 131/249, -91/249, -47/83, -19/249, 275/249, 81/83, 383/249, 197/249, 61/83, 341/249, 671/249, 225/83, 851/249, 701/249, 241/83, 917/249, 1283/249, 441/83, 1037/249, 923/249, 327/83, 713/249, 617/249, 231/83, 443/249, 365/249, 153/83, 227/249, 167/249, 93/83, 65/249, 23/249, 51/83, -43/249, -67/249, 27/83, -97/249, -103/249, 21/83, -97/249, -85/249, 33/83, -43/249, -13/249, 63/83, 65/249, 113/249, 111/83, 227/249, 293/249, 177/83, 443/249, 527/249, 261/83, 713/249, 815/249, 363/83, 1037/249, 1157/249, 317/83, 917/249, 1055/249, 289/83, 851/249, 509/249, 113/83, 341/249, 515/249, 121/83, 383/249, 77/249, -19/83, -19/249, 191/249, 25/83, 131/249, -139/249, -79/83]
86 [-163/249, 95/249, 9/83, 131/249, -91/249, -47/83, -19/249, -223/249, 81/83, 383/249, 197/249, 61/83, -157/249, 173/249, 59/83, -145/249, 203/249, 75/83, -79/249, -211/249, -57/83, 41/249, -73/249, -5/83, 215/249, 119/249, -101/83, -55/249, -133/249, -13/83, 227/249, 167/249, 93/83, 65/249, 23/249, 51/83, -43/249, -67/249, 27/83, -97/249, -103/249, 21/83, -97/249, -85/249, 33/83, -43/249, -13/249, -103/83, 65/249, 113/249, -55/83, 227/249, 293/249, 11/83, -55/249, 29/249, 95/83, 215/249, -181/249, 31/83, 41/249, 161/249, -15/83, -79/249, 59/249, -43/83, -145/249, 11/249, -53/83, -157/249, 17/249, -45/83, -115/249, 77/249, -19/83, -19/249, 191/249, 25/83, 131/249, -139/249, 87/83]
---------------------------
SUCCESS for name = 13a571
---------------------------
13a574
Correction terms
[      -1 -199/273   23/273   -51/91 -181/273  -61/273  -113/91    11/39   95/273   -95/91   29/273  -55/273     3/91    17/21     5/39]
[   -1/91  107/273 -181/273  -107/91 -313/273 -157/273   -19/13   53/273  107/273   -79/91  113/273     5/21  -127/91   -19/39 -283/273]
[  -95/91 -139/273  155/273    17/91   95/273    41/39    27/91   23/273  113/273     -5/7  191/273  179/273   -11/13   53/273  -61/273]
[   -9/91 -391/273  -61/273   -43/91    -7/39  179/273     3/91    -1/21  113/273   -53/91 -283/273   -37/39   -29/91 -313/273  155/273]
[   75/91 -103/273  263/273    11/13 -199/273     5/21   -23/91  -55/273  107/273   -43/91   -31/39 -157/273    17/91 -139/273 -181/273]
[  -25/91 -367/273     5/39      1/7 -355/273  -55/273   -51/91 -103/273   95/273    -5/13 -157/273  -61/273    61/91   29/273   23/273]
[   55/91     -1/3 -199/273   -53/91 -517/273 -181/273   -81/91 -157/273    11/39   -29/91 -103/273   29/273   -79/91 -355/273   -25/21]
[   -7/13 -367/273  107/273    61/91 -139/273  233/273    69/91   -31/39   53/273   -25/91  -55/273  113/273     -3/7 -199/273   -19/39]
[   27/91 -103/273 -139/273    -9/91 -313/273   95/273     5/13 -283/273   23/273   -23/91    -1/21 -355/273    -1/91    -7/39   53/273]
[  101/91  155/273  155/273   101/91   53/273    -7/39    -1/91 -355/273    -1/21   -23/91   23/273 -283/273     5/13   95/273 -313/273]
[   -9/91 -139/273 -103/273    27/91   -19/39 -199/273     -3/7  113/273  -55/273   -25/91   53/273   -31/39    69/91  233/273 -139/273]
[   61/91  107/273 -367/273    -7/13   -25/21 -355/273   -79/91   29/273 -103/273   -29/91    11/39 -157/273   -81/91 -181/273 -517/273]
[  -53/91 -199/273     -1/3    55/91   23/273   29/273    61/91  -61/273 -157/273    -5/13   95/273 -103/273   -51/91  -55/273 -355/273]
[     1/7     5/39 -367/273   -25/91 -181/273 -139/273    17/91 -157/273   -31/39   -43/91  107/273  -55/273   -23/91     5/21 -199/273]
[   11/13  263/273 -103/273    75/91  155/273 -313/273   -29/91   -37/39 -283/273   -53/91  113/273    -1/21     3/91  179/273    -7/39]
[  -43/91  -61/273 -391/273    -9/91  -61/273   53/273   -11/13  179/273  191/273     -5/7  113/273   23/273    27/91    41/39   95/273]
[   17/91  155/273 -139/273   -95/91 -283/273   -19/39  -127/91     5/21  113/273   -79/91  107/273   53/273   -19/13 -157/273 -313/273]
[ -107/91 -181/273  107/273    -1/91     5/39    17/21     3/91  -55/273   29/273   -95/91   95/273    11/39  -113/91  -61/273 -181/273]
[  -51/91   23/273 -199/273        0        0        0        0        0        0        0        0        0        0        0        0]
Testing obstruction for
m1: 2, m2: 46,a: 0
[      -1  -85/273  -67/273   -73/91    5/273   59/273   -19/91    29/39  293/273    71/91  509/273  635/273   197/91    71/21   155/39]
[  359/91 1445/273 1643/273   557/91 2075/273 2309/273   113/13 2813/273 3083/273   879/91 2567/273   179/21   639/91   269/39 1679/273]
[  435/91 1307/273 1139/273   267/91  839/273   101/39   135/91  479/273  383/273      3/7  227/273  167/273    -3/13   83/273   59/273]
[  -45/91   47/273   59/273   -33/91    17/39  167/273    15/91    23/21  383/273    99/91  587/273   101/39   219/91  983/273 1139/273]
[  375/91 1487/273 1679/273    81/13 2099/273   179/21   795/91 2819/273 3083/273   877/91   365/39 2309/273   631/91 1853/273 1643/273]
[  421/91 1259/273   155/39     19/7  773/273  635/273   109/91  395/273  293/273     1/13  125/273   59/273   -59/91  -37/273  -67/273]
[  -89/91     -1/3  -85/273   -83/91  -37/273    5/273   -41/91  125/273    29/39    37/91  395/273  509/273   151/91  773/273    71/21]
[   43/13 1259/273 1445/273   487/91 1853/273 2075/273   709/91   365/39 2813/273   967/91 2819/273 2567/273     55/7 2099/273   269/39]
[  499/91 1487/273 1307/273   319/91  983/273  839/273    25/13  587/273  479/273    67/91    23/21  227/273    -5/91    17/39   83/273]
[  -41/91   47/273   47/273   -41/91   83/273    17/39    -5/91  227/273    23/21    67/91  479/273  587/273    25/13  839/273  983/273]
[  319/91 1307/273 1487/273   499/91   269/39 2099/273     55/7 2567/273 2819/273   967/91 2813/273   365/39   709/91 2075/273 1853/273]
[  487/91 1445/273 1259/273    43/13    71/21  773/273   151/91  509/273  395/273    37/91    29/39  125/273   -41/91    5/273  -37/273]
[  -83/91  -85/273     -1/3   -89/91  -67/273  -37/273   -59/91   59/273  125/273     1/13  293/273  395/273   109/91  635/273  773/273]
[    19/7   155/39 1259/273   421/91 1643/273 1853/273   631/91 2309/273   365/39   877/91 3083/273 2819/273   795/91   179/21 2099/273]
[   81/13 1679/273 1487/273   375/91 1139/273  983/273   219/91   101/39  587/273    99/91  383/273    23/21    15/91  167/273    17/39]
[  -33/91   59/273   47/273   -45/91   59/273   83/273    -3/13  167/273  227/273      3/7  383/273  479/273   135/91   101/39  839/273]
[  267/91 1139/273 1307/273   435/91 1679/273   269/39   639/91   179/21 2567/273   879/91 3083/273 2813/273   113/13 2309/273 2075/273]
[  557/91 1643/273 1445/273   359/91   155/39    71/21   197/91  635/273  509/273    71/91  293/273    29/39   -19/91   59/273    5/273]
[  -73/91  -67/273  -85/273        0        0        0        0        0        0        0        0        0        0        0        0]
Testing obstruction for
m1: 4, m2: 20,a: 0
[      -1 -181/273   95/273     3/91  107/273  389/273   103/91    59/39  701/273   391/91 1283/273 1031/273   321/91    41/21    41/39]
[   75/91  347/273  107/273    17/91  179/273  -55/273    -5/13   29/273  347/273   101/91  443/273    59/21   243/91   125/39 1205/273]
[  391/91  779/273  569/273   181/91  155/273    -7/39   -23/91   95/273 -103/273     -3/7   53/273 -139/273    -7/13   29/273  389/273]
[  129/91  569/273  935/273   313/91   161/39  953/273   321/91    47/21  443/273   153/91  113/273    -7/39    -9/91  179/273   23/273]
[   17/91  263/273  113/273     7/13  365/273    59/21   269/91 1031/273 1439/273   313/91    89/39  491/273   181/91  233/273  107/273]
[   55/91 -139/273   -37/39     -5/7   53/273  -61/273     3/91  263/273  155/273    11/13  491/273  935/273   339/91 1283/273 1187/273]
[  243/91      5/3  365/273   153/91  191/273  107/273    69/91  -55/273   -19/39    -9/91  263/273  191/273   101/91  599/273    41/21]
[   31/13  953/273 1439/273   339/91  779/273  725/273   103/91    11/39   29/273    55/91  -61/273 -103/273      1/7 -181/273   -31/39]
[  -23/91  263/273  233/273   129/91  725/273  701/273    41/13 1205/273 1187/273   269/91    47/21  599/273    75/91     5/39   29/273]
[   69/91   23/273   23/273    69/91   29/273     5/39    75/91  599/273    47/21   269/91 1187/273 1205/273    41/13  701/273  725/273]
[  129/91  233/273  263/273   -23/91   -31/39 -181/273      1/7 -103/273  -61/273    55/91   29/273    11/39   103/91  725/273  779/273]
[  339/91 1439/273  953/273    31/13    41/21  599/273   101/91  191/273  263/273    -9/91   -19/39  -55/273    69/91  107/273  191/273]
[  153/91  365/273      5/3   243/91 1187/273 1283/273   339/91  935/273  491/273    11/13  155/273  263/273     3/91  -61/273   53/273]
[    -5/7   -37/39 -139/273    55/91  107/273  233/273   181/91  491/273    89/39   313/91 1439/273 1031/273   269/91    59/21  365/273]
[    7/13  113/273  263/273    17/91   23/273  179/273    -9/91    -7/39  113/273   153/91  443/273    47/21   321/91  953/273   161/39]
[  313/91  935/273  569/273   129/91  389/273   29/273    -7/13 -139/273   53/273     -3/7 -103/273   95/273   -23/91    -7/39  155/273]
[  181/91  569/273  779/273   391/91 1205/273   125/39   243/91    59/21  443/273   101/91  347/273   29/273    -5/13  -55/273  179/273]
[   17/91  107/273  347/273    75/91    41/39    41/21   321/91 1031/273 1283/273   391/91  701/273    59/39   103/91  389/273  107/273]
[    3/91   95/273 -181/273        0        0        0        0        0        0        0        0        0        0        0        0]
[-181/273, 95/273, 3/91, 107/273, 389/273, 103/91, 59/39, 701/273, 391/91, 1283/273, 1031/273, 321/91, 41/21, 41/39, 75/91, 347/273, 107/273, 17/91, 179/273, -55/273, -5/13, 29/273, 347/273, 101/91, 443/273, 59/21, 243/91, 125/39, 1205/273, 391/91, 779/273, 569/273, 181/91, 155/273, -7/39, -23/91, 95/273, -103/273, -3/7, 53/273, -139/273, -7/13, 29/273, 389/273, 129/91, 569/273, 935/273, 313/91, 161/39, 953/273, 321/91, 47/21, 443/273, 153/91, 113/273, -7/39, -9/91, 179/273, 23/273, 17/91, 263/273, 113/273, 7/13, 365/273, 59/21, 269/91, 1031/273, 1439/273, 313/91, 89/39, 491/273, 181/91, 233/273, 107/273, 55/91, -139/273, -37/39]
4 [-181/273, 95/273, 3/91, 107/273, -157/273, -79/91, -19/39, 155/273, 27/91, 191/273, -61/273, -43/91, -1/21, -37/39, 75/91, -199/273, 107/273, 17/91, -367/273, -55/273, -5/13, 29/273, -199/273, -81/91, -103/273, -25/21, 61/91, -31/39, 113/273, 27/91, -313/273, 23/273, -1/91, 155/273, -7/39, -23/91, 95/273, -103/273, -3/7, 53/273, -139/273, -7/13, 29/273, -157/273, -53/91, 23/273, -157/273, -51/91, 5/39, -139/273, -43/91, 5/21, -103/273, -29/91, 113/273, -7/39, -9/91, 179/273, 23/273, 17/91, -283/273, 113/273, -19/13, -181/273, 17/21, -95/91, -61/273, -199/273, -51/91, 11/39, -55/273, -1/91, -313/273, 107/273, -127/91, -139/273, 41/39]
Unobstructed
17
---------------------------
---------------------------
13a576
Correction terms
[      -1 -115/237  251/237   -29/79 -181/237  -31/237   -37/79   53/237  -13/237    55/79  113/237 -169/237    89/79   -1/237  -25/237]
[   65/79  185/237  -55/237   -17/79  197/237  215/237     1/79   35/237 -163/237   -39/79  173/237  233/237    21/79 -337/237  -19/237]
[   23/79  -73/237   29/237   -33/79   17/237  -97/237    11/79  -67/237   77/237    -3/79  149/237   77/237   -75/79  191/237  377/237]
[  -47/79   59/237   29/237    81/79  227/237  -19/237    -7/79 -253/237  233/237     5/79   41/237 -163/237   -41/79  161/237 -259/237]
[   13/79  107/237  -55/237     9/79 -121/237  -25/237   -53/79  -49/237  305/237   -15/79 -151/237  -13/237   123/79   47/237  -31/237]
[   45/79   71/237  251/237    67/79     -1/3 -115/237    31/79   71/237 -181/237   -63/79   47/237   53/237   -57/79 -151/237  113/237]
[   49/79  -49/237   -1/237   -61/79 -121/237  185/237    87/79  107/237 -277/237    19/79  161/237   35/237    51/79   41/237  173/237]
[   25/79  221/237  137/237   -59/79  227/237  -73/237   -43/79   59/237   17/237    73/79 -283/237  -67/237   -27/79  149/237  149/237]
[  -27/79  -67/237 -283/237    73/79   17/237   59/237   -43/79  -73/237  227/237   -59/79  137/237  221/237    25/79  173/237   41/237]
[   51/79   35/237  161/237    19/79 -277/237  107/237    87/79  185/237 -121/237   -61/79   -1/237  -49/237    49/79  113/237 -151/237]
[  -57/79   53/237   47/237   -63/79 -181/237   71/237    31/79 -115/237     -1/3    67/79  251/237   71/237    45/79  -31/237   47/237]
[  123/79  -13/237 -151/237   -15/79  305/237  -49/237   -53/79  -25/237 -121/237     9/79  -55/237  107/237    13/79 -259/237  161/237]
[  -41/79 -163/237   41/237     5/79  233/237 -253/237    -7/79  -19/237  227/237    81/79   29/237   59/237   -47/79  377/237  191/237]
[  -75/79   77/237  149/237    -3/79   77/237  -67/237    11/79  -97/237   17/237   -33/79   29/237  -73/237    23/79  -19/237 -337/237]
[   21/79  233/237  173/237   -39/79 -163/237   35/237     1/79  215/237  197/237   -17/79  -55/237  185/237    65/79  -25/237   -1/237]
[   89/79 -169/237  113/237    55/79  -13/237   53/237   -37/79  -31/237 -181/237   -29/79  251/237 -115/237        0        0        0]
Testing obstruction for
m1: 2, m2: 40,a: 0
[      -1  -73/237  -55/237   -61/79   17/237   71/237    -7/79  215/237  305/237    83/79  521/237  647/237   209/79  935/237 1097/237]
[  371/79 1457/237 1655/237   569/79 2087/237 2321/237   645/79 1877/237 1673/237   441/79 1301/237 1133/237   273/79  833/237  701/237]
[  141/79  473/237  377/237    45/79  221/237  161/237   -15/79   77/237   53/237   -39/79   41/237   53/237   -27/79  113/237  161/237]
[   21/79  293/237  377/237   105/79  581/237  701/237   225/79  977/237 1133/237   381/79 1481/237 1673/237   573/79 2093/237 2321/237]
[  643/79 1865/237 1655/237   433/79 1271/237 1097/237   259/79  785/237  647/237   121/79  407/237  305/237    19/79  137/237   71/237]
[  -47/79  -25/237  -55/237   -77/79     -1/3  -73/237   -71/79  -25/237   17/237   -29/79  137/237  215/237    49/79  407/237  521/237]
[  163/79  785/237  935/237   313/79 1271/237 1457/237   499/79 1865/237 2087/237   721/79 2093/237 1877/237   505/79 1481/237 1301/237]
[  325/79  977/237  833/237   181/79  581/237  473/237    73/79  293/237  221/237     1/79  113/237   77/237   -35/79   41/237   41/237]
[  -35/79   77/237  113/237     1/79  221/237  293/237    73/79  473/237  581/237   181/79  833/237  977/237   325/79 1301/237 1481/237]
[  505/79 1877/237 2093/237   721/79 2087/237 1865/237   499/79 1457/237 1271/237   313/79  935/237  785/237   163/79  521/237  407/237]
[   49/79  215/237  137/237   -29/79   17/237  -25/237   -71/79  -73/237     -1/3   -77/79  -55/237  -25/237   -47/79   71/237  137/237]
[   19/79  305/237  407/237   121/79  647/237  785/237   259/79 1097/237 1271/237   433/79 1655/237 1865/237   643/79 2321/237 2093/237]
[  573/79 1673/237 1481/237   381/79 1133/237  977/237   225/79  701/237  581/237   105/79  377/237  293/237    21/79  161/237  113/237]
[  -27/79   53/237   41/237   -39/79   53/237   77/237   -15/79  161/237  221/237    45/79  377/237  473/237   141/79  701/237  833/237]
[  273/79 1133/237 1301/237   441/79 1673/237 1877/237   645/79 2321/237 2087/237   569/79 1655/237 1457/237   371/79 1097/237  935/237]
[  209/79  647/237  521/237    83/79  305/237  215/237    -7/79   71/237   17/237   -61/79  -55/237  -73/237        0        0        0]
[-73/237, -55/237, -61/79, 17/237, 71/237, -7/79, 215/237, 305/237, 83/79, 521/237, 647/237, 209/79, 935/237, 1097/237, 371/79, 1457/237, 1655/237, 569/79, 2087/237, 2321/237, 645/79, 1877/237, 1673/237, 441/79, 1301/237, 1133/237, 273/79, 833/237, 701/237, 141/79, 473/237, 377/237, 45/79, 221/237, 161/237, -15/79, 77/237, 53/237, -39/79, 41/237, 53/237, -27/79, 113/237, 161/237, 21/79, 293/237, 377/237, 105/79, 581/237, 701/237, 225/79, 977/237, 1133/237, 381/79, 1481/237, 1673/237, 573/79, 2093/237, 2321/237, 643/79, 1865/237, 1655/237, 433/79, 1271/237, 1097/237, 259/79, 785/237, 647/237, 121/79, 407/237, 305/237, 19/79, 137/237, 71/237, -47/79, -25/237, -55/237, -77/79]
31 [-73/237, -55/237, -61/79, 17/237, 71/237, -7/79, 215/237, -169/237, -75/79, 47/237, 173/237, 51/79, -13/237, 149/237, 55/79, 35/237, 233/237, -63/79, -283/237, -49/237, 13/79, -19/237, 251/237, -33/79, -121/237, 185/237, -43/79, -115/237, 227/237, -17/79, -1/237, 377/237, 45/79, 221/237, 161/237, -15/79, 77/237, 53/237, -39/79, 41/237, 53/237, -27/79, 113/237, 161/237, 21/79, -181/237, -97/237, -53/79, 107/237, 227/237, 67/79, 29/237, 185/237, 65/79, 59/237, 251/237, -59/79, -277/237, -49/237, 11/79, -31/237, 233/237, -41/79, -151/237, 149/237, -57/79, -163/237, 173/237, -37/79, -67/237, 305/237, 19/79, 137/237, 71/237, -47/79, -25/237, -55/237, 81/79]
[-73/237, -55/237, -61/79, 17/237, 71/237, -7/79, 215/237, 305/237, 83/79, 521/237, 647/237, 209/79, 935/237, 1097/237, 371/79, 1457/237, 1655/237, 569/79, 2087/237, 2321/237, 645/79, 1877/237, 1673/237, 441/79, 1301/237, 1133/237, 273/79, 833/237, 701/237, 141/79, 473/237, 377/237, 45/79, 221/237, 161/237, -15/79, 77/237, 53/237, -39/79, 41/237, 53/237, -27/79, 113/237, 161/237, 21/79, 293/237, 377/237, 105/79, 581/237, 701/237, 225/79, 977/237, 1133/237, 381/79, 1481/237, 1673/237, 573/79, 2093/237, 2321/237, 643/79, 1865/237, 1655/237, 433/79, 1271/237, 1097/237, 259/79, 785/237, 647/237, 121/79, 407/237, 305/237, 19/79, 137/237, 71/237, -47/79, -25/237, -55/237, -77/79]
110 [-73/237, -55/237, -61/79, 17/237, 71/237, -7/79, -259/237, 305/237, -75/79, 47/237, 173/237, 51/79, -13/237, 149/237, 55/79, 35/237, 233/237, -63/79, 191/237, -49/237, 13/79, -19/237, 251/237, -33/79, -121/237, 185/237, -43/79, -115/237, 227/237, -17/79, -1/237, -97/237, 45/79, -253/237, 161/237, -15/79, 77/237, 53/237, -39/79, 41/237, 53/237, -27/79, 113/237, 161/237, 21/79, -181/237, 377/237, -53/79, 107/237, 227/237, 67/79, 29/237, 185/237, 65/79, 59/237, 251/237, -59/79, 197/237, -49/237, 11/79, -31/237, 233/237, -41/79, -151/237, 149/237, -57/79, -163/237, 173/237, -37/79, -67/237, -169/237, 19/79, -337/237, 71/237, -47/79, -25/237, -55/237, 81/79]
Testing obstruction for
m1: 6, m2: 12,a: 2
[      -1 -215/237 -149/237   -13/79  115/237  313/237   185/79  367/237  223/237    41/79   67/237   55/237    29/79  163/237  283/237]
[  149/79  655/237  433/237    85/79  121/237   31/237    -5/79  -17/237   25/237    37/79  241/237  415/237   211/79  421/237  253/237]
[   43/79   49/237   13/237     7/79   73/237  169/237   103/79  493/237  721/237   173/79  361/237  247/237    59/79  151/237  169/237]
[   77/79  337/237  487/237   227/79  445/237  253/237    35/79    1/237  -59/237   -25/79  -47/237   25/237    47/79  301/237  505/237]
[   93/79   97/237  -41/237   -45/79 -185/237 -191/237   -51/79  -71/237   55/237    75/79  439/237  697/237   175/79  397/237  313/237]
[   91/79  277/237  325/237   139/79      7/3  733/237   161/79  277/237  115/237    -1/79  -77/237 -107/237   -31/79  -35/237   67/237]
[   71/79  403/237  637/237   147/79  289/237  181/237    39/79   97/237  121/237    63/79  301/237  457/237   219/79  427/237  241/237]
[   33/79    1/237  -53/237   -21/79  -29/237   49/237    57/79  337/237  547/237   109/79  151/237   19/237   -23/79 -113/237 -113/237]
[  -23/79   19/237  151/237   109/79  547/237  337/237    57/79   49/237  -29/237   -21/79  -53/237    1/237    33/79  241/237  427/237]
[  219/79  457/237  301/237    63/79  121/237   97/237    39/79  181/237  289/237   147/79  637/237  403/237    71/79   67/237  -35/237]
[  -31/79 -107/237  -77/237    -1/79  115/237  277/237   161/79  733/237      7/3   139/79  325/237  277/237    91/79  313/237  397/237]
[  175/79  697/237  439/237    75/79   55/237  -71/237   -51/79 -191/237 -185/237   -45/79  -41/237   97/237    93/79  505/237  301/237]
[   47/79   25/237  -47/237   -25/79  -59/237    1/237    35/79  253/237  445/237   227/79  487/237  337/237    77/79  169/237  151/237]
[   59/79  247/237  361/237   173/79  721/237  493/237   103/79  169/237   73/237     7/79   13/237   49/237    43/79  253/237  421/237]
[  211/79  415/237  241/237    37/79   25/237  -17/237    -5/79   31/237  121/237    85/79  433/237  655/237   149/79  283/237  163/237]
[   29/79   55/237   67/237    41/79  223/237  367/237   185/79  313/237  115/237   -13/79 -149/237 -215/237        0        0        0]
Testing obstruction for
m1: 4, m2: 20,a: 3
[      -1 -223/237 -181/237   -37/79  -13/237  113/237    89/79  449/237  659/237   299/79  689/237  509/237   119/79  233/237  137/237]
[   23/79   29/237   17/237    11/79   77/237  149/237    83/79  377/237  533/237   239/79  929/237  695/237   163/79  311/237  161/237]
[   13/79  -55/237 -121/237   -53/79 -169/237 -151/237   -35/79  -31/237   71/237    67/79  359/237  545/237   253/79 1001/237  797/237]
[  207/79  473/237  353/237    87/79  197/237  161/237    51/79  173/237  221/237    99/79  401/237  533/237   231/79  881/237 1097/237]
[  289/79  665/237  491/237   115/79  227/237  137/237    25/79   41/237   35/237    19/79  107/237  185/237    97/79  425/237  587/237]
[  259/79  995/237  767/237   189/79      5/3  251/237    45/79   47/237  -13/237   -15/79  -49/237  -25/237     9/79  107/237  215/237]
[  117/79  515/237  707/237   309/79  701/237  503/237   111/79  191/237   77/237    -3/79  -67/237  -97/237   -33/79  -73/237  -19/237]
[   21/79  173/237  311/237   159/79  671/237  893/237   223/79  473/237  305/237    55/79   53/237  -31/237   -29/79 -115/237 -115/237]
[  -29/79  -31/237   53/237    55/79  305/237  473/237   223/79  893/237  671/237   159/79  311/237  173/237    21/79  -19/237  -73/237]
[  -33/79  -97/237  -67/237    -3/79   77/237  191/237   111/79  503/237  701/237   309/79  707/237  515/237   117/79  215/237  107/237]
[    9/79  -25/237  -49/237   -15/79  -13/237   47/237    45/79  251/237      5/3   189/79  767/237  995/237   259/79  587/237  425/237]
[   97/79  185/237  107/237    19/79   35/237   41/237    25/79  137/237  227/237   115/79  491/237  665/237   289/79 1097/237  881/237]
[  231/79  533/237  401/237    99/79  221/237  173/237    51/79  161/237  197/237    87/79  353/237  473/237   207/79  797/237 1001/237]
[  253/79  545/237  359/237    67/79   71/237  -31/237   -35/79 -151/237 -169/237   -53/79 -121/237  -55/237    13/79  161/237  311/237]
[  163/79  695/237  929/237   239/79  533/237  377/237    83/79  149/237   77/237    11/79   17/237   29/237    23/79  137/237  233/237]
[  119/79  509/237  689/237   299/79  659/237  449/237    89/79  113/237  -13/237   -37/79 -181/237 -223/237        0        0        0]
Testing obstruction for
m1: 60, m2: 60,a: 59
[      -1 -233/237 -221/237   -67/79 -173/237 -137/237   -31/79  -41/237   19/237    29/79  163/237  247/237   113/79  439/237  547/237]
[  221/79  787/237  919/237   353/79 1207/237 1363/237   509/79 1699/237 1879/237   689/79 2263/237 2467/237   893/79 2899/237 3127/237]
[ 1121/79 3133/237 2911/237   899/79 2491/237 2293/237   701/79 1921/237 1747/237   527/79 1423/237 1273/237   377/79  997/237  871/237]
[  251/79  643/237  541/237   149/79  361/237  283/237    71/79  151/237   97/237    17/79   13/237  -17/237   -13/79  -53/237  -59/237]
[  -19/79  -47/237  -29/237    -1/79   31/237   73/237    41/79  181/237  247/237   107/79  403/237  493/237   197/79  697/237  811/237]
[  311/79 1063/237 1201/237   449/79     19/3 1663/237   611/79 2011/237 2197/237   797/79 2593/237 2803/237  1007/79 3247/237 3481/237]
[ 1083/79 3025/237 2809/237   867/79 2401/237 2209/237   675/79 1849/237 1681/237   507/79 1369/237 1225/237   363/79  961/237  841/237]
[  243/79  625/237  529/237   147/79  361/237  289/237    75/79  169/237  121/237    27/79   49/237   25/237     3/79    1/237    1/237]
[    3/79   25/237   49/237    27/79  121/237  169/237    75/79  289/237  361/237   147/79  529/237  625/237   243/79  841/237  961/237]
[  363/79 1225/237 1369/237   507/79 1681/237 1849/237   675/79 2209/237 2401/237   867/79 2809/237 3025/237  1083/79 3481/237 3247/237]
[ 1007/79 2803/237 2593/237   797/79 2197/237 2011/237   611/79 1663/237     19/3   449/79 1201/237 1063/237   311/79  811/237  697/237]
[  197/79  493/237  403/237   107/79  247/237  181/237    41/79   73/237   31/237    -1/79  -29/237  -47/237   -19/79  -59/237  -53/237]
[  -13/79  -17/237   13/237    17/79   97/237  151/237    71/79  283/237  361/237   149/79  541/237  643/237   251/79  871/237  997/237]
[  377/79 1273/237 1423/237   527/79 1747/237 1921/237   701/79 2293/237 2491/237   899/79 2911/237 3133/237  1121/79 3127/237 2899/237]
[  893/79 2467/237 2263/237   689/79 1879/237 1699/237   509/79 1363/237 1207/237   353/79  919/237  787/237   221/79  547/237  439/237]
[  113/79  247/237  163/237    29/79   19/237  -41/237   -31/79 -137/237 -173/237   -67/79 -221/237 -233/237        0        0        0]
---------------------------
SUCCESS for name = 13a576
---------------------------
13a578
Correction terms
[      -1  -35/157   17/157   -1/157  225/157   67/157  153/157  169/157  115/157   -9/157  111/157 -153/157 -173/157   51/157 -109/157]
[ -25/157  -11/157  -67/157  121/157  -75/157  -27/157  -49/157 -141/157   11/157   93/157  105/157   47/157  233/157   35/157   81/157]
[  57/157  -37/157  113/157 -121/157 -111/157  143/157   13/157  127/157  171/157  145/157   49/157  197/157  -39/157  -31/157  -93/157]
[-225/157 -113/157  -71/157  -99/157  117/157  -51/157   25/157   31/157  -33/157  147/157  -57/157  -17/157  -47/157  167/157   -3/157]
[  71/157   75/157    9/157  187/157  -19/157   19/157  -13/157 -115/157   27/157   99/157  101/157   33/157  209/157    1/157   37/157]
[   3/157 -101/157   39/157 -205/157 -205/157   39/157 -101/157    3/157   37/157    1/157  209/157   33/157  101/157   99/157   27/157]
[-115/157  -13/157   19/157  -19/157  187/157    9/157   75/157   71/157   -3/157  167/157  -47/157  -17/157  -57/157  147/157  -33/157]
[  31/157   25/157  -51/157  117/157  -99/157  -71/157 -113/157 -225/157  -93/157  -31/157  -39/157  197/157   49/157  145/157  171/157]
[ 127/157   13/157  143/157 -111/157 -121/157  113/157  -37/157   57/157   81/157   35/157  233/157   47/157  105/157   93/157   11/157]
[-141/157  -49/157  -27/157  -75/157  121/157  -67/157  -11/157  -25/157 -109/157   51/157 -173/157 -153/157  111/157   -9/157  115/157]
[ 169/157  153/157   67/157  225/157   -1/157   17/157  -35/157        0        0        0        0        0        0        0        0]
Testing obstruction for
m1: 4, m2: 12,a: 1
[      -1 -143/157 -101/157  -31/157   67/157  193/157  347/157  215/157  111/157   35/157  -13/157  -33/157  -25/157   11/157   75/157]
[ 167/157  287/157  435/157  297/157  187/157  105/157   51/157   25/157   27/157   57/157  115/157  201/157  315/157  457/157  313/157]
[ 197/157  109/157   49/157   17/157   13/157   37/157   89/157  169/157  277/157  413/157  263/157  141/157   47/157  -19/157  -57/157]
[ -67/157  -49/157   -3/157   71/157  173/157  303/157  461/157  333/157  233/157  161/157  117/157  101/157  113/157  153/157  221/157]
[ 317/157  441/157  279/157  145/157   39/157  -39/157  -89/157 -111/157 -105/157  -71/157   -9/157   81/157  199/157  345/157  205/157]
[  93/157    9/157  -47/157  -75/157  -75/157  -47/157    9/157   93/157  205/157  345/157  199/157   81/157   -9/157  -71/157 -105/157]
[-111/157  -89/157  -39/157   39/157  145/157  279/157  441/157  317/157  221/157  153/157  113/157  101/157  117/157  161/157  233/157]
[ 333/157  461/157  303/157  173/157   71/157   -3/157  -49/157  -67/157  -57/157  -19/157   47/157  141/157  263/157  413/157  277/157]
[ 169/157   89/157   37/157   13/157   17/157   49/157  109/157  197/157  313/157  457/157  315/157  201/157  115/157   57/157   27/157]
[  25/157   51/157  105/157  187/157  297/157  435/157  287/157  167/157   75/157   11/157  -25/157  -33/157  -13/157   35/157  111/157]
[ 215/157  347/157  193/157   67/157  -31/157 -101/157 -143/157        0        0        0        0        0        0        0        0]
Testing obstruction for
m1: 40, m2: 40,a: 39
[      -1 -153/157 -141/157 -121/157  -93/157  -57/157  -13/157   39/157   99/157  167/157  243/157  327/157  419/157  519/157  627/157]
[ 743/157  867/157  999/157 1139/157 1287/157 1443/157 1293/157 1151/157 1017/157  891/157  773/157  663/157  561/157  467/157  381/157]
[ 303/157  233/157  171/157  117/157   71/157   33/157    3/157  -19/157  -33/157  -39/157  -37/157  -27/157   -9/157   17/157   51/157]
[  93/157  143/157  201/157  267/157  341/157  423/157  513/157  611/157  717/157  831/157  953/157 1083/157 1221/157 1367/157 1521/157]
[1369/157 1225/157 1089/157  961/157  841/157  729/157  625/157  529/157  441/157  361/157  289/157  225/157  169/157  121/157   81/157]
[  49/157   25/157    9/157    1/157    1/157    9/157   25/157   49/157   81/157  121/157  169/157  225/157  289/157  361/157  441/157]
[ 529/157  625/157  729/157  841/157  961/157 1089/157 1225/157 1369/157 1521/157 1367/157 1221/157 1083/157  953/157  831/157  717/157]
[ 611/157  513/157  423/157  341/157  267/157  201/157  143/157   93/157   51/157   17/157   -9/157  -27/157  -37/157  -39/157  -33/157]
[ -19/157    3/157   33/157   71/157  117/157  171/157  233/157  303/157  381/157  467/157  561/157  663/157  773/157  891/157 1017/157]
[1151/157 1293/157 1443/157 1287/157 1139/157  999/157  867/157  743/157  627/157  519/157  419/157  327/157  243/157  167/157   99/157]
[  39/157  -13/157  -57/157  -93/157 -121/157 -141/157 -153/157        0        0        0        0        0        0        0        0]
Unobstructed
11
---------------------------
---------------------------
13a584
Correction terms
[      -1  263/353   -7/353  249/353 -381/353  221/353  -63/353  179/353  241/353  123/353 -175/353   53/353  101/353  -31/353 -343/353]
[-129/353  -95/353 -241/353  139/353 -367/353  359/353  199/353 -141/353   45/353   51/353 -123/353  229/353 -305/353  393/353 -501/353]
[ 543/353   -5/353  -27/353 -229/353   95/353  239/353  203/353  -13/353  297/353 -279/353  377/353  147/353 -263/353 -147/353 -211/353]
[ 251/353 -173/353  -71/353 -149/353  299/353 -139/353  -51/353 -143/353  291/353 -161/353  -87/353 -193/353  227/353 -239/353  527/353]
[-299/353  107/353 -373/353  379/353  245/353  -69/353  143/353  175/353   27/353  405/353 -103/353  -85/353 -247/353  117/353  301/353]
[-401/353  129/353 -227/353  -57/353  -67/353 -257/353   79/353  235/353  211/353    7/353 -377/353  471/353 -273/353  215/353 -183/353]
[ -55/353 -107/353  367/353  -45/353   69/353    3/353  463/353   37/353  137/353   57/353 -203/353   63/353  149/353   55/353 -219/353]
[  33/353  105/353   -3/353 -291/353  -53/353    5/353 -117/353  287/353 -195/353 -151/353  419/353  103/353  313/353 -363/353  193/353]
[-137/353   59/353   75/353  -89/353  273/353  455/353 -249/353  279/353  -79/353   89/353   77/353 -115/353  219/353 -333/353  347/353]
[ 141/353 -245/353 -105/353 -145/353  341/353  -59/353   67/353   13/353 -221/353   71/353  183/353  115/353 -133/353  145/353  243/353]
[ 161/353 -101/353  163/353  247/353  151/353 -125/353  125/353  195/353   85/353 -205/353   31/353   87/353  -37/353  365/353 -119/353]
[ -77/353 -215/353  173/353  381/353 -297/353  257/353  -75/353  119/353  133/353  -33/353  327/353 -199/353 -199/353  327/353  -33/353]
[ 133/353  119/353  -75/353  257/353 -297/353  381/353  173/353 -215/353  -77/353 -119/353  365/353  -37/353   87/353   31/353 -205/353]
[  85/353  195/353  125/353 -125/353  151/353  247/353  163/353 -101/353  161/353  243/353  145/353 -133/353  115/353  183/353   71/353]
[-221/353   13/353   67/353  -59/353  341/353 -145/353 -105/353 -245/353  141/353  347/353 -333/353  219/353 -115/353   77/353   89/353]
[ -79/353  279/353 -249/353  455/353  273/353  -89/353   75/353   59/353 -137/353  193/353 -363/353  313/353  103/353  419/353 -151/353]
[-195/353  287/353 -117/353    5/353  -53/353 -291/353   -3/353  105/353   33/353 -219/353   55/353  149/353   63/353 -203/353   57/353]
[ 137/353   37/353  463/353    3/353   69/353  -45/353  367/353 -107/353  -55/353 -183/353  215/353 -273/353  471/353 -377/353    7/353]
[ 211/353  235/353   79/353 -257/353  -67/353  -57/353 -227/353  129/353 -401/353  301/353  117/353 -247/353  -85/353 -103/353  405/353]
[  27/353  175/353  143/353  -69/353  245/353  379/353 -373/353  107/353 -299/353  527/353 -239/353  227/353 -193/353  -87/353 -161/353]
[ 291/353 -143/353  -51/353 -139/353  299/353 -149/353  -71/353 -173/353  251/353 -211/353 -147/353 -263/353  147/353  377/353 -279/353]
[ 297/353  -13/353  203/353  239/353   95/353 -229/353  -27/353   -5/353  543/353 -501/353  393/353 -305/353  229/353 -123/353   51/353]
[  45/353 -141/353  199/353  359/353 -367/353  139/353 -241/353  -95/353 -129/353 -343/353  -31/353  101/353   53/353 -175/353  123/353]
[ 241/353  179/353  -63/353  221/353 -381/353  249/353   -7/353  263/353        0        0        0        0        0        0        0]
Testing obstruction for
m1: 2, m2: 60,a: 1
[      -1 -347/353 -329/353 -299/353 -257/353 -203/353 -137/353  -59/353   31/353  133/353  247/353  373/353  511/353  661/353  823/353]
[ 997/353 1183/353 1381/353 1591/353 1813/353 2047/353 2293/353 2551/353 2821/353 3103/353 3397/353 3703/353 4021/353 4351/353 4693/353]
[5047/353 4707/353 4379/353 4063/353 3759/353 3467/353 3187/353 2919/353 2663/353 2419/353 2187/353 1967/353 1759/353 1563/353 1379/353]
[1207/353 1047/353  899/353  763/353  639/353  527/353  427/353  339/353  263/353  199/353  147/353  107/353   79/353   63/353   59/353]
[  67/353   87/353  119/353  163/353  219/353  287/353  367/353  459/353  563/353  679/353  807/353  947/353 1099/353 1263/353 1439/353]
[1627/353 1827/353 2039/353 2263/353 2499/353 2747/353 3007/353 3279/353 3563/353 3859/353 4167/353 4487/353 4819/353 5163/353 4813/353]
[4475/353 4149/353 3835/353 3533/353 3243/353 2965/353 2699/353 2445/353 2203/353 1973/353 1755/353 1549/353 1355/353 1173/353 1003/353]
[ 845/353  699/353  565/353  443/353  333/353  235/353  149/353   75/353   13/353  -37/353  -75/353 -101/353 -115/353 -117/353 -107/353]
[ -85/353  -51/353   -5/353   53/353  123/353  205/353  299/353  405/353  523/353  653/353  795/353  949/353 1115/353 1293/353 1483/353]
[1685/353 1899/353 2125/353 2363/353 2613/353 2875/353 3149/353 3435/353 3733/353 4043/353 4365/353 4699/353 5045/353 4697/353 4361/353]
[4037/353 3725/353 3425/353 3137/353 2861/353 2597/353 2345/353 2105/353 1877/353 1661/353 1457/353 1265/353 1085/353  917/353  761/353]
[ 617/353  485/353  365/353  257/353  161/353   77/353    5/353  -55/353 -103/353 -139/353 -163/353 -175/353 -175/353 -163/353 -139/353]
[-103/353  -55/353    5/353   77/353  161/353  257/353  365/353  485/353  617/353  761/353  917/353 1085/353 1265/353 1457/353 1661/353]
[1877/353 2105/353 2345/353 2597/353 2861/353 3137/353 3425/353 3725/353 4037/353 4361/353 4697/353 5045/353 4699/353 4365/353 4043/353]
[3733/353 3435/353 3149/353 2875/353 2613/353 2363/353 2125/353 1899/353 1685/353 1483/353 1293/353 1115/353  949/353  795/353  653/353]
[ 523/353  405/353  299/353  205/353  123/353   53/353   -5/353  -51/353  -85/353 -107/353 -117/353 -115/353 -101/353  -75/353  -37/353]
[  13/353   75/353  149/353  235/353  333/353  443/353  565/353  699/353  845/353 1003/353 1173/353 1355/353 1549/353 1755/353 1973/353]
[2203/353 2445/353 2699/353 2965/353 3243/353 3533/353 3835/353 4149/353 4475/353 4813/353 5163/353 4819/353 4487/353 4167/353 3859/353]
[3563/353 3279/353 3007/353 2747/353 2499/353 2263/353 2039/353 1827/353 1627/353 1439/353 1263/353 1099/353  947/353  807/353  679/353]
[ 563/353  459/353  367/353  287/353  219/353  163/353  119/353   87/353   67/353   59/353   63/353   79/353  107/353  147/353  199/353]
[ 263/353  339/353  427/353  527/353  639/353  763/353  899/353 1047/353 1207/353 1379/353 1563/353 1759/353 1967/353 2187/353 2419/353]
[2663/353 2919/353 3187/353 3467/353 3759/353 4063/353 4379/353 4707/353 5047/353 4693/353 4351/353 4021/353 3703/353 3397/353 3103/353]
[2821/353 2551/353 2293/353 2047/353 1813/353 1591/353 1381/353 1183/353  997/353  823/353  661/353  511/353  373/353  247/353  133/353]
[  31/353  -59/353 -137/353 -203/353 -257/353 -299/353 -329/353 -347/353        0        0        0        0        0        0        0]
Testing obstruction for
m1: 4, m2: 26,a: 1
[      -1 -339/353 -297/353 -227/353 -129/353   -3/353  151/353  333/353  543/353  781/353 1047/353 1341/353 1663/353 2013/353 1685/353]
[1385/353 1113/353  869/353  653/353  465/353  305/353  173/353   69/353   -7/353  -55/353  -75/353  -67/353  -31/353   33/353  125/353]
[ 245/353  393/353  569/353  773/353 1005/353 1265/353 1553/353 1869/353 2213/353 1879/353 1573/353 1295/353 1045/353  823/353  629/353]
[ 463/353  325/353  215/353  133/353   79/353   53/353   55/353   85/353  143/353  229/353  343/353  485/353  655/353  853/353 1079/353]
[1333/353 1615/353 1925/353 2263/353 1923/353 1611/353 1327/353 1071/353  843/353  643/353  471/353  327/353  211/353  123/353   63/353]
[  31/353   27/353   51/353  103/353  183/353  291/353  427/353  591/353  783/353 1003/353 1251/353 1527/353 1831/353 2163/353 1817/353]
[1499/353 1209/353  947/353  713/353  507/353  329/353  179/353   57/353  -37/353 -103/353 -141/353 -151/353 -133/353  -87/353  -13/353]
[  89/353  219/353  377/353  563/353  777/353 1019/353 1289/353 1587/353 1913/353 2267/353 1943/353 1647/353 1379/353 1139/353  927/353]
[ 743/353  587/353  459/353  359/353  287/353  243/353  227/353  239/353  279/353  347/353  443/353  567/353  719/353  899/353 1107/353]
[1343/353 1607/353 1899/353 2219/353 1861/353 1531/353 1229/353  955/353  709/353  491/353  301/353  139/353    5/353 -101/353 -179/353]
[-229/353 -251/353 -245/353 -211/353 -149/353  -59/353   59/353  205/353  379/353  581/353  811/353 1069/353 1355/353 1669/353 2011/353]
[1675/353 1367/353 1087/353  835/353  611/353  415/353  247/353  107/353   -5/353  -89/353 -145/353 -173/353 -173/353 -145/353  -89/353]
[  -5/353  107/353  247/353  415/353  611/353  835/353 1087/353 1367/353 1675/353 2011/353 1669/353 1355/353 1069/353  811/353  581/353]
[ 379/353  205/353   59/353  -59/353 -149/353 -211/353 -245/353 -251/353 -229/353 -179/353 -101/353    5/353  139/353  301/353  491/353]
[ 709/353  955/353 1229/353 1531/353 1861/353 2219/353 1899/353 1607/353 1343/353 1107/353  899/353  719/353  567/353  443/353  347/353]
[ 279/353  239/353  227/353  243/353  287/353  359/353  459/353  587/353  743/353  927/353 1139/353 1379/353 1647/353 1943/353 2267/353]
[1913/353 1587/353 1289/353 1019/353  777/353  563/353  377/353  219/353   89/353  -13/353  -87/353 -133/353 -151/353 -141/353 -103/353]
[ -37/353   57/353  179/353  329/353  507/353  713/353  947/353 1209/353 1499/353 1817/353 2163/353 1831/353 1527/353 1251/353 1003/353]
[ 783/353  591/353  427/353  291/353  183/353  103/353   51/353   27/353   31/353   63/353  123/353  211/353  327/353  471/353  643/353]
[ 843/353 1071/353 1327/353 1611/353 1923/353 2263/353 1925/353 1615/353 1333/353 1079/353  853/353  655/353  485/353  343/353  229/353]
[ 143/353   85/353   55/353   53/353   79/353  133/353  215/353  325/353  463/353  629/353  823/353 1045/353 1295/353 1573/353 1879/353]
[2213/353 1869/353 1553/353 1265/353 1005/353  773/353  569/353  393/353  245/353  125/353   33/353  -31/353  -67/353  -75/353  -55/353]
[  -7/353   69/353  173/353  305/353  465/353  653/353  869/353 1113/353 1385/353 1685/353 2013/353 1663/353 1341/353 1047/353  781/353]
[ 543/353  333/353  151/353   -3/353 -129/353 -227/353 -297/353 -339/353        0        0        0        0        0        0        0]
Testing obstruction for
m1: 14, m2: 16,a: 11
[      -1 -325/353 -241/353 -101/353   95/353  347/353  655/353 1019/353  733/353  503/353  329/353  211/353  149/353  143/353  193/353]
[ 299/353  461/353  679/353  953/353 1283/353  963/353  699/353  491/353  339/353  243/353  203/353  219/353  291/353  419/353  603/353]
[ 843/353 1139/353  785/353  487/353  245/353   59/353  -71/353 -145/353 -163/353 -125/353  -31/353  119/353  325/353  587/353  905/353]
[1279/353 1003/353  783/353  619/353  511/353  459/353  463/353  523/353  639/353  811/353 1039/353 1323/353  957/353  647/353  393/353]
[ 195/353   53/353  -33/353  -63/353  -37/353   45/353  183/353  377/353  627/353  933/353  589/353  301/353   69/353 -107/353 -227/353]
[-291/353 -299/353 -251/353 -147/353   13/353  229/353  501/353  829/353 1213/353  947/353  737/353  583/353  485/353  443/353  457/353]
[ 527/353  653/353  835/353 1073/353 1367/353 1011/353  711/353  467/353  279/353  147/353   71/353   51/353   87/353  179/353  327/353]
[ 531/353  791/353 1107/353  773/353  495/353  273/353  107/353   -3/353  -57/353  -55/353    3/353  117/353  287/353  513/353  795/353]
[1133/353  821/353  565/353  365/353  221/353  133/353  101/353  125/353  205/353  341/353  533/353  781/353 1085/353  739/353  449/353]
[ 215/353   37/353  -85/353 -151/353 -161/353 -115/353  -13/353  145/353  359/353  629/353  955/353  631/353  363/353  151/353   -5/353]
[-105/353 -149/353 -137/353  -69/353   55/353  235/353  471/353  763/353 1111/353  809/353  563/353  373/353  239/353  161/353  139/353]
[ 173/353  263/353  409/353  611/353  869/353 1183/353  847/353  567/353  343/353  175/353   63/353    7/353    7/353   63/353  175/353]
[ 343/353  567/353  847/353 1183/353  869/353  611/353  409/353  263/353  173/353  139/353  161/353  239/353  373/353  563/353  809/353]
[1111/353  763/353  471/353  235/353   55/353  -69/353 -137/353 -149/353 -105/353   -5/353  151/353  363/353  631/353  955/353  629/353]
[ 359/353  145/353  -13/353 -115/353 -161/353 -151/353  -85/353   37/353  215/353  449/353  739/353 1085/353  781/353  533/353  341/353]
[ 205/353  125/353  101/353  133/353  221/353  365/353  565/353  821/353 1133/353  795/353  513/353  287/353  117/353    3/353  -55/353]
[ -57/353   -3/353  107/353  273/353  495/353  773/353 1107/353  791/353  531/353  327/353  179/353   87/353   51/353   71/353  147/353]
[ 279/353  467/353  711/353 1011/353 1367/353 1073/353  835/353  653/353  527/353  457/353  443/353  485/353  583/353  737/353  947/353]
[1213/353  829/353  501/353  229/353   13/353 -147/353 -251/353 -299/353 -291/353 -227/353 -107/353   69/353  301/353  589/353  933/353]
[ 627/353  377/353  183/353   45/353  -37/353  -63/353  -33/353   53/353  195/353  393/353  647/353  957/353 1323/353 1039/353  811/353]
[ 639/353  523/353  463/353  459/353  511/353  619/353  783/353 1003/353 1279/353  905/353  587/353  325/353  119/353  -31/353 -125/353]
[-163/353 -145/353  -71/353   59/353  245/353  487/353  785/353 1139/353  843/353  603/353  419/353  291/353  219/353  203/353  243/353]
[ 339/353  491/353  699/353  963/353 1283/353  953/353  679/353  461/353  299/353  193/353  143/353  149/353  211/353  329/353  503/353]
[ 733/353 1019/353  655/353  347/353   95/353 -101/353 -241/353 -325/353        0        0        0        0        0        0        0]
Testing obstruction for
m1: 30, m2: 32,a: 29
[      -1 -341/353 -305/353 -245/353 -161/353  -53/353   79/353  235/353  415/353  619/353  847/353 1099/353 1375/353 1675/353 1999/353]
[2347/353 2013/353 1703/353 1417/353 1155/353  917/353  703/353  513/353  347/353  205/353   87/353   -7/353  -77/353 -123/353 -145/353]
[-143/353 -117/353  -67/353    7/353  105/353  227/353  373/353  543/353  737/353  955/353 1197/353 1463/353 1753/353 2067/353 2405/353]
[2061/353 1741/353 1445/353 1173/353  925/353  701/353  501/353  325/353  173/353   45/353  -59/353 -139/353 -195/353 -227/353 -235/353]
[-219/353 -179/353 -115/353  -27/353   85/353  221/353  381/353  565/353  773/353 1005/353 1261/353 1541/353 1845/353 2173/353 2525/353]
[2195/353 1889/353 1607/353 1349/353 1115/353  905/353  719/353  557/353  419/353  305/353  215/353  149/353  107/353   89/353   95/353]
[ 125/353  179/353  257/353  359/353  485/353  635/353  809/353 1007/353 1229/353 1475/353 1745/353 2039/353 2357/353 2699/353 2359/353]
[2043/353 1751/353 1483/353 1239/353 1019/353  823/353  651/353  503/353  379/353  279/353  203/353  151/353  123/353  119/353  139/353]
[ 183/353  251/353  343/353  459/353  599/353  763/353  951/353 1163/353 1399/353 1659/353 1943/353 2251/353 2583/353 2233/353 1907/353]
[1605/353 1327/353 1073/353  843/353  637/353  455/353  297/353  163/353   53/353  -33/353  -95/353 -133/353 -147/353 -137/353 -103/353]
[ -45/353   37/353  143/353  273/353  427/353  605/353  807/353 1033/353 1283/353 1557/353 1855/353 2177/353 2523/353 2187/353 1875/353]
[1587/353 1323/353 1083/353  867/353  675/353  507/353  363/353  243/353  147/353   75/353   27/353    3/353    3/353   27/353   75/353]
[ 147/353  243/353  363/353  507/353  675/353  867/353 1083/353 1323/353 1587/353 1875/353 2187/353 2523/353 2177/353 1855/353 1557/353]
[1283/353 1033/353  807/353  605/353  427/353  273/353  143/353   37/353  -45/353 -103/353 -137/353 -147/353 -133/353  -95/353  -33/353]
[  53/353  163/353  297/353  455/353  637/353  843/353 1073/353 1327/353 1605/353 1907/353 2233/353 2583/353 2251/353 1943/353 1659/353]
[1399/353 1163/353  951/353  763/353  599/353  459/353  343/353  251/353  183/353  139/353  119/353  123/353  151/353  203/353  279/353]
[ 379/353  503/353  651/353  823/353 1019/353 1239/353 1483/353 1751/353 2043/353 2359/353 2699/353 2357/353 2039/353 1745/353 1475/353]
[1229/353 1007/353  809/353  635/353  485/353  359/353  257/353  179/353  125/353   95/353   89/353  107/353  149/353  215/353  305/353]
[ 419/353  557/353  719/353  905/353 1115/353 1349/353 1607/353 1889/353 2195/353 2525/353 2173/353 1845/353 1541/353 1261/353 1005/353]
[ 773/353  565/353  381/353  221/353   85/353  -27/353 -115/353 -179/353 -219/353 -235/353 -227/353 -195/353 -139/353  -59/353   45/353]
[ 173/353  325/353  501/353  701/353  925/353 1173/353 1445/353 1741/353 2061/353 2405/353 2067/353 1753/353 1463/353 1197/353  955/353]
[ 737/353  543/353  373/353  227/353  105/353    7/353  -67/353 -117/353 -143/353 -145/353 -123/353  -77/353   -7/353   87/353  205/353]
[ 347/353  513/353  703/353  917/353 1155/353 1417/353 1703/353 2013/353 2347/353 1999/353 1675/353 1375/353 1099/353  847/353  619/353]
[ 415/353  235/353   79/353  -53/353 -161/353 -245/353 -305/353 -341/353        0        0        0        0        0        0        0]
---------------------------
SUCCESS for name = 13a584
---------------------------
