13a933
Correction terms
[      -1   55/177   43/177    47/59   -5/177  -41/177    11/59 -137/177  157/177    69/59   13/177  -71/177   -15/59   91/177  -17/177]
[   -5/59   97/177  -35/177   -19/59   31/177  229/177   -57/59 -107/177   67/177    -1/59   37/177 -167/177    31/59  109/177 -119/177]
[   39/59  109/177 -143/177    23/59   37/177  115/177   -17/59 -107/177  -53/177    37/59   31/177   61/177    67/59 -257/177  103/177]
[   73/59   91/177   73/177   -63/59   13/177  -29/177    13/59  217/177  151/177   -53/59   -5/177  259/177   -25/59   55/177     -1/3]
[  -21/59   43/177  -95/177    77/59  -41/177 -203/177    33/59  157/177  -29/177   -35/59  -71/177   73/177    -9/59  -17/177  103/177]
[   -7/59  -35/177   61/177    89/59 -125/177  -53/177    43/59   67/177  115/177   -27/59  187/177 -143/177    -3/59  235/177  235/177]
[   -3/59 -143/177  187/177   -27/59  115/177   67/177    43/59  -53/177 -125/177    89/59   61/177  -35/177    -7/59  103/177  -17/177]
[   -9/59   73/177  -71/177   -35/59  -29/177  157/177    33/59 -203/177  -41/177    77/59  -95/177   43/177   -21/59     -1/3   55/177]
[  -25/59  259/177   -5/177   -53/59  151/177  217/177    13/59  -29/177   13/177   -63/59   73/177   91/177    73/59  103/177 -257/177]
[   67/59   61/177   31/177    37/59  -53/177 -107/177   -17/59  115/177   37/177    23/59 -143/177  109/177    39/59 -119/177  109/177]
[   31/59 -167/177   37/177    -1/59   67/177 -107/177   -57/59  229/177   31/177   -19/59  -35/177   97/177    -5/59  -17/177   91/177]
[  -15/59  -71/177   13/177    69/59  157/177 -137/177    11/59  -41/177   -5/177    47/59   43/177   55/177        0        0        0]
Testing obstruction for
m1: 2, m2: 30,a: 0
[      -1  -53/177  -35/177   -41/59   37/177   91/177    13/59  235/177  325/177   103/59  541/177  667/177   229/59  955/177 1117/177]
[  391/59 1123/177  967/177   235/59  691/177  571/177   115/59  367/177  283/177    31/59  151/177  103/177   -17/59   43/177   31/177]
[  -29/59   43/177   67/177    -5/59  151/177  211/177    55/59  367/177  463/177   151/59  691/177  823/177   283/59 1123/177 1291/177]
[  333/59  955/177  805/177   183/59  541/177  427/177    69/59  235/177  157/177    -9/59   37/177   -5/177   -51/59  -53/177     -1/3]
[  -57/59  -35/177   -5/177   -27/59   91/177  157/177    39/59  325/177  427/177   141/59  667/177  805/177   279/59 1117/177 1291/177]
[  335/59  967/177  823/177   191/59  571/177  463/177    83/59  283/177  211/177    11/59  103/177   67/177   -25/59   31/177   31/177]
[  -25/59   67/177  103/177    11/59  211/177  283/177    83/59  463/177  571/177   191/59  823/177  967/177   335/59 1291/177 1117/177]
[  279/59  805/177  667/177   141/59  427/177  325/177    39/59  157/177   91/177   -27/59   -5/177  -35/177   -57/59     -1/3  -53/177]
[  -51/59   -5/177   37/177    -9/59  157/177  235/177    69/59  427/177  541/177   183/59  805/177  955/177   333/59 1291/177 1123/177]
[  283/59  823/177  691/177   151/59  463/177  367/177    55/59  211/177  151/177    -5/59   67/177   43/177   -29/59   31/177   43/177]
[  -17/59  103/177  151/177    31/59  283/177  367/177   115/59  571/177  691/177   235/59  967/177 1123/177   391/59 1117/177  955/177]
[  229/59  667/177  541/177   103/59  325/177  235/177    13/59   91/177   37/177   -41/59  -35/177  -53/177        0        0        0]
[-53/177, -35/177, -41/59]
38 [-53/177, -35/177, 77/59]
[-53/177, -35/177, -41/59]
80 [-53/177, -35/177, 77/59]
Testing obstruction for
m1: 16, m2: 16,a: 14
[      -1 -115/177   71/177     9/59  107/177  -43/177   -23/59   29/177  251/177    81/59  359/177  245/177    85/59  389/177  647/177]
[  225/59  473/177  395/177   147/59  257/177  197/177    87/59   95/177   53/177    45/59  -13/177  -37/177    21/59  -67/177  -73/177]
[   15/59  -67/177  -55/177    27/59  -13/177   17/177    57/59   95/177  143/177   105/59  257/177  323/177   171/59  473/177  557/177]
[  137/59  389/177  491/177   121/59  359/177  125/177     5/59   29/177  167/177    25/59  107/177  -91/177   -55/59 -115/177      1/3]
[    1/59   71/177  -91/177   -43/59  -43/177  167/177    49/59  251/177  125/177    41/59  245/177  491/177   169/59  647/177  557/177]
[  197/59  395/177  323/177   125/59  197/177  143/177    71/59   53/177   17/177    35/59  -37/177  -55/177    17/59  -73/177  -73/177]
[   17/59  -55/177  -37/177    35/59   17/177   53/177    71/59  143/177  197/177   125/59  323/177  395/177   197/59  557/177  647/177]
[  169/59  491/177  245/177    41/59  125/177  251/177    49/59  167/177  -43/177   -43/59  -91/177   71/177     1/59      1/3 -115/177]
[  -55/59  -91/177  107/177    25/59  167/177   29/177     5/59  125/177  359/177   121/59  491/177  389/177   137/59  557/177  473/177]
[  171/59  323/177  257/177   105/59  143/177   95/177    57/59   17/177  -13/177    27/59  -55/177  -67/177    15/59  -73/177  -67/177]
[   21/59  -37/177  -13/177    45/59   53/177   95/177    87/59  197/177  257/177   147/59  395/177  473/177   225/59  647/177  389/177]
[   85/59  245/177  359/177    81/59  251/177   29/177   -23/59  -43/177  107/177     9/59   71/177 -115/177        0        0        0]
---------------------------
SUCCESS for name = 13a933
---------------------------
13a975
Correction terms
[      -1 -241/301  -61/301 -363/301   57/301   -5/301   53/301    33/43  -73/301 -257/301 -321/301 -265/301  -89/301 -395/301     3/43]
[ -45/301    9/301  183/301 -125/301  289/301  221/301   -47/43 -157/301 -467/301  -55/301 -125/301  -75/301   95/301   -31/43  193/301]
[ 121/301  169/301  337/301   23/301 -171/301   -35/43 -199/301  -33/301 -349/301   57/301  -19/301   25/301    27/43     -3/7  275/301]
[ 197/301 -363/301 -201/301 -521/301   -17/43 -199/301 -159/301    1/301 -321/301   79/301   -3/301     5/43  193/301 -131/301 -335/301]
[-419/301 -383/301 -227/301     7/43 -157/301 -243/301 -209/301  -55/301  219/301   11/301   -11/43  -45/301 -495/301 -223/301 -433/301]
[  79/301  109/301   -49/43  -73/301 -285/301  225/301  253/301 -201/301   67/301   -21/43 -241/301     -5/7  -69/301  197/301  -19/301]
[-115/301   -13/43   53/301  317/301   99/301    1/301   23/301 -437/301   -25/43 -395/301  107/301  127/301 -335/301  -75/301 -297/301]
[   29/43  221/301 -243/301   15/301 -209/301 -313/301 -297/301   -23/43   95/301 -131/301 -237/301 -223/301  -89/301  165/301    -9/43]
[-171/301 -159/301  -27/301 -377/301   -5/301 -115/301   -15/43   25/301 -327/301      1/7  -69/301  -61/301   67/301   -41/43   81/301]
[ -33/301  -27/301   99/301 -257/301  109/301    -1/43   -3/301  121/301 -237/301  127/301    9/301   11/301    19/43 -227/301  135/301]
[  15/301   15/301  135/301 -227/301    19/43   11/301    9/301  127/301 -237/301  121/301   -3/301    -1/43  109/301 -257/301   99/301]
[ -27/301  -33/301   81/301   -41/43   67/301  -61/301  -69/301      1/7 -327/301   25/301   -15/43 -115/301   -5/301 -377/301  -27/301]
[-159/301 -171/301    -9/43  165/301  -89/301 -223/301 -237/301 -131/301   95/301   -23/43 -297/301 -313/301 -209/301   15/301 -243/301]
[ 221/301    29/43 -297/301  -75/301 -335/301  127/301  107/301 -395/301   -25/43 -437/301   23/301    1/301   99/301  317/301   53/301]
[  -13/43 -115/301  -19/301  197/301  -69/301     -5/7 -241/301   -21/43   67/301 -201/301  253/301  225/301 -285/301  -73/301   -49/43]
[ 109/301   79/301 -433/301 -223/301 -495/301  -45/301   -11/43   11/301  219/301  -55/301 -209/301 -243/301 -157/301     7/43 -227/301]
[-383/301 -419/301 -335/301 -131/301  193/301     5/43   -3/301   79/301 -321/301    1/301 -159/301 -199/301   -17/43 -521/301 -201/301]
[-363/301  197/301  275/301     -3/7    27/43   25/301  -19/301   57/301 -349/301  -33/301 -199/301   -35/43 -171/301   23/301  337/301]
[ 169/301  121/301  193/301   -31/43   95/301  -75/301 -125/301  -55/301 -467/301 -157/301   -47/43  221/301  289/301 -125/301  183/301]
[   9/301  -45/301     3/43 -395/301  -89/301 -265/301 -321/301 -257/301  -73/301    33/43   53/301   -5/301   57/301 -363/301  -61/301]
[-241/301        0        0        0        0        0        0        0        0        0        0        0        0        0        0]
Testing obstruction for
m1: 4, m2: 22,a: 0
[      -1 -201/301   99/301   -3/301   95/301  393/301  289/301    55/43  681/301 1177/301 1271/301 1565/301 1457/301  947/301    91/43]
[ 527/301  617/301  305/301  193/301  281/301  -33/301   -21/43  -61/301  225/301  109/301  193/301  477/301  359/301    63/43  723/301]
[1205/301 1285/301 1565/301 1443/301  919/301    85/43  471/301  547/301  221/301   95/301  169/301 -159/301   -41/43     -5/7   57/301]
[ -73/301   -3/301  267/301  135/301    29/43  471/301  939/301 1005/301 1271/301 1737/301 1199/301   123/43  723/301  785/301  445/301]
[ 305/301  365/301   23/301   -17/43  -61/301  197/301   53/301  109/301  365/301  219/301    39/43  527/301  981/301 1033/301 1285/301]
[1737/301 1185/301   119/43  681/301  729/301  375/301  221/301  267/301  -89/301   -35/43 -201/301      1/7 -115/301  -73/301  169/301]
[   9/301     7/43  289/301  729/301  767/301 1005/301 1443/301 1479/301   159/43  947/301  981/301  613/301  445/301  477/301  107/301]
[   -9/43  -33/301  197/301   25/301   53/301  281/301  107/301    19/43  359/301  785/301  809/301 1033/301 1457/301 1479/301   157/43]
[ 919/301  939/301  557/301  375/301  393/301    9/301   -25/43 -159/301   57/301     -3/7 -115/301   99/301  -89/301   -11/43  135/301]
[ 547/301  557/301  767/301 1177/301 1185/301   199/43 1199/301 1205/301  809/301  613/301  617/301  219/301     3/43   23/301  225/301]
[  25/301   25/301  225/301   23/301     3/43  219/301  617/301  613/301  809/301 1205/301 1199/301   199/43 1185/301 1177/301  767/301]
[ 557/301  547/301  135/301   -11/43  -89/301   99/301 -115/301     -3/7   57/301 -159/301   -25/43    9/301  393/301  375/301  557/301]
[ 939/301  919/301   157/43 1479/301 1457/301 1033/301  809/301  785/301  359/301    19/43  107/301  281/301   53/301   25/301  197/301]
[ -33/301    -9/43  107/301  477/301  445/301  613/301  981/301  947/301   159/43 1479/301 1443/301 1005/301  767/301  729/301  289/301]
[    7/43    9/301  169/301  -73/301 -115/301      1/7 -201/301   -35/43  -89/301  267/301  221/301  375/301  729/301  681/301   119/43]
[1185/301 1737/301 1285/301 1033/301  981/301  527/301    39/43  219/301  365/301  109/301   53/301  197/301  -61/301   -17/43   23/301]
[ 365/301  305/301  445/301  785/301  723/301   123/43 1199/301 1737/301 1271/301 1005/301  939/301  471/301    29/43  135/301  267/301]
[  -3/301  -73/301   57/301     -5/7   -41/43 -159/301  169/301   95/301  221/301  547/301  471/301    85/43  919/301 1443/301 1565/301]
[1285/301 1205/301  723/301    63/43  359/301  477/301  193/301  109/301  225/301  -61/301   -21/43  -33/301  281/301  193/301  305/301]
[ 617/301  527/301    91/43  947/301 1457/301 1565/301 1271/301 1177/301  681/301    55/43  289/301  393/301   95/301   -3/301   99/301]
[-201/301        0        0        0        0        0        0        0        0        0        0        0        0        0        0]
Unobstructed
47
---------------------------
---------------------------
13a976
Correction terms
[      -1 -161/377 -267/377   59/377   63/377 -255/377 -141/377 -349/377 -125/377 -223/377  111/377  123/377 -187/377    -5/29 -265/377]
[ -33/377 -123/377  219/377  239/377  -63/377   67/377 -125/377  115/377   33/377 -371/377  411/377     9/29  255/377   71/377   -15/13]
[ 245/377 -151/377 -115/377  353/377 -255/377  323/377 -175/377 -241/377  125/377    13/29 -109/377   45/377 -123/377  141/377   83/377]
[-297/377 -245/377  239/377 -353/377  241/377 -241/377 -291/377     7/29 -603/377 -111/377   59/377  -93/377  187/377     5/13 -219/377]
[-151/377 -405/377 -227/377  383/377  -83/377    -9/29  281/377 -397/377  111/377 -457/377  161/377  457/377 -323/377   83/377  167/377]
[ -71/377  123/377   -5/377    23/29  281/377  -59/377   33/377 -197/377    5/377 -115/377  197/377  187/377    -5/13  -45/377 -267/377]
[ -57/377   -13/29  151/377  149/377 -175/377  -67/377 -281/377  -63/377 -167/377  161/377  167/377 -149/377  -33/377 -239/377    -1/29]
[-109/377 -527/377  241/377  -67/377   57/377 -141/377   93/377    5/377 -405/377 -383/377   71/377     7/13     1/29  255/377  175/377]
[-227/377 -197/377 -489/377  405/377  223/377 -281/377  401/377    7/377   45/377 -239/377    -7/29  489/377   -7/377  -71/377  297/377]
[-411/377   67/377  223/377   57/377  323/377  267/377 -111/377  -57/377   -25/29 -161/377    15/13  -45/377  -93/377  291/377 -401/377]
[  93/377 -489/377  115/377  397/377 -397/377   -5/377     5/29 -187/377   -7/377 -149/377  141/377  109/377 -245/377 -167/377  343/377]
[-223/377 -357/377  -59/377  -83/377    25/29 -343/377  175/377  371/377 -509/377    -7/13 -219/377  197/377  291/377   63/377  267/377]
[ 149/377 -291/377   -23/29  125/377  227/377    7/377  219/377  109/377 -323/377 -323/377  109/377  219/377    7/377  227/377  125/377]
[  -23/29 -291/377  149/377  267/377   63/377  291/377  197/377 -219/377    -7/13 -509/377  371/377  175/377 -343/377    25/29  -83/377]
[ -59/377 -357/377 -223/377  343/377 -167/377 -245/377  109/377  141/377 -149/377   -7/377 -187/377     5/29   -5/377 -397/377  397/377]
[ 115/377 -489/377   93/377 -401/377  291/377  -93/377  -45/377    15/13 -161/377   -25/29  -57/377 -111/377  267/377  323/377   57/377]
[ 223/377   67/377 -411/377  297/377  -71/377   -7/377  489/377    -7/29 -239/377   45/377    7/377  401/377 -281/377  223/377  405/377]
[-489/377 -197/377 -227/377  175/377  255/377     1/29     7/13   71/377 -383/377 -405/377    5/377   93/377 -141/377   57/377  -67/377]
[ 241/377 -527/377 -109/377    -1/29 -239/377  -33/377 -149/377  167/377  161/377 -167/377  -63/377 -281/377  -67/377 -175/377  149/377]
[ 151/377   -13/29  -57/377 -267/377  -45/377    -5/13  187/377  197/377 -115/377    5/377 -197/377   33/377  -59/377  281/377    23/29]
[  -5/377  123/377  -71/377  167/377   83/377 -323/377  457/377  161/377 -457/377  111/377 -397/377  281/377    -9/29  -83/377  383/377]
[-227/377 -405/377 -151/377 -219/377     5/13  187/377  -93/377   59/377 -111/377 -603/377     7/29 -291/377 -241/377  241/377 -353/377]
[ 239/377 -245/377 -297/377   83/377  141/377 -123/377   45/377 -109/377    13/29  125/377 -241/377 -175/377  323/377 -255/377  353/377]
[-115/377 -151/377  245/377   -15/13   71/377  255/377     9/29  411/377 -371/377   33/377  115/377 -125/377   67/377  -63/377  239/377]
[ 219/377 -123/377  -33/377 -265/377    -5/29 -187/377  123/377  111/377 -223/377 -125/377 -349/377 -141/377 -255/377   63/377   59/377]
[-267/377 -161/377        0        0        0        0        0        0        0        0        0        0        0        0        0]
Testing obstruction for
m1: 2, m2: 64,a: 1
[      -1 -371/377 -353/377 -323/377 -281/377 -227/377 -161/377  -83/377    7/377  109/377  223/377  349/377  487/377    49/29  799/377]
[ 973/377 1159/377 1357/377 1567/377 1789/377 2023/377 2269/377 2527/377 2797/377 3079/377 3373/377   283/29 3997/377 4327/377   161/13]
[5023/377 5389/377 5767/377 5403/377 5051/377 4711/377 4383/377 4067/377 3763/377   267/29 3191/377 2923/377 2667/377 2423/377 2191/377]
[1971/377 1763/377 1567/377 1383/377 1211/377 1051/377  903/377    59/29  643/377  531/377  431/377  343/377  267/377     7/13  151/377]
[ 111/377   83/377   67/377   63/377   71/377     7/29  123/377  167/377  223/377  291/377  371/377  463/377  567/377  683/377  811/377]
[ 951/377 1103/377 1267/377   111/29 1631/377 1831/377 2043/377 2267/377 2503/377 2751/377 3011/377 3283/377   123/13 3863/377 4171/377]
[4491/377   371/29 5167/377 5523/377 5891/377 5517/377 5155/377 4805/377 4467/377 4141/377 3827/377 3525/377 3235/377 2957/377   207/29]
[2437/377 2195/377 1965/377 1747/377 1541/377 1347/377 1165/377  995/377  837/377  691/377  557/377    15/13    25/29  227/377  141/377]
[  67/377    5/377  -45/377  -83/377 -109/377 -123/377 -125/377 -115/377  -93/377  -59/377    -1/29   45/377  115/377  197/377  291/377]
[ 397/377  515/377  645/377  787/377  941/377 1107/377 1285/377 1475/377   129/29 1891/377    73/13 2355/377 2605/377 2867/377 3141/377]
[3427/377 3725/377 4035/377 4357/377 4691/377 5037/377   415/29 5765/377 5393/377 5033/377 4685/377 4349/377 4025/377 3713/377 3413/377]
[3125/377 2849/377 2585/377 2333/377   161/29 1865/377 1649/377 1445/377 1253/377    37/13  905/377  749/377  605/377  473/377  353/377]
[ 245/377  149/377     5/29   -7/377  -67/377 -115/377 -151/377 -175/377 -187/377 -187/377 -175/377 -151/377 -115/377  -67/377   -7/377]
[    5/29  149/377  245/377  353/377  473/377  605/377  749/377  905/377    37/13 1253/377 1445/377 1649/377 1865/377   161/29 2333/377]
[2585/377 2849/377 3125/377 3413/377 3713/377 4025/377 4349/377 4685/377 5033/377 5393/377 5765/377   415/29 5037/377 4691/377 4357/377]
[4035/377 3725/377 3427/377 3141/377 2867/377 2605/377 2355/377    73/13 1891/377   129/29 1475/377 1285/377 1107/377  941/377  787/377]
[ 645/377  515/377  397/377  291/377  197/377  115/377   45/377    -1/29  -59/377  -93/377 -115/377 -125/377 -123/377 -109/377  -83/377]
[ -45/377    5/377   67/377  141/377  227/377    25/29    15/13  557/377  691/377  837/377  995/377 1165/377 1347/377 1541/377 1747/377]
[1965/377 2195/377 2437/377   207/29 2957/377 3235/377 3525/377 3827/377 4141/377 4467/377 4805/377 5155/377 5517/377 5891/377 5523/377]
[5167/377   371/29 4491/377 4171/377 3863/377   123/13 3283/377 3011/377 2751/377 2503/377 2267/377 2043/377 1831/377 1631/377   111/29]
[1267/377 1103/377  951/377  811/377  683/377  567/377  463/377  371/377  291/377  223/377  167/377  123/377     7/29   71/377   63/377]
[  67/377   83/377  111/377  151/377     7/13  267/377  343/377  431/377  531/377  643/377    59/29  903/377 1051/377 1211/377 1383/377]
[1567/377 1763/377 1971/377 2191/377 2423/377 2667/377 2923/377 3191/377   267/29 3763/377 4067/377 4383/377 4711/377 5051/377 5403/377]
[5767/377 5389/377 5023/377   161/13 4327/377 3997/377   283/29 3373/377 3079/377 2797/377 2527/377 2269/377 2023/377 1789/377 1567/377]
[1357/377 1159/377  973/377  799/377    49/29  487/377  349/377  223/377  109/377    7/377  -83/377 -161/377 -227/377 -281/377 -323/377]
[-353/377 -371/377        0        0        0        0        0        0        0        0        0        0        0        0        0]
Unobstructed
24
---------------------------
---------------------------
13a983
Correction terms
[      -1   31/317 -193/317  279/317  179/317  141/317  165/317  251/317 -235/317  -25/317  247/317  -53/317 -291/317  167/317   53/317]
[   1/317   11/317   83/317  217/317 -221/317   37/317  357/317  105/317  -85/317 -213/317  355/317 -283/317  409/317 -105/317   77/317]
[ 321/317   -7/317 -273/317  157/317   15/317  -65/317  -83/317  -39/317   67/317  235/317 -169/317  123/317  477/317 -375/317  103/317]
[   9/317  -23/317    7/317   99/317  253/317 -165/317  113/317 -181/317  221/317   51/317  -57/317 -103/317  -87/317   -9/317  131/317]
[-301/317  -37/317  289/317   43/317 -141/317  371/317  311/317 -321/317  377/317 -131/317   57/317 -327/317  -15/317  359/317  161/317]
[  25/317  -49/317  -61/317  -11/317  101/317  275/317 -123/317  175/317  -99/317 -311/317  173/317   85/317   59/317   95/317  193/317]
[ 353/317  -59/317  225/317  -63/317  345/317 -453/317   79/317   39/317   61/317  145/317  291/317 -135/317  135/317 -167/317  227/317]
[  49/317  -67/317 -121/317 -113/317  -43/317   89/317  283/317  -95/317  223/317  -31/317 -223/317  281/317  213/317  207/317 -371/317]
[ 381/317  -73/317  169/317 -161/317  205/317   -1/317 -145/317 -227/317  387/317 -205/317 -101/317   65/317  293/317  -51/317  301/317]
[  81/317  -77/317  461/317 -207/317 -179/317  -89/317   63/317  277/317  -81/317  257/317   23/317 -149/317 -259/317  327/317  341/317]
[-217/317  -79/317  121/317 -251/317   73/317 -175/317  273/317  149/317   87/317   87/317  149/317  273/317 -175/317   73/317 -251/317]
[ 121/317  -79/317 -217/317  341/317  327/317 -259/317 -149/317   23/317  257/317  -81/317  277/317   63/317  -89/317 -179/317 -207/317]
[ 461/317  -77/317   81/317  301/317  -51/317  293/317   65/317 -101/317 -205/317  387/317 -227/317 -145/317   -1/317  205/317 -161/317]
[ 169/317  -73/317  381/317 -371/317  207/317  213/317  281/317 -223/317  -31/317  223/317  -95/317  283/317   89/317  -43/317 -113/317]
[-121/317  -67/317   49/317  227/317 -167/317  135/317 -135/317  291/317  145/317   61/317   39/317   79/317 -453/317  345/317  -63/317]
[ 225/317  -59/317  353/317  193/317   95/317   59/317   85/317  173/317 -311/317  -99/317  175/317 -123/317  275/317  101/317  -11/317]
[ -61/317  -49/317   25/317  161/317  359/317  -15/317 -327/317   57/317 -131/317  377/317 -321/317  311/317  371/317 -141/317   43/317]
[ 289/317  -37/317 -301/317  131/317   -9/317  -87/317 -103/317  -57/317   51/317  221/317 -181/317  113/317 -165/317  253/317   99/317]
[   7/317  -23/317    9/317  103/317 -375/317  477/317  123/317 -169/317  235/317   67/317  -39/317  -83/317  -65/317   15/317  157/317]
[-273/317   -7/317  321/317   77/317 -105/317  409/317 -283/317  355/317 -213/317  -85/317  105/317  357/317   37/317 -221/317  217/317]
[  83/317   11/317    1/317   53/317  167/317 -291/317  -53/317  247/317  -25/317 -235/317  251/317  165/317  141/317  179/317  279/317]
[-193/317   31/317        0        0        0        0        0        0        0        0        0        0        0        0        0]
Testing obstruction for
m1: 2, m2: 54,a: 1
[      -1 -311/317 -293/317 -263/317 -221/317 -167/317 -101/317  -23/317   67/317  169/317  283/317  409/317  547/317  697/317  859/317]
[1033/317 1219/317 1417/317 1627/317 1849/317 2083/317 2329/317 2587/317 2857/317 3139/317 3433/317 3739/317 4057/317 3753/317 3461/317]
[3181/317 2913/317 2657/317 2413/317 2181/317 1961/317 1753/317 1557/317 1373/317 1201/317 1041/317  893/317  757/317  633/317  521/317]
[ 421/317  333/317  257/317  193/317  141/317  101/317   73/317   57/317   53/317   61/317   81/317  113/317  157/317  213/317  281/317]
[ 361/317  453/317  557/317  673/317  801/317  941/317 1093/317 1257/317 1433/317 1621/317 1821/317 2033/317 2257/317 2493/317 2741/317]
[3001/317 3273/317 3557/317 3853/317 4161/317 3847/317 3545/317 3255/317 2977/317 2711/317 2457/317 2215/317 1985/317 1767/317 1561/317]
[1367/317 1185/317 1015/317  857/317  711/317  577/317  455/317  345/317  247/317  161/317   87/317   25/317  -25/317  -63/317  -89/317]
[-103/317 -105/317  -95/317  -73/317  -39/317    7/317   65/317  135/317  217/317  311/317  417/317  535/317  665/317  807/317  961/317]
[1127/317 1305/317 1495/317 1697/317 1911/317 2137/317 2375/317 2625/317 2887/317 3161/317 3447/317 3745/317 4055/317 3743/317 3443/317]
[3155/317 2879/317 2615/317 2363/317 2123/317 1895/317 1679/317 1475/317 1283/317 1103/317  935/317  779/317  635/317  503/317  383/317]
[ 275/317  179/317   95/317   23/317  -37/317  -85/317 -121/317 -145/317 -157/317 -157/317 -145/317 -121/317  -85/317  -37/317   23/317]
[  95/317  179/317  275/317  383/317  503/317  635/317  779/317  935/317 1103/317 1283/317 1475/317 1679/317 1895/317 2123/317 2363/317]
[2615/317 2879/317 3155/317 3443/317 3743/317 4055/317 3745/317 3447/317 3161/317 2887/317 2625/317 2375/317 2137/317 1911/317 1697/317]
[1495/317 1305/317 1127/317  961/317  807/317  665/317  535/317  417/317  311/317  217/317  135/317   65/317    7/317  -39/317  -73/317]
[ -95/317 -105/317 -103/317  -89/317  -63/317  -25/317   25/317   87/317  161/317  247/317  345/317  455/317  577/317  711/317  857/317]
[1015/317 1185/317 1367/317 1561/317 1767/317 1985/317 2215/317 2457/317 2711/317 2977/317 3255/317 3545/317 3847/317 4161/317 3853/317]
[3557/317 3273/317 3001/317 2741/317 2493/317 2257/317 2033/317 1821/317 1621/317 1433/317 1257/317 1093/317  941/317  801/317  673/317]
[ 557/317  453/317  361/317  281/317  213/317  157/317  113/317   81/317   61/317   53/317   57/317   73/317  101/317  141/317  193/317]
[ 257/317  333/317  421/317  521/317  633/317  757/317  893/317 1041/317 1201/317 1373/317 1557/317 1753/317 1961/317 2181/317 2413/317]
[2657/317 2913/317 3181/317 3461/317 3753/317 4057/317 3739/317 3433/317 3139/317 2857/317 2587/317 2329/317 2083/317 1849/317 1627/317]
[1417/317 1219/317 1033/317  859/317  697/317  547/317  409/317  283/317  169/317   67/317  -23/317 -101/317 -167/317 -221/317 -263/317]
[-293/317 -311/317        0        0        0        0        0        0        0        0        0        0        0        0        0]
[-311/317, -293/317]
84 [-311/317, 341/317]
Testing obstruction for
m1: 10, m2: 14,a: 7
[      -1 -281/317 -173/317    7/317  259/317  583/317  345/317  179/317   85/317   63/317  113/317  235/317  429/317  695/317 1033/317]
[ 809/317  657/317  577/317  569/317  633/317  769/317  977/317  623/317  341/317  131/317   -7/317  -73/317  -67/317   11/317  161/317]
[ 383/317  677/317  409/317  213/317   89/317   37/317   57/317  149/317  313/317  549/317  857/317  603/317  421/317  311/317  273/317]
[ 307/317  413/317  591/317  841/317  529/317  289/317  121/317   25/317    1/317   49/317  169/317  361/317  625/317  327/317  101/317]
[ -53/317 -135/317 -145/317  -83/317   51/317  257/317  535/317  251/317   39/317 -101/317 -169/317 -165/317  -89/317   59/317  279/317]
[ 571/317  935/317  737/317  611/317  557/317  575/317  665/317  827/317 1061/317  733/317  477/317  293/317  181/317  141/317  173/317]
[ 277/317  453/317  701/317  387/317  145/317  -25/317 -123/317 -149/317 -103/317   15/317  205/317  467/317  801/317  573/317  417/317]
[ 333/317  321/317  381/317  513/317  717/317  993/317  707/317  493/317  351/317  281/317  283/317  357/317  503/317  721/317  377/317]
[ 105/317  -95/317 -223/317 -279/317 -263/317 -175/317  -15/317  217/317  521/317  263/317   77/317  -37/317  -79/317  -49/317   53/317]
[ 227/317  473/317  791/317  547/317  375/317  275/317  247/317  291/317  407/317  595/317  855/317  553/317  323/317  165/317   79/317]
[  65/317  123/317  253/317  455/317  729/317  441/317  225/317   81/317    9/317    9/317   81/317  225/317  441/317  729/317  455/317]
[ 253/317  123/317   65/317   79/317  165/317  323/317  553/317  855/317  595/317  407/317  291/317  247/317  275/317  375/317  547/317]
[ 791/317  473/317  227/317   53/317  -49/317  -79/317  -37/317   77/317  263/317  521/317  217/317  -15/317 -175/317 -263/317 -279/317]
[-223/317  -95/317  105/317  377/317  721/317  503/317  357/317  283/317  281/317  351/317  493/317  707/317  993/317  717/317  513/317]
[ 381/317  321/317  333/317  417/317  573/317  801/317  467/317  205/317   15/317 -103/317 -149/317 -123/317  -25/317  145/317  387/317]
[ 701/317  453/317  277/317  173/317  141/317  181/317  293/317  477/317  733/317 1061/317  827/317  665/317  575/317  557/317  611/317]
[ 737/317  935/317  571/317  279/317   59/317  -89/317 -165/317 -169/317 -101/317   39/317  251/317  535/317  257/317   51/317  -83/317]
[-145/317 -135/317  -53/317  101/317  327/317  625/317  361/317  169/317   49/317    1/317   25/317  121/317  289/317  529/317  841/317]
[ 591/317  413/317  307/317  273/317  311/317  421/317  603/317  857/317  549/317  313/317  149/317   57/317   37/317   89/317  213/317]
[ 409/317  677/317  383/317  161/317   11/317  -67/317  -73/317   -7/317  131/317  341/317  623/317  977/317  769/317  633/317  569/317]
[ 577/317  657/317  809/317 1033/317  695/317  429/317  235/317  113/317   63/317   85/317  179/317  345/317  583/317  259/317    7/317]
[-173/317 -281/317        0        0        0        0        0        0        0        0        0        0        0        0        0]
Testing obstruction for
m1: 80, m2: 80,a: 79
[      -1 -313/317 -301/317 -281/317 -253/317 -217/317 -173/317 -121/317  -61/317    7/317   83/317  167/317  259/317  359/317  467/317]
[ 583/317  707/317  839/317  979/317 1127/317 1283/317 1447/317 1619/317 1799/317 1987/317 2183/317 2387/317 2599/317 2819/317 3047/317]
[3283/317 3527/317 3779/317 4039/317 4307/317 4583/317 4867/317 5159/317 5459/317 5767/317 6083/317 5773/317 5471/317 5177/317 4891/317]
[4613/317 4343/317 4081/317 3827/317 3581/317 3343/317 3113/317 2891/317 2677/317 2471/317 2273/317 2083/317 1901/317 1727/317 1561/317]
[1403/317 1253/317 1111/317  977/317  851/317  733/317  623/317  521/317  427/317  341/317  263/317  193/317  131/317   77/317   31/317]
[  -7/317  -37/317  -59/317  -73/317  -79/317  -77/317  -67/317  -49/317  -23/317   11/317   53/317  103/317  161/317  227/317  301/317]
[ 383/317  473/317  571/317  677/317  791/317  913/317 1043/317 1181/317 1327/317 1481/317 1643/317 1813/317 1991/317 2177/317 2371/317]
[2573/317 2783/317 3001/317 3227/317 3461/317 3703/317 3953/317 4211/317 4477/317 4751/317 5033/317 5323/317 5621/317 5927/317 6241/317]
[5929/317 5625/317 5329/317 5041/317 4761/317 4489/317 4225/317 3969/317 3721/317 3481/317 3249/317 3025/317 2809/317 2601/317 2401/317]
[2209/317 2025/317 1849/317 1681/317 1521/317 1369/317 1225/317 1089/317  961/317  841/317  729/317  625/317  529/317  441/317  361/317]
[ 289/317  225/317  169/317  121/317   81/317   49/317   25/317    9/317    1/317    1/317    9/317   25/317   49/317   81/317  121/317]
[ 169/317  225/317  289/317  361/317  441/317  529/317  625/317  729/317  841/317  961/317 1089/317 1225/317 1369/317 1521/317 1681/317]
[1849/317 2025/317 2209/317 2401/317 2601/317 2809/317 3025/317 3249/317 3481/317 3721/317 3969/317 4225/317 4489/317 4761/317 5041/317]
[5329/317 5625/317 5929/317 6241/317 5927/317 5621/317 5323/317 5033/317 4751/317 4477/317 4211/317 3953/317 3703/317 3461/317 3227/317]
[3001/317 2783/317 2573/317 2371/317 2177/317 1991/317 1813/317 1643/317 1481/317 1327/317 1181/317 1043/317  913/317  791/317  677/317]
[ 571/317  473/317  383/317  301/317  227/317  161/317  103/317   53/317   11/317  -23/317  -49/317  -67/317  -77/317  -79/317  -73/317]
[ -59/317  -37/317   -7/317   31/317   77/317  131/317  193/317  263/317  341/317  427/317  521/317  623/317  733/317  851/317  977/317]
[1111/317 1253/317 1403/317 1561/317 1727/317 1901/317 2083/317 2273/317 2471/317 2677/317 2891/317 3113/317 3343/317 3581/317 3827/317]
[4081/317 4343/317 4613/317 4891/317 5177/317 5471/317 5773/317 6083/317 5767/317 5459/317 5159/317 4867/317 4583/317 4307/317 4039/317]
[3779/317 3527/317 3283/317 3047/317 2819/317 2599/317 2387/317 2183/317 1987/317 1799/317 1619/317 1447/317 1283/317 1127/317  979/317]
[ 839/317  707/317  583/317  467/317  359/317  259/317  167/317   83/317    7/317  -61/317 -121/317 -173/317 -217/317 -253/317 -281/317]
[-301/317 -313/317        0        0        0        0        0        0        0        0        0        0        0        0        0]
---------------------------
SUCCESS for name = 13a983
---------------------------
13a984
Correction terms
[      -1  225/349 -147/349  -69/349 -239/349   41/349   73/349 -143/349   91/349   77/349 -185/349    3/349  -57/349  333/349 -223/349]
[ 369/349   15/349  111/349  -41/349  257/349  307/349  109/349  361/349  365/349  121/349 -371/349  285/349   -5/349  155/349   67/349]
[ 429/349 -155/349 -289/349   27/349   95/349  -85/349  185/349  207/349  -19/349 -493/349  181/349  -91/349   87/349   17/349  397/349]
[-169/349 -285/349   49/349  135/349  -27/349  261/349  301/349   93/349 -363/349  329/349   75/349  271/349  219/349  -81/349   69/349]
[ -29/349  323/349  427/349  283/349 -109/349  -51/349 -241/349   19/349   31/349  493/349    9/349  -25/349 -307/349 -139/349 -219/349]
[ 151/349  273/349  147/349 -227/349 -151/349 -323/349  -45/349  -15/349  465/349   -1/349  -17/349 -281/349  -95/349 -157/349  231/349]
[ 371/349  263/349  -93/349    1/349 -153/349  143/349  191/349   -9/349  241/349  243/349   -3/349  201/349  157/349 -135/349   23/349]
[ -67/349  293/349 -293/349  269/349 -115/349  -49/349 -231/349   37/349   57/349 -171/349   51/349   25/349 -249/349  -73/349 -145/349]
[ 233/349 -335/349  245/349 -121/349  -37/349 -201/349   85/349  123/349  -87/349  153/349  145/349 -111/349   83/349   29/349  425/349]
[-125/349 -225/349  125/349  227/349   81/349  385/349  441/349  249/349 -191/349 -181/349  279/349 -207/349  455/349  171/349  337/349]
[-443/349  -75/349   45/349  -83/349  239/349  313/349  139/349 -283/349 -255/349  223/349 -245/349  435/349  169/349  353/349 -409/349]
[ -23/349  115/349    5/349  345/349  437/349  281/349 -123/349  -77/349  419/349  -31/349  -31/349  419/349  -77/349 -123/349  281/349]
[ 437/349  345/349    5/349  115/349  -23/349 -409/349  353/349  169/349  435/349 -245/349  223/349 -255/349 -283/349  139/349  313/349]
[ 239/349  -83/349   45/349  -75/349 -443/349  337/349  171/349  455/349 -207/349  279/349 -181/349 -191/349  249/349  441/349  385/349]
[  81/349  227/349  125/349 -225/349 -125/349  425/349   29/349   83/349 -111/349  145/349  153/349  -87/349  123/349   85/349 -201/349]
[ -37/349 -121/349  245/349 -335/349  233/349 -145/349  -73/349 -249/349   25/349   51/349 -171/349   57/349   37/349 -231/349  -49/349]
[-115/349  269/349 -293/349  293/349  -67/349   23/349 -135/349  157/349  201/349   -3/349  243/349  241/349   -9/349  191/349  143/349]
[-153/349    1/349  -93/349  263/349  371/349  231/349 -157/349  -95/349 -281/349  -17/349   -1/349  465/349  -15/349  -45/349 -323/349]
[-151/349 -227/349  147/349  273/349  151/349 -219/349 -139/349 -307/349  -25/349    9/349  493/349   31/349   19/349 -241/349  -51/349]
[-109/349  283/349  427/349  323/349  -29/349   69/349  -81/349  219/349  271/349   75/349  329/349 -363/349   93/349  301/349  261/349]
[ -27/349  135/349   49/349 -285/349 -169/349  397/349   17/349   87/349  -91/349  181/349 -493/349  -19/349  207/349  185/349  -85/349]
[  95/349   27/349 -289/349 -155/349  429/349   67/349  155/349   -5/349  285/349 -371/349  121/349  365/349  361/349  109/349  307/349]
[ 257/349  -41/349  111/349   15/349  369/349 -223/349  333/349  -57/349    3/349 -185/349   77/349   91/349 -143/349   73/349   41/349]
[-239/349  -69/349 -147/349  225/349        0        0        0        0        0        0        0        0        0        0        0]
Testing obstruction for
m1: 4, m2: 28,a: 3
[      -1 -335/349 -293/349 -223/349 -125/349    1/349  155/349  337/349  547/349  785/349 1051/349 1345/349 1667/349 2017/349 1697/349]
[1405/349 1141/349  905/349  697/349  517/349  365/349  241/349  145/349   77/349   37/349   25/349   41/349   85/349  157/349  257/349]
[ 385/349  541/349  725/349  937/349 1177/349 1445/349 1741/349 2065/349 1719/349 1401/349 1111/349  849/349  615/349  409/349  231/349]
[  81/349  -41/349 -135/349 -201/349 -239/349 -249/349 -231/349 -185/349 -111/349   -9/349  121/349  279/349  465/349  679/349  921/349]
[1191/349 1489/349 1815/349 2169/349 1853/349 1565/349 1305/349 1073/349  869/349  693/349  545/349  425/349  333/349  269/349  233/349]
[ 225/349  245/349  293/349  369/349  473/349  605/349  765/349  953/349 1169/349 1413/349 1685/349 1985/349 2313/349 1971/349 1657/349]
[1371/349 1113/349  883/349  681/349  507/349  361/349  243/349  153/349   91/349   57/349   51/349   73/349  123/349  201/349  307/349]
[ 441/349  603/349  793/349 1011/349 1257/349 1531/349 1833/349 2163/349 1823/349 1511/349 1227/349  971/349  743/349  543/349  371/349]
[ 227/349  111/349   23/349  -37/349  -69/349  -73/349  -49/349    3/349   83/349  191/349  327/349  491/349  683/349  903/349 1151/349]
[1427/349 1731/349 2063/349 1725/349 1415/349 1133/349  879/349  653/349  455/349  285/349  143/349   29/349  -57/349 -115/349 -145/349]
[-147/349 -121/349  -67/349   15/349  125/349  263/349  429/349  623/349  845/349 1095/349 1373/349 1679/349 2013/349 1677/349 1369/349]
[1089/349  837/349  613/349  417/349  249/349  109/349   -3/349  -87/349 -143/349 -171/349 -171/349 -143/349  -87/349   -3/349  109/349]
[ 249/349  417/349  613/349  837/349 1089/349 1369/349 1677/349 2013/349 1679/349 1373/349 1095/349  845/349  623/349  429/349  263/349]
[ 125/349   15/349  -67/349 -121/349 -147/349 -145/349 -115/349  -57/349   29/349  143/349  285/349  455/349  653/349  879/349 1133/349]
[1415/349 1725/349 2063/349 1731/349 1427/349 1151/349  903/349  683/349  491/349  327/349  191/349   83/349    3/349  -49/349  -73/349]
[ -69/349  -37/349   23/349  111/349  227/349  371/349  543/349  743/349  971/349 1227/349 1511/349 1823/349 2163/349 1833/349 1531/349]
[1257/349 1011/349  793/349  603/349  441/349  307/349  201/349  123/349   73/349   51/349   57/349   91/349  153/349  243/349  361/349]
[ 507/349  681/349  883/349 1113/349 1371/349 1657/349 1971/349 2313/349 1985/349 1685/349 1413/349 1169/349  953/349  765/349  605/349]
[ 473/349  369/349  293/349  245/349  225/349  233/349  269/349  333/349  425/349  545/349  693/349  869/349 1073/349 1305/349 1565/349]
[1853/349 2169/349 1815/349 1489/349 1191/349  921/349  679/349  465/349  279/349  121/349   -9/349 -111/349 -185/349 -231/349 -249/349]
[-239/349 -201/349 -135/349  -41/349   81/349  231/349  409/349  615/349  849/349 1111/349 1401/349 1719/349 2065/349 1741/349 1445/349]
[1177/349  937/349  725/349  541/349  385/349  257/349  157/349   85/349   41/349   25/349   37/349   77/349  145/349  241/349  365/349]
[ 517/349  697/349  905/349 1141/349 1405/349 1697/349 2017/349 1667/349 1345/349 1051/349  785/349  547/349  337/349  155/349    1/349]
[-125/349 -223/349 -293/349 -335/349        0        0        0        0        0        0        0        0        0        0        0]
Unobstructed
121
---------------------------
---------------------------
