12a1243
Correction terms
[     -1 -101/85 -149/85  -59/85   -1/85    5/17   19/85  -19/85  -89/85  -21/85    3/17   19/85   -9/85  -69/85    9/85]
[  11/17   69/85     3/5    1/85  -81/85   -5/17   -1/85   -9/85  -49/85 -121/85  -11/17  -21/85  -19/85  -49/85 -111/85]
[  -7/17    9/85   21/85    1/85    -3/5  -27/17  -81/85  -59/85  -69/85 -111/85   -3/17   49/85   81/85   81/85   49/85]
[  -3/17 -111/85  -69/85  -59/85  -81/85  -27/17    -3/5    1/85   21/85    9/85   -7/17 -111/85  -49/85  -19/85  -21/85]
[ -11/17 -121/85  -49/85   -9/85   -1/85   -5/17  -81/85    1/85     3/5   69/85   11/17    9/85  -69/85   -9/85   19/85]
[   3/17  -21/85  -89/85  -19/85   19/85    5/17   -1/85  -59/85 -149/85 -101/85       0       0       0       0       0]
Testing obstruction for
m1: 6, m2: 6,a: 3
[    -1 -63/85   3/85 113/85  97/85  25/17  27/85 -27/85 -37/85  -3/85  15/17  27/85  23/85  63/85 -23/85]
[-13/17 -63/85   -1/5  73/85  37/85   9/17  97/85  23/85  -7/85   7/85  13/17  -3/85 -27/85  -7/85  57/85]
[ -1/17 -23/85   3/85  73/85    1/5   1/17  37/85 113/85  63/85  57/85  19/17   7/85 -37/85 -37/85   7/85]
[ 19/17  57/85  63/85 113/85  37/85   1/17    1/5  73/85   3/85 -23/85  -1/17  57/85  -7/85 -27/85  -3/85]
[ 13/17   7/85  -7/85  23/85  97/85   9/17  37/85  73/85   -1/5 -63/85 -13/17 -23/85  63/85  23/85  27/85]
[ 15/17  -3/85 -37/85 -27/85  27/85  25/17  97/85 113/85   3/85 -63/85      0      0      0      0      0]
Testing obstruction for
m1: 22, m2: 22,a: 21
[    -1 -81/85 -69/85 -49/85 -21/85   3/17  59/85 111/85 171/85 239/85  63/17 399/85 321/85 251/85 189/85]
[ 27/17  89/85    3/5  21/85  -1/85  -3/17 -21/85 -19/85  -9/85   9/85   7/17  69/85 111/85 161/85 219/85]
[ 57/17 359/85 441/85 361/85   17/5  45/17 169/85 121/85  81/85  49/85   5/17   9/85   1/85   1/85   9/85]
[  5/17  49/85  81/85 121/85 169/85  45/17   17/5 361/85 441/85 359/85  57/17 219/85 161/85 111/85  69/85]
[  7/17   9/85  -9/85 -19/85 -21/85  -3/17  -1/85  21/85    3/5  89/85  27/17 189/85 251/85 321/85 399/85]
[ 63/17 239/85 171/85 111/85  59/85   3/17 -21/85 -49/85 -69/85 -81/85      0      0      0      0      0]
Unobstructed
19
---------------------------
---------------------------
12a1247
Correction terms
[      -1  -35/117  -23/117    -9/13   25/117   61/117   -23/13  -77/117  -17/117    -3/13 -107/117  -23/117    -1/13     -5/9   43/117]
[  -17/13 -185/117  -53/117     1/13    1/117  -77/117     1/13   25/117  -29/117   -17/13 -113/117    -11/9    -1/13   55/117 -185/117]
[   -3/13   61/117 -155/117   -23/13  -95/117  -53/117    -9/13   55/117 -113/117       -1   43/117 -101/117    -9/13 -131/117  -17/117]
[    3/13    1/117  -95/117    -3/13  -29/117 -101/117    -1/13    -17/9  -35/117     9/13 -107/117 -131/117     1/13 -155/117 -155/117]
[    1/13 -131/117 -107/117     9/13  -35/117    -17/9    -1/13 -101/117  -29/117    -3/13  -95/117    1/117     3/13  -17/117 -131/117]
[   -9/13 -101/117   43/117       -1 -113/117   55/117    -9/13  -53/117  -95/117   -23/13 -155/117   61/117    -3/13 -185/117   55/117]
[   -1/13    -11/9 -113/117   -17/13  -29/117   25/117     1/13  -77/117    1/117     1/13  -53/117 -185/117   -17/13   43/117     -5/9]
[   -1/13  -23/117 -107/117    -3/13  -17/117  -77/117   -23/13   61/117   25/117    -9/13  -23/117  -35/117        0        0        0]
Testing obstruction for
m1: 2, m2: 20,a: 0
Obstructed by Z^n/Q not being cyclic
Testing obstruction for
m1: 6, m2: 6,a: 1
[     -1 -95/117 -29/117    9/13   1/117 -35/117   -3/13  25/117 121/117    3/13 -23/117 -29/117    1/13     7/9 217/117]
[  17/13 133/117 157/117   25/13 103/117  25/117   -1/13   1/117  55/117   17/13  61/117     1/9    1/13  49/117 133/117]
[   3/13 -35/117 -53/117   -3/13  43/117 157/117    9/13  49/117  61/117       1 217/117 127/117    9/13  79/117 121/117]
[  23/13 103/117  43/117    3/13  55/117 127/117    1/13    -5/9 -95/117   -9/13 -23/117  79/117   -1/13 -53/117 -53/117]
[  -1/13  79/117 -23/117   -9/13 -95/117    -5/9    1/13 127/117  55/117    3/13  43/117 103/117   23/13 121/117  79/117]
[   9/13 127/117 217/117       1  61/117  49/117    9/13 157/117  43/117   -3/13 -53/117 -35/117    3/13 133/117  49/117]
[   1/13     1/9  61/117   17/13  55/117   1/117   -1/13  25/117 103/117   25/13 157/117 133/117   17/13 217/117     7/9]
[   1/13 -29/117 -23/117    3/13 121/117  25/117   -3/13 -35/117   1/117    9/13 -29/117 -95/117       0       0       0]
Unobstructed
34
---------------------------
---------------------------
12a1255
Correction terms
[      -1 -239/177  -71/177    -9/59 -107/177   43/177    23/59  -29/177  103/177    37/59   -5/177  109/177    33/59  -35/177   61/177]
[   11/59 -119/177  -41/177   -29/59 -257/177 -197/177   -87/59  -95/177  -53/177   -45/59   13/177   37/177   -21/59   67/177   73/177]
[  -15/59   67/177   55/177   -27/59   13/177  -17/177   -57/59  -95/177 -143/177    13/59 -257/177   31/177   -53/59 -119/177 -203/177]
[  -19/59  -35/177 -137/177    -3/59   -5/177 -125/177    -5/59  -29/177 -167/177   -25/59 -107/177   91/177   -63/59  115/177     -1/3]
[   -1/59  -71/177   91/177   -75/59   43/177 -167/177   -49/59 -251/177 -125/177   -41/59 -245/177 -137/177   -51/59   61/177 -203/177]
[   39/59  -41/177   31/177    -7/59  157/177 -143/177    47/59  -53/177  -17/177   -35/59   37/177 -299/177   -17/59 -281/177 -281/177]
[  -17/59 -299/177   37/177   -35/59  -17/177  -53/177    47/59 -143/177  157/177    -7/59   31/177  -41/177    39/59 -203/177   61/177]
[  -51/59 -137/177 -245/177   -41/59 -125/177 -251/177   -49/59 -167/177   43/177   -75/59   91/177  -71/177    -1/59     -1/3  115/177]
[  -63/59   91/177 -107/177   -25/59 -167/177  -29/177    -5/59 -125/177   -5/177    -3/59 -137/177  -35/177   -19/59 -203/177 -119/177]
[  -53/59   31/177 -257/177    13/59 -143/177  -95/177   -57/59  -17/177   13/177   -27/59   55/177   67/177   -15/59   73/177   67/177]
[  -21/59   37/177   13/177   -45/59  -53/177  -95/177   -87/59 -197/177 -257/177   -29/59  -41/177 -119/177    11/59   61/177  -35/177]
[   33/59  109/177   -5/177    37/59  103/177  -29/177    23/59   43/177 -107/177    -9/59  -71/177 -239/177        0        0        0]
Testing obstruction for
m1: 2, m2: 30,a: 0
[      -1  -53/177  -35/177   -41/59   37/177   91/177    13/59  235/177  325/177   103/59  541/177  667/177   229/59  955/177 1117/177]
[  391/59 1123/177  967/177   235/59  691/177  571/177   115/59  367/177  283/177    31/59  151/177  103/177   -17/59   43/177   31/177]
[  -29/59   43/177   67/177    -5/59  151/177  211/177    55/59  367/177  463/177   151/59  691/177  823/177   283/59 1123/177 1291/177]
[  333/59  955/177  805/177   183/59  541/177  427/177    69/59  235/177  157/177    -9/59   37/177   -5/177   -51/59  -53/177     -1/3]
[  -57/59  -35/177   -5/177   -27/59   91/177  157/177    39/59  325/177  427/177   141/59  667/177  805/177   279/59 1117/177 1291/177]
[  335/59  967/177  823/177   191/59  571/177  463/177    83/59  283/177  211/177    11/59  103/177   67/177   -25/59   31/177   31/177]
[  -25/59   67/177  103/177    11/59  211/177  283/177    83/59  463/177  571/177   191/59  823/177  967/177   335/59 1291/177 1117/177]
[  279/59  805/177  667/177   141/59  427/177  325/177    39/59  157/177   91/177   -27/59   -5/177  -35/177   -57/59     -1/3  -53/177]
[  -51/59   -5/177   37/177    -9/59  157/177  235/177    69/59  427/177  541/177   183/59  805/177  955/177   333/59 1291/177 1123/177]
[  283/59  823/177  691/177   151/59  463/177  367/177    55/59  211/177  151/177    -5/59   67/177   43/177   -29/59   31/177   43/177]
[  -17/59  103/177  151/177    31/59  283/177  367/177   115/59  571/177  691/177   235/59  967/177 1123/177   391/59 1117/177  955/177]
[  229/59  667/177  541/177   103/59  325/177  235/177    13/59   91/177   37/177   -41/59  -35/177  -53/177        0        0        0]
Unobstructed
23
---------------------------
---------------------------
12a1266
Correction terms
[      -1  -11/129 -173/129   -33/43  -47/129  -17/129    -3/43  -23/129  -59/129   -39/43   61/129  -41/129   -55/43  -53/129   37/129]
[  -51/43 -107/129  -83/129   -27/43 -101/129 -143/129    17/43  -35/129 -143/129    -5/43   91/129  -83/129    -7/43   19/129   37/129]
[  -75/43    7/129  -41/129   -37/43 -203/129  -59/129    21/43  -95/129  -17/129    13/43   73/129 -173/129    25/43      1/3  -11/129]
[  -29/43   73/129  -47/129   -63/43  -95/129  -23/129     9/43 -203/129   61/129    15/43    7/129  -53/129    41/43   19/129 -107/129]
[    1/43   91/129 -101/129   -19/43  -35/129  -35/129   -19/43 -101/129   91/129     1/43 -107/129   19/129    41/43  -53/129    7/129]
[   15/43   61/129 -203/129     9/43  -23/129  -95/129   -63/43  -47/129   73/129   -29/43  -11/129      1/3    25/43 -173/129   73/129]
[   13/43  -17/129  -95/129    21/43  -59/129 -203/129   -37/43  -41/129    7/129   -75/43   37/129   19/129    -7/43  -83/129   91/129]
[   -5/43 -143/129  -35/129    17/43 -143/129 -101/129   -27/43  -83/129 -107/129   -51/43   37/129  -53/129   -55/43  -41/129   61/129]
[  -39/43  -59/129  -23/129    -3/43  -17/129  -47/129   -33/43 -173/129  -11/129        0        0        0        0        0        0]
Testing obstruction for
m1: 2, m2: 22,a: 0
[     -1 -37/129 -19/129  -25/43  53/129 107/129   29/43 251/129 341/129  119/43 557/129 683/129  159/43 455/129 359/129]
[  63/43 203/129 143/129    3/43  59/129  35/129  -21/43  23/129  35/129   -9/43  95/129 143/129   39/43 275/129 359/129]
[ 123/43 563/129 683/129  157/43 443/129 341/129   55/43 173/129 107/129  -11/43  11/129 -19/129  -41/43    -1/3 -37/129]
[ -35/43  11/129  53/129    7/43 173/129 251/129   85/43 443/129 557/129  199/43 563/129 455/129   91/43 275/129 203/129]
[  19/43  95/129  59/129  -17/43  23/129  23/129  -17/43  59/129  95/129   19/43 203/129 275/129   91/43 455/129 563/129]
[ 199/43 557/129 443/129   85/43 251/129 173/129    7/43  53/129  11/129  -35/43 -37/129    -1/3  -41/43 -19/129  11/129]
[ -11/43 107/129 173/129   55/43 341/129 443/129  157/43 683/129 563/129  123/43 359/129 275/129   39/43 143/129  95/129]
[  -9/43  35/129  23/129  -21/43  35/129  59/129    3/43 143/129 203/129   63/43 359/129 455/129  159/43 683/129 557/129]
[ 119/43 341/129 251/129   29/43 107/129  53/129  -25/43 -19/129 -37/129       0       0       0       0       0       0]
Testing obstruction for
m1: 4, m2: 10,a: 1
[      -1 -115/129  -73/129    -1/43   95/129  221/129    39/43   41/129   -7/129    -9/43  -19/129   17/129    27/43  173/129  293/129]
[   61/43  101/129   47/129     7/43   23/129   53/129    37/43  197/129  311/129    65/43  107/129   47/129     5/43   11/129   35/129]
[   29/43  167/129  275/129    51/43   59/129   -7/129   -15/43  -55/129  -37/129     3/43   83/129  185/129   105/43      5/3  143/129]
[   33/43   83/129   95/129    45/43  203/129  299/129    55/43   59/129  -19/129   -23/43  -91/129  -85/129   -17/43   11/129  101/129]
[   73/43  107/129   23/129   -11/43  -61/129  -61/129   -11/43   23/129  107/129    73/43  101/129   11/129   -17/43  -85/129  -91/129]
[  -23/43  -19/129   59/129    55/43  299/129  203/129    45/43   95/129   83/129    33/43  143/129      5/3   105/43  185/129   83/129]
[    3/43  -37/129  -55/129   -15/43   -7/129   59/129    51/43  275/129  167/129    29/43   35/129   11/129     5/43   47/129  107/129]
[   65/43  311/129  197/129    37/43   53/129   23/129     7/43   47/129  101/129    61/43  293/129  173/129    27/43   17/129  -19/129]
[   -9/43   -7/129   41/129    39/43  221/129   95/129    -1/43  -73/129 -115/129        0        0        0        0        0        0]
Testing obstruction for
m1: 6, m2: 8,a: 3
[      -1 -107/129  -41/129    23/43  223/129  163/129    49/43  175/129  247/129    35/43    7/129  -47/129   -19/43  -23/129   55/129]
[   59/43   85/129   37/129    11/43   73/129  157/129     9/43  -59/129 -101/129   -33/43  -53/129   37/129    57/43   91/129   55/129]
[   21/43  115/129  211/129    31/43   19/129  -11/129     1/43   61/129  163/129    17/43  -17/129  -41/129    -7/43      1/3  151/129]
[   15/43  -17/129  -35/129    -3/43   61/129  175/129    25/43   19/129    7/129    13/43  115/129  235/129    47/43   91/129   85/129]
[   41/43  205/129   73/129    -5/43  -59/129  -59/129    -5/43   73/129  205/129    41/43   85/129   91/129    47/43  235/129  115/129]
[   13/43    7/129   19/129    25/43  175/129   61/129    -3/43  -35/129  -17/129    15/43  151/129      1/3    -7/43  -41/129  -17/129]
[   17/43  163/129   61/129     1/43  -11/129   19/129    31/43  211/129  115/129    21/43   55/129   91/129    57/43   37/129  -53/129]
[  -33/43 -101/129  -59/129     9/43  157/129   73/129    11/43   37/129   85/129    59/43   55/129  -23/129   -19/43  -47/129    7/129]
[   35/43  247/129  175/129    49/43  163/129  223/129    23/43  -41/129 -107/129        0        0        0        0        0        0]
Unobstructed
16
---------------------------
---------------------------
12a1278
Correction terms
[    -1 -15/41 -19/41 -53/41 -35/41 -47/41  -7/41   3/41 -17/41 -67/41 -65/41 -11/41  13/41   7/41 -29/41]
[-95/41 -27/41  11/41  19/41  -3/41 -55/41 -55/41  -3/41  19/41  11/41 -27/41 -95/41 -29/41   7/41  13/41]
[-11/41 -65/41 -67/41 -17/41   3/41  -7/41 -47/41 -35/41 -53/41 -19/41 -15/41      0      0      0      0]
Testing obstruction for
m1: 2, m2: 8,a: 1
[    -1 -35/41 -17/41  13/41  55/41  27/41  11/41   7/41  15/41  35/41  67/41  29/41   3/41 -11/41 -13/41]
[ -3/41  19/41  53/41  17/41  -7/41 -19/41 -19/41  -7/41  17/41  53/41  19/41  -3/41 -13/41 -11/41   3/41]
[ 29/41  67/41  35/41  15/41   7/41  11/41  27/41  55/41  13/41 -17/41 -35/41      0      0      0      0]
Unobstructed
4
---------------------------
---------------------------
