13a126
Correction terms
[      -1 -169/269  131/269   93/269  255/269   79/269  103/269  327/269  213/269  299/269   47/269   -5/269  143/269  -47/269  -37/269]
[ 173/269   45/269  117/269 -149/269 -215/269  -81/269 -285/269 -289/269  -93/269 -235/269 -177/269   81/269    1/269  121/269  -97/269]
[-115/269   67/269  -89/269  -45/269  199/269  105/269  211/269  -21/269  -53/269  115/269  -55/269  -25/269  205/269   97/269  189/269]
[ -57/269 -103/269   51/269 -133/269 -117/269   99/269  -23/269   55/269  333/269  273/269  413/269  215/269  217/269 -119/269 -255/269]
[-191/269   73/269   -1/269  125/269  -87/269  -99/269   89/269  -61/269  -11/269 -299/269 -387/269 -275/269   37/269   11/269  185/269]
[  21/269   57/269  293/269  191/269  289/269   49/269    9/269  169/269   -9/269   13/269  235/269  119/269  203/269  -51/269 -105/269]
[  41/269 -151/269 -143/269   65/269  -65/269    5/269  275/269  207/269  339/269  133/269  127/269  321/269  177/269  233/269  -49/269]
[-131/269  -13/269 -233/269 -253/269  -73/269 -231/269 -189/269   53/269  -43/269   61/269 -173/269 -207/269  -41/269 -213/269 -185/269]
[  43/269  -67/269   23/269  313/269  265/269  417/269  231/269  245/269  -79/269 -203/269 -127/269  149/269   87/269  225/269   25/269]
[  25/269  225/269   87/269  149/269 -127/269 -203/269  -79/269  245/269  231/269  417/269  265/269  313/269   23/269  -67/269   43/269]
[-185/269 -213/269  -41/269 -207/269 -173/269   61/269  -43/269   53/269 -189/269 -231/269  -73/269 -253/269 -233/269  -13/269 -131/269]
[ -49/269  233/269  177/269  321/269  127/269  133/269  339/269  207/269  275/269    5/269  -65/269   65/269 -143/269 -151/269   41/269]
[-105/269  -51/269  203/269  119/269  235/269   13/269   -9/269  169/269    9/269   49/269  289/269  191/269  293/269   57/269   21/269]
[ 185/269   11/269   37/269 -275/269 -387/269 -299/269  -11/269  -61/269   89/269  -99/269  -87/269  125/269   -1/269   73/269 -191/269]
[-255/269 -119/269  217/269  215/269  413/269  273/269  333/269   55/269  -23/269   99/269 -117/269 -133/269   51/269 -103/269  -57/269]
[ 189/269   97/269  205/269  -25/269  -55/269  115/269  -53/269  -21/269  211/269  105/269  199/269  -45/269  -89/269   67/269 -115/269]
[ -97/269  121/269    1/269   81/269 -177/269 -235/269  -93/269 -289/269 -285/269  -81/269 -215/269 -149/269  117/269   45/269  173/269]
[ -37/269  -47/269  143/269   -5/269   47/269  299/269  213/269  327/269  103/269   79/269  255/269   93/269  131/269 -169/269        0]
Testing obstruction for
m1: 2, m2: 46,a: 1
[      -1 -263/269 -245/269 -215/269 -173/269 -119/269  -53/269   25/269  115/269  217/269  331/269  457/269  595/269  745/269  907/269]
[1081/269 1267/269 1465/269 1675/269 1897/269 2131/269 2377/269 2635/269 2905/269 2649/269 2405/269 2173/269 1953/269 1745/269 1549/269]
[1365/269 1193/269 1033/269  885/269  749/269  625/269  513/269  413/269  325/269  249/269  185/269  133/269   93/269   65/269   49/269]
[  45/269   53/269   73/269  105/269  149/269  205/269  273/269  353/269  445/269  549/269  665/269  793/269  933/269 1085/269 1249/269]
[1425/269 1613/269 1813/269 2025/269 2249/269 2485/269 2733/269 2993/269 2727/269 2473/269 2231/269 2001/269 1783/269 1577/269 1383/269]
[1201/269 1031/269  873/269  727/269  593/269  471/269  361/269  263/269  177/269  103/269   41/269   -9/269  -47/269  -73/269  -87/269]
[ -89/269  -79/269  -57/269  -23/269   23/269   81/269  151/269  233/269  327/269  433/269  551/269  681/269  823/269  977/269 1143/269]
[1321/269 1511/269 1713/269 1927/269 2153/269 2391/269 2641/269 2903/269 2639/269 2387/269 2147/269 1919/269 1703/269 1499/269 1307/269]
[1127/269  959/269  803/269  659/269  527/269  407/269  299/269  203/269  119/269   47/269  -13/269  -61/269  -97/269 -121/269 -133/269]
[-133/269 -121/269  -97/269  -61/269  -13/269   47/269  119/269  203/269  299/269  407/269  527/269  659/269  803/269  959/269 1127/269]
[1307/269 1499/269 1703/269 1919/269 2147/269 2387/269 2639/269 2903/269 2641/269 2391/269 2153/269 1927/269 1713/269 1511/269 1321/269]
[1143/269  977/269  823/269  681/269  551/269  433/269  327/269  233/269  151/269   81/269   23/269  -23/269  -57/269  -79/269  -89/269]
[ -87/269  -73/269  -47/269   -9/269   41/269  103/269  177/269  263/269  361/269  471/269  593/269  727/269  873/269 1031/269 1201/269]
[1383/269 1577/269 1783/269 2001/269 2231/269 2473/269 2727/269 2993/269 2733/269 2485/269 2249/269 2025/269 1813/269 1613/269 1425/269]
[1249/269 1085/269  933/269  793/269  665/269  549/269  445/269  353/269  273/269  205/269  149/269  105/269   73/269   53/269   45/269]
[  49/269   65/269   93/269  133/269  185/269  249/269  325/269  413/269  513/269  625/269  749/269  885/269 1033/269 1193/269 1365/269]
[1549/269 1745/269 1953/269 2173/269 2405/269 2649/269 2905/269 2635/269 2377/269 2131/269 1897/269 1675/269 1465/269 1267/269 1081/269]
[ 907/269  745/269  595/269  457/269  331/269  217/269  115/269   25/269  -53/269 -119/269 -173/269 -215/269 -245/269 -263/269        0]
Testing obstruction for
m1: 4, m2: 20,a: 1
[      -1 -255/269 -213/269 -143/269  -45/269   81/269  235/269  417/269  627/269  865/269 1131/269  887/269  671/269  483/269  323/269]
[ 191/269   87/269   11/269  -37/269  -57/269  -49/269  -13/269   51/269  143/269  263/269  411/269  587/269  791/269 1023/269 1283/269]
[1033/269  811/269  617/269  451/269  313/269  203/269  121/269   67/269   41/269   43/269   73/269  131/269  217/269  331/269  473/269]
[ 643/269  841/269 1067/269 1321/269 1065/269  837/269  637/269  465/269  321/269  205/269  117/269   57/269   25/269   21/269   45/269]
[  97/269  177/269  285/269  421/269  585/269  777/269  997/269 1245/269  983/269  749/269  543/269  365/269  215/269   93/269   -1/269]
[ -67/269 -105/269 -115/269  -97/269  -51/269   23/269  125/269  255/269  413/269  599/269  813/269 1055/269 1325/269 1085/269  873/269]
[ 689/269  533/269  405/269  305/269  233/269  189/269  173/269  185/269  225/269  293/269  389/269  513/269  665/269  845/269 1053/269]
[1289/269 1015/269  769/269  551/269  361/269  199/269   65/269  -41/269 -119/269 -169/269 -191/269 -185/269 -151/269  -89/269    1/269]
[ 119/269  265/269  439/269  641/269  871/269 1129/269  877/269  653/269  457/269  289/269  149/269   37/269  -47/269 -103/269 -131/269]
[-131/269 -103/269  -47/269   37/269  149/269  289/269  457/269  653/269  877/269 1129/269  871/269  641/269  439/269  265/269  119/269]
[   1/269  -89/269 -151/269 -185/269 -191/269 -169/269 -119/269  -41/269   65/269  199/269  361/269  551/269  769/269 1015/269 1289/269]
[1053/269  845/269  665/269  513/269  389/269  293/269  225/269  185/269  173/269  189/269  233/269  305/269  405/269  533/269  689/269]
[ 873/269 1085/269 1325/269 1055/269  813/269  599/269  413/269  255/269  125/269   23/269  -51/269  -97/269 -115/269 -105/269  -67/269]
[  -1/269   93/269  215/269  365/269  543/269  749/269  983/269 1245/269  997/269  777/269  585/269  421/269  285/269  177/269   97/269]
[  45/269   21/269   25/269   57/269  117/269  205/269  321/269  465/269  637/269  837/269 1065/269 1321/269 1067/269  841/269  643/269]
[ 473/269  331/269  217/269  131/269   73/269   43/269   41/269   67/269  121/269  203/269  313/269  451/269  617/269  811/269 1033/269]
[1283/269 1023/269  791/269  587/269  411/269  263/269  143/269   51/269  -13/269  -49/269  -57/269  -37/269   11/269   87/269  191/269]
[ 323/269  483/269  671/269  887/269 1131/269  865/269  627/269  417/269  235/269   81/269  -45/269 -143/269 -213/269 -255/269        0]
Unobstructed
59
---------------------------
---------------------------
13a147
Correction terms
[      -1 -341/317  221/317  101/317  -67/317 -283/317   87/317 -225/317   49/317 -359/317 -181/317  -51/317   31/317   65/317   51/317]
[ -11/317 -121/317 -279/317  149/317 -105/317  227/317 -123/317  113/317 -333/317 -193/317 -101/317  -57/317  -61/317 -113/317 -213/317]
[ 273/317   77/317 -167/317 -459/317 -165/317   81/317  279/317 -205/317 -103/317  -49/317  -43/317  -85/317 -175/317 -313/317  135/317]
[ -99/317  253/317  -77/317  179/317 -247/317  -87/317   25/317   89/317  105/317   73/317   -7/317 -135/317 -311/317   99/317 -173/317]
[ 141/317 -227/317   -9/317  161/317  283/317 -277/317 -251/317 -273/317  291/317  173/317    7/317 -207/317  165/317 -145/317  131/317]
[-275/317  -95/317   37/317  121/317  157/317  145/317   85/317  -23/317 -179/317  251/317   -1/317 -301/317  -15/317  223/317 -221/317]
[ -79/317   15/317   61/317   59/317    9/317  -89/317  399/317  205/317  -37/317 -327/317  -31/317  217/317 -217/317  -65/317   39/317]
[  95/317  103/317   63/317  -25/317 -161/317 -345/317   57/317  411/317   83/317 -293/317  -83/317   79/317  193/317 -375/317 -357/317]
[ 247/317  169/317   43/317 -131/317  281/317   11/317 -307/317  -39/317  181/317  353/317 -157/317  -81/317  -53/317  -73/317 -141/317]
[-257/317  213/317    1/317 -259/317   67/317  345/317  -59/317 -511/317 -377/317  343/317  381/317 -263/317 -321/317  207/317   53/317]
[-149/317 -399/317  -63/317  225/317 -169/317   23/317  167/317  263/317 -323/317 -323/317  263/317  167/317   23/317 -169/317  225/317]
[ -63/317 -399/317 -149/317   53/317  207/317 -321/317 -263/317  381/317  343/317 -377/317 -511/317  -59/317  345/317   67/317 -259/317]
[   1/317  213/317 -257/317 -141/317  -73/317  -53/317  -81/317 -157/317  353/317  181/317  -39/317 -307/317   11/317  281/317 -131/317]
[  43/317  169/317  247/317 -357/317 -375/317  193/317   79/317  -83/317 -293/317   83/317  411/317   57/317 -345/317 -161/317  -25/317]
[  63/317  103/317   95/317   39/317  -65/317 -217/317  217/317  -31/317 -327/317  -37/317  205/317  399/317  -89/317    9/317   59/317]
[  61/317   15/317  -79/317 -221/317  223/317  -15/317 -301/317   -1/317  251/317 -179/317  -23/317   85/317  145/317  157/317  121/317]
[  37/317  -95/317 -275/317  131/317 -145/317  165/317 -207/317    7/317  173/317  291/317 -273/317 -251/317 -277/317  283/317  161/317]
[  -9/317 -227/317  141/317 -173/317   99/317 -311/317 -135/317   -7/317   73/317  105/317   89/317   25/317  -87/317 -247/317  179/317]
[ -77/317  253/317  -99/317  135/317 -313/317 -175/317  -85/317  -43/317  -49/317 -103/317 -205/317  279/317   81/317 -165/317 -459/317]
[-167/317   77/317  273/317 -213/317 -113/317  -61/317  -57/317 -101/317 -193/317 -333/317  113/317 -123/317  227/317 -105/317  149/317]
[-279/317 -121/317  -11/317   51/317   65/317   31/317  -51/317 -181/317 -359/317   49/317 -225/317   87/317 -283/317  -67/317  101/317]
[ 221/317 -341/317        0        0        0        0        0        0        0        0        0        0        0        0        0]
Testing obstruction for
m1: 2, m2: 54,a: 1
[      -1 -311/317 -293/317 -263/317 -221/317 -167/317 -101/317  -23/317   67/317  169/317  283/317  409/317  547/317  697/317  859/317]
[1033/317 1219/317 1417/317 1627/317 1849/317 2083/317 2329/317 2587/317 2857/317 3139/317 3433/317 3739/317 4057/317 3753/317 3461/317]
[3181/317 2913/317 2657/317 2413/317 2181/317 1961/317 1753/317 1557/317 1373/317 1201/317 1041/317  893/317  757/317  633/317  521/317]
[ 421/317  333/317  257/317  193/317  141/317  101/317   73/317   57/317   53/317   61/317   81/317  113/317  157/317  213/317  281/317]
[ 361/317  453/317  557/317  673/317  801/317  941/317 1093/317 1257/317 1433/317 1621/317 1821/317 2033/317 2257/317 2493/317 2741/317]
[3001/317 3273/317 3557/317 3853/317 4161/317 3847/317 3545/317 3255/317 2977/317 2711/317 2457/317 2215/317 1985/317 1767/317 1561/317]
[1367/317 1185/317 1015/317  857/317  711/317  577/317  455/317  345/317  247/317  161/317   87/317   25/317  -25/317  -63/317  -89/317]
[-103/317 -105/317  -95/317  -73/317  -39/317    7/317   65/317  135/317  217/317  311/317  417/317  535/317  665/317  807/317  961/317]
[1127/317 1305/317 1495/317 1697/317 1911/317 2137/317 2375/317 2625/317 2887/317 3161/317 3447/317 3745/317 4055/317 3743/317 3443/317]
[3155/317 2879/317 2615/317 2363/317 2123/317 1895/317 1679/317 1475/317 1283/317 1103/317  935/317  779/317  635/317  503/317  383/317]
[ 275/317  179/317   95/317   23/317  -37/317  -85/317 -121/317 -145/317 -157/317 -157/317 -145/317 -121/317  -85/317  -37/317   23/317]
[  95/317  179/317  275/317  383/317  503/317  635/317  779/317  935/317 1103/317 1283/317 1475/317 1679/317 1895/317 2123/317 2363/317]
[2615/317 2879/317 3155/317 3443/317 3743/317 4055/317 3745/317 3447/317 3161/317 2887/317 2625/317 2375/317 2137/317 1911/317 1697/317]
[1495/317 1305/317 1127/317  961/317  807/317  665/317  535/317  417/317  311/317  217/317  135/317   65/317    7/317  -39/317  -73/317]
[ -95/317 -105/317 -103/317  -89/317  -63/317  -25/317   25/317   87/317  161/317  247/317  345/317  455/317  577/317  711/317  857/317]
[1015/317 1185/317 1367/317 1561/317 1767/317 1985/317 2215/317 2457/317 2711/317 2977/317 3255/317 3545/317 3847/317 4161/317 3853/317]
[3557/317 3273/317 3001/317 2741/317 2493/317 2257/317 2033/317 1821/317 1621/317 1433/317 1257/317 1093/317  941/317  801/317  673/317]
[ 557/317  453/317  361/317  281/317  213/317  157/317  113/317   81/317   61/317   53/317   57/317   73/317  101/317  141/317  193/317]
[ 257/317  333/317  421/317  521/317  633/317  757/317  893/317 1041/317 1201/317 1373/317 1557/317 1753/317 1961/317 2181/317 2413/317]
[2657/317 2913/317 3181/317 3461/317 3753/317 4057/317 3739/317 3433/317 3139/317 2857/317 2587/317 2329/317 2083/317 1849/317 1627/317]
[1417/317 1219/317 1033/317  859/317  697/317  547/317  409/317  283/317  169/317   67/317  -23/317 -101/317 -167/317 -221/317 -263/317]
[-293/317 -311/317        0        0        0        0        0        0        0        0        0        0        0        0        0]
Unobstructed
57
---------------------------
---------------------------
13a148
Correction terms
[      -1   55/301  -81/301 -107/301  -23/301  171/301 -127/301    41/43  209/301 -361/301 -219/301   33/301 -207/301  265/301    35/43]
[-267/301  -67/301  243/301   61/301  -11/301   27/301   -61/43 -169/301  199/301   75/301   61/301  157/301 -239/301    11/43  -99/301]
[-165/301 -121/301   33/301 -305/301   69/301    -7/43  -57/301   45/301  257/301  -23/301 -193/301 -253/301   -29/43     -1/7  227/301]
[   5/301 -107/301 -109/301   -1/301    31/43  -57/301 -221/301 -275/301 -219/301  -53/301  223/301     1/43  -99/301  -95/301   19/301]
[ 243/301  -25/301 -183/301   -33/43 -169/301    3/301  285/301   75/301  -25/301  -15/301    15/43 -267/301   73/301  -79/301 -121/301]
[ -53/301  125/301   -27/43  209/301  115/301  131/301  257/301 -109/301 -365/301    13/43   55/301      3/7  313/301    5/301 -193/301]
[ 321/301    49/43 -127/301  115/301 -135/301 -275/301  297/301  377/301    -5/43  265/301   73/301   -9/301   19/301  157/301 -197/301]
[   23/43   27/301    3/301   89/301  285/301  -11/301  405/301    47/43 -239/301  -95/301  159/301  -79/301  395/301  377/301   -19/43]
[  69/301  381/301  201/301  131/301  171/301 -281/301    -3/43  349/301  227/301      5/7  313/301  -81/301  237/301     9/43   -1/301]
[  45/301  201/301 -135/301  241/301  125/301    17/43  223/301  437/301  159/301   -9/301  -67/301  -15/301    21/43  419/301  199/301]
[  89/301   89/301  199/301  419/301    21/43  -15/301  -67/301   -9/301  159/301  437/301  223/301    17/43  125/301  241/301 -135/301]
[ 201/301   45/301   -1/301     9/43  237/301  -81/301  313/301      5/7  227/301  349/301    -3/43 -281/301  171/301  131/301  201/301]
[ 381/301   69/301   -19/43  377/301  395/301  -79/301  159/301  -95/301 -239/301    47/43  405/301  -11/301  285/301   89/301    3/301]
[  27/301    23/43 -197/301  157/301   19/301   -9/301   73/301  265/301    -5/43  377/301  297/301 -275/301 -135/301  115/301 -127/301]
[   49/43  321/301 -193/301    5/301  313/301      3/7   55/301    13/43 -365/301 -109/301  257/301  131/301  115/301  209/301   -27/43]
[ 125/301  -53/301 -121/301  -79/301   73/301 -267/301    15/43  -15/301  -25/301   75/301  285/301    3/301 -169/301   -33/43 -183/301]
[ -25/301  243/301   19/301  -95/301  -99/301     1/43  223/301  -53/301 -219/301 -275/301 -221/301  -57/301    31/43   -1/301 -109/301]
[-107/301    5/301  227/301     -1/7   -29/43 -253/301 -193/301  -23/301  257/301   45/301  -57/301    -7/43   69/301 -305/301   33/301]
[-121/301 -165/301  -99/301    11/43 -239/301  157/301   61/301   75/301  199/301 -169/301   -61/43   27/301  -11/301   61/301  243/301]
[ -67/301 -267/301    35/43  265/301 -207/301   33/301 -219/301 -361/301  209/301    41/43 -127/301  171/301  -23/301 -107/301  -81/301]
[  55/301        0        0        0        0        0        0        0        0        0        0        0        0        0        0]
Testing obstruction for
m1: 4, m2: 22,a: 0
[      -1 -201/301   99/301   -3/301   95/301  393/301  289/301    55/43  681/301 1177/301 1271/301 1565/301 1457/301  947/301    91/43]
[ 527/301  617/301  305/301  193/301  281/301  -33/301   -21/43  -61/301  225/301  109/301  193/301  477/301  359/301    63/43  723/301]
[1205/301 1285/301 1565/301 1443/301  919/301    85/43  471/301  547/301  221/301   95/301  169/301 -159/301   -41/43     -5/7   57/301]
[ -73/301   -3/301  267/301  135/301    29/43  471/301  939/301 1005/301 1271/301 1737/301 1199/301   123/43  723/301  785/301  445/301]
[ 305/301  365/301   23/301   -17/43  -61/301  197/301   53/301  109/301  365/301  219/301    39/43  527/301  981/301 1033/301 1285/301]
[1737/301 1185/301   119/43  681/301  729/301  375/301  221/301  267/301  -89/301   -35/43 -201/301      1/7 -115/301  -73/301  169/301]
[   9/301     7/43  289/301  729/301  767/301 1005/301 1443/301 1479/301   159/43  947/301  981/301  613/301  445/301  477/301  107/301]
[   -9/43  -33/301  197/301   25/301   53/301  281/301  107/301    19/43  359/301  785/301  809/301 1033/301 1457/301 1479/301   157/43]
[ 919/301  939/301  557/301  375/301  393/301    9/301   -25/43 -159/301   57/301     -3/7 -115/301   99/301  -89/301   -11/43  135/301]
[ 547/301  557/301  767/301 1177/301 1185/301   199/43 1199/301 1205/301  809/301  613/301  617/301  219/301     3/43   23/301  225/301]
[  25/301   25/301  225/301   23/301     3/43  219/301  617/301  613/301  809/301 1205/301 1199/301   199/43 1185/301 1177/301  767/301]
[ 557/301  547/301  135/301   -11/43  -89/301   99/301 -115/301     -3/7   57/301 -159/301   -25/43    9/301  393/301  375/301  557/301]
[ 939/301  919/301   157/43 1479/301 1457/301 1033/301  809/301  785/301  359/301    19/43  107/301  281/301   53/301   25/301  197/301]
[ -33/301    -9/43  107/301  477/301  445/301  613/301  981/301  947/301   159/43 1479/301 1443/301 1005/301  767/301  729/301  289/301]
[    7/43    9/301  169/301  -73/301 -115/301      1/7 -201/301   -35/43  -89/301  267/301  221/301  375/301  729/301  681/301   119/43]
[1185/301 1737/301 1285/301 1033/301  981/301  527/301    39/43  219/301  365/301  109/301   53/301  197/301  -61/301   -17/43   23/301]
[ 365/301  305/301  445/301  785/301  723/301   123/43 1199/301 1737/301 1271/301 1005/301  939/301  471/301    29/43  135/301  267/301]
[  -3/301  -73/301   57/301     -5/7   -41/43 -159/301  169/301   95/301  221/301  547/301  471/301    85/43  919/301 1443/301 1565/301]
[1285/301 1205/301  723/301    63/43  359/301  477/301  193/301  109/301  225/301  -61/301   -21/43  -33/301  281/301  193/301  305/301]
[ 617/301  527/301    91/43  947/301 1457/301 1565/301 1271/301 1177/301  681/301    55/43  289/301  393/301   95/301   -3/301   99/301]
[-201/301        0        0        0        0        0        0        0        0        0        0        0        0        0        0]
Testing obstruction for
m1: 16, m2: 18,a: 14
[      -1 -281/301 -221/301 -121/301   19/301  199/301  419/301    97/43  979/301  717/301  495/301  313/301  171/301   69/301     1/43]
[ -15/301    3/301   61/301  159/301  297/301  475/301    99/43  951/301 1249/301  985/301  761/301  577/301  433/301    47/43  265/301]
[ 241/301  257/301  313/301  409/301  545/301   103/43  937/301 1193/301  887/301  621/301  395/301  209/301     9/43     -1/7 -109/301]
[-135/301 -121/301  -67/301   27/301    23/43  335/301  549/301  803/301 1097/301  829/301  601/301    59/43  265/301  157/301   89/301]
[  61/301   73/301  125/301    31/43  349/301  521/301  733/301  985/301 1277/301 1007/301   111/43  587/301  437/301  327/301  257/301]
[ 227/301  237/301    41/43  377/301  507/301  677/301  887/301 1137/301  825/301    79/43  321/301      3/7  -23/301 -135/301 -207/301]
[-239/301   -33/43 -183/301  -95/301   33/301  201/301  409/301  657/301   135/43  671/301  437/301  243/301   89/301  -25/301  -99/301]
[  -19/43 -127/301  -81/301    5/301  131/301  297/301  503/301   107/43 1035/301  759/301  523/301  327/301  171/301   55/301    -3/43]
[ -57/301  -53/301   -9/301   75/301  199/301  363/301    81/43  811/301 1095/301     19/7  579/301  381/301  223/301    15/43   27/301]
[ -11/301   -9/301   33/301  115/301  237/301    57/43  601/301  843/301 1125/301  845/301  605/301  405/301    35/43  125/301   45/301]
[   5/301    5/301   45/301  125/301    35/43  405/301  605/301  845/301 1125/301  843/301  601/301    57/43  237/301  115/301   33/301]
[  -9/301  -11/301   27/301    15/43  223/301  381/301  579/301     19/7 1095/301  811/301    81/43  363/301  199/301   75/301   -9/301]
[ -53/301  -57/301    -3/43   55/301  171/301  327/301  523/301  759/301 1035/301   107/43  503/301  297/301  131/301    5/301  -81/301]
[-127/301   -19/43  -99/301  -25/301   89/301  243/301  437/301  671/301   135/43  657/301  409/301  201/301   33/301  -95/301 -183/301]
[  -33/43 -239/301 -207/301 -135/301  -23/301      3/7  321/301    79/43  825/301 1137/301  887/301  677/301  507/301  377/301    41/43]
[ 237/301  227/301  257/301  327/301  437/301  587/301   111/43 1007/301 1277/301  985/301  733/301  521/301  349/301    31/43  125/301]
[  73/301   61/301   89/301  157/301  265/301    59/43  601/301  829/301 1097/301  803/301  549/301  335/301    23/43   27/301  -67/301]
[-121/301 -135/301 -109/301     -1/7     9/43  209/301  395/301  621/301  887/301 1193/301  937/301   103/43  545/301  409/301  313/301]
[ 257/301  241/301  265/301    47/43  433/301  577/301  761/301  985/301 1249/301  951/301    99/43  475/301  297/301  159/301   61/301]
[   3/301  -15/301     1/43   69/301  171/301  313/301  495/301  717/301  979/301    97/43  419/301  199/301   19/301 -121/301 -221/301]
[-281/301        0        0        0        0        0        0        0        0        0        0        0        0        0        0]
Unobstructed
125
---------------------------
---------------------------
13a150
Correction terms
[      -1 -211/297   47/297   -13/33 -109/297   71/297   -19/33 -241/297 -139/297     5/11  -13/297     1/27    23/33  -19/297  -73/297]
[    5/33  335/297  203/297     9/11  455/297  245/297    23/33    31/27   53/297    -7/33   -7/297  221/297     1/11    5/297  155/297]
[  -13/33 -217/297 -145/297      1/3  -79/297  -85/297     3/11 -175/297 -259/297   -19/33   89/297  -73/297    -7/33  119/297   -11/27]
[   -7/11  -85/297  191/297     5/33   71/297  269/297     5/33   -7/297  113/297    -7/11    25/27  317/297    -7/33  323/297  287/297]
[  -19/33  137/297   23/297     3/11  311/297  119/297      1/3  251/297  -19/297   -13/33  -43/297  203/297     1/11   23/297  191/297]
[   -7/33 -145/297    -5/27    23/33   47/297   59/297     9/11    5/297  -61/297     5/33 -271/297  179/297    23/33   -17/27  185/297]
[    5/11 -337/297  -43/297   -19/33 -127/297   89/297   -13/33 -151/297  -13/297       -1  185/297  245/297   -13/33  287/297  269/297]
[  -19/33  155/297   59/297     5/11  383/297    19/27    23/33  377/297  125/297     5/33  137/297 -193/297     9/11  257/297 -151/297]
[   23/33    13/27 -343/297    -7/33 -205/297 -175/297     1/11 -193/297 -241/297   -13/33 -415/297   53/297      1/3 -277/297  113/297]
[    3/11 -373/297  -61/297   -19/33 -109/297  125/297    -7/33  -79/297     7/27    -7/11  311/297  389/297     5/33  467/297  467/297]
[    5/33  389/297  311/297    -7/11     7/27  -79/297    -7/33  125/297 -109/297   -19/33  -61/297 -373/297     3/11  113/297 -277/297]
[     1/3   53/297 -415/297   -13/33 -241/297 -193/297     1/11 -175/297 -205/297    -7/33 -343/297    13/27    23/33 -151/297  257/297]
[    9/11 -193/297  137/297     5/33  125/297  377/297    23/33    19/27  383/297     5/11   59/297  155/297   -19/33  269/297  287/297]
[  -13/33  245/297  185/297       -1  -13/297 -151/297   -13/33   89/297 -127/297   -19/33  -43/297 -337/297     5/11  185/297   -17/27]
[   23/33  179/297 -271/297     5/33  -61/297    5/297     9/11   59/297   47/297    23/33    -5/27 -145/297    -7/33  191/297   23/297]
[    1/11  203/297  -43/297   -13/33  -19/297  251/297      1/3  119/297  311/297     3/11   23/297  137/297   -19/33  287/297  323/297]
[   -7/33  317/297    25/27    -7/11  113/297   -7/297     5/33  269/297   71/297     5/33  191/297  -85/297    -7/11   -11/27  119/297]
[   -7/33  -73/297   89/297   -19/33 -259/297 -175/297     3/11  -85/297  -79/297      1/3 -145/297 -217/297   -13/33  155/297    5/297]
[    1/11  221/297   -7/297    -7/33   53/297    31/27    23/33  245/297  455/297     9/11  203/297  335/297     5/33  -73/297  -19/297]
[   23/33     1/27  -13/297     5/11 -139/297 -241/297   -19/33   71/297 -109/297   -13/33   47/297 -211/297        0        0        0]
Testing obstruction for
m1: 2, m2: 50,a: 0
Obstructed by Z^n/Q not being cyclic
Testing obstruction for
m1: 6, m2: 14,a: 0
[      -1 -221/297    7/297    43/33  325/297  415/297    73/33 1051/297 1003/297    19/11  175/297    -1/27    -5/33   73/297  343/297]
[   19/33  151/297  283/297    21/11 1003/297  997/297    61/33    23/27  109/297    13/33  277/297   -5/297    -5/11 -113/297   61/297]
[   43/33  271/297  307/297      5/3  835/297  733/297    29/11  391/297  151/297     7/33  127/297  343/297    13/33   43/297    11/27]
[   13/11  733/297 1267/297    85/33  415/297  217/297    19/33  277/297  -59/297    -9/11   -25/27 -155/297    13/33  541/297  523/297]
[   73/33  943/297  787/297    29/11  337/297   43/297     -1/3  -89/297   73/297    43/33  259/297  283/297    17/11  787/297 1267/297]
[   79/33  307/297     5/27    -5/33    7/297  211/297    -1/11 -113/297  -47/297    19/33  541/297  469/297    61/33    71/27  571/297]
[   19/11  607/297  259/297     7/33   19/297  127/297    43/33  205/297  175/297        1  571/297  997/297   109/33  523/297  217/297]
[    7/33   61/297  211/297    -3/11 -221/297   -19/27    -5/33  271/297  739/297    85/33  943/297  679/297    21/11  607/297  205/297]
[   -5/33   -13/27  -89/297    13/33  475/297  391/297    17/11  679/297 1051/297   109/33  469/297  109/297     -1/3 -155/297  -59/297]
[    7/11   -5/297  -47/297     7/33  325/297  739/297    79/33  835/297    47/27    13/11  337/297  475/297    19/33   19/297   19/297]
[   19/33  475/297  337/297    13/11    47/27  835/297    79/33  739/297  325/297     7/33  -47/297   -5/297     7/11  -59/297 -155/297]
[    -1/3  109/297  469/297   109/33 1051/297  679/297    17/11  391/297  475/297    13/33  -89/297   -13/27    -5/33  205/297  607/297]
[   21/11  679/297  943/297    85/33  739/297  271/297    -5/33   -19/27 -221/297    -3/11  211/297   61/297     7/33  217/297  523/297]
[  109/33  997/297  571/297        1  175/297  205/297    43/33  127/297   19/297     7/33  259/297  607/297    19/11  571/297    71/27]
[   61/33  469/297  541/297    19/33  -47/297 -113/297    -1/11  211/297    7/297    -5/33     5/27  307/297    79/33 1267/297  787/297]
[   17/11  283/297  259/297    43/33   73/297  -89/297     -1/3   43/297  337/297    29/11  787/297  943/297    73/33  523/297  541/297]
[   13/33 -155/297   -25/27    -9/11  -59/297  277/297    19/33  217/297  415/297    85/33 1267/297  733/297    13/11    11/27   43/297]
[   13/33  343/297  127/297     7/33  151/297  391/297    29/11  733/297  835/297      5/3  307/297  271/297    43/33   61/297 -113/297]
[   -5/11   -5/297  277/297    13/33  109/297    23/27    61/33  997/297 1003/297    21/11  283/297  151/297    19/33  343/297   73/297]
[   -5/33    -1/27  175/297    19/11 1003/297 1051/297    73/33  415/297  325/297    43/33    7/297 -221/297        0        0        0]
Testing obstruction for
m1: 4, m2: 22,a: 1
[      -1 -283/297 -241/297   -19/33  -73/297   53/297    23/33  389/297  599/297    31/11 1103/297   127/27   125/33  881/297  665/297]
[   53/33  317/297  185/297     3/11    5/297  -43/297    -7/33    -5/27  -19/297     5/33  137/297  257/297    15/11  581/297  785/297]
[  113/33 1277/297 1565/297     13/3 1037/297  815/297    23/11  455/297  317/297    23/33  125/297   71/297     5/33   47/297     7/27]
[    5/11  221/297  335/297    53/33  647/297  845/297   119/33 1325/297 1607/297    49/11    97/27  839/297    71/33  467/297  323/297]
[   23/33  119/297   59/297     1/11   23/297   47/297      1/3  179/297  287/297    47/33  587/297  779/297    37/11 1247/297 1523/297]
[  137/33  971/297    67/27    59/33  353/297  203/297     3/11  -13/297  -79/297   -13/33 -127/297 -109/297    -7/33     1/27  113/297]
[    9/11  401/297  587/297    89/33 1043/297 1313/297   179/33 1343/297 1103/297        3  707/297  551/297    47/33  323/297  251/297]
[   23/33  191/297  203/297     9/11  311/297    37/27    59/33  683/297  863/297   119/33 1307/297 1571/297    47/11  995/297  749/297]
[   59/33    31/27  179/297     5/33  -61/297 -139/297    -7/11 -211/297 -205/297   -19/33 -109/297  -19/297      1/3  245/297  419/297]
[   23/11  851/297 1109/297   155/33 1115/297  863/297    71/33  443/297    25/27     5/11   23/297  -61/297   -13/33 -145/297 -145/297]
[  -13/33  -61/297   23/297     5/11    25/27  443/297    71/33  863/297 1115/297   155/33 1109/297  851/297    23/11  419/297  245/297]
[     1/3  -19/297 -109/297   -19/33 -205/297 -211/297    -7/11 -139/297  -61/297     5/33  179/297    31/27    59/33  749/297  995/297]
[   47/11 1571/297 1307/297   119/33  863/297  683/297    59/33    37/27  311/297     9/11  203/297  191/297    23/33  251/297  323/297]
[   47/33  551/297  707/297        3 1103/297 1343/297   179/33 1313/297 1043/297    89/33  587/297  401/297     9/11  113/297     1/27]
[   -7/33 -109/297 -127/297   -13/33  -79/297  -13/297     3/11  203/297  353/297    59/33    67/27  971/297   137/33 1523/297 1247/297]
[   37/11  779/297  587/297    47/33  287/297  179/297      1/3   47/297   23/297     1/11   59/297  119/297    23/33  323/297  467/297]
[   71/33  839/297    97/27    49/11 1607/297 1325/297   119/33  845/297  647/297    53/33  335/297  221/297     5/11     7/27   47/297]
[    5/33   71/297  125/297    23/33  317/297  455/297    23/11  815/297 1037/297     13/3 1565/297 1277/297   113/33  785/297  581/297]
[   15/11  257/297  137/297     5/33  -19/297    -5/27    -7/33  -43/297    5/297     3/11  185/297  317/297    53/33  665/297  881/297]
[  125/33   127/27 1103/297    31/11  599/297  389/297    23/33   53/297  -73/297   -19/33 -241/297 -283/297        0        0        0]
Testing obstruction for
m1: 10, m2: 10,a: 4
[      -1 -259/297 -145/297     5/33  311/297  653/297    53/33  377/297  353/297    15/11  533/297    67/27    47/33  185/297   23/297]
[   -7/33  -73/297   -7/297     5/11  353/297  647/297    47/33    25/27  203/297    23/33  287/297  443/297    25/11  389/297  179/297]
[    5/33  -13/297    5/297      1/3  269/297  515/297     9/11   47/297  -73/297   -13/33  -85/297   23/297    23/33  467/297    73/27]
[   23/11  515/297  485/297    59/33  653/297  851/297    59/33  287/297  119/297     1/11     1/27   71/297    23/33  419/297  707/297]
[   53/33  323/297  245/297     9/11  317/297  467/297      7/3  401/297  185/297     5/33  -19/297   -7/297     3/11  245/297  485/297]
[   23/33    5/297   -11/27   -19/33 -145/297  -43/297     5/11  389/297  719/297    59/33  419/297  383/297    47/33    49/27  731/297]
[   15/11  155/297  -19/297   -13/33 -139/297  -85/297     5/33  251/297  533/297        3  731/297  647/297    71/33  707/297  851/297]
[   53/33  179/297  -43/297    -7/11 -259/297   -23/27   -19/33  -13/297  221/297    59/33  323/297  191/297     5/11  155/297  251/297]
[   47/33    61/27  401/297    23/33   89/297   47/297     3/11  191/297  377/297    71/33  383/297  203/297      1/3   71/297  119/297]
[    9/11  443/297  719/297    53/33  311/297  221/297    23/33  269/297    37/27    23/11  317/297   89/297    -7/33 -139/297 -139/297]
[   -7/33   89/297  317/297    23/11    37/27  269/297    23/33  221/297  311/297    53/33  719/297  443/297     9/11  119/297   71/297]
[     1/3  203/297  383/297    71/33  377/297  191/297     3/11   47/297   89/297    23/33  401/297    61/27    47/33  251/297  155/297]
[    5/11  191/297  323/297    59/33  221/297  -13/297   -19/33   -23/27 -259/297    -7/11  -43/297  179/297    53/33  851/297  707/297]
[   71/33  647/297  731/297        3  533/297  251/297     5/33  -85/297 -139/297   -13/33  -19/297  155/297    15/11  731/297    49/27]
[   47/33  383/297  419/297    59/33  719/297  389/297     5/11  -43/297 -145/297   -19/33   -11/27    5/297    23/33  485/297  245/297]
[    3/11   -7/297  -19/297     5/33  185/297  401/297      7/3  467/297  317/297     9/11  245/297  323/297    53/33  707/297  419/297]
[   23/33   71/297     1/27     1/11  119/297  287/297    59/33  851/297  653/297    59/33  485/297  515/297    23/11    73/27  467/297]
[   23/33   23/297  -85/297   -13/33  -73/297   47/297     9/11  515/297  269/297      1/3    5/297  -13/297     5/33  179/297  389/297]
[   25/11  443/297  287/297    23/33  203/297    25/27    47/33  647/297  353/297     5/11   -7/297  -73/297    -7/33   23/297  185/297]
[   47/33    67/27  533/297    15/11  353/297  377/297    53/33  653/297  311/297     5/33 -145/297 -259/297        0        0        0]
[-259/297, -145/297, 5/33, 311/297, 653/297, 53/33, 377/297, 353/297, 15/11, 533/297, 67/27, 47/33, 185/297, 23/297, -7/33, -73/297, -7/297, 5/11, 353/297, 647/297, 47/33, 25/27, 203/297, 23/33, 287/297, 443/297, 25/11, 389/297, 179/297, 5/33, -13/297, 5/297, 1/3, 269/297, 515/297, 9/11, 47/297, -73/297, -13/33, -85/297, 23/297, 23/33, 467/297, 73/27, 23/11, 515/297, 485/297, 59/33, 653/297, 851/297, 59/33, 287/297, 119/297, 1/11, 1/27, 71/297, 23/33, 419/297, 707/297, 53/33, 323/297, 245/297, 9/11, 317/297, 467/297, 7/3, 401/297, 185/297, 5/33, -19/297, -7/297, 3/11, 245/297, 485/297, 23/33, 5/297, -11/27, -19/33, -145/297, -43/297, 5/11, 389/297, 719/297, 59/33, 419/297, 383/297, 47/33, 49/27, 731/297, 15/11, 155/297, -19/297, -13/33, -139/297, -85/297, 5/33, 251/297, 533/297, 3, 731/297, 647/297, 71/33, 707/297, 851/297, 53/33, 179/297, -43/297, -7/11, -259/297]
38 [-259/297, -145/297, 5/33, 311/297, 59/297, -13/33, -217/297, -241/297, -7/11, -61/297, 13/27, -19/33, 185/297, 23/297, -7/33, -73/297, -7/297, 5/11, -241/297, 53/297, -19/33, 25/27, 203/297, 23/33, 287/297, -151/297, 3/11, -205/297, 179/297, 5/33, -13/297, 5/297, 1/3, 269/297, -79/297, 9/11, 47/297, -73/297, -13/33, -85/297, 23/297, 23/33, 467/297, 19/27, 1/11, -79/297, -109/297, -7/33, 59/297, 257/297, -7/33, 287/297, 119/297, 1/11, 1/27, 71/297, 23/33, -175/297, 113/297, -13/33, 323/297, 245/297, 9/11, 317/297, -127/297, 1/3, -193/297, 185/297, 5/33, -19/297, -7/297, 3/11, 245/297, -109/297, 23/33, 5/297, -11/27, -19/33, -145/297, -43/297, 5/11, 389/297, 125/297, -7/33, -175/297, -211/297, -19/33, -5/27, 137/297, -7/11, 155/297, -19/297, -13/33, -139/297, -85/297, 5/33, -343/297, -61/297, -1, 137/297, 53/297, 5/33, 113/297, -337/297, -13/33, -415/297, -43/297, -7/11, 335/297]
Testing obstruction for
m1: 12, m2: 14,a: 9
[      -1 -269/297 -185/297    -5/33  151/297  403/297    79/33  481/297  307/297     7/11  127/297    11/27    19/33  277/297  439/297]
[   73/33  931/297  667/297    17/11  307/297  211/297    19/33    17/27  259/297    43/33  571/297  811/297    19/11  271/297   85/297]
[   -5/33 -119/297 -137/297     -1/3   -5/297  145/297    13/11  613/297  931/297    79/33  547/297  439/297    43/33  391/297    41/27]
[   21/11  739/297  967/297    73/33  403/297  205/297     7/33  -23/297  -53/297    -1/11     5/27  193/297    43/33  637/297  349/297]
[   13/33  -59/297 -179/297    -9/11 -251/297 -203/297     -1/3   61/297  277/297    61/33  877/297  667/297    19/11  415/297  373/297]
[   43/33  457/297    53/27    85/33 1003/297  703/297    17/11  271/297  139/297     7/33   43/297   79/297    19/33    29/27  523/297]
[   29/11  505/297  283/297    13/33    7/297  -47/297    -5/33   13/297  127/297        1  523/297  805/297    61/33  349/297  205/297]
[   13/33   85/297  109/297     7/11  325/297    47/27    85/33  475/297  241/297     7/33  -59/297 -125/297    -5/11  -89/297   13/297]
[   19/33    35/27  655/297    43/33  175/297   19/297    -3/11 -125/297 -113/297    -5/33   79/297  259/297      5/3  787/297  541/297]
[   13/11  217/297  139/297    13/33  151/297  241/297    43/33  589/297    77/27    21/11  343/297  175/297     7/33    7/297    7/297]
[    7/33  175/297  343/297    21/11    77/27  589/297    43/33  241/297  151/297    13/33  139/297  217/297    13/11  541/297  787/297]
[     5/3  259/297   79/297    -5/33 -113/297 -125/297    -3/11   19/297  175/297    43/33  655/297    35/27    19/33   13/297  -89/297]
[   -5/11 -125/297  -59/297     7/33  241/297  475/297    85/33    47/27  325/297     7/11  109/297   85/297    13/33  205/297  349/297]
[   61/33  805/297  523/297        1  127/297   13/297    -5/33  -47/297    7/297    13/33  283/297  505/297    29/11  523/297    29/27]
[   19/33   79/297   43/297     7/33  139/297  271/297    17/11  703/297 1003/297    85/33    53/27  457/297    43/33  373/297  415/297]
[   19/11  667/297  877/297    61/33  277/297   61/297     -1/3 -203/297 -251/297    -9/11 -179/297  -59/297    13/33  349/297  637/297]
[   43/33  193/297     5/27    -1/11  -53/297  -23/297     7/33  205/297  403/297    73/33  967/297  739/297    21/11    41/27  391/297]
[   43/33  439/297  547/297    79/33  931/297  613/297    13/11  145/297   -5/297     -1/3 -137/297 -119/297    -5/33   85/297  271/297]
[   19/11  811/297  571/297    43/33  259/297    17/27    19/33  211/297  307/297    17/11  667/297  931/297    73/33  439/297  277/297]
[   19/33    11/27  127/297     7/11  307/297  481/297    79/33  403/297  151/297    -5/33 -185/297 -269/297        0        0        0]
Testing obstruction for
m1: 26, m2: 26,a: 24
Obstructed by Z^n/Q not being cyclic
---------------------------
SUCCESS for name = 13a150
---------------------------
13a151
Correction terms
[      -1 -349/265  -71/265 -491/265  -19/265   -49/53 -109/265 -141/265 -341/265 -179/265   -37/53 -359/265 -171/265 -151/265 -299/265]
[  -17/53  -39/265 -161/265   79/265 -379/265    11/53 -209/265 -111/265 -181/265  111/265   -59/53  191/265  -21/265  129/265  111/265]
[  -15/53  101/265  109/265  -51/265  151/265    37/53   51/265  279/265 -191/265  231/265    -9/53   41/265  -41/265  239/265 -179/265]
[   59/53   71/265  209/265  179/265  -19/265    29/53  141/265  -31/265      3/5  181/265     7/53  251/265 -231/265  179/265 -109/265]
[   -7/53 -129/265  139/265 -291/265  171/265   -13/53   61/265   19/265 -191/265  -39/265   -11/53 -239/265  -61/265  -51/265 -209/265]
[   -1/53   31/265 -101/265  129/265 -339/265    17/53 -189/265 -101/265 -181/265  101/265   -63/53  161/265  -61/265   79/265   51/265]
[  -29/53   21/265   19/265 -151/265   41/265    13/53  -79/265  139/265 -341/265   71/265   -43/53 -139/265 -231/265   39/265 -389/265]
[   15/53     -3/5  -31/265  -71/265 -279/265   -25/53 -139/265 -321/265 -141/265 -129/265   -57/53  -79/265  -41/265 -171/265   61/265]
[  -81/53   21/265 -251/265 -161/265 -239/265     9/53 -369/265  109/265 -111/265   31/265     1/53 -189/265  -21/265  -21/265 -189/265]
[    1/53   31/265 -111/265  109/265 -369/265     9/53 -239/265 -161/265 -251/265   21/265   -81/53   61/265 -171/265  -41/265  -79/265]
[  -57/53 -129/265 -141/265 -321/265 -139/265   -25/53 -279/265  -71/265  -31/265     -3/5    15/53 -389/265   39/265 -231/265 -139/265]
[  -43/53   71/265 -341/265  139/265  -79/265    13/53   41/265 -151/265   19/265   21/265   -29/53   51/265   79/265  -61/265  161/265]
[  -63/53  101/265 -181/265 -101/265 -189/265    17/53 -339/265  129/265 -101/265   31/265    -1/53 -209/265  -51/265  -61/265 -239/265]
[  -11/53  -39/265 -191/265   19/265   61/265   -13/53  171/265 -291/265  139/265 -129/265    -7/53 -109/265  179/265 -231/265  251/265]
[    7/53  181/265      3/5  -31/265  141/265    29/53  -19/265  179/265  209/265   71/265    59/53 -179/265  239/265  -41/265   41/265]
[   -9/53  231/265 -191/265  279/265   51/265    37/53  151/265  -51/265  109/265  101/265   -15/53  111/265  129/265  -21/265  191/265]
[  -59/53  111/265 -181/265 -111/265 -209/265    11/53 -379/265   79/265 -161/265  -39/265   -17/53 -299/265 -151/265 -171/265 -359/265]
[  -37/53 -179/265 -341/265 -141/265 -109/265   -49/53  -19/265 -491/265  -71/265 -349/265        0        0        0        0        0]
Testing obstruction for
m1: 4, m2: 22,a: 3
[      -1 -251/265 -209/265 -139/265  -41/265    17/53  239/265  421/265  631/265  869/265   227/53  899/265  691/265  511/265  359/265]
[   47/53  139/265   71/265   31/265   19/265     7/53   79/265  151/265  251/265  379/265   107/53  719/265  931/265 1171/265  909/265]
[  135/53  469/265  291/265  141/265   19/265   -15/53 -141/265 -179/265 -189/265 -171/265   -25/53  -51/265   51/265  181/265  339/265]
[  105/53  739/265  981/265 1251/265 1019/265   163/53  639/265  491/265      7/5  279/265    43/53  179/265  171/265  191/265  239/265]
[   63/53  419/265  551/265  711/265  899/265   223/53 1359/265 1101/265  871/265  669/265    99/53  349/265  231/265  141/265   79/265]
[    9/53   39/265   61/265  111/265  189/265    59/53  429/265  591/265  781/265  999/265   249/53  989/265  761/265  561/265  389/265]
[   49/53  129/265   41/265  -19/265  -51/265   -11/53  -31/265   21/265  101/265  209/265    69/53  509/265  701/265  921/265 1169/265]
[  183/53     13/5  491/265  321/265  179/265    13/53  -21/265  -79/265 -109/265 -111/265   -17/53  -31/265   51/265  161/265  299/265]
[   93/53  659/265  881/265 1131/265  879/265   131/53  459/265  291/265  151/265   39/265    -9/53 -101/265 -129/265 -129/265 -101/265]
[   -9/53   39/265  151/265  291/265  459/265   131/53  879/265 1131/265  881/265  659/265    93/53  299/265  161/265   51/265  -31/265]
[  -17/53 -111/265 -109/265  -79/265  -21/265    13/53  179/265  321/265  491/265     13/5   183/53 1169/265  921/265  701/265  509/265]
[   69/53  209/265  101/265   21/265  -31/265   -11/53  -51/265  -19/265   41/265  129/265    49/53  389/265  561/265  761/265  989/265]
[  249/53  999/265  781/265  591/265  429/265    59/53  189/265  111/265   61/265   39/265     9/53   79/265  141/265  231/265  349/265]
[   99/53  669/265  871/265 1101/265 1359/265   223/53  899/265  711/265  551/265  419/265    63/53  239/265  191/265  171/265  179/265]
[   43/53  279/265      7/5  491/265  639/265   163/53 1019/265 1251/265  981/265  739/265   105/53  339/265  181/265   51/265  -51/265]
[  -25/53 -171/265 -189/265 -179/265 -141/265   -15/53   19/265  141/265  291/265  469/265   135/53  909/265 1171/265  931/265  719/265]
[  107/53  379/265  251/265  151/265   79/265     7/53   19/265   31/265   71/265  139/265    47/53  359/265  511/265  691/265  899/265]
[  227/53  869/265  631/265  421/265  239/265    17/53  -41/265 -139/265 -209/265 -251/265        0        0        0        0        0]
Unobstructed
122
---------------------------
---------------------------
