13a2606
Correction terms
[      -1  227/321  -55/321   39/107  101/321 -103/321   49/107 -433/321   83/321  -77/107  -91/321 -139/321 -125/107 -157/321 -127/321]
[ -95/107   11/321  119/321   13/107 -229/321  -43/321  -15/107 -235/321   29/321   35/107   -7/321 -307/321  -51/107 -187/321 -409/321]
[ -59/107 -133/321 -277/321   11/107  155/321   89/321  -55/107   35/321   47/321  -43/107  149/321  239/321   47/107 -145/321   23/321]
[   1/107 -205/321   41/321   33/107  -31/321 -349/321  -71/107 -265/321  137/321  -97/107 -265/321  215/321  -45/107  -31/321 -115/321]
[  85/107 -205/321 -211/321   79/107 -145/321  -73/321  -63/107  149/321 -343/321 -127/107   35/321 -379/321 -113/107  155/321 -181/321]
[ -21/107 -133/321  251/321  -65/107 -187/321  275/321  -31/107   -7/321 -109/321   81/107 -235/321 -259/321   57/107 -229/321 -175/321]
[-103/107   11/321  143/321 -185/107 -157/321   53/321   25/107  -91/321  197/321   99/107 -433/321  -67/321   37/107  101/321  -97/321]
[  53/107  227/321     -5/3  -67/107  -55/321  -97/321 -109/107 -103/321  -67/321  -73/107   83/321  197/321   41/107 -139/321   53/321]
[  19/107 -127/321  143/321   75/107  119/321 -175/321   -5/107  -43/321 -259/321   -7/107   29/321 -109/321 -145/107 -307/321  275/321]
[   9/107 -409/321  251/321   27/107 -277/321 -181/321  123/107   89/321 -379/321   83/107   47/321 -343/321  -93/107  239/321  -73/321]
[-191/107   23/321 -211/321    3/107   41/321 -115/321   61/107 -349/321  215/321  -17/107  137/321  137/321  -17/107  215/321 -349/321]
[  61/107 -115/321   41/321    3/107 -211/321   23/321 -191/107  -73/321  239/321  -93/107 -343/321   47/321   83/107 -379/321   89/321]
[ 123/107 -181/321 -277/321   27/107  251/321 -409/321    9/107  275/321 -307/321 -145/107 -109/321   29/321   -7/107 -259/321  -43/321]
[  -5/107 -175/321  119/321   75/107  143/321 -127/321   19/107   53/321 -139/321   41/107  197/321   83/321  -73/107  -67/321 -103/321]
[-109/107  -97/321  -55/321  -67/107     -5/3  227/321   53/107  -97/321  101/321   37/107  -67/321 -433/321   99/107  197/321  -91/321]
[  25/107   53/321 -157/321 -185/107  143/321   11/321 -103/107 -175/321 -229/321   57/107 -259/321 -235/321   81/107 -109/321   -7/321]
[ -31/107  275/321 -187/321  -65/107  251/321 -133/321  -21/107 -181/321  155/321 -113/107 -379/321   35/321 -127/107 -343/321  149/321]
[ -63/107  -73/321 -145/321   79/107 -211/321 -205/321   85/107 -115/321  -31/321  -45/107  215/321 -265/321  -97/107  137/321 -265/321]
[ -71/107 -349/321  -31/321   33/107   41/321 -205/321    1/107   23/321 -145/321   47/107  239/321  149/321  -43/107   47/321   35/321]
[ -55/107   89/321  155/321   11/107 -277/321 -133/321  -59/107 -409/321 -187/321  -51/107 -307/321   -7/321   35/107   29/321 -235/321]
[ -15/107  -43/321 -229/321   13/107  119/321   11/321  -95/107 -127/321 -157/321 -125/107 -139/321  -91/321  -77/107   83/321 -433/321]
[  49/107 -103/321  101/321   39/107  -55/321  227/321        0        0        0        0        0        0        0        0        0]
Testing obstruction for
m1: 2, m2: 54,a: 0
[      -1 -101/321  -83/321  -89/107  -11/321   43/321  -35/107  187/321  277/321   55/107  493/321  619/321  181/107  907/321 1069/321]
[ 343/107 1429/321 1627/321  541/107 2059/321 2293/321  775/107 2797/321 3067/321 1045/107 3643/321 3949/321 1351/107 3955/321 3655/321]
[1051/107 3091/321 2827/321  787/107 2335/321 2107/321  559/107 1687/321 1495/321  367/107 1147/321  991/321  211/107  715/321  595/321]
[  91/107  391/321  307/321    7/107  175/321  127/321  -41/107   67/321   55/321  -53/107   67/321   91/321  -29/107  175/321  235/321]
[  31/107  391/321  487/321  127/107  715/321  847/321  259/107 1147/321 1315/321  427/107 1687/321 1891/321  631/107 2335/321 2575/321]
[ 871/107 3091/321 3367/321 1147/107 3955/321 4267/321 1245/107 3643/321 3349/321  951/107 2797/321 2539/321  693/107 2059/321 1837/321]
[ 471/107 1429/321 1243/321  285/107  907/321  757/321  135/107  493/321  379/321   21/107  187/321  109/321  -57/107  -11/321  -53/321]
[ -99/107 -101/321     -1/3 -105/107  -83/321  -53/321  -75/107   43/321  109/321   -9/107  277/321  379/321   93/107  619/321  757/321]
[ 231/107 1069/321 1243/321  405/107 1627/321 1837/321  615/107 2293/321 2539/321  861/107 3067/321 3349/321 1143/107 3949/321 4267/321]
[1247/107 3655/321 3367/321  959/107 2827/321 2575/321  707/107 2107/321 1891/321  491/107 1495/321 1315/321  311/107  991/321  847/321]
[ 167/107  595/321  487/321   59/107  307/321  235/321  -13/107  127/321   91/321  -49/107   55/321   55/321  -49/107   91/321  127/321]
[ -13/107  235/321  307/321   59/107  487/321  595/321  167/107  847/321  991/321  311/107 1315/321 1495/321  491/107 1891/321 2107/321]
[ 707/107 2575/321 2827/321  959/107 3367/321 3655/321 1247/107 4267/321 3949/321 1143/107 3349/321 3067/321  861/107 2539/321 2293/321]
[ 615/107 1837/321 1627/321  405/107 1243/321 1069/321  231/107  757/321  619/321   93/107  379/321  277/321   -9/107  109/321   43/321]
[ -75/107  -53/321  -83/321 -105/107     -1/3 -101/321  -99/107  -53/321  -11/321  -57/107  109/321  187/321   21/107  379/321  493/321]
[ 135/107  757/321  907/321  285/107 1243/321 1429/321  471/107 1837/321 2059/321  693/107 2539/321 2797/321  951/107 3349/321 3643/321]
[1245/107 4267/321 3955/321 1147/107 3367/321 3091/321  871/107 2575/321 2335/321  631/107 1891/321 1687/321  427/107 1315/321 1147/321]
[ 259/107  847/321  715/321  127/107  487/321  391/321   31/107  235/321  175/321  -29/107   91/321   67/321  -53/107   55/321   67/321]
[ -41/107  127/321  175/321    7/107  307/321  391/321   91/107  595/321  715/321  211/107  991/321 1147/321  367/107 1495/321 1687/321]
[ 559/107 2107/321 2335/321  787/107 2827/321 3091/321 1051/107 3655/321 3955/321 1351/107 3949/321 3643/321 1045/107 3067/321 2797/321]
[ 775/107 2293/321 2059/321  541/107 1627/321 1429/321  343/107 1069/321  907/321  181/107  619/321  493/321   55/107  277/321  187/321]
[ -35/107   43/321  -11/321  -89/107  -83/321 -101/321        0        0        0        0        0        0        0        0        0]
Testing obstruction for
m1: 4, m2: 26,a: 3
[      -1 -307/321 -265/321  -65/107  -97/321   29/321   61/107  365/321  575/321  271/107 1079/321 1373/321  565/107 1403/321 1139/321]
[ 301/107  695/321  515/321  121/107  239/321  143/321   25/107   35/321   23/321   13/107   83/321  155/321   85/107  383/321  539/321]
[ 241/107  935/321 1175/321  481/107 1739/321 1421/321  377/107  869/321  635/321  143/107  251/321  101/321   -7/107 -115/321 -181/321]
[ -73/107 -229/321 -211/321  -55/107  -91/321   11/321   47/107  299/321  485/321  233/107  941/321 1211/321  503/107 1835/321 1547/321]
[ 429/107 1055/321  851/321  225/107  527/321  407/321  105/107  251/321  215/321   69/107  227/321  275/321  117/107  455/321  587/321]
[ 249/107  935/321 1151/321  465/107 1667/321 1967/321  551/107 1367/321 1109/321  293/107  677/321  503/321  119/107  239/321  149/321]
[  29/107   53/321   47/321   23/107  119/321  197/321  101/107  437/321  599/321  263/107 1007/321 1253/321  509/107 1829/321 1517/321]
[ 411/107  977/321      7/3  183/107  377/321  233/321   39/107   29/321  -31/321  -21/107  -67/321  -43/321    3/107   89/321  197/321]
[ 111/107  497/321  689/321  303/107 1157/321 1433/321  579/107 1427/321 1145/321  297/107  665/321  467/321   99/107  155/321   41/321]
[ -15/107 -103/321 -133/321  -45/107 -109/321  -55/321    9/107  137/321  275/321  147/107  635/321  857/321  369/107 1385/321 1691/321]
[ 461/107 1103/321  851/321  209/107  431/321  263/321   41/107   11/321  -73/321  -43/107 -157/321 -157/321  -43/107  -73/321   11/321]
[  41/107  263/321  431/321  209/107  851/321 1103/321  461/107 1691/321 1385/321  369/107  857/321  635/321  147/107  275/321  137/321]
[   9/107  -55/321 -109/321  -45/107 -133/321 -103/321  -15/107   41/321  155/321   99/107  467/321  665/321  297/107 1145/321 1427/321]
[ 579/107 1433/321 1157/321  303/107  689/321  497/321  111/107  197/321   89/321    3/107  -43/321  -67/321  -21/107  -31/321   29/321]
[  39/107  233/321  377/321  183/107      7/3  977/321  411/107 1517/321 1829/321  509/107 1253/321 1007/321  263/107  599/321  437/321]
[ 101/107  197/321  119/321   23/107   47/321   53/321   29/107  149/321  239/321  119/107  503/321  677/321  293/107 1109/321 1367/321]
[ 551/107 1967/321 1667/321  465/107 1151/321  935/321  249/107  587/321  455/321  117/107  275/321  227/321   69/107  215/321  251/321]
[ 105/107  407/321  527/321  225/107  851/321 1055/321  429/107 1547/321 1835/321  503/107 1211/321  941/321  233/107  485/321  299/321]
[  47/107   11/321  -91/321  -55/107 -211/321 -229/321  -73/107 -181/321 -115/321   -7/107  101/321  251/321  143/107  635/321  869/321]
[ 377/107 1421/321 1739/321  481/107 1175/321  935/321  241/107  539/321  383/321   85/107  155/321   83/321   13/107   23/321   35/321]
[  25/107  143/321  239/321  121/107  515/321  695/321  301/107 1139/321 1403/321  565/107 1373/321 1079/321  271/107  575/321  365/321]
[  61/107   29/321  -97/321  -65/107 -265/321 -307/321        0        0        0        0        0        0        0        0        0]
Unobstructed
26
---------------------------
---------------------------
13a2610
Correction terms
[      -1 -157/249  119/249    27/83 -271/249   59/249    25/83 -223/249 -337/249    77/83  -13/249  -73/249    17/83 -139/249 -145/249]
[   11/83 -103/249  -55/249    59/83   95/249 -301/249    -5/83  -43/249  113/249   -15/83  -19/249  191/249  -137/83 -331/249  -67/249]
[  -39/83   17/249 -163/249   -53/83   29/249  -97/249   -13/83  203/249  131/249   -85/83   41/249   23/249  -103/83   41/249   77/249]
[  -67/83  203/249 -205/249  -143/83   29/249  173/249     1/83   17/249  215/249    33/83 -331/249  -79/249   -47/83  -19/249 -211/249]
[  -73/83  -43/249 -181/249   -45/83   95/249   11/249    37/83 -103/249 -133/249     7/83 -139/249 -115/249    31/83  -13/249   65/249]
[  -57/83 -223/249  -91/249    75/83 -271/249  -85/249    95/83 -157/249     -5/3     3/83  119/249  -85/249   -35/83   59/249  -91/249]
[  -19/83 -337/249   65/249    51/83  -73/249 -115/249     9/83 -145/249 -133/249    21/83  -55/249   11/249   -79/83 -301/249 -181/249]
[   41/83  113/249 -211/249    49/83  191/249  -79/249   -55/83  -67/249  215/249  -105/83 -163/249  173/249  -101/83  -97/249 -205/249]
[  -43/83  131/249   77/249   -97/83   23/249   23/249   -97/83   77/249  131/249   -43/83 -205/249  -97/249  -101/83  173/249 -163/249]
[ -105/83  215/249  -67/249   -55/83  -79/249  191/249    49/83 -211/249  113/249    41/83 -181/249 -301/249   -79/83   11/249  -55/249]
[   21/83 -133/249 -145/249     9/83 -115/249  -73/249    51/83   65/249 -337/249   -19/83  -91/249   59/249   -35/83  -85/249  119/249]
[    3/83     -5/3 -157/249    95/83  -85/249 -271/249    75/83  -91/249 -223/249   -57/83   65/249  -13/249    31/83 -115/249 -139/249]
[    7/83 -133/249 -103/249    37/83   11/249   95/249   -45/83 -181/249  -43/249   -73/83 -211/249  -19/249   -47/83  -79/249 -331/249]
[   33/83  215/249   17/249     1/83  173/249   29/249  -143/83 -205/249  203/249   -67/83   77/249   41/249  -103/83   23/249   41/249]
[  -85/83  131/249  203/249   -13/83  -97/249   29/249   -53/83 -163/249   17/249   -39/83  -67/249 -331/249  -137/83  191/249  -19/249]
[  -15/83  113/249  -43/249    -5/83 -301/249   95/249    59/83  -55/249 -103/249    11/83 -145/249 -139/249    17/83  -73/249  -13/249]
[   77/83 -337/249 -223/249    25/83   59/249 -271/249    27/83  119/249 -157/249        0        0        0        0        0        0]
Testing obstruction for
m1: 2, m2: 42,a: 0
[      -1  -77/249  -59/249   -65/83   13/249   67/249   -11/83  211/249  301/249    79/83  517/249  643/249   205/83  931/249 1093/249]
[  367/83 1453/249 1651/249   565/83 2083/249 2317/249   799/83 2323/249 2095/249   571/83 1675/249 1483/249   379/83 1135/249  979/249]
[  223/83  703/249  583/249   103/83  379/249  295/249    19/83  163/249  115/249   -29/83   55/249   43/249   -41/83   55/249   79/249]
[  -17/83  163/249  223/249    43/83  379/249  475/249   139/83  703/249  835/249   271/83 1135/249 1303/249   439/83 1675/249 1879/249]
[  643/83 2323/249 2563/249   717/83 2083/249 1861/249   495/83 1453/249 1267/249   309/83  931/249  781/249   159/83  517/249  403/249]
[   45/83  211/249  133/249   -33/83   13/249  -29/249   -75/83  -77/249     -1/3   -81/83  -59/249  -29/249   -51/83   67/249  133/249]
[   15/83  301/249  403/249   117/83  643/249  781/249   255/83 1093/249 1267/249   429/83 1651/249 1861/249   639/83 2317/249 2563/249]
[  719/83 2095/249 1879/249   503/83 1483/249 1303/249   323/83  979/249  835/249   179/83  583/249  475/249    71/83  295/249  223/249]
[   -1/83  115/249   79/249   -37/83   43/249   43/249   -37/83   79/249  115/249    -1/83  223/249  295/249    71/83  475/249  583/249]
[  179/83  835/249  979/249   323/83 1303/249 1483/249   503/83 1879/249 2095/249   719/83 2563/249 2317/249   639/83 1861/249 1651/249]
[  429/83 1267/249 1093/249   255/83  781/249  643/249   117/83  403/249  301/249    15/83  133/249   67/249   -51/83  -29/249  -59/249]
[  -81/83     -1/3  -77/249   -75/83  -29/249   13/249   -33/83  133/249  211/249    45/83  403/249  517/249   159/83  781/249  931/249]
[  309/83 1267/249 1453/249   495/83 1861/249 2083/249   717/83 2563/249 2323/249   643/83 1879/249 1675/249   439/83 1303/249 1135/249]
[  271/83  835/249  703/249   139/83  475/249  379/249    43/83  223/249  163/249   -17/83   79/249   55/249   -41/83   43/249   55/249]
[  -29/83  115/249  163/249    19/83  295/249  379/249   103/83  583/249  703/249   223/83  979/249 1135/249   379/83 1483/249 1675/249]
[  571/83 2095/249 2323/249   799/83 2317/249 2083/249   565/83 1651/249 1453/249   367/83 1093/249  931/249   205/83  643/249  517/249]
[   79/83  301/249  211/249   -11/83   67/249   13/249   -65/83  -59/249  -77/249        0        0        0        0        0        0]
Testing obstruction for
m1: 6, m2: 12,a: 1
[      -1 -227/249 -161/249   -17/83  103/249  301/249   181/83  331/249  163/249    13/83  -41/249  -77/249   -23/83  -17/249   79/249]
[   73/83  403/249  631/249   135/83  223/249   85/249    -3/83  -59/249  -65/249    -9/83   55/249  181/249   117/83  565/249  823/249]
[  209/83  475/249  367/249   101/83  283/249  307/249   125/83  487/249  643/249   281/83  589/249  379/249    71/83   91/249   13/249]
[   -7/83  -11/249   43/249    47/83  283/249  469/249   233/83  475/249  295/249    53/83   67/249   19/249     5/83   55/249  139/249]
[   89/83  439/249  655/249   139/83  223/249   73/249   -11/83  -95/249 -113/249   -29/83  -17/249   97/249    85/83  457/249  703/249]
[  165/83  331/249  211/249    45/83  103/249  115/249    57/83  271/249      5/3   201/83  835/249  613/249   145/83  301/249  211/249]
[   55/83  163/249  205/249    97/83  421/249  595/249   271/83  577/249  385/249    79/83  133/249   73/249    19/83   85/249  157/249]
[   91/83  433/249  637/249   129/83  181/249   19/249   -33/83 -173/249 -203/249   -63/83 -131/249  -29/249    39/83  307/249  541/249]
[  107/83  145/249   13/249   -25/83 -119/249 -119/249   -25/83   13/249  145/249   107/83  541/249  307/249    39/83  -29/249 -131/249]
[  -63/83 -203/249 -173/249   -33/83   19/249  181/249   129/83  637/249  433/249    91/83  157/249   85/249    19/83   73/249  133/249]
[   79/83  385/249  577/249   271/83  595/249  421/249    97/83  205/249  163/249    55/83  211/249  301/249   145/83  613/249  835/249]
[  201/83      5/3  271/249    57/83  115/249  103/249    45/83  211/249  331/249   165/83  703/249  457/249    85/83   97/249  -17/249]
[  -29/83 -113/249  -95/249   -11/83   73/249  223/249   139/83  655/249  439/249    89/83  139/249   55/249     5/83   19/249   67/249]
[   53/83  295/249  475/249   233/83  469/249  283/249    47/83   43/249  -11/249    -7/83   13/249   91/249    71/83  379/249  589/249]
[  281/83  643/249  487/249   125/83  307/249  283/249   101/83  367/249  475/249   209/83  823/249  565/249   117/83  181/249   55/249]
[   -9/83  -65/249  -59/249    -3/83   85/249  223/249   135/83  631/249  403/249    73/83   79/249  -17/249   -23/83  -77/249  -41/249]
[   13/83  163/249  331/249   181/83  301/249  103/249   -17/83 -161/249 -227/249        0        0        0        0        0        0]
Testing obstruction for
m1: 8, m2: 10,a: 3
[      -1 -211/249  -97/249    31/83  359/249  203/249    41/83  119/249  191/249   113/83  563/249  365/249    81/83  197/249  227/249]
[  111/83  515/249  275/249    37/83   23/249   11/249    25/83  215/249  431/249    75/83   95/249   41/249    21/83  161/249  335/249]
[  195/83  413/249  317/249    99/83  353/249  485/249    65/83  -19/249 -157/249   -73/83 -205/249 -115/249    17/83  293/249  113/249]
[    3/83  -19/249   29/249    51/83  353/249  629/249   161/83  413/249  419/249   167/83  659/249  395/249    69/83   95/249   59/249]
[   33/83  215/249  407/249    59/83   23/249  -55/249   -19/83   17/249  167/249   131/83  695/249  575/249   177/83  563/249  671/249]
[  119/83  119/249  -43/249   -43/83 -139/249  -73/249    23/83  287/249      1/3   -15/83  -97/249  -73/249     9/83  203/249  455/249]
[   95/83  191/249  173/249    77/83  365/249  575/249   121/83  227/249  167/249    61/83  275/249  443/249    63/83   11/249  -91/249]
[  -39/83  -67/249   59/249    87/83  539/249  395/249   109/83  335/249  419/249   193/83  317/249  131/249     7/83  -13/249   29/249]
[   49/83  341/249  113/249   -13/83 -115/249 -115/249   -13/83  113/249  341/249    49/83   29/249  -13/249     7/83  131/249  317/249]
[  193/83  419/249  335/249   109/83  395/249  539/249    87/83   59/249  -67/249   -39/83  -91/249   11/249    63/83  443/249  275/249]
[   61/83  167/249  227/249   121/83  575/249  365/249    77/83  173/249  191/249    95/83  455/249  203/249     9/83  -73/249  -97/249]
[  -15/83      1/3  287/249    23/83  -73/249 -139/249   -43/83  -43/249  119/249   119/83  671/249  563/249   177/83  575/249  695/249]
[  131/83  167/249   17/249   -19/83  -55/249   23/249    59/83  407/249  215/249    33/83   59/249   95/249    69/83  395/249  659/249]
[  167/83  419/249  413/249   161/83  629/249  353/249    51/83   29/249  -19/249     3/83  113/249  293/249    17/83 -115/249 -205/249]
[  -73/83 -157/249  -19/249    65/83  485/249  353/249    99/83  317/249  413/249   195/83  335/249  161/249    21/83   41/249   95/249]
[   75/83  431/249  215/249    25/83   11/249   23/249    37/83  275/249  515/249   111/83  227/249  197/249    81/83  365/249  563/249]
[  113/83  191/249  119/249    41/83  203/249  359/249    31/83  -97/249 -211/249        0        0        0        0        0        0]
Unobstructed
59
---------------------------
---------------------------
13a2616
Correction terms
[      -1    7/153 -125/153     7/17  -41/153 -131/153   -23/17   37/153  -11/153    -5/17  -65/153  -71/153    -7/17  -41/153   -5/153]
[    5/17 -197/153     -7/9    -3/17   79/153 -107/153     3/17 -131/153   31/153   -11/17   91/153  -11/153   -11/17 -173/153   73/153]
[    3/17   -5/153  -23/153    -3/17     -1/9    7/153     5/17 -209/153 -143/153    -7/17   31/153 -167/153    -5/17 -215/153  -65/153]
[  -23/17  -29/153 -143/153     7/17 -329/153  -95/153       -1  109/153 -227/153     7/17 -245/153   73/153   -23/17  139/153 -113/153]
[   -5/17 -269/153  133/153    -7/17   61/153 -107/153     5/17  -95/153      5/9    -3/17 -125/153 -209/153     3/17  -29/153  -71/153]
[  -11/17 -113/153 -113/153   -11/17  -71/153  -29/153     3/17 -209/153 -125/153    -3/17      5/9  -95/153     5/17 -107/153   61/153]
[   -7/17  133/153 -269/153    -5/17 -113/153  139/153   -23/17   73/153 -245/153     7/17 -227/153  109/153       -1  -95/153 -329/153]
[    7/17 -143/153  -29/153   -23/17  -65/153 -215/153    -5/17 -167/153   31/153    -7/17 -143/153 -209/153     5/17    7/153     -1/9]
[   -3/17  -23/153   -5/153     3/17   73/153 -173/153   -11/17  -11/153   91/153   -11/17   31/153 -131/153     3/17 -107/153   79/153]
[   -3/17     -7/9 -197/153     5/17   -5/153  -41/153    -7/17  -71/153  -65/153    -5/17  -11/153   37/153   -23/17 -131/153  -41/153]
[    7/17 -125/153    7/153        0        0        0        0        0        0        0        0        0        0        0        0]
Testing obstruction for
m1: 2, m2: 26,a: 0
Obstructed by Z^n/Q not being cyclic
Testing obstruction for
m1: 4, m2: 14,a: 3
[      -1 -139/153  -97/153    -3/17   71/153  197/153    39/17  227/153  131/153     7/17   23/153   11/153     3/17   71/153  143/153]
[   27/17  371/153     13/9    11/17    5/153  -61/153   -11/17 -109/153  -91/153    -5/17   29/153  131/153    29/17  419/153  299/153]
[   23/17  143/153  107/153    11/17      7/9  167/153    27/17  347/153  479/153    37/17  215/153  125/153     7/17   29/153   23/153]
[    5/17   95/153  173/153    31/17  413/153  269/153        1   65/153    5/153    -3/17  -31/153   -7/153     5/17  125/153  233/153]
[   41/17  227/153  113/153     3/17  -31/153  -61/153    -7/17  -37/153      1/9    11/17  209/153  347/153    23/17   95/153   11/153]
[   -5/17  -73/153  -73/153    -5/17   11/153   95/153    23/17  347/153  209/153    11/17      1/9  -37/153    -7/17  -61/153  -31/153]
[    3/17  113/153  227/153    41/17  233/153  125/153     5/17   -7/153  -31/153    -3/17    5/153   65/153        1  269/153  413/153]
[   31/17  173/153   95/153     5/17   23/153   29/153     7/17  125/153  215/153    37/17  479/153  347/153    27/17  167/153      7/9]
[   11/17  107/153  143/153    23/17  299/153  419/153    29/17  131/153   29/153    -5/17  -91/153 -109/153   -11/17  -61/153    5/153]
[   11/17     13/9  371/153    27/17  143/153   71/153     3/17   11/153   23/153     7/17  131/153  227/153    39/17  197/153   71/153]
[   -3/17  -97/153 -139/153        0        0        0        0        0        0        0        0        0        0        0        0]
Testing obstruction for
m1: 6, m2: 12,a: 5
[      -1 -131/153  -65/153     5/17  199/153   91/153     3/17    7/153   31/153    11/17  211/153   61/153    -5/17 -107/153 -125/153]
[  -11/17  -29/153      5/9    27/17  139/153   79/153     7/17   91/153  163/153    31/17  133/153   31/153    -3/17  -41/153  -11/153]
[    7/17  181/153  343/153    27/17     11/9  175/153    23/17  283/153  403/153    29/17  163/153  109/153    11/17  133/153  211/153]
[   37/17  193/153   97/153     5/17   37/153   73/153        1  277/153  139/153     5/17   -5/153  -11/153     3/17  109/153  235/153]
[   11/17    7/153  -41/153    -5/17   -5/153   79/153    23/17   73/153     -1/9    -7/17  -65/153  -23/153     7/17  193/153   61/153]
[   -3/17  -71/153  -71/153    -3/17   61/153  193/153     7/17  -23/153  -65/153    -7/17     -1/9   73/153    23/17   79/153   -5/153]
[   -5/17  -41/153    7/153    11/17  235/153  109/153     3/17  -11/153   -5/153     5/17  139/153  277/153        1   73/153   37/153]
[    5/17   97/153  193/153    37/17  211/153  133/153    11/17  109/153  163/153    29/17  403/153  283/153    23/17  175/153     11/9]
[   27/17  343/153  181/153     7/17  -11/153  -41/153    -3/17   31/153  133/153    31/17  163/153   91/153     7/17   79/153  139/153]
[   27/17      5/9  -29/153   -11/17 -125/153 -107/153    -5/17   61/153  211/153    11/17   31/153    7/153     3/17   91/153  199/153]
[    5/17  -65/153 -131/153        0        0        0        0        0        0        0        0        0        0        0        0]
Unobstructed
5
---------------------------
---------------------------
13a2623
Correction terms
[      -1  369/365  381/365 -329/365 -301/365   -53/73 -221/365 -169/365 -109/365  -41/365     7/73  119/365  211/365  311/365 -311/365]
[  -39/73  -71/365   61/365  201/365 -381/365   -45/73  -61/365  111/365  291/365 -251/365   -11/73  149/365 -369/365 -149/365   79/365]
[  -83/73 -171/365   81/365  341/365 -121/365    31/73  439/365    1/365 -429/365 -121/365    39/73 -211/365  121/365 -269/365   79/365]
[  -59/73   69/365  441/365   91/365 -251/365    29/73 -181/365  231/365  -79/365 -381/365    11/73 -231/365  221/365  -49/365 -311/365]
[   33/73  -81/365 -319/365  181/365  -41/365   -51/73  269/365   71/365 -119/365 -301/365    51/73   89/365  -69/365     -3/5  369/365]
[   47/73  109/365   -9/365 -119/365 -221/365   -63/73  329/365  251/365 -549/365  119/365    13/73   19/365  -19/365  -49/365  -71/365]
[  -17/73  -91/365  -89/365  -79/365  -61/365    -7/73   -1/365   41/365   91/365  149/365    43/73  289/365 -359/365 -269/365 -171/365]
[  -13/73   49/365 -559/365  301/365  439/365   -29/73    9/365  171/365 -389/365 -211/365    -5/73  169/365 -359/365 -149/365   69/365]
[   59/73 -201/365   41/365  291/365 -181/365    17/73 -371/365  -89/365  201/365 -231/365    15/73 -341/365  -19/365  311/365  -81/365]
[   53/73 -111/365 -479/365 -109/365  269/365   -15/73 -411/365   -9/365  401/365   89/365   -43/73      3/5  -69/365 -349/365  109/365]
[  -31/73 -411/365   71/365 -169/365  329/365    21/73 -111/365  411/365  211/365   19/365   -33/73 -341/365  221/365   61/365  -91/365]
[  -47/73 -371/365  231/365  111/365   -1/365   -21/73 -201/365 -289/365  361/365  289/365  -101/73  169/365  121/365   81/365   49/365]
[    5/73    9/365    1/365    1/365    9/365     5/73   49/365   81/365  121/365  169/365  -101/73  289/365  361/365 -289/365 -201/365]
[  -21/73   -1/365  111/365  231/365 -371/365   -47/73  -91/365   61/365  221/365 -341/365   -33/73   19/365  211/365  411/365 -111/365]
[   21/73  329/365 -169/365   71/365 -411/365   -31/73  109/365 -349/365  -69/365      3/5   -43/73   89/365  401/365   -9/365 -411/365]
[  -15/73  269/365 -109/365 -479/365 -111/365    53/73  -81/365  311/365  -19/365 -341/365    15/73 -231/365  201/365  -89/365 -371/365]
[   17/73 -181/365  291/365   41/365 -201/365    59/73   69/365 -149/365 -359/365  169/365    -5/73 -211/365 -389/365  171/365    9/365]
[  -29/73  439/365  301/365 -559/365   49/365   -13/73 -171/365 -269/365 -359/365  289/365    43/73  149/365   91/365   41/365   -1/365]
[   -7/73  -61/365  -79/365  -89/365  -91/365   -17/73  -71/365  -49/365  -19/365   19/365    13/73  119/365 -549/365  251/365  329/365]
[  -63/73 -221/365 -119/365   -9/365  109/365    47/73  369/365     -3/5  -69/365   89/365    51/73 -301/365 -119/365   71/365  269/365]
[  -51/73  -41/365  181/365 -319/365  -81/365    33/73 -311/365  -49/365  221/365 -231/365    11/73 -381/365  -79/365  231/365 -181/365]
[   29/73 -251/365   91/365  441/365   69/365   -59/73   79/365 -269/365  121/365 -211/365    39/73 -121/365 -429/365    1/365  439/365]
[   31/73 -121/365  341/365   81/365 -171/365   -83/73   79/365 -149/365 -369/365  149/365   -11/73 -251/365  291/365  111/365  -61/365]
[  -45/73 -381/365  201/365   61/365  -71/365   -39/73 -311/365  311/365  211/365  119/365     7/73  -41/365 -109/365 -169/365 -221/365]
[  -53/73 -301/365 -329/365  381/365  369/365        0        0        0        0        0        0        0        0        0        0]
Testing obstruction for
m1: 2, m2: 62,a: 1
[      -1 -359/365 -341/365 -311/365 -269/365   -43/73 -149/365  -71/365   19/365  121/365    47/73  361/365  499/365  649/365  811/365]
[  197/73 1171/365 1369/365 1579/365 1801/365   407/73 2281/365 2539/365 2809/365 3091/365   677/73 3691/365 4009/365 4339/365 4681/365]
[ 1007/73 5401/365 5049/365 4709/365 4381/365   813/73 3761/365 3469/365 3189/365 2921/365   533/73 2421/365 2189/365 1969/365 1761/365]
[  313/73 1381/365 1209/365 1049/365  901/365   153/73  641/365  529/365  429/365  341/365    53/73  201/365  149/365  109/365   81/365]
[   13/73   61/365   69/365   89/365  121/365    33/73  221/365  289/365  369/365  461/365   113/73  681/365  809/365     13/5 1101/365]
[  253/73 1441/365 1629/365 1829/365 2041/365   453/73 2501/365 2749/365 3009/365 3281/365   713/73 3861/365 4169/365 4489/365 4821/365]
[ 1033/73 5521/365 5159/365 4809/365 4471/365   829/73 3831/365 3529/365 3239/365 2961/365   539/73 2441/365 2199/365 1969/365 1751/365]
[  309/73 1351/365 1169/365  999/365  841/365   139/73  561/365  439/365  329/365  231/365    29/73   71/365    9/365  -41/365  -79/365]
[  -21/73 -119/365 -121/365 -111/365  -89/365   -11/73   -9/365   49/365  119/365  201/365    59/73  401/365  519/365  649/365  791/365]
[  189/73 1111/365 1289/365 1479/365 1681/365   379/73 2121/365 2359/365 2609/365 2871/365   629/73     47/5 3729/365 4039/365 4361/365]
[  939/73 5041/365 5399/365 5039/365 4691/365   871/73 4031/365 3719/365 3419/365 3131/365   571/73 2591/365 2339/365 2099/365 1871/365]
[  331/73 1451/365 1259/365 1079/365  911/365   151/73  611/365  479/365  359/365  251/365    31/73   71/365   -1/365  -61/365 -109/365]
[  -29/73 -169/365 -181/365 -181/365 -169/365   -29/73 -109/365  -61/365   -1/365   71/365    31/73  251/365  359/365  479/365  611/365]
[  151/73  911/365 1079/365 1259/365 1451/365   331/73 1871/365 2099/365 2339/365 2591/365   571/73 3131/365 3419/365 3719/365 4031/365]
[  871/73 4691/365 5039/365 5399/365 5041/365   939/73 4361/365 4039/365 3729/365     47/5   629/73 2871/365 2609/365 2359/365 2121/365]
[  379/73 1681/365 1479/365 1289/365 1111/365   189/73  791/365  649/365  519/365  401/365    59/73  201/365  119/365   49/365   -9/365]
[  -11/73  -89/365 -111/365 -121/365 -119/365   -21/73  -79/365  -41/365    9/365   71/365    29/73  231/365  329/365  439/365  561/365]
[  139/73  841/365  999/365 1169/365 1351/365   309/73 1751/365 1969/365 2199/365 2441/365   539/73 2961/365 3239/365 3529/365 3831/365]
[  829/73 4471/365 4809/365 5159/365 5521/365  1033/73 4821/365 4489/365 4169/365 3861/365   713/73 3281/365 3009/365 2749/365 2501/365]
[  453/73 2041/365 1829/365 1629/365 1441/365   253/73 1101/365     13/5  809/365  681/365   113/73  461/365  369/365  289/365  221/365]
[   33/73  121/365   89/365   69/365   61/365    13/73   81/365  109/365  149/365  201/365    53/73  341/365  429/365  529/365  641/365]
[  153/73  901/365 1049/365 1209/365 1381/365   313/73 1761/365 1969/365 2189/365 2421/365   533/73 2921/365 3189/365 3469/365 3761/365]
[  813/73 4381/365 4709/365 5049/365 5401/365  1007/73 4681/365 4339/365 4009/365 3691/365   677/73 3091/365 2809/365 2539/365 2281/365]
[  407/73 1801/365 1579/365 1369/365 1171/365   197/73  811/365  649/365  499/365  361/365    47/73  121/365   19/365  -71/365 -149/365]
[  -43/73 -269/365 -311/365 -341/365 -359/365        0        0        0        0        0        0        0        0        0        0]
Unobstructed
102
---------------------------
---------------------------
13a2628
Correction terms
[      -1 -527/345  307/345   29/115  193/345   -13/69    1/115 -293/345 -263/345   31/115    17/69 -287/345  119/115  -53/345 -137/345]
[  -39/23  -17/345  187/345    9/115  193/345    -1/69   41/115 -113/345    -1/15  -99/115   -49/69  133/345   49/115 -203/345 -227/345]
[    5/23   13/345 -413/345   59/115 -287/345    53/69  -79/115  277/345 -263/345 -159/115   -73/69   73/345   49/115 -143/345 -107/345]
[   17/23   -19/15 -113/345  -51/115  133/345    11/69  101/115  187/345 -293/345 -149/115   -55/69  223/345 -111/115  127/345  223/345]
[   -3/23   13/345 -293/345  -91/115   73/345    11/69  121/115 -383/345 -113/345     -3/5     5/69 -107/345   29/115  -83/345   73/345]
[   -9/23  -17/345 -263/345  -61/115 -467/345    53/69  -19/115  -53/345 -413/345   81/115   -31/69 -227/345    9/115  -83/345  133/345]
[   -1/23  163/345    -1/15 -191/115 -107/345    -1/69  -89/115 -203/345  187/345   71/115   -25/69 -137/345 -171/115  127/345 -287/345]
[   21/23 -137/345 -263/345  -21/115 -227/345   -13/69  -89/115 -143/345  307/345  -99/115      1/3 -527/345  -51/115 -143/345  193/345]
[   11/23 -227/345 -293/345  -11/115 -137/345    17/69  -19/115  127/345  -53/345   31/115   -25/69  -17/345  -91/115 -203/345  193/345]
[  -31/23 -107/345 -113/345      3/5  163/345   -49/69 -109/115  -83/345 -203/345    1/115   -31/69   13/345  -61/115  -53/345 -287/345]
[  -13/23 -467/345  277/345  -11/115  -17/345   -73/69 -129/115  -83/345 -143/345   41/115     5/69   -19/15   39/115 -383/345  133/345]
[  -27/23   73/345  187/345  -21/115   13/345   -55/69  -79/115  127/345  127/345  -79/115   -55/69   13/345  -21/115  187/345   73/345]
[  -27/23  133/345 -383/345   39/115   -19/15     5/69   41/115 -143/345  -83/345 -129/115   -73/69  -17/345  -11/115  277/345 -467/345]
[  -13/23 -287/345  -53/345  -61/115   13/345   -31/69    1/115 -203/345  -83/345 -109/115   -49/69  163/345      3/5 -113/345 -107/345]
[  -31/23  193/345 -203/345  -91/115  -17/345   -25/69   31/115  -53/345  127/345  -19/115    17/69 -137/345  -11/115 -293/345 -227/345]
[   11/23  193/345 -143/345  -51/115 -527/345      1/3  -99/115  307/345 -143/345  -89/115   -13/69 -227/345  -21/115 -263/345 -137/345]
[   21/23 -287/345  127/345 -171/115 -137/345   -25/69   71/115  187/345 -203/345  -89/115    -1/69 -107/345 -191/115    -1/15  163/345]
[   -1/23  133/345  -83/345    9/115 -227/345   -31/69   81/115 -413/345  -53/345  -19/115    53/69 -467/345  -61/115 -263/345  -17/345]
[   -9/23   73/345  -83/345   29/115 -107/345     5/69     -3/5 -113/345 -383/345  121/115    11/69   73/345  -91/115 -293/345   13/345]
[   -3/23  223/345  127/345 -111/115  223/345   -55/69 -149/115 -293/345  187/345  101/115    11/69  133/345  -51/115 -113/345   -19/15]
[   17/23 -107/345 -143/345   49/115   73/345   -73/69 -159/115 -263/345  277/345  -79/115    53/69 -287/345   59/115 -413/345   13/345]
[    5/23 -227/345 -203/345   49/115  133/345   -49/69  -99/115    -1/15 -113/345   41/115    -1/69  193/345    9/115  187/345  -17/345]
[  -39/23 -137/345  -53/345  119/115 -287/345    17/69   31/115 -263/345 -293/345    1/115   -13/69  193/345   29/115  307/345 -527/345]
[       0        0        0        0        0        0        0        0        0        0        0        0        0        0        0]
Testing obstruction for
m1: 2, m2: 58,a: 0
[      -1 -109/345  -91/345  -97/115  -19/345     7/69  -43/115  179/345  269/345   47/115    97/69  611/345  173/115  899/345 1061/345]
[   67/23 1421/345 1619/345  533/115 2051/345   457/69  767/115 2789/345   133/15 1037/115   727/69 3941/345 1343/115 4589/345 4931/345]
[  291/23 4271/345 3959/345 1143/115 3371/345   619/69  867/115 2579/345 2339/345  627/115   379/69 1691/345  423/115 1319/345 1151/345]
[   51/23    37/15  719/345  123/115  491/345    79/69   27/115  239/345  179/345  -33/115    19/69   71/345  -57/115   59/345   71/345]
[   -9/23  131/345  179/345    3/115  311/345    79/69   87/115  599/345  719/345      9/5   199/69 1151/345  363/115 1499/345 1691/345]
[  111/23 2111/345 2339/345  783/115 2831/345   619/69 1047/115 3659/345 3959/345 1347/115   919/69 4931/345 1453/115 4259/345 3941/345]
[  227/23 3341/345   133/15  853/115 2531/345   457/69  607/115 1829/345 1619/345  397/115   247/69 1061/345  223/115  749/345  611/345]
[   17/23  371/345  269/345  -17/115  101/345     7/69  -83/115  -61/345  -91/345 -113/115     -1/3 -109/345 -107/115  -61/345  -19/345]
[  -13/23  101/345  179/345   13/115  371/345    97/69  127/115  749/345  899/345  277/115   247/69 1421/345  463/115 1829/345 2051/345]
[  137/23 2531/345 2789/345     41/5 3341/345   727/69 1237/115 4259/345 4589/345 1567/115   919/69 4271/345 1243/115 3659/345 3371/345]
[  191/23 2831/345 2579/345  703/115 2111/345   379/69  487/115 1499/345 1319/345  307/115   199/69    37/15  163/115  599/345  491/345]
[   11/23  311/345  239/345  -17/115  131/345    19/69  -53/115   59/345   59/345  -53/115    19/69  131/345  -17/115  239/345  311/345]
[   11/23  491/345  599/345  163/115    37/15   199/69  307/115 1319/345 1499/345  487/115   379/69 2111/345  703/115 2579/345 2831/345]
[  191/23 3371/345 3659/345 1243/115 4271/345   919/69 1567/115 4589/345 4259/345 1237/115   727/69 3341/345     41/5 2789/345 2531/345]
[  137/23 2051/345 1829/345  463/115 1421/345   247/69  277/115  899/345  749/345  127/115    97/69  371/345   13/115  179/345  101/345]
[  -13/23  -19/345  -61/345 -107/115 -109/345     -1/3 -113/115  -91/345  -61/345  -83/115     7/69  101/345  -17/115  269/345  371/345]
[   17/23  611/345  749/345  223/115 1061/345   247/69  397/115 1619/345 1829/345  607/115   457/69 2531/345  853/115   133/15 3341/345]
[  227/23 3941/345 4259/345 1453/115 4931/345   919/69 1347/115 3959/345 3659/345 1047/115   619/69 2831/345  783/115 2339/345 2111/345]
[  111/23 1691/345 1499/345  363/115 1151/345   199/69      9/5  719/345  599/345   87/115    79/69  311/345    3/115  179/345  131/345]
[   -9/23   71/345   59/345  -57/115   71/345    19/69  -33/115  179/345  239/345   27/115    79/69  491/345  123/115  719/345    37/15]
[   51/23 1151/345 1319/345  423/115 1691/345   379/69  627/115 2339/345 2579/345  867/115   619/69 3371/345 1143/115 3959/345 4271/345]
[  291/23 4931/345 4589/345 1343/115 3941/345   727/69 1037/115   133/15 2789/345  767/115   457/69 2051/345  533/115 1619/345 1421/345]
[   67/23 1061/345  899/345  173/115  611/345    97/69   47/115  269/345  179/345  -43/115     7/69  -19/345  -97/115  -91/345 -109/345]
[       0        0        0        0        0        0        0        0        0        0        0        0        0        0        0]
Testing obstruction for
m1: 8, m2: 12,a: 0
[      -1 -269/345  -41/345  113/115  871/345   173/69  337/115  619/345  379/345   97/115    71/69  571/345   83/115   79/345   61/345]
[   13/23  481/345  919/345  273/115  871/345    77/69   17/115 -131/345    -7/15  -13/115    47/69  661/345  183/115  589/345  781/345]
[   29/23  241/345  199/345  103/115  571/345    59/69   57/115  199/345  379/345  237/115   239/69 1141/345  183/115  109/345 -179/345]
[  -21/23   -13/15 -131/345   63/115  661/345   119/69  227/115  919/345  619/345  157/115    95/69  631/345   83/115   19/345  -59/345]
[    1/23  241/345  619/345  383/115 1141/345   119/69   67/115  -41/345 -131/345     -1/5    29/69  511/345  113/115  319/345  451/345]
[   49/23  481/345  379/345  143/115  631/345    59/69   37/115   79/345  199/345  157/115   179/69 1471/345  273/115  319/345  -29/345]
[  -15/23 -269/345    -7/15   33/115  511/345    77/69  137/115  589/345  919/345  237/115   131/69  751/345  103/115   19/345 -119/345]
[   -7/23   61/345  379/345  283/115 1471/345   173/69  137/115  109/345  -41/345  -13/115      1/3  421/345   63/115  109/345  181/345]
[   27/23  781/345  619/345  203/115  751/345    71/69   37/115   19/345   79/345   97/115   131/69 1171/345  383/115  589/345  181/345]
[   -5/23 -179/345 -131/345      1/5  421/345    47/69   67/115  319/345  589/345  337/115   179/69  931/345  143/115   79/345 -119/345]
[  -11/23  -59/345  199/345  203/115 1171/345   239/69  227/115  319/345  109/345   17/115    29/69    17/15   33/115  -41/345  -29/345]
[    9/23  451/345  919/345  283/115  931/345    95/69   57/115   19/345   19/345   57/115    95/69  931/345  283/115  919/345  451/345]
[    9/23  -29/345  -41/345   33/115    17/15    29/69   17/115  109/345  319/345  227/115   239/69 1171/345  203/115  199/345  -59/345]
[  -11/23 -119/345   79/345  143/115  931/345   179/69  337/115  589/345  319/345   67/115    47/69  421/345      1/5 -131/345 -179/345]
[   -5/23  181/345  589/345  383/115 1171/345   131/69   97/115   79/345   19/345   37/115    71/69  751/345  203/115  619/345  781/345]
[   27/23  181/345  109/345   63/115  421/345      1/3  -13/115  -41/345  109/345  137/115   173/69 1471/345  283/115  379/345   61/345]
[   -7/23 -119/345   19/345  103/115  751/345   131/69  237/115  919/345  589/345  137/115    77/69  511/345   33/115    -7/15 -269/345]
[  -15/23  -29/345  319/345  273/115 1471/345   179/69  157/115  199/345   79/345   37/115    59/69  631/345  143/115  379/345  481/345]
[   49/23  451/345  319/345  113/115  511/345    29/69     -1/5 -131/345  -41/345   67/115   119/69 1141/345  383/115  619/345  241/345]
[    1/23  -59/345   19/345   83/115  631/345    95/69  157/115  619/345  919/345  227/115   119/69  661/345   63/115 -131/345   -13/15]
[  -21/23 -179/345  109/345  183/115 1141/345   239/69  237/115  379/345  199/345   57/115    59/69  571/345  103/115  199/345  241/345]
[   29/23  781/345  589/345  183/115  661/345    47/69  -13/115    -7/15 -131/345   17/115    77/69  871/345  273/115  919/345  481/345]
[   13/23   61/345   79/345   83/115  571/345    71/69   97/115  379/345  619/345  337/115   173/69  871/345  113/115  -41/345 -269/345]
[       0        0        0        0        0        0        0        0        0        0        0        0        0        0        0]
Testing obstruction for
m1: 10, m2: 10,a: 2
[      -1 -307/345 -193/345   -1/115  263/345   121/69  111/115  137/345   17/345   -9/115     1/69  113/345   99/115  557/345  893/345]
[   41/23  413/345  287/345   79/115  263/345    73/69  181/115  797/345    49/15  281/115   127/69  503/345  149/115  467/345  563/345]
[   49/23  983/345  617/345  109/115  113/345    -5/69  -29/115  -73/345   17/345   61/115    85/69  743/345  149/115  227/345   83/345]
[    1/23     1/15  107/345   89/115  503/345   163/69  171/115  287/345  137/345   21/115    13/69  143/345   99/115  527/345  833/345]
[   81/23  983/345  827/345  249/115  743/345   163/69  321/115 1187/345  797/345      7/5    49/69   83/345   -1/115  -13/345   53/345]
[   13/23  413/345  707/345  129/115  143/345    -5/69  -39/115 -133/345  -73/345   21/115    55/69  563/345   79/115  -13/345 -187/345]
[  -19/23 -307/345   -11/15  -41/115   83/345    73/69  241/115  467/345  287/345   61/115    31/69  203/345  109/115  527/345  803/345]
[   77/23  893/345  707/345  199/115  563/345   121/69  241/115  917/345 1187/345  281/115      5/3  383/345   89/115  227/345  263/345]
[   25/23  563/345  827/345  159/115  203/345     1/69  -39/115 -163/345 -133/345   -9/115    31/69  413/345  249/115  467/345  263/345]
[    9/23   83/345  107/345      3/5  383/345   127/69  321/115  677/345  467/345  111/115    55/69  293/345  129/115  557/345  803/345]
[   75/23  833/345  617/345  159/115  413/345    85/69  171/115  677/345  917/345  181/115    49/69     1/15  -41/115 -193/345 -187/345]
[   -7/23   53/345  287/345  199/115  293/345    13/69  -29/115 -163/345 -163/345  -29/115    13/69  293/345  199/115  287/345   53/345]
[   -7/23 -187/345 -193/345  -41/115     1/15    49/69  181/115  917/345  677/345  171/115    85/69  413/345  159/115  617/345  833/345]
[   75/23  803/345  557/345  129/115  293/345    55/69  111/115  467/345  677/345  321/115   127/69  383/345      3/5  107/345   83/345]
[    9/23  263/345  467/345  249/115  413/345    31/69   -9/115 -133/345 -163/345  -39/115     1/69  203/345  159/115  827/345  563/345]
[   25/23  263/345  227/345   89/115  383/345      5/3  281/115 1187/345  917/345  241/115   121/69  563/345  199/115  707/345  893/345]
[   77/23  803/345  527/345  109/115  203/345    31/69   61/115  287/345  467/345  241/115    73/69   83/345  -41/115   -11/15 -307/345]
[  -19/23 -187/345  -13/345   79/115  563/345    55/69   21/115  -73/345 -133/345  -39/115    -5/69  143/345  129/115  707/345  413/345]
[   13/23   53/345  -13/345   -1/115   83/345    49/69      7/5  797/345 1187/345  321/115   163/69  743/345  249/115  827/345  983/345]
[   81/23  833/345  527/345   99/115  143/345    13/69   21/115  137/345  287/345  171/115   163/69  503/345   89/115  107/345     1/15]
[    1/23   83/345  227/345  149/115  743/345    85/69   61/115   17/345  -73/345  -29/115    -5/69  113/345  109/115  617/345  983/345]
[   49/23  563/345  467/345  149/115  503/345   127/69  281/115    49/15  797/345  181/115    73/69  263/345   79/115  287/345  413/345]
[   41/23  893/345  557/345   99/115  113/345     1/69   -9/115   17/345  137/345  111/115   121/69  263/345   -1/115 -193/345 -307/345]
[       0        0        0        0        0        0        0        0        0        0        0        0        0        0        0]
Testing obstruction for
m1: 30, m2: 30,a: 28
[      -1 -227/345  127/345    9/115  163/345   -31/69  -79/115  -83/345  307/345   81/115    83/69  133/345   29/115  277/345  703/345]
[   45/23  883/345  637/345  209/115  853/345   263/69  441/115 1567/345    59/15  461/115   329/69 2143/345  729/115 2467/345 2293/345]
[  157/23 1963/345 1807/345  629/115 1513/345   275/69  491/115 1117/345  997/345  371/115   155/69  673/345  269/115  487/345  403/345]
[   37/23    11/15  187/345  119/115   73/345     5/69   71/115  -53/345  -83/345   41/115   -25/69 -137/345   29/115 -143/345 -137/345]
[    7/23 -107/345  -83/345   59/115  -17/345     5/69  101/115  127/345  187/345      7/5    65/69  403/345  239/115  577/345  673/345]
[   67/23  883/345  997/345  449/115 1243/345   275/69  581/115 1657/345 1807/345  731/115   425/69 2293/345  669/115 1957/345 2143/345]
[  125/23 1843/345    59/15  369/115 1093/345   263/69  361/115 1087/345  637/345  141/115    89/69  703/345  169/115  547/345  133/345]
[   -3/23   13/345  307/345   49/115  223/345   -31/69  -99/115 -203/345  127/345    1/115      1/3 -227/345 -111/115 -203/345  163/345]
[    5/23  223/345  -83/345  -51/115   13/345    83/69  121/115  547/345  277/345   81/115    89/69  883/345  289/115 1087/345  853/345]
[   57/23 1093/345 1567/345     23/5 1843/345   329/69  561/115 1957/345 2467/345  841/115   425/69 1963/345  679/115 1657/345 1513/345]
[  107/23 1243/345 1117/345  409/115  883/345   155/69  301/115  577/345  487/345  211/115    65/69    11/15  139/115  127/345   73/345]
[   17/23  -17/345  -53/345   49/115 -107/345   -25/69   31/115 -143/345 -143/345   31/115   -25/69 -107/345   49/115  -53/345  -17/345]
[   17/23   73/345  127/345  139/115    11/15    65/69  211/115  487/345  577/345  301/115   155/69  883/345  409/115 1117/345 1243/345]
[  107/23 1513/345 1657/345  679/115 1963/345   425/69  841/115 2467/345 1957/345  561/115   329/69 1843/345     23/5 1567/345 1093/345]
[   57/23  853/345 1087/345  289/115  883/345    89/69   81/115  277/345  547/345  121/115    83/69   13/345  -51/115  -83/345  223/345]
[    5/23  163/345 -203/345 -111/115 -227/345      1/3    1/115  127/345 -203/345  -99/115   -31/69  223/345   49/115  307/345   13/345]
[   -3/23  133/345  547/345  169/115  703/345    89/69  141/115  637/345 1087/345  361/115   263/69 1093/345  369/115    59/15 1843/345]
[  125/23 2143/345 1957/345  669/115 2293/345   425/69  731/115 1807/345 1657/345  581/115   275/69 1243/345  449/115  997/345  883/345]
[   67/23  673/345  577/345  239/115  403/345    65/69      7/5  187/345  127/345  101/115     5/69  -17/345   59/115  -83/345 -107/345]
[    7/23 -137/345 -143/345   29/115 -137/345   -25/69   41/115  -83/345  -53/345   71/115     5/69   73/345  119/115  187/345    11/15]
[   37/23  403/345  487/345  269/115  673/345   155/69  371/115  997/345 1117/345  491/115   275/69 1513/345  629/115 1807/345 1963/345]
[  157/23 2293/345 2467/345  729/115 2143/345   329/69  461/115    59/15 1567/345  441/115   263/69  853/345  209/115  637/345  883/345]
[   45/23  703/345  277/345   29/115  133/345    83/69   81/115  307/345  -83/345  -79/115   -31/69  163/345    9/115  127/345 -227/345]
[       0        0        0        0        0        0        0        0        0        0        0        0        0        0        0]
Unobstructed
29
---------------------------
---------------------------
