13a3158
H_1 not cyclic will skip for now
13a3167
Correction terms
[      -1 -503/317 -427/317  -89/317 -123/317  105/317  -39/317   79/317 -175/317 -167/317  103/317    1/317  161/317  -51/317   -1/317]
[-323/317 -383/317 -181/317 -351/317 -259/317   95/317   77/317  321/317  193/317  327/317   89/317  113/317 -235/317 -321/317 -145/317]
[-341/317 -275/317   53/317    9/317  227/317   73/317  181/317  -83/317  -85/317  175/317   63/317  213/317   -9/317   31/317 -301/317]
[-371/317 -179/317 -359/317 -277/317   67/317   39/317  273/317  135/317  259/317   11/317   25/317 -333/317 -429/317 -263/317 -469/317]
[-413/317  -95/317 -149/317   59/317 -105/317   -7/317 -281/317 -293/317  -43/317 -165/317  -25/317 -257/317 -227/317   65/317  -15/317]
[ 167/317  -23/317   49/317 -251/317 -289/317  -65/317 -213/317  -99/317 -357/317 -353/317  -87/317 -193/317  -37/317 -253/317 -207/317]
[ 101/317   37/317  235/317   61/317  149/317 -135/317 -157/317   83/317  -49/317   81/317 -161/317 -141/317  141/317   51/317  223/317]
[  23/317   85/317 -225/317 -273/317  -59/317 -217/317 -113/317 -381/317 -387/317 -131/317 -247/317 -101/317 -327/317 -291/317    7/317]
[ -67/317  121/317  -63/317   15/317 -279/317 -311/317  -81/317 -223/317 -103/317 -355/317 -345/317  -73/317 -173/317  -11/317 -221/317]
[-169/317  145/317   87/317  291/317  123/317  217/317  -61/317  -77/317 -465/317 -591/317 -455/317  -57/317  -31/317  257/317  173/317]
[ 351/317  157/317  225/317  -79/317 -121/317   99/317  -53/317   57/317 -205/317 -205/317   57/317  -53/317   99/317 -121/317  -79/317]
[ 225/317  157/317  351/317  173/317  257/317  -31/317  -57/317 -455/317 -591/317 -465/317  -77/317  -61/317  217/317  123/317  291/317]
[  87/317  145/317 -169/317 -221/317  -11/317 -173/317  -73/317 -345/317 -355/317 -103/317 -223/317  -81/317 -311/317 -279/317   15/317]
[ -63/317  121/317  -67/317    7/317 -291/317 -327/317 -101/317 -247/317 -131/317 -387/317 -381/317 -113/317 -217/317  -59/317 -273/317]
[-225/317   85/317   23/317  223/317   51/317  141/317 -141/317 -161/317   81/317  -49/317   83/317 -157/317 -135/317  149/317   61/317]
[ 235/317   37/317  101/317 -207/317 -253/317  -37/317 -193/317  -87/317 -353/317 -357/317  -99/317 -213/317  -65/317 -289/317 -251/317]
[  49/317  -23/317  167/317  -15/317   65/317 -227/317 -257/317  -25/317 -165/317  -43/317 -293/317 -281/317   -7/317 -105/317   59/317]
[-149/317  -95/317 -413/317 -469/317 -263/317 -429/317 -333/317   25/317   11/317  259/317  135/317  273/317   39/317   67/317 -277/317]
[-359/317 -179/317 -371/317 -301/317   31/317   -9/317  213/317   63/317  175/317  -85/317  -83/317  181/317   73/317  227/317    9/317]
[  53/317 -275/317 -341/317 -145/317 -321/317 -235/317  113/317   89/317  327/317  193/317  321/317   77/317   95/317 -259/317 -351/317]
[-181/317 -383/317 -323/317   -1/317  -51/317  161/317    1/317  103/317 -167/317 -175/317   79/317  -39/317  105/317 -123/317  -89/317]
[-427/317 -503/317        0        0        0        0        0        0        0        0        0        0        0        0        0]
Testing obstruction for
m1: 2, m2: 54,a: 1
[      -1 -311/317 -293/317 -263/317 -221/317 -167/317 -101/317  -23/317   67/317  169/317  283/317  409/317  547/317  697/317  859/317]
[1033/317 1219/317 1417/317 1627/317 1849/317 2083/317 2329/317 2587/317 2857/317 3139/317 3433/317 3739/317 4057/317 3753/317 3461/317]
[3181/317 2913/317 2657/317 2413/317 2181/317 1961/317 1753/317 1557/317 1373/317 1201/317 1041/317  893/317  757/317  633/317  521/317]
[ 421/317  333/317  257/317  193/317  141/317  101/317   73/317   57/317   53/317   61/317   81/317  113/317  157/317  213/317  281/317]
[ 361/317  453/317  557/317  673/317  801/317  941/317 1093/317 1257/317 1433/317 1621/317 1821/317 2033/317 2257/317 2493/317 2741/317]
[3001/317 3273/317 3557/317 3853/317 4161/317 3847/317 3545/317 3255/317 2977/317 2711/317 2457/317 2215/317 1985/317 1767/317 1561/317]
[1367/317 1185/317 1015/317  857/317  711/317  577/317  455/317  345/317  247/317  161/317   87/317   25/317  -25/317  -63/317  -89/317]
[-103/317 -105/317  -95/317  -73/317  -39/317    7/317   65/317  135/317  217/317  311/317  417/317  535/317  665/317  807/317  961/317]
[1127/317 1305/317 1495/317 1697/317 1911/317 2137/317 2375/317 2625/317 2887/317 3161/317 3447/317 3745/317 4055/317 3743/317 3443/317]
[3155/317 2879/317 2615/317 2363/317 2123/317 1895/317 1679/317 1475/317 1283/317 1103/317  935/317  779/317  635/317  503/317  383/317]
[ 275/317  179/317   95/317   23/317  -37/317  -85/317 -121/317 -145/317 -157/317 -157/317 -145/317 -121/317  -85/317  -37/317   23/317]
[  95/317  179/317  275/317  383/317  503/317  635/317  779/317  935/317 1103/317 1283/317 1475/317 1679/317 1895/317 2123/317 2363/317]
[2615/317 2879/317 3155/317 3443/317 3743/317 4055/317 3745/317 3447/317 3161/317 2887/317 2625/317 2375/317 2137/317 1911/317 1697/317]
[1495/317 1305/317 1127/317  961/317  807/317  665/317  535/317  417/317  311/317  217/317  135/317   65/317    7/317  -39/317  -73/317]
[ -95/317 -105/317 -103/317  -89/317  -63/317  -25/317   25/317   87/317  161/317  247/317  345/317  455/317  577/317  711/317  857/317]
[1015/317 1185/317 1367/317 1561/317 1767/317 1985/317 2215/317 2457/317 2711/317 2977/317 3255/317 3545/317 3847/317 4161/317 3853/317]
[3557/317 3273/317 3001/317 2741/317 2493/317 2257/317 2033/317 1821/317 1621/317 1433/317 1257/317 1093/317  941/317  801/317  673/317]
[ 557/317  453/317  361/317  281/317  213/317  157/317  113/317   81/317   61/317   53/317   57/317   73/317  101/317  141/317  193/317]
[ 257/317  333/317  421/317  521/317  633/317  757/317  893/317 1041/317 1201/317 1373/317 1557/317 1753/317 1961/317 2181/317 2413/317]
[2657/317 2913/317 3181/317 3461/317 3753/317 4057/317 3739/317 3433/317 3139/317 2857/317 2587/317 2329/317 2083/317 1849/317 1627/317]
[1417/317 1219/317 1033/317  859/317  697/317  547/317  409/317  283/317  169/317   67/317  -23/317 -101/317 -167/317 -221/317 -263/317]
[-293/317 -311/317        0        0        0        0        0        0        0        0        0        0        0        0        0]
Unobstructed
125
---------------------------
---------------------------
13a3169
Correction terms
[      -1 -351/317  181/317   11/317 -227/317  101/317 -273/317  -81/317 -591/317   99/317   87/317    7/317 -141/317 -357/317   -7/317]
[-359/317 -145/317    1/317   79/317   89/317   31/317  -95/317 -289/317   83/317 -247/317  -11/317  157/317  257/317 -345/317 -381/317]
[ 149/317  -23/317 -263/317   63/317  321/317 -123/317   -1/317   53/317   39/317  -43/317 -193/317  223/317  -63/317  217/317 -205/317]
[ -61/317   15/317   23/317  -37/317 -165/317  273/317    9/317 -323/317  -89/317   77/317  175/317 -429/317  167/317   61/317 -113/317]
[-355/317  -31/317  225/317 -221/317 -101/317  -49/317  -65/317 -149/317 -301/317  113/317 -175/317  103/317 -321/317 -179/317 -105/317]
[ -99/317 -161/317 -291/317  145/317 -121/317 -455/317 -223/317  -59/317   37/317   65/317   25/317  -83/317 -259/317 -503/317 -181/317]
[  73/317  259/317 -257/317 -207/317 -225/317 -311/317 -465/317  -53/317  291/317  -67/317  141/317 -353/317 -281/317 -277/317 -341/317]
[ 161/317  -39/317  327/317   -9/317 -413/317 -251/317 -157/317 -131/317 -173/317  351/317  173/317  -73/317 -387/317 -135/317   49/317]
[-469/317  213/317  193/317  105/317  -51/317 -275/317   67/317 -293/317  -87/317   51/317  121/317  123/317   57/317  -77/317 -279/317]
[  85/317 -253/317  -25/317  135/317  227/317 -383/317 -427/317   95/317  -85/317 -333/317  -15/317  235/317 -217/317 -103/317  -57/317]
[ -79/317 -169/317 -327/317   81/317 -213/317   59/317 -371/317 -235/317 -167/317 -167/317 -235/317 -371/317   59/317 -213/317   81/317]
[-327/317 -169/317  -79/317  -57/317 -103/317 -217/317  235/317  -15/317 -333/317  -85/317   95/317 -427/317 -383/317  227/317  135/317]
[ -25/317 -253/317   85/317 -279/317  -77/317   57/317  123/317  121/317   51/317  -87/317 -293/317   67/317 -275/317  -51/317  105/317]
[ 193/317  213/317 -469/317   49/317 -135/317 -387/317  -73/317  173/317  351/317 -173/317 -131/317 -157/317 -251/317 -413/317   -9/317]
[ 327/317  -39/317  161/317 -341/317 -277/317 -281/317 -353/317  141/317  -67/317  291/317  -53/317 -465/317 -311/317 -225/317 -207/317]
[-257/317  259/317   73/317 -181/317 -503/317 -259/317  -83/317   25/317   65/317   37/317  -59/317 -223/317 -455/317 -121/317  145/317]
[-291/317 -161/317  -99/317 -105/317 -179/317 -321/317  103/317 -175/317  113/317 -301/317 -149/317  -65/317  -49/317 -101/317 -221/317]
[ 225/317  -31/317 -355/317 -113/317   61/317  167/317 -429/317  175/317   77/317  -89/317 -323/317    9/317  273/317 -165/317  -37/317]
[  23/317   15/317  -61/317 -205/317  217/317  -63/317  223/317 -193/317  -43/317   39/317   53/317   -1/317 -123/317  321/317   63/317]
[-263/317  -23/317  149/317 -381/317 -345/317  257/317  157/317  -11/317 -247/317   83/317 -289/317  -95/317   31/317   89/317   79/317]
[   1/317 -145/317 -359/317   -7/317 -357/317 -141/317    7/317   87/317   99/317 -591/317  -81/317 -273/317  101/317 -227/317   11/317]
[ 181/317 -351/317        0        0        0        0        0        0        0        0        0        0        0        0        0]
Testing obstruction for
m1: 2, m2: 54,a: 1
[      -1 -311/317 -293/317 -263/317 -221/317 -167/317 -101/317  -23/317   67/317  169/317  283/317  409/317  547/317  697/317  859/317]
[1033/317 1219/317 1417/317 1627/317 1849/317 2083/317 2329/317 2587/317 2857/317 3139/317 3433/317 3739/317 4057/317 3753/317 3461/317]
[3181/317 2913/317 2657/317 2413/317 2181/317 1961/317 1753/317 1557/317 1373/317 1201/317 1041/317  893/317  757/317  633/317  521/317]
[ 421/317  333/317  257/317  193/317  141/317  101/317   73/317   57/317   53/317   61/317   81/317  113/317  157/317  213/317  281/317]
[ 361/317  453/317  557/317  673/317  801/317  941/317 1093/317 1257/317 1433/317 1621/317 1821/317 2033/317 2257/317 2493/317 2741/317]
[3001/317 3273/317 3557/317 3853/317 4161/317 3847/317 3545/317 3255/317 2977/317 2711/317 2457/317 2215/317 1985/317 1767/317 1561/317]
[1367/317 1185/317 1015/317  857/317  711/317  577/317  455/317  345/317  247/317  161/317   87/317   25/317  -25/317  -63/317  -89/317]
[-103/317 -105/317  -95/317  -73/317  -39/317    7/317   65/317  135/317  217/317  311/317  417/317  535/317  665/317  807/317  961/317]
[1127/317 1305/317 1495/317 1697/317 1911/317 2137/317 2375/317 2625/317 2887/317 3161/317 3447/317 3745/317 4055/317 3743/317 3443/317]
[3155/317 2879/317 2615/317 2363/317 2123/317 1895/317 1679/317 1475/317 1283/317 1103/317  935/317  779/317  635/317  503/317  383/317]
[ 275/317  179/317   95/317   23/317  -37/317  -85/317 -121/317 -145/317 -157/317 -157/317 -145/317 -121/317  -85/317  -37/317   23/317]
[  95/317  179/317  275/317  383/317  503/317  635/317  779/317  935/317 1103/317 1283/317 1475/317 1679/317 1895/317 2123/317 2363/317]
[2615/317 2879/317 3155/317 3443/317 3743/317 4055/317 3745/317 3447/317 3161/317 2887/317 2625/317 2375/317 2137/317 1911/317 1697/317]
[1495/317 1305/317 1127/317  961/317  807/317  665/317  535/317  417/317  311/317  217/317  135/317   65/317    7/317  -39/317  -73/317]
[ -95/317 -105/317 -103/317  -89/317  -63/317  -25/317   25/317   87/317  161/317  247/317  345/317  455/317  577/317  711/317  857/317]
[1015/317 1185/317 1367/317 1561/317 1767/317 1985/317 2215/317 2457/317 2711/317 2977/317 3255/317 3545/317 3847/317 4161/317 3853/317]
[3557/317 3273/317 3001/317 2741/317 2493/317 2257/317 2033/317 1821/317 1621/317 1433/317 1257/317 1093/317  941/317  801/317  673/317]
[ 557/317  453/317  361/317  281/317  213/317  157/317  113/317   81/317   61/317   53/317   57/317   73/317  101/317  141/317  193/317]
[ 257/317  333/317  421/317  521/317  633/317  757/317  893/317 1041/317 1201/317 1373/317 1557/317 1753/317 1961/317 2181/317 2413/317]
[2657/317 2913/317 3181/317 3461/317 3753/317 4057/317 3739/317 3433/317 3139/317 2857/317 2587/317 2329/317 2083/317 1849/317 1627/317]
[1417/317 1219/317 1033/317  859/317  697/317  547/317  409/317  283/317  169/317   67/317  -23/317 -101/317 -167/317 -221/317 -263/317]
[-293/317 -311/317        0        0        0        0        0        0        0        0        0        0        0        0        0]
Unobstructed
95
---------------------------
---------------------------
13a3182
Correction terms
[      -1  -99/217 -179/217 -457/217  -65/217 -305/217 -309/217   -11/31  -43/217 -207/217 -135/217 -261/217 -151/217 -239/217   -13/31]
[-141/217   45/217 -401/217 -177/217 -151/217 -323/217   -37/31   41/217 -291/217   47/217 -247/217 -305/217 -127/217   -21/31 -365/217]
[  87/217     -3/7  -37/217 -179/217  -85/217   -27/31  -57/217 -123/217   47/217   19/217 -207/217 -197/217     7/31 -337/217  -53/217]
[  33/217  -79/217   45/217  -29/217   -43/31   97/217 -137/217 -135/217  103/217 -291/217  -15/217     9/31  -57/217   59/217  -23/217]
[-303/217   87/217     -5/7   -23/31   69/217  101/217  -65/217    5/217 -123/217  -15/217   -15/31   41/217  -11/217  173/217 -275/217]
[ -53/217  -29/217   -29/31 -141/217  157/217 -177/217  159/217 -137/217 -197/217    -3/31  -43/217 -263/217  187/217    5/217   59/217]
[ -85/217     1/31  -99/217      1/7  -37/217  131/217  101/217 -127/217   -17/31  125/217 -263/217   19/217  103/217  -11/217  111/217]
[    5/31 -239/217  157/217  -79/217  -79/217  157/217 -239/217     5/31  111/217  -11/217  103/217   19/217 -263/217  125/217   -17/31]
[-127/217  101/217  131/217  -37/217      1/7  -99/217     1/31  -85/217   59/217    5/217  187/217 -263/217  -43/217    -3/31 -197/217]
[-137/217  159/217 -177/217  157/217 -141/217   -29/31  -29/217  -53/217 -275/217  173/217  -11/217   41/217   -15/31  -15/217 -123/217]
[   5/217  -65/217  101/217   69/217   -23/31     -5/7   87/217 -303/217  -23/217   59/217  -57/217     9/31  -15/217 -291/217  103/217]
[-135/217 -137/217   97/217   -43/31  -29/217   45/217  -79/217   33/217  -53/217 -337/217     7/31 -197/217 -207/217   19/217   47/217]
[-123/217  -57/217   -27/31  -85/217 -179/217  -37/217     -3/7   87/217 -365/217   -21/31 -127/217 -305/217 -247/217   47/217 -291/217]
[  41/217   -37/31 -323/217 -151/217 -177/217 -401/217   45/217 -141/217   -13/31 -239/217 -151/217 -261/217 -135/217 -207/217  -43/217]
[  -11/31 -309/217 -305/217  -65/217 -457/217 -179/217  -99/217        0        0        0        0        0        0        0        0]
Testing obstruction for
m1: 4, m2: 16,a: 0
[      -1 -141/217   87/217   33/217  131/217  381/217  349/217    67/31  741/217  731/217  439/217  299/217  311/217   41/217   -11/31]
[ -43/217  143/217   47/217  103/217  311/217  237/217    45/31  545/217  927/217  593/217  411/217  381/217   69/217   -13/31  -99/217]
[  45/217     -3/7  -79/217   87/217  -29/217     1/31  195/217  535/217  593/217  803/217  731/217  377/217    25/31  125/217  227/217]
[  47/217   19/217  143/217  -15/217    -3/31  125/217  423/217  439/217  607/217  927/217  531/217    41/31  195/217  255/217   33/217]
[ -37/217   45/217     -5/7   -29/31  -99/217  157/217  131/217  257/217  535/217  531/217    97/31  545/217  563/217  299/217  187/217]
[ 227/217  -15/217   -15/31  -43/217  171/217  103/217  187/217  423/217  377/217    69/31  741/217  717/217  411/217  257/217  255/217]
[ -29/217   -23/31 -141/217      1/7  -79/217  -37/217  157/217   69/217    19/31  349/217  717/217  803/217  607/217  563/217  237/217]
[    9/31   41/217  171/217   19/217   19/217  171/217   41/217     9/31  237/217  563/217  607/217  803/217  717/217  349/217    19/31]
[  69/217  157/217  -37/217  -79/217      1/7 -141/217   -23/31  -29/217  255/217  257/217  411/217  717/217  741/217    69/31  377/217]
[ 423/217  187/217  103/217  171/217  -43/217   -15/31  -15/217  227/217  187/217  299/217  563/217  545/217    97/31  531/217  535/217]
[ 257/217  131/217  157/217  -99/217   -29/31     -5/7   45/217  -37/217   33/217  255/217  195/217    41/31  531/217  927/217  607/217]
[ 439/217  423/217  125/217    -3/31  -15/217  143/217   19/217   47/217  227/217  125/217    25/31  377/217  731/217  803/217  593/217]
[ 535/217  195/217     1/31  -29/217   87/217  -79/217     -3/7   45/217  -99/217   -13/31   69/217  381/217  411/217  593/217  927/217]
[ 545/217    45/31  237/217  311/217  103/217   47/217  143/217  -43/217   -11/31   41/217  311/217  299/217  439/217  731/217  741/217]
[   67/31  349/217  381/217  131/217   33/217   87/217 -141/217        0        0        0        0        0        0        0        0]
Unobstructed
15
---------------------------
---------------------------
13a3188
Correction terms
[      -1 -503/317 -427/317  -89/317 -123/317  105/317  -39/317   79/317 -175/317 -167/317  103/317    1/317  161/317  -51/317   -1/317]
[-323/317 -383/317 -181/317 -351/317 -259/317   95/317   77/317  321/317  193/317  327/317   89/317  113/317 -235/317 -321/317 -145/317]
[-341/317 -275/317   53/317    9/317  227/317   73/317  181/317  -83/317  -85/317  175/317   63/317  213/317   -9/317   31/317 -301/317]
[-371/317 -179/317 -359/317 -277/317   67/317   39/317  273/317  135/317  259/317   11/317   25/317 -333/317 -429/317 -263/317 -469/317]
[-413/317  -95/317 -149/317   59/317 -105/317   -7/317 -281/317 -293/317  -43/317 -165/317  -25/317 -257/317 -227/317   65/317  -15/317]
[ 167/317  -23/317   49/317 -251/317 -289/317  -65/317 -213/317  -99/317 -357/317 -353/317  -87/317 -193/317  -37/317 -253/317 -207/317]
[ 101/317   37/317  235/317   61/317  149/317 -135/317 -157/317   83/317  -49/317   81/317 -161/317 -141/317  141/317   51/317  223/317]
[  23/317   85/317 -225/317 -273/317  -59/317 -217/317 -113/317 -381/317 -387/317 -131/317 -247/317 -101/317 -327/317 -291/317    7/317]
[ -67/317  121/317  -63/317   15/317 -279/317 -311/317  -81/317 -223/317 -103/317 -355/317 -345/317  -73/317 -173/317  -11/317 -221/317]
[-169/317  145/317   87/317  291/317  123/317  217/317  -61/317  -77/317 -465/317 -591/317 -455/317  -57/317  -31/317  257/317  173/317]
[ 351/317  157/317  225/317  -79/317 -121/317   99/317  -53/317   57/317 -205/317 -205/317   57/317  -53/317   99/317 -121/317  -79/317]
[ 225/317  157/317  351/317  173/317  257/317  -31/317  -57/317 -455/317 -591/317 -465/317  -77/317  -61/317  217/317  123/317  291/317]
[  87/317  145/317 -169/317 -221/317  -11/317 -173/317  -73/317 -345/317 -355/317 -103/317 -223/317  -81/317 -311/317 -279/317   15/317]
[ -63/317  121/317  -67/317    7/317 -291/317 -327/317 -101/317 -247/317 -131/317 -387/317 -381/317 -113/317 -217/317  -59/317 -273/317]
[-225/317   85/317   23/317  223/317   51/317  141/317 -141/317 -161/317   81/317  -49/317   83/317 -157/317 -135/317  149/317   61/317]
[ 235/317   37/317  101/317 -207/317 -253/317  -37/317 -193/317  -87/317 -353/317 -357/317  -99/317 -213/317  -65/317 -289/317 -251/317]
[  49/317  -23/317  167/317  -15/317   65/317 -227/317 -257/317  -25/317 -165/317  -43/317 -293/317 -281/317   -7/317 -105/317   59/317]
[-149/317  -95/317 -413/317 -469/317 -263/317 -429/317 -333/317   25/317   11/317  259/317  135/317  273/317   39/317   67/317 -277/317]
[-359/317 -179/317 -371/317 -301/317   31/317   -9/317  213/317   63/317  175/317  -85/317  -83/317  181/317   73/317  227/317    9/317]
[  53/317 -275/317 -341/317 -145/317 -321/317 -235/317  113/317   89/317  327/317  193/317  321/317   77/317   95/317 -259/317 -351/317]
[-181/317 -383/317 -323/317   -1/317  -51/317  161/317    1/317  103/317 -167/317 -175/317   79/317  -39/317  105/317 -123/317  -89/317]
[-427/317 -503/317        0        0        0        0        0        0        0        0        0        0        0        0        0]
Testing obstruction for
m1: 2, m2: 54,a: 1
[      -1 -311/317 -293/317 -263/317 -221/317 -167/317 -101/317  -23/317   67/317  169/317  283/317  409/317  547/317  697/317  859/317]
[1033/317 1219/317 1417/317 1627/317 1849/317 2083/317 2329/317 2587/317 2857/317 3139/317 3433/317 3739/317 4057/317 3753/317 3461/317]
[3181/317 2913/317 2657/317 2413/317 2181/317 1961/317 1753/317 1557/317 1373/317 1201/317 1041/317  893/317  757/317  633/317  521/317]
[ 421/317  333/317  257/317  193/317  141/317  101/317   73/317   57/317   53/317   61/317   81/317  113/317  157/317  213/317  281/317]
[ 361/317  453/317  557/317  673/317  801/317  941/317 1093/317 1257/317 1433/317 1621/317 1821/317 2033/317 2257/317 2493/317 2741/317]
[3001/317 3273/317 3557/317 3853/317 4161/317 3847/317 3545/317 3255/317 2977/317 2711/317 2457/317 2215/317 1985/317 1767/317 1561/317]
[1367/317 1185/317 1015/317  857/317  711/317  577/317  455/317  345/317  247/317  161/317   87/317   25/317  -25/317  -63/317  -89/317]
[-103/317 -105/317  -95/317  -73/317  -39/317    7/317   65/317  135/317  217/317  311/317  417/317  535/317  665/317  807/317  961/317]
[1127/317 1305/317 1495/317 1697/317 1911/317 2137/317 2375/317 2625/317 2887/317 3161/317 3447/317 3745/317 4055/317 3743/317 3443/317]
[3155/317 2879/317 2615/317 2363/317 2123/317 1895/317 1679/317 1475/317 1283/317 1103/317  935/317  779/317  635/317  503/317  383/317]
[ 275/317  179/317   95/317   23/317  -37/317  -85/317 -121/317 -145/317 -157/317 -157/317 -145/317 -121/317  -85/317  -37/317   23/317]
[  95/317  179/317  275/317  383/317  503/317  635/317  779/317  935/317 1103/317 1283/317 1475/317 1679/317 1895/317 2123/317 2363/317]
[2615/317 2879/317 3155/317 3443/317 3743/317 4055/317 3745/317 3447/317 3161/317 2887/317 2625/317 2375/317 2137/317 1911/317 1697/317]
[1495/317 1305/317 1127/317  961/317  807/317  665/317  535/317  417/317  311/317  217/317  135/317   65/317    7/317  -39/317  -73/317]
[ -95/317 -105/317 -103/317  -89/317  -63/317  -25/317   25/317   87/317  161/317  247/317  345/317  455/317  577/317  711/317  857/317]
[1015/317 1185/317 1367/317 1561/317 1767/317 1985/317 2215/317 2457/317 2711/317 2977/317 3255/317 3545/317 3847/317 4161/317 3853/317]
[3557/317 3273/317 3001/317 2741/317 2493/317 2257/317 2033/317 1821/317 1621/317 1433/317 1257/317 1093/317  941/317  801/317  673/317]
[ 557/317  453/317  361/317  281/317  213/317  157/317  113/317   81/317   61/317   53/317   57/317   73/317  101/317  141/317  193/317]
[ 257/317  333/317  421/317  521/317  633/317  757/317  893/317 1041/317 1201/317 1373/317 1557/317 1753/317 1961/317 2181/317 2413/317]
[2657/317 2913/317 3181/317 3461/317 3753/317 4057/317 3739/317 3433/317 3139/317 2857/317 2587/317 2329/317 2083/317 1849/317 1627/317]
[1417/317 1219/317 1033/317  859/317  697/317  547/317  409/317  283/317  169/317   67/317  -23/317 -101/317 -167/317 -221/317 -263/317]
[-293/317 -311/317        0        0        0        0        0        0        0        0        0        0        0        0        0]
Unobstructed
125
---------------------------
---------------------------
