13a4392
Correction terms
[      -1   63/253   -1/253   61/253  249/253   57/253   -9/253   51/253  237/253   43/253  -25/253     3/23  217/253   21/253  -49/253]
[   7/253 -317/253   -9/253  -81/253  -27/253  153/253  -47/253    35/23    -3/11  109/253  -93/253 -169/253 -119/253   57/253 -147/253]
[-225/253  329/253   -3/253    27/23  217/253  263/253  -71/253 -279/253  145/253 -317/253 -147/253  149/253   65/253  107/253    25/23]
[  63/253    -1/11   17/253  183/253  -31/253 -119/253  -81/253   83/253 -133/253  283/253   -17/23  -25/253  263/253  171/253  205/253]
[-141/253  145/253   51/253   83/253  241/253   19/253    -7/23  -47/253  109/253    -5/11  293/253 -185/253  -31/253  249/253  149/253]
[ 175/253 -179/253     9/23   -3/253   21/253  171/253  -59/253 -163/253 -141/253    7/253 -225/253  175/253  195/253    31/23  107/253]
[  -1/253   17/253   -15/11  -75/253 -185/253 -169/253  -27/253  241/253  129/253    13/23  283/253   43/253  -71/253  -59/253   79/253]
[-163/253 -279/253  237/253 -133/253  129/253     1/23   19/253  153/253  -93/253  293/253    -9/11  -75/253  183/253   61/253   65/253]
[ 195/253    -5/23 -179/253  329/253  -49/253  205/253   79/253   79/253  205/253  -49/253  329/253 -179/253    -5/23  195/253   65/253]
[  61/253  183/253  -75/253    -9/11  293/253  -93/253  153/253   19/253     1/23  129/253 -133/253  237/253 -279/253 -163/253   79/253]
[ -59/253  -71/253   43/253  283/253    13/23  129/253  241/253  -27/253 -169/253 -185/253  -75/253   -15/11   17/253   -1/253  107/253]
[   31/23  195/253  175/253 -225/253    7/253 -141/253 -163/253  -59/253  171/253   21/253   -3/253     9/23 -179/253  175/253  149/253]
[ 249/253  -31/253 -185/253  293/253    -5/11  109/253  -47/253    -7/23   19/253  241/253   83/253   51/253  145/253 -141/253  205/253]
[ 171/253  263/253  -25/253   -17/23  283/253 -133/253   83/253  -81/253 -119/253  -31/253  183/253   17/253    -1/11   63/253    25/23]
[ 107/253   65/253  149/253 -147/253 -317/253  145/253 -279/253  -71/253  263/253  217/253    27/23   -3/253  329/253 -225/253 -147/253]
[  57/253 -119/253 -169/253  -93/253  109/253    -3/11    35/23  -47/253  153/253  -27/253  -81/253   -9/253 -317/253    7/253  -49/253]
[  21/253  217/253     3/23  -25/253   43/253  237/253   51/253   -9/253   57/253  249/253   61/253   -1/253   63/253        0        0]
Testing obstruction for
m1: 6, m2: 12,a: 0
[      -1 -185/253   19/253  359/253  329/253  435/253  677/253  549/253  557/253  195/253  -31/253   -11/23  -75/253  107/253  425/253]
[ 373/253  457/253  677/253  527/253  513/253  129/253 -119/253   -21/23    -9/11  -47/253  249/253  175/253  237/253  435/253  769/253]
[ 733/253  327/253   57/253    -7/23  -75/253   63/253  337/253  241/253  281/253  457/253  769/253  711/253  283/253   -9/253   -15/23]
[-185/253    -3/11  183/253   65/253   83/253  237/253  527/253  953/253  503/253  189/253     1/23  -31/253   63/253  293/253  153/253]
[ 149/253  281/253  549/253  953/253  481/253  145/253    -5/23 -119/253  -47/253     7/11   -1/253  -27/253   83/253  329/253  711/253]
[ 723/253  365/253    13/23   57/253  107/253  293/253  109/253   61/253  149/253  373/253  733/253  723/253  343/253     9/23   -9/253]
[  19/253  183/253    -1/11  -93/253  -27/253  175/253  513/253  481/253  585/253    29/23  189/253  195/253  337/253  109/253   17/253]
[  61/253  241/253  557/253  503/253  585/253    27/23  145/253  129/253  249/253   -1/253    -5/11  -93/253   65/253  359/253  283/253]
[ 343/253    49/23  365/253  327/253  425/253  153/253   17/253   17/253  153/253  425/253  327/253  365/253    49/23  343/253  283/253]
[ 359/253   65/253  -93/253    -5/11   -1/253  249/253  129/253  145/253    27/23  585/253  503/253  557/253  241/253   61/253   17/253]
[ 109/253  337/253  195/253  189/253    29/23  585/253  481/253  513/253  175/253  -27/253  -93/253    -1/11  183/253   19/253   -9/253]
[    9/23  343/253  723/253  733/253  373/253  149/253   61/253  109/253  293/253  107/253   57/253    13/23  365/253  723/253  711/253]
[ 329/253   83/253  -27/253   -1/253     7/11  -47/253 -119/253    -5/23  145/253  481/253  953/253  549/253  281/253  149/253  153/253]
[ 293/253   63/253  -31/253     1/23  189/253  503/253  953/253  527/253  237/253   83/253   65/253  183/253    -3/11 -185/253   -15/23]
[  -9/253  283/253  711/253  769/253  457/253  281/253  241/253  337/253   63/253  -75/253    -7/23   57/253  327/253  733/253  769/253]
[ 435/253  237/253  175/253  249/253  -47/253    -9/11   -21/23 -119/253  129/253  513/253  527/253  677/253  457/253  373/253  425/253]
[ 107/253  -75/253   -11/23  -31/253  195/253  557/253  549/253  677/253  435/253  329/253  359/253   19/253 -185/253        0        0]
[-185/253, 19/253, 359/253, 329/253, 435/253, 677/253, 549/253, 557/253, 195/253, -31/253, -11/23]
71 [-185/253, 19/253, -147/253, 329/253, -71/253, 171/253, 43/253, 51/253, 195/253, -31/253, 35/23]
[-185/253, 19/253, 359/253, 329/253, 435/253, 677/253, 549/253, 557/253, 195/253, -31/253, -11/23]
94 [-185/253, 19/253, -147/253, 329/253, -71/253, 171/253, 43/253, 51/253, 195/253, -31/253, 35/23]
Testing obstruction for
m1: 64, m2: 64,a: 63
[      -1 -249/253 -237/253 -217/253 -189/253 -153/253 -109/253  -57/253    3/253   71/253  147/253    21/23  323/253  423/253  531/253]
[ 647/253  771/253  903/253 1043/253 1191/253 1347/253 1511/253   153/23    81/11 2051/253 2247/253 2451/253 2663/253 2883/253 3111/253]
[3347/253 3591/253 3843/253   327/23 3359/253 3129/253 2907/253 2693/253 2487/253 2289/253 2099/253 1917/253 1743/253 1577/253   129/23]
[1269/253    49/11  993/253  867/253  749/253  639/253  537/253  443/253  357/253  279/253    19/23  147/253   93/253   47/253    9/253]
[ -21/253  -43/253  -57/253  -63/253  -61/253  -51/253    -3/23   -7/253   27/253     3/11  119/253  177/253  243/253  317/253  399/253]
[ 489/253  587/253    63/23  807/253  929/253 1059/253 1197/253 1343/253 1497/253 1659/253 1829/253 2007/253 2193/253   217/23 2589/253]
[2799/253 3017/253   141/11 3477/253 3719/253 3969/253 3721/253 3481/253 3249/253   275/23 2809/253 2601/253 2401/253 2209/253 2025/253]
[1849/253 1681/253 1521/253 1369/253 1225/253    99/23  961/253  841/253  729/253  625/253    23/11  441/253  361/253  289/253  225/253]
[ 169/253    11/23   81/253   49/253   25/253    9/253    1/253    1/253    9/253   25/253   49/253   81/253    11/23  169/253  225/253]
[ 289/253  361/253  441/253    23/11  625/253  729/253  841/253  961/253    99/23 1225/253 1369/253 1521/253 1681/253 1849/253 2025/253]
[2209/253 2401/253 2601/253 2809/253   275/23 3249/253 3481/253 3721/253 3969/253 3719/253 3477/253   141/11 3017/253 2799/253 2589/253]
[  217/23 2193/253 2007/253 1829/253 1659/253 1497/253 1343/253 1197/253 1059/253  929/253  807/253    63/23  587/253  489/253  399/253]
[ 317/253  243/253  177/253  119/253     3/11   27/253   -7/253    -3/23  -51/253  -61/253  -63/253  -57/253  -43/253  -21/253    9/253]
[  47/253   93/253  147/253    19/23  279/253  357/253  443/253  537/253  639/253  749/253  867/253  993/253    49/11 1269/253   129/23]
[1577/253 1743/253 1917/253 2099/253 2289/253 2487/253 2693/253 2907/253 3129/253 3359/253   327/23 3843/253 3591/253 3347/253 3111/253]
[2883/253 2663/253 2451/253 2247/253 2051/253    81/11   153/23 1511/253 1347/253 1191/253 1043/253  903/253  771/253  647/253  531/253]
[ 423/253  323/253    21/23  147/253   71/253    3/253  -57/253 -109/253 -153/253 -189/253 -217/253 -237/253 -249/253        0        0]
---------------------------
SUCCESS for name = 13a4392
---------------------------
13a4396
Correction terms
[      -1  111/181  -99/181  -87/181  147/181 -121/181  195/181    9/181   45/181  -59/181   59/181   37/181 -125/181  297/181 -145/181]
[  -3/181   -1/181 -139/181  307/181 -111/181   55/181   81/181  -33/181   75/181   43/181  233/181  -79/181  193/181  -37/181  -45/181]
[ 169/181 -119/181  177/181  -29/181  -13/181  225/181  -39/181  281/181   99/181  139/181   39/181  161/181  143/181  -15/181   49/181]
[ -27/181  119/181  125/181   -9/181   79/181   27/181  197/181  227/181  117/181  229/181  201/181   33/181   87/181    1/181  137/181]
[ 133/181  -11/181   67/181    5/181  165/181  185/181   65/181  167/181  129/181  313/181   -5/181  261/181   25/181   11/181  219/181]
[ -75/181  215/181    3/181   13/181  245/181  -25/181  289/181  101/181  135/181   29/181  145/181  121/181  -43/181  377/181  -67/181]
[  73/181   73/181  -67/181  377/181  -43/181  121/181  145/181   29/181  135/181  101/181  289/181  -25/181  245/181   13/181    3/181]
[ 215/181  -75/181  219/181   11/181   25/181  261/181   -5/181  313/181  129/181  167/181   65/181  185/181  165/181    5/181   67/181]
[ -11/181  133/181  137/181    1/181   87/181   33/181  201/181  229/181  117/181  227/181  197/181   27/181   79/181   -9/181  125/181]
[ 119/181  -27/181   49/181  -15/181  143/181  161/181   39/181  139/181   99/181  281/181  -39/181  225/181  -13/181  -29/181  177/181]
[-119/181  169/181  -45/181  -37/181  193/181  -79/181  233/181   43/181   75/181  -33/181   81/181   55/181 -111/181  307/181 -139/181]
[  -1/181   -3/181 -145/181  297/181 -125/181   37/181   59/181  -59/181   45/181    9/181  195/181 -121/181  147/181  -87/181  -99/181]
[ 111/181        0        0        0        0        0        0        0        0        0        0        0        0        0        0]
Testing obstruction for
m1: 4, m2: 16,a: 3
[      -1 -167/181 -125/181  -55/181   43/181  169/181  323/181  505/181  353/181  229/181  133/181   65/181   25/181   13/181   29/181]
[  73/181  145/181  245/181  373/181  529/181  351/181  201/181   79/181  -15/181  -81/181 -119/181 -129/181 -111/181  -65/181    9/181]
[ 111/181  241/181  399/181  585/181  437/181  317/181  225/181  161/181  125/181  117/181  137/181  185/181  261/181  365/181  497/181]
[ 657/181  483/181  337/181  219/181  129/181   67/181   33/181   27/181   49/181   99/181  177/181  283/181  417/181  579/181  407/181]
[ 263/181  147/181   59/181   -1/181  -33/181  -37/181  -13/181   39/181  119/181  227/181  363/181  527/181  357/181  215/181  101/181]
[  15/181  -43/181  -73/181  -75/181  -49/181    5/181   87/181  197/181  335/181  501/181  333/181  193/181   81/181   -3/181  -59/181]
[ -87/181  -87/181  -59/181   -3/181   81/181  193/181  333/181  501/181  335/181  197/181   87/181    5/181  -49/181  -75/181  -73/181]
[ -43/181   15/181  101/181  215/181  357/181  527/181  363/181  227/181  119/181   39/181  -13/181  -37/181  -33/181   -1/181   59/181]
[ 147/181  263/181  407/181  579/181  417/181  283/181  177/181   99/181   49/181   27/181   33/181   67/181  129/181  219/181  337/181]
[ 483/181  657/181  497/181  365/181  261/181  185/181  137/181  117/181  125/181  161/181  225/181  317/181  437/181  585/181  399/181]
[ 241/181  111/181    9/181  -65/181 -111/181 -129/181 -119/181  -81/181  -15/181   79/181  201/181  351/181  529/181  373/181  245/181]
[ 145/181   73/181   29/181   13/181   25/181   65/181  133/181  229/181  353/181  505/181  323/181  169/181   43/181  -55/181 -125/181]
[-167/181        0        0        0        0        0        0        0        0        0        0        0        0        0        0]
Testing obstruction for
m1: 10, m2: 12,a: 8
[      -1 -161/181 -101/181   -1/181  139/181  319/181  177/181   75/181   13/181   -9/181    9/181   67/181  165/181  303/181  481/181]
[ 337/181  233/181  169/181  145/181  161/181  217/181  313/181  449/181  263/181  117/181   11/181  -55/181  -81/181  -67/181  -13/181]
[  81/181  215/181  389/181  241/181  133/181   65/181   37/181   49/181  101/181  193/181  325/181  497/181  347/181  237/181  167/181]
[ 137/181  147/181  197/181  287/181  417/181  225/181   73/181  -39/181 -111/181 -143/181 -135/181  -87/181    1/181  129/181  297/181]
[ 143/181   29/181  -45/181  -79/181  -73/181  -27/181   59/181  185/181  351/181  195/181   79/181    3/181  -33/181  -29/181   15/181]
[  99/181  223/181  387/181  229/181  111/181   33/181   -5/181   -3/181   39/181  121/181  243/181  405/181  245/181  125/181   45/181]
[   5/181    5/181   45/181  125/181  245/181  405/181  243/181  121/181   39/181   -3/181   -5/181   33/181  111/181  229/181  387/181]
[ 223/181   99/181   15/181  -29/181  -33/181    3/181   79/181  195/181  351/181  185/181   59/181  -27/181  -73/181  -79/181  -45/181]
[  29/181  143/181  297/181  129/181    1/181  -87/181 -135/181 -143/181 -111/181  -39/181   73/181  225/181  417/181  287/181  197/181]
[ 147/181  137/181  167/181  237/181  347/181  497/181  325/181  193/181  101/181   49/181   37/181   65/181  133/181  241/181  389/181]
[ 215/181   81/181  -13/181  -67/181  -81/181  -55/181   11/181  117/181  263/181  449/181  313/181  217/181  161/181  145/181  169/181]
[ 233/181  337/181  481/181  303/181  165/181   67/181    9/181   -9/181   13/181   75/181  177/181  319/181  139/181   -1/181 -101/181]
[-161/181        0        0        0        0        0        0        0        0        0        0        0        0        0        0]
Testing obstruction for
m1: 46, m2: 46,a: 45
[      -1 -177/181 -165/181 -145/181 -117/181  -81/181  -37/181   15/181   75/181  143/181  219/181  303/181  395/181  495/181  603/181]
[ 719/181  843/181  975/181 1115/181 1263/181 1419/181 1583/181 1755/181 1935/181 1761/181 1595/181 1437/181 1287/181 1145/181 1011/181]
[ 885/181  767/181  657/181  555/181  461/181  375/181  297/181  227/181  165/181  111/181   65/181   27/181   -3/181  -25/181  -39/181]
[ -45/181  -43/181  -33/181  -15/181   11/181   45/181   87/181  137/181  195/181  261/181  335/181  417/181  507/181  605/181  711/181]
[ 825/181  947/181 1077/181 1215/181 1361/181 1515/181 1677/181 1847/181 2025/181 1849/181 1681/181 1521/181 1369/181 1225/181 1089/181]
[ 961/181  841/181  729/181  625/181  529/181  441/181  361/181  289/181  225/181  169/181  121/181   81/181   49/181   25/181    9/181]
[   1/181    1/181    9/181   25/181   49/181   81/181  121/181  169/181  225/181  289/181  361/181  441/181  529/181  625/181  729/181]
[ 841/181  961/181 1089/181 1225/181 1369/181 1521/181 1681/181 1849/181 2025/181 1847/181 1677/181 1515/181 1361/181 1215/181 1077/181]
[ 947/181  825/181  711/181  605/181  507/181  417/181  335/181  261/181  195/181  137/181   87/181   45/181   11/181  -15/181  -33/181]
[ -43/181  -45/181  -39/181  -25/181   -3/181   27/181   65/181  111/181  165/181  227/181  297/181  375/181  461/181  555/181  657/181]
[ 767/181  885/181 1011/181 1145/181 1287/181 1437/181 1595/181 1761/181 1935/181 1755/181 1583/181 1419/181 1263/181 1115/181  975/181]
[ 843/181  719/181  603/181  495/181  395/181  303/181  219/181  143/181   75/181   15/181  -37/181  -81/181 -117/181 -145/181 -165/181]
[-177/181        0        0        0        0        0        0        0        0        0        0        0        0        0        0]
---------------------------
SUCCESS for name = 13a4396
---------------------------
13a4414
Correction terms
[      -1 -107/281 -147/281  161/281 -307/281  135/281 -199/281 -185/281 -385/281 -237/281 -303/281  -21/281 -515/281  -99/281 -459/281]
[  91/281 -135/281  -13/281 -105/281  151/281 -369/281   21/281 -365/281  159/281  -93/281    3/281 -115/281  115/281 -431/281  -67/281]
[-479/281   19/281 -259/281 -189/281 -333/281 -129/281 -139/281  199/281 -239/281 -329/281  -71/281  -27/281 -197/281  -19/281  -55/281]
[ 257/281 -207/281 -323/281  -91/281  -73/281 -269/281 -117/281 -179/281  107/281 -383/281   37/281 -319/281 -327/281   13/281  139/281]
[-511/281 -251/281 -205/281  189/281 -193/281 -227/281   87/281  187/281 -489/281 -255/281 -235/281  133/281 -275/281 -335/281  -47/281]
[  27/281 -113/281   95/281 -473/281 -131/281   -3/281  -89/281 -389/281 -341/281   55/281  237/281 -357/281  -41/281   61/281  -51/281]
[-377/281 -355/281   15/281  171/281 -449/281 -159/281  -83/281 -221/281  -11/281  -15/281 -233/281 -103/281 -187/281   77/281 -435/281]
[ -37/281  147/281  117/281 -127/281  -23/281 -133/281  105/281 -433/281  -61/281   97/281   41/281 -229/281 -151/281 -287/281  -75/281]
[ -77/281 -293/281 -161/281 -243/281   23/281   75/281  -87/281   99/281   71/281 -171/281  -65/281 -173/281   67/281   93/281  -95/281]
[  65/281   11/281 -257/281 -177/281 -311/281  -97/281  -97/281 -311/281 -177/281 -257/281   11/281   65/281  -95/281   93/281   67/281]
[-173/281  -65/281 -171/281   71/281   99/281  -87/281   75/281   23/281 -243/281 -161/281 -293/281  -77/281  -75/281 -287/281 -151/281]
[-229/281   41/281   97/281  -61/281 -433/281  105/281 -133/281  -23/281 -127/281  117/281  147/281  -37/281 -435/281   77/281 -187/281]
[-103/281 -233/281  -15/281  -11/281 -221/281  -83/281 -159/281 -449/281  171/281   15/281 -355/281 -377/281  -51/281   61/281  -41/281]
[-357/281  237/281   55/281 -341/281 -389/281  -89/281   -3/281 -131/281 -473/281   95/281 -113/281   27/281  -47/281 -335/281 -275/281]
[ 133/281 -235/281 -255/281 -489/281  187/281   87/281 -227/281 -193/281  189/281 -205/281 -251/281 -511/281  139/281   13/281 -327/281]
[-319/281   37/281 -383/281  107/281 -179/281 -117/281 -269/281  -73/281  -91/281 -323/281 -207/281  257/281  -55/281  -19/281 -197/281]
[ -27/281  -71/281 -329/281 -239/281  199/281 -139/281 -129/281 -333/281 -189/281 -259/281   19/281 -479/281  -67/281 -431/281  115/281]
[-115/281    3/281  -93/281  159/281 -365/281   21/281 -369/281  151/281 -105/281  -13/281 -135/281   91/281 -459/281  -99/281 -515/281]
[ -21/281 -303/281 -237/281 -385/281 -185/281 -199/281  135/281 -307/281  161/281 -147/281 -107/281        0        0        0        0]
Testing obstruction for
m1: 2, m2: 48,a: 1
[      -1 -275/281 -257/281 -227/281 -185/281 -131/281  -65/281   13/281  103/281  205/281  319/281  445/281  583/281  733/281  895/281]
[1069/281 1255/281 1453/281 1663/281 1885/281 2119/281 2365/281 2623/281 2893/281 3175/281 2907/281 2651/281 2407/281 2175/281 1955/281]
[1747/281 1551/281 1367/281 1195/281 1035/281  887/281  751/281  627/281  515/281  415/281  327/281  251/281  187/281  135/281   95/281]
[  67/281   51/281   47/281   55/281   75/281  107/281  151/281  207/281  275/281  355/281  447/281  551/281  667/281  795/281  935/281]
[1087/281 1251/281 1427/281 1615/281 1815/281 2027/281 2251/281 2487/281 2735/281 2995/281 3267/281 2989/281 2723/281 2469/281 2227/281]
[1997/281 1779/281 1573/281 1379/281 1197/281 1027/281  869/281  723/281  589/281  467/281  357/281  259/281  173/281   99/281   37/281]
[ -13/281  -51/281  -77/281  -91/281  -93/281  -83/281  -61/281  -27/281   19/281   77/281  147/281  229/281  323/281  429/281  547/281]
[ 677/281  819/281  973/281 1139/281 1317/281 1507/281 1709/281 1923/281 2149/281 2387/281 2637/281 2899/281 3173/281 2897/281 2633/281]
[2381/281 2141/281 1913/281 1697/281 1493/281 1301/281 1121/281  953/281  797/281  653/281  521/281  401/281  293/281  197/281  113/281]
[  41/281  -19/281  -67/281 -103/281 -127/281 -139/281 -139/281 -127/281 -103/281  -67/281  -19/281   41/281  113/281  197/281  293/281]
[ 401/281  521/281  653/281  797/281  953/281 1121/281 1301/281 1493/281 1697/281 1913/281 2141/281 2381/281 2633/281 2897/281 3173/281]
[2899/281 2637/281 2387/281 2149/281 1923/281 1709/281 1507/281 1317/281 1139/281  973/281  819/281  677/281  547/281  429/281  323/281]
[ 229/281  147/281   77/281   19/281  -27/281  -61/281  -83/281  -93/281  -91/281  -77/281  -51/281  -13/281   37/281   99/281  173/281]
[ 259/281  357/281  467/281  589/281  723/281  869/281 1027/281 1197/281 1379/281 1573/281 1779/281 1997/281 2227/281 2469/281 2723/281]
[2989/281 3267/281 2995/281 2735/281 2487/281 2251/281 2027/281 1815/281 1615/281 1427/281 1251/281 1087/281  935/281  795/281  667/281]
[ 551/281  447/281  355/281  275/281  207/281  151/281  107/281   75/281   55/281   47/281   51/281   67/281   95/281  135/281  187/281]
[ 251/281  327/281  415/281  515/281  627/281  751/281  887/281 1035/281 1195/281 1367/281 1551/281 1747/281 1955/281 2175/281 2407/281]
[2651/281 2907/281 3175/281 2893/281 2623/281 2365/281 2119/281 1885/281 1663/281 1453/281 1255/281 1069/281  895/281  733/281  583/281]
[ 445/281  319/281  205/281  103/281   13/281  -65/281 -131/281 -185/281 -227/281 -257/281 -275/281        0        0        0        0]
Unobstructed
72
---------------------------
---------------------------
13a4421
Correction terms
[      -1  -37/409  261/409  485/409 -183/409 -107/409 -105/409 -177/409 -323/409  275/409  -19/409 -387/409  -11/409  291/409 -299/409]
[-145/409  -65/409  -59/409 -127/409 -269/409 -485/409   43/409  497/409   59/409  365/409 -221/409  -63/409   21/409   31/409  -33/409]
[-171/409 -383/409  149/409 -211/409  173/409 -335/409  -99/409   63/409  151/409  165/409  105/409  -29/409 -237/409  299/409  -57/409]
[-487/409 -173/409   67/409  233/409  325/409 -475/409  287/409  157/409  -47/409 -325/409  141/409 -285/409   33/409  277/409  447/409]
[-275/409 -253/409 -305/409  387/409  187/409  -87/409 -435/409  -39/409  283/409 -287/409 -113/409  -13/409   13/409  -35/409 -157/409]
[-353/409  195/409 -149/409  251/409 -241/409   11/409 -629/409  293/409  323/409  279/409  161/409  -31/409 -297/409  181/409 -233/409]
[  97/409 -465/409 -283/409 -175/409 -141/409 -181/409 -295/409  335/409   73/409 -263/409  145/409 -339/409  -79/409  107/409  219/409]
[ 257/409 -597/409  111/409  -73/409  487/409  155/409 -251/409   87/409  351/409 -277/409 -161/409 -119/409 -151/409 -257/409  381/409]
[ 127/409 -201/409  215/409 -261/409    7/409  201/409 -497/409 -451/409  339/409  237/409   61/409 -189/409  305/409  -93/409  253/409]
[-293/409  -95/409   29/409   79/409   55/409  -43/409 -215/409 -461/409   37/409  461/409   -7/409  269/409 -347/409 -219/409 -165/409]
[-185/409 -279/409 -447/409  129/409 -187/409  241/409 -223/409   57/409  263/409  395/409 -365/409 -381/409 -471/409  183/409  -55/409]
[ 451/409   65/409 -395/409 -111/409   99/409  235/409  297/409 -533/409  199/409   39/409 -195/409 -503/409  -67/409  295/409 -235/409]
[ -21/409  119/409  185/409  177/409   95/409  -61/409 -291/409 -595/409 -155/409  211/409  503/409  -97/409   47/409  117/409  113/409]
[  35/409 -117/409 -343/409  175/409 -199/409  171/409 -351/409 -129/409   19/409   93/409   93/409   19/409 -129/409 -351/409  171/409]
[-199/409  175/409 -343/409 -117/409   35/409  113/409  117/409   47/409  -97/409  503/409  211/409 -155/409 -595/409 -291/409  -61/409]
[  95/409  177/409  185/409  119/409  -21/409 -235/409  295/409  -67/409 -503/409 -195/409   39/409  199/409 -533/409  297/409  235/409]
[  99/409 -111/409 -395/409   65/409  451/409  -55/409  183/409 -471/409 -381/409 -365/409  395/409  263/409   57/409 -223/409  241/409]
[-187/409  129/409 -447/409 -279/409 -185/409 -165/409 -219/409 -347/409  269/409   -7/409  461/409   37/409 -461/409 -215/409  -43/409]
[  55/409   79/409   29/409  -95/409 -293/409  253/409  -93/409  305/409 -189/409   61/409  237/409  339/409 -451/409 -497/409  201/409]
[   7/409 -261/409  215/409 -201/409  127/409  381/409 -257/409 -151/409 -119/409 -161/409 -277/409  351/409   87/409 -251/409  155/409]
[ 487/409  -73/409  111/409 -597/409  257/409  219/409  107/409  -79/409 -339/409  145/409 -263/409   73/409  335/409 -295/409 -181/409]
[-141/409 -175/409 -283/409 -465/409   97/409 -233/409  181/409 -297/409  -31/409  161/409  279/409  323/409  293/409 -629/409   11/409]
[-241/409  251/409 -149/409  195/409 -353/409 -157/409  -35/409   13/409  -13/409 -113/409 -287/409  283/409  -39/409 -435/409  -87/409]
[ 187/409  387/409 -305/409 -253/409 -275/409  447/409  277/409   33/409 -285/409  141/409 -325/409  -47/409  157/409  287/409 -475/409]
[ 325/409  233/409   67/409 -173/409 -487/409  -57/409  299/409 -237/409  -29/409  105/409  165/409  151/409   63/409  -99/409 -335/409]
[ 173/409 -211/409  149/409 -383/409 -171/409  -33/409   31/409   21/409  -63/409 -221/409  365/409   59/409  497/409   43/409 -485/409]
[-269/409 -127/409  -59/409  -65/409 -145/409 -299/409  291/409  -11/409 -387/409  -19/409  275/409 -323/409 -177/409 -105/409 -107/409]
[-183/409  485/409  261/409  -37/409        0        0        0        0        0        0        0        0        0        0        0]
Testing obstruction for
m1: 4, m2: 30,a: 1
[      -1 -395/409 -353/409 -283/409 -185/409  -59/409   95/409  277/409  487/409  725/409  991/409 1285/409 1607/409 1957/409 2335/409]
[2741/409 2357/409 2001/409 1673/409 1373/409 1101/409  857/409  641/409  453/409  293/409  161/409   57/409  -19/409  -67/409  -87/409]
[ -79/409  -43/409   21/409  113/409  233/409  381/409  557/409  761/409  993/409 1253/409 1541/409 1857/409 2201/409 2573/409 2973/409]
[2583/409 2221/409 1887/409 1581/409 1303/409 1053/409  831/409  637/409  471/409  333/409  223/409  141/409   87/409   61/409   63/409]
[  93/409  151/409  237/409  351/409  493/409  663/409  861/409 1087/409 1341/409 1623/409 1933/409 2271/409 2637/409 3031/409 2635/409]
[2267/409 1927/409 1615/409 1331/409 1075/409  847/409  647/409  475/409  331/409  215/409  127/409   67/409   35/409   31/409   55/409]
[ 107/409  187/409  295/409  431/409  595/409  787/409 1007/409 1255/409 1531/409 1835/409 2167/409 2527/409 2915/409 2513/409 2139/409]
[1793/409 1475/409 1185/409  923/409  689/409  483/409  305/409  155/409   33/409  -61/409 -127/409 -165/409 -175/409 -157/409 -111/409]
[ -37/409   65/409  195/409  353/409  539/409  753/409  995/409 1265/409 1563/409 1889/409 2243/409 2625/409 3035/409 2655/409 2303/409]
[1979/409 1683/409 1415/409 1175/409  963/409  779/409  623/409  495/409  395/409  323/409  279/409  263/409  275/409  315/409  383/409]
[ 479/409  603/409  755/409  935/409 1143/409 1379/409 1643/409 1935/409 2255/409 2603/409 2979/409 2565/409 2179/409 1821/409 1491/409]
[1189/409  915/409  669/409  451/409  261/409   99/409  -35/409 -141/409 -219/409 -269/409 -291/409 -285/409 -251/409 -189/409  -99/409]
[  19/409  165/409  339/409  541/409  771/409 1029/409 1315/409 1629/409 1971/409 2341/409 2739/409 2347/409 1983/409 1647/409 1339/409]
[1059/409  807/409  583/409  387/409  219/409   79/409  -33/409 -117/409 -173/409 -201/409 -201/409 -173/409 -117/409  -33/409   79/409]
[ 219/409  387/409  583/409  807/409 1059/409 1339/409 1647/409 1983/409 2347/409 2739/409 2341/409 1971/409 1629/409 1315/409 1029/409]
[ 771/409  541/409  339/409  165/409   19/409  -99/409 -189/409 -251/409 -285/409 -291/409 -269/409 -219/409 -141/409  -35/409   99/409]
[ 261/409  451/409  669/409  915/409 1189/409 1491/409 1821/409 2179/409 2565/409 2979/409 2603/409 2255/409 1935/409 1643/409 1379/409]
[1143/409  935/409  755/409  603/409  479/409  383/409  315/409  275/409  263/409  279/409  323/409  395/409  495/409  623/409  779/409]
[ 963/409 1175/409 1415/409 1683/409 1979/409 2303/409 2655/409 3035/409 2625/409 2243/409 1889/409 1563/409 1265/409  995/409  753/409]
[ 539/409  353/409  195/409   65/409  -37/409 -111/409 -157/409 -175/409 -165/409 -127/409  -61/409   33/409  155/409  305/409  483/409]
[ 689/409  923/409 1185/409 1475/409 1793/409 2139/409 2513/409 2915/409 2527/409 2167/409 1835/409 1531/409 1255/409 1007/409  787/409]
[ 595/409  431/409  295/409  187/409  107/409   55/409   31/409   35/409   67/409  127/409  215/409  331/409  475/409  647/409  847/409]
[1075/409 1331/409 1615/409 1927/409 2267/409 2635/409 3031/409 2637/409 2271/409 1933/409 1623/409 1341/409 1087/409  861/409  663/409]
[ 493/409  351/409  237/409  151/409   93/409   63/409   61/409   87/409  141/409  223/409  333/409  471/409  637/409  831/409 1053/409]
[1303/409 1581/409 1887/409 2221/409 2583/409 2973/409 2573/409 2201/409 1857/409 1541/409 1253/409  993/409  761/409  557/409  381/409]
[ 233/409  113/409   21/409  -43/409  -79/409  -87/409  -67/409  -19/409   57/409  161/409  293/409  453/409  641/409  857/409 1101/409]
[1373/409 1673/409 2001/409 2357/409 2741/409 2335/409 1957/409 1607/409 1285/409  991/409  725/409  487/409  277/409   95/409  -59/409]
[-185/409 -283/409 -353/409 -395/409        0        0        0        0        0        0        0        0        0        0        0]
Unobstructed
167
---------------------------
---------------------------
13a4461
Correction terms
[      -1  381/301   19/301 -183/301  377/301 -107/301  171/301     1/43    3/301  159/301 -127/301 -253/301  383/301  -25/301   -39/43]
[ 241/301 -289/301  -57/301  335/301 -317/301 -207/301     9/43 -109/301 -121/301   27/301 -267/301  201/301  227/301   -27/43  157/301]
[  61/301  125/301  349/301  131/301   73/301    25/43 -165/301  257/301  237/301 -225/301   75/301  -67/301    -7/43      3/7 -135/301]
[ 363/301 -183/301   33/301  409/301   -37/43 -165/301   89/301  -99/301 -127/301    5/301 -305/301    21/43  157/301 -275/301   55/301]
[ -57/301   -9/301  199/301    -5/43 -109/301  -23/301  223/301   27/301   -9/301  115/301   -29/43  241/301  243/301 -197/301  125/301]
[   5/301   45/301    35/43    3/301  -79/301   -1/301  237/301   33/301  -11/301    15/43 -221/301      5/7  209/301 -239/301   75/301]
[ -53/301    -3/43  171/301  -79/301 -169/301  -99/301  131/301  -81/301   -19/43  -25/301  243/301   69/301   55/301  201/301  -95/301]
[   53/43 -207/301  -23/301  321/301 -379/301  285/301  -95/301   -45/43  227/301 -275/301  -15/301  405/301 -219/301  -81/301    31/43]
[  73/301   89/301  265/301   -1/301 -107/301  -53/301    23/43  -67/301 -135/301     -1/7  209/301   19/301  -11/301    17/43 -193/301]
[ 257/301  265/301 -169/301  159/301   45/301    13/43  297/301   61/301  -15/301   69/301 -289/301  115/301    11/43 -403/301  481/301]
[-281/301 -281/301  481/301 -403/301    11/43  115/301 -289/301   69/301  -15/301   61/301  297/301    13/43   45/301  159/301 -169/301]
[ 265/301  257/301 -193/301    17/43  -11/301   19/301  209/301     -1/7 -135/301  -67/301    23/43  -53/301 -107/301   -1/301  265/301]
[  89/301   73/301    31/43  -81/301 -219/301  405/301  -15/301 -275/301  227/301   -45/43  -95/301  285/301 -379/301  321/301  -23/301]
[-207/301    53/43  -95/301  201/301   55/301   69/301  243/301  -25/301   -19/43  -81/301  131/301  -99/301 -169/301  -79/301  171/301]
[   -3/43  -53/301   75/301 -239/301  209/301      5/7 -221/301    15/43  -11/301   33/301  237/301   -1/301  -79/301    3/301    35/43]
[  45/301    5/301  125/301 -197/301  243/301  241/301   -29/43  115/301   -9/301   27/301  223/301  -23/301 -109/301    -5/43  199/301]
[  -9/301  -57/301   55/301 -275/301  157/301    21/43 -305/301    5/301 -127/301  -99/301   89/301 -165/301   -37/43  409/301   33/301]
[-183/301  363/301 -135/301      3/7    -7/43  -67/301   75/301 -225/301  237/301  257/301 -165/301    25/43   73/301  131/301  349/301]
[ 125/301   61/301  157/301   -27/43  227/301  201/301 -267/301   27/301 -121/301 -109/301     9/43 -207/301 -317/301  335/301  -57/301]
[-289/301  241/301   -39/43  -25/301  383/301 -253/301 -127/301  159/301    3/301     1/43  171/301 -107/301  377/301 -183/301   19/301]
[ 381/301        0        0        0        0        0        0        0        0        0        0        0        0        0        0]
Testing obstruction for
m1: 4, m2: 22,a: 0
[      -1 -201/301   99/301   -3/301   95/301  393/301  289/301    55/43  681/301 1177/301 1271/301 1565/301 1457/301  947/301    91/43]
[ 527/301  617/301  305/301  193/301  281/301  -33/301   -21/43  -61/301  225/301  109/301  193/301  477/301  359/301    63/43  723/301]
[1205/301 1285/301 1565/301 1443/301  919/301    85/43  471/301  547/301  221/301   95/301  169/301 -159/301   -41/43     -5/7   57/301]
[ -73/301   -3/301  267/301  135/301    29/43  471/301  939/301 1005/301 1271/301 1737/301 1199/301   123/43  723/301  785/301  445/301]
[ 305/301  365/301   23/301   -17/43  -61/301  197/301   53/301  109/301  365/301  219/301    39/43  527/301  981/301 1033/301 1285/301]
[1737/301 1185/301   119/43  681/301  729/301  375/301  221/301  267/301  -89/301   -35/43 -201/301      1/7 -115/301  -73/301  169/301]
[   9/301     7/43  289/301  729/301  767/301 1005/301 1443/301 1479/301   159/43  947/301  981/301  613/301  445/301  477/301  107/301]
[   -9/43  -33/301  197/301   25/301   53/301  281/301  107/301    19/43  359/301  785/301  809/301 1033/301 1457/301 1479/301   157/43]
[ 919/301  939/301  557/301  375/301  393/301    9/301   -25/43 -159/301   57/301     -3/7 -115/301   99/301  -89/301   -11/43  135/301]
[ 547/301  557/301  767/301 1177/301 1185/301   199/43 1199/301 1205/301  809/301  613/301  617/301  219/301     3/43   23/301  225/301]
[  25/301   25/301  225/301   23/301     3/43  219/301  617/301  613/301  809/301 1205/301 1199/301   199/43 1185/301 1177/301  767/301]
[ 557/301  547/301  135/301   -11/43  -89/301   99/301 -115/301     -3/7   57/301 -159/301   -25/43    9/301  393/301  375/301  557/301]
[ 939/301  919/301   157/43 1479/301 1457/301 1033/301  809/301  785/301  359/301    19/43  107/301  281/301   53/301   25/301  197/301]
[ -33/301    -9/43  107/301  477/301  445/301  613/301  981/301  947/301   159/43 1479/301 1443/301 1005/301  767/301  729/301  289/301]
[    7/43    9/301  169/301  -73/301 -115/301      1/7 -201/301   -35/43  -89/301  267/301  221/301  375/301  729/301  681/301   119/43]
[1185/301 1737/301 1285/301 1033/301  981/301  527/301    39/43  219/301  365/301  109/301   53/301  197/301  -61/301   -17/43   23/301]
[ 365/301  305/301  445/301  785/301  723/301   123/43 1199/301 1737/301 1271/301 1005/301  939/301  471/301    29/43  135/301  267/301]
[  -3/301  -73/301   57/301     -5/7   -41/43 -159/301  169/301   95/301  221/301  547/301  471/301    85/43  919/301 1443/301 1565/301]
[1285/301 1205/301  723/301    63/43  359/301  477/301  193/301  109/301  225/301  -61/301   -21/43  -33/301  281/301  193/301  305/301]
[ 617/301  527/301    91/43  947/301 1457/301 1565/301 1271/301 1177/301  681/301    55/43  289/301  393/301   95/301   -3/301   99/301]
[-201/301        0        0        0        0        0        0        0        0        0        0        0        0        0        0]
Testing obstruction for
m1: 16, m2: 18,a: 14
[      -1 -281/301 -221/301 -121/301   19/301  199/301  419/301    97/43  979/301  717/301  495/301  313/301  171/301   69/301     1/43]
[ -15/301    3/301   61/301  159/301  297/301  475/301    99/43  951/301 1249/301  985/301  761/301  577/301  433/301    47/43  265/301]
[ 241/301  257/301  313/301  409/301  545/301   103/43  937/301 1193/301  887/301  621/301  395/301  209/301     9/43     -1/7 -109/301]
[-135/301 -121/301  -67/301   27/301    23/43  335/301  549/301  803/301 1097/301  829/301  601/301    59/43  265/301  157/301   89/301]
[  61/301   73/301  125/301    31/43  349/301  521/301  733/301  985/301 1277/301 1007/301   111/43  587/301  437/301  327/301  257/301]
[ 227/301  237/301    41/43  377/301  507/301  677/301  887/301 1137/301  825/301    79/43  321/301      3/7  -23/301 -135/301 -207/301]
[-239/301   -33/43 -183/301  -95/301   33/301  201/301  409/301  657/301   135/43  671/301  437/301  243/301   89/301  -25/301  -99/301]
[  -19/43 -127/301  -81/301    5/301  131/301  297/301  503/301   107/43 1035/301  759/301  523/301  327/301  171/301   55/301    -3/43]
[ -57/301  -53/301   -9/301   75/301  199/301  363/301    81/43  811/301 1095/301     19/7  579/301  381/301  223/301    15/43   27/301]
[ -11/301   -9/301   33/301  115/301  237/301    57/43  601/301  843/301 1125/301  845/301  605/301  405/301    35/43  125/301   45/301]
[   5/301    5/301   45/301  125/301    35/43  405/301  605/301  845/301 1125/301  843/301  601/301    57/43  237/301  115/301   33/301]
[  -9/301  -11/301   27/301    15/43  223/301  381/301  579/301     19/7 1095/301  811/301    81/43  363/301  199/301   75/301   -9/301]
[ -53/301  -57/301    -3/43   55/301  171/301  327/301  523/301  759/301 1035/301   107/43  503/301  297/301  131/301    5/301  -81/301]
[-127/301   -19/43  -99/301  -25/301   89/301  243/301  437/301  671/301   135/43  657/301  409/301  201/301   33/301  -95/301 -183/301]
[  -33/43 -239/301 -207/301 -135/301  -23/301      3/7  321/301    79/43  825/301 1137/301  887/301  677/301  507/301  377/301    41/43]
[ 237/301  227/301  257/301  327/301  437/301  587/301   111/43 1007/301 1277/301  985/301  733/301  521/301  349/301    31/43  125/301]
[  73/301   61/301   89/301  157/301  265/301    59/43  601/301  829/301 1097/301  803/301  549/301  335/301    23/43   27/301  -67/301]
[-121/301 -135/301 -109/301     -1/7     9/43  209/301  395/301  621/301  887/301 1193/301  937/301   103/43  545/301  409/301  313/301]
[ 257/301  241/301  265/301    47/43  433/301  577/301  761/301  985/301 1249/301  951/301    99/43  475/301  297/301  159/301   61/301]
[   3/301  -15/301     1/43   69/301  171/301  313/301  495/301  717/301  979/301    97/43  419/301  199/301   19/301 -121/301 -221/301]
[-281/301        0        0        0        0        0        0        0        0        0        0        0        0        0        0]
[-281/301, -221/301]
150 [-281/301, 381/301]
Testing obstruction for
m1: 76, m2: 76,a: 75
[      -1 -297/301 -285/301 -265/301 -237/301 -201/301 -157/301   -15/43  -45/301   23/301   99/301  183/301  275/301  375/301    69/43]
[ 599/301  723/301  855/301  995/301 1143/301 1299/301   209/43 1635/301 1815/301 2003/301 2199/301 2403/301 2615/301   405/43 3063/301]
[3299/301 3543/301 3795/301 4055/301 4323/301   657/43 4883/301 5175/301 5475/301 5181/301 4895/301 4617/301   621/43     95/7 3831/301]
[3585/301 3347/301 3117/301 2895/301   383/43 2475/301 2277/301 2087/301 1905/301 1731/301 1565/301   201/43 1257/301 1115/301  981/301]
[ 855/301  737/301  627/301    75/43  431/301  345/301  267/301  197/301  135/301   81/301     5/43   -3/301  -33/301  -55/301  -69/301]
[ -75/301  -73/301    -9/43  -45/301  -19/301   15/301   57/301  107/301  165/301    33/43  305/301      9/7  477/301  575/301  681/301]
[ 795/301   131/43 1047/301 1185/301 1331/301 1485/301 1647/301 1817/301   285/43 2181/301 2375/301 2577/301 2787/301 3005/301 3231/301]
[  495/43 3707/301 3957/301 4215/301 4481/301 4755/301 5037/301   761/43 5625/301 5329/301 5041/301 4761/301 4489/301 4225/301   567/43]
[3721/301 3481/301 3249/301 3025/301 2809/301 2601/301   343/43 2209/301 2025/301     43/7 1681/301 1521/301 1369/301   175/43 1089/301]
[ 961/301  841/301  729/301  625/301  529/301    63/43  361/301  289/301  225/301  169/301  121/301   81/301     7/43   25/301    9/301]
[   1/301    1/301    9/301   25/301     7/43   81/301  121/301  169/301  225/301  289/301  361/301    63/43  529/301  625/301  729/301]
[ 841/301  961/301 1089/301   175/43 1369/301 1521/301 1681/301     43/7 2025/301 2209/301   343/43 2601/301 2809/301 3025/301 3249/301]
[3481/301 3721/301   567/43 4225/301 4489/301 4761/301 5041/301 5329/301 5625/301   761/43 5037/301 4755/301 4481/301 4215/301 3957/301]
[3707/301   495/43 3231/301 3005/301 2787/301 2577/301 2375/301 2181/301   285/43 1817/301 1647/301 1485/301 1331/301 1185/301 1047/301]
[  131/43  795/301  681/301  575/301  477/301      9/7  305/301    33/43  165/301  107/301   57/301   15/301  -19/301  -45/301    -9/43]
[ -73/301  -75/301  -69/301  -55/301  -33/301   -3/301     5/43   81/301  135/301  197/301  267/301  345/301  431/301    75/43  627/301]
[ 737/301  855/301  981/301 1115/301 1257/301   201/43 1565/301 1731/301 1905/301 2087/301 2277/301 2475/301   383/43 2895/301 3117/301]
[3347/301 3585/301 3831/301     95/7   621/43 4617/301 4895/301 5181/301 5475/301 5175/301 4883/301   657/43 4323/301 4055/301 3795/301]
[3543/301 3299/301 3063/301   405/43 2615/301 2403/301 2199/301 2003/301 1815/301 1635/301   209/43 1299/301 1143/301  995/301  855/301]
[ 723/301  599/301    69/43  375/301  275/301  183/301   99/301   23/301  -45/301   -15/43 -157/301 -201/301 -237/301 -265/301 -285/301]
[-297/301        0        0        0        0        0        0        0        0        0        0        0        0        0        0]
---------------------------
SUCCESS for name = 13a4461
---------------------------
