10_6
Correction terms
[    -1  27/37  -3/37 -53/37  25/37   9/37 -27/37  -9/37 -11/37 -33/37  -1/37  11/37   3/37 -25/37   1/37]
[  7/37  -7/37  33/37 -21/37 -21/37  33/37  -7/37   7/37   1/37 -25/37   3/37  11/37  -1/37 -33/37 -11/37]
[ -9/37 -27/37   9/37  25/37 -53/37  -3/37  27/37      0      0      0      0      0      0      0      0]
Testing obstruction for
m1: 10, m2: 10,a: 9
[    -1 -33/37 -21/37  -1/37  27/37  63/37  33/37  11/37  -3/37  -9/37  -7/37   3/37  21/37  47/37  81/37]
[ 49/37  25/37   9/37   1/37   1/37   9/37  25/37  49/37  81/37  47/37  21/37   3/37  -7/37  -9/37  -3/37]
[ 11/37  33/37  63/37  27/37  -1/37 -21/37 -33/37      0      0      0      0      0      0      0      0]
Unobstructed
9
---------------------------
---------------------------
10_47
Correction terms
[    -1   3/41 -29/41 -55/41   7/41  -7/41 -15/41 -17/41 -13/41  -3/41  13/41 -47/41 -19/41  15/41 -27/41]
[ 19/41 -11/41 -35/41  29/41 -65/41  11/41  11/41 -65/41  29/41 -35/41 -11/41  19/41 -27/41  15/41 -19/41]
[-47/41  13/41  -3/41 -13/41 -17/41 -15/41  -7/41   7/41 -55/41 -29/41   3/41      0      0      0      0]
Testing obstruction for
m1: 2, m2: 8,a: 1
[    -1 -35/41 -17/41  13/41  55/41  27/41  11/41   7/41  15/41  35/41  67/41  29/41   3/41 -11/41 -13/41]
[ -3/41  19/41  53/41  17/41  -7/41 -19/41 -19/41  -7/41  17/41  53/41  19/41  -3/41 -13/41 -11/41   3/41]
[ 29/41  67/41  35/41  15/41   7/41  11/41  27/41  55/41  13/41 -17/41 -35/41      0      0      0      0]
Unobstructed
17
---------------------------
---------------------------
10_61
Correction terms
[    -1   5/33 -13/33  -7/11 -19/33  -7/33   5/11 -19/33 -43/33 -19/11   5/33    1/3 -13/11 -13/33 -43/33]
[  1/11  -7/33  -7/33   1/11 -43/33 -13/33 -13/11    1/3   5/33 -19/11 -43/33 -19/33   5/11  -7/33 -19/33]
[ -7/11 -13/33   5/33      0      0      0      0      0      0      0      0      0      0      0      0]
Testing obstruction for
m1: 2, m2: 6,a: 0
[   -1 -5/33 13/33  7/11 19/33  7/33 -5/11 19/33 43/33 -3/11 -5/33  -1/3 -9/11 13/33 43/33]
[-1/11  7/33  7/33 -1/11 43/33 13/33 -9/11  -1/3 -5/33 -3/11 43/33 19/33 -5/11  7/33 19/33]
[ 7/11 13/33 -5/33     0     0     0     0     0     0     0     0     0     0     0     0]
Testing obstruction for
m1: 4, m2: 4,a: 2
[    -1 -19/33  23/33   9/11  -7/33 -13/33   3/11  -7/33   5/33  -7/11 -19/33    1/3   1/11  23/33   5/33]
[  5/11 -13/33 -13/33   5/11   5/33  23/33   1/11    1/3 -19/33  -7/11   5/33  -7/33   3/11 -13/33  -7/33]
[  9/11  23/33 -19/33      0      0      0      0      0      0      0      0      0      0      0      0]
Unobstructed
4
---------------------------
---------------------------
10_76
Correction terms
[    -1  -5/57  37/57 -15/19 -23/57 -11/57  -3/19 -17/57 -35/57  17/19  13/57 -35/57   7/19 -47/57 -11/57]
[  5/19  31/57  37/57 -27/19    1/3  -5/57 -13/19  31/57 -23/57   9/19 -47/57 -17/57   1/19  13/57  13/57]
[  1/19 -17/57 -47/57   9/19 -23/57  31/57 -13/19  -5/57    1/3 -27/19  37/57  31/57   5/19 -11/57 -47/57]
[  7/19 -35/57  13/57  17/19 -35/57 -17/57  -3/19 -11/57 -23/57 -15/19  37/57  -5/57      0      0      0]
Testing obstruction for
m1: 2, m2: 10,a: 0
[    -1 -13/57   5/57  -1/19  77/57 131/57  15/19  47/57  23/57  -9/19  11/57  23/57   3/19  83/57 131/57]
[ 13/19  35/57   5/57 -17/19   -1/3 -13/57 -11/19  35/57  77/57  31/19  83/57  47/57  -5/19  11/57  11/57]
[ -5/19  47/57  83/57  31/19  77/57  35/57 -11/19 -13/57   -1/3 -17/19   5/57  35/57  13/19 131/57  83/57]
[  3/19  23/57  11/57  -9/19  23/57  47/57  15/19 131/57  77/57  -1/19   5/57 -13/57      0      0      0]
Testing obstruction for
m1: 6, m2: 6,a: 4
[    -1 -35/57  31/57   9/19  67/57  37/57  17/19  -5/57 -17/57   5/19 -23/57 -17/57  11/19  13/57  37/57]
[ -3/19 -11/57  31/57   1/19    1/3 -35/57 -15/19 -11/57  67/57  25/19  13/57  -5/57   7/19 -23/57 -23/57]
[  7/19  -5/57  13/57  25/19  67/57 -11/57 -15/19 -35/57    1/3   1/19  31/57 -11/57  -3/19  37/57  13/57]
[ 11/19 -17/57 -23/57   5/19 -17/57  -5/57  17/19  37/57  67/57   9/19  31/57 -35/57      0      0      0]
Unobstructed
8
---------------------------
---------------------------
10_100
Correction terms
[    -1  21/65  19/65 -71/65  11/65   1/13 -89/65 -11/65 -21/65  11/65  -9/13 -59/65 -31/65   -7/5  21/65]
[  9/13 -19/65 -41/65 -21/65 -89/65   3/13  31/65 -41/65 -71/65 -59/65  -1/13   -3/5 -31/65  19/65 -19/65]
[ -3/13  31/65 -11/65 -11/65  31/65  -3/13 -19/65  19/65 -31/65   -3/5  -1/13 -59/65 -71/65 -41/65  31/65]
[  3/13 -89/65 -21/65 -41/65 -19/65   9/13  21/65   -7/5 -31/65 -59/65  -9/13  11/65 -21/65 -11/65 -89/65]
[  1/13  11/65 -71/65  19/65  21/65      0      0      0      0      0      0      0      0      0      0]
Testing obstruction for
m1: 2, m2: 12,a: 1
[    -1 -59/65 -41/65 -11/65  31/65  17/13 151/65  99/65  59/65  31/65   3/13  11/65  19/65    3/5  71/65]
[ 23/13 171/65 109/65  59/65  21/65  -1/13 -19/65 -21/65 -11/65  11/65   9/13    7/5 149/65  89/65  41/65]
[  1/13 -19/65 -31/65 -31/65 -19/65   1/13  41/65  89/65 149/65    7/5   9/13  11/65 -11/65 -21/65 -19/65]
[ -1/13  21/65  59/65 109/65 171/65  23/13  71/65    3/5  19/65  11/65   3/13  31/65  59/65  99/65 151/65]
[ 17/13  31/65 -11/65 -41/65 -59/65      0      0      0      0      0      0      0      0      0      0]
Unobstructed
11
---------------------------
---------------------------
