13a3922
Correction terms
[      -1 -183/265 -467/265  -57/265  -13/265   -67/53   37/265   43/265 -317/265   17/265    -3/53 -413/265 -117/265 -187/265  -93/265]
[  -73/53 -473/265  113/265 -197/265 -343/265    41/53 -143/265 -327/265  183/265 -203/265   -85/53   47/265 -377/265 -107/265 -203/265]
[  -27/53   97/265  -37/265   -7/265  187/265     3/53    7/265  163/265  -47/265  -93/265     5/53 -223/265 -307/265 -227/265   17/265]
[  -21/53  -63/265  143/265  -17/265  -13/265    31/53  -43/265  -77/265      1/5 -183/265   -51/53 -163/265 -437/265  -17/265   37/265]
[  -55/53  107/265  123/265 -227/265  117/265    19/53 -293/265   13/265  -47/265 -473/265   -41/53 -303/265 -237/265   -7/265 -143/265]
[  -23/53   77/265  -97/265 -107/265   47/265   -33/53 -213/265  -97/265 -347/265 -433/265   -71/53 -113/265 -237/265 -197/265    7/265]
[  -31/53 -153/265   13/265 -187/265 -223/265   -19/53 -333/265 -407/265 -317/265  -63/265   -35/53 -123/265   93/265  -57/265  -43/265]
[   27/53     -1/5  -77/265   63/265 -163/265   -45/53 -123/265 -387/265   43/265 -423/265   -39/53  197/265 -307/265 -117/265  237/265]
[  -61/53 -153/265  163/265 -417/265 -303/265    -5/53 -113/265  -37/265 -327/265   77/265    23/53 -213/265  153/265  153/265 -213/265]
[   23/53   77/265 -327/265  -37/265 -113/265    -5/53 -303/265 -417/265  163/265 -153/265   -61/53  237/265 -117/265 -307/265  197/265]
[  -39/53 -423/265   43/265 -387/265 -123/265   -45/53 -163/265   63/265  -77/265     -1/5    27/53  -43/265  -57/265   93/265 -123/265]
[  -35/53  -63/265 -317/265 -407/265 -333/265   -19/53 -223/265 -187/265   13/265 -153/265   -31/53    7/265 -197/265 -237/265 -113/265]
[  -71/53 -433/265 -347/265  -97/265 -213/265   -33/53   47/265 -107/265  -97/265   77/265   -23/53 -143/265   -7/265 -237/265 -303/265]
[  -41/53 -473/265  -47/265   13/265 -293/265    19/53  117/265 -227/265  123/265  107/265   -55/53   37/265  -17/265 -437/265 -163/265]
[  -51/53 -183/265      1/5  -77/265  -43/265    31/53  -13/265  -17/265  143/265  -63/265   -21/53   17/265 -227/265 -307/265 -223/265]
[    5/53  -93/265  -47/265  163/265    7/265     3/53  187/265   -7/265  -37/265   97/265   -27/53 -203/265 -107/265 -377/265   47/265]
[  -85/53 -203/265  183/265 -327/265 -143/265    41/53 -343/265 -197/265  113/265 -473/265   -73/53  -93/265 -187/265 -117/265 -413/265]
[   -3/53   17/265 -317/265   43/265   37/265   -67/53  -13/265  -57/265 -467/265 -183/265        0        0        0        0        0]
Testing obstruction for
m1: 4, m2: 22,a: 3
[      -1 -251/265 -209/265 -139/265  -41/265    17/53  239/265  421/265  631/265  869/265   227/53  899/265  691/265  511/265  359/265]
[   47/53  139/265   71/265   31/265   19/265     7/53   79/265  151/265  251/265  379/265   107/53  719/265  931/265 1171/265  909/265]
[  135/53  469/265  291/265  141/265   19/265   -15/53 -141/265 -179/265 -189/265 -171/265   -25/53  -51/265   51/265  181/265  339/265]
[  105/53  739/265  981/265 1251/265 1019/265   163/53  639/265  491/265      7/5  279/265    43/53  179/265  171/265  191/265  239/265]
[   63/53  419/265  551/265  711/265  899/265   223/53 1359/265 1101/265  871/265  669/265    99/53  349/265  231/265  141/265   79/265]
[    9/53   39/265   61/265  111/265  189/265    59/53  429/265  591/265  781/265  999/265   249/53  989/265  761/265  561/265  389/265]
[   49/53  129/265   41/265  -19/265  -51/265   -11/53  -31/265   21/265  101/265  209/265    69/53  509/265  701/265  921/265 1169/265]
[  183/53     13/5  491/265  321/265  179/265    13/53  -21/265  -79/265 -109/265 -111/265   -17/53  -31/265   51/265  161/265  299/265]
[   93/53  659/265  881/265 1131/265  879/265   131/53  459/265  291/265  151/265   39/265    -9/53 -101/265 -129/265 -129/265 -101/265]
[   -9/53   39/265  151/265  291/265  459/265   131/53  879/265 1131/265  881/265  659/265    93/53  299/265  161/265   51/265  -31/265]
[  -17/53 -111/265 -109/265  -79/265  -21/265    13/53  179/265  321/265  491/265     13/5   183/53 1169/265  921/265  701/265  509/265]
[   69/53  209/265  101/265   21/265  -31/265   -11/53  -51/265  -19/265   41/265  129/265    49/53  389/265  561/265  761/265  989/265]
[  249/53  999/265  781/265  591/265  429/265    59/53  189/265  111/265   61/265   39/265     9/53   79/265  141/265  231/265  349/265]
[   99/53  669/265  871/265 1101/265 1359/265   223/53  899/265  711/265  551/265  419/265    63/53  239/265  191/265  171/265  179/265]
[   43/53  279/265      7/5  491/265  639/265   163/53 1019/265 1251/265  981/265  739/265   105/53  339/265  181/265   51/265  -51/265]
[  -25/53 -171/265 -189/265 -179/265 -141/265   -15/53   19/265  141/265  291/265  469/265   135/53  909/265 1171/265  931/265  719/265]
[  107/53  379/265  251/265  151/265   79/265     7/53   19/265   31/265   71/265  139/265    47/53  359/265  511/265  691/265  899/265]
[  227/53  869/265  631/265  421/265  239/265    17/53  -41/265 -139/265 -209/265 -251/265        0        0        0        0        0]
Testing obstruction for
m1: 10, m2: 16,a: 9
[      -1 -237/265 -153/265  -13/265  183/265    87/53  213/265   47/265  -63/265 -117/265   -23/53  -57/265   57/265  227/265  453/265]
[   41/53   13/265 -123/265 -203/265 -227/265   -39/53 -107/265   37/265  237/265  493/265    55/53  113/265    7/265  -43/265  -37/265]
[    5/53  143/265  317/265  547/265  303/265    23/53  -17/265  -93/265 -113/265  -77/265     3/53  163/265  367/265  627/265  413/265]
[   51/53  153/265  107/265  117/265  183/265    61/53  483/265  717/265      9/5  293/265    33/53   93/265   77/265  117/265  213/265]
[   73/53  573/265  837/265  627/265  473/265    75/53  333/265  347/265  417/265  543/265   145/53  963/265  727/265  547/265  423/265]
[   71/53  343/265  387/265  487/265  643/265   171/53  593/265  387/265  237/265  143/265    21/53  123/265  197/265  327/265  513/265]
[  151/53  523/265  347/265  227/265  163/265    31/53  203/265  307/265  467/265  683/265    85/53  223/265   77/265  -13/265  -47/265]
[   -5/53      1/5  187/265  377/265  623/265    79/53  223/265  107/265   47/265   43/265    19/53  203/265  367/265  587/265  333/265]
[   27/53   -7/265  -93/265 -123/265  -97/265    -3/53  123/265  317/265  567/265  343/265    35/53   63/265    7/265    7/265   63/265]
[   35/53  343/265  567/265  317/265  123/265    -3/53  -97/265 -123/265  -93/265   -7/265    27/53  333/265  587/265  367/265  203/265]
[   19/53   43/265   47/265  107/265  223/265    79/53  623/265  377/265  187/265      1/5    -5/53  -47/265  -13/265   77/265  223/265]
[   85/53  683/265  467/265  307/265  203/265    31/53  163/265  227/265  347/265  523/265   151/53  513/265  327/265  197/265  123/265]
[   21/53  143/265  237/265  387/265  593/265   171/53  643/265  487/265  387/265  343/265    71/53  423/265  547/265  727/265  963/265]
[  145/53  543/265  417/265  347/265  333/265    75/53  473/265  627/265  837/265  573/265    73/53  213/265  117/265   77/265   93/265]
[   33/53  293/265      9/5  717/265  483/265    61/53  183/265  117/265  107/265  153/265    51/53  413/265  627/265  367/265  163/265]
[    3/53  -77/265 -113/265  -93/265  -17/265    23/53  303/265  547/265  317/265  143/265     5/53  -37/265  -43/265    7/265  113/265]
[   55/53  493/265  237/265   37/265 -107/265   -39/53 -227/265 -203/265 -123/265   13/265    41/53  453/265  227/265   57/265  -57/265]
[  -23/53 -117/265  -63/265   47/265  213/265    87/53  183/265  -13/265 -153/265 -237/265        0        0        0        0        0]
Unobstructed
72
---------------------------
---------------------------
13a3943
Correction terms
[      -1 -267/377   63/377 -141/377 -125/377  111/377 -187/377 -265/377 -123/377  239/377   67/377  115/377 -371/377     9/29   71/377]
[ 245/377 -115/377 -255/377 -175/377  125/377 -109/377 -123/377   83/377 -245/377 -353/377 -241/377     7/29 -111/377  -93/377     5/13]
[-151/377 -227/377  -83/377  281/377  111/377  161/377 -323/377  167/377  123/377    23/29  -59/377 -197/377 -115/377 -567/377  -45/377]
[ -57/377  151/377 -175/377 -281/377 -167/377  167/377  -33/377    -1/29  227/377  -67/377 -141/377    5/377  371/377     7/13  255/377]
[-227/377 -489/377  223/377 -353/377   45/377    -7/29   -7/377 -457/377   67/377   57/377  267/377  -57/377 -161/377  -45/377  291/377]
[  93/377  115/377  357/377     5/29   -7/377  141/377 -245/377  343/377 -357/377  -83/377 -343/377 -383/377    -7/13  197/377   63/377]
[ 149/377   -23/29  227/377  219/377  431/377  109/377    7/377  125/377 -291/377  267/377  291/377 -219/377  245/377 -579/377   -33/29]
[ -59/377 -223/377 -167/377  109/377 -149/377 -187/377   -5/377  397/377  265/377  353/377  -93/377   -11/13    33/29 -111/377  323/377]
[ 223/377 -411/377  -71/377 -265/377 -239/377    7/377 -281/377 -349/377 -197/377  175/377     1/29   71/377  349/377   93/377   57/377]
[ 241/377 -109/377  515/377 -149/377  161/377  -63/377  -67/377  149/377   -13/29 -267/377    -5/13 -557/377    5/377   33/377  281/377]
[  -5/377  -71/377   83/377 -297/377  297/377  357/377    -9/29  383/377 -405/377 -219/377  187/377   59/377  151/377 -291/377 -513/377]
[ 239/377 -297/377  141/377   45/377    13/29 -241/377 -431/377  353/377 -151/377    11/13  255/377 -343/377   33/377 -125/377  -63/377]
[ 219/377  -33/377    -5/29  123/377 -223/377  405/377 -255/377   59/377 -161/377 -161/377   59/377 -255/377  405/377 -223/377  123/377]
[   -5/29  -33/377  219/377  -63/377 -125/377   33/377 -343/377  255/377    11/13 -151/377  353/377 -431/377 -241/377    13/29   45/377]
[ 141/377 -297/377  239/377 -513/377 -291/377  151/377   59/377  187/377 -219/377 -405/377  383/377    -9/29  357/377  297/377 -297/377]
[  83/377  -71/377   -5/377  281/377   33/377    5/377 -557/377    -5/13 -267/377   -13/29  149/377  -67/377  -63/377  161/377 -149/377]
[ 515/377 -109/377  241/377   57/377   93/377  349/377   71/377     1/29  175/377 -197/377 -349/377 -281/377    7/377 -239/377 -265/377]
[ -71/377 -411/377  223/377  323/377 -111/377    33/29   -11/13  -93/377  353/377  265/377  397/377   -5/377 -187/377 -149/377  109/377]
[-167/377 -223/377  -59/377   -33/29 -579/377  245/377 -219/377  291/377  267/377 -291/377  125/377    7/377  109/377  431/377  219/377]
[ 227/377   -23/29  149/377   63/377  197/377    -7/13 -383/377 -343/377  -83/377 -357/377  343/377 -245/377  141/377   -7/377     5/29]
[ 357/377  115/377   93/377  291/377  -45/377 -161/377  -57/377  267/377   57/377   67/377 -457/377   -7/377    -7/29   45/377 -353/377]
[ 223/377 -489/377 -227/377  255/377     7/13  371/377    5/377 -141/377  -67/377  227/377    -1/29  -33/377  167/377 -167/377 -281/377]
[-175/377  151/377  -57/377  -45/377 -567/377 -115/377 -197/377  -59/377    23/29  123/377  167/377 -323/377  161/377  111/377  281/377]
[ -83/377 -227/377 -151/377     5/13  -93/377 -111/377     7/29 -241/377 -353/377 -245/377   83/377 -123/377 -109/377  125/377 -175/377]
[-255/377 -115/377  245/377   71/377     9/29 -371/377  115/377   67/377  239/377 -123/377 -265/377 -187/377  111/377 -125/377 -141/377]
[  63/377 -267/377        0        0        0        0        0        0        0        0        0        0        0        0        0]
Testing obstruction for
m1: 2, m2: 64,a: 1
[      -1 -371/377 -353/377 -323/377 -281/377 -227/377 -161/377  -83/377    7/377  109/377  223/377  349/377  487/377    49/29  799/377]
[ 973/377 1159/377 1357/377 1567/377 1789/377 2023/377 2269/377 2527/377 2797/377 3079/377 3373/377   283/29 3997/377 4327/377   161/13]
[5023/377 5389/377 5767/377 5403/377 5051/377 4711/377 4383/377 4067/377 3763/377   267/29 3191/377 2923/377 2667/377 2423/377 2191/377]
[1971/377 1763/377 1567/377 1383/377 1211/377 1051/377  903/377    59/29  643/377  531/377  431/377  343/377  267/377     7/13  151/377]
[ 111/377   83/377   67/377   63/377   71/377     7/29  123/377  167/377  223/377  291/377  371/377  463/377  567/377  683/377  811/377]
[ 951/377 1103/377 1267/377   111/29 1631/377 1831/377 2043/377 2267/377 2503/377 2751/377 3011/377 3283/377   123/13 3863/377 4171/377]
[4491/377   371/29 5167/377 5523/377 5891/377 5517/377 5155/377 4805/377 4467/377 4141/377 3827/377 3525/377 3235/377 2957/377   207/29]
[2437/377 2195/377 1965/377 1747/377 1541/377 1347/377 1165/377  995/377  837/377  691/377  557/377    15/13    25/29  227/377  141/377]
[  67/377    5/377  -45/377  -83/377 -109/377 -123/377 -125/377 -115/377  -93/377  -59/377    -1/29   45/377  115/377  197/377  291/377]
[ 397/377  515/377  645/377  787/377  941/377 1107/377 1285/377 1475/377   129/29 1891/377    73/13 2355/377 2605/377 2867/377 3141/377]
[3427/377 3725/377 4035/377 4357/377 4691/377 5037/377   415/29 5765/377 5393/377 5033/377 4685/377 4349/377 4025/377 3713/377 3413/377]
[3125/377 2849/377 2585/377 2333/377   161/29 1865/377 1649/377 1445/377 1253/377    37/13  905/377  749/377  605/377  473/377  353/377]
[ 245/377  149/377     5/29   -7/377  -67/377 -115/377 -151/377 -175/377 -187/377 -187/377 -175/377 -151/377 -115/377  -67/377   -7/377]
[    5/29  149/377  245/377  353/377  473/377  605/377  749/377  905/377    37/13 1253/377 1445/377 1649/377 1865/377   161/29 2333/377]
[2585/377 2849/377 3125/377 3413/377 3713/377 4025/377 4349/377 4685/377 5033/377 5393/377 5765/377   415/29 5037/377 4691/377 4357/377]
[4035/377 3725/377 3427/377 3141/377 2867/377 2605/377 2355/377    73/13 1891/377   129/29 1475/377 1285/377 1107/377  941/377  787/377]
[ 645/377  515/377  397/377  291/377  197/377  115/377   45/377    -1/29  -59/377  -93/377 -115/377 -125/377 -123/377 -109/377  -83/377]
[ -45/377    5/377   67/377  141/377  227/377    25/29    15/13  557/377  691/377  837/377  995/377 1165/377 1347/377 1541/377 1747/377]
[1965/377 2195/377 2437/377   207/29 2957/377 3235/377 3525/377 3827/377 4141/377 4467/377 4805/377 5155/377 5517/377 5891/377 5523/377]
[5167/377   371/29 4491/377 4171/377 3863/377   123/13 3283/377 3011/377 2751/377 2503/377 2267/377 2043/377 1831/377 1631/377   111/29]
[1267/377 1103/377  951/377  811/377  683/377  567/377  463/377  371/377  291/377  223/377  167/377  123/377     7/29   71/377   63/377]
[  67/377   83/377  111/377  151/377     7/13  267/377  343/377  431/377  531/377  643/377    59/29  903/377 1051/377 1211/377 1383/377]
[1567/377 1763/377 1971/377 2191/377 2423/377 2667/377 2923/377 3191/377   267/29 3763/377 4067/377 4383/377 4711/377 5051/377 5403/377]
[5767/377 5389/377 5023/377   161/13 4327/377 3997/377   283/29 3373/377 3079/377 2797/377 2527/377 2269/377 2023/377 1789/377 1567/377]
[1357/377 1159/377  973/377  799/377    49/29  487/377  349/377  223/377  109/377    7/377  -83/377 -161/377 -227/377 -281/377 -323/377]
[-353/377 -371/377        0        0        0        0        0        0        0        0        0        0        0        0        0]
Unobstructed
12
---------------------------
---------------------------
13a3963
Correction terms
[      -1  -87/389   41/389   -5/389 -225/389  159/389  369/389  405/389  267/389  -45/389  247/389  365/389  309/389   79/389  453/389]
[-125/389  -99/389 -247/389  209/389 -287/389 -179/389 -245/389  293/389 -121/389   69/389   85/389  -73/389  373/389 -133/389  -35/389]
[-111/389  417/389   -7/389  173/389  179/389   11/389  447/389  -69/389   19/389  -67/389  451/389   17/389  187/389  183/389    5/389]
[-347/389  -95/389  -17/389 -113/389 -383/389  -49/389  111/389   97/389  -91/389 -453/389 -211/389 -143/389 -249/389 -529/389 -205/389]
[ -55/389  -79/389 -277/389  129/389  361/389  419/389  303/389   13/389  327/389  467/389  433/389  225/389  621/389   65/389  113/389]
[ -13/389  465/389   -9/389  121/389   77/389 -141/389  245/389 -321/389 -283/389 -419/389   49/389 -435/389 -315/389 -369/389  181/389]
[-221/389  -19/389    9/389 -137/389  321/389 -173/389  -63/389 -127/389  413/389    1/389  193/389  211/389   55/389 -275/389   -1/389]
[  99/389   25/389 -223/389  133/389  315/389  323/389  157/389 -183/389   81/389  171/389   87/389 -171/389  175/389  347/389  345/389]
[ 169/389 -181/389   73/389  153/389   59/389 -209/389  127/389  289/389  277/389   91/389  509/389  -25/389   45/389  -59/389  441/389]
[ -11/389  141/389  119/389  -77/389  331/389 -213/389 -153/389 -267/389  223/389 -239/389  -97/389 -129/389  443/389   63/389  287/389]
[ 337/389  213/389  -85/389  221/389  353/389  311/389   95/389 -295/389  -81/389  -41/389 -175/389 -483/389 -187/389  -65/389 -117/389]
[-343/389   35/389  239/389  269/389  125/389 -193/389   93/389  205/389  143/389  -93/389  275/389  469/389  489/389  335/389    7/389]
[ 283/389  385/389  313/389   67/389  425/389 -169/389 -159/389 -323/389  117/389 -395/389 -303/389 -385/389  137/389 -293/389 -119/389]
[-119/389 -293/389  137/389 -385/389 -303/389 -395/389  117/389 -323/389 -159/389 -169/389  425/389   67/389  313/389  385/389  283/389]
[   7/389  335/389  489/389  469/389  275/389  -93/389  143/389  205/389   93/389 -193/389  125/389  269/389  239/389   35/389 -343/389]
[-117/389  -65/389 -187/389 -483/389 -175/389  -41/389  -81/389 -295/389   95/389  311/389  353/389  221/389  -85/389  213/389  337/389]
[ 287/389   63/389  443/389 -129/389  -97/389 -239/389  223/389 -267/389 -153/389 -213/389  331/389  -77/389  119/389  141/389  -11/389]
[ 441/389  -59/389   45/389  -25/389  509/389   91/389  277/389  289/389  127/389 -209/389   59/389  153/389   73/389 -181/389  169/389]
[ 345/389  347/389  175/389 -171/389   87/389  171/389   81/389 -183/389  157/389  323/389  315/389  133/389 -223/389   25/389   99/389]
[  -1/389 -275/389   55/389  211/389  193/389    1/389  413/389 -127/389  -63/389 -173/389  321/389 -137/389    9/389  -19/389 -221/389]
[ 181/389 -369/389 -315/389 -435/389   49/389 -419/389 -283/389 -321/389  245/389 -141/389   77/389  121/389   -9/389  465/389  -13/389]
[ 113/389   65/389  621/389  225/389  433/389  467/389  327/389   13/389  303/389  419/389  361/389  129/389 -277/389  -79/389  -55/389]
[-205/389 -529/389 -249/389 -143/389 -211/389 -453/389  -91/389   97/389  111/389  -49/389 -383/389 -113/389  -17/389  -95/389 -347/389]
[   5/389  183/389  187/389   17/389  451/389  -67/389   19/389  -69/389  447/389   11/389  179/389  173/389   -7/389  417/389 -111/389]
[ -35/389 -133/389  373/389  -73/389   85/389   69/389 -121/389  293/389 -245/389 -179/389 -287/389  209/389 -247/389  -99/389 -125/389]
[ 453/389   79/389  309/389  365/389  247/389  -45/389  267/389  405/389  369/389  159/389 -225/389   -5/389   41/389  -87/389        0]
Testing obstruction for
m1: 2, m2: 66,a: 1
[      -1 -383/389 -365/389 -335/389 -293/389 -239/389 -173/389  -95/389   -5/389   97/389  211/389  337/389  475/389  625/389  787/389]
[ 961/389 1147/389 1345/389 1555/389 1777/389 2011/389 2257/389 2515/389 2785/389 3067/389 3361/389 3667/389 3985/389 4315/389 4657/389]
[5011/389 5377/389 5755/389 6145/389 5769/389 5405/389 5053/389 4713/389 4385/389 4069/389 3765/389 3473/389 3193/389 2925/389 2669/389]
[2425/389 2193/389 1973/389 1765/389 1569/389 1385/389 1213/389 1053/389  905/389  769/389  645/389  533/389  433/389  345/389  269/389]
[ 205/389  153/389  113/389   85/389   69/389   65/389   73/389   93/389  125/389  169/389  225/389  293/389  373/389  465/389  569/389]
[ 685/389  813/389  953/389 1105/389 1269/389 1445/389 1633/389 1833/389 2045/389 2269/389 2505/389 2753/389 3013/389 3285/389 3569/389]
[3865/389 4173/389 4493/389 4825/389 5169/389 5525/389 5893/389 6273/389 5887/389 5513/389 5151/389 4801/389 4463/389 4137/389 3823/389]
[3521/389 3231/389 2953/389 2687/389 2433/389 2191/389 1961/389 1743/389 1537/389 1343/389 1161/389  991/389  833/389  687/389  553/389]
[ 431/389  321/389  223/389  137/389   63/389    1/389  -49/389  -87/389 -113/389 -127/389 -129/389 -119/389  -97/389  -63/389  -17/389]
[  41/389  111/389  193/389  287/389  393/389  511/389  641/389  783/389  937/389 1103/389 1281/389 1471/389 1673/389 1887/389 2113/389]
[2351/389 2601/389 2863/389 3137/389 3423/389 3721/389 4031/389 4353/389 4687/389 5033/389 5391/389 5761/389 6143/389 5759/389 5387/389]
[5027/389 4679/389 4343/389 4019/389 3707/389 3407/389 3119/389 2843/389 2579/389 2327/389 2087/389 1859/389 1643/389 1439/389 1247/389]
[1067/389  899/389  743/389  599/389  467/389  347/389  239/389  143/389   59/389  -13/389  -73/389 -121/389 -157/389 -181/389 -193/389]
[-193/389 -181/389 -157/389 -121/389  -73/389  -13/389   59/389  143/389  239/389  347/389  467/389  599/389  743/389  899/389 1067/389]
[1247/389 1439/389 1643/389 1859/389 2087/389 2327/389 2579/389 2843/389 3119/389 3407/389 3707/389 4019/389 4343/389 4679/389 5027/389]
[5387/389 5759/389 6143/389 5761/389 5391/389 5033/389 4687/389 4353/389 4031/389 3721/389 3423/389 3137/389 2863/389 2601/389 2351/389]
[2113/389 1887/389 1673/389 1471/389 1281/389 1103/389  937/389  783/389  641/389  511/389  393/389  287/389  193/389  111/389   41/389]
[ -17/389  -63/389  -97/389 -119/389 -129/389 -127/389 -113/389  -87/389  -49/389    1/389   63/389  137/389  223/389  321/389  431/389]
[ 553/389  687/389  833/389  991/389 1161/389 1343/389 1537/389 1743/389 1961/389 2191/389 2433/389 2687/389 2953/389 3231/389 3521/389]
[3823/389 4137/389 4463/389 4801/389 5151/389 5513/389 5887/389 6273/389 5893/389 5525/389 5169/389 4825/389 4493/389 4173/389 3865/389]
[3569/389 3285/389 3013/389 2753/389 2505/389 2269/389 2045/389 1833/389 1633/389 1445/389 1269/389 1105/389  953/389  813/389  685/389]
[ 569/389  465/389  373/389  293/389  225/389  169/389  125/389   93/389   73/389   65/389   69/389   85/389  113/389  153/389  205/389]
[ 269/389  345/389  433/389  533/389  645/389  769/389  905/389 1053/389 1213/389 1385/389 1569/389 1765/389 1973/389 2193/389 2425/389]
[2669/389 2925/389 3193/389 3473/389 3765/389 4069/389 4385/389 4713/389 5053/389 5405/389 5769/389 6145/389 5755/389 5377/389 5011/389]
[4657/389 4315/389 3985/389 3667/389 3361/389 3067/389 2785/389 2515/389 2257/389 2011/389 1777/389 1555/389 1345/389 1147/389  961/389]
[ 787/389  625/389  475/389  337/389  211/389   97/389   -5/389  -95/389 -173/389 -239/389 -293/389 -335/389 -365/389 -383/389        0]
[-383/389, -365/389]
49 [-383/389, 413/389]
Testing obstruction for
m1: 8, m2: 14,a: 2
[      -1 -359/389 -269/389 -119/389   91/389  361/389  691/389 1081/389  753/389  485/389  277/389  129/389   41/389   13/389   45/389]
[ 137/389  289/389  501/389  773/389 1105/389 1497/389 1171/389  905/389  699/389  553/389  467/389  441/389  475/389  569/389  723/389]
[ 937/389 1211/389 1545/389 1161/389  837/389  573/389  369/389  225/389  141/389  117/389  153/389  249/389  405/389  621/389  897/389]
[1233/389  851/389  529/389  267/389   65/389  -77/389 -159/389 -181/389 -143/389  -45/389  113/389  331/389  609/389  947/389 1345/389]
[1025/389  765/389  565/389  425/389  345/389  325/389  365/389  465/389  625/389  845/389 1125/389 1465/389 1087/389  769/389  511/389]
[ 313/389  175/389   97/389   79/389  121/389  223/389  385/389  607/389  889/389 1231/389  855/389  539/389  283/389   87/389  -49/389]
[-125/389 -141/389  -97/389    7/389  171/389  395/389  679/389 1023/389  649/389  335/389   81/389 -113/389 -247/389 -321/389 -335/389]
[-289/389 -183/389  -17/389  209/389  495/389  841/389 1247/389  935/389  683/389  491/389  359/389  287/389  275/389  323/389  431/389]
[ 599/389  827/389 1115/389 1463/389 1093/389  783/389  533/389  343/389  213/389  143/389  133/389  183/389  293/389  463/389  693/389]
[ 983/389 1333/389  965/389  657/389  409/389  221/389   93/389   25/389   17/389   69/389  181/389  353/389  585/389  877/389 1229/389]
[ 863/389  557/389  311/389  125/389   -1/389  -67/389  -73/389  -19/389   95/389  269/389  503/389  797/389 1151/389 1565/389 1261/389]
[1017/389  833/389  709/389  645/389  641/389  697/389  813/389  989/389 1225/389 1521/389 1099/389  737/389  435/389  193/389   11/389]
[-111/389 -173/389 -175/389 -117/389    1/389  179/389  417/389  715/389 1073/389  713/389  413/389  173/389   -7/389 -127/389 -187/389]
[-187/389 -127/389   -7/389  173/389  413/389  713/389 1073/389  715/389  417/389  179/389    1/389 -117/389 -175/389 -173/389 -111/389]
[  11/389  193/389  435/389  737/389 1099/389 1521/389 1225/389  989/389  813/389  697/389  641/389  645/389  709/389  833/389 1017/389]
[1261/389 1565/389 1151/389  797/389  503/389  269/389   95/389  -19/389  -73/389  -67/389   -1/389  125/389  311/389  557/389  863/389]
[1229/389  877/389  585/389  353/389  181/389   69/389   17/389   25/389   93/389  221/389  409/389  657/389  965/389 1333/389  983/389]
[ 693/389  463/389  293/389  183/389  133/389  143/389  213/389  343/389  533/389  783/389 1093/389 1463/389 1115/389  827/389  599/389]
[ 431/389  323/389  275/389  287/389  359/389  491/389  683/389  935/389 1247/389  841/389  495/389  209/389  -17/389 -183/389 -289/389]
[-335/389 -321/389 -247/389 -113/389   81/389  335/389  649/389 1023/389  679/389  395/389  171/389    7/389  -97/389 -141/389 -125/389]
[ -49/389   87/389  283/389  539/389  855/389 1231/389  889/389  607/389  385/389  223/389  121/389   79/389   97/389  175/389  313/389]
[ 511/389  769/389 1087/389 1465/389 1125/389  845/389  625/389  465/389  365/389  325/389  345/389  425/389  565/389  765/389 1025/389]
[1345/389  947/389  609/389  331/389  113/389  -45/389 -143/389 -181/389 -159/389  -77/389   65/389  267/389  529/389  851/389 1233/389]
[ 897/389  621/389  405/389  249/389  153/389  117/389  141/389  225/389  369/389  573/389  837/389 1161/389 1545/389 1211/389  937/389]
[ 723/389  569/389  475/389  441/389  467/389  553/389  699/389  905/389 1171/389 1497/389 1105/389  773/389  501/389  289/389  137/389]
[  45/389   13/389   41/389  129/389  277/389  485/389  753/389 1081/389  691/389  361/389   91/389 -119/389 -269/389 -359/389        0]
Testing obstruction for
m1: 8, m2: 20,a: 7
[      -1 -359/389 -269/389 -119/389   91/389  361/389  691/389 1081/389  753/389  485/389  277/389  129/389   41/389   13/389   45/389]
[ 137/389  289/389  501/389  773/389 1105/389  719/389  393/389  127/389  -79/389 -225/389 -311/389 -337/389 -303/389 -209/389  -55/389]
[ 159/389  433/389  767/389 1161/389  837/389  573/389  369/389  225/389  141/389  117/389  153/389  249/389  405/389  621/389  897/389]
[1233/389  851/389  529/389  267/389   65/389  -77/389 -159/389 -181/389 -143/389  -45/389  113/389  331/389  609/389  947/389 1345/389]
[1025/389  765/389  565/389  425/389  345/389  325/389  365/389  465/389  625/389  845/389 1125/389 1465/389 1087/389  769/389  511/389]
[ 313/389  175/389   97/389   79/389  121/389  223/389  385/389  607/389  889/389 1231/389 1633/389 1317/389 1061/389  865/389  729/389]
[ 653/389  637/389  681/389  785/389  949/389 1173/389 1457/389 1801/389 1427/389 1113/389  859/389  665/389  531/389  457/389  443/389]
[ 489/389  595/389  761/389  987/389 1273/389 1619/389 1247/389  935/389  683/389  491/389  359/389  287/389  275/389  323/389  431/389]
[ 599/389  827/389 1115/389 1463/389 1093/389  783/389  533/389  343/389  213/389  143/389  133/389  183/389  293/389  463/389  693/389]
[ 983/389 1333/389  965/389  657/389  409/389  221/389   93/389   25/389   17/389   69/389  181/389  353/389  585/389  877/389 1229/389]
[ 863/389  557/389  311/389  125/389   -1/389  -67/389  -73/389  -19/389   95/389  269/389  503/389  797/389 1151/389  787/389  483/389]
[ 239/389   55/389  -69/389 -133/389 -137/389  -81/389   35/389  211/389  447/389  743/389 1099/389  737/389  435/389  193/389   11/389]
[-111/389 -173/389 -175/389 -117/389    1/389  179/389  417/389  715/389 1073/389  713/389  413/389  173/389   -7/389 -127/389 -187/389]
[-187/389 -127/389   -7/389  173/389  413/389  713/389 1073/389  715/389  417/389  179/389    1/389 -117/389 -175/389 -173/389 -111/389]
[  11/389  193/389  435/389  737/389 1099/389  743/389  447/389  211/389   35/389  -81/389 -137/389 -133/389  -69/389   55/389  239/389]
[ 483/389  787/389 1151/389  797/389  503/389  269/389   95/389  -19/389  -73/389  -67/389   -1/389  125/389  311/389  557/389  863/389]
[1229/389  877/389  585/389  353/389  181/389   69/389   17/389   25/389   93/389  221/389  409/389  657/389  965/389 1333/389  983/389]
[ 693/389  463/389  293/389  183/389  133/389  143/389  213/389  343/389  533/389  783/389 1093/389 1463/389 1115/389  827/389  599/389]
[ 431/389  323/389  275/389  287/389  359/389  491/389  683/389  935/389 1247/389 1619/389 1273/389  987/389  761/389  595/389  489/389]
[ 443/389  457/389  531/389  665/389  859/389 1113/389 1427/389 1801/389 1457/389 1173/389  949/389  785/389  681/389  637/389  653/389]
[ 729/389  865/389 1061/389 1317/389 1633/389 1231/389  889/389  607/389  385/389  223/389  121/389   79/389   97/389  175/389  313/389]
[ 511/389  769/389 1087/389 1465/389 1125/389  845/389  625/389  465/389  365/389  325/389  345/389  425/389  565/389  765/389 1025/389]
[1345/389  947/389  609/389  331/389  113/389  -45/389 -143/389 -181/389 -159/389  -77/389   65/389  267/389  529/389  851/389 1233/389]
[ 897/389  621/389  405/389  249/389  153/389  117/389  141/389  225/389  369/389  573/389  837/389 1161/389  767/389  433/389  159/389]
[ -55/389 -209/389 -303/389 -337/389 -311/389 -225/389  -79/389  127/389  393/389  719/389 1105/389  773/389  501/389  289/389  137/389]
[  45/389   13/389   41/389  129/389  277/389  485/389  753/389 1081/389  691/389  361/389   91/389 -119/389 -269/389 -359/389        0]
Testing obstruction for
m1: 12, m2: 16,a: 9
[      -1 -353/389 -245/389  -65/389  187/389  511/389  907/389  597/389  359/389  193/389   99/389   77/389  127/389  249/389  443/389]
[ 709/389 1047/389 1457/389 1161/389  937/389  785/389  705/389  697/389  761/389  897/389 1105/389 1385/389  959/389  605/389  323/389]
[ 113/389  -25/389  -91/389  -85/389   -7/389  143/389  365/389  659/389 1025/389  685/389  417/389  221/389   97/389   45/389   65/389]
[ 157/389  321/389  557/389  865/389 1245/389  919/389  665/389  483/389  373/389  335/389  369/389  475/389  653/389  903/389 1225/389]
[ 841/389  529/389  289/389  121/389   25/389    1/389   49/389  169/389  361/389  625/389  961/389  591/389  293/389   67/389  -87/389]
[-169/389 -179/389 -117/389   17/389  223/389  501/389  851/389  495/389  211/389   -1/389 -141/389 -209/389 -205/389 -129/389   19/389]
[ 239/389  531/389  895/389 1331/389 1061/389  863/389  737/389  683/389  701/389  791/389  953/389 1187/389 1493/389 1093/389  765/389]
[ 509/389  325/389  213/389  173/389  205/389  309/389  485/389  733/389 1053/389  667/389  353/389  111/389  -59/389 -157/389 -183/389]
[-137/389  -19/389  171/389  433/389  767/389 1173/389  873/389  645/389  489/389  405/389  393/389  453/389  585/389  789/389 1065/389]
[1413/389 1055/389  769/389  555/389  413/389  343/389  345/389  419/389  565/389  783/389 1073/389  657/389  313/389   41/389 -159/389]
[-287/389 -343/389 -327/389 -239/389  -79/389  153/389  457/389  833/389  503/389  245/389   59/389  -55/389  -97/389  -67/389   35/389]
[ 209/389  455/389  773/389 1163/389  847/389  603/389  431/389  331/389  303/389  347/389  463/389  651/389  911/389 1243/389  869/389]
[ 567/389  337/389  179/389   93/389   79/389  137/389  267/389  469/389  743/389 1089/389  729/389  441/389  225/389   81/389    9/389]
[   9/389   81/389  225/389  441/389  729/389 1089/389  743/389  469/389  267/389  137/389   79/389   93/389  179/389  337/389  567/389]
[ 869/389 1243/389  911/389  651/389  463/389  347/389  303/389  331/389  431/389  603/389  847/389 1163/389  773/389  455/389  209/389]
[  35/389  -67/389  -97/389  -55/389   59/389  245/389  503/389  833/389  457/389  153/389  -79/389 -239/389 -327/389 -343/389 -287/389]
[-159/389   41/389  313/389  657/389 1073/389  783/389  565/389  419/389  345/389  343/389  413/389  555/389  769/389 1055/389 1413/389]
[1065/389  789/389  585/389  453/389  393/389  405/389  489/389  645/389  873/389 1173/389  767/389  433/389  171/389  -19/389 -137/389]
[-183/389 -157/389  -59/389  111/389  353/389  667/389 1053/389  733/389  485/389  309/389  205/389  173/389  213/389  325/389  509/389]
[ 765/389 1093/389 1493/389 1187/389  953/389  791/389  701/389  683/389  737/389  863/389 1061/389 1331/389  895/389  531/389  239/389]
[  19/389 -129/389 -205/389 -209/389 -141/389   -1/389  211/389  495/389  851/389  501/389  223/389   17/389 -117/389 -179/389 -169/389]
[ -87/389   67/389  293/389  591/389  961/389  625/389  361/389  169/389   49/389    1/389   25/389  121/389  289/389  529/389  841/389]
[1225/389  903/389  653/389  475/389  369/389  335/389  373/389  483/389  665/389  919/389 1245/389  865/389  557/389  321/389  157/389]
[  65/389   45/389   97/389  221/389  417/389  685/389 1025/389  659/389  365/389  143/389   -7/389  -85/389  -91/389  -25/389  113/389]
[ 323/389  605/389  959/389 1385/389 1105/389  897/389  761/389  697/389  705/389  785/389  937/389 1161/389 1457/389 1047/389  709/389]
[ 443/389  249/389  127/389   77/389   99/389  193/389  359/389  597/389  907/389  511/389  187/389  -65/389 -245/389 -353/389        0]
Testing obstruction for
m1: 20, m2: 24,a: 19
[      -1 -369/389 -309/389 -209/389  -69/389  111/389  331/389  591/389  891/389 1231/389 1611/389 1253/389  935/389  657/389  419/389]
[ 221/389   63/389  -55/389 -133/389 -171/389 -169/389 -127/389  -45/389   77/389  239/389  441/389  683/389  965/389 1287/389 1649/389]
[1273/389  937/389  641/389  385/389  169/389   -7/389 -143/389 -239/389 -295/389 -311/389 -287/389 -223/389 -119/389   25/389  209/389]
[ 433/389  697/389 1001/389 1345/389 1729/389 1375/389 1061/389  787/389  553/389  359/389  205/389   91/389   17/389  -17/389  -11/389]
[  35/389  121/389  247/389  413/389  619/389  865/389 1151/389 1477/389 1843/389 1471/389 1139/389  847/389  595/389  383/389  211/389]
[  79/389  -13/389  -65/389  -77/389  -49/389   19/389  127/389  275/389  463/389  691/389  959/389 1267/389 1615/389 2003/389 1653/389]
[1343/389 1073/389  843/389  653/389  503/389  393/389  323/389  293/389  303/389  353/389  443/389  573/389  743/389  953/389 1203/389]
[1493/389 1823/389 2193/389 1825/389 1497/389 1209/389  961/389  753/389  585/389  457/389  369/389  321/389  313/389  345/389  417/389]
[ 529/389  681/389  873/389 1105/389 1377/389 1689/389 2041/389 1655/389 1309/389 1003/389  737/389  511/389  325/389  179/389   73/389]
[   7/389  -19/389   -5/389   49/389  143/389  277/389  451/389  665/389  919/389 1213/389 1547/389 1921/389 1557/389 1233/389  949/389]
[ 705/389  501/389  337/389  213/389  129/389   85/389   81/389  117/389  193/389  309/389  465/389  661/389  897/389 1173/389 1489/389]
[1845/389 1463/389 1121/389  819/389  557/389  335/389  153/389   11/389  -91/389 -153/389 -175/389 -157/389  -99/389   -1/389  137/389]
[ 315/389  533/389  791/389 1089/389 1427/389 1805/389 1445/389 1125/389  845/389  605/389  405/389  245/389  125/389   45/389    5/389]
[   5/389   45/389  125/389  245/389  405/389  605/389  845/389 1125/389 1445/389 1805/389 1427/389 1089/389  791/389  533/389  315/389]
[ 137/389   -1/389  -99/389 -157/389 -175/389 -153/389  -91/389   11/389  153/389  335/389  557/389  819/389 1121/389 1463/389 1845/389]
[1489/389 1173/389  897/389  661/389  465/389  309/389  193/389  117/389   81/389   85/389  129/389  213/389  337/389  501/389  705/389]
[ 949/389 1233/389 1557/389 1921/389 1547/389 1213/389  919/389  665/389  451/389  277/389  143/389   49/389   -5/389  -19/389    7/389]
[  73/389  179/389  325/389  511/389  737/389 1003/389 1309/389 1655/389 2041/389 1689/389 1377/389 1105/389  873/389  681/389  529/389]
[ 417/389  345/389  313/389  321/389  369/389  457/389  585/389  753/389  961/389 1209/389 1497/389 1825/389 2193/389 1823/389 1493/389]
[1203/389  953/389  743/389  573/389  443/389  353/389  303/389  293/389  323/389  393/389  503/389  653/389  843/389 1073/389 1343/389]
[1653/389 2003/389 1615/389 1267/389  959/389  691/389  463/389  275/389  127/389   19/389  -49/389  -77/389  -65/389  -13/389   79/389]
[ 211/389  383/389  595/389  847/389 1139/389 1471/389 1843/389 1477/389 1151/389  865/389  619/389  413/389  247/389  121/389   35/389]
[ -11/389  -17/389   17/389   91/389  205/389  359/389  553/389  787/389 1061/389 1375/389 1729/389 1345/389 1001/389  697/389  433/389]
[ 209/389   25/389 -119/389 -223/389 -287/389 -311/389 -295/389 -239/389 -143/389   -7/389  169/389  385/389  641/389  937/389 1273/389]
[1649/389 1287/389  965/389  683/389  441/389  239/389   77/389  -45/389 -127/389 -169/389 -171/389 -133/389  -55/389   63/389  221/389]
[ 419/389  657/389  935/389 1253/389 1611/389 1231/389  891/389  591/389  331/389  111/389  -69/389 -209/389 -309/389 -369/389        0]
[-369/389, -309/389]
88 [-369/389, 469/389]
Testing obstruction for
m1: 98, m2: 98,a: 97
[      -1 -385/389 -373/389 -353/389 -325/389 -289/389 -245/389 -193/389 -133/389  -65/389   11/389   95/389  187/389  287/389  395/389]
[ 511/389  635/389  767/389  907/389 1055/389 1211/389 1375/389 1547/389 1727/389 1915/389 2111/389 2315/389 2527/389 2747/389 2975/389]
[3211/389 3455/389 3707/389 3967/389 4235/389 4511/389 4795/389 5087/389 5387/389 5695/389 6011/389 6335/389 6667/389 7007/389 7355/389]
[7711/389 8075/389 8447/389 8827/389 9215/389 8833/389 8459/389 8093/389 7735/389 7385/389 7043/389 6709/389 6383/389 6065/389 5755/389]
[5453/389 5159/389 4873/389 4595/389 4325/389 4063/389 3809/389 3563/389 3325/389 3095/389 2873/389 2659/389 2453/389 2255/389 2065/389]
[1883/389 1709/389 1543/389 1385/389 1235/389 1093/389  959/389  833/389  715/389  605/389  503/389  409/389  323/389  245/389  175/389]
[ 113/389   59/389   13/389  -25/389  -55/389  -77/389  -91/389  -97/389  -95/389  -85/389  -67/389  -41/389   -7/389   35/389   85/389]
[ 143/389  209/389  283/389  365/389  455/389  553/389  659/389  773/389  895/389 1025/389 1163/389 1309/389 1463/389 1625/389 1795/389]
[1973/389 2159/389 2353/389 2555/389 2765/389 2983/389 3209/389 3443/389 3685/389 3935/389 4193/389 4459/389 4733/389 5015/389 5305/389]
[5603/389 5909/389 6223/389 6545/389 6875/389 7213/389 7559/389 7913/389 8275/389 8645/389 9023/389 9409/389 9025/389 8649/389 8281/389]
[7921/389 7569/389 7225/389 6889/389 6561/389 6241/389 5929/389 5625/389 5329/389 5041/389 4761/389 4489/389 4225/389 3969/389 3721/389]
[3481/389 3249/389 3025/389 2809/389 2601/389 2401/389 2209/389 2025/389 1849/389 1681/389 1521/389 1369/389 1225/389 1089/389  961/389]
[ 841/389  729/389  625/389  529/389  441/389  361/389  289/389  225/389  169/389  121/389   81/389   49/389   25/389    9/389    1/389]
[   1/389    9/389   25/389   49/389   81/389  121/389  169/389  225/389  289/389  361/389  441/389  529/389  625/389  729/389  841/389]
[ 961/389 1089/389 1225/389 1369/389 1521/389 1681/389 1849/389 2025/389 2209/389 2401/389 2601/389 2809/389 3025/389 3249/389 3481/389]
[3721/389 3969/389 4225/389 4489/389 4761/389 5041/389 5329/389 5625/389 5929/389 6241/389 6561/389 6889/389 7225/389 7569/389 7921/389]
[8281/389 8649/389 9025/389 9409/389 9023/389 8645/389 8275/389 7913/389 7559/389 7213/389 6875/389 6545/389 6223/389 5909/389 5603/389]
[5305/389 5015/389 4733/389 4459/389 4193/389 3935/389 3685/389 3443/389 3209/389 2983/389 2765/389 2555/389 2353/389 2159/389 1973/389]
[1795/389 1625/389 1463/389 1309/389 1163/389 1025/389  895/389  773/389  659/389  553/389  455/389  365/389  283/389  209/389  143/389]
[  85/389   35/389   -7/389  -41/389  -67/389  -85/389  -95/389  -97/389  -91/389  -77/389  -55/389  -25/389   13/389   59/389  113/389]
[ 175/389  245/389  323/389  409/389  503/389  605/389  715/389  833/389  959/389 1093/389 1235/389 1385/389 1543/389 1709/389 1883/389]
[2065/389 2255/389 2453/389 2659/389 2873/389 3095/389 3325/389 3563/389 3809/389 4063/389 4325/389 4595/389 4873/389 5159/389 5453/389]
[5755/389 6065/389 6383/389 6709/389 7043/389 7385/389 7735/389 8093/389 8459/389 8833/389 9215/389 8827/389 8447/389 8075/389 7711/389]
[7355/389 7007/389 6667/389 6335/389 6011/389 5695/389 5387/389 5087/389 4795/389 4511/389 4235/389 3967/389 3707/389 3455/389 3211/389]
[2975/389 2747/389 2527/389 2315/389 2111/389 1915/389 1727/389 1547/389 1375/389 1211/389 1055/389  907/389  767/389  635/389  511/389]
[ 395/389  287/389  187/389   95/389   11/389  -65/389 -133/389 -193/389 -245/389 -289/389 -325/389 -353/389 -373/389 -385/389        0]
[-385/389, -373/389]
191 [-385/389, 405/389]
---------------------------
SUCCESS for name = 13a3963
---------------------------
13a3975
Correction terms
[      -1 -151/337 -267/337  -11/337  -57/337  269/337  293/337   15/337  109/337  -99/337   65/337  -73/337  161/337   93/337 -277/337]
[-275/337   99/337  171/337  -59/337   83/337  -77/337  135/337   45/337  327/337  307/337  -15/337   35/337 -217/337  -97/337 -279/337]
[ -89/337 -201/337   59/337   17/337  347/337  375/337  101/337  199/337   -5/337  163/337   29/337  267/337  203/337 -163/337 -157/337]
[-453/337 -377/337   71/337  217/337   61/337  277/337  191/337 -197/337 -213/337  143/337  197/337  -51/337   73/337 -105/337   89/337]
[ -19/337  245/337  207/337 -133/337 -101/337  303/337  405/337  205/337  377/337  247/337 -185/337 -245/337   67/337   77/337 -215/337]
[-135/337 -357/337 -207/337  315/337  535/337  453/337   69/337   57/337 -257/337 -199/337  231/337  359/337  185/337 -291/337 -395/337]
[-127/337 -161/337  177/337  213/337  -53/337   53/337 -143/337   33/337  -93/337  153/337   97/337 -261/337 -247/337  139/337  223/337]
[   5/337  159/337   11/337  235/337  157/337  451/337  443/337  133/337  195/337  -45/337   87/337  -83/337  119/337   19/337 -383/337]
[-413/337  -71/337  -31/337  381/337  491/337  299/337 -195/337 -317/337  -67/337 -119/337  201/337  219/337  -65/337   23/337 -191/337]
[ -33/337 -177/337   51/337  -23/337  275/337  271/337  -35/337   31/337 -205/337  -69/337 -235/337  -29/337 -125/337  151/337  125/337]
[-203/337 -159/337  257/337  371/337  183/337  367/337  249/337 -171/337 -219/337  105/337  127/337 -153/337  -61/337 -271/337 -109/337]
[-249/337  -17/337  -87/337  215/337  215/337  -87/337  -17/337 -249/337 -109/337 -271/337  -61/337 -153/337  127/337  105/337 -219/337]
[-171/337  249/337  367/337  183/337  371/337  257/337 -159/337 -203/337  125/337  151/337 -125/337  -29/337 -235/337  -69/337 -205/337]
[  31/337  -35/337  271/337  275/337  -23/337   51/337 -177/337  -33/337 -191/337   23/337  -65/337  219/337  201/337 -119/337  -67/337]
[-317/337 -195/337  299/337  491/337  381/337  -31/337  -71/337 -413/337 -383/337   19/337  119/337  -83/337   87/337  -45/337  195/337]
[ 133/337  443/337  451/337  157/337  235/337   11/337  159/337    5/337  223/337  139/337 -247/337 -261/337   97/337  153/337  -93/337]
[  33/337 -143/337   53/337  -53/337  213/337  177/337 -161/337 -127/337 -395/337 -291/337  185/337  359/337  231/337 -199/337 -257/337]
[  57/337   69/337  453/337  535/337  315/337 -207/337 -357/337 -135/337 -215/337   77/337   67/337 -245/337 -185/337  247/337  377/337]
[ 205/337  405/337  303/337 -101/337 -133/337  207/337  245/337  -19/337   89/337 -105/337   73/337  -51/337  197/337  143/337 -213/337]
[-197/337  191/337  277/337   61/337  217/337   71/337 -377/337 -453/337 -157/337 -163/337  203/337  267/337   29/337  163/337   -5/337]
[ 199/337  101/337  375/337  347/337   17/337   59/337 -201/337  -89/337 -279/337  -97/337 -217/337   35/337  -15/337  307/337  327/337]
[  45/337  135/337  -77/337   83/337  -59/337  171/337   99/337 -275/337 -277/337   93/337  161/337  -73/337   65/337  -99/337  109/337]
[  15/337  293/337  269/337  -57/337  -11/337 -267/337 -151/337        0        0        0        0        0        0        0        0]
Testing obstruction for
m1: 6, m2: 16,a: 1
[      -1 -315/337 -249/337 -139/337   15/337  213/337  455/337  741/337 1071/337  771/337  515/337  303/337  135/337   11/337  -69/337]
[-105/337  -97/337  -45/337   51/337  191/337  375/337  603/337  875/337 1191/337  877/337  607/337  381/337  199/337   61/337  -33/337]
[ -83/337  -89/337  -51/337   31/337  157/337  327/337  541/337  799/337 1101/337 1447/337 1163/337  923/337  727/337  575/337  467/337]
[ 403/337  383/337  407/337  475/337  587/337  743/337  943/337 1187/337 1475/337 1133/337  835/337  581/337  371/337  205/337   83/337]
[   5/337  -29/337  -19/337   35/337  133/337  275/337  461/337  691/337  965/337 1283/337  971/337  703/337  479/337  299/337  163/337]
[  71/337   23/337   19/337   59/337  143/337  271/337  443/337  659/337  919/337 1223/337  897/337  615/337  377/337  183/337   33/337]
[ -73/337 -135/337 -153/337 -127/337  -57/337   57/337  215/337  417/337  663/337  953/337 1287/337  991/337  739/337  531/337  367/337]
[ 247/337  171/337  139/337  151/337  207/337  307/337  451/337  639/337  871/337 1147/337 1467/337 1157/337  891/337  669/337  491/337]
[ 357/337  267/337  221/337  219/337  261/337  347/337  477/337  651/337  869/337 1131/337 1437/337 1113/337  833/337  597/337  405/337]
[ 257/337  153/337   93/337   77/337  105/337  177/337  293/337  453/337  657/337  905/337 1197/337  859/337  565/337  315/337  109/337]
[ -53/337 -171/337 -245/337 -275/337 -261/337 -203/337 -101/337   45/337  235/337  469/337  747/337 1069/337  761/337  497/337  277/337]
[ 101/337  -31/337 -119/337 -163/337 -163/337 -119/337  -31/337  101/337  277/337  497/337  761/337 1069/337  747/337  469/337  235/337]
[  45/337 -101/337 -203/337 -261/337 -275/337 -245/337 -171/337  -53/337  109/337  315/337  565/337  859/337 1197/337  905/337  657/337]
[ 453/337  293/337  177/337  105/337   77/337   93/337  153/337  257/337  405/337  597/337  833/337 1113/337 1437/337 1131/337  869/337]
[ 651/337  477/337  347/337  261/337  219/337  221/337  267/337  357/337  491/337  669/337  891/337 1157/337 1467/337 1147/337  871/337]
[ 639/337  451/337  307/337  207/337  151/337  139/337  171/337  247/337  367/337  531/337  739/337  991/337 1287/337  953/337  663/337]
[ 417/337  215/337   57/337  -57/337 -127/337 -153/337 -135/337  -73/337   33/337  183/337  377/337  615/337  897/337 1223/337  919/337]
[ 659/337  443/337  271/337  143/337   59/337   19/337   23/337   71/337  163/337  299/337  479/337  703/337  971/337 1283/337  965/337]
[ 691/337  461/337  275/337  133/337   35/337  -19/337  -29/337    5/337   83/337  205/337  371/337  581/337  835/337 1133/337 1475/337]
[1187/337  943/337  743/337  587/337  475/337  407/337  383/337  403/337  467/337  575/337  727/337  923/337 1163/337 1447/337 1101/337]
[ 799/337  541/337  327/337  157/337   31/337  -51/337  -89/337  -83/337  -33/337   61/337  199/337  381/337  607/337  877/337 1191/337]
[ 875/337  603/337  375/337  191/337   51/337  -45/337  -97/337 -105/337  -69/337   11/337  135/337  303/337  515/337  771/337 1071/337]
[ 741/337  455/337  213/337   15/337 -139/337 -249/337 -315/337        0        0        0        0        0        0        0        0]
Testing obstruction for
m1: 10, m2: 12,a: 5
[      -1 -299/337 -185/337    5/337  271/337  613/337 1031/337  851/337  747/337  719/337  767/337  891/337 1091/337  693/337  371/337]
[ 125/337  -45/337 -139/337 -157/337  -99/337   35/337  245/337  531/337  893/337  657/337  497/337  413/337  405/337  473/337  617/337]
[ 837/337  459/337  157/337  -69/337 -219/337 -293/337 -291/337 -213/337  -59/337  171/337  477/337  859/337  643/337  503/337  439/337]
[ 451/337  539/337  703/337  943/337  585/337  303/337   97/337  -33/337  -87/337  -65/337   33/337  207/337  457/337  783/337  511/337]
[ 315/337  195/337  151/337  183/337  291/337  475/337  735/337  397/337  135/337  -51/337 -161/337 -195/337 -153/337  -35/337  159/337]
[ 429/337  775/337  523/337  347/337  247/337  223/337  275/337  403/337  607/337  887/337  569/337  327/337  161/337   71/337   57/337]
[ 119/337  257/337  471/337  761/337  453/337  221/337   65/337  -15/337  -19/337   53/337  201/337  425/337  725/337  427/337  205/337]
[  59/337  -11/337   -5/337   77/337  235/337  469/337  779/337  491/337  279/337  143/337   83/337   99/337  191/337  359/337  603/337]
[ 923/337  645/337  443/337  317/337  267/337  293/337  395/337  573/337  827/337  483/337  215/337   23/337  -93/337 -133/337  -97/337]
[  15/337  203/337  467/337  807/337  549/337  367/337  261/337  231/337  277/337  399/337  597/337  871/337  547/337  299/337  127/337]
[  31/337   11/337   67/337  199/337  407/337  691/337 1051/337  813/337  651/337  565/337  555/337  621/337  763/337  981/337  601/337]
[ 297/337   69/337  -83/337 -159/337 -159/337  -83/337   69/337  297/337  601/337  981/337  763/337  621/337  555/337  565/337  651/337]
[ 813/337 1051/337  691/337  407/337  199/337   67/337   11/337   31/337  127/337  299/337  547/337  871/337  597/337  399/337  277/337]
[ 231/337  261/337  367/337  549/337  807/337  467/337  203/337   15/337  -97/337 -133/337  -93/337   23/337  215/337  483/337  827/337]
[ 573/337  395/337  293/337  267/337  317/337  443/337  645/337  923/337  603/337  359/337  191/337   99/337   83/337  143/337  279/337]
[ 491/337  779/337  469/337  235/337   77/337   -5/337  -11/337   59/337  205/337  427/337  725/337  425/337  201/337   53/337  -19/337]
[ -15/337   65/337  221/337  453/337  761/337  471/337  257/337  119/337   57/337   71/337  161/337  327/337  569/337  887/337  607/337]
[ 403/337  275/337  223/337  247/337  347/337  523/337  775/337  429/337  159/337  -35/337 -153/337 -195/337 -161/337  -51/337  135/337]
[ 397/337  735/337  475/337  291/337  183/337  151/337  195/337  315/337  511/337  783/337  457/337  207/337   33/337  -65/337  -87/337]
[ -33/337   97/337  303/337  585/337  943/337  703/337  539/337  451/337  439/337  503/337  643/337  859/337  477/337  171/337  -59/337]
[-213/337 -291/337 -293/337 -219/337  -69/337  157/337  459/337  837/337  617/337  473/337  405/337  413/337  497/337  657/337  893/337]
[ 531/337  245/337   35/337  -99/337 -157/337 -139/337  -45/337  125/337  371/337  693/337 1091/337  891/337  767/337  719/337  747/337]
[ 851/337 1031/337  613/337  271/337    5/337 -185/337 -299/337        0        0        0        0        0        0        0        0]
---------------------------
SUCCESS for name = 13a3975
---------------------------
13a3976
Correction terms
[      -1 -147/281  255/281 -199/281  177/281  259/281   47/281  103/281 -135/281 -105/281 -369/281  197/281  -93/281 -115/281  131/281]
[  83/281  303/281  229/281 -139/281 -239/281  -71/281 -197/281  -55/281 -207/281  -91/281  293/281  383/281  179/281 -319/281   13/281]
[  51/281 -205/281 -193/281   87/281   73/281  327/281  287/281  -47/281 -113/281   89/281   -3/281 -389/281   55/281  205/281   61/281]
[ 185/281   15/281  113/281  -83/281  -11/281 -233/281 -187/281  127/281  147/281 -127/281 -133/281  129/281   97/281  333/281 -287/281]
[ -77/281 -161/281   23/281  -87/281   71/281  -65/281   67/281  467/281   11/281 -177/281  -97/281  251/281 -257/281   65/281   93/281]
[-173/281  391/281   99/281   75/281 -243/281  269/281  -75/281 -151/281   41/281  -61/281  105/281  -23/281  117/281  -37/281   77/281]
[-103/281  -15/281 -221/281 -159/281  171/281  207/281  -51/281  -41/281  237/281  221/281  -89/281 -131/281   95/281   27/281  227/281]
[ 133/281 -255/281  187/281  335/281  189/281 -251/281  139/281  235/281   37/281  107/281 -117/281  -73/281  239/281  257/281  -19/281]
[ -27/281  233/281  199/281 -129/281 -189/281   19/281  -67/281  115/281    3/281  159/281   21/281  151/281  -13/281   91/281  -99/281]
[ -21/281  325/281 -185/281  135/281  161/281 -107/281 -107/281  161/281  135/281 -185/281  325/281  -21/281  -99/281   91/281  -13/281]
[ 151/281   21/281  159/281    3/281  115/281  -67/281   19/281 -189/281 -129/281  199/281  233/281  -27/281  -19/281  257/281  239/281]
[ -73/281 -117/281  107/281   37/281  235/281  139/281 -251/281  189/281  335/281  187/281 -255/281  133/281  227/281   27/281   95/281]
[-131/281  -89/281  221/281  237/281  -41/281  -51/281  207/281  171/281 -159/281 -221/281  -15/281 -103/281   77/281  -37/281  117/281]
[ -23/281  105/281  -61/281   41/281 -151/281  -75/281  269/281 -243/281   75/281   99/281  391/281 -173/281   93/281   65/281 -257/281]
[ 251/281  -97/281 -177/281   11/281  467/281   67/281  -65/281   71/281  -87/281   23/281 -161/281  -77/281 -287/281  333/281   97/281]
[ 129/281 -133/281 -127/281  147/281  127/281 -187/281 -233/281  -11/281  -83/281  113/281   15/281  185/281   61/281  205/281   55/281]
[-389/281   -3/281   89/281 -113/281  -47/281  287/281  327/281   73/281   87/281 -193/281 -205/281   51/281   13/281 -319/281  179/281]
[ 383/281  293/281  -91/281 -207/281  -55/281 -197/281  -71/281 -239/281 -139/281  229/281  303/281   83/281  131/281 -115/281  -93/281]
[ 197/281 -369/281 -105/281 -135/281  103/281   47/281  259/281  177/281 -199/281  255/281 -147/281        0        0        0        0]
Testing obstruction for
m1: 2, m2: 48,a: 1
[      -1 -275/281 -257/281 -227/281 -185/281 -131/281  -65/281   13/281  103/281  205/281  319/281  445/281  583/281  733/281  895/281]
[1069/281 1255/281 1453/281 1663/281 1885/281 2119/281 2365/281 2623/281 2893/281 3175/281 2907/281 2651/281 2407/281 2175/281 1955/281]
[1747/281 1551/281 1367/281 1195/281 1035/281  887/281  751/281  627/281  515/281  415/281  327/281  251/281  187/281  135/281   95/281]
[  67/281   51/281   47/281   55/281   75/281  107/281  151/281  207/281  275/281  355/281  447/281  551/281  667/281  795/281  935/281]
[1087/281 1251/281 1427/281 1615/281 1815/281 2027/281 2251/281 2487/281 2735/281 2995/281 3267/281 2989/281 2723/281 2469/281 2227/281]
[1997/281 1779/281 1573/281 1379/281 1197/281 1027/281  869/281  723/281  589/281  467/281  357/281  259/281  173/281   99/281   37/281]
[ -13/281  -51/281  -77/281  -91/281  -93/281  -83/281  -61/281  -27/281   19/281   77/281  147/281  229/281  323/281  429/281  547/281]
[ 677/281  819/281  973/281 1139/281 1317/281 1507/281 1709/281 1923/281 2149/281 2387/281 2637/281 2899/281 3173/281 2897/281 2633/281]
[2381/281 2141/281 1913/281 1697/281 1493/281 1301/281 1121/281  953/281  797/281  653/281  521/281  401/281  293/281  197/281  113/281]
[  41/281  -19/281  -67/281 -103/281 -127/281 -139/281 -139/281 -127/281 -103/281  -67/281  -19/281   41/281  113/281  197/281  293/281]
[ 401/281  521/281  653/281  797/281  953/281 1121/281 1301/281 1493/281 1697/281 1913/281 2141/281 2381/281 2633/281 2897/281 3173/281]
[2899/281 2637/281 2387/281 2149/281 1923/281 1709/281 1507/281 1317/281 1139/281  973/281  819/281  677/281  547/281  429/281  323/281]
[ 229/281  147/281   77/281   19/281  -27/281  -61/281  -83/281  -93/281  -91/281  -77/281  -51/281  -13/281   37/281   99/281  173/281]
[ 259/281  357/281  467/281  589/281  723/281  869/281 1027/281 1197/281 1379/281 1573/281 1779/281 1997/281 2227/281 2469/281 2723/281]
[2989/281 3267/281 2995/281 2735/281 2487/281 2251/281 2027/281 1815/281 1615/281 1427/281 1251/281 1087/281  935/281  795/281  667/281]
[ 551/281  447/281  355/281  275/281  207/281  151/281  107/281   75/281   55/281   47/281   51/281   67/281   95/281  135/281  187/281]
[ 251/281  327/281  415/281  515/281  627/281  751/281  887/281 1035/281 1195/281 1367/281 1551/281 1747/281 1955/281 2175/281 2407/281]
[2651/281 2907/281 3175/281 2893/281 2623/281 2365/281 2119/281 1885/281 1663/281 1453/281 1255/281 1069/281  895/281  733/281  583/281]
[ 445/281  319/281  205/281  103/281   13/281  -65/281 -131/281 -185/281 -227/281 -257/281 -275/281        0        0        0        0]
Testing obstruction for
m1: 8, m2: 10,a: 1
[      -1 -251/281 -161/281  -11/281  199/281  469/281  237/281   65/281  -47/281  -99/281  -91/281  -23/281  105/281  293/281  541/281]
[ 287/281   93/281  -41/281 -115/281 -129/281  -83/281   23/281  189/281  415/281  701/281  485/281  329/281  233/281  197/281  221/281]
[ 305/281  449/281  653/281  917/281  679/281  501/281  383/281  325/281  327/281  389/281  511/281  693/281  935/281  675/281  475/281]
[ 335/281  255/281  235/281  275/281  375/281  535/281  755/281  473/281  251/281   89/281  -13/281  -55/281  -37/281   41/281  179/281]
[ 377/281  635/281  391/281  207/281   83/281   19/281   15/281   71/281  187/281  363/281  599/281  333/281  127/281  -19/281 -105/281]
[-131/281  -97/281   -3/281  151/281  365/281  639/281  411/281  243/281  135/281   87/281   99/281  171/281  303/281  495/281  747/281]
[ 497/281  307/281  177/281  107/281   97/281  147/281  257/281  427/281  657/281  947/281  735/281  583/281  491/281  459/281  487/281]
[ 575/281  723/281  931/281  637/281  403/281  229/281  115/281   61/281   67/281  133/281  259/281  445/281  691/281  435/281  239/281]
[ 103/281   27/281   11/281   55/281  159/281  323/281  547/281  269/281   51/281 -107/281 -205/281 -243/281 -221/281 -139/281    3/281]
[ 205/281  467/281  227/281   47/281  -73/281 -133/281 -133/281  -73/281   47/281  227/281  467/281  205/281    3/281 -139/281 -221/281]
[-243/281 -205/281 -107/281   51/281  269/281  547/281  323/281  159/281   55/281   11/281   27/281  103/281  239/281  435/281  691/281]
[ 445/281  259/281  133/281   67/281   61/281  115/281  229/281  403/281  637/281  931/281  723/281  575/281  487/281  459/281  491/281]
[ 583/281  735/281  947/281  657/281  427/281  257/281  147/281   97/281  107/281  177/281  307/281  497/281  747/281  495/281  303/281]
[ 171/281   99/281   87/281  135/281  243/281  411/281  639/281  365/281  151/281   -3/281  -97/281 -131/281 -105/281  -19/281  127/281]
[ 333/281  599/281  363/281  187/281   71/281   15/281   19/281   83/281  207/281  391/281  635/281  377/281  179/281   41/281  -37/281]
[ -55/281  -13/281   89/281  251/281  473/281  755/281  535/281  375/281  275/281  235/281  255/281  335/281  475/281  675/281  935/281]
[ 693/281  511/281  389/281  327/281  325/281  383/281  501/281  679/281  917/281  653/281  449/281  305/281  221/281  197/281  233/281]
[ 329/281  485/281  701/281  415/281  189/281   23/281  -83/281 -129/281 -115/281  -41/281   93/281  287/281  541/281  293/281  105/281]
[ -23/281  -91/281  -99/281  -47/281   65/281  237/281  469/281  199/281  -11/281 -161/281 -251/281        0        0        0        0]
Unobstructed
110
---------------------------
---------------------------
