13a1503
Correction terms
[      -1   73/233   59/233 -275/233    3/233  -39/233   65/233 -151/233 -221/233 -145/233   77/233  -21/233   27/233 -245/233   95/233]
[-351/233 -185/233  127/233  119/233 -209/233   75/233   39/233 -317/233  -61/233 -125/233  -43/233  185/233   93/233 -319/233 -119/233]
[-239/233 -213/233  -41/233  277/233 -191/233  -47/233 -223/233 -253/233 -137/233  125/233   67/233  155/233  -77/233 -163/233 -103/233]
[ 103/233  -11/233   21/233  199/233   57/233 -405/233 -255/233   41/233   17/233  139/233  -59/233 -111/233  -17/233 -243/233 -323/233]
[ 209/233  -45/233 -153/233 -115/233   69/233  -67/233  -57/233   99/233  -65/233  -83/233   45/233 -147/233 -193/233  -93/233 -313/233]
[  79/233  151/233  -97/233 -199/233 -155/233   35/233  -95/233  -79/233   83/233  -75/233  -87/233   47/233 -139/233 -179/233  -73/233]
[-287/233  111/233  189/233  -53/233 -149/233  -99/233 -369/233  -27/233   -5/233  163/233   11/233    5/233 -321/233  -35/233  -69/233]
[  43/233 -165/233  239/233 -143/233 -379/233   -3/233   53/233 -211/233  137/233  165/233 -127/233 -273/233 -273/233 -127/233  165/233]
[ 137/233 -211/233   53/233   -3/233 -379/233 -143/233  239/233 -165/233   43/233  -69/233  -35/233 -321/233    5/233   11/233  163/233]
[  -5/233  -27/233 -369/233  -99/233 -149/233  -53/233  189/233  111/233 -287/233  -73/233 -179/233 -139/233   47/233  -87/233  -75/233]
[  83/233  -79/233  -95/233   35/233 -155/233 -199/233  -97/233  151/233   79/233 -313/233  -93/233 -193/233 -147/233   45/233  -83/233]
[ -65/233   99/233  -57/233  -67/233   69/233 -115/233 -153/233  -45/233  209/233 -323/233 -243/233  -17/233 -111/233  -59/233  139/233]
[  17/233   41/233 -255/233 -405/233   57/233  199/233   21/233  -11/233  103/233 -103/233 -163/233  -77/233  155/233   67/233  125/233]
[-137/233 -253/233 -223/233  -47/233 -191/233  277/233  -41/233 -213/233 -239/233 -119/233 -319/233   93/233  185/233  -43/233 -125/233]
[ -61/233 -317/233   39/233   75/233 -209/233  119/233  127/233 -185/233 -351/233   95/233 -245/233   27/233  -21/233   77/233 -145/233]
[-221/233 -151/233   65/233  -39/233    3/233 -275/233   59/233   73/233        0        0        0        0        0        0        0]
Testing obstruction for
m1: 2, m2: 40,a: 1
[      -1 -227/233 -209/233 -179/233 -137/233  -83/233  -17/233   61/233  151/233  253/233  367/233  493/233  631/233  781/233  943/233]
[1117/233 1303/233 1501/233 1711/233 1933/233 2167/233 1947/233 1739/233 1543/233 1359/233 1187/233 1027/233  879/233  743/233  619/233]
[ 507/233  407/233  319/233  243/233  179/233  127/233   87/233   59/233   43/233   39/233   47/233   67/233   99/233  143/233  199/233]
[ 267/233  347/233  439/233  543/233  659/233  787/233  927/233 1079/233 1243/233 1419/233 1607/233 1807/233 2019/233 2243/233 2013/233]
[1795/233 1589/233 1395/233 1213/233 1043/233  885/233  739/233  605/233  483/233  373/233  275/233  189/233  115/233   53/233    3/233]
[ -35/233  -61/233  -75/233  -77/233  -67/233  -45/233  -11/233   35/233   93/233  163/233  245/233  339/233  445/233  563/233  693/233]
[ 835/233  989/233 1155/233 1333/233 1523/233 1725/233 1939/233 2165/233 1937/233 1721/233 1517/233 1325/233 1145/233  977/233  821/233]
[ 677/233  545/233  425/233  317/233  221/233  137/233   65/233    5/233  -43/233  -79/233 -103/233 -115/233 -115/233 -103/233  -79/233]
[ -43/233    5/233   65/233  137/233  221/233  317/233  425/233  545/233  677/233  821/233  977/233 1145/233 1325/233 1517/233 1721/233]
[1937/233 2165/233 1939/233 1725/233 1523/233 1333/233 1155/233  989/233  835/233  693/233  563/233  445/233  339/233  245/233  163/233]
[  93/233   35/233  -11/233  -45/233  -67/233  -77/233  -75/233  -61/233  -35/233    3/233   53/233  115/233  189/233  275/233  373/233]
[ 483/233  605/233  739/233  885/233 1043/233 1213/233 1395/233 1589/233 1795/233 2013/233 2243/233 2019/233 1807/233 1607/233 1419/233]
[1243/233 1079/233  927/233  787/233  659/233  543/233  439/233  347/233  267/233  199/233  143/233   99/233   67/233   47/233   39/233]
[  43/233   59/233   87/233  127/233  179/233  243/233  319/233  407/233  507/233  619/233  743/233  879/233 1027/233 1187/233 1359/233]
[1543/233 1739/233 1947/233 2167/233 1933/233 1711/233 1501/233 1303/233 1117/233  943/233  781/233  631/233  493/233  367/233  253/233]
[ 151/233   61/233  -17/233  -83/233 -137/233 -179/233 -209/233 -227/233        0        0        0        0        0        0        0]
Testing obstruction for
m1: 6, m2: 14,a: 4
[      -1 -211/233 -145/233  -35/233  119/233  317/233  559/233  379/233  243/233  151/233  103/233   99/233  139/233  223/233  351/233]
[ 523/233  739/233  533/233  371/233  253/233  179/233  149/233  163/233  221/233  323/233  469/233  659/233  427/233  239/233   95/233]
[  -5/233  -61/233  -73/233  -41/233   35/233  155/233  319/233  527/233  313/233  143/233   17/233  -65/233 -103/233  -97/233  -47/233]
[  47/233  185/233  367/233  593/233  397/233  245/233  137/233   73/233   53/233   77/233  145/233  257/233  413/233  613/233  391/233]
[ 213/233   79/233  -11/233  -57/233  -59/233  -17/233   69/233  199/233  373/233  591/233  387/233  227/233  111/233   39/233   11/233]
[  27/233   87/233  191/233  339/233  531/233  301/233  115/233  -27/233 -125/233 -179/233 -189/233 -155/233  -77/233   45/233  211/233]
[ 421/233  675/233  507/233  383/233  303/233  267/233  275/233  327/233  423/233  563/233  747/233  509/233  315/233  165/233   59/233]
[  -3/233  -21/233    5/233   75/233  189/233  347/233  549/233  329/233  153/233   21/233  -67/233 -111/233 -111/233  -67/233   21/233]
[ 153/233  329/233  549/233  347/233  189/233   75/233    5/233  -21/233   -3/233   59/233  165/233  315/233  509/233  747/233  563/233]
[ 423/233  327/233  275/233  267/233  303/233  383/233  507/233  675/233  421/233  211/233   45/233  -77/233 -155/233 -189/233 -179/233]
[-125/233  -27/233  115/233  301/233  531/233  339/233  191/233   87/233   27/233   11/233   39/233  111/233  227/233  387/233  591/233]
[ 373/233  199/233   69/233  -17/233  -59/233  -57/233  -11/233   79/233  213/233  391/233  613/233  413/233  257/233  145/233   77/233]
[  53/233   73/233  137/233  245/233  397/233  593/233  367/233  185/233   47/233  -47/233  -97/233 -103/233  -65/233   17/233  143/233]
[ 313/233  527/233  319/233  155/233   35/233  -41/233  -73/233  -61/233   -5/233   95/233  239/233  427/233  659/233  469/233  323/233]
[ 221/233  163/233  149/233  179/233  253/233  371/233  533/233  739/233  523/233  351/233  223/233  139/233   99/233  103/233  151/233]
[ 243/233  379/233  559/233  317/233  119/233  -35/233 -145/233 -211/233        0        0        0        0        0        0        0]
[-211/233, -145/233, -35/233, 119/233, 317/233, 559/233, 379/233, 243/233, 151/233, 103/233, 99/233, 139/233, 223/233, 351/233, 523/233, 739/233, 533/233, 371/233, 253/233, 179/233, 149/233, 163/233, 221/233, 323/233, 469/233, 659/233, 427/233, 239/233, 95/233, -5/233, -61/233, -73/233, -41/233, 35/233, 155/233, 319/233, 527/233, 313/233, 143/233, 17/233, -65/233, -103/233, -97/233, -47/233, 47/233, 185/233, 367/233, 593/233, 397/233, 245/233, 137/233, 73/233, 53/233, 77/233, 145/233, 257/233, 413/233, 613/233, 391/233, 213/233, 79/233, -11/233, -57/233, -59/233, -17/233, 69/233, 199/233, 373/233, 591/233, 387/233, 227/233, 111/233, 39/233, 11/233, 27/233, 87/233, 191/233, 339/233, 531/233, 301/233, 115/233, -27/233, -125/233, -179/233, -189/233]
112 [-211/233, -145/233, -35/233, 119/233, -149/233, 93/233, -87/233, -223/233, 151/233, 103/233, 99/233, 139/233, -243/233, -115/233, 57/233, -193/233, 67/233, -95/233, -213/233, -287/233, -317/233, 163/233, -245/233, -143/233, 3/233, -273/233, -39/233, 239/233, 95/233, -5/233, -61/233, -73/233, -41/233, 35/233, 155/233, -147/233, -405/233, -153/233, -323/233, 17/233, -65/233, -103/233, -97/233, -47/233, 47/233, 185/233, -99/233, 127/233, -69/233, -221/233, 137/233, 73/233, 53/233, 77/233, -321/233, -209/233, -53/233, -319/233, -75/233, -253/233, 79/233, -11/233, -57/233, -59/233, -17/233, 69/233, 199/233, -93/233, 125/233, -79/233, -239/233, 111/233, 39/233, 11/233, 27/233, -379/233, -275/233, -127/233, 65/233, -165/233, -351/233, -27/233, -125/233, -179/233, 277/233]
Testing obstruction for
m1: 20, m2: 22,a: 19
[      -1 -221/233 -185/233 -125/233  -41/233   67/233  199/233  355/233  535/233  739/233  967/233  753/233  563/233  397/233  255/233]
[ 137/233   43/233  -27/233  -73/233  -95/233  -93/233  -67/233  -17/233   57/233  155/233  277/233  423/233  593/233  787/233 1005/233]
[ 781/233  581/233  405/233  253/233  125/233   21/233  -59/233 -115/233 -147/233 -155/233 -139/233  -99/233  -35/233   53/233  165/233]
[ 301/233  461/233  645/233  853/233 1085/233  875/233  689/233  527/233  389/233  275/233  185/233  119/233   77/233   59/233   65/233]
[  95/233  149/233  227/233  329/233  455/233  605/233  779/233  977/233 1199/233  979/233  783/233  611/233  463/233  339/233  239/233]
[ 163/233  111/233   83/233   79/233   99/233  143/233  211/233  303/233  419/233  559/233  723/233  911/233 1123/233  893/233  687/233]
[ 505/233  347/233  213/233  103/233   17/233  -45/233  -83/233  -97/233  -87/233  -53/233    5/233   87/233  193/233  323/233  477/233]
[ 655/233  857/233 1083/233  867/233  675/233  507/233  363/233  243/233  147/233   75/233   27/233    3/233    3/233   27/233   75/233]
[ 147/233  243/233  363/233  507/233  675/233  867/233 1083/233  857/233  655/233  477/233  323/233  193/233   87/233    5/233  -53/233]
[ -87/233  -97/233  -83/233  -45/233   17/233  103/233  213/233  347/233  505/233  687/233  893/233 1123/233  911/233  723/233  559/233]
[ 419/233  303/233  211/233  143/233   99/233   79/233   83/233  111/233  163/233  239/233  339/233  463/233  611/233  783/233  979/233]
[1199/233  977/233  779/233  605/233  455/233  329/233  227/233  149/233   95/233   65/233   59/233   77/233  119/233  185/233  275/233]
[ 389/233  527/233  689/233  875/233 1085/233  853/233  645/233  461/233  301/233  165/233   53/233  -35/233  -99/233 -139/233 -155/233]
[-147/233 -115/233  -59/233   21/233  125/233  253/233  405/233  581/233  781/233 1005/233  787/233  593/233  423/233  277/233  155/233]
[  57/233  -17/233  -67/233  -93/233  -95/233  -73/233  -27/233   43/233  137/233  255/233  397/233  563/233  753/233  967/233  739/233]
[ 535/233  355/233  199/233   67/233  -41/233 -125/233 -185/233 -221/233        0        0        0        0        0        0        0]
Unobstructed
8
---------------------------
---------------------------
13a1541
Correction terms
[      -1 -427/345   17/345   99/115 -277/345   -65/69   51/115 -223/345  -73/345  -29/115   -53/69   83/345   89/115 -403/345 -547/345]
[  -11/23   53/345  107/345   -1/115 -277/345    -5/69   21/115  -13/345   -11/15   11/115    31/69  113/345  -31/115 -463/345 -307/345]
[  -21/23  203/345 -133/345   19/115   83/345   -11/69 -119/115 -133/345  -73/345  -59/115    49/69 -187/345  -31/115 -163/345 -397/345]
[   -7/23     1/15  -13/345  -71/115  113/345   -83/69 -139/115  107/345 -223/345   -9/115     1/69 -127/345 -141/115 -193/345 -127/345]
[  -15/23  203/345 -223/345  -41/115 -187/345   -83/69  -39/115   17/345  -13/345     -3/5    25/69 -397/345 -131/115  137/345 -187/345]
[    1/23   53/345  -73/345 -121/115 -127/345   -11/69  -49/115  287/345 -133/345   -9/115   -17/69 -307/345   -1/115  137/345  113/345]
[   -5/23  263/345   -11/15  -81/115 -397/345    -5/69   61/115  227/345  107/345  -59/115    13/69  143/345   19/115 -193/345   83/345]
[   13/23  143/345  -73/345 -151/115 -307/345    73/69   61/115 -163/345   17/345   11/115     -1/3  263/345  -71/115 -163/345  413/345]
[    9/23 -307/345 -223/345 -101/115  143/345    85/69  -49/115 -193/345  287/345  -29/115    13/69   53/345  -41/115  227/345  413/345]
[  -17/23 -397/345  -13/345      3/5  263/345    31/69  -39/115  137/345  227/345   51/115   -17/69  203/345  109/115  287/345   83/345]
[  -19/23 -127/345 -133/345  129/115   53/345    49/69   91/115  137/345 -163/345   21/115    25/69     1/15  149/115   17/345  113/345]
[    3/23 -187/345  107/345   79/115  203/345     1/69  111/115 -193/345 -193/345  111/115     1/69  203/345   79/115  107/345 -187/345]
[    3/23  113/345   17/345  149/115     1/15    25/69   21/115 -163/345  137/345   91/115    49/69   53/345  129/115 -133/345 -127/345]
[  -19/23   83/345  287/345  109/115  203/345   -17/69   51/115  227/345  137/345  -39/115    31/69  263/345      3/5  -13/345 -397/345]
[  -17/23  413/345  227/345  -41/115   53/345    13/69  -29/115  287/345 -193/345  -49/115    85/69  143/345 -101/115 -223/345 -307/345]
[    9/23  413/345 -163/345  -71/115  263/345     -1/3   11/115   17/345 -163/345   61/115    73/69 -307/345 -151/115  -73/345  143/345]
[   13/23   83/345 -193/345   19/115  143/345    13/69  -59/115  107/345  227/345   61/115    -5/69 -397/345  -81/115   -11/15  263/345]
[   -5/23  113/345  137/345   -1/115 -307/345   -17/69   -9/115 -133/345  287/345  -49/115   -11/69 -127/345 -121/115  -73/345   53/345]
[    1/23 -187/345  137/345 -131/115 -397/345    25/69     -3/5  -13/345   17/345  -39/115   -83/69 -187/345  -41/115 -223/345  203/345]
[  -15/23 -127/345 -193/345 -141/115 -127/345     1/69   -9/115 -223/345  107/345 -139/115   -83/69  113/345  -71/115  -13/345     1/15]
[   -7/23 -397/345 -163/345  -31/115 -187/345    49/69  -59/115  -73/345 -133/345 -119/115   -11/69   83/345   19/115 -133/345  203/345]
[  -21/23 -307/345 -463/345  -31/115  113/345    31/69   11/115   -11/15  -13/345   21/115    -5/69 -277/345   -1/115  107/345   53/345]
[  -11/23 -547/345 -403/345   89/115   83/345   -53/69  -29/115  -73/345 -223/345   51/115   -65/69 -277/345   99/115   17/345 -427/345]
[       0        0        0        0        0        0        0        0        0        0        0        0        0        0        0]
Testing obstruction for
m1: 2, m2: 58,a: 0
[      -1 -109/345  -91/345  -97/115  -19/345     7/69  -43/115  179/345  269/345   47/115    97/69  611/345  173/115  899/345 1061/345]
[   67/23 1421/345 1619/345  533/115 2051/345   457/69  767/115 2789/345   133/15 1037/115   727/69 3941/345 1343/115 4589/345 4931/345]
[  291/23 4271/345 3959/345 1143/115 3371/345   619/69  867/115 2579/345 2339/345  627/115   379/69 1691/345  423/115 1319/345 1151/345]
[   51/23    37/15  719/345  123/115  491/345    79/69   27/115  239/345  179/345  -33/115    19/69   71/345  -57/115   59/345   71/345]
[   -9/23  131/345  179/345    3/115  311/345    79/69   87/115  599/345  719/345      9/5   199/69 1151/345  363/115 1499/345 1691/345]
[  111/23 2111/345 2339/345  783/115 2831/345   619/69 1047/115 3659/345 3959/345 1347/115   919/69 4931/345 1453/115 4259/345 3941/345]
[  227/23 3341/345   133/15  853/115 2531/345   457/69  607/115 1829/345 1619/345  397/115   247/69 1061/345  223/115  749/345  611/345]
[   17/23  371/345  269/345  -17/115  101/345     7/69  -83/115  -61/345  -91/345 -113/115     -1/3 -109/345 -107/115  -61/345  -19/345]
[  -13/23  101/345  179/345   13/115  371/345    97/69  127/115  749/345  899/345  277/115   247/69 1421/345  463/115 1829/345 2051/345]
[  137/23 2531/345 2789/345     41/5 3341/345   727/69 1237/115 4259/345 4589/345 1567/115   919/69 4271/345 1243/115 3659/345 3371/345]
[  191/23 2831/345 2579/345  703/115 2111/345   379/69  487/115 1499/345 1319/345  307/115   199/69    37/15  163/115  599/345  491/345]
[   11/23  311/345  239/345  -17/115  131/345    19/69  -53/115   59/345   59/345  -53/115    19/69  131/345  -17/115  239/345  311/345]
[   11/23  491/345  599/345  163/115    37/15   199/69  307/115 1319/345 1499/345  487/115   379/69 2111/345  703/115 2579/345 2831/345]
[  191/23 3371/345 3659/345 1243/115 4271/345   919/69 1567/115 4589/345 4259/345 1237/115   727/69 3341/345     41/5 2789/345 2531/345]
[  137/23 2051/345 1829/345  463/115 1421/345   247/69  277/115  899/345  749/345  127/115    97/69  371/345   13/115  179/345  101/345]
[  -13/23  -19/345  -61/345 -107/115 -109/345     -1/3 -113/115  -91/345  -61/345  -83/115     7/69  101/345  -17/115  269/345  371/345]
[   17/23  611/345  749/345  223/115 1061/345   247/69  397/115 1619/345 1829/345  607/115   457/69 2531/345  853/115   133/15 3341/345]
[  227/23 3941/345 4259/345 1453/115 4931/345   919/69 1347/115 3959/345 3659/345 1047/115   619/69 2831/345  783/115 2339/345 2111/345]
[  111/23 1691/345 1499/345  363/115 1151/345   199/69      9/5  719/345  599/345   87/115    79/69  311/345    3/115  179/345  131/345]
[   -9/23   71/345   59/345  -57/115   71/345    19/69  -33/115  179/345  239/345   27/115    79/69  491/345  123/115  719/345    37/15]
[   51/23 1151/345 1319/345  423/115 1691/345   379/69  627/115 2339/345 2579/345  867/115   619/69 3371/345 1143/115 3959/345 4271/345]
[  291/23 4931/345 4589/345 1343/115 3941/345   727/69 1037/115   133/15 2789/345  767/115   457/69 2051/345  533/115 1619/345 1421/345]
[   67/23 1061/345  899/345  173/115  611/345    97/69   47/115  269/345  179/345  -43/115     7/69  -19/345  -97/115  -91/345 -109/345]
[       0        0        0        0        0        0        0        0        0        0        0        0        0        0        0]
Testing obstruction for
m1: 8, m2: 12,a: 0
[      -1 -269/345  -41/345  113/115  871/345   173/69  337/115  619/345  379/345   97/115    71/69  571/345   83/115   79/345   61/345]
[   13/23  481/345  919/345  273/115  871/345    77/69   17/115 -131/345    -7/15  -13/115    47/69  661/345  183/115  589/345  781/345]
[   29/23  241/345  199/345  103/115  571/345    59/69   57/115  199/345  379/345  237/115   239/69 1141/345  183/115  109/345 -179/345]
[  -21/23   -13/15 -131/345   63/115  661/345   119/69  227/115  919/345  619/345  157/115    95/69  631/345   83/115   19/345  -59/345]
[    1/23  241/345  619/345  383/115 1141/345   119/69   67/115  -41/345 -131/345     -1/5    29/69  511/345  113/115  319/345  451/345]
[   49/23  481/345  379/345  143/115  631/345    59/69   37/115   79/345  199/345  157/115   179/69 1471/345  273/115  319/345  -29/345]
[  -15/23 -269/345    -7/15   33/115  511/345    77/69  137/115  589/345  919/345  237/115   131/69  751/345  103/115   19/345 -119/345]
[   -7/23   61/345  379/345  283/115 1471/345   173/69  137/115  109/345  -41/345  -13/115      1/3  421/345   63/115  109/345  181/345]
[   27/23  781/345  619/345  203/115  751/345    71/69   37/115   19/345   79/345   97/115   131/69 1171/345  383/115  589/345  181/345]
[   -5/23 -179/345 -131/345      1/5  421/345    47/69   67/115  319/345  589/345  337/115   179/69  931/345  143/115   79/345 -119/345]
[  -11/23  -59/345  199/345  203/115 1171/345   239/69  227/115  319/345  109/345   17/115    29/69    17/15   33/115  -41/345  -29/345]
[    9/23  451/345  919/345  283/115  931/345    95/69   57/115   19/345   19/345   57/115    95/69  931/345  283/115  919/345  451/345]
[    9/23  -29/345  -41/345   33/115    17/15    29/69   17/115  109/345  319/345  227/115   239/69 1171/345  203/115  199/345  -59/345]
[  -11/23 -119/345   79/345  143/115  931/345   179/69  337/115  589/345  319/345   67/115    47/69  421/345      1/5 -131/345 -179/345]
[   -5/23  181/345  589/345  383/115 1171/345   131/69   97/115   79/345   19/345   37/115    71/69  751/345  203/115  619/345  781/345]
[   27/23  181/345  109/345   63/115  421/345      1/3  -13/115  -41/345  109/345  137/115   173/69 1471/345  283/115  379/345   61/345]
[   -7/23 -119/345   19/345  103/115  751/345   131/69  237/115  919/345  589/345  137/115    77/69  511/345   33/115    -7/15 -269/345]
[  -15/23  -29/345  319/345  273/115 1471/345   179/69  157/115  199/345   79/345   37/115    59/69  631/345  143/115  379/345  481/345]
[   49/23  451/345  319/345  113/115  511/345    29/69     -1/5 -131/345  -41/345   67/115   119/69 1141/345  383/115  619/345  241/345]
[    1/23  -59/345   19/345   83/115  631/345    95/69  157/115  619/345  919/345  227/115   119/69  661/345   63/115 -131/345   -13/15]
[  -21/23 -179/345  109/345  183/115 1141/345   239/69  237/115  379/345  199/345   57/115    59/69  571/345  103/115  199/345  241/345]
[   29/23  781/345  589/345  183/115  661/345    47/69  -13/115    -7/15 -131/345   17/115    77/69  871/345  273/115  919/345  481/345]
[   13/23   61/345   79/345   83/115  571/345    71/69   97/115  379/345  619/345  337/115   173/69  871/345  113/115  -41/345 -269/345]
[       0        0        0        0        0        0        0        0        0        0        0        0        0        0        0]
Testing obstruction for
m1: 10, m2: 10,a: 2
[      -1 -307/345 -193/345   -1/115  263/345   121/69  111/115  137/345   17/345   -9/115     1/69  113/345   99/115  557/345  893/345]
[   41/23  413/345  287/345   79/115  263/345    73/69  181/115  797/345    49/15  281/115   127/69  503/345  149/115  467/345  563/345]
[   49/23  983/345  617/345  109/115  113/345    -5/69  -29/115  -73/345   17/345   61/115    85/69  743/345  149/115  227/345   83/345]
[    1/23     1/15  107/345   89/115  503/345   163/69  171/115  287/345  137/345   21/115    13/69  143/345   99/115  527/345  833/345]
[   81/23  983/345  827/345  249/115  743/345   163/69  321/115 1187/345  797/345      7/5    49/69   83/345   -1/115  -13/345   53/345]
[   13/23  413/345  707/345  129/115  143/345    -5/69  -39/115 -133/345  -73/345   21/115    55/69  563/345   79/115  -13/345 -187/345]
[  -19/23 -307/345   -11/15  -41/115   83/345    73/69  241/115  467/345  287/345   61/115    31/69  203/345  109/115  527/345  803/345]
[   77/23  893/345  707/345  199/115  563/345   121/69  241/115  917/345 1187/345  281/115      5/3  383/345   89/115  227/345  263/345]
[   25/23  563/345  827/345  159/115  203/345     1/69  -39/115 -163/345 -133/345   -9/115    31/69  413/345  249/115  467/345  263/345]
[    9/23   83/345  107/345      3/5  383/345   127/69  321/115  677/345  467/345  111/115    55/69  293/345  129/115  557/345  803/345]
[   75/23  833/345  617/345  159/115  413/345    85/69  171/115  677/345  917/345  181/115    49/69     1/15  -41/115 -193/345 -187/345]
[   -7/23   53/345  287/345  199/115  293/345    13/69  -29/115 -163/345 -163/345  -29/115    13/69  293/345  199/115  287/345   53/345]
[   -7/23 -187/345 -193/345  -41/115     1/15    49/69  181/115  917/345  677/345  171/115    85/69  413/345  159/115  617/345  833/345]
[   75/23  803/345  557/345  129/115  293/345    55/69  111/115  467/345  677/345  321/115   127/69  383/345      3/5  107/345   83/345]
[    9/23  263/345  467/345  249/115  413/345    31/69   -9/115 -133/345 -163/345  -39/115     1/69  203/345  159/115  827/345  563/345]
[   25/23  263/345  227/345   89/115  383/345      5/3  281/115 1187/345  917/345  241/115   121/69  563/345  199/115  707/345  893/345]
[   77/23  803/345  527/345  109/115  203/345    31/69   61/115  287/345  467/345  241/115    73/69   83/345  -41/115   -11/15 -307/345]
[  -19/23 -187/345  -13/345   79/115  563/345    55/69   21/115  -73/345 -133/345  -39/115    -5/69  143/345  129/115  707/345  413/345]
[   13/23   53/345  -13/345   -1/115   83/345    49/69      7/5  797/345 1187/345  321/115   163/69  743/345  249/115  827/345  983/345]
[   81/23  833/345  527/345   99/115  143/345    13/69   21/115  137/345  287/345  171/115   163/69  503/345   89/115  107/345     1/15]
[    1/23   83/345  227/345  149/115  743/345    85/69   61/115   17/345  -73/345  -29/115    -5/69  113/345  109/115  617/345  983/345]
[   49/23  563/345  467/345  149/115  503/345   127/69  281/115    49/15  797/345  181/115    73/69  263/345   79/115  287/345  413/345]
[   41/23  893/345  557/345   99/115  113/345     1/69   -9/115   17/345  137/345  111/115   121/69  263/345   -1/115 -193/345 -307/345]
[       0        0        0        0        0        0        0        0        0        0        0        0        0        0        0]
Unobstructed
29
---------------------------
---------------------------
13a1543
Correction terms
[      -1 -469/393   89/393  -97/131  -37/393   65/393    5/131 -187/393  245/393  -87/131 -133/393 -157/393 -111/131  125/393 -355/393]
[ -67/131 -199/393 -349/393   45/131 -319/393 -139/393  -37/131 -235/393  275/393  -51/131   53/393  107/393    3/131 -241/393  143/393]
[-137/131 -331/393 -403/393 -209/131 -217/393   41/393   49/131  101/393  -97/393  113/131 -163/393  -31/393  -17/131 -223/393  239/393]
[ -79/131  -79/393  -73/393  -73/131 -517/393 -181/393    1/131   35/393  -85/393 -119/131    5/393  215/393   91/131  179/393  -67/393]
[ 107/131 -229/393 -145/393  -71/131 -433/393  -19/393 -181/131 -433/393  311/393   39/131 -229/393   59/393   65/131  179/393   11/393]
[-103/131    5/393  167/393   59/131   35/393 -259/393   27/131 -517/393 -481/393   63/131  -79/393  287/393  -95/131 -223/393  473/393]
[  77/131 -163/393   77/393   55/131  101/393 -115/393 -161/131 -217/393 -103/393  -47/131 -331/393  113/393  135/131 -241/393 -253/393]
[ 123/131   53/393  371/393  -83/131 -235/393  413/393   41/131 -319/393 -127/393  -29/131 -199/393 -463/393  -31/131  125/393  191/393]
[  35/131 -133/393  263/393  169/131 -187/393 -247/393  109/131  -37/393  233/393 -145/131 -469/393      1/3  -69/131   89/393  233/393]
[  75/131   65/393 -247/393   25/131  245/393  263/393   43/131 -157/393  191/393  129/131 -355/393 -463/393   21/131 -349/393 -127/393]
[ -19/131 -139/393  413/393    9/131  275/393  371/393  105/131  107/393 -253/393    7/131  143/393  113/393  -23/131 -403/393 -103/393]
[  15/131   41/393 -115/393  121/131  -97/393   77/393   33/131  -31/393  473/393   13/131  239/393  287/393   61/131  -73/393 -481/393]
[ -85/131 -181/393 -259/393   99/131  -85/393  167/393   89/131  215/393   11/393  147/131  -67/393   59/393   11/131 -145/393  311/393]
[ -57/131  -19/393  -19/393  -57/131  311/393 -145/393   11/131   59/393  -67/393  147/131   11/393  215/393   89/131  167/393  -85/393]
[  99/131 -259/393 -181/393  -85/131 -481/393  -73/393   61/131  287/393  239/393   13/131  473/393  -31/393   33/131   77/393  -97/393]
[ 121/131 -115/393   41/393   15/131 -103/393 -403/393  -23/131  113/393  143/393    7/131 -253/393  107/393  105/131  371/393  275/393]
[   9/131  413/393 -139/393  -19/131 -127/393 -349/393   21/131 -463/393 -355/393  129/131  191/393 -157/393   43/131  263/393  245/393]
[  25/131 -247/393   65/393   75/131  233/393   89/393  -69/131      1/3 -469/393 -145/131  233/393  -37/393  109/131 -247/393 -187/393]
[ 169/131  263/393 -133/393   35/131  191/393  125/393  -31/131 -463/393 -199/393  -29/131 -127/393 -319/393   41/131  413/393 -235/393]
[ -83/131  371/393   53/393  123/131 -253/393 -241/393  135/131  113/393 -331/393  -47/131 -103/393 -217/393 -161/131 -115/393  101/393]
[  55/131   77/393 -163/393   77/131  473/393 -223/393  -95/131  287/393  -79/393   63/131 -481/393 -517/393   27/131 -259/393   35/393]
[  59/131  167/393    5/393 -103/131   11/393  179/393   65/131   59/393 -229/393   39/131  311/393 -433/393 -181/131  -19/393 -433/393]
[ -71/131 -145/393 -229/393  107/131  -67/393  179/393   91/131  215/393    5/393 -119/131  -85/393   35/393    1/131 -181/393 -517/393]
[ -73/131  -73/393  -79/393  -79/131  239/393 -223/393  -17/131  -31/393 -163/393  113/131  -97/393  101/393   49/131   41/393 -217/393]
[-209/131 -403/393 -331/393 -137/131  143/393 -241/393    3/131  107/393   53/393  -51/131  275/393 -235/393  -37/131 -139/393 -319/393]
[  45/131 -349/393 -199/393  -67/131 -355/393  125/393 -111/131 -157/393 -133/393  -87/131  245/393 -187/393    5/131   65/393  -37/393]
[ -97/131   89/393 -469/393        0        0        0        0        0        0        0        0        0        0        0        0]
Testing obstruction for
m1: 2, m2: 66,a: 0
[      -1 -125/393 -107/393 -113/131  -35/393   19/393  -59/131  163/393  253/393   31/131  469/393  595/393  157/131  883/393 1045/393]
[ 319/131 1405/393 1603/393  517/131 2035/393 2269/393  751/131 2773/393 3043/393 1021/131 3619/393 3925/393 1327/131 4573/393 4915/393]
[1669/131 5635/393 6013/393 2047/131 6019/393 5647/393 1675/131 4939/393 4603/393 1339/131 3967/393 3667/393 1039/131 3103/393 2839/393]
[ 775/131 2347/393 2119/393  547/131 1699/393 1507/393  355/131 1159/393 1003/393  199/131  727/393  607/393   79/131  403/393  319/393]
[  -5/131  187/393  139/393  -53/131   79/393   67/393  -65/131   79/393  103/393  -41/131  187/393  247/393   19/131  403/393  499/393]
[ 115/131  727/393  859/393  247/131 1159/393 1327/393  415/131 1699/393 1903/393  619/131 2347/393 2587/393  859/131 3103/393 3379/393]
[1135/131 3967/393 4279/393 1447/131 4939/393 5287/393 1795/131 6019/393 6403/393 1917/131 5635/393 5269/393 1551/131 4573/393 4243/393]
[1221/131 3619/393 3325/393  927/131 2773/393 2515/393  669/131 2035/393 1813/393  447/131 1405/393 1219/393  261/131  883/393  733/393]
[ 111/131  469/393  355/393   -3/131  163/393   85/393  -81/131  -35/393  -77/393 -123/131 -125/393     -1/3 -129/131 -107/393  -77/393]
[ -99/131   19/393   85/393  -33/131  253/393  355/393   69/131  595/393  733/393  207/131 1045/393 1219/393  381/131 1603/393 1813/393]
[ 591/131 2269/393 2515/393  837/131 3043/393 3325/393 1119/131 3925/393 4243/393 1437/131 4915/393 5269/393 1791/131 6013/393 6403/393]
[1919/131 5647/393 5287/393 1559/131 4603/393 4279/393 1235/131 3667/393 3379/393  947/131 2839/393 2587/393  695/131 2119/393 1903/393]
[ 479/131 1507/393 1327/393  299/131 1003/393  859/393  155/131  607/393  499/393   47/131  319/393  247/393  -25/131  139/393  103/393]
[ -61/131   67/393   67/393  -61/131  103/393  139/393  -25/131  247/393  319/393   47/131  499/393  607/393  155/131  859/393 1003/393]
[ 299/131 1327/393 1507/393  479/131 1903/393 2119/393  695/131 2587/393 2839/393  947/131 3379/393 3667/393 1235/131 4279/393 4603/393]
[1559/131 5287/393 5647/393 1919/131 6403/393 6013/393 1791/131 5269/393 4915/393 1437/131 4243/393 3925/393 1119/131 3325/393 3043/393]
[ 837/131 2515/393 2269/393  591/131 1813/393 1603/393  381/131 1219/393 1045/393  207/131  733/393  595/393   69/131  355/393  253/393]
[ -33/131   85/393   19/393  -99/131  -77/393 -107/393 -129/131     -1/3 -125/393 -123/131  -77/393  -35/393  -81/131   85/393  163/393]
[  -3/131  355/393  469/393  111/131  733/393  883/393  261/131 1219/393 1405/393  447/131 1813/393 2035/393  669/131 2515/393 2773/393]
[ 927/131 3325/393 3619/393 1221/131 4243/393 4573/393 1551/131 5269/393 5635/393 1917/131 6403/393 6019/393 1795/131 5287/393 4939/393]
[1447/131 4279/393 3967/393 1135/131 3379/393 3103/393  859/131 2587/393 2347/393  619/131 1903/393 1699/393  415/131 1327/393 1159/393]
[ 247/131  859/393  727/393  115/131  499/393  403/393   19/131  247/393  187/393  -41/131  103/393   79/393  -65/131   67/393   79/393]
[ -53/131  139/393  187/393   -5/131  319/393  403/393   79/131  607/393  727/393  199/131 1003/393 1159/393  355/131 1507/393 1699/393]
[ 547/131 2119/393 2347/393  775/131 2839/393 3103/393 1039/131 3667/393 3967/393 1339/131 4603/393 4939/393 1675/131 5647/393 6019/393]
[2047/131 6013/393 5635/393 1669/131 4915/393 4573/393 1327/131 3925/393 3619/393 1021/131 3043/393 2773/393  751/131 2269/393 2035/393]
[ 517/131 1603/393 1405/393  319/131 1045/393  883/393  157/131  595/393  469/393   31/131  253/393  163/393  -59/131   19/393  -35/393]
[-113/131 -107/393 -125/393        0        0        0        0        0        0        0        0        0        0        0        0]
Testing obstruction for
m1: 6, m2: 20,a: 3
[      -1 -371/393 -305/393  -65/131  -41/393  157/393  133/131  685/393 1015/393  463/131 1807/393 1483/393  401/131  967/393  775/393]
[ 209/131  523/393  463/393  149/131  475/393  547/393  221/131  823/393 1027/393  425/131 1567/393 1903/393  499/131 1135/393  817/393]
[ 181/131  313/393  127/393   -5/131 -113/393 -167/393  -59/131 -143/393  -65/393   19/131  223/393  433/393  229/131  985/393 1327/393]
[ 571/131 1357/393 1045/393  259/131  553/393  373/393   79/131  145/393   97/393   31/131  133/393  217/393  115/131  517/393  733/393]
[ 331/131 1297/393 1645/393  417/131  901/393  595/393  111/131  115/393  -59/393  -63/131 -275/393 -317/393 -105/131 -269/393 -179/393]
[ -15/131  133/393  355/393  207/131  931/393 1285/393  561/131 1339/393 1039/393  261/131  571/393  403/393   93/131  199/393  163/393]
[  57/131  223/393  319/393  153/131  643/393  871/393  381/131 1459/393 1819/393  479/131 1099/393  805/393  185/131  349/393  187/393]
[  23/131   -5/393  -35/393   -7/131   37/393  139/393   95/131  475/393  709/393  329/131 1309/393 1675/393  433/131  967/393  679/393]
[ 145/131  235/393   79/393  -11/131 -101/393 -125/393  -35/131  -41/393   67/393   73/131  415/393      5/3  313/131 1267/393 1639/393]
[ 423/131  943/393  661/393  141/131  229/393   79/393   -9/131  -89/393 -107/393  -27/131  -11/393  103/393   87/131  463/393  709/393]
[ 333/131 1333/393 1711/393  449/131 1027/393  751/393  173/131  331/393  187/393   29/131   31/393   19/393   17/131  127/393  247/393]
[ 137/131  619/393  871/393  389/131 1507/393 1891/393  511/131 1219/393  949/393  241/131  541/393  403/393  103/131  259/393  253/393]
[  97/131  373/393  499/393  223/131  883/393 1141/393  481/131 1789/393 1393/393  347/131  733/393  469/393   83/131   73/393  -59/393]
[ -49/131 -191/393 -191/393  -49/131  -59/393   73/393   83/131  469/393  733/393  347/131 1393/393 1789/393  481/131 1141/393  883/393]
[ 223/131  499/393  373/393   97/131  253/393  259/393  103/131  403/393  541/393  241/131  949/393 1219/393  511/131 1891/393 1507/393]
[ 389/131  871/393  619/393  137/131  247/393  127/393   17/131   19/393   31/393   29/131  187/393  331/393  173/131  751/393 1027/393]
[ 449/131 1711/393 1333/393  333/131  709/393  463/393   87/131  103/393  -11/393  -27/131 -107/393  -89/393   -9/131   79/393  229/393]
[ 141/131  661/393  943/393  423/131 1639/393 1267/393  313/131      5/3  415/393   73/131   67/393  -41/393  -35/131 -125/393 -101/393]
[ -11/131   79/393  235/393  145/131  679/393  967/393  433/131 1675/393 1309/393  329/131  709/393  475/393   95/131  139/393   37/393]
[  -7/131  -35/393   -5/393   23/131  187/393  349/393  185/131  805/393 1099/393  479/131 1819/393 1459/393  381/131  871/393  643/393]
[ 153/131  319/393  223/393   57/131  163/393  199/393   93/131  403/393  571/393  261/131 1039/393 1339/393  561/131 1285/393  931/393]
[ 207/131  355/393  133/393  -15/131 -179/393 -269/393 -105/131 -317/393 -275/393  -63/131  -59/393  115/393  111/131  595/393  901/393]
[ 417/131 1645/393 1297/393  331/131  733/393  517/393  115/131  217/393  133/393   31/131   97/393  145/393   79/131  373/393  553/393]
[ 259/131 1045/393 1357/393  571/131 1327/393  985/393  229/131  433/393  223/393   19/131  -65/393 -143/393  -59/131 -167/393 -113/393]
[  -5/131  127/393  313/393  181/131  817/393 1135/393  499/131 1903/393 1567/393  425/131 1027/393  823/393  221/131  547/393  475/393]
[ 149/131  463/393  523/393  209/131  775/393  967/393  401/131 1483/393 1807/393  463/131 1015/393  685/393  133/131  157/393  -41/393]
[ -65/131 -305/393 -371/393        0        0        0        0        0        0        0        0        0        0        0        0]
Testing obstruction for
m1: 10, m2: 16,a: 7
[      -1 -355/393 -241/393  -17/131  215/393  557/393  325/131  683/393  467/393  109/131  263/393  275/393  121/131  527/393  767/393]
[ 361/131 1475/393 1157/393  305/131  749/393  659/393  215/131  707/393  845/393  353/131 1349/393  929/393  195/131  317/393  125/393]
[   3/131  -31/393    5/393   39/131  305/393  569/393  303/131  539/393  245/393    9/131 -115/393 -181/393  -57/131  -85/393   77/393]
[ 105/131  629/393 1019/393  233/131  455/393  287/393   65/131  179/393  239/393  125/131  587/393  875/393  413/131  893/393  623/393]
[ 143/131  311/393  269/393  101/131  413/393  599/393  287/131 1199/393  827/393  177/131  311/393  167/393   33/131  107/393  191/393]
[ 117/131  587/393  899/393  167/131  179/393  -67/393  -79/131 -331/393 -349/393  -97/131 -157/393   53/393  113/131  701/393 1139/393]
[ 289/131  671/393  551/393  169/131  539/393  647/393  277/131 1091/393 1427/393  351/131  755/393  533/393  129/131  317/393  323/393]
[ 135/131  563/393  797/393  369/131  707/393  383/393   45/131  -37/393 -133/393  -51/131  -97/393   35/393   81/131  527/393  887/393]
[ 179/131  263/393   65/393  -19/131 -103/393  -73/393   11/131  215/393  473/393  269/131 1217/393      7/3  231/131  545/393  473/393]
[ 159/131  557/393  713/393  315/131 1253/393  851/393  175/131  275/393  101/393    1/131  -19/393   35/393   55/131  371/393  653/393]
[ 337/131  659/393  383/393   61/131   59/393   11/393   13/131  143/393  323/393  193/131  911/393  533/393   77/131    5/393 -145/393]
[ -73/131 -217/393 -139/393    5/131  245/393  551/393  311/131 1391/393 1139/393  321/131  863/393  839/393  297/131 1019/393 1223/393]
[ 501/131 1073/393  719/393  147/131  239/393  113/393   21/131   89/393  191/393  123/131  623/393  953/393  191/131  269/393   41/393]
[ -37/131 -187/393 -187/393  -37/131   41/393  269/393  191/131  953/393  623/393  123/131  191/393   89/393   21/131  113/393  239/393]
[ 147/131  719/393 1073/393  501/131 1223/393 1019/393  297/131  839/393  863/393  321/131 1139/393 1391/393  311/131  551/393  245/393]
[   5/131 -139/393 -217/393  -73/131 -145/393    5/393   77/131  533/393  911/393  193/131  323/393  143/393   13/131   11/393   59/393]
[  61/131  383/393  659/393  337/131  653/393  371/393   55/131   35/393  -19/393    1/131  101/393  275/393  175/131  851/393 1253/393]
[ 315/131  713/393  557/393  159/131  473/393  545/393  231/131      7/3 1217/393  269/131  473/393  215/393   11/131  -73/393 -103/393]
[ -19/131   65/393  263/393  179/131  887/393  527/393   81/131   35/393  -97/393  -51/131 -133/393  -37/393   45/131  383/393  707/393]
[ 369/131  797/393  563/393  135/131  323/393  317/393  129/131  533/393  755/393  351/131 1427/393 1091/393  277/131  647/393  539/393]
[ 169/131  551/393  671/393  289/131 1139/393  701/393  113/131   53/393 -157/393  -97/131 -349/393 -331/393  -79/131  -67/393  179/393]
[ 167/131  899/393  587/393  117/131  191/393  107/393   33/131  167/393  311/393  177/131  827/393 1199/393  287/131  599/393  413/393]
[ 101/131  269/393  311/393  143/131  623/393  893/393  413/131  875/393  587/393  125/131  239/393  179/393   65/131  287/393  455/393]
[ 233/131 1019/393  629/393  105/131   77/393  -85/393  -57/131 -181/393 -115/393    9/131  245/393  539/393  303/131  569/393  305/393]
[  39/131    5/393  -31/393    3/131  125/393  317/393  195/131  929/393 1349/393  353/131  845/393  707/393  215/131  659/393  749/393]
[ 305/131 1157/393 1475/393  361/131  767/393  527/393  121/131  275/393  263/393  109/131  467/393  683/393  325/131  557/393  215/393]
[ -17/131 -241/393 -355/393        0        0        0        0        0        0        0        0        0        0        0        0]
Unobstructed
14
---------------------------
---------------------------
13a1546
Correction terms
[      -1 -157/249  119/249    27/83  227/249   59/249    25/83  275/249  161/249    77/83  -13/249  -73/249    17/83 -139/249 -145/249]
[   11/83 -103/249  -55/249    59/83   95/249  197/249    -5/83  -43/249  113/249   -15/83  -19/249  191/249    29/83  167/249  -67/249]
[  -39/83   17/249 -163/249   -53/83   29/249  -97/249   -13/83  203/249  131/249    81/83   41/249   23/249    63/83   41/249   77/249]
[  -67/83 -295/249 -205/249    23/83   29/249  173/249     1/83   17/249  215/249    33/83  167/249  -79/249   -47/83  -19/249  287/249]
[   93/83  -43/249 -181/249   -45/83   95/249   11/249    37/83 -103/249 -133/249     7/83  359/249  383/249    31/83  -13/249   65/249]
[  -57/83 -223/249  -91/249   -91/83 -271/249  -85/249    95/83  341/249      1/3     3/83  119/249  -85/249   -35/83   59/249  -91/249]
[  -19/83  161/249   65/249    51/83  -73/249 -115/249     9/83 -145/249 -133/249    21/83  -55/249   11/249    87/83  197/249  317/249]
[   41/83  113/249 -211/249  -117/83 -307/249  -79/249   -55/83  -67/249  215/249    61/83  335/249  173/249    65/83  -97/249 -205/249]
[  -43/83  131/249   77/249    69/83   23/249   23/249    69/83   77/249  131/249   -43/83 -205/249  -97/249    65/83  173/249  335/249]
[   61/83  215/249  -67/249   -55/83  -79/249 -307/249  -117/83 -211/249  113/249    41/83  317/249  197/249    87/83   11/249  -55/249]
[   21/83 -133/249 -145/249     9/83 -115/249  -73/249    51/83   65/249  161/249   -19/83  -91/249   59/249   -35/83  -85/249  119/249]
[    3/83      1/3  341/249    95/83  -85/249 -271/249   -91/83  -91/249 -223/249   -57/83   65/249  -13/249    31/83  383/249  359/249]
[    7/83 -133/249 -103/249    37/83   11/249   95/249   -45/83 -181/249  -43/249    93/83  287/249  -19/249   -47/83  -79/249  167/249]
[   33/83  215/249   17/249     1/83  173/249   29/249    23/83 -205/249 -295/249   -67/83   77/249   41/249    63/83   23/249   41/249]
[   81/83  131/249  203/249   -13/83  -97/249   29/249   -53/83 -163/249   17/249   -39/83  -67/249  167/249    29/83  191/249  -19/249]
[  -15/83  113/249  -43/249    -5/83  197/249   95/249    59/83  -55/249 -103/249    11/83 -145/249 -139/249    17/83  -73/249  -13/249]
[   77/83  161/249  275/249    25/83   59/249  227/249    27/83  119/249 -157/249        0        0        0        0        0        0]
Testing obstruction for
m1: 2, m2: 42,a: 0
[      -1  -77/249  -59/249   -65/83   13/249   67/249   -11/83  211/249  301/249    79/83  517/249  643/249   205/83  931/249 1093/249]
[  367/83 1453/249 1651/249   565/83 2083/249 2317/249   799/83 2323/249 2095/249   571/83 1675/249 1483/249   379/83 1135/249  979/249]
[  223/83  703/249  583/249   103/83  379/249  295/249    19/83  163/249  115/249   -29/83   55/249   43/249   -41/83   55/249   79/249]
[  -17/83  163/249  223/249    43/83  379/249  475/249   139/83  703/249  835/249   271/83 1135/249 1303/249   439/83 1675/249 1879/249]
[  643/83 2323/249 2563/249   717/83 2083/249 1861/249   495/83 1453/249 1267/249   309/83  931/249  781/249   159/83  517/249  403/249]
[   45/83  211/249  133/249   -33/83   13/249  -29/249   -75/83  -77/249     -1/3   -81/83  -59/249  -29/249   -51/83   67/249  133/249]
[   15/83  301/249  403/249   117/83  643/249  781/249   255/83 1093/249 1267/249   429/83 1651/249 1861/249   639/83 2317/249 2563/249]
[  719/83 2095/249 1879/249   503/83 1483/249 1303/249   323/83  979/249  835/249   179/83  583/249  475/249    71/83  295/249  223/249]
[   -1/83  115/249   79/249   -37/83   43/249   43/249   -37/83   79/249  115/249    -1/83  223/249  295/249    71/83  475/249  583/249]
[  179/83  835/249  979/249   323/83 1303/249 1483/249   503/83 1879/249 2095/249   719/83 2563/249 2317/249   639/83 1861/249 1651/249]
[  429/83 1267/249 1093/249   255/83  781/249  643/249   117/83  403/249  301/249    15/83  133/249   67/249   -51/83  -29/249  -59/249]
[  -81/83     -1/3  -77/249   -75/83  -29/249   13/249   -33/83  133/249  211/249    45/83  403/249  517/249   159/83  781/249  931/249]
[  309/83 1267/249 1453/249   495/83 1861/249 2083/249   717/83 2563/249 2323/249   643/83 1879/249 1675/249   439/83 1303/249 1135/249]
[  271/83  835/249  703/249   139/83  475/249  379/249    43/83  223/249  163/249   -17/83   79/249   55/249   -41/83   43/249   55/249]
[  -29/83  115/249  163/249    19/83  295/249  379/249   103/83  583/249  703/249   223/83  979/249 1135/249   379/83 1483/249 1675/249]
[  571/83 2095/249 2323/249   799/83 2317/249 2083/249   565/83 1651/249 1453/249   367/83 1093/249  931/249   205/83  643/249  517/249]
[   79/83  301/249  211/249   -11/83   67/249   13/249   -65/83  -59/249  -77/249        0        0        0        0        0        0]
Testing obstruction for
m1: 6, m2: 12,a: 1
[      -1 -227/249 -161/249   -17/83  103/249  301/249   181/83  331/249  163/249    13/83  -41/249  -77/249   -23/83  -17/249   79/249]
[   73/83  403/249  631/249   135/83  223/249   85/249    -3/83  -59/249  -65/249    -9/83   55/249  181/249   117/83  565/249  823/249]
[  209/83  475/249  367/249   101/83  283/249  307/249   125/83  487/249  643/249   281/83  589/249  379/249    71/83   91/249   13/249]
[   -7/83  -11/249   43/249    47/83  283/249  469/249   233/83  475/249  295/249    53/83   67/249   19/249     5/83   55/249  139/249]
[   89/83  439/249  655/249   139/83  223/249   73/249   -11/83  -95/249 -113/249   -29/83  -17/249   97/249    85/83  457/249  703/249]
[  165/83  331/249  211/249    45/83  103/249  115/249    57/83  271/249      5/3   201/83  835/249  613/249   145/83  301/249  211/249]
[   55/83  163/249  205/249    97/83  421/249  595/249   271/83  577/249  385/249    79/83  133/249   73/249    19/83   85/249  157/249]
[   91/83  433/249  637/249   129/83  181/249   19/249   -33/83 -173/249 -203/249   -63/83 -131/249  -29/249    39/83  307/249  541/249]
[  107/83  145/249   13/249   -25/83 -119/249 -119/249   -25/83   13/249  145/249   107/83  541/249  307/249    39/83  -29/249 -131/249]
[  -63/83 -203/249 -173/249   -33/83   19/249  181/249   129/83  637/249  433/249    91/83  157/249   85/249    19/83   73/249  133/249]
[   79/83  385/249  577/249   271/83  595/249  421/249    97/83  205/249  163/249    55/83  211/249  301/249   145/83  613/249  835/249]
[  201/83      5/3  271/249    57/83  115/249  103/249    45/83  211/249  331/249   165/83  703/249  457/249    85/83   97/249  -17/249]
[  -29/83 -113/249  -95/249   -11/83   73/249  223/249   139/83  655/249  439/249    89/83  139/249   55/249     5/83   19/249   67/249]
[   53/83  295/249  475/249   233/83  469/249  283/249    47/83   43/249  -11/249    -7/83   13/249   91/249    71/83  379/249  589/249]
[  281/83  643/249  487/249   125/83  307/249  283/249   101/83  367/249  475/249   209/83  823/249  565/249   117/83  181/249   55/249]
[   -9/83  -65/249  -59/249    -3/83   85/249  223/249   135/83  631/249  403/249    73/83   79/249  -17/249   -23/83  -77/249  -41/249]
[   13/83  163/249  331/249   181/83  301/249  103/249   -17/83 -161/249 -227/249        0        0        0        0        0        0]
Testing obstruction for
m1: 8, m2: 10,a: 3
[      -1 -211/249  -97/249    31/83  359/249  203/249    41/83  119/249  191/249   113/83  563/249  365/249    81/83  197/249  227/249]
[  111/83  515/249  275/249    37/83   23/249   11/249    25/83  215/249  431/249    75/83   95/249   41/249    21/83  161/249  335/249]
[  195/83  413/249  317/249    99/83  353/249  485/249    65/83  -19/249 -157/249   -73/83 -205/249 -115/249    17/83  293/249  113/249]
[    3/83  -19/249   29/249    51/83  353/249  629/249   161/83  413/249  419/249   167/83  659/249  395/249    69/83   95/249   59/249]
[   33/83  215/249  407/249    59/83   23/249  -55/249   -19/83   17/249  167/249   131/83  695/249  575/249   177/83  563/249  671/249]
[  119/83  119/249  -43/249   -43/83 -139/249  -73/249    23/83  287/249      1/3   -15/83  -97/249  -73/249     9/83  203/249  455/249]
[   95/83  191/249  173/249    77/83  365/249  575/249   121/83  227/249  167/249    61/83  275/249  443/249    63/83   11/249  -91/249]
[  -39/83  -67/249   59/249    87/83  539/249  395/249   109/83  335/249  419/249   193/83  317/249  131/249     7/83  -13/249   29/249]
[   49/83  341/249  113/249   -13/83 -115/249 -115/249   -13/83  113/249  341/249    49/83   29/249  -13/249     7/83  131/249  317/249]
[  193/83  419/249  335/249   109/83  395/249  539/249    87/83   59/249  -67/249   -39/83  -91/249   11/249    63/83  443/249  275/249]
[   61/83  167/249  227/249   121/83  575/249  365/249    77/83  173/249  191/249    95/83  455/249  203/249     9/83  -73/249  -97/249]
[  -15/83      1/3  287/249    23/83  -73/249 -139/249   -43/83  -43/249  119/249   119/83  671/249  563/249   177/83  575/249  695/249]
[  131/83  167/249   17/249   -19/83  -55/249   23/249    59/83  407/249  215/249    33/83   59/249   95/249    69/83  395/249  659/249]
[  167/83  419/249  413/249   161/83  629/249  353/249    51/83   29/249  -19/249     3/83  113/249  293/249    17/83 -115/249 -205/249]
[  -73/83 -157/249  -19/249    65/83  485/249  353/249    99/83  317/249  413/249   195/83  335/249  161/249    21/83   41/249   95/249]
[   75/83  431/249  215/249    25/83   11/249   23/249    37/83  275/249  515/249   111/83  227/249  197/249    81/83  365/249  563/249]
[  113/83  191/249  119/249    41/83  203/249  359/249    31/83  -97/249 -211/249        0        0        0        0        0        0]
[-211/249, -97/249, 31/83, 359/249, 203/249, 41/83, 119/249, 191/249, 113/83, 563/249, 365/249, 81/83, 197/249, 227/249, 111/83, 515/249, 275/249, 37/83, 23/249, 11/249, 25/83, 215/249, 431/249, 75/83, 95/249, 41/249, 21/83, 161/249, 335/249, 195/83, 413/249, 317/249, 99/83, 353/249, 485/249, 65/83, -19/249, -157/249]
107 [-211/249, -97/249, 31/83, 359/249, 203/249, 41/83, 119/249, -307/249, -53/83, 65/249, -133/249, 81/83, 197/249, 227/249, -55/83, 17/249, -223/249, 37/83, 23/249, 11/249, 25/83, 215/249, -67/249, -91/83, 95/249, 41/249, 21/83, 161/249, 335/249, 29/83, -85/249, -181/249, -67/83, -145/249, -13/249, 65/83, -19/249, 341/249]
Testing obstruction for
m1: 22, m2: 22,a: 20
[      -1 -163/249   95/249     9/83  131/249  -91/249   -47/83  -19/249  275/249    81/83  383/249  197/249    61/83  341/249  671/249]
[  225/83  851/249  701/249   241/83  917/249 1283/249   441/83 1037/249  923/249   327/83  713/249  617/249   231/83  443/249  365/249]
[  153/83  227/249  167/249    93/83   65/249   23/249    51/83  -43/249  -67/249    27/83  -97/249 -103/249    21/83  -97/249  -85/249]
[   33/83  -43/249  -13/249    63/83   65/249  113/249   111/83  227/249  293/249   177/83  443/249  527/249   261/83  713/249  815/249]
[  363/83 1037/249 1157/249   317/83  917/249 1055/249   289/83  851/249  509/249   113/83  341/249  515/249   121/83  383/249   77/249]
[  -19/83  -19/249  191/249    25/83  131/249 -139/249   -79/83 -163/249      1/3     1/83   95/249 -139/249   -67/83  -91/249  191/249]
[   49/83  275/249   77/249    17/83  197/249  515/249   169/83  671/249  509/249   173/83  701/249 1055/249   361/83 1283/249 1157/249]
[  401/83  923/249  815/249   293/83  617/249  527/249   203/83  365/249  293/249   131/83  167/249  113/249    77/83   23/249  -13/249]
[   41/83  -67/249  -85/249    23/83 -103/249 -103/249    23/83  -85/249  -67/249    41/83  -13/249   23/249    77/83  113/249  167/249]
[  131/83  293/249  365/249   203/83  527/249  617/249   293/83  815/249  923/249   401/83 1157/249 1283/249   361/83 1055/249  701/249]
[  173/83  509/249  671/249   169/83  515/249  197/249    17/83   77/249  275/249    49/83  191/249  -91/249   -67/83 -139/249   95/249]
[    1/83      1/3 -163/249   -79/83 -139/249  131/249    25/83  191/249  -19/249   -19/83   77/249  383/249   121/83  515/249  341/249]
[  113/83  509/249  851/249   289/83 1055/249  917/249   317/83 1157/249 1037/249   363/83  815/249  713/249   261/83  527/249  443/249]
[  177/83  293/249  227/249   111/83  113/249   65/249    63/83  -13/249  -43/249    33/83  -85/249  -97/249    21/83 -103/249  -97/249]
[   27/83  -67/249  -43/249    51/83   23/249   65/249    93/83  167/249  227/249   153/83  365/249  443/249   231/83  617/249  713/249]
[  327/83  923/249 1037/249   441/83 1283/249  917/249   241/83  701/249  851/249   225/83  671/249  341/249    61/83  197/249  383/249]
[   81/83  275/249  -19/249   -47/83  -91/249  131/249     9/83   95/249 -163/249        0        0        0        0        0        0]
[-163/249, 95/249, 9/83, 131/249, -91/249, -47/83, -19/249, 275/249, 81/83, 383/249, 197/249, 61/83, 341/249, 671/249, 225/83, 851/249, 701/249, 241/83, 917/249, 1283/249, 441/83, 1037/249, 923/249, 327/83, 713/249, 617/249, 231/83, 443/249, 365/249, 153/83, 227/249, 167/249, 93/83, 65/249, 23/249, 51/83, -43/249, -67/249, 27/83, -97/249, -103/249, 21/83, -97/249, -85/249, 33/83, -43/249, -13/249, 63/83, 65/249, 113/249, 111/83, 227/249, 293/249, 177/83, 443/249, 527/249, 261/83, 713/249, 815/249, 363/83, 1037/249, 1157/249, 317/83, 917/249, 1055/249, 289/83, 851/249, 509/249, 113/83, 341/249, 515/249, 121/83, 383/249, 77/249, -19/83, -19/249, 191/249, 25/83, 131/249, -139/249]
32 [-163/249, 95/249, 9/83, 131/249, -91/249, -47/83, -19/249, 275/249, 81/83, 383/249, 197/249, 61/83, 341/249, 173/249, 59/83, -145/249, -295/249, -91/83, -79/249, -211/249, -57/83, 41/249, -73/249, -5/83, 215/249, 119/249, 65/83, -55/249, -133/249, -13/83, 227/249, 167/249, 93/83, 65/249, 23/249, 51/83, -43/249, -67/249, 27/83, -97/249, -103/249, 21/83, -97/249, -85/249, 33/83, -43/249, -13/249, 63/83, 65/249, 113/249, -55/83, -271/249, -205/249, 11/83, -55/249, 29/249, 95/83, 215/249, 317/249, 31/83, 41/249, 161/249, -15/83, -79/249, 59/249, -43/83, -145/249, 11/249, -53/83, -157/249, 17/249, -45/83, -115/249, 77/249, -19/83, -19/249, 191/249, 25/83, 131/249, 359/249]
---------------------------
SUCCESS for name = 13a1546
---------------------------
13a1547
Correction terms
[      -1  -89/137   55/137   21/137 -191/137  -33/137  -53/137   23/137  -79/137  -85/137    5/137  -83/137  -75/137   29/137  -45/137]
[ -23/137 -179/137   35/137   71/137  -71/137 -117/137  -67/137   79/137   47/137 -163/137   -3/137  -21/137 -217/137  -43/137  -47/137]
[  45/137  -41/137  -31/137   75/137    3/137 -247/137 -127/137   89/137  127/137  -13/137  -57/137   -5/137 -131/137 -161/137  -95/137]
[  67/137   51/137 -143/137   33/137   31/137 -149/137 -233/137   53/137  161/137   91/137 -157/137  -35/137  -91/137  -51/137 -189/137]
[  43/137   97/137  -27/137  -55/137   13/137  -97/137 -111/137  -29/137  149/137  149/137  -29/137 -111/137  -97/137   13/137  -55/137]
[ -27/137   97/137   43/137 -189/137  -51/137  -91/137  -35/137 -157/137   91/137  161/137   53/137 -233/137 -149/137   31/137   33/137]
[-143/137   51/137   67/137  -95/137 -161/137 -131/137   -5/137  -57/137  -13/137  127/137   89/137 -127/137 -247/137    3/137   75/137]
[ -31/137  -41/137   45/137  -47/137  -43/137 -217/137  -21/137   -3/137 -163/137   47/137   79/137  -67/137 -117/137  -71/137   71/137]
[  35/137 -179/137  -23/137  -45/137   29/137  -75/137  -83/137    5/137  -85/137  -79/137   23/137  -53/137  -33/137 -191/137   21/137]
[  55/137  -89/137        0        0        0        0        0        0        0        0        0        0        0        0        0]
Testing obstruction for
m1: 2, m2: 24,a: 1
[      -1 -131/137 -113/137  -83/137  -41/137   13/137   79/137  157/137  247/137  349/137  463/137  589/137  727/137  603/137  491/137]
[ 391/137  303/137  227/137  163/137  111/137   71/137   43/137   27/137   23/137   31/137   51/137   83/137  127/137  183/137  251/137]
[ 331/137  423/137  527/137  643/137  771/137  637/137  515/137  405/137  307/137  221/137  147/137   85/137   35/137   -3/137  -29/137]
[ -43/137  -45/137  -35/137  -13/137   21/137   67/137  125/137  195/137  277/137  371/137  477/137  595/137  725/137  593/137  473/137]
[ 365/137  269/137  185/137  113/137   53/137    5/137  -31/137  -55/137  -67/137  -67/137  -55/137  -31/137    5/137   53/137  113/137]
[ 185/137  269/137  365/137  473/137  593/137  725/137  595/137  477/137  371/137  277/137  195/137  125/137   67/137   21/137  -13/137]
[ -35/137  -45/137  -43/137  -29/137   -3/137   35/137   85/137  147/137  221/137  307/137  405/137  515/137  637/137  771/137  643/137]
[ 527/137  423/137  331/137  251/137  183/137  127/137   83/137   51/137   31/137   23/137   27/137   43/137   71/137  111/137  163/137]
[ 227/137  303/137  391/137  491/137  603/137  727/137  589/137  463/137  349/137  247/137  157/137   79/137   13/137  -41/137  -83/137]
[-113/137 -131/137        0        0        0        0        0        0        0        0        0        0        0        0        0]
[-131/137, -113/137]
42 [-131/137, 161/137]
Testing obstruction for
m1: 12, m2: 14,a: 11
[      -1 -125/137  -89/137  -29/137   55/137  163/137  295/137  177/137   83/137   13/137  -33/137  -55/137  -53/137  -27/137   23/137]
[  97/137  195/137  317/137  189/137   85/137    5/137  -51/137  -83/137  -91/137  -75/137  -35/137   29/137  117/137  229/137  365/137]
[ 251/137  161/137   95/137   53/137   35/137   41/137   71/137  125/137  203/137  305/137  431/137  307/137  207/137  131/137   79/137]
[  51/137   47/137   67/137  111/137  179/137  271/137  387/137  253/137  143/137   57/137   -5/137  -43/137  -57/137  -47/137  -13/137]
[  45/137  127/137  233/137  363/137  243/137  147/137   75/137   27/137    3/137    3/137   27/137   75/137  147/137  243/137  363/137]
[ 233/137  127/137   45/137  -13/137  -47/137  -57/137  -43/137   -5/137   57/137  143/137  253/137  387/137  271/137  179/137  111/137]
[  67/137   47/137   51/137   79/137  131/137  207/137  307/137  431/137  305/137  203/137  125/137   71/137   41/137   35/137   53/137]
[  95/137  161/137  251/137  365/137  229/137  117/137   29/137  -35/137  -75/137  -91/137  -83/137  -51/137    5/137   85/137  189/137]
[ 317/137  195/137   97/137   23/137  -27/137  -53/137  -55/137  -33/137   13/137   83/137  177/137  295/137  163/137   55/137  -29/137]
[ -89/137 -125/137        0        0        0        0        0        0        0        0        0        0        0        0        0]
---------------------------
SUCCESS for name = 13a1547
---------------------------
