13a2176
Correction terms
[      -1 -137/237 -311/237   -95/79  -59/237 -107/237    15/79  -77/237    1/237   -65/79 -191/237   13/237   -19/79   73/237  -71/237]
[   -5/79 -233/237 -251/237   -23/79 -161/237  -53/237   -73/79 -185/237   49/237     3/79  169/237   55/237    47/79  -47/237  -35/237]
[  -99/79 -359/237 -221/237  -119/79 -293/237  -29/237   -13/79  151/237   67/237    61/79   25/237   67/237   -55/79 -197/237  -29/237]
[  -45/79  -41/237 -221/237   -67/79   19/237  -35/237    37/79  -17/237   55/237   -49/79 -149/237   49/237    -9/79   97/237  -53/237]
[   -1/79 -227/237 -251/237   -25/79 -173/237  -71/237   -81/79 -215/237   13/237   -11/79  121/237    1/237    27/79 -113/237 -107/237]
[   33/79   31/237  163/237     7/79      1/3 -137/237   -51/79   31/237  -59/237    17/79 -113/237  -77/237    53/79  121/237  283/237]
[   57/79  259/237   73/237    29/79 -173/237 -233/237   -31/79 -227/237 -161/237    35/79   97/237  289/237    69/79  325/237  169/237]
[   71/79  -17/237  -47/237    41/79   19/237  115/237   -21/79  -41/237  181/237    43/79  277/237  151/237    75/79   25/237   25/237]
[   75/79  151/237  277/237    43/79  181/237  -41/237   -21/79  115/237   19/237    41/79  -47/237  -17/237    71/79  169/237  325/237]
[   69/79  289/237   97/237    35/79 -161/237 -227/237   -31/79 -233/237 -173/237    29/79   73/237  259/237    57/79  283/237  121/237]
[   53/79  -77/237 -113/237    17/79  -59/237   31/237   -51/79 -137/237      1/3     7/79  163/237   31/237    33/79 -107/237 -113/237]
[   27/79    1/237  121/237   -11/79   13/237 -215/237   -81/79  -71/237 -173/237   -25/79 -251/237 -227/237    -1/79  -53/237   97/237]
[   -9/79   49/237 -149/237   -49/79   55/237  -17/237    37/79  -35/237   19/237   -67/79 -221/237  -41/237   -45/79  -29/237 -197/237]
[  -55/79   67/237   25/237    61/79   67/237  151/237   -13/79  -29/237 -293/237  -119/79 -221/237 -359/237   -99/79  -35/237  -47/237]
[   47/79   55/237  169/237     3/79   49/237 -185/237   -73/79  -53/237 -161/237   -23/79 -251/237 -233/237    -5/79  -71/237   73/237]
[  -19/79   13/237 -191/237   -65/79    1/237  -77/237    15/79 -107/237  -59/237   -95/79 -311/237 -137/237        0        0        0]
Testing obstruction for
m1: 2, m2: 40,a: 0
[      -1  -73/237  -55/237   -61/79   17/237   71/237    -7/79  215/237  305/237    83/79  521/237  647/237   209/79  935/237 1097/237]
[  371/79 1457/237 1655/237   569/79 2087/237 2321/237   645/79 1877/237 1673/237   441/79 1301/237 1133/237   273/79  833/237  701/237]
[  141/79  473/237  377/237    45/79  221/237  161/237   -15/79   77/237   53/237   -39/79   41/237   53/237   -27/79  113/237  161/237]
[   21/79  293/237  377/237   105/79  581/237  701/237   225/79  977/237 1133/237   381/79 1481/237 1673/237   573/79 2093/237 2321/237]
[  643/79 1865/237 1655/237   433/79 1271/237 1097/237   259/79  785/237  647/237   121/79  407/237  305/237    19/79  137/237   71/237]
[  -47/79  -25/237  -55/237   -77/79     -1/3  -73/237   -71/79  -25/237   17/237   -29/79  137/237  215/237    49/79  407/237  521/237]
[  163/79  785/237  935/237   313/79 1271/237 1457/237   499/79 1865/237 2087/237   721/79 2093/237 1877/237   505/79 1481/237 1301/237]
[  325/79  977/237  833/237   181/79  581/237  473/237    73/79  293/237  221/237     1/79  113/237   77/237   -35/79   41/237   41/237]
[  -35/79   77/237  113/237     1/79  221/237  293/237    73/79  473/237  581/237   181/79  833/237  977/237   325/79 1301/237 1481/237]
[  505/79 1877/237 2093/237   721/79 2087/237 1865/237   499/79 1457/237 1271/237   313/79  935/237  785/237   163/79  521/237  407/237]
[   49/79  215/237  137/237   -29/79   17/237  -25/237   -71/79  -73/237     -1/3   -77/79  -55/237  -25/237   -47/79   71/237  137/237]
[   19/79  305/237  407/237   121/79  647/237  785/237   259/79 1097/237 1271/237   433/79 1655/237 1865/237   643/79 2321/237 2093/237]
[  573/79 1673/237 1481/237   381/79 1133/237  977/237   225/79  701/237  581/237   105/79  377/237  293/237    21/79  161/237  113/237]
[  -27/79   53/237   41/237   -39/79   53/237   77/237   -15/79  161/237  221/237    45/79  377/237  473/237   141/79  701/237  833/237]
[  273/79 1133/237 1301/237   441/79 1673/237 1877/237   645/79 2321/237 2087/237   569/79 1655/237 1457/237   371/79 1097/237  935/237]
[  209/79  647/237  521/237    83/79  305/237  215/237    -7/79   71/237   17/237   -61/79  -55/237  -73/237        0        0        0]
Testing obstruction for
m1: 6, m2: 12,a: 2
[      -1 -215/237 -149/237   -13/79  115/237  313/237   185/79  367/237  223/237    41/79   67/237   55/237    29/79  163/237  283/237]
[  149/79  655/237  433/237    85/79  121/237   31/237    -5/79  -17/237   25/237    37/79  241/237  415/237   211/79  421/237  253/237]
[   43/79   49/237   13/237     7/79   73/237  169/237   103/79  493/237  721/237   173/79  361/237  247/237    59/79  151/237  169/237]
[   77/79  337/237  487/237   227/79  445/237  253/237    35/79    1/237  -59/237   -25/79  -47/237   25/237    47/79  301/237  505/237]
[   93/79   97/237  -41/237   -45/79 -185/237 -191/237   -51/79  -71/237   55/237    75/79  439/237  697/237   175/79  397/237  313/237]
[   91/79  277/237  325/237   139/79      7/3  733/237   161/79  277/237  115/237    -1/79  -77/237 -107/237   -31/79  -35/237   67/237]
[   71/79  403/237  637/237   147/79  289/237  181/237    39/79   97/237  121/237    63/79  301/237  457/237   219/79  427/237  241/237]
[   33/79    1/237  -53/237   -21/79  -29/237   49/237    57/79  337/237  547/237   109/79  151/237   19/237   -23/79 -113/237 -113/237]
[  -23/79   19/237  151/237   109/79  547/237  337/237    57/79   49/237  -29/237   -21/79  -53/237    1/237    33/79  241/237  427/237]
[  219/79  457/237  301/237    63/79  121/237   97/237    39/79  181/237  289/237   147/79  637/237  403/237    71/79   67/237  -35/237]
[  -31/79 -107/237  -77/237    -1/79  115/237  277/237   161/79  733/237      7/3   139/79  325/237  277/237    91/79  313/237  397/237]
[  175/79  697/237  439/237    75/79   55/237  -71/237   -51/79 -191/237 -185/237   -45/79  -41/237   97/237    93/79  505/237  301/237]
[   47/79   25/237  -47/237   -25/79  -59/237    1/237    35/79  253/237  445/237   227/79  487/237  337/237    77/79  169/237  151/237]
[   59/79  247/237  361/237   173/79  721/237  493/237   103/79  169/237   73/237     7/79   13/237   49/237    43/79  253/237  421/237]
[  211/79  415/237  241/237    37/79   25/237  -17/237    -5/79   31/237  121/237    85/79  433/237  655/237   149/79  283/237  163/237]
[   29/79   55/237   67/237    41/79  223/237  367/237   185/79  313/237  115/237   -13/79 -149/237 -215/237        0        0        0]
[-215/237, -149/237]
67 [-215/237, 325/237]
Testing obstruction for
m1: 4, m2: 20,a: 3
[      -1 -223/237 -181/237   -37/79  -13/237  113/237    89/79  449/237  659/237   299/79  689/237  509/237   119/79  233/237  137/237]
[   23/79   29/237   17/237    11/79   77/237  149/237    83/79  377/237  533/237   239/79  929/237  695/237   163/79  311/237  161/237]
[   13/79  -55/237 -121/237   -53/79 -169/237 -151/237   -35/79  -31/237   71/237    67/79  359/237  545/237   253/79 1001/237  797/237]
[  207/79  473/237  353/237    87/79  197/237  161/237    51/79  173/237  221/237    99/79  401/237  533/237   231/79  881/237 1097/237]
[  289/79  665/237  491/237   115/79  227/237  137/237    25/79   41/237   35/237    19/79  107/237  185/237    97/79  425/237  587/237]
[  259/79  995/237  767/237   189/79      5/3  251/237    45/79   47/237  -13/237   -15/79  -49/237  -25/237     9/79  107/237  215/237]
[  117/79  515/237  707/237   309/79  701/237  503/237   111/79  191/237   77/237    -3/79  -67/237  -97/237   -33/79  -73/237  -19/237]
[   21/79  173/237  311/237   159/79  671/237  893/237   223/79  473/237  305/237    55/79   53/237  -31/237   -29/79 -115/237 -115/237]
[  -29/79  -31/237   53/237    55/79  305/237  473/237   223/79  893/237  671/237   159/79  311/237  173/237    21/79  -19/237  -73/237]
[  -33/79  -97/237  -67/237    -3/79   77/237  191/237   111/79  503/237  701/237   309/79  707/237  515/237   117/79  215/237  107/237]
[    9/79  -25/237  -49/237   -15/79  -13/237   47/237    45/79  251/237      5/3   189/79  767/237  995/237   259/79  587/237  425/237]
[   97/79  185/237  107/237    19/79   35/237   41/237    25/79  137/237  227/237   115/79  491/237  665/237   289/79 1097/237  881/237]
[  231/79  533/237  401/237    99/79  221/237  173/237    51/79  161/237  197/237    87/79  353/237  473/237   207/79  797/237 1001/237]
[  253/79  545/237  359/237    67/79   71/237  -31/237   -35/79 -151/237 -169/237   -53/79 -121/237  -55/237    13/79  161/237  311/237]
[  163/79  695/237  929/237   239/79  533/237  377/237    83/79  149/237   77/237    11/79   17/237   29/237    23/79  137/237  233/237]
[  119/79  509/237  689/237   299/79  659/237  449/237    89/79  113/237  -13/237   -37/79 -181/237 -223/237        0        0        0]
Testing obstruction for
m1: 60, m2: 60,a: 59
[      -1 -233/237 -221/237   -67/79 -173/237 -137/237   -31/79  -41/237   19/237    29/79  163/237  247/237   113/79  439/237  547/237]
[  221/79  787/237  919/237   353/79 1207/237 1363/237   509/79 1699/237 1879/237   689/79 2263/237 2467/237   893/79 2899/237 3127/237]
[ 1121/79 3133/237 2911/237   899/79 2491/237 2293/237   701/79 1921/237 1747/237   527/79 1423/237 1273/237   377/79  997/237  871/237]
[  251/79  643/237  541/237   149/79  361/237  283/237    71/79  151/237   97/237    17/79   13/237  -17/237   -13/79  -53/237  -59/237]
[  -19/79  -47/237  -29/237    -1/79   31/237   73/237    41/79  181/237  247/237   107/79  403/237  493/237   197/79  697/237  811/237]
[  311/79 1063/237 1201/237   449/79     19/3 1663/237   611/79 2011/237 2197/237   797/79 2593/237 2803/237  1007/79 3247/237 3481/237]
[ 1083/79 3025/237 2809/237   867/79 2401/237 2209/237   675/79 1849/237 1681/237   507/79 1369/237 1225/237   363/79  961/237  841/237]
[  243/79  625/237  529/237   147/79  361/237  289/237    75/79  169/237  121/237    27/79   49/237   25/237     3/79    1/237    1/237]
[    3/79   25/237   49/237    27/79  121/237  169/237    75/79  289/237  361/237   147/79  529/237  625/237   243/79  841/237  961/237]
[  363/79 1225/237 1369/237   507/79 1681/237 1849/237   675/79 2209/237 2401/237   867/79 2809/237 3025/237  1083/79 3481/237 3247/237]
[ 1007/79 2803/237 2593/237   797/79 2197/237 2011/237   611/79 1663/237     19/3   449/79 1201/237 1063/237   311/79  811/237  697/237]
[  197/79  493/237  403/237   107/79  247/237  181/237    41/79   73/237   31/237    -1/79  -29/237  -47/237   -19/79  -59/237  -53/237]
[  -13/79  -17/237   13/237    17/79   97/237  151/237    71/79  283/237  361/237   149/79  541/237  643/237   251/79  871/237  997/237]
[  377/79 1273/237 1423/237   527/79 1747/237 1921/237   701/79 2293/237 2491/237   899/79 2911/237 3133/237  1121/79 3127/237 2899/237]
[  893/79 2467/237 2263/237   689/79 1879/237 1699/237   509/79 1363/237 1207/237   353/79  919/237  787/237   221/79  547/237  439/237]
[  113/79  247/237  163/237    29/79   19/237  -41/237   -31/79 -137/237 -173/237   -67/79 -221/237 -233/237        0        0        0]
Unobstructed
16
---------------------------
---------------------------
13a2185
Correction terms
[      -1 -155/201  -17/201    71/67  133/201  145/201    83/67   43/201  -71/201   -31/67  -23/201  139/201    -3/67  -65/201  -29/201]
[   33/67  319/201  229/201    77/67  325/201  109/201    -5/67  -47/201   13/201    55/67    7/201  -59/201   -11/67   85/201  295/201]
[   65/67  187/201  271/201    15/67  -89/201 -131/201   -27/67   61/201  295/201    73/67  235/201  343/201    47/67   31/201   13/201]
[   29/67  253/201  109/201    19/67   97/201  229/201    17/67  -35/201  -29/201    23/67  259/201  139/201    37/67  175/201  331/201]
[   59/67  115/201  145/201    89/67   79/201  -17/201    -7/67      1/3  247/201    39/67   79/201  133/201    93/67  115/201   43/201]
[   21/67  175/201  -23/201   -43/67 -143/201  -65/201    35/67  367/201  319/201   121/67   97/201  -77/201   -53/67 -149/201  -47/201]
[   49/67   31/201    7/201    25/67  235/201   85/201     9/67   61/201  187/201     1/67  -89/201  -89/201     1/67  187/201   61/201]
[    9/67   85/201  235/201    25/67    7/201   31/201    49/67  -47/201 -149/201   -53/67  -77/201   97/201   121/67  319/201  367/201]
[   35/67  -65/201 -143/201   -43/67  -23/201  175/201    21/67   43/201  115/201    93/67  133/201   79/201    39/67  247/201      1/3]
[   -7/67  -17/201   79/201    89/67  145/201  115/201    59/67  331/201  175/201    37/67  139/201  259/201    23/67  -29/201  -35/201]
[   17/67  229/201   97/201    19/67  109/201  253/201    29/67   13/201   31/201    47/67  343/201  235/201    73/67  295/201   61/201]
[  -27/67 -131/201  -89/201    15/67  271/201  187/201    65/67  295/201   85/201   -11/67  -59/201    7/201    55/67   13/201  -47/201]
[   -5/67  109/201  325/201    77/67  229/201  319/201    33/67  -29/201  -65/201    -3/67  139/201  -23/201   -31/67  -71/201   43/201]
[   83/67  145/201  133/201    71/67  -17/201 -155/201        0        0        0        0        0        0        0        0        0]
Testing obstruction for
m1: 2, m2: 34,a: 0
[      -1  -61/201  -43/201   -49/67   29/201   83/201     5/67  227/201  317/201    95/67  533/201  659/201   221/67  947/201 1109/201]
[  383/67 1469/201 1667/201   447/67 1295/201 1127/201   279/67  827/201  695/201   147/67  467/201  371/201    51/67  215/201  155/201]
[   -9/67   71/201   47/201   -33/67   35/201   47/201   -21/67  107/201  155/201    27/67  287/201  371/201   111/67  575/201  695/201]
[  231/67  971/201 1127/201   387/67 1475/201 1667/201   445/67 1283/201 1109/201   271/67  797/201  659/201   133/67  419/201  317/201]
[   31/67  149/201   83/201   -35/67  -13/201  -43/201   -65/67     -1/3  -61/201   -59/67  -13/201   29/201   -17/67  149/201  227/201]
[   61/67  419/201  533/201   175/67  797/201  947/201   325/67 1283/201 1469/201   511/67 1475/201 1295/201   331/67  971/201  827/201]
[  187/67  575/201  467/201    79/67  287/201  215/201     7/67  107/201   71/201   -29/67   35/201   35/201   -29/67   71/201  107/201]
[    7/67  215/201  287/201    79/67  467/201  575/201   187/67  827/201  971/201   331/67 1295/201 1475/201   511/67 1469/201 1283/201]
[  325/67  947/201  797/201   175/67  533/201  419/201    61/67  227/201  149/201   -17/67   29/201  -13/201   -59/67  -61/201     -1/3]
[  -65/67  -43/201  -13/201   -35/67   83/201  149/201    31/67  317/201  419/201   133/67  659/201  797/201   271/67 1109/201 1283/201]
[  445/67 1667/201 1475/201   387/67 1127/201  971/201   231/67  695/201  575/201   111/67  371/201  287/201    27/67  155/201  107/201]
[  -21/67   47/201   35/201   -33/67   47/201   71/201    -9/67  155/201  215/201    51/67  371/201  467/201   147/67  695/201  827/201]
[  279/67 1127/201 1295/201   447/67 1667/201 1469/201   383/67 1109/201  947/201   221/67  659/201  533/201    95/67  317/201  227/201]
[    5/67   83/201   29/201   -49/67  -43/201  -61/201        0        0        0        0        0        0        0        0        0]
Testing obstruction for
m1: 4, m2: 16,a: 2
[      -1 -187/201 -145/201   -25/67   23/201  149/201   101/67  485/201  695/201   177/67  395/201  287/201    69/67  155/201  131/201]
[   45/67  167/201  227/201   105/67  431/201  575/201   249/67  545/201  371/201    75/67  107/201   17/201   -15/67  -79/201  -85/201]
[  -21/67  -13/201   65/201    57/67  305/201  467/201   219/67  473/201  317/201    63/67   89/201   17/201    -9/67  -43/201  -31/201]
[    3/67   77/201  173/201    99/67  449/201  629/201   145/67  269/201  131/201     7/67  -61/201 -115/201   -47/67 -139/201 -109/201]
[  -17/67   35/201  149/201    97/67  461/201  659/201   161/67      5/3  215/201    41/67   59/201   23/201     5/67   35/201   83/201]
[   53/67  263/201  395/201   185/67  743/201  557/201   133/67  269/201  167/201    31/67   47/201   29/201    13/67   77/201  143/201]
[   79/67  359/201  509/201   229/67  491/201  323/201    61/67   71/201  -13/201   -23/67  -97/201  -97/201   -23/67  -13/201   71/201]
[   61/67  323/201  491/201   229/67  509/201  359/201    79/67  143/201   77/201    13/67   29/201   47/201    31/67  167/201  269/201]
[  133/67  557/201  743/201   185/67  395/201  263/201    53/67   83/201   35/201     5/67   23/201   59/201    41/67  215/201      5/3]
[  161/67  659/201  461/201    97/67  149/201   35/201   -17/67 -109/201 -139/201   -47/67 -115/201  -61/201     7/67  131/201  269/201]
[  145/67  629/201  449/201    99/67  173/201   77/201     3/67  -31/201  -43/201    -9/67   17/201   89/201    63/67  317/201  473/201]
[  219/67  467/201  305/201    57/67   65/201  -13/201   -21/67  -85/201  -79/201   -15/67   17/201  107/201    75/67  371/201  545/201]
[  249/67  575/201  431/201   105/67  227/201  167/201    45/67  131/201  155/201    69/67  287/201  395/201   177/67  695/201  485/201]
[  101/67  149/201   23/201   -25/67 -145/201 -187/201        0        0        0        0        0        0        0        0        0]
Testing obstruction for
m1: 8, m2: 12,a: 6
[      -1 -173/201  -89/201    17/67  247/201   97/201     1/67  -35/201  -17/201    19/67  187/201  373/201    71/67  109/201   61/201]
[   23/67  133/201  253/201   143/67  259/201  145/201    29/67   85/201  139/201    83/67  415/201  235/201    37/67   43/201   31/201]
[   25/67  175/201  331/201    47/67    7/201  -71/201   -31/67  -59/201   31/201    59/67  379/201  235/201    49/67  115/201  139/201]
[   73/67  355/201  547/201   131/67  295/201  253/201    89/67  337/201  463/201    81/67   79/201  -29/201   -27/67  -77/201  -17/201]
[   33/67  271/201   97/201    -7/67  -83/201  -89/201   -13/67      1/3  229/201    15/67  -83/201 -155/201   -57/67 -131/201  -35/201]
[   39/67  325/201  187/201    35/67   79/201  109/201    65/67  337/201  535/201   129/67  295/201  259/201    93/67  355/201  487/201]
[   91/67  115/201   13/201   -11/67  -23/201   43/201    55/67  343/201  175/201    21/67    7/201    7/201    21/67  175/201  343/201]
[   55/67   43/201  -23/201   -11/67   13/201  115/201    91/67  487/201  355/201    93/67  259/201  295/201   129/67  535/201  337/201]
[   65/67  109/201   79/201    35/67  187/201  325/201    39/67  -35/201 -131/201   -57/67 -155/201  -83/201    15/67  229/201      1/3]
[  -13/67  -89/201  -83/201    -7/67   97/201  271/201    33/67  -17/201  -77/201   -27/67  -29/201   79/201    81/67  463/201  337/201]
[   89/67  253/201  295/201   131/67  547/201  355/201    73/67  139/201  115/201    49/67  235/201  379/201    59/67   31/201  -59/201]
[  -31/67  -71/201    7/201    47/67  331/201  175/201    25/67   31/201   43/201    37/67  235/201  415/201    83/67  139/201   85/201]
[   29/67  145/201  259/201   143/67  253/201  133/201    23/67   61/201  109/201    71/67  373/201  187/201    19/67  -17/201  -35/201]
[    1/67   97/201  247/201    17/67  -89/201 -173/201        0        0        0        0        0        0        0        0        0]
Testing obstruction for
m1: 18, m2: 18,a: 16
[      -1 -131/201   79/201     9/67  115/201  -59/201   -31/67   13/201  259/201    81/67  367/201  229/201    77/67  373/201  655/201]
[  225/67  835/201  733/201   257/67  547/201  463/201   173/67  313/201  247/201   107/67  133/201   85/201    59/67    7/201  -23/201]
[   29/67  -65/201  -77/201    17/67  -83/201  -77/201    23/67  -47/201  -23/201    47/67   43/201   85/201    89/67  187/201  247/201]
[  149/67  385/201  463/201   227/67  637/201  733/201   189/67  541/201  655/201   169/67  499/201  229/201    33/67  109/201  259/201]
[   49/67  175/201  -59/201   -51/67 -107/201   79/201     1/67      1/3 -131/201   -63/67 -107/201  115/201    25/67  175/201   13/201]
[   -3/67  109/201  367/201   121/67  499/201  373/201   129/67  541/201  835/201   289/67  637/201  547/201   199/67  385/201  313/201]
[  127/67  187/201  133/201    73/67   43/201    7/201    37/67  -47/201  -65/201    19/67  -83/201  -83/201    19/67  -65/201  -47/201]
[   37/67    7/201   43/201    73/67  133/201  187/201   127/67  313/201  385/201   199/67  547/201  637/201   289/67  835/201  541/201]
[  129/67  373/201  499/201   121/67  367/201  109/201    -3/67   13/201  175/201    25/67  115/201 -107/201   -63/67 -131/201      1/3]
[    1/67   79/201 -107/201   -51/67  -59/201  175/201    49/67  259/201  109/201    33/67  229/201  499/201   169/67  655/201  541/201]
[  189/67  733/201  637/201   227/67  463/201  385/201   149/67  247/201  187/201    89/67   85/201   43/201    47/67  -23/201  -47/201]
[   23/67  -77/201  -83/201    17/67  -77/201  -65/201    29/67  -23/201    7/201    59/67   85/201  133/201   107/67  247/201  313/201]
[  173/67  463/201  547/201   257/67  733/201  835/201   225/67  655/201  373/201    77/67  229/201  367/201    81/67  259/201   13/201]
[  -31/67  -59/201  115/201     9/67   79/201 -131/201        0        0        0        0        0        0        0        0        0]
[-131/201, 79/201, 9/67, 115/201, -59/201, -31/67, 13/201, 259/201, 81/67, 367/201, 229/201, 77/67, 373/201, 655/201, 225/67, 835/201, 733/201, 257/67, 547/201, 463/201, 173/67, 313/201, 247/201, 107/67, 133/201, 85/201, 59/67, 7/201, -23/201, 29/67, -65/201, -77/201, 17/67, -83/201]
35 [-131/201, 79/201, 9/67, 115/201, -59/201, -31/67, 13/201, -143/201, -53/67, -35/201, 229/201, 77/67, -29/201, -149/201, -43/67, 31/201, -71/201, -11/67, 145/201, 61/201, 39/67, -89/201, -155/201, -27/67, 133/201, 85/201, 59/67, 7/201, -23/201, 29/67, -65/201, -77/201, 17/67, 319/201]
---------------------------
SUCCESS for name = 13a2185
---------------------------
13a2194
Correction terms
[      -1   89/329   27/329  143/329 -221/329  251/329 -415/329   -35/47  103/329  -29/329   17/329 -417/329  -15/329  -93/329     1/47]
[ 285/329   83/329   59/329  213/329 -113/329 -261/329   -33/47  -23/329 -295/329 -389/329 -305/329  -43/329 -261/329    51/47 -163/329]
[ 153/329  -11/329    3/329 -463/329  -93/329   -29/47 -135/329 -547/329 -123/329 -179/329  -57/329  243/329     9/47   61/329 -421/329]
[ -67/329 -193/329     -3/7   89/329   -23/47 -233/329 -127/329  157/329  -39/329  -57/329  103/329   -31/47 -359/329 -323/329 -109/329]
[-375/329  195/329 -373/329   -15/47 -317/329  307/329 -207/329  115/329  -43/329  -23/329   -69/47 -107/329 -211/329 -137/329  115/329]
[-113/329 -163/329    -5/47  271/329   97/329  101/329 -375/329  -15/329 -135/329   -11/47  159/329  -85/329 -151/329  -39/329 -407/329]
[  61/329     7/47  215/329  -99/329     -5/7 -193/329   27/329 -233/329    49/47 -219/329   55/329 -151/329 -179/329  -29/329 -359/329]
[   21/47 -485/329 -281/329  101/329    3/329   83/329  341/329    17/47   75/329 -449/329 -137/329 -305/329 -295/329 -107/329   -57/47]
[-513/329  209/329 -207/329  213/329  153/329  271/329   -13/47 -275/329 -281/329 -109/329 -417/329  111/329 -499/329   -39/47  131/329]
[  55/329  157/329 -221/329  237/329 -443/329   -41/47      1/7  -99/329  -67/329  143/329 -127/329 -219/329   -19/47  131/329  -85/329]
[-123/329   17/329 -323/329 -485/329    27/47 -275/329   97/329  -11/329   59/329 -351/329   75/329     3/47  145/329 -211/329 -389/329]
[-389/329 -211/329  145/329     3/47   75/329 -351/329   59/329  -11/329   97/329 -275/329    27/47 -485/329 -323/329   17/329 -123/329]
[ -85/329  131/329   -19/47 -219/329 -127/329  143/329  -67/329  -99/329      1/7   -41/47 -443/329  237/329 -221/329  157/329   55/329]
[ 131/329   -39/47 -499/329  111/329 -417/329 -109/329 -281/329 -275/329   -13/47  271/329  153/329  213/329 -207/329  209/329 -513/329]
[  -57/47 -107/329 -295/329 -305/329 -137/329 -449/329   75/329    17/47  341/329   83/329    3/329  101/329 -281/329 -485/329    21/47]
[-359/329  -29/329 -179/329 -151/329   55/329 -219/329    49/47 -233/329   27/329 -193/329     -5/7  -99/329  215/329     7/47   61/329]
[-407/329  -39/329 -151/329  -85/329  159/329   -11/47 -135/329  -15/329 -375/329  101/329   97/329  271/329    -5/47 -163/329 -113/329]
[ 115/329 -137/329 -211/329 -107/329   -69/47  -23/329  -43/329  115/329 -207/329  307/329 -317/329   -15/47 -373/329  195/329 -375/329]
[-109/329 -323/329 -359/329   -31/47  103/329  -57/329  -39/329  157/329 -127/329 -233/329   -23/47   89/329     -3/7 -193/329  -67/329]
[-421/329   61/329     9/47  243/329  -57/329 -179/329 -123/329 -547/329 -135/329   -29/47  -93/329 -463/329    3/329  -11/329  153/329]
[-163/329    51/47 -261/329  -43/329 -305/329 -389/329 -295/329  -23/329   -33/47 -261/329 -113/329  213/329   59/329   83/329  285/329]
[    1/47  -93/329  -15/329 -417/329   17/329  -29/329  103/329   -35/47 -415/329  251/329 -221/329  143/329   27/329   89/329        0]
Testing obstruction for
m1: 4, m2: 24,a: 0
[      -1 -221/329  103/329  -15/329   83/329  397/329  269/329    51/47  661/329 1181/329 1259/329 1553/329 2063/329 1473/329   157/47]
[ 941/329  999/329  615/329  447/329  495/329  101/329   -11/47  -39/329  215/329   27/329   55/329  299/329  101/329    17/47  353/329]
[ 803/329  811/329 1035/329 1475/329 1473/329   241/47 1459/329 1447/329  993/329  755/329  733/329  269/329     3/47  -11/329  173/329]
[ -85/329 -127/329      1/7 -221/329   -39/47 -109/329  271/329  209/329  363/329  733/329  661/329   115/47 1165/329 1741/329 1875/329]
[1567/329 1475/329  941/329    89/47  521/329  635/329  307/329  195/329  299/329  -39/329   -23/47  -67/329  243/329  111/329  195/329]
[ 495/329  353/329    61/47  717/329 1223/329 1287/329 1567/329 2063/329 1459/329   153/47  899/329  943/329  545/329  363/329  397/329]
[ -11/329   -29/47 -179/329   61/329     -3/7 -127/329  103/329 -109/329   -15/47  115/329  551/329  545/329  755/329 1181/329 1165/329]
[  195/47 1781/329 1755/329 1287/329 1035/329  999/329  521/329    37/47  213/329  383/329  111/329   55/329  215/329  -67/329   -19/47]
[  17/329  383/329  307/329  447/329  803/329  717/329   121/47 1193/329 1755/329 1875/329 1553/329 1447/329  899/329    81/47  451/329]
[ 551/329  209/329   83/329  173/329 -179/329   -45/47     -5/7   61/329  -85/329  -15/329  271/329  115/329    25/47  451/329  943/329]
[ 993/329 1259/329 1741/329 1781/329   197/47 1193/329 1223/329  811/329  615/329  635/329  213/329     1/47   17/329  243/329   27/329]
[  27/329  243/329   17/329     1/47  213/329  635/329  615/329  811/329 1223/329 1193/329   197/47 1781/329 1741/329 1259/329  993/329]
[ 943/329  451/329    25/47  115/329  271/329  -15/329  -85/329   61/329     -5/7   -45/47 -179/329  173/329   83/329  209/329  551/329]
[ 451/329    81/47  899/329 1447/329 1553/329 1875/329 1755/329 1193/329   121/47  717/329  803/329  447/329  307/329  383/329   17/329]
[  -19/47  -67/329  215/329   55/329  111/329  383/329  213/329    37/47  521/329  999/329 1035/329 1287/329 1755/329 1781/329   195/47]
[1165/329 1181/329  755/329  545/329  551/329  115/329   -15/47 -109/329  103/329 -127/329     -3/7   61/329 -179/329   -29/47  -11/329]
[ 397/329  363/329  545/329  943/329  899/329   153/47 1459/329 2063/329 1567/329 1287/329 1223/329  717/329    61/47  353/329  495/329]
[ 195/329  111/329  243/329  -67/329   -23/47  -39/329  299/329  195/329  307/329  635/329  521/329    89/47  941/329 1475/329 1567/329]
[1875/329 1741/329 1165/329   115/47  661/329  733/329  363/329  209/329  271/329 -109/329   -39/47 -221/329      1/7 -127/329  -85/329]
[ 173/329  -11/329     3/47  269/329  733/329  755/329  993/329 1447/329 1459/329   241/47 1473/329 1475/329 1035/329  811/329  803/329]
[ 353/329    17/47  101/329  299/329   55/329   27/329  215/329  -39/329   -11/47  101/329  495/329  447/329  615/329  999/329  941/329]
[  157/47 1473/329 2063/329 1553/329 1259/329 1181/329  661/329    51/47  269/329  397/329   83/329  -15/329  103/329 -221/329        0]
[-221/329, 103/329, -15/329, 83/329, 397/329, 269/329, 51/47, 661/329, 1181/329, 1259/329, 1553/329, 2063/329, 1473/329, 157/47, 941/329, 999/329, 615/329, 447/329, 495/329, 101/329, -11/47, -39/329, 215/329, 27/329, 55/329, 299/329, 101/329, 17/47, 353/329, 803/329, 811/329, 1035/329, 1475/329, 1473/329, 241/47, 1459/329, 1447/329, 993/329, 755/329, 733/329, 269/329, 3/47, -11/329, 173/329, -85/329, -127/329, 1/7, -221/329, -39/47, -109/329, 271/329, 209/329, 363/329, 733/329, 661/329, 115/47, 1165/329, 1741/329, 1875/329, 1567/329, 1475/329, 941/329, 89/47, 521/329, 635/329, 307/329, 195/329, 299/329, -39/329, -23/47, -67/329, 243/329, 111/329, 195/329, 495/329, 353/329, 61/47, 717/329, 1223/329, 1287/329, 1567/329, 2063/329, 1459/329, 153/47, 899/329, 943/329, 545/329, 363/329, 397/329, -11/329, -29/47, -179/329, 61/329, -3/7, -127/329, 103/329, -109/329, -15/47, 115/329, 551/329, 545/329, 755/329, 1181/329, 1165/329, 195/47, 1781/329, 1755/329, 1287/329, 1035/329, 999/329, 521/329, 37/47, 213/329, 383/329, 111/329, 55/329, 215/329, -67/329, -19/47, 17/329, 383/329, 307/329, 447/329, 803/329, 717/329, 121/47, 1193/329, 1755/329, 1875/329, 1553/329, 1447/329, 899/329, 81/47, 451/329, 551/329, 209/329, 83/329, 173/329, -179/329, -45/47]
4 [-221/329, 103/329, -15/329, 83/329, -261/329, -389/329, 51/47, 3/329, -135/329, -57/329, -421/329, 89/329, 157/329, -31/47, -375/329, -317/329, -43/329, -211/329, -163/329, 101/329, -11/47, -39/329, 215/329, 27/329, 55/329, -359/329, 101/329, 17/47, -305/329, -513/329, 153/329, -281/329, -499/329, 157/329, -41/47, 143/329, 131/329, -323/329, 97/329, 75/329, -389/329, 3/47, -11/329, -485/329, -85/329, -127/329, 1/7, -221/329, -39/47, -109/329, 271/329, 209/329, -295/329, 75/329, 3/329, 21/47, -151/329, -233/329, -99/329, -407/329, 159/329, -375/329, -5/47, -137/329, -23/329, 307/329, 195/329, -359/329, -39/329, -23/47, -67/329, 243/329, -547/329, -463/329, -163/329, -305/329, -33/47, 59/329, -93/329, -29/329, 251/329, 89/329, 143/329, -35/47, -417/329, 285/329, -113/329, -295/329, -261/329, -11/329, -29/47, -179/329, 61/329, -3/7, -127/329, 103/329, -109/329, -15/47, 115/329, -107/329, -113/329, 97/329, -135/329, -151/329, 7/47, -193/329, -219/329, -29/329, -281/329, 341/329, -137/329, -57/47, 213/329, -275/329, 111/329, 55/329, -443/329, -67/329, -19/47, 17/329, -275/329, -351/329, -211/329, 145/329, 59/329, 27/47, -123/329, -219/329, -99/329, 237/329, 131/329, -417/329, -13/47, -207/329, -107/329, -449/329, 83/329, -485/329, -179/329, 49/47]
[-221/329, 103/329, -15/329, 83/329, 397/329, 269/329, 51/47, 661/329, 1181/329, 1259/329, 1553/329, 2063/329, 1473/329, 157/47, 941/329, 999/329, 615/329, 447/329, 495/329, 101/329, -11/47, -39/329, 215/329, 27/329, 55/329, 299/329, 101/329, 17/47, 353/329, 803/329, 811/329, 1035/329, 1475/329, 1473/329, 241/47, 1459/329, 1447/329, 993/329, 755/329, 733/329, 269/329, 3/47, -11/329, 173/329, -85/329, -127/329, 1/7, -221/329, -39/47, -109/329, 271/329, 209/329, 363/329, 733/329, 661/329, 115/47, 1165/329, 1741/329, 1875/329, 1567/329, 1475/329, 941/329, 89/47, 521/329, 635/329, 307/329, 195/329, 299/329, -39/329, -23/47, -67/329, 243/329, 111/329, 195/329, 495/329, 353/329, 61/47, 717/329, 1223/329, 1287/329, 1567/329, 2063/329, 1459/329, 153/47, 899/329, 943/329, 545/329, 363/329, 397/329, -11/329, -29/47, -179/329, 61/329, -3/7, -127/329, 103/329, -109/329, -15/47, 115/329, 551/329, 545/329, 755/329, 1181/329, 1165/329, 195/47, 1781/329, 1755/329, 1287/329, 1035/329, 999/329, 521/329, 37/47, 213/329, 383/329, 111/329, 55/329, 215/329, -67/329, -19/47, 17/329, 383/329, 307/329, 447/329, 803/329, 717/329, 121/47, 1193/329, 1755/329, 1875/329, 1553/329, 1447/329, 899/329, 81/47, 451/329, 551/329, 209/329, 83/329, 173/329, -179/329, -45/47]
137 [-221/329, 103/329, -15/329, 83/329, -261/329, -389/329, 51/47, 3/329, -135/329, -57/329, 237/329, 89/329, 157/329, -31/47, -375/329, 341/329, -43/329, -211/329, -163/329, 101/329, -11/47, -39/329, -443/329, 27/329, 55/329, -359/329, 101/329, 17/47, -305/329, 145/329, 153/329, -281/329, 159/329, 157/329, -41/47, 143/329, 131/329, -323/329, 97/329, 75/329, -389/329, 3/47, -11/329, -485/329, -85/329, -127/329, 1/7, -221/329, -39/47, -109/329, 271/329, -449/329, -295/329, 75/329, 3/329, 21/47, -151/329, -233/329, -99/329, 251/329, -499/329, -375/329, -5/47, -137/329, -23/329, -351/329, -463/329, -359/329, -39/329, -23/47, -67/329, -415/329, 111/329, 195/329, -163/329, -305/329, -33/47, 59/329, -93/329, -29/329, -407/329, 89/329, 143/329, -35/47, -417/329, -373/329, -113/329, -295/329, -261/329, -11/329, -29/47, -179/329, 61/329, -3/7, -127/329, 103/329, -109/329, -15/47, 115/329, -107/329, -113/329, 97/329, -135/329, -151/329, 7/47, -193/329, -219/329, -29/329, -281/329, -317/329, -137/329, -57/47, 213/329, -275/329, -547/329, 55/329, 215/329, -67/329, -19/47, 17/329, -275/329, 307/329, -211/329, -513/329, 59/329, 27/47, -123/329, -219/329, -99/329, -421/329, 131/329, -417/329, -13/47, -207/329, -107/329, 209/329, 83/329, -485/329, -179/329, 49/47]
Testing obstruction for
m1: 2, m2: 56,a: 1
[      -1 -323/329 -305/329 -275/329 -233/329 -179/329 -113/329    -5/47   55/329  157/329  271/329  397/329  535/329  685/329   121/47]
[1021/329 1207/329 1405/329 1615/329 1837/329 2071/329   331/47 2575/329 2845/329 3127/329 3421/329 3727/329 4045/329   625/47 4059/329]
[3755/329 3463/329 3183/329 2915/329 2659/329   345/47 2183/329 1963/329 1755/329 1559/329 1375/329 1203/329   149/47  895/329  759/329]
[ 635/329  523/329      9/7  335/329    37/47  195/329  143/329  103/329   75/329   59/329   55/329     9/47   83/329  115/329  159/329]
[ 215/329  283/329  363/329    65/47  559/329  675/329  803/329  943/329 1095/329 1259/329   205/47 1623/329 1823/329 2035/329 2259/329]
[2495/329 2743/329   429/47 3275/329 3559/329 3855/329 4163/329 4483/329 4157/329   549/47 3541/329 3251/329 2973/329 2707/329 2453/329]
[2211/329   283/47 1763/329 1557/329     29/7 1181/329 1011/329  853/329   101/47  573/329  451/329  341/329  243/329  157/329   83/329]
[    3/47  -29/329  -67/329  -93/329 -107/329 -109/329  -99/329   -11/47  -43/329    3/329   61/329  131/329  213/329  307/329    59/47]
[ 531/329  661/329  803/329  957/329 1123/329 1301/329   213/47 1693/329 1907/329 2133/329 2371/329 2621/329 2883/329   451/47 3443/329]
[3741/329 4051/329 4373/329 4049/329 3737/329   491/47     67/7 2873/329 2609/329 2357/329 2117/329 1889/329   239/47 1469/329 1277/329]
[1097/329  929/329  773/329  629/329    71/47  377/329  269/329  173/329   89/329   17/329  -43/329   -13/47 -127/329 -151/329 -163/329]
[-163/329 -151/329 -127/329   -13/47  -43/329   17/329   89/329  173/329  269/329  377/329    71/47  629/329  773/329  929/329 1097/329]
[1277/329 1469/329   239/47 1889/329 2117/329 2357/329 2609/329 2873/329     67/7   491/47 3737/329 4049/329 4373/329 4051/329 3741/329]
[3443/329   451/47 2883/329 2621/329 2371/329 2133/329 1907/329 1693/329   213/47 1301/329 1123/329  957/329  803/329  661/329  531/329]
[   59/47  307/329  213/329  131/329   61/329    3/329  -43/329   -11/47  -99/329 -109/329 -107/329  -93/329  -67/329  -29/329     3/47]
[  83/329  157/329  243/329  341/329  451/329  573/329   101/47  853/329 1011/329 1181/329     29/7 1557/329 1763/329   283/47 2211/329]
[2453/329 2707/329 2973/329 3251/329 3541/329   549/47 4157/329 4483/329 4163/329 3855/329 3559/329 3275/329   429/47 2743/329 2495/329]
[2259/329 2035/329 1823/329 1623/329   205/47 1259/329 1095/329  943/329  803/329  675/329  559/329    65/47  363/329  283/329  215/329]
[ 159/329  115/329   83/329     9/47   55/329   59/329   75/329  103/329  143/329  195/329    37/47  335/329      9/7  523/329  635/329]
[ 759/329  895/329   149/47 1203/329 1375/329 1559/329 1755/329 1963/329 2183/329   345/47 2659/329 2915/329 3183/329 3463/329 3755/329]
[4059/329   625/47 4045/329 3727/329 3421/329 3127/329 2845/329 2575/329   331/47 2071/329 1837/329 1615/329 1405/329 1207/329 1021/329]
[  121/47  685/329  535/329  397/329  271/329  157/329   55/329    -5/47 -113/329 -179/329 -233/329 -275/329 -305/329 -323/329        0]
Unobstructed
58
---------------------------
---------------------------
13a2203
Correction terms
[      -1 -137/333 -215/333    11/37  139/333  -95/333     7/37  -53/333  223/333    25/37  -47/333   73/333    -9/37  157/333  121/333]
[  -21/37 -107/333 -299/333   -11/37 -173/333  145/333    21/37  -41/333  121/333     1/37  289/333  295/333     3/37  151/333    1/333]
[   27/37  211/333  -95/333    -1/37 -197/333    7/333    -7/37      7/9  307/333     9/37  247/333  139/333    47/37  433/333  169/333]
[   33/37  151/333  397/333    41/37   67/333  157/333    -3/37  181/333  115/333   -25/37 -173/333 -395/333   -25/37 -329/333  -41/333]
[   -3/37 -287/333 -155/333   -33/37  -47/333  -71/333    33/37  391/333  211/333    47/37  361/333   25/333     9/37 -137/333      1/9]
[   -7/37  229/333  247/333    -1/37  127/333  -11/333    27/37  223/333  -71/333     3/37 -149/333   67/333     1/37 -323/333 -263/333]
[  -53/37 -299/333 -395/333   -11/37  -77/333 -329/333   -21/37 -323/333  -65/333    -9/37  295/333  397/333    25/37  445/333  391/333]
[    7/37  127/333  -83/333    11/37    7/333  307/333        1   85/333  229/333    11/37  361/333  349/333     7/37  169/333    1/333]
[   25/37  175/333 -149/333    -9/37 -287/333 -101/333   -21/37  115/333  145/333   -11/37   49/333  -77/333    21/37  181/333 -101/333]
[    1/37 -155/333   73/333     3/37  373/333  445/333    27/37  433/333  349/333    -1/37   25/333 -215/333    -7/37     -5/9   85/333]
[    9/37 -197/333  -83/333   -27/37  -11/333  -53/333    33/37  373/333  175/333    41/37  289/333  -65/333    -3/37 -263/333 -107/333]
[  -25/37   49/333   49/333   -25/37 -107/333 -263/333    -3/37  -65/333  289/333    41/37  175/333  373/333    33/37  -53/333  -11/333]
[  -27/37  -83/333 -197/333     9/37   85/333     -5/9    -7/37 -215/333   25/333    -1/37  349/333  433/333    27/37  445/333  373/333]
[    3/37   73/333 -155/333     1/37 -101/333  181/333    21/37  -77/333   49/333   -11/37  145/333  115/333   -21/37 -101/333 -287/333]
[   -9/37 -149/333  175/333    25/37    1/333  169/333     7/37  349/333  361/333    11/37  229/333   85/333        1  307/333    7/333]
[   11/37  -83/333  127/333     7/37  391/333  445/333    25/37  397/333  295/333    -9/37  -65/333 -323/333   -21/37 -329/333  -77/333]
[  -11/37 -395/333 -299/333   -53/37 -263/333 -323/333     1/37   67/333 -149/333     3/37  -71/333  223/333    27/37  -11/333  127/333]
[   -1/37  247/333  229/333    -7/37      1/9 -137/333     9/37   25/333  361/333    47/37  211/333  391/333    33/37  -71/333  -47/333]
[  -33/37 -155/333 -287/333    -3/37  -41/333 -329/333   -25/37 -395/333 -173/333   -25/37  115/333  181/333    -3/37  157/333   67/333]
[   41/37  397/333  151/333    33/37  169/333  433/333    47/37  139/333  247/333     9/37  307/333      7/9    -7/37    7/333 -197/333]
[   -1/37  -95/333  211/333    27/37    1/333  151/333     3/37  295/333  289/333     1/37  121/333  -41/333    21/37  145/333 -173/333]
[  -11/37 -299/333 -107/333   -21/37  121/333  157/333    -9/37   73/333  -47/333    25/37  223/333  -53/333     7/37  -95/333  139/333]
[   11/37 -215/333 -137/333        0        0        0        0        0        0        0        0        0        0        0        0]
Testing obstruction for
m1: 2, m2: 56,a: 0
Obstructed by Z^n/Q not being cyclic
Testing obstruction for
m1: 12, m2: 12,a: 7
[      -1 -287/333 -149/333     9/37  403/333  817/333    73/37  589/333  613/333    81/37  937/333  571/333    33/37  115/333   25/333]
[    3/37  121/333  307/333    65/37  289/333   85/333    -3/37  -47/333   25/333    21/37  445/333  793/333    63/37  433/333  391/333]
[   49/37  583/333  817/333    53/37  229/333   73/333     1/37      1/9  157/333    41/37  673/333  403/333    25/37  139/333  145/333]
[   27/37  433/333  715/333    47/37  223/333  115/333    11/37  175/333  343/333    67/37  289/333   67/333    -7/37 -101/333  -47/333]
[   11/37  337/333  667/333   121/37  937/333  877/333   101/37 1033/333  583/333    25/37  -41/333 -215/333   -33/37 -287/333     -5/9]
[    1/37  295/333  673/333    53/37  373/333  361/333    49/37  613/333  877/333    63/37  349/333  223/333    21/37  247/333  397/333]
[   71/37  307/333   67/333    -9/37 -137/333 -101/333     3/37  247/333  559/333   107/37  793/333  715/333    81/37  835/333 1033/333]
[   73/37  373/333  181/333     9/37   73/333  157/333        1  601/333  295/333     9/37  -41/333  -71/333    -1/37  145/333  391/333]
[   81/37  493/333  349/333    33/37  337/333  469/333    77/37  343/333   85/333    -9/37 -155/333 -137/333    -3/37  175/333  469/333]
[   95/37  667/333  571/333    63/37  655/333  835/333    49/37  139/333  -71/333   -21/37 -215/333 -149/333     1/37      7/9  601/333]
[   41/37  229/333  181/333    25/37  361/333  589/333   101/37  655/333  493/333    47/37  445/333  559/333    85/37  397/333  121/333]
[   -7/37 -155/333 -155/333    -7/37  121/333  397/333    85/37  559/333  445/333    47/37  493/333  655/333   101/37  589/333  361/333]
[   25/37  181/333  229/333    41/37  601/333      7/9     1/37 -149/333 -215/333   -21/37  -71/333  139/333    49/37  835/333  655/333]
[   63/37  571/333  667/333    95/37  469/333  175/333    -3/37 -137/333 -155/333    -9/37   85/333  343/333    77/37  469/333  337/333]
[   33/37  349/333  493/333    81/37  391/333  145/333    -1/37  -71/333  -41/333     9/37  295/333  601/333        1  157/333   73/333]
[    9/37  181/333  373/333    73/37 1033/333  835/333    81/37  715/333  793/333   107/37  559/333  247/333     3/37 -101/333 -137/333]
[   -9/37   67/333  307/333    71/37  397/333  247/333    21/37  223/333  349/333    63/37  877/333  613/333    49/37  361/333  373/333]
[   53/37  673/333  295/333     1/37     -5/9 -287/333   -33/37 -215/333  -41/333    25/37  583/333 1033/333   101/37  877/333  937/333]
[  121/37  667/333  337/333    11/37  -47/333 -101/333    -7/37   67/333  289/333    67/37  343/333  175/333    11/37  115/333  223/333]
[   47/37  715/333  433/333    27/37  145/333  139/333    25/37  403/333  673/333    41/37  157/333      1/9     1/37   73/333  229/333]
[   53/37  817/333  583/333    49/37  391/333  433/333    63/37  793/333  445/333    21/37   25/333  -47/333    -3/37   85/333  289/333]
[   65/37  307/333  121/333     3/37   25/333  115/333    33/37  571/333  937/333    81/37  613/333  589/333    73/37  817/333  403/333]
[    9/37 -149/333 -287/333        0        0        0        0        0        0        0        0        0        0        0        0]
Unobstructed
61
---------------------------
---------------------------
13a2238
Correction terms
[      -1  -17/205 -273/205 -153/205  -67/205    -3/41    3/205  -13/205  -63/205 -147/205    29/41   -7/205 -193/205   -3/205  153/205]
[  -27/41  -47/205    7/205   27/205 -397/205    -7/41 -117/205 -233/205 -383/205 -157/205     7/41 -217/205  -93/205   -3/205   53/205]
[  -67/41   63/205   17/205  -63/205 -177/205    17/41  -97/205   97/205 -153/205  -27/205   -69/41      3/5 -263/205 -273/205 -317/205]
[    3/41  -97/205 -243/205  -13/205 -227/205   -13/41 -347/205  157/205 -193/205 -167/205   -35/41  193/205 -293/205    7/205 -137/205]
[   19/41 -117/205   47/205 -233/205 -137/205   -15/41  -47/205  -53/205  -93/205 -167/205   -55/41   -7/205 -183/205   17/205 -227/205]
[  -19/41    3/205   67/205 -313/205   93/205    11/41  -17/205     -3/5  147/205  -27/205   -47/41  -67/205   67/205 -243/205 -177/205]
[  -29/41 -147/205 -183/205 -253/205   53/205   -17/41 -257/205  -53/205  117/205 -157/205   -11/41   13/205   47/205   47/205   13/205]
[  -11/41 -157/205  117/205  -53/205 -257/205   -17/41   53/205 -253/205 -183/205 -147/205   -29/41 -177/205 -243/205   67/205  -67/205]
[  -47/41  -27/205  147/205     -3/5  -17/205    11/41   93/205 -313/205   67/205    3/205   -19/41 -227/205   17/205 -183/205   -7/205]
[  -55/41 -167/205  -93/205  -53/205  -47/205   -15/41 -137/205 -233/205   47/205 -117/205    19/41 -137/205    7/205 -293/205  193/205]
[  -35/41 -167/205 -193/205  157/205 -347/205   -13/41 -227/205  -13/205 -243/205  -97/205     3/41 -317/205 -273/205 -263/205      3/5]
[  -69/41  -27/205 -153/205   97/205  -97/205    17/41 -177/205  -63/205   17/205   63/205   -67/41   53/205   -3/205  -93/205 -217/205]
[    7/41 -157/205 -383/205 -233/205 -117/205    -7/41 -397/205   27/205    7/205  -47/205   -27/41  153/205   -3/205 -193/205   -7/205]
[   29/41 -147/205  -63/205  -13/205    3/205    -3/41  -67/205 -153/205 -273/205  -17/205        0        0        0        0        0]
Testing obstruction for
m1: 6, m2: 10,a: 1
[      -1 -183/205 -117/205   -7/205  147/205    69/41  177/205   53/205  -27/205  -63/205   -11/41   -3/205   93/205  233/205  417/205]
[   47/41   97/205    3/205  -47/205  -53/205    -3/41   67/205  193/205  363/205  577/205    85/41  317/205  253/205  233/205  257/205]
[   65/41  437/205  593/205  383/205  217/205    19/41   17/205  -17/205   -7/205   47/205    29/41      7/5  473/205  293/205  157/205]
[   13/41   17/205   13/205   53/205  137/205    53/41  437/205  243/205   93/205  -13/205   -15/41  -93/205  -67/205    3/205  117/205]
[   55/41  477/205  313/205  193/205  117/205    17/41   97/205  153/205  253/205  397/205   117/41  407/205  273/205  183/205  137/205]
[   27/41  177/205  263/205  393/205  567/205    75/41  227/205      3/5   63/205   47/205    15/41  147/205  263/205  423/205  217/205]
[   11/41  -63/205 -137/205 -167/205 -153/205   -19/41    7/205  153/205  343/205  167/205     7/41  -53/205  -97/205  -97/205  -53/205]
[    7/41  167/205  343/205  153/205    7/205   -19/41 -153/205 -167/205 -137/205  -63/205    11/41  217/205  423/205  263/205  147/205]
[   15/41   47/205   63/205      3/5  227/205    75/41  567/205  393/205  263/205  177/205    27/41  137/205  183/205  273/205  407/205]
[  117/41  397/205  253/205  153/205   97/205    17/41  117/205  193/205  313/205  477/205    55/41  117/205    3/205  -67/205  -93/205]
[  -15/41  -13/205   93/205  243/205  437/205    53/41  137/205   53/205   13/205   17/205    13/41  157/205  293/205  473/205      7/5]
[   29/41   47/205   -7/205  -17/205   17/205    19/41  217/205  383/205  593/205  437/205    65/41  257/205  233/205  253/205  317/205]
[   85/41  577/205  363/205  193/205   67/205    -3/41  -53/205  -47/205    3/205   97/205    47/41  417/205  233/205   93/205   -3/205]
[  -11/41  -63/205  -27/205   53/205  177/205    69/41  147/205   -7/205 -117/205 -183/205        0        0        0        0        0]
Unobstructed
72
---------------------------
---------------------------
