12a371
Correction terms
[     -1   41/97 -127/97  -19/97  -23/97   55/97   21/97   69/97    5/97   23/97  -71/97  -83/97  -13/97  -55/97  -15/97]
[ -87/97  117/97   15/97   -5/97 -137/97    7/97 -155/97  -41/97  -39/97   45/97   17/97   71/97   13/97   37/97  -51/97]
[ -57/97   19/97  -17/97   29/97  -37/97  -21/97 -117/97   63/97  -63/97   87/97  -69/97   51/97 -135/97  -45/97  -67/97]
[  -7/97  -59/97  -29/97   83/97   83/97  -29/97  -59/97   -7/97  -67/97  -45/97 -135/97   51/97  -69/97   87/97  -63/97]
[  63/97 -117/97  -21/97  -37/97   29/97  -17/97   19/97  -57/97  -51/97   37/97   13/97   71/97   17/97   45/97  -39/97]
[ -41/97 -155/97    7/97 -137/97   -5/97   15/97  117/97  -87/97  -15/97  -55/97  -13/97  -83/97  -71/97   23/97    5/97]
[  69/97   21/97   55/97  -23/97  -19/97 -127/97   41/97       0       0       0       0       0       0       0       0]
Testing obstruction for
m1: 4, m2: 10,a: 3
[    -1 -83/97 -41/97  29/97 127/97  59/97  19/97   7/97  23/97  67/97 139/97  45/97 -21/97 -59/97 -69/97]
[-51/97  -5/97  69/97 171/97 107/97  71/97  63/97  83/97 131/97 207/97 117/97  55/97  21/97  15/97  37/97]
[ 87/97 165/97  77/97  17/97 -15/97 -19/97   5/97  57/97 137/97  51/97  -7/97 -37/97 -39/97 -13/97  41/97]
[123/97  39/97 -17/97 -45/97 -45/97 -17/97  39/97 123/97  41/97 -13/97 -39/97 -37/97  -7/97  51/97 137/97]
[ 57/97   5/97 -19/97 -15/97  17/97  77/97 165/97  87/97  37/97  15/97  21/97  55/97 117/97 207/97 131/97]
[ 83/97  63/97  71/97 107/97 171/97  69/97  -5/97 -51/97 -69/97 -59/97 -21/97  45/97 139/97  67/97  23/97]
[  7/97  19/97  59/97 127/97  29/97 -41/97 -83/97      0      0      0      0      0      0      0      0]
Unobstructed
11
---------------------------
---------------------------
12a375
Correction terms
[      -1  -35/117  -23/117    -9/13   25/117   61/117     3/13  -77/117  -17/117    -3/13 -107/117  -23/117    -1/13     -5/9   43/117]
[    9/13   49/117  -53/117     1/13    1/117  -77/117     1/13   25/117  -29/117     9/13  121/117      7/9    -1/13   55/117   49/117]
[   -3/13   61/117   79/117     3/13  -95/117  -53/117    -9/13 -179/117 -113/117       -1 -191/117 -101/117    -9/13 -131/117  -17/117]
[    3/13    1/117  -95/117    -3/13  -29/117 -101/117    -1/13      1/9  -35/117     9/13  127/117  103/117     1/13   79/117   79/117]
[    1/13  103/117  127/117     9/13  -35/117      1/9    -1/13 -101/117  -29/117    -3/13  -95/117    1/117     3/13  -17/117 -131/117]
[   -9/13 -101/117 -191/117       -1 -113/117 -179/117    -9/13  -53/117  -95/117     3/13   79/117   61/117    -3/13   49/117   55/117]
[   -1/13      7/9  121/117     9/13  -29/117   25/117     1/13  -77/117    1/117     1/13  -53/117   49/117     9/13   43/117     -5/9]
[   -1/13  -23/117 -107/117    -3/13  -17/117  -77/117     3/13   61/117   25/117    -9/13  -23/117  -35/117        0        0        0]
Testing obstruction for
m1: 2, m2: 20,a: 0
Obstructed by Z^n/Q not being cyclic
Testing obstruction for
m1: 6, m2: 6,a: 1
[     -1 -95/117 -29/117    9/13   1/117 -35/117   -3/13  25/117 121/117    3/13 -23/117 -29/117    1/13     7/9 217/117]
[  17/13 133/117 157/117   25/13 103/117  25/117   -1/13   1/117  55/117   17/13  61/117     1/9    1/13  49/117 133/117]
[   3/13 -35/117 -53/117   -3/13  43/117 157/117    9/13  49/117  61/117       1 217/117 127/117    9/13  79/117 121/117]
[  23/13 103/117  43/117    3/13  55/117 127/117    1/13    -5/9 -95/117   -9/13 -23/117  79/117   -1/13 -53/117 -53/117]
[  -1/13  79/117 -23/117   -9/13 -95/117    -5/9    1/13 127/117  55/117    3/13  43/117 103/117   23/13 121/117  79/117]
[   9/13 127/117 217/117       1  61/117  49/117    9/13 157/117  43/117   -3/13 -53/117 -35/117    3/13 133/117  49/117]
[   1/13     1/9  61/117   17/13  55/117   1/117   -1/13  25/117 103/117   25/13 157/117 133/117   17/13 217/117     7/9]
[   1/13 -29/117 -23/117    3/13 121/117  25/117   -3/13 -35/117   1/117    9/13 -29/117 -95/117       0       0       0]
Unobstructed
34
---------------------------
---------------------------
12a382
Correction terms
[      -1 -143/133   93/133   43/133  -27/133 -117/133 -227/133   -13/19   25/133 -145/133  -69/133  -13/133   23/133   39/133     5/19]
[  11/133  -33/133  -97/133   85/133     -1/7 -143/133    -3/19 -185/133 -103/133  -41/133    1/133   23/133   25/133     1/19  -31/133]
[ -89/133   99/133    1/133 -117/133   11/133   -21/19  -59/133    9/133    -11/7 -181/133 -173/133   81/133     7/19   -3/133  -75/133]
[-167/133  -13/133  121/133  -31/133   -29/19 -129/133  -75/133  -41/133  -27/133  -33/133  -59/133   -15/19      5/7    9/133  -97/133]
[  43/133 -103/133   -3/133    11/19 -129/133  -89/133  -69/133  -69/133  -89/133 -129/133    11/19   -3/133 -103/133   43/133  -97/133]
[   9/133      5/7   -15/19  -59/133  -33/133  -27/133  -41/133  -75/133 -129/133   -29/19  -31/133  121/133  -13/133 -167/133  -75/133]
[  -3/133     7/19   81/133 -173/133 -181/133    -11/7    9/133  -59/133   -21/19   11/133 -117/133    1/133   99/133  -89/133  -31/133]
[    1/19   25/133   23/133    1/133  -41/133 -103/133 -185/133    -3/19 -143/133     -1/7   85/133  -97/133  -33/133   11/133     5/19]
[  39/133   23/133  -13/133  -69/133 -145/133   25/133   -13/19 -227/133 -117/133  -27/133   43/133   93/133 -143/133        0        0]
Testing obstruction for
m1: 4, m2: 10,a: 0
[     -1 -81/133  75/133  69/133 167/133 369/133 143/133    3/19   3/133  89/133  13/133  41/133 173/133 143/133   31/19]
[129/133 145/133  -1/133 -43/133     1/7 -81/133  -11/19  31/133 243/133 293/133 181/133 173/133   3/133   -9/19 -25/133]
[117/133  97/133 181/133 369/133 129/133   -1/19 -39/133  33/133    -3/7 -43/133  75/133  31/133   13/19 255/133 257/133]
[ 97/133  41/133  89/133 -25/133   -5/19  59/133 257/133 293/133 167/133 145/133 -39/133  -17/19    -5/7  33/133  -1/133]
[ 69/133 243/133 255/133   15/19  59/133 117/133  13/133  13/133 117/133  59/133   15/19 255/133 243/133  69/133  -1/133]
[ 33/133    -5/7  -17/19 -39/133 145/133 167/133 293/133 257/133  59/133   -5/19 -25/133  89/133  41/133  97/133 257/133]
[255/133   13/19  31/133  75/133 -43/133    -3/7  33/133 -39/133   -1/19 129/133 369/133 181/133  97/133 117/133 -25/133]
[  -9/19   3/133 173/133 181/133 293/133 243/133  31/133  -11/19 -81/133     1/7 -43/133  -1/133 145/133 129/133   31/19]
[143/133 173/133  41/133  13/133  89/133   3/133    3/19 143/133 369/133 167/133  69/133  75/133 -81/133       0       0]
Testing obstruction for
m1: 34, m2: 34,a: 33
[      -1 -129/133 -117/133  -97/133  -69/133  -33/133   11/133     9/19  123/133  191/133  267/133  351/133  443/133  543/133    93/19]
[ 767/133  891/133 1023/133  897/133     41/7  669/133    81/19  473/133  387/133  309/133  239/133  177/133  123/133    11/19   39/133]
[   9/133  -13/133  -27/133  -33/133  -31/133    -3/19   -3/133   23/133      3/7   99/133  149/133  207/133    39/19  347/133  429/133]
[ 519/133  617/133  723/133  837/133   137/19 1089/133  961/133  841/133  729/133  625/133  529/133    63/19     19/7  289/133  225/133]
[ 169/133  121/133   81/133     7/19   25/133    9/133    1/133    1/133    9/133   25/133     7/19   81/133  121/133  169/133  225/133]
[ 289/133     19/7    63/19  529/133  625/133  729/133  841/133  961/133 1089/133   137/19  837/133  723/133  617/133  519/133  429/133]
[ 347/133    39/19  207/133  149/133   99/133      3/7   23/133   -3/133    -3/19  -31/133  -33/133  -27/133  -13/133    9/133   39/133]
[   11/19  123/133  177/133  239/133  309/133  387/133  473/133    81/19  669/133     41/7  897/133 1023/133  891/133  767/133    93/19]
[ 543/133  443/133  351/133  267/133  191/133  123/133     9/19   11/133  -33/133  -69/133  -97/133 -117/133 -129/133        0        0]
Unobstructed
50
---------------------------
---------------------------
12a421
Correction terms
[      -1  -59/133 -103/133    1/133  -13/133  121/133  137/133     5/19   81/133    9/133   85/133   43/133  149/133  137/133     1/19]
[  25/133  -75/133  -27/133  -97/133     -1/7  -59/133     7/19   39/133  177/133  197/133   99/133  149/133   81/133    23/19  123/133]
[ 233/133  225/133   99/133  121/133   25/133    11/19   11/133   93/133      3/7  169/133  163/133   39/133     9/19  -31/133   23/133]
[ -41/133   43/133    9/133  123/133    17/19   -3/133   23/133  -69/133  -13/133  -75/133   11/133    -3/19      5/7   93/133  -27/133]
[   1/133  -89/133  -31/133   -13/19   -3/133  -33/133   85/133   85/133  -33/133   -3/133   -13/19  -31/133  -89/133    1/133  -27/133]
[  93/133      5/7    -3/19   11/133  -75/133  -13/133  -69/133   23/133   -3/133    17/19  123/133    9/133   43/133  -41/133   23/133]
[ -31/133     9/19   39/133  163/133  169/133      3/7   93/133   11/133    11/19   25/133  121/133   99/133  225/133  233/133  123/133]
[   23/19   81/133  149/133   99/133  197/133  177/133   39/133     7/19  -59/133     -1/7  -97/133  -27/133  -75/133   25/133     1/19]
[ 137/133  149/133   43/133   85/133    9/133   81/133     5/19  137/133  121/133  -13/133    1/133 -103/133  -59/133        0        0]
Testing obstruction for
m1: 4, m2: 10,a: 0
[     -1 -81/133  75/133  69/133 167/133 369/133 143/133    3/19   3/133  89/133  13/133  41/133 173/133 143/133   31/19]
[129/133 145/133  -1/133 -43/133     1/7 -81/133  -11/19  31/133 243/133 293/133 181/133 173/133   3/133   -9/19 -25/133]
[117/133  97/133 181/133 369/133 129/133   -1/19 -39/133  33/133    -3/7 -43/133  75/133  31/133   13/19 255/133 257/133]
[ 97/133  41/133  89/133 -25/133   -5/19  59/133 257/133 293/133 167/133 145/133 -39/133  -17/19    -5/7  33/133  -1/133]
[ 69/133 243/133 255/133   15/19  59/133 117/133  13/133  13/133 117/133  59/133   15/19 255/133 243/133  69/133  -1/133]
[ 33/133    -5/7  -17/19 -39/133 145/133 167/133 293/133 257/133  59/133   -5/19 -25/133  89/133  41/133  97/133 257/133]
[255/133   13/19  31/133  75/133 -43/133    -3/7  33/133 -39/133   -1/19 129/133 369/133 181/133  97/133 117/133 -25/133]
[  -9/19   3/133 173/133 181/133 293/133 243/133  31/133  -11/19 -81/133     1/7 -43/133  -1/133 145/133 129/133   31/19]
[143/133 173/133  41/133  13/133  89/133   3/133    3/19 143/133 369/133 167/133  69/133  75/133 -81/133       0       0]
Testing obstruction for
m1: 34, m2: 34,a: 33
[      -1 -129/133 -117/133  -97/133  -69/133  -33/133   11/133     9/19  123/133  191/133  267/133  351/133  443/133  543/133    93/19]
[ 767/133  891/133 1023/133  897/133     41/7  669/133    81/19  473/133  387/133  309/133  239/133  177/133  123/133    11/19   39/133]
[   9/133  -13/133  -27/133  -33/133  -31/133    -3/19   -3/133   23/133      3/7   99/133  149/133  207/133    39/19  347/133  429/133]
[ 519/133  617/133  723/133  837/133   137/19 1089/133  961/133  841/133  729/133  625/133  529/133    63/19     19/7  289/133  225/133]
[ 169/133  121/133   81/133     7/19   25/133    9/133    1/133    1/133    9/133   25/133     7/19   81/133  121/133  169/133  225/133]
[ 289/133     19/7    63/19  529/133  625/133  729/133  841/133  961/133 1089/133   137/19  837/133  723/133  617/133  519/133  429/133]
[ 347/133    39/19  207/133  149/133   99/133      3/7   23/133   -3/133    -3/19  -31/133  -33/133  -27/133  -13/133    9/133   39/133]
[   11/19  123/133  177/133  239/133  309/133  387/133  473/133    81/19  669/133     41/7  897/133 1023/133  891/133  767/133    93/19]
[ 543/133  443/133  351/133  267/133  191/133  123/133     9/19   11/133  -33/133  -69/133  -97/133 -117/133 -129/133        0        0]
---------------------------
SUCCESS for name = 12a421
---------------------------
12a443
Correction terms
[     -1  29/125  -9/125  11/125  89/125    -1/5 -81/125 -79/125 -19/125  99/125     1/5   9/125  51/125 -99/125  59/125]
[    1/5  49/125 131/125  21/125 -31/125    -1/5  39/125 161/125  91/125  79/125       1 -21/125 141/125 111/125 139/125]
[    9/5 119/125  71/125  81/125 149/125     1/5 209/125 201/125   1/125 109/125     1/5  -1/125  31/125 121/125  19/125]
[   -1/5 -11/125  61/125 -59/125 129/125       1 -71/125  41/125 -39/125 -61/125    -1/5  69/125 -29/125 -69/125 -51/125]
[    1/5 -91/125 101/125 101/125 -91/125     1/5 -51/125 -69/125 -29/125  69/125    -1/5 -61/125 -39/125  41/125 -71/125]
[      1 129/125 -59/125  61/125 -11/125    -1/5  19/125 121/125  31/125  -1/125     1/5 109/125   1/125 201/125 209/125]
[    1/5 149/125  81/125  71/125 119/125     9/5 139/125 111/125 141/125 -21/125       1  79/125  91/125 161/125  39/125]
[   -1/5 -31/125  21/125 131/125  49/125     1/5  59/125 -99/125  51/125   9/125     1/5  99/125 -19/125 -79/125 -81/125]
[   -1/5  89/125  11/125  -9/125  29/125       0       0       0       0       0       0       0       0       0       0]
Testing obstruction for
m1: 2, m2: 22,a: 1
[      -1 -119/125 -101/125  -71/125  -29/125      1/5   91/125  169/125  259/125  361/125     19/5  601/125  489/125  389/125  301/125]
[     9/5  161/125  109/125   69/125   41/125      1/5   21/125   29/125   49/125   81/125        1  181/125  249/125  329/125  421/125]
[    21/5  641/125  519/125  409/125  311/125      9/5  151/125   89/125   39/125    1/125     -1/5  -39/125  -41/125  -31/125   -9/125]
[     1/5   71/125  129/125  199/125  281/125        3  481/125  599/125  479/125  371/125     11/5  191/125  119/125   59/125   11/125]
[    -1/5  -49/125  -61/125  -61/125  -49/125     -1/5   11/125   59/125  119/125  191/125     11/5  371/125  479/125  599/125  481/125]
[       3  281/125  199/125  129/125   71/125      1/5   -9/125  -31/125  -41/125  -39/125     -1/5    1/125   39/125   89/125  151/125]
[     9/5  311/125  409/125  519/125  641/125     21/5  421/125  329/125  249/125  181/125        1   81/125   49/125   29/125   21/125]
[     1/5   41/125   69/125  109/125  161/125      9/5  301/125  389/125  489/125  601/125     19/5  361/125  259/125  169/125   91/125]
[     1/5  -29/125  -71/125 -101/125 -119/125        0        0        0        0        0        0        0        0        0        0]
Testing obstruction for
m1: 4, m2: 12,a: 3
[      -1 -111/125  -69/125    1/125   99/125      9/5  129/125   61/125   21/125    9/125      1/5   69/125  141/125  241/125  119/125]
[     1/5  -41/125  -79/125  -89/125  -71/125     -1/5   49/125  151/125  281/125  189/125        1   89/125   81/125  101/125  149/125]
[     9/5  329/125  211/125  121/125   59/125      1/5   19/125   41/125   91/125  169/125     11/5  159/125   71/125   11/125  -21/125]
[    -1/5   -1/125   51/125  131/125  239/125        1   39/125  -19/125  -49/125  -51/125     -1/5   29/125  111/125  221/125  109/125]
[     1/5  -31/125  -59/125  -59/125  -31/125      1/5  109/125  221/125  111/125   29/125     -1/5  -51/125  -49/125  -19/125   39/125]
[       1  239/125  131/125   51/125   -1/125     -1/5  -21/125   11/125   71/125  159/125     11/5  169/125   91/125   41/125   19/125]
[     1/5   59/125  121/125  211/125  329/125      9/5  149/125  101/125   81/125   89/125        1  189/125  281/125  151/125   49/125]
[    -1/5  -71/125  -89/125  -79/125  -41/125      1/5  119/125  241/125  141/125   69/125      1/5    9/125   21/125   61/125  129/125]
[     9/5   99/125    1/125  -69/125 -111/125        0        0        0        0        0        0        0        0        0        0]
Testing obstruction for
m1: 8, m2: 8,a: 5
Obstructed by Z^n/Q not being cyclic
Testing obstruction for
m1: 32, m2: 32,a: 31
[      -1 -121/125 -109/125  -89/125  -61/125     -1/5   19/125   71/125  131/125  199/125     11/5  359/125  451/125  551/125  659/125]
[    31/5  899/125  781/125  671/125  569/125     19/5  389/125  311/125  241/125  179/125        1   79/125   41/125   11/125  -11/125]
[    -1/5  -31/125  -29/125  -19/125   -1/125      1/5   59/125  101/125  151/125  209/125     11/5  349/125  431/125  521/125  619/125]
[    29/5  839/125  961/125  841/125  729/125        5  529/125  441/125  361/125  289/125      9/5  169/125  121/125   81/125   49/125]
[     1/5    9/125    1/125    1/125    9/125      1/5   49/125   81/125  121/125  169/125      9/5  289/125  361/125  441/125  529/125]
[       5  729/125  841/125  961/125  839/125     29/5  619/125  521/125  431/125  349/125     11/5  209/125  151/125  101/125   59/125]
[     1/5   -1/125  -19/125  -29/125  -31/125     -1/5  -11/125   11/125   41/125   79/125        1  179/125  241/125  311/125  389/125]
[    19/5  569/125  671/125  781/125  899/125     31/5  659/125  551/125  451/125  359/125     11/5  199/125  131/125   71/125   19/125]
[    -1/5  -61/125  -89/125 -109/125 -121/125        0        0        0        0        0        0        0        0        0        0]
---------------------------
SUCCESS for name = 12a443
---------------------------
