13a3867
Correction terms
[      -1 -323/317 -341/317 -371/317  221/317  167/317  101/317   23/317  -67/317 -169/317 -283/317  225/317   87/317  -63/317  409/317]
[ 235/317   49/317 -149/317  275/317   53/317 -181/317  207/317  -51/317 -321/317   31/317 -263/317   65/317 -253/317   51/317 -291/317]
[ -11/317 -377/317 -121/317  123/317 -279/317  -59/317  149/317  345/317 -105/317   67/317  227/317 -259/317 -123/317    1/317  113/317]
[ 213/317  301/317  377/317 -193/317 -141/317 -101/317  -73/317  -57/317  -53/317  -61/317  -81/317 -113/317 -157/317 -213/317 -281/317]
[-361/317 -453/317   77/317  -39/317 -167/317  327/317  175/317   11/317 -165/317  281/317   81/317 -131/317  279/317   43/317 -205/317]
[ 169/317 -103/317  247/317  -49/317  277/317  -43/317 -375/317  -85/317 -441/317 -175/317   79/317 -313/317  -83/317  135/317 -293/317]
[ -99/317   83/317 -381/317 -223/317  -77/317   57/317  179/317  289/317  387/317 -161/317  -87/317  -25/317   25/317   63/317   89/317]
[ 103/317  105/317   95/317   73/317   39/317   -7/317  -65/317 -135/317 -217/317 -311/317 -417/317   99/317  -31/317 -173/317 -327/317]
[ 141/317  -37/317 -227/317  205/317   -9/317 -235/317  161/317  -89/317  283/317    9/317  357/317   59/317 -251/317   61/317 -273/317]
[  15/317  291/317  -79/317  173/317 -221/317    7/317 -411/317 -207/317  -15/317 -469/317 -301/317 -145/317   -1/317  131/317  251/317]
[-275/317 -179/317  -95/317  -23/317   37/317   85/317  121/317  145/317  157/317  157/317  145/317  121/317   85/317   37/317  -23/317]
[ -95/317 -179/317 -275/317  251/317  131/317   -1/317 -145/317 -301/317 -469/317  -15/317 -207/317 -411/317    7/317 -221/317  173/317]
[ -79/317  291/317   15/317 -273/317   61/317 -251/317   59/317  357/317    9/317  283/317  -89/317  161/317 -235/317   -9/317  205/317]
[-227/317  -37/317  141/317 -327/317 -173/317  -31/317   99/317 -417/317 -311/317 -217/317 -135/317  -65/317   -7/317   39/317   73/317]
[  95/317  105/317  103/317   89/317   63/317   25/317  -25/317  -87/317 -161/317  387/317  289/317  179/317   57/317  -77/317 -223/317]
[-381/317   83/317  -99/317 -293/317  135/317  -83/317 -313/317   79/317 -175/317 -441/317  -85/317 -375/317  -43/317  277/317  -49/317]
[ 247/317 -103/317  169/317 -205/317   43/317  279/317 -131/317   81/317  281/317 -165/317   11/317  175/317  327/317 -167/317  -39/317]
[  77/317 -453/317 -361/317 -281/317 -213/317 -157/317 -113/317  -81/317  -61/317  -53/317  -57/317  -73/317 -101/317 -141/317 -193/317]
[ 377/317  301/317  213/317  113/317    1/317 -123/317 -259/317  227/317   67/317 -105/317  345/317  149/317  -59/317 -279/317  123/317]
[-121/317 -377/317  -11/317 -291/317   51/317 -253/317   65/317 -263/317   31/317 -321/317  -51/317  207/317 -181/317   53/317  275/317]
[-149/317   49/317  235/317  409/317  -63/317   87/317  225/317 -283/317 -169/317  -67/317   23/317  101/317  167/317  221/317 -371/317]
[-341/317 -323/317        0        0        0        0        0        0        0        0        0        0        0        0        0]
Testing obstruction for
m1: 2, m2: 54,a: 1
[      -1 -311/317 -293/317 -263/317 -221/317 -167/317 -101/317  -23/317   67/317  169/317  283/317  409/317  547/317  697/317  859/317]
[1033/317 1219/317 1417/317 1627/317 1849/317 2083/317 2329/317 2587/317 2857/317 3139/317 3433/317 3739/317 4057/317 3753/317 3461/317]
[3181/317 2913/317 2657/317 2413/317 2181/317 1961/317 1753/317 1557/317 1373/317 1201/317 1041/317  893/317  757/317  633/317  521/317]
[ 421/317  333/317  257/317  193/317  141/317  101/317   73/317   57/317   53/317   61/317   81/317  113/317  157/317  213/317  281/317]
[ 361/317  453/317  557/317  673/317  801/317  941/317 1093/317 1257/317 1433/317 1621/317 1821/317 2033/317 2257/317 2493/317 2741/317]
[3001/317 3273/317 3557/317 3853/317 4161/317 3847/317 3545/317 3255/317 2977/317 2711/317 2457/317 2215/317 1985/317 1767/317 1561/317]
[1367/317 1185/317 1015/317  857/317  711/317  577/317  455/317  345/317  247/317  161/317   87/317   25/317  -25/317  -63/317  -89/317]
[-103/317 -105/317  -95/317  -73/317  -39/317    7/317   65/317  135/317  217/317  311/317  417/317  535/317  665/317  807/317  961/317]
[1127/317 1305/317 1495/317 1697/317 1911/317 2137/317 2375/317 2625/317 2887/317 3161/317 3447/317 3745/317 4055/317 3743/317 3443/317]
[3155/317 2879/317 2615/317 2363/317 2123/317 1895/317 1679/317 1475/317 1283/317 1103/317  935/317  779/317  635/317  503/317  383/317]
[ 275/317  179/317   95/317   23/317  -37/317  -85/317 -121/317 -145/317 -157/317 -157/317 -145/317 -121/317  -85/317  -37/317   23/317]
[  95/317  179/317  275/317  383/317  503/317  635/317  779/317  935/317 1103/317 1283/317 1475/317 1679/317 1895/317 2123/317 2363/317]
[2615/317 2879/317 3155/317 3443/317 3743/317 4055/317 3745/317 3447/317 3161/317 2887/317 2625/317 2375/317 2137/317 1911/317 1697/317]
[1495/317 1305/317 1127/317  961/317  807/317  665/317  535/317  417/317  311/317  217/317  135/317   65/317    7/317  -39/317  -73/317]
[ -95/317 -105/317 -103/317  -89/317  -63/317  -25/317   25/317   87/317  161/317  247/317  345/317  455/317  577/317  711/317  857/317]
[1015/317 1185/317 1367/317 1561/317 1767/317 1985/317 2215/317 2457/317 2711/317 2977/317 3255/317 3545/317 3847/317 4161/317 3853/317]
[3557/317 3273/317 3001/317 2741/317 2493/317 2257/317 2033/317 1821/317 1621/317 1433/317 1257/317 1093/317  941/317  801/317  673/317]
[ 557/317  453/317  361/317  281/317  213/317  157/317  113/317   81/317   61/317   53/317   57/317   73/317  101/317  141/317  193/317]
[ 257/317  333/317  421/317  521/317  633/317  757/317  893/317 1041/317 1201/317 1373/317 1557/317 1753/317 1961/317 2181/317 2413/317]
[2657/317 2913/317 3181/317 3461/317 3753/317 4057/317 3739/317 3433/317 3139/317 2857/317 2587/317 2329/317 2083/317 1849/317 1627/317]
[1417/317 1219/317 1033/317  859/317  697/317  547/317  409/317  283/317  169/317   67/317  -23/317 -101/317 -167/317 -221/317 -263/317]
[-293/317 -311/317        0        0        0        0        0        0        0        0        0        0        0        0        0]
Unobstructed
114
---------------------------
---------------------------
13a3869
Correction terms
[      -1 -179/209  -89/209   61/209 -147/209 -295/209   35/209    7/209   39/209 -287/209 -135/209     7/19  -69/209 -155/209 -181/209]
[-147/209  -53/209  101/209 -103/209   -13/11   87/209   63/209     9/19 -223/209  -67/209  149/209    7/209  -75/209  -97/209  -59/209]
[  39/209 -221/209   -3/209   -13/19 -223/209  175/209 -203/209 -103/209     3/11 -141/209  139/209 -357/209 -375/209   85/209   -21/19]
[ -69/209 -265/209 -401/209  -59/209  -75/209  -31/209 -345/209 -181/209   43/209  -91/209   -15/19 -179/209    -7/11  -27/209 -279/209]
[ -53/209 -185/209 -257/209  149/209 -221/209 -113/209     5/19 -135/209  153/209 -335/209 -345/209  123/209 -185/209  -15/209 -203/209]
[-331/209     1/11     1/19   63/209 -243/209  -71/209  161/209   35/209  -31/209  -37/209   17/209  131/209 -113/209   -27/19   -3/209]
[ -67/209  -71/209  -15/209 -317/209 -141/209     5/11  -27/209  -89/209  -91/209    -3/19   85/209 -155/209 -335/209  -37/209  -97/209]
[ -97/209  -37/209 -335/209 -155/209   85/209    -3/19  -91/209  -89/209  -27/209     5/11 -141/209 -317/209  -15/209  -71/209  -67/209]
[  -3/209   -27/19 -113/209  131/209   17/209  -37/209  -31/209   35/209  161/209  -71/209 -243/209   63/209     1/19     1/11 -331/209]
[-203/209  -15/209 -185/209  123/209 -345/209 -335/209  153/209 -135/209     5/19 -113/209 -221/209  149/209 -257/209 -185/209  -53/209]
[-279/209  -27/209    -7/11 -179/209   -15/19  -91/209   43/209 -181/209 -345/209  -31/209  -75/209  -59/209 -401/209 -265/209  -69/209]
[  -21/19   85/209 -375/209 -357/209  139/209 -141/209     3/11 -103/209 -203/209  175/209 -223/209   -13/19   -3/209 -221/209   39/209]
[ -59/209  -97/209  -75/209    7/209  149/209  -67/209 -223/209     9/19   63/209   87/209   -13/11 -103/209  101/209  -53/209 -147/209]
[-181/209 -155/209  -69/209     7/19 -135/209 -287/209   39/209    7/209   35/209 -295/209 -147/209   61/209  -89/209 -179/209        0]
Testing obstruction for
m1: 6, m2: 10,a: 0
[      -1 -149/209   31/209  331/209  333/209  455/209  279/209  223/209  287/209   53/209  -61/209    -5/19   71/209  317/209  683/209]
[ 333/209  103/209   -7/209    3/209     7/11  -35/209  -83/209    -1/19  181/209  493/209  507/209  223/209   59/209   15/209   91/209]
[ 287/209  185/209  203/209    31/19  181/209  141/209  221/209    3/209    -5/11  -73/209   69/209  331/209  295/209  379/209    15/19]
[  71/209   97/209  243/209   91/209   59/209  147/209  355/209  683/209  295/209   27/209   -11/19 -149/209    -3/11  155/209   69/209]
[ 103/209  257/209  531/209  507/209  185/209  -17/209    -9/19  -61/209   97/209  375/209  355/209  455/209  257/209  179/209  221/209]
[ -35/209    -9/11   -17/19  -83/209  141/209  485/209  531/209  279/209  147/209  135/209  243/209   53/209  -17/209     3/19  203/209]
[ 493/209  485/209  179/209   -7/209  -73/209    -1/11  155/209   31/209   27/209    13/19  379/209  317/209  375/209  135/209   15/209]
[  15/209  135/209  375/209  317/209  379/209    13/19   27/209   31/209  155/209    -1/11  -73/209   -7/209  179/209  485/209  493/209]
[ 203/209     3/19  -17/209   53/209  243/209  135/209  147/209  279/209  531/209  485/209  141/209  -83/209   -17/19    -9/11  -35/209]
[ 221/209  179/209  257/209  455/209  355/209  375/209   97/209  -61/209    -9/19  -17/209  185/209  507/209  531/209  257/209  103/209]
[  69/209  155/209    -3/11 -149/209   -11/19   27/209  295/209  683/209  355/209  147/209   59/209   91/209  243/209   97/209   71/209]
[   15/19  379/209  295/209  331/209   69/209  -73/209    -5/11    3/209  221/209  141/209  181/209    31/19  203/209  185/209  287/209]
[  91/209   15/209   59/209  223/209  507/209  493/209  181/209    -1/19  -83/209  -35/209     7/11    3/209   -7/209  103/209  333/209]
[ 683/209  317/209   71/209    -5/19  -61/209   53/209  287/209  223/209  279/209  455/209  333/209  331/209   31/209 -149/209        0]
Testing obstruction for
m1: 2, m2: 36,a: 1
[      -1 -203/209 -185/209 -155/209 -113/209  -59/209    7/209   85/209  175/209  277/209  391/209    47/19  655/209  805/209  967/209]
[1141/209 1327/209 1525/209 1735/209    81/11 1355/209 1183/209    93/19  875/209  739/209  615/209  503/209  403/209  315/209  239/209]
[ 175/209  123/209   83/209     5/19   39/209   35/209   43/209   63/209     5/11  139/209  195/209  263/209  343/209  435/209    49/19]
[ 655/209  783/209  923/209 1075/209 1239/209 1415/209 1603/209 1803/209 1597/209 1403/209   111/19 1051/209    47/11  747/209  613/209]
[ 491/209  381/209  283/209  197/209  123/209   61/209     1/19  -27/209  -53/209  -67/209  -69/209  -59/209  -37/209   -3/209   43/209]
[ 101/209     9/11    23/19  347/209  453/209  571/209  701/209  843/209  997/209 1163/209 1341/209 1531/209 1733/209   139/19 1337/209]
[1157/209  989/209  833/209  689/209  557/209    23/11  329/209  233/209  149/209     7/19   17/209  -31/209  -67/209  -91/209 -103/209]
[-103/209  -91/209  -67/209  -31/209   17/209     7/19  149/209  233/209  329/209    23/11  557/209  689/209  833/209  989/209 1157/209]
[1337/209   139/19 1733/209 1531/209 1341/209 1163/209  997/209  843/209  701/209  571/209  453/209  347/209    23/19     9/11  101/209]
[  43/209   -3/209  -37/209  -59/209  -69/209  -67/209  -53/209  -27/209     1/19   61/209  123/209  197/209  283/209  381/209  491/209]
[ 613/209  747/209    47/11 1051/209   111/19 1403/209 1597/209 1803/209 1603/209 1415/209 1239/209 1075/209  923/209  783/209  655/209]
[   49/19  435/209  343/209  263/209  195/209  139/209     5/11   63/209   43/209   35/209   39/209     5/19   83/209  123/209  175/209]
[ 239/209  315/209  403/209  503/209  615/209  739/209  875/209    93/19 1183/209 1355/209    81/11 1735/209 1525/209 1327/209 1141/209]
[ 967/209  805/209  655/209    47/19  391/209  277/209  175/209   85/209    7/209  -59/209 -113/209 -155/209 -185/209 -203/209        0]
Unobstructed
36
---------------------------
---------------------------
13a3872
Correction terms
[      -1  -27/281  173/281  319/281 -151/281 -113/281 -129/281 -199/281  239/281   61/281 -171/281  105/281 -235/281  -67/281   47/281]
[ 107/281  113/281   65/281  -37/281 -193/281  159/281 -105/281  139/281 -233/281  -97/281  -15/281   13/281  -13/281  -93/281 -227/281]
[-415/281  -95/281  171/281  383/281  -21/281   83/281 -429/281  129/281   71/281  -41/281 -207/281  135/281 -139/281   95/281  275/281]
[-161/281  -89/281  -71/281 -107/281 -197/281  221/281   23/281  333/281   27/281 -333/281 -185/281  -91/281  -51/281  -65/281 -133/281]
[-255/281  131/281  -99/281  179/281 -159/281   11/281 -435/281  189/281  197/281  151/281   51/281 -103/281 -311/281  -11/281  235/281]
[-135/281    3/281   87/281  117/281   93/281   15/281 -117/281  259/281   19/281 -275/281  -61/281   99/281  205/281  257/281 -307/281]
[-363/281   89/281  -75/281  269/281   -3/281 -329/281 -147/281  -19/281   55/281   75/281   41/281  -47/281 -189/281  177/281  -73/281]
[ 185/281 -173/281  -23/281   73/281  115/281  103/281   37/281  -83/281 -257/281   77/281 -205/281   21/281  193/281  311/281 -187/281]
[-177/281 -221/281  243/281   91/281 -115/281 -375/281 -127/281   67/281  207/281  293/281 -237/281 -259/281 -335/281   97/281  -87/281]
[ 237/281  -55/281  161/281 -239/281 -131/281  -77/281  -77/281 -131/281 -239/281  161/281  -55/281  237/281  -87/281   97/281 -335/281]
[-259/281 -237/281  293/281  207/281   67/281 -127/281 -375/281 -115/281   91/281  243/281 -221/281 -177/281 -187/281  311/281  193/281]
[  21/281 -205/281   77/281 -257/281  -83/281   37/281  103/281  115/281   73/281  -23/281 -173/281  185/281  -73/281  177/281 -189/281]
[ -47/281   41/281   75/281   55/281  -19/281 -147/281 -329/281   -3/281  269/281  -75/281   89/281 -363/281 -307/281  257/281  205/281]
[  99/281  -61/281 -275/281   19/281  259/281 -117/281   15/281   93/281  117/281   87/281    3/281 -135/281  235/281  -11/281 -311/281]
[-103/281   51/281  151/281  197/281  189/281 -435/281   11/281 -159/281  179/281  -99/281  131/281 -255/281 -133/281  -65/281  -51/281]
[ -91/281 -185/281 -333/281   27/281  333/281   23/281  221/281 -197/281 -107/281  -71/281  -89/281 -161/281  275/281   95/281 -139/281]
[ 135/281 -207/281  -41/281   71/281  129/281 -429/281   83/281  -21/281  383/281  171/281  -95/281 -415/281 -227/281  -93/281  -13/281]
[  13/281  -15/281  -97/281 -233/281  139/281 -105/281  159/281 -193/281  -37/281   65/281  113/281  107/281   47/281  -67/281 -235/281]
[ 105/281 -171/281   61/281  239/281 -199/281 -129/281 -113/281 -151/281  319/281  173/281  -27/281        0        0        0        0]
Testing obstruction for
m1: 2, m2: 48,a: 1
[      -1 -275/281 -257/281 -227/281 -185/281 -131/281  -65/281   13/281  103/281  205/281  319/281  445/281  583/281  733/281  895/281]
[1069/281 1255/281 1453/281 1663/281 1885/281 2119/281 2365/281 2623/281 2893/281 3175/281 2907/281 2651/281 2407/281 2175/281 1955/281]
[1747/281 1551/281 1367/281 1195/281 1035/281  887/281  751/281  627/281  515/281  415/281  327/281  251/281  187/281  135/281   95/281]
[  67/281   51/281   47/281   55/281   75/281  107/281  151/281  207/281  275/281  355/281  447/281  551/281  667/281  795/281  935/281]
[1087/281 1251/281 1427/281 1615/281 1815/281 2027/281 2251/281 2487/281 2735/281 2995/281 3267/281 2989/281 2723/281 2469/281 2227/281]
[1997/281 1779/281 1573/281 1379/281 1197/281 1027/281  869/281  723/281  589/281  467/281  357/281  259/281  173/281   99/281   37/281]
[ -13/281  -51/281  -77/281  -91/281  -93/281  -83/281  -61/281  -27/281   19/281   77/281  147/281  229/281  323/281  429/281  547/281]
[ 677/281  819/281  973/281 1139/281 1317/281 1507/281 1709/281 1923/281 2149/281 2387/281 2637/281 2899/281 3173/281 2897/281 2633/281]
[2381/281 2141/281 1913/281 1697/281 1493/281 1301/281 1121/281  953/281  797/281  653/281  521/281  401/281  293/281  197/281  113/281]
[  41/281  -19/281  -67/281 -103/281 -127/281 -139/281 -139/281 -127/281 -103/281  -67/281  -19/281   41/281  113/281  197/281  293/281]
[ 401/281  521/281  653/281  797/281  953/281 1121/281 1301/281 1493/281 1697/281 1913/281 2141/281 2381/281 2633/281 2897/281 3173/281]
[2899/281 2637/281 2387/281 2149/281 1923/281 1709/281 1507/281 1317/281 1139/281  973/281  819/281  677/281  547/281  429/281  323/281]
[ 229/281  147/281   77/281   19/281  -27/281  -61/281  -83/281  -93/281  -91/281  -77/281  -51/281  -13/281   37/281   99/281  173/281]
[ 259/281  357/281  467/281  589/281  723/281  869/281 1027/281 1197/281 1379/281 1573/281 1779/281 1997/281 2227/281 2469/281 2723/281]
[2989/281 3267/281 2995/281 2735/281 2487/281 2251/281 2027/281 1815/281 1615/281 1427/281 1251/281 1087/281  935/281  795/281  667/281]
[ 551/281  447/281  355/281  275/281  207/281  151/281  107/281   75/281   55/281   47/281   51/281   67/281   95/281  135/281  187/281]
[ 251/281  327/281  415/281  515/281  627/281  751/281  887/281 1035/281 1195/281 1367/281 1551/281 1747/281 1955/281 2175/281 2407/281]
[2651/281 2907/281 3175/281 2893/281 2623/281 2365/281 2119/281 1885/281 1663/281 1453/281 1255/281 1069/281  895/281  733/281  583/281]
[ 445/281  319/281  205/281  103/281   13/281  -65/281 -131/281 -185/281 -227/281 -257/281 -275/281        0        0        0        0]
Unobstructed
84
---------------------------
---------------------------
13a3874
Correction terms
[      -1 -245/381  163/381   27/127  271/381  -29/381  -19/127  187/381  -59/381  -11/127  265/381   73/381   51/127 -257/381 -395/381]
[ -87/127  145/381   61/381   83/127  -53/381  -83/381   53/127  -89/381  -65/381   77/127   37/381  115/381  -99/127 -437/381 -305/381]
[  33/127   13/381  199/381  -35/127 -137/381  103/381  -49/127 -125/381  169/381   -9/127   49/381  397/381   85/127  385/381   25/381]
[ -21/127  121/381 -185/381  -73/127   19/381 -233/381  -71/127   79/381 -119/381  -15/127  301/381  157/381   95/127  -77/381 -167/381]
[   5/127 -293/381 -329/381  -31/127 -347/381 -329/381  -13/127 -239/381 -167/381   59/127   31/381  157/381  -69/127 -299/381 -119/381]
[ 111/127  295/381  529/381   91/127  289/381 -185/381 -129/127 -317/381   25/381  -41/127    1/381 -365/381 -153/127 -281/381  169/381]
[  43/127  361/381  103/381   39/127 -359/381 -563/381 -165/127 -155/381 -305/381  -61/127  211/381  115/381   97/127  -23/381  -65/381]
[  55/127  -95/381  -83/381   67/127   -5/381   61/381  133/127  247/381  367/381   -1/127 -101/381   73/381  -81/127 -287/381  -59/381]
[-107/127 -311/381  -29/381  -79/127 -173/381  163/381    3/127      1/3 -245/381 -115/127 -173/381 -491/381 -179/127 -311/381  187/381]
[  65/127  475/381  265/381  109/127 -101/381 -257/381  -47/127  247/381  145/381  105/127   -5/381  -53/381   57/127  -95/381  -89/381]
[  63/127  -23/381   37/381 -131/127 -551/381 -437/381  -17/127 -155/381   13/381 -103/127 -359/381 -137/381 -135/127 -401/381 -125/381]
[-113/127 -281/381   49/381  -37/127    1/381  385/381   93/127  445/381  121/381   23/127  289/381   19/381    7/127  295/381   79/381]
[  45/127 -299/381 -461/381 -117/127   31/381  -77/381   29/127 -239/381 -293/381  -25/127 -347/381 -347/381  -25/127 -293/381 -239/381]
[  29/127  -77/381   31/381 -117/127 -461/381 -299/381   45/127   79/381  295/381    7/127   19/381  289/381   23/127  121/381  445/381]
[  93/127  385/381    1/381  -37/127   49/381 -281/381 -113/127 -125/381 -401/381 -135/127 -137/381 -359/381 -103/127   13/381 -155/381]
[ -17/127 -437/381 -551/381 -131/127   37/381  -23/381   63/127  -89/381  -95/381   57/127  -53/381   -5/381  105/127  145/381  247/381]
[ -47/127 -257/381 -101/381  109/127  265/381  475/381   65/127  187/381 -311/381 -179/127 -491/381 -173/381 -115/127 -245/381      1/3]
[   3/127  163/381 -173/381  -79/127  -29/381 -311/381 -107/127  -59/381 -287/381  -81/127   73/381 -101/381   -1/127  367/381  247/381]
[ 133/127   61/381   -5/381   67/127  -83/381  -95/381   55/127  -65/381  -23/381   97/127  115/381  211/381  -61/127 -305/381 -155/381]
[-165/127 -563/381 -359/381   39/127  103/381  361/381   43/127  169/381 -281/381 -153/127 -365/381    1/381  -41/127   25/381 -317/381]
[-129/127 -185/381  289/381   91/127  529/381  295/381  111/127 -119/381 -299/381  -69/127  157/381   31/381   59/127 -167/381 -239/381]
[ -13/127 -329/381 -347/381  -31/127 -329/381 -293/381    5/127 -167/381  -77/381   95/127  157/381  301/381  -15/127 -119/381   79/381]
[ -71/127 -233/381   19/381  -73/127 -185/381  121/381  -21/127   25/381  385/381   85/127  397/381   49/381   -9/127  169/381 -125/381]
[ -49/127  103/381 -137/381  -35/127  199/381   13/381   33/127 -305/381 -437/381  -99/127  115/381   37/381   77/127  -65/381  -89/381]
[  53/127  -83/381  -53/381   83/127   61/381  145/381  -87/127 -395/381 -257/381   51/127   73/381  265/381  -11/127  -59/381  187/381]
[ -19/127  -29/381  271/381   27/127  163/381 -245/381        0        0        0        0        0        0        0        0        0]
Testing obstruction for
m1: 2, m2: 64,a: 0
[      -1 -121/381 -103/381 -109/127  -31/381   23/381  -55/127  167/381  257/381   35/127  473/381  599/381  161/127  887/381 1049/381]
[ 323/127 1409/381 1607/381  521/127 2039/381 2273/381  755/127 2777/381 3047/381 1025/127 3623/381 3929/381 1331/127 4577/381 4919/381]
[1673/127 5639/381 6017/381 1797/127 5285/381 4937/381 1449/127 4277/381 3965/381 1137/127 3377/381 3101/381  861/127 2585/381 2345/381]
[ 621/127 1901/381 1697/381  417/127 1325/381 1157/381  249/127  857/381  725/381  117/127  497/381  401/381   21/127  245/381  185/381]
[ -39/127  101/381   77/381  -63/127   65/381   77/381  -51/127  137/381  185/381   -3/127  317/381  401/381   81/127  605/381  725/381]
[ 201/127 1001/381 1157/381  357/127 1505/381 1697/381  549/127 2117/381 2345/381  777/127 2837/381 3101/381 1041/127 3665/381 3965/381]
[1341/127 4601/381 4937/381 1677/127 5645/381 6017/381 1795/127 5273/381 4919/381 1441/127 4247/381 3929/381 1123/127 3329/381 3047/381]
[ 841/127 2519/381 2273/381  595/127 1817/381 1607/381  385/127 1223/381 1049/381  211/127  737/381  599/381   73/127  359/381  257/381]
[ -29/127   89/381   23/381  -95/127  -73/381 -103/381 -125/127     -1/3 -121/381 -119/127  -73/381  -31/381  -77/127   89/381  167/381]
[   1/127  359/381  473/381  115/127  737/381  887/381  265/127 1223/381 1409/381  451/127 1817/381 2039/381  673/127 2519/381 2777/381]
[ 931/127 3329/381 3623/381 1225/127 4247/381 4577/381 1555/127 5273/381 5639/381 1921/127 5645/381 5285/381 1561/127 4601/381 4277/381]
[1237/127 3665/381 3377/381  949/127 2837/381 2585/381  697/127 2117/381 1901/381  481/127 1505/381 1325/381  301/127 1001/381  857/381]
[ 157/127  605/381  497/381   49/127  317/381  245/381  -23/127  137/381  101/381  -59/127   65/381   65/381  -59/127  101/381  137/381]
[ -23/127  245/381  317/381   49/127  497/381  605/381  157/127  857/381 1001/381  301/127 1325/381 1505/381  481/127 1901/381 2117/381]
[ 697/127 2585/381 2837/381  949/127 3377/381 3665/381 1237/127 4277/381 4601/381 1561/127 5285/381 5645/381 1921/127 5639/381 5273/381]
[1555/127 4577/381 4247/381 1225/127 3623/381 3329/381  931/127 2777/381 2519/381  673/127 2039/381 1817/381  451/127 1409/381 1223/381]
[ 265/127  887/381  737/381  115/127  473/381  359/381    1/127  167/381   89/381  -77/127  -31/381  -73/381 -119/127 -121/381     -1/3]
[-125/127 -103/381  -73/381  -95/127   23/381   89/381  -29/127  257/381  359/381   73/127  599/381  737/381  211/127 1049/381 1223/381]
[ 385/127 1607/381 1817/381  595/127 2273/381 2519/381  841/127 3047/381 3329/381 1123/127 3929/381 4247/381 1441/127 4919/381 5273/381]
[1795/127 6017/381 5645/381 1677/127 4937/381 4601/381 1341/127 3965/381 3665/381 1041/127 3101/381 2837/381  777/127 2345/381 2117/381]
[ 549/127 1697/381 1505/381  357/127 1157/381 1001/381  201/127  725/381  605/381   81/127  401/381  317/381   -3/127  185/381  137/381]
[ -51/127   77/381   65/381  -63/127   77/381  101/381  -39/127  185/381  245/381   21/127  401/381  497/381  117/127  725/381  857/381]
[ 249/127 1157/381 1325/381  417/127 1697/381 1901/381  621/127 2345/381 2585/381  861/127 3101/381 3377/381 1137/127 3965/381 4277/381]
[1449/127 4937/381 5285/381 1797/127 6017/381 5639/381 1673/127 4919/381 4577/381 1331/127 3929/381 3623/381 1025/127 3047/381 2777/381]
[ 755/127 2273/381 2039/381  521/127 1607/381 1409/381  323/127 1049/381  887/381  161/127  599/381  473/381   35/127  257/381  167/381]
[ -55/127   23/381  -31/381 -109/127 -103/381 -121/381        0        0        0        0        0        0        0        0        0]
Testing obstruction for
m1: 4, m2: 28,a: 1
[      -1 -367/381 -325/381  -85/127 -157/381  -31/381   41/127  305/381  515/381  251/127 1019/381 1313/381  545/127 1985/381 2363/381]
[ 669/127 1679/381 1379/381  369/127  863/381  647/381  153/127  299/381  167/381   21/127  -13/381  -61/381  -27/127  -73/381  -37/381]
[   9/127  119/381  239/381  129/127  563/381  767/381  333/127 1259/381 1547/381  621/127 2207/381 2579/381  739/127 1883/381 1577/381]
[ 433/127 1049/381  827/381  211/127  467/381  329/381   73/127  137/381   83/381   19/127   59/381   89/381   49/127  233/381  347/381]
[ 163/127  659/381  857/381  361/127 1337/381 1619/381  643/127 2267/381 2633/381  755/127 1925/381 1613/381  443/127 1073/381  845/381]
[ 215/127  473/381  329/381   71/127  125/381   65/381   11/127   29/381   53/381   35/127  185/381  293/381  143/127  593/381  785/381]
[ 335/127 1253/381 1529/381  611/127 2165/381 2525/381  717/127 1805/381 1487/381  399/127  935/381  701/381  165/127  317/381  167/381]
[  15/127  -49/381 -115/381  -51/127 -163/381 -145/381  -33/127  -25/381   77/381   69/127  365/381  551/381  255/127 1007/381 1277/381]
[ 525/127 1901/381 2255/381  879/127 2285/381 1961/381  555/127     11/3 1157/381  315/127  761/381  605/381  159/127  377/381  305/381]
[  87/127  245/381  257/381   99/127  365/381  461/381  195/127  737/381  917/381  375/127 1361/381 1625/381  639/127 2237/381 2585/381]
[ 733/127 1841/381 1511/381  403/127  935/381  689/381  157/127  281/381  119/381   -5/127 -121/381 -199/381  -83/127 -271/381 -265/381]
[ -77/127 -169/381  -79/381   13/127  185/381  359/381  187/127  791/381 1049/381  445/127 1649/381 1991/381  787/127 1997/381 1661/381]
[ 451/127 1073/381  821/381  199/127  401/381  233/381   31/127  -19/381 -103/381  -53/127 -187/381 -187/381  -53/127 -103/381  -19/381]
[  31/127  233/381  401/381  199/127  821/381 1073/381  451/127 1661/381 1997/381  787/127 1991/381 1649/381  445/127 1049/381  791/381]
[ 187/127  359/381  185/381   13/127  -79/381 -169/381  -77/127 -265/381 -271/381  -83/127 -199/381 -121/381   -5/127  119/381  281/381]
[ 157/127  689/381  935/381  403/127 1511/381 1841/381  733/127 2585/381 2237/381  639/127 1625/381 1361/381  375/127  917/381  737/381]
[ 195/127  461/381  365/381   99/127  257/381  245/381   87/127  305/381  377/381  159/127  605/381  761/381  315/127 1157/381     11/3]
[ 555/127 1961/381 2285/381  879/127 2255/381 1901/381  525/127 1277/381 1007/381  255/127  551/381  365/381   69/127   77/381  -25/381]
[ -33/127 -145/381 -163/381  -51/127 -115/381  -49/381   15/127  167/381  317/381  165/127  701/381  935/381  399/127 1487/381 1805/381]
[ 717/127 2525/381 2165/381  611/127 1529/381 1253/381  335/127  785/381  593/381  143/127  293/381  185/381   35/127   53/381   29/381]
[  11/127   65/381  125/381   71/127  329/381  473/381  215/127  845/381 1073/381  443/127 1613/381 1925/381  755/127 2633/381 2267/381]
[ 643/127 1619/381 1337/381  361/127  857/381  659/381  163/127  347/381  233/381   49/127   89/381   59/381   19/127   83/381  137/381]
[  73/127  329/381  467/381  211/127  827/381 1049/381  433/127 1577/381 1883/381  739/127 2579/381 2207/381  621/127 1547/381 1259/381]
[ 333/127  767/381  563/381  129/127  239/381  119/381    9/127  -37/381  -73/381  -27/127  -61/381  -13/381   21/127  167/381  299/381]
[ 153/127  647/381  863/381  369/127 1379/381 1679/381  669/127 2363/381 1985/381  545/127 1313/381 1019/381  251/127  515/381  305/381]
[  41/127  -31/381 -157/381  -85/127 -325/381 -367/381        0        0        0        0        0        0        0        0        0]
Testing obstruction for
m1: 6, m2: 18,a: 1
[      -1 -359/381 -293/381  -61/127  -29/381  169/381  137/127  697/381 1027/381  467/127 1057/381  757/381  167/127  289/381  121/381]
[  -1/127  -83/381 -119/381  -37/127  -59/381   37/381   59/127  361/381  589/381  287/127 1177/381 1537/381  393/127  865/381  595/381]
[ 123/127  187/381   49/381  -15/127  -95/381 -101/381  -21/127   19/381  145/381  105/127  529/381  787/381  363/127 1435/381 1825/381]
[ 499/127 1213/381  973/381  259/127  625/381  517/381  151/127  433/381  457/381  175/127  637/381  793/381  331/127 1237/381 1525/381]
[ 619/127 1471/381 1129/381  277/127  577/381  367/381   67/127   79/381    1/381  -11/127  -23/381   31/381   43/127  271/381  457/381]
[ 229/127  961/381 1279/381  547/127 1285/381  973/381  235/127  481/381  301/381   55/127   73/381   25/381    7/127   61/381  145/381]
[  91/127  445/381  661/381  307/127 1225/381 1573/381  401/127  877/381  595/381  119/127  163/381   13/381  -31/127 -155/381 -173/381]
[ -49/127  -77/381   37/381   65/127  397/381  643/381  311/127 1267/381 1645/381  435/127 1009/381  757/381  183/127  385/381  265/381]
[  63/127  157/381  169/381   75/127  325/381  469/381  219/127      7/3 1165/381  495/127 1849/381 1495/381  395/127  919/381  697/381]
[ 173/127  385/381  295/381   83/127  247/381  289/381  125/127  505/381  679/381  299/127 1159/381 1465/381  605/127 1447/381 1123/381]
[ 281/127  607/381  415/381   89/127  163/381  103/381   29/127  115/381  187/381  101/127  463/381  667/381  305/127 1207/381 1543/381]
[ 387/127  823/381  529/381   93/127   73/381  -89/381  -69/127 -281/381 -311/381  -99/127 -239/381 -137/381    3/127  199/381  433/381]
[ 237/127 1033/381 1399/381  349/127  739/381  475/381   85/127   79/381  -53/381  -47/127 -185/381 -185/381  -47/127  -53/381   79/381]
[  85/127  475/381  739/381  349/127 1399/381 1033/381  237/127  433/381  199/381    3/127 -137/381 -239/381  -99/127 -311/381 -281/381]
[ -69/127  -89/381   73/381   93/127  529/381  823/381  387/127 1543/381 1207/381  305/127  667/381  463/381  101/127  187/381  115/381]
[  29/127  103/381  163/381   89/127  415/381  607/381  281/127 1123/381 1447/381  605/127 1465/381 1159/381  299/127  679/381  505/381]
[ 125/127  289/381  247/381   83/127  295/381  385/381  173/127  697/381  919/381  395/127 1495/381 1849/381  495/127 1165/381      7/3]
[ 219/127  469/381  325/381   75/127  169/381  157/381   63/127  265/381  385/381  183/127  757/381 1009/381  435/127 1645/381 1267/381]
[ 311/127  643/381  397/381   65/127   37/381  -77/381  -49/127 -173/381 -155/381  -31/127   13/381  163/381  119/127  595/381  877/381]
[ 401/127 1573/381 1225/381  307/127  661/381  445/381   91/127  145/381   61/381    7/127   25/381   73/381   55/127  301/381  481/381]
[ 235/127  973/381 1285/381  547/127 1279/381  961/381  229/127  457/381  271/381   43/127   31/381  -23/381  -11/127    1/381   79/381]
[  67/127  367/381  577/381  277/127 1129/381 1471/381  619/127 1525/381 1237/381  331/127  793/381  637/381  175/127  457/381  433/381]
[ 151/127  517/381  625/381  259/127  973/381 1213/381  499/127 1825/381 1435/381  363/127  787/381  529/381  105/127  145/381   19/381]
[ -21/127 -101/381  -95/381  -15/127   49/381  187/381  123/127  595/381  865/381  393/127 1537/381 1177/381  287/127  589/381  361/381]
[  59/127   37/381  -59/381  -37/127 -119/381  -83/381   -1/127  121/381  289/381  167/127  757/381 1057/381  467/127 1027/381  697/381]
[ 137/127  169/381  -29/381  -61/127 -293/381 -359/381        0        0        0        0        0        0        0        0        0]
Unobstructed
94
---------------------------
---------------------------
13a3902
Correction terms
[      -1 -117/181   75/181   33/181  119/181  -29/181  -49/181   59/181  -67/181  -65/181   65/181  -39/181  -15/181  137/181   55/181]
[ 101/181  -87/181 -147/181  -79/181  117/181   79/181  169/181   25/181    9/181 -241/181   -1/181    5/181  139/181   39/181   67/181]
[-139/181  145/181 -167/181   11/181  -45/181   27/181 -135/181  193/181  -75/181  147/181  135/181 -111/181 -229/181  143/181  -81/181]
[ 185/181  217/181   15/181  -59/181   -5/181 -185/181  125/181  201/181   43/181   13/181  111/181  -25/181  -33/181   87/181  -27/181]
[ -13/181  129/181   37/181   73/181  237/181 -195/181 -137/181   49/181    1/181   81/181  289/181  -99/181    3/181 -129/181 -133/181]
[  -9/181  243/181 -101/181   45/181  -43/181   -3/181  165/181   99/181 -201/181  -11/181  -55/181   29/181  241/181  219/181  -37/181]
[-165/181 -165/181  -37/181  219/181  241/181   29/181  -55/181  -11/181 -201/181   99/181  165/181   -3/181  -43/181   45/181 -101/181]
[ 243/181   -9/181 -133/181 -129/181    3/181  -99/181  289/181   81/181    1/181   49/181 -137/181 -195/181  237/181   73/181   37/181]
[ 129/181  -13/181  -27/181   87/181  -33/181  -25/181  111/181   13/181   43/181  201/181  125/181 -185/181   -5/181  -59/181   15/181]
[ 217/181  185/181  -81/181  143/181 -229/181 -111/181  135/181  147/181  -75/181  193/181 -135/181   27/181  -45/181   11/181 -167/181]
[ 145/181 -139/181   67/181   39/181  139/181    5/181   -1/181 -241/181    9/181   25/181  169/181   79/181  117/181  -79/181 -147/181]
[ -87/181  101/181   55/181  137/181  -15/181  -39/181   65/181  -65/181  -67/181   59/181  -49/181  -29/181  119/181   33/181   75/181]
[-117/181        0        0        0        0        0        0        0        0        0        0        0        0        0        0]
Testing obstruction for
m1: 4, m2: 16,a: 3
[      -1 -167/181 -125/181  -55/181   43/181  169/181  323/181  505/181  353/181  229/181  133/181   65/181   25/181   13/181   29/181]
[  73/181  145/181  245/181  373/181  529/181  351/181  201/181   79/181  -15/181  -81/181 -119/181 -129/181 -111/181  -65/181    9/181]
[ 111/181  241/181  399/181  585/181  437/181  317/181  225/181  161/181  125/181  117/181  137/181  185/181  261/181  365/181  497/181]
[ 657/181  483/181  337/181  219/181  129/181   67/181   33/181   27/181   49/181   99/181  177/181  283/181  417/181  579/181  407/181]
[ 263/181  147/181   59/181   -1/181  -33/181  -37/181  -13/181   39/181  119/181  227/181  363/181  527/181  357/181  215/181  101/181]
[  15/181  -43/181  -73/181  -75/181  -49/181    5/181   87/181  197/181  335/181  501/181  333/181  193/181   81/181   -3/181  -59/181]
[ -87/181  -87/181  -59/181   -3/181   81/181  193/181  333/181  501/181  335/181  197/181   87/181    5/181  -49/181  -75/181  -73/181]
[ -43/181   15/181  101/181  215/181  357/181  527/181  363/181  227/181  119/181   39/181  -13/181  -37/181  -33/181   -1/181   59/181]
[ 147/181  263/181  407/181  579/181  417/181  283/181  177/181   99/181   49/181   27/181   33/181   67/181  129/181  219/181  337/181]
[ 483/181  657/181  497/181  365/181  261/181  185/181  137/181  117/181  125/181  161/181  225/181  317/181  437/181  585/181  399/181]
[ 241/181  111/181    9/181  -65/181 -111/181 -129/181 -119/181  -81/181  -15/181   79/181  201/181  351/181  529/181  373/181  245/181]
[ 145/181   73/181   29/181   13/181   25/181   65/181  133/181  229/181  353/181  505/181  323/181  169/181   43/181  -55/181 -125/181]
[-167/181        0        0        0        0        0        0        0        0        0        0        0        0        0        0]
[-167/181, -125/181]
32 [-167/181, 237/181]
Testing obstruction for
m1: 10, m2: 12,a: 8
[      -1 -161/181 -101/181   -1/181  139/181  319/181  177/181   75/181   13/181   -9/181    9/181   67/181  165/181  303/181  481/181]
[ 337/181  233/181  169/181  145/181  161/181  217/181  313/181  449/181  263/181  117/181   11/181  -55/181  -81/181  -67/181  -13/181]
[  81/181  215/181  389/181  241/181  133/181   65/181   37/181   49/181  101/181  193/181  325/181  497/181  347/181  237/181  167/181]
[ 137/181  147/181  197/181  287/181  417/181  225/181   73/181  -39/181 -111/181 -143/181 -135/181  -87/181    1/181  129/181  297/181]
[ 143/181   29/181  -45/181  -79/181  -73/181  -27/181   59/181  185/181  351/181  195/181   79/181    3/181  -33/181  -29/181   15/181]
[  99/181  223/181  387/181  229/181  111/181   33/181   -5/181   -3/181   39/181  121/181  243/181  405/181  245/181  125/181   45/181]
[   5/181    5/181   45/181  125/181  245/181  405/181  243/181  121/181   39/181   -3/181   -5/181   33/181  111/181  229/181  387/181]
[ 223/181   99/181   15/181  -29/181  -33/181    3/181   79/181  195/181  351/181  185/181   59/181  -27/181  -73/181  -79/181  -45/181]
[  29/181  143/181  297/181  129/181    1/181  -87/181 -135/181 -143/181 -111/181  -39/181   73/181  225/181  417/181  287/181  197/181]
[ 147/181  137/181  167/181  237/181  347/181  497/181  325/181  193/181  101/181   49/181   37/181   65/181  133/181  241/181  389/181]
[ 215/181   81/181  -13/181  -67/181  -81/181  -55/181   11/181  117/181  263/181  449/181  313/181  217/181  161/181  145/181  169/181]
[ 233/181  337/181  481/181  303/181  165/181   67/181    9/181   -9/181   13/181   75/181  177/181  319/181  139/181   -1/181 -101/181]
[-161/181        0        0        0        0        0        0        0        0        0        0        0        0        0        0]
Testing obstruction for
m1: 46, m2: 46,a: 45
[      -1 -177/181 -165/181 -145/181 -117/181  -81/181  -37/181   15/181   75/181  143/181  219/181  303/181  395/181  495/181  603/181]
[ 719/181  843/181  975/181 1115/181 1263/181 1419/181 1583/181 1755/181 1935/181 1761/181 1595/181 1437/181 1287/181 1145/181 1011/181]
[ 885/181  767/181  657/181  555/181  461/181  375/181  297/181  227/181  165/181  111/181   65/181   27/181   -3/181  -25/181  -39/181]
[ -45/181  -43/181  -33/181  -15/181   11/181   45/181   87/181  137/181  195/181  261/181  335/181  417/181  507/181  605/181  711/181]
[ 825/181  947/181 1077/181 1215/181 1361/181 1515/181 1677/181 1847/181 2025/181 1849/181 1681/181 1521/181 1369/181 1225/181 1089/181]
[ 961/181  841/181  729/181  625/181  529/181  441/181  361/181  289/181  225/181  169/181  121/181   81/181   49/181   25/181    9/181]
[   1/181    1/181    9/181   25/181   49/181   81/181  121/181  169/181  225/181  289/181  361/181  441/181  529/181  625/181  729/181]
[ 841/181  961/181 1089/181 1225/181 1369/181 1521/181 1681/181 1849/181 2025/181 1847/181 1677/181 1515/181 1361/181 1215/181 1077/181]
[ 947/181  825/181  711/181  605/181  507/181  417/181  335/181  261/181  195/181  137/181   87/181   45/181   11/181  -15/181  -33/181]
[ -43/181  -45/181  -39/181  -25/181   -3/181   27/181   65/181  111/181  165/181  227/181  297/181  375/181  461/181  555/181  657/181]
[ 767/181  885/181 1011/181 1145/181 1287/181 1437/181 1595/181 1761/181 1935/181 1755/181 1583/181 1419/181 1263/181 1115/181  975/181]
[ 843/181  719/181  603/181  495/181  395/181  303/181  219/181  143/181   75/181   15/181  -37/181  -81/181 -117/181 -145/181 -165/181]
[-177/181        0        0        0        0        0        0        0        0        0        0        0        0        0        0]
---------------------------
SUCCESS for name = 13a3902
---------------------------
