13a4104
Correction terms
[      -1 -327/385 -153/385  137/385 -227/385    59/77  163/385    21/55  247/385 -307/385     5/77   -27/35 -503/385  177/385    29/55]
[  -85/77 -167/385  207/385  -73/385 -237/385   -57/77   -31/55    -3/35 -503/385  -87/385   -65/77  323/385  317/385   -49/55 -117/385]
[   45/77  -87/385 -283/385   -33/35 -327/385    -5/11   93/385 -293/385  207/385   53/385     3/77   93/385   -69/55 -173/385   -47/35]
[    5/77  -87/385  -83/385   37/385    39/55   -29/77  323/385  137/385   67/385  113/385     -9/7   -31/55  177/385  -83/385 -227/385]
[  -51/77 -167/385   37/385   -59/55   23/385   -39/77   -27/35 -283/385 -153/385   93/385    13/11  163/385  -13/385  -73/385  -17/385]
[   31/77 -327/385     -9/5 -173/385 -307/385   -65/77 -227/385  -13/385  317/385    -1/55   -43/77 -307/385 -283/385   -13/35  113/385]
[  -57/77    29/55   37/385  -13/385   53/385    47/77 -237/385  177/385    -9/55   -17/35   -39/77  -87/385  137/385 -293/385  163/385]
[   -1/11 -117/385  -83/385   67/385 -437/385     -1/7 -327/385   -69/55  247/385  323/385   -51/77   53/385 -293/385  247/385    19/55]
[ -127/77   -47/35 -283/385   67/385 -237/385   -85/77    39/55  317/385 -293/385  -17/385   -79/77  113/385    -3/35    -9/55   23/385]
[   45/77 -227/385  207/385  -13/385 -117/385    -3/11   23/385 -503/385   -13/35 -437/385    31/77   93/385    21/55  317/385 -167/385]
[   47/77  -17/385 -153/385 -173/385     -1/5  -127/77 -307/385  137/385  -73/385 -167/385   -29/77    -1/55  247/385 -153/385 -437/385]
[   -11/7  113/385  177/385   -59/55 -117/385    59/77   53/385  -73/385  -83/385   23/385     7/11   -17/35 -503/385   67/385  -17/385]
[    3/77  163/385   -49/55   37/385 -237/385   -79/77 -437/385   -33/35 -173/385    19/55   -43/77  323/385  207/385  207/385  323/385]
[  -43/77    19/55 -173/385   -33/35 -437/385   -79/77 -237/385   37/385   -49/55  163/385     3/77  -17/385   67/385 -503/385   -17/35]
[    7/11   23/385  -83/385  -73/385   53/385    59/77 -117/385   -59/55  177/385  113/385    -11/7 -437/385 -153/385  247/385    -1/55]
[  -29/77 -167/385  -73/385  137/385 -307/385  -127/77     -1/5 -173/385 -153/385  -17/385    47/77 -167/385  317/385    21/55   93/385]
[   31/77 -437/385   -13/35 -503/385   23/385    -3/11 -117/385  -13/385  207/385 -227/385    45/77   23/385    -9/55    -3/35  113/385]
[  -79/77  -17/385 -293/385  317/385    39/55   -85/77 -237/385   67/385 -283/385   -47/35  -127/77    19/55  247/385 -293/385   53/385]
[  -51/77  323/385  247/385   -69/55 -327/385     -1/7 -437/385   67/385  -83/385 -117/385    -1/11  163/385 -293/385  137/385  -87/385]
[  -39/77   -17/35    -9/55  177/385 -237/385    47/77   53/385  -13/385   37/385    29/55   -57/77  113/385   -13/35 -283/385 -307/385]
[  -43/77    -1/55  317/385  -13/385 -227/385   -65/77 -307/385 -173/385     -9/5 -327/385    31/77  -17/385  -73/385  -13/385  163/385]
[   13/11   93/385 -153/385 -283/385   -27/35   -39/77   23/385   -59/55   37/385 -167/385   -51/77 -227/385  -83/385  177/385   -31/55]
[    -9/7  113/385   67/385  137/385  323/385   -29/77    39/55   37/385  -83/385  -87/385     5/77   -47/35 -173/385   -69/55   93/385]
[    3/77   53/385  207/385 -293/385   93/385    -5/11 -327/385   -33/35 -283/385  -87/385    45/77 -117/385   -49/55  317/385  323/385]
[  -65/77  -87/385 -503/385    -3/35   -31/55   -57/77 -237/385  -73/385  207/385 -167/385   -85/77    29/55  177/385 -503/385   -27/35]
[    5/77 -307/385  247/385    21/55  163/385    59/77 -227/385  137/385 -153/385 -327/385        0        0        0        0        0]
Testing obstruction for
m1: 4, m2: 28,a: 0
[      -1 -261/385  111/385  -39/385   59/385    81/77  229/385    43/55  621/385 1189/385   247/77   139/35 2071/385 2091/385   337/55]
[  421/77 2099/385 1571/385 1291/385 1259/385   141/77    57/55    31/35  531/385  199/385    23/77  279/385  -79/385   -27/55  -51/385]
[   67/77  199/385  311/385    61/35  509/385    17/11  929/385 1511/385 1571/385 1879/385   487/77 2469/385   283/55 1741/385   159/35]
[  247/77  969/385  951/385  411/385    17/55    15/77  279/385  -39/385 -109/385   69/385     -5/7   -53/55 -219/385  181/385   59/385]
[   37/77  559/385  411/385    73/55  859/385   291/77   139/35 1851/385 2421/385 2469/385    57/11 1769/385 1791/385 1291/385 1039/385]
[  207/77  509/385      3/5  201/385  419/385    23/77   59/385  251/385  -79/385   -23/55     1/77  419/385  311/385    41/35  839/385]
[  141/77   117/55 1181/385 1791/385 1879/385   443/77 2799/385 2091/385   233/55   129/35   291/77  969/385  731/385  741/385  229/385]
[   -1/11  -51/385  181/385 -109/385 -151/385      1/7 -261/385   -47/55 -149/385  279/385    37/77  339/385  741/385  621/385   107/55]
[  225/77   159/35 1851/385 2201/385 2799/385   421/77   237/55 1461/385 1511/385 1039/385   163/77  839/385    31/35    13/55   89/385]
[   67/77   59/385   31/385  251/385  -51/385    -3/11   89/385  531/385    41/35  619/385   207/77  929/385   153/55 1461/385 2099/385]
[  443/77 2579/385 2421/385 1741/385     17/5   225/77 1189/385  731/385  521/385  559/385    15/77   -23/55 -149/385  111/385 -151/385]
[    -3/7   69/385 -219/385   -37/55  -51/385    81/77  339/385  521/385  951/385  859/385    29/11   129/35 2071/385 2201/385 2579/385]
[  487/77 1769/385   193/55 1181/385 1259/385   163/77  619/385    61/35  201/385    -3/55     1/77  279/385   31/385   31/385  279/385]
[    1/77    -3/55  201/385    61/35  619/385   163/77 1259/385 1181/385   193/55 1769/385   487/77 2579/385 2201/385 2071/385   129/35]
[   29/11  859/385  951/385  521/385  339/385    81/77  -51/385   -37/55 -219/385   69/385     -3/7 -151/385  111/385 -149/385   -23/55]
[   15/77  559/385  521/385  731/385 1189/385   225/77     17/5 1741/385 2421/385 2579/385   443/77 2099/385 1461/385   153/55  929/385]
[  207/77  619/385    41/35  531/385   89/385    -3/11  -51/385  251/385   31/385   59/385    67/77   89/385    13/55    31/35  839/385]
[  163/77 1039/385 1511/385 1461/385   237/55   421/77 2799/385 2201/385 1851/385   159/35   225/77   107/55  621/385  741/385  339/385]
[   37/77  279/385 -149/385   -47/55 -261/385      1/7 -151/385 -109/385  181/385  -51/385    -1/11  229/385  741/385  731/385  969/385]
[  291/77   129/35   233/55 2091/385 2799/385   443/77 1879/385 1791/385 1181/385   117/55   141/77  839/385    41/35  311/385  419/385]
[    1/77   -23/55  -79/385  251/385   59/385    23/77  419/385  201/385      3/5  509/385   207/77 1039/385 1291/385 1791/385 1769/385]
[   57/11 2469/385 2421/385 1851/385   139/35   291/77  859/385    73/55  411/385  559/385    37/77   59/385  181/385 -219/385   -53/55]
[    -5/7   69/385 -109/385  -39/385  279/385    15/77    17/55  411/385  951/385  969/385   247/77   159/35 1741/385   283/55 2469/385]
[  487/77 1879/385 1571/385 1511/385  929/385    17/11  509/385    61/35  311/385  199/385    67/77  -51/385   -27/55  -79/385  279/385]
[   23/77  199/385  531/385    31/35    57/55   141/77 1259/385 1291/385 1571/385 2099/385   421/77   337/55 2091/385 2071/385   139/35]
[  247/77 1189/385  621/385    43/55  229/385    81/77   59/385  -39/385  111/385 -261/385        0        0        0        0        0]
Testing obstruction for
m1: 6, m2: 18,a: 0
[      -1 -293/385  -17/385  443/385  317/385    75/77  617/385   149/55 1653/385 1677/385   223/77    67/35  543/385  533/385   101/55]
[   59/77   67/385   23/385  163/385  487/385    45/77    21/55    23/35  543/385 1017/385   335/77 1747/385 1233/385   129/55  757/385]
[  159/77  247/385 -117/385   -27/35 -293/385    -3/11  267/385   53/385   23/385  177/385   103/77 1037/385   139/55 1093/385   127/35]
[  223/77 1017/385 1103/385  603/385    41/55    31/77  207/385  443/385   93/385  -73/385     -1/7    21/55  533/385 1103/385 1087/385]
[  251/77 1607/385 1373/385   189/55  687/385    47/77    -3/35 -117/385  -17/385  267/385    -1/11 -153/385  -87/385  163/385  597/385]
[   89/77  477/385      9/5 1093/385 1677/385   335/77 1087/385  683/385  463/385    61/55   115/77  137/385 -117/385   -17/35  -73/385]
[   45/77   101/55  603/385  683/385  947/385   279/77 2027/385 1303/385   109/55    37/35    47/77  247/385  443/385   53/385 -153/385]
[   -5/11  -13/385  333/385   93/385   37/385      3/7  477/385   139/55 1653/385 1747/385   251/77  947/385  823/385  883/385    51/55]
[    3/77   -13/35 -117/385   93/385  487/385    59/77    41/55  463/385  823/385 1367/385   265/77 1467/385    93/35   109/55  687/385]
[  159/77  317/385   23/385  -87/385  -13/385     7/11  -83/385 -227/385   -17/35   37/385    89/77 1037/385   149/55 1233/385 1607/385]
[  279/77 1367/385  753/385  323/385      1/5     3/77  137/385  443/385  163/385   67/385    31/77    61/55  883/385  753/385  807/385]
[    19/7 1467/385 1303/385   189/55  757/385    75/77  177/385  163/385  333/385  -83/385    -9/11   -33/35 -227/385   93/385  597/385]
[  103/77  617/385   129/55 1373/385 2027/385   265/77  807/385    43/35  323/385    51/55   115/77  207/385   23/385   23/385  207/385]
[  115/77    51/55  323/385    43/35  807/385   265/77 2027/385 1373/385   129/55  617/385   103/77  597/385   93/385 -227/385   -33/35]
[   -9/11  -83/385  333/385  163/385  177/385    75/77  757/385   189/55 1303/385 1467/385     19/7  807/385  753/385  883/385    61/55]
[   31/77   67/385  163/385  443/385  137/385     3/77      1/5  323/385  753/385 1367/385   279/77 1607/385 1233/385   149/55 1037/385]
[   89/77   37/385   -17/35 -227/385  -83/385     7/11  -13/385  -87/385   23/385  317/385   159/77  687/385   109/55    93/35 1467/385]
[  265/77 1367/385  823/385  463/385    41/55    59/77  487/385   93/385 -117/385   -13/35     3/77    51/55  883/385  823/385  947/385]
[  251/77 1747/385 1653/385   139/55  477/385      3/7   37/385   93/385  333/385  -13/385    -5/11 -153/385   53/385  443/385  247/385]
[   47/77    37/35   109/55 1303/385 2027/385   279/77  947/385  683/385  603/385   101/55    45/77  -73/385   -17/35 -117/385  137/385]
[  115/77    61/55  463/385  683/385 1087/385   335/77 1677/385 1093/385      9/5  477/385    89/77  597/385  163/385  -87/385 -153/385]
[   -1/11  267/385  -17/385 -117/385    -3/35    47/77  687/385   189/55 1373/385 1607/385   251/77 1087/385 1103/385  533/385    21/55]
[    -1/7  -73/385   93/385  443/385  207/385    31/77    41/55  603/385 1103/385 1017/385   223/77   127/35 1093/385   139/55 1037/385]
[  103/77  177/385   23/385   53/385  267/385    -3/11 -293/385   -27/35 -117/385  247/385   159/77  757/385   129/55 1233/385 1747/385]
[  335/77 1017/385  543/385    23/35    21/55    45/77  487/385  163/385   23/385   67/385    59/77   101/55  533/385  543/385    67/35]
[  223/77 1677/385 1653/385   149/55  617/385    75/77  317/385  443/385  -17/385 -293/385        0        0        0        0        0]
[-293/385, -17/385, 443/385, 317/385, 75/77, 617/385, 149/55, 1653/385, 1677/385, 223/77, 67/35, 543/385, 533/385, 101/55, 59/77, 67/385, 23/385, 163/385, 487/385, 45/77, 21/55, 23/35, 543/385, 1017/385, 335/77, 1747/385, 1233/385, 129/55, 757/385, 159/77, 247/385, -117/385, -27/35, -293/385, -3/11, 267/385, 53/385, 23/385, 177/385, 103/77, 1037/385, 139/55, 1093/385, 127/35, 223/77, 1017/385, 1103/385, 603/385, 41/55, 31/77, 207/385, 443/385, 93/385, -73/385, -1/7, 21/55, 533/385, 1103/385, 1087/385, 251/77, 1607/385, 1373/385, 189/55, 687/385, 47/77, -3/35, -117/385, -17/385, 267/385, -1/11, -153/385, -87/385, 163/385, 597/385, 89/77, 477/385, 9/5, 1093/385, 1677/385, 335/77, 1087/385, 683/385, 463/385, 61/55, 115/77, 137/385, -117/385, -17/35, -73/385, 45/77, 101/55, 603/385, 683/385, 947/385, 279/77, 2027/385, 1303/385, 109/55, 37/35, 47/77, 247/385, 443/385, 53/385, -153/385, -5/11, -13/385, 333/385, 93/385, 37/385, 3/7, 477/385, 139/55, 1653/385, 1747/385, 251/77, 947/385, 823/385, 883/385, 51/55, 3/77, -13/35, -117/385, 93/385, 487/385, 59/77, 41/55, 463/385, 823/385, 1367/385, 265/77, 1467/385, 93/35, 109/55, 687/385, 159/77, 317/385, 23/385, -87/385, -13/385, 7/11, -83/385, -227/385, -17/35, 37/385, 89/77, 1037/385, 149/55, 1233/385, 1607/385, 279/77, 1367/385, 753/385, 323/385, 1/5, 3/77, 137/385, 443/385, 163/385, 67/385, 31/77, 61/55, 883/385, 753/385, 807/385, 19/7, 1467/385, 1303/385, 189/55, 757/385, 75/77, 177/385, 163/385, 333/385, -83/385, -9/11]
37 [-293/385, -17/385, -327/385, 317/385, -79/77, -153/385, 39/55, 113/385, 137/385, -85/77, -3/35, -227/385, -237/385, -9/55, 59/77, 67/385, 23/385, 163/385, -283/385, 45/77, 21/55, -47/35, -227/385, 247/385, -127/77, 207/385, -307/385, 19/55, -13/385, 5/77, 247/385, -117/385, -27/35, -293/385, -3/11, -503/385, 53/385, 23/385, 177/385, -51/77, -503/385, 29/55, 323/385, -13/35, -85/77, 247/385, -437/385, -167/385, -69/55, 31/77, 207/385, -327/385, 93/385, -73/385, -1/7, 21/55, -237/385, -437/385, 317/385, -57/77, 67/385, -167/385, -31/55, -83/385, 47/77, -3/35, -117/385, -17/385, -503/385, -1/11, -153/385, -87/385, 163/385, -173/385, -65/77, -293/385, -1/5, 323/385, 137/385, -127/77, 317/385, -87/385, -307/385, -49/55, -39/77, 137/385, -117/385, -17/35, -73/385, 45/77, -9/55, -167/385, -87/385, 177/385, -29/77, -283/385, -237/385, -1/55, -33/35, 47/77, 247/385, -327/385, 53/385, -153/385, -5/11, -13/385, -437/385, 93/385, 37/385, -11/7, -293/385, 29/55, 113/385, 207/385, -57/77, 177/385, 53/385, 113/385, -59/55, 3/77, -13/35, -117/385, 93/385, -283/385, 59/77, -69/55, -307/385, 53/385, -173/385, -43/77, -73/385, -47/35, -1/55, -83/385, 5/77, 317/385, 23/385, -87/385, -13/385, 7/11, -83/385, -227/385, -17/35, 37/385, -65/77, -503/385, 39/55, -307/385, 67/385, -29/77, -173/385, -17/385, 323/385, -9/5, 3/77, 137/385, -327/385, 163/385, 67/385, 31/77, -49/55, 113/385, -17/385, 37/385, -9/7, -73/385, -237/385, -31/55, -13/385, -79/77, 177/385, 163/385, -437/385, -83/385, 13/11]
[-293/385, -17/385, 443/385, 317/385, 75/77, 617/385, 149/55, 1653/385, 1677/385, 223/77, 67/35, 543/385, 533/385, 101/55, 59/77, 67/385, 23/385, 163/385, 487/385, 45/77, 21/55, 23/35, 543/385, 1017/385, 335/77, 1747/385, 1233/385, 129/55, 757/385, 159/77, 247/385, -117/385, -27/35, -293/385, -3/11, 267/385, 53/385, 23/385, 177/385, 103/77, 1037/385, 139/55, 1093/385, 127/35, 223/77, 1017/385, 1103/385, 603/385, 41/55, 31/77, 207/385, 443/385, 93/385, -73/385, -1/7, 21/55, 533/385, 1103/385, 1087/385, 251/77, 1607/385, 1373/385, 189/55, 687/385, 47/77, -3/35, -117/385, -17/385, 267/385, -1/11, -153/385, -87/385, 163/385, 597/385, 89/77, 477/385, 9/5, 1093/385, 1677/385, 335/77, 1087/385, 683/385, 463/385, 61/55, 115/77, 137/385, -117/385, -17/35, -73/385, 45/77, 101/55, 603/385, 683/385, 947/385, 279/77, 2027/385, 1303/385, 109/55, 37/35, 47/77, 247/385, 443/385, 53/385, -153/385, -5/11, -13/385, 333/385, 93/385, 37/385, 3/7, 477/385, 139/55, 1653/385, 1747/385, 251/77, 947/385, 823/385, 883/385, 51/55, 3/77, -13/35, -117/385, 93/385, 487/385, 59/77, 41/55, 463/385, 823/385, 1367/385, 265/77, 1467/385, 93/35, 109/55, 687/385, 159/77, 317/385, 23/385, -87/385, -13/385, 7/11, -83/385, -227/385, -17/35, 37/385, 89/77, 1037/385, 149/55, 1233/385, 1607/385, 279/77, 1367/385, 753/385, 323/385, 1/5, 3/77, 137/385, 443/385, 163/385, 67/385, 31/77, 61/55, 883/385, 753/385, 807/385, 19/7, 1467/385, 1303/385, 189/55, 757/385, 75/77, 177/385, 163/385, 333/385, -83/385, -9/11]
103 [-293/385, -17/385, -327/385, 317/385, -79/77, -153/385, 39/55, 113/385, 137/385, -85/77, -3/35, -227/385, -237/385, -9/55, 59/77, 67/385, 23/385, 163/385, -283/385, 45/77, 21/55, -47/35, -227/385, 247/385, -127/77, 207/385, -307/385, 19/55, -13/385, 5/77, 247/385, -117/385, -27/35, -293/385, -3/11, -503/385, 53/385, 23/385, 177/385, -51/77, -503/385, 29/55, 323/385, -13/35, -85/77, 247/385, -437/385, -167/385, -69/55, 31/77, 207/385, -327/385, 93/385, -73/385, -1/7, 21/55, -237/385, -437/385, 317/385, -57/77, 67/385, -167/385, -31/55, -83/385, 47/77, -3/35, -117/385, -17/385, -503/385, -1/11, -153/385, -87/385, 163/385, -173/385, -65/77, -293/385, -1/5, 323/385, 137/385, -127/77, 317/385, -87/385, -307/385, -49/55, -39/77, 137/385, -117/385, -17/35, -73/385, 45/77, -9/55, -167/385, -87/385, 177/385, -29/77, -283/385, -237/385, -1/55, -33/35, 47/77, 247/385, -327/385, 53/385, -153/385, -5/11, -13/385, -437/385, 93/385, 37/385, -11/7, -293/385, 29/55, 113/385, 207/385, -57/77, 177/385, 53/385, 113/385, -59/55, 3/77, -13/35, -117/385, 93/385, -283/385, 59/77, -69/55, -307/385, 53/385, -173/385, -43/77, -73/385, -47/35, -1/55, -83/385, 5/77, 317/385, 23/385, -87/385, -13/385, 7/11, -83/385, -227/385, -17/35, 37/385, -65/77, -503/385, 39/55, -307/385, 67/385, -29/77, -173/385, -17/385, 323/385, -9/5, 3/77, 137/385, -327/385, 163/385, 67/385, 31/77, -49/55, 113/385, -17/385, 37/385, -9/7, -73/385, -237/385, -31/55, -13/385, -79/77, 177/385, 163/385, -437/385, -83/385, 13/11]
[-293/385, -17/385, 443/385, 317/385, 75/77, 617/385, 149/55, 1653/385, 1677/385, 223/77, 67/35, 543/385, 533/385, 101/55, 59/77, 67/385, 23/385, 163/385, 487/385, 45/77, 21/55, 23/35, 543/385, 1017/385, 335/77, 1747/385, 1233/385, 129/55, 757/385, 159/77, 247/385, -117/385, -27/35, -293/385, -3/11, 267/385, 53/385, 23/385, 177/385, 103/77, 1037/385, 139/55, 1093/385, 127/35, 223/77, 1017/385, 1103/385, 603/385, 41/55, 31/77, 207/385, 443/385, 93/385, -73/385, -1/7, 21/55, 533/385, 1103/385, 1087/385, 251/77, 1607/385, 1373/385, 189/55, 687/385, 47/77, -3/35, -117/385, -17/385, 267/385, -1/11, -153/385, -87/385, 163/385, 597/385, 89/77, 477/385, 9/5, 1093/385, 1677/385, 335/77, 1087/385, 683/385, 463/385, 61/55, 115/77, 137/385, -117/385, -17/35, -73/385, 45/77, 101/55, 603/385, 683/385, 947/385, 279/77, 2027/385, 1303/385, 109/55, 37/35, 47/77, 247/385, 443/385, 53/385, -153/385, -5/11, -13/385, 333/385, 93/385, 37/385, 3/7, 477/385, 139/55, 1653/385, 1747/385, 251/77, 947/385, 823/385, 883/385, 51/55, 3/77, -13/35, -117/385, 93/385, 487/385, 59/77, 41/55, 463/385, 823/385, 1367/385, 265/77, 1467/385, 93/35, 109/55, 687/385, 159/77, 317/385, 23/385, -87/385, -13/385, 7/11, -83/385, -227/385, -17/35, 37/385, 89/77, 1037/385, 149/55, 1233/385, 1607/385, 279/77, 1367/385, 753/385, 323/385, 1/5, 3/77, 137/385, 443/385, 163/385, 67/385, 31/77, 61/55, 883/385, 753/385, 807/385, 19/7, 1467/385, 1303/385, 189/55, 757/385, 75/77, 177/385, 163/385, 333/385, -83/385, -9/11]
117 [-293/385, -17/385, -327/385, 317/385, -79/77, -153/385, 39/55, 113/385, 137/385, -85/77, -3/35, -227/385, -237/385, -9/55, 59/77, 67/385, 23/385, 163/385, -283/385, 45/77, 21/55, -47/35, -227/385, 247/385, -127/77, 207/385, -307/385, 19/55, -13/385, 5/77, 247/385, -117/385, -27/35, -293/385, -3/11, -503/385, 53/385, 23/385, 177/385, -51/77, -503/385, 29/55, 323/385, -13/35, -85/77, 247/385, -437/385, -167/385, -69/55, 31/77, 207/385, -327/385, 93/385, -73/385, -1/7, 21/55, -237/385, -437/385, 317/385, -57/77, 67/385, -167/385, -31/55, -83/385, 47/77, -3/35, -117/385, -17/385, -503/385, -1/11, -153/385, -87/385, 163/385, -173/385, -65/77, -293/385, -1/5, 323/385, 137/385, -127/77, 317/385, -87/385, -307/385, -49/55, -39/77, 137/385, -117/385, -17/35, -73/385, 45/77, -9/55, -167/385, -87/385, 177/385, -29/77, -283/385, -237/385, -1/55, -33/35, 47/77, 247/385, -327/385, 53/385, -153/385, -5/11, -13/385, -437/385, 93/385, 37/385, -11/7, -293/385, 29/55, 113/385, 207/385, -57/77, 177/385, 53/385, 113/385, -59/55, 3/77, -13/35, -117/385, 93/385, -283/385, 59/77, -69/55, -307/385, 53/385, -173/385, -43/77, -73/385, -47/35, -1/55, -83/385, 5/77, 317/385, 23/385, -87/385, -13/385, 7/11, -83/385, -227/385, -17/35, 37/385, -65/77, -503/385, 39/55, -307/385, 67/385, -29/77, -173/385, -17/385, 323/385, -9/5, 3/77, 137/385, -327/385, 163/385, 67/385, 31/77, -49/55, 113/385, -17/385, 37/385, -9/7, -73/385, -237/385, -31/55, -13/385, -79/77, 177/385, 163/385, -437/385, -83/385, 13/11]
[-293/385, -17/385, 443/385, 317/385, 75/77, 617/385, 149/55, 1653/385, 1677/385, 223/77, 67/35, 543/385, 533/385, 101/55, 59/77, 67/385, 23/385, 163/385, 487/385, 45/77, 21/55, 23/35, 543/385, 1017/385, 335/77, 1747/385, 1233/385, 129/55, 757/385, 159/77, 247/385, -117/385, -27/35, -293/385, -3/11, 267/385, 53/385, 23/385, 177/385, 103/77, 1037/385, 139/55, 1093/385, 127/35, 223/77, 1017/385, 1103/385, 603/385, 41/55, 31/77, 207/385, 443/385, 93/385, -73/385, -1/7, 21/55, 533/385, 1103/385, 1087/385, 251/77, 1607/385, 1373/385, 189/55, 687/385, 47/77, -3/35, -117/385, -17/385, 267/385, -1/11, -153/385, -87/385, 163/385, 597/385, 89/77, 477/385, 9/5, 1093/385, 1677/385, 335/77, 1087/385, 683/385, 463/385, 61/55, 115/77, 137/385, -117/385, -17/35, -73/385, 45/77, 101/55, 603/385, 683/385, 947/385, 279/77, 2027/385, 1303/385, 109/55, 37/35, 47/77, 247/385, 443/385, 53/385, -153/385, -5/11, -13/385, 333/385, 93/385, 37/385, 3/7, 477/385, 139/55, 1653/385, 1747/385, 251/77, 947/385, 823/385, 883/385, 51/55, 3/77, -13/35, -117/385, 93/385, 487/385, 59/77, 41/55, 463/385, 823/385, 1367/385, 265/77, 1467/385, 93/35, 109/55, 687/385, 159/77, 317/385, 23/385, -87/385, -13/385, 7/11, -83/385, -227/385, -17/35, 37/385, 89/77, 1037/385, 149/55, 1233/385, 1607/385, 279/77, 1367/385, 753/385, 323/385, 1/5, 3/77, 137/385, 443/385, 163/385, 67/385, 31/77, 61/55, 883/385, 753/385, 807/385, 19/7, 1467/385, 1303/385, 189/55, 757/385, 75/77, 177/385, 163/385, 333/385, -83/385, -9/11]
128 [-293/385, -17/385, -327/385, 317/385, -79/77, -153/385, 39/55, 113/385, 137/385, -85/77, -3/35, -227/385, -237/385, -9/55, 59/77, 67/385, 23/385, 163/385, -283/385, 45/77, 21/55, -47/35, -227/385, 247/385, -127/77, 207/385, -307/385, 19/55, -13/385, 5/77, 247/385, -117/385, -27/35, -293/385, -3/11, -503/385, 53/385, 23/385, 177/385, -51/77, -503/385, 29/55, 323/385, -13/35, -85/77, 247/385, -437/385, -167/385, -69/55, 31/77, 207/385, -327/385, 93/385, -73/385, -1/7, 21/55, -237/385, -437/385, 317/385, -57/77, 67/385, -167/385, -31/55, -83/385, 47/77, -3/35, -117/385, -17/385, -503/385, -1/11, -153/385, -87/385, 163/385, -173/385, -65/77, -293/385, -1/5, 323/385, 137/385, -127/77, 317/385, -87/385, -307/385, -49/55, -39/77, 137/385, -117/385, -17/35, -73/385, 45/77, -9/55, -167/385, -87/385, 177/385, -29/77, -283/385, -237/385, -1/55, -33/35, 47/77, 247/385, -327/385, 53/385, -153/385, -5/11, -13/385, -437/385, 93/385, 37/385, -11/7, -293/385, 29/55, 113/385, 207/385, -57/77, 177/385, 53/385, 113/385, -59/55, 3/77, -13/35, -117/385, 93/385, -283/385, 59/77, -69/55, -307/385, 53/385, -173/385, -43/77, -73/385, -47/35, -1/55, -83/385, 5/77, 317/385, 23/385, -87/385, -13/385, 7/11, -83/385, -227/385, -17/35, 37/385, -65/77, -503/385, 39/55, -307/385, 67/385, -29/77, -173/385, -17/385, 323/385, -9/5, 3/77, 137/385, -327/385, 163/385, 67/385, 31/77, -49/55, 113/385, -17/385, 37/385, -9/7, -73/385, -237/385, -31/55, -13/385, -79/77, 177/385, 163/385, -437/385, -83/385, 13/11]
Testing obstruction for
m1: 12, m2: 12,a: 6
[      -1 -339/385 -201/385   29/385  351/385   153/77 1271/385   157/55 1019/385 1031/385   227/77   121/35  849/385  459/385    23/55]
[   -9/77 -159/385 -181/385 -111/385   51/385    61/77    93/55    99/35  849/385  701/385   129/77  681/385  809/385   147/55  571/385]
[   41/77  -69/385 -251/385   -31/35 -339/385    -7/11  -59/385  219/385  589/385 1051/385   167/77  711/385    97/55  739/385    81/35]
[  227/77  701/385  359/385  109/385    -7/55   -23/77  -89/385   29/385  239/385  541/385     17/7    93/55  459/385  359/385  351/385]
[   87/77  611/385  879/385    67/55  151/385   -15/77   -19/35 -251/385 -201/385  -59/385     5/11  501/385  919/385  659/385  491/385]
[   83/77  431/385      7/5  739/385 1031/385   129/77  351/385  149/385   39/385     3/55    19/77  261/385  519/385    79/35  541/385]
[   61/77    23/55  109/385  149/385  281/385   101/77  821/385  459/385    27/55     1/35   -15/77  -69/385   29/385  219/385  501/385]
[   25/11  571/385  359/385  239/385  211/385      5/7  431/385    97/55 1019/385  681/385    87/77  281/385  219/385  249/385    53/55]
[  117/77    81/35  519/385  239/385   51/385    -9/77    -7/55   39/385  219/385  491/385   171/77  541/385    29/35    27/55  151/385]
[   41/77  351/385  589/385  919/385  571/385     9/11  151/385   79/385     9/35  211/385    83/77  711/385   157/55  809/385  611/385]
[  101/77  491/385  569/385  739/385     13/5   117/77  261/385   29/385 -111/385 -159/385   -23/77     3/55  249/385  569/385  981/385]
[    13/7  541/385  459/385    67/55  571/385   153/77 1051/385  659/385  359/385  151/385     1/11     1/35   79/385  239/385  491/385]
[  167/77 1271/385   147/55  879/385  821/385   171/77  981/385   109/35  739/385    53/55    19/77  -89/385 -181/385 -181/385  -89/385]
[   19/77    53/55  739/385   109/35  981/385   171/77  821/385  879/385   147/55 1271/385   167/77  491/385  239/385   79/385     1/35]
[    1/11  151/385  359/385  659/385 1051/385   153/77  571/385    67/55  459/385  541/385     13/7  981/385  569/385  249/385     3/55]
[  -23/77 -159/385 -111/385   29/385  261/385   117/77     13/5  739/385  569/385  491/385   101/77  611/385  809/385   157/55  711/385]
[   83/77  211/385     9/35   79/385  151/385     9/11  571/385  919/385  589/385  351/385    41/77  151/385    27/55    29/35  541/385]
[  171/77  491/385  219/385   39/385    -7/55    -9/77   51/385  239/385  519/385    81/35   117/77    53/55  249/385  219/385  281/385]
[   87/77  681/385 1019/385    97/55  431/385      5/7  211/385  239/385  359/385  571/385    25/11  501/385  219/385   29/385  -69/385]
[  -15/77     1/35    27/55  459/385  821/385   101/77  281/385  149/385  109/385    23/55    61/77  541/385    79/35  519/385  261/385]
[   19/77     3/55   39/385  149/385  351/385   129/77 1031/385  739/385      7/5  431/385    83/77  491/385  659/385  919/385  501/385]
[    5/11  -59/385 -201/385 -251/385   -19/35   -15/77  151/385    67/55  879/385  611/385    87/77  351/385  359/385  459/385    93/55]
[    17/7  541/385  239/385   29/385  -89/385   -23/77    -7/55  109/385  359/385  701/385   227/77    81/35  739/385    97/55  711/385]
[  167/77 1051/385  589/385  219/385  -59/385    -7/11 -339/385   -31/35 -251/385  -69/385    41/77  571/385   147/55  809/385  681/385]
[  129/77  701/385  849/385    99/35    93/55    61/77   51/385 -111/385 -181/385 -159/385    -9/77    23/55  459/385  849/385   121/35]
[  227/77 1031/385 1019/385   157/55 1271/385   153/77  351/385   29/385 -201/385 -339/385        0        0        0        0        0]
Testing obstruction for
m1: 16, m2: 16,a: 12
[      -1 -323/385 -137/385  173/385  607/385    79/77  307/385    49/55  503/385  787/385   239/77    87/35  843/385  853/385   141/55]
[  249/77  857/385  593/385  453/385  437/385   109/77   111/55    33/35   73/385  -93/385   -27/77  -53/385  153/385    69/55  167/385]
[   -5/77  -93/385  -37/385    13/35  447/385    25/11  657/385  563/385  593/385  747/385   205/77 1427/385   169/55 1063/385    97/35]
[  239/77  677/385  283/385   13/385   -19/55   -31/77  -53/385  173/385  523/385  227/385      1/7     1/55   83/385  283/385  607/385]
[   57/77   87/385   13/385     9/55  237/385   107/77    87/35 1503/385 1403/385 1427/385    45/11 1077/385  703/385  453/385  327/385]
[   65/77  447/385      9/5  293/385   17/385   -27/77 -163/385  -67/385  153/385    71/55    39/77   17/385  -37/385     3/35  227/385]
[  109/77   141/55  783/385  703/385  747/385   183/77 1207/385  853/385    89/55    47/35   107/77  677/385  943/385  563/385  307/385]
[    5/11  167/385  283/385  523/385  117/385     -3/7 -323/385   -51/55 -267/385  -53/385    57/77  747/385  563/385  503/385    81/55]
[  151/77    97/35 1503/385 1293/385 1207/385   249/77   201/55  923/385  563/385  327/385    43/77  227/385    33/35    89/55  237/385]
[   -5/77 -163/385 -177/385  -67/385  167/385    15/11  237/385   73/385     3/35  117/385    65/77  657/385   159/55  923/385  857/385]
[  183/77 1097/385 1403/385 1063/385     11/5   151/77  787/385  943/385  453/385   87/385   -31/77   -39/55 -267/385 -137/385  117/385]
[     9/7  227/385   83/385     9/55  167/385    79/77  747/385  453/385  283/385  237/385     9/11    47/35  843/385 1293/385 1097/385]
[  205/77 1077/385   179/55  783/385  437/385    43/77  117/385    13/35  293/385    81/55    39/77  -53/385 -177/385 -177/385  -53/385]
[   39/77    81/55  293/385    13/35  117/385    43/77  437/385  783/385   179/55 1077/385   205/77 1097/385 1293/385  843/385    47/35]
[    9/11  237/385  283/385  453/385  747/385    79/77  167/385     9/55   83/385  227/385      9/7  117/385 -137/385 -267/385   -39/55]
[  -31/77   87/385  453/385  943/385  787/385   151/77     11/5 1063/385 1403/385 1097/385   183/77  857/385  923/385   159/55  657/385]
[   65/77  117/385     3/35   73/385  237/385    15/11  167/385  -67/385 -177/385 -163/385    -5/77  237/385    89/55    33/35  227/385]
[   43/77  327/385  563/385  923/385   201/55   249/77 1207/385 1293/385 1503/385    97/35   151/77    81/55  503/385  563/385  747/385]
[   57/77  -53/385 -267/385   -51/55 -323/385     -3/7  117/385  523/385  283/385  167/385     5/11  307/385  563/385  943/385  677/385]
[  107/77    47/35    89/55  853/385 1207/385   183/77  747/385  703/385  783/385   141/55   109/77  227/385     3/35  -37/385   17/385]
[   39/77    71/55  153/385  -67/385 -163/385   -27/77   17/385  293/385      9/5  447/385    65/77  327/385  453/385  703/385 1077/385]
[   45/11 1427/385 1403/385 1503/385    87/35   107/77  237/385     9/55   13/385   87/385    57/77  607/385  283/385   83/385     1/55]
[     1/7  227/385  523/385  173/385  -53/385   -31/77   -19/55   13/385  283/385  677/385   239/77    97/35 1063/385   169/55 1427/385]
[  205/77  747/385  593/385  563/385  657/385    25/11  447/385    13/35  -37/385  -93/385    -5/77  167/385    69/55  153/385  -53/385]
[  -27/77  -93/385   73/385    33/35   111/55   109/77  437/385  453/385  593/385  857/385   249/77   141/55  853/385  843/385    87/35]
[  239/77  787/385  503/385    49/55  307/385    79/77  607/385  173/385 -137/385 -323/385        0        0        0        0        0]
---------------------------
SUCCESS for name = 13a4104
---------------------------
13a4106
Correction terms
[      -1  207/217  177/217  127/217   57/217  -33/217  291/217    23/31   11/217  275/217   85/217 -125/217   79/217  263/217    -1/31]
[ 137/217 -173/217  365/217   15/217   79/217  123/217    21/31  151/217  135/217   99/217   43/217  -33/217 -129/217    27/31   53/217]
[-103/217      5/7  -41/217  177/217  -59/217    17/31  277/217  -19/217   99/217  197/217  275/217 -101/217    -9/31  -45/217  387/217]
[ -69/217 -111/217  261/217  179/217    11/31  -45/217  247/217   85/217  -97/217  135/217  347/217    15/31 -157/217   -5/217  127/217]
[ 239/217 -103/217     -1/7    65/31   53/217   65/217   57/217   29/217  -19/217  -87/217    37/31  151/217   23/217 -125/217  141/217]
[ -47/217  179/217    -7/31  137/217  303/217   15/217  141/217  247/217 -101/217    -5/31   11/217   37/217   43/217   29/217   -5/217]
[ 375/217   -19/31  207/217      3/7  -41/217  239/217   65/217  305/217    13/31 -143/217   37/217  197/217  -97/217   23/217  123/217]
[   29/31  263/217 -131/217  323/217  323/217 -131/217  263/217    29/31  123/217   23/217  -97/217  197/217   37/217 -143/217    13/31]
[ 305/217   65/217  239/217  -41/217      3/7  207/217   -19/31  375/217   -5/217   29/217   43/217   37/217   11/217    -5/31 -101/217]
[ 247/217  141/217   15/217  303/217  137/217    -7/31  179/217  -47/217  141/217 -125/217   23/217  151/217    37/31  -87/217  -19/217]
[  29/217   57/217   65/217   53/217    65/31     -1/7 -103/217  239/217  127/217   -5/217 -157/217    15/31  347/217  135/217  -97/217]
[  85/217  247/217  -45/217    11/31  179/217  261/217 -111/217  -69/217  387/217  -45/217    -9/31 -101/217  275/217  197/217   99/217]
[ -19/217  277/217    17/31  -59/217  177/217  -41/217      5/7 -103/217   53/217    27/31 -129/217  -33/217   43/217   99/217  135/217]
[ 151/217    21/31  123/217   79/217   15/217  365/217 -173/217  137/217    -1/31  263/217   79/217 -125/217   85/217  275/217   11/217]
[   23/31  291/217  -33/217   57/217  127/217  177/217  207/217        0        0        0        0        0        0        0        0]
Testing obstruction for
m1: 4, m2: 16,a: 0
[      -1 -141/217   87/217   33/217  131/217  381/217  349/217    67/31  741/217  731/217  439/217  299/217  311/217   41/217   -11/31]
[ -43/217  143/217   47/217  103/217  311/217  237/217    45/31  545/217  927/217  593/217  411/217  381/217   69/217   -13/31  -99/217]
[  45/217     -3/7  -79/217   87/217  -29/217     1/31  195/217  535/217  593/217  803/217  731/217  377/217    25/31  125/217  227/217]
[  47/217   19/217  143/217  -15/217    -3/31  125/217  423/217  439/217  607/217  927/217  531/217    41/31  195/217  255/217   33/217]
[ -37/217   45/217     -5/7   -29/31  -99/217  157/217  131/217  257/217  535/217  531/217    97/31  545/217  563/217  299/217  187/217]
[ 227/217  -15/217   -15/31  -43/217  171/217  103/217  187/217  423/217  377/217    69/31  741/217  717/217  411/217  257/217  255/217]
[ -29/217   -23/31 -141/217      1/7  -79/217  -37/217  157/217   69/217    19/31  349/217  717/217  803/217  607/217  563/217  237/217]
[    9/31   41/217  171/217   19/217   19/217  171/217   41/217     9/31  237/217  563/217  607/217  803/217  717/217  349/217    19/31]
[  69/217  157/217  -37/217  -79/217      1/7 -141/217   -23/31  -29/217  255/217  257/217  411/217  717/217  741/217    69/31  377/217]
[ 423/217  187/217  103/217  171/217  -43/217   -15/31  -15/217  227/217  187/217  299/217  563/217  545/217    97/31  531/217  535/217]
[ 257/217  131/217  157/217  -99/217   -29/31     -5/7   45/217  -37/217   33/217  255/217  195/217    41/31  531/217  927/217  607/217]
[ 439/217  423/217  125/217    -3/31  -15/217  143/217   19/217   47/217  227/217  125/217    25/31  377/217  731/217  803/217  593/217]
[ 535/217  195/217     1/31  -29/217   87/217  -79/217     -3/7   45/217  -99/217   -13/31   69/217  381/217  411/217  593/217  927/217]
[ 545/217    45/31  237/217  311/217  103/217   47/217  143/217  -43/217   -11/31   41/217  311/217  299/217  439/217  731/217  741/217]
[   67/31  349/217  381/217  131/217   33/217   87/217 -141/217        0        0        0        0        0        0        0        0]
Testing obstruction for
m1: 6, m2: 12,a: 3
[      -1 -195/217 -129/217  -19/217  135/217  333/217  575/217    61/31  323/217  263/217  247/217  275/217  347/217  463/217    89/31]
[ 393/217  207/217   65/217  -33/217  -87/217  -97/217    -9/31   15/217  137/217  303/217  513/217  333/217  197/217    15/31   57/217]
[  53/217      3/7  177/217  305/217  477/217    37/31   85/217  -45/217 -131/217 -173/217 -171/217 -125/217    -5/31   99/217  277/217]
[ 499/217  331/217  207/217  127/217    13/31   99/217  151/217  247/217  387/217  571/217  365/217    29/31   85/217   11/217  -19/217]
[  -5/217   53/217      5/7    43/31  491/217  291/217  135/217   23/217  -45/217  -69/217    -7/31   15/217  123/217  275/217  471/217]
[ 277/217  127/217     3/31  -41/217  -59/217  -33/217   37/217  151/217  309/217    73/31  323/217  179/217   79/217   23/217   11/217]
[  43/217    17/31  239/217     13/7  611/217  429/217  291/217  197/217    21/31  141/217  179/217  261/217  387/217  557/217  337/217]
[   23/31   29/217  -59/217 -103/217 -103/217  -59/217   29/217    23/31  337/217  557/217  387/217  261/217  179/217  141/217    21/31]
[ 197/217  291/217  429/217  611/217     13/7  239/217    17/31   43/217   11/217   23/217   79/217  179/217  323/217    73/31  309/217]
[ 151/217   37/217  -33/217  -59/217  -41/217     3/31  127/217  277/217  471/217  275/217  123/217   15/217    -7/31  -69/217  -45/217]
[  23/217  135/217  291/217  491/217    43/31      5/7   53/217   -5/217  -19/217   11/217   85/217    29/31  365/217  571/217  387/217]
[ 247/217  151/217   99/217    13/31  127/217  207/217  331/217  499/217  277/217   99/217    -5/31 -125/217 -171/217 -173/217 -131/217]
[ -45/217   85/217    37/31  477/217  305/217  177/217      3/7   53/217   57/217    15/31  197/217  333/217  513/217  303/217  137/217]
[  15/217    -9/31  -97/217  -87/217  -33/217   65/217  207/217  393/217    89/31  463/217  347/217  275/217  247/217  263/217  323/217]
[   61/31  575/217  333/217  135/217  -19/217 -129/217 -195/217        0        0        0        0        0        0        0        0]
Testing obstruction for
m1: 10, m2: 10,a: 6
[      -1 -179/217  -65/217  125/217  391/217  299/217  283/217    49/31  479/217  257/217  111/217   41/217   47/217  129/217    41/31]
[  87/217  -37/217  -85/217  -57/217   47/217  227/217    69/31  381/217  355/217  405/217  531/217  299/217  143/217     9/31   59/217]
[ 131/217      9/7   69/217  -65/217 -123/217   -15/31  -11/217  159/217  405/217  293/217  257/217  297/217    59/31  171/217    5/217]
[ -85/217  -99/217  -37/217  101/217    45/31  171/217  103/217  111/217  195/217  355/217  157/217     5/31  -11/217   19/217  125/217]
[ 307/217  131/217      1/7     1/31   59/217  187/217  391/217  237/217  159/217  157/217    33/31  381/217  173/217   41/217  -15/217]
[   5/217  101/217    39/31   87/217  -23/217  -57/217  -15/217  103/217  297/217    81/31  479/217  467/217  531/217  237/217   19/217]
[-123/217   -27/31 -179/217     -3/7   69/217  307/217  187/217  143/217    25/31  283/217  467/217  293/217  195/217  173/217  227/217]
[   51/31  129/217  -23/217  -99/217  -99/217  -23/217  129/217    51/31  227/217  173/217  195/217  293/217  467/217  283/217    25/31]
[ 143/217  187/217  307/217   69/217     -3/7 -179/217   -27/31 -123/217   19/217  237/217  531/217  467/217  479/217    81/31  297/217]
[ 103/217  -15/217  -57/217  -23/217   87/217    39/31  101/217    5/217  -15/217   41/217  173/217  381/217    33/31  157/217  159/217]
[ 237/217  391/217  187/217   59/217     1/31      1/7  131/217  307/217  125/217   19/217  -11/217     5/31  157/217  355/217  195/217]
[ 111/217  103/217  171/217    45/31  101/217  -37/217  -99/217  -85/217    5/217  171/217    59/31  297/217  257/217  293/217  405/217]
[ 159/217  -11/217   -15/31 -123/217  -65/217   69/217      9/7  131/217   59/217     9/31  143/217  299/217  531/217  405/217  355/217]
[ 381/217    69/31  227/217   47/217  -57/217  -85/217  -37/217   87/217    41/31  129/217   47/217   41/217  111/217  257/217  479/217]
[   49/31  283/217  299/217  391/217  125/217  -65/217 -179/217        0        0        0        0        0        0        0        0]
---------------------------
SUCCESS for name = 13a4106
---------------------------
13a4108
Correction terms
[      -1   61/129 -143/129   -75/43   73/129  -23/129     1/43 -107/129  -95/129    13/43   37/129 -101/129   -39/43  -11/129  -41/129]
[   17/43 -251/129 -173/129     9/43 -167/129   19/129   -63/43 -275/129   19/129   -27/43  -59/129 -173/129   -55/43  -35/129  -41/129]
[  -61/43 -203/129 -101/129   -45/43  -47/129  -95/129   -93/43  -83/129  -23/129   -33/43  -53/129 -143/129   -37/43      1/3 -197/129]
[  -19/43  -53/129 -185/129    21/43  -83/129 -107/129    -3/43  -47/129   37/129    -5/43 -203/129  -11/129    15/43  -35/129    7/129]
[  -29/43  -59/129   91/129   -51/43  -17/129  -17/129   -51/43   91/129  -59/129   -29/43    7/129  -35/129    15/43  -11/129 -203/129]
[   -5/43   37/129  -47/129    -3/43 -107/129  -83/129    21/43 -185/129  -53/129   -19/43 -197/129      1/3   -37/43 -143/129  -53/129]
[  -33/43  -23/129  -83/129   -93/43  -95/129  -47/129   -45/43 -101/129 -203/129   -61/43  -41/129  -35/129   -55/43 -173/129  -59/129]
[  -27/43   19/129 -275/129   -63/43   19/129 -167/129     9/43 -173/129 -251/129    17/43  -41/129  -11/129   -39/43 -101/129   37/129]
[   13/43  -95/129 -107/129     1/43  -23/129   73/129   -75/43 -143/129   61/129        0        0        0        0        0        0]
Testing obstruction for
m1: 2, m2: 22,a: 0
[     -1 -37/129 -19/129  -25/43  53/129 107/129   29/43 251/129 341/129  119/43 557/129 683/129  159/43 455/129 359/129]
[  63/43 203/129 143/129    3/43  59/129  35/129  -21/43  23/129  35/129   -9/43  95/129 143/129   39/43 275/129 359/129]
[ 123/43 563/129 683/129  157/43 443/129 341/129   55/43 173/129 107/129  -11/43  11/129 -19/129  -41/43    -1/3 -37/129]
[ -35/43  11/129  53/129    7/43 173/129 251/129   85/43 443/129 557/129  199/43 563/129 455/129   91/43 275/129 203/129]
[  19/43  95/129  59/129  -17/43  23/129  23/129  -17/43  59/129  95/129   19/43 203/129 275/129   91/43 455/129 563/129]
[ 199/43 557/129 443/129   85/43 251/129 173/129    7/43  53/129  11/129  -35/43 -37/129    -1/3  -41/43 -19/129  11/129]
[ -11/43 107/129 173/129   55/43 341/129 443/129  157/43 683/129 563/129  123/43 359/129 275/129   39/43 143/129  95/129]
[  -9/43  35/129  23/129  -21/43  35/129  59/129    3/43 143/129 203/129   63/43 359/129 455/129  159/43 683/129 557/129]
[ 119/43 341/129 251/129   29/43 107/129  53/129  -25/43 -19/129 -37/129       0       0       0       0       0       0]
Testing obstruction for
m1: 4, m2: 10,a: 1
[      -1 -115/129  -73/129    -1/43   95/129  221/129    39/43   41/129   -7/129    -9/43  -19/129   17/129    27/43  173/129  293/129]
[   61/43  101/129   47/129     7/43   23/129   53/129    37/43  197/129  311/129    65/43  107/129   47/129     5/43   11/129   35/129]
[   29/43  167/129  275/129    51/43   59/129   -7/129   -15/43  -55/129  -37/129     3/43   83/129  185/129   105/43      5/3  143/129]
[   33/43   83/129   95/129    45/43  203/129  299/129    55/43   59/129  -19/129   -23/43  -91/129  -85/129   -17/43   11/129  101/129]
[   73/43  107/129   23/129   -11/43  -61/129  -61/129   -11/43   23/129  107/129    73/43  101/129   11/129   -17/43  -85/129  -91/129]
[  -23/43  -19/129   59/129    55/43  299/129  203/129    45/43   95/129   83/129    33/43  143/129      5/3   105/43  185/129   83/129]
[    3/43  -37/129  -55/129   -15/43   -7/129   59/129    51/43  275/129  167/129    29/43   35/129   11/129     5/43   47/129  107/129]
[   65/43  311/129  197/129    37/43   53/129   23/129     7/43   47/129  101/129    61/43  293/129  173/129    27/43   17/129  -19/129]
[   -9/43   -7/129   41/129    39/43  221/129   95/129    -1/43  -73/129 -115/129        0        0        0        0        0        0]
Testing obstruction for
m1: 6, m2: 8,a: 3
[      -1 -107/129  -41/129    23/43  223/129  163/129    49/43  175/129  247/129    35/43    7/129  -47/129   -19/43  -23/129   55/129]
[   59/43   85/129   37/129    11/43   73/129  157/129     9/43  -59/129 -101/129   -33/43  -53/129   37/129    57/43   91/129   55/129]
[   21/43  115/129  211/129    31/43   19/129  -11/129     1/43   61/129  163/129    17/43  -17/129  -41/129    -7/43      1/3  151/129]
[   15/43  -17/129  -35/129    -3/43   61/129  175/129    25/43   19/129    7/129    13/43  115/129  235/129    47/43   91/129   85/129]
[   41/43  205/129   73/129    -5/43  -59/129  -59/129    -5/43   73/129  205/129    41/43   85/129   91/129    47/43  235/129  115/129]
[   13/43    7/129   19/129    25/43  175/129   61/129    -3/43  -35/129  -17/129    15/43  151/129      1/3    -7/43  -41/129  -17/129]
[   17/43  163/129   61/129     1/43  -11/129   19/129    31/43  211/129  115/129    21/43   55/129   91/129    57/43   37/129  -53/129]
[  -33/43 -101/129  -59/129     9/43  157/129   73/129    11/43   37/129   85/129    59/43   55/129  -23/129   -19/43  -47/129    7/129]
[   35/43  247/129  175/129    49/43  163/129  223/129    23/43  -41/129 -107/129        0        0        0        0        0        0]
Unobstructed
7
---------------------------
---------------------------
13a4113
Correction terms
[      -1 -271/337  -73/337  257/337   45/337  -35/337   17/337  201/337 -157/337  291/337  197/337  235/337 -269/337   33/337 -207/337]
[ 359/337  383/337 -135/337  153/337 -101/337 -223/337 -213/337  -71/337  203/337  -65/337 -201/337 -205/337  -77/337  183/337  -99/337]
[ 425/337  407/337 -153/337   93/337 -203/337  307/337  275/337 -299/337  -67/337 -377/337  119/337   73/337  159/337  377/337   53/337]
[-139/337 -199/337 -127/337   77/337 -261/337  207/337  133/337  191/337  381/337   29/337  483/337  395/337 -235/337  -59/337 -425/337]
[  15/337  -87/337  -57/337  105/337 -275/337  151/337   35/337   51/337  199/337 -195/337  217/337   87/337   89/337  223/337 -185/337]
[ 213/337   69/337   57/337  177/337 -245/337  139/337  -19/337  -45/337   61/337 -375/337   -5/337 -177/337 -217/337 -125/337   99/337]
[ 455/337  269/337  215/337  293/337 -171/337  171/337  -29/337  -97/337  -33/337  163/337 -183/337  277/337  195/337  245/337 -247/337]
[  67/337 -161/337 -257/337 -221/337  -53/337  247/337    5/337 -105/337  -83/337   71/337  357/337  101/337  -23/337  -15/337  125/337]
[-277/337  127/337  -11/337  -17/337  109/337 -307/337   83/337  -69/337  -89/337   23/337  267/337  -31/337 -197/337 -231/337 -133/337]
[  97/337  459/337  279/337  231/337  315/337 -143/337  205/337   11/337  -51/337   19/337 -453/337 -119/337 -327/337  271/337  327/337]
[-159/337  161/337  -61/337 -151/337 -109/337   65/337  371/337  135/337   31/337   59/337  219/337  511/337  261/337  143/337  157/337]
[-371/337  -93/337 -357/337  185/337  185/337 -357/337  -93/337 -371/337  157/337  143/337  261/337  511/337  219/337   59/337   31/337]
[ 135/337  371/337   65/337 -109/337 -151/337  -61/337  161/337 -159/337  327/337  271/337 -327/337 -119/337 -453/337   19/337  -51/337]
[  11/337  205/337 -143/337  315/337  231/337  279/337  459/337   97/337 -133/337 -231/337 -197/337  -31/337  267/337   23/337  -89/337]
[ -69/337   83/337 -307/337  109/337  -17/337  -11/337  127/337 -277/337  125/337  -15/337  -23/337  101/337  357/337   71/337  -83/337]
[-105/337    5/337  247/337  -53/337 -221/337 -257/337 -161/337   67/337 -247/337  245/337  195/337  277/337 -183/337  163/337  -33/337]
[ -97/337  -29/337  171/337 -171/337  293/337  215/337  269/337  455/337   99/337 -125/337 -217/337 -177/337   -5/337 -375/337   61/337]
[ -45/337  -19/337  139/337 -245/337  177/337   57/337   69/337  213/337 -185/337  223/337   89/337   87/337  217/337 -195/337  199/337]
[  51/337   35/337  151/337 -275/337  105/337  -57/337  -87/337   15/337 -425/337  -59/337 -235/337  395/337  483/337   29/337  381/337]
[ 191/337  133/337  207/337 -261/337   77/337 -127/337 -199/337 -139/337   53/337  377/337  159/337   73/337  119/337 -377/337  -67/337]
[-299/337  275/337  307/337 -203/337   93/337 -153/337  407/337  425/337  -99/337  183/337  -77/337 -205/337 -201/337  -65/337  203/337]
[ -71/337 -213/337 -223/337 -101/337  153/337 -135/337  383/337  359/337 -207/337   33/337 -269/337  235/337  197/337  291/337 -157/337]
[ 201/337   17/337  -35/337   45/337  257/337  -73/337 -271/337        0        0        0        0        0        0        0        0]
Testing obstruction for
m1: 6, m2: 16,a: 1
[      -1 -315/337 -249/337 -139/337   15/337  213/337  455/337  741/337 1071/337  771/337  515/337  303/337  135/337   11/337  -69/337]
[-105/337  -97/337  -45/337   51/337  191/337  375/337  603/337  875/337 1191/337  877/337  607/337  381/337  199/337   61/337  -33/337]
[ -83/337  -89/337  -51/337   31/337  157/337  327/337  541/337  799/337 1101/337 1447/337 1163/337  923/337  727/337  575/337  467/337]
[ 403/337  383/337  407/337  475/337  587/337  743/337  943/337 1187/337 1475/337 1133/337  835/337  581/337  371/337  205/337   83/337]
[   5/337  -29/337  -19/337   35/337  133/337  275/337  461/337  691/337  965/337 1283/337  971/337  703/337  479/337  299/337  163/337]
[  71/337   23/337   19/337   59/337  143/337  271/337  443/337  659/337  919/337 1223/337  897/337  615/337  377/337  183/337   33/337]
[ -73/337 -135/337 -153/337 -127/337  -57/337   57/337  215/337  417/337  663/337  953/337 1287/337  991/337  739/337  531/337  367/337]
[ 247/337  171/337  139/337  151/337  207/337  307/337  451/337  639/337  871/337 1147/337 1467/337 1157/337  891/337  669/337  491/337]
[ 357/337  267/337  221/337  219/337  261/337  347/337  477/337  651/337  869/337 1131/337 1437/337 1113/337  833/337  597/337  405/337]
[ 257/337  153/337   93/337   77/337  105/337  177/337  293/337  453/337  657/337  905/337 1197/337  859/337  565/337  315/337  109/337]
[ -53/337 -171/337 -245/337 -275/337 -261/337 -203/337 -101/337   45/337  235/337  469/337  747/337 1069/337  761/337  497/337  277/337]
[ 101/337  -31/337 -119/337 -163/337 -163/337 -119/337  -31/337  101/337  277/337  497/337  761/337 1069/337  747/337  469/337  235/337]
[  45/337 -101/337 -203/337 -261/337 -275/337 -245/337 -171/337  -53/337  109/337  315/337  565/337  859/337 1197/337  905/337  657/337]
[ 453/337  293/337  177/337  105/337   77/337   93/337  153/337  257/337  405/337  597/337  833/337 1113/337 1437/337 1131/337  869/337]
[ 651/337  477/337  347/337  261/337  219/337  221/337  267/337  357/337  491/337  669/337  891/337 1157/337 1467/337 1147/337  871/337]
[ 639/337  451/337  307/337  207/337  151/337  139/337  171/337  247/337  367/337  531/337  739/337  991/337 1287/337  953/337  663/337]
[ 417/337  215/337   57/337  -57/337 -127/337 -153/337 -135/337  -73/337   33/337  183/337  377/337  615/337  897/337 1223/337  919/337]
[ 659/337  443/337  271/337  143/337   59/337   19/337   23/337   71/337  163/337  299/337  479/337  703/337  971/337 1283/337  965/337]
[ 691/337  461/337  275/337  133/337   35/337  -19/337  -29/337    5/337   83/337  205/337  371/337  581/337  835/337 1133/337 1475/337]
[1187/337  943/337  743/337  587/337  475/337  407/337  383/337  403/337  467/337  575/337  727/337  923/337 1163/337 1447/337 1101/337]
[ 799/337  541/337  327/337  157/337   31/337  -51/337  -89/337  -83/337  -33/337   61/337  199/337  381/337  607/337  877/337 1191/337]
[ 875/337  603/337  375/337  191/337   51/337  -45/337  -97/337 -105/337  -69/337   11/337  135/337  303/337  515/337  771/337 1071/337]
[ 741/337  455/337  213/337   15/337 -139/337 -249/337 -315/337        0        0        0        0        0        0        0        0]
Testing obstruction for
m1: 10, m2: 12,a: 5
[      -1 -299/337 -185/337    5/337  271/337  613/337 1031/337  851/337  747/337  719/337  767/337  891/337 1091/337  693/337  371/337]
[ 125/337  -45/337 -139/337 -157/337  -99/337   35/337  245/337  531/337  893/337  657/337  497/337  413/337  405/337  473/337  617/337]
[ 837/337  459/337  157/337  -69/337 -219/337 -293/337 -291/337 -213/337  -59/337  171/337  477/337  859/337  643/337  503/337  439/337]
[ 451/337  539/337  703/337  943/337  585/337  303/337   97/337  -33/337  -87/337  -65/337   33/337  207/337  457/337  783/337  511/337]
[ 315/337  195/337  151/337  183/337  291/337  475/337  735/337  397/337  135/337  -51/337 -161/337 -195/337 -153/337  -35/337  159/337]
[ 429/337  775/337  523/337  347/337  247/337  223/337  275/337  403/337  607/337  887/337  569/337  327/337  161/337   71/337   57/337]
[ 119/337  257/337  471/337  761/337  453/337  221/337   65/337  -15/337  -19/337   53/337  201/337  425/337  725/337  427/337  205/337]
[  59/337  -11/337   -5/337   77/337  235/337  469/337  779/337  491/337  279/337  143/337   83/337   99/337  191/337  359/337  603/337]
[ 923/337  645/337  443/337  317/337  267/337  293/337  395/337  573/337  827/337  483/337  215/337   23/337  -93/337 -133/337  -97/337]
[  15/337  203/337  467/337  807/337  549/337  367/337  261/337  231/337  277/337  399/337  597/337  871/337  547/337  299/337  127/337]
[  31/337   11/337   67/337  199/337  407/337  691/337 1051/337  813/337  651/337  565/337  555/337  621/337  763/337  981/337  601/337]
[ 297/337   69/337  -83/337 -159/337 -159/337  -83/337   69/337  297/337  601/337  981/337  763/337  621/337  555/337  565/337  651/337]
[ 813/337 1051/337  691/337  407/337  199/337   67/337   11/337   31/337  127/337  299/337  547/337  871/337  597/337  399/337  277/337]
[ 231/337  261/337  367/337  549/337  807/337  467/337  203/337   15/337  -97/337 -133/337  -93/337   23/337  215/337  483/337  827/337]
[ 573/337  395/337  293/337  267/337  317/337  443/337  645/337  923/337  603/337  359/337  191/337   99/337   83/337  143/337  279/337]
[ 491/337  779/337  469/337  235/337   77/337   -5/337  -11/337   59/337  205/337  427/337  725/337  425/337  201/337   53/337  -19/337]
[ -15/337   65/337  221/337  453/337  761/337  471/337  257/337  119/337   57/337   71/337  161/337  327/337  569/337  887/337  607/337]
[ 403/337  275/337  223/337  247/337  347/337  523/337  775/337  429/337  159/337  -35/337 -153/337 -195/337 -161/337  -51/337  135/337]
[ 397/337  735/337  475/337  291/337  183/337  151/337  195/337  315/337  511/337  783/337  457/337  207/337   33/337  -65/337  -87/337]
[ -33/337   97/337  303/337  585/337  943/337  703/337  539/337  451/337  439/337  503/337  643/337  859/337  477/337  171/337  -59/337]
[-213/337 -291/337 -293/337 -219/337  -69/337  157/337  459/337  837/337  617/337  473/337  405/337  413/337  497/337  657/337  893/337]
[ 531/337  245/337   35/337  -99/337 -157/337 -139/337  -45/337  125/337  371/337  693/337 1091/337  891/337  767/337  719/337  747/337]
[ 851/337 1031/337  613/337  271/337    5/337 -185/337 -299/337        0        0        0        0        0        0        0        0]
[-299/337, -185/337, 5/337, 271/337, 613/337, 1031/337, 851/337, 747/337, 719/337, 767/337, 891/337, 1091/337, 693/337, 371/337, 125/337, -45/337, -139/337, -157/337, -99/337, 35/337, 245/337, 531/337, 893/337, 657/337, 497/337, 413/337, 405/337, 473/337, 617/337, 837/337, 459/337, 157/337, -69/337, -219/337]
37 [-299/337, -185/337, 5/337, 271/337, -61/337, 357/337, 177/337, 73/337, 45/337, 93/337, 217/337, -257/337, 19/337, 371/337, 125/337, -45/337, -139/337, -157/337, -99/337, 35/337, 245/337, -143/337, 219/337, -17/337, -177/337, -261/337, -269/337, -201/337, -57/337, 163/337, 459/337, 157/337, -69/337, 455/337]
---------------------------
SUCCESS for name = 13a4113
---------------------------
13a4114
Correction terms
[      -1  125/181  -43/181   39/181    9/181 -133/181  -25/181  -29/181 -145/181  -11/181   11/181  -79/181   81/181 -233/181   65/181]
[-111/181  -37/181  -75/181 -225/181 -125/181 -137/181 -261/181 -135/181 -121/181 -219/181  -67/181  -27/181  -99/181   79/181 -217/181]
[  99/181  -59/181   33/181   13/181 -119/181   -1/181    5/181 -101/181   43/181   75/181   -5/181  165/181 -139/181  169/181    3/181]
[  87/181   59/181  -81/181   29/181   27/181  -87/181   49/181 -289/181  -15/181 -215/181 -165/181 -227/181  -39/181 -325/181    1/181]
[-147/181  -45/181  -55/181 -177/181  -49/181  -33/181 -129/181   25/181   67/181   -3/181  177/181 -117/181  201/181   45/181  139/181]
[ 121/181   -9/181  111/181  119/181   15/181  161/181 -167/181  117/181  -73/181  -13/181  -65/181 -229/181 -143/181 -169/181 -307/181]
[-195/181 -195/181 -307/181 -169/181 -143/181 -229/181  -65/181  -13/181  -73/181  117/181 -167/181  161/181   15/181  119/181  111/181]
[  -9/181  121/181  139/181   45/181  201/181 -117/181  177/181   -3/181   67/181   25/181 -129/181  -33/181  -49/181 -177/181  -55/181]
[ -45/181 -147/181    1/181 -325/181  -39/181 -227/181 -165/181 -215/181  -15/181 -289/181   49/181  -87/181   27/181   29/181  -81/181]
[  59/181   87/181    3/181  169/181 -139/181  165/181   -5/181   75/181   43/181 -101/181    5/181   -1/181 -119/181   13/181   33/181]
[ -59/181   99/181 -217/181   79/181  -99/181  -27/181  -67/181 -219/181 -121/181 -135/181 -261/181 -137/181 -125/181 -225/181  -75/181]
[ -37/181 -111/181   65/181 -233/181   81/181  -79/181   11/181  -11/181 -145/181  -29/181  -25/181 -133/181    9/181   39/181  -43/181]
[ 125/181        0        0        0        0        0        0        0        0        0        0        0        0        0        0]
Testing obstruction for
m1: 4, m2: 16,a: 3
[      -1 -167/181 -125/181  -55/181   43/181  169/181  323/181  505/181  353/181  229/181  133/181   65/181   25/181   13/181   29/181]
[  73/181  145/181  245/181  373/181  529/181  351/181  201/181   79/181  -15/181  -81/181 -119/181 -129/181 -111/181  -65/181    9/181]
[ 111/181  241/181  399/181  585/181  437/181  317/181  225/181  161/181  125/181  117/181  137/181  185/181  261/181  365/181  497/181]
[ 657/181  483/181  337/181  219/181  129/181   67/181   33/181   27/181   49/181   99/181  177/181  283/181  417/181  579/181  407/181]
[ 263/181  147/181   59/181   -1/181  -33/181  -37/181  -13/181   39/181  119/181  227/181  363/181  527/181  357/181  215/181  101/181]
[  15/181  -43/181  -73/181  -75/181  -49/181    5/181   87/181  197/181  335/181  501/181  333/181  193/181   81/181   -3/181  -59/181]
[ -87/181  -87/181  -59/181   -3/181   81/181  193/181  333/181  501/181  335/181  197/181   87/181    5/181  -49/181  -75/181  -73/181]
[ -43/181   15/181  101/181  215/181  357/181  527/181  363/181  227/181  119/181   39/181  -13/181  -37/181  -33/181   -1/181   59/181]
[ 147/181  263/181  407/181  579/181  417/181  283/181  177/181   99/181   49/181   27/181   33/181   67/181  129/181  219/181  337/181]
[ 483/181  657/181  497/181  365/181  261/181  185/181  137/181  117/181  125/181  161/181  225/181  317/181  437/181  585/181  399/181]
[ 241/181  111/181    9/181  -65/181 -111/181 -129/181 -119/181  -81/181  -15/181   79/181  201/181  351/181  529/181  373/181  245/181]
[ 145/181   73/181   29/181   13/181   25/181   65/181  133/181  229/181  353/181  505/181  323/181  169/181   43/181  -55/181 -125/181]
[-167/181        0        0        0        0        0        0        0        0        0        0        0        0        0        0]
Unobstructed
81
---------------------------
---------------------------
